Solver command line: ['/opt/homebrew/bin/ipopt', '/var/folders/6y/bvynbx6n3zv7z3lwg6vd724r0000gn/T/tmp64cwx_qt.pyomo.nl', '-AMPL', 'tol=1e-06', 'max_iter=300', 'print_level=5', 'warm_start_init_point=yes', 'warm_start_bound_push=1e-06', 'warm_start_bound_frac=1e-06', 'warm_start_mult_bound_push=1e-06', 'mu_init=1e-06', 'least_square_init_duals=no']

Ipopt 3.14.19: tol=1e-06
max_iter=300
print_level=5
warm_start_init_point=yes
warm_start_bound_push=1e-06
warm_start_bound_frac=1e-06
warm_start_mult_bound_push=1e-06
mu_init=1e-06
least_square_init_duals=no


******************************************************************************
This program contains Ipopt, a library for large-scale nonlinear optimization.
 Ipopt is released as open source code under the Eclipse Public License (EPL).
         For more information visit https://github.com/coin-or/Ipopt
******************************************************************************

This is Ipopt version 3.14.19, running with linear solver MUMPS 5.6.2.

Number of nonzeros in equality constraint Jacobian...:      224
Number of nonzeros in inequality constraint Jacobian.:      160
Number of nonzeros in Lagrangian Hessian.............:      122

Total number of variables............................:       35
                     variables with only lower bounds:        0
                variables with lower and upper bounds:       35
                     variables with only upper bounds:        0
Total number of equality constraints.................:       29
Total number of inequality constraints...............:       40
        inequality constraints with only lower bounds:        0
   inequality constraints with lower and upper bounds:        0
        inequality constraints with only upper bounds:       40

iter    objective    inf_pr   inf_du lg(mu)  ||d||  lg(rg) alpha_du alpha_pr  ls
   0  2.0330117e+03 1.05e+00 6.36e+01  -6.0 0.00e+00    -  0.00e+00 0.00e+00   0
   1  2.0208635e+03 1.05e+00 6.35e+01  -6.0 1.43e+02    -  6.98e-03 1.97e-04f  1
   2  1.6003949e+03 1.04e+00 6.30e+01  -6.0 1.43e+02    -  1.62e-02 6.87e-03f  1
   3  1.6031255e+03 1.04e+00 2.84e+01  -6.0 1.08e+00    -  5.46e-01 4.74e-03h  1
   4  2.0516908e+03 2.26e-01 1.34e+01  -6.0 1.07e+00    -  5.31e-01 7.82e-01h  1
   5  2.1128640e+03 1.16e-01 7.95e+00  -6.0 1.66e-01    -  4.08e-01 4.84e-01h  1
   6  2.1780625e+03 6.53e-05 3.71e-01  -6.0 9.11e-02    -  9.54e-01 1.00e+00h  1
   7  2.1780777e+03 1.41e-05 7.53e-03  -6.0 1.04e-02    -  9.80e-01 1.00e+00h  1
   8  2.1780801e+03 1.67e-06 4.93e-05  -6.0 3.60e-03    -  1.00e+00 1.00e+00h  1
   9  2.1780805e+03 5.38e-08 1.65e-06  -6.0 6.45e-04    -  1.00e+00 1.00e+00h  1
iter    objective    inf_pr   inf_du lg(mu)  ||d||  lg(rg) alpha_du alpha_pr  ls
  10  2.1780804e+03 2.27e-10 7.26e-09  -7.0 3.98e-05    -  1.00e+00 1.00e+00h  1

Number of Iterations....: 10

                                   (scaled)                 (unscaled)
Objective...............:   9.3602397242509397e+01    2.1780804210201891e+03
Dual infeasibility......:   7.2589898536534747e-09    1.6891302084565042e-07
Constraint violation....:   2.2711485470061632e-10    2.2711485470061632e-10
Variable bound violation:   8.5708514996523113e-09    8.5708514996523113e-09
Complementarity.........:   9.6559876748651473e-08    2.2468994726434852e-06
Overall NLP error.......:   9.6559876748651473e-08    2.2468994726434852e-06


Number of objective function evaluations             = 11
Number of objective gradient evaluations             = 11
Number of equality constraint evaluations            = 11
Number of inequality constraint evaluations          = 12
Number of equality constraint Jacobian evaluations   = 11
Number of inequality constraint Jacobian evaluations = 11
Number of Lagrangian Hessian evaluations             = 10
Total seconds in IPOPT                               = 0.004

EXIT: Optimal Solution Found.

