Solver command line: ['/opt/homebrew/bin/ipopt', '/var/folders/6y/bvynbx6n3zv7z3lwg6vd724r0000gn/T/tmpn92w31y0.pyomo.nl', '-AMPL', 'tol=1e-06', 'max_iter=300', 'print_level=5', 'warm_start_init_point=yes', 'warm_start_bound_push=1e-06', 'warm_start_bound_frac=1e-06', 'warm_start_mult_bound_push=1e-06', 'mu_init=1e-06', 'least_square_init_duals=no']

Ipopt 3.14.19: tol=1e-06
max_iter=300
print_level=5
warm_start_init_point=yes
warm_start_bound_push=1e-06
warm_start_bound_frac=1e-06
warm_start_mult_bound_push=1e-06
mu_init=1e-06
least_square_init_duals=no


******************************************************************************
This program contains Ipopt, a library for large-scale nonlinear optimization.
 Ipopt is released as open source code under the Eclipse Public License (EPL).
         For more information visit https://github.com/coin-or/Ipopt
******************************************************************************

This is Ipopt version 3.14.19, running with linear solver MUMPS 5.6.2.

Number of nonzeros in equality constraint Jacobian...:      224
Number of nonzeros in inequality constraint Jacobian.:      160
Number of nonzeros in Lagrangian Hessian.............:      122

Total number of variables............................:       35
                     variables with only lower bounds:        0
                variables with lower and upper bounds:       35
                     variables with only upper bounds:        0
Total number of equality constraints.................:       29
Total number of inequality constraints...............:       40
        inequality constraints with only lower bounds:        0
   inequality constraints with lower and upper bounds:        0
        inequality constraints with only upper bounds:       40

iter    objective    inf_pr   inf_du lg(mu)  ||d||  lg(rg) alpha_du alpha_pr  ls
   0  2.1780818e+03 6.52e-01 2.20e+01  -6.0 0.00e+00    -  0.00e+00 0.00e+00   0
   1  2.1668506e+03 5.61e-01 1.91e+01  -6.0 4.66e-01    -  1.00e+00 1.29e-01h  1
   2  2.1666800e+03 5.59e-01 1.90e+01  -6.0 8.95e-01    -  8.30e-02 3.06e-03h  1
   3  2.1651036e+03 5.30e-01 1.80e+01  -6.0 6.06e-01    -  2.33e-01 5.18e-02h  1
   4  2.1658402e+03 4.51e-01 1.66e+01  -6.0 6.55e-01    -  2.04e-02 1.49e-01h  1
   5  2.1658983e+03 4.41e-01 1.40e+01  -6.0 4.99e-01    -  2.70e-01 2.16e-02h  1
   6  2.1673213e+03 3.28e-01 9.40e+00  -6.0 5.06e-01    -  3.92e-01 2.55e-01h  1
   7  2.1724011e+03 8.79e-02 1.73e+00  -6.0 4.44e-01    -  9.09e-01 7.31e-01h  1
   8  2.1740678e+03 6.12e-02 1.27e+00  -6.0 1.99e-01    -  3.69e-01 3.04e-01h  1
   9  2.1779107e+03 2.96e-04 5.12e-03  -6.0 1.36e-01    -  1.00e+00 1.00e+00h  1
iter    objective    inf_pr   inf_du lg(mu)  ||d||  lg(rg) alpha_du alpha_pr  ls
  10  2.1780429e+03 5.88e-05 3.11e-02  -6.0 9.87e-03    -  1.00e+00 8.01e-01h  1
  11  2.1780793e+03 5.36e-06 1.64e-04  -6.0 6.47e-03    -  1.00e+00 1.00e+00h  1
  12  2.1780805e+03 2.04e-07 6.42e-06  -6.0 1.26e-03    -  1.00e+00 1.00e+00h  1
  13  2.1780804e+03 1.36e-09 4.37e-08  -7.0 1.00e-04    -  1.00e+00 1.00e+00h  1

Number of Iterations....: 13

                                   (scaled)                 (unscaled)
Objective...............:   9.3602397228673993e+01    2.1780804206982461e+03
Dual infeasibility......:   4.3710057795465218e-08    1.0171109276112312e-06
Constraint violation....:   1.3622915295830040e-09    1.3622915295830040e-09
Variable bound violation:   8.5708450407466387e-09    8.5708450407466387e-09
Complementarity.........:   1.2186298852529738e-07    2.8356900803114763e-06
Overall NLP error.......:   1.2186298852529738e-07    2.8356900803114763e-06


Number of objective function evaluations             = 14
Number of objective gradient evaluations             = 14
Number of equality constraint evaluations            = 14
Number of inequality constraint evaluations          = 15
Number of equality constraint Jacobian evaluations   = 14
Number of inequality constraint Jacobian evaluations = 14
Number of Lagrangian Hessian evaluations             = 13
Total seconds in IPOPT                               = 0.005

EXIT: Optimal Solution Found.

