Solver command line: ['/opt/homebrew/bin/ipopt', '/var/folders/6y/bvynbx6n3zv7z3lwg6vd724r0000gn/T/tmp8a28c7__.pyomo.nl', '-AMPL', 'tol=1e-06', 'max_iter=300', 'print_level=5', 'warm_start_init_point=yes', 'warm_start_bound_push=1e-06', 'warm_start_bound_frac=1e-06', 'warm_start_mult_bound_push=1e-06', 'mu_init=1e-06', 'least_square_init_duals=no']

Ipopt 3.14.19: tol=1e-06
max_iter=300
print_level=5
warm_start_init_point=yes
warm_start_bound_push=1e-06
warm_start_bound_frac=1e-06
warm_start_mult_bound_push=1e-06
mu_init=1e-06
least_square_init_duals=no


******************************************************************************
This program contains Ipopt, a library for large-scale nonlinear optimization.
 Ipopt is released as open source code under the Eclipse Public License (EPL).
         For more information visit https://github.com/coin-or/Ipopt
******************************************************************************

This is Ipopt version 3.14.19, running with linear solver MUMPS 5.6.2.

Number of nonzeros in equality constraint Jacobian...:      224
Number of nonzeros in inequality constraint Jacobian.:      160
Number of nonzeros in Lagrangian Hessian.............:      122

Total number of variables............................:       35
                     variables with only lower bounds:        0
                variables with lower and upper bounds:       35
                     variables with only upper bounds:        0
Total number of equality constraints.................:       29
Total number of inequality constraints...............:       40
        inequality constraints with only lower bounds:        0
   inequality constraints with lower and upper bounds:        0
        inequality constraints with only upper bounds:       40

iter    objective    inf_pr   inf_du lg(mu)  ||d||  lg(rg) alpha_du alpha_pr  ls
   0  2.0330117e+03 1.70e+00 1.00e+02  -6.0 0.00e+00    -  0.00e+00 0.00e+00   0
   1  1.5802302e+03 1.70e+00 1.00e+02  -6.0 8.28e+06    -  3.56e-08 3.56e-08f  1
   2  1.5802297e+03 1.70e+00 1.00e+02  -6.0 2.12e+02    -  2.80e-04 3.21e-08h  1
   3  1.5802316e+03 1.70e+00 1.00e+02  -6.0 2.06e+02    -  3.21e-04 3.56e-05h  4
   4  1.5804092e+03 1.70e+00 9.99e+01  -6.0 9.14e+01    -  1.34e-03 5.82e-04h  1
   5  1.5807852e+03 1.70e+00 9.98e+01  -6.0 2.19e+01    -  2.31e-04 8.56e-04h  1
   6  1.5818649e+03 1.69e+00 9.81e+01  -6.0 3.77e+00    -  2.44e-02 2.24e-03h  1
   7  1.5866062e+03 1.68e+00 9.75e+01  -6.0 8.83e-01    -  4.54e-03 9.81e-03h  1
   8  1.5903965e+03 1.66e+00 9.59e+01  -6.0 8.88e-01    -  2.05e-02 7.89e-03h  1
   9  1.6000021e+03 1.63e+00 9.47e+01  -6.0 9.31e-01    -  8.70e-03 2.01e-02h  1
iter    objective    inf_pr   inf_du lg(mu)  ||d||  lg(rg) alpha_du alpha_pr  ls
  10  1.6029883e+03 1.62e+00 9.32e+01  -6.0 9.98e-01    -  2.20e-02 6.32e-03h  1
  11  1.6138693e+03 1.58e+00 9.17e+01  -6.0 1.02e+00    -  1.16e-02 2.31e-02h  1
  12  1.7095341e+03 1.30e+00 6.73e+01  -6.0 1.11e+00    -  3.16e-01 1.74e-01H  1
  13  1.7315579e+03 1.23e+00 6.36e+01  -6.0 1.30e+00    -  5.44e-02 5.51e-02h  1
  14  1.7842785e+03 1.06e+00 5.08e+01  -6.0 1.40e+00    -  2.45e-01 1.37e-01h  1
  15  1.8311795e+03 9.18e-01 3.97e+01  -6.0 1.58e+00    -  2.84e-01 1.35e-01h  1
  16  1.8889595e+03 7.47e-01 2.20e+01  -6.0 1.64e+00    -  6.98e-01 1.86e-01h  1
  17  2.1106086e+03 1.27e-01 6.98e+00  -6.0 1.64e+00    -  1.00e+00 8.39e-01h  1
  18  2.1394215e+03 7.16e-02 4.02e+00  -6.0 8.79e-01    -  1.00e+00 4.34e-01h  1
  19  2.1485303e+03 5.45e-02 3.07e+00  -6.0 5.16e-01    -  7.70e-01 2.38e-01h  1
iter    objective    inf_pr   inf_du lg(mu)  ||d||  lg(rg) alpha_du alpha_pr  ls
  20  2.1778619e+03 2.56e-04 8.10e-02  -6.0 3.95e-01    -  1.00e+00 1.00e+00h  1
  21  2.1780805e+03 7.57e-09 3.50e-06  -6.0 4.77e-03    -  1.00e+00 1.00e+00h  1
  22  2.1780804e+03 2.84e-11 8.02e-10  -7.0 1.86e-05    -  1.00e+00 1.00e+00h  1

Number of Iterations....: 22

                                   (scaled)                 (unscaled)
Objective...............:   9.3602397245435910e+01    2.1780804210882875e+03
Dual infeasibility......:   8.0175675054686619e-10    1.8656473896309801e-08
Constraint violation....:   2.8440555466247019e-11    2.8440555466247019e-11
Variable bound violation:   8.5708542927201250e-09    8.5708542927201250e-09
Complementarity.........:   9.1772186041269625e-08    2.1354923324542073e-06
Overall NLP error.......:   9.1772186041269625e-08    2.1354923324542073e-06


Number of objective function evaluations             = 28
Number of objective gradient evaluations             = 23
Number of equality constraint evaluations            = 28
Number of inequality constraint evaluations          = 28
Number of equality constraint Jacobian evaluations   = 23
Number of inequality constraint Jacobian evaluations = 23
Number of Lagrangian Hessian evaluations             = 22
Total seconds in IPOPT                               = 0.008

EXIT: Optimal Solution Found.

