Solver command line: ['/opt/homebrew/bin/ipopt', '/var/folders/6y/bvynbx6n3zv7z3lwg6vd724r0000gn/T/tmpvay29w5i.pyomo.nl', '-AMPL', 'tol=1e-06', 'max_iter=300', 'print_level=5', 'warm_start_init_point=yes', 'warm_start_bound_push=1e-06', 'warm_start_bound_frac=1e-06', 'warm_start_mult_bound_push=1e-06', 'mu_init=1e-06', 'least_square_init_duals=no']

Ipopt 3.14.19: tol=1e-06
max_iter=300
print_level=5
warm_start_init_point=yes
warm_start_bound_push=1e-06
warm_start_bound_frac=1e-06
warm_start_mult_bound_push=1e-06
mu_init=1e-06
least_square_init_duals=no


******************************************************************************
This program contains Ipopt, a library for large-scale nonlinear optimization.
 Ipopt is released as open source code under the Eclipse Public License (EPL).
         For more information visit https://github.com/coin-or/Ipopt
******************************************************************************

This is Ipopt version 3.14.19, running with linear solver MUMPS 5.6.2.

Number of nonzeros in equality constraint Jacobian...:      224
Number of nonzeros in inequality constraint Jacobian.:      160
Number of nonzeros in Lagrangian Hessian.............:      122

Total number of variables............................:       35
                     variables with only lower bounds:        0
                variables with lower and upper bounds:       35
                     variables with only upper bounds:        0
Total number of equality constraints.................:       29
Total number of inequality constraints...............:       40
        inequality constraints with only lower bounds:        0
   inequality constraints with lower and upper bounds:        0
        inequality constraints with only upper bounds:       40

iter    objective    inf_pr   inf_du lg(mu)  ||d||  lg(rg) alpha_du alpha_pr  ls
   0  2.1780818e+03 2.75e+00 3.64e+01  -6.0 0.00e+00    -  0.00e+00 0.00e+00   0
   1  2.0528147e+03 1.91e-01 4.82e+01  -6.0 3.09e-01    -  1.00e+00 9.90e-01f  1
   2  2.0608710e+03 1.70e-01 1.70e+02  -6.0 3.40e+00   2.0 3.04e-02 1.09e-01h  1
   3  2.1279347e+03 8.72e-02 6.07e+01  -6.0 3.29e+00    -  1.82e-02 4.87e-01h  1
   4  2.1234429e+03 8.63e-02 8.00e+01  -6.0 2.58e+00    -  4.46e-01 1.06e-02f  1
   5  2.1241359e+03 8.48e-02 1.17e+02  -6.0 1.70e+00    -  1.00e+00 1.73e-02h  1
   6  2.1780833e+03 6.23e-04 8.36e+01  -6.0 1.66e+00    -  1.00e+00 9.98e-01h  1
   7  2.1782901e+03 2.65e-04 3.55e+01  -6.0 1.46e-02    -  9.47e-01 5.75e-01h  1
   8  2.1780648e+03 3.07e-04 2.83e+01  -6.0 2.23e-01    -  1.00e+00 2.04e-01h  1
   9  2.1780061e+03 3.41e-04 4.48e+00  -6.0 5.79e-02    -  5.24e-01 8.42e-01f  1
iter    objective    inf_pr   inf_du lg(mu)  ||d||  lg(rg) alpha_du alpha_pr  ls
  10  2.1780359e+03 1.55e-04 1.98e+00  -6.0 1.54e-02    -  1.00e+00 5.58e-01h  1
  11  2.1780798e+03 3.17e-06 6.11e-04  -6.0 5.09e-03    -  1.00e+00 1.00e+00h  1
  12  2.1780805e+03 1.33e-11 9.85e-11  -6.0 1.33e-05    -  1.00e+00 1.00e+00h  1
  13  2.1780804e+03 5.38e-11 1.59e-09  -7.0 2.25e-05    -  1.00e+00 1.00e+00h  1

Number of Iterations....: 13

                                   (scaled)                 (unscaled)
Objective...............:   9.3602397244997775e+01    2.1780804210780925e+03
Dual infeasibility......:   1.5855263768571604e-09    3.6894396513119437e-08
Constraint violation....:   5.3758275608828399e-11    5.3758275608828399e-11
Variable bound violation:   8.5708537546590286e-09    8.5708537546590286e-09
Complementarity.........:   9.2439671502459478e-08    2.1510243813884519e-06
Overall NLP error.......:   9.2439671502459478e-08    2.1510243813884519e-06


Number of objective function evaluations             = 14
Number of objective gradient evaluations             = 14
Number of equality constraint evaluations            = 14
Number of inequality constraint evaluations          = 15
Number of equality constraint Jacobian evaluations   = 14
Number of inequality constraint Jacobian evaluations = 14
Number of Lagrangian Hessian evaluations             = 13
Total seconds in IPOPT                               = 0.005

EXIT: Optimal Solution Found.

