Solver command line: ['/opt/homebrew/bin/ipopt', '/var/folders/6y/bvynbx6n3zv7z3lwg6vd724r0000gn/T/tmpjvqq5pot.pyomo.nl', '-AMPL', 'tol=1e-06', 'max_iter=300', 'print_level=5', 'warm_start_init_point=yes', 'warm_start_bound_push=1e-06', 'warm_start_bound_frac=1e-06', 'warm_start_mult_bound_push=1e-06', 'mu_init=1e-06', 'least_square_init_duals=no']

Ipopt 3.14.19: tol=1e-06
max_iter=300
print_level=5
warm_start_init_point=yes
warm_start_bound_push=1e-06
warm_start_bound_frac=1e-06
warm_start_mult_bound_push=1e-06
mu_init=1e-06
least_square_init_duals=no


******************************************************************************
This program contains Ipopt, a library for large-scale nonlinear optimization.
 Ipopt is released as open source code under the Eclipse Public License (EPL).
         For more information visit https://github.com/coin-or/Ipopt
******************************************************************************

This is Ipopt version 3.14.19, running with linear solver MUMPS 5.6.2.

Number of nonzeros in equality constraint Jacobian...:      224
Number of nonzeros in inequality constraint Jacobian.:      160
Number of nonzeros in Lagrangian Hessian.............:      122

Total number of variables............................:       35
                     variables with only lower bounds:        0
                variables with lower and upper bounds:       35
                     variables with only upper bounds:        0
Total number of equality constraints.................:       29
Total number of inequality constraints...............:       40
        inequality constraints with only lower bounds:        0
   inequality constraints with lower and upper bounds:        0
        inequality constraints with only upper bounds:       40

iter    objective    inf_pr   inf_du lg(mu)  ||d||  lg(rg) alpha_du alpha_pr  ls
   0  2.1780818e+03 2.75e+00 5.00e+01  -6.0 0.00e+00    -  0.00e+00 0.00e+00   0
   1  2.1742686e+03 2.66e+00 4.81e+01  -6.0 1.54e+00   0.0 1.00e-01 3.01e-02h  1
   2  2.1740986e+03 2.66e+00 4.80e+01  -6.0 9.34e+00    -  1.29e-02 1.46e-03h  1
   3  2.1740975e+03 2.66e+00 4.80e+01  -6.0 8.21e-01    -  5.17e-02 9.87e-06h  1
   4  2.1738476e+03 2.65e+00 4.79e+01  -6.0 7.48e-01    -  5.15e-02 2.19e-03h  1
   5  2.1730062e+03 2.63e+00 4.75e+01  -6.0 8.19e-01    -  3.86e-02 7.41e-03h  1
   6  2.1714433e+03 2.59e+00 4.68e+01  -6.0 4.14e-01    -  4.43e-02 1.40e-02h  1
   7  2.1687259e+03 2.53e+00 4.57e+01  -6.0 7.42e-01    -  3.76e-02 2.52e-02h  1
   8  2.1642911e+03 2.42e+00 4.37e+01  -6.0 6.95e-01    -  3.04e-02 4.44e-02h  1
   9  2.1608673e+03 2.32e+00 4.19e+01  -6.0 7.17e-01    -  2.62e-01 3.93e-02h  1
iter    objective    inf_pr   inf_du lg(mu)  ||d||  lg(rg) alpha_du alpha_pr  ls
  10  2.1607543e+03 2.32e+00 4.19e+01  -6.0 1.91e+00    -  8.16e-04 1.46e-03h  1
  11  2.0847076e+03 1.17e-01 1.10e+01  -6.0 9.01e-01    -  4.56e-02 1.00e+00f  1
  12  2.1212209e+03 7.03e-02 4.82e+00  -6.0 2.71e+00    -  9.85e-01 4.01e-01h  1
  13  2.1650683e+03 1.54e-02 1.07e+00  -6.0 1.64e+00    -  7.51e-01 7.84e-01h  1
  14  2.1779935e+03 3.76e-04 2.56e-01  -6.0 3.66e-01    -  1.88e-01 1.00e+00h  1
  15  2.1780679e+03 5.21e-05 1.63e-03  -6.0 1.97e-02    -  1.00e+00 1.00e+00h  1
  16  2.1780805e+03 2.07e-07 6.46e-06  -6.0 1.31e-03    -  1.00e+00 1.00e+00h  1
  17  2.1780804e+03 1.38e-09 4.44e-08  -7.0 1.01e-04    -  1.00e+00 1.00e+00h  1

Number of Iterations....: 17

                                   (scaled)                 (unscaled)
Objective...............:   9.3602397228408989e+01    2.1780804206920798e+03
Dual infeasibility......:   4.4413230426698647e-08    1.0334733989346816e-06
Constraint violation....:   1.3846039315090763e-09    1.3846039315090763e-09
Variable bound violation:   8.5708449556561292e-09    8.5708449556561292e-09
Complementarity.........:   1.2234793357883815e-07    2.8469745063251731e-06
Overall NLP error.......:   1.2234793357883815e-07    2.8469745063251731e-06


Number of objective function evaluations             = 18
Number of objective gradient evaluations             = 18
Number of equality constraint evaluations            = 18
Number of inequality constraint evaluations          = 19
Number of equality constraint Jacobian evaluations   = 18
Number of inequality constraint Jacobian evaluations = 18
Number of Lagrangian Hessian evaluations             = 17
Total seconds in IPOPT                               = 0.006

EXIT: Optimal Solution Found.

