Solver command line: ['/opt/homebrew/bin/ipopt', '/var/folders/6y/bvynbx6n3zv7z3lwg6vd724r0000gn/T/tmp7zg9zhx2.pyomo.nl', '-AMPL', 'tol=1e-06', 'max_iter=300', 'print_level=5', 'warm_start_init_point=yes', 'warm_start_bound_push=1e-06', 'warm_start_bound_frac=1e-06', 'warm_start_mult_bound_push=1e-06', 'mu_init=1e-06', 'least_square_init_duals=no']

Ipopt 3.14.19: tol=1e-06
max_iter=300
print_level=5
warm_start_init_point=yes
warm_start_bound_push=1e-06
warm_start_bound_frac=1e-06
warm_start_mult_bound_push=1e-06
mu_init=1e-06
least_square_init_duals=no


******************************************************************************
This program contains Ipopt, a library for large-scale nonlinear optimization.
 Ipopt is released as open source code under the Eclipse Public License (EPL).
         For more information visit https://github.com/coin-or/Ipopt
******************************************************************************

This is Ipopt version 3.14.19, running with linear solver MUMPS 5.6.2.

Number of nonzeros in equality constraint Jacobian...:      224
Number of nonzeros in inequality constraint Jacobian.:      160
Number of nonzeros in Lagrangian Hessian.............:      122

Total number of variables............................:       35
                     variables with only lower bounds:        0
                variables with lower and upper bounds:       35
                     variables with only upper bounds:        0
Total number of equality constraints.................:       29
Total number of inequality constraints...............:       40
        inequality constraints with only lower bounds:        0
   inequality constraints with lower and upper bounds:        0
        inequality constraints with only upper bounds:       40

iter    objective    inf_pr   inf_du lg(mu)  ||d||  lg(rg) alpha_du alpha_pr  ls
   0  2.1780818e+03 2.75e+00 5.00e+01  -6.0 0.00e+00    -  0.00e+00 0.00e+00   0
   1  2.1655228e+03 2.47e+00 4.49e+01  -6.0 5.04e-01    -  1.00e+00 9.92e-02h  1
   2  2.0754030e+03 1.62e-01 3.27e+00  -6.0 6.34e-01    -  1.00e+00 1.00e+00f  1
   3  2.1579774e+03 3.25e-02 1.22e+00  -6.0 3.06e+00    -  1.00e+00 8.05e-01h  1
   4  2.1723264e+03 9.11e-03 4.30e-01  -6.0 6.05e-01    -  1.00e+00 7.19e-01h  1
   5  2.1776366e+03 6.87e-04 2.45e-02  -6.0 1.71e-01    -  5.99e-01 9.24e-01h  1
   6  2.1780805e+03 3.34e-08 3.22e-06  -6.0 1.30e-02    -  1.00e+00 1.00e+00h  1
   7  2.1780804e+03 6.61e-11 1.86e-09  -7.0 2.34e-05    -  1.00e+00 1.00e+00h  1

Number of Iterations....: 7

                                   (scaled)                 (unscaled)
Objective...............:   9.3602397244838528e+01    2.1780804210743868e+03
Dual infeasibility......:   1.8569554782743580e-09    4.3210414359972308e-08
Constraint violation....:   6.6116528918414019e-11    6.6116528918414019e-11
Variable bound violation:   8.5708536628171851e-09    8.5708536628171851e-09
Complementarity.........:   9.2673297377452748e-08    2.1564607372848527e-06
Overall NLP error.......:   9.2673297377452748e-08    2.1564607372848527e-06


Number of objective function evaluations             = 8
Number of objective gradient evaluations             = 8
Number of equality constraint evaluations            = 8
Number of inequality constraint evaluations          = 9
Number of equality constraint Jacobian evaluations   = 8
Number of inequality constraint Jacobian evaluations = 8
Number of Lagrangian Hessian evaluations             = 7
Total seconds in IPOPT                               = 0.004

EXIT: Optimal Solution Found.

