Solver command line: ['/opt/homebrew/bin/ipopt', '/var/folders/6y/bvynbx6n3zv7z3lwg6vd724r0000gn/T/tmp7x2rr0oo.pyomo.nl', '-AMPL', 'tol=1e-06', 'max_iter=300', 'print_level=5']

Ipopt 3.14.19: tol=1e-06
max_iter=300
print_level=5


******************************************************************************
This program contains Ipopt, a library for large-scale nonlinear optimization.
 Ipopt is released as open source code under the Eclipse Public License (EPL).
         For more information visit https://github.com/coin-or/Ipopt
******************************************************************************

This is Ipopt version 3.14.19, running with linear solver MUMPS 5.6.2.

Number of nonzeros in equality constraint Jacobian...:      224
Number of nonzeros in inequality constraint Jacobian.:      160
Number of nonzeros in Lagrangian Hessian.............:      122

Total number of variables............................:       35
                     variables with only lower bounds:        0
                variables with lower and upper bounds:       35
                     variables with only upper bounds:        0
Total number of equality constraints.................:       29
Total number of inequality constraints...............:       40
        inequality constraints with only lower bounds:        0
   inequality constraints with lower and upper bounds:        0
        inequality constraints with only upper bounds:       40

iter    objective    inf_pr   inf_du lg(mu)  ||d||  lg(rg) alpha_du alpha_pr  ls
   0  2.0330117e+03 6.52e-01 1.17e+01  -1.0 0.00e+00    -  0.00e+00 0.00e+00   0
   1  1.7002689e+03 5.38e-01 2.12e+01  -1.0 4.44e+00    -  1.60e-01 1.79e-01f  1
   2  1.7268979e+03 5.03e-01 3.33e+01  -1.0 6.53e-01    -  7.20e-01 6.46e-02h  1
   3  2.1053904e+03 8.23e-02 1.08e+02  -1.0 5.65e-01    -  9.99e-01 8.36e-01h  1
   4  2.1863109e+03 1.67e-03 6.13e+00  -1.0 1.03e-01    -  8.30e-01 1.00e+00h  1
   5  2.1852776e+03 8.99e-04 2.88e+00  -1.0 1.23e-01    -  1.00e+00 5.54e-01h  1
   6  2.1860286e+03 7.28e-05 2.88e-02  -1.0 2.49e-02    -  1.00e+00 1.00e+00f  1
   7  2.1809522e+03 8.36e-04 5.16e-01  -2.5 1.80e-02    -  8.28e-01 1.00e+00f  1
   8  2.1787961e+03 9.37e-04 1.59e+00  -2.5 3.14e-02    -  1.00e+00 5.41e-01f  1
   9  2.1786606e+03 9.30e-05 2.52e-01  -2.5 2.04e-02    -  9.14e-01 1.00e+00h  1
iter    objective    inf_pr   inf_du lg(mu)  ||d||  lg(rg) alpha_du alpha_pr  ls
  10  2.1783827e+03 6.05e-05 4.40e-03  -2.5 2.99e-02    -  1.00e+00 1.00e+00h  1
  11  2.1781110e+03 2.40e-05 8.63e-02  -3.8 1.41e-02    -  8.30e-01 1.00e+00h  1
  12  2.1780969e+03 3.69e-06 3.30e-04  -3.8 7.55e-03    -  1.00e+00 1.00e+00f  1
  13  2.1780806e+03 1.54e-06 4.60e-04  -5.7 3.70e-03    -  9.67e-01 9.59e-01h  1
  14  2.1780806e+03 1.24e-07 3.43e-06  -5.7 9.77e-04    -  1.00e+00 1.00e+00f  1
  15  2.1780804e+03 9.19e-10 2.88e-08  -7.0 8.02e-05    -  1.00e+00 1.00e+00h  1

Number of Iterations....: 15

                                   (scaled)                 (unscaled)
Objective...............:   9.3602397231641319e+01    2.1780804207672945e+03
Dual infeasibility......:   2.8810879015850333e-08    6.7041457639405530e-07
Constraint violation....:   9.1853341599446026e-10    9.1853341599446026e-10
Variable bound violation:   8.5708416211385909e-09    8.5708416211385909e-09
Complementarity.........:   1.1328247997644977e-07    2.6360259881171185e-06
Overall NLP error.......:   1.1328247997644977e-07    2.6360259881171185e-06


Number of objective function evaluations             = 16
Number of objective gradient evaluations             = 16
Number of equality constraint evaluations            = 16
Number of inequality constraint evaluations          = 16
Number of equality constraint Jacobian evaluations   = 16
Number of inequality constraint Jacobian evaluations = 16
Number of Lagrangian Hessian evaluations             = 15
Total seconds in IPOPT                               = 0.008

EXIT: Optimal Solution Found.

