Solver command line: ['/opt/homebrew/bin/ipopt', '/var/folders/6y/bvynbx6n3zv7z3lwg6vd724r0000gn/T/tmp50524n1s.pyomo.nl', '-AMPL', 'tol=1e-06', 'max_iter=300', 'print_level=5', 'warm_start_init_point=yes', 'warm_start_bound_push=1e-06', 'warm_start_bound_frac=1e-06', 'warm_start_mult_bound_push=1e-06', 'mu_init=1e-06', 'least_square_init_duals=no']

Ipopt 3.14.19: tol=1e-06
max_iter=300
print_level=5
warm_start_init_point=yes
warm_start_bound_push=1e-06
warm_start_bound_frac=1e-06
warm_start_mult_bound_push=1e-06
mu_init=1e-06
least_square_init_duals=no


******************************************************************************
This program contains Ipopt, a library for large-scale nonlinear optimization.
 Ipopt is released as open source code under the Eclipse Public License (EPL).
         For more information visit https://github.com/coin-or/Ipopt
******************************************************************************

This is Ipopt version 3.14.19, running with linear solver MUMPS 5.6.2.

Number of nonzeros in equality constraint Jacobian...:      224
Number of nonzeros in inequality constraint Jacobian.:      160
Number of nonzeros in Lagrangian Hessian.............:      122

Total number of variables............................:       35
                     variables with only lower bounds:        0
                variables with lower and upper bounds:       35
                     variables with only upper bounds:        0
Total number of equality constraints.................:       29
Total number of inequality constraints...............:       40
        inequality constraints with only lower bounds:        0
   inequality constraints with lower and upper bounds:        0
        inequality constraints with only upper bounds:       40

iter    objective    inf_pr   inf_du lg(mu)  ||d||  lg(rg) alpha_du alpha_pr  ls
   0  2.0330117e+03 6.52e-01 6.36e+01  -6.0 0.00e+00    -  0.00e+00 0.00e+00   0
   1  1.5859020e+03 6.56e-01 6.35e+01  -6.0 3.79e+02    -  2.14e-03 2.13e-03f  1
   2  1.5859016e+03 6.56e-01 5.13e+01  -6.0 2.75e+01    -  1.95e-01 3.40e-08h  1
   3  1.6011657e+03 6.35e-01 3.34e+01  -6.0 6.34e-01    -  3.37e-01 3.04e-02h  1
   4  1.6056564e+03 6.30e-01 3.20e+01  -6.0 6.73e-01    -  4.12e-02 8.42e-03h  1
   5  1.6152833e+03 6.18e-01 3.06e+01  -6.0 6.72e-01    -  4.26e-02 1.81e-02h  1
   6  1.6555209e+03 5.73e-01 2.69e+01  -6.0 7.00e-01    -  1.23e-01 7.26e-02h  1
   7  1.6632420e+03 5.65e-01 2.68e+01  -6.0 1.18e+00    -  1.26e-03 1.47e-02h  1
   8  1.6909296e+03 5.34e-01 2.53e+01  -6.0 6.40e-01    -  5.50e-02 5.46e-02h  1
   9  1.7383623e+03 4.81e-01 2.38e+01  -6.0 6.06e-01    -  6.08e-02 9.89e-02h  1
iter    objective    inf_pr   inf_du lg(mu)  ||d||  lg(rg) alpha_du alpha_pr  ls
  10  1.8364808e+03 3.72e-01 1.55e+01  -6.0 5.46e-01    -  3.46e-01 2.27e-01h  1
  11  1.9830010e+03 2.11e-01 6.92e+00  -6.0 4.26e-01    -  5.55e-01 4.34e-01h  1
  12  2.0760061e+03 1.09e-01 1.91e+00  -6.0 2.44e-01    -  1.00e+00 4.80e-01h  1
  13  2.1388641e+03 4.18e-02 7.71e-01  -6.0 1.29e-01    -  4.84e-01 6.18e-01h  1
  14  2.1779728e+03 2.91e-04 1.43e-02  -6.0 4.94e-02    -  1.00e+00 1.00e+00h  1
  15  2.1780476e+03 8.41e-05 5.08e-02  -6.0 1.27e-02    -  1.00e+00 7.47e-01h  1
  16  2.1780780e+03 1.14e-05 3.55e-04  -6.0 9.45e-03    -  1.00e+00 1.00e+00h  1
  17  2.1780804e+03 7.17e-07 2.25e-05  -6.0 2.36e-03    -  1.00e+00 1.00e+00h  1
  18  2.1780805e+03 1.04e-08 3.25e-07  -6.0 2.83e-04    -  1.00e+00 1.00e+00h  1
  19  2.1780804e+03 7.83e-11 2.41e-09  -7.0 2.54e-05    -  1.00e+00 1.00e+00h  1

Number of Iterations....: 19

                                   (scaled)                 (unscaled)
Objective...............:   9.3602397244608454e+01    2.1780804210690330e+03
Dual infeasibility......:   2.4082869032326926e-09    5.6039617645051725e-08
Constraint violation....:   7.8291789717965798e-11    7.8291789717965798e-11
Variable bound violation:   8.5708533098830686e-09    8.5708533098830686e-09
Complementarity.........:   9.3053008566206607e-08    2.1652964245132935e-06
Overall NLP error.......:   9.3053008566206607e-08    2.1652964245132935e-06


Number of objective function evaluations             = 20
Number of objective gradient evaluations             = 20
Number of equality constraint evaluations            = 20
Number of inequality constraint evaluations          = 20
Number of equality constraint Jacobian evaluations   = 20
Number of inequality constraint Jacobian evaluations = 20
Number of Lagrangian Hessian evaluations             = 19
Total seconds in IPOPT                               = 0.007

EXIT: Optimal Solution Found.

