Solver command line: ['/opt/homebrew/bin/ipopt', '/var/folders/6y/bvynbx6n3zv7z3lwg6vd724r0000gn/T/tmpl5gjf7qg.pyomo.nl', '-AMPL', 'tol=1e-06', 'max_iter=300', 'print_level=5', 'warm_start_init_point=yes', 'warm_start_bound_push=1e-06', 'warm_start_bound_frac=1e-06', 'warm_start_mult_bound_push=1e-06', 'mu_init=1e-06', 'least_square_init_duals=no']

Ipopt 3.14.19: tol=1e-06
max_iter=300
print_level=5
warm_start_init_point=yes
warm_start_bound_push=1e-06
warm_start_bound_frac=1e-06
warm_start_mult_bound_push=1e-06
mu_init=1e-06
least_square_init_duals=no


******************************************************************************
This program contains Ipopt, a library for large-scale nonlinear optimization.
 Ipopt is released as open source code under the Eclipse Public License (EPL).
         For more information visit https://github.com/coin-or/Ipopt
******************************************************************************

This is Ipopt version 3.14.19, running with linear solver MUMPS 5.6.2.

Number of nonzeros in equality constraint Jacobian...:      224
Number of nonzeros in inequality constraint Jacobian.:      160
Number of nonzeros in Lagrangian Hessian.............:      122

Total number of variables............................:       35
                     variables with only lower bounds:        0
                variables with lower and upper bounds:       35
                     variables with only upper bounds:        0
Total number of equality constraints.................:       29
Total number of inequality constraints...............:       40
        inequality constraints with only lower bounds:        0
   inequality constraints with lower and upper bounds:        0
        inequality constraints with only upper bounds:       40

iter    objective    inf_pr   inf_du lg(mu)  ||d||  lg(rg) alpha_du alpha_pr  ls
   0  2.0330117e+03 1.05e+00 6.36e+01  -6.0 0.00e+00    -  0.00e+00 0.00e+00   0
   1  1.5993299e+03 1.04e+00 6.33e+01  -6.0 1.87e+02    -  5.45e-03 5.38e-03f  1
   2  1.5993295e+03 1.04e+00 5.17e+01  -6.0 2.83e+01    -  2.11e-01 3.95e-08h  1
   3  1.7857931e+03 7.06e-01 9.49e-01  -6.0 1.06e+00    -  9.87e-01 3.23e-01h  1
   4  2.1121721e+03 1.18e-01 9.33e-02  -6.0 7.02e-01    -  1.00e+00 8.33e-01h  1
   5  2.1780964e+03 5.18e-04 2.29e-01  -6.0 8.79e-02    -  7.49e-01 1.00e+00h  1
   6  2.1780747e+03 4.81e-05 4.84e-03  -6.0 4.09e-02    -  1.00e+00 1.00e+00h  1
   7  2.1780807e+03 7.91e-07 3.13e-05  -6.0 4.79e-03    -  1.00e+00 1.00e+00h  1
   8  2.1780805e+03 4.50e-10 1.99e-08  -6.0 1.15e-04    -  1.00e+00 1.00e+00h  1
   9  2.1780804e+03 5.36e-11 1.59e-09  -7.0 2.25e-05    -  1.00e+00 1.00e+00h  1

Number of Iterations....: 9

                                   (scaled)                 (unscaled)
Objective...............:   9.3602397244996666e+01    2.1780804210780666e+03
Dual infeasibility......:   1.5859846769217256e-09    3.6905060923722038e-08
Constraint violation....:   5.3642035258150145e-11    5.3642035258150145e-11
Variable bound violation:   8.5708537578374966e-09    8.5708537578374966e-09
Complementarity.........:   9.2441335306738421e-08    2.1510630972721380e-06
Overall NLP error.......:   9.2441335306738421e-08    2.1510630972721380e-06


Number of objective function evaluations             = 10
Number of objective gradient evaluations             = 10
Number of equality constraint evaluations            = 10
Number of inequality constraint evaluations          = 11
Number of equality constraint Jacobian evaluations   = 10
Number of inequality constraint Jacobian evaluations = 10
Number of Lagrangian Hessian evaluations             = 9
Total seconds in IPOPT                               = 0.004

EXIT: Optimal Solution Found.

