Solver command line: ['/opt/homebrew/bin/ipopt', '/var/folders/6y/bvynbx6n3zv7z3lwg6vd724r0000gn/T/tmp_tk0q50f.pyomo.nl', '-AMPL', 'tol=1e-06', 'max_iter=300', 'print_level=5', 'warm_start_init_point=yes', 'warm_start_bound_push=1e-06', 'warm_start_bound_frac=1e-06', 'warm_start_mult_bound_push=1e-06', 'mu_init=1e-06', 'least_square_init_duals=no']

Ipopt 3.14.19: tol=1e-06
max_iter=300
print_level=5
warm_start_init_point=yes
warm_start_bound_push=1e-06
warm_start_bound_frac=1e-06
warm_start_mult_bound_push=1e-06
mu_init=1e-06
least_square_init_duals=no


******************************************************************************
This program contains Ipopt, a library for large-scale nonlinear optimization.
 Ipopt is released as open source code under the Eclipse Public License (EPL).
         For more information visit https://github.com/coin-or/Ipopt
******************************************************************************

This is Ipopt version 3.14.19, running with linear solver MUMPS 5.6.2.

Number of nonzeros in equality constraint Jacobian...:      224
Number of nonzeros in inequality constraint Jacobian.:      160
Number of nonzeros in Lagrangian Hessian.............:      122

Total number of variables............................:       35
                     variables with only lower bounds:        0
                variables with lower and upper bounds:       35
                     variables with only upper bounds:        0
Total number of equality constraints.................:       29
Total number of inequality constraints...............:       40
        inequality constraints with only lower bounds:        0
   inequality constraints with lower and upper bounds:        0
        inequality constraints with only upper bounds:       40

iter    objective    inf_pr   inf_du lg(mu)  ||d||  lg(rg) alpha_du alpha_pr  ls
   0  2.0330117e+03 6.52e-01 1.00e+02  -6.0 0.00e+00    -  0.00e+00 0.00e+00   0
   1  1.5948910e+03 6.50e-01 1.00e+02  -6.0 1.98e+07    -  4.25e-08 4.25e-08f  1
   2  1.5945182e+03 6.50e-01 1.00e+02  -6.0 6.83e+04    -  1.69e-06 3.33e-08f  1
   3  1.5773317e+03 6.40e-01 1.00e+02  -6.0 7.14e+04    -  1.91e-06 1.67e-06f  1
   4  1.5759740e+03 6.40e-01 1.00e+02  -6.0 1.26e+04    -  1.11e-05 1.15e-05f  1
   5  1.5759471e+03 6.40e-01 1.00e+02  -6.0 9.30e+02    -  1.30e-04 1.31e-05h  1
   6  1.5759472e+03 6.40e-01 9.99e+01  -6.0 1.86e+02    -  9.90e-04 3.50e-07h 10
   7  1.5760780e+03 6.40e-01 9.98e+01  -6.0 6.68e+01    -  1.78e-03 2.53e-04h  3
   8  1.5776137e+03 6.38e-01 9.95e+01  -6.0 3.02e+01    -  2.66e-03 2.68e-03h  1
   9  1.5799545e+03 6.36e-01 9.85e+01  -6.0 3.03e+01    -  1.39e-02 4.54e-03h  1
iter    objective    inf_pr   inf_du lg(mu)  ||d||  lg(rg) alpha_du alpha_pr  ls
  10  1.5881399e+03 6.26e-01 9.79e+01  -6.0 9.31e+00    -  7.29e-04 1.48e-02h  1
  11  1.5915015e+03 6.22e-01 9.67e+01  -6.0 2.34e+00    -  1.64e-02 5.86e-03h  1
  12  1.6060262e+03 6.07e-01 9.50e+01  -6.0 6.19e+00    -  1.26e-02 2.56e-02h  1
  13  1.6643108e+03 5.44e-01 9.14e+01  -6.0 7.10e-01    -  5.59e-04 1.04e-01h  1
  14  1.6994671e+03 5.06e-01 8.14e+01  -6.0 2.20e+00    -  1.30e-01 6.99e-02h  1
  15  1.8194119e+03 3.77e-01 7.31e+01  -6.0 6.40e-01    -  1.78e-02 2.55e-01h  1
  16  1.8248060e+03 3.71e-01 7.04e+01  -6.0 5.29e+00    -  4.60e-02 1.56e-02h  1
  17  1.9672541e+03 2.20e-01 5.62e+01  -6.0 4.42e-01    -  1.14e-01 4.07e-01h  1
  18  2.0347182e+03 1.49e-01 3.91e+01  -6.0 2.65e-01    -  3.01e-01 3.22e-01h  1
  19  2.0691122e+03 1.13e-01 6.46e+00  -6.0 1.88e-01    -  1.00e+00 2.41e-01h  1
iter    objective    inf_pr   inf_du lg(mu)  ||d||  lg(rg) alpha_du alpha_pr  ls
  20  2.1778099e+03 6.30e-04 5.44e-01  -6.0 1.37e-01    -  6.21e-01 1.00e+00h  1
  21  2.1780222e+03 9.55e-05 8.37e-02  -6.0 2.48e-02    -  1.00e+00 8.47e-01h  1
  22  2.1780803e+03 7.55e-07 3.01e-05  -6.0 2.38e-03    -  1.00e+00 1.00e+00h  1
  23  2.1780805e+03 2.09e-13 1.00e-11  -6.0 2.59e-06    -  1.00e+00 1.00e+00h  1
  24  2.1780804e+03 5.38e-11 1.59e-09  -7.0 2.25e-05    -  1.00e+00 1.00e+00f  1

Number of Iterations....: 24

                                   (scaled)                 (unscaled)
Objective...............:   9.3602397244997718e+01    2.1780804210780911e+03
Dual infeasibility......:   1.5858017121672674e-09    3.6900803426465956e-08
Constraint violation....:   5.3759191542823714e-11    5.3759191542823714e-11
Variable bound violation:   8.5708537546034371e-09    8.5708537546034371e-09
Complementarity.........:   9.2439743450485083e-08    2.1510260555826020e-06
Overall NLP error.......:   9.2439743450485083e-08    2.1510260555826020e-06


Number of objective function evaluations             = 38
Number of objective gradient evaluations             = 25
Number of equality constraint evaluations            = 38
Number of inequality constraint evaluations          = 38
Number of equality constraint Jacobian evaluations   = 25
Number of inequality constraint Jacobian evaluations = 25
Number of Lagrangian Hessian evaluations             = 24
Total seconds in IPOPT                               = 0.010

EXIT: Optimal Solution Found.

