Solver command line: ['/opt/homebrew/bin/ipopt', '/var/folders/6y/bvynbx6n3zv7z3lwg6vd724r0000gn/T/tmp5n63njiq.pyomo.nl', '-AMPL', 'tol=1e-06', 'max_iter=300', 'print_level=5']

Ipopt 3.14.19: tol=1e-06
max_iter=300
print_level=5


******************************************************************************
This program contains Ipopt, a library for large-scale nonlinear optimization.
 Ipopt is released as open source code under the Eclipse Public License (EPL).
         For more information visit https://github.com/coin-or/Ipopt
******************************************************************************

This is Ipopt version 3.14.19, running with linear solver MUMPS 5.6.2.

Number of nonzeros in equality constraint Jacobian...:      224
Number of nonzeros in inequality constraint Jacobian.:      160
Number of nonzeros in Lagrangian Hessian.............:      122

Total number of variables............................:       35
                     variables with only lower bounds:        0
                variables with lower and upper bounds:       35
                     variables with only upper bounds:        0
Total number of equality constraints.................:       29
Total number of inequality constraints...............:       40
        inequality constraints with only lower bounds:        0
   inequality constraints with lower and upper bounds:        0
        inequality constraints with only upper bounds:       40

iter    objective    inf_pr   inf_du lg(mu)  ||d||  lg(rg) alpha_du alpha_pr  ls
   0  2.1918094e+03 3.18e-01 8.21e+00  -1.0 0.00e+00    -  0.00e+00 0.00e+00   0
   1  2.1835742e+03 3.10e-01 2.49e+01  -1.0 8.31e-01    -  5.39e-01 2.66e-02f  1
   2  2.1859675e+03 1.91e-02 1.80e+01  -1.0 3.07e-01    -  5.41e-01 9.38e-01f  1
   3  2.1853241e+03 8.85e-04 1.14e+00  -1.0 6.17e-02    -  1.00e+00 1.00e+00f  1
   4  2.1861971e+03 3.88e-05 4.70e-03  -1.0 2.33e-02    -  1.00e+00 1.00e+00h  1
   5  2.1810966e+03 8.48e-04 5.67e-01  -2.5 1.89e-02    -  8.26e-01 1.00e+00f  1
   6  2.1787719e+03 1.03e-03 1.50e+00  -2.5 3.46e-02    -  1.00e+00 5.49e-01f  1
   7  2.1786720e+03 8.01e-05 2.57e-01  -2.5 1.89e-02    -  9.18e-01 1.00e+00h  1
   8  2.1783809e+03 6.01e-05 4.53e-03  -2.5 3.02e-02    -  1.00e+00 1.00e+00h  1
   9  2.1781109e+03 2.37e-05 8.59e-02  -3.8 1.40e-02    -  8.31e-01 1.00e+00h  1
iter    objective    inf_pr   inf_du lg(mu)  ||d||  lg(rg) alpha_du alpha_pr  ls
  10  2.1780969e+03 3.79e-06 3.29e-04  -3.8 7.51e-03    -  1.00e+00 1.00e+00f  1
  11  2.1780806e+03 1.54e-06 4.57e-04  -5.7 3.70e-03    -  9.67e-01 9.59e-01h  1
  12  2.1780806e+03 1.24e-07 3.42e-06  -5.7 9.76e-04    -  1.00e+00 1.00e+00f  1
  13  2.1780804e+03 9.16e-10 2.87e-08  -7.0 8.01e-05    -  1.00e+00 1.00e+00h  1

Number of Iterations....: 13

                                   (scaled)                 (unscaled)
Objective...............:   9.3602397231671532e+01    2.1780804207679976e+03
Dual infeasibility......:   2.8734307377931145e-08    6.6863279312492454e-07
Constraint violation....:   9.1634588805789008e-10    9.1634588805789008e-10
Variable bound violation:   8.5708416445061189e-09    8.5708416445061189e-09
Complementarity.........:   1.1322846409663075e-07    2.6347690659257647e-06
Overall NLP error.......:   1.1322846409663075e-07    2.6347690659257647e-06


Number of objective function evaluations             = 14
Number of objective gradient evaluations             = 14
Number of equality constraint evaluations            = 14
Number of inequality constraint evaluations          = 14
Number of equality constraint Jacobian evaluations   = 14
Number of inequality constraint Jacobian evaluations = 14
Number of Lagrangian Hessian evaluations             = 13
Total seconds in IPOPT                               = 0.005

EXIT: Optimal Solution Found.

