Solver command line: ['/opt/homebrew/bin/ipopt', '/var/folders/6y/bvynbx6n3zv7z3lwg6vd724r0000gn/T/tmpvqs174d0.pyomo.nl', '-AMPL', 'tol=1e-06', 'max_iter=300', 'print_level=5', 'warm_start_init_point=yes', 'warm_start_bound_push=1e-06', 'warm_start_bound_frac=1e-06', 'warm_start_mult_bound_push=1e-06', 'mu_init=1e-06', 'least_square_init_duals=no']

Ipopt 3.14.19: tol=1e-06
max_iter=300
print_level=5
warm_start_init_point=yes
warm_start_bound_push=1e-06
warm_start_bound_frac=1e-06
warm_start_mult_bound_push=1e-06
mu_init=1e-06
least_square_init_duals=no


******************************************************************************
This program contains Ipopt, a library for large-scale nonlinear optimization.
 Ipopt is released as open source code under the Eclipse Public License (EPL).
         For more information visit https://github.com/coin-or/Ipopt
******************************************************************************

This is Ipopt version 3.14.19, running with linear solver MUMPS 5.6.2.

Number of nonzeros in equality constraint Jacobian...:      224
Number of nonzeros in inequality constraint Jacobian.:      160
Number of nonzeros in Lagrangian Hessian.............:      122

Total number of variables............................:       35
                     variables with only lower bounds:        0
                variables with lower and upper bounds:       35
                     variables with only upper bounds:        0
Total number of equality constraints.................:       29
Total number of inequality constraints...............:       40
        inequality constraints with only lower bounds:        0
   inequality constraints with lower and upper bounds:        0
        inequality constraints with only upper bounds:       40

iter    objective    inf_pr   inf_du lg(mu)  ||d||  lg(rg) alpha_du alpha_pr  ls
   0  2.0330117e+03 1.05e+00 1.00e+02  -6.0 0.00e+00    -  0.00e+00 0.00e+00   0
   1  1.5962609e+03 1.05e+00 1.00e+02  -6.0 2.27e+07    -  4.46e-08 4.46e-08f  1
   2  1.5962590e+03 1.05e+00 1.00e+02  -6.0 1.04e+04    -  1.96e-05 3.34e-08h  1
   3  1.5952726e+03 1.05e+00 1.00e+02  -6.0 1.10e+04    -  2.16e-05 2.18e-05f  1
   4r 1.5952726e+03 1.05e+00 9.99e+02   0.0 0.00e+00    -  0.00e+00 4.02e-07R  8
   5r 1.5953174e+03 1.05e+00 9.99e+02   0.0 2.91e+05    -  4.03e-06 7.62e-08f  1
   6r 1.5982022e+03 1.04e+00 9.99e+02   0.0 1.01e+04    -  1.12e-06 5.21e-06f  1
   7r 1.6624761e+03 9.57e-01 9.99e+02   0.0 9.57e+02    -  3.79e-06 1.04e-04f  1
   8r 1.6938838e+03 9.12e-01 9.99e+02   0.0 9.95e+02    -  3.30e-04 5.74e-05f  1
   9  1.6914999e+03 9.12e-01 1.00e+02  -6.0 4.76e+03    -  1.82e-05 1.11e-05f  1
iter    objective    inf_pr   inf_du lg(mu)  ||d||  lg(rg) alpha_du alpha_pr  ls
  10  1.6905714e+03 9.12e-01 1.00e+02  -6.0 8.12e+01    -  3.30e-06 3.49e-05f  1
  11  1.6903858e+03 9.12e-01 1.00e+02  -6.0 1.36e+03    -  1.03e-04 2.28e-05f  1
  12  1.6892143e+03 9.12e-01 1.00e+02  -6.0 1.40e+03    -  2.51e-05 1.31e-04f  2
  13  1.6891821e+03 9.12e-01 9.99e+01  -6.0 3.44e+02    -  1.45e-03 4.17e-05h  1
  14  1.6891084e+03 9.11e-01 9.97e+01  -6.0 2.25e+02    -  2.52e-03 4.46e-04f  2
  15  1.6892026e+03 9.11e-01 9.96e+01  -6.0 6.51e+01    -  2.26e-03 2.87e-04h  5
  16  1.6892117e+03 9.11e-01 9.81e+01  -6.0 2.70e+01    -  2.26e-02 2.03e-05h 10
  17  1.6918213e+03 9.06e-01 9.76e+01  -6.0 2.59e+01    -  5.78e-03 5.78e-03s 16
  18  1.6954222e+03 8.97e-01 9.66e+01  -6.0 1.86e+01    -  9.91e-03 9.91e-03s 16
  19  1.7370931e+03 8.17e-01 8.81e+01  -6.0 3.56e+00    -  8.85e-02 8.85e-02s 16
iter    objective    inf_pr   inf_du lg(mu)  ||d||  lg(rg) alpha_du alpha_pr  ls
  20  1.7808607e+03 7.27e-01 3.28e+01  -6.0 3.32e+00    -  1.00e+00 0.00e+00S 16
  21  2.1215964e+03 1.00e-01 4.53e+00  -6.0 7.57e-01    -  9.44e-02 8.62e-01h  1
  22  2.1770727e+03 2.04e-03 3.60e-01  -6.0 7.15e-02    -  4.72e-01 9.80e-01h  1
  23  2.1771055e+03 1.63e-03 3.25e-01  -6.0 1.86e-01    -  1.00e+00 2.01e-01h  1
  24  2.1780184e+03 1.22e-04 2.24e-01  -6.0 1.25e-03    -  5.76e-01 9.25e-01h  1
  25  2.1780811e+03 1.88e-07 1.61e-01  -6.0 2.33e-02    -  6.09e-01 1.00e+00H  1
  26  2.1780805e+03 6.95e-07 5.23e-02  -6.0 2.66e-03    -  1.00e+00 8.50e-01h  1
  27  2.1780804e+03 4.53e-07 3.74e-05  -6.0 1.87e-03    -  1.00e+00 1.00e+00f  1
  28  2.1780805e+03 2.59e-09 8.22e-08  -6.0 1.42e-04    -  1.00e+00 1.00e+00h  1
  29  2.1780804e+03 5.95e-11 1.78e-09  -7.0 2.32e-05    -  1.00e+00 1.00e+00h  1

Number of Iterations....: 29

                                   (scaled)                 (unscaled)
Objective...............:   9.3602397244903798e+01    2.1780804210759056e+03
Dual infeasibility......:   1.7802719298742886e-09    4.1426026990578183e-08
Constraint violation....:   5.9541011010466605e-11    5.9541011010466605e-11
Variable bound violation:   8.5708536420782980e-09    8.5708536420782980e-09
Complementarity.........:   9.2585833784191886e-08    2.1544255037262506e-06
Overall NLP error.......:   9.2585833784191886e-08    2.1544255037262506e-06


Number of objective function evaluations             = 75
Number of objective gradient evaluations             = 27
Number of equality constraint evaluations            = 75
Number of inequality constraint evaluations          = 76
Number of equality constraint Jacobian evaluations   = 31
Number of inequality constraint Jacobian evaluations = 31
Number of Lagrangian Hessian evaluations             = 29
Total seconds in IPOPT                               = 0.015

EXIT: Optimal Solution Found.

