Solver command line: ['/opt/homebrew/bin/ipopt', '/var/folders/6y/bvynbx6n3zv7z3lwg6vd724r0000gn/T/tmpps6m5fex.pyomo.nl', '-AMPL', 'tol=1e-06', 'max_iter=300', 'print_level=5']

Ipopt 3.14.19: tol=1e-06
max_iter=300
print_level=5


******************************************************************************
This program contains Ipopt, a library for large-scale nonlinear optimization.
 Ipopt is released as open source code under the Eclipse Public License (EPL).
         For more information visit https://github.com/coin-or/Ipopt
******************************************************************************

This is Ipopt version 3.14.19, running with linear solver MUMPS 5.6.2.

Number of nonzeros in equality constraint Jacobian...:      224
Number of nonzeros in inequality constraint Jacobian.:      160
Number of nonzeros in Lagrangian Hessian.............:      122

Total number of variables............................:       35
                     variables with only lower bounds:        0
                variables with lower and upper bounds:       35
                     variables with only upper bounds:        0
Total number of equality constraints.................:       29
Total number of inequality constraints...............:       40
        inequality constraints with only lower bounds:        0
   inequality constraints with lower and upper bounds:        0
        inequality constraints with only upper bounds:       40

iter    objective    inf_pr   inf_du lg(mu)  ||d||  lg(rg) alpha_du alpha_pr  ls
   0  2.1918094e+03 2.47e-02 8.21e+00  -1.0 0.00e+00    -  0.00e+00 0.00e+00   0
   1  2.1836129e+03 2.41e-02 3.53e+01  -1.0 8.14e-01    -  7.33e-01 2.68e-02f  1
   2  2.1841999e+03 1.45e-03 4.25e+01  -1.0 8.67e-02    -  4.45e-01 9.58e-01f  1
   3  2.1847743e+03 5.01e-04 5.34e-01  -1.0 6.03e-02    -  9.60e-01 1.00e+00f  1
   4  2.1808627e+03 6.41e-04 1.71e-01  -1.7 1.53e-02    -  1.00e+00 1.00e+00f  1
   5  2.1791103e+03 7.43e-04 2.07e+00  -2.5 3.84e-02    -  1.00e+00 3.40e-01f  1
   6  2.1788185e+03 5.69e-05 1.05e+00  -2.5 1.59e-02    -  7.95e-01 1.00e+00h  1
   7  2.1784228e+03 1.03e-04 8.62e-03  -2.5 3.34e-02    -  1.00e+00 1.00e+00h  1
   8  2.1781243e+03 4.13e-05 1.77e-01  -3.8 2.51e-02    -  6.58e-01 1.00e+00h  1
   9  2.1780944e+03 1.16e-05 7.18e-04  -3.8 1.26e-02    -  1.00e+00 1.00e+00h  1
iter    objective    inf_pr   inf_du lg(mu)  ||d||  lg(rg) alpha_du alpha_pr  ls
  10  2.1780802e+03 3.11e-06 1.30e-04  -5.7 4.63e-03    -  9.55e-01 9.57e-01h  1
  11  2.1780804e+03 1.62e-06 8.43e-03  -5.7 1.42e-03    -  1.00e+00 5.00e-01f  2
  12  2.1780806e+03 8.26e-08 2.14e-06  -5.7 7.97e-04    -  1.00e+00 1.00e+00h  1
  13  2.1780804e+03 2.37e-10 7.13e-09  -7.0 4.59e-05    -  1.00e+00 1.00e+00h  1

Number of Iterations....: 13

                                   (scaled)                 (unscaled)
Objective...............:   9.3602397241201629e+01    2.1780804209897578e+03
Dual infeasibility......:   7.1294614656380872e-09    1.6589896079789668e-07
Constraint violation....:   2.3740770460634053e-10    2.3740770460634053e-10
Variable bound violation:   8.5708497229835288e-09    8.5708497229835288e-09
Complementarity.........:   9.7531209452374389e-08    2.2695018931647691e-06
Overall NLP error.......:   9.7531209452374389e-08    2.2695018931647691e-06


Number of objective function evaluations             = 15
Number of objective gradient evaluations             = 14
Number of equality constraint evaluations            = 15
Number of inequality constraint evaluations          = 15
Number of equality constraint Jacobian evaluations   = 14
Number of inequality constraint Jacobian evaluations = 14
Number of Lagrangian Hessian evaluations             = 13
Total seconds in IPOPT                               = 0.005

EXIT: Optimal Solution Found.

