Solver command line: ['/opt/homebrew/bin/ipopt', '/var/folders/6y/bvynbx6n3zv7z3lwg6vd724r0000gn/T/tmp3tw56oyw.pyomo.nl', '-AMPL', 'tol=1e-06', 'max_iter=300', 'print_level=5', 'warm_start_init_point=yes', 'warm_start_bound_push=1e-06', 'warm_start_bound_frac=1e-06', 'warm_start_mult_bound_push=1e-06', 'mu_init=1e-06', 'least_square_init_duals=no']

Ipopt 3.14.19: tol=1e-06
max_iter=300
print_level=5
warm_start_init_point=yes
warm_start_bound_push=1e-06
warm_start_bound_frac=1e-06
warm_start_mult_bound_push=1e-06
mu_init=1e-06
least_square_init_duals=no


******************************************************************************
This program contains Ipopt, a library for large-scale nonlinear optimization.
 Ipopt is released as open source code under the Eclipse Public License (EPL).
         For more information visit https://github.com/coin-or/Ipopt
******************************************************************************

This is Ipopt version 3.14.19, running with linear solver MUMPS 5.6.2.

Number of nonzeros in equality constraint Jacobian...:      224
Number of nonzeros in inequality constraint Jacobian.:      160
Number of nonzeros in Lagrangian Hessian.............:      122

Total number of variables............................:       35
                     variables with only lower bounds:        0
                variables with lower and upper bounds:       35
                     variables with only upper bounds:        0
Total number of equality constraints.................:       29
Total number of inequality constraints...............:       40
        inequality constraints with only lower bounds:        0
   inequality constraints with lower and upper bounds:        0
        inequality constraints with only upper bounds:       40

iter    objective    inf_pr   inf_du lg(mu)  ||d||  lg(rg) alpha_du alpha_pr  ls
   0  2.0330117e+03 1.70e+00 5.00e+01  -6.0 0.00e+00    -  0.00e+00 0.00e+00   0
   1  2.0346313e+03 1.53e+00 4.49e+01  -6.0 8.91e-01    -  1.00e+00 9.92e-02h  1
   2  2.1812856e+03 1.10e-02 3.13e+00  -6.0 8.30e-01    -  1.00e+00 1.00e+00H  1
   3  2.1787971e+03 8.45e-04 4.28e-01  -6.0 7.51e-02    -  8.91e-01 9.25e-01h  1
   4  2.1781262e+03 3.80e-05 8.73e-02  -6.0 1.10e-02    -  8.83e-01 1.00e+00h  1
   5  2.1780812e+03 6.03e-07 5.77e-06  -6.0 1.34e-03    -  1.00e+00 1.00e+00h  1
   6  2.1780805e+03 9.74e-10 5.74e-09  -6.0 6.56e-05    -  1.00e+00 1.00e+00h  1
   7  2.1780804e+03 5.38e-11 1.59e-09  -7.0 2.25e-05    -  1.00e+00 1.00e+00h  1

Number of Iterations....: 7

                                   (scaled)                 (unscaled)
Objective...............:   9.3602397244994265e+01    2.1780804210780107e+03
Dual infeasibility......:   1.5877823500431987e-09    3.6946891867636112e-08
Constraint violation....:   5.3773568930992610e-11    5.3773568930992610e-11
Variable bound violation:   8.5708537546508627e-09    8.5708537546508627e-09
Complementarity.........:   9.2442024918050118e-08    2.1510791441784179e-06
Overall NLP error.......:   9.2442024918050118e-08    2.1510791441784179e-06


Number of objective function evaluations             = 9
Number of objective gradient evaluations             = 8
Number of equality constraint evaluations            = 9
Number of inequality constraint evaluations          = 9
Number of equality constraint Jacobian evaluations   = 8
Number of inequality constraint Jacobian evaluations = 8
Number of Lagrangian Hessian evaluations             = 7
Total seconds in IPOPT                               = 0.003

EXIT: Optimal Solution Found.

