Solver command line: ['/opt/homebrew/bin/ipopt', '/var/folders/6y/bvynbx6n3zv7z3lwg6vd724r0000gn/T/tmpkwwxo1kx.pyomo.nl', '-AMPL', 'tol=1e-06', 'max_iter=300', 'print_level=5', 'warm_start_init_point=yes', 'warm_start_bound_push=1e-06', 'warm_start_bound_frac=1e-06', 'warm_start_mult_bound_push=1e-06', 'mu_init=1e-06', 'least_square_init_duals=no']

Ipopt 3.14.19: tol=1e-06
max_iter=300
print_level=5
warm_start_init_point=yes
warm_start_bound_push=1e-06
warm_start_bound_frac=1e-06
warm_start_mult_bound_push=1e-06
mu_init=1e-06
least_square_init_duals=no


******************************************************************************
This program contains Ipopt, a library for large-scale nonlinear optimization.
 Ipopt is released as open source code under the Eclipse Public License (EPL).
         For more information visit https://github.com/coin-or/Ipopt
******************************************************************************

This is Ipopt version 3.14.19, running with linear solver MUMPS 5.6.2.

Number of nonzeros in equality constraint Jacobian...:      224
Number of nonzeros in inequality constraint Jacobian.:      160
Number of nonzeros in Lagrangian Hessian.............:      122

Total number of variables............................:       35
                     variables with only lower bounds:        0
                variables with lower and upper bounds:       35
                     variables with only upper bounds:        0
Total number of equality constraints.................:       29
Total number of inequality constraints...............:       40
        inequality constraints with only lower bounds:        0
   inequality constraints with lower and upper bounds:        0
        inequality constraints with only upper bounds:       40

iter    objective    inf_pr   inf_du lg(mu)  ||d||  lg(rg) alpha_du alpha_pr  ls
   0  2.1780818e+03 2.55e+00 3.64e+01  -6.0 0.00e+00    -  0.00e+00 0.00e+00   0
   1  2.1764811e+03 2.55e+00 3.64e+01  -6.0 2.93e+04    -  4.05e-06 4.05e-06f  1
   2  2.1762126e+03 2.55e+00 3.64e+01  -6.0 3.94e+03    -  8.10e-05 2.06e-05f  1
   3  2.1761991e+03 2.55e+00 3.64e+01  -6.0 2.90e-01    -  3.09e-04 1.19e-04h  1
   4  2.1758148e+03 2.55e+00 3.63e+01  -6.0 3.05e+02    -  7.00e-04 1.31e-03f  1
   5  2.1679309e+03 2.54e+00 3.63e+01  -6.0 3.07e+02    -  2.70e-04 1.30e-03f  1
   6  2.0646211e+03 1.54e-01 4.65e+01  -6.0 2.89e-01    -  5.72e-04 9.92e-01f  1
   7  2.0662140e+03 1.52e-01 4.58e+01  -6.0 3.31e+00    -  1.00e+00 1.44e-02h  1
   8  2.1625569e+03 2.18e-02 5.71e+00  -6.0 3.27e+00    -  1.50e-01 8.76e-01h  1
   9  2.1653424e+03 1.79e-02 4.68e+00  -6.0 4.49e-01    -  6.69e-02 1.81e-01h  1
iter    objective    inf_pr   inf_du lg(mu)  ||d||  lg(rg) alpha_du alpha_pr  ls
  10  2.1655682e+03 1.76e-02 4.60e+00  -6.0 3.70e-01    -  1.00e+00 1.79e-02h  1
  11  2.1748086e+03 4.55e-03 1.19e+00  -6.0 3.63e-01    -  4.46e-01 7.42e-01h  1
  12  2.1780765e+03 1.49e-05 1.13e-03  -6.0 9.10e-02    -  1.00e+00 1.00e+00h  1
  13  2.1780799e+03 2.93e-06 9.13e-05  -6.0 4.76e-03    -  1.00e+00 1.00e+00h  1
  14  2.1780805e+03 1.44e-07 4.53e-06  -6.0 1.06e-03    -  1.00e+00 1.00e+00h  1
  15  2.1780804e+03 7.98e-10 2.57e-08  -7.0 7.64e-05    -  1.00e+00 1.00e+00h  1

Number of Iterations....: 15

                                   (scaled)                 (unscaled)
Objective...............:   9.3602397235354957e+01    2.1780804208537088e+03
Dual infeasibility......:   2.5687569404908572e-08    5.9773674214210364e-07
Constraint violation....:   7.9795062224441438e-10    7.9795062224441438e-10
Variable bound violation:   8.5708475947321686e-09    8.5708475947321686e-09
Complementarity.........:   1.0944041359378260e-07    2.5466230474780427e-06
Overall NLP error.......:   1.0944041359378260e-07    2.5466230474780427e-06


Number of objective function evaluations             = 16
Number of objective gradient evaluations             = 16
Number of equality constraint evaluations            = 16
Number of inequality constraint evaluations          = 17
Number of equality constraint Jacobian evaluations   = 16
Number of inequality constraint Jacobian evaluations = 16
Number of Lagrangian Hessian evaluations             = 15
Total seconds in IPOPT                               = 0.006

EXIT: Optimal Solution Found.

