Solver command line: ['/opt/homebrew/bin/ipopt', '/var/folders/6y/bvynbx6n3zv7z3lwg6vd724r0000gn/T/tmp7b7iwjbt.pyomo.nl', '-AMPL', 'tol=1e-06', 'max_iter=300', 'print_level=5', 'warm_start_init_point=yes', 'warm_start_bound_push=1e-06', 'warm_start_bound_frac=1e-06', 'warm_start_mult_bound_push=1e-06', 'mu_init=1e-06', 'least_square_init_duals=no']

Ipopt 3.14.19: tol=1e-06
max_iter=300
print_level=5
warm_start_init_point=yes
warm_start_bound_push=1e-06
warm_start_bound_frac=1e-06
warm_start_mult_bound_push=1e-06
mu_init=1e-06
least_square_init_duals=no


******************************************************************************
This program contains Ipopt, a library for large-scale nonlinear optimization.
 Ipopt is released as open source code under the Eclipse Public License (EPL).
         For more information visit https://github.com/coin-or/Ipopt
******************************************************************************

This is Ipopt version 3.14.19, running with linear solver MUMPS 5.6.2.

Number of nonzeros in equality constraint Jacobian...:      224
Number of nonzeros in inequality constraint Jacobian.:      160
Number of nonzeros in Lagrangian Hessian.............:      122

Total number of variables............................:       35
                     variables with only lower bounds:        0
                variables with lower and upper bounds:       35
                     variables with only upper bounds:        0
Total number of equality constraints.................:       29
Total number of inequality constraints...............:       40
        inequality constraints with only lower bounds:        0
   inequality constraints with lower and upper bounds:        0
        inequality constraints with only upper bounds:       40

iter    objective    inf_pr   inf_du lg(mu)  ||d||  lg(rg) alpha_du alpha_pr  ls
   0  2.0330117e+03 1.05e+00 6.36e+01  -6.0 0.00e+00    -  0.00e+00 0.00e+00   0
   1  2.0174732e+03 1.05e+00 6.36e+01  -6.0 1.37e+02    -  3.95e-03 2.62e-04f  1
   2  1.6006122e+03 1.04e+00 6.31e+01  -6.0 1.40e+02    -  7.38e-03 6.92e-03f  1
   3  1.6019185e+03 1.04e+00 2.51e+01  -6.0 1.08e+00    -  5.99e-01 2.27e-03h  1
   4  2.1768917e+03 2.28e-03 6.73e+00  -6.0 1.07e+00    -  7.36e-01 1.00e+00h  1
   5  2.1780804e+03 2.52e-07 6.94e-03  -6.0 7.30e-02    -  9.99e-01 1.00e+00h  1
   6  2.1780805e+03 3.18e-12 2.93e-10  -6.0 6.88e-06    -  1.00e+00 1.00e+00h  1
   7  2.1780804e+03 5.38e-11 1.59e-09  -7.0 2.25e-05    -  1.00e+00 1.00e+00h  1

Number of Iterations....: 7

                                   (scaled)                 (unscaled)
Objective...............:   9.3602397244997718e+01    2.1780804210780911e+03
Dual infeasibility......:   1.5858976354365950e-09    3.6903035512406034e-08
Constraint violation....:   5.3767101881874169e-11    5.3767101881874169e-11
Variable bound violation:   8.5708537544904889e-09    8.5708537544904889e-09
Complementarity.........:   9.2439890509167595e-08    2.1510294775637325e-06
Overall NLP error.......:   9.2439890509167595e-08    2.1510294775637325e-06


Number of objective function evaluations             = 8
Number of objective gradient evaluations             = 8
Number of equality constraint evaluations            = 8
Number of inequality constraint evaluations          = 9
Number of equality constraint Jacobian evaluations   = 8
Number of inequality constraint Jacobian evaluations = 8
Number of Lagrangian Hessian evaluations             = 7
Total seconds in IPOPT                               = 0.003

EXIT: Optimal Solution Found.

