Solver command line: ['/opt/homebrew/bin/ipopt', '/var/folders/6y/bvynbx6n3zv7z3lwg6vd724r0000gn/T/tmpxxyg816f.pyomo.nl', '-AMPL', 'tol=1e-06', 'max_iter=300', 'print_level=5', 'warm_start_init_point=yes', 'warm_start_bound_push=1e-06', 'warm_start_bound_frac=1e-06', 'warm_start_mult_bound_push=1e-06', 'mu_init=1e-06', 'least_square_init_duals=no']

Ipopt 3.14.19: tol=1e-06
max_iter=300
print_level=5
warm_start_init_point=yes
warm_start_bound_push=1e-06
warm_start_bound_frac=1e-06
warm_start_mult_bound_push=1e-06
mu_init=1e-06
least_square_init_duals=no


******************************************************************************
This program contains Ipopt, a library for large-scale nonlinear optimization.
 Ipopt is released as open source code under the Eclipse Public License (EPL).
         For more information visit https://github.com/coin-or/Ipopt
******************************************************************************

This is Ipopt version 3.14.19, running with linear solver MUMPS 5.6.2.

Number of nonzeros in equality constraint Jacobian...:       79
Number of nonzeros in inequality constraint Jacobian.:       48
Number of nonzeros in Lagrangian Hessian.............:       39

Total number of variables............................:       20
                     variables with only lower bounds:        0
                variables with lower and upper bounds:       20
                     variables with only upper bounds:        0
Total number of equality constraints.................:       11
Total number of inequality constraints...............:       12
        inequality constraints with only lower bounds:        0
   inequality constraints with lower and upper bounds:        0
        inequality constraints with only upper bounds:       12

iter    objective    inf_pr   inf_du lg(mu)  ||d||  lg(rg) alpha_du alpha_pr  ls
   0  1.7551891e+04 4.83e+00 5.89e+03  -6.0 0.00e+00    -  0.00e+00 0.00e+00   0
   1  1.7551370e+04 4.83e+00 5.89e+03  -6.0 7.14e+02  -2.0 1.23e-03 2.59e-06f  1
   2  1.7318569e+04 4.80e+00 5.85e+03  -6.0 1.32e+02  -1.6 3.06e-02 6.32e-03f  1
   3  1.6934525e+04 4.79e+00 5.84e+03  -6.0 1.62e+03  -2.1 2.82e-04 6.84e-04f  1
   4  1.6931239e+04 4.79e+00 5.84e+03  -6.0 5.39e+01    -  2.66e-02 3.18e-04f  1
   5  1.6927243e+04 4.79e+00 5.84e+03  -6.0 9.87e+01    -  1.67e-02 2.42e-04f  1
   6  1.6807787e+04 4.47e+00 5.48e+03  -6.0 1.77e+01    -  5.26e-02 6.47e-02f  1
   7  1.6806954e+04 4.47e+00 5.47e+03  -6.0 3.74e+00    -  2.24e-01 5.63e-04h  1
   8  1.6403478e+04 3.32e+00 4.37e+03  -6.0 3.76e+00    -  2.82e-01 2.58e-01f  1
   9  1.4919334e+04 2.31e+00 3.16e+03  -6.0 6.82e+00    -  3.62e-01 3.04e-01f  1
iter    objective    inf_pr   inf_du lg(mu)  ||d||  lg(rg) alpha_du alpha_pr  ls
  10  1.4919333e+04 2.31e+00 3.16e+03  -6.0 6.99e+00    -  6.64e-01 1.50e-06h  1
  11  1.4956036e+04 7.25e-01 7.20e+02  -6.0 6.04e+00    -  2.23e-06 6.91e-01h  1
  12  1.4957164e+04 7.21e-01 7.16e+02  -6.0 3.71e+01    -  1.16e-02 4.62e-03h  1
  13  1.4957222e+04 7.21e-01 7.16e+02  -6.0 4.93e+00    -  9.63e-03 7.94e-04h  1
  14  1.6788544e+04 2.03e-01 2.20e+02  -6.0 1.21e+00    -  1.41e-06 7.62e-01h  1
  15  1.6823112e+04 1.94e-01 1.68e+02  -6.0 3.96e-01    -  8.49e-01 4.39e-02h  1
  16  1.7566565e+04 2.61e-03 3.45e+01  -6.0 4.80e-01    -  6.58e-06 1.00e+00h  1
  17  1.7544824e+04 1.39e-02 1.86e+01  -6.0 2.54e+00    -  2.56e-01 4.67e-01f  1
  18  1.7551878e+04 1.71e-05 2.37e-03  -6.0 5.26e-01    -  1.00e+00 1.00e+00h  1
  19  1.7551891e+04 6.41e-09 2.77e-06  -6.0 1.31e-03    -  1.00e+00 1.00e+00h  1
iter    objective    inf_pr   inf_du lg(mu)  ||d||  lg(rg) alpha_du alpha_pr  ls
  20  1.7551891e+04 6.74e-13 4.37e-10  -7.0 6.36e-06    -  1.00e+00 1.00e+00h  1

Number of Iterations....: 20

                                   (scaled)                 (unscaled)
Objective...............:   4.3879727167207386e+02    1.7551890866882954e+04
Dual infeasibility......:   4.3746695155277848e-10    1.7498678062111139e-08
Constraint violation....:   4.8103035663502816e-13    6.7412742055239495e-13
Variable bound violation:   0.0000000000000000e+00    0.0000000000000000e+00
Complementarity.........:   9.0921681405100594e-08    3.6368672562040236e-06
Overall NLP error.......:   9.0921681405100594e-08    3.6368672562040236e-06


Number of objective function evaluations             = 21
Number of objective gradient evaluations             = 21
Number of equality constraint evaluations            = 21
Number of inequality constraint evaluations          = 22
Number of equality constraint Jacobian evaluations   = 21
Number of inequality constraint Jacobian evaluations = 21
Number of Lagrangian Hessian evaluations             = 20
Total seconds in IPOPT                               = 0.004

EXIT: Optimal Solution Found.

