Solver command line: ['/opt/homebrew/bin/ipopt', '/var/folders/6y/bvynbx6n3zv7z3lwg6vd724r0000gn/T/tmppvo1kxyw.pyomo.nl', '-AMPL', 'tol=1e-06', 'max_iter=300', 'print_level=5', 'warm_start_init_point=yes', 'warm_start_bound_push=1e-06', 'warm_start_bound_frac=1e-06', 'warm_start_mult_bound_push=1e-06', 'mu_init=1e-06', 'least_square_init_duals=no']

Ipopt 3.14.19: tol=1e-06
max_iter=300
print_level=5
warm_start_init_point=yes
warm_start_bound_push=1e-06
warm_start_bound_frac=1e-06
warm_start_mult_bound_push=1e-06
mu_init=1e-06
least_square_init_duals=no


******************************************************************************
This program contains Ipopt, a library for large-scale nonlinear optimization.
 Ipopt is released as open source code under the Eclipse Public License (EPL).
         For more information visit https://github.com/coin-or/Ipopt
******************************************************************************

This is Ipopt version 3.14.19, running with linear solver MUMPS 5.6.2.

Number of nonzeros in equality constraint Jacobian...:       79
Number of nonzeros in inequality constraint Jacobian.:       48
Number of nonzeros in Lagrangian Hessian.............:       39

Total number of variables............................:       20
                     variables with only lower bounds:        0
                variables with lower and upper bounds:       20
                     variables with only upper bounds:        0
Total number of equality constraints.................:       11
Total number of inequality constraints...............:       12
        inequality constraints with only lower bounds:        0
   inequality constraints with lower and upper bounds:        0
        inequality constraints with only upper bounds:       12

iter    objective    inf_pr   inf_du lg(mu)  ||d||  lg(rg) alpha_du alpha_pr  ls
   0  1.6355000e+04 2.92e+00 1.00e+02  -6.0 0.00e+00    -  0.00e+00 0.00e+00   0
   1  1.4275258e+04 2.92e+00 1.00e+02  -6.0 1.58e+07    -  1.20e-07 6.08e-08f  1
   2  1.4248809e+04 2.92e+00 1.00e+02  -6.0 1.22e+06    -  5.50e-07 6.24e-08f  1
   3  1.4081381e+04 2.92e+00 1.00e+02  -6.0 8.47e+05    -  1.02e-06 6.50e-07f  1
   4  1.4049084e+04 2.92e+00 1.00e+02  -6.0 1.33e+05    -  9.00e-06 1.41e-06f  1
   5  1.4029657e+04 2.92e+00 1.00e+02  -6.0 3.97e+04    -  5.82e-05 9.29e-06f  1
   6  1.3975730e+04 2.92e+00 1.00e+02  -6.0 1.85e+04    -  2.23e-05 2.22e-05f  1
   7  1.3975723e+04 2.92e+00 1.00e+02  -6.0 5.58e+03    -  3.69e-05 1.14e-08f  1
   8  1.3973102e+04 2.92e+00 1.00e+02  -6.0 1.55e+03    -  7.44e-07 7.27e-05f  1
   9  1.3838111e+04 2.92e+00 9.99e+01  -6.0 1.71e+03    -  7.37e-05 7.54e-04f  1
iter    objective    inf_pr   inf_du lg(mu)  ||d||  lg(rg) alpha_du alpha_pr  ls
  10  1.3815569e+04 2.92e+00 9.99e+01  -6.0 4.53e+02    -  3.06e-09 7.75e-05f  1
  11  1.3660316e+04 2.92e+00 9.99e+01  -6.0 1.09e+03    -  4.47e-03 2.28e-04f  1
  12  1.3149726e+04 2.91e+00 9.97e+01  -6.0 6.84e+02    -  4.18e-04 1.58e-03f  1
  13  1.3150068e+04 2.91e+00 9.97e+01  -6.0 4.10e+00    -  1.65e-06 9.16e-05h  1
  14  1.3024086e+04 2.87e+00 9.82e+01  -6.0 8.76e+01    -  1.55e-03 1.56e-02f  1
  15  1.2810626e+04 2.85e+00 9.74e+01  -6.0 6.00e+01    -  1.62e-01 6.65e-03f  1
  16  1.2743539e+04 2.69e+00 9.23e+01  -6.0 1.57e+01    -  2.48e-02 5.28e-02f  1
  17  1.2745466e+04 2.69e+00 9.22e+01  -6.0 2.68e+00    -  7.61e-03 4.25e-04h  1
  18  1.3017847e+04 2.53e+00 8.68e+01  -6.0 1.21e+00    -  6.64e-02 5.88e-02h  1
  19  1.6754846e+04 6.65e-01 1.22e+03  -6.0 1.38e+00    -  1.40e-02 8.49e-01h  1
iter    objective    inf_pr   inf_du lg(mu)  ||d||  lg(rg) alpha_du alpha_pr  ls
  20  1.6764357e+04 5.84e-01 1.05e+03  -6.0 2.38e+00    -  5.45e-01 1.39e-01h  1
  21  1.6764360e+04 5.84e-01 1.05e+03  -6.0 3.41e+00    -  3.16e-01 1.04e-05h  1
  22  1.7119341e+04 3.39e-01 1.70e+02  -6.0 2.10e+00    -  1.51e-01 1.00e+00h  1
  23  1.7223154e+04 2.56e-01 1.28e+02  -6.0 3.49e-01    -  1.00e+00 2.47e-01h  1
  24  1.7545318e+04 4.93e-03 2.98e+00  -6.0 2.64e-01    -  1.00e+00 1.00e+00h  1
  25  1.7551888e+04 2.46e-06 2.64e-03  -6.0 9.96e-03    -  1.00e+00 1.00e+00h  1
  26  1.7551891e+04 9.41e-14 1.43e-09  -6.0 3.31e-06    -  1.00e+00 1.00e+00h  1
  27  1.7551891e+04 5.95e-13 4.80e-10  -7.0 5.48e-06    -  1.00e+00 1.00e+00f  1

Number of Iterations....: 27

                                   (scaled)                 (unscaled)
Objective...............:   4.3879727167207324e+02    1.7551890866882928e+04
Dual infeasibility......:   4.8021320253610611e-10    1.9208528101444244e-08
Constraint violation....:   4.7537652551671359e-13    5.9507954119908391e-13
Variable bound violation:   0.0000000000000000e+00    0.0000000000000000e+00
Complementarity.........:   9.0921778901220861e-08    3.6368711560488342e-06
Overall NLP error.......:   9.0921778901220861e-08    3.6368711560488342e-06


Number of objective function evaluations             = 28
Number of objective gradient evaluations             = 28
Number of equality constraint evaluations            = 28
Number of inequality constraint evaluations          = 29
Number of equality constraint Jacobian evaluations   = 28
Number of inequality constraint Jacobian evaluations = 28
Number of Lagrangian Hessian evaluations             = 27
Total seconds in IPOPT                               = 0.010

EXIT: Optimal Solution Found.

