Solver command line: ['/opt/homebrew/bin/ipopt', '/var/folders/6y/bvynbx6n3zv7z3lwg6vd724r0000gn/T/tmpo6wzuwwy.pyomo.nl', '-AMPL', 'tol=1e-06', 'max_iter=300', 'print_level=5', 'warm_start_init_point=yes', 'warm_start_bound_push=1e-06', 'warm_start_bound_frac=1e-06', 'warm_start_mult_bound_push=1e-06', 'mu_init=1e-06', 'least_square_init_duals=no']

Ipopt 3.14.19: tol=1e-06
max_iter=300
print_level=5
warm_start_init_point=yes
warm_start_bound_push=1e-06
warm_start_bound_frac=1e-06
warm_start_mult_bound_push=1e-06
mu_init=1e-06
least_square_init_duals=no


******************************************************************************
This program contains Ipopt, a library for large-scale nonlinear optimization.
 Ipopt is released as open source code under the Eclipse Public License (EPL).
         For more information visit https://github.com/coin-or/Ipopt
******************************************************************************

This is Ipopt version 3.14.19, running with linear solver MUMPS 5.6.2.

Number of nonzeros in equality constraint Jacobian...:       79
Number of nonzeros in inequality constraint Jacobian.:       48
Number of nonzeros in Lagrangian Hessian.............:       39

Total number of variables............................:       20
                     variables with only lower bounds:        0
                variables with lower and upper bounds:       20
                     variables with only upper bounds:        0
Total number of equality constraints.................:       11
Total number of inequality constraints...............:       12
        inequality constraints with only lower bounds:        0
   inequality constraints with lower and upper bounds:        0
        inequality constraints with only upper bounds:       12

iter    objective    inf_pr   inf_du lg(mu)  ||d||  lg(rg) alpha_du alpha_pr  ls
   0  1.6355000e+04 3.00e+00 9.93e+01  -6.0 0.00e+00    -  0.00e+00 0.00e+00   0
   1  1.1154989e+04 3.00e+00 9.93e+01  -6.0 3.48e+07    -  7.47e-08 7.47e-08f  1
   2  1.1154972e+04 3.00e+00 9.92e+01  -6.0 9.81e+02    -  1.55e-03 4.06e-08f  1
   3  1.0739609e+04 2.99e+00 9.88e+01  -6.0 9.74e+02    -  4.60e-03 1.55e-03f  1
   4  1.0054395e+04 2.98e+00 9.87e+01  -6.0 1.37e+02    -  7.39e-05 4.21e-03f  1
   5  1.0054390e+04 2.98e+00 9.86e+01  -6.0 8.22e+02    -  3.59e-03 1.36e-07h  1
   6  8.9841952e+03 2.78e+00 9.28e+01  -6.0 4.42e+01    -  1.68e-05 6.88e-02f  1
   7  8.9831009e+03 2.77e+00 9.21e+01  -6.0 3.57e+01    -  2.72e-02 3.40e-03h  1
   8  9.0840167e+03 2.60e+00 8.70e+01  -6.0 7.86e+00    -  3.88e-02 6.10e-02h  1
   9  9.8000522e+03 2.16e+00 7.38e+01  -6.0 8.76e+00    -  1.19e-01 1.64e-01h  1
iter    objective    inf_pr   inf_du lg(mu)  ||d||  lg(rg) alpha_du alpha_pr  ls
  10  1.1262134e+04 1.50e+00 3.82e+01  -6.0 9.74e+00    -  1.00e+00 2.93e-01h  1
  11  1.3086253e+04 7.32e-01 1.94e+01  -6.0 7.34e+00    -  4.28e-01 4.90e-01h  1
  12  1.3713252e+04 9.57e-01 1.31e+01  -6.0 4.07e+00    -  1.00e+00 3.29e-01h  1
  13r 1.3713252e+04 9.57e-01 9.99e+02   0.2 0.00e+00    -  0.00e+00 2.72e-07R  2
  14r 1.3719613e+04 9.49e-01 1.00e+03   0.2 2.79e+05    -  6.75e-06 5.64e-08f 11
  15r 1.5377004e+04 1.03e+00 9.99e+02   0.2 1.61e+03    -  7.14e-04 7.61e-04f  1
  16  1.5376954e+04 1.03e+00 9.68e+01  -6.0 1.25e+02    -  2.30e-02 1.07e-06f  1
  17  1.5375171e+04 1.02e+00 9.41e+01  -6.0 4.55e+01    -  1.21e-01 4.19e-03h  1
  18  1.5371524e+04 1.01e+00 9.31e+01  -6.0 5.16e+01    -  3.33e-03 9.54e-03h  1
  19  1.5358461e+04 9.80e-01 9.02e+01  -6.0 3.36e+01    -  3.91e-02 3.04e-02f  1
iter    objective    inf_pr   inf_du lg(mu)  ||d||  lg(rg) alpha_du alpha_pr  ls
  20  1.5353961e+04 9.64e-01 8.82e+01  -6.0 3.25e+01    -  7.63e-03 1.65e-02h  1
  21  1.5354306e+04 9.64e-01 8.97e+01  -6.0 6.70e+01    -  9.47e-03 9.29e-04h  5
  22  1.5354658e+04 9.63e-01 8.97e+01  -6.0 7.52e+01    -  4.91e-03 6.70e-04h  6
  23  1.5355019e+04 9.62e-01 9.03e+01  -6.0 7.49e+01    -  1.75e-02 6.52e-04h  6
  24  1.5355389e+04 9.62e-01 9.06e+01  -6.0 7.41e+01    -  6.41e-03 6.38e-04h  6
  25  1.5355765e+04 9.61e-01 9.13e+01  -6.0 7.36e+01    -  1.15e-02 6.22e-04h  6
  26  1.5358127e+04 9.60e-01 9.11e+01  -6.0 2.15e+01    -  5.62e-08 1.14e-03h  7
  27  1.5358413e+04 9.60e-01 9.17e+01  -6.0 1.46e+01    -  1.29e-01 1.24e-04h 11
  28  1.5358445e+04 9.60e-01 9.17e+01  -6.0 1.06e+01    -  1.05e-03 1.33e-05h 15
  29r 1.5358445e+04 9.60e-01 9.99e+02  -0.0 0.00e+00    -  0.00e+00 4.19e-07R 20
iter    objective    inf_pr   inf_du lg(mu)  ||d||  lg(rg) alpha_du alpha_pr  ls
  30r 1.6093464e+04 3.53e-01 9.94e+02  -0.0 4.16e+03    -  4.58e-03 1.00e-03f  1
  31  1.6091047e+04 3.53e-01 9.90e+01  -6.0 3.78e+05    -  4.11e-06 2.95e-07f  1
  32  1.6065204e+04 4.78e-01 9.90e+01  -6.0 1.19e+05    -  1.58e-05 1.31e-05f  1
  33  1.5328417e+04 6.15e-01 9.90e+01  -6.0 1.71e+05    -  2.29e-11 1.58e-05f  2
  34  1.5302649e+04 6.45e-01 9.90e+01  -6.0 5.53e+03    -  3.69e-04 9.78e-05f  1
  35  1.5195243e+04 7.46e-01 9.90e+01  -6.0 2.12e+03    -  6.55e-04 3.42e-04f  2
  36  1.4995160e+04 8.82e-01 9.89e+01  -6.0 1.60e+03    -  3.15e-03 8.76e-04f  2
  37  1.4838429e+04 1.00e+00 9.86e+01  -6.0 2.59e+02    -  6.25e-03 2.77e-03f  2
  38  1.4817277e+04 1.00e+00 9.87e+01  -6.0 1.44e+02    -  5.70e-02 1.26e-03f  5
  39  1.4794732e+04 1.01e+00 9.83e+01  -6.0 6.73e+01    -  3.19e-02 5.09e-03f  4
iter    objective    inf_pr   inf_du lg(mu)  ||d||  lg(rg) alpha_du alpha_pr  ls
  40  1.5568211e+04 7.73e-01 1.06e+02  -6.0 7.06e+00    -  1.39e-01 2.62e-01h  1
  41  1.5508513e+04 7.72e-01 1.06e+02  -6.0 1.24e+03    -  6.82e-06 1.07e-03f  2
  42  1.5449034e+04 7.71e-01 1.06e+02  -6.0 1.18e+03    -  4.63e-03 1.06e-03f  1
  43r 1.5449034e+04 7.71e-01 9.99e+02   0.1 0.00e+00    -  0.00e+00 4.10e-07R  3
  44r 1.5542840e+04 7.80e-01 9.99e+02   0.1 1.48e+06    -  6.72e-06 1.60e-06f  1
  45r 1.5546769e+04 7.76e-01 9.98e+02   0.1 1.98e+04    -  6.82e-04 1.56e-06f  1
  46r 1.5598227e+04 8.16e-01 9.98e+02   0.1 1.42e+05    -  3.21e-05 1.40e-05f  1
  47r 1.5869436e+04 7.13e-01 9.98e+02   0.1 8.74e+02    -  8.68e-05 7.67e-04f  1
  48r 1.6898351e+04 2.86e-01 9.96e+02   0.1 6.44e+02    -  6.08e-03 1.81e-03f  1
  49  1.6059734e+04 1.03e+00 9.98e+01  -6.0 1.99e+07    -  9.76e-09 8.96e-08f  1
iter    objective    inf_pr   inf_du lg(mu)  ||d||  lg(rg) alpha_du alpha_pr  ls
  50  1.6024889e+04 1.03e+00 9.98e+01  -6.0 5.49e+07    -  1.31e-08 1.26e-08f  1
  51  1.5807053e+04 1.00e+00 9.98e+01  -6.0 1.63e+06    -  2.30e-12 2.26e-07f  2
  52  1.5806923e+04 1.00e+00 9.98e+01  -6.0 4.13e+06    -  1.20e-06 1.48e-10f  1
  53  1.5752373e+04 9.83e-01 9.98e+01  -6.0 1.97e+06    -  2.19e-07 7.17e-08f  3
  54  1.5742134e+04 9.78e-01 9.98e+01  -6.0 1.35e+06    -  1.97e-06 2.54e-08f  5
  55  1.5732531e+04 9.73e-01 9.98e+01  -6.0 1.13e+06    -  6.55e-07 3.08e-08f  5
  56  1.5730280e+04 9.72e-01 9.98e+01  -6.0 9.71e+05    -  4.30e-06 9.12e-09f  7
  57  1.5729171e+04 9.71e-01 9.98e+01  -6.0 7.09e+05    -  1.10e-06 6.28e-09f  8
  58  1.5588410e+04 1.03e+00 9.98e+01  -6.0 6.11e+05    -  1.26e-05 9.35e-07f  1
  59  1.5588410e+04 1.03e+00 9.97e+01  -6.0 3.31e+03    -  4.58e-04 2.21e-09h  2
iter    objective    inf_pr   inf_du lg(mu)  ||d||  lg(rg) alpha_du alpha_pr  ls
  60  1.5556647e+04 1.41e+00 9.97e+01  -6.0 2.06e+03    -  8.66e-04 6.94e-04f  1
  61  1.5055824e+04 1.48e+00 9.81e+01  -6.0 2.01e+02    -  3.09e-02 1.01e-02f  1
  62  1.5047931e+04 1.66e+00 9.50e+01  -6.0 5.01e+01    -  3.18e-02 3.13e-02h  1
  63  1.5045395e+04 1.57e+00 8.45e+01  -6.0 9.48e+00    -  1.97e-01 8.29e-02h  1
  64  1.5043637e+04 1.56e+00 8.13e+01  -6.0 1.89e+01    -  1.24e-01 2.41e-02h  1
  65r 1.5043637e+04 1.56e+00 9.99e+02   0.3 0.00e+00    -  0.00e+00 9.34e-08R  2
  66r 1.5044517e+04 1.58e+00 9.99e+02   0.3 5.46e+05    -  4.43e-07 1.43e-06f  1
  67r 1.5080021e+04 1.56e+00 9.99e+02   0.3 2.06e+03    -  7.50e-03 2.68e-04f  1
  68r 1.5080021e+04 1.56e+00 9.99e+02   0.2 0.00e+00    -  0.00e+00 7.32e-08R  2
  69r 1.5081344e+04 1.56e+00 1.00e+03   0.2 1.23e+06    -  1.29e-06 8.74e-09f 11
iter    objective    inf_pr   inf_du lg(mu)  ||d||  lg(rg) alpha_du alpha_pr  ls
  70r 1.5551420e+04 1.27e+00 9.99e+02   0.2 1.58e+03    -  1.74e-03 1.00e-03f  1
  71  1.5565588e+04 1.26e+00 9.89e+01  -6.0 1.60e+01    -  2.03e-04 1.05e-02h  2
  72  1.5597343e+04 1.23e+00 9.67e+01  -6.0 1.28e+01    -  1.61e-01 2.14e-02h  1
  73  1.5934845e+04 9.97e-01 7.82e+01  -6.0 4.03e+00    -  2.76e-02 1.92e-01h  1
  74  1.6218595e+04 8.14e-01 6.32e+01  -6.0 1.48e+00    -  1.00e+00 1.85e-01h  1
  75  1.7128670e+04 2.74e-01 1.62e+02  -6.0 1.49e+00    -  1.70e-01 7.03e-01h  1
  76  1.7272820e+04 1.76e-01 9.21e+01  -6.0 9.87e-01    -  1.00e+00 3.67e-01h  1
  77  1.7544386e+04 5.97e-03 2.43e+01  -6.0 5.20e-01    -  4.27e-01 1.00e+00h  1
  78  1.7551743e+04 1.17e-04 6.52e-02  -6.0 4.19e-02    -  9.92e-01 1.00e+00h  1
  79  1.7551891e+04 4.60e-10 6.50e-07  -6.0 2.69e-04    -  1.00e+00 1.00e+00h  1
iter    objective    inf_pr   inf_du lg(mu)  ||d||  lg(rg) alpha_du alpha_pr  ls
  80  1.7551891e+04 6.00e-13 4.73e-10  -7.0 6.04e-06    -  1.00e+00 1.00e+00h  1

Number of Iterations....: 80

                                   (scaled)                 (unscaled)
Objective...............:   4.3879727167207284e+02    1.7551890866882914e+04
Dual infeasibility......:   4.7293724492192268e-10    1.8917489796876907e-08
Constraint violation....:   4.8002061370950886e-13    5.9996452250743459e-13
Variable bound violation:   0.0000000000000000e+00    0.0000000000000000e+00
Complementarity.........:   9.0921785545087565e-08    3.6368714218035025e-06
Overall NLP error.......:   9.0921785545087565e-08    3.6368714218035025e-06


Number of objective function evaluations             = 251
Number of objective gradient evaluations             = 74
Number of equality constraint evaluations            = 251
Number of inequality constraint evaluations          = 251
Number of equality constraint Jacobian evaluations   = 86
Number of inequality constraint Jacobian evaluations = 86
Number of Lagrangian Hessian evaluations             = 80
Total seconds in IPOPT                               = 0.024

EXIT: Optimal Solution Found.

