Solver command line: ['/opt/homebrew/bin/ipopt', '/var/folders/6y/bvynbx6n3zv7z3lwg6vd724r0000gn/T/tmpunwlguh3.pyomo.nl', '-AMPL', 'tol=1e-06', 'max_iter=300', 'print_level=5', 'warm_start_init_point=yes', 'warm_start_bound_push=1e-06', 'warm_start_bound_frac=1e-06', 'warm_start_mult_bound_push=1e-06', 'mu_init=1e-06', 'least_square_init_duals=no']

Ipopt 3.14.19: tol=1e-06
max_iter=300
print_level=5
warm_start_init_point=yes
warm_start_bound_push=1e-06
warm_start_bound_frac=1e-06
warm_start_mult_bound_push=1e-06
mu_init=1e-06
least_square_init_duals=no


******************************************************************************
This program contains Ipopt, a library for large-scale nonlinear optimization.
 Ipopt is released as open source code under the Eclipse Public License (EPL).
         For more information visit https://github.com/coin-or/Ipopt
******************************************************************************

This is Ipopt version 3.14.19, running with linear solver MUMPS 5.6.2.

Number of nonzeros in equality constraint Jacobian...:       79
Number of nonzeros in inequality constraint Jacobian.:       48
Number of nonzeros in Lagrangian Hessian.............:       39

Total number of variables............................:       20
                     variables with only lower bounds:        0
                variables with lower and upper bounds:       20
                     variables with only upper bounds:        0
Total number of equality constraints.................:       11
Total number of inequality constraints...............:       12
        inequality constraints with only lower bounds:        0
   inequality constraints with lower and upper bounds:        0
        inequality constraints with only upper bounds:       12

iter    objective    inf_pr   inf_du lg(mu)  ||d||  lg(rg) alpha_du alpha_pr  ls
   0  1.6355000e+04 1.71e+00 1.00e+02  -6.0 0.00e+00    -  0.00e+00 0.00e+00   0
   1  1.6265196e+04 1.71e+00 1.00e+02  -6.0 1.71e+06    -  3.30e-07 3.29e-08f  1
   2  1.6116060e+04 1.71e+00 1.00e+02  -6.0 1.47e+06    -  6.14e-07 3.29e-07f  1
   3  1.6051098e+04 1.71e+00 1.00e+02  -6.0 4.37e+05    -  6.43e-06 7.28e-07f  1
   4  1.6030278e+04 1.71e+00 1.00e+02  -6.0 1.22e+05    -  2.12e-05 9.09e-06f  1
   5  1.6030313e+04 1.71e+00 1.00e+02  -6.0 4.11e+01    -  3.35e-02 3.73e-05h  1
   6  1.6960422e+04 6.54e-01 1.76e+02  -6.0 2.85e+00    -  4.20e-01 6.17e-01h  1
   7  1.7080449e+04 5.29e-01 1.45e+02  -6.0 1.07e+00    -  2.77e-02 1.91e-01h  1
   8  1.7511304e+04 3.57e-02 1.36e+02  -6.0 9.06e-01    -  1.00e+00 1.00e+00h  1
   9  1.7547320e+04 3.56e-03 1.48e-01  -6.0 1.23e-01    -  1.00e+00 1.00e+00h  1
iter    objective    inf_pr   inf_du lg(mu)  ||d||  lg(rg) alpha_du alpha_pr  ls
  10  1.7551890e+04 5.53e-07 5.67e-04  -6.0 2.56e-03    -  1.00e+00 1.00e+00h  1
  11  1.7551891e+04 6.66e-14 5.37e-11  -6.0 1.19e-06    -  1.00e+00 1.00e+00h  1
  12  1.7551891e+04 5.87e-13 4.74e-10  -7.0 5.45e-06    -  1.00e+00 1.00e+00f  1

Number of Iterations....: 12

                                   (scaled)                 (unscaled)
Objective...............:   4.3879727167207324e+02    1.7551890866882928e+04
Dual infeasibility......:   4.7384673962369561e-10    1.8953869584947824e-08
Constraint violation....:   4.1826795537265558e-13    5.8708593542178278e-13
Variable bound violation:   0.0000000000000000e+00    0.0000000000000000e+00
Complementarity.........:   9.0921778900831398e-08    3.6368711560332556e-06
Overall NLP error.......:   9.0921778900831398e-08    3.6368711560332556e-06


Number of objective function evaluations             = 13
Number of objective gradient evaluations             = 13
Number of equality constraint evaluations            = 13
Number of inequality constraint evaluations          = 14
Number of equality constraint Jacobian evaluations   = 13
Number of inequality constraint Jacobian evaluations = 13
Number of Lagrangian Hessian evaluations             = 12
Total seconds in IPOPT                               = 0.003

EXIT: Optimal Solution Found.

