Solver command line: ['/opt/homebrew/bin/ipopt', '/var/folders/6y/bvynbx6n3zv7z3lwg6vd724r0000gn/T/tmpt4rtlggv.pyomo.nl', '-AMPL', 'tol=1e-06', 'max_iter=300', 'print_level=5', 'warm_start_init_point=yes', 'warm_start_bound_push=1e-06', 'warm_start_bound_frac=1e-06', 'warm_start_mult_bound_push=1e-06', 'mu_init=1e-06', 'least_square_init_duals=no']

Ipopt 3.14.19: tol=1e-06
max_iter=300
print_level=5
warm_start_init_point=yes
warm_start_bound_push=1e-06
warm_start_bound_frac=1e-06
warm_start_mult_bound_push=1e-06
mu_init=1e-06
least_square_init_duals=no


******************************************************************************
This program contains Ipopt, a library for large-scale nonlinear optimization.
 Ipopt is released as open source code under the Eclipse Public License (EPL).
         For more information visit https://github.com/coin-or/Ipopt
******************************************************************************

This is Ipopt version 3.14.19, running with linear solver MUMPS 5.6.2.

Number of nonzeros in equality constraint Jacobian...:       79
Number of nonzeros in inequality constraint Jacobian.:       48
Number of nonzeros in Lagrangian Hessian.............:       39

Total number of variables............................:       20
                     variables with only lower bounds:        0
                variables with lower and upper bounds:       20
                     variables with only upper bounds:        0
Total number of equality constraints.................:       11
Total number of inequality constraints...............:       12
        inequality constraints with only lower bounds:        0
   inequality constraints with lower and upper bounds:        0
        inequality constraints with only upper bounds:       12

iter    objective    inf_pr   inf_du lg(mu)  ||d||  lg(rg) alpha_du alpha_pr  ls
   0  1.7551891e+04 2.12e-05 9.93e+01  -6.0 0.00e+00    -  0.00e+00 0.00e+00   0
   1  1.7478318e+04 5.81e-02 9.93e+01  -6.0 1.26e+06    -  1.58e-06 3.44e-08f  1
   2  1.7477899e+04 5.82e-02 9.93e+01  -6.0 7.47e+03    -  1.82e-04 2.46e-06f  1
   3  1.7477628e+04 5.83e-02 9.92e+01  -6.0 7.08e+01    -  8.12e-02 3.53e-04f  1
   4  1.7487727e+04 5.11e-02 8.59e+01  -6.0 3.86e-01    -  2.27e-01 1.34e-01h  1
   5  1.7614634e+04 2.17e-04 5.00e+02  -6.0 5.15e-01    -  1.00e+00 1.00e+00H  1
   6  1.7551804e+04 2.46e-04 4.29e+00  -6.0 4.48e-01    -  1.00e+00 1.00e+00F  1
   7  1.7551866e+04 1.94e-05 2.77e-02  -6.0 9.07e-03    -  1.00e+00 1.00e+00h  1
   8  1.7551891e+04 7.00e-11 3.56e-06  -6.0 8.41e-05    -  1.00e+00 1.00e+00h  1
   9  1.7551891e+04 5.98e-13 4.75e-10  -7.0 5.44e-06    -  1.00e+00 1.00e+00h  1

Number of Iterations....: 9

                                   (scaled)                 (unscaled)
Objective...............:   4.3879727167207341e+02    1.7551890866882935e+04
Dual infeasibility......:   4.7475623432546854e-10    1.8990249373018742e-08
Constraint violation....:   4.2682343627800539e-13    5.9818816566803434e-13
Variable bound violation:   0.0000000000000000e+00    0.0000000000000000e+00
Complementarity.........:   9.0921775271720695e-08    3.6368710108688275e-06
Overall NLP error.......:   9.0921775271720695e-08    3.6368710108688275e-06


Number of objective function evaluations             = 12
Number of objective gradient evaluations             = 10
Number of equality constraint evaluations            = 12
Number of inequality constraint evaluations          = 13
Number of equality constraint Jacobian evaluations   = 10
Number of inequality constraint Jacobian evaluations = 10
Number of Lagrangian Hessian evaluations             = 9
Total seconds in IPOPT                               = 0.002

EXIT: Optimal Solution Found.

