Solver command line: ['/opt/homebrew/bin/ipopt', '/var/folders/6y/bvynbx6n3zv7z3lwg6vd724r0000gn/T/tmpq87n_0bb.pyomo.nl', '-AMPL', 'tol=1e-06', 'max_iter=300', 'print_level=5']

Ipopt 3.14.19: tol=1e-06
max_iter=300
print_level=5


******************************************************************************
This program contains Ipopt, a library for large-scale nonlinear optimization.
 Ipopt is released as open source code under the Eclipse Public License (EPL).
         For more information visit https://github.com/coin-or/Ipopt
******************************************************************************

This is Ipopt version 3.14.19, running with linear solver MUMPS 5.6.2.

Number of nonzeros in equality constraint Jacobian...:       79
Number of nonzeros in inequality constraint Jacobian.:       48
Number of nonzeros in Lagrangian Hessian.............:       39

Total number of variables............................:       20
                     variables with only lower bounds:        0
                variables with lower and upper bounds:       20
                     variables with only upper bounds:        0
Total number of equality constraints.................:       11
Total number of inequality constraints...............:       12
        inequality constraints with only lower bounds:        0
   inequality constraints with lower and upper bounds:        0
        inequality constraints with only upper bounds:       12

iter    objective    inf_pr   inf_du lg(mu)  ||d||  lg(rg) alpha_du alpha_pr  ls
   0  1.7560790e+04 1.75e+00 1.07e+01  -1.0 0.00e+00    -  0.00e+00 0.00e+00   0
   1  1.6861155e+04 1.55e+00 1.96e+01  -1.0 5.23e+00    -  3.97e-01 1.10e-01f  1
   2  1.6204367e+04 1.26e+00 2.93e+01  -1.0 3.65e+00    -  6.76e-01 1.90e-01f  1
   3  1.6619584e+04 8.78e-01 3.16e+01  -1.0 1.98e+00    -  4.69e-01 3.01e-01h  1
   4  1.7607070e+04 1.88e-02 1.88e+02  -1.0 1.44e+00    -  9.41e-01 1.00e+00h  1
   5  1.7586935e+04 1.18e-02 1.13e+02  -1.0 1.24e+00    -  6.71e-01 3.95e-01h  1
   6  1.7582885e+04 4.32e-03 1.77e+00  -1.0 1.02e+00    -  1.00e+00 1.00e+00f  1
   7  1.7585412e+04 1.08e-04 2.89e-03  -1.0 9.55e-02    -  1.00e+00 1.00e+00h  1
   8  1.7557252e+04 6.58e-03 5.98e+00  -2.5 3.36e-01    -  8.78e-01 9.76e-01f  1
   9  1.7552933e+04 5.86e-03 6.25e+00  -2.5 1.03e-01    -  1.00e+00 7.99e-01h  1
iter    objective    inf_pr   inf_du lg(mu)  ||d||  lg(rg) alpha_du alpha_pr  ls
  10  1.7552879e+04 4.83e-05 6.87e-02  -2.5 2.05e-02    -  1.00e+00 1.00e+00h  1
  11  1.7552807e+04 3.23e-06 3.91e-03  -2.5 1.14e-03    -  1.00e+00 1.00e+00h  1
  12  1.7551962e+04 7.69e-06 1.17e-02  -3.8 1.56e-02    -  1.00e+00 9.63e-01f  1
  13  1.7551939e+04 3.75e-08 3.92e-05  -3.8 8.34e-04    -  1.00e+00 1.00e+00f  1
  14  1.7551891e+04 1.63e-08 1.32e-05  -5.7 8.95e-04    -  1.00e+00 1.00e+00f  1
  15  1.7551891e+04 1.52e-12 5.83e-10  -7.0 1.15e-05    -  1.00e+00 1.00e+00h  1

Number of Iterations....: 15

                                   (scaled)                 (unscaled)
Objective...............:   4.3879727167205323e+02    1.7551890866882128e+04
Dual infeasibility......:   5.8315462388563988e-10    2.3326184955425595e-08
Constraint violation....:   1.2165091355524868e-12    1.5205614545266144e-12
Variable bound violation:   0.0000000000000000e+00    0.0000000000000000e+00
Complementarity.........:   9.0939468970391724e-08    3.6375787588156689e-06
Overall NLP error.......:   9.0939468970391724e-08    3.6375787588156689e-06


Number of objective function evaluations             = 16
Number of objective gradient evaluations             = 16
Number of equality constraint evaluations            = 16
Number of inequality constraint evaluations          = 16
Number of equality constraint Jacobian evaluations   = 16
Number of inequality constraint Jacobian evaluations = 16
Number of Lagrangian Hessian evaluations             = 15
Total seconds in IPOPT                               = 0.005

EXIT: Optimal Solution Found.

