Solver command line: ['/opt/homebrew/bin/ipopt', '/var/folders/6y/bvynbx6n3zv7z3lwg6vd724r0000gn/T/tmplzrbbyy8.pyomo.nl', '-AMPL', 'tol=1e-06', 'max_iter=300', 'print_level=5', 'warm_start_init_point=yes', 'warm_start_bound_push=1e-06', 'warm_start_bound_frac=1e-06', 'warm_start_mult_bound_push=1e-06', 'mu_init=1e-06', 'least_square_init_duals=no']

Ipopt 3.14.19: tol=1e-06
max_iter=300
print_level=5
warm_start_init_point=yes
warm_start_bound_push=1e-06
warm_start_bound_frac=1e-06
warm_start_mult_bound_push=1e-06
mu_init=1e-06
least_square_init_duals=no


******************************************************************************
This program contains Ipopt, a library for large-scale nonlinear optimization.
 Ipopt is released as open source code under the Eclipse Public License (EPL).
         For more information visit https://github.com/coin-or/Ipopt
******************************************************************************

This is Ipopt version 3.14.19, running with linear solver MUMPS 5.6.2.

Number of nonzeros in equality constraint Jacobian...:       79
Number of nonzeros in inequality constraint Jacobian.:       48
Number of nonzeros in Lagrangian Hessian.............:       39

Total number of variables............................:       20
                     variables with only lower bounds:        0
                variables with lower and upper bounds:       20
                     variables with only upper bounds:        0
Total number of equality constraints.................:       11
Total number of inequality constraints...............:       12
        inequality constraints with only lower bounds:        0
   inequality constraints with lower and upper bounds:        0
        inequality constraints with only upper bounds:       12

iter    objective    inf_pr   inf_du lg(mu)  ||d||  lg(rg) alpha_du alpha_pr  ls
   0  1.7551891e+04 2.92e+00 6.08e+02  -6.0 0.00e+00    -  0.00e+00 0.00e+00   0
   1  1.7550761e+04 2.90e+00 6.05e+02  -6.0 1.21e+00    -  4.71e-01 5.18e-03h  1
   2  1.7365073e+04 9.88e-02 4.51e+01  -6.0 1.20e+00    -  5.15e-01 8.86e-01f  1
   3  1.7552773e+04 6.76e-05 2.54e-01  -6.0 2.60e+00    -  9.35e-01 1.00e+00h  1
   4  1.7551940e+04 3.75e-06 5.53e-03  -6.0 6.23e-03    -  1.00e+00 9.45e-01h  1
   5  1.7551891e+04 8.93e-12 1.30e-07  -6.0 3.45e-04    -  1.00e+00 1.00e+00h  1
   6  1.7551891e+04 6.27e-13 4.78e-10  -7.0 5.48e-06    -  1.00e+00 1.00e+00h  1

Number of Iterations....: 6

                                   (scaled)                 (unscaled)
Objective...............:   4.3879727167207324e+02    1.7551890866882928e+04
Dual infeasibility......:   4.7839421313256025e-10    1.9135768525302410e-08
Constraint violation....:   5.0166790286218206e-13    6.2705396430828841e-13
Variable bound violation:   0.0000000000000000e+00    0.0000000000000000e+00
Complementarity.........:   9.0921778980125038e-08    3.6368711592050014e-06
Overall NLP error.......:   9.0921778980125038e-08    3.6368711592050014e-06


Number of objective function evaluations             = 7
Number of objective gradient evaluations             = 7
Number of equality constraint evaluations            = 7
Number of inequality constraint evaluations          = 8
Number of equality constraint Jacobian evaluations   = 7
Number of inequality constraint Jacobian evaluations = 7
Number of Lagrangian Hessian evaluations             = 6
Total seconds in IPOPT                               = 0.002

EXIT: Optimal Solution Found.

