Solver command line: ['/opt/homebrew/bin/ipopt', '/var/folders/6y/bvynbx6n3zv7z3lwg6vd724r0000gn/T/tmp8nd139qv.pyomo.nl', '-AMPL', 'tol=1e-06', 'max_iter=300', 'print_level=5', 'warm_start_init_point=yes', 'warm_start_bound_push=1e-06', 'warm_start_bound_frac=1e-06', 'warm_start_mult_bound_push=1e-06', 'mu_init=1e-06', 'least_square_init_duals=no']

Ipopt 3.14.19: tol=1e-06
max_iter=300
print_level=5
warm_start_init_point=yes
warm_start_bound_push=1e-06
warm_start_bound_frac=1e-06
warm_start_mult_bound_push=1e-06
mu_init=1e-06
least_square_init_duals=no


******************************************************************************
This program contains Ipopt, a library for large-scale nonlinear optimization.
 Ipopt is released as open source code under the Eclipse Public License (EPL).
         For more information visit https://github.com/coin-or/Ipopt
******************************************************************************

This is Ipopt version 3.14.19, running with linear solver MUMPS 5.6.2.

Number of nonzeros in equality constraint Jacobian...:       79
Number of nonzeros in inequality constraint Jacobian.:       48
Number of nonzeros in Lagrangian Hessian.............:       39

Total number of variables............................:       20
                     variables with only lower bounds:        0
                variables with lower and upper bounds:       20
                     variables with only upper bounds:        0
Total number of equality constraints.................:       11
Total number of inequality constraints...............:       12
        inequality constraints with only lower bounds:        0
   inequality constraints with lower and upper bounds:        0
        inequality constraints with only upper bounds:       12

iter    objective    inf_pr   inf_du lg(mu)  ||d||  lg(rg) alpha_du alpha_pr  ls
   0  1.7551891e+04 4.71e+00 5.14e+03  -6.0 0.00e+00    -  0.00e+00 0.00e+00   0
   1  1.7551621e+04 4.71e+00 5.14e+03  -6.0 1.65e+00   2.0 5.99e-04 1.62e-04h  1
   2  1.7543732e+04 4.71e+00 5.14e+03  -6.0 2.89e+01   1.5 1.93e-06 1.37e-04f  1
   3  1.7436766e+04 4.40e+00 4.62e+03  -6.0 1.87e+00   1.9 1.69e-04 5.16e-02f  1
   4  1.7436343e+04 4.40e+00 4.62e+03  -6.0 4.26e+01    -  5.33e-02 3.15e-05h  1
   5  1.7416480e+04 4.39e+00 4.61e+03  -6.0 1.81e+01    -  5.02e-04 3.28e-03f  1
   6  1.7405205e+04 4.38e+00 4.59e+03  -6.0 9.45e+00    -  5.04e-01 3.23e-03f  1
   7  1.7160890e+04 3.56e+00 3.92e+03  -6.0 1.77e+00    -  2.72e-03 1.87e-01f  1
   8  1.5529205e+04 2.37e+00 2.95e+03  -6.0 4.93e+00    -  1.67e-01 3.35e-01f  1
   9  1.4936665e+04 1.96e+00 2.43e+03  -6.0 1.01e+01    -  3.17e-01 1.72e-01f  1
iter    objective    inf_pr   inf_du lg(mu)  ||d||  lg(rg) alpha_du alpha_pr  ls
  10  1.4950145e+04 1.29e+00 1.55e+03  -6.0 5.63e+00    -  1.59e-01 3.44e-01h  1
  11  1.4968909e+04 6.59e-01 5.62e+02  -6.0 4.32e+00    -  3.31e-02 4.88e-01h  1
  12  1.6758248e+04 2.12e-01 1.88e+02  -6.0 2.78e+00    -  5.26e-02 6.78e-01h  1
  13  1.6760739e+04 2.10e-01 1.86e+02  -6.0 1.32e+01    -  8.16e-02 8.20e-03h  3
  14  1.6760915e+04 2.09e-01 1.85e+02  -6.0 1.94e+01    -  5.61e-03 4.19e-03h  3
  15  1.6761024e+04 2.09e-01 1.85e+02  -6.0 1.95e+01    -  1.05e-01 3.12e-03h  3
  16  1.6761077e+04 2.08e-01 1.84e+02  -6.0 4.29e+01    -  7.94e-03 3.50e-03h  3
  17  1.6761135e+04 2.07e-01 1.83e+02  -6.0 1.88e+01    -  2.02e-02 3.49e-03h  3
  18  1.6761218e+04 2.06e-01 1.82e+02  -6.0 2.05e+01    -  1.12e-01 5.25e-03h  2
  19  1.6761253e+04 2.06e-01 1.82e+02  -6.0 2.34e+01    -  1.53e-02 2.81e-03h  3
iter    objective    inf_pr   inf_du lg(mu)  ||d||  lg(rg) alpha_du alpha_pr  ls
  20  1.6761288e+04 2.05e-01 1.81e+02  -6.0 2.49e+01    -  4.18e-02 2.96e-03h  4
  21  1.6761349e+04 2.04e-01 1.80e+02  -6.0 2.65e+01    -  1.95e-02 5.19e-03h  3
  22  1.6761396e+04 2.03e-01 1.80e+02  -6.0 2.94e+01    -  2.47e-01 3.98e-03h  3
  23  1.6761750e+04 2.01e-01 1.78e+02  -6.0 3.09e+01    -  2.56e-02 1.22e-02w  1
  24  1.6762533e+04 2.00e-01 1.94e+02  -6.0 5.85e-01    -  6.95e-01 9.85e-04w  1
  25  1.7576346e+04 1.12e-03 3.99e+01  -6.0 4.34e-01    -  1.26e-01 1.00e+00h  1
  26  1.7546141e+04 1.21e-02 1.91e+01  -6.0 3.20e+00    -  1.08e-01 4.95e-01F  1
  27  1.7555135e+04 9.65e-04 2.61e-01  -6.0 3.12e-01    -  9.90e-01 1.00e+00h  1
  28  1.7552132e+04 6.57e-04 2.95e-01  -6.0 4.01e-01    -  8.29e-01 1.00e+00h  1
  29  1.7551913e+04 1.86e-05 9.09e-03  -6.0 9.46e-02    -  1.00e+00 1.00e+00h  1
iter    objective    inf_pr   inf_du lg(mu)  ||d||  lg(rg) alpha_du alpha_pr  ls
  30  1.7551891e+04 7.29e-08 3.41e-05  -6.0 5.16e-03    -  1.00e+00 1.00e+00h  1
  31  1.7551891e+04 2.98e-13 1.46e-10  -6.0 1.17e-05    -  1.00e+00 1.00e+00h  1
  32  1.7551891e+04 5.92e-13 4.74e-10  -7.0 6.07e-06    -  1.00e+00 1.00e+00h  1

Number of Iterations....: 32

                                   (scaled)                 (unscaled)
Objective...............:   4.3879727167207329e+02    1.7551890866882932e+04
Dual infeasibility......:   4.7384673962369561e-10    1.8953869584947824e-08
Constraint violation....:   4.5860947039955132e-13    5.9241500593998353e-13
Variable bound violation:   0.0000000000000000e+00    0.0000000000000000e+00
Complementarity.........:   9.0921778895966253e-08    3.6368711558386498e-06
Overall NLP error.......:   9.0921778895966253e-08    3.6368711558386498e-06


Number of objective function evaluations             = 64
Number of objective gradient evaluations             = 33
Number of equality constraint evaluations            = 64
Number of inequality constraint evaluations          = 65
Number of equality constraint Jacobian evaluations   = 33
Number of inequality constraint Jacobian evaluations = 33
Number of Lagrangian Hessian evaluations             = 32
Total seconds in IPOPT                               = 0.007

EXIT: Optimal Solution Found.

