Solver command line: ['/opt/homebrew/bin/ipopt', '/var/folders/6y/bvynbx6n3zv7z3lwg6vd724r0000gn/T/tmp9sjbvcxs.pyomo.nl', '-AMPL', 'tol=1e-06', 'max_iter=300', 'print_level=5', 'warm_start_init_point=yes', 'warm_start_bound_push=1e-06', 'warm_start_bound_frac=1e-06', 'warm_start_mult_bound_push=1e-06', 'mu_init=1e-06', 'least_square_init_duals=no']

Ipopt 3.14.19: tol=1e-06
max_iter=300
print_level=5
warm_start_init_point=yes
warm_start_bound_push=1e-06
warm_start_bound_frac=1e-06
warm_start_mult_bound_push=1e-06
mu_init=1e-06
least_square_init_duals=no


******************************************************************************
This program contains Ipopt, a library for large-scale nonlinear optimization.
 Ipopt is released as open source code under the Eclipse Public License (EPL).
         For more information visit https://github.com/coin-or/Ipopt
******************************************************************************

This is Ipopt version 3.14.19, running with linear solver MUMPS 5.6.2.

Number of nonzeros in equality constraint Jacobian...:       79
Number of nonzeros in inequality constraint Jacobian.:       48
Number of nonzeros in Lagrangian Hessian.............:       39

Total number of variables............................:       20
                     variables with only lower bounds:        0
                variables with lower and upper bounds:       20
                     variables with only upper bounds:        0
Total number of equality constraints.................:       11
Total number of inequality constraints...............:       12
        inequality constraints with only lower bounds:        0
   inequality constraints with lower and upper bounds:        0
        inequality constraints with only upper bounds:       12

iter    objective    inf_pr   inf_du lg(mu)  ||d||  lg(rg) alpha_du alpha_pr  ls
   0  1.7551891e+04 4.83e+00 9.93e+01  -6.0 0.00e+00    -  0.00e+00 0.00e+00   0
   1  1.4964213e+04 4.83e+00 9.93e+01  -6.0 2.77e+07    -  7.07e-08 4.68e-08f  1
   2  1.4963881e+04 4.83e+00 9.93e+01  -6.0 5.15e+05    -  1.10e-05 5.13e-08f  1
   3  1.4938407e+04 4.83e+00 9.93e+01  -6.0 4.57e+05    -  1.11e-05 4.48e-06f  1
   4  1.4930432e+04 4.83e+00 9.93e+01  -6.0 2.92e+04    -  4.83e-05 3.05e-05f  1
   5  1.4930417e+04 4.83e+00 9.89e+01  -6.0 4.22e+02    -  1.35e-02 6.69e-05h  1
   6  1.4927927e+04 4.62e+00 9.00e+01  -6.0 3.83e+00    -  2.34e-01 4.35e-02h  1
   7  1.4917440e+04 3.52e+00 6.51e+01  -6.0 4.22e+00    -  4.30e-01 2.38e-01h  1
   8  1.4923502e+04 2.02e+00 3.99e+01  -6.0 5.70e+00    -  1.98e-01 4.25e-01h  1
   9  1.4951085e+04 9.27e-01 2.07e+01  -6.0 5.70e+00    -  2.56e-01 5.42e-01h  1
iter    objective    inf_pr   inf_du lg(mu)  ||d||  lg(rg) alpha_du alpha_pr  ls
  10  1.4962814e+04 6.64e-01 1.03e+01  -6.0 3.44e+00    -  1.00e+00 2.83e-01h  1
  11r 1.4962814e+04 6.64e-01 9.99e+02  -0.2 0.00e+00    -  0.00e+00 1.91e-07R  2
  12r 1.4972828e+04 6.69e-01 9.99e+02  -0.2 1.29e+05    -  6.46e-06 8.82e-08f  6
  13r 1.4988877e+04 6.70e-01 9.99e+02  -0.2 2.24e+04    -  1.58e-05 7.53e-06f  1
  14r 1.5396778e+04 7.24e-01 9.99e+02  -0.2 2.63e+03    -  1.31e-05 1.93e-04f  1
  15  1.5395943e+04 7.24e-01 7.50e+01  -6.0 9.24e+03    -  6.97e-05 3.16e-05f  1
  16  1.5392320e+04 7.15e-01 7.41e+01  -6.0 4.84e+01    -  7.99e-03 1.16e-02h  1
  17  1.5392194e+04 7.15e-01 7.41e+01  -6.0 5.76e+01    -  3.94e-04 7.16e-04h  1
  18  1.5389870e+04 7.12e-01 7.38e+01  -6.0 6.35e+01    -  4.30e-03 3.66e-03f  3
  19  1.5389130e+04 7.09e-01 7.35e+01  -6.0 8.02e+01    -  1.03e-02 4.01e-03h  1
iter    objective    inf_pr   inf_du lg(mu)  ||d||  lg(rg) alpha_du alpha_pr  ls
  20  1.5388879e+04 7.08e-01 7.34e+01  -6.0 7.53e+01    -  2.72e-02 1.49e-03f  1
  21  1.5388854e+04 7.08e-01 7.34e+01  -6.0 5.62e+01    -  1.05e-02 1.43e-04h  1
  22  1.5388489e+04 7.07e-01 7.33e+01  -6.0 4.77e+01    -  4.69e-03 1.33e-03h  1
  23  1.5387687e+04 7.05e-01 7.35e+01  -6.0 5.87e+01    -  4.86e-02 3.92e-03h  2
  24  1.5387687e+04 7.04e-01 7.36e+01  -6.0 7.41e+01    -  1.04e-02 7.28e-04h  3
  25  1.5387708e+04 7.04e-01 7.49e+01  -6.0 7.47e+01    -  8.36e-02 5.40e-04h  3
  26  1.5387733e+04 7.03e-01 7.50e+01  -6.0 7.46e+01    -  1.19e-02 4.07e-04h  3
  27  1.5387774e+04 7.03e-01 7.61e+01  -6.0 7.16e+01    -  2.72e-02 6.68e-04h  2
  28  1.5388096e+04 7.02e-01 7.60e+01  -6.0 7.44e+01    -  2.88e-05 8.21e-04h  6
  29  1.5388440e+04 7.02e-01 7.61e+01  -6.0 7.44e+01    -  6.89e-03 7.96e-04h  6
iter    objective    inf_pr   inf_du lg(mu)  ||d||  lg(rg) alpha_du alpha_pr  ls
  30  1.5388486e+04 7.02e-01 7.61e+01  -6.0 7.43e+01    -  1.85e-03 9.65e-05h  9
  31r 1.5388486e+04 7.02e-01 9.99e+02  -0.3 0.00e+00    -  0.00e+00 3.76e-07R 17
  32r 1.5861960e+04 7.57e-01 1.00e+03  -0.3 5.47e+02    -  3.99e-03 3.16e-04f  1
  33  1.5861944e+04 7.57e-01 7.86e+01  -6.0 2.64e+03    -  1.17e-06 4.90e-07h  1
  34  1.5861271e+04 7.57e-01 7.86e+01  -6.0 2.81e+04    -  2.69e-05 9.05e-06f  1
  35  1.5854889e+04 7.49e-01 7.76e+01  -6.0 3.35e+01    -  2.33e-04 1.30e-02f  2
  36  1.5854858e+04 7.49e-01 7.72e+01  -6.0 1.10e+01  -2.0 1.10e-01 3.10e-05h  1
  37  1.5851922e+04 7.48e-01 7.72e+01  -6.0 3.44e+02    -  8.26e-05 6.53e-04f  1
  38  1.5851922e+04 7.48e-01 7.72e+01  -6.0 8.60e+01    -  1.27e-04 5.55e-08h  2
  39  1.5850397e+04 7.48e-01 7.72e+01  -6.0 1.61e+03  -2.5 4.28e-10 2.08e-04f  2
iter    objective    inf_pr   inf_du lg(mu)  ||d||  lg(rg) alpha_du alpha_pr  ls
  40  1.5845573e+04 7.47e-01 7.70e+01  -6.0 9.72e+01    -  6.37e-05 2.25e-03f  1
  41  1.5845090e+04 7.46e-01 7.66e+01  -6.0 1.89e+01  -2.1 1.01e-01 5.28e-04h  1
  42  1.5835576e+04 7.39e-01 7.60e+01  -6.0 3.00e+01    -  4.51e-05 9.96e-03f  1
  43  1.5835560e+04 7.39e-01 7.60e+01  -6.0 1.86e+01    -  7.88e-07 2.00e-05h  1
  44  1.5835058e+04 7.38e-01 7.61e+01  -6.0 1.82e+02    -  7.83e-09 8.40e-04f  1
  45  1.5834933e+04 7.38e-01 7.56e+01  -6.0 2.67e+00  -0.7 1.17e-01 1.48e-04h  1
  46  1.5832670e+04 7.36e-01 7.55e+01  -6.0 7.80e+01  -1.2 1.09e-05 2.08e-03f  1
  47  1.5832668e+04 7.36e-01 7.55e+01  -6.0 2.59e+01  -1.7 3.93e-07 2.43e-06h  1
  48  1.5832297e+04 7.36e-01 8.32e+01  -6.0 4.57e+01  -0.3 1.04e-02 6.76e-04f  1
  49  1.5832107e+04 7.36e-01 8.31e+01  -6.0 6.05e+01    -  2.44e-02 3.45e-04h  1
iter    objective    inf_pr   inf_du lg(mu)  ||d||  lg(rg) alpha_du alpha_pr  ls
  50  1.5831858e+04 7.35e-01 8.33e+01  -6.0 7.70e+01    -  1.57e-02 7.57e-04h  1
  51  1.5831858e+04 7.35e-01 8.35e+01  -6.0 2.21e+02    -  1.09e-04 1.02e-07h  2
  52  1.5831747e+04 7.35e-01 8.40e+01  -6.0 2.22e+02    -  6.67e-04 3.28e-04h  1
  53  1.5831346e+04 7.32e-01 8.28e+01  -6.0 6.58e+01    -  5.48e-09 4.18e-03f  2
  54  1.5831454e+04 7.32e-01 8.30e+01  -6.0 7.44e+01    -  1.27e-02 6.38e-04h  6
  55  1.5831577e+04 7.31e-01 8.30e+01  -6.0 7.42e+01    -  6.57e-03 6.19e-04h  6
  56  1.5831714e+04 7.31e-01 8.36e+01  -6.0 7.40e+01    -  3.73e-02 6.01e-04h  6
  57  1.5831788e+04 7.31e-01 8.37e+01  -6.0 7.39e+01    -  6.71e-03 2.92e-04h  7
  58  1.5831827e+04 7.30e-01 8.45e+01  -6.0 7.38e+01    -  4.60e-02 1.44e-04h  8
  59  1.5831846e+04 7.30e-01 8.46e+01  -6.0 7.38e+01    -  7.16e-03 7.13e-05h  9
iter    objective    inf_pr   inf_du lg(mu)  ||d||  lg(rg) alpha_du alpha_pr  ls
  60  1.5831856e+04 7.30e-01 8.61e+01  -6.0 7.38e+01    -  9.54e-02 3.55e-05h 10
  61  1.5833743e+04 7.26e-01 8.55e+01  -6.0 7.37e+01    -  6.77e-03 6.77e-03s 17
  62  1.5840442e+04 7.21e-01 8.45e+01  -6.0 9.05e+01    -  1.17e-02 1.17e-02s 17
  63r 1.5840442e+04 7.21e-01 9.99e+02  -0.2 0.00e+00    -  0.00e+00 0.00e+00R  1
  64r 1.6317711e+04 8.28e-01 9.99e+02  -0.2 5.93e+03    -  3.31e-03 4.10e-04f  1
  65r 1.7573971e+04 8.79e-01 9.96e+02  -0.2 4.13e+02    -  1.16e-04 3.54e-03f  1
  66r 1.7843941e+04 9.00e-01 9.93e+02  -0.2 1.02e+02    -  4.71e-03 2.88e-03f  1
  67r 1.8036107e+04 9.33e-01 9.84e+02  -0.2 3.48e+01    -  2.18e-02 8.59e-03f  1
  68r 1.7128389e+04 4.08e-01 8.99e+02  -0.2 1.97e+04    -  9.23e-02 4.62e-05f  1
  69r 1.7006228e+04 3.91e-01 8.58e+02  -0.2 1.19e+02    -  4.59e-02 4.61e-02f  1
iter    objective    inf_pr   inf_du lg(mu)  ||d||  lg(rg) alpha_du alpha_pr  ls
  70r 1.7201864e+04 2.86e-01 7.24e+02  -0.2 1.06e+00   2.0 1.84e-01 1.39e-01f  1
  71r 1.7553229e+04 1.29e-01 3.19e+02  -0.2 5.45e+00    -  5.43e-01 3.48e-01f  1
  72r 1.7697823e+04 8.17e-02 2.51e+02  -0.2 6.36e-01   1.5 5.28e-01 5.92e-01h  1
  73r 1.7592580e+04 4.77e-02 2.16e+02  -0.2 5.48e+00    -  9.57e-02 1.69e-01f  1
  74r 1.8250645e+04 7.74e-03 2.63e+02  -0.2 6.54e-01    -  2.34e-01 1.00e+00f  1
  75  1.8219738e+04 1.01e-01 9.10e+01  -6.0 1.46e+04    -  3.68e-06 5.40e-06f  1
  76  1.8214711e+04 1.01e-01 9.10e+01  -6.0 1.82e+03    -  3.54e-04 1.20e-04f  1
  77  1.8213930e+04 1.01e-01 9.09e+01  -6.0 5.22e+02    -  1.81e-03 3.39e-04f  1
  78  1.8191572e+04 1.01e-01 9.01e+01  -6.0 1.36e+02    -  3.54e-02 1.76e-03f  1
  79  1.7932436e+04 9.97e-02 8.65e+01  -6.0 2.78e+01    -  1.03e-01 2.60e-02f  1
iter    objective    inf_pr   inf_du lg(mu)  ||d||  lg(rg) alpha_du alpha_pr  ls
  80  1.7932436e+04 9.97e-02 8.65e+01  -6.0 4.83e+00    -  5.45e-03 9.76e-08h  2
  81  1.7743810e+04 9.71e-02 8.45e+01  -6.0 4.71e+01    -  1.66e-02 2.45e-02f  1
  82  1.7737077e+04 9.69e-02 8.43e+01  -6.0 2.05e+01    -  9.04e-08 2.13e-03f  1
  83  1.7588807e+04 9.48e-02 8.13e+01  -6.0 5.11e+01    -  9.98e-02 2.14e-02f  1
  84  1.7583935e+04 9.38e-02 8.04e+01  -6.0 1.45e+00    -  3.35e-04 1.09e-02h  1
  85  1.7541637e+04 9.26e-02 7.92e+01  -6.0 2.31e+01    -  5.03e-02 1.23e-02f  3
  86  1.7500592e+04 8.98e-02 7.68e+01  -6.0 1.46e+01    -  1.88e-02 3.03e-02f  2
  87  1.7402708e+04 1.04e-01 1.12e+02  -6.0 4.29e+00    -  4.83e-02 2.18e-01f  1
  88  1.7300581e+04 1.54e-01 4.43e+01  -6.0 3.14e+00    -  4.66e-02 2.12e-01f  1
  89  1.7301371e+04 1.52e-01 4.21e+01  -6.0 6.92e+00    -  8.38e-03 4.02e-02h  4
iter    objective    inf_pr   inf_du lg(mu)  ||d||  lg(rg) alpha_du alpha_pr  ls
  90  1.7302326e+04 1.49e-01 4.07e+01  -6.0 7.30e+00    -  3.81e-02 3.53e-02h  4
  91  1.7307012e+04 1.43e-01 3.84e+01  -6.0 6.60e+00    -  1.13e-01 6.83e-02h  3
  92  1.7315419e+04 1.37e-01 4.22e+01  -6.0 5.37e+00    -  6.79e-01 6.29e-02h  3
  93  1.7361238e+04 1.04e-01 3.29e+01  -6.0 4.41e+00    -  3.67e-01 2.30e-01H  1
  94  1.7544526e+04 1.49e-02 1.69e+01  -6.0 5.85e-01    -  7.16e-01 8.50e-01h  1
  95  1.7552844e+04 2.44e-03 3.47e+00  -6.0 1.49e+00    -  1.00e+00 8.37e-01h  1
  96  1.7552200e+04 6.68e-04 6.66e-02  -6.0 6.74e-01    -  1.00e+00 9.97e-01h  1
  97  1.7551903e+04 1.21e-05 3.18e-04  -6.0 7.69e-02    -  1.00e+00 1.00e+00h  1
  98  1.7551891e+04 7.85e-09 1.94e-07  -6.0 2.08e-03    -  1.00e+00 1.00e+00h  1
  99  1.7551891e+04 8.70e-13 4.75e-10  -7.0 5.79e-06    -  1.00e+00 1.00e+00h  1

Number of Iterations....: 99

                                   (scaled)                 (unscaled)
Objective...............:   4.3879727167207506e+02    1.7551890866883001e+04
Dual infeasibility......:   4.7475623432546854e-10    1.8990249373018742e-08
Constraint violation....:   5.8615932657882628e-13    8.6952667288642260e-13
Variable bound violation:   0.0000000000000000e+00    0.0000000000000000e+00
Complementarity.........:   9.0921766063411318e-08    3.6368706425364525e-06
Overall NLP error.......:   9.0921766063411318e-08    3.6368706425364525e-06


Number of objective function evaluations             = 272
Number of objective gradient evaluations             = 88
Number of equality constraint evaluations            = 272
Number of inequality constraint evaluations          = 273
Number of equality constraint Jacobian evaluations   = 103
Number of inequality constraint Jacobian evaluations = 103
Number of Lagrangian Hessian evaluations             = 99
Total seconds in IPOPT                               = 0.027

EXIT: Optimal Solution Found.

