Solver command line: ['/opt/homebrew/bin/ipopt', '/var/folders/6y/bvynbx6n3zv7z3lwg6vd724r0000gn/T/tmphgjzdfhh.pyomo.nl', '-AMPL', 'tol=1e-06', 'max_iter=300', 'print_level=5', 'warm_start_init_point=yes', 'warm_start_bound_push=1e-06', 'warm_start_bound_frac=1e-06', 'warm_start_mult_bound_push=1e-06', 'mu_init=1e-06', 'least_square_init_duals=no']

Ipopt 3.14.19: tol=1e-06
max_iter=300
print_level=5
warm_start_init_point=yes
warm_start_bound_push=1e-06
warm_start_bound_frac=1e-06
warm_start_mult_bound_push=1e-06
mu_init=1e-06
least_square_init_duals=no


******************************************************************************
This program contains Ipopt, a library for large-scale nonlinear optimization.
 Ipopt is released as open source code under the Eclipse Public License (EPL).
         For more information visit https://github.com/coin-or/Ipopt
******************************************************************************

This is Ipopt version 3.14.19, running with linear solver MUMPS 5.6.2.

Number of nonzeros in equality constraint Jacobian...:       79
Number of nonzeros in inequality constraint Jacobian.:       48
Number of nonzeros in Lagrangian Hessian.............:       39

Total number of variables............................:       20
                     variables with only lower bounds:        0
                variables with lower and upper bounds:       20
                     variables with only upper bounds:        0
Total number of equality constraints.................:       11
Total number of inequality constraints...............:       12
        inequality constraints with only lower bounds:        0
   inequality constraints with lower and upper bounds:        0
        inequality constraints with only upper bounds:       12

iter    objective    inf_pr   inf_du lg(mu)  ||d||  lg(rg) alpha_du alpha_pr  ls
   0  1.6355000e+04 1.71e+00 7.34e+00  -6.0 0.00e+00    -  0.00e+00 0.00e+00   0
   1  1.6334974e+04 1.71e+00 7.34e+00  -6.0 2.02e+05    -  9.88e-07 9.88e-07f  1
   2  1.6138453e+04 1.69e+00 7.28e+00  -6.0 1.25e+02    -  5.19e-03 8.37e-03f  1
   3r 1.6138453e+04 1.69e+00 9.99e+02  -0.1 0.00e+00    -  0.00e+00 1.61e-07R  2
   4r 1.6119320e+04 1.71e+00 1.00e+03  -0.1 5.31e+05    -  1.37e-05 1.21e-07f  3
   5r 1.7121452e+04 8.60e-01 9.99e+02  -0.1 2.47e+03    -  4.19e-02 7.94e-04f  1
   6  1.7116455e+04 8.60e-01 1.00e+02  -6.0 2.27e+05    -  9.73e-06 9.66e-07f  1
   7  1.7099629e+04 8.60e-01 1.00e+02  -6.0 9.74e+04    -  2.80e-05 6.72e-06f  1
   8  1.7032587e+04 8.60e-01 1.00e+02  -6.0 1.76e+04    -  1.64e-05 4.39e-05f  2
   9  1.6822610e+04 8.61e-01 1.00e+02  -6.0 1.20e+04    -  6.44e-05 4.51e-05f  2
iter    objective    inf_pr   inf_du lg(mu)  ||d||  lg(rg) alpha_du alpha_pr  ls
  10  1.6801114e+04 8.60e-01 1.00e+02  -6.0 1.03e+03    -  3.71e-03 2.54e-04f  1
  11  1.6764634e+04 8.60e-01 9.99e+01  -6.0 4.53e+02    -  7.78e-04 8.67e-04f  3
  12  1.6720155e+04 8.58e-01 9.97e+01  -6.0 1.92e+02    -  3.09e-02 1.72e-03f  2
  13  1.6711803e+04 8.50e-01 9.88e+01  -6.0 3.16e+01    -  2.90e-02 9.28e-03f  3
  14  1.6691121e+04 8.34e-01 9.65e+01  -6.0 1.63e+01    -  7.47e-01 1.90e-02f  2
  15  1.7254625e+04 4.95e-01 6.95e+02  -6.0 3.55e+00    -  1.00e-01 4.26e-01H  1
  16  1.7059848e+04 4.67e-01 5.90e+02  -6.0 2.97e+00    -  5.60e-06 1.18e-01f  1
  17  1.6734961e+04 6.15e-01 3.40e+02  -6.0 2.02e+00    -  1.00e+00 7.07e-01f  1
  18  1.6943651e+04 4.46e-01 2.37e+02  -6.0 4.97e-01    -  7.38e-01 2.82e-01h  1
  19  1.7428007e+04 8.88e-02 2.07e+01  -6.0 2.93e-01    -  4.02e-01 8.32e-01h  1
iter    objective    inf_pr   inf_du lg(mu)  ||d||  lg(rg) alpha_du alpha_pr  ls
  20  1.7550883e+04 7.59e-04 1.79e+00  -6.0 5.80e-02    -  1.00e+00 1.00e+00h  1
  21  1.7551890e+04 6.05e-07 5.90e-04  -6.0 1.61e-03    -  1.00e+00 1.00e+00h  1
  22  1.7551891e+04 5.11e-14 3.72e-11  -6.0 5.26e-07    -  1.00e+00 1.00e+00h  1
  23  1.7551891e+04 5.94e-13 4.77e-10  -7.0 5.45e-06    -  1.00e+00 1.00e+00f  1

Number of Iterations....: 23

                                   (scaled)                 (unscaled)
Objective...............:   4.3879727167207329e+02    1.7551890866882932e+04
Dual infeasibility......:   4.7748471843078732e-10    1.9099388737231493e-08
Constraint violation....:   4.2397160930955547e-13    5.9419136277938378e-13
Variable bound violation:   0.0000000000000000e+00    0.0000000000000000e+00
Complementarity.........:   9.0921778900696522e-08    3.6368711560278609e-06
Overall NLP error.......:   9.0921778900696522e-08    3.6368711560278609e-06


Number of objective function evaluations             = 44
Number of objective gradient evaluations             = 23
Number of equality constraint evaluations            = 44
Number of inequality constraint evaluations          = 45
Number of equality constraint Jacobian evaluations   = 25
Number of inequality constraint Jacobian evaluations = 25
Number of Lagrangian Hessian evaluations             = 23
Total seconds in IPOPT                               = 0.006

EXIT: Optimal Solution Found.

