Solver command line: ['/opt/homebrew/bin/ipopt', '/var/folders/6y/bvynbx6n3zv7z3lwg6vd724r0000gn/T/tmpkuss3lqv.pyomo.nl', '-AMPL', 'tol=1e-06', 'max_iter=300', 'print_level=5', 'warm_start_init_point=yes', 'warm_start_bound_push=1e-06', 'warm_start_bound_frac=1e-06', 'warm_start_mult_bound_push=1e-06', 'mu_init=1e-06', 'least_square_init_duals=no']

Ipopt 3.14.19: tol=1e-06
max_iter=300
print_level=5
warm_start_init_point=yes
warm_start_bound_push=1e-06
warm_start_bound_frac=1e-06
warm_start_mult_bound_push=1e-06
mu_init=1e-06
least_square_init_duals=no


******************************************************************************
This program contains Ipopt, a library for large-scale nonlinear optimization.
 Ipopt is released as open source code under the Eclipse Public License (EPL).
         For more information visit https://github.com/coin-or/Ipopt
******************************************************************************

This is Ipopt version 3.14.19, running with linear solver MUMPS 5.6.2.

Number of nonzeros in equality constraint Jacobian...:       79
Number of nonzeros in inequality constraint Jacobian.:       48
Number of nonzeros in Lagrangian Hessian.............:       39

Total number of variables............................:       20
                     variables with only lower bounds:        0
                variables with lower and upper bounds:       20
                     variables with only upper bounds:        0
Total number of equality constraints.................:       11
Total number of inequality constraints...............:       12
        inequality constraints with only lower bounds:        0
   inequality constraints with lower and upper bounds:        0
        inequality constraints with only upper bounds:       12

iter    objective    inf_pr   inf_du lg(mu)  ||d||  lg(rg) alpha_du alpha_pr  ls
   0  1.7551891e+04 2.92e+00 6.08e+02  -6.0 0.00e+00    -  0.00e+00 0.00e+00   0
   1  1.7346914e+04 2.76e-01 1.25e+02  -6.0 1.20e+00    -  1.00e+00 9.97e-01f  1
   2  1.7518127e+04 4.11e-02 1.67e+01  -6.0 2.61e+00    -  1.00e+00 8.49e-01h  1
   3  1.7551820e+04 2.04e-05 2.82e-02  -6.0 4.18e-01    -  1.00e+00 1.00e+00h  1
   4  1.7551891e+04 3.44e-12 6.74e-08  -6.0 5.32e-04    -  1.00e+00 1.00e+00h  1
   5  1.7551891e+04 5.92e-13 4.77e-10  -7.0 5.48e-06    -  1.00e+00 1.00e+00h  1

Number of Iterations....: 5

                                   (scaled)                 (unscaled)
Objective...............:   4.3879727167207312e+02    1.7551890866882924e+04
Dual infeasibility......:   4.7657522372901440e-10    1.9063008949160576e-08
Constraint violation....:   4.7288950333538543e-13    5.9241500593998353e-13
Variable bound violation:   0.0000000000000000e+00    0.0000000000000000e+00
Complementarity.........:   9.0921775024147642e-08    3.6368710009659057e-06
Overall NLP error.......:   9.0921775024147642e-08    3.6368710009659057e-06


Number of objective function evaluations             = 6
Number of objective gradient evaluations             = 6
Number of equality constraint evaluations            = 6
Number of inequality constraint evaluations          = 7
Number of equality constraint Jacobian evaluations   = 6
Number of inequality constraint Jacobian evaluations = 6
Number of Lagrangian Hessian evaluations             = 5
Total seconds in IPOPT                               = 0.002

EXIT: Optimal Solution Found.

