Solver command line: ['/opt/homebrew/bin/ipopt', '/var/folders/6y/bvynbx6n3zv7z3lwg6vd724r0000gn/T/tmpsoy57hk4.pyomo.nl', '-AMPL', 'tol=1e-06', 'max_iter=300', 'print_level=5', 'warm_start_init_point=yes', 'warm_start_bound_push=1e-06', 'warm_start_bound_frac=1e-06', 'warm_start_mult_bound_push=1e-06', 'mu_init=1e-06', 'least_square_init_duals=no']

Ipopt 3.14.19: tol=1e-06
max_iter=300
print_level=5
warm_start_init_point=yes
warm_start_bound_push=1e-06
warm_start_bound_frac=1e-06
warm_start_mult_bound_push=1e-06
mu_init=1e-06
least_square_init_duals=no


******************************************************************************
This program contains Ipopt, a library for large-scale nonlinear optimization.
 Ipopt is released as open source code under the Eclipse Public License (EPL).
         For more information visit https://github.com/coin-or/Ipopt
******************************************************************************

This is Ipopt version 3.14.19, running with linear solver MUMPS 5.6.2.

Number of nonzeros in equality constraint Jacobian...:       79
Number of nonzeros in inequality constraint Jacobian.:       48
Number of nonzeros in Lagrangian Hessian.............:       39

Total number of variables............................:       20
                     variables with only lower bounds:        0
                variables with lower and upper bounds:       20
                     variables with only upper bounds:        0
Total number of equality constraints.................:       11
Total number of inequality constraints...............:       12
        inequality constraints with only lower bounds:        0
   inequality constraints with lower and upper bounds:        0
        inequality constraints with only upper bounds:       12

iter    objective    inf_pr   inf_du lg(mu)  ||d||  lg(rg) alpha_du alpha_pr  ls
   0  1.6355000e+04 3.00e+00 5.14e+03  -6.0 0.00e+00    -  0.00e+00 0.00e+00   0
   1  1.6392356e+04 2.76e+00 4.53e+03  -6.0 1.53e+00   2.0 6.42e-03 6.54e-02h  1
   2  1.6392356e+04 2.76e+00 4.53e+03  -6.0 2.63e+00   1.5 3.24e-02 2.29e-08h  2
   3  1.6378525e+04 2.76e+00 4.53e+03  -6.0 1.41e+05    -  1.86e-06 9.78e-07f  1
   4  1.6371837e+04 2.76e+00 4.53e+03  -6.0 1.27e+02    -  2.54e-04 2.59e-04f  1
   5  1.6372068e+04 2.76e+00 4.53e+03  -6.0 1.11e+00   1.0 2.00e-04 7.75e-05h  1
   6  1.6372064e+04 2.76e+00 4.53e+03  -6.0 1.20e+03    -  1.21e-07 2.61e-08h  1
   7  1.6374877e+04 2.75e+00 4.51e+03  -6.0 1.96e+00   0.6 4.22e-01 3.14e-03h  1
   8  1.6160501e+04 2.72e+00 4.46e+03  -6.0 7.96e+01    -  5.64e-04 1.11e-02f  1
   9  1.6159170e+04 2.72e+00 4.46e+03  -6.0 8.49e+01    -  2.39e-02 7.67e-05f  1
iter    objective    inf_pr   inf_du lg(mu)  ||d||  lg(rg) alpha_du alpha_pr  ls
  10  1.6143966e+04 2.69e+00 4.41e+03  -6.0 3.07e+00    -  2.09e-01 1.34e-02f  1
  11  1.6114244e+04 2.66e+00 4.36e+03  -6.0 2.33e+01    -  2.49e-06 1.01e-02f  1
  12  1.5764730e+04 2.12e+00 3.69e+03  -6.0 3.29e+00    -  1.51e-01 2.05e-01f  1
  13  1.5705323e+04 2.09e+00 3.65e+03  -6.0 4.87e+00    -  6.94e-01 1.08e-02f  1
  14  1.2709042e+04 9.18e-01 2.38e+03  -6.0 5.18e+00    -  4.31e-01 5.67e-01f  1
  15r 1.2709042e+04 9.18e-01 9.99e+02   0.8 0.00e+00    -  0.00e+00 4.30e-07R  5
  16r 1.4201432e+04 1.34e+00 1.00e+03   0.8 2.20e+06    -  1.31e-07 3.56e-06f  1
  17r 1.4675587e+04 1.24e+00 9.98e+02   0.8 7.03e+03    -  1.97e-03 1.00e-03f  1
  18  1.4578974e+04 1.24e+00 2.30e+02  -6.0 2.03e+05    -  2.02e-06 1.14e-05f  1
  19  1.1923701e+04 1.22e+00 2.10e+02  -6.0 1.40e+02    -  1.68e-08 1.90e-02f  1
iter    objective    inf_pr   inf_du lg(mu)  ||d||  lg(rg) alpha_du alpha_pr  ls
  20  1.1406422e+04 1.11e+00 3.33e+02  -6.0 2.65e+01    -  1.34e-02 9.14e-02f  1
  21  1.0908768e+04 1.24e+00 1.88e+02  -6.0 1.83e+01    -  6.09e-06 1.45e-01f  1
  22  1.3108047e+04 1.45e+00 2.11e+02  -6.0 4.27e+00    -  3.61e-01 4.71e-01h  1
  23  1.3113697e+04 1.45e+00 2.10e+02  -6.0 5.05e+01    -  5.61e-03 2.83e-03h  2
  24  1.3119408e+04 1.45e+00 2.09e+02  -6.0 5.95e+01    -  3.80e-02 2.85e-03h  1
  25  1.3191466e+04 1.42e+00 2.05e+02  -6.0 1.99e+01    -  1.78e-02 1.99e-02h  1
  26  1.3245320e+04 1.40e+00 2.02e+02  -6.0 2.46e+00    -  4.38e-01 1.26e-02h  1
  27  1.6721449e+04 3.01e-01 1.55e+02  -6.0 2.46e+00    -  7.15e-01 8.22e-01h  1
  28  1.7136604e+04 1.38e-01 8.80e+01  -6.0 3.14e+00    -  4.47e-04 5.24e-01H  1
  29  1.7550207e+04 4.13e-03 6.82e+00  -6.0 6.73e-01    -  1.00e+00 9.82e-01h  1
iter    objective    inf_pr   inf_du lg(mu)  ||d||  lg(rg) alpha_du alpha_pr  ls
  30  1.7552769e+04 2.13e-03 1.05e+00  -6.0 7.03e-01    -  1.00e+00 1.00e+00h  1
  31  1.7551966e+04 1.91e-04 9.33e-02  -6.0 2.93e-01    -  1.00e+00 1.00e+00h  1
  32  1.7551892e+04 1.90e-06 9.27e-04  -6.0 2.99e-02    -  1.00e+00 1.00e+00h  1
  33  1.7551891e+04 1.98e-10 9.61e-08  -6.0 3.04e-04    -  1.00e+00 1.00e+00h  1
  34  1.7551891e+04 6.02e-13 4.77e-10  -7.0 6.09e-06    -  1.00e+00 1.00e+00h  1

Number of Iterations....: 34

                                   (scaled)                 (unscaled)
Objective...............:   4.3879727167207329e+02    1.7551890866882932e+04
Dual infeasibility......:   4.7657522372901440e-10    1.9063008949160576e-08
Constraint violation....:   4.8144184424602854e-13    6.0174087934683484e-13
Variable bound violation:   0.0000000000000000e+00    0.0000000000000000e+00
Complementarity.........:   9.0921775480064409e-08    3.6368710192025763e-06
Overall NLP error.......:   9.0921775480064409e-08    3.6368710192025763e-06


Number of objective function evaluations             = 44
Number of objective gradient evaluations             = 34
Number of equality constraint evaluations            = 44
Number of inequality constraint evaluations          = 45
Number of equality constraint Jacobian evaluations   = 36
Number of inequality constraint Jacobian evaluations = 36
Number of Lagrangian Hessian evaluations             = 34
Total seconds in IPOPT                               = 0.010

EXIT: Optimal Solution Found.

