Solver command line: ['/opt/homebrew/bin/ipopt', '/var/folders/6y/bvynbx6n3zv7z3lwg6vd724r0000gn/T/tmpfjkl39cw.pyomo.nl', '-AMPL', 'tol=1e-06', 'max_iter=300', 'print_level=5', 'warm_start_init_point=yes', 'warm_start_bound_push=1e-06', 'warm_start_bound_frac=1e-06', 'warm_start_mult_bound_push=1e-06', 'mu_init=1e-06', 'least_square_init_duals=no']

Ipopt 3.14.19: tol=1e-06
max_iter=300
print_level=5
warm_start_init_point=yes
warm_start_bound_push=1e-06
warm_start_bound_frac=1e-06
warm_start_mult_bound_push=1e-06
mu_init=1e-06
least_square_init_duals=no


******************************************************************************
This program contains Ipopt, a library for large-scale nonlinear optimization.
 Ipopt is released as open source code under the Eclipse Public License (EPL).
         For more information visit https://github.com/coin-or/Ipopt
******************************************************************************

This is Ipopt version 3.14.19, running with linear solver MUMPS 5.6.2.

Number of nonzeros in equality constraint Jacobian...:       79
Number of nonzeros in inequality constraint Jacobian.:       48
Number of nonzeros in Lagrangian Hessian.............:       39

Total number of variables............................:       20
                     variables with only lower bounds:        0
                variables with lower and upper bounds:       20
                     variables with only upper bounds:        0
Total number of equality constraints.................:       11
Total number of inequality constraints...............:       12
        inequality constraints with only lower bounds:        0
   inequality constraints with lower and upper bounds:        0
        inequality constraints with only upper bounds:       12

iter    objective    inf_pr   inf_du lg(mu)  ||d||  lg(rg) alpha_du alpha_pr  ls
   0  1.6355000e+04 1.71e+00 7.34e+00  -6.0 0.00e+00    -  0.00e+00 0.00e+00   0
   1  1.6263902e+04 1.69e+00 7.27e+00  -6.0 3.89e+01    -  1.06e-02 7.88e-03f  1
   2  1.6193404e+04 1.68e+00 7.09e+00  -6.0 3.70e+01    -  3.00e-02 9.27e-03f  1
   3  1.6183755e+04 1.64e+00 5.30e+00  -6.0 9.02e+00    -  2.62e-01 2.37e-02f  1
   4  1.6758876e+04 9.34e-01 2.38e+00  -6.0 2.15e+00    -  5.46e-01 4.30e-01h  1
   5  1.7549674e+04 2.37e-03 7.87e-01  -6.0 1.58e+00    -  6.65e-01 1.00e+00h  1
   6  1.7551891e+04 1.34e-07 2.40e-03  -6.0 1.69e-01    -  9.97e-01 1.00e+00h  1
   7  1.7551891e+04 1.21e-13 6.08e-11  -6.0 4.20e-06    -  1.00e+00 1.00e+00h  1
   8  1.7551891e+04 6.31e-13 4.81e-10  -7.0 5.45e-06    -  1.00e+00 1.00e+00f  1

Number of Iterations....: 8

                                   (scaled)                 (unscaled)
Objective...............:   4.3879727167207352e+02    1.7551890866882939e+04
Dual infeasibility......:   4.8112269723787904e-10    1.9244907889515162e-08
Constraint violation....:   4.5058866101508810e-13    6.3149485640678904e-13
Variable bound violation:   0.0000000000000000e+00    0.0000000000000000e+00
Complementarity.........:   9.0921777928157101e-08    3.6368711171262837e-06
Overall NLP error.......:   9.0921777928157101e-08    3.6368711171262837e-06


Number of objective function evaluations             = 9
Number of objective gradient evaluations             = 9
Number of equality constraint evaluations            = 9
Number of inequality constraint evaluations          = 10
Number of equality constraint Jacobian evaluations   = 9
Number of inequality constraint Jacobian evaluations = 9
Number of Lagrangian Hessian evaluations             = 8
Total seconds in IPOPT                               = 0.002

EXIT: Optimal Solution Found.

