Solver command line: ['/opt/homebrew/bin/ipopt', '/var/folders/6y/bvynbx6n3zv7z3lwg6vd724r0000gn/T/tmp004jrgds.pyomo.nl', '-AMPL', 'tol=1e-06', 'max_iter=300', 'print_level=5']

Ipopt 3.14.19: tol=1e-06
max_iter=300
print_level=5


******************************************************************************
This program contains Ipopt, a library for large-scale nonlinear optimization.
 Ipopt is released as open source code under the Eclipse Public License (EPL).
         For more information visit https://github.com/coin-or/Ipopt
******************************************************************************

This is Ipopt version 3.14.19, running with linear solver MUMPS 5.6.2.

Number of nonzeros in equality constraint Jacobian...:   211821
Number of nonzeros in inequality constraint Jacobian.:   163736
Number of nonzeros in Lagrangian Hessian.............:   115477

Total number of variables............................:    35502
                     variables with only lower bounds:        0
                variables with lower and upper bounds:    35502
                     variables with only upper bounds:        0
Total number of equality constraints.................:    27319
Total number of inequality constraints...............:    40934
        inequality constraints with only lower bounds:        0
   inequality constraints with lower and upper bounds:        0
        inequality constraints with only upper bounds:    40934

iter    objective    inf_pr   inf_du lg(mu)  ||d||  lg(rg) alpha_du alpha_pr  ls
   0  8.8836938e+06 2.84e+01 1.00e+02  -1.0 0.00e+00    -  0.00e+00 0.00e+00   0
   1  8.8743777e+06 2.80e+01 9.85e+01  -1.0 5.30e+01    -  1.54e-02 1.27e-02f  1
   2  8.8643615e+06 2.70e+01 9.04e+01  -1.0 4.92e+01    -  8.95e-02 3.64e-02f  1
   3  8.8550073e+06 2.40e+01 8.68e+01  -1.0 7.30e+01    -  2.93e-02 1.08e-01f  1
   4  8.8555038e+06 2.27e+01 8.22e+01  -1.0 2.07e+02    -  5.27e-02 5.54e-02h  2
   5  8.8566830e+06 2.15e+01 7.59e+01  -1.0 2.55e+02    -  8.09e-02 5.12e-02h  3
   6  8.8592784e+06 2.04e+01 7.29e+01  -1.0 2.93e+02    -  3.65e-02 5.37e-02h  3
   7  8.8654406e+06 1.84e+01 6.72e+01  -1.0 3.25e+02    -  7.46e-02 9.41e-02h  2
   8  8.8723005e+06 1.70e+01 6.40e+01  -1.0 3.66e+02    -  4.16e-02 7.99e-02h  2
   9  8.8884342e+06 1.42e+01 5.73e+01  -1.0 3.87e+02    -  9.39e-02 1.64e-01H  1
iter    objective    inf_pr   inf_du lg(mu)  ||d||  lg(rg) alpha_du alpha_pr  ls
  10  8.9187461e+06 1.03e+01 7.56e+01  -1.0 4.04e+02    -  5.19e-02 2.75e-01H  1
  11  8.9511724e+06 7.09e+00 7.28e+01  -1.0 3.78e+02    -  1.78e-01 3.10e-01h  1
  12  8.9935252e+06 3.65e+00 3.90e+01  -1.0 3.17e+02    -  1.83e-01 4.86e-01h  1
  13  9.0079226e+06 2.48e+00 3.07e+01  -1.0 2.05e+02    -  1.91e-01 3.22e-01h  1
  14  9.0231842e+06 9.53e-01 1.47e+01  -1.0 1.49e+02    -  6.21e-01 6.16e-01h  1
  15  9.0224751e+06 7.91e-01 4.30e+01  -1.0 1.24e+02    -  3.44e-01 1.69e-01h  1
  16  9.0220674e+06 6.07e-01 1.23e+02  -1.0 1.72e+02    -  4.98e-01 2.33e-01h  1
  17  9.0211535e+06 4.12e-01 5.01e+01  -1.0 2.48e+02    -  2.45e-01 3.21e-01h  1
  18  9.0206117e+06 2.97e-01 4.38e+02  -1.0 2.73e+02    -  7.14e-01 2.79e-01h  1
  19  9.0200018e+06 1.91e-01 1.07e+02  -1.0 3.49e+02    -  2.47e-01 3.57e-01h  1
iter    objective    inf_pr   inf_du lg(mu)  ||d||  lg(rg) alpha_du alpha_pr  ls
  20  9.0198194e+06 1.16e-01 3.39e+03  -1.0 8.46e+01    -  9.81e-01 3.91e-01h  1
  21  9.0199472e+06 7.68e-02 8.62e+03  -1.0 6.65e+01    -  6.01e-01 9.75e-01h  1
  22  9.0199980e+06 1.01e-02 4.93e+01  -1.0 4.06e+01    -  9.91e-01 1.00e+00h  1
  23  9.0199894e+06 1.55e-04 9.79e-02  -1.0 2.38e+00    -  1.00e+00 1.00e+00h  1
  24  8.9956432e+06 7.49e-02 4.50e+02  -2.5 1.32e+02    -  4.66e-01 4.41e-01f  1
  25  8.9793740e+06 5.81e-02 9.50e+02  -2.5 1.17e+02    -  3.72e-01 4.55e-01f  1
  26  8.9724582e+06 5.31e-02 7.41e+02  -2.5 9.35e+01    -  2.89e-01 2.95e-01f  1
  27  8.9702820e+06 4.80e-02 1.63e+03  -2.5 5.32e+01    -  3.77e-01 1.18e-01f  1
  28  8.9641699e+06 3.73e-02 2.28e+03  -2.5 2.27e+01    -  5.50e-01 3.42e-01f  1
  29  8.9611207e+06 2.86e-02 2.27e+03  -2.5 2.37e+01    -  4.59e-01 2.23e-01f  1
iter    objective    inf_pr   inf_du lg(mu)  ||d||  lg(rg) alpha_du alpha_pr  ls
  30  8.9582777e+06 2.04e-02 1.90e+03  -2.5 2.06e+01    -  4.82e-01 2.59e-01f  1
  31  8.9551632e+06 3.14e-02 1.26e+03  -2.5 2.01e+01    -  5.89e-01 3.85e-01f  1
  32  8.9540017e+06 2.26e-02 4.73e+03  -2.5 1.34e+00  -2.0 6.97e-01 2.76e-01f  1
  33  8.9529861e+06 2.48e-02 2.08e+03  -2.5 2.91e+01    -  4.19e-01 2.82e-01h  1
  34  8.9515703e+06 1.08e-02 9.44e+02  -2.5 2.21e+00  -2.5 8.01e-01 6.37e-01h  1
  35  8.9507561e+06 1.85e-03 1.02e+03  -2.5 1.83e+00  -3.0 7.40e-01 1.00e+00h  1
  36  8.9507283e+06 1.37e-02 1.69e+01  -2.5 1.02e+01    -  1.00e+00 1.00e+00h  1
  37  8.9507339e+06 2.26e-04 6.09e+00  -2.5 1.48e+00  -2.5 1.00e+00 1.00e+00h  1
  38  8.9507324e+06 1.76e-03 5.06e+00  -2.5 3.53e+00  -3.0 9.98e-01 1.00e+00H  1
  39  8.9507321e+06 3.91e-04 5.26e+00  -2.5 2.23e+00    -  1.00e+00 1.00e+00h  1
iter    objective    inf_pr   inf_du lg(mu)  ||d||  lg(rg) alpha_du alpha_pr  ls
  40  8.9507338e+06 8.72e-05 1.25e-03  -2.5 1.23e+00    -  1.00e+00 1.00e+00h  1
  41  8.9507337e+06 1.71e-07 8.90e-07  -2.5 7.26e-02    -  1.00e+00 1.00e+00h  1
  42  8.9500925e+06 1.04e-03 2.48e+02  -3.8 6.61e+00    -  5.28e-01 2.34e-01f  1
  43  8.9496118e+06 1.60e-03 2.08e+02  -3.8 4.47e+00    -  2.94e-01 2.31e-01f  1
  44  8.9492599e+06 1.74e-03 1.76e+02  -3.8 3.87e+00    -  3.47e-01 2.26e-01f  1
  45  8.9489091e+06 1.75e-03 1.38e+02  -3.8 3.17e+00    -  5.52e-01 2.98e-01f  1
  46  8.9486860e+06 1.47e-03 9.82e+01  -3.8 6.21e+00    -  3.79e-01 2.84e-01h  1
  47  8.9484850e+06 1.06e-03 5.74e+01  -3.8 4.45e+00    -  7.31e-01 3.70e-01h  1
  48  8.9483339e+06 1.16e-03 2.87e+01  -3.8 2.91e+00    -  7.21e-01 4.63e-01h  1
  49  8.9482020e+06 8.47e-04 5.87e+00  -3.8 1.49e+00    -  8.22e-01 7.97e-01h  1
iter    objective    inf_pr   inf_du lg(mu)  ||d||  lg(rg) alpha_du alpha_pr  ls
  50  8.9481719e+06 2.23e-05 2.72e-04  -3.8 2.35e-01    -  1.00e+00 1.00e+00h  1
  51  8.9481721e+06 2.05e-06 3.14e-05  -3.8 1.39e-02    -  1.00e+00 1.00e+00h  1
  52  8.9481213e+06 6.66e-05 2.98e+00  -5.7 1.13e+00    -  5.49e-01 4.10e-01f  1
  53  8.9481035e+06 6.46e-05 5.74e+00  -5.7 6.36e-01    -  6.07e-01 2.47e-01h  1
  54  8.9480654e+06 5.55e-04 1.40e+00  -5.7 5.49e-01    -  5.88e-01 7.04e-01h  1
  55  8.9480588e+06 4.40e-04 2.64e+00  -5.7 2.58e-01    -  3.07e-01 4.34e-01h  1
  56  8.9480535e+06 2.36e-04 5.33e+00  -5.7 1.79e-01    -  1.00e+00 6.31e-01h  1
  57  8.9480504e+06 4.33e-05 2.44e-05  -5.7 1.26e-01    -  1.00e+00 1.00e+00h  1
  58  8.9480504e+06 6.55e-07 4.19e-07  -5.7 2.31e-02    -  1.00e+00 1.00e+00h  1
  59  8.9480504e+06 3.34e-09 1.88e-08  -5.7 3.13e-03    -  1.00e+00 1.00e+00h  1
iter    objective    inf_pr   inf_du lg(mu)  ||d||  lg(rg) alpha_du alpha_pr  ls
  60  8.9480493e+06 3.63e-06 3.63e-01  -7.2 5.61e-02    -  9.29e-01 7.43e-01f  1
  61  8.9480490e+06 2.19e-06 8.01e-07  -7.2 2.69e-02    -  1.00e+00 1.00e+00h  1
  62  8.9480490e+06 7.19e-08 7.04e-08  -7.2 2.20e-03    -  1.00e+00 1.00e+00h  1

Number of Iterations....: 62

                                   (scaled)                 (unscaled)
Objective...............:   6.8689068930282359e+04    8.9480489707485773e+06
Dual infeasibility......:   7.0360644955354230e-08    9.1658033291000296e-06
Constraint violation....:   7.1900442155659050e-08    7.1900442155659050e-08
Variable bound violation:   1.9269499418328451e-07    1.9269499418328451e-07
Complementarity.........:   9.0768516128173385e-08    1.1824314115269793e-05
Overall NLP error.......:   9.0768516128173385e-08    1.1824314115269793e-05


Number of objective function evaluations             = 83
Number of objective gradient evaluations             = 63
Number of equality constraint evaluations            = 83
Number of inequality constraint evaluations          = 83
Number of equality constraint Jacobian evaluations   = 63
Number of inequality constraint Jacobian evaluations = 63
Number of Lagrangian Hessian evaluations             = 62
Total seconds in IPOPT                               = 32.630

EXIT: Optimal Solution Found.

