Solver command line: ['/opt/homebrew/bin/ipopt', '/var/folders/6y/bvynbx6n3zv7z3lwg6vd724r0000gn/T/tmp0xqh8ch0.pyomo.nl', '-AMPL', 'tol=1e-06', 'max_iter=300', 'print_level=5', 'warm_start_init_point=yes', 'warm_start_bound_push=1e-06', 'warm_start_bound_frac=1e-06', 'warm_start_mult_bound_push=1e-06', 'mu_init=1e-06', 'least_square_init_duals=no']

Ipopt 3.14.19: tol=1e-06
max_iter=300
print_level=5
warm_start_init_point=yes
warm_start_bound_push=1e-06
warm_start_bound_frac=1e-06
warm_start_mult_bound_push=1e-06
mu_init=1e-06
least_square_init_duals=no


******************************************************************************
This program contains Ipopt, a library for large-scale nonlinear optimization.
 Ipopt is released as open source code under the Eclipse Public License (EPL).
         For more information visit https://github.com/coin-or/Ipopt
******************************************************************************

This is Ipopt version 3.14.19, running with linear solver MUMPS 5.6.2.

Number of nonzeros in equality constraint Jacobian...:   211821
Number of nonzeros in inequality constraint Jacobian.:   163736
Number of nonzeros in Lagrangian Hessian.............:   115477

Total number of variables............................:    35502
                     variables with only lower bounds:        0
                variables with lower and upper bounds:    35502
                     variables with only upper bounds:        0
Total number of equality constraints.................:    27319
Total number of inequality constraints...............:    40934
        inequality constraints with only lower bounds:        0
   inequality constraints with lower and upper bounds:        0
        inequality constraints with only upper bounds:    40934

iter    objective    inf_pr   inf_du lg(mu)  ||d||  lg(rg) alpha_du alpha_pr  ls
   0  8.9480589e+06 2.84e+01 1.20e+03  -6.0 0.00e+00    -  0.00e+00 0.00e+00   0
   1  8.9480424e+06 2.84e+01 1.20e+03  -6.0 1.06e+01   0.0 3.55e-05 8.57e-05h  1
   2  8.9480219e+06 2.84e+01 1.20e+03  -6.0 1.07e+01   0.4 1.92e-04 1.17e-04h  1
   3  8.9479523e+06 2.83e+01 1.20e+03  -6.0 1.06e+01  -0.1 1.72e-05 3.85e-04h  1
   4  8.9478739e+06 2.83e+01 1.20e+03  -6.0 1.07e+01   0.4 3.63e-05 4.94e-04h  1
   5  8.9477612e+06 2.83e+01 1.20e+03  -6.0 1.05e+01  -0.1 3.12e-04 6.38e-04h  1
   6  8.9475740e+06 2.83e+01 1.20e+03  -6.0 1.06e+01   0.3 1.10e-04 1.20e-03h  1
   7  8.9475011e+06 2.83e+01 1.20e+03  -6.0 1.06e+01   0.7 5.04e-05 5.32e-04h  1
   8  8.9473227e+06 2.82e+01 1.20e+03  -6.0 1.05e+01   0.3 2.50e-04 1.23e-03h  1
   9  8.9472585e+06 2.82e+01 1.20e+03  -6.0 1.05e+01   0.7 1.45e-04 5.20e-04h  1
iter    objective    inf_pr   inf_du lg(mu)  ||d||  lg(rg) alpha_du alpha_pr  ls
  10  8.9470866e+06 2.82e+01 1.20e+03  -6.0 1.05e+01   0.2 3.07e-04 1.25e-03h  1
  11  8.9470410e+06 2.82e+01 1.20e+03  -6.0 1.05e+01   0.6 4.37e-05 4.23e-04h  1
  12  8.9469263e+06 2.81e+01 1.19e+03  -6.0 1.04e+01   0.2 2.63e-04 9.04e-04h  1
  13  8.9469020e+06 2.81e+01 1.19e+03  -6.0 1.04e+01   0.6 1.77e-04 2.68e-04h  1
  14  8.9467996e+06 2.81e+01 1.19e+03  -6.0 1.03e+01   0.1 2.46e-04 9.19e-04h  1
  15  8.9467867e+06 2.81e+01 1.19e+03  -6.0 1.04e+01   0.5 1.32e-04 1.79e-04h  1
  16  8.9467143e+06 2.81e+01 1.19e+03  -6.0 1.02e+01   0.1 6.16e-04 6.89e-04h  1
  17  8.9466974e+06 2.81e+01 1.19e+03  -6.0 1.03e+01   0.5 1.66e-04 2.56e-04h  1
  18  8.9466248e+06 2.81e+01 1.19e+03  -6.0 1.02e+01   0.0 1.61e-04 7.20e-04h  1
  19  8.9465975e+06 2.80e+01 1.19e+03  -6.0 1.03e+01   0.4 1.77e-04 4.77e-04h  1
iter    objective    inf_pr   inf_du lg(mu)  ||d||  lg(rg) alpha_du alpha_pr  ls
  20  8.9465538e+06 2.80e+01 1.19e+03  -6.0 1.01e+01  -0.0 9.10e-05 4.68e-04h  1
  21  8.9465299e+06 2.80e+01 1.19e+03  -6.0 1.02e+01   0.4 3.12e-05 5.30e-04h  1
  22  8.9465297e+06 2.80e+01 1.19e+03  -6.0 1.00e+01  -0.1 4.09e-04 2.04e-06h  1
  23  8.9464900e+06 2.80e+01 1.19e+03  -6.0 1.02e+01   0.3 2.78e-05 1.01e-03f  1
  24  8.9464894e+06 2.80e+01 1.19e+03  -6.0 1.02e+01   0.8 4.88e-05 4.01e-04h  1
  25  8.9464876e+06 2.80e+01 1.19e+03  -6.0 1.01e+01   0.3 1.62e-04 3.23e-04h  1
  26  8.9465028e+06 2.79e+01 1.19e+03  -6.0 1.02e+01   0.7 6.90e-05 4.77e-04h  1
  27  8.9465112e+06 2.79e+01 1.19e+03  -6.0 1.01e+01   0.2 1.95e-04 3.63e-04h  1
  28  8.9465232e+06 2.79e+01 1.19e+03  -6.0 1.01e+01   0.7 1.05e-04 2.04e-04h  1
  29  8.9465386e+06 2.79e+01 1.19e+03  -6.0 1.00e+01   0.2 1.77e-04 3.54e-04h  1
iter    objective    inf_pr   inf_du lg(mu)  ||d||  lg(rg) alpha_du alpha_pr  ls
  30  8.9465600e+06 2.79e+01 1.18e+03  -6.0 1.01e+01   0.6 1.17e-04 2.63e-04h  1
  31  8.9466438e+06 2.79e+01 1.18e+03  -6.0 1.07e+01   0.1 1.05e-04 1.46e-03h  1
  32  8.9467006e+06 2.79e+01 1.18e+03  -6.0 1.08e+01   0.6 8.88e-05 5.09e-04h  1
  33  8.9467210e+06 2.79e+01 1.18e+03  -6.0 1.17e+01   0.1 2.14e-04 2.37e-04h  1
  34  8.9468243e+06 2.78e+01 1.18e+03  -6.0 9.98e+00   0.5 8.05e-05 7.46e-04h  1
  35  8.9469872e+06 2.78e+01 1.18e+03  -6.0 1.15e+01   0.0 2.26e-04 1.50e-03h  1
  36  8.9472118e+06 2.78e+01 1.18e+03  -6.0 1.05e+01   0.5 1.08e-04 1.29e-03h  1
  37  8.9473839e+06 2.77e+01 1.18e+03  -6.0 1.24e+01  -0.0 6.63e-04 1.19e-03h  1
  38  8.9475816e+06 2.77e+01 1.18e+03  -6.0 1.12e+01   0.4 6.67e-05 9.64e-04h  1
  39  8.9476266e+06 2.77e+01 1.17e+03  -6.0 1.33e+01  -0.1 1.03e-03 2.75e-04h  1
iter    objective    inf_pr   inf_du lg(mu)  ||d||  lg(rg) alpha_du alpha_pr  ls
  40  8.9478593e+06 2.77e+01 1.17e+03  -6.0 1.17e+01   0.4 9.12e-05 1.07e-03h  1
  41  8.9480310e+06 2.76e+01 1.17e+03  -6.0 1.16e+01   0.8 2.04e-04 6.76e-04h  1
  42  8.9486610e+06 2.76e+01 1.17e+03  -6.0 1.24e+01   0.3 2.83e-04 2.55e-03h  1
  43  8.9487174e+06 2.76e+01 1.17e+03  -6.0 1.21e+01   0.7 9.29e-05 1.83e-04h  1
  44  8.9491882e+06 2.75e+01 1.17e+03  -6.0 1.30e+01   0.3 1.52e-04 1.65e-03h  1
  45  8.9492225e+06 2.75e+01 1.17e+03  -6.0 1.23e+01   0.7 2.07e-04 1.03e-04h  1
  46  8.9493907e+06 2.75e+01 1.17e+03  -6.0 1.34e+01   0.2 2.00e-04 5.53e-04h  1
  47  8.9497836e+06 2.75e+01 1.17e+03  -6.0 1.25e+01   0.6 1.01e-04 1.13e-03h  1
  48  8.9498872e+06 2.75e+01 1.16e+03  -6.0 1.39e+01   0.2 3.09e-04 3.19e-04h  1
  49  8.9505077e+06 2.74e+01 1.16e+03  -6.0 1.29e+01   0.6 2.58e-04 1.69e-03h  1
iter    objective    inf_pr   inf_du lg(mu)  ||d||  lg(rg) alpha_du alpha_pr  ls
  50  8.9507425e+06 2.74e+01 1.16e+03  -6.0 1.43e+01   0.1 2.73e-04 6.73e-04h  1
  51  8.9510802e+06 2.74e+01 1.16e+03  -6.0 1.33e+01   0.5 1.80e-04 8.49e-04h  1
  52  8.9517230e+06 2.73e+01 1.16e+03  -6.0 1.46e+01   0.1 1.73e-04 1.77e-03h  1
  53  8.9523027e+06 2.73e+01 1.16e+03  -6.0 1.35e+01   0.5 2.28e-04 1.35e-03h  1
  54  8.9526795e+06 2.73e+01 1.16e+03  -6.0 1.48e+01  -0.0 3.64e-04 9.62e-04h  1
  55  8.9530706e+06 2.72e+01 1.15e+03  -6.0 1.38e+01   0.4 3.16e-04 8.43e-04h  1
  56  8.9536380e+06 2.72e+01 1.15e+03  -6.0 1.51e+01  -0.1 4.23e-04 1.37e-03h  1
  57  8.9541427e+06 2.72e+01 1.15e+03  -6.0 1.40e+01   0.4 1.14e-04 1.02e-03h  1
  58  8.9541907e+06 2.72e+01 1.15e+03  -6.0 1.34e+01   0.8 1.84e-04 8.93e-05h  1
  59  8.9542754e+06 2.72e+01 1.15e+03  -6.0 1.42e+01   0.3 1.12e-04 1.67e-04h  1
iter    objective    inf_pr   inf_du lg(mu)  ||d||  lg(rg) alpha_du alpha_pr  ls
  60  8.9545466e+06 2.72e+01 1.15e+03  -6.0 1.35e+01   0.7 1.46e-04 4.95e-04h  1
  61  8.9548309e+06 2.71e+01 1.15e+03  -6.0 1.44e+01   0.3 1.83e-04 5.50e-04h  1
  62  8.9552380e+06 2.71e+01 1.15e+03  -6.0 1.37e+01   0.7 1.89e-04 7.19e-04h  1
  63  8.9565424e+06 2.71e+01 1.15e+03  -6.0 1.47e+01   0.2 4.30e-05 2.42e-03h  1
  64  8.9569449e+06 2.70e+01 1.15e+03  -6.0 1.40e+01   0.6 2.29e-04 6.64e-04h  1
  65  8.9582352e+06 2.70e+01 1.14e+03  -6.0 1.49e+01   0.2 5.84e-04 2.28e-03h  1
  66  8.9589976e+06 2.69e+01 1.14e+03  -6.0 1.42e+01   0.6 1.75e-04 1.18e-03h  1
  67  8.9602733e+06 2.69e+01 1.14e+03  -6.0 1.52e+01   0.1 4.46e-04 2.11e-03h  1
  68  8.9607985e+06 2.69e+01 1.14e+03  -6.0 1.45e+01   0.5 1.36e-04 7.51e-04h  1
  69  8.9611691e+06 2.68e+01 1.14e+03  -6.0 1.57e+01   0.1 2.52e-04 5.73e-04h  1
iter    objective    inf_pr   inf_du lg(mu)  ||d||  lg(rg) alpha_du alpha_pr  ls
  70  8.9624299e+06 2.68e+01 1.14e+03  -6.0 1.46e+01   0.5 2.89e-04 1.74e-03h  1
  71  8.9628616e+06 2.68e+01 1.13e+03  -6.0 1.69e+01   0.0 4.07e-04 6.49e-04h  1
  72  8.9633183e+06 2.68e+01 1.13e+03  -6.0 1.48e+01   0.4 3.16e-04 6.06e-04h  1
  73  8.9635862e+06 2.68e+01 1.13e+03  -6.0 1.80e+01  -0.0 5.45e-04 3.99e-04h  1
  74  8.9642841e+06 2.67e+01 1.13e+03  -6.0 1.49e+01   0.4 9.47e-05 9.02e-04h  1
  75  8.9643174e+06 2.67e+01 1.13e+03  -6.0 1.48e+01   0.8 1.59e-04 3.91e-05h  1
  76  8.9646032e+06 2.67e+01 1.13e+03  -6.0 1.51e+01   0.3 1.05e-04 3.56e-04h  1
  77  8.9648629e+06 2.67e+01 1.13e+03  -6.0 1.49e+01   0.8 7.89e-05 2.97e-04h  1
  78  8.9653508e+06 2.67e+01 1.13e+03  -6.0 1.52e+01   0.3 1.96e-04 5.98e-04h  1
  79  8.9660585e+06 2.67e+01 1.13e+03  -6.0 1.51e+01   0.7 8.06e-05 7.94e-04h  1
iter    objective    inf_pr   inf_du lg(mu)  ||d||  lg(rg) alpha_du alpha_pr  ls
  80  8.9670977e+06 2.66e+01 1.13e+03  -6.0 1.53e+01   0.2 4.91e-04 1.26e-03h  1
  81  8.9678044e+06 2.66e+01 1.13e+03  -6.0 1.55e+01   0.7 2.41e-04 7.78e-04h  1
  82  8.9691668e+06 2.66e+01 1.13e+03  -6.0 1.57e+01   0.2 3.60e-04 1.62e-03h  1
  83  8.9708434e+06 2.65e+01 1.12e+03  -6.0 1.61e+01   0.6 4.62e-04 1.81e-03h  1
  84  8.9716220e+06 2.65e+01 1.12e+03  -6.0 1.69e+01   0.1 1.36e-04 9.05e-04h  1
  85  8.9725537e+06 2.65e+01 1.12e+03  -6.0 1.67e+01   0.6 1.58e-04 9.83e-04h  1
  86  8.9730783e+06 2.65e+01 1.12e+03  -6.0 1.81e+01   0.1 5.99e-04 6.04e-04h  1
  87  8.9736291e+06 2.65e+01 1.12e+03  -6.0 1.70e+01   0.5 3.30e-04 5.74e-04h  1
  88  8.9745015e+06 2.64e+01 1.12e+03  -6.0 1.94e+01   0.0 4.98e-04 1.01e-03h  1
  89  8.9759558e+06 2.64e+01 1.12e+03  -6.0 1.74e+01   0.5 2.77e-04 1.50e-03h  1
iter    objective    inf_pr   inf_du lg(mu)  ||d||  lg(rg) alpha_du alpha_pr  ls
  90  8.9770750e+06 2.64e+01 1.12e+03  -6.0 2.49e+01  -0.0 9.02e-04 1.29e-03h  1
  91  8.9781652e+06 2.63e+01 1.11e+03  -6.0 1.80e+01   0.4 7.24e-05 1.10e-03h  1
  92  8.9783953e+06 2.63e+01 1.11e+03  -6.0 2.28e+01  -0.1 9.53e-04 2.61e-04h  1
  93  8.9806912e+06 2.63e+01 1.11e+03  -6.0 1.83e+01   0.4 4.19e-04 2.30e-03h  1
  94  8.9810142e+06 2.62e+01 1.11e+03  -6.0 1.88e+01   0.8 1.31e-04 2.96e-04h  1
  95  8.9824218e+06 2.62e+01 1.11e+03  -6.0 1.88e+01   0.3 1.39e-04 1.37e-03h  1
  96  8.9828442e+06 2.62e+01 1.11e+03  -6.0 1.91e+01   0.7 2.46e-04 3.73e-04h  1
  97  8.9851966e+06 2.61e+01 1.11e+03  -6.0 1.92e+01   0.3 2.37e-04 2.25e-03h  1
  98  8.9862465e+06 2.61e+01 1.11e+03  -6.0 1.97e+01   0.7 2.41e-04 9.12e-04h  1
  99  8.9866045e+06 2.61e+01 1.11e+03  -6.0 1.99e+01   0.2 5.46e-04 3.38e-04h  1
iter    objective    inf_pr   inf_du lg(mu)  ||d||  lg(rg) alpha_du alpha_pr  ls
 100  8.9870015e+06 2.61e+01 1.10e+03  -6.0 2.00e+01   0.6 3.48e-04 3.42e-04h  1
 101  8.9872209e+06 2.61e+01 1.10e+03  -6.0 2.00e+01   0.2 4.08e-04 2.09e-04h  1
 102  8.9887760e+06 2.61e+01 1.10e+03  -6.0 2.01e+01   0.6 3.77e-04 1.34e-03h  1
 103  8.9890771e+06 2.61e+01 1.10e+03  -6.0 2.04e+01   0.1 6.00e-04 2.86e-04h  1
 104  8.9903405e+06 2.60e+01 1.10e+03  -6.0 2.04e+01   0.5 4.24e-06 1.08e-03h  1
 105  8.9903944e+06 2.60e+01 1.10e+03  -6.0 2.17e+01   0.0 1.43e-03 5.17e-05h  1
 106  8.9946394e+06 2.59e+01 1.10e+03  -6.0 2.06e+01   0.5 6.60e-05 3.62e-03h  1
 107  8.9957833e+06 2.59e+01 1.10e+03  -6.0 2.14e+01   0.9 3.01e-04 9.07e-04h  1
 108  8.9979800e+06 2.59e+01 1.09e+03  -6.0 2.16e+01   0.4 2.65e-04 1.83e-03h  1
 109  9.0005353e+06 2.58e+01 1.09e+03  -6.0 2.20e+01   0.9 1.98e-04 1.97e-03h  1
iter    objective    inf_pr   inf_du lg(mu)  ||d||  lg(rg) alpha_du alpha_pr  ls
 110  9.0014383e+06 2.58e+01 1.09e+03  -6.0 2.24e+01   0.4 3.74e-04 7.38e-04h  1
 111  9.0035689e+06 2.57e+01 1.09e+03  -6.0 2.25e+01   0.8 2.05e-04 1.62e-03h  1
 112  9.0048687e+06 2.57e+01 1.09e+03  -6.0 2.29e+01   0.3 9.34e-04 1.05e-03h  1
 113  9.0060502e+06 2.57e+01 1.09e+03  -6.0 2.31e+01   0.7 5.32e-05 8.76e-04h  1
 114  9.0062627e+06 2.57e+01 1.09e+03  -6.0 2.32e+01   0.3 9.37e-04 1.70e-04h  1
 115  9.0075744e+06 2.57e+01 1.09e+03  -6.0 2.33e+01   0.7 1.20e-04 9.65e-04h  1
 116  9.0100811e+06 2.56e+01 1.08e+03  -6.0 2.35e+01   0.2 6.68e-04 2.02e-03h  1
 117  9.0103308e+06 2.56e+01 1.08e+03  -6.0 2.39e+01   0.6 2.27e-06 1.82e-04h  1
 118  9.0103545e+06 2.56e+01 1.08e+03  -6.0 2.39e+01   0.2 5.28e-04 1.92e-05h  1
 119  9.0111149e+06 2.56e+01 1.08e+03  -6.0 2.39e+01   0.6 3.40e-06 5.55e-04h  1
iter    objective    inf_pr   inf_du lg(mu)  ||d||  lg(rg) alpha_du alpha_pr  ls
 120  9.0116539e+06 2.56e+01 1.08e+03  -6.0 2.40e+01   1.0 1.90e-04 3.68e-04h  1
 121  9.0140077e+06 2.55e+01 1.08e+03  -6.0 2.41e+01   0.5 4.06e-04 1.64e-03h  1
 122  9.0143201e+06 2.55e+01 1.08e+03  -6.0 2.44e+01   1.0 1.90e-04 2.04e-04h  1
 123  9.0189624e+06 2.55e+01 1.08e+03  -6.0 2.45e+01   0.5 4.24e-04 3.21e-03h  1
 124  9.0191586e+06 2.55e+01 1.08e+03  -6.0 2.51e+01   0.9 1.80e-04 1.26e-04h  1
 125  9.0203503e+06 2.54e+01 1.08e+03  -6.0 2.51e+01   0.4 4.95e-04 8.15e-04h  1
 126  9.0207546e+06 2.54e+01 1.07e+03  -6.0 2.53e+01   0.9 2.91e-04 2.57e-04h  1
 127  9.0222111e+06 2.54e+01 1.07e+03  -6.0 2.53e+01   0.4 1.36e-04 9.95e-04h  1
 128  9.0223818e+06 2.54e+01 1.07e+03  -6.0 2.55e+01   0.8 3.55e-07 1.08e-04h  1
 129  9.0224235e+06 2.54e+01 1.07e+03  -6.0 2.55e+01   0.3 3.47e-04 2.87e-05h  1
iter    objective    inf_pr   inf_du lg(mu)  ||d||  lg(rg) alpha_du alpha_pr  ls
 130  9.0227756e+06 2.54e+01 1.07e+03  -6.0 2.55e+01   0.8 1.00e-06 2.22e-04h  1
 131  9.0227929e+06 2.54e+01 1.07e+03  -6.0 2.56e+01   0.3 8.15e-04 1.21e-05h  1
 132  9.0292613e+06 2.53e+01 1.07e+03  -6.0 2.56e+01   0.7 4.41e-06 4.10e-03h  1
 133  9.0293087e+06 2.53e+01 1.07e+03  -6.0 2.64e+01   0.2 9.86e-04 3.26e-05h  1
 134  9.0319457e+06 2.52e+01 1.07e+03  -6.0 2.64e+01   0.7 2.17e-06 1.65e-03h  1
 135  9.0336263e+06 2.52e+01 1.07e+03  -6.0 2.67e+01   1.1 2.09e-04 1.00e-03h  1
 136  9.0376000e+06 2.52e+01 1.06e+03  -6.0 2.69e+01   0.6 1.05e-03 2.48e-03h  1
 137  9.0397025e+06 2.51e+01 1.06e+03  -6.0 2.74e+01   1.0 8.80e-05 1.23e-03h  1
 138  9.0417726e+06 2.51e+01 1.06e+03  -6.0 2.76e+01   0.6 2.52e-04 1.28e-03h  1
 139  9.0435003e+06 2.51e+01 1.06e+03  -6.0 2.78e+01   1.0 3.77e-04 9.98e-04h  1
iter    objective    inf_pr   inf_du lg(mu)  ||d||  lg(rg) alpha_du alpha_pr  ls
 140  9.0476359e+06 2.50e+01 1.06e+03  -6.0 2.80e+01   0.5 7.79e-04 2.53e-03h  1
 141  9.0482901e+06 2.50e+01 1.06e+03  -6.0 2.85e+01   0.9 3.02e-04 3.71e-04h  1
 142  9.0538122e+06 2.49e+01 1.05e+03  -6.0 2.86e+01   0.5 3.70e-04 3.35e-03h  1
 143  9.0557647e+06 2.49e+01 1.05e+03  -6.0 2.92e+01   0.9 3.81e-04 1.10e-03h  1
 144  9.0570033e+06 2.49e+01 1.05e+03  -6.0 2.94e+01   0.4 9.74e-04 7.48e-04h  1
 145  9.0619298e+06 2.48e+01 1.05e+03  -6.0 2.95e+01   0.8 4.28e-04 2.76e-03h  1
 146  9.0643888e+06 2.48e+01 1.04e+03  -6.0 3.00e+01   0.4 8.00e-04 1.49e-03h  1
 147  9.0656219e+06 2.47e+01 1.04e+03  -6.0 3.03e+01   0.8 7.66e-04 6.89e-04h  1
 148  9.0664845e+06 2.47e+01 1.04e+03  -6.0 3.04e+01   0.3 8.50e-05 5.24e-04h  1
 149  9.0695625e+06 2.47e+01 1.04e+03  -6.0 3.05e+01   0.7 4.38e-07 1.72e-03h  1
iter    objective    inf_pr   inf_du lg(mu)  ||d||  lg(rg) alpha_du alpha_pr  ls
 150r 9.0695625e+06 2.47e+01 1.00e+03   1.2 0.00e+00   0.3 0.00e+00 2.78e-07R  5
 151r 9.0647687e+06 2.48e+01 1.00e+03   1.2 1.15e+05    -  1.71e-04 1.80e-05f  1
 152r 8.9833648e+06 2.61e+01 1.00e+03   1.2 1.21e+04    -  8.65e-05 1.97e-04f  1
 153  8.9638000e+06 2.58e+01 9.79e+01  -6.0 9.64e+01    -  2.25e-02 1.16e-02f  1
 154  8.9206173e+06 2.49e+01 9.63e+01  -6.0 1.21e+02    -  1.37e-02 3.41e-02f  1
 155  8.8798873e+06 2.37e+01 9.32e+01  -6.0 1.75e+02    -  3.01e-02 4.82e-02f  1
 156  8.8640384e+06 2.29e+01 9.10e+01  -6.0 2.06e+02    -  2.20e-02 3.41e-02f  1
 157  8.8388966e+06 2.10e+01 8.14e+01  -6.0 2.40e+02    -  1.09e-01 8.10e-02f  1
 158  8.8306102e+06 1.90e+01 7.38e+01  -6.0 3.13e+02    -  9.26e-02 9.65e-02f  1
 159  8.8315158e+06 1.77e+01 6.19e+01  -6.0 3.68e+02    -  1.78e-01 6.63e-02h  2
iter    objective    inf_pr   inf_du lg(mu)  ||d||  lg(rg) alpha_du alpha_pr  ls
 160  8.8353307e+06 1.64e+01 5.80e+01  -6.0 3.94e+02    -  6.01e-02 7.30e-02h  2
 161  8.8466669e+06 1.39e+01 5.21e+01  -6.0 4.07e+02    -  9.18e-02 1.55e-01H  1
 162  8.8573481e+06 1.23e+01 4.84e+01  -6.0 4.15e+02    -  6.33e-02 1.15e-01h  1
 163  8.8708249e+06 1.06e+01 4.59e+01  -6.0 4.06e+02    -  3.39e-02 1.39e-01h  1
 164  8.8823903e+06 9.26e+00 4.27e+01  -6.0 3.86e+02    -  6.19e-02 1.23e-01h  1
 165  8.8959498e+06 7.83e+00 3.79e+01  -6.0 3.66e+02    -  1.06e-01 1.54e-01h  1
 166  8.9113417e+06 6.24e+00 3.46e+01  -6.0 3.37e+02    -  7.21e-02 2.01e-01h  1
 167  8.9252239e+06 4.82e+00 3.05e+01  -6.0 2.95e+02    -  1.04e-01 2.27e-01h  1
 168  8.9294205e+06 4.36e+00 2.83e+01  -6.0 2.46e+02    -  7.01e-02 9.43e-02h  1
 169  8.9313974e+06 4.14e+00 2.53e+01  -6.0 2.26e+02    -  1.10e-01 5.18e-02h  1
iter    objective    inf_pr   inf_du lg(mu)  ||d||  lg(rg) alpha_du alpha_pr  ls
 170  8.9418590e+06 2.83e+00 2.61e+01  -6.0 2.16e+02    -  4.42e-02 3.12e-01h  1
 171  8.9420513e+06 2.80e+00 4.17e+01  -6.0 1.54e+02    -  1.70e-01 9.91e-03h  1
 172  8.9465990e+06 2.03e+00 2.22e+01  -6.0 1.51e+02    -  7.03e-02 2.75e-01h  1
 173  8.9480088e+06 1.71e+00 3.72e+01  -6.0 1.10e+02    -  5.13e-02 1.60e-01h  1
 174  8.9483695e+06 1.61e+00 1.54e+01  -6.0 1.01e+02    -  2.88e-01 5.83e-02h  1
 175  8.9486642e+06 1.42e+00 1.17e+01  -6.0 1.24e+02    -  6.45e-02 1.15e-01h  1
 176  8.9488465e+06 1.27e+00 1.99e+01  -6.0 1.29e+02    -  2.28e-01 1.10e-01h  1
 177  8.9488580e+06 1.21e+00 3.24e+01  -6.0 1.55e+02    -  1.65e-01 4.13e-02h  1
 178  8.9487675e+06 1.04e+00 2.15e+01  -6.0 1.75e+02    -  7.35e-02 1.46e-01h  1
 179  8.9487007e+06 9.09e-01 1.63e+01  -6.0 1.83e+02    -  8.99e-02 1.23e-01h  1
iter    objective    inf_pr   inf_du lg(mu)  ||d||  lg(rg) alpha_du alpha_pr  ls
 180  8.9486561e+06 8.51e-01 2.55e+01  -6.0 1.94e+02    -  2.18e-01 6.34e-02h  1
 181  8.9485393e+06 7.53e-01 2.06e+01  -6.0 2.24e+02    -  7.11e-02 1.15e-01h  1
 182  8.9484465e+06 6.89e-01 2.21e+01  -6.0 2.30e+02    -  1.93e-01 8.55e-02h  1
 183  8.9483033e+06 6.30e-01 1.84e+01  -6.0 2.51e+02    -  2.05e-01 8.52e-02h  1
 184  8.9481187e+06 5.85e-01 1.82e+01  -6.0 2.72e+02    -  1.90e-01 7.09e-02h  1
 185  8.9481959e+06 5.82e-01 4.09e+01  -6.0 1.00e+01  -0.2 1.24e-05 5.78e-03h  1
 186  8.9483596e+06 5.73e-01 3.74e+01  -6.0 1.08e+01  -0.7 1.64e-02 1.45e-02h  1
 187  8.9483705e+06 5.73e-01 3.87e+01  -6.0 1.11e+01  -1.2 3.57e-02 1.15e-03h  1
 188  8.9484570e+06 5.66e-01 3.84e+01  -6.0 1.18e+01  -1.7 1.00e-02 1.10e-02h  1
 189  8.9487769e+06 5.34e-01 3.62e+01  -6.0 1.23e+01  -2.1 3.46e-03 5.74e-02h  1
iter    objective    inf_pr   inf_du lg(mu)  ||d||  lg(rg) alpha_du alpha_pr  ls
 190  8.9487304e+06 5.31e-01 3.59e+01  -6.0 2.98e+02    -  3.63e-03 5.97e-03h  1
 191  8.9487294e+06 5.31e-01 3.60e+01  -6.0 2.97e+02    -  9.86e-02 2.14e-04h  1
 192  8.9487131e+06 5.29e-01 3.61e+01  -6.0 3.03e+02    -  1.13e-01 3.35e-03h  1
 193  8.9486367e+06 5.21e-01 3.70e+01  -6.0 3.07e+02    -  1.02e-01 1.49e-02h  1
 194  8.9486044e+06 5.18e-01 4.88e+01  -6.0 3.12e+02    -  1.19e-01 6.17e-03h  1
 195  8.9490417e+06 4.59e-01 4.50e+01  -6.0 1.96e+01  -2.6 2.07e-01 1.13e-01h  1
 196  8.9490566e+06 4.58e-01 4.15e+01  -6.0 1.06e+01  -2.2 1.24e-01 3.15e-03h  1
 197  8.9492372e+06 4.48e-01 5.68e+01  -6.0 8.62e+00  -0.9 3.32e-03 2.02e-02h  1
 198  8.9492874e+06 4.45e-01 5.10e+01  -6.0 9.04e+00  -1.3 2.32e-02 6.77e-03h  1
 199  8.9496911e+06 4.25e-01 8.45e+01  -6.0 8.36e+00  -0.9 4.74e-03 4.58e-02h  1
iter    objective    inf_pr   inf_du lg(mu)  ||d||  lg(rg) alpha_du alpha_pr  ls
 200  8.9501866e+06 3.95e-01 7.85e+01  -6.0 8.40e+00  -1.4 5.52e-02 6.98e-02h  1
 201  8.9505278e+06 3.79e-01 7.53e+01  -6.0 7.29e+00  -1.0 1.49e-02 4.17e-02h  1
 202  8.9508234e+06 3.61e-01 7.18e+01  -6.0 7.37e+00  -1.4 1.19e-01 4.60e-02h  1
 203  8.9511384e+06 3.47e-01 6.89e+01  -6.0 6.44e+00  -1.0 4.46e-02 4.05e-02h  1
 204  8.9518003e+06 3.09e-01 6.24e+01  -6.0 6.73e+00  -1.5 1.03e-01 1.10e-01h  1
 205  8.9522891e+06 2.86e-01 7.48e+01  -6.0 5.05e+00  -1.1 1.23e-01 7.19e-02h  1
 206  8.9532949e+06 2.49e-01 9.01e+01  -6.0 2.81e+00  -0.6 5.88e-02 1.30e-01h  1
 207  8.9542146e+06 2.08e-01 7.89e+01  -6.0 2.59e+00  -1.1 2.34e-01 1.65e-01h  1
 208  8.9549201e+06 1.83e-01 8.64e+01  -6.0 2.02e+00  -0.7 5.65e-02 1.22e-01h  1
 209  8.9552691e+06 1.72e-01 8.37e+01  -6.0 1.78e+00  -0.3 6.59e-02 5.92e-02h  1
iter    objective    inf_pr   inf_du lg(mu)  ||d||  lg(rg) alpha_du alpha_pr  ls
 210  8.9557974e+06 1.52e-01 7.80e+01  -6.0 1.67e+00  -0.7 1.24e-01 1.14e-01h  1
 211  8.9565051e+06 1.30e-01 6.94e+01  -6.0 1.48e+00  -0.3 6.96e-02 1.44e-01h  1
 212  8.9569880e+06 1.10e-01 5.96e+01  -6.0 1.27e+00  -0.8 3.38e-01 1.55e-01h  1
 213  8.9569881e+06 1.10e-01 3.07e+04  -6.0 1.90e+00  -0.4 3.38e-02 2.45e-05h  1
 214  8.9571910e+06 1.01e-01 7.29e+04  -6.0 1.48e+00  -0.8 3.28e-01 8.13e-02h  1
 215  8.9573034e+06 9.76e-02 7.31e+04  -6.0 1.30e+00  -0.4 4.37e-02 3.54e-02h  1
 216  8.9575764e+06 8.39e-02 5.77e+04  -6.0 1.42e+00  -0.9 6.58e-02 1.41e-01h  1
 217  8.9578633e+06 7.41e-02 4.12e+04  -6.0 1.06e+00  -0.5 6.76e-02 1.16e-01h  1
 218  8.9579216e+06 6.97e-02 3.97e+04  -6.0 1.59e+00  -0.9 1.44e-01 5.91e-02h  1
 219  8.9582129e+06 5.89e-02 3.05e+04  -6.0 8.78e-01  -0.5 1.30e-01 1.55e-01h  1
iter    objective    inf_pr   inf_du lg(mu)  ||d||  lg(rg) alpha_du alpha_pr  ls
 220  8.9582243e+06 5.69e-02 2.58e+04  -6.0 1.79e+00  -1.0 1.66e-01 3.39e-02h  1
 221  8.9585110e+06 4.48e-02 1.60e+04  -6.0 7.21e-01  -0.6 1.42e-01 2.13e-01h  1
 222  8.9584919e+06 4.15e-02 1.44e+04  -6.0 2.02e+00  -1.0 8.28e-02 7.39e-02h  1
 223  8.9586059e+06 3.52e-02 1.46e+04  -6.0 7.55e-01  -0.6 4.13e-01 1.52e-01h  1
 224  8.9585502e+06 3.20e-02 1.54e+04  -6.0 2.26e+00  -1.1 5.40e-02 8.96e-02h  1
 225  8.9585614e+06 3.11e-02 7.59e+03  -6.0 8.51e-01  -0.7 4.11e-01 2.96e-02h  1
 226  8.9584349e+06 2.66e-02 8.26e+03  -6.0 2.53e+00  -1.1 1.09e-01 1.43e-01h  1
 227  8.9584422e+06 2.53e-02 5.40e+03  -6.0 9.57e-01  -0.7 1.91e-01 4.75e-02h  1
 228  8.9583540e+06 2.34e-02 3.67e+03  -6.0 2.85e+00  -1.2 1.02e-01 7.49e-02h  1
 229  8.9583531e+06 2.11e-02 3.74e+03  -6.0 1.08e+00  -0.8 8.01e-02 1.00e-01h  1
iter    objective    inf_pr   inf_du lg(mu)  ||d||  lg(rg) alpha_du alpha_pr  ls
 230  8.9583484e+06 2.10e-02 2.47e+03  -6.0 3.20e+00  -1.2 1.39e-01 3.23e-03h  1
 231  8.9583182e+06 1.69e-02 2.76e+03  -6.0 1.21e+00  -0.8 2.35e-01 1.98e-01h  1
 232  8.9582200e+06 1.59e-02 5.06e+03  -6.0 3.58e+00  -1.3 1.23e-01 5.75e-02h  1
 233  8.9582149e+06 1.57e-02 7.99e+03  -6.0 1.36e+00  -0.9 1.57e-01 1.48e-02h  1
 234  8.9582626e+06 1.17e-02 5.34e+03  -6.0 5.10e-01  -0.4 3.03e-01 2.53e-01h  1
 235  8.9582594e+06 1.16e-02 9.79e+03  -6.0 1.53e+00  -0.9 1.66e-01 5.95e-03h  1
 236  8.9582701e+06 8.00e-03 6.33e+03  -6.0 5.76e-01  -0.5 1.86e-01 3.13e-01h  1
 237  8.9581699e+06 6.86e-03 3.19e+03  -6.0 1.71e+00  -1.0 6.12e-02 1.42e-01h  1
 238  8.9581506e+06 5.96e-03 7.15e+03  -6.0 6.47e-01  -0.5 3.99e-01 1.31e-01h  1
 239  8.9581027e+06 5.62e-03 9.23e+03  -6.0 1.92e+00  -1.0 1.66e-01 5.73e-02h  1
iter    objective    inf_pr   inf_du lg(mu)  ||d||  lg(rg) alpha_du alpha_pr  ls
 240  8.9580979e+06 5.49e-03 1.37e+04  -6.0 7.15e-01  -0.6 4.28e-01 2.28e-02h  1
 241  8.9579929e+06 4.86e-03 1.11e+04  -6.0 2.11e+00  -1.1 4.77e-02 1.15e-01h  1
 242  8.9579458e+06 4.00e-03 9.64e+03  -6.0 7.99e-01  -0.7 2.29e-01 1.76e-01h  1
 243  8.9578898e+06 3.79e-03 9.84e+03  -6.0 2.36e+00  -1.1 1.05e-01 5.34e-02h  1
 244  8.9578358e+06 3.72e-03 1.01e+04  -6.0 6.90e+00  -1.6 5.00e-02 1.84e-02f  1
 245  8.9577990e+06 3.60e-03 9.95e+03  -6.0 2.64e+00  -1.2 4.97e-02 3.33e-02h  1
 246  8.9577575e+06 3.55e-03 9.67e+03  -6.0 7.74e+00  -1.7 1.05e-03 1.29e-02f  1
 247  8.9577438e+06 3.51e-03 1.09e+04  -6.0 2.96e+00  -1.2 1.14e-01 1.12e-02h  1
 248  8.9575804e+06 3.35e-03 1.00e+04  -6.0 8.66e+00  -1.7 1.39e-02 4.66e-02f  1
 249  8.9575506e+06 3.27e-03 1.04e+04  -6.0 3.31e+00  -1.3 7.51e-02 2.23e-02h  1
iter    objective    inf_pr   inf_du lg(mu)  ||d||  lg(rg) alpha_du alpha_pr  ls
 250  8.9575055e+06 3.23e-03 1.06e+04  -6.0 9.70e+00  -1.8 3.78e-02 1.18e-02f  1
 251  8.9574983e+06 3.22e-03 1.11e+04  -6.0 3.71e+00  -1.3 5.66e-02 4.84e-03h  1
 252  8.9574468e+06 2.90e-03 9.58e+03  -6.0 1.41e+00  -0.9 5.40e-02 9.98e-02h  1
 253  8.9574219e+06 2.85e-03 9.53e+03  -6.0 4.15e+00  -1.4 2.51e-02 1.53e-02h  1
 254  8.9573954e+06 2.71e-03 1.03e+04  -6.0 1.05e+00  -1.0 2.11e-01 5.19e-02h  1
 255  8.9573749e+06 2.67e-03 1.04e+04  -6.0 3.12e+00  -1.4 3.84e-02 1.30e-02h  1
 256  8.9573369e+06 2.49e-03 1.11e+04  -6.0 1.18e+00  -1.0 2.90e-01 6.62e-02h  1
 257  8.9572971e+06 2.44e-03 1.09e+04  -6.0 3.49e+00  -1.5 4.33e-02 2.28e-02f  1
 258  8.9572678e+06 2.32e-03 1.06e+04  -6.0 1.31e+00  -1.1 7.88e-02 4.58e-02h  1
 259  8.9572501e+06 2.30e-03 1.06e+04  -6.0 3.84e+00  -1.5 4.97e-02 9.34e-03h  1
iter    objective    inf_pr   inf_du lg(mu)  ||d||  lg(rg) alpha_du alpha_pr  ls
 260  8.9571916e+06 2.11e-03 1.00e+04  -6.0 1.45e+00  -1.1 2.59e-01 8.29e-02h  1
 261  8.9571410e+06 2.06e-03 9.90e+03  -6.0 4.32e+00  -1.6 6.86e-02 2.51e-02f  1
 262  8.9570836e+06 1.90e-03 9.54e+03  -6.0 1.63e+00  -1.2 2.91e-01 7.59e-02h  1
 263  8.9570083e+06 1.84e-03 9.39e+03  -6.0 4.86e+00  -1.6 1.24e-01 3.41e-02f  1
 264  8.9569570e+06 1.72e-03 9.27e+03  -6.0 1.83e+00  -1.2 3.89e-01 6.36e-02f  1
 265  8.9568710e+06 1.66e-03 9.07e+03  -6.0 5.46e+00  -1.7 1.40e-01 3.79e-02f  1
 266  8.9568189e+06 1.56e-03 8.88e+03  -6.0 2.06e+00  -1.3 4.37e-01 6.01e-02f  1
 267  8.9567769e+06 1.53e-03 8.77e+03  -6.0 6.13e+00  -1.7 5.48e-02 1.74e-02f  1
 268  8.9567491e+06 1.48e-03 8.82e+03  -6.0 2.32e+00  -1.3 5.07e-01 2.98e-02h  1
 269  8.9564963e+06 1.34e-03 7.97e+03  -6.0 6.89e+00  -1.8 9.08e-02 9.55e-02f  1
iter    objective    inf_pr   inf_du lg(mu)  ||d||  lg(rg) alpha_du alpha_pr  ls
 270  8.9564860e+06 1.33e-03 7.96e+03  -6.0 2.60e+00  -1.4 1.65e-01 1.02e-02h  1
 271  8.9564103e+06 1.29e-03 7.77e+03  -6.0 7.74e+00  -1.8 3.49e-02 2.65e-02f  1
 272  8.9563749e+06 1.25e-03 7.59e+03  -6.0 2.92e+00  -1.4 1.91e-01 3.18e-02f  1
 273  8.9562472e+06 1.20e-03 7.29e+03  -6.0 8.70e+00  -1.9 4.32e-02 4.06e-02f  1
 274  8.9562292e+06 1.18e-03 7.20e+03  -6.0 3.28e+00  -1.5 6.44e-02 1.54e-02h  1
 275  8.9561198e+06 1.14e-03 7.00e+03  -6.0 9.76e+00  -1.9 5.16e-02 3.31e-02f  1
 276  8.9560970e+06 1.12e-03 6.91e+03  -6.0 3.68e+00  -1.5 9.12e-02 1.76e-02h  1
 277  8.9560553e+06 1.11e-03 6.84e+03  -6.0 1.08e+01  -2.0 1.72e-02 1.15e-02f  1
 278  8.9559845e+06 1.05e-03 6.88e+03  -6.0 3.88e+00  -1.6 3.73e-01 5.41e-02f  1
 279  8.9558714e+06 1.02e-03 6.71e+03  -6.0 1.12e+01  -2.0 5.93e-02 3.12e-02f  1
iter    objective    inf_pr   inf_du lg(mu)  ||d||  lg(rg) alpha_du alpha_pr  ls
 280  8.9558050e+06 9.71e-04 6.47e+03  -6.0 4.34e+00  -1.6 1.69e-01 4.61e-02f  1
 281  8.9557495e+06 9.57e-04 6.40e+03  -6.0 1.23e+01  -2.1 2.39e-02 1.46e-02f  1
 282  8.9557258e+06 9.41e-04 6.50e+03  -6.0 4.45e+00  -1.7 3.21e-01 1.70e-02f  1
 283  8.9557107e+06 9.13e-04 6.37e+03  -6.0 1.67e+00  -1.2 1.18e-01 2.89e-02h  1
 284  8.9556838e+06 8.96e-04 6.25e+03  -6.0 5.15e+00  -1.7 3.60e-02 1.96e-02f  1
 285  8.9556354e+06 8.04e-04 5.68e+03  -6.0 1.66e+00  -1.3 2.06e-01 1.03e-01h  1
 286  8.9555737e+06 7.66e-04 5.43e+03  -6.0 4.75e+00  -1.8 9.04e-02 4.67e-02f  1
 287  8.9555415e+06 7.18e-04 5.13e+03  -6.0 1.85e+00  -1.4 1.40e-01 6.26e-02h  1
 288  8.9554933e+06 6.94e-04 5.01e+03  -6.0 5.28e+00  -1.8 2.37e-01 3.35e-02f  1
 289  8.9554308e+06 6.17e-04 4.56e+03  -6.0 2.07e+00  -1.4 4.62e-01 1.12e-01f  1
iter    objective    inf_pr   inf_du lg(mu)  ||d||  lg(rg) alpha_du alpha_pr  ls
 290  8.9553701e+06 5.92e-04 4.32e+03  -6.0 5.86e+00  -1.9 1.39e-01 3.93e-02f  1
 291  8.9552917e+06 5.81e-04 4.24e+03  -6.0 1.52e+01  -2.4 1.70e-02 1.98e-02f  1
 292  8.9552742e+06 5.74e-04 4.20e+03  -6.0 6.45e+00  -1.9 8.11e-03 1.05e-02f  1
 293  8.9552641e+06 5.66e-04 4.14e+03  -6.0 2.56e+00  -1.5 1.50e-01 1.52e-02h  1
 294  8.9552301e+06 5.55e-04 4.07e+03  -6.0 7.18e+00  -2.0 1.49e-02 1.82e-02f  1
 295  8.9551833e+06 5.20e-04 3.85e+03  -6.0 2.86e+00  -1.6 4.05e-02 6.44e-02f  1
 296  8.9551337e+06 5.07e-04 3.70e+03  -6.0 7.96e+00  -2.0 4.19e-02 2.50e-02f  1
 297  8.9551133e+06 4.94e-04 3.44e+03  -6.0 3.19e+00  -1.6 1.29e-01 2.60e-02h  1
 298  8.9550946e+06 4.89e-04 3.34e+03  -6.0 8.81e+00  -2.1 2.95e-02 8.93e-03f  1
 299  8.9550743e+06 4.77e-04 3.25e+03  -6.0 3.55e+00  -1.7 3.30e-02 2.42e-02h  1
iter    objective    inf_pr   inf_du lg(mu)  ||d||  lg(rg) alpha_du alpha_pr  ls
 300  8.9550042e+06 4.63e-04 3.06e+03  -6.0 9.73e+00  -2.1 5.06e-02 3.11e-02f  1

Number of Iterations....: 300

                                   (scaled)                 (unscaled)
Objective...............:   6.8742459880093287e+04    8.9550041506766640e+06
Dual infeasibility......:   3.0640484290996465e+03    3.9915019695719989e+05
Constraint violation....:   3.8532521202588876e-04    4.6253003723606412e-04
Variable bound violation:   1.3037236357149595e-07    1.3037236357149595e-07
Complementarity.........:   1.5670707995972257e-03    2.0414057831615542e-01
Overall NLP error.......:   3.0640484290996465e+03    3.9915019695719989e+05


Number of objective function evaluations             = 313
Number of objective gradient evaluations             = 300
Number of equality constraint evaluations            = 313
Number of inequality constraint evaluations          = 314
Number of equality constraint Jacobian evaluations   = 302
Number of inequality constraint Jacobian evaluations = 302
Number of Lagrangian Hessian evaluations             = 300
Total seconds in IPOPT                               = 171.081

EXIT: Maximum Number of Iterations Exceeded.

