Solver command line: ['/opt/homebrew/bin/ipopt', '/var/folders/6y/bvynbx6n3zv7z3lwg6vd724r0000gn/T/tmptl521xqq.pyomo.nl', '-AMPL', 'tol=1e-06', 'max_iter=300', 'print_level=5', 'warm_start_init_point=yes', 'warm_start_bound_push=1e-06', 'warm_start_bound_frac=1e-06', 'warm_start_mult_bound_push=1e-06', 'mu_init=1e-06', 'least_square_init_duals=no']

Ipopt 3.14.19: tol=1e-06
max_iter=300
print_level=5
warm_start_init_point=yes
warm_start_bound_push=1e-06
warm_start_bound_frac=1e-06
warm_start_mult_bound_push=1e-06
mu_init=1e-06
least_square_init_duals=no


******************************************************************************
This program contains Ipopt, a library for large-scale nonlinear optimization.
 Ipopt is released as open source code under the Eclipse Public License (EPL).
         For more information visit https://github.com/coin-or/Ipopt
******************************************************************************

This is Ipopt version 3.14.19, running with linear solver MUMPS 5.6.2.

Number of nonzeros in equality constraint Jacobian...:   211821
Number of nonzeros in inequality constraint Jacobian.:   163736
Number of nonzeros in Lagrangian Hessian.............:   115477

Total number of variables............................:    35502
                     variables with only lower bounds:        0
                variables with lower and upper bounds:    35502
                     variables with only upper bounds:        0
Total number of equality constraints.................:    27319
Total number of inequality constraints...............:    40934
        inequality constraints with only lower bounds:        0
   inequality constraints with lower and upper bounds:        0
        inequality constraints with only upper bounds:    40934

iter    objective    inf_pr   inf_du lg(mu)  ||d||  lg(rg) alpha_du alpha_pr  ls
   0  1.8058312e+07 2.70e+01 1.18e+03  -6.0 0.00e+00    -  0.00e+00 0.00e+00   0
   1  1.8038685e+07 2.70e+01 1.18e+03  -6.0 7.22e+01   0.0 1.95e-04 3.22e-04f  1
   2  1.8030148e+07 2.70e+01 1.18e+03  -6.0 2.78e+01   0.4 8.82e-05 2.98e-04f  1
   3  1.7930209e+07 2.70e+01 1.18e+03  -6.0 8.09e+01  -0.1 9.58e-05 1.49e-03f  1
   4  1.7915012e+07 2.70e+01 1.18e+03  -6.0 3.03e+01   0.4 2.50e-04 4.99e-04f  1
   5  1.7908110e+07 2.70e+01 1.18e+03  -6.0 8.63e+01  -0.1 8.51e-05 9.77e-05f  1
   6  1.7903822e+07 2.70e+01 1.18e+03  -6.0 3.35e+01   0.3 5.21e-05 1.30e-04f  1
   7  1.7895586e+07 2.69e+01 1.18e+03  -6.0 1.31e+01   0.7 1.48e-04 4.79e-04f  1
   8  1.7893590e+07 2.69e+01 1.18e+03  -6.0 3.72e+01   0.3 1.07e-04 5.58e-05f  1
   9  1.7885923e+07 2.69e+01 1.18e+03  -6.0 1.46e+01   0.7 1.23e-04 4.18e-04f  1
iter    objective    inf_pr   inf_du lg(mu)  ||d||  lg(rg) alpha_du alpha_pr  ls
  10  1.7885055e+07 2.69e+01 1.18e+03  -6.0 4.13e+01   0.2 1.79e-04 2.23e-05f  1
  11  1.7870160e+07 2.69e+01 1.18e+03  -6.0 1.62e+01   0.6 2.10e-04 7.58e-04f  1
  12  1.7859687e+07 2.69e+01 1.18e+03  -6.0 4.56e+01   0.2 2.87e-04 2.49e-04f  1
  13  1.7809011e+07 2.68e+01 1.18e+03  -6.0 1.79e+01   0.6 7.12e-05 2.41e-03f  1
  14  1.7761439e+07 2.68e+01 1.18e+03  -6.0 5.08e+01   0.1 5.14e-04 1.07e-03f  1
  15  1.7715941e+07 2.68e+01 1.17e+03  -6.0 1.97e+01   0.5 7.18e-05 2.09e-03f  1
  16  1.7643040e+07 2.67e+01 1.17e+03  -6.0 5.58e+01   0.1 1.92e-04 1.59e-03f  1
  17  1.7636758e+07 2.67e+01 1.17e+03  -6.0 2.16e+01   0.5 2.47e-05 2.81e-04f  1
  18  1.7631290e+07 2.67e+01 1.17e+03  -6.0 6.04e+01   0.0 7.12e-04 1.14e-04f  1
  19  1.7614342e+07 2.67e+01 1.17e+03  -6.0 2.40e+01   0.4 1.47e-04 7.09e-04f  1
iter    objective    inf_pr   inf_du lg(mu)  ||d||  lg(rg) alpha_du alpha_pr  ls
  20  1.7611809e+07 2.67e+01 1.17e+03  -6.0 6.70e+01  -0.0 2.49e-04 4.94e-05f  1
  21  1.7555089e+07 2.66e+01 1.17e+03  -6.0 2.66e+01   0.4 4.95e-04 2.23e-03f  1
  22  1.7540559e+07 2.66e+01 1.17e+03  -6.0 7.40e+01  -0.1 4.75e-04 2.72e-04f  1
  23  1.7535027e+07 2.66e+01 1.17e+03  -6.0 2.90e+01   0.3 2.56e-04 2.08e-04f  1
  24  1.7518728e+07 2.66e+01 1.17e+03  -6.0 1.22e+01   0.8 1.32e-04 1.10e-03f  1
  25  1.7514645e+07 2.66e+01 1.17e+03  -6.0 3.22e+01   0.3 3.82e-04 1.44e-04f  1
  26  1.7508903e+07 2.66e+01 1.17e+03  -6.0 1.35e+01   0.7 1.64e-04 3.69e-04f  1
  27  1.7487958e+07 2.66e+01 1.16e+03  -6.0 3.58e+01   0.2 5.10e-04 6.87e-04f  1
  28  1.7478655e+07 2.65e+01 1.16e+03  -6.0 1.48e+01   0.7 5.36e-04 5.69e-04f  1
  29  1.7464869e+07 2.65e+01 1.16e+03  -6.0 3.95e+01   0.2 3.32e-04 4.28e-04f  1
iter    objective    inf_pr   inf_du lg(mu)  ||d||  lg(rg) alpha_du alpha_pr  ls
  30  1.7459351e+07 2.65e+01 1.16e+03  -6.0 1.64e+01   0.6 1.80e-04 3.21e-04f  1
  31  1.7454283e+07 2.65e+01 1.16e+03  -6.0 4.40e+01   0.1 9.13e-05 1.47e-04f  1
  32  1.7449318e+07 2.65e+01 1.16e+03  -6.0 1.81e+01   0.6 3.29e-04 2.72e-04f  1
  33  1.7438716e+07 2.65e+01 1.16e+03  -6.0 4.91e+01   0.1 3.36e-04 2.86e-04f  1
  34  1.7438022e+07 2.65e+01 1.16e+03  -6.0 1.99e+01   0.5 3.75e-04 3.58e-05f  1
  35  1.7436026e+07 2.65e+01 1.16e+03  -6.0 5.48e+01   0.0 8.85e-05 5.03e-05f  1
  36  1.7434037e+07 2.65e+01 1.16e+03  -6.0 2.21e+01   0.5 1.95e-04 9.65e-05f  1
  37  1.7425163e+07 2.65e+01 1.16e+03  -6.0 6.12e+01  -0.0 1.04e-04 2.07e-04f  1
  38  1.7407781e+07 2.65e+01 1.16e+03  -6.0 2.44e+01   0.4 1.20e-04 7.87e-04f  1
  39  1.7406215e+07 2.65e+01 1.16e+03  -6.0 6.77e+01  -0.1 1.37e-04 3.42e-05f  1
iter    objective    inf_pr   inf_du lg(mu)  ||d||  lg(rg) alpha_du alpha_pr  ls
  40  1.7398719e+07 2.65e+01 1.16e+03  -6.0 2.68e+01   0.4 3.99e-04 3.19e-04f  1
  41  1.7394776e+07 2.65e+01 1.16e+03  -6.0 7.53e+01  -0.1 7.98e-05 8.04e-05f  1
  42  1.7392761e+07 2.65e+01 1.16e+03  -6.0 2.96e+01   0.3 4.27e-04 8.04e-05f  1
  43  1.7389700e+07 2.64e+01 1.16e+03  -6.0 1.29e+01   0.7 1.54e-04 2.15e-04f  1
  44  1.7386578e+07 2.64e+01 1.16e+03  -6.0 3.31e+01   0.3 9.04e-05 1.16e-04f  1
  45  1.7385245e+07 2.64e+01 1.16e+03  -6.0 1.42e+01   0.7 1.37e-04 8.91e-05f  1
  46  1.7383585e+07 2.64e+01 1.16e+03  -6.0 3.70e+01   0.2 2.49e-04 5.74e-05f  1
  47  1.7377229e+07 2.64e+01 1.16e+03  -6.0 1.56e+01   0.6 1.08e-04 4.01e-04f  1
  48  1.7373470e+07 2.64e+01 1.16e+03  -6.0 4.13e+01   0.2 4.03e-04 1.21e-04f  1
  49  1.7346248e+07 2.64e+01 1.16e+03  -6.0 1.72e+01   0.6 2.65e-04 1.62e-03f  1
iter    objective    inf_pr   inf_du lg(mu)  ||d||  lg(rg) alpha_du alpha_pr  ls
  50  1.7343447e+07 2.64e+01 1.16e+03  -6.0 4.56e+01   0.1 4.40e-04 8.52e-05f  1
  51  1.7341429e+07 2.64e+01 1.16e+03  -6.0 1.88e+01   0.5 1.26e-04 1.14e-04f  1
  52  1.7336709e+07 2.64e+01 1.16e+03  -6.0 5.09e+01   0.1 5.31e-04 1.34e-04f  1
  53  1.7326856e+07 2.64e+01 1.16e+03  -6.0 2.07e+01   0.5 1.03e-04 5.25e-04f  1
  54  1.7315766e+07 2.64e+01 1.16e+03  -6.0 5.64e+01  -0.0 4.32e-04 2.93e-04f  1
  55  1.7309836e+07 2.63e+01 1.16e+03  -6.0 2.27e+01   0.4 3.92e-04 2.98e-04f  1
  56  1.7293423e+07 2.63e+01 1.16e+03  -6.0 6.24e+01  -0.1 4.39e-04 4.06e-04f  1
  57  1.7288361e+07 2.63e+01 1.15e+03  -6.0 2.49e+01   0.4 4.54e-04 2.40e-04f  1
  58  1.7281773e+07 2.63e+01 1.15e+03  -6.0 6.87e+01  -0.1 7.28e-04 1.53e-04f  1
  59  1.7266835e+07 2.63e+01 1.15e+03  -6.0 2.76e+01   0.3 3.59e-04 6.65e-04f  1
iter    objective    inf_pr   inf_du lg(mu)  ||d||  lg(rg) alpha_du alpha_pr  ls
  60  1.7266566e+07 2.63e+01 1.15e+03  -6.0 1.22e+01   0.7 1.98e-04 2.07e-05f  1
  61  1.7262611e+07 2.63e+01 1.15e+03  -6.0 3.06e+01   0.3 2.74e-05 1.66e-04f  1
  62  1.7262028e+07 2.63e+01 1.15e+03  -6.0 1.34e+01   0.7 5.46e-04 4.26e-05f  1
  63  1.7261476e+07 2.63e+01 1.15e+03  -6.0 3.41e+01   0.2 1.71e-04 2.17e-05f  1
  64  1.7255767e+07 2.63e+01 1.15e+03  -6.0 1.47e+01   0.6 3.11e-05 3.95e-04f  1
  65  1.7255254e+07 2.63e+01 1.15e+03  -6.0 3.80e+01   0.2 4.85e-04 1.87e-05f  1
  66  1.7238352e+07 2.63e+01 1.15e+03  -6.0 1.61e+01   0.6 2.25e-04 1.11e-03f  1
  67  1.7232849e+07 2.63e+01 1.15e+03  -6.0 4.20e+01   0.1 4.36e-04 1.88e-04f  1
  68  1.7232084e+07 2.63e+01 1.15e+03  -6.0 1.76e+01   0.5 3.86e-04 4.76e-05f  1
  69  1.7229970e+07 2.63e+01 1.15e+03  -6.0 4.67e+01   0.1 1.35e-04 6.75e-05f  1
iter    objective    inf_pr   inf_du lg(mu)  ||d||  lg(rg) alpha_du alpha_pr  ls
  70  1.7226519e+07 2.62e+01 1.15e+03  -6.0 1.93e+01   0.5 2.78e-04 2.03e-04f  1
  71  1.7217352e+07 2.62e+01 1.15e+03  -6.0 5.19e+01   0.0 2.97e-04 2.74e-04f  1
  72  1.7211696e+07 2.62e+01 1.15e+03  -6.0 2.11e+01   0.4 3.49e-04 3.14e-04f  1
  73  1.7201437e+07 2.62e+01 1.15e+03  -6.0 5.72e+01  -0.0 5.51e-04 2.86e-04f  1
  74  1.7183160e+07 2.62e+01 1.15e+03  -6.0 2.32e+01   0.4 1.07e-04 9.58e-04f  1
  75  1.7178821e+07 2.62e+01 1.15e+03  -6.0 6.24e+01  -0.1 1.52e-04 1.14e-04f  1
  76  1.7169029e+07 2.62e+01 1.15e+03  -6.0 2.56e+01   0.3 7.54e-04 4.83e-04f  1
  77  1.7159372e+07 2.62e+01 1.15e+03  -6.0 7.16e+01  -0.1 2.64e-04 2.38e-04f  1
  78  1.7154028e+07 2.62e+01 1.15e+03  -6.0 2.83e+01   0.3 8.91e-05 2.48e-04f  1
  79  1.7148916e+07 2.62e+01 1.15e+03  -6.0 1.27e+01   0.7 1.73e-04 4.02e-04f  1
iter    objective    inf_pr   inf_du lg(mu)  ||d||  lg(rg) alpha_du alpha_pr  ls
  80  1.7148378e+07 2.62e+01 1.15e+03  -6.0 3.13e+01   0.2 1.29e-04 2.34e-05f  1
  81  1.7146578e+07 2.62e+01 1.15e+03  -6.0 1.38e+01   0.7 2.96e-05 1.35e-04f  1
  82  1.7146128e+07 2.62e+01 1.15e+03  -6.0 3.48e+01   0.2 2.49e-04 1.82e-05f  1
  83  1.7126441e+07 2.61e+01 1.15e+03  -6.0 1.51e+01   0.6 6.76e-05 1.39e-03f  1
  84  1.7124439e+07 2.61e+01 1.15e+03  -6.0 3.84e+01   0.1 6.14e-04 7.60e-05f  1
  85  1.7100677e+07 2.61e+01 1.14e+03  -6.0 1.64e+01   0.6 2.14e-04 1.60e-03f  1
  86  1.7095723e+07 2.61e+01 1.14e+03  -6.0 4.21e+01   0.1 1.29e-03 1.77e-04f  1
  87  1.7081459e+07 2.60e+01 1.14e+03  -6.0 1.78e+01   0.5 5.26e-04 9.12e-04f  1
  88  1.7078663e+07 2.60e+01 1.14e+03  -6.0 4.62e+01   0.0 7.91e-04 9.39e-05f  1
  89  1.7072510e+07 2.60e+01 1.14e+03  -6.0 1.93e+01   0.5 5.37e-04 3.72e-04f  1
iter    objective    inf_pr   inf_du lg(mu)  ||d||  lg(rg) alpha_du alpha_pr  ls
  90  1.7052016e+07 2.60e+01 1.14e+03  -6.0 5.09e+01  -0.0 2.58e-04 6.42e-04f  1
  91  1.7031321e+07 2.60e+01 1.14e+03  -6.0 2.12e+01   0.4 4.46e-04 1.19e-03f  1
  92  1.7018966e+07 2.60e+01 1.14e+03  -6.0 5.47e+01  -0.1 5.14e-04 3.69e-04f  1
  93  1.7009682e+07 2.60e+01 1.14e+03  -6.0 2.32e+01   0.4 6.28e-04 5.06e-04f  1
  94  1.7006255e+07 2.60e+01 1.14e+03  -6.0 5.93e+01  -0.1 4.39e-04 9.64e-05f  1
  95  1.6948693e+07 2.59e+01 1.14e+03  -6.0 2.56e+01   0.3 6.38e-04 2.95e-03f  1
  96  1.6945195e+07 2.59e+01 1.14e+03  -6.0 2.38e+02  -0.2 4.20e-04 9.49e-05f  1
  97  1.6933581e+07 2.59e+01 1.14e+03  -6.0 2.74e+01   0.3 7.27e-05 5.71e-04f  1
  98  1.6922611e+07 2.58e+01 1.13e+03  -6.0 1.27e+01   0.7 1.48e-04 8.99e-04f  1
  99  1.6916367e+07 2.58e+01 1.13e+03  -6.0 3.00e+01   0.2 1.04e-03 2.90e-04f  1
iter    objective    inf_pr   inf_du lg(mu)  ||d||  lg(rg) alpha_du alpha_pr  ls
 100  1.6910748e+07 2.58e+01 1.13e+03  -6.0 1.36e+01   0.6 7.23e-04 4.40e-04f  1
 101  1.6900761e+07 2.58e+01 1.13e+03  -6.0 3.30e+01   0.2 6.42e-04 4.35e-04f  1
 102  1.6893153e+07 2.58e+01 1.13e+03  -6.0 1.47e+01   0.6 2.62e-04 5.67e-04f  1
 103  1.6886772e+07 2.58e+01 1.13e+03  -6.0 3.60e+01   0.1 3.23e-04 2.62e-04f  1
 104  1.6883249e+07 2.58e+01 1.13e+03  -6.0 1.58e+01   0.5 4.92e-04 2.50e-04f  1
 105  1.6868962e+07 2.58e+01 1.13e+03  -6.0 3.94e+01   0.0 2.29e-04 5.51e-04f  1
 106  1.6865806e+07 2.58e+01 1.13e+03  -6.0 1.72e+01   0.5 3.22e-04 2.12e-04f  1
 107  1.6855190e+07 2.58e+01 1.13e+03  -6.0 4.29e+01  -0.0 6.96e-04 3.85e-04f  1
 108  1.6834305e+07 2.57e+01 1.13e+03  -6.0 1.88e+01   0.4 5.35e-04 1.33e-03f  1
 109  1.6826887e+07 2.57e+01 1.13e+03  -6.0 4.60e+01  -0.1 1.86e-03 2.55e-04f  1
iter    objective    inf_pr   inf_du lg(mu)  ||d||  lg(rg) alpha_du alpha_pr  ls
 110  1.6809233e+07 2.57e+01 1.13e+03  -6.0 2.05e+01   0.4 2.65e-04 1.07e-03f  1
 111  1.6800198e+07 2.57e+01 1.13e+03  -6.0 4.94e+01  -0.1 9.97e-04 2.94e-04f  1
 112  1.6785607e+07 2.57e+01 1.13e+03  -6.0 2.23e+01   0.3 5.43e-04 8.39e-04f  1
 113  1.6780192e+07 2.57e+01 1.13e+03  -6.0 5.56e+01  -0.2 6.15e-04 1.67e-04f  1
 114  1.6775255e+07 2.57e+01 1.13e+03  -6.0 2.44e+01   0.3 3.69e-04 2.69e-04f  1
 115  1.6770744e+07 2.56e+01 1.13e+03  -6.0 1.18e+01   0.7 4.15e-04 3.97e-04f  1
 116  1.6768579e+07 2.56e+01 1.13e+03  -6.0 2.67e+01   0.2 3.16e-04 1.11e-04f  1
 117  1.6766958e+07 2.56e+01 1.13e+03  -6.0 1.27e+01   0.6 4.22e-04 1.36e-04f  1
 118  1.6758911e+07 2.56e+01 1.12e+03  -6.0 2.93e+01   0.2 3.87e-04 3.87e-04f  1
 119  1.6755903e+07 2.56e+01 1.12e+03  -6.0 1.36e+01   0.6 8.01e-05 2.41e-04f  1
iter    objective    inf_pr   inf_du lg(mu)  ||d||  lg(rg) alpha_du alpha_pr  ls
 120  1.6753620e+07 2.56e+01 1.12e+03  -6.0 3.20e+01   0.1 1.02e-03 1.03e-04f  1
 121  1.6751069e+07 2.56e+01 1.12e+03  -6.0 1.46e+01   0.5 3.54e-04 1.94e-04f  1
 122  1.6746813e+07 2.56e+01 1.12e+03  -6.0 3.50e+01   0.1 6.29e-05 1.81e-04f  1
 123  1.6739986e+07 2.56e+01 1.12e+03  -6.0 1.58e+01   0.5 8.37e-05 4.94e-04f  1
 124  1.6729639e+07 2.56e+01 1.12e+03  -6.0 3.81e+01   0.0 4.26e-04 4.14e-04f  1
 125  1.6722955e+07 2.56e+01 1.12e+03  -6.0 1.72e+01   0.4 3.74e-04 4.60e-04f  1
 126  1.6709798e+07 2.56e+01 1.12e+03  -6.0 4.12e+01  -0.0 6.45e-04 4.97e-04f  1
 127  1.6688365e+07 2.55e+01 1.12e+03  -6.0 1.88e+01   0.4 4.39e-04 1.40e-03f  1
 128  1.6684283e+07 2.55e+01 1.12e+03  -6.0 4.38e+01  -0.1 7.21e-04 1.47e-04f  1
 129  1.6680067e+07 2.55e+01 1.12e+03  -6.0 2.04e+01   0.3 1.08e-04 2.62e-04f  1
iter    objective    inf_pr   inf_du lg(mu)  ||d||  lg(rg) alpha_du alpha_pr  ls
 130  1.6676648e+07 2.55e+01 1.12e+03  -6.0 6.41e+01  -0.1 3.28e-04 1.16e-04f  1
 131  1.6673584e+07 2.55e+01 1.12e+03  -6.0 2.23e+01   0.3 1.92e-04 1.80e-04f  1
 132  1.6670814e+07 2.55e+01 1.12e+03  -6.0 1.13e+01   0.7 4.96e-04 2.58e-04f  1
 133  1.6667515e+07 2.55e+01 1.12e+03  -6.0 2.46e+01   0.2 3.83e-04 1.83e-04f  1
 134  1.6665428e+07 2.55e+01 1.12e+03  -6.0 1.20e+01   0.7 7.27e-04 1.86e-04f  1
 135  1.6654016e+07 2.55e+01 1.12e+03  -6.0 2.68e+01   0.2 5.76e-04 5.94e-04f  1
 136  1.6646152e+07 2.55e+01 1.12e+03  -6.0 1.27e+01   0.6 6.20e-04 6.70e-04f  1
 137  1.6642311e+07 2.55e+01 1.12e+03  -6.0 2.91e+01   0.1 6.87e-04 1.90e-04f  1
 138  1.6633728e+07 2.54e+01 1.12e+03  -6.0 1.36e+01   0.6 3.16e-04 6.99e-04f  1
 139  1.6630675e+07 2.54e+01 1.12e+03  -6.0 3.16e+01   0.1 8.80e-04 1.42e-04f  1
iter    objective    inf_pr   inf_du lg(mu)  ||d||  lg(rg) alpha_du alpha_pr  ls
 140  1.6617294e+07 2.54e+01 1.12e+03  -6.0 1.46e+01   0.5 2.32e-04 1.04e-03f  1
 141  1.6614339e+07 2.54e+01 1.12e+03  -6.0 3.42e+01   0.0 1.18e-03 1.30e-04f  1
 142  1.6608437e+07 2.54e+01 1.11e+03  -6.0 1.60e+01   0.5 2.09e-04 4.36e-04f  1
 143  1.6606277e+07 2.54e+01 1.11e+03  -6.0 3.71e+01  -0.0 8.13e-04 8.99e-05f  1
 144  1.6600268e+07 2.54e+01 1.11e+03  -6.0 1.75e+01   0.4 6.05e-04 4.22e-04f  1
 145  1.6596070e+07 2.54e+01 1.11e+03  -6.0 4.01e+01  -0.1 1.58e-03 1.65e-04f  1
 146  1.6586792e+07 2.54e+01 1.11e+03  -6.0 1.90e+01   0.4 5.39e-04 6.18e-04f  1
 147  1.6576376e+07 2.53e+01 1.11e+03  -6.0 8.67e+01  -0.1 2.63e-04 3.86e-04f  1
 148  1.6572406e+07 2.53e+01 1.11e+03  -6.0 2.07e+01   0.3 9.97e-04 2.51e-04f  1
 149  1.6568116e+07 2.53e+01 1.11e+03  -6.0 1.09e+01   0.7 3.39e-04 4.22e-04f  1
iter    objective    inf_pr   inf_du lg(mu)  ||d||  lg(rg) alpha_du alpha_pr  ls
 150  1.6557516e+07 2.53e+01 1.11e+03  -6.0 2.25e+01   0.3 5.21e-04 6.35e-04f  1
 151  1.6549215e+07 2.53e+01 1.11e+03  -6.0 1.14e+01   0.7 2.52e-04 7.85e-04f  1
 152  1.6542892e+07 2.53e+01 1.11e+03  -6.0 2.45e+01   0.2 1.17e-03 3.60e-04f  1
 153  1.6535218e+07 2.53e+01 1.11e+03  -6.0 1.20e+01   0.6 3.72e-04 6.97e-04f  1
 154  1.6532581e+07 2.53e+01 1.11e+03  -6.0 2.65e+01   0.2 1.48e-04 1.42e-04f  1
 155  1.6531103e+07 2.53e+01 1.11e+03  -6.0 1.28e+01   0.6 3.73e-04 1.29e-04f  1
 156  1.6526817e+07 2.53e+01 1.11e+03  -6.0 2.89e+01   0.1 3.70e-04 2.18e-04f  1
 157  1.6522735e+07 2.52e+01 1.11e+03  -6.0 1.37e+01   0.5 4.19e-04 3.38e-04f  1
 158  1.6518934e+07 2.52e+01 1.11e+03  -6.0 3.13e+01   0.0 5.35e-04 1.82e-04f  1
 159  1.6515771e+07 2.52e+01 1.11e+03  -6.0 1.49e+01   0.5 4.84e-04 2.50e-04f  1
iter    objective    inf_pr   inf_du lg(mu)  ||d||  lg(rg) alpha_du alpha_pr  ls
 160  1.6508309e+07 2.52e+01 1.11e+03  -6.0 3.39e+01  -0.0 8.27e-04 3.38e-04f  1
 161  1.6505964e+07 2.52e+01 1.11e+03  -6.0 1.62e+01   0.4 5.25e-04 1.76e-04f  1
 162  1.6498940e+07 2.52e+01 1.11e+03  -6.0 3.66e+01  -0.1 1.13e-04 3.00e-04f  1
 163  1.6496066e+07 2.52e+01 1.11e+03  -6.0 1.77e+01   0.4 7.05e-04 2.05e-04f  1
 164  1.6490119e+07 2.52e+01 1.11e+03  -6.0 7.07e+01  -0.1 1.47e-04 2.40e-04f  1
 165  1.6486442e+07 2.52e+01 1.11e+03  -6.0 1.92e+01   0.3 1.92e-04 2.49e-04f  1
 166  1.6484354e+07 2.52e+01 1.11e+03  -6.0 1.07e+01   0.7 4.65e-04 2.15e-04f  1
 167  1.6475527e+07 2.52e+01 1.11e+03  -6.0 2.10e+01   0.3 1.66e-04 5.66e-04f  1
 168  1.6468843e+07 2.52e+01 1.10e+03  -6.0 1.10e+01   0.7 6.75e-04 6.64e-04f  1
 169  1.6465500e+07 2.52e+01 1.10e+03  -6.0 2.28e+01   0.2 2.37e-05 2.03e-04f  1
iter    objective    inf_pr   inf_du lg(mu)  ||d||  lg(rg) alpha_du alpha_pr  ls
 170  1.6459569e+07 2.51e+01 1.10e+03  -6.0 1.15e+01   0.6 3.84e-04 5.66e-04f  1
 171  1.6456046e+07 2.51e+01 1.10e+03  -6.0 2.47e+01   0.2 7.57e-04 2.03e-04f  1
 172  1.6449530e+07 2.51e+01 1.10e+03  -6.0 1.22e+01   0.6 3.15e-04 5.96e-04f  1
 173  1.6446871e+07 2.51e+01 1.10e+03  -6.0 2.68e+01   0.1 3.47e-04 1.45e-04f  1
 174  1.6442475e+07 2.51e+01 1.10e+03  -6.0 1.29e+01   0.5 1.84e-04 3.85e-04f  1
 175  1.6437517e+07 2.51e+01 1.10e+03  -6.0 2.90e+01   0.1 1.60e-04 2.55e-04f  1
 176  1.6436903e+07 2.51e+01 1.10e+03  -6.0 1.40e+01   0.5 6.91e-04 5.13e-05f  1
 177  1.6431725e+07 2.51e+01 1.10e+03  -6.0 3.14e+01   0.0 2.81e-04 2.52e-04f  1
 178  1.6428403e+07 2.51e+01 1.10e+03  -6.0 1.52e+01   0.4 6.56e-04 2.64e-04f  1
 179  1.6423838e+07 2.51e+01 1.10e+03  -6.0 3.38e+01  -0.0 3.03e-04 2.10e-04f  1
iter    objective    inf_pr   inf_du lg(mu)  ||d||  lg(rg) alpha_du alpha_pr  ls
 180  1.6417566e+07 2.51e+01 1.10e+03  -6.0 1.66e+01   0.4 6.30e-04 4.75e-04f  1
 181  1.6415035e+07 2.51e+01 1.10e+03  -6.0 5.33e+01  -0.1 8.76e-04 1.10e-04f  1
 182  1.6408138e+07 2.51e+01 1.10e+03  -6.0 1.80e+01   0.3 3.11e-04 4.96e-04f  1
 183  1.6405801e+07 2.50e+01 1.10e+03  -6.0 1.06e+01   0.8 3.21e-04 2.52e-04f  1
 184  1.6398368e+07 2.50e+01 1.10e+03  -6.0 1.96e+01   0.3 6.87e-04 5.07e-04f  1
 185  1.6396785e+07 2.50e+01 1.10e+03  -6.0 1.08e+01   0.7 6.27e-04 1.65e-04f  1
 186  1.6390819e+07 2.50e+01 1.10e+03  -6.0 2.13e+01   0.2 4.30e-04 3.87e-04f  1
 187  1.6387424e+07 2.50e+01 1.10e+03  -6.0 1.12e+01   0.7 4.04e-04 3.40e-04f  1
 188  1.6384276e+07 2.50e+01 1.10e+03  -6.0 2.31e+01   0.2 3.53e-04 1.94e-04f  1
 189  1.6378910e+07 2.50e+01 1.10e+03  -6.0 1.17e+01   0.6 1.95e-04 5.15e-04f  1
iter    objective    inf_pr   inf_du lg(mu)  ||d||  lg(rg) alpha_du alpha_pr  ls
 190  1.6376596e+07 2.50e+01 1.10e+03  -6.0 2.50e+01   0.1 5.92e-04 1.35e-04f  1
 191  1.6373341e+07 2.50e+01 1.10e+03  -6.0 1.23e+01   0.6 5.45e-04 3.00e-04f  1
 192  1.6366555e+07 2.50e+01 1.10e+03  -6.0 2.71e+01   0.1 7.38e-04 3.74e-04f  1
 193  1.6362767e+07 2.50e+01 1.10e+03  -6.0 1.32e+01   0.5 1.13e-04 3.34e-04f  1
 194  1.6357846e+07 2.50e+01 1.10e+03  -6.0 2.92e+01   0.0 5.05e-04 2.57e-04f  1
 195  1.6351857e+07 2.49e+01 1.10e+03  -6.0 1.44e+01   0.5 3.36e-04 5.04e-04f  1
 196  1.6349227e+07 2.49e+01 1.10e+03  -6.0 3.14e+01  -0.0 5.53e-04 1.30e-04f  1
 197  1.6344542e+07 2.49e+01 1.09e+03  -6.0 1.56e+01   0.4 3.70e-04 3.76e-04f  1
 198  1.6340481e+07 2.49e+01 1.09e+03  -6.0 3.95e+01  -0.1 1.29e-03 1.91e-04f  1
 199  1.6329451e+07 2.49e+01 1.09e+03  -6.0 1.69e+01   0.4 5.13e-04 8.44e-04f  1
iter    objective    inf_pr   inf_du lg(mu)  ||d||  lg(rg) alpha_du alpha_pr  ls
 200  1.6325771e+07 2.49e+01 1.09e+03  -6.0 1.04e+01   0.8 5.46e-04 4.15e-04f  1
 201  1.6321329e+07 2.49e+01 1.09e+03  -6.0 1.83e+01   0.3 3.66e-04 3.24e-04f  1
 202  1.6319361e+07 2.49e+01 1.09e+03  -6.0 1.06e+01   0.7 5.16e-04 2.15e-04f  1
 203  1.6314535e+07 2.49e+01 1.09e+03  -6.0 1.99e+01   0.3 3.21e-04 3.34e-04f  1
 204  1.6305822e+07 2.49e+01 1.09e+03  -6.0 1.09e+01   0.7 4.09e-04 9.16e-04f  1
 205  1.6304382e+07 2.49e+01 1.09e+03  -6.0 2.15e+01   0.2 7.90e-04 9.49e-05f  1
 206  1.6293075e+07 2.48e+01 1.09e+03  -6.0 1.13e+01   0.6 2.43e-04 1.14e-03f  1
 207  1.6289624e+07 2.48e+01 1.09e+03  -6.0 2.33e+01   0.1 5.52e-04 2.16e-04f  1
 208  1.6287146e+07 2.48e+01 1.09e+03  -6.0 1.17e+01   0.6 1.01e-03 2.41e-04f  1
 209  1.6280824e+07 2.48e+01 1.09e+03  -6.0 2.52e+01   0.1 6.59e-04 3.76e-04f  1
iter    objective    inf_pr   inf_du lg(mu)  ||d||  lg(rg) alpha_du alpha_pr  ls
 210  1.6277184e+07 2.48e+01 1.09e+03  -6.0 1.25e+01   0.5 3.68e-04 3.40e-04f  1
 211  1.6269685e+07 2.48e+01 1.09e+03  -6.0 2.71e+01   0.0 3.98e-04 4.23e-04f  1
 212  1.6266906e+07 2.48e+01 1.09e+03  -6.0 1.35e+01   0.5 3.30e-04 2.48e-04f  1
 213  1.6261012e+07 2.48e+01 1.09e+03  -6.0 2.91e+01  -0.0 1.81e-03 3.15e-04f  1
 214  1.6255299e+07 2.48e+01 1.09e+03  -6.0 1.46e+01   0.4 3.64e-04 4.88e-04f  1
 215  1.6250788e+07 2.48e+01 1.09e+03  -6.0 3.68e+01  -0.1 1.04e-03 2.29e-04f  1
 216  1.6245094e+07 2.47e+01 1.09e+03  -6.0 1.58e+01   0.4 3.95e-04 4.64e-04f  1
 217  1.6242070e+07 2.47e+01 1.09e+03  -6.0 1.02e+01   0.8 4.16e-04 3.57e-04f  1
 218  1.6235144e+07 2.47e+01 1.09e+03  -6.0 1.71e+01   0.3 6.55e-04 5.38e-04f  1
 219  1.6232763e+07 2.47e+01 1.09e+03  -6.0 1.04e+01   0.7 4.04e-04 2.72e-04f  1
iter    objective    inf_pr   inf_du lg(mu)  ||d||  lg(rg) alpha_du alpha_pr  ls
 220  1.6226148e+07 2.47e+01 1.08e+03  -6.0 1.86e+01   0.3 7.88e-04 4.90e-04f  1
 221  1.6223139e+07 2.47e+01 1.08e+03  -6.0 1.07e+01   0.7 3.40e-04 3.33e-04f  1
 222  1.6216366e+07 2.47e+01 1.08e+03  -6.0 2.01e+01   0.2 6.35e-04 4.77e-04f  1
 223  1.6210070e+07 2.47e+01 1.08e+03  -6.0 1.10e+01   0.6 1.89e-04 6.71e-04f  1
 224  1.6207213e+07 2.47e+01 1.08e+03  -6.0 2.17e+01   0.2 1.45e-03 1.92e-04f  1
 225  1.6201695e+07 2.46e+01 1.08e+03  -6.0 1.13e+01   0.6 4.43e-04 5.66e-04f  1
 226  1.6192488e+07 2.46e+01 1.08e+03  -6.0 2.34e+01   0.1 4.42e-04 5.87e-04f  1
 227  1.6190674e+07 2.46e+01 1.08e+03  -6.0 1.17e+01   0.5 6.17e-04 1.79e-04f  1
 228  1.6184907e+07 2.46e+01 1.08e+03  -6.0 2.51e+01   0.1 5.97e-04 3.50e-04f  1
 229  1.6180637e+07 2.46e+01 1.08e+03  -6.0 1.27e+01   0.5 2.80e-04 4.04e-04f  1
iter    objective    inf_pr   inf_du lg(mu)  ||d||  lg(rg) alpha_du alpha_pr  ls
 230  1.6174737e+07 2.46e+01 1.08e+03  -6.0 2.70e+01   0.0 7.36e-04 3.40e-04f  1
 231  1.6170686e+07 2.46e+01 1.08e+03  -6.0 1.37e+01   0.4 7.16e-04 3.67e-04f  1
 232  1.6165182e+07 2.46e+01 1.08e+03  -6.0 2.89e+01  -0.0 6.59e-04 3.02e-04f  1
 233  1.6158590e+07 2.46e+01 1.08e+03  -6.0 1.49e+01   0.4 5.28e-04 5.72e-04f  1
 234  1.6153200e+07 2.46e+01 1.08e+03  -6.0 1.00e+01   0.8 4.84e-04 6.66e-04f  1
 235  1.6150575e+07 2.45e+01 1.08e+03  -6.0 1.61e+01   0.3 5.32e-04 2.18e-04f  1
 236  1.6144429e+07 2.45e+01 1.08e+03  -6.0 1.03e+01   0.8 1.85e-04 7.37e-04f  1
 237  1.6140747e+07 2.45e+01 1.08e+03  -6.0 1.74e+01   0.3 3.79e-04 2.92e-04f  1
 238  1.6137712e+07 2.45e+01 1.08e+03  -6.0 1.05e+01   0.7 5.83e-04 3.53e-04f  1
 239  1.6133402e+07 2.45e+01 1.08e+03  -6.0 1.88e+01   0.2 1.42e-03 3.25e-04f  1
iter    objective    inf_pr   inf_du lg(mu)  ||d||  lg(rg) alpha_du alpha_pr  ls
 240  1.6128548e+07 2.45e+01 1.08e+03  -6.0 1.08e+01   0.7 3.48e-04 5.45e-04f  1
 241  1.6122108e+07 2.45e+01 1.08e+03  -6.0 2.03e+01   0.2 3.25e-04 4.63e-04f  1
 242  1.6119811e+07 2.45e+01 1.07e+03  -6.0 1.11e+01   0.6 4.38e-04 2.49e-04f  1
 243  1.6114376e+07 2.45e+01 1.07e+03  -6.0 2.19e+01   0.1 9.81e-04 3.72e-04f  1
 244  1.6110511e+07 2.45e+01 1.07e+03  -6.0 1.14e+01   0.6 8.13e-04 4.03e-04f  1
 245  1.6103633e+07 2.44e+01 1.07e+03  -6.0 2.35e+01   0.1 1.98e-04 4.49e-04f  1
 246  1.6099205e+07 2.44e+01 1.07e+03  -6.0 1.21e+01   0.5 1.80e-03 4.44e-04f  1
 247  1.6091698e+07 2.44e+01 1.07e+03  -6.0 2.52e+01   0.0 1.15e-03 4.67e-04f  1
 248  1.6082160e+07 2.44e+01 1.07e+03  -6.0 1.30e+01   0.5 1.06e-03 9.19e-04f  1
 249  1.6076102e+07 2.44e+01 1.07e+03  -6.0 2.69e+01  -0.0 3.02e-04 3.60e-04f  1
iter    objective    inf_pr   inf_du lg(mu)  ||d||  lg(rg) alpha_du alpha_pr  ls
 250  1.6072960e+07 2.44e+01 1.07e+03  -6.0 1.40e+01   0.4 3.22e-04 2.91e-04f  1
 251  1.6070208e+07 2.44e+01 1.07e+03  -6.0 9.87e+00   0.8 2.49e-04 3.56e-04f  1
 252  1.6066254e+07 2.44e+01 1.07e+03  -6.0 1.52e+01   0.4 6.39e-04 3.49e-04f  1
 253  1.6063519e+07 2.44e+01 1.07e+03  -6.0 1.01e+01   0.8 2.64e-04 3.44e-04f  1
 254  1.6060661e+07 2.44e+01 1.07e+03  -6.0 1.64e+01   0.3 1.50e-03 2.41e-04f  1
 255  1.6055043e+07 2.43e+01 1.07e+03  -6.0 1.03e+01   0.7 5.30e-04 6.84e-04f  1
 256  1.6048061e+07 2.43e+01 1.07e+03  -6.0 1.77e+01   0.3 8.44e-04 5.63e-04f  1
 257  1.6041187e+07 2.43e+01 1.07e+03  -6.0 1.06e+01   0.7 2.46e-04 8.11e-04f  1
 258  1.6036787e+07 2.43e+01 1.07e+03  -6.0 1.90e+01   0.2 1.41e-03 3.39e-04f  1
 259  1.6032964e+07 2.43e+01 1.07e+03  -6.0 1.08e+01   0.6 6.77e-04 4.36e-04f  1
iter    objective    inf_pr   inf_du lg(mu)  ||d||  lg(rg) alpha_du alpha_pr  ls
 260  1.6024644e+07 2.43e+01 1.07e+03  -6.0 2.05e+01   0.1 7.46e-05 6.11e-04f  1
 261  1.6019428e+07 2.43e+01 1.07e+03  -6.0 1.11e+01   0.6 5.09e-04 5.74e-04f  1
 262  1.6015106e+07 2.42e+01 1.06e+03  -6.0 2.19e+01   0.1 8.55e-04 3.03e-04f  1
 263  1.6008458e+07 2.42e+01 1.06e+03  -6.0 1.14e+01   0.5 2.70e-04 7.05e-04f  1
 264  1.6003608e+07 2.42e+01 1.06e+03  -6.0 2.35e+01   0.0 1.66e-03 3.24e-04f  1
 265  1.5998553e+07 2.42e+01 1.06e+03  -6.0 1.23e+01   0.5 9.00e-04 5.15e-04f  1
 266  1.5991566e+07 2.42e+01 1.06e+03  -6.0 2.51e+01  -0.0 5.28e-04 4.46e-04f  1
 267  1.5987055e+07 2.42e+01 1.06e+03  -6.0 1.32e+01   0.4 6.15e-04 4.43e-04f  1
 268  1.5979960e+07 2.42e+01 1.06e+03  -6.0 9.71e+00   0.8 2.30e-04 9.58e-04f  1
 269  1.5977194e+07 2.42e+01 1.06e+03  -6.0 1.43e+01   0.4 7.52e-04 2.60e-04f  1
iter    objective    inf_pr   inf_du lg(mu)  ||d||  lg(rg) alpha_du alpha_pr  ls
 270  1.5971734e+07 2.41e+01 1.06e+03  -6.0 9.90e+00   0.8 4.97e-04 7.18e-04f  1
 271  1.5969506e+07 2.41e+01 1.06e+03  -6.0 1.54e+01   0.3 8.70e-04 2.01e-04f  1
 272  1.5966439e+07 2.41e+01 1.06e+03  -6.0 1.01e+01   0.7 8.86e-04 3.92e-04f  1
 273  1.5958625e+07 2.41e+01 1.06e+03  -6.0 1.66e+01   0.3 6.39e-04 6.74e-04f  1
 274  1.5953018e+07 2.41e+01 1.06e+03  -6.0 1.03e+01   0.7 7.38e-04 6.96e-04f  1
 275  1.5947700e+07 2.41e+01 1.06e+03  -6.0 1.79e+01   0.2 5.82e-04 4.40e-04f  1
 276  1.5946651e+07 2.41e+01 1.06e+03  -6.0 1.06e+01   0.6 2.44e-04 1.26e-04f  1
 277  1.5940975e+07 2.41e+01 1.06e+03  -6.0 1.92e+01   0.2 1.60e-03 4.48e-04f  1
 278  1.5939037e+07 2.41e+01 1.06e+03  -6.0 1.09e+01   0.6 3.16e-04 2.25e-04f  1
 279  1.5932592e+07 2.41e+01 1.06e+03  -6.0 2.06e+01   0.1 5.81e-04 4.86e-04f  1
iter    objective    inf_pr   inf_du lg(mu)  ||d||  lg(rg) alpha_du alpha_pr  ls
 280  1.5927876e+07 2.40e+01 1.06e+03  -6.0 1.12e+01   0.5 2.91e-04 5.30e-04f  1
 281  1.5921714e+07 2.40e+01 1.06e+03  -6.0 2.20e+01   0.1 2.38e-03 4.44e-04f  1
 282  1.5913304e+07 2.40e+01 1.05e+03  -6.0 1.17e+01   0.5 9.84e-04 9.11e-04f  1
 283  1.5910500e+07 2.40e+01 1.05e+03  -6.0 2.35e+01   0.0 4.16e-04 1.94e-04f  1
 284  1.5905145e+07 2.40e+01 1.05e+03  -6.0 1.26e+01   0.4 9.14e-04 5.58e-04f  1
 285  1.5904632e+07 2.40e+01 1.05e+03  -6.0 9.55e+00   0.9 1.10e-04 7.24e-05f  1
 286  1.5896563e+07 2.40e+01 1.05e+03  -6.0 1.36e+01   0.4 1.59e-04 8.07e-04f  1
 287  1.5894100e+07 2.40e+01 1.05e+03  -6.0 9.73e+00   0.8 7.37e-04 3.39e-04f  1
 288  1.5889930e+07 2.39e+01 1.05e+03  -6.0 1.46e+01   0.3 1.88e-03 4.00e-04f  1
 289  1.5885638e+07 2.39e+01 1.05e+03  -6.0 9.94e+00   0.8 5.65e-04 5.75e-04f  1
iter    objective    inf_pr   inf_du lg(mu)  ||d||  lg(rg) alpha_du alpha_pr  ls
 290  1.5877885e+07 2.39e+01 1.05e+03  -6.0 1.57e+01   0.3 4.87e-05 7.13e-04f  1
 291  1.5876588e+07 2.39e+01 1.05e+03  -6.0 1.02e+01   0.7 3.68e-04 1.69e-04f  1
 292  1.5871304e+07 2.39e+01 1.05e+03  -6.0 1.69e+01   0.2 4.15e-04 4.65e-04f  1
 293  1.5868286e+07 2.39e+01 1.05e+03  -6.0 1.04e+01   0.7 3.70e-04 3.81e-04f  1
 294  1.5864036e+07 2.39e+01 1.05e+03  -6.0 1.81e+01   0.2 7.91e-04 3.58e-04f  1
 295  1.5860395e+07 2.39e+01 1.05e+03  -6.0 1.07e+01   0.6 3.38e-04 4.45e-04f  1
 296  1.5857311e+07 2.39e+01 1.05e+03  -6.0 1.94e+01   0.1 5.20e-04 2.48e-04f  1
 297  1.5851974e+07 2.39e+01 1.05e+03  -6.0 1.09e+01   0.6 8.21e-04 6.29e-04f  1
 298  1.5845857e+07 2.38e+01 1.05e+03  -6.0 2.08e+01   0.1 9.00e-04 4.70e-04f  1
 299  1.5840745e+07 2.38e+01 1.05e+03  -6.0 1.12e+01   0.5 1.80e-03 5.82e-04f  1
iter    objective    inf_pr   inf_du lg(mu)  ||d||  lg(rg) alpha_du alpha_pr  ls
 300  1.5832474e+07 2.38e+01 1.05e+03  -6.0 2.22e+01   0.0 8.79e-04 6.09e-04f  1

Number of Iterations....: 300

                                   (scaled)                 (unscaled)
Objective...............:   1.2153687201111615e+05    1.5832473775570784e+07
Dual infeasibility......:   1.0460309766123453e+03    1.3626529736699909e+05
Constraint violation....:   1.1147796105478356e+01    2.3815117282024076e+01
Variable bound violation:   1.0953041362782301e-08    1.0953041362782301e-08
Complementarity.........:   4.3839226253762070e+02    5.7108874740541214e+04
Overall NLP error.......:   1.0460309766123453e+03    1.3626529736699909e+05


Number of objective function evaluations             = 301
Number of objective gradient evaluations             = 301
Number of equality constraint evaluations            = 301
Number of inequality constraint evaluations          = 302
Number of equality constraint Jacobian evaluations   = 301
Number of inequality constraint Jacobian evaluations = 301
Number of Lagrangian Hessian evaluations             = 300
Total seconds in IPOPT                               = 175.356

EXIT: Maximum Number of Iterations Exceeded.

