Solver command line: ['/opt/homebrew/bin/ipopt', '/var/folders/6y/bvynbx6n3zv7z3lwg6vd724r0000gn/T/tmp5a4v0ecw.pyomo.nl', '-AMPL', 'tol=1e-06', 'max_iter=300', 'print_level=5']

Ipopt 3.14.19: tol=1e-06
max_iter=300
print_level=5


******************************************************************************
This program contains Ipopt, a library for large-scale nonlinear optimization.
 Ipopt is released as open source code under the Eclipse Public License (EPL).
         For more information visit https://github.com/coin-or/Ipopt
******************************************************************************

This is Ipopt version 3.14.19, running with linear solver MUMPS 5.6.2.

Number of nonzeros in equality constraint Jacobian...:   211821
Number of nonzeros in inequality constraint Jacobian.:   163736
Number of nonzeros in Lagrangian Hessian.............:   115477

Total number of variables............................:    35502
                     variables with only lower bounds:        0
                variables with lower and upper bounds:    35502
                     variables with only upper bounds:        0
Total number of equality constraints.................:    27319
Total number of inequality constraints...............:    40934
        inequality constraints with only lower bounds:        0
   inequality constraints with lower and upper bounds:        0
        inequality constraints with only upper bounds:    40934

iter    objective    inf_pr   inf_du lg(mu)  ||d||  lg(rg) alpha_du alpha_pr  ls
   0  9.0485884e+06 2.70e+01 1.00e+02  -1.0 0.00e+00    -  0.00e+00 0.00e+00   0
   1  9.0368426e+06 2.67e+01 9.83e+01  -1.0 5.24e+01    -  1.82e-02 1.25e-02f  1
   2  9.0195261e+06 2.57e+01 8.98e+01  -1.0 5.63e+01    -  9.27e-02 3.90e-02f  1
   3  8.9928936e+06 2.27e+01 8.70e+01  -1.0 5.94e+01    -  1.89e-02 1.17e-01f  1
   4  8.9677896e+06 1.83e+01 7.82e+01  -1.0 9.57e+01    -  8.70e-02 1.95e-01f  1
   5  8.9618341e+06 1.49e+01 7.32e+01  -1.0 1.58e+02    -  6.86e-02 1.87e-01f  1
   6  8.9642219e+06 1.20e+01 8.22e+01  -1.0 1.73e+02    -  1.63e-01 1.96e-01f  1
   7  8.9718620e+06 9.50e+00 7.92e+01  -1.0 1.56e+02    -  1.42e-01 2.08e-01h  1
   8  8.9918028e+06 5.47e+00 6.82e+01  -1.0 1.45e+02    -  1.37e-01 4.30e-01h  1
   9  9.0037536e+06 3.88e+00 4.76e+01  -1.0 1.07e+02    -  2.09e-01 2.92e-01h  1
iter    objective    inf_pr   inf_du lg(mu)  ||d||  lg(rg) alpha_du alpha_pr  ls
  10  9.0167741e+06 2.08e+00 2.92e+01  -1.0 8.52e+01    -  2.81e-01 4.67e-01h  1
  11  9.0197619e+06 1.41e+00 3.58e+01  -1.0 9.07e+01    -  7.02e-01 3.25e-01h  1
  12  9.0198529e+06 9.86e-01 5.67e+01  -1.0 1.45e+02    -  4.67e-01 2.99e-01h  1
  13  9.0196641e+06 7.87e-01 9.50e+01  -1.0 8.23e+01    -  3.88e-01 2.01e-01h  1
  14  9.0193393e+06 5.06e-01 2.63e+02  -1.0 4.03e+01    -  8.87e-01 3.57e-01h  1
  15  9.0191546e+06 2.11e-01 1.28e+02  -1.0 6.22e+01    -  6.05e-01 5.83e-01h  1
  16  9.0192903e+06 1.35e-01 3.35e+03  -1.0 7.09e+01    -  9.90e-01 3.59e-01h  1
  17  9.0198727e+06 6.81e-02 9.37e+03  -1.0 6.57e+01    -  6.31e-01 1.00e+00h  1
  18  9.0199948e+06 7.28e-04 1.17e+01  -1.0 8.42e+00    -  9.98e-01 1.00e+00h  1
  19  9.0199858e+06 2.02e-05 1.98e-02  -1.0 8.67e-01    -  1.00e+00 1.00e+00h  1
iter    objective    inf_pr   inf_du lg(mu)  ||d||  lg(rg) alpha_du alpha_pr  ls
  20  8.9957787e+06 7.38e-02 4.96e+02  -2.5 1.29e+02    -  4.66e-01 4.39e-01f  1
  21  8.9797639e+06 5.61e-02 7.99e+02  -2.5 1.17e+02    -  3.72e-01 4.47e-01f  1
  22  8.9726730e+06 5.21e-02 6.61e+02  -2.5 9.46e+01    -  2.89e-01 2.98e-01f  1
  23  8.9703870e+06 4.69e-02 1.65e+03  -2.5 5.52e+01    -  3.76e-01 1.22e-01f  1
  24  8.9643553e+06 3.68e-02 2.36e+03  -2.5 2.21e+01    -  5.52e-01 3.36e-01f  1
  25  8.9612143e+06 2.81e-02 2.31e+03  -2.5 1.66e+01    -  4.58e-01 2.27e-01f  1
  26  8.9583445e+06 2.00e-02 1.93e+03  -2.5 1.47e+01    -  4.83e-01 2.59e-01f  1
  27  8.9552036e+06 3.14e-02 1.29e+03  -2.5 1.22e+01    -  5.85e-01 3.85e-01f  1
  28  8.9545003e+06 2.35e-02 5.17e+02  -2.5 3.31e-01   0.0 3.09e-01 2.51e-01h  1
  29  8.9538574e+06 1.77e-02 1.30e+04  -2.5 3.41e-01  -0.5 8.50e-01 2.46e-01h  1
iter    objective    inf_pr   inf_du lg(mu)  ||d||  lg(rg) alpha_du alpha_pr  ls
  30  8.9529152e+06 1.11e-02 8.43e+03  -2.5 6.09e-01  -1.0 1.00e+00 3.76e-01f  1
  31  8.9517475e+06 4.81e-03 2.14e+03  -2.5 8.74e-01  -1.4 8.11e-01 6.01e-01h  1
  32  8.9508261e+06 6.89e-03 1.91e+02  -2.5 1.38e+00  -1.9 1.00e+00 9.71e-01h  1
  33  8.9507722e+06 2.82e-03 1.62e+00  -2.5 8.37e-01  -2.4 1.00e+00 1.00e+00h  1
  34  8.9507742e+06 2.42e-04 8.21e-02  -2.5 7.06e-02  -1.1 1.00e+00 1.00e+00h  1
  35  8.9507740e+06 9.22e-05 3.26e-02  -2.5 3.04e-02  -0.6 1.00e+00 1.00e+00h  1
  36  8.9507734e+06 1.09e-03 5.40e+01  -2.5 3.90e-01  -1.1 4.87e-01 2.48e-01h  2
  37  8.9507702e+06 1.30e-03 2.33e+03  -2.5 9.33e+00    -  7.26e-01 4.24e-02h  2
  38  8.9507236e+06 2.32e-02 1.74e+00  -2.5 8.21e+00    -  1.00e+00 1.00e+00h  1
  39  8.9507333e+06 3.49e-03 3.77e-03  -2.5 3.90e+00    -  1.00e+00 1.00e+00h  1
iter    objective    inf_pr   inf_du lg(mu)  ||d||  lg(rg) alpha_du alpha_pr  ls
  40  8.9507337e+06 1.57e-06 3.04e-06  -2.5 4.75e-01    -  1.00e+00 1.00e+00h  1
  41  8.9500925e+06 1.04e-03 2.48e+02  -3.8 5.36e+00    -  5.28e-01 2.34e-01f  1
  42  8.9496118e+06 1.60e-03 2.08e+02  -3.8 4.21e+00    -  2.94e-01 2.31e-01f  1
  43  8.9492600e+06 1.74e-03 1.76e+02  -3.8 3.23e+00    -  3.47e-01 2.26e-01f  1
  44  8.9489091e+06 1.75e-03 1.38e+02  -3.8 2.60e+00    -  5.52e-01 2.98e-01f  1
  45  8.9486860e+06 1.47e-03 9.82e+01  -3.8 1.91e+00    -  3.79e-01 2.84e-01f  1
  46  8.9484850e+06 1.06e-03 5.74e+01  -3.8 1.45e+00    -  7.31e-01 3.70e-01h  1
  47  8.9483339e+06 1.16e-03 2.87e+01  -3.8 9.93e-01    -  7.21e-01 4.63e-01h  1
  48  8.9482020e+06 8.47e-04 5.87e+00  -3.8 5.80e-01    -  8.22e-01 7.97e-01h  1
  49  8.9481719e+06 2.23e-05 2.72e-04  -3.8 1.38e-01    -  1.00e+00 1.00e+00h  1
iter    objective    inf_pr   inf_du lg(mu)  ||d||  lg(rg) alpha_du alpha_pr  ls
  50  8.9481248e+06 6.59e-05 5.37e+00  -5.7 4.74e-01    -  6.31e-01 3.81e-01f  1
  51  8.9481045e+06 6.95e-05 6.54e+00  -5.7 3.32e-01    -  5.94e-01 2.68e-01h  1
  52  8.9480658e+06 6.86e-04 1.60e+00  -5.7 2.62e-01    -  5.80e-01 7.01e-01h  1
  53  8.9480591e+06 4.83e-04 1.94e+00  -5.7 1.09e-01    -  3.41e-01 4.33e-01h  1
  54  8.9480535e+06 2.27e-04 5.31e+00  -5.7 7.24e-02    -  1.00e+00 6.42e-01h  1
  55  8.9480504e+06 3.66e-05 2.37e-02  -5.7 3.81e-02    -  9.84e-01 1.00e+00h  1
  56  8.9480504e+06 5.06e-07 4.56e-07  -5.7 3.97e-03    -  1.00e+00 1.00e+00h  1
  57  8.9480493e+06 4.19e-06 2.77e-01  -7.2 1.74e-02    -  9.27e-01 7.80e-01h  1
  58  8.9480490e+06 1.99e-06 7.41e-07  -7.2 6.30e-03    -  1.00e+00 1.00e+00h  1
  59  8.9480490e+06 7.12e-08 7.13e-08  -7.2 1.47e-03    -  1.00e+00 1.00e+00h  1

Number of Iterations....: 59

                                   (scaled)                 (unscaled)
Objective...............:   6.8689068930282549e+04    8.9480489707486015e+06
Dual infeasibility......:   7.1278490276011789e-08    9.2853700229673192e-06
Constraint violation....:   7.1195413398061902e-08    7.1195413398061902e-08
Variable bound violation:   1.9269499418328451e-07    1.9269499418328451e-07
Complementarity.........:   9.1157224450472575e-08    1.1874950718115595e-05
Overall NLP error.......:   9.1157224450472575e-08    1.1874950718115595e-05


Number of objective function evaluations             = 67
Number of objective gradient evaluations             = 60
Number of equality constraint evaluations            = 67
Number of inequality constraint evaluations          = 67
Number of equality constraint Jacobian evaluations   = 60
Number of inequality constraint Jacobian evaluations = 60
Number of Lagrangian Hessian evaluations             = 59
Total seconds in IPOPT                               = 30.516

EXIT: Optimal Solution Found.

