Solver command line: ['/opt/homebrew/bin/ipopt', '/var/folders/6y/bvynbx6n3zv7z3lwg6vd724r0000gn/T/tmpexwltsyd.pyomo.nl', '-AMPL', 'tol=1e-06', 'max_iter=300', 'print_level=5', 'warm_start_init_point=yes', 'warm_start_bound_push=1e-06', 'warm_start_bound_frac=1e-06', 'warm_start_mult_bound_push=1e-06', 'mu_init=1e-06', 'least_square_init_duals=no']

Ipopt 3.14.19: tol=1e-06
max_iter=300
print_level=5
warm_start_init_point=yes
warm_start_bound_push=1e-06
warm_start_bound_frac=1e-06
warm_start_mult_bound_push=1e-06
mu_init=1e-06
least_square_init_duals=no


******************************************************************************
This program contains Ipopt, a library for large-scale nonlinear optimization.
 Ipopt is released as open source code under the Eclipse Public License (EPL).
         For more information visit https://github.com/coin-or/Ipopt
******************************************************************************

This is Ipopt version 3.14.19, running with linear solver MUMPS 5.6.2.

Number of nonzeros in equality constraint Jacobian...:   211821
Number of nonzeros in inequality constraint Jacobian.:   163736
Number of nonzeros in Lagrangian Hessian.............:   115477

Total number of variables............................:    35502
                     variables with only lower bounds:        0
                variables with lower and upper bounds:    35502
                     variables with only upper bounds:        0
Total number of equality constraints.................:    27319
Total number of inequality constraints...............:    40934
        inequality constraints with only lower bounds:        0
   inequality constraints with lower and upper bounds:        0
        inequality constraints with only upper bounds:    40934

iter    objective    inf_pr   inf_du lg(mu)  ||d||  lg(rg) alpha_du alpha_pr  ls
   0  1.8058312e+07 2.70e+01 1.18e+03  -6.0 0.00e+00    -  0.00e+00 0.00e+00   0
   1  1.8056150e+07 2.70e+01 1.18e+03  -6.0 1.29e+02    -  1.72e-05 2.31e-04f  1
   2  1.8049531e+07 2.70e+01 1.18e+03  -6.0 1.80e+02    -  2.61e-04 7.03e-04f  1
   3  1.8043039e+07 2.70e+01 1.18e+03  -6.0 1.73e+02    -  5.04e-04 6.90e-04f  1
   4  1.8042049e+07 2.70e+01 1.18e+03  -6.0 1.66e+02    -  4.85e-04 1.05e-04f  1
   5  1.8035121e+07 2.70e+01 1.18e+03  -6.0 2.32e+01    -  1.90e-04 7.46e-04f  1
   6  1.8033332e+07 2.70e+01 1.18e+03  -6.0 2.32e+01    -  3.33e-04 1.93e-04f  1
   7  1.8029368e+07 2.70e+01 1.18e+03  -6.0 1.60e+02    -  8.19e-04 4.23e-04f  1
   8  1.8018278e+07 2.69e+01 1.18e+03  -6.0 1.56e+02    -  4.30e-04 1.18e-03f  1
   9  1.8008210e+07 2.69e+01 1.18e+03  -6.0 1.47e+02    -  1.51e-03 1.08e-03f  1
iter    objective    inf_pr   inf_du lg(mu)  ||d||  lg(rg) alpha_du alpha_pr  ls
  10  1.7992355e+07 2.68e+01 1.18e+03  -6.0 7.11e+01    -  2.38e-04 1.71e-03f  1
  11  1.7990110e+07 2.68e+01 1.18e+03  -6.0 6.74e+01    -  1.11e-03 2.43e-04f  1
  12  1.7985558e+07 2.68e+01 1.18e+03  -6.0 6.69e+01    -  1.57e-04 4.92e-04f  1
  13  1.7958250e+07 2.68e+01 1.17e+03  -6.0 6.54e+01    -  1.60e-04 2.95e-03f  1
  14  1.7954798e+07 2.67e+01 1.17e+03  -6.0 8.68e+01    -  1.10e-03 3.73e-04f  1
  15  1.7949462e+07 2.67e+01 1.17e+03  -6.0 8.65e+01    -  4.01e-04 5.77e-04f  1
  16  1.7934907e+07 2.67e+01 1.17e+03  -6.0 8.58e+01    -  2.08e-05 1.58e-03f  1
  17  1.7934466e+07 2.67e+01 1.17e+03  -6.0 1.12e+02    -  8.70e-04 4.76e-05f  1
  18  1.7932885e+07 2.67e+01 1.17e+03  -6.0 1.12e+02    -  8.97e-05 1.71e-04f  1
  19  1.7927080e+07 2.67e+01 1.17e+03  -6.0 1.11e+02    -  2.80e-04 6.28e-04f  1
In iteration 19, 1 Slack too small, adjusting variable bound
iter    objective    inf_pr   inf_du lg(mu)  ||d||  lg(rg) alpha_du alpha_pr  ls
  20  1.7927078e+07 2.67e+01 1.17e+03  -6.0 1.11e+02    -  1.29e-05 1.84e-07f  1
  21  1.7921923e+07 2.66e+01 1.17e+03  -6.0 1.11e+02    -  2.03e-03 5.58e-04f  1
  22  1.7914947e+07 2.66e+01 1.17e+03  -6.0 1.12e+02    -  5.63e-04 7.56e-04f  1
  23  1.7911808e+07 2.66e+01 1.17e+03  -6.0 1.13e+02    -  9.85e-04 3.40e-04f  1
  24  1.7902353e+07 2.66e+01 1.16e+03  -6.0 1.13e+02    -  2.92e-04 1.03e-03f  1
  25  1.7901941e+07 2.66e+01 1.16e+03  -6.0 1.14e+02    -  2.90e-04 4.48e-05f  1
  26  1.7895035e+07 2.66e+01 1.16e+03  -6.0 1.15e+02    -  7.37e-05 7.50e-04f  1
  27  1.7891605e+07 2.66e+01 1.16e+03  -6.0 1.15e+02    -  5.14e-04 3.73e-04f  1
  28  1.7888980e+07 2.65e+01 1.16e+03  -6.0 1.17e+02    -  2.23e-03 2.85e-04f  1
  29  1.7880939e+07 2.65e+01 1.16e+03  -6.0 1.16e+02    -  3.11e-04 8.75e-04f  1
iter    objective    inf_pr   inf_du lg(mu)  ||d||  lg(rg) alpha_du alpha_pr  ls
  30  1.7880534e+07 2.65e+01 1.16e+03  -6.0 1.17e+02    -  4.08e-04 4.41e-05f  1
  31  1.7862312e+07 2.65e+01 1.16e+03  -6.0 3.41e+01    -  5.35e-04 2.00e-03f  1
  32  1.7857463e+07 2.65e+01 1.16e+03  -6.0 3.43e+01    -  2.17e-03 5.34e-04f  1
  33  1.7814246e+07 2.63e+01 1.15e+03  -6.0 3.44e+01    -  1.02e-04 4.76e-03f  1
  34  1.7812585e+07 2.63e+01 1.15e+03  -6.0 3.24e+01    -  2.56e-03 1.84e-04f  1
  35  1.7793813e+07 2.63e+01 1.15e+03  -6.0 3.23e+01    -  1.15e-03 2.08e-03f  1
  36  1.7790316e+07 2.63e+01 1.15e+03  -6.0 1.02e+02    -  4.54e-05 3.85e-04f  1
  37  1.7789743e+07 2.63e+01 1.15e+03  -6.0 1.02e+02    -  5.18e-04 6.31e-05f  1
  38  1.7779716e+07 2.62e+01 1.15e+03  -6.0 1.02e+02    -  2.47e-04 1.10e-03f  1
  39  1.7777943e+07 2.62e+01 1.15e+03  -6.0 1.03e+02    -  1.18e-03 1.96e-04f  1
iter    objective    inf_pr   inf_du lg(mu)  ||d||  lg(rg) alpha_du alpha_pr  ls
  40  1.7774145e+07 2.62e+01 1.15e+03  -6.0 1.03e+02    -  1.87e-03 4.19e-04f  1
  41  1.7765544e+07 2.62e+01 1.15e+03  -6.0 1.03e+02    -  1.85e-03 9.49e-04f  1
  42  1.7762082e+07 2.62e+01 1.15e+03  -6.0 1.04e+02    -  6.81e-04 3.83e-04f  1
  43  1.7753401e+07 2.62e+01 1.15e+03  -6.0 1.04e+02    -  1.74e-03 9.60e-04f  1
  44  1.7722642e+07 2.61e+01 1.14e+03  -6.0 1.04e+02    -  1.82e-04 3.41e-03f  1
  45  1.7722343e+07 2.61e+01 1.14e+03  -6.0 1.07e+02    -  1.39e-03 3.32e-05f  1
  46  1.7716510e+07 2.60e+01 1.14e+03  -6.0 1.07e+02    -  6.72e-04 6.48e-04f  1
  47  1.7712652e+07 2.60e+01 1.14e+03  -6.0 1.07e+02    -  4.80e-04 4.29e-04f  1
  48  1.7708442e+07 2.60e+01 1.14e+03  -6.0 2.98e+01    -  2.33e-04 4.71e-04f  1
  49  1.7698875e+07 2.60e+01 1.14e+03  -6.0 1.07e+02    -  5.19e-04 1.07e-03f  1
iter    objective    inf_pr   inf_du lg(mu)  ||d||  lg(rg) alpha_du alpha_pr  ls
  50  1.7698463e+07 2.60e+01 1.14e+03  -6.0 1.25e+02    -  1.11e-03 4.59e-05f  1
  51  1.7690906e+07 2.60e+01 1.14e+03  -6.0 1.25e+02    -  7.21e-04 8.43e-04f  1
  52  1.7687191e+07 2.60e+01 1.14e+03  -6.0 5.04e+01    -  7.61e-04 4.17e-04f  1
  53  1.7680373e+07 2.59e+01 1.14e+03  -6.0 4.96e+01    -  1.85e-03 7.65e-04f  1
  54  1.7678088e+07 2.59e+01 1.14e+03  -6.0 1.20e+02    -  8.18e-06 2.55e-04f  1
  55  1.7676969e+07 2.59e+01 1.14e+03  -6.0 1.20e+02    -  6.94e-04 1.25e-04f  1
  56  1.7673530e+07 2.59e+01 1.14e+03  -6.0 1.20e+02    -  8.16e-05 3.85e-04f  1
  57  1.7664212e+07 2.59e+01 1.13e+03  -6.0 8.95e+01    -  3.67e-04 1.05e-03f  1
  58  1.7663994e+07 2.59e+01 1.13e+03  -6.0 8.50e+01    -  3.12e-04 2.45e-05f  1
  59  1.7662783e+07 2.59e+01 1.13e+03  -6.0 1.19e+02    -  4.78e-06 1.36e-04f  1
iter    objective    inf_pr   inf_du lg(mu)  ||d||  lg(rg) alpha_du alpha_pr  ls
  60  1.7654999e+07 2.59e+01 1.13e+03  -6.0 1.22e+02    -  1.51e-04 8.72e-04f  1
  61  1.7654197e+07 2.59e+01 1.13e+03  -6.0 1.23e+02    -  8.22e-04 8.99e-05f  1
  62  1.7644471e+07 2.58e+01 1.13e+03  -6.0 1.23e+02    -  1.02e-04 1.09e-03f  1
  63  1.7628697e+07 2.58e+01 1.13e+03  -6.0 1.24e+02    -  1.79e-04 1.77e-03f  1
  64  1.7624824e+07 2.58e+01 1.13e+03  -6.0 1.26e+02    -  1.05e-03 4.36e-04f  1
  65  1.7624335e+07 2.58e+01 1.13e+03  -6.0 1.26e+02    -  5.19e-04 5.50e-05f  1
  66  1.7605334e+07 2.57e+01 1.13e+03  -6.0 1.25e+02    -  2.43e-03 2.14e-03f  1
  67  1.7596494e+07 2.57e+01 1.13e+03  -6.0 1.26e+02    -  2.10e-04 9.98e-04f  1
  68  1.7593018e+07 2.57e+01 1.13e+03  -6.0 7.96e+01    -  5.12e-04 3.93e-04f  1
  69  1.7588160e+07 2.57e+01 1.12e+03  -6.0 8.45e+01    -  2.73e-04 5.50e-04f  1
iter    objective    inf_pr   inf_du lg(mu)  ||d||  lg(rg) alpha_du alpha_pr  ls
  70  1.7587605e+07 2.57e+01 1.12e+03  -6.0 8.63e+01    -  9.81e-04 6.28e-05f  1
  71  1.7579105e+07 2.57e+01 1.12e+03  -6.0 1.29e+02    -  5.54e-04 9.61e-04f  1
  72  1.7556744e+07 2.56e+01 1.12e+03  -6.0 1.29e+02    -  9.82e-04 2.53e-03f  1
  73  1.7547008e+07 2.56e+01 1.12e+03  -6.0 1.31e+02    -  1.59e-03 1.11e-03f  1
  74  1.7528867e+07 2.55e+01 1.12e+03  -6.0 1.32e+02    -  2.56e-04 2.06e-03f  1
  75  1.7526309e+07 2.55e+01 1.12e+03  -6.0 1.33e+02    -  1.68e-03 2.91e-04f  1
  76  1.7524315e+07 2.55e+01 1.12e+03  -6.0 1.33e+02    -  5.37e-04 2.27e-04f  1
  77  1.7507087e+07 2.54e+01 1.11e+03  -6.0 4.62e+01    -  1.53e-03 1.97e-03f  1
  78  1.7493506e+07 2.54e+01 1.11e+03  -6.0 4.41e+01    -  1.52e-03 1.56e-03f  1
  79  1.7480693e+07 2.54e+01 1.11e+03  -6.0 4.50e+01    -  1.89e-04 1.47e-03f  1
iter    objective    inf_pr   inf_du lg(mu)  ||d||  lg(rg) alpha_du alpha_pr  ls
  80  1.7475024e+07 2.53e+01 1.11e+03  -6.0 5.71e+01    -  2.73e-03 6.52e-04f  1
  81  1.7455481e+07 2.53e+01 1.11e+03  -6.0 4.63e+01    -  8.54e-07 2.25e-03f  1
  82  1.7444935e+07 2.53e+01 1.11e+03  -6.0 1.24e+02    -  3.24e-04 1.21e-03f  1
  83  1.7437146e+07 2.52e+01 1.11e+03  -6.0 1.24e+02    -  1.26e-03 8.96e-04f  1
  84  1.7431537e+07 2.52e+01 1.10e+03  -6.0 1.25e+02    -  3.58e-03 6.46e-04f  1
  85  1.7407684e+07 2.52e+01 1.10e+03  -6.0 1.25e+02    -  1.61e-03 2.75e-03f  1
  86  1.7400151e+07 2.51e+01 1.10e+03  -6.0 1.26e+02    -  2.89e-03 8.71e-04f  1
  87  1.7388910e+07 2.51e+01 1.10e+03  -6.0 1.26e+02    -  1.00e-03 1.30e-03f  1
  88  1.7388843e+07 2.51e+01 1.10e+03  -6.0 1.26e+02    -  9.60e-04 7.73e-06f  1
  89  1.7384513e+07 2.51e+01 1.10e+03  -6.0 1.25e+02    -  1.35e-04 5.02e-04f  1
iter    objective    inf_pr   inf_du lg(mu)  ||d||  lg(rg) alpha_du alpha_pr  ls
  90  1.7365872e+07 2.50e+01 1.10e+03  -6.0 1.25e+02    -  1.90e-03 2.16e-03f  1
  91  1.7358877e+07 2.50e+01 1.10e+03  -6.0 1.27e+02    -  1.04e-03 8.14e-04f  1
  92  1.7351837e+07 2.50e+01 1.09e+03  -6.0 1.28e+02    -  6.74e-04 8.19e-04f  1
  93  1.7346285e+07 2.50e+01 1.09e+03  -6.0 5.43e+01    -  2.67e-04 6.48e-04f  1
  94  1.7346157e+07 2.50e+01 1.09e+03  -6.0 1.18e+02    -  2.04e-03 1.49e-05f  1
  95  1.7301336e+07 2.48e+01 1.09e+03  -6.0 5.47e+01    -  1.50e-04 5.23e-03f  1
  96  1.7301336e+07 2.48e+01 1.09e+03  -6.0 1.12e+02    -  4.87e-05 2.79e-08h  1
  97  1.7291944e+07 2.48e+01 1.09e+03  -6.0 1.26e+02    -  3.38e-05 1.09e-03f  1
  98  1.7289500e+07 2.48e+01 1.09e+03  -6.0 1.27e+02    -  3.23e-03 2.87e-04f  1
  99  1.7268404e+07 2.47e+01 1.08e+03  -6.0 1.27e+02    -  2.94e-04 2.48e-03f  1
iter    objective    inf_pr   inf_du lg(mu)  ||d||  lg(rg) alpha_du alpha_pr  ls
 100  1.7267578e+07 2.47e+01 1.08e+03  -6.0 1.27e+02    -  3.47e-04 9.72e-05f  1
 101  1.7263435e+07 2.47e+01 1.08e+03  -6.0 8.71e+01    -  9.96e-04 4.88e-04f  1
In iteration 101, 1 Slack too small, adjusting variable bound
 102  1.7263434e+07 2.47e+01 1.08e+03  -6.0 1.47e+02    -  1.09e-04 1.97e-08h  1
 103  1.7253889e+07 2.47e+01 1.08e+03  -6.0 8.73e+01    -  5.40e-04 1.13e-03f  1
 104  1.7245524e+07 2.47e+01 1.08e+03  -6.0 8.75e+01    -  9.55e-04 9.87e-04f  1
 105  1.7242026e+07 2.47e+01 1.08e+03  -6.0 1.28e+02    -  1.65e-03 4.13e-04f  1
 106  1.7233789e+07 2.46e+01 1.08e+03  -6.0 1.27e+02    -  4.26e-04 9.73e-04f  1
 107  1.7216550e+07 2.46e+01 1.08e+03  -6.0 1.28e+02    -  3.03e-03 2.04e-03f  1
 108  1.7198172e+07 2.45e+01 1.07e+03  -6.0 1.29e+02    -  6.03e-04 2.18e-03f  1
 109  1.7182851e+07 2.45e+01 1.07e+03  -6.0 1.30e+02    -  1.67e-03 1.82e-03f  1
iter    objective    inf_pr   inf_du lg(mu)  ||d||  lg(rg) alpha_du alpha_pr  ls
 110  1.7180206e+07 2.45e+01 1.07e+03  -6.0 1.30e+02    -  2.45e-04 3.15e-04f  1
 111  1.7173292e+07 2.45e+01 1.07e+03  -6.0 1.30e+02    -  3.10e-03 8.23e-04f  1
 112  1.7166477e+07 2.44e+01 1.07e+03  -6.0 1.30e+02    -  7.07e-04 8.12e-04f  1
 113  1.7162864e+07 2.44e+01 1.07e+03  -6.0 1.30e+02    -  2.41e-03 4.31e-04f  1
 114  1.7158914e+07 2.44e+01 1.07e+03  -6.0 1.29e+02    -  1.39e-03 4.71e-04f  1
 115  1.7151124e+07 2.44e+01 1.07e+03  -6.0 1.09e+02    -  4.38e-04 9.30e-04f  1
 116  1.7144916e+07 2.44e+01 1.07e+03  -6.0 1.09e+02    -  5.03e-04 7.42e-04f  1
 117  1.7121611e+07 2.43e+01 1.07e+03  -6.0 1.09e+02    -  1.71e-03 2.79e-03f  1
 118  1.7107605e+07 2.43e+01 1.06e+03  -6.0 1.08e+02    -  2.15e-03 1.68e-03f  1
 119  1.7100670e+07 2.43e+01 1.06e+03  -6.0 8.83e+01    -  1.51e-03 8.33e-04f  1
iter    objective    inf_pr   inf_du lg(mu)  ||d||  lg(rg) alpha_du alpha_pr  ls
 120  1.7096128e+07 2.42e+01 1.06e+03  -6.0 8.93e+01    -  2.36e-03 5.46e-04f  1
 121  1.7088216e+07 2.42e+01 1.06e+03  -6.0 9.00e+01    -  1.53e-03 9.52e-04f  1
 122  1.7071929e+07 2.42e+01 1.06e+03  -6.0 9.12e+01    -  7.48e-04 1.96e-03f  1
 123  1.7052496e+07 2.41e+01 1.06e+03  -6.0 9.36e+01    -  2.88e-03 2.35e-03f  1
 124  1.7049018e+07 2.41e+01 1.06e+03  -6.0 7.23e+01    -  8.34e-04 4.21e-04f  1
 125  1.7042032e+07 2.41e+01 1.05e+03  -6.0 7.25e+01    -  1.77e-03 8.47e-04f  1
 126  1.7041907e+07 2.41e+01 1.05e+03  -6.0 7.67e+01    -  4.29e-03 1.52e-05f  1
 127  1.7018019e+07 2.40e+01 1.05e+03  -6.0 7.30e+01    -  1.41e-03 2.90e-03f  1
 128  1.7012578e+07 2.40e+01 1.05e+03  -6.0 7.44e+01    -  2.45e-04 6.62e-04f  1
 129  1.6992709e+07 2.39e+01 1.05e+03  -6.0 7.47e+01    -  3.58e-05 2.42e-03f  1
iter    objective    inf_pr   inf_du lg(mu)  ||d||  lg(rg) alpha_du alpha_pr  ls
 130  1.6992514e+07 2.39e+01 1.05e+03  -6.0 9.38e+01    -  1.84e-03 2.38e-05f  1
 131  1.6977731e+07 2.39e+01 1.05e+03  -6.0 9.37e+01    -  5.87e-04 1.80e-03f  1
 132  1.6977556e+07 2.39e+01 1.05e+03  -6.0 9.26e+01    -  2.11e-03 2.14e-05f  1
 133  1.6972623e+07 2.39e+01 1.05e+03  -6.0 8.87e+01    -  1.12e-04 6.03e-04f  1
 134  1.6954459e+07 2.38e+01 1.04e+03  -6.0 1.26e+02    -  6.34e-05 2.22e-03f  1
 135  1.6953523e+07 2.38e+01 1.04e+03  -6.0 7.80e+01    -  8.90e-04 1.15e-04f  1
 136  1.6937364e+07 2.38e+01 1.04e+03  -6.0 7.81e+01    -  1.38e-04 1.98e-03f  1
 137  1.6918857e+07 2.37e+01 1.04e+03  -6.0 7.90e+01    -  1.13e-03 2.27e-03f  1
 138  1.6891477e+07 2.36e+01 1.04e+03  -6.0 8.01e+01    -  2.90e-03 3.37e-03f  1
 139  1.6891354e+07 2.36e+01 1.04e+03  -6.0 8.19e+01    -  6.43e-04 1.52e-05f  1
iter    objective    inf_pr   inf_du lg(mu)  ||d||  lg(rg) alpha_du alpha_pr  ls
 140  1.6878267e+07 2.36e+01 1.03e+03  -6.0 8.19e+01    -  7.44e-04 1.62e-03f  1
 141  1.6872757e+07 2.36e+01 1.03e+03  -6.0 8.27e+01    -  3.80e-03 6.82e-04f  1
 142  1.6860339e+07 2.36e+01 1.03e+03  -6.0 8.30e+01    -  2.70e-06 1.54e-03f  1
 143  1.6839006e+07 2.35e+01 1.03e+03  -6.0 8.37e+01    -  1.41e-03 2.65e-03f  1
 144  1.6832296e+07 2.35e+01 1.03e+03  -6.0 8.49e+01    -  4.09e-03 8.35e-04f  1
 145  1.6827155e+07 2.35e+01 1.03e+03  -6.0 8.52e+01    -  9.22e-04 6.40e-04f  1
 146  1.6816111e+07 2.34e+01 1.03e+03  -6.0 8.55e+01    -  1.60e-03 1.38e-03f  1
 147  1.6815037e+07 2.34e+01 1.03e+03  -6.0 8.61e+01    -  5.32e-04 1.34e-04f  1
 148  1.6802669e+07 2.34e+01 1.02e+03  -6.0 8.62e+01    -  1.04e-03 1.54e-03f  1
 149  1.6798116e+07 2.34e+01 1.02e+03  -6.0 8.69e+01    -  1.99e-04 5.69e-04f  1
iter    objective    inf_pr   inf_du lg(mu)  ||d||  lg(rg) alpha_du alpha_pr  ls
 150  1.6792824e+07 2.34e+01 1.02e+03  -6.0 8.71e+01    -  1.00e-03 6.62e-04f  1
 151  1.6776928e+07 2.33e+01 1.02e+03  -6.0 8.74e+01    -  3.41e-04 1.99e-03f  1
 152  1.6773122e+07 2.33e+01 1.02e+03  -6.0 8.83e+01    -  9.37e-04 4.77e-04f  1
 153  1.6751198e+07 2.32e+01 1.02e+03  -6.0 8.85e+01    -  9.26e-04 2.75e-03f  1
 154  1.6750754e+07 2.32e+01 1.02e+03  -6.0 8.97e+01    -  1.21e-03 5.59e-05f  1
 155  1.6713718e+07 2.31e+01 1.01e+03  -6.0 8.97e+01    -  3.54e-05 4.66e-03f  1
 156  1.6712832e+07 2.31e+01 1.01e+03  -6.0 9.34e+01    -  9.47e-04 1.12e-04f  1
 157  1.6686913e+07 2.30e+01 1.01e+03  -6.0 9.17e+01    -  3.95e-03 3.28e-03f  1
 158  1.6668191e+07 2.30e+01 1.01e+03  -6.0 9.31e+01    -  1.52e-04 2.37e-03f  1
 159  1.6665598e+07 2.30e+01 1.01e+03  -6.0 9.41e+01    -  8.70e-04 3.30e-04f  1
iter    objective    inf_pr   inf_du lg(mu)  ||d||  lg(rg) alpha_du alpha_pr  ls
 160  1.6664932e+07 2.30e+01 1.01e+03  -6.0 9.44e+01    -  4.37e-04 8.47e-05f  1
 161  1.6660496e+07 2.30e+01 1.01e+03  -6.0 9.46e+01    -  1.30e-04 5.64e-04f  1
 162  1.6657297e+07 2.30e+01 1.01e+03  -6.0 9.48e+01    -  8.14e-04 4.07e-04f  1
 163  1.6655978e+07 2.30e+01 1.01e+03  -6.0 9.47e+01    -  8.65e-05 1.68e-04f  1
 164  1.6642266e+07 2.29e+01 1.00e+03  -6.0 9.48e+01    -  8.99e-04 1.75e-03f  1
 165  1.6636570e+07 2.29e+01 1.00e+03  -6.0 9.55e+01    -  1.22e-03 7.27e-04f  1
 166  1.6622902e+07 2.29e+01 1.00e+03  -6.0 9.81e+01    -  6.33e-04 1.74e-03f  1
 167  1.6616947e+07 2.28e+01 1.00e+03  -6.0 9.98e+01    -  1.36e-03 7.62e-04f  1
 168  1.6609999e+07 2.28e+01 1.00e+03  -6.0 1.00e+02    -  6.08e-04 8.90e-04f  1
 169  1.6606970e+07 2.28e+01 9.99e+02  -6.0 9.99e+01    -  1.55e-03 3.88e-04f  1
iter    objective    inf_pr   inf_du lg(mu)  ||d||  lg(rg) alpha_du alpha_pr  ls
 170  1.6604229e+07 2.28e+01 9.99e+02  -6.0 9.67e+01  -4.5 4.00e-04 3.51e-04f  1
 171  1.6597061e+07 2.28e+01 9.98e+02  -6.0 1.02e+02    -  1.82e-03 9.19e-04f  1
 172  1.6569261e+07 2.27e+01 9.94e+02  -6.0 1.02e+02    -  2.46e-04 3.57e-03f  1
 173  1.6565075e+07 2.27e+01 9.94e+02  -6.0 1.02e+02  -5.0 1.42e-03 5.39e-04f  1
 174  1.6554711e+07 2.27e+01 9.93e+02  -6.0 1.02e+02    -  7.75e-04 1.34e-03f  1
 175  1.6551080e+07 2.27e+01 9.92e+02  -6.0 1.03e+02    -  2.04e-03 4.69e-04f  1
 176  1.6537798e+07 2.26e+01 9.90e+02  -6.0 1.03e+02    -  4.65e-03 1.71e-03f  1
 177  1.6497395e+07 2.25e+01 9.85e+02  -6.0 1.04e+02    -  2.60e-03 5.22e-03f  1
 178  1.6491439e+07 2.25e+01 9.85e+02  -6.0 1.06e+02    -  8.96e-04 7.74e-04f  1
 179  1.6484752e+07 2.25e+01 9.84e+02  -6.0 1.05e+02    -  8.91e-04 8.70e-04f  1
iter    objective    inf_pr   inf_du lg(mu)  ||d||  lg(rg) alpha_du alpha_pr  ls
 180  1.6469876e+07 2.24e+01 9.82e+02  -6.0 1.05e+02    -  1.21e-03 1.94e-03f  1
 181  1.6468591e+07 2.24e+01 9.82e+02  -6.0 1.05e+02    -  2.30e-03 1.68e-04f  1
 182  1.6467591e+07 2.24e+01 9.81e+02  -6.0 1.05e+02    -  1.10e-03 1.30e-04f  1
 183  1.6460321e+07 2.24e+01 9.81e+02  -6.0 1.05e+02    -  2.30e-03 9.50e-04f  1
 184  1.6446780e+07 2.23e+01 9.79e+02  -6.0 1.06e+02    -  9.72e-04 1.77e-03f  1
 185  1.6422278e+07 2.23e+01 9.76e+02  -6.0 1.06e+02    -  2.15e-04 3.21e-03f  1
 186  1.6420822e+07 2.23e+01 9.75e+02  -6.0 1.07e+02    -  2.33e-03 1.91e-04f  1
 187  1.6403078e+07 2.22e+01 9.73e+02  -6.0 1.07e+02    -  4.89e-04 2.33e-03f  1
 188  1.6396701e+07 2.22e+01 9.72e+02  -6.0 1.08e+02    -  2.37e-03 8.40e-04f  1
 189  1.6362099e+07 2.21e+01 9.68e+02  -6.0 1.09e+02    -  1.49e-03 4.56e-03f  1
iter    objective    inf_pr   inf_du lg(mu)  ||d||  lg(rg) alpha_du alpha_pr  ls
 190  1.6349983e+07 2.21e+01 9.66e+02  -6.0 1.10e+02    -  7.74e-04 1.61e-03f  1
 191  1.6343463e+07 2.20e+01 9.66e+02  -6.0 1.11e+02    -  1.13e-03 8.65e-04f  1
 192  1.6316883e+07 2.20e+01 9.62e+02  -6.0 1.11e+02    -  1.10e-03 3.53e-03f  1
 193  1.6287015e+07 2.19e+01 9.58e+02  -6.0 1.12e+02    -  2.69e-04 3.98e-03f  1
 194  1.6284350e+07 2.19e+01 9.58e+02  -6.0 1.14e+02    -  3.36e-03 3.57e-04f  1
 195  1.6259076e+07 2.18e+01 9.55e+02  -6.0 1.14e+02    -  3.39e-03 3.38e-03f  1
 196  1.6224381e+07 2.17e+01 9.50e+02  -6.0 1.15e+02    -  1.70e-03 4.66e-03f  1
 197  1.6205005e+07 2.16e+01 9.48e+02  -6.0 1.17e+02    -  2.76e-03 2.62e-03f  1
 198  1.6195860e+07 2.16e+01 9.47e+02  -6.0 1.17e+02    -  5.10e-03 1.24e-03f  1
 199  1.6168124e+07 2.15e+01 9.43e+02  -6.0 1.18e+02    -  2.21e-04 3.76e-03f  1
iter    objective    inf_pr   inf_du lg(mu)  ||d||  lg(rg) alpha_du alpha_pr  ls
 200  1.6159406e+07 2.15e+01 9.42e+02  -6.0 1.19e+02    -  1.64e-03 1.19e-03f  1
 201  1.6149667e+07 2.15e+01 9.41e+02  -6.0 1.19e+02    -  6.70e-04 1.33e-03f  1
 202  1.6127686e+07 2.14e+01 9.38e+02  -6.0 1.20e+02    -  1.18e-03 3.00e-03f  1
 203  1.6112562e+07 2.14e+01 9.36e+02  -6.0 1.21e+02    -  4.96e-03 2.07e-03f  1
 204  1.6089202e+07 2.13e+01 9.33e+02  -6.0 1.21e+02    -  7.88e-04 3.20e-03f  1
 205  1.6082731e+07 2.13e+01 9.32e+02  -6.0 1.22e+02    -  2.68e-03 8.91e-04f  1
 206  1.6067073e+07 2.12e+01 9.30e+02  -6.0 1.22e+02    -  3.12e-04 2.16e-03f  1
 207  1.6049269e+07 2.12e+01 9.28e+02  -6.0 1.23e+02    -  4.86e-03 2.46e-03f  1
 208  1.6042468e+07 2.12e+01 9.27e+02  -6.0 1.24e+02    -  3.87e-03 9.41e-04f  1
 209  1.6020798e+07 2.11e+01 9.24e+02  -6.0 1.24e+02    -  4.33e-03 3.00e-03f  1
iter    objective    inf_pr   inf_du lg(mu)  ||d||  lg(rg) alpha_du alpha_pr  ls
 210  1.5999060e+07 2.10e+01 9.21e+02  -6.0 1.25e+02    -  1.15e-03 3.02e-03f  1
 211  1.5991616e+07 2.10e+01 9.20e+02  -6.0 1.26e+02    -  1.36e-03 1.04e-03f  1
 212  1.5978144e+07 2.10e+01 9.19e+02  -6.0 1.26e+02    -  2.35e-03 1.88e-03f  1
 213  1.5976720e+07 2.10e+01 9.19e+02  -6.0 1.26e+02    -  8.00e-03 1.99e-04f  1
 214  1.5956818e+07 2.09e+01 9.16e+02  -6.0 1.26e+02    -  7.07e-04 2.78e-03f  1
 215  1.5950665e+07 2.09e+01 9.15e+02  -6.0 1.27e+02    -  3.73e-03 8.63e-04f  1
 216  1.5935670e+07 2.08e+01 9.13e+02  -6.0 1.27e+02    -  1.10e-03 2.10e-03f  1
 217  1.5923513e+07 2.08e+01 9.12e+02  -6.0 1.28e+02    -  6.00e-05 1.71e-03f  1
 218  1.5889311e+07 2.07e+01 9.07e+02  -6.0 1.29e+02    -  4.68e-04 4.82e-03f  1
 219  1.5863607e+07 2.06e+01 9.04e+02  -6.0 1.30e+02    -  1.85e-03 3.64e-03f  1
iter    objective    inf_pr   inf_du lg(mu)  ||d||  lg(rg) alpha_du alpha_pr  ls
 220  1.5847435e+07 2.06e+01 9.02e+02  -6.0 1.31e+02    -  3.84e-03 2.30e-03f  1
 221  1.5765022e+07 2.03e+01 8.91e+02  -6.0 1.31e+02    -  4.12e-03 1.17e-02f  1
 222  1.5756025e+07 2.03e+01 8.90e+02  -6.0 1.34e+02    -  7.09e-03 1.30e-03f  1
 223  1.5736903e+07 2.03e+01 8.88e+02  -6.0 1.35e+02    -  1.77e-03 2.76e-03f  1
 224  1.5699816e+07 2.02e+01 8.83e+02  -6.0 1.35e+02    -  5.08e-03 5.37e-03f  1
 225  1.5667436e+07 2.01e+01 8.79e+02  -6.0 1.37e+02    -  4.51e-03 4.71e-03f  1
 226  1.5649506e+07 2.00e+01 8.76e+02  -6.0 1.38e+02    -  6.81e-04 2.62e-03f  1
 227  1.5600244e+07 1.99e+01 8.70e+02  -6.0 1.39e+02    -  5.29e-03 7.23e-03f  1
 228  1.5599029e+07 1.99e+01 8.70e+02  -6.0 1.40e+02    -  1.96e-03 1.80e-04f  1
 229  1.5584294e+07 1.98e+01 8.68e+02  -6.0 1.40e+02    -  2.07e-03 2.18e-03f  1
iter    objective    inf_pr   inf_du lg(mu)  ||d||  lg(rg) alpha_du alpha_pr  ls
 230  1.5567383e+07 1.98e+01 8.66e+02  -6.0 1.41e+02    -  3.18e-03 2.51e-03f  1
 231  1.5544406e+07 1.97e+01 8.63e+02  -6.0 1.41e+02    -  1.82e-03 3.41e-03f  1
 232  1.5538381e+07 1.97e+01 8.62e+02  -6.0 1.42e+02    -  5.40e-03 8.98e-04f  1
 233  1.5510412e+07 1.96e+01 8.58e+02  -6.0 1.42e+02    -  1.75e-03 4.17e-03f  1
 234  1.5500473e+07 1.96e+01 8.57e+02  -6.0 1.43e+02    -  1.66e-03 1.49e-03f  1
 235  1.5491396e+07 1.95e+01 8.56e+02  -6.0 1.43e+02    -  1.13e-03 1.36e-03f  1
 236  1.5472705e+07 1.95e+01 8.54e+02  -6.0 1.44e+02    -  4.09e-03 2.81e-03f  1
 237  1.5432407e+07 1.94e+01 8.48e+02  -6.0 1.44e+02    -  4.15e-03 6.07e-03f  1
 238  1.5410254e+07 1.93e+01 8.46e+02  -6.0 1.46e+02    -  6.97e-03 3.36e-03f  1
 239  1.5347222e+07 1.91e+01 8.37e+02  -6.0 1.46e+02    -  8.10e-04 9.60e-03f  1
iter    objective    inf_pr   inf_du lg(mu)  ||d||  lg(rg) alpha_du alpha_pr  ls
 240  1.5336335e+07 1.91e+01 8.36e+02  -6.0 1.48e+02    -  2.15e-02 1.67e-03f  1
 241  1.5312739e+07 1.90e+01 8.33e+02  -6.0 1.48e+02    -  1.06e-03 3.63e-03f  1
 242  1.5297729e+07 1.90e+01 8.31e+02  -6.0 1.49e+02    -  2.75e-03 2.32e-03f  1
 243  1.5274267e+07 1.89e+01 8.28e+02  -6.0 1.50e+02    -  1.84e-03 3.64e-03f  1
 244  1.5270754e+07 1.89e+01 8.28e+02  -6.0 1.50e+02    -  6.20e-03 5.46e-04f  1
 245  1.5263938e+07 1.89e+01 8.27e+02  -6.0 1.50e+02    -  1.90e-03 1.06e-03f  1
 246  1.5226981e+07 1.88e+01 8.22e+02  -6.0 1.51e+02    -  1.50e-03 5.76e-03f  1
 247  1.5210666e+07 1.87e+01 8.20e+02  -6.0 1.52e+02    -  5.10e-03 2.56e-03f  1
 248  1.5195483e+07 1.87e+01 8.18e+02  -6.0 1.52e+02    -  1.82e-03 2.39e-03f  1
 249  1.5189496e+07 1.87e+01 8.17e+02  -6.0 1.52e+02    -  6.03e-03 9.43e-04f  1
iter    objective    inf_pr   inf_du lg(mu)  ||d||  lg(rg) alpha_du alpha_pr  ls
 250  1.5160683e+07 1.86e+01 8.13e+02  -6.0 1.53e+02    -  1.80e-03 4.54e-03f  1
 251  1.5117125e+07 1.84e+01 8.08e+02  -6.0 1.53e+02    -  3.30e-03 6.90e-03f  1
 252  1.5069962e+07 1.83e+01 8.02e+02  -6.0 1.54e+02    -  1.01e-02 7.53e-03f  1
 253  1.5054820e+07 1.83e+01 8.00e+02  -6.0 1.56e+02    -  5.05e-04 2.44e-03f  1
 254  1.5011320e+07 1.81e+01 7.94e+02  -6.0 1.56e+02    -  5.33e-03 7.01e-03f  1
 255  1.4986929e+07 1.81e+01 7.91e+02  -6.0 1.57e+02    -  1.27e-02 3.96e-03f  1
 256  1.4971168e+07 1.80e+01 7.89e+02  -6.0 1.58e+02    -  5.93e-03 2.57e-03f  1
 257  1.4933297e+07 1.79e+01 7.84e+02  -6.0 1.58e+02    -  4.09e-03 6.19e-03f  1
 258  1.4902633e+07 1.78e+01 7.80e+02  -6.0 1.59e+02    -  5.89e-03 5.05e-03f  1
 259  1.4896393e+07 1.78e+01 7.79e+02  -6.0 1.57e+02    -  8.62e-03 1.03e-03f  1
iter    objective    inf_pr   inf_du lg(mu)  ||d||  lg(rg) alpha_du alpha_pr  ls
 260  1.4881479e+07 1.78e+01 7.77e+02  -6.0 1.57e+02    -  5.79e-03 2.47e-03f  1
 261  1.4767644e+07 1.74e+01 7.63e+02  -6.0 1.57e+02    -  1.57e-03 1.89e-02f  1
 262  1.4755416e+07 1.74e+01 7.61e+02  -6.0 1.62e+02    -  1.36e-02 2.07e-03f  1
 263  1.4654445e+07 1.71e+01 7.48e+02  -6.0 1.63e+02    -  4.01e-03 1.71e-02f  1
 264  1.4648371e+07 1.71e+01 7.47e+02  -6.0 1.64e+02    -  7.31e-03 1.05e-03f  1
 265  1.4500473e+07 1.66e+01 7.28e+02  -6.0 1.65e+02    -  5.66e-03 2.56e-02f  1
 266  1.4488960e+07 1.66e+01 7.27e+02  -6.0 1.67e+02    -  3.37e-02 2.04e-03f  1
 267  1.4483935e+07 1.66e+01 7.26e+02  -6.0 1.67e+02    -  3.50e-03 8.94e-04f  1
 268  1.4467488e+07 1.65e+01 7.24e+02  -6.0 1.67e+02    -  1.70e-03 2.93e-03f  1
 269  1.4432942e+07 1.64e+01 7.20e+02  -6.0 1.67e+02    -  3.57e-03 6.17e-03f  1
iter    objective    inf_pr   inf_du lg(mu)  ||d||  lg(rg) alpha_du alpha_pr  ls
 270  1.4429565e+07 1.64e+01 7.19e+02  -6.0 1.68e+02    -  4.82e-03 6.07e-04f  1
 271  1.4403029e+07 1.63e+01 7.16e+02  -6.0 1.68e+02    -  1.02e-03 4.77e-03f  1
 272  1.4386580e+07 1.63e+01 7.14e+02  -6.0 1.68e+02    -  8.48e-03 2.97e-03f  1
 273  1.4334153e+07 1.61e+01 7.07e+02  -6.0 1.69e+02    -  3.96e-03 9.51e-03f  1
 274  1.4324381e+07 1.61e+01 7.06e+02  -6.0 1.69e+02    -  1.51e-02 1.79e-03f  1
 275  1.4230141e+07 1.58e+01 6.94e+02  -6.0 1.69e+02    -  3.90e-03 1.73e-02f  1
 276  1.4224903e+07 1.58e+01 6.93e+02  -6.0 1.70e+02    -  7.98e-03 9.78e-04f  1
 277  1.4203532e+07 1.58e+01 6.90e+02  -6.0 1.70e+02    -  2.76e-03 3.99e-03f  1
 278  1.4189242e+07 1.57e+01 6.88e+02  -6.0 1.71e+02    -  4.13e-03 2.68e-03f  1
 279  1.4187513e+07 1.57e+01 6.88e+02  -6.0 1.71e+02    -  2.18e-03 3.25e-04f  1
iter    objective    inf_pr   inf_du lg(mu)  ||d||  lg(rg) alpha_du alpha_pr  ls
 280  1.4059930e+07 1.53e+01 6.72e+02  -6.0 1.71e+02    -  3.78e-04 2.40e-02f  1
 281  1.3783624e+07 1.45e+01 6.36e+02  -6.0 1.72e+02    -  2.71e-02 5.33e-02f  1
 282  1.3704651e+07 1.43e+01 6.26e+02  -6.0 1.74e+02    -  4.70e-02 1.61e-02f  1
 283  1.3472278e+07 1.36e+01 5.96e+02  -6.0 1.74e+02    -  2.82e-03 4.83e-02f  1
 284  1.3450538e+07 1.35e+01 5.93e+02  -6.0 1.74e+02    -  1.31e-02 4.75e-03f  1
 285  1.3393964e+07 1.34e+01 5.86e+02  -6.0 1.74e+02    -  1.58e-02 1.24e-02f  1
 286  1.3325146e+07 1.31e+01 5.77e+02  -6.0 1.74e+02    -  3.68e-02 1.53e-02f  1
 287  1.3232241e+07 1.29e+01 5.65e+02  -6.0 1.74e+02    -  1.41e-02 2.10e-02f  1
 288  1.3140259e+07 1.26e+01 5.53e+02  -6.0 1.73e+02    -  1.36e-02 2.12e-02f  1
 289  1.3068905e+07 1.24e+01 5.43e+02  -6.0 1.73e+02    -  3.12e-03 1.68e-02f  1
iter    objective    inf_pr   inf_du lg(mu)  ||d||  lg(rg) alpha_du alpha_pr  ls
 290  1.3045936e+07 1.23e+01 5.40e+02  -6.0 1.72e+02    -  3.32e-02 5.52e-03f  1
 291  1.2933806e+07 1.20e+01 5.26e+02  -6.0 1.72e+02    -  2.02e-02 2.71e-02f  1
 292  1.2807565e+07 1.16e+01 5.09e+02  -6.0 1.71e+02    -  1.52e-02 3.14e-02f  1
 293  1.2735989e+07 1.14e+01 5.00e+02  -6.0 1.70e+02    -  1.38e-02 1.84e-02f  1
 294  1.2696696e+07 1.13e+01 4.95e+02  -6.0 1.69e+02    -  9.30e-03 1.03e-02f  1
 295  1.2631467e+07 1.11e+01 4.86e+02  -6.0 1.68e+02    -  1.94e-02 1.72e-02f  1
 296  1.2560074e+07 1.09e+01 4.77e+02  -6.0 1.67e+02    -  1.27e-02 1.92e-02f  1
 297  1.2538111e+07 1.08e+01 4.74e+02  -6.0 1.66e+02    -  5.26e-03 6.03e-03f  1
 298  1.2531591e+07 1.08e+01 4.73e+02  -6.0 1.66e+02    -  4.55e-03 1.80e-03f  1
 299  1.2501034e+07 1.07e+01 4.69e+02  -6.0 1.66e+02    -  2.80e-03 8.45e-03f  1
iter    objective    inf_pr   inf_du lg(mu)  ||d||  lg(rg) alpha_du alpha_pr  ls
 300  1.2430091e+07 1.05e+01 4.60e+02  -6.0 1.65e+02    -  1.81e-02 1.98e-02f  1

Number of Iterations....: 300

                                   (scaled)                 (unscaled)
Objective...............:   9.5418720730935660e+04    1.2430091121095138e+07
Dual infeasibility......:   4.5983149352857862e+02    5.9901739628504598e+04
Constraint violation....:   4.9072142334614695e+00    1.0483843162478127e+01
Variable bound violation:   1.0972756703253594e-08    1.0972756703253594e-08
Complementarity.........:   1.9374260499261038e+02    2.5238634679323626e+04
Overall NLP error.......:   4.5983149352857862e+02    5.9901739628504598e+04


Number of objective function evaluations             = 301
Number of objective gradient evaluations             = 301
Number of equality constraint evaluations            = 301
Number of inequality constraint evaluations          = 302
Number of equality constraint Jacobian evaluations   = 301
Number of inequality constraint Jacobian evaluations = 301
Number of Lagrangian Hessian evaluations             = 300
Total seconds in IPOPT                               = 156.657

EXIT: Maximum Number of Iterations Exceeded.

