Solver command line: ['/opt/homebrew/bin/ipopt', '/var/folders/6y/bvynbx6n3zv7z3lwg6vd724r0000gn/T/tmpcu_s1lyw.pyomo.nl', '-AMPL', 'tol=1e-06', 'max_iter=300', 'print_level=5', 'warm_start_init_point=yes', 'warm_start_bound_push=1e-06', 'warm_start_bound_frac=1e-06', 'warm_start_mult_bound_push=1e-06', 'mu_init=1e-06', 'least_square_init_duals=no']

Ipopt 3.14.19: tol=1e-06
max_iter=300
print_level=5
warm_start_init_point=yes
warm_start_bound_push=1e-06
warm_start_bound_frac=1e-06
warm_start_mult_bound_push=1e-06
mu_init=1e-06
least_square_init_duals=no


******************************************************************************
This program contains Ipopt, a library for large-scale nonlinear optimization.
 Ipopt is released as open source code under the Eclipse Public License (EPL).
         For more information visit https://github.com/coin-or/Ipopt
******************************************************************************

This is Ipopt version 3.14.19, running with linear solver MUMPS 5.6.2.

Number of nonzeros in equality constraint Jacobian...:   211821
Number of nonzeros in inequality constraint Jacobian.:   163736
Number of nonzeros in Lagrangian Hessian.............:   115477

Total number of variables............................:    35502
                     variables with only lower bounds:        0
                variables with lower and upper bounds:    35502
                     variables with only upper bounds:        0
Total number of equality constraints.................:    27319
Total number of inequality constraints...............:    40934
        inequality constraints with only lower bounds:        0
   inequality constraints with lower and upper bounds:        0
        inequality constraints with only upper bounds:    40934

iter    objective    inf_pr   inf_du lg(mu)  ||d||  lg(rg) alpha_du alpha_pr  ls
   0  8.9480589e+06 2.84e+01 2.40e+01  -6.0 0.00e+00    -  0.00e+00 0.00e+00   0
   1  8.9429682e+06 2.84e+01 2.40e+01  -6.0 3.36e+06    -  1.14e-07 1.50e-07f  1
   2  8.9415304e+06 2.84e+01 2.40e+01  -6.0 2.68e+06    -  2.02e-07 9.22e-08f  1
   3  8.9397917e+06 2.84e+01 2.40e+01  -6.0 5.03e+06    -  9.62e-08 1.90e-07f  1
   4  8.9387399e+06 2.84e+01 2.40e+01  -6.0 7.72e+06    -  5.62e-07 2.15e-07f  1
   5  8.9381515e+06 2.84e+01 2.40e+01  -6.0 5.19e+06    -  6.35e-07 2.49e-07f  1
   6  8.9372801e+06 2.84e+01 2.40e+01  -6.0 3.86e+06    -  1.12e-06 6.23e-07f  1
   7  8.9366886e+06 2.84e+01 2.40e+01  -6.0 2.62e+06    -  1.82e-06 9.22e-07f  1
   8  8.9362681e+06 2.84e+01 2.40e+01  -6.0 1.78e+06    -  4.11e-06 1.32e-06f  1
   9  8.9358273e+06 2.84e+01 2.40e+01  -6.0 1.14e+06    -  3.10e-06 3.03e-06f  1
iter    objective    inf_pr   inf_du lg(mu)  ||d||  lg(rg) alpha_du alpha_pr  ls
  10  8.9354668e+06 2.84e+01 2.40e+01  -6.0 7.56e+05    -  1.53e-05 5.11e-06f  1
  11  8.9352087e+06 2.84e+01 2.40e+01  -6.0 3.26e+05    -  2.32e-05 1.22e-05f  1
  12  8.9351118e+06 2.84e+01 2.40e+01  -6.0 1.39e+03  -4.0 7.44e-05 4.62e-05f  1
  13  8.9350841e+06 2.84e+01 2.40e+01  -6.0 4.94e+02  -3.6 8.19e-04 6.54e-05h  1
  14  8.9350317e+06 2.83e+01 2.40e+01  -6.0 8.39e+02  -4.1 1.72e-04 1.65e-04h  1
  15  8.9349976e+06 2.83e+01 2.39e+01  -6.0 6.05e+02  -3.6 5.11e-04 1.52e-04h  1
  16  8.9348695e+06 2.83e+01 2.39e+01  -6.0 1.20e+02  -3.2 2.37e-03 6.89e-04h  1
  17  8.9345380e+06 2.83e+01 2.39e+01  -6.0 4.03e+02  -2.8 1.63e-07 1.35e-03f  1
  18  8.9344276e+06 2.83e+01 2.39e+01  -6.0 5.57e+01  -2.3 9.81e-04 6.29e-04h  1
  19  8.9343662e+06 2.83e+01 2.39e+01  -6.0 5.31e+02  -2.8 7.47e-06 2.17e-04h  1
iter    objective    inf_pr   inf_du lg(mu)  ||d||  lg(rg) alpha_du alpha_pr  ls
  20  8.9339933e+06 2.82e+01 2.38e+01  -6.0 1.82e+02  -2.4 6.74e-04 1.83e-03f  1
  21  8.9339732e+06 2.82e+01 2.38e+01  -6.0 2.10e+02  -2.9 2.40e-03 9.39e-05h  1
  22  8.9334283e+06 2.81e+01 2.38e+01  -6.0 8.65e+01  -2.4 2.40e-03 3.10e-03f  1
  23  8.9332445e+06 2.81e+01 2.37e+01  -6.0 2.53e+02  -2.9 4.67e-03 8.25e-04f  1
  24  8.9328178e+06 2.80e+01 2.37e+01  -6.0 1.06e+02  -2.5 7.89e-04 2.19e-03f  1
  25  8.9324018e+06 2.80e+01 2.36e+01  -6.0 2.08e+02  -3.0 2.25e-03 1.63e-03f  1
  26  8.9323027e+06 2.80e+01 2.36e+01  -6.0 8.41e+01  -2.6 2.93e-03 5.17e-04h  1
  27  8.9319133e+06 2.79e+01 2.35e+01  -6.0 1.52e+02  -3.0 3.00e-03 1.72e-03f  1
  28  8.9316030e+06 2.79e+01 2.35e+01  -6.0 6.41e+01  -2.6 4.11e-03 1.73e-03f  1
  29  8.9311908e+06 2.78e+01 2.33e+01  -6.0 1.13e+02  -3.1 1.09e-02 2.25e-03f  1
iter    objective    inf_pr   inf_du lg(mu)  ||d||  lg(rg) alpha_du alpha_pr  ls
  30  8.9299389e+06 2.76e+01 2.31e+01  -6.0 5.52e+01  -2.7 1.27e-02 7.74e-03f  1
  31  8.9286668e+06 2.74e+01 2.30e+01  -6.0 1.36e+02  -3.1 8.13e-07 7.30e-03f  1
  32  8.9272710e+06 2.71e+01 2.29e+01  -6.0 5.93e+01  -2.7 8.81e-04 9.40e-03f  1
  33  8.9270578e+06 2.71e+01 2.28e+01  -6.0 6.43e+01  -2.3 1.67e-03 1.52e-03h  1
  34  8.9268007e+06 2.71e+01 2.27e+01  -6.0 1.75e+02  -2.8 7.88e-03 1.81e-03h  1
  35  8.9265998e+06 2.70e+01 2.27e+01  -6.0 6.88e+01  -2.3 3.82e-03 1.45e-03h  1
  36  8.9250929e+06 2.68e+01 2.42e+01  -6.0 1.34e+02  -2.8 7.55e-03 9.71e-03f  1
  37  8.9250485e+06 2.67e+01 2.42e+01  -6.0 8.38e+01  -1.5 7.18e-04 3.40e-04h  1
  38  8.9248747e+06 2.67e+01 2.42e+01  -6.0 8.42e+01  -2.0 1.60e-02 1.37e-03h  1
  39  8.9244048e+06 2.66e+01 3.24e+01  -6.0 8.60e+01  -1.5 3.33e-05 3.83e-03f  1
iter    objective    inf_pr   inf_du lg(mu)  ||d||  lg(rg) alpha_du alpha_pr  ls
  40  8.9240892e+06 2.65e+01 5.78e+01  -6.0 9.10e+01  -1.1 5.21e-04 2.70e-03h  1
  41  8.9240409e+06 2.65e+01 5.96e+01  -6.0 9.45e+01  -0.7 2.37e-04 4.36e-04h  1
  42  8.9239527e+06 2.65e+01 7.72e+01  -6.0 9.50e+01  -0.3 3.98e-05 8.25e-04h  1
  43  8.9239399e+06 2.65e+01 7.82e+01  -6.0 9.61e+01   0.2 8.48e-05 1.24e-04h  1
  44  8.9238162e+06 2.65e+01 1.14e+02  -6.0 9.62e+01  -0.3 8.84e-05 1.24e-03f  1
  45  8.9237866e+06 2.65e+01 1.20e+02  -6.0 9.78e+01   0.1 1.77e-04 3.10e-04h  1
  46  8.9237469e+06 2.64e+01 1.24e+02  -6.0 9.82e+01  -0.4 2.41e-04 4.36e-04h  1
  47  8.9236540e+06 2.64e+01 1.87e+02  -6.0 9.87e+01   0.1 4.97e-05 1.06e-03h  1
  48  8.9236521e+06 2.64e+01 1.87e+02  -6.0 9.99e+01   0.5 3.01e-05 2.28e-05h  1
  49  8.9235017e+06 2.64e+01 3.73e+02  -6.0 1.00e+02   0.0 1.38e-04 1.92e-03h  1
iter    objective    inf_pr   inf_du lg(mu)  ||d||  lg(rg) alpha_du alpha_pr  ls
  50  8.9234931e+06 2.64e+01 3.75e+02  -6.0 1.02e+02   0.4 1.11e-04 1.14e-04h  1
  51  8.9233690e+06 2.63e+01 5.03e+02  -6.0 1.03e+02  -0.0 2.55e-04 1.68e-03h  1
  52  8.9233434e+06 2.63e+01 5.20e+02  -6.0 1.04e+02   0.4 1.44e-04 3.73e-04h  1
  53  8.9233202e+06 2.63e+01 5.25e+02  -6.0 1.05e+02  -0.1 4.11e-05 3.64e-04h  1
  54  8.9232096e+06 2.63e+01 8.81e+02  -6.0 1.05e+02   0.3 1.78e-04 1.80e-03h  1
  55  8.9232002e+06 2.62e+01 8.88e+02  -6.0 9.54e+01   0.8 8.36e-05 1.70e-04h  1
  56  8.9231180e+06 2.62e+01 1.08e+03  -6.0 9.68e+01   0.3 7.35e-05 1.56e-03h  1
  57r 8.9231180e+06 2.62e+01 9.99e+02   1.2 0.00e+00   0.7 0.00e+00 9.73e-09R  3
  58r 8.9231124e+06 2.62e+01 9.99e+02   1.2 7.20e+06    -  1.99e-06 5.56e-08f  1
  59r 8.9223919e+06 2.62e+01 9.99e+02   1.2 5.71e+04    -  1.36e-07 3.16e-06f  1
iter    objective    inf_pr   inf_du lg(mu)  ||d||  lg(rg) alpha_du alpha_pr  ls
  60r 8.8915058e+06 2.76e+01 9.99e+02   1.2 5.18e+04    -  3.03e-05 1.47e-04f  1
  61r 8.8703650e+06 2.86e+01 9.99e+02   1.2 1.01e+05    -  1.55e-04 1.00e-04f  1
  62r 8.8311536e+06 3.03e+01 9.99e+02   1.2 1.87e+05    -  8.98e-05 1.88e-04f  1
  63r 8.8159246e+06 3.14e+01 9.98e+02   1.2 3.11e+05    -  2.86e-04 1.17e-04f  1
  64r 8.8122585e+06 3.17e+01 9.98e+02   1.2 7.00e+04    -  9.48e-05 3.01e-05f  1
  65r 8.7868593e+06 3.39e+01 9.98e+02   1.2 7.02e+04    -  8.85e-05 2.03e-04f  1
  66r 8.7748550e+06 3.51e+01 9.98e+02   1.2 7.67e+04    -  3.56e-04 1.05e-04f  1
  67r 8.7501302e+06 3.76e+01 9.98e+02   1.2 6.69e+04    -  2.32e-04 2.42e-04f  1
  68r 8.7371522e+06 3.91e+01 9.98e+02   1.2 6.40e+04    -  1.40e-04 1.45e-04f  1
  69r 8.7040292e+06 4.22e+01 9.97e+02   1.2 2.04e+05    -  2.05e-04 3.12e-04f  1
iter    objective    inf_pr   inf_du lg(mu)  ||d||  lg(rg) alpha_du alpha_pr  ls
  70r 8.6871567e+06 4.36e+01 9.97e+02   1.2 1.25e+05    -  9.22e-05 1.41e-04f  1
  71r 8.6628811e+06 4.55e+01 9.97e+02   1.2 1.19e+05    -  2.43e-04 2.10e-04f  1
  72r 8.6374235e+06 4.72e+01 9.97e+02   1.2 5.09e+04    -  1.34e-04 2.16e-04f  1
  73r 8.6144428e+06 4.86e+01 9.97e+02   1.2 5.33e+04    -  9.09e-05 1.83e-04f  1
  74r 8.5577723e+06 5.17e+01 9.96e+02   1.2 7.78e+04    -  3.18e-04 4.47e-04f  1
  75r 8.5445743e+06 5.25e+01 9.96e+02   1.2 5.13e+04    -  3.52e-04 1.30e-04f  1
  76r 8.5283010e+06 5.33e+01 9.96e+02   1.2 4.05e+04    -  7.01e-04 1.56e-04f  1
  77r 8.5014431e+06 5.49e+01 9.95e+02   1.2 3.51e+04    -  3.31e-04 3.46e-04f  1
  78r 8.4611096e+06 5.73e+01 9.95e+02   1.2 3.28e+04    -  8.57e-04 6.26e-04f  1
  79r 8.4452322e+06 5.83e+01 9.94e+02   1.2 2.78e+04    -  7.76e-04 3.26e-04f  1
iter    objective    inf_pr   inf_du lg(mu)  ||d||  lg(rg) alpha_du alpha_pr  ls
  80r 8.4060528e+06 6.04e+01 9.94e+02   1.2 2.47e+04    -  1.09e-04 9.07e-04f  1
  81r 8.3884122e+06 6.12e+01 9.93e+02   1.2 2.80e+04    -  1.30e-03 4.46e-04f  1
  82r 8.3363985e+06 6.33e+01 9.92e+02   1.2 1.90e+04    -  4.42e-04 1.53e-03f  1
  83r 8.3294424e+06 6.36e+01 9.91e+02   1.2 1.68e+04    -  1.09e-03 2.90e-04f  1
  84r 8.2878670e+06 6.49e+01 9.90e+02   1.2 1.49e+04    -  1.00e-03 2.00e-03f  1
  85r 8.2638388e+06 6.53e+01 9.89e+02   1.2 1.96e+04    -  8.47e-04 1.40e-03f  1
  86r 8.2389925e+06 6.53e+01 9.87e+02   1.2 4.20e+04    -  2.33e-03 1.67e-03f  1
  87r 8.2131894e+06 6.46e+01 9.83e+02   1.2 1.51e+04    -  3.84e-03 2.56e-03f  1
  88r 8.2033925e+06 6.29e+01 9.79e+02   1.2 4.37e+03    -  4.11e-03 3.75e-03f  1
  89r 8.2124510e+06 5.97e+01 9.76e+02   1.2 1.51e+04    -  3.08e-03 5.41e-03f  1
iter    objective    inf_pr   inf_du lg(mu)  ||d||  lg(rg) alpha_du alpha_pr  ls
  90r 8.2627655e+06 5.42e+01 9.58e+02   1.2 1.14e+04    -  1.83e-02 9.26e-03f  1
  91r 8.4792979e+06 3.89e+01 9.36e+02   1.2 4.15e+03    -  2.28e-02 2.58e-02f  1
  92r 8.5858174e+06 3.33e+01 9.23e+02   1.2 3.12e+03    -  1.44e-02 1.25e-02f  1
  93r 8.6623762e+06 2.84e+01 8.88e+02   1.2 3.03e+03    -  9.47e-02 9.36e-03f  1
  94r 9.2671727e+06 7.42e+00 8.17e+02   1.2 5.02e+03    -  7.99e-02 7.96e-02f  1
  95r 9.5381550e+06 7.21e+00 6.81e+02   1.2 1.36e+03    -  2.06e-01 4.53e-02f  1
  96r 9.9378196e+06 4.39e+00 5.67e+02   0.5 1.68e+02    -  1.65e-01 2.92e-01f  1
  97r 1.0431377e+07 3.74e+00 2.32e+02   0.5 1.18e+02    -  7.19e-01 4.40e-01f  1
  98r 1.0603701e+07 3.83e+00 2.03e+02   0.5 3.41e+02    -  1.33e-01 1.37e-01f  1
  99r 1.1207665e+07 4.09e+00 1.29e+02   0.5 1.62e+02    -  4.86e-01 5.57e-01f  1
iter    objective    inf_pr   inf_du lg(mu)  ||d||  lg(rg) alpha_du alpha_pr  ls
 100r 1.1154085e+07 2.85e+00 1.02e+02  -0.2 2.74e+01    -  8.59e-01 6.38e-01f  1
 101  1.1153212e+07 2.85e+00 2.29e+01  -6.0 2.01e+07    -  3.40e-07 2.69e-07f  1
 102  1.1152254e+07 2.85e+00 2.29e+01  -6.0 1.80e+07    -  9.11e-07 3.26e-07f  1
 103  1.1151535e+07 2.85e+00 2.29e+01  -6.0 1.65e+07    -  1.46e-06 2.79e-07f  1
 104  1.1150597e+07 2.85e+00 2.29e+01  -6.0 1.39e+07    -  1.75e-06 4.43e-07f  1
 105  1.1146079e+07 2.85e+00 2.29e+01  -6.0 1.37e+07    -  3.51e-06 2.59e-06f  1
 106  1.1145428e+07 2.85e+00 2.29e+01  -6.0 9.18e+06    -  7.84e-06 6.20e-07f  1
 107  1.1143946e+07 2.85e+00 2.29e+01  -6.0 8.40e+06    -  8.85e-06 1.88e-06f  1
 108  1.1141698e+07 2.85e+00 2.29e+01  -6.0 4.78e+06    -  1.71e-05 4.32e-06f  1
 109  1.1139997e+07 2.85e+00 2.29e+01  -6.0 1.43e+06    -  3.22e-05 6.44e-06f  1
iter    objective    inf_pr   inf_du lg(mu)  ||d||  lg(rg) alpha_du alpha_pr  ls
 110  1.1138293e+07 2.85e+00 2.29e+01  -6.0 4.48e+05    -  7.41e-05 1.35e-05f  1
 111  1.1137168e+07 2.85e+00 2.29e+01  -6.0 2.39e+05    -  2.71e-05 2.27e-05f  1
 112  1.1136857e+07 2.85e+00 2.29e+01  -6.0 1.68e+05    -  3.11e-05 9.36e-06f  1
 113  1.1136850e+07 2.85e+00 2.29e+01  -6.0 3.97e+00   0.2 1.48e-05 8.77e-06f  1
 114  1.1136791e+07 2.84e+00 2.29e+01  -6.0 4.03e+00  -0.2 1.38e-05 5.33e-05f  1
 115  1.1136696e+07 2.84e+00 2.29e+01  -6.0 6.90e+00  -0.7 4.69e-05 6.55e-05f  1
 116  1.1136622e+07 2.84e+00 2.29e+01  -6.0 1.67e+01  -1.2 8.56e-05 4.12e-05f  1
 117  1.1136598e+07 2.84e+00 2.29e+01  -6.0 3.78e+01  -1.7 7.77e-05 1.16e-05f  1
 118  1.1136537e+07 2.84e+00 2.29e+01  -6.0 7.85e+01  -2.1 4.18e-05 2.49e-05f  1
 119  1.1136526e+07 2.84e+00 2.29e+01  -6.0 2.15e+02  -2.6 2.24e-05 3.74e-06f  1
iter    objective    inf_pr   inf_du lg(mu)  ||d||  lg(rg) alpha_du alpha_pr  ls
 120  1.1136376e+07 2.84e+00 2.29e+01  -6.0 8.74e+01  -2.2 5.09e-05 6.09e-05f  1
 121  1.1136248e+07 2.84e+00 2.29e+01  -6.0 2.38e+02  -2.7 5.51e-05 4.29e-05f  1
 122  1.1136013e+07 2.84e+00 2.29e+01  -6.0 9.69e+01  -2.2 1.41e-04 9.38e-05f  1
 123  1.1135962e+07 2.84e+00 2.29e+01  -6.0 2.61e+02  -2.7 1.85e-04 1.72e-05f  1
 124  1.1134733e+07 2.84e+00 2.29e+01  -6.0 1.07e+02  -2.3 8.57e-05 4.84e-04f  1
 125  1.1134674e+07 2.84e+00 2.29e+01  -6.0 2.74e+02  -2.8 2.16e-03 1.92e-05f  1
 126  1.1130845e+07 2.84e+00 2.29e+01  -6.0 1.11e+02  -2.3 4.75e-04 1.51e-03f  1
 127  1.1130811e+07 2.84e+00 2.29e+01  -6.0 4.32e+02  -2.8 6.32e-04 1.19e-05f  1
 128  1.1129868e+07 2.84e+00 2.29e+01  -6.0 1.04e+02  -2.4 2.57e-04 3.79e-04f  1
 129  1.1129845e+07 2.84e+00 2.29e+01  -6.0 2.07e+03  -2.9 4.15e-04 7.60e-06f  1
iter    objective    inf_pr   inf_du lg(mu)  ||d||  lg(rg) alpha_du alpha_pr  ls
 130  1.1128953e+07 2.84e+00 2.28e+01  -6.0 1.11e+02  -2.5 3.66e-04 3.60e-04f  1
 131  1.1127334e+07 2.83e+00 2.28e+01  -6.0 6.56e+01  -2.0 1.17e-03 7.34e-04f  1
 132  1.1124774e+07 2.83e+00 2.28e+01  -6.0 1.40e+02  -2.5 8.45e-04 1.04e-03f  1
 133  1.1123890e+07 2.83e+00 2.28e+01  -6.0 6.98e+01  -2.1 5.09e-04 4.04e-04f  1
 134  1.1122879e+07 2.83e+00 2.28e+01  -6.0 2.23e+02  -2.6 3.35e-03 4.12e-04f  1
 135  1.1120540e+07 2.83e+00 2.28e+01  -6.0 7.42e+01  -2.1 9.83e-04 1.07e-03f  1
 136  1.1120193e+07 2.83e+00 2.27e+01  -6.0 3.68e+01  -1.7 2.33e-03 1.77e-04f  1
 137  1.1115853e+07 2.82e+00 2.27e+01  -6.0 7.87e+01  -2.2 3.36e-03 1.97e-03f  1
 138  1.1114598e+07 2.82e+00 2.27e+01  -6.0 3.91e+01  -1.8 4.19e-03 6.38e-04f  1
 139  1.1108163e+07 2.81e+00 2.26e+01  -6.0 8.21e+01  -2.2 7.08e-03 2.94e-03f  1
iter    objective    inf_pr   inf_du lg(mu)  ||d||  lg(rg) alpha_du alpha_pr  ls
 140  1.1105285e+07 2.81e+00 2.25e+01  -6.0 4.10e+01  -1.8 1.81e-03 1.47e-03f  1
 141  1.1102502e+07 2.80e+00 2.25e+01  -6.0 8.39e+01  -2.3 5.98e-03 1.29e-03f  1
 142  1.1097167e+07 2.79e+00 2.24e+01  -6.0 4.36e+01  -1.9 3.64e-03 2.73e-03f  1
 143  1.1091830e+07 2.79e+00 2.24e+01  -6.0 1.98e+01  -1.4 9.88e-03 3.09e-03f  1
 144  1.1087829e+07 2.78e+00 2.23e+01  -6.0 4.59e+01  -1.9 1.03e-02 2.06e-03f  1
 145  1.1081765e+07 2.77e+00 2.22e+01  -6.0 2.13e+01  -1.5 5.60e-03 3.53e-03f  1
 146  1.1075479e+07 2.76e+00 2.21e+01  -6.0 4.86e+01  -2.0 8.47e-03 3.26e-03f  1
 147  1.1068554e+07 2.75e+00 2.20e+01  -6.0 2.29e+01  -1.5 1.15e-02 4.04e-03f  1
 148  1.1063431e+07 2.74e+00 2.39e+01  -6.0 1.05e+01  -1.1 1.24e-02 3.45e-03f  1
 149  1.1055298e+07 2.73e+00 2.54e+01  -6.0 2.47e+01  -1.6 9.34e-03 4.75e-03f  1
iter    objective    inf_pr   inf_du lg(mu)  ||d||  lg(rg) alpha_du alpha_pr  ls
 150  1.1052039e+07 2.72e+00 2.51e+01  -6.0 1.13e+01  -1.2 1.62e-03 2.19e-03f  1
 151  1.1041903e+07 2.70e+00 2.16e+01  -6.0 6.15e+00  -0.7 7.75e-04 8.07e-03f  1
 152  1.1037395e+07 2.69e+00 2.17e+01  -6.0 1.21e+01  -1.2 6.41e-03 3.03e-03f  1
 153  1.1032675e+07 2.68e+00 2.14e+01  -6.0 6.55e+00  -0.8 2.81e-03 3.74e-03f  1
 154  1.1028507e+07 2.67e+00 2.27e+01  -6.0 3.98e+00  -0.4 5.98e-03 4.06e-03f  1
 155  1.1025966e+07 2.66e+00 2.51e+01  -6.0 7.07e+00  -0.8 7.33e-03 1.99e-03f  1
 156  1.1019994e+07 2.65e+00 2.26e+01  -6.0 4.27e+00  -0.4 2.40e-03 5.70e-03f  1
 157  1.1012477e+07 2.63e+00 2.46e+01  -6.0 7.62e+00  -0.9 1.16e-02 5.82e-03f  1
 158  1.1001451e+07 2.61e+00 2.08e+01  -6.0 4.56e+00  -0.5 1.19e-03 1.04e-02f  1
 159  1.0998112e+07 2.60e+00 2.26e+01  -6.0 3.69e+00  -0.0 8.03e-03 4.05e-03f  1
iter    objective    inf_pr   inf_du lg(mu)  ||d||  lg(rg) alpha_du alpha_pr  ls
 160  1.0997566e+07 2.60e+00 2.29e+01  -6.0 4.86e+00  -0.5 1.43e-03 5.09e-04f  1
 161  1.0994819e+07 2.59e+00 2.17e+01  -6.0 3.66e+00  -0.1 1.26e-03 3.25e-03f  1
 162  1.0993121e+07 2.58e+00 2.32e+01  -6.0 5.16e+00  -0.6 6.40e-03 1.56e-03f  1
 163  1.0990823e+07 2.58e+00 2.50e+01  -6.0 3.64e+00  -0.1 6.33e-03 2.65e-03f  1
 164  1.0989155e+07 2.57e+00 2.68e+01  -6.0 5.48e+00  -0.6 7.80e-03 1.50e-03f  1
 165  1.0987986e+07 2.57e+00 2.97e+01  -6.0 3.62e+00  -0.2 7.68e-03 1.31e-03f  1
 166  1.0980070e+07 2.55e+00 3.29e+01  -6.0 1.04e+01  -0.7 1.97e-02 6.93e-03f  1
 167  1.0972846e+07 2.53e+00 3.46e+01  -6.0 3.60e+00  -0.2 1.29e-02 7.92e-03f  1
 168  1.0971339e+07 2.53e+00 4.12e+01  -6.0 6.16e+00  -0.7 2.76e-02 1.31e-03f  1
 169  1.0968761e+07 2.52e+00 4.02e+01  -6.0 3.68e+00  -0.3 2.64e-04 2.76e-03f  1
iter    objective    inf_pr   inf_du lg(mu)  ||d||  lg(rg) alpha_du alpha_pr  ls
 170  1.0968632e+07 2.52e+00 4.09e+01  -6.0 6.60e+00  -0.8 3.24e-03 1.09e-04f  1
 171  1.0966101e+07 2.51e+00 4.01e+01  -6.0 3.95e+00  -0.3 4.04e-04 2.65e-03f  1
 172  1.0966025e+07 2.51e+00 4.49e+01  -6.0 7.12e+00  -0.8 2.16e-02 6.27e-05f  1
 173  1.0960019e+07 2.50e+00 4.41e+01  -6.0 4.25e+00  -0.4 4.30e-03 6.13e-03f  1
 174  1.0949052e+07 2.46e+00 4.51e+01  -6.0 3.53e+00   0.0 2.39e-02 1.45e-02f  1
 175  1.0948270e+07 2.46e+00 4.87e+01  -6.0 4.56e+00  -0.4 1.79e-02 7.87e-04f  1
 176  1.0943281e+07 2.44e+00 4.75e+01  -6.0 3.49e+00  -0.0 2.22e-03 6.42e-03f  1
 177  1.0932240e+07 2.42e+00 4.82e+01  -6.0 4.88e+00  -0.5 1.72e-02 1.09e-02f  1
 178  1.0924393e+07 2.39e+00 4.67e+01  -6.0 3.43e+00  -0.1 3.93e-03 9.91e-03f  1
 179  1.0920465e+07 2.38e+00 4.72e+01  -6.0 5.20e+00  -0.5 7.56e-03 3.83e-03f  1
iter    objective    inf_pr   inf_du lg(mu)  ||d||  lg(rg) alpha_du alpha_pr  ls
 180  1.0917126e+07 2.37e+00 6.74e+01  -6.0 3.38e+00  -0.1 4.39e-02 4.13e-03f  1
 181  1.0913245e+07 2.36e+00 6.94e+01  -6.0 3.37e+00   0.3 8.33e-03 6.46e-03f  1
 182  1.0911196e+07 2.35e+00 7.03e+01  -6.0 3.35e+00  -0.2 4.25e-03 2.46e-03f  1
 183  1.0904126e+07 2.33e+00 5.74e+01  -6.0 3.34e+00   0.3 1.31e-03 1.14e-02f  1
 184  1.0900346e+07 2.32e+00 6.35e+01  -6.0 3.38e+00  -0.2 1.51e-02 4.44e-03f  1
 185  1.0898080e+07 2.31e+00 8.92e+01  -6.0 3.29e+00   0.2 2.66e-02 3.54e-03f  1
 186  1.0893670e+07 2.30e+00 8.89e+01  -6.0 3.67e+00  -0.3 5.42e-03 5.02e-03f  1
 187  1.0891350e+07 2.29e+00 1.12e+02  -6.0 3.27e+00   0.2 2.59e-02 3.49e-03f  1
 188  1.0881497e+07 2.26e+00 1.08e+02  -6.0 3.98e+00  -0.3 5.62e-03 1.09e-02f  1
 189  1.0879064e+07 2.26e+00 1.16e+02  -6.0 3.24e+00   0.1 1.28e-02 3.55e-03f  1
iter    objective    inf_pr   inf_du lg(mu)  ||d||  lg(rg) alpha_du alpha_pr  ls
 190  1.0870483e+07 2.23e+00 1.13e+02  -6.0 1.05e+01  -0.4 3.63e-03 9.27e-03f  1
 191  1.0869229e+07 2.23e+00 1.18e+02  -6.0 3.21e+00   0.1 8.01e-03 1.78e-03f  1
 192  1.0865960e+07 2.22e+00 1.27e+02  -6.0 4.78e+00  -0.4 2.68e-02 3.46e-03f  1
 193  1.0859954e+07 2.20e+00 1.42e+02  -6.0 3.20e+00   0.0 2.78e-02 8.24e-03f  1
 194  1.0853921e+07 2.18e+00 1.40e+02  -6.0 3.19e+00   0.4 1.16e-02 1.15e-02f  1
 195  1.0851924e+07 2.17e+00 1.40e+02  -6.0 3.19e+00  -0.0 3.04e-03 2.67e-03f  1
 196  1.0851137e+07 2.17e+00 1.54e+02  -6.0 3.16e+00   0.4 1.10e-02 1.45e-03f  1
 197  1.0845625e+07 2.15e+00 1.63e+02  -6.0 3.21e+00  -0.1 2.34e-02 7.11e-03f  1
 198  1.0827950e+07 2.09e+00 1.30e+02  -6.0 3.14e+00   0.3 9.75e-03 3.12e-02f  1
 199  1.0823719e+07 2.08e+00 1.71e+02  -6.0 3.20e+00  -0.2 7.58e-02 5.39e-03f  1
iter    objective    inf_pr   inf_du lg(mu)  ||d||  lg(rg) alpha_du alpha_pr  ls
 200  1.0817707e+07 2.05e+00 2.07e+02  -6.0 3.14e+00   0.3 4.14e-02 1.03e-02f  1
 201  1.0810317e+07 2.04e+00 2.05e+02  -6.0 3.40e+00  -0.2 7.82e-03 9.04e-03f  1
 202  1.0808886e+07 2.03e+00 2.33e+02  -6.0 3.13e+00   0.2 2.78e-02 2.37e-03f  1
 203  1.0804569e+07 2.01e+00 2.44e+02  -6.0 3.09e+00   0.6 1.53e-02 1.05e-02f  1
 204  1.0802452e+07 2.00e+00 2.60e+02  -6.0 3.13e+00   0.2 1.95e-02 3.37e-03f  1
 205  1.0800639e+07 2.00e+00 2.75e+02  -6.0 3.09e+00   0.6 1.10e-02 4.18e-03f  1
 206  1.0790056e+07 1.96e+00 2.69e+02  -6.0 3.13e+00   0.1 1.47e-02 1.62e-02f  1
 207  1.0787528e+07 1.95e+00 2.98e+02  -6.0 3.09e+00   0.5 1.61e-02 5.60e-03f  1
 208  1.0780443e+07 1.93e+00 3.08e+02  -6.0 3.12e+00   0.1 2.26e-02 1.05e-02f  1
 209  1.0774696e+07 1.91e+00 3.19e+02  -6.0 3.08e+00   0.5 1.79e-02 1.22e-02f  1
iter    objective    inf_pr   inf_du lg(mu)  ||d||  lg(rg) alpha_du alpha_pr  ls
 210  1.0770198e+07 1.90e+00 3.15e+02  -6.0 3.10e+00   0.0 3.87e-03 6.50e-03f  1
 211  1.0766135e+07 1.88e+00 3.90e+02  -6.0 3.08e+00   0.4 7.83e-02 8.29e-03f  1
 212  1.0766074e+07 1.88e+00 3.96e+02  -6.0 3.09e+00  -0.0 1.42e-02 8.39e-05f  1
 213  1.0759642e+07 1.86e+00 3.84e+02  -6.0 3.08e+00   0.4 4.27e-03 1.24e-02f  1
 214  1.0753761e+07 1.82e+00 3.94e+02  -6.0 3.03e+00   0.8 2.48e-02 1.76e-02f  1
 215  1.0747330e+07 1.80e+00 4.13e+02  -6.0 3.06e+00   0.3 4.38e-02 1.20e-02f  1
 216  1.0740901e+07 1.77e+00 3.89e+02  -6.0 3.02e+00   0.8 9.73e-03 1.82e-02f  1
 217  1.0734650e+07 1.75e+00 4.01e+02  -6.0 3.04e+00   0.3 4.01e-02 1.12e-02f  1
 218  1.0731352e+07 1.73e+00 4.19e+02  -6.0 3.01e+00   0.7 2.26e-02 8.92e-03f  1
 219  1.0729740e+07 1.73e+00 4.33e+02  -6.0 3.02e+00   0.2 4.72e-02 2.78e-03f  1
iter    objective    inf_pr   inf_du lg(mu)  ||d||  lg(rg) alpha_du alpha_pr  ls
 220  1.0719001e+07 1.68e+00 4.20e+02  -6.0 3.00e+00   0.7 2.71e-02 2.75e-02f  1
 221  1.0709237e+07 1.65e+00 4.08e+02  -6.0 2.99e+00   0.2 1.10e-01 1.62e-02f  1
 222  1.0703677e+07 1.63e+00 4.03e+02  -6.0 2.97e+00   0.6 1.08e-02 1.36e-02f  1
 223  1.0701856e+07 1.63e+00 3.42e+02  -6.0 2.95e+00   0.1 2.81e-02 2.91e-03f  1
 224  1.0695452e+07 1.60e+00 3.84e+02  -6.0 2.96e+00   0.6 2.17e-03 1.50e-02f  1
 225  1.0693978e+07 1.59e+00 3.85e+02  -6.0 2.91e+00   1.0 5.16e-03 5.64e-03f  1
 226  1.0691379e+07 1.58e+00 8.52e+02  -6.0 2.94e+00   0.5 5.83e-02 5.84e-03f  1
 227  1.0688867e+07 1.57e+00 7.85e+02  -6.0 2.91e+00   0.9 2.98e-03 8.98e-03f  1
 228  1.0688250e+07 1.57e+00 7.90e+02  -6.0 2.92e+00   0.5 4.49e-03 1.32e-03f  1
 229  1.0686320e+07 1.56e+00 7.73e+02  -6.0 2.90e+00   0.9 1.98e-03 6.52e-03f  1
iter    objective    inf_pr   inf_du lg(mu)  ||d||  lg(rg) alpha_du alpha_pr  ls
 230  1.0680422e+07 1.54e+00 7.69e+02  -6.0 2.91e+00   0.4 1.81e-02 1.21e-02f  1
 231  1.0679070e+07 1.53e+00 7.91e+02  -6.0 2.88e+00   0.8 1.82e-02 4.33e-03f  1
 232  1.0677679e+07 1.53e+00 8.00e+02  -6.0 2.89e+00   0.4 3.13e-02 2.72e-03f  1
 233  1.0675257e+07 1.52e+00 7.86e+02  -6.0 2.88e+00   0.8 1.80e-03 7.30e-03f  1
 234  1.0674970e+07 1.52e+00 7.97e+02  -6.0 2.87e+00   0.3 4.12e-02 5.37e-04f  1
 235  1.0666852e+07 1.48e+00 7.77e+02  -6.0 2.87e+00   0.7 2.25e-02 2.31e-02f  1
 236  1.0666709e+07 1.48e+00 7.83e+02  -6.0 2.83e+00   0.3 3.83e-02 2.58e-04f  1
 237  1.0661429e+07 1.46e+00 7.71e+02  -6.0 2.85e+00   0.7 1.37e-02 1.43e-02f  1
 238  1.0660469e+07 1.45e+00 7.66e+02  -6.0 2.81e+00   1.1 3.73e-03 4.40e-03f  1
 239  1.0659960e+07 1.45e+00 7.83e+02  -6.0 2.82e+00   0.6 2.02e-02 1.31e-03f  1
iter    objective    inf_pr   inf_du lg(mu)  ||d||  lg(rg) alpha_du alpha_pr  ls
 240  1.0658856e+07 1.44e+00 7.71e+02  -6.0 2.81e+00   1.1 2.05e-03 4.72e-03f  1
 241  1.0652333e+07 1.42e+00 7.65e+02  -6.0 2.82e+00   0.6 2.37e-02 1.60e-02f  1
 242  1.0649974e+07 1.41e+00 7.85e+02  -6.0 2.78e+00   1.0 1.98e-02 9.50e-03f  1
 243  1.0649211e+07 1.40e+00 8.07e+02  -6.0 2.78e+00   0.5 4.37e-02 1.78e-03f  1
 244  1.0645786e+07 1.39e+00 7.74e+02  -6.0 2.77e+00   1.0 2.67e-03 1.29e-02f  1
 245  1.0645560e+07 1.39e+00 7.83e+02  -6.0 2.76e+00   0.5 2.32e-02 5.02e-04f  1
 246  1.0643271e+07 1.37e+00 7.69e+02  -6.0 2.76e+00   0.9 3.99e-03 8.10e-03f  1
 247  1.0643089e+07 1.37e+00 7.95e+02  -6.0 2.74e+00   0.4 9.74e-02 3.84e-04f  1
 248  1.0627804e+07 1.30e+00 6.79e+02  -6.0 2.75e+00   0.9 8.10e-04 5.07e-02f  1
 249  1.0614117e+07 1.27e+00 6.62e+02  -6.0 2.66e+00   0.4 4.60e-02 2.80e-02f  1
iter    objective    inf_pr   inf_du lg(mu)  ||d||  lg(rg) alpha_du alpha_pr  ls
 250  1.0613337e+07 1.26e+00 7.33e+02  -6.0 2.64e+00   0.8 6.35e-02 2.53e-03f  1
 251  1.0612611e+07 1.26e+00 7.91e+02  -6.0 2.62e+00   1.2 2.04e-02 4.07e-03f  1
 252  1.0610058e+07 1.25e+00 7.82e+02  -6.0 2.63e+00   0.8 4.43e-03 7.70e-03f  1
 253  1.0608094e+07 1.24e+00 7.62e+02  -6.0 2.61e+00   1.2 6.25e-03 1.02e-02f  1
 254  1.0603273e+07 1.22e+00 7.66e+02  -6.0 2.61e+00   0.7 3.73e-02 1.38e-02f  1
 255  1.0599471e+07 1.20e+00 7.04e+02  -6.0 2.58e+00   1.1 4.28e-04 1.85e-02f  1
 256  1.0598030e+07 1.19e+00 7.15e+02  -6.0 2.56e+00   0.6 3.35e-02 3.94e-03f  1
 257  1.0597955e+07 1.19e+00 7.71e+02  -6.0 2.55e+00   1.1 2.55e-02 3.45e-04f  1
 258  1.0589084e+07 1.17e+00 7.54e+02  -6.0 2.55e+00   0.6 2.46e-02 2.28e-02f  1
 259  1.0584877e+07 1.14e+00 7.98e+02  -6.0 2.52e+00   1.0 4.98e-02 1.80e-02f  1
iter    objective    inf_pr   inf_du lg(mu)  ||d||  lg(rg) alpha_du alpha_pr  ls
 260  1.0578804e+07 1.13e+00 7.86e+02  -6.0 2.48e+00   0.5 1.97e-02 1.49e-02f  1
 261  1.0576939e+07 1.12e+00 8.38e+02  -6.0 2.47e+00   1.0 4.92e-02 7.53e-03f  1
 262  1.0575880e+07 1.12e+00 8.34e+02  -6.0 2.44e+00   0.5 8.04e-03 2.46e-03f  1
 263  1.0575579e+07 1.11e+00 8.32e+02  -6.0 2.46e+00   0.9 2.68e-04 1.14e-03f  1
 264  1.0575424e+07 1.11e+00 8.26e+02  -6.0 2.43e+00   0.4 1.76e-02 3.42e-04f  1
 265  1.0570781e+07 1.10e+00 8.03e+02  -6.0 2.46e+00   0.9 3.32e-03 1.64e-02f  1
 266  1.0569399e+07 1.09e+00 8.60e+02  -6.0 2.43e+00   1.3 2.88e-02 8.78e-03f  1
 267  1.0568579e+07 1.08e+00 8.05e+02  -6.0 2.42e+00   0.8 2.15e-02 2.74e-03f  1
 268  1.0566571e+07 1.07e+00 9.18e+02  -6.0 2.41e+00   1.2 1.07e-02 1.18e-02f  1
 269  1.0562156e+07 1.06e+00 8.31e+02  -6.0 2.40e+00   0.8 1.57e-02 1.39e-02f  1
iter    objective    inf_pr   inf_du lg(mu)  ||d||  lg(rg) alpha_du alpha_pr  ls
 270  1.0559685e+07 1.04e+00 8.19e+02  -6.0 2.38e+00   1.2 4.38e-03 1.36e-02f  1
 271  1.0557098e+07 1.03e+00 8.13e+02  -6.0 2.35e+00   0.7 2.24e-02 7.74e-03f  1
 272  1.0554752e+07 1.02e+00 8.03e+02  -6.0 2.35e+00   1.1 2.04e-02 1.20e-02f  1
 273  1.0545535e+07 9.94e-01 7.82e+02  -6.0 2.32e+00   0.7 4.29e-02 2.61e-02f  1
 274  1.0544219e+07 9.88e-01 7.77e+02  -6.0 2.29e+00   1.1 1.42e-02 6.37e-03f  1
 275  1.0539139e+07 9.75e-01 7.67e+02  -6.0 2.26e+00   0.6 1.58e-01 1.37e-02f  1
 276  1.0534163e+07 9.53e-01 7.49e+02  -6.0 2.26e+00   1.0 2.10e-02 2.26e-02f  1
 277  1.0528575e+07 9.39e-01 7.38e+02  -6.0 2.20e+00   0.6 6.76e-02 1.43e-02f  1
 278  1.0526721e+07 9.31e-01 7.33e+02  -6.0 2.21e+00   1.0 2.41e-02 7.96e-03f  1
 279  1.0520387e+07 9.17e-01 7.21e+02  -6.0 2.16e+00   0.5 3.45e-02 1.55e-02f  1
iter    objective    inf_pr   inf_du lg(mu)  ||d||  lg(rg) alpha_du alpha_pr  ls
 280  1.0518719e+07 9.11e-01 7.16e+02  -6.0 2.17e+00   0.9 1.08e-02 6.77e-03f  1
 281  1.0518329e+07 9.08e-01 7.14e+02  -6.0 2.17e+00   1.4 3.94e-02 2.88e-03f  1
 282  1.0512444e+07 8.88e-01 6.98e+02  -6.0 2.31e+00   0.9 1.01e-02 2.22e-02f  1
 283  1.0511103e+07 8.80e-01 6.92e+02  -6.0 2.27e+00   1.3 3.13e-02 9.15e-03f  1
 284  1.0505788e+07 8.63e-01 6.79e+02  -6.0 2.26e+00   0.8 3.44e-02 1.90e-02f  1
 285  1.0504925e+07 8.58e-01 6.75e+02  -6.0 2.23e+00   1.3 1.56e-02 5.48e-03f  1
 286  1.0502055e+07 8.50e-01 6.69e+02  -6.0 2.23e+00   0.8 9.50e-03 9.67e-03f  1
 287  1.0500349e+07 8.42e-01 6.62e+02  -6.0 2.22e+00   1.2 5.27e-02 1.01e-02f  1
 288  1.0492480e+07 8.21e-01 6.45e+02  -6.0 2.20e+00   0.7 2.39e-02 2.49e-02f  1
 289  1.0490656e+07 8.12e-01 6.39e+02  -6.0 2.17e+00   1.2 3.01e-02 1.01e-02f  1
iter    objective    inf_pr   inf_du lg(mu)  ||d||  lg(rg) alpha_du alpha_pr  ls
 290  1.0485648e+07 8.00e-01 6.29e+02  -6.0 2.14e+00   0.7 5.78e-02 1.51e-02f  1
 291  1.0484149e+07 7.94e-01 6.24e+02  -6.0 2.13e+00   1.1 5.14e-02 7.81e-03f  1
 292  1.0479711e+07 7.84e-01 6.16e+02  -6.0 2.11e+00   0.6 3.73e-02 1.26e-02f  1
 293  1.0473742e+07 7.61e-01 5.99e+02  -6.0 2.11e+00   1.1 6.42e-02 2.92e-02f  1
 294  1.0468454e+07 7.50e-01 5.90e+02  -6.0 2.05e+00   0.6 5.91e-02 1.43e-02f  1
 295  1.0464450e+07 7.36e-01 5.79e+02  -6.0 2.05e+00   1.0 6.19e-04 1.86e-02f  1
 296  1.0462535e+07 7.24e-01 5.69e+02  -6.0 2.02e+00   1.4 3.32e-02 1.65e-02f  1
 297  1.0459322e+07 7.14e-01 5.61e+02  -6.0 2.00e+00   1.0 6.68e-02 1.40e-02f  1
 298  1.0456208e+07 6.96e-01 5.84e+02  -6.0 1.98e+00   1.4 5.48e-02 2.48e-02f  1
 299  1.0449525e+07 6.77e-01 5.33e+02  -6.0 1.95e+00   0.9 1.31e-01 2.72e-02f  1
iter    objective    inf_pr   inf_du lg(mu)  ||d||  lg(rg) alpha_du alpha_pr  ls
 300  1.0448075e+07 6.70e-01 6.86e+02  -6.0 1.92e+00   1.3 7.71e-02 1.08e-02f  1

Number of Iterations....: 300

                                   (scaled)                 (unscaled)
Objective...............:   8.0203917117658930e+04    1.0448075497181179e+07
Dual infeasibility......:   6.8642951776500877e+02    8.9420413401771526e+04
Constraint violation....:   1.4359594380763563e-02    6.6990806466240427e-01
Variable bound violation:   1.0842299058566596e-08    1.0842299058566596e-08
Complementarity.........:   5.8436246277910548e+00    7.6124251136987766e+02
Overall NLP error.......:   6.8642951776500877e+02    8.9420413401771526e+04


Number of objective function evaluations             = 304
Number of objective gradient evaluations             = 259
Number of equality constraint evaluations            = 304
Number of inequality constraint evaluations          = 305
Number of equality constraint Jacobian evaluations   = 302
Number of inequality constraint Jacobian evaluations = 302
Number of Lagrangian Hessian evaluations             = 300
Total seconds in IPOPT                               = 167.074

EXIT: Maximum Number of Iterations Exceeded.

