Solver command line: ['/opt/homebrew/bin/ipopt', '/var/folders/6y/bvynbx6n3zv7z3lwg6vd724r0000gn/T/tmpfhua7qo8.pyomo.nl', '-AMPL', 'tol=1e-06', 'max_iter=300', 'print_level=5', 'warm_start_init_point=yes', 'warm_start_bound_push=1e-06', 'warm_start_bound_frac=1e-06', 'warm_start_mult_bound_push=1e-06', 'mu_init=1e-06', 'least_square_init_duals=no']

Ipopt 3.14.19: tol=1e-06
max_iter=300
print_level=5
warm_start_init_point=yes
warm_start_bound_push=1e-06
warm_start_bound_frac=1e-06
warm_start_mult_bound_push=1e-06
mu_init=1e-06
least_square_init_duals=no


******************************************************************************
This program contains Ipopt, a library for large-scale nonlinear optimization.
 Ipopt is released as open source code under the Eclipse Public License (EPL).
         For more information visit https://github.com/coin-or/Ipopt
******************************************************************************

This is Ipopt version 3.14.19, running with linear solver MUMPS 5.6.2.

Number of nonzeros in equality constraint Jacobian...:   211821
Number of nonzeros in inequality constraint Jacobian.:   163736
Number of nonzeros in Lagrangian Hessian.............:   115477

Total number of variables............................:    35502
                     variables with only lower bounds:        0
                variables with lower and upper bounds:    35502
                     variables with only upper bounds:        0
Total number of equality constraints.................:    27319
Total number of inequality constraints...............:    40934
        inequality constraints with only lower bounds:        0
   inequality constraints with lower and upper bounds:        0
        inequality constraints with only upper bounds:    40934

iter    objective    inf_pr   inf_du lg(mu)  ||d||  lg(rg) alpha_du alpha_pr  ls
   0  8.9480589e+06 2.51e+01 2.40e+01  -6.0 0.00e+00    -  0.00e+00 0.00e+00   0
   1  8.9472372e+06 2.51e+01 2.40e+01  -6.0 2.07e+06    -  2.11e-07 7.62e-08f  1
   2  8.9461276e+06 2.51e+01 2.40e+01  -6.0 3.10e+06    -  1.39e-07 1.55e-07f  1
   3  8.9449071e+06 2.51e+01 2.40e+01  -6.0 1.66e+06    -  5.88e-07 2.25e-07f  1
   4  8.9431758e+06 2.51e+01 2.40e+01  -6.0 1.87e+06    -  8.77e-07 4.28e-07f  1
   5  8.9414839e+06 2.51e+01 2.40e+01  -6.0 2.04e+06    -  1.15e-06 5.46e-07f  1
   6  8.9390172e+06 2.51e+01 2.40e+01  -6.0 2.17e+06    -  1.68e-06 1.01e-06f  1
   7  8.9376798e+06 2.51e+01 2.40e+01  -6.0 2.19e+06    -  4.17e-06 7.42e-07f  1
   8  8.9365811e+06 2.51e+01 2.40e+01  -6.0 1.50e+06    -  1.74e-06 8.64e-07f  1
   9  8.9353137e+06 2.51e+01 2.40e+01  -6.0 9.75e+05    -  3.21e-06 1.22e-06f  1
iter    objective    inf_pr   inf_du lg(mu)  ||d||  lg(rg) alpha_du alpha_pr  ls
  10  8.9310330e+06 2.51e+01 2.40e+01  -6.0 7.69e+05    -  5.84e-06 5.46e-06f  1
  11  8.9292393e+06 2.51e+01 2.40e+01  -6.0 4.14e+05    -  6.34e-06 4.88e-06f  1
  12  8.9290700e+06 2.51e+01 2.40e+01  -6.0 2.89e+05    -  8.07e-06 8.36e-07f  1
  13  8.9274862e+06 2.51e+01 2.40e+01  -6.0 2.35e+05    -  5.75e-06 9.77e-06f  1
  14  8.9266446e+06 2.51e+01 2.40e+01  -6.0 1.44e+05    -  1.82e-05 8.95e-06f  1
  15  8.9259539e+06 2.51e+01 2.40e+01  -6.0 7.81e+04    -  1.77e-05 1.33e-05f  1
  16  8.9255067e+06 2.51e+01 2.40e+01  -6.0 4.43e+04    -  1.35e-05 1.49e-05f  1
  17  8.9251616e+06 2.51e+01 2.40e+01  -6.0 2.95e+04    -  2.47e-05 1.74e-05f  1
  18  8.9250142e+06 2.51e+01 2.40e+01  -6.0 1.86e+04    -  2.65e-05 1.25e-05f  1
  19  8.9248480e+06 2.51e+01 2.40e+01  -6.0 1.36e+04    -  7.99e-05 1.96e-05f  1
iter    objective    inf_pr   inf_du lg(mu)  ||d||  lg(rg) alpha_du alpha_pr  ls
  20  8.9246137e+06 2.51e+01 2.40e+01  -6.0 9.08e+03    -  2.97e-05 4.93e-05f  1
  21  8.9245467e+06 2.51e+01 2.40e+01  -6.0 5.47e+03    -  7.00e-05 2.44e-05f  1
  22  8.9244696e+06 2.51e+01 2.40e+01  -6.0 4.21e+03    -  1.23e-04 4.15e-05f  1
  23  8.9243849e+06 2.51e+01 2.40e+01  -6.0 2.89e+03    -  1.37e-04 7.55e-05f  1
  24  8.9243434e+06 2.51e+01 2.40e+01  -6.0 1.85e+03    -  1.84e-04 6.51e-05f  1
  25  8.9242822e+06 2.51e+01 2.40e+01  -6.0 1.29e+03    -  9.48e-05 1.48e-04f  1
  26  8.9242370e+06 2.51e+01 2.40e+01  -6.0 8.40e+02    -  7.85e-05 1.76e-04h  1
  27  8.9242200e+06 2.51e+01 2.39e+01  -6.0 5.56e+02    -  7.05e-04 1.03e-04f  1
  28  8.9242083e+06 2.51e+01 2.39e+01  -6.0 4.02e+02    -  5.43e-05 1.33e-04h  1
  29  8.9241741e+06 2.51e+01 2.39e+01  -6.0 3.48e+02    -  4.60e-04 4.62e-04h  1
iter    objective    inf_pr   inf_du lg(mu)  ||d||  lg(rg) alpha_du alpha_pr  ls
  30  8.9241679e+06 2.51e+01 2.39e+01  -6.0 2.10e+02    -  1.64e-04 1.83e-04h  1
  31  8.9241548e+06 2.51e+01 2.39e+01  -6.0 3.14e+02    -  1.29e-03 4.71e-04h  1
  32  8.9241398e+06 2.50e+01 2.39e+01  -6.0 1.51e+02    -  1.36e-03 1.10e-03h  1
  33  8.9241334e+06 2.50e+01 2.38e+01  -6.0 7.31e+01    -  3.04e-03 1.08e-03h  1
  34  8.9241272e+06 2.50e+01 2.38e+01  -6.0 4.42e+01    -  4.25e-03 2.30e-03h  1
  35  8.9240805e+06 2.49e+01 2.38e+01  -6.0 4.31e+03    -  1.93e-08 3.54e-04h  1
  36  8.9240794e+06 2.49e+01 2.37e+01  -6.0 2.16e+01    -  7.68e-04 1.59e-03h  1
  37  8.9240791e+06 2.49e+01 2.37e+01  -6.0 1.76e+01    -  4.29e-03 7.74e-04h  1
  38  8.9240790e+06 2.48e+01 2.36e+01  -6.0 1.42e+01    -  1.66e-03 2.76e-03h  1
  39  8.9240778e+06 2.48e+01 2.36e+01  -6.0 8.02e+02    -  2.86e-05 6.54e-05h  1
iter    objective    inf_pr   inf_du lg(mu)  ||d||  lg(rg) alpha_du alpha_pr  ls
  40  8.9240543e+06 2.48e+01 2.36e+01  -6.0 8.12e+02    -  6.79e-05 1.25e-03h  1
  41  8.9240498e+06 2.48e+01 2.36e+01  -6.0 1.13e+03    -  1.55e-03 3.26e-04h  1
  42  8.9240280e+06 2.47e+01 2.36e+01  -6.0 1.17e+03    -  6.71e-05 1.71e-03h  1
  43  8.9240210e+06 2.47e+01 2.35e+01  -6.0 1.28e+03    -  3.62e-04 7.78e-04h  1
  44  8.9240123e+06 2.47e+01 2.35e+01  -6.0 1.26e+03    -  3.20e-04 1.15e-03h  1
  45  8.9240019e+06 2.47e+01 2.35e+01  -6.0 1.28e+03    -  1.29e-03 5.15e-04h  1
  46  8.9239662e+06 2.46e+01 2.35e+01  -6.0 1.25e+03    -  6.31e-04 2.14e-03h  1
  47  8.9239564e+06 2.46e+01 2.34e+01  -6.0 1.11e+03    -  4.12e-04 1.26e-03h  1
  48  8.9239529e+06 2.46e+01 2.34e+01  -6.0 1.02e+03    -  1.70e-03 6.60e-04h  1
  49  8.9239527e+06 2.46e+01 2.34e+01  -6.0 9.48e+02    -  2.87e-03 1.18e-04h  1
iter    objective    inf_pr   inf_du lg(mu)  ||d||  lg(rg) alpha_du alpha_pr  ls
  50  8.9239525e+06 2.46e+01 2.34e+01  -6.0 5.78e+02    -  3.99e-04 3.46e-04h  1
  51  8.9239485e+06 2.45e+01 2.33e+01  -6.0 8.85e+02    -  2.20e-03 2.80e-03h  1
  52  8.9239378e+06 2.45e+01 2.33e+01  -6.0 9.58e+02    -  1.71e-04 1.72e-03h  1
  53  8.9239350e+06 2.44e+01 2.33e+01  -6.0 8.22e+02    -  1.07e-04 5.77e-04h  1
  54  8.9239345e+06 2.44e+01 2.33e+01  -6.0 8.05e+02    -  7.38e-05 1.31e-04h  1
  55  8.9239335e+06 2.44e+01 2.33e+01  -6.0 8.37e+02    -  4.75e-04 2.56e-04h  1
  56  8.9239197e+06 2.43e+01 2.32e+01  -6.0 8.26e+02    -  2.63e-04 3.70e-03h  1
  57  8.9239189e+06 2.43e+01 2.32e+01  -6.0 6.27e+02    -  1.47e-04 3.76e-04h  1
  58  8.9239161e+06 2.43e+01 2.32e+01  -6.0 6.63e+02    -  3.19e-04 1.33e-03h  1
  59  8.9239150e+06 2.43e+01 2.32e+01  -6.0 5.61e+02    -  2.93e-03 2.92e-04h  1
iter    objective    inf_pr   inf_du lg(mu)  ||d||  lg(rg) alpha_du alpha_pr  ls
  60  8.9239137e+06 2.43e+01 2.31e+01  -6.0 6.23e+02    -  9.00e-04 4.38e-04h  1
  61  8.9239070e+06 2.42e+01 2.31e+01  -6.0 5.91e+02    -  5.13e-04 3.97e-03h  1
  62  8.9239067e+06 2.42e+01 2.31e+01  -6.0 5.03e+02    -  1.41e-03 8.97e-04h  1
  63  8.9239033e+06 2.41e+01 2.30e+01  -6.0 6.03e+02    -  2.71e-03 1.41e-03h  1
  64  8.9239011e+06 2.41e+01 2.30e+01  -6.0 5.65e+02    -  1.56e-03 1.24e-03h  1
  65  8.9238974e+06 2.40e+01 2.29e+01  -6.0 5.20e+02    -  8.40e-04 2.70e-03h  1
  66  8.9238931e+06 2.40e+01 2.29e+01  -6.0 5.48e+02    -  7.49e-04 1.38e-03h  1
  67  8.9238907e+06 2.40e+01 2.29e+01  -6.0 5.39e+02    -  1.09e-03 6.78e-04h  1
  68  8.9238867e+06 2.39e+01 2.29e+01  -6.0 5.24e+02    -  9.99e-04 1.38e-03h  1
  69  8.9238836e+06 2.39e+01 2.28e+01  -6.0 4.98e+02    -  3.82e-04 1.29e-03h  1
iter    objective    inf_pr   inf_du lg(mu)  ||d||  lg(rg) alpha_du alpha_pr  ls
  70  8.9238782e+06 2.39e+01 2.28e+01  -6.0 4.75e+02    -  6.63e-04 2.74e-03h  1
  71  8.9238744e+06 2.38e+01 2.27e+01  -6.0 4.18e+02    -  4.13e-03 1.84e-03h  1
  72  8.9238738e+06 2.38e+01 2.27e+01  -6.0 3.53e+01    -  1.54e-03 6.49e-04h  1
  73  8.9238728e+06 2.38e+01 2.27e+01  -6.0 3.54e+01    -  1.42e-03 1.20e-03h  1
  74  8.9238703e+06 2.37e+01 2.26e+01  -6.0 3.35e+01    -  2.44e-03 3.22e-03h  1
  75  8.9238703e+06 2.36e+01 2.25e+01  -6.0 2.90e+01    -  4.04e-03 3.07e-03h  1
  76  8.9238720e+06 2.35e+01 2.25e+01  -6.0 2.52e+01    -  5.94e-04 2.89e-03h  1
  77  8.9238742e+06 2.35e+01 2.25e+01  -6.0 2.25e+01    -  1.73e-03 2.15e-03h  1
  78  8.9238754e+06 2.35e+01 2.24e+01  -6.0 1.98e+01    -  4.42e-05 8.72e-04h  1
  79  8.9238778e+06 2.34e+01 2.24e+01  -6.0 2.02e+01    -  6.40e-04 1.70e-03h  1
iter    objective    inf_pr   inf_du lg(mu)  ||d||  lg(rg) alpha_du alpha_pr  ls
  80  8.9238813e+06 2.34e+01 2.24e+01  -6.0 1.90e+01    -  2.34e-03 2.08e-03h  1
  81  8.9238828e+06 2.34e+01 2.23e+01  -6.0 1.90e+01    -  9.86e-04 8.09e-04h  1
  82  8.9238886e+06 2.33e+01 2.23e+01  -6.0 1.90e+01    -  2.03e-03 2.96e-03h  1
  83  8.9238889e+06 2.33e+01 2.23e+01  -6.0 1.87e+01    -  5.79e-04 1.03e-04h  1
  84  8.9238898e+06 2.33e+01 4.67e+01  -6.0 1.85e+01    -  2.26e-05 3.75e-04h  1
  85  8.9238961e+06 2.32e+01 4.66e+01  -6.0 1.85e+01    -  2.89e-03 2.52e-03h  1
  86  8.9239043e+06 2.32e+01 4.65e+01  -6.0 1.85e+01    -  4.58e-04 3.01e-03h  1
  87  8.9239074e+06 2.31e+01 4.63e+01  -6.0 1.91e+01    -  6.64e-03 9.95e-04h  1
  88  8.9239123e+06 2.31e+01 4.62e+01  -6.0 1.93e+01    -  1.38e-03 1.36e-03h  1
  89  8.9239147e+06 2.31e+01 4.61e+01  -6.0 1.96e+01    -  2.47e-03 6.64e-04h  1
iter    objective    inf_pr   inf_du lg(mu)  ||d||  lg(rg) alpha_du alpha_pr  ls
  90  8.9239284e+06 2.30e+01 4.59e+01  -6.0 1.97e+01    -  3.06e-03 3.69e-03h  1
  91  8.9239378e+06 2.29e+01 4.59e+01  -6.0 1.99e+01    -  8.54e-04 2.40e-03h  1
  92  8.9239382e+06 2.29e+01 4.59e+01  -6.0 1.87e+01    -  2.69e-04 1.15e-04h  1
  93  8.9239412e+06 2.29e+01 4.59e+01  -6.0 1.89e+01    -  7.06e-04 7.28e-04h  1
  94  8.9239483e+06 2.29e+01 4.58e+01  -6.0 2.04e+01    -  7.51e-04 1.75e-03h  1
  95  8.9239514e+06 2.29e+01 4.58e+01  -6.0 1.59e+01    -  2.23e-04 7.61e-04h  1
  96  8.9239529e+06 2.29e+01 4.58e+01  -6.0 1.41e+01    -  6.94e-04 3.85e-04h  1
  97  8.9239530e+06 2.29e+01 4.58e+01  -6.0 1.85e+02    -  1.07e-04 1.35e-05h  1
  98  8.9239574e+06 2.28e+01 4.57e+01  -6.0 1.55e+01    -  8.72e-04 1.08e-03h  1
  99  8.9239739e+06 2.27e+01 4.57e+01  -6.0 1.60e+01    -  7.43e-05 3.94e-03h  1
iter    objective    inf_pr   inf_du lg(mu)  ||d||  lg(rg) alpha_du alpha_pr  ls
 100  8.9239849e+06 2.27e+01 4.55e+01  -6.0 1.60e+01    -  5.30e-03 2.54e-03h  1
 101  8.9239951e+06 2.26e+01 4.54e+01  -6.0 1.62e+01    -  1.44e-03 2.29e-03h  1
 102  8.9240014e+06 2.26e+01 4.53e+01  -6.0 1.22e+01    -  3.29e-03 1.39e-03h  1
 103  8.9240100e+06 2.26e+01 4.52e+01  -6.0 1.18e+01    -  1.22e-03 1.89e-03h  1
 104  8.9240208e+06 2.25e+01 4.51e+01  -6.0 1.57e+01    -  1.82e-03 2.50e-03h  1
 105  8.9240283e+06 2.25e+01 4.51e+01  -6.0 1.43e+01    -  3.07e-04 1.66e-03h  1
 106  8.9240298e+06 2.25e+01 4.50e+01  -6.0 1.72e+01    -  1.34e-03 3.40e-04h  1
 107  8.9240376e+06 2.24e+01 4.50e+01  -6.0 2.12e+01    -  4.90e-04 1.91e-03h  1
 108  8.9240403e+06 2.24e+01 4.49e+01  -6.0 1.96e+01    -  2.09e-03 6.44e-04h  1
 109  8.9240569e+06 2.23e+01 4.49e+01  -6.0 1.92e+01    -  7.22e-04 3.93e-03h  1
iter    objective    inf_pr   inf_du lg(mu)  ||d||  lg(rg) alpha_du alpha_pr  ls
 110  8.9240763e+06 2.22e+01 4.47e+01  -6.0 1.68e+01    -  2.52e-03 4.41e-03h  1
 111  8.9240875e+06 2.22e+01 4.47e+01  -6.0 1.46e+01    -  2.00e-03 2.44e-03h  1
 112r 8.9240875e+06 2.22e+01 9.99e+02   0.9 0.00e+00    -  0.00e+00 3.45e-08R  2
 113r 8.9240812e+06 2.22e+01 9.99e+02   0.9 1.31e+05    -  7.45e-09 2.53e-07f  1
 114r 8.9240787e+06 2.21e+01 9.99e+02   0.9 1.71e+04    -  1.51e-07 7.21e-07f  1
 115r 8.9240279e+06 2.19e+01 9.99e+02   0.9 1.93e+04    -  3.78e-07 1.15e-05f  1
 116r 8.9237677e+06 2.15e+01 9.99e+02   0.9 4.14e+04    -  1.43e-06 2.81e-05f  1
 117r 8.9235888e+06 2.12e+01 9.99e+02   0.9 5.82e+04    -  8.43e-06 1.56e-05f  1
 118r 8.9223349e+06 2.00e+01 9.99e+02   0.9 6.08e+04    -  1.02e-05 9.81e-05f  1
 119  8.9222975e+06 2.00e+01 2.89e+01  -6.0 7.57e+04    -  2.75e-06 1.17e-05f  1
iter    objective    inf_pr   inf_du lg(mu)  ||d||  lg(rg) alpha_du alpha_pr  ls
 120  8.9222797e+06 2.00e+01 2.89e+01  -6.0 1.54e+04    -  1.95e-05 2.61e-05f  1
 121  8.9222698e+06 2.00e+01 2.89e+01  -6.0 5.22e+03    -  1.05e-04 4.96e-05h  1
 122  8.9222578e+06 2.00e+01 2.89e+01  -6.0 1.72e+03    -  1.11e-04 1.72e-04h  1
 123  8.9222488e+06 2.00e+01 2.90e+01  -6.0 1.34e+03    -  7.06e-04 3.04e-04h  1
 124  8.9222307e+06 1.99e+01 2.91e+01  -6.0 1.63e+02    -  2.24e-03 1.62e-03h  1
 125  8.9221898e+06 1.98e+01 2.88e+01  -6.0 1.28e+02    -  5.53e-03 5.97e-03h  1
 126  8.9221392e+06 1.95e+01 2.57e+01  -6.0 1.04e+02    -  3.65e-03 1.47e-02h  1
 127  8.9221371e+06 1.91e+01 2.64e+01  -6.0 6.73e+01    -  2.67e-02 2.15e-02h  1
 128  8.9221615e+06 1.90e+01 2.90e+01  -6.0 3.57e+01    -  1.88e-02 7.25e-03h  1
 129  8.9221143e+06 1.88e+01 2.70e+01  -6.0 6.52e+01    -  7.44e-04 8.11e-03h  1
iter    objective    inf_pr   inf_du lg(mu)  ||d||  lg(rg) alpha_du alpha_pr  ls
 130  8.9221034e+06 1.88e+01 2.69e+01  -6.0 8.36e+01    -  4.21e-04 8.98e-04h  1
 131  8.9220981e+06 1.88e+01 2.79e+01  -6.0 7.93e+01    -  4.68e-03 4.81e-04h  1
 132  8.9220976e+06 1.88e+01 2.80e+01  -6.0 5.71e+01    -  6.31e-04 5.89e-05h  1
 133  8.9220947e+06 1.88e+01 2.87e+01  -6.0 6.47e+01    -  3.82e-03 7.77e-04h  1
 134  8.9220922e+06 1.88e+01 2.87e+01  -6.0 5.75e+01    -  1.22e-03 1.14e-03h  1
 135  8.9220911e+06 1.87e+01 2.89e+01  -6.0 5.47e+01    -  1.69e-03 8.80e-04h  1
 136  8.9220893e+06 1.87e+01 3.03e+01  -6.0 6.44e+01    -  9.98e-03 3.40e-03h  1
 137  8.9221022e+06 1.86e+01 2.91e+01  -6.0 2.68e+01    -  8.45e-04 5.24e-03h  1
 138  8.9221061e+06 1.86e+01 3.33e+01  -6.0 6.21e+01    -  1.90e-02 1.10e-03h  1
 139  8.9221146e+06 1.85e+01 3.31e+01  -6.0 4.17e+01    -  1.53e-03 2.02e-03h  1
iter    objective    inf_pr   inf_du lg(mu)  ||d||  lg(rg) alpha_du alpha_pr  ls
 140  8.9221214e+06 1.85e+01 3.48e+01  -6.0 3.05e+01    -  9.32e-03 1.42e-03h  1
 141  8.9221410e+06 1.84e+01 3.67e+01  -6.0 3.04e+01    -  1.30e-02 3.99e-03h  1
 142  8.9221689e+06 1.83e+01 3.54e+01  -6.0 5.14e+01    -  3.05e-03 7.63e-03h  1
 143  8.9221763e+06 1.83e+01 3.81e+01  -6.0 4.56e+01    -  1.38e-02 1.48e-03h  1
 144  8.9222066e+06 1.81e+01 3.79e+01  -6.0 4.54e+01    -  5.85e-03 5.72e-03h  1
 145  8.9222528e+06 1.80e+01 3.78e+01  -6.0 4.12e+01    -  8.64e-03 7.77e-03h  1
 146  8.9222772e+06 1.79e+01 4.26e+01  -6.0 5.96e+01    -  2.62e-02 3.84e-03h  1
 147  8.9223315e+06 1.78e+01 4.25e+01  -6.0 8.12e+01    -  8.12e-03 6.90e-03h  1
 148  8.9223651e+06 1.77e+01 4.49e+01  -6.0 7.17e+01    -  1.57e-02 3.93e-03h  1
 149  8.9224823e+06 1.75e+01 4.22e+01  -6.0 5.74e+01    -  3.05e-03 1.29e-02h  1
iter    objective    inf_pr   inf_du lg(mu)  ||d||  lg(rg) alpha_du alpha_pr  ls
 150  8.9225091e+06 1.75e+01 4.18e+01  -6.0 3.78e+01    -  1.97e-03 3.14e-03h  1
 151  8.9225722e+06 1.73e+01 4.06e+01  -6.0 3.47e+01    -  2.96e-03 7.37e-03h  1
 152  8.9226097e+06 1.73e+01 4.15e+01  -6.0 3.24e+01    -  8.80e-03 3.87e-03h  1
 153  8.9226667e+06 1.72e+01 4.42e+01  -6.0 2.94e+01    -  2.01e-02 5.80e-03h  1
 154  8.9226733e+06 1.72e+01 4.53e+01  -6.0 2.17e+01    -  6.00e-03 7.16e-04h  1
 155  8.9227870e+06 1.70e+01 4.85e+01  -6.0 2.49e+01    -  2.98e-02 1.13e-02h  1
 156  8.9228567e+06 1.68e+01 4.74e+01  -6.0 1.85e+01    -  2.61e-03 6.76e-03h  1
 157  8.9229078e+06 1.68e+01 4.64e+01  -6.0 1.43e+01    -  1.62e-03 5.06e-03h  1
 158  8.9229246e+06 1.67e+01 4.65e+01  -6.0 1.27e+01    -  2.35e-03 1.72e-03h  1
 159  8.9229821e+06 1.66e+01 4.60e+01  -6.0 1.32e+01    -  4.70e-03 5.88e-03h  1
iter    objective    inf_pr   inf_du lg(mu)  ||d||  lg(rg) alpha_du alpha_pr  ls
 160  8.9232308e+06 1.62e+01 4.21e+01  -6.0 1.27e+01    -  1.13e-02 2.51e-02h  1
 161  8.9233595e+06 1.60e+01 4.50e+01  -6.0 1.17e+01    -  3.00e-02 1.24e-02h  1
 162  8.9233917e+06 1.60e+01 4.60e+01  -6.0 4.47e+01    -  9.36e-03 3.18e-03h  1
 163  8.9234148e+06 1.59e+01 4.84e+01  -6.0 3.94e+01    -  1.47e-02 2.19e-03h  1
 164  8.9235208e+06 1.58e+01 4.87e+01  -6.0 3.84e+01    -  1.44e-02 1.00e-02h  1
 165  8.9235410e+06 1.57e+01 4.93e+01  -6.0 3.37e+01    -  5.03e-03 1.87e-03h  1
 166  8.9236803e+06 1.55e+01 5.00e+01  -6.0 2.96e+01    -  2.08e-02 1.33e-02h  1
 167  8.9238311e+06 1.53e+01 4.96e+01  -6.0 2.55e+01    -  1.73e-02 1.50e-02h  1
 168  8.9240004e+06 1.50e+01 4.95e+01  -6.0 2.14e+01    -  2.01e-02 1.62e-02h  1
 169  8.9240351e+06 1.50e+01 4.92e+01  -6.0 1.83e+01    -  2.24e-03 3.22e-03h  1
iter    objective    inf_pr   inf_du lg(mu)  ||d||  lg(rg) alpha_du alpha_pr  ls
 170  8.9240786e+06 1.49e+01 5.02e+01  -6.0 1.68e+01    -  1.10e-02 3.96e-03h  1
 171  8.9240951e+06 1.49e+01 5.12e+01  -6.0 1.68e+01    -  7.24e-03 1.51e-03h  1
 172  8.9242186e+06 1.47e+01 4.87e+01  -6.0 1.63e+01    -  4.59e-04 1.13e-02h  1
 173  8.9243267e+06 1.46e+01 4.71e+01  -6.0 1.44e+01    -  3.30e-03 9.65e-03h  1
 174  8.9244036e+06 1.45e+01 4.78e+01  -6.0 1.40e+01    -  1.26e-02 6.75e-03h  1
 175  8.9244600e+06 1.44e+01 4.86e+01  -6.0 1.40e+01    -  1.10e-02 4.90e-03h  1
 176  8.9245032e+06 1.44e+01 5.03e+01  -6.0 1.39e+01    -  1.47e-02 3.73e-03h  1
 177  8.9246763e+06 1.42e+01 4.94e+01  -6.0 1.40e+01    -  1.39e-02 1.48e-02h  1
 178  8.9247803e+06 1.40e+01 5.06e+01  -6.0 1.41e+01    -  1.91e-02 8.77e-03h  1
 179  8.9249194e+06 1.39e+01 5.10e+01  -6.0 1.42e+01    -  1.82e-02 1.16e-02h  1
iter    objective    inf_pr   inf_du lg(mu)  ||d||  lg(rg) alpha_du alpha_pr  ls
 180  8.9250417e+06 1.37e+01 5.91e+01  -6.0 1.43e+01    -  6.60e-02 1.02e-02h  1
 181  8.9252936e+06 1.35e+01 6.11e+01  -6.0 1.43e+01    -  4.32e-02 2.07e-02h  1
 182  8.9254270e+06 1.33e+01 6.47e+01  -6.0 1.44e+01    -  4.19e-02 1.08e-02h  1
 183  8.9258330e+06 1.29e+01 5.90e+01  -6.0 1.43e+01    -  6.07e-03 3.27e-02h  1
 184  8.9258714e+06 1.28e+01 6.39e+01  -6.0 1.44e+01    -  4.14e-02 3.08e-03h  1
 185  8.9258727e+06 1.28e+01 6.52e+01  -6.0 7.62e+01    -  1.04e-02 9.95e-05h  1
 186  8.9259283e+06 1.28e+01 6.45e+01  -6.0 7.77e+01    -  1.28e-03 4.46e-03h  1
 187r 8.9259283e+06 1.28e+01 9.99e+02   0.6 0.00e+00    -  0.00e+00 2.64e-07R  5
 188r 8.9258959e+06 1.28e+01 9.99e+02   0.6 2.06e+04    -  7.94e-07 3.04e-06f  1
 189r 8.9250470e+06 1.24e+01 9.99e+02   0.6 1.54e+04    -  2.69e-06 5.40e-05f  1
iter    objective    inf_pr   inf_du lg(mu)  ||d||  lg(rg) alpha_du alpha_pr  ls
 190r 8.9236761e+06 1.19e+01 9.99e+02   0.6 1.83e+04    -  6.55e-05 8.59e-05f  1
 191  8.9236287e+06 1.19e+01 1.69e+02  -6.0 1.01e+05    -  2.55e-05 3.33e-05f  1
 192  8.9235981e+06 1.19e+01 1.69e+02  -6.0 7.55e+03    -  2.22e-05 1.73e-04h  1
 193  8.9235879e+06 1.19e+01 1.69e+02  -6.0 5.02e+03    -  2.03e-05 1.41e-04h  1
 194  8.9235850e+06 1.19e+01 1.69e+02  -6.0 9.55e+02    -  3.59e-04 3.12e-04h  1
 195  8.9235907e+06 1.19e+01 1.69e+02  -6.0 3.49e+02    -  1.63e-03 9.99e-04h  1
 196  8.9236153e+06 1.19e+01 1.68e+02  -6.0 1.74e+02    -  3.00e-03 2.02e-03h  1
 197  8.9236736e+06 1.18e+01 1.69e+02  -6.0 6.05e+01    -  1.13e-02 4.06e-03h  1
 198r 8.9236736e+06 1.18e+01 9.99e+02   0.6 0.00e+00    -  0.00e+00 3.31e-08R  2
 199r 8.9236770e+06 1.18e+01 9.99e+02   0.6 4.81e+06    -  2.35e-09 1.08e-08f  1
iter    objective    inf_pr   inf_du lg(mu)  ||d||  lg(rg) alpha_du alpha_pr  ls
 200r 8.9227984e+06 1.15e+01 9.99e+02   0.6 2.27e+04    -  1.80e-05 6.67e-05f  1
 201r 8.9210107e+06 1.10e+01 9.99e+02   0.6 2.52e+04    -  1.01e-04 1.00e-04f  1
 202  8.9210079e+06 1.10e+01 1.71e+02  -6.0 1.21e+04    -  1.39e-04 3.77e-05h  1
 203  8.9209972e+06 1.10e+01 1.71e+02  -6.0 7.34e+03    -  1.19e-04 3.68e-04h  1
 204  8.9209866e+06 1.10e+01 1.71e+02  -6.0 1.48e+04    -  1.54e-04 4.76e-05f  1
 205  8.9209563e+06 1.09e+01 1.71e+02  -6.0 2.88e+03    -  4.20e-04 8.23e-04f  1
 206  8.9209770e+06 1.09e+01 1.70e+02  -6.0 3.64e+02    -  1.49e-04 3.04e-03h  1
 207  8.9209936e+06 1.09e+01 1.69e+02  -6.0 1.22e+02    -  3.62e-05 1.27e-03h  2
 208  8.9210056e+06 1.09e+01 1.70e+02  -6.0 6.71e+01    -  6.24e-03 7.64e-04h  2
 209  8.9210582e+06 1.09e+01 1.70e+02  -6.0 5.40e+01    -  1.21e-02 3.19e-03h  1
iter    objective    inf_pr   inf_du lg(mu)  ||d||  lg(rg) alpha_du alpha_pr  ls
 210  8.9210936e+06 1.08e+01 1.70e+02  -6.0 2.95e+01    -  4.11e-03 2.03e-03h  1
 211  8.9211431e+06 1.08e+01 1.71e+02  -6.0 4.12e+01    -  1.32e-02 2.83e-03h  1
 212  8.9212012e+06 1.08e+01 1.71e+02  -6.0 1.54e+02    -  9.83e-03 3.29e-03h  1
 213  8.9212515e+06 1.07e+01 1.71e+02  -6.0 9.33e+01    -  3.74e-03 2.81e-03h  1
 214  8.9214138e+06 1.06e+01 1.69e+02  -6.0 2.05e+01    -  8.55e-03 9.20e-03h  1
 215  8.9217433e+06 1.04e+01 1.67e+02  -6.0 2.10e+01    -  2.88e-02 1.84e-02h  1
 216  8.9221103e+06 1.02e+01 1.65e+02  -6.0 1.99e+01    -  2.71e-02 2.05e-02h  1
 217  8.9223219e+06 1.01e+01 1.62e+02  -6.0 1.92e+01    -  2.96e-03 1.19e-02h  1
 218  8.9225212e+06 9.99e+00 1.60e+02  -6.0 1.99e+01    -  1.32e-02 1.12e-02h  1
 219  8.9225303e+06 9.99e+00 1.62e+02  -6.0 1.91e+01    -  2.16e-02 5.12e-04h  1
iter    objective    inf_pr   inf_du lg(mu)  ||d||  lg(rg) alpha_du alpha_pr  ls
 220  8.9227672e+06 9.86e+00 1.59e+02  -6.0 1.72e+01    -  3.40e-03 1.33e-02h  1
 221  8.9227718e+06 9.85e+00 1.60e+02  -6.0 1.07e+02    -  1.05e-02 2.61e-04h  1
 222  8.9229821e+06 9.74e+00 1.58e+02  -6.0 6.42e+00    -  7.02e-03 1.19e-02h  1
 223  8.9230154e+06 9.72e+00 1.59e+02  -6.0 4.42e+01    -  1.93e-02 1.89e-03h  1
 224  8.9232852e+06 9.57e+00 1.56e+02  -6.0 6.04e+00    -  3.93e-03 1.53e-02h  1
 225  8.9233198e+06 9.55e+00 1.59e+02  -6.0 5.71e+00    -  3.89e-02 1.98e-03h  1
 226  8.9233231e+06 9.55e+00 1.59e+02  -6.0 4.20e+02    -  2.40e-03 1.90e-04h  1
 227  8.9233938e+06 9.51e+00 1.59e+02  -6.0 5.68e+00    -  3.47e-03 4.02e-03h  1
 228  8.9239477e+06 9.21e+00 1.51e+02  -6.0 5.60e+00    -  8.27e-03 3.16e-02h  1
 229  8.9239755e+06 9.19e+00 1.55e+02  -6.0 5.24e+00    -  4.29e-02 1.60e-03h  1
iter    objective    inf_pr   inf_du lg(mu)  ||d||  lg(rg) alpha_du alpha_pr  ls
 230  8.9245591e+06 8.88e+00 1.52e+02  -6.0 5.89e+00    -  5.38e-02 3.37e-02h  1
 231  8.9250678e+06 8.62e+00 1.46e+02  -6.0 1.48e+01    -  1.31e-02 2.97e-02h  1
 232  8.9253549e+06 8.47e+00 1.43e+02  -6.0 1.05e+01    -  1.12e-02 1.70e-02h  1
 233  8.9256675e+06 8.32e+00 1.40e+02  -6.0 1.06e+01    -  1.34e-02 1.86e-02h  1
 234  8.9258895e+06 8.21e+00 1.41e+02  -6.0 1.08e+01    -  5.62e-02 1.34e-02h  1
 235  8.9264543e+06 7.92e+00 1.35e+02  -6.0 1.09e+01    -  1.50e-02 3.42e-02h  1
 236  8.9264863e+06 7.91e+00 1.39e+02  -6.0 1.13e+01    -  5.53e-02 1.97e-03h  1
 237  8.9267376e+06 7.79e+00 1.37e+02  -6.0 1.14e+01    -  1.21e-02 1.55e-02h  1
 238  8.9271930e+06 7.57e+00 1.35e+02  -6.0 1.16e+01    -  5.23e-02 2.83e-02h  1
 239  8.9274888e+06 7.43e+00 1.36e+02  -6.0 1.19e+01    -  7.85e-02 1.86e-02h  1
iter    objective    inf_pr   inf_du lg(mu)  ||d||  lg(rg) alpha_du alpha_pr  ls
 240  8.9275102e+06 7.42e+00 1.42e+02  -6.0 1.22e+01    -  8.47e-02 1.36e-03h  1
 241  8.9275571e+06 7.39e+00 1.42e+02  -6.0 1.00e+01    -  8.07e-03 2.97e-03h  1
 242  8.9276344e+06 7.36e+00 1.41e+02  -6.0 1.01e+01    -  1.39e-02 4.90e-03h  1
 243  8.9279384e+06 7.22e+00 1.42e+02  -6.0 1.01e+01    -  7.32e-02 1.93e-02h  1
 244  8.9289785e+06 6.73e+00 1.31e+02  -6.0 1.02e+01    -  3.97e-02 6.68e-02h  1
 245  8.9291328e+06 6.66e+00 1.33e+02  -6.0 9.81e+00    -  6.88e-02 1.03e-02h  1
 246  8.9292989e+06 6.59e+00 1.33e+02  -6.0 1.12e+01    -  4.34e-02 1.12e-02h  1
 247  8.9294570e+06 6.52e+00 1.32e+02  -6.0 1.69e+01    -  2.65e-02 1.07e-02h  1
 248  8.9296640e+06 6.43e+00 1.30e+02  -6.0 1.75e+01    -  1.72e-02 1.41e-02h  1
 249  8.9304267e+06 6.09e+00 1.24e+02  -6.0 1.77e+01    -  5.97e-02 5.23e-02h  1
iter    objective    inf_pr   inf_du lg(mu)  ||d||  lg(rg) alpha_du alpha_pr  ls
 250  8.9305391e+06 6.04e+00 1.25e+02  -6.0 1.80e+01    -  6.15e-02 7.96e-03h  1
 251  8.9309914e+06 5.85e+00 1.22e+02  -6.0 1.87e+01    -  6.06e-02 3.22e-02h  1
 252  8.9310430e+06 5.83e+00 1.22e+02  -6.0 1.84e+01    -  2.72e-02 3.76e-03h  1
 253  8.9315509e+06 5.61e+00 1.18e+02  -6.0 1.78e+01    -  6.43e-02 3.70e-02h  1
 254  8.9317952e+06 5.51e+00 1.17e+02  -6.0 1.34e+01    -  3.05e-02 1.83e-02h  1
 255  8.9321288e+06 5.37e+00 1.14e+02  -6.0 3.52e+01    -  4.46e-02 2.52e-02h  1
 256  8.9323048e+06 5.30e+00 1.13e+02  -6.0 3.37e+01    -  2.53e-02 1.36e-02h  1
 257  8.9323818e+06 5.26e+00 1.13e+02  -6.0 3.36e+01    -  3.36e-02 5.99e-03h  1
 258  8.9326861e+06 5.14e+00 1.12e+02  -6.0 3.41e+01    -  9.11e-02 2.37e-02h  1
 259  8.9329958e+06 5.01e+00 1.10e+02  -6.0 3.58e+01    -  4.12e-02 2.45e-02h  1
iter    objective    inf_pr   inf_du lg(mu)  ||d||  lg(rg) alpha_du alpha_pr  ls
 260  8.9331836e+06 4.94e+00 1.10e+02  -6.0 3.40e+01    -  8.64e-02 1.51e-02h  1
 261  8.9334952e+06 4.81e+00 1.07e+02  -6.0 3.33e+01    -  3.76e-02 2.54e-02h  1
 262  8.9335381e+06 4.80e+00 1.07e+02  -6.0 3.11e+01    -  3.12e-02 3.55e-03h  1
 263  8.9339052e+06 4.65e+00 1.04e+02  -6.0 2.96e+01    -  3.19e-02 3.04e-02h  1
 264  8.9339503e+06 4.63e+00 1.04e+02  -6.0 2.89e+01    -  3.30e-02 3.82e-03h  1
 265  8.9345071e+06 4.41e+00 9.92e+01  -6.0 2.89e+01    -  7.06e-02 4.73e-02h  1
 266  8.9347944e+06 4.30e+00 9.66e+01  -6.0 2.70e+01    -  2.19e-02 2.53e-02h  1
 267  8.9348456e+06 4.28e+00 9.61e+01  -6.0 2.66e+01    -  5.92e-02 4.60e-03h  1
 268  8.9349861e+06 4.23e+00 9.49e+01  -6.0 2.78e+01    -  8.22e-03 1.27e-02h  1
 269  8.9350376e+06 4.21e+00 9.33e+01  -6.0 2.71e+01    -  7.04e-02 4.69e-03h  1
iter    objective    inf_pr   inf_du lg(mu)  ||d||  lg(rg) alpha_du alpha_pr  ls
 270  8.9355502e+06 4.01e+00 8.94e+01  -6.0 2.68e+01    -  2.21e-02 4.68e-02h  1
 271  8.9358146e+06 3.91e+00 8.59e+01  -6.0 2.44e+01    -  9.12e-02 2.50e-02h  1
 272  8.9360913e+06 3.81e+00 8.35e+01  -6.0 2.33e+01    -  3.39e-02 2.67e-02h  1
 273  8.9363334e+06 3.71e+00 8.09e+01  -6.0 2.20e+01    -  6.24e-02 2.38e-02h  1
 274  8.9364186e+06 3.68e+00 7.94e+01  -6.0 2.06e+01    -  5.33e-02 8.54e-03h  1
 275  8.9365758e+06 3.62e+00 7.82e+01  -6.0 2.01e+01    -  1.38e-02 1.59e-02h  1
 276  8.9369979e+06 3.47e+00 7.46e+01  -6.0 1.95e+01    -  5.33e-02 4.31e-02h  1
 277  8.9370489e+06 3.45e+00 6.70e+01  -6.0 1.81e+01    -  4.60e-02 5.39e-03h  1
 278  8.9372391e+06 3.38e+00 5.52e+01  -6.0 1.80e+01    -  8.06e-02 2.02e-02h  1
 279  8.9373533e+06 3.34e+00 5.20e+01  -6.0 1.95e+01    -  2.84e-02 1.23e-02h  1
iter    objective    inf_pr   inf_du lg(mu)  ||d||  lg(rg) alpha_du alpha_pr  ls
 280  8.9377342e+06 3.20e+00 5.21e+01  -6.0 1.87e+01    -  2.72e-02 4.16e-02h  1
 281  8.9378892e+06 3.14e+00 3.77e+01  -6.0 1.72e+01    -  9.94e-02 1.75e-02h  1
 282  8.9379616e+06 3.12e+00 3.01e+01  -6.0 1.74e+01    -  6.58e-02 8.30e-03h  1
 283  8.9384798e+06 2.93e+00 3.37e+01  -6.0 1.90e+01    -  1.75e-02 5.96e-02h  1
 284  8.9388034e+06 2.82e+00 3.42e+01  -6.0 1.70e+01    -  3.17e-02 3.91e-02h  1
 285  8.9390040e+06 2.75e+00 2.95e+01  -6.0 1.57e+01    -  5.23e-02 2.51e-02h  1
 286  8.9391950e+06 2.68e+00 2.83e+01  -6.0 1.48e+01    -  2.78e-02 2.44e-02h  1
 287  8.9392408e+06 2.66e+00 2.79e+01  -6.0 1.37e+01    -  7.39e-03 5.96e-03h  1
 288  8.9395116e+06 2.57e+00 2.64e+01  -6.0 1.34e+01    -  3.87e-02 3.54e-02h  1
 289  8.9397495e+06 2.49e+00 2.50e+01  -6.0 1.13e+01    -  3.56e-02 3.21e-02h  1
iter    objective    inf_pr   inf_du lg(mu)  ||d||  lg(rg) alpha_du alpha_pr  ls
 290  8.9400567e+06 2.38e+00 2.31e+01  -6.0 9.72e+00    -  6.26e-02 4.26e-02h  1
 291  8.9400797e+06 2.37e+00 2.33e+01  -6.0 7.40e+00    -  5.63e-03 3.32e-03h  1
 292  8.9400989e+06 2.37e+00 2.60e+01  -6.0 7.35e+00    -  2.79e-02 2.77e-03h  1
 293  8.9401675e+06 2.34e+00 2.51e+01  -6.0 7.32e+00    -  3.61e-03 9.92e-03h  1
 294  8.9402830e+06 2.30e+00 2.54e+01  -6.0 7.20e+00    -  2.40e-02 1.69e-02h  1
 295  8.9405592e+06 2.21e+00 2.58e+01  -6.0 7.00e+00    -  5.40e-02 4.09e-02h  1
 296  8.9407872e+06 2.13e+00 3.55e+01  -6.0 6.57e+00    -  1.38e-01 3.50e-02h  1
 297  8.9412320e+06 1.98e+00 4.02e+01  -6.0 6.19e+00    -  1.50e-01 7.06e-02h  1
 298  8.9414048e+06 1.92e+00 3.98e+01  -6.0 5.50e+00    -  3.98e-02 2.92e-02h  1
 299  8.9418833e+06 1.76e+00 3.76e+01  -6.0 5.25e+00    -  9.74e-02 8.30e-02h  1
iter    objective    inf_pr   inf_du lg(mu)  ||d||  lg(rg) alpha_du alpha_pr  ls
 300  8.9419614e+06 1.74e+00 4.53e+01  -6.0 4.83e+00    -  1.25e-01 1.46e-02h  1

Number of Iterations....: 300

                                   (scaled)                 (unscaled)
Objective...............:   6.8642337859968393e+04    8.9419613659500703e+06
Dual infeasibility......:   4.5336849641419974e+01    5.9059812148952269e+03
Constraint violation....:   4.9668249243023466e-01    1.7375799966088865e+00
Variable bound violation:   1.0967028840624948e-08    1.0967028840624948e-08
Complementarity.........:   3.0212650241311659e-02    3.9357685015318524e+00
Overall NLP error.......:   4.5336849641419974e+01    5.9059812148952269e+03


Number of objective function evaluations             = 312
Number of objective gradient evaluations             = 292
Number of equality constraint evaluations            = 312
Number of inequality constraint evaluations          = 313
Number of equality constraint Jacobian evaluations   = 304
Number of inequality constraint Jacobian evaluations = 304
Number of Lagrangian Hessian evaluations             = 300
Total seconds in IPOPT                               = 147.766

EXIT: Maximum Number of Iterations Exceeded.

