Solver command line: ['/opt/homebrew/bin/ipopt', '/var/folders/6y/bvynbx6n3zv7z3lwg6vd724r0000gn/T/tmpijjg7o82.pyomo.nl', '-AMPL', 'tol=1e-06', 'max_iter=300', 'print_level=5', 'warm_start_init_point=yes', 'warm_start_bound_push=1e-06', 'warm_start_bound_frac=1e-06', 'warm_start_mult_bound_push=1e-06', 'mu_init=1e-06', 'least_square_init_duals=no']

Ipopt 3.14.19: tol=1e-06
max_iter=300
print_level=5
warm_start_init_point=yes
warm_start_bound_push=1e-06
warm_start_bound_frac=1e-06
warm_start_mult_bound_push=1e-06
mu_init=1e-06
least_square_init_duals=no


******************************************************************************
This program contains Ipopt, a library for large-scale nonlinear optimization.
 Ipopt is released as open source code under the Eclipse Public License (EPL).
         For more information visit https://github.com/coin-or/Ipopt
******************************************************************************

This is Ipopt version 3.14.19, running with linear solver MUMPS 5.6.2.

Number of nonzeros in equality constraint Jacobian...:   211821
Number of nonzeros in inequality constraint Jacobian.:   163736
Number of nonzeros in Lagrangian Hessian.............:   115477

Total number of variables............................:    35502
                     variables with only lower bounds:        0
                variables with lower and upper bounds:    35502
                     variables with only upper bounds:        0
Total number of equality constraints.................:    27319
Total number of inequality constraints...............:    40934
        inequality constraints with only lower bounds:        0
   inequality constraints with lower and upper bounds:        0
        inequality constraints with only upper bounds:    40934

iter    objective    inf_pr   inf_du lg(mu)  ||d||  lg(rg) alpha_du alpha_pr  ls
   0  8.9480589e+06 1.06e+01 1.55e+02  -6.0 0.00e+00    -  0.00e+00 0.00e+00   0
   1  8.9479153e+06 1.06e+01 1.55e+02  -6.0 2.83e+04  -4.0 1.54e-06 7.53e-07f  1
   2  8.9476627e+06 1.06e+01 1.55e+02  -6.0 1.22e+06    -  1.59e-07 1.02e-07f  1
   3  8.9476066e+06 1.06e+01 1.55e+02  -6.0 4.31e+04  -4.5 9.36e-07 4.60e-07f  1
   4  8.9475839e+06 1.06e+01 1.55e+02  -6.0 1.24e+06    -  3.62e-07 1.57e-08f  1
   5  8.9473690e+06 1.06e+01 1.55e+02  -6.0 1.24e+06    -  3.74e-07 1.55e-07f  1
   6  8.9470181e+06 1.06e+01 1.55e+02  -6.0 9.09e+05    -  7.09e-07 4.05e-07f  1
   7  8.9470136e+06 1.06e+01 1.55e+02  -6.0 8.10e+06    -  8.54e-08 3.91e-09f  1
   8  8.9466896e+06 1.06e+01 1.55e+02  -6.0 6.42e+06    -  1.07e-06 7.19e-07H  1
   9  8.9465993e+06 1.06e+01 1.55e+02  -6.0 1.18e+06    -  2.46e-06 3.91e-07f  1
iter    objective    inf_pr   inf_du lg(mu)  ||d||  lg(rg) alpha_du alpha_pr  ls
  10  8.9465030e+06 1.06e+01 1.55e+02  -6.0 1.00e+04  -5.0 2.34e-05 3.45e-06f  1
  11  8.9461881e+06 1.06e+01 1.55e+02  -6.0 7.97e+05    -  3.10e-06 2.54e-06f  1
  12  8.9460343e+06 1.06e+01 1.55e+02  -6.0 6.95e+05    -  7.54e-06 1.99e-06f  1
  13  8.9457042e+06 1.06e+01 1.55e+02  -6.0 5.61e+05    -  8.22e-06 6.38e-06f  1
  14  8.9455245e+06 1.06e+01 1.55e+02  -6.0 3.44e+05    -  1.12e-05 7.29e-06f  1
  15  8.9454245e+06 1.06e+01 1.55e+02  -6.0 1.65e+04  -5.4 1.06e-05 1.73e-05f  1
  16  8.9453671e+06 1.06e+01 1.55e+02  -6.0 3.10e+04  -5.9 8.77e-06 1.19e-05f  1
  17  8.9453344e+06 1.06e+01 1.55e+02  -6.0 1.32e+05    -  7.64e-05 5.42e-06f  1
  18  8.9451862e+06 1.06e+01 1.55e+02  -6.0 5.23e+04    -  8.15e-05 5.39e-05f  1
  19  8.9451659e+06 1.06e+01 1.55e+02  -6.0 8.62e+03    -  4.09e-04 3.56e-05f  1
iter    objective    inf_pr   inf_du lg(mu)  ||d||  lg(rg) alpha_du alpha_pr  ls
  20  8.9451054e+06 1.06e+01 1.55e+02  -6.0 2.18e+03    -  3.15e-04 3.36e-04f  1
  21  8.9450907e+06 1.06e+01 1.55e+02  -6.0 7.95e+02    -  8.49e-04 4.59e-04h  1
  22  8.9450829e+06 1.06e+01 1.55e+02  -6.0 2.99e+02    -  7.86e-05 1.10e-03h  1
  23  8.9450813e+06 1.05e+01 1.55e+02  -6.0 7.96e+01    -  2.42e-03 1.10e-03h  1
  24  8.9450841e+06 1.05e+01 1.55e+02  -6.0 4.08e+01    -  4.51e-03 3.06e-03h  1
  25  8.9450958e+06 1.04e+01 1.53e+02  -6.0 4.78e+01    -  2.21e-03 8.23e-03h  1
  26  8.9451131e+06 1.03e+01 1.52e+02  -6.0 1.12e+01    -  2.09e-02 1.13e-02h  1
  27  8.9451265e+06 1.01e+01 1.48e+02  -6.0 7.26e+01    -  8.65e-03 1.91e-02h  1
  28  8.9451477e+06 9.97e+00 1.47e+02  -6.0 1.02e+01    -  2.93e-02 1.44e-02h  1
  29  8.9451494e+06 9.95e+00 1.47e+02  -6.0 3.46e+01    -  6.26e-03 1.14e-03h  1
iter    objective    inf_pr   inf_du lg(mu)  ||d||  lg(rg) alpha_du alpha_pr  ls
  30  8.9451573e+06 9.90e+00 1.46e+02  -6.0 3.42e+01    -  5.26e-03 5.26e-03h  1
  31  8.9451690e+06 9.83e+00 1.45e+02  -6.0 3.31e+01    -  2.02e-04 7.44e-03h  1
  32  8.9452099e+06 9.58e+00 1.40e+02  -6.0 9.84e+00    -  2.20e-04 2.58e-02h  1
  33  8.9452261e+06 9.48e+00 1.39e+02  -6.0 9.60e+00    -  1.95e-02 1.04e-02h  1
  34  8.9452602e+06 9.27e+00 1.36e+02  -6.0 9.50e+00    -  3.34e-02 2.20e-02h  1
  35  8.9452809e+06 9.14e+00 1.34e+02  -6.0 9.30e+00    -  2.43e-03 1.36e-02h  1
  36  8.9453678e+06 8.58e+00 1.25e+02  -6.0 9.19e+00    -  1.07e-02 6.14e-02h  1
  37  8.9453798e+06 8.50e+00 1.24e+02  -6.0 1.76e+01    -  2.46e-02 9.57e-03h  1
  38  8.9453845e+06 8.47e+00 1.23e+02  -6.0 1.74e+01    -  5.11e-03 3.67e-03h  1
  39  8.9453961e+06 8.39e+00 1.22e+02  -6.0 1.78e+01    -  1.53e-02 9.19e-03h  1
iter    objective    inf_pr   inf_du lg(mu)  ||d||  lg(rg) alpha_du alpha_pr  ls
  40  8.9454091e+06 8.30e+00 1.21e+02  -6.0 1.81e+01    -  9.55e-03 1.02e-02h  1
  41  8.9454111e+06 8.29e+00 1.21e+02  -6.0 1.71e+01    -  2.24e-02 2.10e-03h  1
  42  8.9454130e+06 8.27e+00 1.21e+02  -6.0 1.02e+01    -  2.82e-03 1.61e-03h  1
  43  8.9454266e+06 8.17e+00 1.19e+02  -6.0 1.39e+01    -  3.47e-03 1.23e-02h  1
  44  8.9454458e+06 8.03e+00 1.17e+02  -6.0 1.36e+01    -  1.45e-02 1.71e-02h  1
  45  8.9454609e+06 7.93e+00 1.16e+02  -6.0 1.27e+01    -  8.39e-03 1.30e-02h  1
  46  8.9454922e+06 7.72e+00 1.12e+02  -6.0 1.21e+01    -  1.76e-02 2.66e-02h  1
  47  8.9455284e+06 7.48e+00 1.09e+02  -6.0 1.08e+01    -  3.69e-02 3.02e-02h  1
  48  8.9455314e+06 7.46e+00 1.09e+02  -6.0 9.50e+00    -  1.53e-02 2.46e-03h  1
  49  8.9455687e+06 7.23e+00 1.05e+02  -6.0 9.41e+00    -  4.43e-03 3.10e-02h  1
iter    objective    inf_pr   inf_du lg(mu)  ||d||  lg(rg) alpha_du alpha_pr  ls
  50  8.9455709e+06 7.22e+00 1.05e+02  -6.0 8.43e+00    -  9.47e-04 1.82e-03h  1
  51  8.9455945e+06 7.08e+00 1.03e+02  -6.0 7.92e+00    -  1.93e-03 1.88e-02h  1
  52  8.9456359e+06 6.84e+00 9.88e+01  -6.0 7.81e+00    -  1.35e-02 3.47e-02h  1
  53  8.9456371e+06 6.83e+00 9.92e+01  -6.0 7.36e+00    -  2.67e-02 1.01e-03h  1
  54  8.9456473e+06 6.76e+00 9.86e+01  -6.0 1.05e+01    -  3.56e-03 1.07e-02h  1
  55  8.9456566e+06 6.69e+00 9.77e+01  -6.0 1.05e+01    -  1.16e-02 9.58e-03h  1
  56  8.9456645e+06 6.64e+00 9.70e+01  -6.0 1.06e+01    -  1.09e-02 8.09e-03h  1
  57  8.9456812e+06 6.53e+00 9.54e+01  -6.0 1.06e+01    -  1.89e-02 1.69e-02h  1
  58  8.9456949e+06 6.44e+00 9.39e+01  -6.0 1.07e+01    -  9.77e-03 1.37e-02h  1
  59  8.9457156e+06 6.32e+00 9.22e+01  -6.0 6.36e+00    -  1.24e-02 1.77e-02h  1
iter    objective    inf_pr   inf_du lg(mu)  ||d||  lg(rg) alpha_du alpha_pr  ls
  60  8.9457312e+06 6.24e+00 9.10e+01  -6.0 5.82e+00    -  1.85e-02 1.37e-02h  1
  61  8.9457419e+06 6.18e+00 9.01e+01  -6.0 5.74e+00    -  8.18e-03 9.38e-03h  1
  62  8.9457504e+06 6.13e+00 8.93e+01  -6.0 5.68e+00    -  2.36e-03 7.55e-03h  1
  63  8.9457742e+06 6.00e+00 8.70e+01  -6.0 5.62e+00    -  5.52e-03 2.13e-02h  1
  64  8.9457745e+06 6.00e+00 8.73e+01  -6.0 5.40e+00    -  1.44e-02 2.51e-04h  1
  65  8.9457757e+06 5.99e+00 8.74e+01  -6.0 5.30e+00    -  8.45e-03 1.13e-03h  1
  66  8.9457801e+06 5.97e+00 8.70e+01  -6.0 5.23e+00    -  1.39e-03 3.96e-03h  1
  67  8.9457906e+06 5.92e+00 8.60e+01  -6.0 1.70e+01    -  4.52e-03 8.88e-03h  1
  68  8.9457942e+06 5.90e+00 8.64e+01  -6.0 1.68e+01    -  1.56e-02 3.04e-03h  1
  69  8.9458021e+06 5.86e+00 8.55e+01  -6.0 1.73e+01    -  4.56e-04 6.54e-03h  1
iter    objective    inf_pr   inf_du lg(mu)  ||d||  lg(rg) alpha_du alpha_pr  ls
  70  8.9458242e+06 5.75e+00 8.34e+01  -6.0 6.63e+00    -  9.68e-05 1.87e-02h  1
  71  8.9458248e+06 5.75e+00 8.36e+01  -6.0 4.82e+00    -  1.15e-02 4.81e-04h  1
  72  8.9458660e+06 5.54e+00 8.05e+01  -6.0 4.81e+00    -  2.73e-02 3.55e-02h  1
  73  8.9458806e+06 5.47e+00 8.00e+01  -6.0 4.63e+00    -  3.71e-02 1.29e-02h  1
  74  8.9458845e+06 5.45e+00 7.99e+01  -6.0 9.25e+00    -  8.34e-03 3.31e-03h  1
  75  8.9458901e+06 5.43e+00 7.93e+01  -6.0 8.22e+00    -  2.24e-04 4.93e-03h  1
  76  8.9458908e+06 5.42e+00 7.93e+01  -6.0 4.53e+00    -  6.88e-04 5.94e-04h  1
  77  8.9458969e+06 5.39e+00 7.88e+01  -6.0 4.52e+00    -  3.14e-03 5.40e-03h  1
  78  8.9459343e+06 5.22e+00 7.58e+01  -6.0 4.50e+00    -  1.07e-02 3.31e-02h  1
  79  8.9459473e+06 5.15e+00 7.46e+01  -6.0 4.36e+00    -  4.56e-03 1.17e-02h  1
iter    objective    inf_pr   inf_du lg(mu)  ||d||  lg(rg) alpha_du alpha_pr  ls
  80  8.9459676e+06 5.06e+00 7.31e+01  -6.0 4.29e+00    -  6.74e-03 1.85e-02h  1
  81  8.9460082e+06 4.87e+00 7.01e+01  -6.0 4.21e+00    -  2.05e-02 3.76e-02h  1
  82  8.9460126e+06 4.85e+00 6.99e+01  -6.0 4.05e+00    -  9.65e-03 4.15e-03h  1
  83  8.9460133e+06 4.85e+00 7.02e+01  -6.0 4.03e+00    -  3.09e-02 7.21e-04h  1
  84  8.9460395e+06 4.73e+00 6.82e+01  -6.0 4.03e+00    -  1.58e-03 2.48e-02h  1
  85  8.9460487e+06 4.68e+00 6.75e+01  -6.0 3.93e+00    -  5.32e-03 8.86e-03h  1
  86  8.9460559e+06 4.65e+00 6.70e+01  -6.0 3.90e+00    -  2.75e-03 6.96e-03h  1
  87  8.9460581e+06 4.64e+00 6.69e+01  -6.0 3.44e+01    -  1.67e-03 1.96e-03h  1
  88  8.9460648e+06 4.61e+00 6.67e+01  -6.0 3.82e+00    -  3.84e-03 6.47e-03h  1
  89  8.9460732e+06 4.58e+00 6.58e+01  -6.0 3.38e+01    -  1.88e-03 7.58e-03h  1
iter    objective    inf_pr   inf_du lg(mu)  ||d||  lg(rg) alpha_du alpha_pr  ls
  90  8.9460909e+06 4.50e+00 6.46e+01  -6.0 3.81e+00    -  6.06e-03 1.69e-02h  1
  91  8.9460944e+06 4.48e+00 6.43e+01  -6.0 3.73e+00    -  9.48e-04 3.35e-03h  1
  92  8.9461212e+06 4.37e+00 6.26e+01  -6.0 3.73e+00    -  1.95e-02 2.60e-02h  1
  93  8.9461377e+06 4.30e+00 6.16e+01  -6.0 5.88e+00    -  2.06e-02 1.62e-02h  1
  94  8.9461484e+06 4.25e+00 6.08e+01  -6.0 1.26e+01    -  3.48e-03 1.06e-02h  1
  95  8.9461494e+06 4.25e+00 6.07e+01  -6.0 1.28e+01    -  1.09e-03 1.02e-03h  1
  96  8.9461647e+06 4.18e+00 5.97e+01  -6.0 5.51e+00    -  5.38e-04 1.52e-02h  1
  97  8.9461827e+06 4.11e+00 5.87e+01  -6.0 5.43e+00    -  2.77e-02 1.80e-02h  1
  98  8.9461984e+06 4.04e+00 5.80e+01  -6.0 5.35e+00    -  4.94e-02 1.60e-02h  1
  99  8.9462196e+06 3.95e+00 5.67e+01  -6.0 5.26e+00    -  1.70e-02 2.17e-02h  1
iter    objective    inf_pr   inf_du lg(mu)  ||d||  lg(rg) alpha_du alpha_pr  ls
 100  8.9462435e+06 3.86e+00 5.52e+01  -6.0 5.12e+00    -  1.62e-02 2.49e-02h  1
 101  8.9462484e+06 3.84e+00 5.51e+01  -6.0 1.59e+01    -  9.52e-03 5.00e-03h  1
 102  8.9462912e+06 3.66e+00 5.23e+01  -6.0 4.98e+00    -  6.21e-03 4.53e-02h  1
 103  8.9462939e+06 3.65e+00 5.21e+01  -6.0 4.67e+00    -  3.18e-03 3.05e-03h  1
 104  8.9462969e+06 3.64e+00 5.17e+01  -6.0 4.65e+00    -  1.24e-03 3.92e-03h  1
 105  8.9463246e+06 3.51e+00 4.92e+01  -6.0 4.64e+00    -  2.89e-03 3.58e-02h  1
 106  8.9463339e+06 3.46e+00 4.97e+01  -6.0 4.45e+00    -  6.54e-02 1.21e-02h  1
 107  8.9463483e+06 3.40e+00 4.88e+01  -6.0 4.39e+00    -  2.02e-02 1.88e-02h  1
 108  8.9463699e+06 3.30e+00 4.76e+01  -6.0 4.30e+00    -  3.88e-02 2.84e-02h  1
 109  8.9464022e+06 3.16e+00 4.55e+01  -6.0 4.16e+00    -  4.00e-02 4.28e-02h  1
iter    objective    inf_pr   inf_du lg(mu)  ||d||  lg(rg) alpha_du alpha_pr  ls
 110  8.9464141e+06 3.11e+00 4.47e+01  -6.0 3.96e+00    -  1.02e-02 1.60e-02h  1
 111  8.9464264e+06 3.06e+00 4.41e+01  -6.0 3.89e+00    -  2.77e-02 1.67e-02h  1
 112  8.9464281e+06 3.05e+00 4.44e+01  -6.0 3.81e+00    -  1.74e-02 2.25e-03h  1
 113  8.9464391e+06 3.01e+00 4.32e+01  -6.0 2.17e+01    -  3.93e-03 1.44e-02h  1
 114  8.9464456e+06 2.98e+00 4.30e+01  -6.0 3.78e+00    -  1.58e-02 8.81e-03h  1
 115  8.9464460e+06 2.98e+00 4.31e+01  -6.0 2.06e+01    -  4.48e-03 4.27e-04h  1
 116  8.9464492e+06 2.97e+00 4.29e+01  -6.0 4.68e+00    -  4.63e-04 4.40e-03h  1
 117  8.9464608e+06 2.92e+00 4.21e+01  -6.0 3.65e+00    -  4.53e-03 1.55e-02h  1
 118  8.9464650e+06 2.90e+00 4.18e+01  -6.0 6.90e+00    -  4.77e-03 5.61e-03h  1
 119  8.9464650e+06 2.90e+00 4.18e+01  -6.0 8.88e+00    -  1.48e-03 1.01e-04h  1
iter    objective    inf_pr   inf_du lg(mu)  ||d||  lg(rg) alpha_du alpha_pr  ls
 120  8.9464812e+06 2.84e+00 4.06e+01  -6.0 3.47e+00    -  3.67e-04 2.18e-02h  1
 121  8.9464857e+06 2.82e+00 4.04e+01  -6.0 3.38e+00    -  1.25e-02 6.16e-03h  1
 122  8.9464890e+06 2.81e+00 4.06e+01  -6.0 3.36e+00    -  3.09e-02 4.62e-03h  1
 123  8.9465043e+06 2.75e+00 3.96e+01  -6.0 3.33e+00    -  1.95e-03 2.09e-02h  1
 124  8.9465149e+06 2.71e+00 3.91e+01  -6.0 3.26e+00    -  2.61e-02 1.48e-02h  1
 125  8.9465262e+06 2.67e+00 3.83e+01  -6.0 3.21e+00    -  3.19e-03 1.58e-02h  1
 126  8.9465617e+06 2.53e+00 3.63e+01  -6.0 3.15e+00    -  4.37e-02 5.02e-02h  1
 127  8.9465887e+06 2.44e+00 3.45e+01  -6.0 2.97e+00    -  2.54e-03 3.72e-02h  1
 128  8.9465919e+06 2.43e+00 3.62e+01  -6.0 2.84e+00    -  5.30e-02 4.70e-03h  1
 129  8.9466207e+06 2.33e+00 3.40e+01  -6.0 2.30e+00    -  2.27e-02 4.10e-02h  1
iter    objective    inf_pr   inf_du lg(mu)  ||d||  lg(rg) alpha_du alpha_pr  ls
 130  8.9466288e+06 2.30e+00 3.35e+01  -6.0 2.24e+00    -  3.01e-03 1.21e-02h  1
 131  8.9466312e+06 2.29e+00 3.34e+01  -6.0 1.34e+01    -  3.34e-03 3.44e-03h  1
 132  8.9466440e+06 2.25e+00 3.30e+01  -6.0 2.20e+00    -  3.30e-02 1.89e-02h  1
 133  8.9466642e+06 2.18e+00 3.18e+01  -6.0 2.15e+00    -  1.88e-02 3.02e-02h  1
 134  8.9466746e+06 2.15e+00 3.19e+01  -6.0 2.07e+00    -  5.31e-02 1.58e-02h  1
 135  8.9466752e+06 2.14e+00 3.22e+01  -6.0 2.04e+00    -  1.46e-02 1.05e-03h  1
 136  8.9466754e+06 2.14e+00 3.22e+01  -6.0 6.57e+00    -  2.12e-03 2.41e-04h  1
 137  8.9466964e+06 2.08e+00 3.25e+01  -6.0 2.03e+00    -  1.01e-01 3.15e-02h  1
 138  8.9467227e+06 1.99e+00 3.06e+01  -6.0 1.96e+00    -  1.78e-02 4.05e-02h  1
 139  8.9467593e+06 1.88e+00 2.81e+01  -6.0 1.88e+00    -  2.17e-02 5.81e-02h  1
iter    objective    inf_pr   inf_du lg(mu)  ||d||  lg(rg) alpha_du alpha_pr  ls
 140  8.9467788e+06 1.82e+00 2.80e+01  -6.0 1.76e+00    -  6.38e-02 3.23e-02h  1
 141  8.9467904e+06 1.78e+00 2.73e+01  -6.0 1.70e+00    -  1.39e-02 1.98e-02h  1
 142  8.9468259e+06 1.67e+00 2.54e+01  -6.0 1.66e+00    -  4.74e-02 6.14e-02h  1
 143  8.9468449e+06 1.61e+00 2.47e+01  -6.0 1.55e+00    -  6.31e-02 3.44e-02h  1
 144  8.9468508e+06 1.60e+00 2.44e+01  -6.0 1.51e+00    -  8.42e-03 1.12e-02h  1
 145  8.9468865e+06 1.49e+00 2.28e+01  -6.0 1.50e+00    -  7.49e-02 6.74e-02h  1
 146  8.9469009e+06 1.45e+00 2.25e+01  -6.0 1.39e+00    -  7.01e-02 2.86e-02h  1
 147  8.9469076e+06 1.43e+00 2.25e+01  -6.0 1.35e+00    -  6.26e-02 1.39e-02h  1
 148  8.9469159e+06 1.40e+00 2.21e+01  -6.0 1.33e+00    -  1.32e-02 1.71e-02h  1
 149  8.9469284e+06 1.36e+00 2.14e+01  -6.0 1.42e+00    -  6.68e-03 2.63e-02h  1
iter    objective    inf_pr   inf_du lg(mu)  ||d||  lg(rg) alpha_du alpha_pr  ls
 150  8.9469416e+06 1.33e+00 2.13e+01  -6.0 1.27e+00    -  1.28e-01 2.83e-02h  1
 151  8.9469548e+06 1.29e+00 2.08e+01  -6.0 1.23e+00    -  5.20e-02 2.91e-02h  1
 152  8.9469616e+06 1.27e+00 2.05e+01  -6.0 1.20e+00    -  2.11e-02 1.52e-02h  1
 153  8.9469647e+06 1.26e+00 2.03e+01  -6.0 2.78e+00    -  8.17e-03 7.13e-03h  1
 154  8.9469916e+06 1.18e+00 1.89e+01  -6.0 1.17e+00    -  1.10e-02 6.16e-02h  1
 155  8.9469933e+06 1.18e+00 1.90e+01  -6.0 1.09e+00    -  6.35e-02 3.98e-03h  1
 156  8.9469954e+06 1.17e+00 1.88e+01  -6.0 1.13e+01    -  2.48e-03 5.17e-03h  1
 157  8.9469966e+06 1.17e+00 1.88e+01  -6.0 1.17e+01    -  4.43e-03 2.89e-03h  1
 158  8.9470009e+06 1.15e+00 1.85e+01  -6.0 1.16e+01    -  3.92e-03 1.01e-02h  1
 159  8.9470041e+06 1.15e+00 1.82e+01  -6.0 1.13e+01    -  3.48e-03 7.66e-03h  1
iter    objective    inf_pr   inf_du lg(mu)  ||d||  lg(rg) alpha_du alpha_pr  ls
 160  8.9470058e+06 1.14e+00 1.82e+01  -6.0 1.43e+00    -  1.19e-02 3.97e-03h  1
 161  8.9470167e+06 1.11e+00 1.76e+01  -6.0 1.41e+00    -  2.73e-03 2.61e-02h  1
 162  8.9470217e+06 1.10e+00 1.75e+01  -6.0 1.37e+00    -  3.11e-02 1.24e-02h  1
 163  8.9470548e+06 1.01e+00 1.55e+01  -6.0 1.35e+00    -  2.20e-03 8.13e-02h  1
 164  8.9470573e+06 1.00e+00 1.57e+01  -6.0 1.22e+00    -  4.17e-02 6.68e-03h  1
 165  8.9470775e+06 9.48e-01 1.45e+01  -6.0 1.31e+00    -  2.01e-02 5.43e-02h  1
 166  8.9470830e+06 9.33e-01 1.44e+01  -6.0 1.28e+00    -  3.06e-02 1.55e-02h  1
 167  8.9471026e+06 8.81e-01 1.33e+01  -6.0 1.26e+00    -  1.79e-02 5.60e-02h  1
 168  8.9471029e+06 8.80e-01 1.35e+01  -6.0 6.78e-01    -  4.71e-02 7.67e-04h  1
 169  8.9471057e+06 8.72e-01 1.33e+01  -6.0 1.06e+00    -  3.52e-03 8.57e-03h  1
iter    objective    inf_pr   inf_du lg(mu)  ||d||  lg(rg) alpha_du alpha_pr  ls
 170  8.9471074e+06 8.68e-01 1.33e+01  -6.0 9.27e-01    -  2.36e-03 5.33e-03h  1
 171  8.9471084e+06 8.65e-01 1.32e+01  -6.0 6.37e-01    -  1.84e-03 3.01e-03h  1
 172  8.9471122e+06 8.55e-01 1.30e+01  -6.0 6.35e-01    -  6.59e-03 1.15e-02h  1
 173  8.9471160e+06 8.45e-01 1.28e+01  -6.0 2.02e+00    -  3.89e-03 1.15e-02h  1
 174  8.9471277e+06 8.15e-01 1.28e+01  -6.0 6.22e-01    -  6.72e-02 3.62e-02h  1
 175  8.9471450e+06 7.70e-01 1.19e+01  -6.0 5.94e-01    -  3.78e-02 5.56e-02h  1
 176  8.9471621e+06 7.25e-01 1.08e+01  -6.0 5.61e-01    -  2.73e-02 5.80e-02h  1
 177  8.9471660e+06 7.15e-01 1.06e+01  -6.0 5.29e-01    -  1.23e-02 1.37e-02h  1
 178  8.9471751e+06 6.91e-01 1.02e+01  -6.0 1.13e+00    -  9.44e-03 3.31e-02h  1
 179  8.9471861e+06 6.63e-01 9.65e+00  -6.0 5.27e-01    -  4.26e-03 4.10e-02h  1
iter    objective    inf_pr   inf_du lg(mu)  ||d||  lg(rg) alpha_du alpha_pr  ls
 180  8.9471895e+06 6.54e-01 9.88e+00  -6.0 4.87e-01    -  1.26e-01 1.31e-02h  1
 181  8.9472092e+06 6.04e-01 9.14e+00  -6.0 5.06e-01    -  8.72e-02 7.69e-02h  1
 182  8.9472206e+06 5.75e-01 8.73e+00  -6.0 4.96e-01    -  5.89e-02 4.79e-02h  1
 183  8.9472352e+06 5.38e-01 8.11e+00  -6.0 5.50e-01    -  3.45e-02 6.46e-02h  1
 184  8.9472399e+06 5.26e-01 8.08e+00  -6.0 4.58e-01    -  9.12e-02 2.21e-02h  1
 185  8.9472429e+06 5.19e-01 8.00e+00  -6.0 4.66e-01    -  2.94e-02 1.42e-02h  1
 186  8.9472503e+06 5.00e-01 7.84e+00  -6.0 4.29e-01    -  8.98e-02 3.56e-02h  1
 187  8.9472602e+06 4.75e-01 7.40e+00  -6.0 4.22e-01    -  2.60e-02 4.95e-02h  1
 188  8.9472610e+06 4.73e-01 7.37e+00  -6.0 4.30e-01    -  3.96e-03 4.44e-03h  1
 189  8.9472630e+06 4.68e-01 7.34e+00  -6.0 3.92e-01    -  3.59e-02 1.05e-02h  1
iter    objective    inf_pr   inf_du lg(mu)  ||d||  lg(rg) alpha_du alpha_pr  ls
 190  8.9472721e+06 4.46e-01 6.94e+00  -6.0 3.67e-01    -  1.90e-02 4.85e-02h  1
 191  8.9472991e+06 3.79e-01 5.69e+00  -6.0 3.48e-01    -  1.21e-02 1.50e-01h  1
 192  8.9472994e+06 3.78e-01 5.75e+00  -6.0 2.99e-01    -  4.15e-02 1.82e-03h  1
 193  8.9473057e+06 3.63e-01 5.85e+00  -6.0 6.16e-01    -  1.19e-01 4.08e-02h  1
 194  8.9473251e+06 3.15e-01 5.04e+00  -6.0 2.74e-01    -  8.44e-02 1.31e-01h  1
 195  8.9473408e+06 2.77e-01 4.34e+00  -6.0 2.51e-01    -  5.55e-02 1.20e-01h  1
 196  8.9473488e+06 2.58e-01 4.26e+00  -6.0 2.11e-01    -  2.48e-01 6.95e-02h  1
 197  8.9473660e+06 2.17e-01 3.43e+00  -6.0 1.01e+00    -  1.62e-02 1.60e-01h  1
 198  8.9473757e+06 1.94e-01 4.08e+00  -6.0 2.08e-01    -  5.34e-01 1.07e-01h  1
 199  8.9473803e+06 1.83e-01 9.13e+00  -6.0 9.90e-01    -  1.45e-01 5.68e-02h  1
iter    objective    inf_pr   inf_du lg(mu)  ||d||  lg(rg) alpha_du alpha_pr  ls
 200  8.9473911e+06 1.57e-01 1.99e+01  -6.0 9.10e-01    -  3.02e-01 1.40e-01h  1
 201  8.9473917e+06 1.56e-01 1.93e+01  -6.0 2.40e-01    -  4.37e-02 7.95e-03h  1
 202  8.9473939e+06 1.51e-01 1.07e+03  -6.0 9.79e+00    -  1.48e-02 3.07e-02h  1
 203  8.9473953e+06 1.49e-01 4.13e+02  -6.0 8.48e+00    -  3.22e-02 1.30e-02h  1
 204  8.9473988e+06 1.45e-01 2.96e+02  -6.0 8.00e+00    -  2.60e-02 2.75e-02h  1
 205  8.9473993e+06 1.44e-01 1.44e+03  -6.0 8.94e+00    -  1.79e-02 2.82e-03h  1
 206  8.9474021e+06 1.42e-01 2.34e+03  -6.0 8.86e+00    -  3.01e-02 1.76e-02h  1
 207  8.9474040e+06 1.40e-01 2.58e+03  -6.0 8.74e+00    -  1.39e-02 1.02e-02h  1
 208  8.9474085e+06 1.37e-01 2.85e+03  -6.0 8.74e+00    -  2.75e-02 2.30e-02h  1
 209  8.9474153e+06 1.33e-01 2.71e+03  -6.0 8.57e+00    -  2.99e-02 3.07e-02h  1
iter    objective    inf_pr   inf_du lg(mu)  ||d||  lg(rg) alpha_du alpha_pr  ls
 210  8.9474192e+06 1.31e-01 1.95e+03  -6.0 8.32e+00    -  5.23e-03 1.55e-02h  1
 211  8.9474193e+06 1.31e-01 3.60e+03  -6.0 8.74e+00    -  2.34e-02 5.87e-04h  1
 212  8.9474270e+06 1.27e-01 1.47e+03  -6.0 8.93e+00    -  1.28e-03 2.86e-02h  1
 213  8.9474290e+06 1.26e-01 7.68e+03  -6.0 9.12e+00    -  9.04e-02 6.66e-03h  1
 214  8.9474460e+06 1.19e-01 6.33e+03  -6.0 9.16e+00    -  4.25e-02 5.61e-02h  1
 215  8.9474505e+06 1.18e-01 6.02e+03  -6.0 1.08e+01    -  9.80e-03 1.29e-02h  1
 216  8.9474857e+06 1.08e-01 4.25e+03  -6.0 2.67e+01    -  1.56e-02 8.41e-02h  1
 217  8.9474871e+06 1.07e-01 4.76e+03  -6.0 2.25e+01    -  2.92e-02 3.35e-03h  1
 218  8.9475040e+06 1.03e-01 5.47e+03  -6.0 2.33e+01    -  8.58e-02 4.13e-02h  1
 219  8.9475403e+06 9.37e-02 4.30e+03  -6.0 2.19e+01    -  5.36e-02 8.99e-02h  1
iter    objective    inf_pr   inf_du lg(mu)  ||d||  lg(rg) alpha_du alpha_pr  ls
 220  8.9475625e+06 8.84e-02 6.88e+03  -6.0 1.88e+01    -  2.13e-01 5.68e-02h  1
 221  8.9475771e+06 8.50e-02 7.49e+03  -6.0 1.73e+01    -  9.87e-02 3.82e-02h  1
 222  8.9476201e+06 7.53e-02 6.00e+03  -6.0 1.62e+01    -  6.69e-02 1.15e-01h  1
 223  8.9476518e+06 6.85e-02 5.37e+03  -6.0 1.35e+01    -  8.25e-02 8.99e-02h  1
 224  8.9476837e+06 6.19e-02 4.55e+03  -6.0 1.17e+01    -  7.12e-02 9.61e-02h  1
 225  8.9476877e+06 6.11e-02 7.62e+03  -6.0 1.00e+01    -  2.91e-01 1.28e-02h  1
 226  8.9476968e+06 5.94e-02 8.03e+03  -6.0 9.88e+00    -  1.07e-01 2.92e-02h  1
 227  8.9477251e+06 5.38e-02 6.63e+03  -6.0 9.43e+00    -  1.43e-02 9.32e-02h  1
 228  8.9477390e+06 5.12e-02 9.53e+03  -6.0 8.21e+00    -  4.90e-01 4.92e-02h  1
 229  8.9477639e+06 4.66e-02 8.53e+03  -6.0 7.53e+00    -  2.50e-02 8.88e-02h  1
iter    objective    inf_pr   inf_du lg(mu)  ||d||  lg(rg) alpha_du alpha_pr  ls
 230  8.9477953e+06 4.09e-02 7.36e+03  -6.0 6.64e+00    -  8.55e-02 1.22e-01h  1
 231  8.9478212e+06 3.64e-02 6.97e+03  -6.0 5.57e+00    -  2.49e-01 1.12e-01h  1
 232  8.9478566e+06 3.03e-02 5.72e+03  -6.0 4.72e+00    -  1.37e-01 1.68e-01h  1
 233  8.9478790e+06 2.65e-02 5.77e+03  -6.0 3.67e+00    -  4.78e-01 1.24e-01h  1
 234  8.9479565e+06 1.38e-02 3.40e+03  -6.0 3.09e+00    -  8.26e-01 4.81e-01h  1
 235  8.9479793e+06 1.03e-02 2.78e+03  -6.0 1.27e+00    -  1.00e+00 2.51e-01h  1
 236  8.9480135e+06 5.19e-03 1.41e+03  -6.0 8.99e-01    -  1.00e+00 4.96e-01h  1
 237  8.9480402e+06 1.32e-03 3.69e+02  -6.0 4.12e-01    -  1.00e+00 7.46e-01h  1
 238  8.9480497e+06 3.60e-05 1.64e-03  -6.0 8.54e-02    -  1.00e+00 1.00e+00h  1
 239  8.9480497e+06 8.70e-08 3.23e-07  -6.0 2.41e-03    -  1.00e+00 1.00e+00h  1
iter    objective    inf_pr   inf_du lg(mu)  ||d||  lg(rg) alpha_du alpha_pr  ls
 240  8.9480491e+06 1.90e-06 3.09e-01  -7.2 7.57e-03    -  1.00e+00 7.94e-01f  1
 241  8.9480490e+06 6.68e-07 2.77e-07  -7.2 3.00e-03    -  1.00e+00 1.00e+00f  1

Number of Iterations....: 241

                                   (scaled)                 (unscaled)
Objective...............:   6.8689068929000205e+04    8.9480489705815520e+06
Dual infeasibility......:   2.7700297391358320e-07    3.6084870769430359e-05
Constraint violation....:   6.6828387532830158e-07    6.6828387532830158e-07
Variable bound violation:   1.9269499063057083e-07    1.9269499063057083e-07
Complementarity.........:   1.2188599508273208e-07    1.5877953651630951e-05
Overall NLP error.......:   6.6828387532830158e-07    3.6084870769430359e-05


Number of objective function evaluations             = 243
Number of objective gradient evaluations             = 242
Number of equality constraint evaluations            = 243
Number of inequality constraint evaluations          = 244
Number of equality constraint Jacobian evaluations   = 242
Number of inequality constraint Jacobian evaluations = 242
Number of Lagrangian Hessian evaluations             = 241
Total seconds in IPOPT                               = 123.052

EXIT: Optimal Solution Found.

