Solver command line: ['/opt/homebrew/bin/ipopt', '/var/folders/6y/bvynbx6n3zv7z3lwg6vd724r0000gn/T/tmplbnfhk5w.pyomo.nl', '-AMPL', 'tol=1e-06', 'max_iter=300', 'print_level=5', 'warm_start_init_point=yes', 'warm_start_bound_push=1e-06', 'warm_start_bound_frac=1e-06', 'warm_start_mult_bound_push=1e-06', 'mu_init=1e-06', 'least_square_init_duals=no']

Ipopt 3.14.19: tol=1e-06
max_iter=300
print_level=5
warm_start_init_point=yes
warm_start_bound_push=1e-06
warm_start_bound_frac=1e-06
warm_start_mult_bound_push=1e-06
mu_init=1e-06
least_square_init_duals=no


******************************************************************************
This program contains Ipopt, a library for large-scale nonlinear optimization.
 Ipopt is released as open source code under the Eclipse Public License (EPL).
         For more information visit https://github.com/coin-or/Ipopt
******************************************************************************

This is Ipopt version 3.14.19, running with linear solver MUMPS 5.6.2.

Number of nonzeros in equality constraint Jacobian...:   211821
Number of nonzeros in inequality constraint Jacobian.:   163736
Number of nonzeros in Lagrangian Hessian.............:   115477

Total number of variables............................:    35502
                     variables with only lower bounds:        0
                variables with lower and upper bounds:    35502
                     variables with only upper bounds:        0
Total number of equality constraints.................:    27319
Total number of inequality constraints...............:    40934
        inequality constraints with only lower bounds:        0
   inequality constraints with lower and upper bounds:        0
        inequality constraints with only upper bounds:    40934

iter    objective    inf_pr   inf_du lg(mu)  ||d||  lg(rg) alpha_du alpha_pr  ls
   0  8.9480589e+06 1.06e+01 1.55e+02  -6.0 0.00e+00    -  0.00e+00 0.00e+00   0
   1  8.9480584e+06 1.06e+01 1.55e+02  -6.0 2.66e+00   0.0 3.89e-05 3.84e-05h  1
   2  8.9480580e+06 1.06e+01 1.55e+02  -6.0 2.44e+00   0.4 1.54e-05 3.21e-05h  1
   3  8.9480571e+06 1.06e+01 1.55e+02  -6.0 2.39e+00  -0.1 3.93e-05 1.01e-04h  1
   4  8.9480566e+06 1.06e+01 1.55e+02  -6.0 1.92e+00   0.4 4.07e-05 9.71e-05h  1
   5  8.9480556e+06 1.06e+01 1.55e+02  -6.0 1.93e+00  -0.1 5.99e-05 2.40e-04f  1
   6  8.9480550e+06 1.06e+01 1.55e+02  -6.0 1.92e+00   0.3 1.15e-04 2.78e-04h  1
   7  8.9480546e+06 1.06e+01 1.55e+02  -6.0 1.93e+00  -0.2 2.77e-04 4.20e-04h  1
   8  8.9480547e+06 1.06e+01 1.55e+02  -6.0 1.91e+00   0.3 1.43e-04 1.04e-03h  1
   9  8.9480548e+06 1.05e+01 1.55e+02  -6.0 1.92e+00  -0.2 8.09e-04 8.64e-04h  1
iter    objective    inf_pr   inf_du lg(mu)  ||d||  lg(rg) alpha_du alpha_pr  ls
  10  8.9480558e+06 1.05e+01 1.55e+02  -6.0 1.90e+00   0.2 3.07e-04 1.26e-03h  1
  11  8.9480569e+06 1.05e+01 1.54e+02  -6.0 1.89e+00   0.6 9.56e-05 9.07e-04h  1
  12  8.9480612e+06 1.05e+01 1.54e+02  -6.0 1.90e+00   0.2 8.95e-04 4.38e-03h  1
  13  8.9480626e+06 1.05e+01 1.54e+02  -6.0 1.88e+00   0.6 6.06e-04 9.16e-04h  1
  14  8.9480680e+06 1.04e+01 1.53e+02  -6.0 1.89e+00   0.1 6.26e-04 5.34e-03h  1
  15  8.9480718e+06 1.04e+01 1.52e+02  -6.0 1.87e+00   0.5 4.80e-04 2.43e-03h  1
  16  8.9480762e+06 1.03e+01 1.52e+02  -6.0 1.87e+00   0.1 3.99e-03 4.52e-03h  1
  17  8.9480900e+06 1.02e+01 1.50e+02  -6.0 1.85e+00   0.5 8.08e-04 8.81e-03h  1
  18  8.9480921e+06 1.02e+01 1.50e+02  -6.0 1.84e+00   0.0 8.68e-03 2.29e-03h  1
  19  8.9481154e+06 1.01e+01 1.48e+02  -6.0 1.83e+00   0.4 2.01e-03 1.47e-02h  1
iter    objective    inf_pr   inf_du lg(mu)  ||d||  lg(rg) alpha_du alpha_pr  ls
  20  8.9481179e+06 1.00e+01 1.47e+02  -6.0 1.80e+00  -0.0 1.42e-02 3.25e-03h  1
  21  8.9481282e+06 9.98e+00 1.46e+02  -6.0 1.79e+00   0.4 9.55e-04 6.56e-03h  1
  22  8.9481304e+06 9.94e+00 1.46e+02  -6.0 1.78e+00  -0.1 1.96e-03 3.36e-03h  1
  23  8.9481447e+06 9.85e+00 1.45e+02  -6.0 1.77e+00   0.3 1.26e-03 9.44e-03h  1
  24  8.9481539e+06 9.68e+00 1.42e+02  -6.0 1.75e+00  -0.1 1.07e-02 1.73e-02h  1
  25  8.9481625e+06 9.62e+00 1.41e+02  -6.0 1.72e+00   0.3 4.62e-03 6.00e-03h  1
  26  8.9481639e+06 9.58e+00 1.41e+02  -6.0 1.85e+00  -0.2 4.72e-03 4.12e-03h  1
  27  8.9481951e+06 9.36e+00 1.37e+02  -6.0 1.70e+00   0.2 5.12e-03 2.30e-02h  1
  28  8.9482183e+06 9.24e+00 1.36e+02  -6.0 1.66e+00   0.7 5.44e-04 1.30e-02h  1
  29  8.9482580e+06 8.95e+00 1.31e+02  -6.0 1.63e+00   0.2 3.02e-02 3.15e-02h  1
iter    objective    inf_pr   inf_du lg(mu)  ||d||  lg(rg) alpha_du alpha_pr  ls
  30  8.9483025e+06 8.72e+00 1.28e+02  -6.0 1.58e+00   0.6 3.55e-03 2.56e-02h  1
  31  8.9483276e+06 8.52e+00 1.25e+02  -6.0 1.52e+00   0.1 6.26e-03 2.25e-02h  1
  32  8.9483309e+06 8.51e+00 1.25e+02  -6.0 1.49e+00   0.6 5.80e-03 1.96e-03h  1
  33  8.9483385e+06 8.44e+00 1.24e+02  -6.0 1.48e+00   0.1 2.51e-02 7.88e-03h  1
  34  8.9483596e+06 8.33e+00 1.22e+02  -6.0 1.48e+00   0.5 1.07e-03 1.30e-02h  1
  35  8.9483603e+06 8.32e+00 1.22e+02  -6.0 1.45e+00   0.0 5.22e-03 8.13e-04h  1
  36  8.9483941e+06 8.15e+00 1.20e+02  -6.0 1.45e+00   0.5 1.20e-02 2.14e-02h  1
  37  8.9483944e+06 8.14e+00 1.19e+02  -6.0 1.41e+00  -0.0 7.88e-03 3.51e-04h  1
  38  8.9483991e+06 8.12e+00 1.19e+02  -6.0 1.42e+00   0.4 5.91e-04 3.19e-03h  1
  39  8.9484011e+06 8.09e+00 1.19e+02  -6.0 1.40e+00  -0.1 1.96e-02 3.46e-03h  1
iter    objective    inf_pr   inf_du lg(mu)  ||d||  lg(rg) alpha_du alpha_pr  ls
  40  8.9484537e+06 7.79e+00 1.14e+02  -6.0 1.41e+00   0.4 3.87e-03 3.63e-02h  1
  41  8.9484588e+06 7.68e+00 1.13e+02  -6.0 1.33e+00  -0.1 4.78e-03 1.46e-02h  1
  42  8.9484613e+06 7.67e+00 1.12e+02  -6.0 1.33e+00   0.3 6.68e-03 1.89e-03h  1
  43  8.9484826e+06 7.57e+00 1.11e+02  -6.0 1.33e+00   0.7 3.91e-03 1.25e-02h  1
  44  8.9485046e+06 7.44e+00 1.09e+02  -6.0 1.31e+00   0.3 1.57e-02 1.75e-02h  1
  45  8.9485301e+06 7.33e+00 1.08e+02  -6.0 1.29e+00   0.7 1.89e-03 1.49e-02h  1
  46  8.9485468e+06 7.22e+00 1.06e+02  -6.0 1.26e+00   0.2 1.76e-02 1.43e-02h  1
  47  8.9485646e+06 7.15e+00 1.05e+02  -6.0 1.25e+00   0.6 7.91e-03 1.05e-02h  1
  48  8.9485677e+06 7.12e+00 1.05e+02  -6.0 1.23e+00   0.2 1.38e-02 3.01e-03h  1
  49  8.9485880e+06 7.04e+00 1.03e+02  -6.0 1.23e+00   0.6 5.43e-04 1.24e-02h  1
iter    objective    inf_pr   inf_du lg(mu)  ||d||  lg(rg) alpha_du alpha_pr  ls
  50  8.9485895e+06 7.02e+00 1.03e+02  -6.0 1.20e+00   0.1 2.69e-03 1.91e-03h  1
  51  8.9486025e+06 6.96e+00 1.02e+02  -6.0 1.21e+00   0.5 1.36e-02 8.26e-03h  1
  52  8.9486074e+06 6.92e+00 1.02e+02  -6.0 1.20e+00   0.1 1.23e-02 6.53e-03h  1
  53  8.9486496e+06 6.73e+00 9.87e+01  -6.0 1.20e+00   0.5 8.23e-03 2.80e-02h  1
  54  8.9486498e+06 6.72e+00 9.87e+01  -6.0 1.20e+00  -0.0 9.76e-02 3.35e-04h  1
  55  8.9487416e+06 6.29e+00 9.23e+01  -6.0 1.17e+00   0.4 3.20e-02 6.47e-02h  1
  56  8.9487783e+06 6.15e+00 9.02e+01  -6.0 1.09e+00   0.9 2.51e-03 2.18e-02h  1
  57  8.9488223e+06 5.94e+00 8.71e+01  -6.0 1.06e+00   0.4 7.92e-02 3.51e-02h  1
  58  8.9488671e+06 5.77e+00 8.47e+01  -6.0 1.02e+00   0.8 3.93e-03 2.77e-02h  1
  59  8.9489084e+06 5.55e+00 8.15e+01  -6.0 9.86e-01   0.3 9.73e-02 3.77e-02h  1
iter    objective    inf_pr   inf_du lg(mu)  ||d||  lg(rg) alpha_du alpha_pr  ls
  60  8.9489535e+06 5.39e+00 7.90e+01  -6.0 9.57e-01   0.7 5.89e-04 2.99e-02h  1
  61  8.9489594e+06 5.35e+00 7.85e+01  -6.0 9.45e-01   0.3 4.87e-02 6.47e-03h  1
  62  8.9489868e+06 5.25e+00 7.70e+01  -6.0 9.21e-01   0.7 1.34e-03 1.92e-02h  1
  63  8.9489949e+06 5.22e+00 7.66e+01  -6.0 9.06e-01   1.1 8.62e-03 5.10e-03h  1
  64  8.9490096e+06 5.17e+00 7.58e+01  -6.0 8.98e-01   0.6 3.06e-02 1.08e-02h  1
  65  8.9490222e+06 5.13e+00 7.52e+01  -6.0 8.91e-01   1.1 7.55e-03 7.95e-03h  1
  66  8.9490424e+06 5.05e+00 7.40e+01  -6.0 8.80e-01   0.6 9.75e-03 1.55e-02h  1
  67  8.9491172e+06 4.80e+00 7.04e+01  -6.0 8.70e-01   1.0 6.13e-03 4.85e-02h  1
  68  8.9491457e+06 4.69e+00 6.87e+01  -6.0 8.23e-01   0.5 6.53e-02 2.43e-02h  1
  69  8.9491488e+06 4.68e+00 6.86e+01  -6.0 8.06e-01   1.0 1.06e-02 2.16e-03h  1
iter    objective    inf_pr   inf_du lg(mu)  ||d||  lg(rg) alpha_du alpha_pr  ls
  70  8.9492148e+06 4.39e+00 6.44e+01  -6.0 8.27e-01   0.5 1.64e-02 6.12e-02h  1
  71  8.9492404e+06 4.31e+00 6.32e+01  -6.0 7.55e-01   0.9 3.46e-02 1.91e-02h  1
  72  8.9492645e+06 4.19e+00 6.15e+01  -6.0 7.87e-01   0.4 6.10e-03 2.69e-02h  1
  73  8.9493441e+06 3.93e+00 5.76e+01  -6.0 7.37e-01   0.9 6.07e-03 6.28e-02h  1
  74  8.9493670e+06 3.80e+00 5.57e+01  -6.0 7.45e-01   0.4 3.61e-02 3.28e-02h  1
  75  8.9494353e+06 3.57e+00 5.23e+01  -6.0 6.67e-01   0.8 6.92e-03 6.11e-02h  1
  76  8.9494359e+06 3.56e+00 5.22e+01  -6.0 7.13e-01   0.3 1.12e-01 1.19e-03h  1
  77  8.9494569e+06 3.49e+00 5.12e+01  -6.0 6.24e-01   0.8 8.15e-03 2.09e-02h  1
  78  8.9494570e+06 3.49e+00 5.11e+01  -6.0 1.30e+00   0.3 2.00e-01 1.98e-04h  1
  79  8.9495154e+06 3.27e+00 4.80e+01  -6.0 6.19e-01   0.7 4.46e-02 6.17e-02h  1
iter    objective    inf_pr   inf_du lg(mu)  ||d||  lg(rg) alpha_du alpha_pr  ls
  80  8.9495214e+06 3.18e+00 4.66e+01  -6.0 2.37e+00   0.2 2.74e-01 2.85e-02h  1
  81  8.9496269e+06 2.76e+00 4.05e+01  -6.0 5.79e-01   0.7 6.62e-02 1.30e-01h  1
  82  8.9496222e+06 2.58e+00 3.79e+01  -6.0 6.25e-01   0.2 6.04e-02 6.61e-02h  1
  83  8.9496302e+06 2.54e+00 3.73e+01  -6.0 4.91e-01   0.6 1.56e-01 1.43e-02h  1
  84  8.9496789e+06 2.39e+00 3.94e+01  -6.0 4.46e-01   1.0 2.88e-03 6.00e-02h  1
  85  8.9496882e+06 2.34e+00 3.87e+01  -6.0 4.70e-01   0.6 3.07e-02 2.07e-02h  1
  86  8.9497348e+06 2.19e+00 3.85e+01  -6.0 4.17e-01   1.0 2.68e-02 6.42e-02h  1
  87  8.9497363e+06 2.14e+00 3.71e+01  -6.0 6.04e-01   0.5 4.56e-04 2.43e-02h  1
  88  8.9497657e+06 2.04e+00 3.56e+01  -6.0 3.88e-01   0.9 4.11e-02 4.63e-02h  1
  89  8.9497795e+06 1.90e+00 3.24e+01  -6.0 4.31e-01   0.5 4.59e-02 7.05e-02h  1
iter    objective    inf_pr   inf_du lg(mu)  ||d||  lg(rg) alpha_du alpha_pr  ls
  90  8.9497967e+06 1.83e+00 3.11e+01  -6.0 3.52e-01   0.9 4.67e-02 3.30e-02h  1
  91  8.9497967e+06 1.83e+00 3.13e+01  -6.0 4.27e-01   0.4 7.00e-03 1.39e-04h  1
  92  8.9498062e+06 1.80e+00 2.99e+01  -6.0 3.46e-01   0.8 1.15e-01 2.03e-02h  1
  93  8.9498061e+06 1.79e+00 3.07e+01  -6.0 4.10e-01   0.4 2.44e-02 2.43e-03h  1
  94  8.9498330e+06 1.68e+00 2.89e+01  -6.0 3.44e-01   0.8 2.64e-01 6.33e-02h  1
  95  8.9498283e+06 1.63e+00 3.24e+01  -6.0 4.01e-01   0.3 1.07e-01 2.82e-02h  1
  96  8.9498653e+06 1.45e+00 3.09e+01  -6.0 3.22e-01   0.7 2.19e-01 1.12e-01h  1
  97  8.9498609e+06 1.43e+00 3.91e+01  -6.0 3.73e-01   0.3 1.77e-01 1.38e-02h  1
  98  8.9498838e+06 1.27e+00 3.36e+01  -6.0 2.95e-01   0.7 8.31e-03 1.08e-01h  1
  99  8.9498802e+06 1.26e+00 3.56e+01  -6.0 3.50e-01   0.2 1.44e-01 1.09e-02h  1
iter    objective    inf_pr   inf_du lg(mu)  ||d||  lg(rg) alpha_du alpha_pr  ls
 100  8.9498920e+06 1.18e+00 4.10e+01  -6.0 2.66e-01   0.6 2.14e-01 6.61e-02h  1
 101  8.9498543e+06 1.08e+00 3.06e+01  -6.0 3.31e-01   0.2 3.46e-02 8.66e-02h  1
 102  8.9498566e+06 1.04e+00 3.48e+01  -6.0 2.38e-01   0.6 7.14e-02 2.90e-02h  1
 103  8.9498433e+06 1.02e+00 3.51e+01  -6.0 3.71e-01   0.1 3.13e-02 2.36e-02h  1
 104  8.9498450e+06 9.45e-01 2.76e+01  -6.0 2.33e-01   0.5 3.85e-02 7.34e-02h  1
 105  8.9498445e+06 9.44e-01 2.97e+01  -6.0 4.28e-01   0.0 1.71e-02 8.05e-04h  1
 106  8.9498417e+06 8.86e-01 2.47e+01  -6.0 2.26e-01   0.5 5.43e-04 6.09e-02f  1
 107  8.9498401e+06 8.85e-01 2.96e+01  -6.0 5.96e-01  -0.0 7.74e-02 1.96e-03h  1
 108  8.9498315e+06 8.16e-01 2.34e+01  -6.0 2.22e-01   0.4 6.38e-04 7.78e-02h  1
 109  8.9498302e+06 8.14e-01 2.40e+01  -6.0 7.08e-01  -0.1 2.57e-02 1.49e-03h  1
iter    objective    inf_pr   inf_du lg(mu)  ||d||  lg(rg) alpha_du alpha_pr  ls
 110  8.9498163e+06 7.51e-01 2.05e+01  -6.0 2.17e-01   0.4 4.93e-04 7.82e-02f  1
 111  8.9498126e+06 7.48e-01 2.25e+01  -6.0 8.63e-01  -0.1 7.27e-02 3.55e-03h  1
 112  8.9498059e+06 7.27e-01 2.92e+01  -6.0 2.16e-01   0.3 1.33e-01 2.81e-02h  1
 113  8.9497873e+06 7.15e-01 2.96e+01  -6.0 2.56e+00  -0.2 2.63e-02 1.62e-02h  1
 114  8.9497766e+06 6.88e-01 3.26e+01  -6.0 2.34e-01   0.3 8.16e-02 3.78e-02h  1
 115  8.9497780e+06 6.69e-01 3.29e+01  -6.0 1.57e-01   0.7 4.14e-02 2.81e-02h  1
 116  8.9497779e+06 6.69e-01 3.39e+01  -6.0 2.36e-01   0.2 1.29e-02 2.74e-04h  1
 117  8.9497789e+06 6.06e-01 2.28e+01  -6.0 1.57e-01   0.6 3.22e-03 9.46e-02h  1
 118  8.9497788e+06 6.05e-01 2.31e+01  -6.0 2.57e-01   0.2 5.93e-03 2.70e-04h  1
 119  8.9497775e+06 5.82e-01 2.07e+01  -6.0 1.51e-01   0.6 3.67e-04 3.85e-02f  1
iter    objective    inf_pr   inf_du lg(mu)  ||d||  lg(rg) alpha_du alpha_pr  ls
 120  8.9497769e+06 5.81e-01 2.50e+01  -6.0 2.77e-01   0.1 9.08e-02 1.24e-03h  1
 121  8.9497709e+06 5.28e-01 2.01e+01  -6.0 1.52e-01   0.5 1.42e-03 9.14e-02h  1
 122  8.9497703e+06 5.28e-01 2.81e+01  -6.0 2.96e-01   0.1 2.11e-01 9.53e-04h  1
 123  8.9497608e+06 4.78e-01 2.21e+01  -6.0 1.52e-01   0.5 1.36e-02 9.42e-02h  1
 124  8.9497605e+06 4.78e-01 2.46e+01  -6.0 3.13e-01   0.0 6.61e-02 3.78e-04h  1
 125  8.9497432e+06 4.21e-01 2.53e+01  -6.0 1.54e-01   0.4 2.20e-01 1.19e-01f  1
 126  8.9497252e+06 4.10e-01 2.42e+01  -6.0 3.42e-01  -0.0 7.27e-03 2.48e-02h  1
 127  8.9497192e+06 3.98e-01 2.30e+01  -6.0 1.62e-01   0.4 1.56e-02 3.08e-02h  1
 128  8.9497075e+06 3.92e-01 2.26e+01  -6.0 3.67e-01  -0.1 1.23e-02 1.46e-02h  1
 129  8.9496993e+06 3.78e-01 2.34e+01  -6.0 1.74e-01   0.3 9.65e-02 3.68e-02h  1
iter    objective    inf_pr   inf_du lg(mu)  ||d||  lg(rg) alpha_du alpha_pr  ls
 130  8.9496879e+06 3.72e-01 2.29e+01  -6.0 4.00e-01  -0.1 8.51e-03 1.34e-02h  1
 131  8.9496867e+06 3.71e-01 2.32e+01  -6.0 1.88e-01   0.3 2.07e-02 4.63e-03h  1
 132  8.9496714e+06 3.64e-01 2.25e+01  -6.0 4.38e-01  -0.2 4.22e-03 1.68e-02h  1
 133  8.9496588e+06 3.49e-01 2.64e+01  -6.0 2.05e-01   0.2 1.03e-01 4.38e-02h  1
 134  8.9496556e+06 3.14e-01 2.14e+01  -6.0 1.30e-01   0.7 8.51e-02 1.00e-01h  1
 135  8.9496533e+06 3.11e-01 2.71e+01  -6.0 2.19e-01   0.2 5.53e-02 6.60e-03h  1
 136  8.9496517e+06 3.03e-01 2.44e+01  -6.0 1.04e-01   0.6 1.48e-02 2.66e-02h  1
 137  8.9496505e+06 3.02e-01 2.95e+01  -6.0 2.39e-01   0.1 4.96e-02 3.21e-03h  1
 138  8.9496433e+06 2.77e-01 2.29e+01  -6.0 1.12e-01   0.6 5.98e-02 8.49e-02h  1
 139  8.9496245e+06 2.65e-01 2.08e+01  -6.0 2.60e-01   0.1 3.01e-02 4.10e-02h  1
iter    objective    inf_pr   inf_du lg(mu)  ||d||  lg(rg) alpha_du alpha_pr  ls
 140  8.9496207e+06 2.57e-01 2.77e+01  -6.0 1.19e-01   0.5 7.48e-02 3.16e-02h  1
 141  8.9496063e+06 2.50e-01 3.35e+01  -6.0 2.84e-01   0.0 9.14e-02 2.75e-02h  1
 142  8.9495946e+06 2.30e-01 2.86e+01  -6.0 1.28e-01   0.5 6.51e-02 7.77e-02h  1
 143  8.9495884e+06 2.28e-01 3.70e+01  -6.0 3.09e-01  -0.0 1.03e-01 1.05e-02h  1
 144  8.9495705e+06 2.06e-01 2.83e+01  -6.0 1.38e-01   0.4 6.90e-02 9.69e-02f  1
 145  8.9495686e+06 2.05e-01 3.30e+01  -6.0 3.33e-01  -0.1 5.38e-02 2.84e-03h  1
 146  8.9495644e+06 2.01e-01 3.29e+01  -6.0 1.45e-01   0.4 2.29e-02 1.99e-02h  1
 147  8.9495447e+06 1.96e-01 3.45e+01  -6.0 3.46e-01  -0.1 6.50e-02 2.82e-02h  1
 148  8.9495353e+06 1.87e-01 2.73e+01  -6.0 1.20e-01   0.3 1.54e-02 4.55e-02h  1
 149  8.9494886e+06 1.75e-01 2.34e+01  -6.0 3.75e-01  -0.2 3.43e-03 6.03e-02h  1
iter    objective    inf_pr   inf_du lg(mu)  ||d||  lg(rg) alpha_du alpha_pr  ls
 150  8.9494837e+06 1.72e-01 3.43e+01  -6.0 1.65e-01   0.3 8.14e-02 1.78e-02h  1
 151  8.9494719e+06 1.70e-01 3.34e+01  -6.0 4.05e-01  -0.2 5.35e-02 1.41e-02h  1
 152  8.9494701e+06 1.69e-01 3.60e+01  -6.0 1.24e-01   0.2 2.37e-02 6.60e-03h  1
 153  8.9494677e+06 1.64e-01 4.55e+01  -6.0 8.12e-02   0.6 7.45e-02 3.00e-02h  1
 154  8.9494582e+06 1.59e-01 4.06e+01  -6.0 2.27e-01   0.2 6.21e-03 2.82e-02h  1
 155  8.9494580e+06 1.59e-01 7.99e+01  -6.0 2.05e-01   0.6 2.96e-02 1.58e-03h  1
 156  8.9494381e+06 1.51e-01 7.57e+01  -6.0 2.29e-01   0.1 2.05e-02 5.09e-02h  1
 157  8.9494333e+06 1.45e-01 8.01e+01  -6.0 1.90e-01   0.5 5.70e-02 4.04e-02h  1
 158  8.9494180e+06 1.40e-01 7.90e+01  -6.0 2.43e-01   0.0 6.22e-02 3.47e-02h  1
 159  8.9494096e+06 1.31e-01 8.13e+01  -6.0 1.80e-01   0.5 8.84e-02 6.36e-02h  1
iter    objective    inf_pr   inf_du lg(mu)  ||d||  lg(rg) alpha_du alpha_pr  ls
 160  8.9493916e+06 1.26e-01 7.78e+01  -6.0 2.66e-01  -0.0 1.22e-01 3.96e-02h  1
 161  8.9493908e+06 1.25e-01 9.68e+01  -6.0 1.59e-01   0.4 1.08e-01 5.77e-03h  1
 162  8.9493716e+06 1.20e-01 9.28e+01  -6.0 2.93e-01  -0.1 4.20e-02 4.05e-02h  1
 163  8.9493652e+06 1.15e-01 9.90e+01  -6.0 1.49e-01   0.4 1.20e-01 3.97e-02h  1
 164  8.9493345e+06 1.08e-01 9.63e+01  -6.0 3.22e-01  -0.1 1.62e-02 5.88e-02h  1
 165  8.9493180e+06 9.85e-02 8.96e+01  -6.0 1.36e-01   0.3 1.23e-01 8.96e-02h  1
 166  8.9493140e+06 9.79e-02 8.82e+01  -6.0 3.51e-01  -0.2 1.50e-02 6.83e-03h  1
 167  8.9492972e+06 8.99e-02 8.09e+01  -6.0 1.49e-01   0.3 6.28e-02 8.09e-02h  1
 168  8.9492910e+06 8.91e-02 7.71e+01  -6.0 3.85e-01  -0.2 3.68e-02 9.75e-03h  1
 169  8.9492864e+06 8.73e-02 8.99e+01  -6.0 1.65e-01   0.2 1.02e-01 2.01e-02h  1
iter    objective    inf_pr   inf_du lg(mu)  ||d||  lg(rg) alpha_du alpha_pr  ls
 170  8.9492720e+06 8.54e-02 8.62e+01  -6.0 4.22e-01  -0.3 3.79e-02 2.09e-02h  1
 171  8.9492638e+06 8.28e-02 9.15e+01  -6.0 1.81e-01   0.2 7.69e-02 3.13e-02h  1
 172  8.9492503e+06 8.13e-02 7.51e+01  -6.0 4.62e-01  -0.3 7.79e-02 1.82e-02h  1
 173  8.9492344e+06 7.68e-02 7.78e+01  -6.0 2.00e-01   0.1 1.05e-01 5.52e-02h  1
 174  8.9492016e+06 7.37e-02 6.99e+01  -6.0 6.70e-01  -0.4 5.28e-02 4.06e-02h  1
 175  8.9491879e+06 7.00e-02 6.58e+01  -6.0 1.77e-01   0.1 3.96e-02 4.91e-02h  1
 176  8.9491684e+06 6.83e-02 5.34e+01  -6.0 1.56e+00  -0.4 4.64e-02 2.48e-02h  1
 177  8.9491619e+06 6.69e-02 5.23e+01  -6.0 1.91e-01   0.0 3.30e-02 2.13e-02h  1
 178  8.9491417e+06 6.52e-02 5.18e+01  -6.0 4.97e-01  -0.5 2.33e-02 2.45e-02h  1
 179  8.9491296e+06 6.29e-02 4.01e+01  -6.0 2.16e-01  -0.0 2.09e-01 3.61e-02h  1
iter    objective    inf_pr   inf_du lg(mu)  ||d||  lg(rg) alpha_du alpha_pr  ls
 180  8.9491159e+06 6.19e-02 2.50e+01  -6.0 5.42e-01  -0.5 6.09e-02 1.60e-02h  1
 181  8.9490895e+06 5.73e-02 2.15e+01  -6.0 2.51e-01  -0.1 1.04e-01 7.38e-02h  1
 182  8.9490869e+06 5.61e-02 2.57e+01  -6.0 1.03e-01   0.3 1.38e-01 2.08e-02h  1
 183  8.9490680e+06 5.33e-02 2.75e+01  -6.0 2.78e-01  -0.1 1.93e-02 4.95e-02h  1
 184  8.9490613e+06 5.08e-02 2.52e+01  -6.0 1.15e-01   0.3 4.22e-02 4.80e-02h  1
 185  8.9490595e+06 5.06e-02 2.43e+01  -6.0 3.05e-01  -0.2 3.91e-02 4.31e-03h  1
 186  8.9490473e+06 4.65e-02 5.56e+01  -6.0 1.27e-01   0.2 2.30e-01 8.03e-02h  1
 187  8.9490288e+06 4.46e-02 5.17e+01  -6.0 3.34e-01  -0.2 5.84e-02 4.13e-02h  1
 188  8.9490144e+06 4.08e-02 4.93e+01  -6.0 1.39e-01   0.2 9.68e-02 8.56e-02h  1
 189  8.9489992e+06 3.95e-02 3.89e+01  -6.0 3.63e-01  -0.3 1.28e-01 3.15e-02h  1
iter    objective    inf_pr   inf_du lg(mu)  ||d||  lg(rg) alpha_du alpha_pr  ls
 190  8.9489918e+06 3.79e-02 7.38e+01  -6.0 1.51e-01   0.1 2.27e-01 4.00e-02h  1
 191  8.9489676e+06 3.61e-02 4.98e+01  -6.0 3.86e-01  -0.3 1.78e-01 4.72e-02h  1
 192  8.9489577e+06 3.42e-02 2.11e+02  -6.0 1.40e-01   0.1 9.94e-01 5.21e-02h  1
 193  8.9489271e+06 3.20e-02 2.10e+02  -6.0 3.87e-01  -0.4 1.33e-03 6.41e-02h  1
 194  8.9489181e+06 3.05e-02 2.44e+02  -6.0 1.56e-01   0.0 3.36e-01 4.78e-02h  1
 195  8.9489071e+06 2.98e-02 2.38e+02  -6.0 4.32e-01  -0.4 2.52e-02 2.14e-02h  1
 196  8.9488936e+06 2.79e-02 3.42e+02  -6.0 1.74e-01  -0.0 9.69e-01 6.61e-02h  1
 197  8.9488643e+06 2.64e-02 3.19e+02  -6.0 4.82e-01  -0.5 6.56e-02 5.36e-02h  1
 198  8.9488484e+06 2.44e-02 3.37e+02  -6.0 1.94e-01  -0.1 7.74e-01 7.64e-02h  1
 199  8.9488216e+06 2.32e-02 2.75e+02  -6.0 9.24e-01  -0.5 1.42e-01 4.77e-02h  1
iter    objective    inf_pr   inf_du lg(mu)  ||d||  lg(rg) alpha_du alpha_pr  ls
 200  8.9488173e+06 2.27e-02 2.75e+02  -6.0 1.96e-01  -0.1 4.25e-01 2.03e-02h  1
 201  8.9488020e+06 2.20e-02 2.35e+02  -6.0 1.33e+00  -0.6 9.02e-02 3.04e-02h  1
 202  8.9487890e+06 2.06e-02 2.18e+02  -6.0 2.19e-01  -0.2 1.63e-01 6.64e-02h  1
 203  8.9487555e+06 1.92e-02 2.15e+02  -6.0 5.59e-01  -0.7 4.95e-02 6.65e-02h  1
 204  8.9487531e+06 1.90e-02 1.36e+02  -6.0 2.41e-01  -0.2 3.52e-01 1.16e-02h  1
 205  8.9487427e+06 1.86e-02 1.01e+02  -6.0 6.17e-01  -0.7 4.88e-02 2.07e-02h  1
 206  8.9487299e+06 1.75e-02 5.25e+01  -6.0 2.70e-01  -0.3 1.67e-01 5.97e-02h  1
 207  8.9487132e+06 1.69e-02 2.78e+01  -6.0 6.72e-01  -0.8 7.89e-02 3.24e-02h  1
 208  8.9487010e+06 1.60e-02 2.62e+01  -6.0 2.95e-01  -0.3 4.91e-02 5.61e-02h  1
 209  8.9486855e+06 1.55e-02 2.52e+01  -6.0 6.24e-01  -0.8 8.96e-03 3.21e-02h  1
iter    objective    inf_pr   inf_du lg(mu)  ||d||  lg(rg) alpha_du alpha_pr  ls
 210  8.9486812e+06 1.52e-02 2.47e+01  -6.0 3.29e-01  -0.4 2.65e-02 1.87e-02h  1
 211  8.9486688e+06 1.48e-02 2.90e+01  -6.0 7.91e-01  -0.9 1.31e-02 2.27e-02h  1
 212  8.9486637e+06 1.45e-02 3.61e+01  -6.0 3.61e-01  -0.4 8.66e-03 2.06e-02h  1
 213  8.9486492e+06 1.42e-02 2.31e+01  -6.0 8.58e-01  -0.9 3.61e-02 2.44e-02f  1
 214  8.9486434e+06 1.39e-02 3.33e+01  -6.0 3.95e-01  -0.5 8.82e-02 2.19e-02h  1
 215  8.9486299e+06 1.36e-02 2.53e+01  -6.0 9.23e-01  -1.0 1.76e-02 2.18e-02h  1
 216  8.9486160e+06 1.29e-02 8.09e+01  -6.0 4.33e-01  -0.5 1.13e-01 4.99e-02h  1
 217  8.9486088e+06 1.27e-02 1.68e+02  -6.0 9.90e-01  -1.0 6.21e-02 1.11e-02h  1
 218  8.9486024e+06 1.25e-02 2.62e+02  -6.0 4.74e-01  -0.6 1.32e-01 2.18e-02h  1
 219  8.9485785e+06 1.20e-02 2.85e+02  -6.0 1.06e+00  -1.1 5.51e-02 3.56e-02f  1
iter    objective    inf_pr   inf_du lg(mu)  ||d||  lg(rg) alpha_du alpha_pr  ls
 220  8.9485697e+06 1.17e-02 2.99e+02  -6.0 5.15e-01  -0.6 5.36e-02 2.86e-02h  1
 221  8.9485456e+06 1.13e-02 2.70e+02  -6.0 1.13e+00  -1.1 2.38e-02 3.52e-02f  1
 222  8.9485304e+06 1.07e-02 3.39e+02  -6.0 5.57e-01  -0.7 1.34e-01 4.79e-02h  1
 223  8.9485239e+06 1.06e-02 4.27e+02  -6.0 1.19e+00  -1.2 6.70e-02 9.58e-03h  1
 224  8.9485070e+06 1.00e-02 4.14e+02  -6.0 6.03e-01  -0.7 6.58e-02 5.53e-02h  1
 225  8.9485028e+06 9.97e-03 4.27e+02  -6.0 1.30e+00  -1.2 1.71e-02 6.83e-03h  1
 226  8.9484960e+06 9.72e-03 4.47e+02  -6.0 5.44e-01  -0.8 5.43e-02 2.54e-02h  1
 227  8.9484768e+06 9.39e-03 4.13e+02  -6.0 1.43e+00  -1.3 2.19e-02 3.37e-02f  1
 228  8.9484734e+06 9.27e-03 4.17e+02  -6.0 6.03e-01  -0.8 2.32e-02 1.24e-02h  1
 229  8.9484550e+06 8.98e-03 4.44e+02  -6.0 1.56e+00  -1.3 6.22e-02 3.20e-02f  1
iter    objective    inf_pr   inf_du lg(mu)  ||d||  lg(rg) alpha_du alpha_pr  ls
 230  8.9484483e+06 8.77e-03 4.61e+02  -6.0 6.67e-01  -0.9 5.61e-02 2.31e-02h  1
 231  8.9484393e+06 8.64e-03 4.67e+02  -6.0 1.70e+00  -1.4 2.59e-02 1.53e-02h  1
 232  8.9484293e+06 8.36e-03 4.76e+02  -6.0 7.37e-01  -0.9 6.39e-02 3.26e-02h  1
 233  8.9484251e+06 8.30e-03 4.83e+02  -6.0 2.19e+00  -1.4 2.05e-02 6.98e-03h  1
 234  8.9484090e+06 7.87e-03 4.50e+02  -6.0 8.14e-01  -1.0 3.10e-02 5.13e-02h  1
 235  8.9484039e+06 7.81e-03 4.73e+02  -6.0 2.68e+00  -1.5 4.99e-02 8.54e-03h  1
 236  8.9484016e+06 7.75e-03 4.70e+02  -6.0 8.95e-01  -1.0 1.70e-02 7.66e-03h  1
 237  8.9483915e+06 7.62e-03 4.62e+02  -6.0 9.78e+00  -1.5 1.72e-02 1.69e-02h  1
 238  8.9483816e+06 7.37e-03 4.55e+02  -6.0 9.82e-01  -1.1 1.55e-02 3.22e-02h  1
 239  8.9483736e+06 7.27e-03 4.31e+02  -6.0 2.33e+00  -1.6 6.46e-02 1.44e-02h  1
iter    objective    inf_pr   inf_du lg(mu)  ||d||  lg(rg) alpha_du alpha_pr  ls
 240  8.9483672e+06 7.11e-03 4.09e+02  -6.0 1.08e+00  -1.1 5.10e-02 2.08e-02h  1
 241  8.9483539e+06 6.94e-03 3.78e+02  -6.0 2.51e+00  -1.6 8.76e-02 2.42e-02h  1
 242  8.9483488e+06 6.83e-03 3.23e+02  -6.0 1.18e+00  -1.2 1.26e-01 1.67e-02h  1
 243  8.9483176e+06 6.43e-03 3.17e+02  -6.0 2.69e+00  -1.7 1.76e-02 5.90e-02f  1
 244  8.9483129e+06 6.32e-03 2.82e+02  -6.0 1.28e+00  -1.2 8.32e-02 1.63e-02h  1
 245  8.9483083e+06 6.26e-03 2.78e+02  -6.0 2.85e+00  -1.7 1.25e-02 9.52e-03h  1
 246  8.9482972e+06 6.02e-03 2.28e+02  -6.0 1.39e+00  -1.3 2.17e-01 3.85e-02h  1
 247  8.9482893e+06 5.92e-03 2.26e+02  -6.0 3.03e+00  -1.8 1.94e-03 1.70e-02h  1
 248  8.9482862e+06 5.85e-03 2.24e+02  -6.0 1.51e+00  -1.4 9.78e-03 1.14e-02h  1
 249  8.9482814e+06 5.79e-03 2.21e+02  -6.0 3.22e+00  -1.8 1.08e-02 1.08e-02h  1
iter    objective    inf_pr   inf_du lg(mu)  ||d||  lg(rg) alpha_du alpha_pr  ls
 250  8.9482766e+06 5.68e-03 2.14e+02  -6.0 1.65e+00  -1.4 3.15e-02 1.87e-02h  1
 251  8.9482629e+06 5.50e-03 2.05e+02  -6.0 3.42e+00  -1.9 4.76e-02 3.27e-02f  1
 252  8.9482556e+06 5.34e-03 2.01e+02  -6.0 1.78e+00  -1.5 2.04e-02 2.86e-02h  1
 253  8.9482480e+06 5.24e-03 1.86e+02  -6.0 3.57e+00  -1.9 7.16e-02 1.91e-02f  1
 254  8.9482446e+06 5.17e-03 1.44e+02  -6.0 1.91e+00  -1.5 1.52e-01 1.40e-02h  1
 255  8.9482264e+06 4.92e-03 1.27e+02  -6.0 3.74e+00  -2.0 8.99e-02 4.86e-02h  1
 256  8.9482215e+06 4.81e-03 1.22e+02  -6.0 2.03e+00  -1.6 2.92e-02 2.16e-02h  1
 257  8.9482172e+06 4.75e-03 1.18e+02  -6.0 3.85e+00  -2.0 2.46e-02 1.30e-02h  1
 258  8.9482105e+06 4.61e-03 1.14e+02  -6.0 2.17e+00  -1.6 3.11e-02 3.02e-02h  1
 259  8.9482069e+06 4.56e-03 1.10e+02  -6.0 4.01e+00  -2.1 2.98e-02 1.15e-02h  1
iter    objective    inf_pr   inf_du lg(mu)  ||d||  lg(rg) alpha_du alpha_pr  ls
 260  8.9481948e+06 4.30e-03 9.37e+01  -6.0 2.32e+00  -1.7 1.13e-01 5.67e-02h  1
 261  8.9481869e+06 4.18e-03 8.79e+01  -6.0 4.12e+00  -2.1 4.55e-02 2.72e-02h  1
 262  8.9481822e+06 4.08e-03 7.91e+01  -6.0 2.43e+00  -1.7 4.86e-02 2.42e-02h  1
 263  8.9481686e+06 3.89e-03 9.04e+01  -6.0 4.22e+00  -2.2 2.74e-02 4.98e-02h  1
 264  8.9481623e+06 3.75e-03 1.28e+01  -6.0 2.52e+00  -1.8 1.48e-01 3.55e-02h  1
 265  8.9481565e+06 3.66e-03 8.23e+01  -6.0 4.23e+00  -2.2 1.51e-01 2.51e-02h  1
 266  8.9481472e+06 3.45e-03 7.50e+01  -6.0 2.62e+00  -1.8 5.51e-02 5.85e-02h  1
 267  8.9481461e+06 3.43e-03 7.63e+01  -6.0 3.92e+00  -2.3 8.88e-03 5.75e-03h  1
 268  8.9481425e+06 3.33e-03 6.61e+01  -6.0 1.11e+00  -1.9 1.83e-02 2.99e-02h  1
 269  8.9481410e+06 3.25e-03 1.03e+02  -6.0 5.86e-01  -1.4 6.97e-02 2.17e-02h  1
iter    objective    inf_pr   inf_du lg(mu)  ||d||  lg(rg) alpha_du alpha_pr  ls
 270  8.9481347e+06 3.07e-03 1.13e+02  -6.0 1.22e+00  -1.9 8.28e-02 5.65e-02h  1
 271  8.9481292e+06 2.82e-03 7.88e+01  -6.0 6.01e-01  -1.5 4.73e-02 8.36e-02h  1
 272  8.9481255e+06 2.72e-03 8.77e+01  -6.0 1.32e+00  -2.0 5.82e-02 3.50e-02h  1
 273  8.9481225e+06 2.60e-03 8.87e+01  -6.0 7.24e-01  -1.5 5.47e-02 4.62e-02h  1
 274  8.9481199e+06 2.53e-03 1.56e+02  -6.0 1.44e+00  -2.0 1.90e-01 2.75e-02h  1
 275  8.9481156e+06 2.35e-03 1.86e+02  -6.0 7.69e-01  -1.6 1.55e-01 6.95e-02h  1
 276  8.9481078e+06 2.15e-03 1.66e+02  -6.0 1.56e+00  -2.1 7.74e-02 8.92e-02h  1
 277  8.9481033e+06 1.96e-03 1.65e+02  -6.0 7.52e-01  -1.6 1.30e-01 8.93e-02f  1
 278  8.9480998e+06 1.87e-03 1.58e+02  -6.0 1.66e+00  -2.1 5.09e-02 4.83e-02h  1
 279  8.9480990e+06 1.84e-03 1.75e+02  -6.0 8.53e-01  -1.7 8.99e-02 1.65e-02h  1
iter    objective    inf_pr   inf_du lg(mu)  ||d||  lg(rg) alpha_du alpha_pr  ls
 280  8.9480952e+06 1.74e-03 1.72e+02  -6.0 1.79e+00  -2.2 1.27e-01 6.15e-02h  1
 281  8.9480931e+06 1.65e-03 2.14e+02  -6.0 8.72e-01  -1.7 3.07e-01 5.33e-02h  1
 282  8.9480910e+06 1.58e-03 2.09e+02  -6.0 1.90e+00  -2.2 1.53e-01 3.95e-02h  1
 283  8.9480883e+06 1.46e-03 2.92e+02  -6.0 8.69e-01  -1.8 9.08e-01 7.80e-02h  1
 284  8.9480847e+06 1.36e-03 2.60e+02  -6.0 2.02e+00  -2.3 1.61e-01 7.92e-02h  1
 285  8.9480794e+06 1.17e-03 2.07e+02  -6.0 9.16e-01  -1.8 4.87e-01 1.94e-01h  1
 286  8.9480762e+06 1.09e-03 1.79e+02  -6.0 2.07e+00  -2.3 1.69e-01 9.65e-02h  1
 287  8.9480741e+06 9.92e-04 1.55e+02  -6.0 9.50e-01  -1.9 2.47e-01 1.15e-01h  1
 288  8.9480696e+06 9.10e-04 1.41e+02  -6.0 2.12e+00  -2.4 5.37e-02 1.72e-01h  1
 289  8.9480676e+06 7.76e-04 1.11e+02  -6.0 9.63e-01  -1.9 2.89e-01 1.68e-01h  1
iter    objective    inf_pr   inf_du lg(mu)  ||d||  lg(rg) alpha_du alpha_pr  ls
 290  8.9480645e+06 9.34e-04 8.93e+01  -6.0 2.06e+00  -2.4 1.97e-01 1.82e-01h  1
 291  8.9480624e+06 1.15e-03 3.24e+01  -6.0 3.21e+00  -2.9 4.90e-01 1.22e-01h  1
 292  8.9480619e+06 1.11e-03 2.59e+01  -6.0 1.88e+00  -2.5 1.39e-01 5.04e-02h  1
 293  8.9480601e+06 1.30e-03 2.25e+01  -6.0 2.97e+00  -3.0 1.33e-01 1.34e-01h  1
 294  8.9480587e+06 9.57e-04 1.56e+01  -6.0 1.59e+00  -2.5 2.84e-01 2.65e-01h  1
 295  8.9480582e+06 8.55e-04 1.17e+01  -6.0 2.95e+00  -3.0 1.61e-01 1.07e-01h  1
 296  8.9480577e+06 7.11e-04 1.73e+01  -6.0 1.51e+00  -2.6 1.00e+00 1.68e-01h  1
 297  8.9480564e+06 6.69e-04 1.09e+01  -6.0 2.80e+00  -3.1 2.81e-01 3.55e-01h  1
 298  8.9480554e+06 1.31e-03 8.57e+00  -6.0 3.36e+00  -3.5 1.00e+00 4.08e-01h  1
 299  8.9480546e+06 2.18e-03 2.38e+00  -6.0 2.73e+00  -4.0 7.12e-01 7.22e-01h  1
iter    objective    inf_pr   inf_du lg(mu)  ||d||  lg(rg) alpha_du alpha_pr  ls
 300  8.9480550e+06 4.33e-04 4.29e-04  -6.0 9.90e-01  -4.5 1.00e+00 1.00e+00h  1

Number of Iterations....: 300

                                   (scaled)                 (unscaled)
Objective...............:   6.8689115346349106e+04    8.9480550173182096e+06
Dual infeasibility......:   4.2887994915235059e-04    5.5869716205972995e-02
Constraint violation....:   3.3915099252527966e-04    4.3329088500210222e-04
Variable bound violation:   1.3068417814565692e-07    1.3068417814565692e-07
Complementarity.........:   2.3794342444863095e-05    3.0996626499552285e-03
Overall NLP error.......:   4.2887994915235059e-04    5.5869716205972995e-02


Number of objective function evaluations             = 301
Number of objective gradient evaluations             = 301
Number of equality constraint evaluations            = 301
Number of inequality constraint evaluations          = 302
Number of equality constraint Jacobian evaluations   = 301
Number of inequality constraint Jacobian evaluations = 301
Number of Lagrangian Hessian evaluations             = 300
Total seconds in IPOPT                               = 172.587

EXIT: Maximum Number of Iterations Exceeded.

