Solver command line: ['/opt/homebrew/bin/ipopt', '/var/folders/6y/bvynbx6n3zv7z3lwg6vd724r0000gn/T/tmpzar_bu34.pyomo.nl', '-AMPL', 'tol=1e-06', 'max_iter=300', 'print_level=5', 'warm_start_init_point=yes', 'warm_start_bound_push=1e-06', 'warm_start_bound_frac=1e-06', 'warm_start_mult_bound_push=1e-06', 'mu_init=1e-06', 'least_square_init_duals=no']

Ipopt 3.14.19: tol=1e-06
max_iter=300
print_level=5
warm_start_init_point=yes
warm_start_bound_push=1e-06
warm_start_bound_frac=1e-06
warm_start_mult_bound_push=1e-06
mu_init=1e-06
least_square_init_duals=no


******************************************************************************
This program contains Ipopt, a library for large-scale nonlinear optimization.
 Ipopt is released as open source code under the Eclipse Public License (EPL).
         For more information visit https://github.com/coin-or/Ipopt
******************************************************************************

This is Ipopt version 3.14.19, running with linear solver MUMPS 5.6.2.

Number of nonzeros in equality constraint Jacobian...:   211821
Number of nonzeros in inequality constraint Jacobian.:   163736
Number of nonzeros in Lagrangian Hessian.............:   115477

Total number of variables............................:    35502
                     variables with only lower bounds:        0
                variables with lower and upper bounds:    35502
                     variables with only upper bounds:        0
Total number of equality constraints.................:    27319
Total number of inequality constraints...............:    40934
        inequality constraints with only lower bounds:        0
   inequality constraints with lower and upper bounds:        0
        inequality constraints with only upper bounds:    40934

iter    objective    inf_pr   inf_du lg(mu)  ||d||  lg(rg) alpha_du alpha_pr  ls
   0  8.9480589e+06 2.70e+01 1.18e+03  -6.0 0.00e+00    -  0.00e+00 0.00e+00   0
   1  8.9480580e+06 2.70e+01 1.18e+03  -6.0 6.70e+00   0.0 2.01e-05 5.55e-06h  1
   2  8.9480568e+06 2.70e+01 1.18e+03  -6.0 6.53e+00   0.4 7.31e-06 7.36e-06h  1
   3  8.9480526e+06 2.70e+01 1.18e+03  -6.0 6.85e+00  -0.1 3.29e-06 2.54e-05h  1
   4  8.9480504e+06 2.70e+01 1.18e+03  -6.0 6.49e+00   0.4 2.15e-05 1.40e-05h  1
   5  8.9480372e+06 2.70e+01 1.18e+03  -6.0 6.91e+00  -0.1 2.60e-05 8.09e-05h  1
   6  8.9480270e+06 2.70e+01 1.18e+03  -6.0 6.61e+00   0.3 8.24e-06 6.52e-05h  1
   7  8.9479976e+06 2.70e+01 1.18e+03  -6.0 7.02e+00  -0.2 1.69e-05 1.86e-04h  1
   8  8.9479804e+06 2.70e+01 1.18e+03  -6.0 6.71e+00   0.3 4.51e-05 1.13e-04h  1
   9  8.9479651e+06 2.70e+01 1.18e+03  -6.0 7.10e+00  -0.2 5.10e-05 9.94e-05f  1
iter    objective    inf_pr   inf_du lg(mu)  ||d||  lg(rg) alpha_du alpha_pr  ls
  10  8.9479041e+06 2.70e+01 1.18e+03  -6.0 6.75e+00   0.2 5.39e-05 4.04e-04f  1
  11  8.9478818e+06 2.70e+01 1.18e+03  -6.0 6.38e+00   0.6 1.23e-05 1.53e-04h  1
  12  8.9477879e+06 2.70e+01 1.18e+03  -6.0 6.70e+00   0.2 1.83e-04 6.29e-04f  1
  13  8.9477338e+06 2.70e+01 1.18e+03  -6.0 5.75e+00   0.6 5.24e-05 3.82e-04h  1
  14  8.9475480e+06 2.69e+01 1.18e+03  -6.0 5.52e+00   0.1 6.03e-05 1.29e-03f  1
  15  8.9474504e+06 2.69e+01 1.18e+03  -6.0 4.39e+00   0.5 9.38e-05 7.50e-04h  1
  16  8.9474084e+06 2.69e+01 1.18e+03  -6.0 3.96e+00   0.1 3.42e-04 3.06e-04h  1
  17  8.9472489e+06 2.69e+01 1.18e+03  -6.0 4.01e+00   0.5 4.96e-05 1.26e-03f  1
  18  8.9472408e+06 2.69e+01 1.18e+03  -6.0 4.03e+00   0.0 6.17e-04 5.92e-05h  1
  19  8.9469910e+06 2.68e+01 1.18e+03  -6.0 4.10e+00   0.4 2.14e-05 2.00e-03f  1
iter    objective    inf_pr   inf_du lg(mu)  ||d||  lg(rg) alpha_du alpha_pr  ls
  20  8.9469664e+06 2.68e+01 1.18e+03  -6.0 4.38e+00  -0.0 6.89e-04 1.83e-04h  1
  21  8.9466751e+06 2.68e+01 1.17e+03  -6.0 4.44e+00   0.4 2.03e-04 2.39e-03f  1
  22  8.9466004e+06 2.67e+01 1.17e+03  -6.0 5.80e+00  -0.1 7.20e-04 5.69e-04h  1
  23  8.9463278e+06 2.67e+01 1.17e+03  -6.0 5.83e+00   0.3 1.43e-04 2.38e-03f  1
  24  8.9461618e+06 2.66e+01 1.17e+03  -6.0 7.33e+00  -0.1 9.49e-04 1.36e-03h  1
  25  8.9460171e+06 2.66e+01 1.17e+03  -6.0 6.51e+00   0.3 3.41e-04 1.45e-03h  1
  26  8.9459473e+06 2.66e+01 1.17e+03  -6.0 8.58e+00  -0.2 1.31e-03 6.40e-04h  1
  27  8.9458411e+06 2.66e+01 1.16e+03  -6.0 7.39e+00   0.2 6.68e-04 1.14e-03h  1
  28  8.9458016e+06 2.65e+01 1.16e+03  -6.0 8.25e+00   0.7 1.54e-05 5.37e-04h  1
  29  8.9456630e+06 2.65e+01 1.16e+03  -6.0 8.10e+00   0.2 4.18e-04 1.67e-03h  1
iter    objective    inf_pr   inf_du lg(mu)  ||d||  lg(rg) alpha_du alpha_pr  ls
  30  8.9456347e+06 2.65e+01 1.16e+03  -6.0 8.93e+00   0.6 2.20e-04 4.56e-04h  1
  31  8.9455565e+06 2.65e+01 1.16e+03  -6.0 8.82e+00   0.1 5.46e-04 1.06e-03h  1
  32  8.9455202e+06 2.64e+01 1.16e+03  -6.0 9.34e+00   0.6 2.19e-04 6.50e-04h  1
  33  8.9454532e+06 2.64e+01 1.16e+03  -6.0 9.33e+00   0.1 9.12e-04 9.87e-04h  1
  34  8.9454290e+06 2.64e+01 1.16e+03  -6.0 9.72e+00   0.5 4.35e-04 5.02e-04h  1
  35  8.9453291e+06 2.64e+01 1.16e+03  -6.0 9.69e+00   0.0 2.15e-04 1.61e-03h  1
  36  8.9453058e+06 2.63e+01 1.15e+03  -6.0 1.01e+01   0.5 1.22e-04 6.09e-04h  1
  37  8.9452538e+06 2.63e+01 1.15e+03  -6.0 1.03e+01  -0.0 2.83e-04 9.63e-04h  1
  38  8.9452309e+06 2.63e+01 1.15e+03  -6.0 1.04e+01   0.4 2.87e-04 7.09e-04h  1
  39  8.9452250e+06 2.63e+01 1.15e+03  -6.0 1.08e+01  -0.1 6.93e-04 1.19e-04h  1
iter    objective    inf_pr   inf_du lg(mu)  ||d||  lg(rg) alpha_du alpha_pr  ls
  40  8.9452031e+06 2.63e+01 1.15e+03  -6.0 1.06e+01   0.4 2.15e-05 7.75e-04f  1
  41  8.9451985e+06 2.63e+01 1.15e+03  -6.0 1.13e+01  -0.1 4.17e-04 1.00e-04h  1
  42  8.9451633e+06 2.62e+01 1.15e+03  -6.0 1.07e+01   0.3 1.91e-05 1.40e-03f  1
  43  8.9451528e+06 2.62e+01 1.15e+03  -6.0 1.19e+01  -0.2 1.31e-03 2.48e-04h  1
  44  8.9451279e+06 2.62e+01 1.15e+03  -6.0 1.10e+01   0.3 3.13e-05 1.39e-03h  1
  45  8.9451289e+06 2.62e+01 1.15e+03  -6.0 1.11e+01   0.7 2.59e-04 2.54e-04h  1
  46  8.9451229e+06 2.62e+01 1.15e+03  -6.0 1.12e+01   0.2 1.12e-04 7.12e-04h  1
  47  8.9451261e+06 2.62e+01 1.15e+03  -6.0 1.12e+01   0.6 2.83e-04 3.04e-04h  1
  48  8.9451200e+06 2.61e+01 1.14e+03  -6.0 1.13e+01   0.2 2.41e-04 2.22e-03h  1
  49  8.9451299e+06 2.61e+01 1.14e+03  -6.0 1.14e+01   0.6 2.16e-04 3.95e-04h  1
iter    objective    inf_pr   inf_du lg(mu)  ||d||  lg(rg) alpha_du alpha_pr  ls
  50  8.9451449e+06 2.61e+01 1.14e+03  -6.0 1.16e+01   0.1 1.47e-04 1.39e-03h  1
  51  8.9451575e+06 2.60e+01 1.14e+03  -6.0 1.16e+01   0.5 1.51e-04 3.27e-04h  1
  52  8.9452079e+06 2.60e+01 1.14e+03  -6.0 1.20e+01   0.1 5.07e-04 2.37e-03h  1
  53  8.9452298e+06 2.60e+01 1.14e+03  -6.0 1.19e+01   0.5 1.96e-04 4.13e-04h  1
  54  8.9453251e+06 2.59e+01 1.14e+03  -6.0 1.25e+01  -0.0 4.09e-04 2.88e-03h  1
  55  8.9453813e+06 2.59e+01 1.13e+03  -6.0 1.22e+01   0.4 3.10e-04 8.31e-04h  1
  56  8.9454152e+06 2.59e+01 1.13e+03  -6.0 1.29e+01  -0.1 7.04e-04 7.12e-04h  1
  57  8.9454750e+06 2.58e+01 1.13e+03  -6.0 1.23e+01   0.4 2.46e-04 8.06e-04h  1
  58  8.9454964e+06 2.58e+01 1.13e+03  -6.0 1.32e+01  -0.1 5.19e-04 4.08e-04h  1
  59  8.9455463e+06 2.58e+01 1.13e+03  -6.0 1.24e+01   0.3 1.10e-04 6.24e-04h  1
iter    objective    inf_pr   inf_du lg(mu)  ||d||  lg(rg) alpha_du alpha_pr  ls
  60  8.9455506e+06 2.58e+01 1.13e+03  -6.0 1.36e+01  -0.2 7.39e-04 8.18e-05h  1
  61  8.9457192e+06 2.58e+01 1.13e+03  -6.0 1.24e+01   0.3 2.36e-04 2.06e-03h  1
  62  8.9457314e+06 2.58e+01 1.13e+03  -6.0 1.40e+01  -0.2 5.01e-04 2.07e-04h  1
  63  8.9458068e+06 2.57e+01 1.13e+03  -6.0 1.27e+01   0.2 3.07e-04 8.42e-04h  1
  64  8.9458659e+06 2.57e+01 1.13e+03  -6.0 1.26e+01   0.6 1.35e-04 5.33e-04h  1
  65  8.9459280e+06 2.57e+01 1.13e+03  -6.0 1.30e+01   0.2 7.44e-04 6.50e-04h  1
  66  8.9460955e+06 2.57e+01 1.13e+03  -6.0 1.27e+01   0.6 2.18e-05 1.43e-03h  1
  67  8.9461647e+06 2.56e+01 1.12e+03  -6.0 1.33e+01   0.1 9.76e-04 6.59e-04h  1
  68  8.9462403e+06 2.56e+01 1.12e+03  -6.0 1.28e+01   0.5 1.09e-04 5.51e-04h  1
  69  8.9462417e+06 2.56e+01 1.12e+03  -6.0 1.35e+01   0.1 2.00e-04 1.14e-05h  1
iter    objective    inf_pr   inf_du lg(mu)  ||d||  lg(rg) alpha_du alpha_pr  ls
  70  8.9462573e+06 2.56e+01 1.12e+03  -6.0 1.29e+01   0.5 1.83e-04 1.09e-04h  1
  71  8.9462899e+06 2.56e+01 1.12e+03  -6.0 1.36e+01   0.0 2.47e-04 2.65e-04h  1
  72  8.9464363e+06 2.56e+01 1.12e+03  -6.0 1.29e+01   0.4 1.61e-04 9.80e-04h  1
  73  8.9464503e+06 2.56e+01 1.12e+03  -6.0 1.38e+01  -0.0 6.28e-04 1.09e-04h  1
  74  8.9466000e+06 2.56e+01 1.12e+03  -6.0 1.29e+01   0.4 2.39e-04 9.50e-04h  1
  75  8.9466279e+06 2.56e+01 1.12e+03  -6.0 1.40e+01  -0.1 6.98e-04 2.13e-04h  1
  76  8.9471218e+06 2.55e+01 1.12e+03  -6.0 1.30e+01   0.3 2.67e-04 3.04e-03h  1
  77  8.9472546e+06 2.55e+01 1.12e+03  -6.0 1.43e+01  -0.1 2.08e-04 9.33e-04h  1
  78  8.9478213e+06 2.54e+01 1.11e+03  -6.0 1.34e+01   0.3 3.74e-04 3.17e-03h  1
  79  8.9480088e+06 2.54e+01 1.11e+03  -6.0 1.45e+01  -0.2 4.22e-06 1.19e-03h  1
iter    objective    inf_pr   inf_du lg(mu)  ||d||  lg(rg) alpha_du alpha_pr  ls
  80  8.9481017e+06 2.53e+01 1.11e+03  -6.0 1.36e+01   0.2 9.97e-04 4.75e-04h  1
  81  8.9481334e+06 2.53e+01 1.11e+03  -6.0 1.33e+01   0.7 2.33e-04 1.44e-04h  1
  82  8.9483751e+06 2.53e+01 1.11e+03  -6.0 1.38e+01   0.2 3.98e-04 1.20e-03h  1
  83  8.9484077e+06 2.53e+01 1.11e+03  -6.0 1.33e+01   0.6 1.66e-04 1.42e-04h  1
  84  8.9486988e+06 2.53e+01 1.11e+03  -6.0 1.39e+01   0.1 5.20e-04 1.42e-03h  1
  85  8.9488486e+06 2.53e+01 1.11e+03  -6.0 1.34e+01   0.6 6.79e-05 6.29e-04h  1
  86  8.9491460e+06 2.52e+01 1.11e+03  -6.0 1.41e+01   0.1 7.55e-04 1.40e-03h  1
  87  8.9494145e+06 2.52e+01 1.10e+03  -6.0 1.34e+01   0.5 2.19e-04 1.09e-03h  1
  88  8.9500604e+06 2.51e+01 1.10e+03  -6.0 1.43e+01   0.0 7.48e-04 2.87e-03h  1
  89  8.9505033e+06 2.51e+01 1.10e+03  -6.0 1.36e+01   0.5 2.80e-04 1.68e-03h  1
iter    objective    inf_pr   inf_du lg(mu)  ||d||  lg(rg) alpha_du alpha_pr  ls
  90  8.9507945e+06 2.50e+01 1.10e+03  -6.0 1.45e+01  -0.0 4.52e-04 1.22e-03h  1
  91  8.9509306e+06 2.50e+01 1.10e+03  -6.0 1.38e+01   0.4 3.72e-04 4.91e-04h  1
  92  8.9511908e+06 2.50e+01 1.10e+03  -6.0 1.46e+01  -0.1 1.16e-03 1.08e-03h  1
  93  8.9513257e+06 2.50e+01 1.10e+03  -6.0 1.39e+01   0.4 4.45e-04 4.77e-04h  1
  94  8.9518905e+06 2.49e+01 1.09e+03  -6.0 1.47e+01  -0.1 2.80e-04 2.30e-03h  1
  95  8.9520223e+06 2.49e+01 1.09e+03  -6.0 1.40e+01   0.3 2.15e-04 4.45e-04h  1
  96  8.9527213e+06 2.49e+01 1.09e+03  -6.0 1.48e+01  -0.2 1.44e-04 2.78e-03h  1
  97  8.9528816e+06 2.48e+01 1.09e+03  -6.0 1.41e+01   0.3 5.26e-04 5.21e-04h  1
  98  8.9529718e+06 2.48e+01 1.09e+03  -6.0 1.37e+01   0.7 4.12e-04 2.64e-04h  1
  99  8.9530694e+06 2.48e+01 1.09e+03  -6.0 1.42e+01   0.2 1.36e-04 3.11e-04h  1
iter    objective    inf_pr   inf_du lg(mu)  ||d||  lg(rg) alpha_du alpha_pr  ls
 100r 8.9530694e+06 2.48e+01 1.00e+03   1.1 0.00e+00   0.6 0.00e+00 2.71e-07R  6
 101r 8.9527247e+06 2.48e+01 1.00e+03   1.1 1.01e+06    -  2.31e-08 5.16e-07f  1
 102r 8.9506368e+06 2.51e+01 1.00e+03   1.1 3.25e+04    -  8.39e-07 3.15e-05f  1
 103r 8.9136817e+06 2.62e+01 1.00e+03   1.1 2.48e+04    -  8.07e-06 1.33e-04f  1
 104r 8.7904043e+06 2.90e+01 1.00e+03   1.1 3.85e+04    -  2.13e-05 3.68e-04f  1
 105r 8.7407615e+06 2.99e+01 9.99e+02   1.1 6.25e+04    -  1.45e-04 1.47e-04f  1
 106r 8.6884388e+06 3.08e+01 9.99e+02   1.1 3.64e+04    -  1.19e-04 1.63e-04f  1
 107r 8.6249242e+06 3.20e+01 9.99e+02   1.1 3.89e+04    -  7.19e-05 2.12e-04f  1
 108r 8.5890232e+06 3.27e+01 9.99e+02   1.1 2.85e+04    -  1.92e-04 1.34e-04f  1
 109r 8.5235278e+06 3.42e+01 9.99e+02   1.1 2.11e+04    -  9.65e-05 2.77e-04f  1
iter    objective    inf_pr   inf_du lg(mu)  ||d||  lg(rg) alpha_du alpha_pr  ls
 110r 8.4750802e+06 3.54e+01 9.98e+02   1.1 1.01e+04    -  3.21e-04 2.40e-04f  1
 111r 8.4317268e+06 3.64e+01 9.98e+02   1.1 1.60e+04    -  2.30e-04 2.75e-04f  1
 112r 8.3875869e+06 3.74e+01 9.98e+02   1.1 1.39e+04    -  4.44e-04 3.41e-04f  1
 113r 8.3387659e+06 3.86e+01 9.97e+02   1.1 1.29e+04    -  8.66e-04 5.10e-04f  1
 114r 8.2917017e+06 3.97e+01 9.96e+02   1.1 8.26e+03    -  1.25e-03 8.50e-04f  1
 115r 8.2674456e+06 4.05e+01 9.95e+02   1.1 4.74e+03    -  1.51e-03 1.12e-03f  1
 116r 8.2661985e+06 4.10e+01 9.92e+02   1.1 3.04e+03    -  5.71e-03 1.42e-03f  1
 117r 8.3578693e+06 4.02e+01 9.84e+02   1.1 2.00e+03    -  1.20e-02 5.39e-03f  1
 118r 8.6242050e+06 3.56e+01 9.67e+02   1.1 1.20e+03    -  3.53e-02 1.15e-02f  1
 119r 9.5406070e+06 1.79e+01 9.16e+02   1.1 8.77e+02    -  6.82e-02 5.28e-02f  1
iter    objective    inf_pr   inf_du lg(mu)  ||d||  lg(rg) alpha_du alpha_pr  ls
 120r 9.5869195e+06 1.74e+01 9.09e+02   1.1 1.83e+03    -  2.58e-02 5.34e-03f  1
 121r 9.7401849e+06 2.95e+01 8.90e+02   1.1 2.23e+03    -  1.75e-01 1.59e-02f  1
 122r 1.1088631e+07 6.30e+01 7.16e+02   1.1 5.88e+02    -  1.66e-01 2.05e-01f  1
 123r 1.2402334e+07 5.12e+01 3.57e+02   1.1 1.13e+02    -  5.50e-01 4.67e-01f  1
 124r 1.2231345e+07 4.98e+01 3.35e+02   0.4 8.56e+01    -  8.57e-01 2.73e-01f  1
 125r 1.1955432e+07 4.96e+01 2.74e+02   0.4 2.64e+01  -2.0 1.00e+00 6.54e-01f  1
 126  1.1625291e+07 4.87e+01 9.70e+01  -6.0 8.31e+02    -  3.56e-02 1.82e-02f  1
 127  1.1247832e+07 4.72e+01 9.42e+01  -6.0 2.80e+02    -  2.81e-02 3.12e-02f  1
 128  1.0735461e+07 4.46e+01 9.14e+01  -6.0 3.06e+02    -  2.38e-02 5.27e-02f  1
 129  1.0219467e+07 4.11e+01 8.34e+01  -6.0 2.80e+02    -  8.93e-02 7.75e-02f  1
iter    objective    inf_pr   inf_du lg(mu)  ||d||  lg(rg) alpha_du alpha_pr  ls
 130  9.9920919e+06 3.83e+01 6.75e+01  -6.0 2.32e+02    -  2.17e-01 6.52e-02f  1
 131  9.6245643e+06 3.14e+01 5.36e+01  -6.0 2.16e+02    -  2.12e-01 1.74e-01f  1
 132  9.4841414e+06 2.73e+01 4.60e+01  -6.0 1.86e+02    -  1.46e-01 1.27e-01f  1
 133  9.3946356e+06 2.42e+01 3.81e+01  -6.0 1.71e+02    -  1.83e-01 1.13e-01f  1
 134  9.3045178e+06 2.05e+01 2.78e+01  -6.0 1.59e+02    -  2.95e-01 1.50e-01f  1
 135  9.2229594e+06 1.67e+01 2.38e+01  -6.0 1.44e+02    -  1.62e-01 1.83e-01f  1
 136  9.2222320e+06 1.66e+01 2.37e+01  -6.0 2.41e+01   0.2 3.04e-02 5.04e-03f  1
 137  9.2178490e+06 1.61e+01 9.36e+01  -6.0 3.12e+01  -0.3 3.67e-02 2.73e-02f  1
 138  9.2105823e+06 1.55e+01 8.86e+01  -6.0 3.32e+01  -0.8 3.86e-02 4.03e-02f  1
 139  9.2058669e+06 1.51e+01 8.65e+01  -6.0 2.82e+01  -1.3 5.06e-02 2.37e-02f  1
iter    objective    inf_pr   inf_du lg(mu)  ||d||  lg(rg) alpha_du alpha_pr  ls
 140  9.1967172e+06 1.45e+01 8.36e+01  -6.0 3.42e+01  -1.8 7.92e-02 4.01e-02f  1
 141  9.1856158e+06 1.37e+01 7.98e+01  -6.0 2.92e+01  -1.3 9.01e-02 5.88e-02f  1
 142  9.1788836e+06 1.32e+01 7.74e+01  -6.0 3.30e+01  -1.8 8.68e-02 3.25e-02f  1
 143  9.1714004e+06 1.26e+01 7.45e+01  -6.0 2.92e+01  -1.4 2.07e-01 4.37e-02f  1
 144  9.1523634e+06 1.14e+01 6.80e+01  -6.0 2.67e+01  -1.9 2.31e-01 9.82e-02f  1
 145  9.1355990e+06 1.01e+01 6.06e+01  -6.0 2.08e+01  -1.4 5.34e-02 1.15e-01f  1
 146  9.1317645e+06 9.74e+00 5.83e+01  -6.0 1.67e+01  -1.0 7.27e-02 3.53e-02f  1
 147  9.1202972e+06 8.86e+00 5.32e+01  -6.0 1.67e+01  -1.5 1.17e-01 9.02e-02f  1
 148  9.1034747e+06 7.82e+00 4.74e+01  -6.0 2.24e+01  -2.0 8.14e-02 1.17e-01f  1
 149  9.1020243e+06 7.72e+00 4.68e+01  -6.0 1.58e+01  -1.5 2.79e-01 1.36e-02f  1
iter    objective    inf_pr   inf_du lg(mu)  ||d||  lg(rg) alpha_du alpha_pr  ls
 150  9.0869920e+06 6.37e+00 3.65e+01  -6.0 1.37e+01  -1.1 1.51e-01 1.75e-01f  1
 151  9.0848210e+06 6.14e+00 3.51e+01  -6.0 1.01e+01  -0.7 1.84e-01 3.61e-02f  1
 152  9.0808731e+06 5.64e+00 4.17e+01  -6.0 9.37e+00  -0.3 1.18e-01 8.15e-02f  1
 153  9.0805020e+06 5.59e+00 1.37e+02  -6.0 8.52e+00   0.2 1.21e-01 9.86e-03f  1
 154  9.0798907e+06 5.51e+00 1.39e+02  -6.0 6.01e+01  -0.3 2.00e-02 1.42e-02f  1
 155  9.0776334e+06 5.17e+00 1.88e+02  -6.0 8.32e+00   0.1 1.34e-01 6.24e-02f  1
 156  9.0775591e+06 5.15e+00 2.88e+02  -6.0 7.62e+00   0.5 4.87e-02 2.59e-03h  1
 157  9.0758613e+06 4.90e+00 2.96e+02  -6.0 8.26e+00   0.1 9.62e-02 4.87e-02f  1
 158  9.0749992e+06 4.75e+00 2.99e+02  -6.0 7.88e+00   0.5 4.03e-02 3.12e-02f  1
 159  9.0742832e+06 4.60e+00 1.65e+02  -6.0 7.20e+00   0.9 4.39e-04 3.19e-02f  1
iter    objective    inf_pr   inf_du lg(mu)  ||d||  lg(rg) alpha_du alpha_pr  ls
 160  9.0740504e+06 4.56e+00 2.35e+02  -6.0 7.72e+00   0.4 7.75e-02 8.88e-03f  1
 161  9.0730253e+06 4.33e+00 1.84e+02  -6.0 7.23e+00   0.9 2.68e-03 4.96e-02f  1
 162  9.0724518e+06 4.23e+00 1.83e+02  -6.0 7.09e+00   0.4 3.66e-02 2.38e-02f  1
 163  9.0719224e+06 4.11e+00 1.94e+02  -6.0 6.79e+00   0.8 2.98e-02 2.89e-02f  1
 164  9.0713936e+06 4.01e+00 1.91e+02  -6.0 6.60e+00   0.3 1.69e-01 2.36e-02f  1
 165  9.0712462e+06 3.98e+00 1.91e+02  -6.0 7.32e+00   0.8 1.89e-02 7.78e-03h  1
 166  9.0708899e+06 3.88e+00 3.22e+02  -6.0 7.07e+00   1.2 4.41e-02 2.34e-02f  1
 167  9.0692075e+06 3.53e+00 2.83e+02  -6.0 7.16e+00   0.7 3.04e-02 9.16e-02f  1
 168  9.0692075e+06 3.53e+00 2.83e+02  -6.0 6.45e+00   1.1 1.69e-02 5.44e-08h  2
 169  9.0691782e+06 3.52e+00 4.89e+02  -6.0 6.22e+00   0.7 1.37e-01 1.69e-03h  1
iter    objective    inf_pr   inf_du lg(mu)  ||d||  lg(rg) alpha_du alpha_pr  ls
 170  9.0691410e+06 3.51e+00 5.91e+02  -6.0 6.37e+00   1.1 1.87e-02 3.01e-03h  1
 171  9.0689790e+06 3.48e+00 6.82e+02  -6.0 6.45e+00   0.6 9.60e-02 9.50e-03h  1
 172  9.0681129e+06 3.23e+00 3.32e+02  -6.0 6.37e+00   1.0 1.29e-03 7.12e-02f  1
 173  9.0678450e+06 3.13e+00 3.60e+02  -6.0 5.88e+00   1.5 2.27e-02 3.23e-02h  1
 174  9.0673984e+06 3.00e+00 3.57e+02  -6.0 5.82e+00   1.0 9.02e-02 4.02e-02f  1
 175  9.0672138e+06 2.92e+00 3.65e+02  -6.0 5.60e+00   1.4 6.49e-03 2.63e-02h  1
 176  9.0666263e+06 2.77e+00 3.55e+02  -6.0 5.50e+00   0.9 7.75e-02 5.38e-02f  1
 177  9.0665794e+06 2.75e+00 8.76e+02  -6.0 5.20e+00   1.4 8.38e-02 7.23e-03h  1
 178  9.0663962e+06 2.70e+00 9.27e+02  -6.0 5.18e+00   0.9 8.42e-02 1.69e-02h  1
 179  9.0661044e+06 2.58e+00 1.34e+03  -6.0 5.09e+00   1.3 1.02e-01 4.55e-02h  1
iter    objective    inf_pr   inf_du lg(mu)  ||d||  lg(rg) alpha_du alpha_pr  ls
 180  9.0659746e+06 2.48e+00 4.08e+02  -6.0 4.85e+00   1.7 2.65e-03 3.83e-02h  1
 181  9.0658449e+06 2.43e+00 8.44e+02  -6.0 4.73e+00   1.3 9.43e-02 2.06e-02h  1
 182  9.0657434e+06 2.34e+00 8.19e+02  -6.0 4.64e+00   1.7 2.25e-03 3.53e-02h  1
 183  9.0654800e+06 2.24e+00 7.84e+02  -6.0 4.47e+00   1.2 3.92e-02 4.27e-02h  1
 184  9.0654181e+06 2.19e+00 7.69e+02  -6.0 4.29e+00   1.6 3.24e-02 2.07e-02h  1
 185  9.0650807e+06 2.08e+00 7.31e+02  -6.0 4.19e+00   1.2 5.24e-02 5.02e-02f  1
 186  9.0650146e+06 2.05e+00 7.18e+02  -6.0 4.02e+00   1.6 1.91e-02 1.88e-02h  1
 187  9.0647135e+06 1.96e+00 6.88e+02  -6.0 3.90e+00   1.1 2.11e-02 4.12e-02f  1
 188  9.0645267e+06 1.85e+00 6.53e+02  -6.0 3.74e+00   1.5 1.94e-04 5.56e-02h  1
 189  9.0645031e+06 1.82e+00 2.33e+03  -6.0 3.53e+00   2.0 1.04e-01 1.84e-02h  1
iter    objective    inf_pr   inf_du lg(mu)  ||d||  lg(rg) alpha_du alpha_pr  ls
 190  9.0641467e+06 1.64e+00 1.98e+03  -6.0 3.45e+00   1.5 5.98e-02 1.00e-01h  1
 191  9.0641117e+06 1.58e+00 1.80e+03  -6.0 3.10e+00   1.9 2.67e-02 3.24e-02h  1
 192  9.0640992e+06 1.58e+00 1.77e+03  -6.0 2.99e+00   1.4 5.95e-02 3.30e-03h  1
 193  9.0640816e+06 1.55e+00 2.22e+03  -6.0 2.99e+00   1.9 4.88e-02 1.66e-02h  1
 194  9.0640479e+06 1.54e+00 1.95e+03  -6.0 3.00e+00   1.4 1.24e-01 7.65e-03h  1
 195  9.0639724e+06 1.46e+00 2.11e+03  -6.0 2.99e+00   1.8 7.61e-02 5.28e-02h  1
 196  9.0637460e+06 1.39e+00 2.01e+03  -6.0 2.83e+00   1.3 4.71e-02 4.56e-02h  1
 197  9.0637234e+06 1.37e+00 1.92e+03  -6.0 2.70e+00   1.8 8.04e-03 1.59e-02h  1
 198  9.0635760e+06 1.33e+00 1.50e+03  -6.0 2.66e+00   1.3 1.03e-01 2.63e-02h  1
 199  9.0634802e+06 1.26e+00 1.34e+03  -6.0 2.60e+00   1.7 3.67e-02 5.25e-02h  1
iter    objective    inf_pr   inf_du lg(mu)  ||d||  lg(rg) alpha_du alpha_pr  ls
 200  9.0634800e+06 1.25e+00 2.09e+03  -6.0 2.48e+00   2.1 3.78e-02 1.02e-02h  1
 201  9.0633049e+06 1.15e+00 1.86e+03  -6.0 2.44e+00   1.7 2.56e-02 7.96e-02h  1
 202  9.0632979e+06 1.10e+00 4.58e+03  -6.0 2.24e+00   2.1 1.94e-01 4.70e-02h  1
 203  9.0631005e+06 1.02e+00 3.72e+03  -6.0 2.14e+00   1.6 1.70e-01 7.25e-02h  1
 204  9.0630771e+06 9.62e-01 4.28e+03  -6.0 1.99e+00   2.0 1.33e-01 5.47e-02h  1
 205  9.0628568e+06 8.98e-01 1.65e+03  -6.0 1.88e+00   1.5 3.62e-01 6.62e-02h  1
 206  9.0628102e+06 8.45e-01 3.22e+03  -6.0 1.75e+00   2.0 3.37e-01 5.99e-02h  1
 207  9.0621590e+06 7.06e-01 1.15e+03  -6.0 1.65e+00   1.5 5.02e-01 1.64e-01f  1
 208  9.0620875e+06 6.63e-01 1.01e+03  -6.0 1.38e+00   1.9 3.34e-02 6.17e-02h  1
 209  9.0620454e+06 6.56e-01 3.55e+03  -6.0 1.30e+00   1.4 5.03e-01 9.49e-03h  1
iter    objective    inf_pr   inf_du lg(mu)  ||d||  lg(rg) alpha_du alpha_pr  ls
 210  9.0619008e+06 5.88e-01 3.36e+03  -6.0 1.28e+00   1.9 5.41e-02 1.04e-01h  1
 211  9.0618936e+06 5.87e-01 4.26e+03  -6.0 1.16e+00   1.4 2.11e-01 1.47e-03h  1
 212  9.0615186e+06 4.54e-01 2.32e+03  -6.0 1.15e+00   1.8 7.12e-01 2.26e-01f  1
 213  9.0614217e+06 4.47e-01 4.90e+03  -6.0 9.06e-01   1.3 4.59e-01 1.71e-02f  1
 214  9.0612194e+06 4.01e-01 4.40e+03  -6.0 8.77e-01   1.8 8.68e-02 1.02e-01h  1
 215  9.0605080e+06 3.54e-01 3.45e+03  -6.0 8.10e-01   1.3 5.00e-06 1.16e-01f  1
 216  9.0603823e+06 3.34e-01 3.37e+03  -6.0 7.00e-01   1.7 1.40e-01 5.70e-02h  1
 217  9.0597920e+06 3.04e-01 3.36e+03  -6.0 6.89e-01   1.2 1.62e-01 8.93e-02f  1
 218  9.0596584e+06 2.88e-01 3.58e+03  -6.0 6.05e-01   1.7 3.22e-01 5.48e-02h  1
 219  9.0596490e+06 2.87e-01 4.22e+03  -6.0 6.02e-01   1.2 2.01e-01 1.57e-03h  1
iter    objective    inf_pr   inf_du lg(mu)  ||d||  lg(rg) alpha_du alpha_pr  ls
 220  9.0592965e+06 2.41e-01 3.98e+03  -6.0 5.72e-01   1.6 6.46e-01 1.60e-01f  1
 221  9.0590831e+06 2.32e-01 4.53e+03  -6.0 5.24e-01   1.1 3.54e-01 3.87e-02f  1
 222  9.0589830e+06 2.21e-01 4.41e+03  -6.0 4.76e-01   1.6 4.05e-01 4.49e-02h  1
 223  9.0583825e+06 1.98e-01 3.80e+03  -6.0 4.92e-01   1.1 2.26e-03 1.04e-01f  1
 224  9.0583366e+06 1.95e-01 3.72e+03  -6.0 4.12e-01   1.5 4.92e-03 1.97e-02h  1
 225  9.0582604e+06 1.92e-01 3.66e+03  -6.0 4.74e-01   1.0 8.45e-03 1.21e-02f  1
 226  9.0581413e+06 1.83e-01 3.53e+03  -6.0 4.03e-01   1.5 9.04e-02 4.63e-02f  1
 227  9.0581198e+06 1.83e-01 3.54e+03  -6.0 5.19e-01   1.0 1.31e-02 3.15e-03h  1
 228  9.0580715e+06 1.80e-01 3.52e+03  -6.0 3.87e-01   1.4 6.80e-02 1.75e-02h  1
 229  9.0579179e+06 1.76e-01 3.43e+03  -6.0 6.44e-01   0.9 1.04e-02 2.03e-02f  1
iter    objective    inf_pr   inf_du lg(mu)  ||d||  lg(rg) alpha_du alpha_pr  ls
 230  9.0578271e+06 1.71e-01 3.36e+03  -6.0 3.74e-01   1.4 6.66e-02 3.03e-02f  1
 231  9.0577978e+06 1.70e-01 3.39e+03  -6.0 7.84e-01   0.9 2.75e-02 3.53e-03f  1
 232  9.0576482e+06 1.62e-01 3.31e+03  -6.0 3.69e-01   1.3 1.17e-01 4.63e-02f  1
 233  9.0575731e+06 1.61e-01 3.30e+03  -6.0 9.01e-01   0.8 1.92e-02 8.35e-03f  1
 234  9.0573860e+06 1.52e-01 3.46e+03  -6.0 3.56e-01   1.3 3.82e-01 5.38e-02f  1
 235  9.0572199e+06 1.50e-01 3.40e+03  -6.0 1.78e+00   0.8 1.47e-02 1.63e-02f  1
 236  9.0569904e+06 1.40e-01 3.26e+03  -6.0 3.39e-01   1.2 1.54e-01 6.16e-02f  1
 237  9.0569598e+06 1.38e-01 3.06e+03  -6.0 2.94e-01   1.6 6.22e-01 2.01e-02h  1
 238  9.0567923e+06 1.32e-01 3.06e+03  -6.0 3.21e-01   1.2 1.85e-01 4.22e-02f  1
 239  9.0566372e+06 1.19e-01 2.75e+03  -6.0 2.79e-01   1.6 7.19e-01 9.59e-02f  1
iter    objective    inf_pr   inf_du lg(mu)  ||d||  lg(rg) alpha_du alpha_pr  ls
 240  9.0565871e+06 1.18e-01 2.84e+03  -6.0 2.92e-01   1.1 1.52e-01 1.20e-02f  1
 241  9.0563865e+06 1.04e-01 2.54e+03  -6.0 2.54e-01   1.5 4.13e-01 1.18e-01f  1
 242  9.0562160e+06 9.99e-02 2.42e+03  -6.0 2.70e-01   1.1 6.87e-03 3.78e-02f  1
 243  9.0561832e+06 9.81e-02 2.39e+03  -6.0 2.22e-01   1.5 7.05e-02 1.82e-02h  1
 244  9.0560747e+06 9.59e-02 2.33e+03  -6.0 2.68e-01   1.0 6.93e-03 2.20e-02f  1
 245  9.0560545e+06 9.49e-02 2.44e+03  -6.0 2.17e-01   1.4 3.76e-01 1.02e-02h  1
 246  9.0558531e+06 9.14e-02 2.34e+03  -6.0 2.71e-01   1.0 2.02e-02 3.70e-02f  1
 247  9.0557294e+06 8.61e-02 2.29e+03  -6.0 2.12e-01   1.4 3.47e-01 5.83e-02f  1
 248  9.0555988e+06 8.42e-02 2.27e+03  -6.0 2.65e-01   0.9 6.69e-02 2.22e-02f  1
 249  9.0555546e+06 8.26e-02 2.26e+03  -6.0 2.02e-01   1.3 1.74e-01 1.91e-02f  1
iter    objective    inf_pr   inf_du lg(mu)  ||d||  lg(rg) alpha_du alpha_pr  ls
 250  9.0553764e+06 8.03e-02 2.20e+03  -6.0 2.70e-01   0.8 3.48e-02 2.77e-02f  1
 251  9.0552265e+06 7.55e-02 2.15e+03  -6.0 1.99e-01   1.3 3.39e-01 5.94e-02f  1
 252  9.0551398e+06 7.46e-02 2.14e+03  -6.0 2.93e-01   0.8 4.38e-02 1.22e-02f  1
 253  9.0550268e+06 7.15e-02 2.09e+03  -6.0 1.93e-01   1.2 2.23e-01 4.09e-02f  1
 254  9.0548349e+06 6.98e-02 2.03e+03  -6.0 3.30e-01   0.7 1.34e-02 2.44e-02f  1
 255  9.0548062e+06 6.91e-02 2.03e+03  -6.0 1.89e-01   1.2 8.94e-02 9.45e-03f  1
 256  9.0546205e+06 6.76e-02 1.99e+03  -6.0 3.95e-01   0.7 3.66e-02 2.15e-02f  1
 257  9.0544985e+06 6.52e-02 1.95e+03  -6.0 1.92e-01   1.1 1.68e-01 3.67e-02f  1
 258  9.0544381e+06 6.48e-02 1.95e+03  -6.0 4.80e-01   0.6 5.95e-02 6.31e-03f  1
 259  9.0543222e+06 6.27e-02 1.90e+03  -6.0 1.93e-01   1.1 8.33e-02 3.18e-02f  1
iter    objective    inf_pr   inf_du lg(mu)  ||d||  lg(rg) alpha_du alpha_pr  ls
 260  9.0542625e+06 6.23e-02 1.91e+03  -6.0 5.84e-01   0.6 5.58e-02 5.62e-03f  1
 261  9.0540709e+06 5.93e-02 1.85e+03  -6.0 1.96e-01   1.0 3.21e-01 4.93e-02f  1
 262  9.0538809e+06 5.83e-02 1.82e+03  -6.0 7.23e-01   0.5 1.79e-02 1.67e-02f  1
 263  9.0536373e+06 5.49e-02 1.72e+03  -6.0 1.97e-01   1.0 1.25e-01 5.73e-02f  1
 264  9.0535905e+06 5.34e-02 1.58e+03  -6.0 1.39e-01   1.4 9.97e-01 2.82e-02f  1
 265  9.0532855e+06 4.99e-02 1.49e+03  -6.0 2.11e-01   0.9 1.18e-01 6.50e-02f  1
 266  9.0532106e+06 4.79e-02 1.46e+03  -6.0 1.32e-01   1.3 8.78e-01 4.14e-02f  1
 267  9.0530431e+06 4.63e-02 1.41e+03  -6.0 2.50e-01   0.9 1.95e-02 3.27e-02f  1
 268  9.0528907e+06 4.27e-02 1.30e+03  -6.0 1.27e-01   1.3 1.64e-01 7.76e-02f  1
 269  9.0527325e+06 4.15e-02 1.27e+03  -6.0 2.95e-01   0.8 2.81e-02 2.79e-02f  1
iter    objective    inf_pr   inf_du lg(mu)  ||d||  lg(rg) alpha_du alpha_pr  ls
 270  9.0526189e+06 3.93e-02 1.23e+03  -6.0 1.22e-01   1.2 4.19e-01 5.24e-02f  1
 271  9.0525413e+06 3.88e-02 1.21e+03  -6.0 3.49e-01   0.8 2.23e-02 1.25e-02f  1
 272  9.0524081e+06 3.67e-02 1.16e+03  -6.0 1.22e-01   1.2 3.23e-01 5.60e-02f  1
 273  9.0522016e+06 3.55e-02 1.13e+03  -6.0 4.13e-01   0.7 3.71e-02 3.04e-02f  1
 274  9.0521884e+06 3.54e-02 1.13e+03  -6.0 1.24e-01   1.1 3.57e-02 5.18e-03f  1
 275  9.0520684e+06 3.48e-02 1.11e+03  -6.0 4.95e-01   0.7 4.35e-02 1.59e-02f  1
 276  9.0519398e+06 3.32e-02 1.06e+03  -6.0 1.44e-01   1.1 5.56e-02 4.54e-02f  1
 277  9.0518590e+06 3.29e-02 1.06e+03  -6.0 5.97e-01   0.6 3.08e-02 9.59e-03f  1
 278  9.0517741e+06 3.20e-02 1.03e+03  -6.0 1.67e-01   1.0 7.40e-02 2.70e-02f  1
 279  9.0516826e+06 3.17e-02 1.02e+03  -6.0 7.23e-01   0.6 6.75e-04 9.66e-03f  1
iter    objective    inf_pr   inf_du lg(mu)  ||d||  lg(rg) alpha_du alpha_pr  ls
 280  9.0515966e+06 3.09e-02 1.02e+03  -6.0 1.95e-01   1.0 2.33e-01 2.48e-02f  1
 281  9.0515289e+06 3.07e-02 1.02e+03  -6.0 8.77e-01   0.5 1.03e-02 6.46e-03f  1
 282  9.0514629e+06 3.02e-02 1.01e+03  -6.0 2.21e-01   0.9 7.78e-02 1.72e-02f  1
 283  9.0513305e+06 2.99e-02 9.94e+02  -6.0 1.08e+00   0.5 7.21e-03 1.13e-02f  1
 284  9.0513150e+06 2.97e-02 1.01e+03  -6.0 2.52e-01   0.9 1.31e-01 3.67e-03f  1
 285  9.0510801e+06 2.91e-02 9.85e+02  -6.0 8.43e-01   0.4 1.82e-02 2.15e-02f  1
 286  9.0509886e+06 2.85e-02 9.78e+02  -6.0 2.41e-01   0.8 1.23e-01 2.20e-02f  1
 287  9.0508550e+06 2.82e-02 9.65e+02  -6.0 9.88e-01   0.4 2.35e-03 1.10e-02f  1
 288  9.0507183e+06 2.73e-02 9.33e+02  -6.0 2.72e-01   0.8 2.91e-03 2.98e-02f  1
 289  9.0506518e+06 2.72e-02 9.31e+02  -6.0 1.32e+00   0.3 1.68e-02 4.92e-03f  1
iter    objective    inf_pr   inf_du lg(mu)  ||d||  lg(rg) alpha_du alpha_pr  ls
 290  9.0506452e+06 2.71e-02 9.48e+02  -6.0 3.06e-01   0.7 1.16e-01 1.30e-03f  1
 291  9.0503949e+06 2.67e-02 9.32e+02  -6.0 9.27e-01   0.3 1.55e-02 1.73e-02f  1
 292  9.0503134e+06 2.63e-02 9.29e+02  -6.0 3.40e-01   0.7 9.02e-02 1.48e-02f  1
 293  9.0502470e+06 2.62e-02 9.26e+02  -6.0 1.08e+00   0.2 7.02e-03 4.15e-03f  1
 294  9.0501636e+06 2.58e-02 9.12e+02  -6.0 3.82e-01   0.6 8.05e-03 1.38e-02f  1
 295  9.0500328e+06 2.56e-02 9.04e+02  -6.0 1.16e+00   0.1 1.15e-03 7.37e-03f  1
 296  9.0499441e+06 2.53e-02 9.02e+02  -6.0 4.28e-01   0.6 7.61e-02 1.31e-02f  1
 297  9.0499364e+06 2.53e-02 9.03e+02  -6.0 5.08e+00   0.1 6.12e-03 3.95e-04f  1
 298  9.0499116e+06 2.52e-02 9.01e+02  -6.0 3.70e-01   0.5 1.27e-02 3.48e-03f  1
 299  9.0498820e+06 2.49e-02 9.05e+02  -6.0 1.30e-01   0.9 1.67e-01 1.10e-02f  1
iter    objective    inf_pr   inf_du lg(mu)  ||d||  lg(rg) alpha_du alpha_pr  ls
 300  9.0496835e+06 2.43e-02 8.79e+02  -6.0 4.19e-01   0.5 6.98e-03 2.57e-02f  1

Number of Iterations....: 300

                                   (scaled)                 (unscaled)
Objective...............:   6.9469259241616353e+04    9.0496834989353810e+06
Dual infeasibility......:   8.7907396807937630e+02    1.1451599268681768e+05
Constraint violation....:   2.2562152623860506e-04    2.4268413580814784e-02
Variable bound violation:   1.9005273355077179e-08    1.9005273355077179e-08
Complementarity.........:   2.2170029895497438e-03    2.8880652522633565e-01
Overall NLP error.......:   8.7907396807937630e+02    1.1451599268681768e+05


Number of objective function evaluations             = 308
Number of objective gradient evaluations             = 277
Number of equality constraint evaluations            = 308
Number of inequality constraint evaluations          = 309
Number of equality constraint Jacobian evaluations   = 302
Number of inequality constraint Jacobian evaluations = 302
Number of Lagrangian Hessian evaluations             = 300
Total seconds in IPOPT                               = 171.922

EXIT: Maximum Number of Iterations Exceeded.

