Solver command line: ['/opt/homebrew/bin/ipopt', '/var/folders/6y/bvynbx6n3zv7z3lwg6vd724r0000gn/T/tmp78a9mtls.pyomo.nl', '-AMPL', 'tol=1e-06', 'max_iter=300', 'print_level=5', 'warm_start_init_point=yes', 'warm_start_bound_push=1e-06', 'warm_start_bound_frac=1e-06', 'warm_start_mult_bound_push=1e-06', 'mu_init=1e-06', 'least_square_init_duals=no']

Ipopt 3.14.19: tol=1e-06
max_iter=300
print_level=5
warm_start_init_point=yes
warm_start_bound_push=1e-06
warm_start_bound_frac=1e-06
warm_start_mult_bound_push=1e-06
mu_init=1e-06
least_square_init_duals=no


******************************************************************************
This program contains Ipopt, a library for large-scale nonlinear optimization.
 Ipopt is released as open source code under the Eclipse Public License (EPL).
         For more information visit https://github.com/coin-or/Ipopt
******************************************************************************

This is Ipopt version 3.14.19, running with linear solver MUMPS 5.6.2.

Number of nonzeros in equality constraint Jacobian...:   211821
Number of nonzeros in inequality constraint Jacobian.:   163736
Number of nonzeros in Lagrangian Hessian.............:   115477

Total number of variables............................:    35502
                     variables with only lower bounds:        0
                variables with lower and upper bounds:    35502
                     variables with only upper bounds:        0
Total number of equality constraints.................:    27319
Total number of inequality constraints...............:    40934
        inequality constraints with only lower bounds:        0
   inequality constraints with lower and upper bounds:        0
        inequality constraints with only upper bounds:    40934

iter    objective    inf_pr   inf_du lg(mu)  ||d||  lg(rg) alpha_du alpha_pr  ls
   0  1.8058312e+07 2.84e+01 1.20e+03  -6.0 0.00e+00    -  0.00e+00 0.00e+00   0
   1  1.8043041e+07 2.83e+01 1.20e+03  -6.0 7.18e+01   0.0 1.97e-04 2.58e-04f  1
   2  1.8035732e+07 2.83e+01 1.20e+03  -6.0 2.78e+01   0.4 3.15e-06 2.58e-04f  1
   3  1.8011630e+07 2.83e+01 1.20e+03  -6.0 8.05e+01  -0.1 6.69e-05 3.70e-04f  1
   4  1.7994256e+07 2.83e+01 1.20e+03  -6.0 3.10e+01   0.4 7.19e-05 5.66e-04f  1
   5  1.7990944e+07 2.83e+01 1.20e+03  -6.0 1.22e+01   0.8 5.63e-05 2.03e-04f  1
   6  1.7942383e+07 2.83e+01 1.20e+03  -6.0 3.45e+01   0.3 6.57e-05 1.46e-03f  1
   7  1.7937305e+07 2.83e+01 1.20e+03  -6.0 1.35e+01   0.7 1.69e-04 2.96e-04f  1
   8  1.7837097e+07 2.82e+01 1.20e+03  -6.0 3.76e+01   0.3 2.01e-04 2.83e-03f  1
   9  1.7827725e+07 2.82e+01 1.19e+03  -6.0 1.47e+01   0.7 2.26e-05 5.33e-04f  1
iter    objective    inf_pr   inf_du lg(mu)  ||d||  lg(rg) alpha_du alpha_pr  ls
  10  1.7777892e+07 2.81e+01 1.19e+03  -6.0 3.95e+01   0.2 5.16e-04 1.37e-03f  1
  11  1.7762664e+07 2.81e+01 1.19e+03  -6.0 1.60e+01   0.6 3.46e-05 8.30e-04f  1
  12  1.7762534e+07 2.81e+01 1.19e+03  -6.0 4.39e+01   0.2 6.98e-04 3.45e-06f  1
  13  1.7735978e+07 2.81e+01 1.19e+03  -6.0 1.77e+01   0.6 3.61e-05 1.36e-03f  1
  14  1.7735856e+07 2.81e+01 1.19e+03  -6.0 4.94e+01   0.1 1.29e-03 3.00e-06f  1
  15  1.7694343e+07 2.80e+01 1.19e+03  -6.0 1.96e+01   0.5 4.52e-05 2.01e-03f  1
  16  1.7694226e+07 2.80e+01 1.19e+03  -6.0 5.56e+01   0.1 9.38e-04 2.74e-06f  1
  17  1.7647782e+07 2.79e+01 1.18e+03  -6.0 2.20e+01   0.5 3.15e-05 2.13e-03f  1
  18  1.7647600e+07 2.79e+01 1.18e+03  -6.0 6.26e+01   0.0 2.25e-04 4.04e-06f  1
  19  1.7604922e+07 2.79e+01 1.18e+03  -6.0 2.47e+01   0.4 6.74e-06 1.87e-03f  1
iter    objective    inf_pr   inf_du lg(mu)  ||d||  lg(rg) alpha_du alpha_pr  ls
  20  1.7603824e+07 2.79e+01 1.18e+03  -6.0 7.05e+01  -0.0 7.76e-04 2.33e-05f  1
  21  1.7601182e+07 2.79e+01 1.18e+03  -6.0 2.76e+01   0.4 3.70e-05 1.10e-04f  1
  22  1.7601052e+07 2.79e+01 1.18e+03  -6.0 7.91e+01  -0.1 3.02e-05 2.56e-06f  1
  23  1.7565307e+07 2.79e+01 1.18e+03  -6.0 3.08e+01   0.3 1.28e-03 1.38e-03f  1
  24  1.7561440e+07 2.78e+01 1.18e+03  -6.0 1.30e+01   0.8 2.52e-04 2.73e-04f  1
  25  1.7541041e+07 2.78e+01 1.18e+03  -6.0 3.45e+01   0.3 2.00e-04 7.49e-04f  1
  26  1.7535649e+07 2.78e+01 1.18e+03  -6.0 1.44e+01   0.7 9.55e-04 3.61e-04f  1
  27  1.7484993e+07 2.78e+01 1.18e+03  -6.0 3.86e+01   0.2 4.55e-04 1.75e-03f  1
  28  1.7471619e+07 2.77e+01 1.18e+03  -6.0 1.60e+01   0.7 3.26e-04 8.68e-04f  1
  29  1.7440312e+07 2.77e+01 1.17e+03  -6.0 4.32e+01   0.2 7.71e-04 1.05e-03f  1
iter    objective    inf_pr   inf_du lg(mu)  ||d||  lg(rg) alpha_du alpha_pr  ls
  30  1.7424738e+07 2.77e+01 1.17e+03  -6.0 1.77e+01   0.6 1.38e-03 9.76e-04f  1
  31  1.7423305e+07 2.77e+01 1.17e+03  -6.0 4.83e+01   0.1 1.13e-03 4.63e-05f  1
  32  1.7380696e+07 2.76e+01 1.17e+03  -6.0 1.97e+01   0.6 9.73e-06 2.55e-03f  1
  33  1.7378282e+07 2.76e+01 1.17e+03  -6.0 5.43e+01   0.1 1.21e-03 7.50e-05f  1
  34  1.7336064e+07 2.75e+01 1.17e+03  -6.0 2.19e+01   0.5 6.84e-06 2.44e-03f  1
  35  1.7326240e+07 2.75e+01 1.16e+03  -6.0 1.01e+01   0.9 5.57e-04 9.29e-04f  1
  36  1.7309859e+07 2.75e+01 1.16e+03  -6.0 2.45e+01   0.5 2.60e-04 9.14e-04f  1
  37  1.7292364e+07 2.75e+01 1.16e+03  -6.0 1.11e+01   0.9 4.32e-04 1.60e-03f  1
  38  1.7283608e+07 2.74e+01 1.16e+03  -6.0 2.74e+01   0.4 2.06e-03 4.69e-04f  1
  39  1.7252148e+07 2.74e+01 1.16e+03  -6.0 1.22e+01   0.8 5.72e-04 2.80e-03f  1
iter    objective    inf_pr   inf_du lg(mu)  ||d||  lg(rg) alpha_du alpha_pr  ls
  40  1.7218557e+07 2.73e+01 1.15e+03  -6.0 3.08e+01   0.4 6.60e-04 1.73e-03f  1
  41  1.7212853e+07 2.73e+01 1.15e+03  -6.0 1.35e+01   0.8 1.02e-03 5.00e-04f  1
  42  1.7172551e+07 2.72e+01 1.15e+03  -6.0 3.44e+01   0.3 6.03e-04 1.99e-03f  1
  43  1.7167290e+07 2.72e+01 1.15e+03  -6.0 1.49e+01   0.7 1.04e-03 4.50e-04f  1
  44  1.7153655e+07 2.72e+01 1.15e+03  -6.0 1.04e+01   1.2 2.30e-04 1.65e-03f  1
  45  1.7130701e+07 2.71e+01 1.15e+03  -6.0 1.65e+01   0.7 1.50e-03 1.88e-03f  1
  46  1.7109876e+07 2.71e+01 1.14e+03  -6.0 1.13e+01   1.1 8.87e-04 2.48e-03f  1
  47  1.7074855e+07 2.70e+01 1.14e+03  -6.0 1.84e+01   0.6 1.85e-03 2.77e-03f  1
  48  1.7066596e+07 2.70e+01 1.14e+03  -6.0 1.25e+01   1.1 1.02e-03 9.72e-04f  1
  49  1.7064384e+07 2.70e+01 1.14e+03  -6.0 2.05e+01   0.6 7.87e-04 1.68e-04f  1
iter    objective    inf_pr   inf_du lg(mu)  ||d||  lg(rg) alpha_du alpha_pr  ls
  50  1.7045741e+07 2.69e+01 1.14e+03  -6.0 1.28e+01   1.0 3.62e-04 2.13e-03f  1
  51  1.7030553e+07 2.69e+01 1.13e+03  -6.0 3.90e+01   0.5 3.63e-04 1.10e-03f  1
  52  1.7022124e+07 2.69e+01 1.13e+03  -6.0 1.35e+01   1.0 6.67e-07 9.36e-04f  1
  53  1.7015694e+07 2.68e+01 1.13e+03  -6.0 1.37e+01   1.4 9.79e-04 9.15e-04f  1
  54  1.6989497e+07 2.68e+01 1.13e+03  -6.0 1.40e+01   0.9 8.16e-04 2.81e-03f  1
  55  1.6983803e+07 2.67e+01 1.13e+03  -6.0 1.46e+01   1.3 9.30e-04 8.03e-04f  1
  56  1.6959991e+07 2.67e+01 1.12e+03  -6.0 1.48e+01   0.9 1.20e-03 2.48e-03f  1
  57  1.6952882e+07 2.66e+01 1.12e+03  -6.0 1.53e+01   1.3 1.16e-06 9.90e-04f  1
  58  1.6949391e+07 2.66e+01 1.12e+03  -6.0 1.56e+01   0.8 3.31e-03 3.51e-04f  1
  59  1.6930832e+07 2.66e+01 1.12e+03  -6.0 1.57e+01   1.2 2.84e-06 2.53e-03f  1
iter    objective    inf_pr   inf_du lg(mu)  ||d||  lg(rg) alpha_du alpha_pr  ls
  60  1.6929010e+07 2.66e+01 1.12e+03  -6.0 1.62e+01   0.7 2.68e-03 1.76e-04f  1
  61  1.6906924e+07 2.65e+01 1.11e+03  -6.0 1.63e+01   1.2 1.04e-04 2.96e-03f  1
  62  1.6901666e+07 2.65e+01 1.11e+03  -6.0 1.69e+01   1.6 1.25e-03 8.40e-04f  1
  63  1.6883996e+07 2.64e+01 1.11e+03  -6.0 1.71e+01   1.1 4.83e-04 2.33e-03f  1
  64  1.6870714e+07 2.63e+01 1.11e+03  -6.0 1.76e+01   1.5 9.96e-04 2.11e-03f  1
  65  1.6862183e+07 2.63e+01 1.11e+03  -6.0 1.81e+01   1.1 1.03e-03 1.11e-03f  1
  66  1.6860087e+07 2.63e+01 1.11e+03  -6.0 1.83e+01   1.5 7.07e-04 3.32e-04f  1
  67  1.6857618e+07 2.63e+01 1.10e+03  -6.0 1.84e+01   1.0 4.94e-04 3.11e-04f  1
  68  1.6850514e+07 2.63e+01 1.10e+03  -6.0 1.85e+01   1.4 6.60e-04 1.11e-03f  1
  69  1.6847779e+07 2.63e+01 1.10e+03  -6.0 1.87e+01   1.0 5.74e-04 3.34e-04f  1
iter    objective    inf_pr   inf_du lg(mu)  ||d||  lg(rg) alpha_du alpha_pr  ls
  70  1.6841647e+07 2.62e+01 1.10e+03  -6.0 1.88e+01   1.4 1.61e-03 9.43e-04f  1
  71  1.6839095e+07 2.62e+01 1.10e+03  -6.0 1.90e+01   0.9 2.41e-03 3.01e-04f  1
  72  1.6833883e+07 2.62e+01 1.10e+03  -6.0 1.90e+01   1.3 4.34e-04 7.89e-04f  1
  73  1.6828844e+07 2.62e+01 1.10e+03  -6.0 1.92e+01   1.8 2.97e-04 8.61e-04f  1
  74  1.6820891e+07 2.61e+01 1.10e+03  -6.0 1.94e+01   1.3 1.15e-03 1.18e-03f  1
  75  1.6818928e+07 2.61e+01 1.10e+03  -6.0 1.96e+01   1.7 4.32e-04 3.34e-04f  1
  76  1.6807260e+07 2.61e+01 1.10e+03  -6.0 1.97e+01   1.2 8.11e-04 1.70e-03f  1
  77  1.6800749e+07 2.61e+01 1.09e+03  -6.0 2.01e+01   1.7 1.73e-03 1.10e-03f  1
  78  1.6792843e+07 2.60e+01 1.11e+03  -6.0 2.03e+01   1.2 7.06e-03 1.13e-03f  1
  79  1.6781437e+07 2.60e+01 1.27e+03  -6.0 2.05e+01   1.6 4.60e-03 1.92e-03f  1
iter    objective    inf_pr   inf_du lg(mu)  ||d||  lg(rg) alpha_du alpha_pr  ls
  80  1.6768859e+07 2.59e+01 1.32e+03  -6.0 2.09e+01   1.1 1.10e-02 1.77e-03f  1
  81  1.6749618e+07 2.59e+01 1.75e+03  -6.0 2.13e+01   1.6 1.12e-02 3.22e-03f  1
  82  1.6738449e+07 2.58e+01 1.78e+03  -6.0 2.20e+01   1.1 2.89e-03 1.54e-03f  1
  83  1.6738448e+07 2.58e+01 1.78e+03  -6.0 2.23e+01   1.5 1.58e-03 2.11e-07h  1
  84  1.6730362e+07 2.58e+01 2.00e+03  -6.0 2.23e+01   1.9 1.54e-02 1.47e-03f  1
  85  1.6692026e+07 2.56e+01 3.37e+03  -6.0 2.26e+01   1.5 2.24e-03 6.31e-03f  1
  86  1.6686639e+07 2.56e+01 3.47e+03  -6.0 2.39e+01   1.9 1.71e-03 9.88e-04f  1
  87  1.6669598e+07 2.55e+01 3.71e+03  -6.0 2.41e+01   1.4 1.27e-02 2.80e-03f  1
  88  1.6665673e+07 2.55e+01 3.75e+03  -6.0 2.46e+01   1.8 2.87e-03 7.20e-04f  1
  89  1.6652355e+07 2.54e+01 3.88e+03  -6.0 2.48e+01   1.4 2.78e-03 2.16e-03f  1
iter    objective    inf_pr   inf_du lg(mu)  ||d||  lg(rg) alpha_du alpha_pr  ls
  90  1.6647622e+07 2.54e+01 3.94e+03  -6.0 2.52e+01   1.8 3.27e-03 8.65e-04f  1
  91  1.6600571e+07 2.52e+01 5.39e+03  -6.0 2.53e+01   1.3 1.02e-03 7.54e-03f  1
  92  1.6597953e+07 2.52e+01 5.40e+03  -6.0 2.68e+01   1.7 7.80e-04 4.83e-04f  1
  93  1.6589890e+07 2.52e+01 5.90e+03  -6.0 2.69e+01   2.2 3.88e-03 1.57e-03f  1
  94  1.6583541e+07 2.52e+01 5.99e+03  -6.0 2.72e+01   1.7 1.50e-03 1.16e-03f  1
  95  1.6578683e+07 2.51e+01 6.15e+03  -6.0 2.74e+01   2.1 7.12e-05 9.46e-04f  1
  96  1.6574937e+07 2.51e+01 6.17e+03  -6.0 2.76e+01   1.6 2.13e-03 6.81e-04f  1
  97  1.6564412e+07 2.51e+01 6.85e+03  -6.0 2.77e+01   2.1 8.27e-04 2.05e-03f  1
  98  1.6558594e+07 2.50e+01 6.91e+03  -6.0 2.81e+01   1.6 1.31e-03 1.05e-03f  1
  99  1.6555873e+07 2.50e+01 6.94e+03  -6.0 2.83e+01   2.0 3.44e-03 5.29e-04f  1
iter    objective    inf_pr   inf_du lg(mu)  ||d||  lg(rg) alpha_du alpha_pr  ls
 100  1.6522518e+07 2.49e+01 8.61e+03  -6.0 2.84e+01   1.5 4.55e-04 5.97e-03f  1
 101  1.6515620e+07 2.48e+01 8.85e+03  -6.0 2.95e+01   2.0 1.18e-02 1.35e-03f  1
 102  1.6508225e+07 2.48e+01 9.67e+03  -6.0 2.97e+01   2.4 3.06e-03 1.50e-03f  1
 103  1.6488403e+07 2.47e+01 1.15e+04  -6.0 3.00e+01   1.9 5.83e-03 3.88e-03f  1
 104  1.6467530e+07 2.46e+01 1.76e+04  -6.0 3.07e+01   2.3 2.14e-03 4.27e-03f  1
 105  1.6462516e+07 2.46e+01 1.77e+04  -6.0 3.14e+01   1.9 2.52e-08 9.92e-04f  1
 106  1.6462062e+07 2.46e+01 1.77e+04  -6.0 3.16e+01   2.3 1.38e-03 9.34e-05f  1
 107  1.6454212e+07 2.45e+01 1.79e+04  -6.0 3.16e+01   1.8 2.61e-03 1.55e-03f  1
 108  1.6446402e+07 2.45e+01 1.86e+04  -6.0 3.19e+01   2.2 6.88e-04 1.61e-03f  1
 109  1.6438784e+07 2.45e+01 1.88e+04  -6.0 5.61e+01   1.8 7.26e-04 1.51e-03f  1
iter    objective    inf_pr   inf_du lg(mu)  ||d||  lg(rg) alpha_du alpha_pr  ls
 110  1.6434960e+07 2.44e+01 1.89e+04  -6.0 3.24e+01   2.2 7.49e-03 7.89e-04f  1
 111r 1.6434960e+07 2.44e+01 1.00e+03   1.1 0.00e+00   1.7 0.00e+00 2.72e-07R  9
 112r 1.6434529e+07 2.44e+01 1.00e+03   1.1 3.69e+06    -  2.88e-07 2.17e-07f  1
 113r 1.6114560e+07 2.55e+01 1.00e+03   1.1 9.59e+03    -  7.47e-04 1.51e-04f  1
 114  1.5808666e+07 2.52e+01 9.71e+01  -6.0 3.09e+02    -  3.39e-02 9.65e-03f  1
 115  1.5264197e+07 2.47e+01 9.51e+01  -6.0 2.56e+02    -  1.97e-02 2.32e-02f  1
 116  1.4705754e+07 2.39e+01 9.45e+01  -6.0 4.23e+02    -  3.69e-06 3.09e-02f  1
 117  1.4349045e+07 2.33e+01 9.33e+01  -6.0 4.93e+02    -  1.03e-02 2.40e-02f  1
 118  1.4196473e+07 2.30e+01 9.30e+01  -6.0 5.08e+02    -  6.83e-04 1.21e-02f  1
 119  1.4049203e+07 2.28e+01 9.24e+01  -6.0 5.30e+02    -  5.27e-03 1.23e-02f  1
iter    objective    inf_pr   inf_du lg(mu)  ||d||  lg(rg) alpha_du alpha_pr  ls
 120  1.3925328e+07 2.25e+01 9.21e+01  -6.0 5.46e+02    -  1.59e-03 1.11e-02f  1
 121  1.3550657e+07 2.17e+01 9.10e+01  -6.0 5.58e+02    -  6.85e-03 3.54e-02f  1
 122  1.3207628e+07 2.09e+01 8.90e+01  -6.0 5.81e+02    -  1.78e-02 3.84e-02f  1
 123  1.3206939e+07 2.09e+01 8.88e+01  -6.0 5.77e+01   1.2 2.09e-03 2.20e-04f  1
 124  1.3189709e+07 2.08e+01 3.95e+02  -6.0 5.77e+01   0.7 1.70e-03 5.08e-03f  1
 125  1.3161374e+07 2.06e+01 6.69e+02  -6.0 5.81e+01   0.3 5.84e-03 7.67e-03f  1
 126  1.3161374e+07 2.06e+01 6.69e+02  -6.0 5.86e+01   0.7 4.69e-04 8.45e-09h  1
 127  1.3105173e+07 2.03e+01 2.59e+03  -6.0 5.86e+01   0.2 1.63e-02 1.56e-02f  1
 128  1.3105173e+07 2.03e+01 2.59e+03  -6.0 5.97e+01   0.6 1.02e-02 2.70e-08h  1
 129  1.3088434e+07 2.02e+01 2.56e+03  -6.0 5.97e+01   0.2 5.94e-03 5.00e-03f  1
iter    objective    inf_pr   inf_du lg(mu)  ||d||  lg(rg) alpha_du alpha_pr  ls
 130  1.3088434e+07 2.02e+01 2.56e+03  -6.0 6.01e+01   0.6 3.49e-03 6.52e-08h  1
 131  1.3045262e+07 1.99e+01 2.43e+03  -6.0 6.01e+01   0.1 5.96e-04 1.31e-02f  1
 132  1.3045261e+07 1.99e+01 2.43e+03  -6.0 6.09e+01   0.5 1.12e-02 3.07e-08h  1
 133  1.2982187e+07 1.95e+01 3.06e+03  -6.0 6.09e+01   0.1 1.27e-02 1.96e-02f  1
 134  1.2968672e+07 1.94e+01 3.23e+03  -6.0 6.21e+01   0.5 7.29e-03 5.02e-03f  1
 135  1.2951232e+07 1.93e+01 4.26e+03  -6.0 6.24e+01   0.9 1.64e-03 7.29e-03f  1
 136  1.2918326e+07 1.90e+01 5.23e+03  -6.0 6.28e+01   0.4 1.27e-02 1.28e-02f  1
 137  1.2906622e+07 1.89e+01 5.68e+03  -6.0 6.34e+01   0.9 2.94e-03 5.30e-03f  1
 138  1.2868396e+07 1.86e+01 7.02e+03  -6.0 6.37e+01   0.4 4.63e-03 1.58e-02f  1
 139  1.2846909e+07 1.84e+01 1.00e+04  -6.0 6.44e+01   0.8 4.06e-03 1.04e-02f  1
iter    objective    inf_pr   inf_du lg(mu)  ||d||  lg(rg) alpha_du alpha_pr  ls
 140  1.2809517e+07 1.81e+01 1.30e+04  -6.0 6.48e+01   0.3 4.80e-03 1.65e-02f  1
 141  1.2796259e+07 1.80e+01 1.38e+04  -6.0 6.55e+01   0.8 7.72e-03 6.82e-03f  1
 142  1.2786733e+07 1.79e+01 1.54e+04  -6.0 6.57e+01   1.2 4.02e-03 5.76e-03f  1
 143  1.2765951e+07 1.77e+01 1.70e+04  -6.0 6.59e+01   0.7 5.81e-03 1.16e-02f  1
 144  1.2765162e+07 1.77e+01 1.70e+04  -6.0 6.63e+01   1.1 1.96e-03 5.18e-04f  1
 145  1.2743437e+07 1.75e+01 1.84e+04  -6.0 6.63e+01   0.7 1.35e-04 1.26e-02f  1
 146  1.2734428e+07 1.74e+01 1.93e+04  -6.0 6.67e+01   1.1 2.30e-03 6.12e-03f  1
 147  1.2732405e+07 1.73e+01 1.95e+04  -6.0 6.68e+01   1.5 3.96e-03 1.51e-03f  1
 148  1.2722930e+07 1.72e+01 2.03e+04  -6.0 6.69e+01   1.0 3.32e-03 6.65e-03f  1
 149  1.2721423e+07 1.72e+01 2.04e+04  -6.0 6.71e+01   1.5 1.26e-03 1.19e-03f  1
iter    objective    inf_pr   inf_du lg(mu)  ||d||  lg(rg) alpha_du alpha_pr  ls
 150  1.2701128e+07 1.70e+01 2.39e+04  -6.0 6.71e+01   1.0 2.28e-03 1.46e-02f  1
 151  1.2699633e+07 1.69e+01 2.39e+04  -6.0 6.74e+01   1.4 3.93e-03 1.25e-03f  1
 152  1.2691034e+07 1.68e+01 2.44e+04  -6.0 6.75e+01   0.9 1.48e-03 6.60e-03f  1
 153  1.2684309e+07 1.67e+01 2.57e+04  -6.0 6.76e+01   1.4 3.00e-03 5.92e-03f  1
 154  1.2681190e+07 1.67e+01 2.67e+04  -6.0 6.77e+01   1.8 1.17e-03 3.02e-03f  1
 155  1.2679633e+07 1.66e+01 2.67e+04  -6.0 6.78e+01   1.3 2.48e-04 1.43e-03f  1
 156  1.2679108e+07 1.66e+01 2.67e+04  -6.0 6.78e+01   1.7 3.70e-03 5.23e-04f  1
 157  1.2676973e+07 1.66e+01 2.68e+04  -6.0 6.78e+01   1.3 1.90e-05 1.96e-03f  1
 158  1.2676936e+07 1.66e+01 2.68e+04  -6.0 6.78e+01   1.7 1.22e-03 3.71e-05f  1
 159  1.2669490e+07 1.65e+01 2.78e+04  -6.0 6.78e+01   1.2 1.44e-03 6.82e-03f  1
iter    objective    inf_pr   inf_du lg(mu)  ||d||  lg(rg) alpha_du alpha_pr  ls
 160  1.2668301e+07 1.65e+01 2.79e+04  -6.0 6.79e+01   1.6 3.85e-03 1.25e-03f  1
 161  1.2662760e+07 1.64e+01 2.83e+04  -6.0 6.80e+01   1.2 6.32e-03 5.21e-03f  1
 162  1.2662158e+07 1.64e+01 2.83e+04  -6.0 6.80e+01   1.6 2.54e-03 6.63e-04f  1
 163  1.2646904e+07 1.61e+01 3.19e+04  -6.0 6.81e+01   1.1 2.70e-03 1.48e-02f  1
 164  1.2644631e+07 1.61e+01 3.21e+04  -6.0 6.83e+01   1.5 7.75e-04 2.65e-03f  1
 165  1.2633441e+07 1.59e+01 3.40e+04  -6.0 9.24e+01   1.1 9.52e-03 1.12e-02f  1
 166  1.2628823e+07 1.58e+01 3.58e+04  -6.0 6.84e+01   1.5 6.54e-03 5.56e-03f  1
 167  1.2628414e+07 1.58e+01 3.58e+04  -6.0 5.62e+02   1.0 1.61e-03 8.11e-04f  1
 168  1.2627550e+07 1.58e+01 3.63e+04  -6.0 6.85e+01   2.3 4.14e-04 1.10e-03f  1
 169  1.2623906e+07 1.57e+01 3.97e+04  -6.0 6.85e+01   1.9 7.47e-03 4.85e-03f  1
iter    objective    inf_pr   inf_du lg(mu)  ||d||  lg(rg) alpha_du alpha_pr  ls
 170  1.2622270e+07 1.57e+01 4.16e+04  -6.0 6.85e+01   2.3 1.23e-03 2.20e-03f  1
 171  1.2620529e+07 1.56e+01 4.23e+04  -6.0 6.85e+01   1.8 4.28e-03 2.38e-03f  1
 172  1.2618913e+07 1.56e+01 4.24e+04  -6.0 7.04e+01   1.3 6.88e-05 2.14e-03f  1
 173  1.2616950e+07 1.56e+01 4.31e+04  -6.0 6.86e+01   1.8 3.41e-04 2.64e-03f  1
 174  1.2613523e+07 1.55e+01 4.35e+04  -6.0 6.86e+01   1.3 3.12e-03 4.19e-03f  1
 175  1.2612055e+07 1.55e+01 4.38e+04  -6.0 6.86e+01   1.7 3.93e-03 1.93e-03f  1
 176  1.2606595e+07 1.54e+01 4.47e+04  -6.0 6.86e+01   1.2 3.18e-03 6.24e-03f  1
 177  1.2606182e+07 1.54e+01 4.47e+04  -6.0 6.87e+01   1.7 3.63e-04 5.43e-04f  1
 178  1.2603962e+07 1.53e+01 4.47e+04  -6.0 6.87e+01   1.2 8.21e-03 2.51e-03f  1
 179  1.2599988e+07 1.52e+01 4.67e+04  -6.0 6.87e+01   1.6 7.56e-04 5.21e-03f  1
iter    objective    inf_pr   inf_du lg(mu)  ||d||  lg(rg) alpha_du alpha_pr  ls
 180  1.2596193e+07 1.52e+01 4.68e+04  -6.0 1.11e+02   1.1 2.73e-03 4.29e-03f  1
 181  1.2591620e+07 1.51e+01 4.90e+04  -6.0 6.87e+01   1.5 1.57e-03 5.98e-03f  1
 182  1.2590320e+07 1.51e+01 4.96e+04  -6.0 6.87e+01   2.0 2.00e-03 1.83e-03f  1
 183  1.2590194e+07 1.51e+01 4.96e+04  -6.0 6.87e+01   1.5 1.87e-03 1.62e-04f  1
 184  1.2587321e+07 1.50e+01 5.22e+04  -6.0 6.87e+01   1.9 4.76e-04 4.04e-03f  1
 185  1.2585843e+07 1.50e+01 5.22e+04  -6.0 6.87e+01   1.4 1.83e-03 1.87e-03f  1
 186  1.2583105e+07 1.49e+01 5.43e+04  -6.0 6.87e+01   1.9 2.04e-04 3.87e-03f  1
 187  1.2581423e+07 1.49e+01 5.43e+04  -6.0 6.87e+01   1.4 4.56e-03 2.09e-03f  1
 188  1.2579788e+07 1.48e+01 5.49e+04  -6.0 6.87e+01   1.8 2.21e-03 2.29e-03f  1
 189  1.2576537e+07 1.48e+01 5.53e+04  -6.0 6.87e+01   1.3 2.26e-03 3.97e-03f  1
iter    objective    inf_pr   inf_du lg(mu)  ||d||  lg(rg) alpha_du alpha_pr  ls
 190  1.2576280e+07 1.48e+01 5.53e+04  -6.0 6.87e+01   1.8 2.94e-03 3.54e-04f  1
 191  1.2575441e+07 1.48e+01 5.52e+04  -6.0 2.41e+02   1.3 1.79e-03 1.05e-03f  1
 192  1.2575441e+07 1.48e+01 5.52e+04  -6.0 6.87e+01   1.7 1.22e-03 1.71e-08h  1
 193  1.2574839e+07 1.48e+01 5.54e+04  -6.0 6.87e+01   2.1 1.42e-03 8.67e-04f  1
 194  1.2569813e+07 1.47e+01 5.90e+04  -6.0 6.87e+01   1.7 4.13e-04 6.74e-03f  1
 195  1.2569268e+07 1.46e+01 5.91e+04  -6.0 6.87e+01   2.1 4.71e-04 7.74e-04f  1
 196  1.2563832e+07 1.45e+01 6.24e+04  -6.0 6.87e+01   1.6 8.33e-04 7.09e-03f  1
 197  1.2562473e+07 1.45e+01 6.31e+04  -6.0 6.87e+01   2.0 8.03e-04 2.00e-03f  1
 198  1.2561704e+07 1.45e+01 6.31e+04  -6.0 6.87e+01   1.6 4.86e-03 1.04e-03f  1
 199  1.2561086e+07 1.45e+01 6.32e+04  -6.0 6.87e+01   2.0 2.22e-03 9.11e-04f  1
iter    objective    inf_pr   inf_du lg(mu)  ||d||  lg(rg) alpha_du alpha_pr  ls
 200  1.2558552e+07 1.44e+01 6.36e+04  -6.0 6.87e+01   1.5 1.79e-03 3.35e-03f  1
 201  1.2558447e+07 1.44e+01 6.36e+04  -6.0 6.87e+01   1.9 4.64e-04 1.53e-04f  1
 202  1.2554310e+07 1.44e+01 6.46e+04  -6.0 6.87e+01   1.5 3.62e-03 5.40e-03f  1
 203  1.2552576e+07 1.43e+01 6.54e+04  -6.0 6.86e+01   1.9 2.78e-03 2.52e-03f  1
 204  1.2551114e+07 1.43e+01 6.72e+04  -6.0 6.86e+01   2.3 1.26e-04 2.21e-03f  1
 205  1.2546428e+07 1.42e+01 7.23e+04  -6.0 6.86e+01   1.8 3.68e-03 6.71e-03f  1
 206  1.2543753e+07 1.41e+01 7.77e+04  -6.0 6.86e+01   2.3 2.54e-06 4.03e-03f  1
 207  1.2543280e+07 1.41e+01 7.82e+04  -6.0 6.85e+01   2.7 1.27e-03 6.99e-04f  1
 208  1.2542573e+07 1.41e+01 7.84e+04  -6.0 6.85e+01   2.2 6.82e-06 1.06e-03f  1
 209  1.2542164e+07 1.41e+01 7.87e+04  -6.0 6.85e+01   2.6 6.96e-04 6.11e-04f  1
iter    objective    inf_pr   inf_du lg(mu)  ||d||  lg(rg) alpha_du alpha_pr  ls
 210  1.2539967e+07 1.41e+01 8.13e+04  -6.0 6.85e+01   2.2 2.96e-03 3.28e-03f  1
 211  1.2537619e+07 1.40e+01 8.19e+04  -6.0 6.85e+01   1.7 3.04e-03 3.19e-03f  1
 212  1.2536608e+07 1.40e+01 8.23e+04  -6.0 6.85e+01   2.1 1.43e-03 1.49e-03f  1
 213  1.2536516e+07 1.40e+01 8.23e+04  -6.0 8.97e+02   1.6 7.12e-04 1.79e-04f  1
 214  1.2534680e+07 1.40e+01 8.35e+04  -6.0 6.85e+01   2.1 3.25e-04 2.68e-03f  1
 215  1.2533941e+07 1.39e+01 8.42e+04  -6.0 6.84e+01   2.5 2.60e-03 1.12e-03f  1
 216  1.2531064e+07 1.39e+01 8.70e+04  -6.0 6.84e+01   2.0 1.19e-05 4.20e-03f  1
 217  1.2530932e+07 1.39e+01 8.70e+04  -6.0 6.84e+01   2.4 8.70e-04 2.03e-04f  1
 218  1.2526896e+07 1.38e+01 9.19e+04  -6.0 6.84e+01   2.0 1.08e-03 5.87e-03f  1
 219  1.2526215e+07 1.38e+01 9.23e+04  -6.0 6.83e+01   2.4 3.23e-03 1.07e-03f  1
iter    objective    inf_pr   inf_du lg(mu)  ||d||  lg(rg) alpha_du alpha_pr  ls
 220  1.2524228e+07 1.37e+01 9.32e+04  -6.0 6.83e+01   1.9 1.84e-04 2.91e-03f  1
 221  1.2524116e+07 1.37e+01 9.32e+04  -6.0 6.83e+01   2.3 4.66e-03 1.76e-04f  1
 222  1.2522954e+07 1.37e+01 9.34e+04  -6.0 6.83e+01   1.9 1.88e-05 1.72e-03f  1
 223  1.2520302e+07 1.37e+01 9.93e+04  -6.0 6.83e+01   2.3 3.61e-03 4.24e-03f  1
 224  1.2519640e+07 1.36e+01 1.00e+05  -6.0 6.82e+01   2.7 3.56e-05 1.08e-03f  1
 225  1.2519378e+07 1.36e+01 1.00e+05  -6.0 6.82e+01   2.2 1.14e-02 4.17e-04f  1
 226  1.2516076e+07 1.36e+01 1.25e+05  -6.0 6.82e+01   2.7 1.51e-03 5.47e-03f  1
 227  1.2514985e+07 1.35e+01 1.25e+05  -6.0 6.82e+01   2.2 7.94e-03 1.73e-03f  1
 228  1.2511682e+07 1.35e+01 1.47e+05  -6.0 6.81e+01   2.6 2.38e-03 5.46e-03f  1
 229  1.2510734e+07 1.34e+01 1.51e+05  -6.0 6.81e+01   3.0 6.61e-04 1.53e-03f  1
iter    objective    inf_pr   inf_du lg(mu)  ||d||  lg(rg) alpha_du alpha_pr  ls
 230  1.2507935e+07 1.34e+01 1.64e+05  -6.0 6.81e+01   2.6 1.46e-02 4.53e-03f  1
 231  1.2506089e+07 1.33e+01 1.80e+05  -6.0 6.80e+01   3.0 1.02e-03 3.05e-03f  1
 232  1.2504312e+07 1.33e+01 1.84e+05  -6.0 6.80e+01   2.5 4.48e-04 2.92e-03f  1
 233  1.2504254e+07 1.33e+01 1.84e+05  -6.0 6.79e+01   2.9 2.83e-03 9.65e-05f  1
 234  1.2503176e+07 1.33e+01 1.97e+05  -6.0 6.79e+01   3.4 1.31e-04 1.77e-03f  1
 235  1.2502528e+07 1.33e+01 1.98e+05  -6.0 6.79e+01   2.9 2.09e-04 1.09e-03f  1
 236  1.2502076e+07 1.33e+01 2.00e+05  -6.0 6.79e+01   3.3 2.90e-04 7.52e-04f  1
 237  1.2501542e+07 1.32e+01 2.01e+05  -6.0 6.79e+01   2.8 2.55e-04 8.97e-04f  1
 238  1.2500671e+07 1.32e+01 2.08e+05  -6.0 6.79e+01   3.3 5.99e-04 1.47e-03f  1
 239  1.2499340e+07 1.32e+01 2.13e+05  -6.0 6.78e+01   2.8 2.92e-03 2.26e-03f  1
iter    objective    inf_pr   inf_du lg(mu)  ||d||  lg(rg) alpha_du alpha_pr  ls
 240  1.2498621e+07 1.32e+01 2.17e+05  -6.0 6.78e+01   3.2 2.96e-04 1.24e-03f  1
 241  1.2498141e+07 1.32e+01 2.17e+05  -6.0 1.05e+02   2.7 4.00e-04 8.09e-04f  1
 242  1.2497740e+07 1.32e+01 2.18e+05  -6.0 6.78e+01   3.1 7.25e-04 7.01e-04f  1
 243  1.2497111e+07 1.31e+01 2.19e+05  -6.0 7.53e+01   2.7 2.96e-03 1.12e-03f  1
 244  1.2497104e+07 1.31e+01 2.19e+05  -6.0 6.77e+01   3.1 8.09e-05 1.23e-05h  1
 245  1.2496502e+07 1.31e+01 2.26e+05  -6.0 6.77e+01   3.5 3.18e-07 1.05e-03f  1
 246  1.2496484e+07 1.31e+01 2.26e+05  -6.0 6.77e+01   3.0 1.18e-03 3.15e-05h  1
 247  1.2495299e+07 1.31e+01 2.48e+05  -6.0 6.77e+01   3.5 5.63e-04 2.07e-03f  1
 248  1.2494503e+07 1.31e+01 2.52e+05  -6.0 6.77e+01   3.0 2.37e-03 1.41e-03f  1
 249  1.2494045e+07 1.31e+01 2.52e+05  -6.0 2.74e+02   2.5 1.15e-03 6.76e-04f  1
iter    objective    inf_pr   inf_du lg(mu)  ||d||  lg(rg) alpha_du alpha_pr  ls
 250  1.2493742e+07 1.31e+01 2.52e+05  -6.0 6.77e+01   2.9 1.32e-04 5.22e-04f  1
 251  1.2493250e+07 1.31e+01 2.52e+05  -6.0 8.64e+01   2.5 2.82e-05 8.40e-04f  1
 252  1.2493195e+07 1.30e+01 2.52e+05  -6.0 6.77e+01   2.9 2.69e-04 9.32e-05f  1
 253  1.2492850e+07 1.30e+01 2.52e+05  -6.0 6.77e+01   2.4 6.89e-04 5.57e-04f  1
 254  1.2492566e+07 1.30e+01 2.52e+05  -6.0 6.76e+01   2.8 7.67e-04 4.85e-04f  1
In iteration 254, 1 Slack too small, adjusting variable bound
 255  1.2492052e+07 1.30e+01 2.55e+05  -6.0 6.76e+01   3.3 1.99e-03 9.04e-04f  1
 256  1.2491711e+07 1.30e+01 2.55e+05  -6.0 6.76e+01   2.8 2.20e-03 5.79e-04f  1
In iteration 256, 1 Slack too small, adjusting variable bound
 257  1.2491197e+07 1.30e+01 2.57e+05  -6.0 6.76e+01   3.2 6.60e-05 9.11e-04f  1
 258  1.2489658e+07 1.30e+01 2.63e+05  -6.0 6.76e+01   2.7 7.41e-07 2.60e-03f  1
 259  1.2489428e+07 1.30e+01 2.63e+05  -6.0 6.76e+01   3.2 4.26e-04 4.04e-04f  1
In iteration 259, 1 Slack too small, adjusting variable bound
iter    objective    inf_pr   inf_du lg(mu)  ||d||  lg(rg) alpha_du alpha_pr  ls
 260  1.2489264e+07 1.30e+01 2.63e+05  -6.0 6.76e+01   2.7 4.10e-07 2.72e-04f  1
In iteration 260, 1 Slack too small, adjusting variable bound
 261  1.2489192e+07 1.30e+01 2.63e+05  -6.0 6.75e+01   3.1 8.06e-04 1.27e-04f  1
 262  1.2486650e+07 1.29e+01 2.74e+05  -6.0 6.75e+01   2.6 8.46e-05 4.18e-03f  1
 263  1.2486563e+07 1.29e+01 2.74e+05  -6.0 6.75e+01   3.1 3.02e-06 1.51e-04f  1
 264  1.2484477e+07 1.29e+01 2.80e+05  -6.0 6.75e+01   2.6 4.59e-03 3.39e-03f  1
 265  1.2483681e+07 1.28e+01 2.83e+05  -6.0 6.74e+01   3.0 1.90e-03 1.39e-03f  1
In iteration 265, 1 Slack too small, adjusting variable bound
 266  1.2483450e+07 1.28e+01 2.83e+05  -6.0 6.74e+01   2.5 2.83e-03 3.79e-04f  1
 267  1.2482585e+07 1.28e+01 2.86e+05  -6.0 6.74e+01   3.0 4.48e-08 1.52e-03f  1
 268  1.2482066e+07 1.28e+01 2.86e+05  -6.0 8.74e+01   2.5 2.92e-03 8.75e-04f  1
 269  1.2482054e+07 1.28e+01 2.86e+05  -6.0 6.74e+01   2.9 4.82e-03 2.18e-05h  1
iter    objective    inf_pr   inf_du lg(mu)  ||d||  lg(rg) alpha_du alpha_pr  ls
 270  1.2480740e+07 1.28e+01 3.07e+05  -6.0 6.73e+01   3.3 2.70e-04 2.39e-03f  1
 271  1.2480737e+07 1.28e+01 3.07e+05  -6.0 6.73e+01   2.9 4.25e-03 5.41e-06h  1
 272  1.2478791e+07 1.27e+01 3.49e+05  -6.0 6.73e+01   3.3 2.54e-03 3.57e-03f  1
 273r 1.2478791e+07 1.27e+01 1.00e+03   0.8 0.00e+00   2.8 0.00e+00 4.99e-10R  5
 274r 1.2414553e+07 1.31e+01 8.65e+03   0.8 1.76e+04    -  1.35e-05 1.17e-04f  1
 275  1.2414457e+07 1.31e+01 1.00e+02  -6.0 7.86e+02    -  5.84e-06 8.84e-06f  1
 276  1.2396856e+07 1.31e+01 9.94e+01  -6.0 7.86e+02    -  7.60e-03 1.62e-03f  1
 277  1.2291844e+07 1.30e+01 9.90e+01  -6.0 7.26e+02    -  1.63e-03 1.02e-02f  1
 278  1.2164561e+07 1.28e+01 9.84e+01  -6.0 6.65e+02    -  5.29e-03 1.36e-02f  1
 279  1.1984982e+07 1.25e+01 9.80e+01  -6.0 6.22e+02    -  3.64e-07 2.18e-02f  1
iter    objective    inf_pr   inf_du lg(mu)  ||d||  lg(rg) alpha_du alpha_pr  ls
 280  1.1968891e+07 1.25e+01 9.79e+01  -6.0 5.95e+02    -  3.27e-04 2.33e-03f  1
 281  1.1901542e+07 1.23e+01 9.76e+01  -6.0 5.91e+02    -  1.60e-03 9.90e-03f  1
 282  1.1882586e+07 1.23e+01 9.73e+01  -6.0 5.74e+02    -  3.23e-03 2.91e-03f  1
 283  1.1861412e+07 1.23e+01 9.72e+01  -6.0 5.64e+02    -  2.20e-04 3.31e-03f  1
 284  1.1787722e+07 1.21e+01 9.66e+01  -6.0 5.58e+02    -  4.67e-03 1.17e-02f  1
 285  1.1729966e+07 1.20e+01 9.64e+01  -6.0 5.37e+02    -  1.34e-03 9.66e-03f  1
 286  1.1661321e+07 1.19e+01 9.61e+01  -6.0 5.15e+02    -  6.58e-04 1.22e-02f  1
 287  1.1661321e+07 1.19e+01 9.61e+01  -6.0 6.51e+01   2.3 6.44e-06 4.50e-06h  1
 288  1.1661315e+07 1.19e+01 9.61e+01  -6.0 6.51e+01   1.9 1.12e-04 2.95e-05h  1
 289  1.1661172e+07 1.19e+01 9.61e+01  -6.0 6.51e+01   1.4 3.55e-05 3.78e-04f  1
iter    objective    inf_pr   inf_du lg(mu)  ||d||  lg(rg) alpha_du alpha_pr  ls
 290  1.1660325e+07 1.18e+01 9.58e+01  -6.0 6.51e+01   0.9 2.93e-03 1.32e-03f  1
 291  1.1658471e+07 1.18e+01 9.58e+01  -6.0 6.51e+01   0.4 4.38e-04 1.88e-03f  1
 292  1.1649021e+07 1.17e+01 1.64e+02  -6.0 6.50e+01  -0.1 9.19e-03 6.48e-03f  1
 293  1.1617718e+07 1.16e+01 2.76e+02  -6.0 6.49e+01  -0.5 1.25e-03 1.58e-02f  1
 294  1.1606226e+07 1.15e+01 2.76e+02  -6.0 6.45e+01  -1.0 1.08e-02 4.69e-03f  1
 295  1.1582198e+07 1.14e+01 2.72e+02  -6.0 1.82e+02  -1.5 3.64e-03 8.02e-03f  1
 296  1.1565982e+07 1.13e+01 2.71e+02  -6.0 6.41e+01  -1.1 1.34e-02 6.79e-03f  1
 297  1.1560287e+07 1.13e+01 2.71e+02  -6.0 1.77e+03  -1.5 1.54e-03 1.97e-03f  1
 298  1.1467664e+07 1.11e+01 2.60e+02  -6.0 4.40e+02    -  1.70e-03 2.15e-02f  1
 299  1.1312407e+07 1.06e+01 2.29e+02  -6.0 4.22e+02    -  6.50e-03 3.87e-02f  1
iter    objective    inf_pr   inf_du lg(mu)  ||d||  lg(rg) alpha_du alpha_pr  ls
 300  1.1219834e+07 1.04e+01 2.23e+02  -6.0 3.82e+02    -  5.10e-03 2.65e-02f  1

Number of Iterations....: 300

                                   (scaled)                 (unscaled)
Objective...............:   8.6128263833597041e+04    1.1219833585614622e+07
Dual infeasibility......:   2.2315346774603196e+02    2.9069955212386787e+04
Constraint violation....:   3.9534304758304604e+00    1.0359309651419210e+01
Variable bound violation:   9.9555028665321288e-09    9.9555028665321288e-09
Complementarity.........:   9.2014255868095297e+03    1.1986595252155527e+06
Overall NLP error.......:   9.2014255868095297e+03    1.1986595252155527e+06


Number of objective function evaluations             = 316
Number of objective gradient evaluations             = 300
Number of equality constraint evaluations            = 316
Number of inequality constraint evaluations          = 317
Number of equality constraint Jacobian evaluations   = 303
Number of inequality constraint Jacobian evaluations = 303
Number of Lagrangian Hessian evaluations             = 300
Total seconds in IPOPT                               = 171.715

EXIT: Maximum Number of Iterations Exceeded.

