Solver command line: ['/opt/homebrew/bin/ipopt', '/var/folders/6y/bvynbx6n3zv7z3lwg6vd724r0000gn/T/tmp2d15vn60.pyomo.nl', '-AMPL', 'tol=1e-06', 'max_iter=300', 'print_level=5', 'warm_start_init_point=yes', 'warm_start_bound_push=1e-06', 'warm_start_bound_frac=1e-06', 'warm_start_mult_bound_push=1e-06', 'mu_init=1e-06', 'least_square_init_duals=no']

Ipopt 3.14.19: tol=1e-06
max_iter=300
print_level=5
warm_start_init_point=yes
warm_start_bound_push=1e-06
warm_start_bound_frac=1e-06
warm_start_mult_bound_push=1e-06
mu_init=1e-06
least_square_init_duals=no


******************************************************************************
This program contains Ipopt, a library for large-scale nonlinear optimization.
 Ipopt is released as open source code under the Eclipse Public License (EPL).
         For more information visit https://github.com/coin-or/Ipopt
******************************************************************************

This is Ipopt version 3.14.19, running with linear solver MUMPS 5.6.2.

Number of nonzeros in equality constraint Jacobian...:   211821
Number of nonzeros in inequality constraint Jacobian.:   163736
Number of nonzeros in Lagrangian Hessian.............:   115477

Total number of variables............................:    35502
                     variables with only lower bounds:        0
                variables with lower and upper bounds:    35502
                     variables with only upper bounds:        0
Total number of equality constraints.................:    27319
Total number of inequality constraints...............:    40934
        inequality constraints with only lower bounds:        0
   inequality constraints with lower and upper bounds:        0
        inequality constraints with only upper bounds:    40934

iter    objective    inf_pr   inf_du lg(mu)  ||d||  lg(rg) alpha_du alpha_pr  ls
   0  1.8058312e+07 9.46e+00 6.60e-03  -6.0 0.00e+00    -  0.00e+00 0.00e+00   0
   1  8.9587397e+06 1.11e-02 1.01e+00  -6.0 9.46e+00    -  5.28e-01 9.99e-01f  1
   2  8.9480502e+06 1.33e-06 2.63e-05  -6.0 1.11e-02    -  1.00e+00 1.00e+00f  1
   3  8.9480497e+06 1.15e-08 2.18e-08  -6.0 4.12e-04    -  1.00e+00 1.00e+00h  1
   4  8.9480491e+06 1.90e-06 3.09e-01  -7.2 7.57e-03    -  1.00e+00 7.94e-01f  1
   5  8.9480490e+06 6.68e-07 2.77e-07  -7.2 3.00e-03    -  1.00e+00 1.00e+00f  1

Number of Iterations....: 5

                                   (scaled)                 (unscaled)
Objective...............:   6.8689068929000627e+04    8.9480489705816060e+06
Dual infeasibility......:   2.7708545693014978e-07    3.6095615740689785e-05
Constraint violation....:   6.6846817672883141e-07    6.6846817672883141e-07
Variable bound violation:   1.9269499063057083e-07    1.9269499063057083e-07
Complementarity.........:   1.2193301179774762e-07    1.5884078467048521e-05
Overall NLP error.......:   6.6846817672883141e-07    3.6095615740689785e-05


Number of objective function evaluations             = 6
Number of objective gradient evaluations             = 6
Number of equality constraint evaluations            = 6
Number of inequality constraint evaluations          = 7
Number of equality constraint Jacobian evaluations   = 6
Number of inequality constraint Jacobian evaluations = 6
Number of Lagrangian Hessian evaluations             = 5
Total seconds in IPOPT                               = 5.839

EXIT: Optimal Solution Found.

