Solver command line: ['/opt/homebrew/bin/ipopt', '/var/folders/6y/bvynbx6n3zv7z3lwg6vd724r0000gn/T/tmp6pjnfctx.pyomo.nl', '-AMPL', 'tol=1e-06', 'max_iter=300', 'print_level=5', 'warm_start_init_point=yes', 'warm_start_bound_push=1e-06', 'warm_start_bound_frac=1e-06', 'warm_start_mult_bound_push=1e-06', 'mu_init=1e-06', 'least_square_init_duals=no']

Ipopt 3.14.19: tol=1e-06
max_iter=300
print_level=5
warm_start_init_point=yes
warm_start_bound_push=1e-06
warm_start_bound_frac=1e-06
warm_start_mult_bound_push=1e-06
mu_init=1e-06
least_square_init_duals=no


******************************************************************************
This program contains Ipopt, a library for large-scale nonlinear optimization.
 Ipopt is released as open source code under the Eclipse Public License (EPL).
         For more information visit https://github.com/coin-or/Ipopt
******************************************************************************

This is Ipopt version 3.14.19, running with linear solver MUMPS 5.6.2.

Number of nonzeros in equality constraint Jacobian...:   211821
Number of nonzeros in inequality constraint Jacobian.:   163736
Number of nonzeros in Lagrangian Hessian.............:   115477

Total number of variables............................:    35502
                     variables with only lower bounds:        0
                variables with lower and upper bounds:    35502
                     variables with only upper bounds:        0
Total number of equality constraints.................:    27319
Total number of inequality constraints...............:    40934
        inequality constraints with only lower bounds:        0
   inequality constraints with lower and upper bounds:        0
        inequality constraints with only upper bounds:    40934

iter    objective    inf_pr   inf_du lg(mu)  ||d||  lg(rg) alpha_du alpha_pr  ls
   0  8.9480589e+06 2.70e+01 1.18e+03  -6.0 0.00e+00    -  0.00e+00 0.00e+00   0
   1  8.9480198e+06 2.70e+01 1.18e+03  -6.0 7.09e+01    -  3.04e-05 2.23e-04h  1
   2  8.9478959e+06 2.70e+01 1.18e+03  -6.0 8.37e+01    -  4.14e-04 6.98e-04h  1
   3  8.9477225e+06 2.70e+01 1.18e+03  -6.0 8.27e+01    -  3.12e-04 9.79e-04f  1
   4  8.9476411e+06 2.70e+01 1.18e+03  -6.0 8.11e+01    -  5.20e-04 4.61e-04h  1
   5  8.9476050e+06 2.70e+01 1.18e+03  -6.0 8.04e+01    -  7.18e-04 2.05e-04h  1
   6  8.9474969e+06 2.70e+01 1.18e+03  -6.0 8.01e+01    -  2.84e-04 6.14e-04h  1
   7  8.9474176e+06 2.69e+01 1.18e+03  -6.0 2.32e+01    -  5.32e-04 4.75e-04h  1
   8  8.9472793e+06 2.69e+01 1.18e+03  -6.0 7.82e+01    -  1.26e-03 7.89e-04f  1
   9  8.9469444e+06 2.69e+01 1.18e+03  -6.0 7.69e+01    -  7.96e-04 1.92e-03f  1
iter    objective    inf_pr   inf_du lg(mu)  ||d||  lg(rg) alpha_du alpha_pr  ls
  10  8.9469026e+06 2.69e+01 1.18e+03  -6.0 7.46e+01    -  6.98e-04 2.41e-04h  1
  11  8.9468146e+06 2.68e+01 1.18e+03  -6.0 7.43e+01    -  4.59e-04 5.08e-04h  1
  12  8.9466342e+06 2.68e+01 1.18e+03  -6.0 6.88e+01    -  2.68e-04 1.09e-03f  1
  13  8.9465871e+06 2.68e+01 1.17e+03  -6.0 6.79e+01    -  1.08e-03 2.85e-04h  1
  14  8.9464162e+06 2.68e+01 1.17e+03  -6.0 6.75e+01    -  7.97e-04 1.04e-03h  1
  15  8.9460968e+06 2.67e+01 1.17e+03  -6.0 5.77e+01    -  2.37e-04 1.98e-03f  1
  16  8.9460557e+06 2.67e+01 1.17e+03  -6.0 6.03e+01    -  1.66e-03 2.57e-04h  1
  17  8.9458522e+06 2.67e+01 1.17e+03  -6.0 5.88e+01    -  3.11e-04 1.27e-03f  1
  18  8.9456618e+06 2.67e+01 1.17e+03  -6.0 5.72e+01    -  1.10e-05 1.19e-03f  1
  19r 8.9456618e+06 2.67e+01 1.00e+03   1.2 0.00e+00    -  0.00e+00 2.67e-09R  3
iter    objective    inf_pr   inf_du lg(mu)  ||d||  lg(rg) alpha_du alpha_pr  ls
  20r 8.9455662e+06 2.67e+01 1.00e+03   1.2 9.96e+05    -  4.28e-10 3.64e-07f  1
  21r 8.9458479e+06 2.66e+01 1.00e+03   1.2 3.84e+02   2.0 2.19e-07 1.36e-05f  1
  22r 8.9519612e+06 2.63e+01 1.70e+03   1.2 2.48e+02   1.5 5.27e-06 3.10e-04f  1
  23r 8.9537091e+06 2.63e+01 1.70e+03   1.2 3.13e+02   1.9 9.28e-05 1.02e-04f  1
  24r 8.9572568e+06 2.62e+01 1.70e+03   1.2 1.02e+02   2.4 1.21e-04 2.25e-04f  1
  25r 9.0261768e+06 2.49e+01 1.93e+03   1.2 6.29e+01   1.9 1.66e-04 4.23e-03f  1
  26r 9.0626621e+06 2.48e+01 2.38e+05   1.2 4.08e+01   3.2 6.81e-03 6.60e-03f  1
  27r 9.1022819e+06 2.47e+01 1.86e+05   1.2 3.04e-02   5.5 6.39e-01 6.64e-01f  1
  28r 9.1114690e+06 2.47e+01 4.46e+05   1.2 2.66e-02   5.9 1.00e+00 7.99e-01f  1
  29r 9.1158847e+06 2.47e+01 1.12e+06   1.2 2.12e-02   6.3 1.00e+00 1.00e+00f  1
iter    objective    inf_pr   inf_du lg(mu)  ||d||  lg(rg) alpha_du alpha_pr  ls
  30r 9.1160987e+06 2.47e+01 9.80e+05   1.2 1.79e-02   6.7 1.00e+00 1.26e-01f  1
  31r 9.1162649e+06 2.47e+01 9.95e+05   1.2 2.46e-02   7.2 1.00e+00 2.60e-01f  1
  32r 9.1181732e+06 2.47e+01 5.61e+06   1.2 4.48e-02   6.7 2.17e-01 1.00e+00f  1
  33r 9.1222865e+06 2.46e+01 1.52e+06   1.2 6.87e-03   6.2 1.00e+00 7.48e-01f  1
  34r 9.1372431e+06 2.45e+01 5.11e+04   1.2 3.88e-03   5.7 1.00e+00 1.00e+00f  1
  35r 9.1426802e+06 2.44e+01 2.09e+04   1.2 2.29e-03   6.2 1.00e+00 1.00e+00f  1
  36r 9.1446966e+06 2.44e+01 5.32e+03   1.2 4.62e-04   6.6 1.00e+00 1.00e+00f  1
  37r 9.1505304e+06 2.44e+01 7.37e+03   1.2 1.25e-03   6.1 1.00e+00 1.00e+00f  1
  38r 9.1526877e+06 2.44e+01 9.42e+03   1.2 4.70e-04   6.5 1.00e+00 1.00e+00f  1
  39r 9.1589219e+06 2.43e+01 2.98e+03   1.2 1.42e-03   6.1 1.00e+00 1.00e+00f  1
iter    objective    inf_pr   inf_du lg(mu)  ||d||  lg(rg) alpha_du alpha_pr  ls
  40r 9.1757742e+06 2.42e+01 1.33e+04   1.2 4.32e-03   5.6 1.00e+00 1.00e+00f  1
  41r 9.1818892e+06 2.41e+01 3.88e+03   1.2 1.62e-03   6.0 1.00e+00 1.00e+00f  1
  42r 9.1986058e+06 2.39e+01 3.33e+03   1.2 4.86e-03   5.5 1.00e+00 1.00e+00f  1
  43r 9.2046696e+06 2.39e+01 1.15e+04   1.2 1.81e-03   6.0 1.00e+00 1.00e+00f  1
  44r 9.2213307e+06 2.37e+01 1.76e+03   1.2 5.40e-03   5.5 1.00e+00 1.00e+00f  1
  45r 9.2611719e+06 2.33e+01 4.62e+05   1.2 1.86e-02   5.0 1.00e+00 1.00e+00f  1
  46r 9.2750252e+06 2.31e+01 1.48e+05   1.2 9.01e-03   5.4 1.00e+00 1.00e+00f  1
  47r 9.2801129e+06 2.30e+01 1.40e+05   1.2 8.06e-03   5.9 1.00e+00 1.00e+00f  1
  48r 9.2820084e+06 2.30e+01 2.34e+05   1.2 3.69e-03   6.3 1.00e+00 1.00e+00f  1
  49r 9.2827165e+06 2.30e+01 8.76e+03   1.2 8.15e-04   6.7 1.00e+00 1.00e+00f  1
iter    objective    inf_pr   inf_du lg(mu)  ||d||  lg(rg) alpha_du alpha_pr  ls
  50r 9.2848169e+06 2.30e+01 9.64e+03   1.2 9.29e-04   6.2 1.00e+00 1.00e+00f  1
  51r 9.2909073e+06 2.29e+01 1.56e+03   1.2 2.78e-03   5.7 1.00e+00 1.00e+00f  1
  52r 9.3074965e+06 2.27e+01 1.55e+03   1.2 8.31e-03   5.3 1.00e+00 1.00e+00f  1
  53r 9.3461254e+06 2.20e+01 1.10e+04   1.2 2.48e-02   4.8 1.00e+00 1.00e+00f  1
  54r 9.3586154e+06 2.18e+01 1.14e+04   1.2 9.42e-03   5.2 1.00e+00 1.00e+00f  1
  55r 9.3881541e+06 2.12e+01 1.86e+03   1.2 2.83e-02   4.7 1.00e+00 1.00e+00f  1
  56r 9.3973002e+06 2.10e+01 5.13e+03   1.2 1.06e-02   5.2 1.00e+00 1.00e+00f  1
  57r 9.4183045e+06 2.05e+01 1.21e+04   1.2 3.18e-02   4.7 1.00e+00 1.00e+00f  1
  58r 9.4242651e+06 2.03e+01 3.75e+04   1.2 1.28e-02   5.1 1.00e+00 1.00e+00f  1
  59r 9.4370773e+06 1.99e+01 4.32e+05   1.2 3.52e-02   4.6 1.00e+00 1.00e+00f  1
iter    objective    inf_pr   inf_du lg(mu)  ||d||  lg(rg) alpha_du alpha_pr  ls
  60r 9.4370185e+06 1.98e+01 3.63e+05   1.2 1.13e-02   6.0 1.00e+00 1.00e+00f  1
  61r 9.4384583e+06 1.98e+01 2.22e+05   1.2 7.80e-03   5.5 1.00e+00 1.00e+00f  1
  62r 9.4389702e+06 1.98e+01 4.26e+05   1.2 5.52e-03   5.9 1.00e+00 1.00e+00f  1
  63r 9.4404025e+06 1.97e+01 3.71e+04   1.2 5.53e-03   5.4 1.00e+00 1.00e+00f  1
  64r 9.4436755e+06 1.95e+01 3.12e+04   1.2 1.64e-02   5.0 1.00e+00 1.00e+00f  1
  65r 9.4473561e+06 1.93e+01 1.75e+04   1.2 4.79e-02   4.5 1.00e+00 1.00e+00f  1
  66r 9.4465421e+06 1.93e+01 3.88e+05   1.2 6.30e-03   5.8 1.00e+00 1.00e+00f  1
  67r 9.4466241e+06 1.93e+01 1.89e+04   1.2 6.64e-03   5.3 1.00e+00 1.00e+00f  1
  68r 9.4463670e+06 1.92e+01 3.33e+04   1.2 1.96e-02   4.9 1.00e+00 1.00e+00f  1
  69r 9.4425904e+06 1.92e+01 1.48e+04   1.2 5.82e-02   4.4 1.00e+00 1.00e+00f  1
iter    objective    inf_pr   inf_du lg(mu)  ||d||  lg(rg) alpha_du alpha_pr  ls
  70r 9.4395366e+06 1.92e+01 1.29e+04   1.2 2.17e-02   4.8 1.00e+00 1.00e+00f  1
  71r 9.4336464e+06 1.91e+01 8.61e+03   1.2 6.32e-02   4.3 1.00e+00 1.00e+00f  1
  72r 9.4304570e+06 1.91e+01 9.68e+03   1.2 2.34e-02   4.8 1.00e+00 1.00e+00f  1
  73r 9.4258264e+06 1.90e+01 7.97e+03   1.2 6.99e-02   4.3 1.00e+00 1.00e+00f  1
  74r 9.4233192e+06 1.90e+01 9.81e+04   1.2 2.62e-02   4.7 1.00e+00 1.00e+00f  1
  75r 9.4226395e+06 1.90e+01 3.04e+04   1.2 9.81e-03   5.1 1.00e+00 1.00e+00f  1
  76r 9.4224145e+06 1.90e+01 3.54e+04   1.2 3.68e-03   5.6 1.00e+00 1.00e+00f  1
  77r 9.4218961e+06 1.90e+01 2.22e+04   1.2 1.10e-02   5.1 1.00e+00 1.00e+00f  1
  78r 9.4209570e+06 1.90e+01 1.01e+04   1.2 3.30e-02   4.6 1.00e+00 1.00e+00f  1
  79r 9.4200549e+06 1.89e+01 3.95e+03   1.2 9.83e-02   4.1 1.00e+00 1.00e+00f  1
iter    objective    inf_pr   inf_du lg(mu)  ||d||  lg(rg) alpha_du alpha_pr  ls
  80r 9.4188064e+06 1.88e+01 1.07e+04   1.2 3.65e-02   4.6 1.00e+00 1.00e+00f  1
  81r 9.4187411e+06 1.88e+01 8.82e+03   1.2 1.37e-02   5.0 1.00e+00 1.00e+00f  1
  82r 9.4187633e+06 1.88e+01 1.29e+04   1.2 5.12e-03   5.4 1.00e+00 1.00e+00f  1
  83r 9.4190439e+06 1.88e+01 2.81e+03   1.2 1.53e-02   4.9 1.00e+00 1.00e+00f  1
  84r 9.4203708e+06 1.88e+01 2.87e+03   1.2 4.55e-02   4.5 1.00e+00 1.00e+00f  1
  85r 9.4206432e+06 1.88e+01 1.28e+03   1.2 1.70e-02   4.9 1.00e+00 1.00e+00f  1
  86r 9.4207968e+06 1.88e+01 1.28e+03   1.2 6.36e-03   5.3 1.00e+00 1.00e+00f  1
  87r 9.4214489e+06 1.88e+01 1.28e+03   1.2 1.90e-02   4.8 1.00e+00 1.00e+00f  1
  88r 9.4216538e+06 1.87e+01 1.27e+03   1.2 7.11e-03   5.3 1.00e+00 1.00e+00f  1
  89r 9.4224649e+06 1.87e+01 1.27e+03   1.2 2.12e-02   4.8 1.00e+00 1.00e+00f  1
iter    objective    inf_pr   inf_du lg(mu)  ||d||  lg(rg) alpha_du alpha_pr  ls
  90r 9.4249764e+06 1.87e+01 1.25e+03   1.2 6.28e-02   4.3 1.00e+00 1.00e+00f  1
  91r 9.4254828e+06 1.87e+01 4.56e+03   1.2 2.33e-02   4.7 1.00e+00 1.00e+00f  1
  92r 9.4279084e+06 1.86e+01 1.30e+03   1.2 6.90e-02   4.2 1.00e+00 1.00e+00f  1
  93r 9.4283241e+06 1.86e+01 1.21e+03   1.2 2.56e-02   4.7 1.00e+00 1.00e+00f  1
  94r 9.4302721e+06 1.85e+01 1.19e+03   1.2 7.56e-02   4.2 1.00e+00 1.00e+00f  1
  95r 9.4304778e+06 1.85e+01 1.17e+03   1.2 2.80e-02   4.6 1.00e+00 1.00e+00f  1
  96r 9.4317574e+06 1.85e+01 1.15e+03   1.2 8.23e-02   4.1 1.00e+00 1.00e+00f  1
  97r 9.4317733e+06 1.84e+01 1.13e+03   1.2 3.04e-02   4.6 1.00e+00 1.00e+00f  1
  98r 9.4325154e+06 1.84e+01 4.17e+03   1.2 9.03e-02   4.1 1.00e+00 1.00e+00f  1
  99r 9.4324438e+06 1.83e+01 6.87e+03   1.2 3.35e-02   4.5 1.00e+00 1.00e+00f  1
iter    objective    inf_pr   inf_du lg(mu)  ||d||  lg(rg) alpha_du alpha_pr  ls
 100r 9.4330733e+06 1.83e+01 4.06e+03   1.2 9.97e-02   4.0 1.00e+00 1.00e+00f  1
 101r 9.4331706e+06 1.82e+01 8.36e+03   1.2 3.69e-02   4.5 1.00e+00 1.00e+00f  1
 102r 9.4348848e+06 1.82e+01 1.08e+03   1.2 1.09e-01   4.0 1.00e+00 9.91e-01f  1
 103r 9.4361564e+06 1.81e+01 1.07e+03   1.2 4.04e-02   4.4 1.00e+00 1.00e+00f  1
 104r 9.4434694e+06 1.80e+01 1.08e+03   1.2 1.20e-01   3.9 1.00e+00 1.00e+00f  1
 105r 9.4474729e+06 1.80e+01 1.33e+03   1.2 4.41e-02   4.4 1.00e+00 1.00e+00f  1
 106r 9.4602834e+06 1.79e+01 3.72e+03   1.2 1.31e-01   3.9 1.00e+00 1.00e+00f  1
 107r 9.4653131e+06 1.79e+01 1.26e+03   1.2 4.80e-02   4.3 1.00e+00 1.00e+00f  1
 108r 9.4672991e+06 1.78e+01 9.91e+02   1.2 1.80e-02   4.7 1.00e+00 1.00e+00f  1
 109r 9.4730725e+06 1.78e+01 1.54e+03   1.2 5.36e-02   4.3 1.00e+00 1.00e+00f  1
iter    objective    inf_pr   inf_du lg(mu)  ||d||  lg(rg) alpha_du alpha_pr  ls
 110r 9.4863724e+06 1.77e+01 2.49e+04   1.2 1.57e-01   3.8 1.00e+00 1.00e+00f  1
 111r 9.4865335e+06 1.77e+01 6.12e+04   1.2 9.41e-03   5.1 1.00e+00 1.00e+00f  1
 112r 9.4884551e+06 1.76e+01 6.21e+03   1.2 2.16e-02   4.6 1.00e+00 1.00e+00f  1
 113r 9.4935411e+06 1.76e+01 1.01e+04   1.2 6.42e-02   4.2 1.00e+00 1.00e+00f  1
 114r 9.4940257e+06 1.76e+01 7.47e+04   1.2 4.46e-01   3.7 3.86e-02 5.14e-02f  1
 115r 9.4946342e+06 1.76e+01 4.26e+04   1.2 1.06e-02   5.0 1.00e+00 1.00e+00f  1
 116r 9.4965704e+06 1.75e+01 2.87e+03   1.2 2.67e-02   4.5 1.00e+00 1.00e+00f  1
 117r 9.5013458e+06 1.75e+01 9.68e+02   1.2 7.90e-02   4.1 1.00e+00 1.00e+00f  1
 118r 9.5068549e+06 1.73e+01 1.54e+04   1.2 2.27e-01   3.6 1.00e+00 8.26e-01f  1
 119r 9.5087697e+06 1.72e+01 4.80e+03   1.2 8.57e-02   4.0 1.00e+00 1.00e+00f  1
iter    objective    inf_pr   inf_du lg(mu)  ||d||  lg(rg) alpha_du alpha_pr  ls
 120r 9.5090050e+06 1.70e+01 1.14e+03   1.2 2.57e-01   3.5 1.00e+00 8.70e-01f  1
 121r 9.5088880e+06 1.70e+01 8.00e+03   1.2 4.02e+01   3.1 1.40e-02 4.84e-03f  1
 122r 9.5077280e+06 1.69e+01 4.05e+03   1.2 2.50e-01   3.5 8.30e-01 3.54e-01f  1
 123  9.4010418e+06 1.67e+01 9.79e+01  -6.0 4.63e+01    -  2.35e-02 1.29e-02f  1
 124  9.2781524e+06 1.63e+01 9.52e+01  -6.0 5.78e+01    -  2.89e-02 2.31e-02f  1
 125  9.1188737e+06 1.56e+01 9.37e+01  -6.0 7.16e+01    -  8.54e-03 4.38e-02f  1
 126  8.9804985e+06 1.47e+01 9.03e+01  -6.0 9.29e+01    -  3.25e-02 5.72e-02f  1
 127  8.8944247e+06 1.37e+01 8.80e+01  -6.0 1.13e+02    -  1.65e-02 6.85e-02f  1
 128  8.8276484e+06 1.23e+01 8.04e+01  -6.0 1.32e+02    -  8.46e-02 1.01e-01f  1
 129  8.8054571e+06 1.06e+01 7.25e+01  -6.0 1.49e+02    -  9.10e-02 1.37e-01f  1
iter    objective    inf_pr   inf_du lg(mu)  ||d||  lg(rg) alpha_du alpha_pr  ls
 130  8.8093500e+06 9.34e+00 6.42e+01  -6.0 1.58e+02    -  1.14e-01 1.20e-01H  1
 131  8.8151792e+06 8.73e+00 6.17e+01  -6.0 1.53e+02    -  3.65e-02 6.52e-02h  1
 132  8.8299886e+06 7.43e+00 5.53e+01  -6.0 1.50e+02    -  9.79e-02 1.48e-01h  1
 133  8.8475428e+06 6.26e+00 4.96e+01  -6.0 1.45e+02    -  9.53e-02 1.57e-01h  1
 134  8.8684100e+06 5.05e+00 4.58e+01  -6.0 1.35e+02    -  6.32e-02 1.93e-01h  1
 135  8.8779976e+06 4.54e+00 3.68e+01  -6.0 1.20e+02    -  2.07e-01 1.01e-01h  1
 136  8.9003268e+06 3.34e+00 3.21e+01  -6.0 1.13e+02    -  1.14e-01 2.62e-01h  1
 137  8.9075798e+06 2.95e+00 2.29e+01  -6.0 9.66e+01    -  3.68e-01 1.17e-01h  1
 138  8.9137222e+06 2.56e+00 4.58e+01  -6.0 1.17e+02    -  3.88e-01 1.30e-01h  1
 139  8.9192301e+06 2.14e+00 4.82e+01  -6.0 1.41e+02    -  2.55e-01 1.62e-01h  1
iter    objective    inf_pr   inf_du lg(mu)  ||d||  lg(rg) alpha_du alpha_pr  ls
 140  8.9213247e+06 1.98e+00 4.17e+01  -6.0 1.50e+02    -  2.87e-02 7.69e-02h  1
 141  8.9234619e+06 1.80e+00 4.78e+01  -6.0 1.46e+02    -  3.34e-01 8.72e-02h  1
 142  8.9243115e+06 1.73e+00 4.01e+01  -6.0 1.40e+02    -  1.60e-01 4.13e-02h  1
 143  8.9273582e+06 1.46e+00 4.11e+01  -6.0 1.25e+02    -  6.14e-02 1.57e-01h  1
 144  8.9283353e+06 1.37e+00 2.87e+01  -6.0 9.16e+01    -  1.60e-01 5.78e-02h  1
 145  8.9302998e+06 1.20e+00 3.63e+01  -6.0 7.30e+01    -  2.61e-02 1.28e-01h  1
 146  8.9305935e+06 1.17e+00 7.44e+01  -6.0 5.85e+01    -  3.78e-01 2.10e-02h  1
 147  8.9306583e+06 1.17e+00 7.35e+01  -6.0 3.14e+01   0.0 2.45e-03 1.41e-03h  1
 148  8.9315436e+06 1.14e+00 8.43e+01  -6.0 1.89e+01  -0.5 9.28e-04 2.15e-02h  1
 149  8.9321697e+06 1.13e+00 8.01e+01  -6.0 1.84e+01  -1.0 2.63e-02 1.70e-02h  1
iter    objective    inf_pr   inf_du lg(mu)  ||d||  lg(rg) alpha_du alpha_pr  ls
 150  8.9332268e+06 1.10e+00 7.82e+01  -6.0 1.35e+01  -0.5 2.48e-02 2.50e-02h  1
 151  8.9347100e+06 1.06e+00 9.04e+01  -6.0 8.81e+00  -0.1 8.15e-03 2.96e-02h  1
 152  8.9354827e+06 1.05e+00 9.72e+01  -6.0 8.39e+00   0.3 6.72e-03 1.28e-02h  1
 153  8.9365261e+06 1.03e+00 1.05e+02  -6.0 1.33e+01  -0.2 1.15e-03 1.91e-02h  1
 154  8.9368250e+06 1.03e+00 9.15e+01  -6.0 7.98e+00   0.3 1.51e-02 4.74e-03h  1
 155  8.9378968e+06 1.01e+00 1.12e+02  -6.0 8.07e+00   0.7 1.53e-03 1.44e-02h  1
 156  8.9386387e+06 1.00e+00 1.15e+02  -6.0 7.68e+00   0.2 6.85e-03 1.10e-02h  1
 157  8.9401183e+06 9.81e-01 1.27e+02  -6.0 7.75e+00   0.6 7.94e-03 1.90e-02h  1
 158  8.9415245e+06 9.62e-01 1.25e+02  -6.0 7.30e+00   0.2 1.73e-02 1.96e-02h  1
 159  8.9438266e+06 9.35e-01 1.31e+02  -6.0 7.32e+00   0.6 1.43e-02 2.77e-02h  1
iter    objective    inf_pr   inf_du lg(mu)  ||d||  lg(rg) alpha_du alpha_pr  ls
 160  8.9448700e+06 9.25e-01 1.31e+02  -6.0 7.18e+00   1.0 8.23e-03 1.12e-02h  1
 161  8.9470015e+06 9.03e-01 1.34e+02  -6.0 6.89e+00   0.5 9.02e-04 2.36e-02h  1
 162  8.9484664e+06 8.90e-01 1.71e+02  -6.0 6.84e+00   1.0 3.81e-03 1.49e-02h  1
 163  8.9487248e+06 8.88e-01 1.70e+02  -6.0 6.84e+00   1.4 2.41e-03 2.42e-03h  1
 164  8.9503479e+06 8.73e-01 1.94e+02  -6.0 6.68e+00   0.9 3.92e-03 1.60e-02h  1
 165  8.9515391e+06 8.64e-01 2.19e+02  -6.0 6.68e+00   1.3 4.77e-03 1.09e-02h  1
 166  8.9546564e+06 8.38e-01 2.54e+02  -6.0 6.42e+00   0.9 4.89e-03 3.01e-02h  1
 167  8.9561388e+06 8.27e-01 2.85e+02  -6.0 6.34e+00   1.3 3.78e-03 1.36e-02h  1
 168  8.9566105e+06 8.23e-01 2.50e+02  -6.0 6.32e+00   1.7 7.86e-03 4.12e-03h  1
 169  8.9580699e+06 8.12e-01 2.78e+02  -6.0 6.17e+00   1.2 3.42e-03 1.31e-02h  1
iter    objective    inf_pr   inf_du lg(mu)  ||d||  lg(rg) alpha_du alpha_pr  ls
 170  8.9585170e+06 8.09e-01 2.78e+02  -6.0 6.18e+00   1.7 3.64e-03 3.83e-03h  1
 171  8.9606373e+06 7.94e-01 3.11e+02  -6.0 6.02e+00   1.2 3.15e-03 1.89e-02h  1
 172  8.9618697e+06 7.86e-01 3.08e+02  -6.0 6.01e+00   1.6 1.03e-02 1.05e-02h  1
 173  8.9629583e+06 7.78e-01 3.03e+02  -6.0 1.41e+01   1.1 1.11e-02 9.65e-03h  1
 174  8.9630199e+06 7.78e-01 2.78e+02  -6.0 5.85e+00   1.6 6.26e-03 5.20e-04h  1
 175  8.9660900e+06 7.57e-01 2.88e+02  -6.0 5.72e+00   1.1 1.50e-02 2.71e-02h  1
 176  8.9678658e+06 7.45e-01 3.11e+02  -6.0 5.66e+00   1.5 7.15e-03 1.52e-02h  1
 177  8.9685242e+06 7.41e-01 3.46e+02  -6.0 5.63e+00   1.9 1.04e-03 5.47e-03h  1
 178  8.9702887e+06 7.30e-01 3.64e+02  -6.0 5.50e+00   1.5 7.02e-03 1.52e-02h  1
 179  8.9712061e+06 7.24e-01 3.83e+02  -6.0 5.49e+00   1.9 4.52e-03 7.66e-03h  1
iter    objective    inf_pr   inf_du lg(mu)  ||d||  lg(rg) alpha_du alpha_pr  ls
 180  8.9740095e+06 7.07e-01 4.07e+02  -6.0 5.34e+00   1.4 8.68e-03 2.42e-02h  1
 181  8.9740120e+06 7.07e-01 4.00e+02  -6.0 5.28e+00   1.8 1.36e-03 2.12e-05h  1
 182  8.9745901e+06 7.03e-01 3.94e+02  -6.0 5.19e+00   1.4 6.84e-03 5.05e-03h  1
 183  8.9763074e+06 6.93e-01 5.04e+02  -6.0 5.24e+00   1.8 2.82e-04 1.42e-02h  1
 184  8.9763342e+06 6.93e-01 3.85e+02  -6.0 5.21e+00   2.2 5.68e-03 2.17e-04h  1
 185  8.9770130e+06 6.89e-01 3.89e+02  -6.0 5.14e+00   1.7 4.16e-03 5.60e-03h  1
 186  8.9778350e+06 6.84e-01 4.51e+02  -6.0 5.17e+00   2.2 3.07e-03 6.55e-03h  1
 187  8.9797466e+06 6.74e-01 5.05e+02  -6.0 5.06e+00   1.7 6.52e-03 1.58e-02h  1
 188  8.9799110e+06 6.73e-01 4.14e+02  -6.0 5.03e+00   2.1 6.16e-03 1.32e-03h  1
 189  8.9814626e+06 6.64e-01 4.67e+02  -6.0 4.95e+00   1.6 2.35e-03 1.29e-02h  1
iter    objective    inf_pr   inf_du lg(mu)  ||d||  lg(rg) alpha_du alpha_pr  ls
 190  8.9821064e+06 6.61e-01 4.42e+02  -6.0 4.95e+00   2.1 6.58e-03 5.21e-03h  1
 191  8.9834844e+06 6.53e-01 4.32e+02  -6.0 4.84e+00   1.6 1.28e-02 1.16e-02h  1
 192  8.9853511e+06 6.43e-01 6.17e+02  -6.0 4.85e+00   2.0 1.43e-03 1.52e-02h  1
 193  8.9856857e+06 6.41e-01 5.98e+02  -6.0 7.95e+01   1.5 7.22e-03 2.78e-03h  1
 194  8.9857637e+06 6.41e-01 5.37e+02  -6.0 4.75e+00   2.0 5.71e-03 6.44e-04h  1
 195  8.9875869e+06 6.31e-01 5.45e+02  -6.0 4.66e+00   1.5 1.05e-02 1.58e-02h  1
 196  8.9888633e+06 6.24e-01 6.32e+02  -6.0 4.66e+00   1.9 1.53e-03 1.06e-02h  1
 197  8.9888717e+06 6.24e-01 6.02e+02  -6.0 4.52e+00   1.4 1.21e-02 7.49e-05h  1
 198  8.9905759e+06 6.15e-01 7.07e+02  -6.0 4.60e+00   1.9 1.58e-03 1.44e-02h  1
 199  8.9919954e+06 6.07e-01 6.97e+02  -6.0 6.63e+00   1.4 1.31e-02 1.27e-02h  1
iter    objective    inf_pr   inf_du lg(mu)  ||d||  lg(rg) alpha_du alpha_pr  ls
 200  8.9924226e+06 6.05e-01 6.16e+02  -6.0 4.47e+00   1.8 1.41e-02 3.66e-03h  1
 201  8.9925794e+06 6.04e-01 5.84e+02  -6.0 8.95e+00   1.3 2.32e-02 1.43e-03h  1
 202  8.9928205e+06 6.03e-01 5.05e+02  -6.0 4.45e+00   1.8 1.44e-02 2.08e-03h  1
 203  8.9930905e+06 6.02e-01 5.47e+02  -6.0 4.49e+00   2.2 1.64e-07 2.25e-03h  1
 204  8.9950231e+06 5.91e-01 5.78e+02  -6.0 4.42e+00   1.7 9.17e-03 1.67e-02h  1
 205  8.9956371e+06 5.88e-01 5.21e+02  -6.0 4.40e+00   2.1 8.43e-03 5.20e-03h  1
 206  8.9972172e+06 5.80e-01 5.65e+02  -6.0 4.31e+00   1.7 1.90e-03 1.40e-02h  1
 207  8.9987749e+06 5.72e-01 5.71e+02  -6.0 4.31e+00   2.1 1.25e-02 1.34e-02h  1
 208  9.0023608e+06 5.54e-01 5.76e+02  -6.0 4.18e+00   1.6 2.54e-02 3.27e-02h  1
 209  9.0043283e+06 5.44e-01 6.23e+02  -6.0 4.10e+00   2.0 1.27e-02 1.77e-02h  1
iter    objective    inf_pr   inf_du lg(mu)  ||d||  lg(rg) alpha_du alpha_pr  ls
 210  9.0051264e+06 5.40e-01 6.32e+02  -6.0 3.97e+00   1.5 1.53e-03 7.67e-03h  1
 211r 9.0051264e+06 5.40e-01 1.00e+03   0.2 0.00e+00   2.0 0.00e+00 3.53e-08R  2
 212r 9.0053215e+06 5.38e-01 1.00e+03   0.2 1.72e+05    -  1.11e-04 1.53e-05f  1
 213r 9.0073614e+06 4.93e-01 1.01e+03   0.2 8.30e+03    -  6.18e-04 1.11e-03f  1
 214  9.0047408e+06 4.90e-01 9.50e+01  -6.0 7.94e+01    -  5.80e-02 7.01e-03f  1
 215  8.9900806e+06 4.62e-01 9.29e+01  -6.0 8.12e+01    -  1.56e-02 5.66e-02f  1
 216  8.9835712e+06 4.45e-01 9.23e+01  -6.0 7.85e+01    -  2.58e-04 3.77e-02f  1
 217  8.9757471e+06 4.20e-01 7.98e+01  -6.0 7.64e+01    -  1.49e-01 5.55e-02f  1
 218  8.9635336e+06 3.42e-01 7.42e+01  -6.0 7.59e+01    -  4.90e-02 1.87e-01f  1
 219  8.9617469e+06 3.17e-01 5.63e+01  -6.0 5.41e+01    -  2.68e-01 7.34e-02f  1
iter    objective    inf_pr   inf_du lg(mu)  ||d||  lg(rg) alpha_du alpha_pr  ls
 220  8.9601908e+06 2.82e-01 4.57e+01  -6.0 4.28e+01    -  2.04e-01 1.10e-01f  1
 221  8.9590973e+06 2.52e-01 4.39e+01  -6.0 4.01e+01    -  2.50e-02 1.08e-01f  1
 222  8.9580011e+06 2.18e-01 4.09e+01  -6.0 3.40e+01    -  5.40e-02 1.33e-01f  1
 223  8.9573582e+06 1.97e-01 4.01e+01  -6.0 2.89e+01    -  5.21e-03 9.95e-02f  1
 224  8.9572867e+06 1.94e-01 3.60e+01  -6.0 2.62e+01    -  1.16e-01 1.37e-02h  1
 225  8.9567963e+06 1.75e-01 3.03e+01  -6.0 2.59e+01    -  1.69e-01 9.96e-02f  1
 226  8.9559450e+06 1.41e-01 2.55e+01  -6.0 2.30e+01    -  1.51e-01 1.95e-01f  1
 227  8.9556345e+06 1.29e-01 2.35e+01  -6.0 1.74e+01    -  7.81e-02 8.35e-02h  1
 228  8.9553380e+06 1.18e-01 2.03e+01  -6.0 1.56e+01    -  1.45e-01 8.31e-02h  1
 229  8.9549259e+06 1.05e-01 1.95e+01  -6.0 2.13e+01    -  2.43e-02 1.14e-01f  1
iter    objective    inf_pr   inf_du lg(mu)  ||d||  lg(rg) alpha_du alpha_pr  ls
 230  8.9546593e+06 9.64e-02 1.68e+01  -6.0 2.34e+01    -  1.48e-01 7.96e-02h  1
 231  8.9542436e+06 8.49e-02 1.59e+01  -6.0 2.94e+01    -  4.45e-02 1.19e-01f  1
 232  8.9536742e+06 7.04e-02 2.94e+01  -6.0 3.15e+01    -  3.55e-02 1.71e-01f  1
 233  8.9533645e+06 6.32e-02 3.79e+01  -6.0 3.32e+01    -  3.34e-02 1.02e-01f  1
 234  8.9530319e+06 5.59e-02 4.01e+01  -6.0 3.42e+01    -  7.37e-02 1.14e-01f  1
 235  8.9526433e+06 4.83e-02 4.48e+01  -6.0 3.63e+01    -  5.51e-02 1.36e-01f  1
 236  8.9523645e+06 4.33e-02 4.03e+01  -6.0 3.76e+01    -  1.09e-01 1.04e-01f  1
 237  8.9520343e+06 3.79e-02 3.37e+01  -6.0 4.06e+01    -  8.97e-02 1.25e-01f  1
 238  8.9519074e+06 3.60e-02 3.27e+01  -6.0 4.27e+01    -  6.37e-02 5.11e-02h  1
 239  8.9516400e+06 3.13e-02 7.30e+03  -6.0 4.75e+01    -  4.21e-02 1.29e-01f  1
iter    objective    inf_pr   inf_du lg(mu)  ||d||  lg(rg) alpha_du alpha_pr  ls
 240  8.9515580e+06 2.99e-02 6.80e+03  -6.0 4.76e+01    -  4.69e-02 4.45e-02h  1
 241  8.9514095e+06 2.75e-02 7.20e+03  -6.0 4.87e+01    -  6.78e-02 8.14e-02h  1
 242  8.9512367e+06 2.48e-02 9.34e+03  -6.0 5.02e+01    -  5.10e-02 9.72e-02h  1
 243  8.9510409e+06 2.20e-02 1.20e+04  -6.0 5.09e+01    -  4.69e-02 1.15e-01h  1
 244  8.9509379e+06 2.06e-02 1.26e+04  -6.0 5.09e+01    -  3.53e-02 6.26e-02h  1
 245  8.9507847e+06 1.87e-02 1.30e+04  -6.0 4.80e+01    -  6.00e-02 9.49e-02h  1
 246  8.9505165e+06 1.55e-02 1.58e+04  -6.0 4.94e+01    -  4.30e-02 1.72e-01f  1
 247  8.9504325e+06 1.45e-02 1.28e+04  -6.0 4.94e+01    -  1.19e-01 5.95e-02h  1
 248  8.9501955e+06 1.22e-02 1.47e+04  -6.0 5.33e+01    -  2.62e-02 1.63e-01f  1
 249  8.9500353e+06 1.07e-02 1.24e+04  -6.0 5.25e+01    -  1.42e-01 1.24e-01h  1
iter    objective    inf_pr   inf_du lg(mu)  ||d||  lg(rg) alpha_du alpha_pr  ls
 250  8.9498039e+06 8.75e-03 1.12e+04  -6.0 5.67e+01    -  1.25e-01 1.80e-01h  1
 251  8.9497192e+06 8.12e-03 1.11e+04  -6.0 5.95e+01    -  3.08e-02 7.18e-02h  1
 252  8.9496089e+06 7.32e-03 9.90e+03  -6.0 6.02e+01    -  1.05e-01 9.88e-02h  1
 253  8.9494231e+06 6.06e-03 8.18e+03  -6.0 6.28e+01    -  1.73e-01 1.72e-01h  1
 254  8.9492690e+06 5.14e-03 7.87e+03  -6.0 6.71e+01    -  5.71e-02 1.52e-01h  1
 255  8.9491547e+06 4.74e-03 7.17e+03  -6.0 6.63e+01    -  9.30e-02 1.27e-01h  1
 256  8.9490783e+06 4.60e-03 6.99e+03  -6.0 6.72e+01    -  2.90e-02 9.20e-02h  1
 257  8.9489564e+06 4.72e-03 5.66e+03  -6.0 6.62e+01    -  1.89e-01 1.57e-01h  1
 258  8.9488894e+06 4.59e-03 5.48e+03  -6.0 7.01e+01    -  3.11e-02 9.27e-02h  1
 259  8.9488299e+06 4.44e-03 4.21e+03  -6.0 6.88e+01    -  2.33e-01 8.86e-02h  1
iter    objective    inf_pr   inf_du lg(mu)  ||d||  lg(rg) alpha_du alpha_pr  ls
 260  8.9486804e+06 5.35e-03 3.42e+03  -6.0 7.52e+01    -  1.88e-01 2.20e-01h  1
 261  8.9485839e+06 5.43e-03 2.67e+03  -6.0 7.41e+01    -  2.21e-01 1.66e-01h  1
 262  8.9485045e+06 5.37e-03 2.32e+03  -6.0 7.43e+01    -  1.32e-01 1.51e-01h  1
 263  8.9483624e+06 6.45e-03 2.13e+03  -6.0 7.09e+01    -  7.95e-02 3.07e-01h  1
 264  8.9483143e+06 5.88e-03 1.68e+03  -6.0 5.82e+01    -  2.07e-01 1.48e-01h  1
 265  8.9482670e+06 5.32e-03 1.30e+03  -6.0 5.45e+01    -  2.17e-01 1.65e-01h  1
 266  8.9482205e+06 4.68e-03 1.30e+03  -6.0 4.53e+01    -  4.65e-02 1.92e-01h  1
 267  8.9481788e+06 3.87e-03 1.34e+03  -6.0 3.14e+01    -  3.34e-02 2.24e-01h  1
 268  8.9481631e+06 3.41e-03 9.57e+02  -6.0 1.37e+01    -  2.40e-01 1.21e-01h  1
 269  8.9481421e+06 2.78e-03 7.11e+02  -6.0 5.63e+00    -  2.30e-01 1.87e-01h  1
iter    objective    inf_pr   inf_du lg(mu)  ||d||  lg(rg) alpha_du alpha_pr  ls
 270  8.9481110e+06 1.83e-03 6.19e+02  -6.0 5.23e+00    -  2.32e-01 3.43e-01h  1
 271  8.9480957e+06 1.36e-03 4.98e+02  -6.0 4.20e+00    -  2.26e-01 2.55e-01h  1
 272  8.9480757e+06 7.63e-04 6.88e+02  -6.0 3.58e+00    -  6.65e-02 4.41e-01h  1
 273  8.9480702e+06 5.97e-04 5.56e+02  -6.0 2.46e+00    -  2.02e-01 2.17e-01h  1
 274  8.9480604e+06 3.92e-04 2.88e+02  -6.0 2.18e+00    -  4.85e-01 4.89e-01h  1
 275  8.9480565e+06 2.75e-04 1.24e+02  -6.0 1.60e+00    -  8.08e-01 3.68e-01h  1
 276  8.9480542e+06 2.14e-04 2.47e+02  -6.0 1.43e+00    -  8.19e-01 3.04e-01h  1
 277  8.9480502e+06 5.75e-04 7.19e+01  -6.0 1.21e+00    -  9.76e-01 8.12e-01h  1
 278  8.9480497e+06 9.59e-04 1.92e+00  -6.0 4.24e-01    -  1.00e+00 9.87e-01h  1
 279  8.9480497e+06 2.08e-03 3.93e-05  -6.0 3.97e-01    -  1.00e+00 1.00e+00h  1
iter    objective    inf_pr   inf_du lg(mu)  ||d||  lg(rg) alpha_du alpha_pr  ls
 280  8.9480497e+06 3.63e-05 5.77e-06  -6.0 3.93e-02    -  1.00e+00 1.00e+00h  1
 281  8.9480497e+06 2.85e-07 5.72e-07  -6.0 5.56e-03    -  1.00e+00 1.00e+00h  1
 282  8.9480491e+06 1.90e-06 3.09e-01  -7.2 9.98e-03    -  1.00e+00 7.94e-01f  1
 283  8.9480490e+06 6.68e-07 2.77e-07  -7.2 3.74e-03    -  1.00e+00 1.00e+00f  1

Number of Iterations....: 283

                                   (scaled)                 (unscaled)
Objective...............:   6.8689068929000889e+04    8.9480489705816414e+06
Dual infeasibility......:   2.7699907436507955e-07    3.6084362779563587e-05
Constraint violation....:   6.6828400758361939e-07    6.6828400758361939e-07
Variable bound violation:   1.9269499063057083e-07    1.9269499063057083e-07
Complementarity.........:   1.2188599264136343e-07    1.5877953333596558e-05
Overall NLP error.......:   6.6828400758361939e-07    3.6084362779563587e-05


Number of objective function evaluations             = 290
Number of objective gradient evaluations             = 181
Number of equality constraint evaluations            = 290
Number of inequality constraint evaluations          = 291
Number of equality constraint Jacobian evaluations   = 286
Number of inequality constraint Jacobian evaluations = 286
Number of Lagrangian Hessian evaluations             = 283
Total seconds in IPOPT                               = 158.237

EXIT: Optimal Solution Found.

