Solver command line: ['/opt/homebrew/bin/ipopt', '/var/folders/6y/bvynbx6n3zv7z3lwg6vd724r0000gn/T/tmpkmi7nspw.pyomo.nl', '-AMPL', 'tol=1e-06', 'max_iter=300', 'print_level=5', 'warm_start_init_point=yes', 'warm_start_bound_push=1e-06', 'warm_start_bound_frac=1e-06', 'warm_start_mult_bound_push=1e-06', 'mu_init=1e-06', 'least_square_init_duals=no']

Ipopt 3.14.19: tol=1e-06
max_iter=300
print_level=5
warm_start_init_point=yes
warm_start_bound_push=1e-06
warm_start_bound_frac=1e-06
warm_start_mult_bound_push=1e-06
mu_init=1e-06
least_square_init_duals=no


******************************************************************************
This program contains Ipopt, a library for large-scale nonlinear optimization.
 Ipopt is released as open source code under the Eclipse Public License (EPL).
         For more information visit https://github.com/coin-or/Ipopt
******************************************************************************

This is Ipopt version 3.14.19, running with linear solver MUMPS 5.6.2.

Number of nonzeros in equality constraint Jacobian...:   211821
Number of nonzeros in inequality constraint Jacobian.:   163736
Number of nonzeros in Lagrangian Hessian.............:   115477

Total number of variables............................:    35502
                     variables with only lower bounds:        0
                variables with lower and upper bounds:    35502
                     variables with only upper bounds:        0
Total number of equality constraints.................:    27319
Total number of inequality constraints...............:    40934
        inequality constraints with only lower bounds:        0
   inequality constraints with lower and upper bounds:        0
        inequality constraints with only upper bounds:    40934

iter    objective    inf_pr   inf_du lg(mu)  ||d||  lg(rg) alpha_du alpha_pr  ls
   0  1.8058312e+07 9.46e+00 8.52e+01  -6.0 0.00e+00    -  0.00e+00 0.00e+00   0
   1  1.8053364e+07 9.46e+00 8.52e+01  -6.0 4.48e+01   0.0 1.70e-04 1.64e-04f  1
   2  1.8047578e+07 9.46e+00 8.52e+01  -6.0 1.83e+01   0.4 1.09e-04 3.37e-04f  1
   3  1.8044572e+07 9.46e+00 8.52e+01  -6.0 5.15e+01  -0.1 1.07e-04 9.12e-05f  1
   4  1.8040956e+07 9.46e+00 8.52e+01  -6.0 2.11e+01   0.4 1.03e-04 1.98e-04f  1
   5  1.8034154e+07 9.45e+00 8.52e+01  -6.0 5.91e+01  -0.1 1.42e-04 1.89e-04f  1
   6  1.8026010e+07 9.45e+00 8.51e+01  -6.0 2.44e+01   0.3 2.40e-04 4.17e-04f  1
   7  1.8023192e+07 9.45e+00 8.51e+01  -6.0 9.80e+00   0.7 1.51e-04 2.19e-04f  1
   8  1.8021452e+07 9.45e+00 8.51e+01  -6.0 2.82e+01   0.3 1.26e-04 8.31e-05f  1
   9  1.8019999e+07 9.45e+00 8.51e+01  -6.0 1.11e+01   0.7 6.46e-05 1.08e-04f  1
iter    objective    inf_pr   inf_du lg(mu)  ||d||  lg(rg) alpha_du alpha_pr  ls
  10  1.8018371e+07 9.44e+00 8.51e+01  -6.0 3.18e+01   0.2 1.68e-04 7.25e-05f  1
  11  1.8006845e+07 9.44e+00 8.51e+01  -6.0 1.24e+01   0.6 1.87e-04 8.24e-04f  1
  12  1.8001787e+07 9.44e+00 8.51e+01  -6.0 3.70e+01   0.2 1.58e-04 2.08e-04f  1
  13  1.7994666e+07 9.43e+00 8.50e+01  -6.0 1.43e+01   0.6 1.86e-04 4.84e-04f  1
  14  1.7991045e+07 9.43e+00 8.50e+01  -6.0 4.27e+01   0.1 1.39e-04 1.37e-04f  1
  15  1.7978398e+07 9.42e+00 8.50e+01  -6.0 1.63e+01   0.5 3.68e-04 8.17e-04f  1
  16  1.7972873e+07 9.42e+00 8.50e+01  -6.0 4.96e+01   0.1 2.45e-04 1.90e-04f  1
  17  1.7962352e+07 9.41e+00 8.50e+01  -6.0 1.85e+01   0.5 3.27e-04 6.41e-04f  1
  18  1.7961296e+07 9.41e+00 8.50e+01  -6.0 6.12e+01   0.0 9.57e-05 3.31e-05f  1
  19  1.7952446e+07 9.41e+00 8.49e+01  -6.0 2.14e+01   0.4 2.03e-04 5.07e-04f  1
iter    objective    inf_pr   inf_du lg(mu)  ||d||  lg(rg) alpha_du alpha_pr  ls
  20  1.7946579e+07 9.41e+00 8.49e+01  -6.0 7.43e+01  -0.0 1.83e-04 1.67e-04f  1
  21  1.7942776e+07 9.41e+00 8.49e+01  -6.0 2.53e+01   0.4 1.29e-04 2.04e-04f  1
  22  1.7934134e+07 9.40e+00 8.49e+01  -6.0 9.10e+01  -0.1 1.18e-04 2.22e-04f  1
  23  1.7930111e+07 9.40e+00 8.49e+01  -6.0 2.98e+01   0.3 1.61e-04 2.01e-04f  1
  24  1.7928757e+07 9.40e+00 8.49e+01  -6.0 6.31e+03  -0.1 7.89e-05 2.68e-05f  1
  25  1.7927117e+07 9.40e+00 8.49e+01  -6.0 3.44e+01   0.3 3.92e-04 7.66e-05f  1
  26  1.7911420e+07 9.40e+00 8.49e+01  -6.0 4.43e+02  -0.2 2.44e-05 3.21e-04f  1
  27  1.7906003e+07 9.40e+00 8.49e+01  -6.0 4.08e+01   0.2 2.55e-04 2.34e-04f  1
  28  1.7897376e+07 9.39e+00 8.49e+01  -6.0 1.93e+02  -0.2 1.71e-04 1.56e-04f  1
  29  1.7896096e+07 9.39e+00 8.49e+01  -6.0 4.70e+01   0.2 2.13e-04 5.09e-05f  1
iter    objective    inf_pr   inf_du lg(mu)  ||d||  lg(rg) alpha_du alpha_pr  ls
  30  1.7885674e+07 9.39e+00 8.49e+01  -6.0 3.74e+02  -0.3 5.36e-05 1.63e-04f  1
  31  1.7881336e+07 9.39e+00 8.49e+01  -6.0 5.53e+01   0.1 1.24e-04 1.59e-04f  1
  32  1.7880639e+07 9.39e+00 8.49e+01  -6.0 3.39e+04  -0.3 1.78e-05 2.16e-06f  1
  33  1.7880625e+07 9.39e+00 8.49e+01  -6.0 5.99e+01   0.1 2.18e-04 5.06e-07f  1
  34  1.7870881e+07 9.38e+00 8.48e+01  -6.0 2.01e+01   0.5 2.10e-04 5.98e-04f  1
  35  1.7868004e+07 9.38e+00 8.48e+01  -6.0 6.81e+01   0.0 1.82e-04 9.02e-05f  1
  36  1.7853535e+07 9.38e+00 8.48e+01  -6.0 2.21e+01   0.5 4.10e-04 8.40e-04f  1
  37  1.7848636e+07 9.37e+00 8.48e+01  -6.0 7.84e+01  -0.0 6.95e-05 1.41e-04f  1
  38  1.7837079e+07 9.37e+00 8.48e+01  -6.0 2.37e+01   0.4 1.08e-04 6.33e-04f  1
  39  1.7832557e+07 9.37e+00 8.48e+01  -6.0 8.84e+01  -0.1 9.90e-05 1.19e-04f  1
iter    objective    inf_pr   inf_du lg(mu)  ||d||  lg(rg) alpha_du alpha_pr  ls
  40  1.7826416e+07 9.36e+00 8.47e+01  -6.0 2.56e+01   0.4 5.99e-04 3.16e-04f  1
  41  1.7825959e+07 9.36e+00 8.47e+01  -6.0 1.03e+02  -0.1 1.46e-04 1.09e-05f  1
  42  1.7812616e+07 9.36e+00 8.47e+01  -6.0 2.88e+01   0.3 2.87e-04 6.51e-04f  1
  43  1.7812553e+07 9.36e+00 8.47e+01  -6.0 1.53e+02  -0.2 8.36e-05 1.41e-06f  1
  44  1.7804378e+07 9.35e+00 8.47e+01  -6.0 3.02e+01   0.3 2.82e-04 3.78e-04f  1
  45  1.7799879e+07 9.35e+00 8.47e+01  -6.0 3.52e+02  -0.2 2.36e-05 9.07e-05f  1
  46  1.7787520e+07 9.35e+00 8.47e+01  -6.0 3.59e+01   0.2 1.31e-04 5.33e-04f  1
  47  1.7784287e+07 9.35e+00 8.47e+01  -6.0 1.18e+01   0.6 4.84e-04 2.30e-04f  1
  48  1.7781103e+07 9.35e+00 8.47e+01  -6.0 4.19e+01   0.2 2.62e-04 1.28e-04f  1
  49  1.7778352e+07 9.34e+00 8.47e+01  -6.0 1.31e+01   0.6 3.01e-04 1.88e-04f  1
iter    objective    inf_pr   inf_du lg(mu)  ||d||  lg(rg) alpha_du alpha_pr  ls
  50  1.7777041e+07 9.34e+00 8.47e+01  -6.0 5.44e+01   0.1 2.80e-04 4.99e-05f  1
  51  1.7773333e+07 9.34e+00 8.47e+01  -6.0 1.63e+01   0.5 2.24e-04 2.45e-04f  1
  52  1.7770336e+07 9.34e+00 8.46e+01  -6.0 6.63e+01   0.1 1.60e-04 1.07e-04f  1
  53  1.7764088e+07 9.34e+00 8.46e+01  -6.0 1.89e+01   0.5 1.65e-04 3.96e-04f  1
  54  1.7759886e+07 9.33e+00 8.46e+01  -6.0 8.40e+01  -0.0 2.87e-04 1.40e-04f  1
  55  1.7757118e+07 9.33e+00 8.46e+01  -6.0 2.22e+01   0.4 9.78e-05 1.66e-04f  1
  56  1.7756833e+07 9.33e+00 8.46e+01  -6.0 1.09e+02  -0.1 9.83e-05 8.70e-06f  1
  57  1.7752805e+07 9.33e+00 8.46e+01  -6.0 2.56e+01   0.4 5.29e-05 2.31e-04f  1
  58  1.7750281e+07 9.33e+00 8.46e+01  -6.0 1.43e+02  -0.1 5.35e-05 7.23e-05f  1
  59  1.7749250e+07 9.33e+00 8.46e+01  -6.0 3.01e+01   0.3 2.75e-04 5.61e-05f  1
iter    objective    inf_pr   inf_du lg(mu)  ||d||  lg(rg) alpha_du alpha_pr  ls
  60  1.7740440e+07 9.33e+00 8.45e+01  -6.0 1.99e+02  -0.2 5.66e-06 2.29e-04f  1
  61  1.7740436e+07 9.33e+00 8.45e+01  -6.0 2.15e+01   0.3 1.16e-04 1.77e-07f  1
  62  1.7724084e+07 9.32e+00 8.45e+01  -6.0 9.15e+00   0.7 1.74e-04 1.29e-03f  1
  63  1.7721426e+07 9.31e+00 8.45e+01  -6.0 2.32e+01   0.2 4.16e-04 1.30e-04f  1
  64  1.7717537e+07 9.31e+00 8.44e+01  -6.0 9.93e+00   0.6 5.03e-04 2.97e-04f  1
  65  1.7715117e+07 9.31e+00 8.44e+01  -6.0 2.56e+01   0.2 2.52e-04 1.11e-04f  1
  66  1.7704164e+07 9.30e+00 8.44e+01  -6.0 1.08e+01   0.6 1.56e-04 8.08e-04f  1
  67  1.7700320e+07 9.30e+00 8.44e+01  -6.0 2.79e+01   0.1 2.71e-04 1.66e-04f  1
  68  1.7696460e+07 9.30e+00 8.43e+01  -6.0 1.18e+01   0.5 4.95e-04 2.73e-04f  1
  69  1.7694103e+07 9.30e+00 8.43e+01  -6.0 3.46e+01   0.1 1.52e-04 9.45e-05f  1
iter    objective    inf_pr   inf_du lg(mu)  ||d||  lg(rg) alpha_du alpha_pr  ls
  70  1.7689982e+07 9.30e+00 8.43e+01  -6.0 1.30e+01   0.5 2.71e-04 2.80e-04f  1
  71  1.7687656e+07 9.29e+00 8.43e+01  -6.0 4.53e+01   0.0 2.36e-04 8.78e-05f  1
  72  1.7683971e+07 9.29e+00 8.43e+01  -6.0 1.42e+01   0.4 3.28e-04 2.41e-04f  1
  73  1.7675068e+07 9.29e+00 8.42e+01  -6.0 6.18e+01  -0.0 1.88e-04 3.13e-04f  1
  74  1.7675043e+07 9.29e+00 8.42e+01  -6.0 1.57e+01   0.4 3.98e-04 1.54e-06f  1
  75  1.7672540e+07 9.29e+00 8.42e+01  -6.0 8.82e+01  -0.1 9.38e-05 8.24e-05f  1
  76  1.7666374e+07 9.29e+00 8.42e+01  -6.0 1.74e+01   0.3 2.35e-04 3.68e-04f  1
  77  1.7661972e+07 9.28e+00 8.42e+01  -6.0 1.45e+02  -0.1 6.89e-05 1.32e-04f  1
  78  1.7661294e+07 9.28e+00 8.42e+01  -6.0 1.93e+01   0.3 7.06e-05 3.85e-05f  1
  79  1.7658485e+07 9.28e+00 8.42e+01  -6.0 2.79e+02  -0.2 7.35e-05 7.62e-05f  1
iter    objective    inf_pr   inf_du lg(mu)  ||d||  lg(rg) alpha_du alpha_pr  ls
  80  1.7656996e+07 9.28e+00 8.42e+01  -6.0 2.15e+01   0.2 1.69e-04 7.98e-05f  1
  81  1.7655640e+07 9.28e+00 8.41e+01  -6.0 1.09e+03  -0.2 4.69e-05 2.94e-05f  1
  82  1.7652309e+07 9.28e+00 8.41e+01  -6.0 2.42e+01   0.2 2.50e-04 1.68e-04f  1
  83  1.7651120e+07 9.28e+00 8.41e+01  -6.0 6.57e+02  -0.3 1.35e-04 2.63e-05f  1
  84  1.7649103e+07 9.28e+00 8.41e+01  -6.0 2.86e+01   0.1 1.22e-04 9.59e-05f  1
  85  1.7647198e+07 9.28e+00 8.41e+01  -6.0 1.16e+01   0.6 1.94e-04 1.44e-04f  1
  86  1.7646109e+07 9.28e+00 8.41e+01  -6.0 3.51e+01   0.1 2.05e-04 4.87e-05f  1
  87  1.7640038e+07 9.27e+00 8.40e+01  -6.0 1.27e+01   0.5 6.72e-04 4.43e-04f  1
  88  1.7630538e+07 9.27e+00 8.40e+01  -6.0 4.44e+01   0.0 1.33e-04 3.97e-04f  1
  89  1.7624272e+07 9.27e+00 8.40e+01  -6.0 1.39e+01   0.5 3.54e-04 4.37e-04f  1
iter    objective    inf_pr   inf_du lg(mu)  ||d||  lg(rg) alpha_du alpha_pr  ls
  90  1.7619589e+07 9.26e+00 8.40e+01  -6.0 5.97e+01  -0.0 3.02e-04 1.82e-04f  1
  91  1.7615120e+07 9.26e+00 8.39e+01  -6.0 1.54e+01   0.4 3.39e-04 2.99e-04f  1
  92  1.7608987e+07 9.26e+00 8.39e+01  -6.0 8.25e+01  -0.1 2.34e-04 2.20e-04f  1
  93  1.7602930e+07 9.26e+00 8.39e+01  -6.0 1.70e+01   0.4 4.28e-04 3.84e-04f  1
  94  1.7600817e+07 9.26e+00 8.39e+01  -6.0 1.26e+02  -0.1 2.65e-05 6.93e-05f  1
  95  1.7600333e+07 9.25e+00 8.38e+01  -6.0 1.89e+01   0.3 4.33e-04 2.92e-05f  1
  96  1.7597678e+07 9.25e+00 8.38e+01  -6.0 2.08e+02  -0.2 5.25e-05 7.87e-05f  1
  97  1.7594990e+07 9.25e+00 8.38e+01  -6.0 2.13e+01   0.3 2.97e-04 1.53e-04f  1
  98  1.7594289e+07 9.25e+00 8.38e+01  -6.0 5.05e+02  -0.2 7.99e-05 1.81e-05f  1
  99  1.7585485e+07 9.25e+00 8.38e+01  -6.0 2.58e+01   0.2 2.07e-04 4.73e-04f  1
iter    objective    inf_pr   inf_du lg(mu)  ||d||  lg(rg) alpha_du alpha_pr  ls
 100  1.7582719e+07 9.25e+00 8.38e+01  -6.0 1.04e+01   0.6 2.28e-04 2.25e-04f  1
 101  1.7582384e+07 9.25e+00 8.37e+01  -6.0 3.21e+01   0.2 3.26e-04 1.69e-05f  1
 102  1.7573819e+07 9.24e+00 8.37e+01  -6.0 1.13e+01   0.6 3.91e-04 6.75e-04f  1
 103  1.7572252e+07 9.24e+00 8.37e+01  -6.0 4.07e+01   0.1 8.88e-05 7.41e-05f  1
 104  1.7570809e+07 9.24e+00 8.37e+01  -6.0 1.24e+01   0.5 9.89e-05 1.10e-04f  1
 105  1.7568274e+07 9.24e+00 8.37e+01  -6.0 5.20e+01   0.0 1.27e-04 1.12e-04f  1
 106  1.7564492e+07 9.23e+00 8.37e+01  -6.0 1.36e+01   0.5 2.77e-04 2.75e-04f  1
 107  1.7559940e+07 9.23e+00 8.37e+01  -6.0 6.99e+01  -0.0 2.41e-05 1.86e-04f  1
 108  1.7552186e+07 9.23e+00 8.36e+01  -6.0 1.50e+01   0.4 2.39e-04 5.39e-04f  1
 109  1.7548984e+07 9.23e+00 8.36e+01  -6.0 1.03e+02  -0.1 3.55e-04 1.20e-04f  1
iter    objective    inf_pr   inf_du lg(mu)  ||d||  lg(rg) alpha_du alpha_pr  ls
 110  1.7548642e+07 9.23e+00 8.36e+01  -6.0 1.66e+01   0.4 3.86e-04 2.27e-05f  1
 111  1.7544566e+07 9.23e+00 8.36e+01  -6.0 1.62e+02  -0.1 1.36e-04 1.40e-04f  1
 112  1.7543344e+07 9.22e+00 8.35e+01  -6.0 1.92e+01   0.3 3.04e-04 7.77e-05f  1
 113  1.7540788e+07 9.22e+00 8.35e+01  -6.0 3.27e+02  -0.2 1.80e-04 7.76e-05f  1
 114  1.7536643e+07 9.22e+00 8.35e+01  -6.0 2.30e+01   0.3 2.63e-04 2.50e-04f  1
 115  1.7535776e+07 9.22e+00 8.35e+01  -6.0 3.05e+03  -0.2 4.68e-05 1.58e-05f  1
 116  1.7533398e+07 9.22e+00 8.35e+01  -6.0 2.87e+01   0.2 2.55e-04 1.35e-04f  1
 117  1.7525627e+07 9.21e+00 8.35e+01  -6.0 1.01e+01   0.6 3.17e-04 6.59e-04f  1
 118  1.7518868e+07 9.21e+00 8.34e+01  -6.0 3.51e+01   0.2 8.72e-05 3.61e-04f  1
 119  1.7517631e+07 9.21e+00 8.34e+01  -6.0 1.10e+01   0.6 7.71e-04 1.01e-04f  1
iter    objective    inf_pr   inf_du lg(mu)  ||d||  lg(rg) alpha_du alpha_pr  ls
 120  1.7512351e+07 9.21e+00 8.34e+01  -6.0 4.42e+01   0.1 3.09e-04 2.63e-04f  1
 121  1.7497865e+07 9.20e+00 8.33e+01  -6.0 1.24e+01   0.5 3.74e-04 1.14e-03f  1
 122  1.7497092e+07 9.20e+00 8.33e+01  -6.0 6.03e+01   0.1 1.86e-04 3.52e-05f  1
 123  1.7493994e+07 9.19e+00 8.33e+01  -6.0 1.43e+01   0.5 3.49e-04 2.35e-04f  1
 124  1.7486947e+07 9.19e+00 8.33e+01  -6.0 8.32e+01   0.0 8.67e-05 2.96e-04f  1
 125  1.7479803e+07 9.19e+00 8.32e+01  -6.0 1.69e+01   0.4 6.17e-04 5.17e-04f  1
 126  1.7477078e+07 9.19e+00 8.32e+01  -6.0 1.30e+02  -0.0 6.63e-05 1.02e-04f  1
 127  1.7467119e+07 9.18e+00 8.32e+01  -6.0 1.99e+01   0.4 2.93e-04 6.86e-04f  1
 128  1.7462342e+07 9.18e+00 8.32e+01  -6.0 2.54e+02  -0.1 3.92e-05 1.52e-04f  1
 129  1.7461535e+07 9.18e+00 8.31e+01  -6.0 2.45e+01   0.3 4.09e-04 5.27e-05f  1
iter    objective    inf_pr   inf_du lg(mu)  ||d||  lg(rg) alpha_du alpha_pr  ls
 130  1.7457563e+07 9.18e+00 8.31e+01  -6.0 9.56e+02  -0.1 1.32e-05 7.89e-05f  1
 131  1.7451236e+07 9.17e+00 8.31e+01  -6.0 3.10e+01   0.3 2.57e-04 3.88e-04f  1
 132  1.7447796e+07 9.17e+00 8.31e+01  -6.0 1.01e+01   0.7 6.15e-04 3.05e-04f  1
 133  1.7443046e+07 9.17e+00 8.30e+01  -6.0 3.77e+01   0.2 3.75e-04 2.73e-04f  1
 134  1.7426880e+07 9.16e+00 8.30e+01  -6.0 1.14e+01   0.7 3.49e-04 1.39e-03f  1
 135  1.7419883e+07 9.15e+00 8.30e+01  -6.0 4.79e+01   0.2 1.13e-04 3.75e-04f  1
 136  1.7418446e+07 9.15e+00 8.29e+01  -6.0 1.32e+01   0.6 6.66e-04 1.20e-04f  1
 137  1.7418123e+07 9.15e+00 8.29e+01  -6.0 6.15e+01   0.1 6.92e-05 1.60e-05f  1
 138  1.7416828e+07 9.15e+00 8.29e+01  -6.0 1.51e+01   0.6 3.09e-04 1.04e-04f  1
 139  1.7415151e+07 9.15e+00 8.29e+01  -6.0 9.13e+01   0.1 2.11e-05 7.53e-05f  1
iter    objective    inf_pr   inf_du lg(mu)  ||d||  lg(rg) alpha_du alpha_pr  ls
 140  1.7411941e+07 9.15e+00 8.29e+01  -6.0 1.73e+01   0.5 5.53e-04 2.48e-04f  1
 141  1.7410326e+07 9.15e+00 8.29e+01  -6.0 1.83e+02   0.0 6.56e-05 6.29e-05f  1
 142  1.7399776e+07 9.14e+00 8.28e+01  -6.0 2.01e+01   0.5 3.32e-04 7.78e-04f  1
 143  1.7390766e+07 9.13e+00 8.28e+01  -6.0 7.39e+00   0.9 3.78e-04 8.79e-04f  1
 144  1.7389151e+07 9.13e+00 8.28e+01  -6.0 2.39e+01   0.4 1.32e-04 1.13e-04f  1
 145  1.7383690e+07 9.13e+00 8.28e+01  -6.0 8.25e+00   0.8 2.17e-04 5.22e-04f  1
 146  1.7381985e+07 9.12e+00 8.27e+01  -6.0 2.82e+01   0.4 4.07e-04 1.14e-04f  1
 147  1.7376175e+07 9.12e+00 8.27e+01  -6.0 9.25e+00   0.8 8.59e-04 5.42e-04f  1
 148  1.7369492e+07 9.12e+00 8.27e+01  -6.0 3.38e+01   0.3 2.24e-04 4.21e-04f  1
 149  1.7362796e+07 9.11e+00 8.26e+01  -6.0 1.05e+01   0.7 6.33e-04 6.08e-04f  1
iter    objective    inf_pr   inf_du lg(mu)  ||d||  lg(rg) alpha_du alpha_pr  ls
 150  1.7359172e+07 9.11e+00 8.26e+01  -6.0 4.41e+01   0.3 2.92e-04 2.13e-04f  1
 151  1.7341918e+07 9.09e+00 8.25e+01  -6.0 1.19e+01   0.7 6.12e-04 1.52e-03f  1
 152  1.7337002e+07 9.09e+00 8.25e+01  -6.0 7.05e+01   0.2 1.28e-04 2.66e-04f  1
 153  1.7335559e+07 9.09e+00 8.25e+01  -6.0 1.38e+01   0.6 6.66e-04 1.23e-04f  1
 154  1.7331417e+07 9.09e+00 8.25e+01  -6.0 1.44e+02   0.2 1.34e-05 1.98e-04f  1
 155  1.7317044e+07 9.08e+00 8.24e+01  -6.0 1.59e+01   0.6 4.95e-04 1.18e-03f  1
 156  1.7310942e+07 9.07e+00 8.23e+01  -6.0 6.16e+00   1.0 1.29e-03 6.30e-04f  1
 157  1.7300608e+07 9.06e+00 8.23e+01  -6.0 1.86e+01   0.5 2.77e-05 8.15e-04f  1
 158  1.7297151e+07 9.06e+00 8.22e+01  -6.0 6.86e+00   1.0 1.09e-03 3.51e-04f  1
 159  1.7291185e+07 9.06e+00 8.22e+01  -6.0 2.29e+01   0.5 4.07e-04 4.50e-04f  1
iter    objective    inf_pr   inf_du lg(mu)  ||d||  lg(rg) alpha_du alpha_pr  ls
 160  1.7285069e+07 9.05e+00 8.21e+01  -6.0 7.65e+00   0.9 3.10e-04 6.08e-04f  1
 161  1.7277629e+07 9.05e+00 8.21e+01  -6.0 2.94e+01   0.4 3.69e-04 5.33e-04f  1
 162  1.7268773e+07 9.04e+00 8.21e+01  -6.0 8.60e+00   0.8 4.76e-04 8.62e-04f  1
 163  1.7267902e+07 9.04e+00 8.20e+01  -6.0 4.09e+01   0.4 4.13e-04 5.87e-05f  1
 164  1.7264492e+07 9.04e+00 8.20e+01  -6.0 9.68e+00   0.8 4.88e-04 3.24e-04f  1
 165  1.7258813e+07 9.03e+00 8.20e+01  -6.0 5.86e+01   0.3 1.29e-04 3.58e-04f  1
 166  1.7254148e+07 9.03e+00 8.20e+01  -6.0 1.10e+01   0.7 2.93e-04 4.31e-04f  1
 167  1.7252112e+07 9.03e+00 8.20e+01  -6.0 1.09e+02   0.3 1.23e-04 1.17e-04f  1
 168  1.7250796e+07 9.03e+00 8.19e+01  -6.0 1.25e+01   0.7 1.54e-04 1.18e-04f  1
 169  1.7250754e+07 9.03e+00 8.19e+01  -6.0 3.49e+02   0.2 2.62e-05 1.98e-06f  1
iter    objective    inf_pr   inf_du lg(mu)  ||d||  lg(rg) alpha_du alpha_pr  ls
 170  1.7243841e+07 9.02e+00 8.19e+01  -6.0 1.47e+01   0.6 4.09e-04 5.99e-04f  1
 171  1.7239273e+07 9.02e+00 8.19e+01  -6.0 5.65e+00   1.1 1.60e-04 4.85e-04f  1
 172  1.7236635e+07 9.02e+00 8.18e+01  -6.0 1.77e+01   0.6 8.84e-04 2.20e-04f  1
 173  1.7234170e+07 9.01e+00 8.17e+01  -6.0 6.17e+00   1.0 1.18e-03 2.58e-04f  1
 174  1.7221530e+07 9.00e+00 8.17e+01  -6.0 2.16e+01   0.5 1.72e-04 1.01e-03f  1
 175  1.7212574e+07 9.00e+00 8.17e+01  -6.0 6.88e+00   1.0 4.12e-04 9.20e-04f  1
 176  1.7212495e+07 9.00e+00 8.16e+01  -6.0 2.85e+01   0.5 6.49e-04 6.07e-06f  1
 177  1.7206769e+07 8.99e+00 8.16e+01  -6.0 7.67e+00   0.9 5.86e-04 5.77e-04f  1
 178  1.7205700e+07 8.99e+00 8.16e+01  -6.0 3.75e+01   0.4 2.98e-04 7.77e-05f  1
 179  1.7204721e+07 8.99e+00 8.15e+01  -6.0 8.59e+00   0.9 4.99e-04 9.66e-05f  1
iter    objective    inf_pr   inf_du lg(mu)  ||d||  lg(rg) alpha_du alpha_pr  ls
 180  1.7196263e+07 8.98e+00 8.15e+01  -6.0 5.37e+01   0.4 2.34e-04 5.80e-04f  1
 181  1.7185093e+07 8.97e+00 8.14e+01  -6.0 9.78e+00   0.8 8.64e-04 1.08e-03f  1
 182  1.7182431e+07 8.97e+00 8.14e+01  -6.0 1.07e+02   0.3 1.91e-04 1.67e-04f  1
 183  1.7172375e+07 8.96e+00 8.14e+01  -6.0 1.16e+01   0.8 2.46e-04 9.44e-04f  1
 184  1.7170808e+07 8.96e+00 8.14e+01  -6.0 7.26e+02   0.3 1.53e-05 6.99e-05f  1
 185  1.7164727e+07 8.96e+00 8.13e+01  -6.0 1.46e+01   0.7 5.80e-04 5.54e-04f  1
 186  1.7160834e+07 8.95e+00 8.13e+01  -6.0 5.54e+00   1.1 3.34e-04 4.25e-04f  1
 187  1.7137094e+07 8.94e+00 8.13e+01  -6.0 1.77e+01   0.7 5.78e-04 2.10e-03f  1
 188  1.7136650e+07 8.94e+00 8.12e+01  -6.0 5.60e+00   1.1 9.61e-04 4.79e-05f  1
 189  1.7123716e+07 8.93e+00 8.11e+01  -6.0 2.27e+01   0.6 4.44e-04 1.10e-03f  1
iter    objective    inf_pr   inf_du lg(mu)  ||d||  lg(rg) alpha_du alpha_pr  ls
 190  1.7122474e+07 8.92e+00 8.11e+01  -6.0 6.22e+00   1.0 2.91e-04 1.32e-04f  1
 191  1.7117676e+07 8.92e+00 8.10e+01  -6.0 3.02e+01   0.6 1.30e-03 3.92e-04f  1
 192  1.7113337e+07 8.92e+00 8.10e+01  -6.0 6.92e+00   1.0 3.89e-04 4.53e-04f  1
 193  1.7108343e+07 8.91e+00 8.10e+01  -6.0 4.27e+01   0.5 4.11e-04 3.90e-04f  1
 194  1.7104560e+07 8.91e+00 8.09e+01  -6.0 7.84e+00   0.9 3.75e-04 3.88e-04f  1
 195  1.7102772e+07 8.91e+00 8.09e+01  -6.0 7.21e+01   0.5 6.89e-04 1.32e-04f  1
 196  1.7101902e+07 8.91e+00 8.08e+01  -6.0 8.99e+00   0.9 3.83e-04 8.75e-05f  1
 197  1.7095644e+07 8.90e+00 8.08e+01  -6.0 2.06e+02   0.4 1.99e-04 4.14e-04f  1
 198  1.7092436e+07 8.90e+00 8.08e+01  -6.0 1.05e+01   0.8 5.43e-04 3.15e-04f  1
 199  1.7088365e+07 8.90e+00 8.08e+01  -6.0 5.40e+00   1.3 1.80e-04 4.60e-04f  1
iter    objective    inf_pr   inf_du lg(mu)  ||d||  lg(rg) alpha_du alpha_pr  ls
 200  1.7088083e+07 8.90e+00 8.07e+01  -6.0 1.23e+01   0.8 1.02e-03 2.70e-05f  1
 201  1.7085301e+07 8.89e+00 8.07e+01  -6.0 5.44e+00   1.2 3.26e-04 3.11e-04f  1
 202  1.7081140e+07 8.89e+00 8.06e+01  -6.0 1.48e+01   0.7 8.77e-04 3.87e-04f  1
 203  1.7074984e+07 8.88e+00 8.06e+01  -6.0 5.47e+00   1.2 4.90e-04 6.81e-04f  1
 204  1.7065373e+07 8.88e+00 8.05e+01  -6.0 1.78e+01   0.7 1.14e-03 8.67e-04f  1
 205  1.7054531e+07 8.87e+00 8.04e+01  -6.0 5.52e+00   1.1 5.58e-04 1.18e-03f  1
 206  1.7053929e+07 8.87e+00 8.04e+01  -6.0 2.15e+01   0.6 7.36e-04 5.25e-05f  1
 207  1.7045350e+07 8.86e+00 8.04e+01  -6.0 6.12e+00   1.1 2.00e-04 9.25e-04f  1
 208  1.7038303e+07 8.85e+00 8.04e+01  -6.0 2.76e+01   0.6 5.32e-06 5.91e-04f  1
 209  1.7035661e+07 8.85e+00 8.04e+01  -6.0 6.83e+00   1.0 1.42e-03 2.80e-04f  1
iter    objective    inf_pr   inf_du lg(mu)  ||d||  lg(rg) alpha_du alpha_pr  ls
 210  1.7030794e+07 8.85e+00 8.04e+01  -6.0 3.69e+01   0.5 1.53e-04 3.91e-04f  1
 211  1.7016954e+07 8.83e+00 8.03e+01  -6.0 7.64e+00   1.0 6.41e-04 1.44e-03f  1
 212  1.7015308e+07 8.83e+00 8.03e+01  -6.0 5.16e+01   0.5 1.89e-04 1.26e-04f  1
 213  1.7008896e+07 8.83e+00 8.03e+01  -6.0 8.59e+00   0.9 8.20e-04 6.56e-04f  1
 214  1.7007042e+07 8.83e+00 8.03e+01  -6.0 1.04e+02   0.4 1.07e-04 1.33e-04f  1
 215  1.7005910e+07 8.82e+00 8.03e+01  -6.0 9.70e+00   0.8 8.79e-04 1.13e-04f  1
 216  1.7001600e+07 8.82e+00 8.03e+01  -6.0 5.33e+00   1.3 4.66e-04 4.94e-04f  1
 217  1.6992253e+07 8.81e+00 8.03e+01  -6.0 1.10e+01   0.8 1.03e-03 9.14e-04f  1
 218  1.6989635e+07 8.81e+00 8.03e+01  -6.0 5.36e+00   1.2 5.50e-04 2.97e-04f  1
 219  1.6981481e+07 8.80e+00 8.03e+01  -6.0 1.25e+01   0.7 2.01e-04 7.76e-04f  1
iter    objective    inf_pr   inf_du lg(mu)  ||d||  lg(rg) alpha_du alpha_pr  ls
 220  1.6978335e+07 8.80e+00 8.03e+01  -6.0 5.40e+00   1.2 2.75e-04 3.54e-04f  1
 221  1.6974911e+07 8.80e+00 8.03e+01  -6.0 1.44e+01   0.7 8.60e-04 3.17e-04f  1
 222  1.6964022e+07 8.79e+00 8.03e+01  -6.0 5.44e+00   1.1 4.22e-04 1.21e-03f  1
 223  1.6960623e+07 8.78e+00 8.03e+01  -6.0 1.67e+01   0.6 2.91e-05 3.04e-04f  1
 224  1.6959685e+07 8.78e+00 8.03e+01  -6.0 6.03e+00   1.1 1.98e-03 1.03e-04f  1
 225  1.6951878e+07 8.78e+00 8.03e+01  -6.0 1.94e+01   0.6 1.57e-04 6.73e-04f  1
 226  1.6949586e+07 8.77e+00 8.03e+01  -6.0 6.72e+00   1.0 2.37e-04 2.47e-04f  1
 227  1.6944361e+07 8.77e+00 8.03e+01  -6.0 2.28e+01   0.5 6.67e-04 4.33e-04f  1
 228  1.6938537e+07 8.77e+00 8.03e+01  -6.0 7.52e+00   1.0 2.76e-04 6.18e-04f  1
 229  1.6934109e+07 8.76e+00 8.03e+01  -6.0 2.72e+01   0.5 4.18e-04 3.51e-04f  1
iter    objective    inf_pr   inf_du lg(mu)  ||d||  lg(rg) alpha_du alpha_pr  ls
 230  1.6927780e+07 8.76e+00 8.03e+01  -6.0 8.47e+00   0.9 8.35e-04 6.59e-04f  1
 231  1.6925521e+07 8.75e+00 8.03e+01  -6.0 3.28e+01   0.4 8.52e-04 1.71e-04f  1
 232  1.6915284e+07 8.75e+00 8.03e+01  -6.0 9.56e+00   0.9 6.86e-04 1.04e-03f  1
 233  1.6914121e+07 8.75e+00 8.03e+01  -6.0 4.04e+01   0.4 1.14e-04 8.32e-05f  1
 234  1.6900610e+07 8.73e+00 8.02e+01  -6.0 1.09e+01   0.8 7.14e-04 1.35e-03f  1
 235  1.6895364e+07 8.73e+00 8.02e+01  -6.0 5.30e+00   1.2 3.39e-04 6.04e-04f  1
 236  1.6889171e+07 8.72e+00 8.02e+01  -6.0 1.24e+01   0.8 8.94e-04 6.01e-04f  1
 237  1.6888580e+07 8.72e+00 8.02e+01  -6.0 5.33e+00   1.2 1.60e-03 6.74e-05f  1
 238  1.6875612e+07 8.71e+00 8.02e+01  -6.0 1.43e+01   0.7 3.16e-04 1.22e-03f  1
 239  1.6866367e+07 8.70e+00 8.02e+01  -6.0 5.37e+00   1.1 1.19e-03 1.04e-03f  1
iter    objective    inf_pr   inf_du lg(mu)  ||d||  lg(rg) alpha_du alpha_pr  ls
 240  1.6857100e+07 8.70e+00 8.02e+01  -6.0 1.65e+01   0.7 1.81e-04 8.48e-04f  1
 241  1.6855021e+07 8.69e+00 8.02e+01  -6.0 5.96e+00   1.1 9.18e-04 2.31e-04f  1
 242  1.6854371e+07 8.69e+00 8.02e+01  -6.0 1.93e+01   0.6 3.05e-04 5.74e-05f  1
 243  1.6846698e+07 8.69e+00 8.02e+01  -6.0 6.63e+00   1.0 1.96e-05 8.41e-04f  1
 244  1.6845470e+07 8.68e+00 8.02e+01  -6.0 2.27e+01   0.6 8.48e-04 1.04e-04f  1
 245  1.6838898e+07 8.68e+00 8.02e+01  -6.0 7.42e+00   1.0 2.77e-05 7.09e-04f  1
 246  1.6838072e+07 8.68e+00 8.02e+01  -6.0 2.72e+01   0.5 5.57e-04 6.71e-05f  1
 247  1.6835534e+07 8.68e+00 8.02e+01  -6.0 8.33e+00   0.9 3.77e-05 2.69e-04f  1
 248  1.6835188e+07 8.68e+00 8.02e+01  -6.0 4.54e+01   0.5 7.22e-04 2.67e-05f  1
 249  1.6829310e+07 8.67e+00 8.02e+01  -6.0 9.40e+00   0.9 1.32e-04 6.09e-04f  1
iter    objective    inf_pr   inf_du lg(mu)  ||d||  lg(rg) alpha_du alpha_pr  ls
 250  1.6829048e+07 8.67e+00 8.02e+01  -6.0 1.78e+02   0.4 1.10e-04 1.86e-05f  1
 251  1.6819004e+07 8.66e+00 8.02e+01  -6.0 1.07e+01   0.8 1.19e-03 1.02e-03f  1
 252  1.6810404e+07 8.65e+00 8.02e+01  -6.0 5.24e+00   1.3 4.00e-04 1.00e-03f  1
 253  1.6804048e+07 8.65e+00 8.02e+01  -6.0 1.22e+01   0.8 5.44e-04 6.29e-04f  1
 254  1.6787692e+07 8.63e+00 8.02e+01  -6.0 5.27e+00   1.2 1.31e-03 1.89e-03f  1
 255  1.6785549e+07 8.63e+00 8.02e+01  -6.0 1.40e+01   0.7 7.07e-04 2.06e-04f  1
 256  1.6783753e+07 8.63e+00 8.02e+01  -6.0 5.31e+00   1.2 8.28e-04 2.05e-04f  1
 257  1.6781842e+07 8.63e+00 8.02e+01  -6.0 1.62e+01   0.7 6.48e-04 1.78e-04f  1
 258  1.6773621e+07 8.62e+00 8.02e+01  -6.0 5.80e+00   1.1 1.32e-04 9.28e-04f  1
 259  1.6772532e+07 8.62e+00 8.02e+01  -6.0 1.88e+01   0.6 6.52e-04 9.83e-05f  1
iter    objective    inf_pr   inf_du lg(mu)  ||d||  lg(rg) alpha_du alpha_pr  ls
 260  1.6766628e+07 8.61e+00 8.02e+01  -6.0 6.46e+00   1.1 1.15e-03 6.57e-04f  1
 261  1.6764802e+07 8.61e+00 8.02e+01  -6.0 2.35e+01   0.6 3.26e-04 1.59e-04f  1
 262  1.6757367e+07 8.60e+00 8.02e+01  -6.0 7.23e+00   1.0 8.01e-04 8.15e-04f  1
 263  1.6756168e+07 8.60e+00 8.02e+01  -6.0 3.61e+01   0.5 2.11e-04 9.96e-05f  1
 264  1.6754094e+07 8.60e+00 8.02e+01  -6.0 8.12e+00   0.9 6.37e-04 2.23e-04f  1
 265  1.6750111e+07 8.60e+00 8.02e+01  -6.0 8.49e+01   0.5 1.02e-04 3.09e-04f  1
 266  1.6745483e+07 8.59e+00 8.02e+01  -6.0 9.17e+00   0.9 1.62e-03 4.88e-04f  1
 267  1.6742300e+07 8.59e+00 8.02e+01  -6.0 5.16e+00   1.3 1.16e-03 3.79e-04f  1
 268  1.6725615e+07 8.57e+00 8.01e+01  -6.0 1.04e+01   0.8 8.39e-04 1.72e-03f  1
 269  1.6717478e+07 8.57e+00 8.01e+01  -6.0 5.18e+00   1.3 2.44e-04 9.62e-04f  1
iter    objective    inf_pr   inf_du lg(mu)  ||d||  lg(rg) alpha_du alpha_pr  ls
 270  1.6715487e+07 8.56e+00 8.01e+01  -6.0 1.19e+01   0.8 8.26e-04 2.01e-04f  1
 271  1.6713142e+07 8.56e+00 8.01e+01  -6.0 5.21e+00   1.2 6.20e-05 2.75e-04f  1
 272  1.6708518e+07 8.56e+00 8.01e+01  -6.0 1.36e+01   0.7 1.47e-03 4.53e-04f  1
 273  1.6698322e+07 8.55e+00 8.01e+01  -6.0 5.25e+00   1.2 2.63e-04 1.18e-03f  1
 274  1.6689385e+07 8.54e+00 8.01e+01  -6.0 1.57e+01   0.7 1.11e-03 8.51e-04f  1
 275  1.6681014e+07 8.53e+00 8.01e+01  -6.0 5.67e+00   1.1 1.68e-03 9.60e-04f  1
 276  1.6668604e+07 8.52e+00 8.01e+01  -6.0 1.92e+01   0.6 6.94e-04 1.14e-03f  1
 277  1.6662639e+07 8.52e+00 8.01e+01  -6.0 6.33e+00   1.1 1.20e-03 6.75e-04f  1
 278  1.6657647e+07 8.51e+00 8.01e+01  -6.0 2.54e+01   0.6 6.59e-04 4.43e-04f  1
 279  1.6650291e+07 8.51e+00 8.01e+01  -6.0 7.08e+00   1.0 3.01e-04 8.20e-04f  1
iter    objective    inf_pr   inf_du lg(mu)  ||d||  lg(rg) alpha_du alpha_pr  ls
 280  1.6642911e+07 8.50e+00 8.01e+01  -6.0 3.66e+01   0.5 1.07e-03 6.27e-04f  1
 281  1.6626609e+07 8.49e+00 8.01e+01  -6.0 7.97e+00   1.0 1.26e-05 1.79e-03f  1
 282  1.6625639e+07 8.49e+00 8.01e+01  -6.0 6.09e+01   0.5 7.07e-04 7.83e-05f  1
 283  1.6620310e+07 8.48e+00 8.01e+01  -6.0 9.00e+00   0.9 5.72e-04 5.74e-04f  1
 284  1.6619004e+07 8.48e+00 8.01e+01  -6.0 1.90e+02   0.4 7.24e-05 9.58e-05f  1
 285  1.6617723e+07 8.48e+00 8.01e+01  -6.0 1.02e+01   0.9 8.06e-05 1.35e-04f  1
 286  1.6616402e+07 8.48e+00 8.01e+01  -6.0 5.11e+00   1.3 3.05e-05 1.59e-04f  1
 287  1.6608665e+07 8.47e+00 8.01e+01  -6.0 1.16e+01   0.8 1.21e-03 7.96e-04f  1
 288  1.6607746e+07 8.47e+00 8.01e+01  -6.0 5.15e+00   1.2 2.73e-04 1.09e-04f  1
 289  1.6602206e+07 8.46e+00 8.01e+01  -6.0 1.33e+01   0.8 1.12e-03 5.55e-04f  1
iter    objective    inf_pr   inf_du lg(mu)  ||d||  lg(rg) alpha_du alpha_pr  ls
 290  1.6597163e+07 8.46e+00 8.01e+01  -6.0 5.18e+00   1.2 3.10e-04 5.94e-04f  1
 291  1.6591571e+07 8.46e+00 8.01e+01  -6.0 1.54e+01   0.7 7.91e-04 5.44e-04f  1
 292  1.6588640e+07 8.45e+00 8.01e+01  -6.0 5.54e+00   1.1 9.12e-04 3.41e-04f  1
 293  1.6579311e+07 8.44e+00 8.01e+01  -6.0 1.79e+01   0.7 5.12e-06 8.79e-04f  1
 294  1.6575845e+07 8.44e+00 8.01e+01  -6.0 6.17e+00   1.1 2.19e-03 3.98e-04f  1
 295  1.6568301e+07 8.44e+00 8.01e+01  -6.0 2.10e+01   0.6 9.15e-06 6.85e-04f  1
 296  1.6566839e+07 8.43e+00 8.01e+01  -6.0 6.91e+00   1.0 3.87e-06 1.66e-04f  1
 297  1.6566316e+07 8.43e+00 8.01e+01  -6.0 2.63e+01   0.6 1.62e-06 4.56e-05f  1
 298  1.6565228e+07 8.43e+00 8.01e+01  -6.0 7.75e+00   1.0 1.75e-03 1.21e-04f  1
 299  1.6563865e+07 8.43e+00 8.01e+01  -6.0 3.83e+01   0.5 3.74e-05 1.13e-04f  1
iter    objective    inf_pr   inf_du lg(mu)  ||d||  lg(rg) alpha_du alpha_pr  ls
 300  1.6562302e+07 8.43e+00 8.01e+01  -6.0 8.74e+00   0.9 1.32e-04 1.71e-04f  1

Number of Iterations....: 300

                                   (scaled)                 (unscaled)
Objective...............:   1.2713934507248977e+05    1.6562301739338245e+07
Dual infeasibility......:   8.0104649718251409e+01    1.0435144042949372e+04
Constraint violation....:   4.9672993111391355e+00    8.4306122728405359e+00
Variable bound violation:   1.0105407621807672e-08    1.0105407621807672e-08
Complementarity.........:   4.4427222353565747e+02    5.7874850750638645e+04
Overall NLP error.......:   4.4427222353565747e+02    5.7874850750638645e+04


Number of objective function evaluations             = 301
Number of objective gradient evaluations             = 301
Number of equality constraint evaluations            = 301
Number of inequality constraint evaluations          = 302
Number of equality constraint Jacobian evaluations   = 301
Number of inequality constraint Jacobian evaluations = 301
Number of Lagrangian Hessian evaluations             = 300
Total seconds in IPOPT                               = 174.929

EXIT: Maximum Number of Iterations Exceeded.

