Solver command line: ['/opt/homebrew/bin/ipopt', '/var/folders/6y/bvynbx6n3zv7z3lwg6vd724r0000gn/T/tmpcnk6i5ys.pyomo.nl', '-AMPL', 'tol=1e-06', 'max_iter=300', 'print_level=5']

Ipopt 3.14.19: tol=1e-06
max_iter=300
print_level=5


******************************************************************************
This program contains Ipopt, a library for large-scale nonlinear optimization.
 Ipopt is released as open source code under the Eclipse Public License (EPL).
         For more information visit https://github.com/coin-or/Ipopt
******************************************************************************

This is Ipopt version 3.14.19, running with linear solver MUMPS 5.6.2.

Number of nonzeros in equality constraint Jacobian...:   211821
Number of nonzeros in inequality constraint Jacobian.:   163736
Number of nonzeros in Lagrangian Hessian.............:   115477

Total number of variables............................:    35502
                     variables with only lower bounds:        0
                variables with lower and upper bounds:    35502
                     variables with only upper bounds:        0
Total number of equality constraints.................:    27319
Total number of inequality constraints...............:    40934
        inequality constraints with only lower bounds:        0
   inequality constraints with lower and upper bounds:        0
        inequality constraints with only upper bounds:    40934

iter    objective    inf_pr   inf_du lg(mu)  ||d||  lg(rg) alpha_du alpha_pr  ls
   0  1.8058312e+07 9.46e+00 1.00e+02  -1.0 0.00e+00    -  0.00e+00 0.00e+00   0
   1  1.7124485e+07 9.21e+00 9.79e+01  -1.0 1.85e+02    -  1.86e-02 2.68e-02f  1
   2  1.6591519e+07 9.01e+00 9.35e+01  -1.0 9.38e+01    -  5.23e-02 2.15e-02f  1
   3  1.5500805e+07 8.46e+00 8.49e+01  -1.0 4.62e+01    -  1.01e-01 6.14e-02f  1
   4  1.4532249e+07 7.77e+00 7.61e+01  -1.0 2.94e+01    -  1.10e-01 8.09e-02f  1
   5  1.2896893e+07 6.28e+00 7.06e+01  -1.0 2.08e+01    -  9.52e-02 1.91e-01f  1
   6  1.2049947e+07 5.24e+00 5.41e+01  -1.0 1.73e+01    -  2.84e-01 1.67e-01f  1
   7  1.1327140e+07 4.19e+00 4.10e+01  -1.0 1.39e+01    -  2.65e-01 2.03e-01f  1
   8  1.0879983e+07 3.48e+00 3.35e+01  -1.0 2.16e+01    -  1.89e-01 1.72e-01f  1
   9  1.0513008e+07 2.86e+00 2.69e+01  -1.0 2.20e+01    -  2.00e-01 1.79e-01f  1
iter    objective    inf_pr   inf_du lg(mu)  ||d||  lg(rg) alpha_du alpha_pr  ls
  10  1.0466806e+07 2.78e+00 2.59e+01  -1.0 2.35e+01    -  4.31e-02 2.86e-02f  1
  11  1.0145490e+07 2.21e+00 2.14e+01  -1.0 2.11e+01    -  1.63e-01 2.06e-01f  1
  12  9.9529005e+06 1.86e+00 1.64e+01  -1.0 2.54e+01    -  2.51e-01 1.60e-01f  1
  13  9.8519588e+06 1.67e+00 2.04e+01  -1.0 2.94e+01    -  1.78e-01 1.03e-01f  1
  14  9.6576495e+06 1.30e+00 1.39e+01  -1.0 2.01e+01    -  1.39e-01 2.23e-01f  1
  15  9.5937481e+06 1.17e+00 4.95e+01  -1.0 2.26e+01    -  2.45e-01 9.62e-02f  1
  16  9.4742581e+06 9.37e-01 9.33e+00  -1.0 2.80e+01    -  1.32e-01 2.01e-01f  1
  17  9.3633885e+06 7.16e-01 1.56e+01  -1.0 2.19e+01    -  3.37e-01 2.37e-01f  1
  18  9.2206823e+06 4.26e-01 1.22e+01  -1.0 4.62e+01    -  2.81e-01 4.07e-01f  1
  19  9.1409370e+06 2.59e-01 3.13e+01  -1.0 1.43e+01    -  3.20e-01 3.92e-01f  1
iter    objective    inf_pr   inf_du lg(mu)  ||d||  lg(rg) alpha_du alpha_pr  ls
  20  9.0719460e+06 1.13e-01 1.04e+02  -1.0 7.22e+00    -  4.35e-01 5.64e-01f  1
  21  9.0567530e+06 8.12e-02 2.93e+03  -1.0 3.55e+00    -  9.11e-01 2.89e-01f  1
  22  9.0296940e+06 5.58e-02 1.80e+04  -1.0 1.39e+01    -  2.35e-01 7.35e-01f  1
  23  9.0204889e+06 2.45e-02 6.46e+02  -1.0 3.83e+00    -  9.90e-01 9.42e-01f  1
  24  9.0199839e+06 2.05e-03 2.78e+01  -1.0 6.18e-01    -  9.94e-01 1.00e+00f  1
  25  9.0199850e+06 1.35e-05 1.71e-04  -1.0 5.76e-02    -  1.00e+00 1.00e+00h  1
  26  8.9958207e+06 7.35e-02 5.12e+02  -2.5 5.12e+00    -  4.66e-01 4.38e-01f  1
  27  8.9798668e+06 5.56e-02 7.58e+02  -2.5 4.56e+00    -  3.72e-01 4.44e-01f  1
  28  8.9727338e+06 5.18e-02 6.39e+02  -2.5 3.53e+00    -  2.89e-01 2.99e-01f  1
  29  8.9704147e+06 4.67e-02 1.66e+03  -2.5 3.66e+00    -  3.75e-01 1.24e-01f  1
iter    objective    inf_pr   inf_du lg(mu)  ||d||  lg(rg) alpha_du alpha_pr  ls
  30  8.9644064e+06 3.67e-02 2.38e+03  -2.5 4.05e+00    -  5.53e-01 3.34e-01f  1
  31  8.9612399e+06 2.79e-02 2.32e+03  -2.5 3.51e+00    -  4.57e-01 2.28e-01f  1
  32  8.9583629e+06 1.99e-02 1.94e+03  -2.5 4.98e+00    -  4.83e-01 2.59e-01f  1
  33  8.9552146e+06 3.14e-02 1.29e+03  -2.5 4.10e+00    -  5.85e-01 3.85e-01f  1
  34  8.9542905e+06 2.27e-02 1.23e+03  -2.5 2.59e-01   0.0 4.81e-01 2.77e-01f  1
  35  8.9534653e+06 1.64e-02 3.22e+03  -2.5 2.76e-01  -0.5 1.00e+00 2.76e-01f  1
  36  8.9518360e+06 6.08e-03 1.50e+02  -2.5 4.79e-01  -1.0 9.70e-01 6.35e-01f  1
  37  8.9509307e+06 1.96e-03 5.49e+02  -2.5 5.08e-01  -1.4 1.00e+00 8.47e-01h  1
  38  8.9507110e+06 1.72e-02 2.94e+00  -2.5 3.32e+00    -  1.00e+00 1.00e+00h  1
  39  8.9507263e+06 6.92e-03 7.67e+00  -2.5 3.59e-01  -1.0 4.54e-01 6.98e-01h  1
iter    objective    inf_pr   inf_du lg(mu)  ||d||  lg(rg) alpha_du alpha_pr  ls
  40  8.9507370e+06 2.90e-03 5.25e-01  -2.5 2.23e-01    -  1.00e+00 1.00e+00f  1
  41  8.9507364e+06 3.61e-03 6.67e-01  -2.5 3.51e+01  -1.5 5.62e-03 2.29e-03h  2
  42  8.9507338e+06 6.94e-03 2.14e-02  -2.5 4.54e-01    -  1.00e+00 1.00e+00h  1
  43  8.9507337e+06 1.79e-05 4.85e-05  -2.5 1.08e-01    -  1.00e+00 1.00e+00h  1
  44  8.9500925e+06 1.04e-03 2.48e+02  -3.8 3.14e+00    -  5.28e-01 2.34e-01f  1
  45  8.9496118e+06 1.60e-03 2.08e+02  -3.8 2.60e+00    -  2.94e-01 2.31e-01f  1
  46  8.9492599e+06 1.74e-03 1.76e+02  -3.8 2.21e+00    -  3.47e-01 2.26e-01f  1
  47  8.9489091e+06 1.75e-03 1.38e+02  -3.8 1.80e+00    -  5.52e-01 2.98e-01f  1
  48  8.9486860e+06 1.47e-03 9.82e+01  -3.8 1.04e+00    -  3.79e-01 2.84e-01f  1
  49  8.9484850e+06 1.06e-03 5.74e+01  -3.8 7.86e-01    -  7.31e-01 3.70e-01f  1
iter    objective    inf_pr   inf_du lg(mu)  ||d||  lg(rg) alpha_du alpha_pr  ls
  50  8.9483339e+06 1.16e-03 2.87e+01  -3.8 4.80e-01    -  7.21e-01 4.63e-01h  1
  51  8.9482020e+06 8.47e-04 5.87e+00  -3.8 2.49e-01    -  8.22e-01 7.97e-01h  1
  52  8.9481719e+06 2.23e-05 2.72e-04  -3.8 1.21e-01    -  1.00e+00 1.00e+00h  1
  53  8.9481248e+06 6.59e-05 5.37e+00  -5.7 2.21e-01    -  6.31e-01 3.81e-01f  1
  54  8.9481045e+06 6.95e-05 6.54e+00  -5.7 1.72e-01    -  5.94e-01 2.68e-01h  1
  55  8.9480658e+06 6.86e-04 1.60e+00  -5.7 1.44e-01    -  5.80e-01 7.01e-01h  1
  56  8.9480591e+06 4.83e-04 1.94e+00  -5.7 8.19e-02    -  3.41e-01 4.33e-01h  1
  57  8.9480535e+06 2.27e-04 5.31e+00  -5.7 5.45e-02    -  1.00e+00 6.42e-01h  1
  58  8.9480504e+06 3.66e-05 2.37e-02  -5.7 3.11e-02    -  9.84e-01 1.00e+00h  1
  59  8.9480504e+06 5.06e-07 4.56e-07  -5.7 2.55e-03    -  1.00e+00 1.00e+00h  1
iter    objective    inf_pr   inf_du lg(mu)  ||d||  lg(rg) alpha_du alpha_pr  ls
  60  8.9480493e+06 4.19e-06 2.77e-01  -7.2 1.35e-02    -  9.27e-01 7.80e-01h  1
  61  8.9480490e+06 1.99e-06 7.41e-07  -7.2 4.40e-03    -  1.00e+00 1.00e+00h  1
  62  8.9480490e+06 7.12e-08 7.13e-08  -7.2 1.44e-03    -  1.00e+00 1.00e+00h  1

Number of Iterations....: 62

                                   (scaled)                 (unscaled)
Objective...............:   6.8689068930282519e+04    8.9480489707485978e+06
Dual infeasibility......:   7.1278619795808742e-08    9.2853868953678906e-06
Constraint violation....:   7.1195425332959417e-08    7.1195425332959417e-08
Variable bound violation:   1.9269499418328451e-07    1.9269499418328451e-07
Complementarity.........:   9.1157223770136201e-08    1.1874950629488929e-05
Overall NLP error.......:   9.1157223770136201e-08    1.1874950629488929e-05


Number of objective function evaluations             = 65
Number of objective gradient evaluations             = 63
Number of equality constraint evaluations            = 65
Number of inequality constraint evaluations          = 65
Number of equality constraint Jacobian evaluations   = 63
Number of inequality constraint Jacobian evaluations = 63
Number of Lagrangian Hessian evaluations             = 62
Total seconds in IPOPT                               = 31.963

EXIT: Optimal Solution Found.

