Solver command line: ['/opt/homebrew/bin/ipopt', '/var/folders/6y/bvynbx6n3zv7z3lwg6vd724r0000gn/T/tmpbzv9hgla.pyomo.nl', '-AMPL', 'tol=1e-06', 'max_iter=300', 'print_level=5', 'warm_start_init_point=yes', 'warm_start_bound_push=1e-06', 'warm_start_bound_frac=1e-06', 'warm_start_mult_bound_push=1e-06', 'mu_init=1e-06', 'least_square_init_duals=no']

Ipopt 3.14.19: tol=1e-06
max_iter=300
print_level=5
warm_start_init_point=yes
warm_start_bound_push=1e-06
warm_start_bound_frac=1e-06
warm_start_mult_bound_push=1e-06
mu_init=1e-06
least_square_init_duals=no


******************************************************************************
This program contains Ipopt, a library for large-scale nonlinear optimization.
 Ipopt is released as open source code under the Eclipse Public License (EPL).
         For more information visit https://github.com/coin-or/Ipopt
******************************************************************************

This is Ipopt version 3.14.19, running with linear solver MUMPS 5.6.2.

Number of nonzeros in equality constraint Jacobian...:   211821
Number of nonzeros in inequality constraint Jacobian.:   163736
Number of nonzeros in Lagrangian Hessian.............:   115477

Total number of variables............................:    35502
                     variables with only lower bounds:        0
                variables with lower and upper bounds:    35502
                     variables with only upper bounds:        0
Total number of equality constraints.................:    27319
Total number of inequality constraints...............:    40934
        inequality constraints with only lower bounds:        0
   inequality constraints with lower and upper bounds:        0
        inequality constraints with only upper bounds:    40934

iter    objective    inf_pr   inf_du lg(mu)  ||d||  lg(rg) alpha_du alpha_pr  ls
   0  8.9480589e+06 2.51e+01 1.17e+02  -6.0 0.00e+00    -  0.00e+00 0.00e+00   0
   1  8.9480549e+06 2.51e+01 1.17e+02  -6.0 9.72e+00   0.0 1.49e-04 4.38e-04h  1
   2  8.9480308e+06 2.51e+01 1.17e+02  -6.0 9.71e+00  -0.5 1.98e-04 2.19e-03h  1
   3  8.9480113e+06 2.50e+01 1.17e+02  -6.0 9.66e+00  -1.0 4.64e-04 1.56e-03h  1
   4  8.9479651e+06 2.49e+01 1.16e+02  -6.0 9.63e+00  -0.5 8.60e-04 4.16e-03h  1
   5  8.9479481e+06 2.49e+01 1.16e+02  -6.0 9.55e+00  -1.0 2.25e-03 1.39e-03h  1
   6  8.9479234e+06 2.48e+01 1.16e+02  -6.0 9.52e+00  -0.6 9.45e-04 2.36e-03h  1
   7  8.9479193e+06 2.48e+01 1.16e+02  -6.0 9.47e+00  -0.2 5.52e-04 4.80e-04h  1
   8  8.9479177e+06 2.48e+01 1.16e+02  -6.0 9.46e+00  -0.6 6.98e-04 1.46e-04h  1
   9  8.9479054e+06 2.48e+01 1.15e+02  -6.0 9.46e+00  -0.2 1.95e-04 1.44e-03h  1
iter    objective    inf_pr   inf_du lg(mu)  ||d||  lg(rg) alpha_du alpha_pr  ls
  10  8.9478993e+06 2.48e+01 1.15e+02  -6.0 9.43e+00  -0.7 1.16e-03 5.74e-04h  1
  11  8.9478842e+06 2.47e+01 1.15e+02  -6.0 9.42e+00  -0.3 2.49e-04 1.76e-03h  1
  12  8.9478218e+06 2.46e+01 1.14e+02  -6.0 9.38e+00  -0.7 1.22e-03 6.00e-03h  1
  13  8.9478135e+06 2.45e+01 1.14e+02  -6.0 9.27e+00  -0.3 7.09e-04 1.03e-03h  1
  14  8.9478086e+06 2.45e+01 1.14e+02  -6.0 9.25e+00  -0.8 1.59e-03 4.81e-04h  1
  15  8.9477999e+06 2.45e+01 1.14e+02  -6.0 9.24e+00  -0.4 7.13e-04 1.07e-03h  1
  16  8.9477887e+06 2.45e+01 1.14e+02  -6.0 9.21e+00  -0.8 2.60e-03 1.10e-03h  1
  17  8.9477786e+06 2.45e+01 1.14e+02  -6.0 9.19e+00  -0.4 8.34e-04 1.23e-03h  1
  18  8.9477609e+06 2.44e+01 1.14e+02  -6.0 9.17e+00  -0.9 5.21e-03 1.73e-03h  1
  19  8.9477479e+06 2.44e+01 1.14e+02  -6.0 9.14e+00  -0.5 1.12e-03 1.57e-03h  1
iter    objective    inf_pr   inf_du lg(mu)  ||d||  lg(rg) alpha_du alpha_pr  ls
  20  8.9477298e+06 2.43e+01 1.13e+02  -6.0 9.11e+00  -0.9 2.88e-04 1.77e-03h  1
  21  8.9477206e+06 2.43e+01 1.13e+02  -6.0 9.07e+00  -0.5 1.10e-03 1.11e-03h  1
  22  8.9476572e+06 2.42e+01 1.12e+02  -6.0 9.05e+00  -1.0 3.50e-03 6.17e-03h  1
  23  8.9476370e+06 2.41e+01 1.12e+02  -6.0 8.93e+00  -0.6 3.61e-04 2.47e-03h  1
  24  8.9476357e+06 2.41e+01 1.12e+02  -6.0 8.89e+00  -0.1 3.12e-04 2.22e-04h  1
  25  8.9476305e+06 2.41e+01 1.12e+02  -6.0 8.88e+00  -0.6 1.33e-03 6.43e-04h  1
  26  8.9476268e+06 2.41e+01 1.12e+02  -6.0 8.87e+00  -0.2 1.41e-04 6.20e-04h  1
  27  8.9475869e+06 2.39e+01 1.11e+02  -6.0 8.86e+00  -0.7 4.16e-04 4.86e-03h  1
  28  8.9475798e+06 2.39e+01 1.11e+02  -6.0 8.77e+00  -0.2 1.78e-03 1.21e-03h  1
  29  8.9475738e+06 2.39e+01 1.11e+02  -6.0 8.74e+00  -0.7 3.10e-03 7.39e-04h  1
iter    objective    inf_pr   inf_du lg(mu)  ||d||  lg(rg) alpha_du alpha_pr  ls
  30  8.9475730e+06 2.39e+01 1.11e+02  -6.0 8.73e+00  -0.3 5.86e-04 1.21e-04h  1
  31  8.9475686e+06 2.39e+01 1.11e+02  -6.0 8.73e+00  -0.8 1.01e-03 5.29e-04h  1
  32  8.9475539e+06 2.38e+01 1.11e+02  -6.0 8.72e+00  -0.3 1.45e-04 2.32e-03h  1
  33  8.9475361e+06 2.38e+01 1.11e+02  -6.0 8.68e+00  -0.8 1.60e-03 2.12e-03h  1
  34  8.9475309e+06 2.38e+01 1.11e+02  -6.0 8.64e+00  -0.4 7.61e-04 8.36e-04h  1
  35  8.9475211e+06 2.37e+01 1.10e+02  -6.0 8.62e+00  -0.9 3.85e-03 1.15e-03h  1
  36  8.9475095e+06 2.37e+01 1.10e+02  -6.0 8.60e+00  -0.4 1.54e-03 1.92e-03h  1
  37  8.9474837e+06 2.36e+01 1.10e+02  -6.0 8.57e+00  -0.9 2.18e-03 3.09e-03h  1
  38  8.9474772e+06 2.36e+01 1.10e+02  -6.0 8.51e+00  -0.5 2.80e-03 1.06e-03h  1
  39  8.9474760e+06 2.36e+01 1.10e+02  -6.0 8.49e+00  -1.0 1.39e-03 1.41e-04h  1
iter    objective    inf_pr   inf_du lg(mu)  ||d||  lg(rg) alpha_du alpha_pr  ls
  40  8.9474637e+06 2.35e+01 1.10e+02  -6.0 8.49e+00  -0.5 2.83e-04 1.88e-03h  1
  41  8.9474625e+06 2.35e+01 1.10e+02  -6.0 8.45e+00  -0.1 7.25e-04 2.56e-04h  1
  42  8.9474567e+06 2.35e+01 1.09e+02  -6.0 8.45e+00  -0.6 1.21e-03 8.72e-04h  1
  43  8.9474507e+06 2.35e+01 1.09e+02  -6.0 8.43e+00  -0.2 2.94e-04 1.23e-03h  1
  44  8.9474437e+06 2.35e+01 1.09e+02  -6.0 8.41e+00  -0.6 2.01e-03 1.02e-03h  1
  45  8.9474406e+06 2.34e+01 1.09e+02  -6.0 8.39e+00  -0.2 1.33e-03 6.16e-04h  1
  46  8.9474051e+06 2.33e+01 1.09e+02  -6.0 8.38e+00  -0.7 8.48e-04 5.07e-03h  1
  47  8.9474011e+06 2.33e+01 1.09e+02  -6.0 8.29e+00  -0.3 6.98e-04 7.88e-04h  1
  48  8.9473860e+06 2.33e+01 1.08e+02  -6.0 8.28e+00  -0.8 1.22e-03 2.17e-03h  1
  49  8.9473821e+06 2.32e+01 1.08e+02  -6.0 8.24e+00  -0.3 1.86e-04 7.91e-04h  1
iter    objective    inf_pr   inf_du lg(mu)  ||d||  lg(rg) alpha_du alpha_pr  ls
  50  8.9473788e+06 2.32e+01 1.08e+02  -6.0 8.23e+00  -0.8 1.94e-03 4.85e-04h  1
  51  8.9473664e+06 2.32e+01 1.08e+02  -6.0 8.22e+00  -0.4 8.85e-04 2.49e-03h  1
  52  8.9473629e+06 2.32e+01 1.08e+02  -6.0 8.18e+00  -0.9 5.00e-03 4.99e-04h  1
  53  8.9473559e+06 2.31e+01 1.08e+02  -6.0 8.17e+00  -0.4 5.81e-04 1.39e-03h  1
  54  8.9473446e+06 2.31e+01 1.08e+02  -6.0 8.14e+00  -0.9 2.76e-03 1.58e-03h  1
  55  8.9473367e+06 2.30e+01 1.07e+02  -6.0 8.12e+00  -0.5 2.35e-03 1.54e-03h  1
  56  8.9473141e+06 2.30e+01 1.07e+02  -6.0 8.09e+00  -1.0 2.86e-03 3.11e-03h  1
  57  8.9473008e+06 2.29e+01 1.07e+02  -6.0 8.04e+00  -0.5 3.53e-03 2.63e-03h  1
  58  8.9472789e+06 2.28e+01 1.06e+02  -6.0 7.99e+00  -1.0 3.00e-03 3.10e-03h  1
  59  8.9472712e+06 2.28e+01 1.06e+02  -6.0 7.94e+00  -0.6 2.23e-03 1.51e-03h  1
iter    objective    inf_pr   inf_du lg(mu)  ||d||  lg(rg) alpha_du alpha_pr  ls
  60  8.9472670e+06 2.28e+01 1.06e+02  -6.0 7.91e+00  -0.2 1.87e-03 1.38e-03h  1
  61  8.9472563e+06 2.27e+01 1.06e+02  -6.0 7.89e+00  -0.6 9.11e-03 2.05e-03h  1
  62  8.9472501e+06 2.27e+01 1.06e+02  -6.0 7.86e+00  -0.2 1.01e-03 2.00e-03h  1
  63  8.9472381e+06 2.26e+01 1.05e+02  -6.0 7.82e+00  -0.7 1.58e-03 2.27e-03h  1
  64  8.9472357e+06 2.26e+01 1.05e+02  -6.0 7.78e+00  -0.3 8.90e-04 8.51e-04h  1
  65  8.9472242e+06 2.26e+01 1.05e+02  -6.0 7.77e+00  -0.7 1.05e-03 2.25e-03h  1
  66  8.9472196e+06 2.25e+01 1.05e+02  -6.0 7.73e+00  -0.3 1.72e-03 1.54e-03h  1
  67  8.9471856e+06 2.24e+01 1.04e+02  -6.0 7.71e+00  -0.8 7.69e-04 6.44e-03h  1
  68  8.9471842e+06 2.24e+01 1.04e+02  -6.0 7.60e+00  -0.4 3.05e-03 4.79e-04h  1
  69  8.9471732e+06 2.23e+01 1.04e+02  -6.0 7.59e+00  -0.8 1.26e-04 2.09e-03h  1
iter    objective    inf_pr   inf_du lg(mu)  ||d||  lg(rg) alpha_du alpha_pr  ls
  70  8.9471722e+06 2.23e+01 1.04e+02  -6.0 7.56e+00  -0.4 2.48e-03 3.26e-04h  1
  71  8.9471582e+06 2.23e+01 1.04e+02  -6.0 7.56e+00  -0.9 2.36e-03 2.57e-03h  1
  72  8.9471533e+06 2.22e+01 1.04e+02  -6.0 7.51e+00  -0.5 3.48e-03 1.60e-03h  1
  73  8.9471408e+06 2.22e+01 1.03e+02  -6.0 7.49e+00  -0.9 9.28e-03 2.28e-03h  1
  74  8.9471359e+06 2.21e+01 1.03e+02  -6.0 7.45e+00  -0.5 8.04e-04 1.53e-03h  1
  75  8.9471350e+06 2.21e+01 1.03e+02  -6.0 7.43e+00  -0.1 1.77e-03 9.49e-04h  1
  76  8.9471289e+06 2.21e+01 1.03e+02  -6.0 7.41e+00  -0.6 1.18e-03 1.84e-03h  1
  77  8.9471278e+06 2.21e+01 1.03e+02  -6.0 7.38e+00  -0.1 3.63e-04 1.01e-03h  1
  78  8.9471242e+06 2.20e+01 1.03e+02  -6.0 7.37e+00  -0.6 1.40e-03 1.09e-03h  1
  79  8.9471236e+06 2.20e+01 1.03e+02  -6.0 7.35e+00  -0.2 4.36e-04 5.34e-04h  1
iter    objective    inf_pr   inf_du lg(mu)  ||d||  lg(rg) alpha_du alpha_pr  ls
  80  8.9471186e+06 2.20e+01 1.02e+02  -6.0 7.34e+00  -0.7 1.98e-03 1.42e-03h  1
  81  8.9471176e+06 2.20e+01 1.02e+02  -6.0 7.32e+00  -0.2 2.74e-03 8.03e-04h  1
  82  8.9471062e+06 2.19e+01 1.02e+02  -6.0 7.31e+00  -0.7 1.65e-03 3.06e-03h  1
  83  8.9471052e+06 2.19e+01 1.02e+02  -6.0 7.26e+00  -0.3 3.13e-04 7.36e-04h  1
  84  8.9470998e+06 2.19e+01 1.02e+02  -6.0 7.25e+00  -0.8 1.23e-03 1.38e-03h  1
  85  8.9470932e+06 2.18e+01 1.01e+02  -6.0 7.23e+00  -0.3 3.19e-03 4.39e-03h  1
  86  8.9470788e+06 2.17e+01 1.01e+02  -6.0 7.16e+00  -0.8 1.81e-03 3.55e-03h  1
  87  8.9470776e+06 2.17e+01 1.01e+02  -6.0 7.11e+00  -0.4 2.92e-03 7.20e-04h  1
  88  8.9470626e+06 2.16e+01 1.01e+02  -6.0 7.10e+00  -0.9 4.64e-03 3.55e-03h  1
  89  8.9470607e+06 2.16e+01 1.00e+02  -6.0 7.04e+00  -0.4 2.46e-04 1.13e-03h  1
iter    objective    inf_pr   inf_du lg(mu)  ||d||  lg(rg) alpha_du alpha_pr  ls
  90  8.9470608e+06 2.16e+01 1.00e+02  -6.0 7.02e+00  -0.0 1.02e-03 1.63e-04h  1
  91  8.9470530e+06 2.15e+01 1.00e+02  -6.0 7.02e+00  -0.5 2.76e-03 4.17e-03h  1
  92  8.9470537e+06 2.14e+01 9.98e+01  -6.0 6.96e+00  -0.1 2.27e-03 1.87e-03h  1
  93  8.9470524e+06 2.14e+01 9.98e+01  -6.0 6.93e+00  -0.5 7.17e-04 6.28e-04h  1
  94  8.9470525e+06 2.14e+01 9.97e+01  -6.0 6.92e+00  -0.1 7.68e-04 2.61e-04h  1
  95  8.9470494e+06 2.14e+01 9.96e+01  -6.0 6.92e+00  -0.6 5.95e-04 1.39e-03h  1
  96  8.9470495e+06 2.14e+01 9.95e+01  -6.0 6.90e+00  -0.2 6.17e-04 1.36e-03h  1
  97  8.9470486e+06 2.14e+01 9.94e+01  -6.0 6.88e+00  -0.6 2.74e-03 3.72e-04h  1
  98  8.9470489e+06 2.13e+01 9.93e+01  -6.0 6.87e+00  -0.2 4.26e-04 9.88e-04h  1
  99  8.9470369e+06 2.12e+01 9.89e+01  -6.0 6.86e+00  -0.7 1.47e-03 4.69e-03h  1
iter    objective    inf_pr   inf_du lg(mu)  ||d||  lg(rg) alpha_du alpha_pr  ls
 100  8.9470372e+06 2.12e+01 9.86e+01  -6.0 6.79e+00  -0.3 3.43e-03 2.40e-03h  1
 101  8.9470175e+06 2.10e+01 9.79e+01  -6.0 6.76e+00  -0.8 1.81e-03 7.21e-03h  1
 102  8.9470177e+06 2.09e+01 9.75e+01  -6.0 6.65e+00  -0.3 7.54e-04 4.41e-03h  1
 103  8.9470084e+06 2.09e+01 9.72e+01  -6.0 6.59e+00  -0.8 4.43e-03 3.25e-03h  1
 104  8.9470085e+06 2.08e+01 9.70e+01  -6.0 6.54e+00  -0.4 1.91e-03 1.60e-03h  1
 105  8.9470076e+06 2.08e+01 9.70e+01  -6.0 6.52e+00  -0.9 3.22e-03 3.21e-04h  1
 106  8.9470067e+06 2.07e+01 9.66e+01  -6.0 6.52e+00  -0.4 1.02e-03 4.41e-03h  1
 107  8.9470079e+06 2.07e+01 9.65e+01  -6.0 6.45e+00  -0.0 7.91e-04 5.54e-04h  1
 108  8.9470072e+06 2.07e+01 9.63e+01  -6.0 6.45e+00  -0.5 2.90e-03 1.69e-03h  1
 109  8.9470084e+06 2.07e+01 9.63e+01  -6.0 6.42e+00  -0.1 1.91e-03 6.26e-04h  1
iter    objective    inf_pr   inf_du lg(mu)  ||d||  lg(rg) alpha_du alpha_pr  ls
 110  8.9470076e+06 2.06e+01 9.62e+01  -6.0 6.42e+00  -0.5 7.95e-04 1.29e-03h  1
 111  8.9470090e+06 2.06e+01 9.61e+01  -6.0 6.40e+00  -0.1 1.27e-03 7.53e-04h  1
 112  8.9470052e+06 2.05e+01 9.57e+01  -6.0 6.39e+00  -0.6 1.51e-03 4.15e-03h  1
 113  8.9470065e+06 2.05e+01 9.56e+01  -6.0 6.33e+00  -0.2 1.05e-03 7.66e-04h  1
 114  8.9470026e+06 2.05e+01 9.53e+01  -6.0 6.32e+00  -0.6 4.58e-03 3.32e-03h  1
 115  8.9470043e+06 2.04e+01 9.52e+01  -6.0 6.28e+00  -0.2 7.61e-04 1.11e-03h  1
 116  8.9470006e+06 2.04e+01 9.49e+01  -6.0 6.26e+00  -0.7 2.11e-03 2.55e-03h  1
 117  8.9470017e+06 2.04e+01 9.49e+01  -6.0 6.23e+00  -0.3 4.95e-03 8.48e-04h  1
 118  8.9469807e+06 2.01e+01 9.37e+01  -6.0 6.22e+00  -0.7 5.31e-03 1.22e-02h  1
 119  8.9469835e+06 2.01e+01 9.35e+01  -6.0 6.05e+00  -0.3 3.64e-03 2.35e-03h  1
iter    objective    inf_pr   inf_du lg(mu)  ||d||  lg(rg) alpha_du alpha_pr  ls
 120  8.9469819e+06 2.01e+01 9.34e+01  -6.0 6.02e+00  -0.8 4.46e-03 8.72e-04h  1
 121  8.9469839e+06 2.00e+01 9.32e+01  -6.0 6.01e+00  -0.4 7.36e-04 1.84e-03h  1
 122  8.9469770e+06 2.00e+01 9.29e+01  -6.0 5.99e+00  -0.8 5.28e-03 3.24e-03h  1
 123  8.9469800e+06 1.99e+01 9.26e+01  -6.0 5.95e+00  -0.4 1.18e-03 3.07e-03h  1
 124  8.9469824e+06 1.99e+01 9.26e+01  -6.0 5.91e+00   0.0 2.24e-03 6.82e-04h  1
 125  8.9469853e+06 1.98e+01 9.23e+01  -6.0 5.90e+00  -0.5 1.01e-03 3.03e-03h  1
 126  8.9469983e+06 1.97e+01 9.19e+01  -6.0 5.86e+00  -0.0 7.42e-04 3.81e-03h  1
 127  8.9469988e+06 1.97e+01 9.19e+01  -6.0 5.81e+00  -0.5 7.53e-03 6.61e-04h  1
 128  8.9470077e+06 1.97e+01 9.16e+01  -6.0 5.80e+00  -0.1 6.24e-04 2.61e-03h  1
 129  8.9470096e+06 1.96e+01 9.13e+01  -6.0 5.77e+00  -0.6 1.99e-03 3.70e-03h  1
iter    objective    inf_pr   inf_du lg(mu)  ||d||  lg(rg) alpha_du alpha_pr  ls
 130  8.9470143e+06 1.96e+01 9.12e+01  -6.0 5.73e+00  -0.1 1.11e-03 1.37e-03h  1
 131  8.9470145e+06 1.96e+01 9.11e+01  -6.0 5.71e+00  -0.6 5.15e-03 7.36e-04h  1
 132  8.9470390e+06 1.94e+01 9.04e+01  -6.0 5.70e+00  -0.2 3.46e-04 7.31e-03h  1
 133  8.9470396e+06 1.94e+01 9.02e+01  -6.0 5.61e+00  -0.7 6.09e-03 2.38e-03h  1
 134  8.9470454e+06 1.93e+01 9.01e+01  -6.0 5.58e+00  -0.2 3.25e-03 1.68e-03h  1
 135  8.9470502e+06 1.93e+01 9.00e+01  -6.0 5.56e+00   0.2 5.64e-04 8.69e-04h  1
 136  8.9470513e+06 1.93e+01 9.00e+01  -6.0 5.55e+00  -0.3 1.48e-03 3.28e-04h  1
 137  8.9470601e+06 1.93e+01 8.98e+01  -6.0 5.55e+00   0.1 1.04e-03 1.62e-03h  1
 138  8.9470730e+06 1.92e+01 8.95e+01  -6.0 5.53e+00  -0.3 1.20e-03 4.04e-03h  1
 139  8.9470842e+06 1.92e+01 8.93e+01  -6.0 5.48e+00   0.1 3.46e-03 2.04e-03h  1
iter    objective    inf_pr   inf_du lg(mu)  ||d||  lg(rg) alpha_du alpha_pr  ls
 140  8.9470899e+06 1.91e+01 8.91e+01  -6.0 5.46e+00  -0.4 2.32e-03 2.03e-03h  1
 141  8.9470951e+06 1.91e+01 8.90e+01  -6.0 5.43e+00   0.0 6.74e-04 9.96e-04h  1
 142  8.9471010e+06 1.91e+01 8.88e+01  -6.0 5.42e+00  -0.4 3.58e-03 2.35e-03h  1
 143  8.9471062e+06 1.90e+01 8.87e+01  -6.0 5.39e+00  -0.0 2.25e-03 1.03e-03h  1
 144  8.9471135e+06 1.90e+01 8.84e+01  -6.0 5.38e+00  -0.5 1.79e-03 3.41e-03h  1
 145  8.9471225e+06 1.90e+01 8.82e+01  -6.0 5.34e+00  -0.1 1.63e-03 1.79e-03h  1
 146  8.9471289e+06 1.89e+01 8.79e+01  -6.0 5.74e+00  -0.5 6.76e-03 3.41e-03h  1
 147  8.9471330e+06 1.89e+01 8.79e+01  -6.0 5.28e+00  -0.1 3.09e-03 8.30e-04h  1
 148  8.9471418e+06 1.88e+01 8.78e+01  -6.0 5.28e+00   0.3 2.52e-04 1.34e-03h  1
 149  8.9471499e+06 1.88e+01 8.76e+01  -6.0 5.26e+00  -0.2 2.16e-03 1.70e-03h  1
iter    objective    inf_pr   inf_du lg(mu)  ||d||  lg(rg) alpha_du alpha_pr  ls
 150  8.9471675e+06 1.88e+01 8.74e+01  -6.0 5.24e+00   0.3 8.53e-04 2.69e-03h  1
 151  8.9471700e+06 1.88e+01 8.73e+01  -6.0 5.21e+00  -0.2 5.73e-03 5.66e-04h  1
 152  8.9471839e+06 1.87e+01 8.71e+01  -6.0 5.20e+00   0.2 8.33e-04 2.14e-03h  1
 153  8.9471956e+06 1.87e+01 8.69e+01  -6.0 5.18e+00  -0.3 1.53e-03 2.80e-03h  1
 154  8.9472038e+06 1.86e+01 8.68e+01  -6.0 5.15e+00   0.2 3.12e-04 1.25e-03h  1
 155  8.9472159e+06 1.86e+01 8.65e+01  -6.0 5.21e+00  -0.3 3.79e-03 3.06e-03h  1
 156  8.9472269e+06 1.85e+01 8.64e+01  -6.0 5.10e+00   0.1 1.23e-03 1.71e-03h  1
 157  8.9472410e+06 1.85e+01 8.60e+01  -6.0 5.23e+00  -0.4 1.21e-03 3.89e-03h  1
 158  8.9472429e+06 1.85e+01 8.60e+01  -6.0 5.04e+00   0.0 1.34e-03 3.06e-04h  1
 159  8.9472579e+06 1.84e+01 8.58e+01  -6.0 5.05e+00   0.5 6.16e-04 2.01e-03h  1
iter    objective    inf_pr   inf_du lg(mu)  ||d||  lg(rg) alpha_du alpha_pr  ls
 160  8.9472621e+06 1.84e+01 8.58e+01  -6.0 5.06e+00  -0.0 2.76e-03 6.84e-04h  1
 161  8.9472795e+06 1.84e+01 8.56e+01  -6.0 5.02e+00   0.4 1.79e-03 2.33e-03h  1
 162  8.9472908e+06 1.83e+01 8.54e+01  -6.0 5.08e+00  -0.1 3.51e-04 1.91e-03h  1
 163  8.9472983e+06 1.83e+01 8.53e+01  -6.0 4.97e+00   0.4 5.97e-04 1.00e-03h  1
 164  8.9473061e+06 1.83e+01 8.52e+01  -6.0 5.10e+00  -0.1 8.47e-04 1.34e-03h  1
 165  8.9473110e+06 1.83e+01 8.52e+01  -6.0 4.96e+00   0.3 7.88e-04 6.28e-04h  1
 166  8.9473283e+06 1.82e+01 8.49e+01  -6.0 5.12e+00  -0.2 3.09e-03 3.05e-03h  1
 167  8.9473376e+06 1.82e+01 8.48e+01  -6.0 4.97e+00   0.3 8.94e-04 1.17e-03h  1
 168  8.9473561e+06 1.82e+01 8.45e+01  -6.0 5.14e+00  -0.2 9.52e-04 3.18e-03h  1
 169  8.9473677e+06 1.81e+01 8.44e+01  -6.0 4.97e+00   0.2 7.47e-04 1.38e-03h  1
iter    objective    inf_pr   inf_du lg(mu)  ||d||  lg(rg) alpha_du alpha_pr  ls
 170  8.9473692e+06 1.81e+01 8.44e+01  -6.0 4.89e+00   0.6 3.99e-04 1.56e-04h  1
 171  8.9473773e+06 1.81e+01 8.43e+01  -6.0 4.98e+00   0.2 8.06e-04 9.40e-04h  1
 172  8.9473775e+06 1.81e+01 8.43e+01  -6.0 5.26e+00  -0.3 2.55e-03 4.00e-05h  1
 173  8.9473945e+06 1.81e+01 8.42e+01  -6.0 5.00e+00   0.1 9.28e-04 1.95e-03h  1
 174  8.9474015e+06 1.80e+01 8.40e+01  -6.0 5.80e+00  -0.4 1.86e-03 1.26e-03h  1
 175  8.9474044e+06 1.80e+01 8.40e+01  -6.0 5.01e+00   0.1 1.66e-03 3.17e-04h  1
 176  8.9474175e+06 1.80e+01 8.38e+01  -6.0 6.62e+00  -0.4 6.10e-04 2.42e-03h  1
 177  8.9474215e+06 1.80e+01 8.38e+01  -6.0 5.02e+00   0.0 1.02e-03 4.55e-04h  1
 178  8.9474325e+06 1.80e+01 8.37e+01  -6.0 4.91e+00   0.4 8.56e-04 1.07e-03h  1
 179  8.9474462e+06 1.79e+01 8.36e+01  -6.0 5.04e+00  -0.0 1.09e-03 1.60e-03h  1
iter    objective    inf_pr   inf_du lg(mu)  ||d||  lg(rg) alpha_du alpha_pr  ls
 180  8.9474610e+06 1.79e+01 8.34e+01  -6.0 4.91e+00   0.4 7.06e-04 1.41e-03h  1
 181  8.9474808e+06 1.79e+01 8.32e+01  -6.0 5.06e+00  -0.1 3.22e-03 2.37e-03h  1
 182  8.9474941e+06 1.79e+01 8.31e+01  -6.0 4.92e+00   0.3 6.42e-04 1.27e-03h  1
 183  8.9475122e+06 1.78e+01 8.30e+01  -6.0 5.08e+00  -0.1 3.16e-04 2.19e-03h  1
 184  8.9475196e+06 1.78e+01 8.29e+01  -6.0 4.93e+00   0.3 1.99e-03 6.84e-04h  1
 185  8.9475358e+06 1.78e+01 8.27e+01  -6.0 5.10e+00  -0.2 1.24e-03 1.98e-03h  1
 186  8.9475412e+06 1.78e+01 8.27e+01  -6.0 4.93e+00   0.2 7.85e-04 4.93e-04h  1
 187  8.9475566e+06 1.77e+01 8.25e+01  -6.0 5.12e+00  -0.2 1.55e-03 1.94e-03h  1
 188  8.9475947e+06 1.77e+01 8.23e+01  -6.0 4.94e+00   0.2 8.66e-04 3.34e-03h  1
 189  8.9475979e+06 1.77e+01 8.22e+01  -6.0 6.64e+00  -0.3 2.69e-03 3.86e-04h  1
iter    objective    inf_pr   inf_du lg(mu)  ||d||  lg(rg) alpha_du alpha_pr  ls
 190  8.9476025e+06 1.77e+01 8.22e+01  -6.0 4.96e+00   0.1 5.23e-04 3.86e-04h  1
 191  8.9476244e+06 1.76e+01 8.20e+01  -6.0 1.11e+01  -0.3 1.55e-03 2.67e-03h  1
 192  8.9476316e+06 1.76e+01 8.19e+01  -6.0 4.97e+00   0.1 2.28e-03 6.05e-04h  1
 193  8.9476479e+06 1.76e+01 8.18e+01  -6.0 4.86e+00   0.5 5.64e-04 1.20e-03h  1
 194  8.9476774e+06 1.75e+01 8.16e+01  -6.0 4.98e+00   0.0 2.11e-03 2.54e-03h  1
 195  8.9476843e+06 1.75e+01 8.16e+01  -6.0 4.86e+00   0.5 1.72e-03 5.09e-04h  1
 196  8.9477906e+06 1.74e+01 8.08e+01  -6.0 4.99e+00  -0.0 8.51e-04 9.22e-03h  1
 197  8.9477948e+06 1.74e+01 8.08e+01  -6.0 4.83e+00   0.4 9.69e-04 3.09e-04h  1
 198  8.9478926e+06 1.72e+01 8.01e+01  -6.0 4.99e+00  -0.1 1.12e-03 8.78e-03h  1
 199  8.9479002e+06 1.72e+01 8.00e+01  -6.0 4.82e+00   0.4 1.56e-03 5.60e-04h  1
iter    objective    inf_pr   inf_du lg(mu)  ||d||  lg(rg) alpha_du alpha_pr  ls
 200  8.9479483e+06 1.71e+01 7.97e+01  -6.0 5.09e+00  -0.1 2.16e-03 4.48e-03h  1
 201  8.9479954e+06 1.71e+01 7.94e+01  -6.0 4.81e+00   0.3 8.33e-04 3.44e-03h  1
 202  8.9480015e+06 1.70e+01 7.94e+01  -6.0 6.61e+00  -0.2 3.43e-03 5.84e-04h  1
 203  8.9480122e+06 1.70e+01 7.93e+01  -6.0 4.81e+00   0.3 1.47e-03 7.81e-04h  1
 204  8.9480237e+06 1.70e+01 7.92e+01  -6.0 8.99e+00  -0.2 5.84e-03 1.18e-03h  1
 205  8.9480336e+06 1.70e+01 7.91e+01  -6.0 4.81e+00   0.2 1.49e-03 7.14e-04h  1
 206  8.9480589e+06 1.69e+01 7.89e+01  -6.0 1.77e+01  -0.3 1.06e-03 2.81e-03h  1
 207  8.9480632e+06 1.69e+01 7.89e+01  -6.0 4.81e+00   0.1 8.73e-04 3.16e-04h  1
 208  8.9480753e+06 1.69e+01 7.88e+01  -6.0 4.72e+00   0.6 5.63e-04 7.98e-04h  1
 209  8.9481118e+06 1.69e+01 7.86e+01  -6.0 4.83e+00   0.1 8.89e-04 2.74e-03h  1
iter    objective    inf_pr   inf_du lg(mu)  ||d||  lg(rg) alpha_du alpha_pr  ls
 210  8.9481279e+06 1.69e+01 7.85e+01  -6.0 4.71e+00   0.5 7.23e-04 1.06e-03h  1
 211  8.9481501e+06 1.68e+01 7.84e+01  -6.0 4.84e+00   0.0 3.06e-03 1.68e-03h  1
 212  8.9481598e+06 1.68e+01 7.84e+01  -6.0 4.71e+00   0.5 4.43e-04 6.34e-04h  1
 213  8.9481642e+06 1.68e+01 7.83e+01  -6.0 5.22e+00  -0.0 3.30e-03 3.39e-04h  1
 214  8.9481842e+06 1.68e+01 7.82e+01  -6.0 4.72e+00   0.4 5.94e-04 1.31e-03h  1
 215  8.9482013e+06 1.68e+01 7.81e+01  -6.0 6.92e+00  -0.1 2.83e-03 1.40e-03h  1
 216  8.9482140e+06 1.68e+01 7.81e+01  -6.0 4.73e+00   0.4 1.04e-03 8.31e-04h  1
 217  8.9482412e+06 1.67e+01 7.79e+01  -6.0 1.17e+01  -0.1 1.58e-03 2.36e-03h  1
 218  8.9482465e+06 1.67e+01 7.78e+01  -6.0 4.73e+00   0.3 1.78e-03 3.47e-04h  1
 219  8.9482586e+06 1.67e+01 7.78e+01  -6.0 4.65e+00   0.7 3.03e-04 7.36e-04h  1
iter    objective    inf_pr   inf_du lg(mu)  ||d||  lg(rg) alpha_du alpha_pr  ls
 220  8.9482922e+06 1.67e+01 7.76e+01  -6.0 4.74e+00   0.3 1.81e-03 2.20e-03h  1
 221  8.9483227e+06 1.66e+01 7.75e+01  -6.0 4.65e+00   0.7 5.73e-04 1.83e-03h  1
 222  8.9483290e+06 1.66e+01 7.74e+01  -6.0 4.75e+00   0.2 6.17e-04 4.15e-04h  1
 223  8.9483469e+06 1.66e+01 7.74e+01  -6.0 4.65e+00   0.6 6.08e-04 1.06e-03h  1
 224  8.9483865e+06 1.66e+01 7.71e+01  -6.0 4.76e+00   0.2 1.98e-03 2.66e-03h  1
 225  8.9484003e+06 1.66e+01 7.71e+01  -6.0 4.65e+00   0.6 1.07e-03 8.08e-04h  1
 226  8.9484425e+06 1.65e+01 7.69e+01  -6.0 4.94e+00   0.1 5.22e-04 2.83e-03h  1
 227  8.9484594e+06 1.65e+01 7.68e+01  -6.0 4.65e+00   0.5 7.29e-04 9.54e-04h  1
 228  8.9485096e+06 1.64e+01 7.65e+01  -6.0 7.54e+00   0.1 9.65e-04 3.47e-03h  1
 229  8.9485209e+06 1.64e+01 7.65e+01  -6.0 4.65e+00   0.5 7.20e-04 6.26e-04h  1
iter    objective    inf_pr   inf_du lg(mu)  ||d||  lg(rg) alpha_du alpha_pr  ls
 230  8.9485277e+06 1.64e+01 7.64e+01  -6.0 3.27e+01   0.0 9.82e-04 6.39e-04h  1
 231  8.9485351e+06 1.64e+01 7.64e+01  -6.0 4.66e+00   0.4 9.80e-04 4.08e-04h  1
 232  8.9485490e+06 1.64e+01 7.63e+01  -6.0 4.60e+00   0.9 3.30e-04 7.21e-04h  1
 233  8.9486118e+06 1.63e+01 7.61e+01  -6.0 4.67e+00   0.4 4.29e-04 3.45e-03h  1
 234  8.9486429e+06 1.63e+01 7.60e+01  -6.0 4.59e+00   0.8 1.29e-03 1.55e-03h  1
 235  8.9486961e+06 1.63e+01 7.57e+01  -6.0 4.67e+00   0.3 3.68e-04 2.83e-03h  1
 236  8.9487311e+06 1.62e+01 7.56e+01  -6.0 4.57e+00   0.8 1.01e-03 1.68e-03h  1
 237  8.9487327e+06 1.62e+01 7.56e+01  -6.0 4.67e+00   0.3 2.94e-03 7.99e-05h  1
 238  8.9487598e+06 1.62e+01 7.55e+01  -6.0 4.57e+00   0.7 2.36e-04 1.25e-03h  1
 239  8.9487710e+06 1.62e+01 7.55e+01  -6.0 4.68e+00   0.2 1.31e-03 5.77e-04h  1
iter    objective    inf_pr   inf_du lg(mu)  ||d||  lg(rg) alpha_du alpha_pr  ls
 240  8.9487752e+06 1.62e+01 7.55e+01  -6.0 4.58e+00   0.7 1.32e-03 1.85e-04h  1
 241  8.9488285e+06 1.62e+01 7.53e+01  -6.0 4.70e+00   0.2 4.48e-04 2.72e-03h  1
 242  8.9488627e+06 1.61e+01 7.51e+01  -6.0 4.58e+00   0.6 1.87e-03 1.54e-03h  1
 243  8.9488700e+06 1.61e+01 7.51e+01  -6.0 4.71e+00   0.1 1.44e-03 3.76e-04h  1
 244  8.9488858e+06 1.61e+01 7.51e+01  -6.0 4.58e+00   0.6 5.31e-04 6.99e-04h  1
 245  8.9488964e+06 1.61e+01 7.50e+01  -6.0 4.73e+00   0.1 1.71e-03 5.50e-04h  1
 246  8.9489131e+06 1.61e+01 7.50e+01  -6.0 4.59e+00   0.5 6.75e-04 7.33e-04h  1
 247  8.9489312e+06 1.61e+01 7.49e+01  -6.0 4.75e+00   0.0 9.59e-04 9.63e-04h  1
 248  8.9489574e+06 1.61e+01 7.48e+01  -6.0 4.59e+00   0.5 1.23e-03 1.15e-03h  1
 249  8.9489766e+06 1.60e+01 7.47e+01  -6.0 5.02e+00  -0.0 2.34e-03 1.05e-03h  1
iter    objective    inf_pr   inf_du lg(mu)  ||d||  lg(rg) alpha_du alpha_pr  ls
 250  8.9490123e+06 1.60e+01 7.46e+01  -6.0 4.60e+00   0.4 1.05e-03 1.58e-03h  1
 251  8.9490333e+06 1.60e+01 7.45e+01  -6.0 5.92e+00  -0.1 1.28e-03 1.21e-03h  1
 252  8.9491255e+06 1.59e+01 7.42e+01  -6.0 4.60e+00   0.4 1.15e-03 4.11e-03h  1
 253  8.9491640e+06 1.59e+01 7.40e+01  -6.0 9.26e+01  -0.1 2.07e-03 2.26e-03h  1
 254  8.9491761e+06 1.59e+01 7.40e+01  -6.0 4.59e+00   0.3 2.78e-03 5.48e-04h  1
 255  8.9492031e+06 1.59e+01 7.39e+01  -6.0 4.49e+00   0.7 2.03e-04 1.09e-03h  1
 256  8.9492056e+06 1.59e+01 7.39e+01  -6.0 4.61e+00   0.3 1.30e-03 1.10e-04h  1
 257  8.9492444e+06 1.59e+01 7.38e+01  -6.0 4.50e+00   0.7 4.90e-04 1.56e-03h  1
 258  8.9493031e+06 1.58e+01 7.36e+01  -6.0 4.63e+00   0.2 1.69e-03 2.65e-03h  1
 259  8.9493101e+06 1.58e+01 7.36e+01  -6.0 4.50e+00   0.6 7.08e-04 2.83e-04h  1
iter    objective    inf_pr   inf_du lg(mu)  ||d||  lg(rg) alpha_du alpha_pr  ls
 260  8.9493584e+06 1.58e+01 7.34e+01  -6.0 4.64e+00   0.1 5.23e-04 2.21e-03h  1
 261  8.9493756e+06 1.58e+01 7.34e+01  -6.0 4.50e+00   0.6 1.39e-03 6.85e-04h  1
 262  8.9493967e+06 1.57e+01 7.33e+01  -6.0 4.66e+00   0.1 1.00e-03 9.90e-04h  1
 263  8.9494615e+06 1.57e+01 7.31e+01  -6.0 4.51e+00   0.5 5.25e-04 2.59e-03h  1
 264  8.9495565e+06 1.56e+01 7.28e+01  -6.0 4.67e+00   0.0 5.87e-03 4.54e-03h  1
 265  8.9496307e+06 1.56e+01 7.26e+01  -6.0 4.49e+00   0.5 5.55e-04 2.94e-03h  1
 266  8.9497509e+06 1.55e+01 7.21e+01  -6.0 4.67e+00  -0.0 7.05e-03 5.94e-03h  1
 267  8.9497540e+06 1.55e+01 7.21e+01  -6.0 4.47e+00   0.4 1.28e-03 1.24e-04h  1
 268  8.9498427e+06 1.54e+01 7.18e+01  -6.0 5.22e+00  -0.1 2.40e-03 4.60e-03h  1
 269  8.9499325e+06 1.54e+01 7.15e+01  -6.0 4.46e+00   0.4 1.56e-03 3.66e-03h  1
iter    objective    inf_pr   inf_du lg(mu)  ||d||  lg(rg) alpha_du alpha_pr  ls
 270  8.9499605e+06 1.53e+01 7.14e+01  -6.0 4.36e+00   0.8 4.90e-04 1.05e-03h  1
 271  8.9499999e+06 1.53e+01 7.13e+01  -6.0 4.46e+00   0.3 3.13e-03 1.61e-03h  1
 272  8.9500198e+06 1.53e+01 7.13e+01  -6.0 4.36e+00   0.7 3.01e-04 7.35e-04h  1
 273  8.9500574e+06 1.53e+01 7.12e+01  -6.0 4.47e+00   0.3 1.71e-03 1.54e-03h  1
 274  8.9500761e+06 1.53e+01 7.11e+01  -6.0 4.36e+00   0.7 8.17e-04 6.87e-04h  1
 275  8.9501728e+06 1.52e+01 7.08e+01  -6.0 4.48e+00   0.2 2.41e-03 4.00e-03h  1
 276  8.9502082e+06 1.52e+01 7.07e+01  -6.0 4.35e+00   0.6 5.61e-04 1.29e-03h  1
 277  8.9502147e+06 1.52e+01 7.07e+01  -6.0 4.48e+00   0.2 3.99e-03 2.77e-04h  1
 278  8.9502783e+06 1.52e+01 7.06e+01  -6.0 4.35e+00   0.6 1.82e-03 2.33e-03h  1
 279  8.9503063e+06 1.51e+01 7.05e+01  -6.0 4.49e+00   0.1 1.75e-03 1.22e-03h  1
iter    objective    inf_pr   inf_du lg(mu)  ||d||  lg(rg) alpha_du alpha_pr  ls
 280  8.9504034e+06 1.51e+01 7.02e+01  -6.0 4.35e+00   0.5 3.01e-03 3.59e-03h  1
 281  8.9504457e+06 1.51e+01 7.01e+01  -6.0 4.27e+00   1.0 1.15e-03 1.50e-03h  1
 282  8.9505059e+06 1.50e+01 7.00e+01  -6.0 4.34e+00   0.5 7.06e-04 2.24e-03h  1
 283  8.9505566e+06 1.50e+01 6.98e+01  -6.0 4.26e+00   0.9 1.04e-03 1.77e-03h  1
 284  8.9505689e+06 1.50e+01 6.98e+01  -6.0 4.34e+00   0.4 2.23e-03 4.61e-04h  1
 285  8.9506490e+06 1.50e+01 6.96e+01  -6.0 4.26e+00   0.9 8.99e-04 2.78e-03h  1
 286  8.9506726e+06 1.49e+01 6.95e+01  -6.0 4.35e+00   0.4 5.13e-04 8.73e-04h  1
 287  8.9507241e+06 1.49e+01 6.94e+01  -6.0 4.25e+00   0.8 1.19e-03 1.73e-03h  1
 288  8.9507881e+06 1.49e+01 6.93e+01  -6.0 4.36e+00   0.3 1.81e-03 2.39e-03h  1
 289  8.9508228e+06 1.49e+01 6.92e+01  -6.0 4.24e+00   0.8 7.03e-04 1.16e-03h  1
iter    objective    inf_pr   inf_du lg(mu)  ||d||  lg(rg) alpha_du alpha_pr  ls
 290  8.9508824e+06 1.48e+01 6.90e+01  -6.0 4.36e+00   0.3 5.24e-04 2.22e-03h  1
 291  8.9508928e+06 1.48e+01 6.90e+01  -6.0 4.24e+00   0.7 1.32e-03 3.40e-04h  1
 292  8.9509018e+06 1.48e+01 6.90e+01  -6.0 4.89e+00   0.2 2.43e-03 3.39e-04h  1
 293  8.9509161e+06 1.48e+01 6.89e+01  -6.0 4.24e+00   0.7 5.58e-04 4.66e-04h  1
 294  8.9509380e+06 1.48e+01 6.89e+01  -6.0 4.19e+00   1.1 4.56e-04 6.72e-04h  1
 295  8.9509621e+06 1.48e+01 6.88e+01  -6.0 4.25e+00   0.6 3.91e-04 7.76e-04h  1
 296  8.9509959e+06 1.48e+01 6.88e+01  -6.0 4.18e+00   1.0 8.22e-04 1.02e-03h  1
 297  8.9510138e+06 1.48e+01 6.87e+01  -6.0 4.26e+00   0.6 5.32e-04 5.65e-04h  1
 298  8.9510612e+06 1.47e+01 6.86e+01  -6.0 4.19e+00   1.0 8.55e-04 1.37e-03h  1
 299  8.9511188e+06 1.47e+01 6.85e+01  -6.0 4.27e+00   0.5 8.59e-04 1.78e-03h  1
iter    objective    inf_pr   inf_du lg(mu)  ||d||  lg(rg) alpha_du alpha_pr  ls
 300  8.9511290e+06 1.47e+01 6.85e+01  -6.0 4.18e+00   0.9 1.05e-03 2.88e-04h  1

Number of Iterations....: 300

                                   (scaled)                 (unscaled)
Objective...............:   6.8712712888404640e+04    8.9511290429993048e+06
Dual infeasibility......:   6.8502332731326959e+01    8.9237230528276286e+03
Constraint violation....:   4.7052417624755920e+00    1.4714065751752605e+01
Variable bound violation:   5.1992257610322667e-08    5.1992257610322667e-08
Complementarity.........:   2.9202258756432821e+02    3.8041459213000599e+04
Overall NLP error.......:   2.9202258756432821e+02    3.8041459213000599e+04


Number of objective function evaluations             = 301
Number of objective gradient evaluations             = 301
Number of equality constraint evaluations            = 301
Number of inequality constraint evaluations          = 302
Number of equality constraint Jacobian evaluations   = 301
Number of inequality constraint Jacobian evaluations = 301
Number of Lagrangian Hessian evaluations             = 300
Total seconds in IPOPT                               = 174.681

EXIT: Maximum Number of Iterations Exceeded.

