Solver command line: ['/opt/homebrew/bin/ipopt', '/var/folders/6y/bvynbx6n3zv7z3lwg6vd724r0000gn/T/tmp630zcp9q.pyomo.nl', '-AMPL', 'tol=1e-06', 'max_iter=300', 'print_level=5', 'warm_start_init_point=yes', 'warm_start_bound_push=1e-06', 'warm_start_bound_frac=1e-06', 'warm_start_mult_bound_push=1e-06', 'mu_init=1e-06', 'least_square_init_duals=no']

Ipopt 3.14.19: tol=1e-06
max_iter=300
print_level=5
warm_start_init_point=yes
warm_start_bound_push=1e-06
warm_start_bound_frac=1e-06
warm_start_mult_bound_push=1e-06
mu_init=1e-06
least_square_init_duals=no


******************************************************************************
This program contains Ipopt, a library for large-scale nonlinear optimization.
 Ipopt is released as open source code under the Eclipse Public License (EPL).
         For more information visit https://github.com/coin-or/Ipopt
******************************************************************************

This is Ipopt version 3.14.19, running with linear solver MUMPS 5.6.2.

Number of nonzeros in equality constraint Jacobian...:   211821
Number of nonzeros in inequality constraint Jacobian.:   163736
Number of nonzeros in Lagrangian Hessian.............:   115477

Total number of variables............................:    35502
                     variables with only lower bounds:        0
                variables with lower and upper bounds:    35502
                     variables with only upper bounds:        0
Total number of equality constraints.................:    27319
Total number of inequality constraints...............:    40934
        inequality constraints with only lower bounds:        0
   inequality constraints with lower and upper bounds:        0
        inequality constraints with only upper bounds:    40934

iter    objective    inf_pr   inf_du lg(mu)  ||d||  lg(rg) alpha_du alpha_pr  ls
   0  8.9480589e+06 2.84e+01 1.20e+03  -6.0 0.00e+00    -  0.00e+00 0.00e+00   0
   1  8.9480424e+06 2.84e+01 1.20e+03  -6.0 1.07e+01   0.0 3.58e-05 8.58e-05h  1
   2  8.9480081e+06 2.84e+01 1.20e+03  -6.0 2.40e+01  -0.5 3.78e-04 1.30e-04h  1
   3  8.9478991e+06 2.83e+01 1.20e+03  -6.0 1.07e+01  -0.1 1.84e-05 5.77e-04h  1
   4  8.9477593e+06 2.83e+01 1.20e+03  -6.0 4.18e+01  -0.5 3.51e-06 4.17e-04f  1
   5  8.9476122e+06 2.83e+01 1.20e+03  -6.0 1.06e+01  -0.1 2.09e-04 7.70e-04h  1
   6  8.9474348e+06 2.83e+01 1.20e+03  -6.0 6.03e+01  -0.6 6.29e-05 4.47e-04f  1
   7  8.9471114e+06 2.82e+01 1.20e+03  -6.0 1.11e+01  -0.2 1.45e-04 1.67e-03f  1
   8  8.9470299e+06 2.82e+01 1.20e+03  -6.0 1.06e+01   0.3 9.34e-05 4.91e-04h  1
   9  8.9464821e+06 2.81e+01 1.19e+03  -6.0 1.79e+01  -0.2 6.55e-05 2.80e-03f  1
iter    objective    inf_pr   inf_du lg(mu)  ||d||  lg(rg) alpha_du alpha_pr  ls
  10  8.9463638e+06 2.81e+01 1.19e+03  -6.0 1.11e+01   0.2 1.59e-04 7.71e-04h  1
  11  8.9459598e+06 2.81e+01 1.19e+03  -6.0 1.13e+01  -0.3 2.99e-04 2.22e-03f  1
  12  8.9458552e+06 2.80e+01 1.19e+03  -6.0 1.03e+01   0.2 1.93e-04 7.76e-04h  1
  13  8.9455679e+06 2.80e+01 1.19e+03  -6.0 1.05e+01  -0.3 1.64e-04 1.71e-03f  1
  14  8.9455390e+06 2.80e+01 1.19e+03  -6.0 1.01e+01   0.1 1.98e-04 2.34e-04h  1
  15  8.9452331e+06 2.79e+01 1.19e+03  -6.0 1.13e+01  -0.4 3.36e-04 1.85e-03f  1
  16  8.9451831e+06 2.79e+01 1.18e+03  -6.0 1.09e+01   0.1 3.68e-05 4.53e-04h  1
  17  8.9450004e+06 2.79e+01 1.18e+03  -6.0 1.23e+01  -0.4 2.60e-04 1.17e-03h  1
  18  8.9449803e+06 2.79e+01 1.18e+03  -6.0 1.19e+01   0.0 6.65e-05 2.29e-04h  1
  19  8.9447013e+06 2.78e+01 1.18e+03  -6.0 1.33e+01  -0.5 3.97e-04 1.93e-03f  1
iter    objective    inf_pr   inf_du lg(mu)  ||d||  lg(rg) alpha_du alpha_pr  ls
  20  8.9446719e+06 2.78e+01 1.18e+03  -6.0 1.33e+01  -0.0 1.55e-04 4.31e-04h  1
  21  8.9443998e+06 2.78e+01 1.18e+03  -6.0 1.41e+01  -0.5 6.69e-04 2.06e-03f  1
  22  8.9443524e+06 2.77e+01 1.18e+03  -6.0 1.50e+01  -0.1 5.51e-05 9.57e-04h  1
  23  8.9439850e+06 2.76e+01 1.17e+03  -6.0 1.55e+01  -0.6 2.56e-04 3.18e-03f  1
  24  8.9439716e+06 2.76e+01 1.17e+03  -6.0 1.77e+01  -0.1 1.93e-04 7.62e-04h  1
  25  8.9438738e+06 2.76e+01 1.17e+03  -6.0 1.82e+01  -0.6 9.91e-05 1.30e-03h  1
  26  8.9438819e+06 2.76e+01 1.17e+03  -6.0 1.90e+01  -0.2 1.10e-04 1.07e-03h  1
  27  8.9438660e+06 2.76e+01 1.17e+03  -6.0 1.94e+01  -0.7 2.87e-04 2.50e-04h  1
  28  8.9438966e+06 2.75e+01 1.17e+03  -6.0 1.79e+01  -0.2 3.18e-06 8.31e-04h  1
  29  8.9438748e+06 2.75e+01 1.17e+03  -6.0 1.84e+01  -0.7 5.20e-04 4.61e-04h  1
iter    objective    inf_pr   inf_du lg(mu)  ||d||  lg(rg) alpha_du alpha_pr  ls
  30  8.9439285e+06 2.75e+01 1.17e+03  -6.0 1.87e+01  -0.3 3.30e-06 9.78e-04h  1
  31  8.9438977e+06 2.75e+01 1.17e+03  -6.0 1.92e+01  -0.8 5.27e-04 6.73e-04h  1
  32  8.9439914e+06 2.74e+01 1.16e+03  -6.0 1.97e+01  -0.3 1.27e-05 1.48e-03h  1
  33  8.9439247e+06 2.74e+01 1.16e+03  -6.0 2.05e+01  -0.8 8.27e-04 1.66e-03h  1
  34  8.9440822e+06 2.73e+01 1.16e+03  -6.0 2.15e+01  -0.4 5.34e-04 1.92e-03h  1
  35  8.9440443e+06 2.72e+01 1.16e+03  -6.0 2.26e+01  -0.9 9.73e-05 3.09e-03h  1
  36  8.9442637e+06 2.72e+01 1.15e+03  -6.0 2.44e+01  -0.4 3.58e-04 1.84e-03h  1
  37  8.9442757e+06 2.72e+01 1.15e+03  -6.0 2.53e+01  -0.9 5.47e-04 4.38e-04h  1
  38  8.9445862e+06 2.71e+01 1.15e+03  -6.0 2.39e+01  -0.5 7.47e-05 2.33e-03h  1
  39  8.9446320e+06 2.71e+01 1.15e+03  -6.0 3.67e+01  -1.0 7.60e-04 8.99e-04h  1
iter    objective    inf_pr   inf_du lg(mu)  ||d||  lg(rg) alpha_du alpha_pr  ls
  40  8.9450963e+06 2.70e+01 1.15e+03  -6.0 1.82e+01  -0.5 5.92e-04 2.91e-03h  1
  41  8.9452534e+06 2.70e+01 1.14e+03  -6.0 4.25e+01  -1.0 9.02e-04 2.15e-03h  1
  42  8.9453319e+06 2.69e+01 1.14e+03  -6.0 1.96e+01  -0.6 1.01e-03 4.28e-04h  1
  43  8.9457171e+06 2.69e+01 1.14e+03  -6.0 1.83e+01  -0.2 1.61e-04 1.55e-03h  1
  44  8.9457953e+06 2.69e+01 1.14e+03  -6.0 2.13e+01  -0.6 1.85e-04 4.19e-04h  1
  45  8.9458988e+06 2.69e+01 1.14e+03  -6.0 1.85e+01  -0.2 8.31e-05 4.09e-04h  1
  46  8.9465003e+06 2.68e+01 1.14e+03  -6.0 2.87e+01  -0.7 3.15e-04 3.25e-03h  1
  47  8.9466563e+06 2.68e+01 1.14e+03  -6.0 1.94e+01  -0.3 4.23e-04 5.98e-04h  1
  48  8.9473190e+06 2.67e+01 1.13e+03  -6.0 2.41e+01  -0.8 6.29e-04 3.50e-03h  1
  49  8.9473619e+06 2.67e+01 1.13e+03  -6.0 2.04e+01  -0.3 3.02e-04 1.58e-04h  1
iter    objective    inf_pr   inf_du lg(mu)  ||d||  lg(rg) alpha_du alpha_pr  ls
  50  8.9474622e+06 2.67e+01 1.13e+03  -6.0 2.49e+01  -0.8 1.55e-04 5.10e-04h  1
  51  8.9475075e+06 2.67e+01 1.13e+03  -6.0 2.15e+01  -0.4 1.04e-04 1.69e-04h  1
  52r 8.9475075e+06 2.67e+01 1.00e+03   1.2 0.00e+00  -0.9 0.00e+00 3.99e-07R  3
  53r 8.9469697e+06 2.66e+01 1.00e+03   1.2 2.58e+06    -  2.56e-06 6.26e-07f  1
  54r 8.9502884e+06 2.67e+01 1.00e+03   1.2 9.20e+04    -  1.62e-05 6.27e-06f  1
  55r 9.0320111e+06 3.18e+01 1.00e+03   1.2 2.63e+04    -  2.91e-05 4.31e-04f  1
  56r 8.9702614e+06 3.31e+01 1.00e+03   1.2 3.47e+04    -  8.77e-05 1.58e-04f  1
  57r 8.9166213e+06 3.43e+01 9.99e+02   1.2 2.58e+04    -  1.11e-04 1.51e-04f  1
  58r 8.8628613e+06 3.55e+01 9.99e+02   1.2 2.30e+04    -  8.26e-05 1.69e-04f  1
  59r 8.7941231e+06 3.72e+01 9.99e+02   1.2 4.18e+04    -  2.28e-04 2.43e-04f  1
iter    objective    inf_pr   inf_du lg(mu)  ||d||  lg(rg) alpha_du alpha_pr  ls
  60r 8.7489757e+06 3.84e+01 9.99e+02   1.2 1.95e+04    -  3.37e-04 2.03e-04f  1
  61r 8.6998653e+06 3.97e+01 9.99e+02   1.2 2.00e+04    -  2.57e-04 2.88e-04f  1
  62r 8.6446143e+06 4.13e+01 9.98e+02   1.2 2.37e+04    -  7.20e-04 4.26e-04f  1
  63r 8.6025116e+06 4.31e+01 9.97e+02   1.2 1.47e+04    -  2.09e-03 5.22e-04f  1
  64r 8.5640976e+06 4.57e+01 9.94e+02   1.2 8.19e+03    -  6.64e-03 1.19e-03f  1
  65r 8.5815255e+06 4.82e+01 9.85e+02   1.2 4.45e+03    -  1.73e-02 3.31e-03f  1
  66r 8.8136193e+06 4.52e+01 9.73e+02   1.2 1.95e+03    -  4.38e-02 1.32e-02f  1
  67r 9.4295576e+06 2.68e+01 9.32e+02   1.2 1.75e+03    -  6.59e-02 4.23e-02f  1
  68r 9.6643146e+06 1.36e+01 8.92e+02   1.2 1.48e+03    -  5.37e-02 2.44e-02f  1
  69r 9.9774580e+06 4.25e+01 8.00e+02   1.2 2.96e+03    -  1.49e-01 3.73e-02f  1
iter    objective    inf_pr   inf_du lg(mu)  ||d||  lg(rg) alpha_du alpha_pr  ls
  70r 1.1630120e+07 6.04e+01 5.72e+02   1.2 1.42e+03    -  3.03e-01 2.74e-01f  1
  71r 1.2781811e+07 3.66e+01 5.83e+02   1.2 8.16e+02    -  9.84e-01 6.34e-01f  1
  72r 1.2842573e+07 2.79e+01 4.33e+02   1.2 9.88e+01    -  1.00e+00 4.48e-01f  1
  73r 1.2912672e+07 2.61e+01 7.72e+00   1.2 1.61e+02    -  1.00e+00 1.00e+00f  1
  74  1.2503232e+07 2.55e+01 9.70e+01  -6.0 1.69e+03    -  3.43e-02 1.95e-02f  1
  75  1.2079585e+07 2.48e+01 9.33e+01  -6.0 7.78e+02    -  4.08e-02 3.00e-02f  1
  76  1.1535158e+07 2.35e+01 8.96e+01  -6.0 7.80e+02    -  3.76e-02 5.05e-02f  1
  77  1.0822160e+07 2.12e+01 7.83e+01  -6.0 6.74e+02    -  1.33e-01 9.37e-02f  1
  78  1.0179944e+07 1.76e+01 6.01e+01  -6.0 5.55e+02    -  2.47e-01 1.65e-01f  1
  79  9.9982089e+06 1.59e+01 4.52e+01  -6.0 3.94e+02    -  2.80e-01 9.81e-02f  1
iter    objective    inf_pr   inf_du lg(mu)  ||d||  lg(rg) alpha_du alpha_pr  ls
  80  9.8859815e+06 1.46e+01 3.67e+01  -6.0 3.70e+02    -  2.14e-01 8.04e-02f  1
  81  9.7723997e+06 1.31e+01 3.40e+01  -6.0 3.52e+02    -  1.73e-01 9.69e-02f  1
  82  9.6602425e+06 1.16e+01 3.11e+01  -6.0 3.28e+02    -  2.30e-01 1.13e-01f  1
  83  9.5832814e+06 1.05e+01 2.86e+01  -6.0 3.07e+02    -  1.23e-01 9.27e-02f  1
  84  9.5669602e+06 1.02e+01 1.90e+02  -6.0 4.87e+01  -1.3 3.50e-02 2.93e-02f  1
  85  9.5538219e+06 9.99e+00 2.31e+02  -6.0 5.82e+01  -1.8 3.00e-02 2.31e-02f  1
  86  9.5256809e+06 9.52e+00 2.47e+02  -6.0 6.97e+01  -2.3 1.02e-01 4.77e-02f  1
  87  9.5231143e+06 9.47e+00 2.47e+02  -6.0 6.15e+01  -1.9 3.64e-02 4.90e-03f  1
  88  9.5119907e+06 9.25e+00 3.30e+02  -6.0 5.17e+01  -1.4 1.12e-01 2.27e-02f  1
  89  9.4906094e+06 8.86e+00 4.01e+02  -6.0 7.47e+01  -1.9 1.02e-01 4.18e-02f  1
iter    objective    inf_pr   inf_du lg(mu)  ||d||  lg(rg) alpha_du alpha_pr  ls
  90  9.4758480e+06 8.58e+00 5.45e+02  -6.0 6.39e+01  -1.5 1.44e-01 3.25e-02f  1
  91  9.4102819e+06 7.38e+00 1.04e+03  -6.0 7.42e+01  -2.0 8.92e-02 1.40e-01f  1
  92  9.3919261e+06 7.07e+00 9.94e+02  -6.0 1.37e+02  -2.4 9.80e-02 4.13e-02f  1
  93  9.3613833e+06 6.51e+00 9.80e+02  -6.0 5.67e+01  -2.0 1.73e-01 7.92e-02f  1
  94  9.3430834e+06 6.15e+00 1.03e+03  -6.0 4.40e+01  -1.6 1.58e-01 5.61e-02f  1
  95  9.3420455e+06 6.13e+00 1.03e+03  -6.0 3.93e+01  -1.2 8.56e-02 3.64e-03f  1
  96  9.3244031e+06 5.72e+00 2.12e+03  -6.0 3.56e+01  -0.7 9.33e-02 6.63e-02f  1
  97  9.3180501e+06 5.56e+00 2.50e+03  -6.0 3.14e+01  -0.3 3.11e-02 2.75e-02f  1
  98  9.3176149e+06 5.55e+00 2.50e+03  -6.0 2.89e+01   0.1 5.55e-02 2.01e-03f  1
  99  9.3137541e+06 5.46e+00 2.62e+03  -6.0 3.34e+01  -0.4 1.77e-02 1.75e-02f  1
iter    objective    inf_pr   inf_du lg(mu)  ||d||  lg(rg) alpha_du alpha_pr  ls
 100  9.3131820e+06 5.44e+00 2.63e+03  -6.0 3.16e+01   0.1 4.28e-02 2.68e-03f  1
 101  9.3056524e+06 5.26e+00 3.13e+03  -6.0 3.55e+01  -0.4 5.86e-02 3.42e-02f  1
 102  9.3021374e+06 5.16e+00 5.37e+03  -6.0 2.62e+01   0.9 1.13e-02 1.72e-02f  1
 103  9.3011999e+06 5.14e+00 5.78e+03  -6.0 2.58e+01   1.3 3.70e-02 4.67e-03f  1
 104  9.2986607e+06 5.07e+00 7.36e+03  -6.0 3.04e+01   0.9 1.06e-02 1.41e-02f  1
 105  9.2981518e+06 5.05e+00 7.50e+03  -6.0 2.91e+01   1.3 4.98e-02 2.83e-03f  1
 106  9.2952526e+06 4.96e+00 9.80e+03  -6.0 3.17e+01   0.8 6.73e-03 1.78e-02f  1
 107  9.2951765e+06 4.96e+00 9.80e+03  -6.0 3.05e+01   1.2 2.93e-02 4.73e-04f  1
 108  9.2939342e+06 4.92e+00 1.01e+04  -6.0 3.27e+01   0.8 1.52e-02 7.76e-03f  1
 109  9.2927170e+06 4.89e+00 1.11e+04  -6.0 3.17e+01   1.2 1.97e-02 7.58e-03f  1
iter    objective    inf_pr   inf_du lg(mu)  ||d||  lg(rg) alpha_du alpha_pr  ls
 110  9.2921729e+06 4.87e+00 1.12e+04  -6.0 3.27e+01   0.7 6.08e-02 3.47e-03f  1
 111  9.2921728e+06 4.87e+00 1.19e+04  -6.0 3.19e+01   1.1 5.54e-02 1.30e-07h  1
 112  9.2916407e+06 4.85e+00 1.24e+04  -6.0 3.31e+01   0.7 5.82e-02 3.42e-03f  1
 113  9.2916393e+06 4.85e+00 1.39e+04  -6.0 3.23e+01   1.1 2.81e-02 9.79e-06h  1
 114  9.2867885e+06 4.70e+00 1.53e+04  -6.0 3.32e+01   0.6 2.23e-02 3.25e-02f  1
 115  9.2858870e+06 4.67e+00 1.56e+04  -6.0 3.14e+01   1.0 4.65e-02 6.35e-03f  1
 116  9.2820974e+06 4.54e+00 3.75e+04  -6.0 3.06e+01   1.5 6.77e-02 2.66e-02f  1
 117  9.2784413e+06 4.42e+00 9.33e+04  -6.0 2.94e+01   1.9 4.03e-02 2.66e-02f  1
 118  9.2764149e+06 4.35e+00 1.40e+05  -6.0 2.85e+01   2.3 1.10e-02 1.54e-02f  1
 119  9.2763155e+06 4.35e+00 1.41e+05  -6.0 2.76e+01   2.7 1.58e-02 7.52e-04f  1
iter    objective    inf_pr   inf_du lg(mu)  ||d||  lg(rg) alpha_du alpha_pr  ls
 120  9.2753447e+06 4.31e+00 1.52e+05  -6.0 2.92e+01   2.3 1.48e-02 8.38e-03f  1
 121  9.2748635e+06 4.30e+00 1.59e+05  -6.0 2.85e+01   2.7 1.73e-02 4.04e-03f  1
 122  9.2744110e+06 4.28e+00 1.61e+05  -6.0 2.95e+01   2.2 1.61e-02 4.13e-03f  1
 123  9.2744068e+06 4.28e+00 1.61e+05  -6.0 2.86e+01   2.6 1.08e-02 3.75e-05h  1
 124  9.2734500e+06 4.24e+00 1.70e+05  -6.0 2.90e+01   2.2 2.24e-02 8.83e-03f  1
 125  9.2729756e+06 4.22e+00 1.76e+05  -6.0 2.86e+01   2.6 2.04e-02 4.30e-03f  1
 126  9.2727244e+06 4.21e+00 1.76e+05  -6.0 2.83e+01   2.1 2.23e-02 2.42e-03f  1
 127  9.2727244e+06 4.21e+00 1.76e+05  -6.0 2.88e+01   2.5 6.22e-03 4.48e-07h  1
 128  9.2691082e+06 4.07e+00 2.89e+05  -6.0 2.90e+01   2.1 8.53e-03 3.46e-02f  1
 129  9.2690761e+06 4.06e+00 2.89e+05  -6.0 2.78e+01   2.5 3.17e-02 3.16e-04h  1
iter    objective    inf_pr   inf_du lg(mu)  ||d||  lg(rg) alpha_du alpha_pr  ls
 130  9.2681033e+06 4.03e+00 3.46e+05  -6.0 2.76e+01   2.9 1.50e-02 9.23e-03f  1
 131  9.2677564e+06 4.01e+00 3.48e+05  -6.0 2.78e+01   2.4 2.86e-02 3.56e-03f  1
 132  9.2660383e+06 3.94e+00 5.22e+05  -6.0 2.76e+01   2.9 3.06e-02 1.71e-02f  1
 133  9.2657854e+06 3.93e+00 5.22e+05  -6.0 2.68e+01   2.4 1.42e-02 2.86e-03f  1
 134  9.2650083e+06 3.90e+00 5.55e+05  -6.0 2.68e+01   2.8 1.40e-02 8.51e-03f  1
 135  9.2648629e+06 3.89e+00 5.57e+05  -6.0 2.66e+01   3.2 1.97e-02 1.53e-03f  1
 136  9.2637857e+06 3.85e+00 6.14e+05  -6.0 2.69e+01   2.8 7.11e-04 1.21e-02f  1
 137  9.2637194e+06 3.84e+00 6.14e+05  -6.0 2.64e+01   3.2 2.85e-02 7.25e-04f  1
 138  9.2623934e+06 3.78e+00 6.90e+05  -6.0 2.65e+01   2.7 7.84e-03 1.52e-02f  1
 139  9.2623820e+06 3.78e+00 7.67e+05  -6.0 2.60e+01   3.1 3.42e-02 1.29e-04h  1
iter    objective    inf_pr   inf_du lg(mu)  ||d||  lg(rg) alpha_du alpha_pr  ls
 140  9.2610884e+06 3.73e+00 7.52e+05  -6.0 2.62e+01   2.7 9.62e-03 1.53e-02f  1
 141  9.2609278e+06 3.72e+00 8.39e+05  -6.0 2.55e+01   3.1 2.06e-02 1.90e-03f  1
 142  9.2602957e+06 3.69e+00 8.61e+05  -6.0 2.54e+01   2.6 4.85e-02 7.86e-03f  1
 143  9.2600381e+06 3.68e+00 9.06e+05  -6.0 2.52e+01   3.0 1.53e-02 3.14e-03f  1
 144  9.2580835e+06 3.59e+00 8.83e+05  -6.0 2.50e+01   2.6 7.22e-04 2.51e-02f  1
 145  9.2577380e+06 3.57e+00 9.74e+05  -6.0 2.43e+01   3.0 3.83e-02 4.42e-03f  1
 146  9.2574928e+06 3.56e+00 9.73e+05  -6.0 2.41e+01   3.4 3.30e-03 3.03e-03f  1
 147  9.2572159e+06 3.55e+00 1.10e+06  -6.0 2.41e+01   2.9 5.80e-02 3.62e-03f  1
 148  9.2571994e+06 3.55e+00 1.12e+06  -6.0 2.45e+01   3.4 3.28e-03 2.10e-04h  1
 149  9.2564630e+06 3.51e+00 1.18e+06  -6.0 2.45e+01   2.9 4.24e-02 9.76e-03f  1
iter    objective    inf_pr   inf_du lg(mu)  ||d||  lg(rg) alpha_du alpha_pr  ls
 150  9.2564446e+06 3.51e+00 1.25e+06  -6.0 2.44e+01   3.3 9.57e-03 2.42e-04h  1
 151  9.2547396e+06 3.43e+00 1.25e+06  -6.0 2.45e+01   2.8 4.18e-02 2.39e-02f  1
 152  9.2545731e+06 3.42e+00 1.26e+06  -6.0 2.38e+01   3.3 4.17e-03 2.34e-03f  1
 153  9.2544182e+06 3.41e+00 1.30e+06  -6.0 2.36e+01   3.7 3.91e-03 2.06e-03f  1
 154  9.2532335e+06 3.35e+00 1.44e+06  -6.0 2.36e+01   3.2 1.64e-03 1.70e-02f  1
 155  9.2530588e+06 3.35e+00 1.63e+06  -6.0 2.30e+01   3.6 2.77e-02 2.43e-03f  1
 156  9.2523572e+06 3.31e+00 1.70e+06  -6.0 2.29e+01   3.2 3.21e-02 1.05e-02f  1
 157  9.2523439e+06 3.31e+00 2.03e+06  -6.0 2.23e+01   3.6 2.30e-02 1.86e-04h  1
 158  9.2519985e+06 3.29e+00 2.04e+06  -6.0 2.23e+01   3.1 9.30e-03 5.12e-03f  1
 159  9.2519984e+06 3.29e+00 2.10e+06  -6.0 2.29e+01   3.5 4.18e-03 1.16e-06h  1
iter    objective    inf_pr   inf_du lg(mu)  ||d||  lg(rg) alpha_du alpha_pr  ls
 160  9.2512704e+06 3.26e+00 2.06e+06  -6.0 2.30e+01   3.0 3.54e-03 1.12e-02f  1
 161  9.2511227e+06 3.25e+00 2.08e+06  -6.0 2.26e+01   3.5 4.75e-03 2.23e-03f  1
 162  9.2510798e+06 3.25e+00 2.09e+06  -6.0 2.27e+01   3.0 5.09e-03 6.87e-04h  1
 163  9.2507411e+06 3.23e+00 2.03e+06  -6.0 2.26e+01   3.4 2.71e-09 5.23e-03f  1
 164  9.2506719e+06 3.23e+00 2.54e+06  -6.0 2.22e+01   3.8 1.74e-02 1.02e-03f  1
 165  9.2501080e+06 3.20e+00 2.46e+06  -6.0 2.24e+01   3.4 1.84e-03 8.99e-03f  1
 166  9.2499857e+06 3.19e+00 3.45e+06  -6.0 2.20e+01   3.8 3.99e-02 1.88e-03f  1
 167  9.2496924e+06 3.18e+00 3.47e+06  -6.0 2.22e+01   3.3 1.15e-02 4.84e-03f  1
 168  9.2492135e+06 3.15e+00 4.31e+06  -6.0 2.20e+01   3.7 4.79e-02 7.63e-03f  1
 169  9.2488863e+06 3.13e+00 4.27e+06  -6.0 2.18e+01   3.3 1.46e-07 5.63e-03f  1
iter    objective    inf_pr   inf_du lg(mu)  ||d||  lg(rg) alpha_du alpha_pr  ls
 170  9.2488855e+06 3.13e+00 4.94e+06  -6.0 2.08e+01   3.7 3.72e-02 1.40e-05h  1
 171  9.2483563e+06 3.10e+00 4.88e+06  -6.0 2.07e+01   3.2 2.95e-05 9.97e-03f  1
 172  9.2483534e+06 3.10e+00 5.53e+06  -6.0 2.06e+01   3.6 4.70e-02 4.85e-05h  1
 173  9.2478049e+06 3.08e+00 5.73e+06  -6.0 2.06e+01   4.1 1.39e-02 8.73e-03f  1
 174  9.2477401e+06 3.07e+00 5.84e+06  -6.0 2.02e+01   3.6 1.13e-02 1.09e-03f  1
 175  9.2472102e+06 3.05e+00 6.14e+06  -6.0 2.02e+01   4.0 1.66e-02 8.47e-03f  1
 176  9.2467509e+06 3.02e+00 6.22e+06  -6.0 2.00e+01   3.5 2.31e-02 7.92e-03f  1
 177  9.2463791e+06 3.00e+00 6.66e+06  -6.0 1.99e+01   4.0 1.83e-02 6.14e-03f  1
 178r 9.2463791e+06 3.00e+00 1.00e+03   0.5 0.00e+00   3.5 0.00e+00 8.20e-10R  4
 179r 9.2533760e+06 3.03e+00 1.01e+03   0.5 1.18e+05    -  1.44e-04 7.05e-05f  1
iter    objective    inf_pr   inf_du lg(mu)  ||d||  lg(rg) alpha_du alpha_pr  ls
 180r 9.2805511e+06 3.00e+00 1.01e+03   0.5 7.68e+03    -  9.75e-04 1.14e-03f  1
 181r 9.3068704e+06 2.96e+00 1.03e+03   0.5 6.47e+03    -  1.10e-02 2.01e-03f  1
 182r 9.3704131e+06 2.79e+00 1.08e+03   0.5 2.50e+03    -  1.97e-02 8.39e-03f  1
 183r 9.5593405e+06 2.17e+00 1.03e+03   0.5 1.25e+03    -  1.73e-02 3.45e-02f  1
 184r 9.8039916e+06 1.38e+00 1.21e+03   0.5 7.45e+02    -  3.88e-02 6.54e-02f  1
 185r 9.9568230e+06 9.87e-01 1.14e+03   0.5 4.32e+02    -  7.33e-02 6.61e-02f  1
 186r 1.0316734e+07 9.52e-01 1.13e+03   0.5 3.95e+02    -  9.34e-02 2.18e-01f  1
 187r 1.0603359e+07 1.20e+00 1.22e+03   0.5 3.21e+02    -  1.26e-01 3.80e-01f  1
 188r 1.0697462e+07 1.27e+00 8.13e+02   0.5 1.11e+02    -  3.34e-01 3.28e-01f  1
 189r 1.0769204e+07 1.31e+00 5.44e+02   0.5 4.23e+01    -  4.23e-01 3.11e-01f  1
iter    objective    inf_pr   inf_du lg(mu)  ||d||  lg(rg) alpha_du alpha_pr  ls
 190r 1.0852460e+07 1.39e+00 3.40e+02   0.5 3.70e+01    -  3.47e-01 3.73e-01f  1
 191r 1.1062491e+07 1.65e+00 1.10e+02   0.5 2.81e+01    -  6.23e-01 1.00e+00f  1
 192  1.0915530e+07 1.63e+00 9.66e+01  -6.0 6.26e+02    -  4.19e-02 1.32e-02f  1
 193  1.0605014e+07 1.57e+00 9.42e+01  -6.0 6.59e+02    -  2.23e-02 3.58e-02f  1
 194  1.0427100e+07 1.53e+00 9.20e+01  -6.0 6.28e+02    -  2.20e-02 2.67e-02f  2
 195  1.0327189e+07 1.50e+00 8.94e+01  -6.0 5.84e+02    -  3.09e-02 1.81e-02f  3
 196  1.0237984e+07 1.48e+00 8.64e+01  -6.0 5.46e+02    -  3.70e-02 1.89e-02f  3
 197  1.0193128e+07 1.46e+00 8.31e+01  -6.0 5.05e+02    -  4.40e-02 1.11e-02f  4
 198  1.0141611e+07 1.44e+00 7.84e+01  -6.0 4.69e+02    -  6.57e-02 1.43e-02f  4
 199  9.7048962e+06 1.24e+00 7.18e+01  -6.0 4.27e+02    -  7.13e-02 1.40e-01f  1
iter    objective    inf_pr   inf_du lg(mu)  ||d||  lg(rg) alpha_du alpha_pr  ls
 200  9.4484647e+06 1.05e+00 6.25e+01  -6.0 3.67e+02    -  1.26e-01 1.53e-01f  1
 201  9.3483663e+06 9.33e-01 5.11e+01  -6.0 3.42e+02    -  1.94e-01 1.10e-01f  1
 202  9.2678164e+06 8.10e-01 3.71e+01  -6.0 3.48e+02    -  3.02e-01 1.31e-01f  1
 203  9.2484284e+06 7.74e-01 3.54e+01  -6.0 3.69e+02    -  4.43e-02 4.54e-02f  1
 204  9.1835578e+06 6.47e-01 3.18e+01  -6.0 3.64e+02    -  8.99e-02 1.64e-01f  1
 205  9.1780826e+06 6.35e-01 2.59e+01  -6.0 3.35e+02    -  2.15e-01 1.81e-02f  1
 206  9.1318727e+06 5.32e-01 2.42e+01  -6.0 3.40e+02    -  4.49e-02 1.62e-01f  1
 207  9.1212826e+06 5.07e-01 2.15e+01  -6.0 2.95e+02    -  1.28e-01 4.64e-02f  1
 208  9.0954828e+06 4.45e-01 1.99e+01  -6.0 2.78e+02    -  6.21e-02 1.21e-01f  1
 209  9.0887061e+06 4.29e-01 1.61e+01  -6.0 2.39e+02    -  2.22e-01 3.74e-02f  1
iter    objective    inf_pr   inf_du lg(mu)  ||d||  lg(rg) alpha_du alpha_pr  ls
 210  9.0729542e+06 3.89e-01 1.52e+01  -6.0 2.15e+02    -  4.94e-02 9.21e-02f  1
 211  9.0671819e+06 3.75e-01 1.54e+01  -6.0 1.90e+02    -  1.65e-01 3.76e-02f  1
 212  9.0549957e+06 3.44e-01 1.62e+01  -6.0 3.31e+02    -  1.65e-01 8.15e-02f  1
 213  9.0549969e+06 3.44e-01 1.27e+02  -6.0 1.34e+00   3.0 1.27e-02 7.88e-05h  1
 214  9.0550710e+06 3.42e-01 1.34e+02  -6.0 1.31e+00   2.5 9.24e-03 6.69e-03h  1
 215  9.0551419e+06 3.37e-01 1.31e+02  -6.0 1.77e+00   2.1 1.05e-02 1.22e-02h  1
 216  9.0551158e+06 3.24e-01 2.31e+02  -6.0 1.77e+00   1.6 1.60e-02 4.06e-02h  1
 217  9.0548443e+06 3.13e-01 2.50e+02  -6.0 1.68e+00   1.1 4.51e-02 3.25e-02h  1
 218  9.0535129e+06 2.89e-01 2.32e+02  -6.0 1.56e+00   0.6 7.23e-02 7.74e-02f  1
 219  9.0534242e+06 2.88e-01 2.31e+02  -6.0 1.38e+00   0.2 2.59e-01 3.31e-03h  1
iter    objective    inf_pr   inf_du lg(mu)  ||d||  lg(rg) alpha_du alpha_pr  ls
 220  9.0533164e+06 2.86e-01 2.30e+02  -6.0 1.47e+00   0.6 1.59e-01 6.39e-03h  1
 221  9.0524067e+06 2.77e-01 2.22e+02  -6.0 1.34e+00   0.1 2.09e-01 3.34e-02f  1
 222  9.0487720e+06 2.18e-01 1.67e+02  -6.0 1.40e+00   0.5 2.48e-01 2.13e-01f  1
 223  9.0486369e+06 2.17e-01 2.43e+02  -6.0 1.02e+00   0.0 3.15e-01 5.31e-03h  1
 224  9.0457055e+06 1.76e-01 3.78e+02  -6.0 1.06e+00   0.5 3.98e-01 1.87e-01f  1
 225  9.0442185e+06 1.66e-01 3.53e+02  -6.0 8.38e-01  -0.0 4.99e-02 5.90e-02f  1
 226  9.0440806e+06 1.64e-01 3.45e+02  -6.0 7.92e-01   0.4 1.76e-03 9.40e-03h  1
 227  9.0437142e+06 1.62e-01 3.39e+02  -6.0 1.57e+00  -0.1 8.76e-03 1.43e-02f  1
 228  9.0396041e+06 1.19e-01 3.60e+02  -6.0 7.50e-01   0.4 4.74e-01 2.67e-01f  1
 229  9.0368080e+06 1.05e-01 3.05e+02  -6.0 8.13e-01  -0.1 2.46e-01 1.17e-01f  1
iter    objective    inf_pr   inf_du lg(mu)  ||d||  lg(rg) alpha_du alpha_pr  ls
 230  9.0349854e+06 8.95e-02 3.14e+02  -6.0 5.18e-01   0.3 5.20e-01 1.47e-01f  1
 231  9.0341701e+06 8.60e-02 2.58e+02  -6.0 9.03e-01  -0.2 2.86e-01 3.85e-02f  1
 232  9.0319179e+06 6.87e-02 2.14e+02  -6.0 4.18e-01   0.3 4.18e-01 2.01e-01f  1
 233  9.0314139e+06 6.69e-02 1.44e+02  -6.0 9.71e-01  -0.2 3.03e-01 2.60e-02f  1
 234  9.0299016e+06 5.68e-02 1.08e+02  -6.0 3.93e-01   0.2 3.78e-01 1.51e-01f  1
 235  9.0287178e+06 5.32e-02 1.04e+02  -6.0 2.22e+00  -0.3 8.26e-02 6.32e-02f  1
 236  9.0268417e+06 4.27e-02 9.72e+01  -6.0 4.20e-01   0.2 2.87e-01 1.98e-01f  1
 237  9.0261050e+06 4.09e-02 1.14e+02  -6.0 1.30e+00  -0.3 2.65e-01 4.08e-02f  1
 238  9.0241363e+06 3.16e-02 9.22e+01  -6.0 4.87e-01   0.1 2.82e-01 2.28e-01f  1
 239  9.0232710e+06 3.00e-02 9.12e+01  -6.0 1.50e+00  -0.4 1.41e-01 4.99e-02f  1
iter    objective    inf_pr   inf_du lg(mu)  ||d||  lg(rg) alpha_du alpha_pr  ls
 240  9.0229467e+06 2.88e-02 9.64e+01  -6.0 5.71e-01   0.1 2.65e-01 4.03e-02f  1
 241  9.0219535e+06 2.72e-02 9.48e+01  -6.0 1.71e+00  -0.4 2.32e-01 5.55e-02f  1
 242  9.0205661e+06 2.26e-02 8.16e+01  -6.0 6.59e-01   0.0 3.29e-01 1.72e-01f  1
 243  9.0192022e+06 2.08e-02 7.53e+01  -6.0 5.47e+00  -0.5 7.24e-02 7.81e-02f  1
 244  9.0189128e+06 2.00e-02 7.22e+01  -6.0 7.76e-01  -0.0 4.83e-03 3.78e-02f  1
 245  9.0189012e+06 2.00e-02 7.18e+01  -6.0 2.27e+00  -0.5 1.47e-01 6.43e-04h  1
 246  9.0174849e+06 1.65e-02 6.18e+01  -6.0 8.69e-01  -0.1 1.92e-02 1.77e-01f  1
 247  9.0174587e+06 1.64e-02 6.63e+01  -6.0 2.40e+00  -0.6 1.76e-01 1.46e-03f  1
 248  9.0163293e+06 1.41e-02 6.01e+01  -6.0 9.24e-01  -0.1 3.70e-02 1.45e-01f  1
 249  9.0163056e+06 1.40e-02 7.07e+01  -6.0 2.57e+00  -0.6 1.99e-01 1.32e-03f  1
iter    objective    inf_pr   inf_du lg(mu)  ||d||  lg(rg) alpha_du alpha_pr  ls
 250  9.0154200e+06 1.24e-02 7.25e+01  -6.0 1.01e+00  -0.2 3.25e-01 1.15e-01f  1
 251  9.0151035e+06 1.22e-02 7.33e+01  -6.0 2.87e+00  -0.7 5.18e-02 1.76e-02f  1
 252  9.0148036e+06 1.17e-02 7.59e+01  -6.0 1.13e+00  -0.2 2.14e-01 3.83e-02f  1
 253  9.0143230e+06 1.14e-02 7.42e+01  -6.0 3.21e+00  -0.7 3.23e-02 2.58e-02f  1
 254  9.0138325e+06 1.07e-02 7.37e+01  -6.0 1.27e+00  -0.3 2.45e-01 6.07e-02f  1
 255  9.0133945e+06 1.05e-02 7.25e+01  -6.0 1.65e+01  -0.8 5.39e-02 2.29e-02f  1
 256  9.0130546e+06 1.01e-02 1.09e+02  -6.0 1.42e+00  -0.3 3.25e-01 4.14e-02f  1
 257  9.0121273e+06 9.58e-03 1.25e+02  -6.0 4.08e+00  -0.8 9.73e-02 4.75e-02f  1
 258  9.0117174e+06 9.10e-03 1.70e+02  -6.0 1.61e+00  -0.4 2.01e-01 5.00e-02f  1
 259  9.0112625e+06 7.96e-03 1.55e+02  -6.0 6.17e-01   0.0 1.54e-01 1.25e-01f  1
iter    objective    inf_pr   inf_du lg(mu)  ||d||  lg(rg) alpha_du alpha_pr  ls
 260  9.0110575e+06 7.77e-03 1.70e+02  -6.0 1.81e+00  -0.4 7.09e-02 2.43e-02f  1
 261  9.0108410e+06 7.32e-03 1.57e+02  -6.0 6.93e-01  -0.0 4.86e-02 5.83e-02f  1
 262  9.0105582e+06 7.09e-03 1.89e+02  -6.0 2.03e+00  -0.5 1.27e-01 3.13e-02f  1
 263  9.0100109e+06 6.09e-03 1.87e+02  -6.0 7.78e-01  -0.1 2.29e-01 1.40e-01f  1
 264  9.0099232e+06 6.04e-03 2.13e+02  -6.0 2.29e+00  -0.5 1.06e-01 9.24e-03f  1
 265  9.0094711e+06 5.36e-03 2.32e+02  -6.0 8.74e-01  -0.1 3.01e-01 1.13e-01f  1
 266  9.0090543e+06 5.13e-03 2.28e+02  -6.0 2.58e+00  -0.6 7.01e-02 4.12e-02f  1
 267  9.0089574e+06 5.02e-03 2.83e+02  -6.0 9.84e-01  -0.2 3.71e-01 2.31e-02f  1
 268  9.0087009e+06 4.90e-03 2.88e+02  -6.0 2.90e+00  -0.7 1.16e-01 2.35e-02f  1
 269  9.0083817e+06 4.55e-03 4.76e+02  -6.0 1.11e+00  -0.2 5.00e-01 7.14e-02f  1
iter    objective    inf_pr   inf_du lg(mu)  ||d||  lg(rg) alpha_du alpha_pr  ls
 270  9.0074096e+06 4.17e-03 6.61e+02  -6.0 3.27e+00  -0.7 1.23e-01 8.28e-02f  1
 271  9.0073473e+06 4.12e-03 5.06e+03  -6.0 1.25e+00  -0.3 5.92e-02 1.31e-02f  1
 272  9.0072485e+06 3.93e-03 3.36e+04  -6.0 8.73e-01   0.1 7.92e-02 4.66e-02f  1
 273  9.0072137e+06 3.90e-03 4.75e+04  -6.0 1.42e+00  -0.3 8.89e-02 6.64e-03f  1
 274  9.0068263e+06 3.23e-03 4.57e+04  -6.0 6.17e-01   0.1 1.98e-02 1.72e-01f  1
 275  9.0067797e+06 3.20e-03 3.53e+04  -6.0 1.59e+00  -0.4 1.26e-01 8.16e-03f  1
 276  9.0066477e+06 3.02e-03 3.24e+04  -6.0 6.17e-01   0.0 5.81e-02 5.56e-02f  1
 277  9.0062726e+06 2.84e-03 2.92e+04  -6.0 1.78e+00  -0.4 1.68e-01 5.97e-02f  1
 278  9.0062028e+06 2.76e-03 3.03e+04  -6.0 6.81e-01  -0.0 1.63e-02 2.78e-02f  1
 279  9.0060835e+06 2.72e-03 3.10e+04  -6.0 2.00e+00  -0.5 2.39e-01 1.74e-02f  1
iter    objective    inf_pr   inf_du lg(mu)  ||d||  lg(rg) alpha_du alpha_pr  ls
 280  9.0058577e+06 2.49e-03 3.17e+04  -6.0 7.68e-01  -0.1 5.63e-02 8.28e-02f  1
 281  9.0054100e+06 2.34e-03 3.32e+04  -6.0 2.26e+00  -0.5 1.96e-01 6.09e-02f  1
 282  9.0053358e+06 2.28e-03 6.11e+03  -6.0 8.61e-01  -0.1 5.47e-01 2.58e-02f  1
 283  9.0050983e+06 2.21e-03 4.06e+03  -6.0 2.49e+00  -0.6 1.77e-01 2.99e-02f  1
 284  9.0048876e+06 2.06e-03 4.40e+03  -6.0 9.47e-01  -0.2 4.04e-01 6.79e-02f  1
 285  9.0044904e+06 1.96e-03 2.20e+03  -6.0 2.49e+00  -0.6 7.37e-02 4.69e-02f  1
 286  9.0041962e+06 1.79e-03 1.08e+02  -6.0 9.04e-01  -0.2 3.44e-01 8.92e-02f  1
 287  9.0039744e+06 1.74e-03 1.91e+03  -6.0 2.17e+00  -0.7 5.20e-02 2.61e-02f  1
 288  9.0038566e+06 1.68e-03 1.09e+04  -6.0 8.26e-01  -0.3 4.33e-01 3.51e-02f  1
 289  9.0036856e+06 1.65e-03 1.27e+04  -6.0 2.43e+00  -0.7 5.13e-02 1.88e-02f  1
iter    objective    inf_pr   inf_du lg(mu)  ||d||  lg(rg) alpha_du alpha_pr  ls
 290  9.0034847e+06 1.56e-03 1.35e+04  -6.0 9.28e-01  -0.3 1.09e-01 5.60e-02f  1
 291  9.0033113e+06 2.30e-03 1.82e+04  -6.0 1.25e+01  -0.8 6.39e-02 1.73e-02f  1
 292  9.0030662e+06 2.17e-03 2.35e+04  -6.0 1.04e+00  -0.4 2.34e-01 6.24e-02f  1
 293  9.0028804e+06 2.30e-03 2.93e+04  -6.0 3.68e+00  -0.8 8.03e-02 1.73e-02f  1
 294  9.0027651e+06 2.24e-03 3.58e+04  -6.0 1.16e+00  -0.4 2.13e-01 2.76e-02f  1
 295  9.0022940e+06 3.57e-03 3.28e+04  -6.0 4.62e+00  -0.9 2.30e-02 4.06e-02f  1
 296  9.0022162e+06 3.51e-03 4.54e+04  -6.0 1.25e+00  -0.5 3.20e-01 1.72e-02f  1
 297  9.0021087e+06 3.50e-03 4.72e+04  -6.0 3.68e+00  -0.9 3.77e-02 8.82e-03f  1
 298  9.0019870e+06 3.41e-03 4.97e+04  -6.0 1.40e+00  -0.5 1.28e-01 2.53e-02f  1
 299  9.0018045e+06 4.53e-03 4.86e+04  -6.0 1.18e+01  -1.0 7.87e-03 1.39e-02f  1
iter    objective    inf_pr   inf_du lg(mu)  ||d||  lg(rg) alpha_du alpha_pr  ls
 300  9.0017568e+06 4.49e-03 5.23e+04  -6.0 1.56e+00  -0.6 1.16e-01 9.22e-03f  1

Number of Iterations....: 300

                                   (scaled)                 (unscaled)
Objective...............:   6.9101353291288018e+04    9.0017567980579957e+06
Dual infeasibility......:   5.2330126591557797e+04    6.8169876616320973e+06
Constraint violation....:   4.4870069041165472e-03    4.4870069041165472e-03
Variable bound violation:   1.3632389084250462e-07    1.3632389084250462e-07
Complementarity.........:   1.6822973152280742e-02    2.1915100895163326e+00
Overall NLP error.......:   5.2330126591557797e+04    6.8169876616320973e+06


Number of objective function evaluations             = 329
Number of objective gradient evaluations             = 269
Number of equality constraint evaluations            = 329
Number of inequality constraint evaluations          = 330
Number of equality constraint Jacobian evaluations   = 303
Number of inequality constraint Jacobian evaluations = 303
Number of Lagrangian Hessian evaluations             = 300
Total seconds in IPOPT                               = 169.960

EXIT: Maximum Number of Iterations Exceeded.

