Solver command line: ['/opt/homebrew/bin/ipopt', '/var/folders/6y/bvynbx6n3zv7z3lwg6vd724r0000gn/T/tmphm50tf_5.pyomo.nl', '-AMPL', 'tol=1e-06', 'max_iter=300', 'print_level=5', 'warm_start_init_point=yes', 'warm_start_bound_push=1e-06', 'warm_start_bound_frac=1e-06', 'warm_start_mult_bound_push=1e-06', 'mu_init=1e-06', 'least_square_init_duals=no']

Ipopt 3.14.19: tol=1e-06
max_iter=300
print_level=5
warm_start_init_point=yes
warm_start_bound_push=1e-06
warm_start_bound_frac=1e-06
warm_start_mult_bound_push=1e-06
mu_init=1e-06
least_square_init_duals=no


******************************************************************************
This program contains Ipopt, a library for large-scale nonlinear optimization.
 Ipopt is released as open source code under the Eclipse Public License (EPL).
         For more information visit https://github.com/coin-or/Ipopt
******************************************************************************

This is Ipopt version 3.14.19, running with linear solver MUMPS 5.6.2.

Number of nonzeros in equality constraint Jacobian...:   211821
Number of nonzeros in inequality constraint Jacobian.:   163736
Number of nonzeros in Lagrangian Hessian.............:   115477

Total number of variables............................:    35502
                     variables with only lower bounds:        0
                variables with lower and upper bounds:    35502
                     variables with only upper bounds:        0
Total number of equality constraints.................:    27319
Total number of inequality constraints...............:    40934
        inequality constraints with only lower bounds:        0
   inequality constraints with lower and upper bounds:        0
        inequality constraints with only upper bounds:    40934

iter    objective    inf_pr   inf_du lg(mu)  ||d||  lg(rg) alpha_du alpha_pr  ls
   0  8.9480589e+06 2.51e+01 1.17e+02  -6.0 0.00e+00    -  0.00e+00 0.00e+00   0
   1  8.9480547e+06 2.51e+01 1.17e+02  -6.0 9.72e+00   0.0 1.87e-04 4.62e-04h  1
   2  8.9480222e+06 2.50e+01 1.17e+02  -6.0 9.71e+00  -0.5 1.01e-03 2.90e-03h  1
   3  8.9480045e+06 2.50e+01 1.16e+02  -6.0 9.65e+00  -0.1 3.00e-04 1.89e-03h  1
   4  8.9477643e+06 2.44e+01 1.14e+02  -6.0 9.61e+00  -0.5 2.72e-03 2.27e-02f  1
   5  8.9477424e+06 2.44e+01 1.13e+02  -6.0 9.15e+00  -0.1 6.83e-04 3.05e-03h  1
   6  8.9477316e+06 2.43e+01 1.13e+02  -6.0 9.09e+00  -0.6 1.84e-03 1.18e-03h  1
   7  8.9476708e+06 2.41e+01 1.12e+02  -6.0 9.07e+00  -0.2 7.62e-04 8.51e-03h  1
   8  8.9476556e+06 2.41e+01 1.12e+02  -6.0 8.91e+00  -0.6 8.06e-03 1.75e-03h  1
   9  8.9476156e+06 2.39e+01 1.11e+02  -6.0 8.88e+00  -0.2 6.46e-04 5.95e-03h  1
iter    objective    inf_pr   inf_du lg(mu)  ||d||  lg(rg) alpha_du alpha_pr  ls
  10  8.9474870e+06 2.36e+01 1.10e+02  -6.0 8.76e+00  -0.7 1.31e-03 1.50e-02h  1
  11  8.9474608e+06 2.35e+01 1.09e+02  -6.0 8.49e+00  -0.3 1.76e-03 4.76e-03h  1
  12  8.9474547e+06 2.34e+01 1.09e+02  -6.0 8.40e+00  -0.7 3.89e-03 8.01e-04h  1
  13  8.9474419e+06 2.34e+01 1.09e+02  -6.0 8.39e+00  -0.3 6.24e-04 2.28e-03h  1
  14  8.9474265e+06 2.33e+01 1.09e+02  -6.0 8.35e+00  -0.8 5.09e-03 1.98e-03h  1
  15  8.9474146e+06 2.33e+01 1.09e+02  -6.0 8.31e+00  -0.4 2.30e-03 2.07e-03h  1
  16  8.9473830e+06 2.32e+01 1.08e+02  -6.0 8.27e+00  -0.8 6.73e-03 4.18e-03h  1
  17  8.9473600e+06 2.31e+01 1.08e+02  -6.0 8.20e+00  -0.4 1.69e-03 4.32e-03h  1
  18  8.9473550e+06 2.31e+01 1.07e+02  -6.0 8.13e+00   0.0 1.64e-03 1.54e-03h  1
  19  8.9473506e+06 2.30e+01 1.07e+02  -6.0 8.10e+00  -0.5 1.26e-03 8.32e-04h  1
iter    objective    inf_pr   inf_du lg(mu)  ||d||  lg(rg) alpha_du alpha_pr  ls
  20  8.9473175e+06 2.28e+01 1.06e+02  -6.0 8.09e+00  -0.0 1.14e-03 9.74e-03h  1
  21  8.9473161e+06 2.28e+01 1.06e+02  -6.0 7.92e+00  -0.5 2.09e-03 2.84e-04h  1
  22  8.9473138e+06 2.28e+01 1.06e+02  -6.0 7.91e+00  -0.1 1.82e-04 8.47e-04h  1
  23  8.9473078e+06 2.28e+01 1.06e+02  -6.0 7.90e+00  -0.6 2.22e-03 1.18e-03h  1
  24  8.9472984e+06 2.27e+01 1.06e+02  -6.0 7.88e+00  -0.1 1.70e-03 3.35e-03h  1
  25  8.9472121e+06 2.23e+01 1.04e+02  -6.0 7.82e+00  -0.6 2.73e-03 1.69e-02h  1
  26  8.9472106e+06 2.23e+01 1.04e+02  -6.0 7.54e+00  -0.2 4.00e-03 6.83e-04h  1
  27  8.9471878e+06 2.22e+01 1.03e+02  -6.0 7.53e+00  -0.7 2.13e-03 4.98e-03h  1
  28  8.9471858e+06 2.22e+01 1.03e+02  -6.0 7.45e+00  -0.2 5.31e-03 8.83e-04h  1
  29  8.9471638e+06 2.21e+01 1.03e+02  -6.0 7.44e+00  -0.7 6.71e-05 4.91e-03h  1
iter    objective    inf_pr   inf_du lg(mu)  ||d||  lg(rg) alpha_du alpha_pr  ls
  30  8.9471595e+06 2.20e+01 1.02e+02  -6.0 7.36e+00  -0.3 4.53e-03 2.44e-03h  1
  31  8.9471314e+06 2.19e+01 1.02e+02  -6.0 7.32e+00  -0.8 6.71e-03 6.35e-03h  1
  32  8.9471265e+06 2.18e+01 1.02e+02  -6.0 7.22e+00  -0.3 4.41e-03 2.73e-03h  1
  33  8.9470970e+06 2.17e+01 1.01e+02  -6.0 7.18e+00  -0.8 7.07e-04 6.59e-03h  1
  34  8.9470956e+06 2.16e+01 1.01e+02  -6.0 7.08e+00  -0.4 2.64e-03 8.04e-04h  1
  35  8.9470962e+06 2.16e+01 1.01e+02  -6.0 7.07e+00   0.0 1.38e-03 1.32e-03h  1
  36  8.9470858e+06 2.15e+01 1.00e+02  -6.0 7.05e+00  -0.4 6.50e-04 5.26e-03h  1
  37  8.9470860e+06 2.15e+01 1.00e+02  -6.0 6.97e+00  -0.0 1.78e-03 6.44e-04h  1
  38  8.9470787e+06 2.14e+01 9.97e+01  -6.0 6.96e+00  -0.5 2.64e-03 3.46e-03h  1
  39  8.9470787e+06 2.14e+01 9.97e+01  -6.0 6.91e+00  -0.1 4.29e-03 3.54e-04h  1
iter    objective    inf_pr   inf_du lg(mu)  ||d||  lg(rg) alpha_du alpha_pr  ls
  40  8.9470724e+06 2.13e+01 9.94e+01  -6.0 6.90e+00  -0.5 2.81e-03 2.69e-03h  1
  41  8.9470725e+06 2.13e+01 9.92e+01  -6.0 6.87e+00  -0.1 1.18e-03 1.89e-03h  1
  42  8.9470698e+06 2.13e+01 9.91e+01  -6.0 6.84e+00  -0.6 2.57e-03 1.10e-03h  1
  43  8.9470696e+06 2.12e+01 9.89e+01  -6.0 6.82e+00  -0.2 1.71e-03 1.76e-03h  1
  44  8.9470587e+06 2.12e+01 9.85e+01  -6.0 6.80e+00  -0.6 8.77e-03 3.96e-03h  1
  45  8.9470592e+06 2.11e+01 9.81e+01  -6.0 6.74e+00  -0.2 2.64e-03 4.71e-03h  1
  46  8.9470552e+06 2.10e+01 9.79e+01  -6.0 6.67e+00  -0.7 5.70e-03 1.55e-03h  1
  47  8.9470554e+06 2.10e+01 9.78e+01  -6.0 6.65e+00  -0.3 1.27e-03 1.54e-03h  1
  48  8.9470568e+06 2.10e+01 9.77e+01  -6.0 6.63e+00   0.2 4.91e-04 6.23e-04h  1
  49  8.9470569e+06 2.09e+01 9.73e+01  -6.0 6.62e+00  -0.3 7.36e-04 4.44e-03h  1
iter    objective    inf_pr   inf_du lg(mu)  ||d||  lg(rg) alpha_du alpha_pr  ls
  50  8.9470603e+06 2.09e+01 9.71e+01  -6.0 6.55e+00   0.1 4.01e-04 1.35e-03h  1
  51  8.9470609e+06 2.08e+01 9.70e+01  -6.0 6.54e+00  -0.4 2.15e-03 1.72e-03h  1
  52  8.9470643e+06 2.08e+01 9.69e+01  -6.0 6.51e+00   0.1 1.55e-03 1.21e-03h  1
  53  8.9470651e+06 2.07e+01 9.63e+01  -6.0 6.50e+00  -0.4 5.16e-04 5.32e-03h  1
  54  8.9470796e+06 2.06e+01 9.59e+01  -6.0 6.42e+00  -0.0 1.08e-03 4.88e-03h  1
  55  8.9470797e+06 2.06e+01 9.57e+01  -6.0 6.35e+00  -0.5 4.01e-03 1.39e-03h  1
  56  8.9470816e+06 2.05e+01 9.57e+01  -6.0 6.34e+00  -0.1 4.18e-03 6.50e-04h  1
  57  8.9470792e+06 2.04e+01 9.48e+01  -6.0 6.47e+00  -0.5 4.28e-03 9.17e-03h  1
  58  8.9470837e+06 2.03e+01 9.46e+01  -6.0 6.20e+00  -0.1 1.18e-03 1.67e-03h  1
  59  8.9470862e+06 2.03e+01 9.46e+01  -6.0 6.18e+00   0.3 8.07e-04 5.54e-04h  1
iter    objective    inf_pr   inf_du lg(mu)  ||d||  lg(rg) alpha_du alpha_pr  ls
  60  8.9470929e+06 2.03e+01 9.43e+01  -6.0 6.17e+00  -0.2 7.59e-04 2.63e-03h  1
  61  8.9471042e+06 2.02e+01 9.41e+01  -6.0 6.14e+00   0.3 1.18e-03 2.43e-03h  1
  62  8.9471152e+06 2.01e+01 9.37e+01  -6.0 6.11e+00  -0.2 1.27e-03 4.38e-03h  1
  63  8.9471332e+06 2.00e+01 9.34e+01  -6.0 6.05e+00   0.2 1.45e-03 3.64e-03h  1
  64  8.9471396e+06 2.00e+01 9.31e+01  -6.0 6.80e+00  -0.3 5.99e-03 2.66e-03h  1
  65  8.9471416e+06 2.00e+01 9.31e+01  -6.0 5.97e+00   0.2 6.22e-04 4.07e-04h  1
  66  8.9471458e+06 1.99e+01 9.29e+01  -6.0 9.62e+00  -0.3 1.71e-03 1.87e-03h  1
  67  8.9471485e+06 1.99e+01 9.28e+01  -6.0 5.94e+00   0.1 9.49e-04 5.25e-04h  1
  68  8.9471519e+06 1.99e+01 9.28e+01  -6.0 5.93e+00   0.5 2.43e-04 4.87e-04h  1
  69  8.9471639e+06 1.99e+01 9.26e+01  -6.0 5.93e+00   0.1 8.15e-04 2.21e-03h  1
iter    objective    inf_pr   inf_du lg(mu)  ||d||  lg(rg) alpha_du alpha_pr  ls
  70  8.9471676e+06 1.99e+01 9.25e+01  -6.0 5.90e+00   0.5 9.93e-04 5.27e-04h  1
  71  8.9471861e+06 1.98e+01 9.22e+01  -6.0 5.89e+00   0.0 1.72e-03 3.59e-03h  1
  72  8.9471924e+06 1.98e+01 9.21e+01  -6.0 5.85e+00   0.4 1.01e-03 9.14e-04h  1
  73  8.9472069e+06 1.97e+01 9.19e+01  -6.0 6.00e+00  -0.0 9.86e-04 2.93e-03h  1
  74  8.9472106e+06 1.97e+01 9.18e+01  -6.0 5.80e+00   0.4 8.62e-04 5.36e-04h  1
  75  8.9472209e+06 1.97e+01 9.16e+01  -6.0 7.64e+00  -0.1 2.14e-03 2.19e-03h  1
  76  8.9472322e+06 1.96e+01 9.15e+01  -6.0 5.76e+00   0.3 4.42e-04 1.64e-03h  1
  77  8.9472429e+06 1.96e+01 9.12e+01  -6.0 1.09e+01  -0.1 2.65e-03 2.42e-03h  1
  78  8.9472505e+06 1.96e+01 9.11e+01  -6.0 5.71e+00   0.3 4.16e-04 1.10e-03h  1
  79  8.9472520e+06 1.96e+01 9.11e+01  -6.0 5.70e+00   0.7 9.32e-04 2.00e-04h  1
iter    objective    inf_pr   inf_du lg(mu)  ||d||  lg(rg) alpha_du alpha_pr  ls
  80  8.9472751e+06 1.95e+01 9.08e+01  -6.0 5.70e+00   0.2 8.58e-04 3.33e-03h  1
  81  8.9472782e+06 1.95e+01 9.08e+01  -6.0 5.66e+00   0.7 2.30e-04 3.84e-04h  1
  82  8.9472883e+06 1.95e+01 9.06e+01  -6.0 5.65e+00   0.2 1.97e-03 1.48e-03h  1
  83  8.9472916e+06 1.95e+01 9.06e+01  -6.0 5.63e+00   0.6 7.51e-04 3.91e-04h  1
  84  8.9472933e+06 1.95e+01 9.06e+01  -6.0 6.39e+00   0.1 6.81e-04 2.52e-04h  1
  85  8.9472963e+06 1.94e+01 9.06e+01  -6.0 5.63e+00   0.6 3.24e-04 3.67e-04h  1
  86  8.9473076e+06 1.94e+01 9.04e+01  -6.0 7.24e+00   0.1 1.03e-03 1.69e-03h  1
  87  8.9473134e+06 1.94e+01 9.03e+01  -6.0 5.60e+00   0.5 4.17e-04 6.93e-04h  1
  88  8.9473158e+06 1.94e+01 9.03e+01  -6.0 8.81e+00   0.0 5.41e-04 3.56e-04h  1
  89  8.9473225e+06 1.94e+01 9.02e+01  -6.0 5.59e+00   0.5 7.32e-04 7.92e-04h  1
iter    objective    inf_pr   inf_du lg(mu)  ||d||  lg(rg) alpha_du alpha_pr  ls
  90  8.9473239e+06 1.94e+01 9.02e+01  -6.0 1.10e+01  -0.0 1.85e-03 2.32e-04h  1
  91  8.9473402e+06 1.93e+01 9.00e+01  -6.0 5.58e+00   0.4 3.42e-04 1.94e-03h  1
  92  8.9473431e+06 1.93e+01 9.00e+01  -6.0 5.55e+00   0.8 5.38e-04 3.12e-04h  1
  93  8.9473717e+06 1.93e+01 8.97e+01  -6.0 5.55e+00   0.4 1.08e-03 3.23e-03h  1
  94  8.9473825e+06 1.92e+01 8.96e+01  -6.0 5.51e+00   0.8 3.35e-04 1.04e-03h  1
  95  8.9473940e+06 1.92e+01 8.95e+01  -6.0 5.50e+00   0.3 5.70e-04 1.19e-03h  1
  96  8.9473972e+06 1.92e+01 8.95e+01  -6.0 5.48e+00   0.7 8.40e-04 2.76e-04h  1
  97  8.9474349e+06 1.91e+01 8.92e+01  -6.0 5.97e+00   0.3 8.97e-04 3.76e-03h  1
  98  8.9474548e+06 1.91e+01 8.90e+01  -6.0 5.44e+00   0.7 9.66e-04 1.66e-03h  1
  99  8.9474597e+06 1.91e+01 8.90e+01  -6.0 6.71e+00   0.2 1.23e-03 4.54e-04h  1
iter    objective    inf_pr   inf_du lg(mu)  ||d||  lg(rg) alpha_du alpha_pr  ls
 100  8.9474690e+06 1.91e+01 8.89e+01  -6.0 5.41e+00   0.6 8.24e-04 7.41e-04h  1
 101  8.9474705e+06 1.91e+01 8.89e+01  -6.0 7.49e+00   0.2 4.54e-04 1.43e-04h  1
 102  8.9474850e+06 1.91e+01 8.88e+01  -6.0 5.40e+00   0.6 8.11e-04 1.14e-03h  1
 103  8.9474886e+06 1.91e+01 8.88e+01  -6.0 8.54e+00   0.1 1.35e-03 3.27e-04h  1
 104  8.9474934e+06 1.91e+01 8.87e+01  -6.0 5.39e+00   0.5 2.33e-04 3.66e-04h  1
 105  8.9475034e+06 1.90e+01 8.86e+01  -6.0 1.00e+01   0.0 1.61e-03 8.90e-04h  1
 106  8.9475056e+06 1.90e+01 8.86e+01  -6.0 5.37e+00   0.5 5.04e-04 1.63e-04h  1
 107  8.9475110e+06 1.90e+01 8.86e+01  -6.0 5.38e+00   0.9 2.31e-04 3.86e-04h  1
 108  8.9475172e+06 1.90e+01 8.86e+01  -6.0 5.36e+00   0.4 7.47e-05 4.61e-04h  1
 109  8.9475229e+06 1.90e+01 8.85e+01  -6.0 5.36e+00   0.9 9.62e-04 3.92e-04h  1
iter    objective    inf_pr   inf_du lg(mu)  ||d||  lg(rg) alpha_du alpha_pr  ls
 110  8.9475321e+06 1.90e+01 8.85e+01  -6.0 5.35e+00   0.4 5.91e-04 6.66e-04h  1
 111  8.9475541e+06 1.90e+01 8.83e+01  -6.0 5.35e+00   0.8 1.64e-04 1.48e-03h  1
 112  8.9475638e+06 1.90e+01 8.83e+01  -6.0 5.41e+00   0.3 1.17e-03 7.14e-04h  1
 113  8.9475788e+06 1.89e+01 8.82e+01  -6.0 5.33e+00   0.7 9.66e-04 1.00e-03h  1
 114  8.9475888e+06 1.89e+01 8.81e+01  -6.0 5.75e+00   0.3 4.47e-04 7.35e-04h  1
 115  8.9476104e+06 1.89e+01 8.80e+01  -6.0 5.30e+00   0.7 9.22e-04 1.42e-03h  1
 116  8.9476230e+06 1.89e+01 8.79e+01  -6.0 6.14e+00   0.2 7.37e-04 9.29e-04h  1
 117  8.9476445e+06 1.89e+01 8.78e+01  -6.0 5.28e+00   0.6 8.15e-04 1.38e-03h  1
 118  8.9476544e+06 1.88e+01 8.77e+01  -6.0 6.57e+00   0.2 4.75e-04 7.21e-04h  1
 119  8.9476752e+06 1.88e+01 8.76e+01  -6.0 5.25e+00   0.6 4.22e-04 1.30e-03h  1
iter    objective    inf_pr   inf_du lg(mu)  ||d||  lg(rg) alpha_du alpha_pr  ls
 120  8.9476812e+06 1.88e+01 8.76e+01  -6.0 7.08e+00   0.1 2.81e-03 4.40e-04h  1
 121  8.9476857e+06 1.88e+01 8.75e+01  -6.0 5.23e+00   0.5 1.04e-03 2.74e-04h  1
 122  8.9477269e+06 1.87e+01 8.73e+01  -6.0 7.82e+00   0.1 2.38e-04 3.06e-03h  1
 123  8.9477669e+06 1.87e+01 8.71e+01  -6.0 5.19e+00   0.5 7.35e-04 2.45e-03h  1
 124  8.9478020e+06 1.86e+01 8.68e+01  -6.0 7.82e+00   0.0 1.24e-03 2.60e-03h  1
 125  8.9478095e+06 1.86e+01 8.68e+01  -6.0 5.14e+00   0.4 2.25e-03 4.53e-04h  1
 126  8.9478366e+06 1.86e+01 8.66e+01  -6.0 8.01e+00  -0.0 2.02e-03 2.05e-03h  1
 127  8.9478543e+06 1.86e+01 8.65e+01  -6.0 5.12e+00   0.4 1.05e-03 1.05e-03h  1
 128  8.9478875e+06 1.85e+01 8.63e+01  -6.0 8.03e+00  -0.1 2.76e-03 2.54e-03h  1
 129  8.9478962e+06 1.85e+01 8.63e+01  -6.0 5.14e+00   0.3 1.30e-03 5.07e-04h  1
iter    objective    inf_pr   inf_du lg(mu)  ||d||  lg(rg) alpha_du alpha_pr  ls
 130  8.9479497e+06 1.84e+01 8.59e+01  -6.0 9.23e+00  -0.1 1.27e-03 4.15e-03h  1
 131  8.9479662e+06 1.84e+01 8.58e+01  -6.0 5.15e+00   0.3 1.04e-03 9.52e-04h  1
 132  8.9479745e+06 1.84e+01 8.58e+01  -6.0 5.03e+00   0.7 7.90e-04 4.37e-04h  1
 133  8.9480289e+06 1.84e+01 8.55e+01  -6.0 5.18e+00   0.2 5.80e-04 3.17e-03h  1
 134  8.9480529e+06 1.83e+01 8.54e+01  -6.0 5.00e+00   0.7 5.95e-04 1.25e-03h  1
 135  8.9480811e+06 1.83e+01 8.53e+01  -6.0 5.21e+00   0.2 1.93e-03 1.64e-03h  1
 136  8.9480984e+06 1.83e+01 8.52e+01  -6.0 5.01e+00   0.6 1.81e-04 8.86e-04h  1
 137  8.9482130e+06 1.82e+01 8.46e+01  -6.0 5.24e+00   0.1 1.70e-03 6.77e-03h  1
 138  8.9482308e+06 1.82e+01 8.45e+01  -6.0 5.03e+00   0.6 7.07e-04 8.95e-04h  1
 139  8.9482742e+06 1.81e+01 8.43e+01  -6.0 7.05e+00   0.1 4.33e-03 2.54e-03h  1
iter    objective    inf_pr   inf_du lg(mu)  ||d||  lg(rg) alpha_du alpha_pr  ls
 140  8.9483140e+06 1.81e+01 8.42e+01  -6.0 5.04e+00   0.5 6.68e-04 1.96e-03h  1
 141  8.9483172e+06 1.81e+01 8.41e+01  -6.0 1.34e+01   0.0 1.10e-03 1.92e-04h  1
 142  8.9483422e+06 1.80e+01 8.40e+01  -6.0 5.05e+00   0.5 2.29e-03 1.23e-03h  1
 143  8.9484205e+06 1.80e+01 8.36e+01  -6.0 3.95e+01  -0.0 6.61e-04 4.64e-03h  1
 144  8.9484257e+06 1.80e+01 8.36e+01  -6.0 5.06e+00   0.4 4.49e-04 2.49e-04h  1
 145  8.9484305e+06 1.80e+01 8.36e+01  -6.0 4.93e+00   0.8 1.24e-03 2.10e-04h  1
 146  8.9484503e+06 1.79e+01 8.35e+01  -6.0 5.09e+00   0.4 6.17e-04 9.34e-04h  1
 147  8.9484530e+06 1.79e+01 8.35e+01  -6.0 4.95e+00   0.8 1.04e-03 1.13e-04h  1
 148  8.9485261e+06 1.79e+01 8.32e+01  -6.0 5.14e+00   0.3 3.71e-04 3.38e-03h  1
 149  8.9485309e+06 1.79e+01 8.32e+01  -6.0 4.98e+00   0.7 8.79e-04 1.99e-04h  1
iter    objective    inf_pr   inf_du lg(mu)  ||d||  lg(rg) alpha_du alpha_pr  ls
 150  8.9485449e+06 1.79e+01 8.32e+01  -6.0 5.16e+00   0.3 1.33e-03 6.49e-04h  1
 151  8.9485588e+06 1.79e+01 8.31e+01  -6.0 4.99e+00   0.7 8.32e-04 5.79e-04h  1
 152  8.9486300e+06 1.78e+01 8.28e+01  -6.0 5.19e+00   0.2 7.35e-04 3.28e-03h  1
 153  8.9486373e+06 1.78e+01 8.28e+01  -6.0 4.97e+00   0.6 7.50e-04 2.96e-04h  1
 154  8.9487362e+06 1.77e+01 8.24e+01  -6.0 5.20e+00   0.2 1.59e-03 4.55e-03h  1
 155  8.9487812e+06 1.77e+01 8.23e+01  -6.0 4.98e+00   0.6 6.00e-04 1.80e-03h  1
 156  8.9487908e+06 1.77e+01 8.23e+01  -6.0 4.88e+00   1.0 8.23e-04 3.60e-04h  1
 157  8.9488372e+06 1.76e+01 8.21e+01  -6.0 4.99e+00   0.5 9.01e-04 1.80e-03h  1
 158r 8.9488372e+06 1.76e+01 1.00e+03   0.8 0.00e+00   0.0 0.00e+00 3.81e-07R  5
 159r 8.9487880e+06 1.76e+01 1.00e+03   0.8 2.76e+05    -  4.46e-05 1.82e-06f  1
iter    objective    inf_pr   inf_du lg(mu)  ||d||  lg(rg) alpha_du alpha_pr  ls
 160r 8.9458416e+06 1.66e+01 1.00e+03   0.8 5.06e+03    -  1.91e-06 7.14e-05f  1
 161r 8.9159725e+06 1.35e+01 1.00e+03   0.8 4.74e+03    -  3.07e-05 7.49e-04f  1
 162  8.9160714e+06 1.34e+01 8.99e+01  -6.0 1.86e+01    -  1.17e-01 1.17e-02h  1
 163  8.9189585e+06 1.19e+01 8.67e+01  -6.0 1.82e+01    -  2.22e-02 1.06e-01h  1
 164  8.9211981e+06 1.11e+01 6.14e+01  -6.0 1.53e+01    -  3.31e-01 6.88e-02h  1
 165  8.9267656e+06 9.21e+00 4.88e+01  -6.0 1.35e+01    -  2.13e-01 1.70e-01h  1
 166  8.9298713e+06 8.17e+00 4.11e+01  -6.0 9.71e+00    -  1.72e-01 1.13e-01h  1
 167  8.9370952e+06 5.64e+00 2.95e+01  -6.0 7.61e+00    -  2.75e-01 3.06e-01h  1
 168  8.9401366e+06 4.44e+00 2.32e+01  -6.0 7.42e+00    -  2.12e-01 2.11e-01h  1
 169  8.9421077e+06 3.54e+00 1.96e+01  -6.0 7.93e+00    -  1.46e-01 2.02e-01h  1
iter    objective    inf_pr   inf_du lg(mu)  ||d||  lg(rg) alpha_du alpha_pr  ls
 170  8.9433678e+06 2.89e+00 1.79e+01  -6.0 8.16e+00    -  5.84e-02 1.83e-01h  1
 171  8.9436497e+06 2.75e+00 2.58e+01  -6.0 8.21e+00    -  1.57e-01 4.89e-02h  1
 172  8.9440878e+06 2.50e+00 3.37e+01  -6.0 8.61e+00    -  1.41e-01 8.98e-02h  1
 173  8.9445870e+06 2.18e+00 4.42e+01  -6.0 8.81e+00    -  2.14e-01 1.27e-01h  1
 174  8.9449245e+06 1.93e+00 4.11e+01  -6.0 9.18e+00    -  1.32e-01 1.17e-01h  1
 175  8.9452556e+06 1.65e+00 3.17e+01  -6.0 9.16e+00    -  1.11e-01 1.43e-01h  1
 176  8.9454065e+06 1.52e+00 3.26e+01  -6.0 8.91e+00    -  1.16e-01 8.09e-02h  1
 177  8.9455867e+06 1.34e+00 2.38e+01  -6.0 8.88e+00    -  5.77e-02 1.17e-01h  1
 178  8.9457595e+06 1.16e+00 2.11e+01  -6.0 8.49e+00    -  1.37e-01 1.31e-01h  1
 179  8.9458522e+06 1.07e+00 2.19e+01  -6.0 8.12e+00    -  1.18e-01 7.91e-02h  1
iter    objective    inf_pr   inf_du lg(mu)  ||d||  lg(rg) alpha_du alpha_pr  ls
 180  8.9459994e+06 9.28e-01 1.58e+01  -6.0 7.88e+00    -  7.49e-02 1.34e-01h  1
 181  8.9460362e+06 8.95e-01 2.52e+01  -6.0 7.24e+00    -  2.41e-01 3.49e-02h  1
 182  8.9462397e+06 7.06e-01 1.48e+01  -6.0 7.12e+00    -  6.27e-02 2.12e-01h  1
 183  8.9462977e+06 6.59e-01 1.40e+01  -6.0 5.83e+00    -  7.33e-02 6.70e-02h  1
 184  8.9464182e+06 5.62e-01 1.55e+01  -6.0 5.43e+00    -  2.76e-01 1.46e-01h  1
 185  8.9465277e+06 4.78e-01 1.43e+01  -6.0 4.49e+00    -  2.23e-01 1.50e-01h  1
 186  8.9469005e+06 3.76e-01 1.32e+01  -6.0 3.81e-01  -0.4 2.62e-01 2.13e-01h  1
 187  8.9469746e+06 3.47e-01 1.33e+01  -6.0 4.19e-01  -0.9 2.12e-01 7.70e-02h  1
 188  8.9469691e+06 2.87e-01 1.14e+01  -6.0 1.11e+01    -  8.80e-02 1.72e-01h  1
 189  8.9470977e+06 2.50e-01 1.31e+01  -6.0 2.50e-01  -0.5 3.16e-01 1.31e-01h  1
iter    objective    inf_pr   inf_du lg(mu)  ||d||  lg(rg) alpha_du alpha_pr  ls
 190  8.9470977e+06 2.50e-01 2.09e+04  -6.0 5.16e+00  -1.0 4.73e-02 3.54e-05h  1
 191  8.9471107e+06 2.46e-01 1.47e+04  -6.0 4.52e+00  -0.5 1.05e-02 1.71e-02h  1
 192  8.9471507e+06 2.29e-01 1.92e+04  -6.0 5.52e+00  -1.0 8.23e-02 6.78e-02h  1
 193  8.9472013e+06 2.16e-01 5.69e+03  -6.0 4.81e+00  -0.6 2.20e-02 5.44e-02h  1
 194  8.9472461e+06 2.04e-01 1.37e+04  -6.0 9.62e+00  -1.1 1.78e-02 5.64e-02h  1
 195  8.9473276e+06 1.94e-01 9.11e+02  -6.0 2.49e+00  -0.6 3.00e-01 4.94e-02h  1
 196  8.9474059e+06 1.82e-01 9.09e+02  -6.0 2.26e+00  -1.1 5.74e-02 6.11e-02h  1
 197  8.9477079e+06 1.43e-01 2.00e+03  -6.0 2.09e+00  -0.7 2.43e-01 2.13e-01h  1
 198  8.9477832e+06 1.29e-01 1.42e+03  -6.0 2.66e+00  -1.2 2.41e-01 9.74e-02h  1
 199  8.9478036e+06 1.17e-01 1.37e+03  -6.0 5.22e+00  -1.6 9.58e-02 9.24e-02h  1
iter    objective    inf_pr   inf_du lg(mu)  ||d||  lg(rg) alpha_du alpha_pr  ls
 200  8.9478163e+06 1.14e-01 6.01e+03  -6.0 3.69e+00  -1.2 7.24e-02 2.89e-02h  1
 201  8.9478488e+06 9.96e-02 5.16e+03  -6.0 5.91e+00  -1.7 1.15e-01 1.27e-01h  1
 202  8.9478592e+06 8.93e-02 1.21e+03  -6.0 9.06e+00  -2.2 1.80e-01 1.03e-01h  1
 203  8.9478760e+06 8.38e-02 7.78e+02  -6.0 5.66e+00  -1.7 2.17e-01 6.17e-02h  1
 204  8.9478801e+06 8.16e-02 7.14e+03  -6.0 9.01e+00  -2.2 2.08e-01 2.56e-02h  1
 205  8.9479013e+06 7.54e-02 6.58e+03  -6.0 5.81e+00  -1.8 2.57e-01 7.58e-02h  1
 206  8.9479204e+06 6.70e-02 6.07e+03  -6.0 9.19e+00  -2.3 1.18e-01 1.12e-01h  1
 207  8.9479406e+06 6.17e-02 7.20e+03  -6.0 5.27e+00  -1.8 2.61e-01 7.88e-02h  1
 208  8.9479653e+06 5.70e-02 5.57e+03  -6.0 3.38e+00  -1.4 4.28e-01 7.68e-02h  1
 209  8.9479731e+06 5.50e-02 3.43e+03  -6.0 5.11e+00  -1.9 3.35e-01 3.55e-02h  1
iter    objective    inf_pr   inf_du lg(mu)  ||d||  lg(rg) alpha_du alpha_pr  ls
 210  8.9480167e+06 4.67e-02 2.09e+03  -6.0 3.32e+00  -1.5 1.97e-01 1.50e-01h  1
 211  8.9480201e+06 4.58e-02 8.00e+03  -6.0 4.88e+00  -1.9 2.16e-01 2.00e-02h  1
 212  8.9480968e+06 3.10e-02 7.97e+03  -6.0 3.18e+00  -1.5 2.01e-02 3.23e-01h  1
 213  8.9481081e+06 2.75e-02 4.00e+03  -6.0 4.13e+00  -2.0 1.99e-02 1.13e-01h  1
 214  8.9481125e+06 2.66e-02 3.95e+03  -6.0 2.39e+00  -1.6 3.65e-02 3.13e-02h  1
 215  8.9481227e+06 2.31e-02 4.62e+03  -6.0 4.05e+00  -2.0 1.66e-01 1.32e-01h  1
 216  8.9481462e+06 1.83e-02 5.30e+03  -6.0 2.26e+00  -1.6 3.20e-01 2.06e-01h  1
 217  8.9481500e+06 1.69e-02 8.11e+03  -6.0 3.43e+00  -2.1 1.88e-01 7.87e-02h  1
 218  8.9481596e+06 1.28e-02 5.91e+03  -6.0 3.35e+00  -1.7 2.74e-01 2.40e-01h  1
 219  8.9481521e+06 1.17e-02 5.49e+03  -6.0 7.57e+00  -2.2 9.54e-02 8.62e-02h  1
iter    objective    inf_pr   inf_du lg(mu)  ||d||  lg(rg) alpha_du alpha_pr  ls
 220  8.9481513e+06 8.61e-03 3.90e+03  -6.0 3.55e+00  -1.7 3.07e-01 2.67e-01h  1
 221  8.9481391e+06 8.43e-03 3.50e+03  -6.0 2.56e+01  -2.2 2.76e-02 2.10e-02h  1
 222  8.9481313e+06 7.37e-03 2.45e+03  -6.0 4.65e+00  -1.8 2.17e-01 1.25e-01h  1
 223  8.9481014e+06 7.45e-03 4.49e+03  -6.0 5.90e+01  -2.3 2.42e-03 1.98e-02f  1
 224  8.9480893e+06 7.67e-03 1.47e+03  -6.0 6.69e+00  -1.8 2.64e-01 8.23e-02h  1
 225  8.9480868e+06 5.93e-03 9.39e+02  -6.0 1.94e+00  -1.4 3.61e-01 4.30e-01h  1
 226  8.9480731e+06 6.41e-03 1.30e+03  -6.0 9.85e+00  -1.9 1.39e-01 4.57e-02h  1
 227  8.9480689e+06 5.57e-03 3.15e+03  -6.0 2.41e+00  -2.4 8.47e-02 1.32e-01h  1
 228  8.9480672e+06 5.43e-03 3.56e+03  -6.0 3.85e+00  -2.8 1.42e-02 2.54e-02h  1
 229  8.9480649e+06 5.06e-03 2.94e+03  -6.0 2.50e+00  -2.4 7.71e-02 6.72e-02h  1
iter    objective    inf_pr   inf_du lg(mu)  ||d||  lg(rg) alpha_du alpha_pr  ls
 230  8.9480642e+06 4.82e-03 4.19e+03  -6.0 1.50e+00  -2.0 1.71e-03 4.74e-02h  1
 231  8.9480612e+06 4.40e-03 1.31e+03  -6.0 2.52e+00  -2.5 1.58e-01 8.67e-02f  1
 232  8.9480602e+06 3.95e-03 9.70e+01  -6.0 1.39e+00  -2.0 1.45e-01 1.03e-01h  1
 233  8.9480582e+06 3.62e-03 2.97e+03  -6.0 2.15e+00  -2.5 2.03e-01 8.42e-02h  1
 234  8.9480562e+06 3.37e-03 7.07e+03  -6.0 2.65e+00  -3.0 2.56e-01 6.72e-02h  1
 235  8.9480554e+06 3.19e-03 7.37e+03  -6.0 1.77e+00  -2.6 1.02e-01 5.54e-02h  1
 236  8.9480530e+06 2.79e-03 7.68e+03  -6.0 2.15e+00  -3.0 2.09e-01 1.25e-01h  1
 237  8.9480514e+06 2.24e-03 5.87e+03  -6.0 1.40e+00  -2.6 1.68e-01 1.97e-01h  1
 238  8.9480506e+06 1.96e-03 9.43e+03  -6.0 1.39e+00  -3.1 6.07e-01 1.23e-01h  1
 239  8.9480522e+06 3.51e-03 6.37e+03  -6.0 1.65e+00  -1.8 2.50e-01 4.21e-01h  1
iter    objective    inf_pr   inf_du lg(mu)  ||d||  lg(rg) alpha_du alpha_pr  ls
 240  8.9480521e+06 3.25e-03 5.99e+03  -6.0 1.17e+00  -2.2 1.54e-01 8.37e-02h  1
 241  8.9480513e+06 4.47e-03 5.76e+03  -6.0 1.08e+01  -2.7 5.26e-02 3.35e-02h  1
 242  8.9480527e+06 2.61e-03 3.12e+03  -6.0 1.88e-01  -1.4 3.74e-02 4.27e-01h  1
 243  8.9480526e+06 2.01e-03 1.58e+03  -6.0 5.91e-01  -1.9 4.40e-01 4.80e-01h  1
 244  8.9480522e+06 2.13e-03 2.66e+03  -6.0 1.55e+00  -2.3 9.53e-01 9.50e-02h  1
 245  8.9480499e+06 3.06e-02 2.22e+03  -6.0 7.18e+00  -2.8 2.71e-01 1.69e-01h  1
 246  8.9480466e+06 1.32e-01 1.58e+03  -6.0 1.01e+01  -3.3 3.46e-02 2.22e-01h  1
 247  8.9480400e+06 1.75e-01 1.48e+03  -6.0 8.88e+01  -3.8 1.40e-02 3.20e-02f  1
 248  8.9480416e+06 1.38e-01 1.89e+03  -6.0 2.41e+00  -3.3 5.48e-01 2.23e-01h  1
 249  8.9480450e+06 7.10e-02 1.32e+03  -6.0 2.52e+00  -3.8 1.00e+00 4.85e-01h  1
iter    objective    inf_pr   inf_du lg(mu)  ||d||  lg(rg) alpha_du alpha_pr  ls
 250  8.9480463e+06 5.06e-02 9.17e+02  -6.0 1.30e+00  -3.4 1.00e+00 2.88e-01h  1
 251  8.9480474e+06 3.36e-02 5.37e+02  -6.0 9.39e-01  -3.9 1.00e+00 3.36e-01h  1
 252  8.9480497e+06 2.28e-04 4.15e-03  -6.0 6.27e-01  -4.3 1.00e+00 1.00e+00h  1
 253  8.9480497e+06 4.44e-04 2.81e-05  -6.0 1.58e-01  -4.8 1.00e+00 1.00e+00h  1
 254  8.9480497e+06 4.93e-05 2.27e-05  -6.0 4.14e-01    -  1.00e+00 1.00e+00H  1
 255  8.9480497e+06 3.33e-04 2.52e-07  -6.0 1.69e-01    -  1.00e+00 1.00e+00h  1
 256  8.9480497e+06 2.70e-05 7.09e-09  -6.0 4.63e-02    -  1.00e+00 1.00e+00h  1
 257  8.9480497e+06 9.54e-09 2.01e-10  -6.0 1.28e-03    -  1.00e+00 1.00e+00h  1
 258  8.9480491e+06 1.90e-06 3.09e-01  -7.2 7.57e-03    -  1.00e+00 7.94e-01f  1
 259  8.9480490e+06 6.68e-07 2.77e-07  -7.2 3.88e-03    -  1.00e+00 1.00e+00f  1

Number of Iterations....: 259

                                   (scaled)                 (unscaled)
Objective...............:   6.8689068929000889e+04    8.9480489705816414e+06
Dual infeasibility......:   2.7700269020550996e-07    3.6084833811093720e-05
Constraint violation....:   6.6828445435818118e-07    6.6828445435818118e-07
Variable bound violation:   1.9269499063057083e-07    1.9269499063057083e-07
Complementarity.........:   1.2188599255306617e-07    1.5877953322094172e-05
Overall NLP error.......:   6.6828445435818118e-07    3.6084833811093720e-05


Number of objective function evaluations             = 266
Number of objective gradient evaluations             = 258
Number of equality constraint evaluations            = 266
Number of inequality constraint evaluations          = 267
Number of equality constraint Jacobian evaluations   = 261
Number of inequality constraint Jacobian evaluations = 261
Number of Lagrangian Hessian evaluations             = 259
Total seconds in IPOPT                               = 147.882

EXIT: Optimal Solution Found.

