Solver command line: ['/opt/homebrew/bin/ipopt', '/var/folders/6y/bvynbx6n3zv7z3lwg6vd724r0000gn/T/tmpzhmt3w_k.pyomo.nl', '-AMPL', 'tol=1e-06', 'max_iter=300', 'print_level=5', 'warm_start_init_point=yes', 'warm_start_bound_push=1e-06', 'warm_start_bound_frac=1e-06', 'warm_start_mult_bound_push=1e-06', 'mu_init=1e-06', 'least_square_init_duals=no']

Ipopt 3.14.19: tol=1e-06
max_iter=300
print_level=5
warm_start_init_point=yes
warm_start_bound_push=1e-06
warm_start_bound_frac=1e-06
warm_start_mult_bound_push=1e-06
mu_init=1e-06
least_square_init_duals=no


******************************************************************************
This program contains Ipopt, a library for large-scale nonlinear optimization.
 Ipopt is released as open source code under the Eclipse Public License (EPL).
         For more information visit https://github.com/coin-or/Ipopt
******************************************************************************

This is Ipopt version 3.14.19, running with linear solver MUMPS 5.6.2.

Number of nonzeros in equality constraint Jacobian...:   110041
Number of nonzeros in inequality constraint Jacobian.:    92152
Number of nonzeros in Lagrangian Hessian.............:    61684

Total number of variables............................:    16016
                     variables with only lower bounds:        0
                variables with lower and upper bounds:    16016
                     variables with only upper bounds:        0
Total number of equality constraints.................:    14673
Total number of inequality constraints...............:    23038
        inequality constraints with only lower bounds:        0
   inequality constraints with lower and upper bounds:        0
        inequality constraints with only upper bounds:    23038

iter    objective    inf_pr   inf_du lg(mu)  ||d||  lg(rg) alpha_du alpha_pr  ls
   0  2.5657086e+06 8.28e+00 8.01e+01  -6.0 0.00e+00    -  0.00e+00 0.00e+00   0
   1  2.4956925e+06 8.28e+00 8.01e+01  -6.0 3.86e+07    -  2.91e-08 2.91e-08f  1
   2  2.4552857e+06 8.28e+00 8.01e+01  -6.0 1.88e+07    -  1.13e-07 2.73e-08f  1
   3  2.3967049e+06 8.28e+00 8.01e+01  -6.0 9.66e+06    -  1.60e-07 1.09e-07f  1
   4  2.3706640e+06 8.28e+00 8.01e+01  -6.0 3.45e+06    -  5.97e-07 1.43e-07f  1
   5  2.3394909e+06 8.28e+00 8.01e+01  -6.0 1.54e+06    -  1.18e-06 6.24e-07f  1
   6  2.3329357e+06 8.28e+00 8.01e+01  -6.0 7.61e+05    -  9.80e-07 7.89e-07f  1
   7  2.3306165e+06 8.28e+00 8.01e+01  -6.0 4.92e+05    -  8.50e-07 6.12e-07f  1
   8  2.3262820e+06 8.28e+00 8.01e+01  -6.0 3.54e+05    -  2.99e-07 1.74e-06f  1
   9  2.3237969e+06 8.28e+00 8.01e+01  -6.0 2.15e+05    -  4.14e-06 1.76e-06f  1
iter    objective    inf_pr   inf_du lg(mu)  ||d||  lg(rg) alpha_du alpha_pr  ls
  10  2.3212517e+06 8.28e+00 8.01e+01  -6.0 7.84e+04    -  4.24e-06 4.17e-06f  1
  11  2.3192047e+06 8.28e+00 8.01e+01  -6.0 3.10e+04    -  7.07e-06 5.30e-06f  1
  12  2.3171104e+06 8.28e+00 8.01e+01  -6.0 2.50e+04    -  4.39e-06 6.76e-06f  1
  13  2.3152705e+06 8.28e+00 8.01e+01  -6.0 2.47e+04    -  5.09e-06 6.54e-06f  1
  14  2.3149031e+06 8.28e+00 8.01e+01  -6.0 1.79e+04    -  2.46e-05 1.50e-06f  1
  15  2.3135908e+06 8.28e+00 8.01e+01  -6.0 1.60e+04    -  2.28e-05 5.59e-06f  1
  16  2.3108906e+06 8.28e+00 8.01e+01  -6.0 1.30e+04    -  3.53e-05 1.19e-05f  1
  17  2.3102689e+06 8.28e+00 8.01e+01  -6.0 1.08e+04    -  4.61e-05 2.92e-06f  1
  18  2.3084775e+06 8.28e+00 8.01e+01  -6.0 1.07e+04    -  7.45e-06 9.27e-06f  1
  19  2.3074449e+06 8.28e+00 8.01e+01  -6.0 1.06e+04    -  4.94e-05 5.59e-06f  1
iter    objective    inf_pr   inf_du lg(mu)  ||d||  lg(rg) alpha_du alpha_pr  ls
  20  2.3053159e+06 8.28e+00 8.01e+01  -6.0 1.00e+04    -  6.64e-06 1.42e-05f  1
  21  2.3045403e+06 8.28e+00 8.01e+01  -6.0 9.06e+03    -  1.09e-05 6.05e-06f  1
  22  2.3037842e+06 8.28e+00 8.01e+01  -6.0 7.29e+03    -  7.66e-05 6.44e-06f  1
  23  2.3021341e+06 8.28e+00 8.01e+01  -6.0 2.97e+03    -  7.41e-06 1.84e-05f  1
  24  2.3005191e+06 8.28e+00 8.00e+01  -6.0 2.97e+03    -  1.15e-04 1.89e-05f  1
  25  2.2999940e+06 8.28e+00 8.00e+01  -6.0 2.96e+03    -  2.21e-05 7.18e-06f  1
  26  2.2984946e+06 8.28e+00 8.00e+01  -6.0 2.96e+03    -  2.09e-06 2.18e-05f  1
  27  2.2979858e+06 8.28e+00 8.00e+01  -6.0 2.96e+03    -  2.06e-05 7.81e-06f  1
  28  2.2970227e+06 8.28e+00 8.00e+01  -6.0 2.96e+03    -  1.84e-05 1.53e-05f  1
  29  2.2956196e+06 8.28e+00 8.00e+01  -6.0 2.96e+03    -  8.60e-06 2.32e-05f  1
iter    objective    inf_pr   inf_du lg(mu)  ||d||  lg(rg) alpha_du alpha_pr  ls
  30  2.2952044e+06 8.28e+00 8.00e+01  -6.0 2.96e+03    -  5.19e-05 6.86e-06f  1
  31  2.2937968e+06 8.28e+00 8.00e+01  -6.0 2.96e+03    -  1.28e-05 2.39e-05f  1
  32  2.2920112e+06 8.28e+00 8.00e+01  -6.0 2.96e+03    -  8.24e-05 3.09e-05f  1
  33  2.2901655e+06 8.28e+00 8.00e+01  -6.0 2.96e+03    -  2.59e-05 3.25e-05f  1
  34  2.2893920e+06 8.28e+00 8.00e+01  -6.0 2.96e+03    -  7.98e-05 1.41e-05f  1
  35  2.2888000e+06 8.28e+00 8.00e+01  -6.0 2.96e+03    -  2.94e-05 1.08e-05f  1
  36  2.2864382e+06 8.28e+00 8.00e+01  -6.0 2.96e+03    -  1.69e-05 4.36e-05f  1
  37  2.2858970e+06 8.28e+00 8.00e+01  -6.0 2.96e+03    -  9.67e-05 1.01e-05f  1
  38  2.2853106e+06 8.28e+00 8.00e+01  -6.0 2.96e+03    -  1.21e-05 1.13e-05f  1
  39  2.2835992e+06 8.28e+00 8.00e+01  -6.0 2.96e+03    -  1.57e-04 3.32e-05f  1
iter    objective    inf_pr   inf_du lg(mu)  ||d||  lg(rg) alpha_du alpha_pr  ls
  40  2.2825038e+06 8.28e+00 8.00e+01  -6.0 2.95e+03    -  3.47e-05 2.28e-05f  1
  41  2.2798719e+06 8.28e+00 8.00e+01  -6.0 2.95e+03    -  3.98e-05 5.64e-05f  1
  42  2.2777348e+06 8.28e+00 8.00e+01  -6.0 2.94e+03    -  8.29e-05 4.65e-05f  1
  43  2.2770840e+06 8.28e+00 8.00e+01  -6.0 2.91e+03    -  5.27e-05 1.45e-05f  1
  44  2.2760332e+06 8.28e+00 8.00e+01  -6.0 2.85e+03    -  6.45e-05 2.40e-05f  1
  45  2.2747762e+06 8.28e+00 8.00e+01  -6.0 2.39e+03    -  3.57e-05 2.98e-05f  1
  46  2.2744883e+06 8.28e+00 8.00e+01  -6.0 1.76e+03    -  4.03e-05 7.36e-06f  1
  47  2.2739399e+06 8.28e+00 7.99e+01  -6.0 1.36e+03    -  1.66e-04 1.47e-05f  1
  48  2.2721019e+06 8.28e+00 7.99e+01  -6.0 1.19e+03    -  3.56e-05 5.21e-05f  1
  49  2.2718472e+06 8.28e+00 7.99e+01  -6.0 1.18e+03    -  4.30e-05 7.44e-06f  1
iter    objective    inf_pr   inf_du lg(mu)  ||d||  lg(rg) alpha_du alpha_pr  ls
  50  2.2711729e+06 8.28e+00 7.99e+01  -6.0 1.17e+03    -  3.45e-05 2.01e-05f  1
  51  2.2702554e+06 8.27e+00 7.99e+01  -6.0 1.17e+03    -  5.43e-05 2.97e-05f  1
  52  2.2695838e+06 8.27e+00 7.99e+01  -6.0 1.16e+03    -  8.87e-05 2.46e-05f  1
  53  2.2682043e+06 8.27e+00 7.99e+01  -6.0 1.15e+03    -  1.20e-05 5.30e-05f  1
  54  2.2669781e+06 8.27e+00 7.99e+01  -6.0 1.14e+03    -  7.03e-05 4.82e-05f  1
  55  2.2660566e+06 8.27e+00 7.99e+01  -6.0 1.10e+03    -  1.65e-05 3.67e-05f  1
  56  2.2637779e+06 8.27e+00 7.99e+01  -6.0 8.66e+02    -  9.22e-05 9.43e-05f  1
  57  2.2631701e+06 8.27e+00 7.99e+01  -6.0 8.64e+02    -  9.62e-05 2.56e-05f  1
  58  2.2623548e+06 8.27e+00 7.99e+01  -6.0 8.58e+02    -  3.62e-05 3.44e-05f  1
  59  2.2613954e+06 8.27e+00 7.99e+01  -6.0 9.13e+02    -  1.60e-05 4.13e-05f  1
iter    objective    inf_pr   inf_du lg(mu)  ||d||  lg(rg) alpha_du alpha_pr  ls
  60  2.2609689e+06 8.27e+00 7.99e+01  -6.0 9.05e+02    -  7.72e-05 1.83e-05f  1
  61  2.2609092e+06 8.27e+00 7.99e+01  -6.0 9.07e+02    -  2.20e-05 2.61e-06f  1
  62  2.2608412e+06 8.27e+00 7.99e+01  -6.0 9.14e+02    -  1.07e-04 3.07e-06f  1
  63  2.2589115e+06 8.27e+00 7.99e+01  -6.0 9.35e+02    -  1.33e-04 9.16e-05f  1
  64  2.2572661e+06 8.27e+00 7.99e+01  -6.0 9.04e+02    -  3.06e-05 8.02e-05f  1
  65  2.2564263e+06 8.27e+00 7.99e+01  -6.0 8.46e+02    -  1.22e-04 4.11e-05f  1
  66  2.2558408e+06 8.27e+00 7.99e+01  -6.0 8.45e+02    -  1.11e-04 3.50e-05f  1
  67  2.2552688e+06 8.27e+00 7.98e+01  -6.0 8.43e+02    -  3.17e-05 3.46e-05f  1
  68  2.2544854e+06 8.27e+00 7.98e+01  -6.0 1.26e+03    -  2.05e-04 4.55e-05f  1
  69  2.2529862e+06 8.27e+00 7.98e+01  -6.0 8.93e+02    -  7.30e-05 9.06e-05f  1
iter    objective    inf_pr   inf_du lg(mu)  ||d||  lg(rg) alpha_du alpha_pr  ls
  70  2.2525335e+06 8.27e+00 7.98e+01  -6.0 8.37e+02    -  9.59e-05 2.98e-05f  1
  71  2.2515011e+06 8.27e+00 7.98e+01  -6.0 8.31e+02    -  4.98e-07 6.93e-05f  1
  72  2.2510755e+06 8.27e+00 7.98e+01  -6.0 8.20e+02    -  2.53e-04 2.85e-05f  1
  73  2.2487429e+06 8.27e+00 7.98e+01  -6.0 8.23e+02    -  1.22e-04 1.59e-04f  1
  74  2.2484273e+06 8.27e+00 7.98e+01  -6.0 8.21e+02    -  1.80e-04 2.33e-05f  1
  75  2.2475331e+06 8.27e+00 7.98e+01  -6.0 8.11e+02    -  5.97e-05 6.71e-05f  1
  76  2.2473415e+06 8.26e+00 7.98e+01  -6.0 8.10e+02    -  1.34e-04 1.46e-05f  1
  77  2.2470111e+06 8.26e+00 7.98e+01  -6.0 8.10e+02    -  1.20e-04 2.53e-05f  1
  78  2.2460694e+06 8.26e+00 7.97e+01  -6.0 8.10e+02    -  4.11e-05 7.45e-05f  1
  79  2.2451142e+06 8.26e+00 7.97e+01  -6.0 8.10e+02    -  6.50e-04 7.66e-05f  1
iter    objective    inf_pr   inf_du lg(mu)  ||d||  lg(rg) alpha_du alpha_pr  ls
  80  2.2433168e+06 8.26e+00 7.97e+01  -6.0 8.09e+02    -  2.26e-04 1.45e-04f  1
  81  2.2418058e+06 8.26e+00 7.96e+01  -6.0 8.08e+02    -  4.93e-04 1.28e-04f  1
  82  2.2408088e+06 8.26e+00 7.96e+01  -6.0 8.07e+02    -  4.59e-04 8.88e-05f  1
  83  2.2397737e+06 8.26e+00 7.96e+01  -6.0 8.04e+02    -  9.39e-05 9.74e-05f  1
  84  2.2390021e+06 8.26e+00 7.96e+01  -6.0 8.01e+02    -  1.27e-04 7.59e-05f  1
  85  2.2379327e+06 8.26e+00 7.96e+01  -6.0 7.95e+02    -  2.85e-04 1.17e-04f  1
  86  2.2372917e+06 8.26e+00 7.96e+01  -6.0 7.52e+02    -  1.43e-04 7.41e-05f  1
  87  2.2366396e+06 8.26e+00 7.95e+01  -6.0 6.43e+02    -  1.32e-05 7.74e-05f  1
  88  2.2361829e+06 8.26e+00 7.95e+01  -6.0 5.37e+02    -  1.07e-04 5.62e-05f  1
  89  2.2353992e+06 8.26e+00 7.95e+01  -6.0 5.37e+02    -  6.25e-06 9.69e-05f  1
iter    objective    inf_pr   inf_du lg(mu)  ||d||  lg(rg) alpha_du alpha_pr  ls
  90  2.2346584e+06 8.25e+00 7.95e+01  -6.0 7.23e+02    -  3.92e-04 8.89e-05f  1
  91  2.2341978e+06 8.25e+00 7.95e+01  -6.0 7.21e+02    -  1.02e-04 5.62e-05f  1
  92  2.2339058e+06 8.25e+00 7.95e+01  -6.0 7.21e+02    -  2.46e-04 3.64e-05f  1
  93  2.2328971e+06 8.25e+00 7.95e+01  -6.0 7.20e+02    -  3.86e-04 1.31e-04f  1
  94  2.2322794e+06 8.25e+00 7.94e+01  -6.0 7.17e+02    -  1.51e-04 8.52e-05f  1
  95  2.2316521e+06 8.25e+00 7.94e+01  -6.0 5.48e+02    -  9.59e-05 9.22e-05f  1
  96  2.2311984e+06 8.25e+00 7.94e+01  -6.0 5.47e+02    -  2.93e-04 6.81e-05f  1
  97  2.2305187e+06 8.25e+00 7.94e+01  -6.0 5.46e+02    -  6.86e-04 9.90e-05f  1
  98  2.2289306e+06 8.25e+00 7.93e+01  -6.0 5.42e+02    -  1.06e-04 2.33e-04f  1
  99  2.2271235e+06 8.25e+00 7.93e+01  -6.0 5.50e+02    -  7.89e-04 2.69e-04f  1
iter    objective    inf_pr   inf_du lg(mu)  ||d||  lg(rg) alpha_du alpha_pr  ls
 100  2.2261299e+06 8.24e+00 7.93e+01  -6.0 5.44e+02    -  4.20e-04 1.54e-04f  1
 101  2.2256140e+06 8.24e+00 7.92e+01  -6.0 5.23e+02    -  1.03e-03 8.32e-05f  1
 102  2.2251770e+06 8.24e+00 7.92e+01  -6.0 4.42e+02    -  9.34e-05 8.01e-05f  1
 103  2.2239726e+06 8.24e+00 7.92e+01  -6.0 4.41e+02    -  8.85e-05 2.30e-04f  1
 104  2.2233538e+06 8.24e+00 7.91e+01  -6.0 4.45e+02    -  4.13e-04 1.24e-04f  1
 105  2.2228971e+06 8.24e+00 7.91e+01  -6.0 4.38e+02    -  7.84e-04 9.62e-05f  1
 106  2.2213123e+06 8.24e+00 7.91e+01  -6.0 4.38e+02    -  5.47e-05 3.60e-04f  1
 107  2.2210855e+06 8.24e+00 7.90e+01  -6.0 4.38e+02    -  3.85e-04 5.27e-05f  1
 108  2.2200024e+06 8.23e+00 7.90e+01  -6.0 4.38e+02    -  8.60e-05 2.55e-04f  1
 109  2.2193414e+06 8.23e+00 7.90e+01  -6.0 4.38e+02    -  4.92e-04 1.59e-04f  1
iter    objective    inf_pr   inf_du lg(mu)  ||d||  lg(rg) alpha_du alpha_pr  ls
 110  2.2190110e+06 8.23e+00 7.89e+01  -6.0 4.37e+02    -  5.44e-04 8.04e-05f  1
 111  2.2179277e+06 8.23e+00 7.89e+01  -6.0 4.34e+02    -  2.04e-04 2.64e-04f  1
 112  2.2170046e+06 8.23e+00 7.89e+01  -6.0 4.27e+02    -  2.78e-04 2.29e-04f  1
 113  2.2163862e+06 8.23e+00 7.88e+01  -6.0 4.12e+02    -  1.32e-03 1.55e-04f  1
 114  2.2150432e+06 8.22e+00 7.87e+01  -6.0 4.13e+02    -  9.96e-04 3.50e-04f  1
 115  2.2147703e+06 8.22e+00 7.87e+01  -6.0 4.16e+02    -  3.57e-04 7.42e-05f  1
 116  2.2136692e+06 8.22e+00 7.87e+01  -6.0 4.16e+02    -  9.58e-05 3.04e-04f  1
 117  2.2134389e+06 8.22e+00 7.86e+01  -6.0 4.15e+02    -  8.53e-04 6.65e-05f  1
 118  2.2128203e+06 8.22e+00 7.86e+01  -6.0 4.10e+02    -  4.62e-04 2.05e-04f  1
 119  2.2120610e+06 8.22e+00 7.85e+01  -6.0 3.90e+02    -  4.95e-04 2.63e-04f  1
iter    objective    inf_pr   inf_du lg(mu)  ||d||  lg(rg) alpha_du alpha_pr  ls
 120  2.2114164e+06 8.21e+00 7.85e+01  -6.0 3.70e+02    -  2.94e-04 2.33e-04f  1
 121  2.2105950e+06 8.21e+00 7.84e+01  -6.0 3.76e+02    -  1.05e-03 3.08e-04f  1
 122  2.2105066e+06 8.21e+00 7.83e+01  -6.0 3.88e+02    -  1.46e-03 3.40e-05f  1
 123  2.2085484e+06 8.21e+00 7.83e+01  -6.0 3.90e+02    -  7.92e-05 7.68e-04f  1
 124  2.2083783e+06 8.20e+00 7.82e+01  -6.0 3.89e+02    -  1.36e-03 7.22e-05f  1
 125  2.2080729e+06 8.20e+00 7.82e+01  -6.0 3.84e+02    -  6.33e-04 1.46e-04f  1
 126  2.2076865e+06 8.20e+00 7.80e+01  -6.0 3.73e+02    -  1.64e-03 1.94e-04f  1
 127  2.2069862e+06 8.20e+00 7.79e+01  -6.0 3.00e+02    -  1.25e-03 3.83e-04f  1
 128  2.2063633e+06 8.20e+00 7.78e+01  -6.0 1.54e+02    -  1.47e-03 4.07e-04f  1
 129  2.2054266e+06 8.19e+00 7.77e+01  -6.0 1.54e+02    -  2.18e-03 6.80e-04f  1
iter    objective    inf_pr   inf_du lg(mu)  ||d||  lg(rg) alpha_du alpha_pr  ls
 130  2.2044404e+06 8.18e+00 7.76e+01  -6.0 1.52e+02    -  6.50e-04 7.77e-04f  1
 131  2.2040672e+06 8.18e+00 7.76e+01  -6.0 1.52e+02    -  1.14e-04 2.99e-04f  1
 132  2.2038817e+06 8.18e+00 7.75e+01  -6.0 1.52e+02    -  8.36e-04 1.51e-04f  1
 133  2.2034917e+06 8.18e+00 7.75e+01  -6.0 1.52e+02    -  2.54e-04 3.34e-04f  1
 134  2.2022076e+06 8.17e+00 7.75e+01  -6.0 1.52e+02    -  3.74e-04 1.15e-03f  1
 135  2.2018531e+06 8.17e+00 7.73e+01  -6.0 1.51e+02    -  1.74e-03 3.21e-04f  1
 136  2.2012828e+06 8.16e+00 7.73e+01  -6.0 1.51e+02    -  9.59e-04 5.47e-04f  1
 137  2.2007924e+06 8.16e+00 7.71e+01  -6.0 1.50e+02    -  1.63e-03 4.84e-04f  1
 138  2.2004816e+06 8.15e+00 7.71e+01  -6.0 1.50e+02    -  5.00e-04 3.27e-04f  1
 139  2.2003037e+06 8.15e+00 7.71e+01  -6.0 1.49e+02    -  4.16e-04 2.11e-04f  1
iter    objective    inf_pr   inf_du lg(mu)  ||d||  lg(rg) alpha_du alpha_pr  ls
 140  2.1998279e+06 8.15e+00 7.63e+01  -6.0 1.48e+02    -  1.01e-02 5.78e-04f  1
 141  2.1994226e+06 8.14e+00 7.63e+01  -6.0 1.30e+02    -  1.56e-05 5.10e-04f  1
 142  2.1983344e+06 8.13e+00 7.62e+01  -6.0 1.27e+02    -  1.01e-03 1.38e-03f  1
 143  2.1982703e+06 8.13e+00 7.61e+01  -6.0 1.17e+02    -  1.61e-03 8.28e-05f  1
 144  2.1978726e+06 8.13e+00 7.61e+01  -6.0 1.15e+02    -  4.60e-04 5.20e-04f  1
 145  2.1974487e+06 8.12e+00 7.61e+01  -6.0 1.12e+02    -  1.66e-04 5.59e-04f  1
 146  2.1969126e+06 8.12e+00 7.60e+01  -6.0 1.06e+02    -  1.40e-03 7.10e-04f  1
 147  2.1966827e+06 8.11e+00 7.60e+01  -6.0 9.62e+01    -  1.63e-05 3.35e-04f  1
 148  2.1965183e+06 8.11e+00 7.59e+01  -6.0 9.61e+01    -  1.06e-03 2.41e-04f  1
 149  2.1957357e+06 8.10e+00 7.59e+01  -6.0 9.61e+01    -  3.06e-05 1.11e-03f  1
iter    objective    inf_pr   inf_du lg(mu)  ||d||  lg(rg) alpha_du alpha_pr  ls
 150  2.1954909e+06 8.10e+00 7.57e+01  -6.0 9.63e+01    -  2.32e-03 3.52e-04f  1
 151  2.1949964e+06 8.09e+00 7.56e+01  -6.0 9.64e+01    -  1.95e-03 7.20e-04f  1
 152  2.1942115e+06 8.09e+00 7.55e+01  -6.0 9.71e+01    -  1.08e-03 1.16e-03f  1
 153  2.1938803e+06 8.08e+00 7.54e+01  -6.0 9.71e+01    -  8.96e-04 4.92e-04f  1
 154  2.1937441e+06 8.08e+00 7.54e+01  -6.0 9.71e+01    -  6.39e-04 2.04e-04f  1
 155  2.1929553e+06 8.07e+00 7.52e+01  -6.0 9.72e+01    -  1.56e-03 1.19e-03f  1
 156  2.1923460e+06 8.06e+00 7.52e+01  -6.0 9.64e+01    -  3.93e-04 9.28e-04f  1
 157  2.1923456e+06 8.06e+00 7.51e+01  -6.0 1.13e+02    -  1.31e-03 7.23e-07f  1
 158  2.1916132e+06 8.05e+00 7.51e+01  -6.0 9.65e+01    -  2.84e-05 1.12e-03f  1
 159  2.1916105e+06 8.05e+00 7.51e+01  -6.0 2.37e+03    -  6.45e-04 4.20e-06f  1
iter    objective    inf_pr   inf_du lg(mu)  ||d||  lg(rg) alpha_du alpha_pr  ls
 160  2.1914506e+06 8.05e+00 7.50e+01  -6.0 9.60e+01    -  3.43e-04 2.50e-04f  1
 161  2.1914424e+06 8.05e+00 7.50e+01  -6.0 1.30e+03    -  3.51e-04 1.30e-05f  1
 162  2.1909505e+06 8.05e+00 7.50e+01  -6.0 9.62e+01    -  6.24e-04 7.84e-04f  1
 163  2.1901951e+06 8.04e+00 7.48e+01  -6.0 9.65e+01    -  2.01e-03 1.21e-03f  1
 164  2.1877699e+06 8.00e+00 7.39e+01  -6.0 9.71e+01    -  1.23e-02 3.93e-03f  1
 165  2.1871398e+06 8.00e+00 7.33e+01  -6.0 9.85e+01    -  8.05e-03 1.06e-03f  1
 166  2.1853587e+06 7.97e+00 7.30e+01  -6.0 1.05e+02    -  4.04e-03 2.99e-03f  1
 167  2.1849683e+06 7.97e+00 7.28e+01  -6.0 1.05e+02    -  3.06e-03 6.66e-04f  1
 168  2.1837427e+06 7.95e+00 7.28e+01  -6.0 1.05e+02    -  4.38e-04 2.11e-03f  1
 169  2.1833126e+06 7.94e+00 7.27e+01  -6.0 1.05e+02    -  2.67e-04 7.41e-04f  1
iter    objective    inf_pr   inf_du lg(mu)  ||d||  lg(rg) alpha_du alpha_pr  ls
 170  2.1831818e+06 7.94e+00 7.27e+01  -6.0 1.06e+02    -  5.72e-04 2.25e-04f  1
 171  2.1825084e+06 7.93e+00 7.26e+01  -6.0 1.06e+02    -  1.20e-03 1.19e-03f  1
 172  2.1818320e+06 7.92e+00 7.25e+01  -6.0 1.06e+02    -  2.03e-03 1.20e-03f  1
 173  2.1818072e+06 7.92e+00 7.20e+01  -6.0 1.08e+02    -  6.11e-03 4.81e-05f  1
 174  2.1811845e+06 7.91e+00 7.17e+01  -6.0 1.08e+02    -  4.94e-03 1.25e-03f  1
 175  2.1801386e+06 7.90e+00 7.15e+01  -6.0 1.08e+02    -  2.01e-03 2.12e-03f  1
 176  2.1797572e+06 7.89e+00 7.11e+01  -6.0 1.06e+02    -  5.84e-03 7.82e-04f  1
 177  2.1795647e+06 7.89e+00 7.10e+01  -6.0 4.23e+01    -  1.09e-03 4.35e-04f  1
 178  2.1795412e+06 7.89e+00 7.08e+01  -6.0 3.87e+01    -  3.79e-03 5.76e-05f  1
 179  2.1779641e+06 7.85e+00 6.93e+01  -6.0 3.87e+01    -  2.16e-02 3.86e-03f  1
iter    objective    inf_pr   inf_du lg(mu)  ||d||  lg(rg) alpha_du alpha_pr  ls
 180  2.1775592e+06 7.85e+00 6.85e+01  -6.0 4.14e+01    -  1.13e-02 9.91e-04f  1
 181  2.1775491e+06 7.85e+00 6.84e+01  -6.0 7.23e+02    -  1.05e-03 2.49e-05f  1
 182  2.1762443e+06 7.82e+00 6.79e+01  -6.0 4.14e+01    -  7.89e-03 3.23e-03f  1
 183  2.1762198e+06 7.82e+00 6.76e+01  -6.0 6.66e+01    -  4.47e-03 6.20e-05f  1
 184  2.1750403e+06 7.80e+00 6.76e+01  -6.0 6.51e+01    -  1.54e-04 2.98e-03f  1
 185  2.1742531e+06 7.78e+00 6.75e+01  -6.0 4.05e+01    -  1.41e-03 2.04e-03f  1
 186  2.1728707e+06 7.75e+00 6.74e+01  -6.0 3.90e+01    -  7.87e-04 3.51e-03f  1
 187  2.1720201e+06 7.74e+00 6.72e+01  -6.0 3.95e+01    -  3.52e-03 2.15e-03f  1
 188  2.1705689e+06 7.71e+00 6.71e+01  -6.0 4.19e+01    -  7.76e-04 3.56e-03f  1
 189  2.1704539e+06 7.71e+00 6.69e+01  -6.0 6.87e+01    -  3.66e-03 2.78e-04f  1
iter    objective    inf_pr   inf_du lg(mu)  ||d||  lg(rg) alpha_du alpha_pr  ls
 190  2.1701541e+06 7.70e+00 6.68e+01  -6.0 6.86e+01    -  7.30e-04 7.37e-04f  1
 191  2.1698816e+06 7.70e+00 6.67e+01  -6.0 6.85e+01    -  1.33e-03 6.84e-04f  1
 192  2.1690686e+06 7.68e+00 6.66e+01  -6.0 6.84e+01    -  1.46e-03 2.07e-03f  1
 193  2.1680380e+06 7.66e+00 6.65e+01  -6.0 6.83e+01    -  2.54e-03 2.63e-03f  1
 194  2.1680061e+06 7.66e+00 6.63e+01  -6.0 6.80e+01    -  2.95e-03 8.23e-05f  1
 195  2.1675124e+06 7.65e+00 6.55e+01  -6.0 6.78e+01    -  1.25e-02 1.28e-03f  1
 196  2.1661889e+06 7.62e+00 6.54e+01  -6.0 6.77e+01    -  1.29e-03 3.48e-03f  1
 197  2.1651185e+06 7.60e+00 6.47e+01  -6.0 6.75e+01    -  9.95e-03 2.86e-03f  1
 198  2.1634173e+06 7.57e+00 6.45e+01  -6.0 5.65e+01    -  3.48e-03 4.59e-03f  1
 199  2.1620590e+06 7.54e+00 6.45e+01  -6.0 5.63e+01    -  6.83e-04 3.72e-03f  1
iter    objective    inf_pr   inf_du lg(mu)  ||d||  lg(rg) alpha_du alpha_pr  ls
 200  2.1618042e+06 7.53e+00 6.41e+01  -6.0 5.61e+01    -  6.19e-03 7.00e-04f  1
 201  2.1613994e+06 7.53e+00 6.38e+01  -6.0 5.62e+01    -  3.76e-03 1.11e-03f  1
 202  2.1612821e+06 7.52e+00 6.37e+01  -6.0 5.62e+01    -  1.59e-03 3.24e-04f  1
 203  2.1608572e+06 7.51e+00 6.30e+01  -6.0 5.58e+01    -  1.12e-02 1.21e-03f  1
 204  2.1602252e+06 7.50e+00 6.28e+01  -6.0 5.88e+01    -  2.97e-03 1.81e-03f  1
 205  2.1590420e+06 7.47e+00 6.27e+01  -6.0 5.97e+01    -  2.32e-03 3.40e-03f  1
 206  2.1579872e+06 7.45e+00 6.25e+01  -6.0 6.03e+01    -  3.61e-03 3.05e-03f  1
 207  2.1570925e+06 7.43e+00 6.10e+01  -6.0 6.07e+01    -  2.38e-02 2.59e-03f  1
 208  2.1568712e+06 7.43e+00 6.09e+01  -6.0 6.57e+01    -  2.44e-03 6.40e-04f  1
 209  2.1554579e+06 7.40e+00 6.08e+01  -6.0 6.52e+01    -  6.75e-04 4.10e-03f  1
iter    objective    inf_pr   inf_du lg(mu)  ||d||  lg(rg) alpha_du alpha_pr  ls
 210  2.1552603e+06 7.39e+00 6.08e+01  -6.0 4.64e+01    -  9.86e-04 6.05e-04f  1
 211  2.1548878e+06 7.38e+00 6.06e+01  -6.0 4.60e+01    -  2.12e-03 1.15e-03f  1
 212  2.1545657e+06 7.38e+00 6.05e+01  -6.0 4.60e+01    -  1.34e-03 9.96e-04f  1
 213  2.1540652e+06 7.37e+00 6.04e+01  -6.0 4.59e+01    -  2.29e-03 1.56e-03f  1
 214  2.1531814e+06 7.35e+00 6.00e+01  -6.0 4.66e+01    -  6.77e-03 2.76e-03f  1
 215  2.1484596e+06 7.24e+00 5.97e+01  -6.0 3.96e+01    -  4.66e-03 1.48e-02f  1
 216  2.1478935e+06 7.22e+00 5.97e+01  -6.0 3.95e+01    -  5.91e-04 1.79e-03f  1
 217  2.1460900e+06 7.18e+00 5.88e+01  -6.0 4.39e+01    -  1.51e-02 5.69e-03f  1
 218  2.1444338e+06 7.14e+00 5.87e+01  -6.0 4.37e+01    -  7.98e-04 5.26e-03f  1
 219  2.1425193e+06 7.10e+00 5.81e+01  -6.0 4.29e+01    -  1.13e-02 6.15e-03f  1
iter    objective    inf_pr   inf_du lg(mu)  ||d||  lg(rg) alpha_du alpha_pr  ls
 220  2.1411344e+06 7.07e+00 5.78e+01  -6.0 4.24e+01    -  4.10e-03 4.48e-03f  1
 221  2.1397144e+06 7.04e+00 5.73e+01  -6.0 4.16e+01    -  9.14e-03 4.65e-03f  1
 222  2.1394720e+06 7.03e+00 5.69e+01  -6.0 4.24e+01    -  6.94e-03 7.92e-04f  1
 223  2.1391047e+06 7.02e+00 5.69e+01  -6.0 3.84e+01    -  8.03e-04 1.21e-03f  1
 224  2.1387908e+06 7.01e+00 5.24e+01  -6.0 3.46e+01    -  8.04e-02 1.05e-03f  1
 225  2.1366963e+06 6.97e+00 5.22e+01  -6.0 3.44e+01    -  3.07e-03 7.00e-03f  1
 226  2.1362261e+06 6.95e+00 5.14e+01  -6.0 3.34e+01    -  1.67e-02 1.60e-03f  1
 227  2.1359652e+06 6.95e+00 5.11e+01  -6.0 2.06e+01    -  4.89e-03 8.99e-04f  1
 228  2.1331979e+06 6.88e+00 5.11e+01  -6.0 1.93e+01    -  9.93e-04 9.63e-03f  1
 229  2.1326347e+06 6.87e+00 4.80e+01  -6.0 1.92e+01    -  6.12e-02 1.98e-03f  1
iter    objective    inf_pr   inf_du lg(mu)  ||d||  lg(rg) alpha_du alpha_pr  ls
 230  2.1304396e+06 6.81e+00 4.73e+01  -6.0 1.74e+01    -  1.41e-02 7.74e-03f  1
 231  2.1285264e+06 6.77e+00 4.70e+01  -6.0 1.74e+01    -  7.93e-03 6.81e-03f  1
 232  2.1273340e+06 6.74e+00 4.50e+01  -6.0 1.78e+01    -  4.25e-02 4.30e-03f  1
 233  2.1252644e+06 6.69e+00 4.43e+01  -6.0 1.33e+01    -  1.51e-02 7.48e-03f  1
 234  2.1240012e+06 6.66e+00 4.39e+01  -6.0 1.35e+01    -  9.91e-03 4.66e-03f  1
 235  2.1220363e+06 6.61e+00 4.35e+01  -6.0 1.39e+01    -  8.47e-03 7.32e-03f  1
 236  2.1208189e+06 6.58e+00 4.26e+01  -6.0 1.37e+01    -  2.18e-02 4.58e-03f  1
 237  2.1163818e+06 6.47e+00 4.16e+01  -6.0 1.79e+01    -  2.25e-02 1.68e-02f  1
 238  2.1162352e+06 6.46e+00 4.10e+01  -6.0 1.74e+01    -  1.70e-02 5.66e-04f  1
 239  2.1149974e+06 6.43e+00 3.51e+01  -6.0 1.74e+01    -  1.47e-01 4.78e-03f  1
iter    objective    inf_pr   inf_du lg(mu)  ||d||  lg(rg) alpha_du alpha_pr  ls
 240  2.1119893e+06 6.36e+00 3.46e+01  -6.0 1.76e+01    -  1.48e-02 1.20e-02f  1
 241  2.1099362e+06 6.30e+00 3.34e+01  -6.0 1.74e+01    -  3.52e-02 8.23e-03f  1
 242  2.1071822e+06 6.23e+00 3.34e+01  -6.0 1.74e+01    -  2.43e-06 1.10e-02f  1
 243  2.1071487e+06 6.23e+00 3.29e+01  -6.0 1.79e+01    -  1.54e-02 1.38e-04f  1
 244  2.1030568e+06 6.13e+00 3.24e+01  -6.0 1.77e+01    -  1.53e-02 1.68e-02f  1
 245  2.1005853e+06 6.07e+00 3.22e+01  -6.0 2.03e+01    -  5.60e-03 1.04e-02f  1
 246  2.0999605e+06 6.05e+00 3.19e+01  -6.0 2.02e+01    -  7.97e-03 2.67e-03f  1
 247  2.0980694e+06 6.00e+00 3.18e+01  -6.0 2.18e+01    -  3.09e-03 8.10e-03f  1
 248  2.0973446e+06 5.98e+00 3.15e+01  -6.0 2.15e+01    -  1.07e-02 3.13e-03f  1
 249  2.0963843e+06 5.96e+00 3.12e+01  -6.0 1.96e+01    -  9.67e-03 4.16e-03f  1
iter    objective    inf_pr   inf_du lg(mu)  ||d||  lg(rg) alpha_du alpha_pr  ls
 250  2.0926952e+06 5.86e+00 3.10e+01  -6.0 1.79e+01    -  4.43e-03 1.62e-02f  1
 251  2.0920806e+06 5.84e+00 3.05e+01  -6.0 1.94e+01    -  1.65e-02 2.75e-03f  1
 252  2.0893118e+06 5.77e+00 3.01e+01  -6.0 2.00e+01    -  1.58e-02 1.25e-02f  1
 253  2.0858593e+06 5.68e+00 2.99e+01  -6.0 1.98e+01    -  5.33e-03 1.58e-02f  1
 254  2.0845870e+06 5.65e+00 2.79e+01  -6.0 1.80e+01    -  6.69e-02 5.91e-03f  1
 255  2.0836095e+06 5.62e+00 2.79e+01  -6.0 1.94e+01    -  3.86e-04 4.59e-03f  1
 256  2.0835179e+06 5.62e+00 2.79e+01  -6.0 2.40e+01    -  2.03e-03 4.33e-04f  1
 257  2.0793647e+06 5.51e+00 2.78e+01  -6.0 1.85e+01    -  2.45e-04 1.96e-02f  1
 258  2.0787829e+06 5.49e+00 2.75e+01  -6.0 2.42e+01    -  1.45e-02 2.80e-03f  1
 259  2.0787411e+06 5.49e+00 2.72e+01  -6.0 2.68e+01    -  1.10e-02 2.03e-04f  1
iter    objective    inf_pr   inf_du lg(mu)  ||d||  lg(rg) alpha_du alpha_pr  ls
 260  2.0767556e+06 5.44e+00 2.69e+01  -6.0 2.78e+01    -  9.42e-03 9.66e-03f  1
 261  2.0644029e+06 5.11e+00 2.60e+01  -6.0 3.37e+01    -  3.43e-02 6.03e-02f  1
 262  2.0635590e+06 5.09e+00 2.54e+01  -6.0 3.07e+01    -  2.17e-02 4.40e-03f  1
 263  2.0610534e+06 5.02e+00 2.52e+01  -6.0 2.13e+01    -  6.80e-03 1.32e-02f  1
 264  2.0603731e+06 5.00e+00 2.51e+01  -6.0 1.43e+01    -  5.04e-03 3.63e-03f  1
 265  2.0595082e+06 4.98e+00 2.50e+01  -6.0 2.31e+01    -  2.92e-03 4.66e-03f  1
 266  2.0589537e+06 4.96e+00 2.49e+01  -6.0 2.23e+01    -  5.14e-03 3.00e-03f  1
 267  2.0584354e+06 4.95e+00 2.48e+01  -6.0 2.25e+01    -  5.93e-03 2.82e-03f  1
 268  2.0552849e+06 4.87e+00 2.41e+01  -6.0 2.27e+01    -  2.62e-02 1.71e-02f  1
 269  2.0533082e+06 4.81e+00 2.38e+01  -6.0 2.09e+01    -  1.12e-02 1.09e-02f  1
iter    objective    inf_pr   inf_du lg(mu)  ||d||  lg(rg) alpha_du alpha_pr  ls
 270  2.0528318e+06 4.80e+00 2.36e+01  -6.0 2.00e+01    -  1.13e-02 2.67e-03f  1
 271  2.0514672e+06 4.76e+00 2.35e+01  -6.0 2.05e+01    -  2.52e-03 7.67e-03f  1
 272  2.0510194e+06 4.75e+00 2.34e+01  -6.0 2.59e+01    -  4.36e-03 2.54e-03f  1
 273  2.0490703e+06 4.70e+00 2.25e+01  -6.0 2.08e+01    -  3.90e-02 1.11e-02f  1
 274  2.0487711e+06 4.69e+00 2.23e+01  -6.0 2.07e+01    -  1.11e-02 1.72e-03f  1
 275  2.0476091e+06 4.66e+00 2.22e+01  -6.0 2.43e+01    -  2.86e-03 6.71e-03f  1
 276  2.0468981e+06 4.64e+00 2.21e+01  -6.0 2.44e+01    -  5.90e-03 4.13e-03f  1
 277  2.0447172e+06 4.58e+00 2.20e+01  -6.0 2.01e+01    -  1.94e-03 1.27e-02f  1
 278  2.0416761e+06 4.50e+00 2.17e+01  -6.0 1.77e+01    -  1.44e-02 1.79e-02f  1
 279  2.0396296e+06 4.44e+00 2.16e+01  -6.0 1.71e+01    -  5.86e-03 1.23e-02f  1
iter    objective    inf_pr   inf_du lg(mu)  ||d||  lg(rg) alpha_du alpha_pr  ls
 280  2.0384867e+06 4.41e+00 2.13e+01  -6.0 1.67e+01    -  1.29e-02 6.92e-03f  1
 281  2.0345419e+06 4.31e+00 2.11e+01  -6.0 1.66e+01    -  8.33e-03 2.40e-02f  1
 282  2.0298633e+06 4.18e+00 2.05e+01  -6.0 1.62e+01    -  3.02e-02 2.92e-02f  1
 283  2.0290700e+06 4.16e+00 1.96e+01  -6.0 1.65e+01    -  4.60e-02 5.14e-03f  1
 284  2.0272887e+06 4.11e+00 1.94e+01  -6.0 1.59e+01    -  1.01e-02 1.15e-02f  1
 285  2.0256409e+06 4.07e+00 1.91e+01  -6.0 1.44e+01    -  1.26e-02 1.08e-02f  1
 286  2.0253368e+06 4.06e+00 1.82e+01  -6.0 1.57e+01    -  5.04e-02 2.01e-03f  1
 287  2.0240030e+06 4.02e+00 1.77e+01  -6.0 1.50e+01    -  2.69e-02 8.86e-03f  1
 288  2.0216592e+06 3.96e+00 1.76e+01  -6.0 1.77e+01    -  5.95e-03 1.57e-02f  1
 289  2.0215947e+06 3.96e+00 1.72e+01  -6.0 2.08e+01    -  2.13e-02 4.40e-04f  1
iter    objective    inf_pr   inf_du lg(mu)  ||d||  lg(rg) alpha_du alpha_pr  ls
 290  2.0215767e+06 3.96e+00 1.72e+01  -6.0 2.14e+01    -  1.03e-03 1.23e-04f  1
 291  2.0203056e+06 3.92e+00 1.71e+01  -6.0 2.14e+01    -  2.22e-03 8.67e-03f  1
 292  2.0195301e+06 3.90e+00 1.71e+01  -6.0 2.07e+01    -  4.01e-04 5.34e-03f  1
 293  2.0158492e+06 3.80e+00 1.70e+01  -6.0 2.00e+01    -  7.71e-03 2.55e-02f  1
 294  2.0143185e+06 3.76e+00 1.67e+01  -6.0 1.94e+01    -  1.73e-02 1.09e-02f  1
 295  2.0133123e+06 3.73e+00 1.66e+01  -6.0 1.91e+01    -  4.88e-03 7.26e-03f  1
 296  2.0123798e+06 3.71e+00 1.65e+01  -6.0 1.79e+01    -  8.93e-03 6.76e-03f  1
 297  2.0122129e+06 3.70e+00 1.64e+01  -6.0 6.29e+01    -  4.97e-03 1.23e-03f  1
 298  2.0115258e+06 3.68e+00 1.60e+01  -6.0 2.71e+01    -  2.29e-02 5.05e-03f  1
 299  2.0106366e+06 3.66e+00 1.58e+01  -6.0 2.69e+01    -  1.51e-02 6.58e-03f  1
iter    objective    inf_pr   inf_du lg(mu)  ||d||  lg(rg) alpha_du alpha_pr  ls
 300  2.0082340e+06 3.59e+00 1.56e+01  -6.0 2.66e+01    -  9.56e-03 1.79e-02f  1

Number of Iterations....: 300

                                   (scaled)                 (unscaled)
Objective...............:   1.4247099180798483e+04    2.0082339868319882e+06
Dual infeasibility......:   1.5605168081345075e+01    2.1996638412835496e+03
Constraint violation....:   1.3889643813908614e+00    3.5944201444489439e+00
Variable bound violation:   7.0004668728529396e-08    7.0004668728529396e-08
Complementarity.........:   1.3710741744222557e-01    1.9326304397833677e+01
Overall NLP error.......:   1.5605168081345075e+01    2.1996638412835496e+03


Number of objective function evaluations             = 301
Number of objective gradient evaluations             = 301
Number of equality constraint evaluations            = 301
Number of inequality constraint evaluations          = 302
Number of equality constraint Jacobian evaluations   = 301
Number of inequality constraint Jacobian evaluations = 301
Number of Lagrangian Hessian evaluations             = 300
Total seconds in IPOPT                               = 81.298

EXIT: Maximum Number of Iterations Exceeded.

