Solver command line: ['/opt/homebrew/bin/ipopt', '/var/folders/6y/bvynbx6n3zv7z3lwg6vd724r0000gn/T/tmpoyrjdexf.pyomo.nl', '-AMPL', 'tol=1e-06', 'max_iter=300', 'print_level=5']

Ipopt 3.14.19: tol=1e-06
max_iter=300
print_level=5


******************************************************************************
This program contains Ipopt, a library for large-scale nonlinear optimization.
 Ipopt is released as open source code under the Eclipse Public License (EPL).
         For more information visit https://github.com/coin-or/Ipopt
******************************************************************************

This is Ipopt version 3.14.19, running with linear solver MUMPS 5.6.2.

Number of nonzeros in equality constraint Jacobian...:   110041
Number of nonzeros in inequality constraint Jacobian.:    92152
Number of nonzeros in Lagrangian Hessian.............:    61684

Total number of variables............................:    16016
                     variables with only lower bounds:        0
                variables with lower and upper bounds:    16016
                     variables with only upper bounds:        0
Total number of equality constraints.................:    14673
Total number of inequality constraints...............:    23038
        inequality constraints with only lower bounds:        0
   inequality constraints with lower and upper bounds:        0
        inequality constraints with only upper bounds:    23038

iter    objective    inf_pr   inf_du lg(mu)  ||d||  lg(rg) alpha_du alpha_pr  ls
   0  2.5657086e+06 8.36e+00 1.00e+02  -1.0 0.00e+00    -  0.00e+00 0.00e+00   0
   1  2.4465662e+06 8.14e+00 9.77e+01  -1.0 5.66e+01    -  2.14e-02 2.66e-02f  1
   2  2.3877216e+06 7.95e+00 8.93e+01  -1.0 1.78e+01    -  1.04e-01 2.36e-02f  1
   3  2.2529110e+06 7.08e+00 7.56e+01  -1.0 1.21e+01    -  1.68e-01 1.07e-01f  1
   4  2.1348818e+06 5.62e+00 5.20e+01  -1.0 5.42e+00    -  3.45e-01 2.03e-01f  1
   5  2.0561740e+06 4.08e+00 3.50e+01  -1.0 3.63e+00    -  3.47e-01 2.73e-01f  1
   6  1.9989729e+06 2.77e+00 2.39e+01  -1.0 3.87e+00    -  3.13e-01 3.24e-01f  1
   7  1.9713112e+06 2.08e+00 1.78e+01  -1.0 3.76e+00    -  2.56e-01 2.51e-01f  1
   8  1.9338421e+06 1.11e+00 2.70e+01  -1.0 4.16e+00    -  3.41e-01 4.72e-01f  1
   9  1.9156866e+06 6.13e-01 1.29e+01  -1.0 1.73e+00    -  3.57e-01 4.53e-01f  1
iter    objective    inf_pr   inf_du lg(mu)  ||d||  lg(rg) alpha_du alpha_pr  ls
  10  1.8991433e+06 1.43e-01 2.51e+00  -1.0 1.87e+00    -  6.12e-01 7.73e-01f  1
  11  1.8944769e+06 2.25e-03 2.80e+00  -1.0 9.59e-01    -  1.00e+00 1.00e+00f  1
  12  1.8944850e+06 2.87e-04 1.85e-01  -1.0 2.89e-01    -  1.00e+00 1.00e+00h  1
  13  1.8905919e+06 2.36e-03 5.99e+00  -2.5 6.54e-01    -  6.34e-01 4.68e-01f  1
  14  1.8871969e+06 9.87e-03 1.07e+01  -2.5 1.07e+00    -  3.83e-01 6.60e-01f  1
  15  1.8857411e+06 5.47e-03 5.66e+00  -2.5 7.35e-01    -  5.08e-01 6.57e-01f  1
  16  1.8845934e+06 9.06e-03 1.67e+00  -2.5 7.04e-01    -  8.32e-01 8.47e-01f  1
  17  1.8834658e+06 2.97e-02 1.49e+00  -2.5 8.78e-01    -  1.00e+00 9.75e-01f  1
  18  1.8833220e+06 5.20e-03 1.37e-01  -2.5 7.24e-01    -  1.00e+00 1.00e+00h  1
  19  1.8833242e+06 8.46e-04 2.95e-03  -2.5 2.03e-01    -  1.00e+00 1.00e+00h  1
iter    objective    inf_pr   inf_du lg(mu)  ||d||  lg(rg) alpha_du alpha_pr  ls
  20  1.8830313e+06 1.85e-03 2.99e+00  -3.8 1.19e+00    -  7.25e-01 2.68e-01f  1
  21  1.8828169e+06 2.67e-03 4.53e+00  -3.8 1.52e+00    -  5.63e-01 2.38e-01f  1
  22  1.8827305e+06 2.48e-03 8.28e+00  -3.8 1.49e+00    -  9.25e-01 1.46e-01f  1
  23  1.8825414e+06 7.35e-03 9.42e+00  -3.8 1.41e+00    -  1.00e+00 4.24e-01f  1
  24  1.8825067e+06 5.82e-03 7.55e+00  -3.8 4.48e-01    -  4.17e-01 2.09e-01h  1
  25  1.8824585e+06 3.33e-03 4.56e+00  -3.8 3.54e-01    -  1.00e+00 4.27e-01h  1
  26  1.8824307e+06 1.50e-03 5.60e+00  -3.8 2.12e-01    -  1.00e+00 5.50e-01h  1
  27  1.8824119e+06 8.98e-05 1.73e-02  -3.8 1.05e-01    -  1.00e+00 1.00e+00h  1
  28  1.8824126e+06 6.19e-06 1.23e-05  -3.8 2.86e-02    -  1.00e+00 1.00e+00h  1
  29  1.8824009e+06 7.05e-05 9.14e-01  -5.7 3.08e-01    -  7.53e-01 4.94e-01f  1
iter    objective    inf_pr   inf_du lg(mu)  ||d||  lg(rg) alpha_du alpha_pr  ls
  30  1.8823935e+06 1.12e-04 8.04e-01  -5.7 4.04e-01    -  8.93e-01 6.78e-01h  1
  31  1.8823913e+06 6.54e-05 3.93e-01  -5.7 1.90e-01    -  1.00e+00 7.11e-01h  1
  32  1.8823905e+06 1.57e-05 2.95e-02  -5.7 7.12e-02    -  1.00e+00 9.33e-01h  1
  33  1.8823905e+06 1.18e-05 2.95e-01  -5.7 1.16e-02    -  1.00e+00 2.50e-01f  3
  34  1.8823905e+06 4.10e-07 3.85e-06  -5.7 8.78e-03    -  1.00e+00 1.00e+00h  1
  35  1.8823903e+06 9.54e-07 3.35e-02  -7.2 1.43e-02    -  1.00e+00 8.92e-01h  1
  36  1.8823902e+06 1.80e-07 1.16e-06  -7.2 2.97e-03    -  1.00e+00 1.00e+00f  1
  37  1.8823902e+06 6.15e-09 4.07e-08  -7.2 6.31e-04    -  1.00e+00 1.00e+00h  1

Number of Iterations....: 37

                                   (scaled)                 (unscaled)
Objective...............:   1.3354320499891457e+04    1.8823902296597976e+06
Dual infeasibility......:   4.0682345937327613e-08    5.7344775058145331e-06
Constraint violation....:   1.4178373733485119e-09    6.1531397754777117e-09
Variable bound violation:   1.3115896457804865e-07    1.3115896457804865e-07
Complementarity.........:   8.1129858304723822e-08    1.1435853483352987e-05
Overall NLP error.......:   8.1129858304723822e-08    1.1435853483352987e-05


Number of objective function evaluations             = 40
Number of objective gradient evaluations             = 38
Number of equality constraint evaluations            = 40
Number of inequality constraint evaluations          = 40
Number of equality constraint Jacobian evaluations   = 38
Number of inequality constraint Jacobian evaluations = 38
Number of Lagrangian Hessian evaluations             = 37
Total seconds in IPOPT                               = 9.827

EXIT: Optimal Solution Found.

