Solver command line: ['/opt/homebrew/bin/ipopt', '/var/folders/6y/bvynbx6n3zv7z3lwg6vd724r0000gn/T/tmpuabso7hd.pyomo.nl', '-AMPL', 'tol=1e-06', 'max_iter=300', 'print_level=5']

Ipopt 3.14.19: tol=1e-06
max_iter=300
print_level=5


******************************************************************************
This program contains Ipopt, a library for large-scale nonlinear optimization.
 Ipopt is released as open source code under the Eclipse Public License (EPL).
         For more information visit https://github.com/coin-or/Ipopt
******************************************************************************

This is Ipopt version 3.14.19, running with linear solver MUMPS 5.6.2.

Number of nonzeros in equality constraint Jacobian...:   110041
Number of nonzeros in inequality constraint Jacobian.:    92152
Number of nonzeros in Lagrangian Hessian.............:    61684

Total number of variables............................:    16016
                     variables with only lower bounds:        0
                variables with lower and upper bounds:    16016
                     variables with only upper bounds:        0
Total number of equality constraints.................:    14673
Total number of inequality constraints...............:    23038
        inequality constraints with only lower bounds:        0
   inequality constraints with lower and upper bounds:        0
        inequality constraints with only upper bounds:    23038

iter    objective    inf_pr   inf_du lg(mu)  ||d||  lg(rg) alpha_du alpha_pr  ls
   0  1.8908442e+06 1.31e+01 1.00e+02  -1.0 0.00e+00    -  0.00e+00 0.00e+00   0
   1  1.8901271e+06 1.29e+01 5.61e+01  -1.0 4.39e+00    -  5.42e-01 1.39e-02f  1
   2  1.8906867e+06 6.07e+00 5.14e+01  -1.0 3.30e+00    -  4.43e-01 5.11e-01f  1
   3  1.8929884e+06 7.87e-01 6.73e+01  -1.0 2.67e+00    -  4.96e-01 8.50e-01h  1
   4  1.8935121e+06 4.04e-01 4.76e+01  -1.0 1.99e+00    -  7.49e-01 4.46e-01h  1
   5  1.8943464e+06 3.60e-02 3.01e+01  -1.0 1.19e+00    -  9.98e-01 9.05e-01h  1
   6  1.8944781e+06 1.95e-03 2.92e+00  -1.0 5.71e-01    -  1.00e+00 1.00e+00h  1
   7  1.8944839e+06 1.34e-05 4.47e-02  -1.0 5.21e-02    -  1.00e+00 1.00e+00h  1
   8  1.8905801e+06 2.35e-03 6.12e+00  -2.5 9.44e-01    -  6.37e-01 4.70e-01f  1
   9  1.8872310e+06 9.55e-03 1.06e+01  -2.5 1.09e+00    -  5.56e-01 6.52e-01f  1
iter    objective    inf_pr   inf_du lg(mu)  ||d||  lg(rg) alpha_du alpha_pr  ls
  10  1.8856111e+06 5.84e-03 5.67e+00  -2.5 8.68e-01    -  5.56e-01 6.66e-01f  1
  11  1.8845042e+06 1.06e-02 2.36e+00  -2.5 7.59e-01    -  7.87e-01 7.34e-01f  1
  12  1.8834757e+06 2.49e-02 1.16e+00  -2.5 8.46e-01    -  1.00e+00 9.25e-01f  1
  13  1.8833216e+06 4.74e-03 1.08e-01  -2.5 6.89e-01    -  1.00e+00 1.00e+00h  1
  14  1.8833240e+06 7.54e-04 1.38e-03  -2.5 1.92e-01    -  1.00e+00 1.00e+00h  1
  15  1.8830309e+06 1.85e-03 3.02e+00  -3.8 1.20e+00    -  7.25e-01 2.68e-01f  1
  16  1.8828169e+06 2.67e-03 4.54e+00  -3.8 1.52e+00    -  5.64e-01 2.38e-01f  1
  17  1.8827303e+06 2.48e-03 8.28e+00  -3.8 1.49e+00    -  9.25e-01 1.47e-01f  1
  18  1.8825413e+06 7.35e-03 9.42e+00  -3.8 1.40e+00    -  1.00e+00 4.24e-01f  1
  19  1.8825066e+06 5.82e-03 7.55e+00  -3.8 4.56e-01    -  4.17e-01 2.09e-01h  1
iter    objective    inf_pr   inf_du lg(mu)  ||d||  lg(rg) alpha_du alpha_pr  ls
  20  1.8824585e+06 3.32e-03 4.56e+00  -3.8 3.54e-01    -  1.00e+00 4.27e-01h  1
  21  1.8824307e+06 1.50e-03 5.60e+00  -3.8 2.12e-01    -  1.00e+00 5.50e-01h  1
  22  1.8824119e+06 8.98e-05 1.73e-02  -3.8 1.05e-01    -  1.00e+00 1.00e+00h  1
  23  1.8824126e+06 6.18e-06 1.23e-05  -3.8 2.85e-02    -  1.00e+00 1.00e+00h  1
  24  1.8824009e+06 7.05e-05 9.14e-01  -5.7 3.08e-01    -  7.53e-01 4.94e-01f  1
  25  1.8823935e+06 1.12e-04 8.04e-01  -5.7 4.04e-01    -  8.93e-01 6.78e-01h  1
  26  1.8823913e+06 6.54e-05 3.93e-01  -5.7 1.90e-01    -  1.00e+00 7.11e-01h  1
  27  1.8823905e+06 1.57e-05 2.95e-02  -5.7 7.12e-02    -  1.00e+00 9.33e-01h  1
  28  1.8823905e+06 1.18e-05 2.95e-01  -5.7 1.16e-02    -  1.00e+00 2.50e-01h  3
  29  1.8823905e+06 4.10e-07 3.85e-06  -5.7 8.78e-03    -  1.00e+00 1.00e+00h  1
iter    objective    inf_pr   inf_du lg(mu)  ||d||  lg(rg) alpha_du alpha_pr  ls
  30  1.8823903e+06 9.54e-07 3.35e-02  -7.2 1.43e-02    -  1.00e+00 8.92e-01h  1
  31  1.8823902e+06 1.80e-07 1.16e-06  -7.2 2.97e-03    -  1.00e+00 1.00e+00f  1
  32  1.8823902e+06 6.15e-09 4.07e-08  -7.2 6.31e-04    -  1.00e+00 1.00e+00h  1

Number of Iterations....: 32

                                   (scaled)                 (unscaled)
Objective...............:   1.3354320499891443e+04    1.8823902296597955e+06
Dual infeasibility......:   4.0682697385581792e-08    5.7345270450449195e-06
Constraint violation....:   1.4365591216591866e-09    6.1526770345210480e-09
Variable bound violation:   1.3115896457804865e-07    1.3115896457804865e-07
Complementarity.........:   8.1129907305105720e-08    1.1435860390319173e-05
Overall NLP error.......:   8.1129907305105720e-08    1.1435860390319173e-05


Number of objective function evaluations             = 35
Number of objective gradient evaluations             = 33
Number of equality constraint evaluations            = 35
Number of inequality constraint evaluations          = 35
Number of equality constraint Jacobian evaluations   = 33
Number of inequality constraint Jacobian evaluations = 33
Number of Lagrangian Hessian evaluations             = 32
Total seconds in IPOPT                               = 8.534

EXIT: Optimal Solution Found.

