Solver command line: ['/opt/homebrew/bin/ipopt', '/var/folders/6y/bvynbx6n3zv7z3lwg6vd724r0000gn/T/tmpxdt6jf0o.pyomo.nl', '-AMPL', 'tol=1e-06', 'max_iter=300', 'print_level=5', 'warm_start_init_point=yes', 'warm_start_bound_push=1e-06', 'warm_start_bound_frac=1e-06', 'warm_start_mult_bound_push=1e-06', 'mu_init=1e-06', 'least_square_init_duals=no']

Ipopt 3.14.19: tol=1e-06
max_iter=300
print_level=5
warm_start_init_point=yes
warm_start_bound_push=1e-06
warm_start_bound_frac=1e-06
warm_start_mult_bound_push=1e-06
mu_init=1e-06
least_square_init_duals=no


******************************************************************************
This program contains Ipopt, a library for large-scale nonlinear optimization.
 Ipopt is released as open source code under the Eclipse Public License (EPL).
         For more information visit https://github.com/coin-or/Ipopt
******************************************************************************

This is Ipopt version 3.14.19, running with linear solver MUMPS 5.6.2.

Number of nonzeros in equality constraint Jacobian...:   110041
Number of nonzeros in inequality constraint Jacobian.:    92152
Number of nonzeros in Lagrangian Hessian.............:    61684

Total number of variables............................:    16016
                     variables with only lower bounds:        0
                variables with lower and upper bounds:    16016
                     variables with only upper bounds:        0
Total number of equality constraints.................:    14673
Total number of inequality constraints...............:    23038
        inequality constraints with only lower bounds:        0
   inequality constraints with lower and upper bounds:        0
        inequality constraints with only upper bounds:    23038

iter    objective    inf_pr   inf_du lg(mu)  ||d||  lg(rg) alpha_du alpha_pr  ls
   0  2.5657086e+06 8.28e+00 8.01e+01  -6.0 0.00e+00    -  0.00e+00 0.00e+00   0
   1  2.4956925e+06 8.28e+00 8.01e+01  -6.0 3.86e+07    -  2.91e-08 2.91e-08f  1
   2  2.4552857e+06 8.28e+00 8.01e+01  -6.0 1.88e+07    -  1.13e-07 2.73e-08f  1
   3  2.3967049e+06 8.28e+00 8.01e+01  -6.0 9.66e+06    -  1.60e-07 1.09e-07f  1
   4  2.3706640e+06 8.28e+00 8.01e+01  -6.0 3.45e+06    -  5.97e-07 1.43e-07f  1
   5  2.3394908e+06 8.28e+00 8.01e+01  -6.0 1.54e+06    -  1.18e-06 6.24e-07f  1
   6  2.3329354e+06 8.28e+00 8.01e+01  -6.0 7.61e+05    -  9.80e-07 7.89e-07f  1
   7  2.3306161e+06 8.28e+00 8.01e+01  -6.0 4.92e+05    -  8.50e-07 6.12e-07f  1
   8  2.3262825e+06 8.28e+00 8.01e+01  -6.0 3.54e+05    -  2.99e-07 1.74e-06f  1
   9  2.3237961e+06 8.28e+00 8.01e+01  -6.0 2.15e+05    -  4.14e-06 1.76e-06f  1
iter    objective    inf_pr   inf_du lg(mu)  ||d||  lg(rg) alpha_du alpha_pr  ls
  10  2.3212335e+06 8.28e+00 8.01e+01  -6.0 7.84e+04    -  4.24e-06 4.20e-06f  1
  11  2.3192167e+06 8.28e+00 8.01e+01  -6.0 3.08e+04    -  7.09e-06 5.23e-06f  1
  12  2.3171066e+06 8.28e+00 8.01e+01  -6.0 2.50e+04    -  4.35e-06 6.80e-06f  1
  13  2.3152652e+06 8.28e+00 8.01e+01  -6.0 2.47e+04    -  5.10e-06 6.54e-06f  1
  14  2.3148982e+06 8.28e+00 8.01e+01  -6.0 1.79e+04    -  2.46e-05 1.49e-06f  1
  15  2.3135868e+06 8.28e+00 8.01e+01  -6.0 1.60e+04    -  2.28e-05 5.58e-06f  1
  16  2.3108824e+06 8.28e+00 8.01e+01  -6.0 1.30e+04    -  3.53e-05 1.19e-05f  1
  17  2.3102603e+06 8.28e+00 8.01e+01  -6.0 1.08e+04    -  4.61e-05 2.92e-06f  1
  18  2.3084755e+06 8.28e+00 8.01e+01  -6.0 1.07e+04    -  6.71e-06 9.23e-06f  1
  19  2.3074427e+06 8.28e+00 8.01e+01  -6.0 1.06e+04    -  5.29e-05 5.58e-06f  1
iter    objective    inf_pr   inf_du lg(mu)  ||d||  lg(rg) alpha_du alpha_pr  ls
  20  2.3052998e+06 8.28e+00 8.01e+01  -6.0 1.00e+04    -  6.68e-06 1.43e-05f  1
  21  2.3045111e+06 8.28e+00 8.01e+01  -6.0 9.03e+03    -  9.62e-06 6.16e-06f  1
  22  2.3037810e+06 8.28e+00 8.01e+01  -6.0 7.33e+03    -  7.65e-05 6.21e-06f  1
  23  2.3021321e+06 8.28e+00 8.01e+01  -6.0 2.97e+03    -  7.28e-06 1.84e-05f  1
  24  2.3005127e+06 8.28e+00 8.00e+01  -6.0 2.97e+03    -  1.15e-04 1.90e-05f  1
  25  2.2999866e+06 8.28e+00 8.00e+01  -6.0 2.97e+03    -  2.29e-05 7.18e-06f  1
  26  2.2984740e+06 8.28e+00 8.00e+01  -6.0 2.96e+03    -  1.28e-06 2.19e-05f  1
  27  2.2979650e+06 8.28e+00 8.00e+01  -6.0 2.96e+03    -  1.79e-05 7.80e-06f  1
  28  2.2970077e+06 8.28e+00 8.00e+01  -6.0 2.96e+03    -  2.63e-05 1.51e-05f  1
  29  2.2954457e+06 8.28e+00 8.00e+01  -6.0 2.96e+03    -  1.98e-05 2.54e-05f  1
iter    objective    inf_pr   inf_du lg(mu)  ||d||  lg(rg) alpha_du alpha_pr  ls
  30  2.2951319e+06 8.28e+00 8.00e+01  -6.0 2.96e+03    -  2.91e-05 5.20e-06f  1
  31  2.2937455e+06 8.28e+00 8.00e+01  -6.0 2.96e+03    -  6.39e-05 2.35e-05f  1
  32  2.2903494e+06 8.28e+00 8.00e+01  -6.0 2.96e+03    -  6.51e-05 5.90e-05f  1
  33  2.2897369e+06 8.28e+00 8.00e+01  -6.0 2.96e+03    -  8.17e-05 1.11e-05f  1
  34  2.2887180e+06 8.28e+00 8.00e+01  -6.0 2.96e+03    -  2.02e-05 1.85e-05f  1
  35  2.2866154e+06 8.28e+00 8.00e+01  -6.0 2.96e+03    -  4.24e-05 3.87e-05f  1
  36  2.2858874e+06 8.28e+00 8.00e+01  -6.0 2.96e+03    -  4.10e-05 1.37e-05f  1
  37  2.2852522e+06 8.28e+00 8.00e+01  -6.0 2.96e+03    -  1.04e-04 1.21e-05f  1
  38  2.2835379e+06 8.28e+00 8.00e+01  -6.0 2.95e+03    -  1.25e-05 3.36e-05f  1
  39  2.2828954e+06 8.28e+00 8.00e+01  -6.0 2.95e+03    -  4.58e-05 1.31e-05f  1
iter    objective    inf_pr   inf_du lg(mu)  ||d||  lg(rg) alpha_du alpha_pr  ls
  40  2.2822770e+06 8.28e+00 8.00e+01  -6.0 2.95e+03    -  5.80e-05 1.30e-05f  1
  41  2.2787474e+06 8.28e+00 8.00e+01  -6.0 2.95e+03    -  1.45e-05 7.58e-05f  1
  42  2.2785702e+06 8.28e+00 8.00e+01  -6.0 2.94e+03    -  9.12e-05 3.86e-06f  1
  43  2.2779243e+06 8.28e+00 8.00e+01  -6.0 2.92e+03    -  8.77e-05 1.43e-05f  1
  44  2.2760403e+06 8.28e+00 8.00e+01  -6.0 2.87e+03    -  3.92e-05 4.28e-05f  1
  45  2.2747462e+06 8.28e+00 8.00e+01  -6.0 2.41e+03    -  7.67e-05 3.06e-05f  1
  46  2.2742315e+06 8.28e+00 8.00e+01  -6.0 1.61e+03    -  4.15e-05 1.33e-05f  1
  47  2.2737238e+06 8.28e+00 7.99e+01  -6.0 1.23e+03    -  1.52e-04 1.37e-05f  1
  48  2.2717894e+06 8.28e+00 7.99e+01  -6.0 1.20e+03    -  1.39e-05 5.52e-05f  1
  49  2.2713572e+06 8.28e+00 7.99e+01  -6.0 1.18e+03    -  5.85e-05 1.26e-05f  1
iter    objective    inf_pr   inf_du lg(mu)  ||d||  lg(rg) alpha_du alpha_pr  ls
  50  2.2710931e+06 8.28e+00 7.99e+01  -6.0 1.17e+03    -  1.67e-05 8.01e-06f  1
  51  2.2702301e+06 8.27e+00 7.99e+01  -6.0 1.17e+03    -  1.74e-05 2.79e-05f  1
  52  2.2696513e+06 8.27e+00 7.99e+01  -6.0 1.17e+03    -  4.45e-05 2.07e-05f  1
  53  2.2691420e+06 8.27e+00 7.99e+01  -6.0 1.16e+03    -  9.41e-05 1.93e-05f  1
  54  2.2679693e+06 8.27e+00 7.99e+01  -6.0 1.15e+03    -  5.59e-05 4.41e-05f  1
  55  2.2662591e+06 8.27e+00 7.99e+01  -6.0 1.13e+03    -  4.20e-05 6.74e-05f  1
  56  2.2648332e+06 8.27e+00 7.99e+01  -6.0 8.73e+02    -  8.13e-05 5.85e-05f  1
  57  2.2637309e+06 8.27e+00 7.99e+01  -6.0 8.68e+02    -  7.36e-05 4.56e-05f  1
  58  2.2624743e+06 8.27e+00 7.99e+01  -6.0 8.61e+02    -  2.23e-05 5.30e-05f  1
  59  2.2621216e+06 8.27e+00 7.99e+01  -6.0 8.59e+02    -  8.16e-05 1.49e-05f  1
iter    objective    inf_pr   inf_du lg(mu)  ||d||  lg(rg) alpha_du alpha_pr  ls
  60  2.2616633e+06 8.27e+00 7.99e+01  -6.0 9.04e+02    -  1.64e-05 1.95e-05f  1
  61  2.2611268e+06 8.27e+00 7.99e+01  -6.0 9.14e+02    -  1.34e-04 2.33e-05f  1
  62  2.2597607e+06 8.27e+00 7.99e+01  -6.0 9.35e+02    -  7.98e-05 6.29e-05f  1
  63  2.2580810e+06 8.27e+00 7.99e+01  -6.0 9.32e+02    -  7.37e-05 8.11e-05f  1
  64  2.2570507e+06 8.27e+00 7.99e+01  -6.0 9.21e+02    -  7.69e-05 5.04e-05f  1
  65  2.2563218e+06 8.27e+00 7.99e+01  -6.0 8.47e+02    -  2.26e-04 3.58e-05f  1
  66  2.2553538e+06 8.27e+00 7.99e+01  -6.0 1.31e+03    -  6.32e-06 5.52e-05f  1
  67  2.2545448e+06 8.27e+00 7.98e+01  -6.0 1.21e+03    -  1.24e-04 4.68e-05f  1
  68  2.2533546e+06 8.27e+00 7.98e+01  -6.0 8.42e+02    -  9.81e-05 7.18e-05f  1
  69  2.2526419e+06 8.27e+00 7.98e+01  -6.0 8.41e+02    -  5.76e-05 4.70e-05f  1
iter    objective    inf_pr   inf_du lg(mu)  ||d||  lg(rg) alpha_du alpha_pr  ls
  70  2.2522038e+06 8.27e+00 7.98e+01  -6.0 8.21e+02    -  4.98e-05 2.90e-05f  1
  71  2.2513843e+06 8.27e+00 7.98e+01  -6.0 8.34e+02    -  3.17e-04 5.53e-05f  1
  72  2.2506167e+06 8.27e+00 7.98e+01  -6.0 8.20e+02    -  4.19e-05 5.23e-05f  1
  73  2.2486565e+06 8.27e+00 7.98e+01  -6.0 8.11e+02    -  5.42e-05 1.35e-04f  1
  74  2.2482668e+06 8.27e+00 7.98e+01  -6.0 8.11e+02    -  3.43e-04 2.90e-05f  1
  75  2.2473553e+06 8.27e+00 7.98e+01  -6.0 8.10e+02    -  9.19e-05 6.84e-05f  1
  76  2.2471050e+06 8.26e+00 7.97e+01  -6.0 8.09e+02    -  1.91e-04 1.91e-05f  1
  77  2.2469186e+06 8.26e+00 7.97e+01  -6.0 8.09e+02    -  3.55e-05 1.47e-05f  1
  78  2.2460489e+06 8.26e+00 7.97e+01  -6.0 8.09e+02    -  5.65e-04 6.88e-05f  1
  79  2.2433062e+06 8.26e+00 7.97e+01  -6.0 8.08e+02    -  1.27e-04 2.21e-04f  1
iter    objective    inf_pr   inf_du lg(mu)  ||d||  lg(rg) alpha_du alpha_pr  ls
  80  2.2419988e+06 8.26e+00 7.96e+01  -6.0 8.08e+02    -  6.14e-04 1.10e-04f  1
  81  2.2414828e+06 8.26e+00 7.96e+01  -6.0 8.06e+02    -  6.53e-04 4.55e-05f  1
  82  2.2400713e+06 8.26e+00 7.96e+01  -6.0 8.04e+02    -  5.03e-05 1.30e-04f  1
  83  2.2389196e+06 8.26e+00 7.96e+01  -6.0 8.01e+02    -  1.11e-04 1.10e-04f  1
  84  2.2380508e+06 8.26e+00 7.96e+01  -6.0 7.95e+02    -  1.85e-04 9.42e-05f  1
  85  2.2367257e+06 8.26e+00 7.95e+01  -6.0 7.72e+02    -  1.38e-04 1.45e-04f  1
  86  2.2364646e+06 8.26e+00 7.95e+01  -6.0 7.24e+02    -  1.78e-05 3.01e-05f  1
  87  2.2361429e+06 8.26e+00 7.95e+01  -6.0 7.24e+02    -  1.77e-04 3.78e-05f  1
  88  2.2351797e+06 8.26e+00 7.95e+01  -6.0 7.23e+02    -  5.91e-05 1.14e-04f  1
  89  2.2346056e+06 8.26e+00 7.95e+01  -6.0 7.21e+02    -  1.87e-04 6.88e-05f  1
iter    objective    inf_pr   inf_du lg(mu)  ||d||  lg(rg) alpha_du alpha_pr  ls
  90  2.2345279e+06 8.25e+00 7.95e+01  -6.0 6.96e+02    -  2.85e-04 9.41e-06f  1
  91  2.2337892e+06 8.25e+00 7.95e+01  -6.0 5.39e+02    -  1.46e-04 9.46e-05f  1
  92  2.2335830e+06 8.25e+00 7.95e+01  -6.0 5.51e+02    -  1.18e-04 2.78e-05f  1
  93  2.2326589e+06 8.25e+00 7.94e+01  -6.0 5.51e+02    -  2.12e-04 1.27e-04f  1
  94  2.2318468e+06 8.25e+00 7.94e+01  -6.0 5.50e+02    -  7.09e-04 1.17e-04f  1
  95  2.2310438e+06 8.25e+00 7.94e+01  -6.0 5.49e+02    -  1.27e-05 1.16e-04f  1
  96  2.2303230e+06 8.25e+00 7.94e+01  -6.0 5.49e+02    -  2.46e-04 1.04e-04f  1
  97  2.2288830e+06 8.25e+00 7.93e+01  -6.0 5.44e+02    -  4.36e-04 2.10e-04f  1
  98  2.2271611e+06 8.25e+00 7.93e+01  -6.0 5.52e+02    -  8.26e-04 2.55e-04f  1
  99  2.2262485e+06 8.25e+00 7.93e+01  -6.0 5.45e+02    -  8.67e-05 1.41e-04f  1
iter    objective    inf_pr   inf_du lg(mu)  ||d||  lg(rg) alpha_du alpha_pr  ls
 100  2.2255190e+06 8.24e+00 7.91e+01  -6.0 5.34e+02    -  1.73e-03 1.17e-04f  1
 101  2.2250908e+06 8.24e+00 7.91e+01  -6.0 4.42e+02    -  1.17e-04 8.05e-05f  1
 102  2.2238230e+06 8.24e+00 7.91e+01  -6.0 4.41e+02    -  8.82e-05 2.49e-04f  1
 103  2.2232545e+06 8.24e+00 7.91e+01  -6.0 4.39e+02    -  2.09e-04 1.16e-04f  1
 104  2.2225643e+06 8.24e+00 7.90e+01  -6.0 4.38e+02    -  1.56e-03 1.46e-04f  1
 105  2.2208970e+06 8.24e+00 7.90e+01  -6.0 4.37e+02    -  1.61e-04 3.85e-04f  1
 106  2.2200374e+06 8.23e+00 7.89e+01  -6.0 4.37e+02    -  5.39e-04 2.02e-04f  1
 107  2.2195009e+06 8.23e+00 7.89e+01  -6.0 4.37e+02    -  7.06e-04 1.28e-04f  1
 108  2.2179842e+06 8.23e+00 7.89e+01  -6.0 4.35e+02    -  1.36e-04 3.62e-04f  1
 109  2.2167673e+06 8.23e+00 7.88e+01  -6.0 4.28e+02    -  3.97e-04 2.96e-04f  1
iter    objective    inf_pr   inf_du lg(mu)  ||d||  lg(rg) alpha_du alpha_pr  ls
 110  2.2164311e+06 8.23e+00 7.87e+01  -6.0 4.17e+02    -  1.70e-03 8.54e-05f  1
 111  2.2150080e+06 8.22e+00 7.87e+01  -6.0 4.18e+02    -  8.12e-05 3.76e-04f  1
 112  2.2144222e+06 8.22e+00 7.86e+01  -6.0 4.18e+02    -  1.03e-03 1.57e-04f  1
 113  2.2136090e+06 8.22e+00 7.86e+01  -6.0 4.19e+02    -  1.79e-04 2.27e-04f  1
 114  2.2133865e+06 8.22e+00 7.86e+01  -6.0 4.17e+02    -  1.52e-04 6.58e-05f  1
 115  2.2130399e+06 8.22e+00 7.84e+01  -6.0 4.15e+02    -  1.84e-03 1.10e-04f  1
 116  2.2117008e+06 8.22e+00 7.84e+01  -6.0 3.98e+02    -  1.40e-04 4.63e-04f  1
 117  2.2114585e+06 8.22e+00 7.84e+01  -6.0 3.74e+02    -  4.92e-04 8.79e-05f  1
 118  2.2105144e+06 8.21e+00 7.83e+01  -6.0 3.81e+02    -  6.62e-04 3.51e-04f  1
 119  2.2103014e+06 8.21e+00 7.80e+01  -6.0 3.89e+02    -  4.35e-03 8.15e-05f  1
iter    objective    inf_pr   inf_du lg(mu)  ||d||  lg(rg) alpha_du alpha_pr  ls
 120  2.2081765e+06 8.20e+00 7.80e+01  -6.0 3.93e+02    -  1.72e-04 8.45e-04f  1
 121  2.2081255e+06 8.20e+00 7.77e+01  -6.0 3.87e+02    -  3.84e-03 2.39e-05f  1
 122  2.2071786e+06 8.20e+00 7.76e+01  -6.0 3.43e+02    -  3.68e-04 4.93e-04f  1
 123  2.2068777e+06 8.20e+00 7.76e+01  -6.0 1.55e+02    -  1.05e-03 1.76e-04f  1
 124  2.2061210e+06 8.19e+00 7.75e+01  -6.0 1.53e+02    -  9.23e-04 5.07e-04f  1
 125  2.2050370e+06 8.19e+00 7.75e+01  -6.0 1.52e+02    -  2.67e-04 7.75e-04f  1
 126  2.2041291e+06 8.18e+00 7.74e+01  -6.0 1.52e+02    -  9.73e-04 7.07e-04f  1
 127  2.2035376e+06 8.18e+00 7.73e+01  -6.0 1.52e+02    -  7.92e-04 4.86e-04f  1
 128  2.2024022e+06 8.17e+00 7.73e+01  -6.0 1.52e+02    -  3.21e-04 1.01e-03f  1
 129  2.2018690e+06 8.17e+00 7.72e+01  -6.0 1.51e+02    -  1.48e-03 4.78e-04f  1
iter    objective    inf_pr   inf_du lg(mu)  ||d||  lg(rg) alpha_du alpha_pr  ls
 130  2.2015859e+06 8.16e+00 7.71e+01  -6.0 1.51e+02    -  9.31e-04 2.57e-04f  1
 131  2.2012058e+06 8.16e+00 7.71e+01  -6.0 1.51e+02    -  2.73e-04 3.61e-04f  1
 132  2.2010065e+06 8.16e+00 7.70e+01  -6.0 1.51e+02    -  1.19e-03 1.93e-04f  1
 133  2.2005759e+06 8.16e+00 7.69e+01  -6.0 1.50e+02    -  1.73e-03 4.32e-04f  1
 134  2.2001818e+06 8.15e+00 7.68e+01  -6.0 1.49e+02    -  1.07e-03 4.42e-04f  1
 135  2.1996357e+06 8.15e+00 7.68e+01  -6.0 1.47e+02    -  5.78e-04 6.63e-04f  1
 136  2.1993037e+06 8.14e+00 7.63e+01  -6.0 1.42e+02    -  5.57e-03 4.16e-04f  1
 137  2.1986685e+06 8.14e+00 7.63e+01  -6.0 1.23e+02    -  4.53e-04 8.25e-04f  1
 138  2.1985188e+06 8.14e+00 7.60e+01  -6.0 1.20e+02    -  3.71e-03 1.99e-04f  1
 139  2.1977799e+06 8.13e+00 7.59e+01  -6.0 1.16e+02    -  2.04e-03 1.01e-03f  1
iter    objective    inf_pr   inf_du lg(mu)  ||d||  lg(rg) alpha_du alpha_pr  ls
 140  2.1968340e+06 8.12e+00 7.58e+01  -6.0 1.07e+02    -  8.16e-04 1.32e-03f  1
 141  2.1965880e+06 8.11e+00 7.58e+01  -6.0 9.67e+01    -  4.29e-04 3.79e-04f  1
 142  2.1965489e+06 8.11e+00 7.57e+01  -6.0 9.66e+01    -  8.19e-04 5.81e-05f  1
 143  2.1959916e+06 8.11e+00 7.57e+01  -6.0 9.64e+01    -  8.62e-05 8.32e-04f  1
 144  2.1959272e+06 8.11e+00 7.56e+01  -6.0 9.65e+01    -  7.49e-04 9.62e-05f  1
 145  2.1951155e+06 8.10e+00 7.56e+01  -6.0 9.64e+01    -  7.23e-04 1.19e-03f  1
 146  2.1947320e+06 8.09e+00 7.54e+01  -6.0 9.67e+01    -  2.40e-03 5.66e-04f  1
 147  2.1946811e+06 8.09e+00 7.54e+01  -6.0 9.67e+01    -  5.90e-04 7.62e-05f  1
 148  2.1939328e+06 8.08e+00 7.53e+01  -6.0 9.67e+01    -  4.65e-04 1.13e-03f  1
 149  2.1933643e+06 8.07e+00 7.52e+01  -6.0 9.71e+01    -  2.38e-03 8.57e-04f  1
iter    objective    inf_pr   inf_du lg(mu)  ||d||  lg(rg) alpha_du alpha_pr  ls
 150  2.1925317e+06 8.06e+00 7.51e+01  -6.0 9.70e+01    -  1.16e-03 1.26e-03f  1
 151  2.1920690e+06 8.06e+00 7.50e+01  -6.0 9.61e+01    -  1.40e-03 7.11e-04f  1
 152  2.1918329e+06 8.06e+00 7.49e+01  -6.0 9.60e+01    -  8.86e-04 3.66e-04f  1
 153  2.1916606e+06 8.05e+00 7.49e+01  -6.0 9.63e+01    -  5.38e-04 2.70e-04f  1
 154  2.1914713e+06 8.05e+00 7.46e+01  -6.0 9.60e+01    -  4.13e-03 3.02e-04f  1
 155  2.1883578e+06 8.01e+00 7.45e+01  -6.0 9.61e+01    -  2.16e-04 5.07e-03f  1
 156  2.1869291e+06 7.99e+00 7.39e+01  -6.0 9.76e+01    -  8.67e-03 2.33e-03f  1
 157  2.1861649e+06 7.98e+00 7.37e+01  -6.0 9.84e+01    -  2.43e-03 1.25e-03f  1
 158  2.1849058e+06 7.96e+00 7.27e+01  -6.0 9.90e+01    -  1.44e-02 2.13e-03f  1
 159  2.1846092e+06 7.96e+00 7.26e+01  -6.0 9.99e+01    -  2.87e-04 5.07e-04f  1
iter    objective    inf_pr   inf_du lg(mu)  ||d||  lg(rg) alpha_du alpha_pr  ls
 160  2.1843228e+06 7.96e+00 7.26e+01  -6.0 1.00e+02    -  7.52e-04 4.93e-04f  1
 161  2.1838692e+06 7.95e+00 7.25e+01  -6.0 1.00e+02    -  5.59e-04 7.82e-04f  1
 162  2.1832420e+06 7.94e+00 7.25e+01  -6.0 1.01e+02    -  8.88e-04 1.08e-03f  1
 163  2.1828660e+06 7.94e+00 7.21e+01  -6.0 1.02e+02    -  5.20e-03 6.50e-04f  1
 164  2.1818660e+06 7.92e+00 7.20e+01  -6.0 1.07e+02    -  7.51e-04 1.77e-03f  1
 165  2.1816329e+06 7.92e+00 7.19e+01  -6.0 1.09e+02    -  1.85e-03 4.61e-04f  1
 166  2.1812651e+06 7.91e+00 7.15e+01  -6.0 1.09e+02    -  5.93e-03 7.37e-04f  1
 167  2.1811242e+06 7.91e+00 7.13e+01  -6.0 1.09e+02    -  2.84e-03 2.86e-04f  1
 168  2.1794328e+06 7.88e+00 7.12e+01  -6.0 1.09e+02    -  7.49e-04 3.44e-03f  1
 169  2.1793185e+06 7.88e+00 7.10e+01  -6.0 6.31e+01    -  2.91e-03 2.57e-04f  1
iter    objective    inf_pr   inf_du lg(mu)  ||d||  lg(rg) alpha_du alpha_pr  ls
 170  2.1782973e+06 7.86e+00 7.08e+01  -6.0 6.31e+01    -  3.66e-03 2.29e-03f  1
 171  2.1779245e+06 7.86e+00 7.07e+01  -6.0 6.20e+01    -  1.08e-03 9.13e-04f  1
 172  2.1776271e+06 7.85e+00 7.01e+01  -6.0 3.85e+01    -  8.83e-03 7.39e-04f  1
 173  2.1763245e+06 7.83e+00 7.00e+01  -6.0 3.87e+01    -  1.42e-03 3.24e-03f  1
 174  2.1762498e+06 7.82e+00 6.99e+01  -6.0 3.85e+01    -  1.21e-03 1.88e-04f  1
 175  2.1751874e+06 7.80e+00 6.96e+01  -6.0 3.83e+01    -  4.70e-03 2.66e-03f  1
 176  2.1742968e+06 7.79e+00 6.93e+01  -6.0 4.12e+01    -  3.49e-03 2.26e-03f  1
 177  2.1738430e+06 7.78e+00 6.89e+01  -6.0 4.05e+01    -  6.04e-03 1.16e-03f  1
 178  2.1716809e+06 7.73e+00 6.76e+01  -6.0 3.96e+01    -  1.93e-02 5.55e-03f  1
 179  2.1714430e+06 7.73e+00 6.74e+01  -6.0 3.91e+01    -  2.55e-03 6.16e-04f  1
iter    objective    inf_pr   inf_du lg(mu)  ||d||  lg(rg) alpha_du alpha_pr  ls
 180  2.1704002e+06 7.71e+00 6.69e+01  -6.0 3.82e+01    -  8.00e-03 2.71e-03f  1
 181  2.1703503e+06 7.71e+00 6.68e+01  -6.0 5.00e+01    -  2.19e-03 1.31e-04f  1
 182  2.1697205e+06 7.69e+00 6.67e+01  -6.0 5.17e+01    -  1.90e-04 1.61e-03f  1
 183  2.1685753e+06 7.67e+00 6.66e+01  -6.0 5.14e+01    -  1.62e-03 2.98e-03f  1
 184  2.1685444e+06 7.67e+00 6.61e+01  -6.0 5.11e+01    -  8.09e-03 8.11e-05f  1
 185  2.1678689e+06 7.66e+00 6.60e+01  -6.0 5.09e+01    -  9.20e-04 1.79e-03f  1
 186  2.1675972e+06 7.65e+00 6.60e+01  -6.0 5.25e+01    -  1.16e-03 7.24e-04f  1
 187  2.1670818e+06 7.64e+00 6.58e+01  -6.0 5.23e+01    -  3.04e-03 1.39e-03f  1
 188  2.1661246e+06 7.62e+00 6.55e+01  -6.0 6.95e+01    -  3.81e-03 2.51e-03f  1
 189  2.1653326e+06 7.61e+00 6.54e+01  -6.0 7.02e+01    -  2.57e-03 2.11e-03f  1
iter    objective    inf_pr   inf_du lg(mu)  ||d||  lg(rg) alpha_du alpha_pr  ls
 190  2.1634524e+06 7.57e+00 6.44e+01  -6.0 6.31e+01    -  1.55e-02 5.05e-03f  1
 191  2.1619346e+06 7.54e+00 6.43e+01  -6.0 6.28e+01    -  6.83e-04 4.14e-03f  1
 192  2.1618142e+06 7.53e+00 6.39e+01  -6.0 6.27e+01    -  6.94e-03 3.31e-04f  1
 193  2.1608569e+06 7.51e+00 6.38e+01  -6.0 6.37e+01    -  1.62e-03 2.63e-03f  1
 194  2.1598801e+06 7.49e+00 6.34e+01  -6.0 6.30e+01    -  5.88e-03 2.70e-03f  1
 195  2.1577808e+06 7.45e+00 6.32e+01  -6.0 6.19e+01    -  3.22e-03 6.01e-03f  1
 196  2.1567649e+06 7.43e+00 6.31e+01  -6.0 6.15e+01    -  2.05e-03 2.93e-03f  1
 197  2.1567033e+06 7.42e+00 6.19e+01  -6.0 6.19e+01    -  1.82e-02 1.79e-04f  1
 198  2.1554831e+06 7.40e+00 6.19e+01  -6.0 6.19e+01    -  3.31e-04 3.55e-03f  1
 199  2.1547707e+06 7.38e+00 6.06e+01  -6.0 6.17e+01    -  2.17e-02 2.11e-03f  1
iter    objective    inf_pr   inf_du lg(mu)  ||d||  lg(rg) alpha_du alpha_pr  ls
 200  2.1542478e+06 7.37e+00 6.02e+01  -6.0 4.23e+01    -  7.08e-03 1.61e-03f  1
 201  2.1535129e+06 7.35e+00 6.01e+01  -6.0 4.28e+01    -  1.70e-03 2.29e-03f  1
 202  2.1528989e+06 7.34e+00 5.94e+01  -6.0 4.24e+01    -  1.11e-02 1.92e-03f  1
 203  2.1505287e+06 7.29e+00 5.93e+01  -6.0 4.11e+01    -  2.30e-03 7.36e-03f  1
 204  2.1479580e+06 7.23e+00 5.91e+01  -6.0 4.13e+01    -  3.04e-03 8.03e-03f  1
 205  2.1469615e+06 7.20e+00 5.90e+01  -6.0 4.57e+01    -  1.59e-03 3.13e-03f  1
 206  2.1467316e+06 7.20e+00 5.88e+01  -6.0 5.07e+01    -  3.26e-03 7.24e-04f  1
 207  2.1453284e+06 7.17e+00 5.87e+01  -6.0 4.96e+01    -  8.42e-04 4.45e-03f  1
 208  2.1450194e+06 7.16e+00 5.85e+01  -6.0 4.94e+01    -  4.16e-03 9.85e-04f  1
 209  2.1432500e+06 7.12e+00 5.80e+01  -6.0 4.94e+01    -  7.75e-03 5.65e-03f  1
iter    objective    inf_pr   inf_du lg(mu)  ||d||  lg(rg) alpha_du alpha_pr  ls
 210  2.1420664e+06 7.09e+00 5.79e+01  -6.0 4.24e+01    -  2.25e-03 3.82e-03f  1
 211  2.1413655e+06 7.08e+00 5.77e+01  -6.0 4.21e+01    -  3.24e-03 2.27e-03f  1
 212  2.1410491e+06 7.07e+00 5.70e+01  -6.0 4.21e+01    -  1.32e-02 1.03e-03f  1
 213  2.1382632e+06 7.00e+00 5.65e+01  -6.0 4.26e+01    -  8.79e-03 9.11e-03f  1
 214  2.1360236e+06 6.95e+00 5.59e+01  -6.0 4.14e+01    -  9.95e-03 7.37e-03f  1
 215  2.1359360e+06 6.95e+00 5.55e+01  -6.0 3.70e+01    -  7.52e-03 2.91e-04f  1
 216  2.1346914e+06 6.92e+00 5.28e+01  -6.0 3.47e+01    -  4.97e-02 4.19e-03f  1
 217  2.1346028e+06 6.92e+00 5.19e+01  -6.0 3.45e+01    -  1.81e-02 3.01e-04f  1
 218  2.1328998e+06 6.88e+00 5.09e+01  -6.0 3.45e+01    -  1.84e-02 5.83e-03f  1
 219  2.1325732e+06 6.87e+00 4.77e+01  -6.0 2.74e+01    -  6.42e-02 1.14e-03f  1
iter    objective    inf_pr   inf_du lg(mu)  ||d||  lg(rg) alpha_du alpha_pr  ls
 220  2.1267021e+06 6.73e+00 4.72e+01  -6.0 1.82e+01    -  1.02e-02 2.08e-02f  1
 221  2.1260678e+06 6.71e+00 4.63e+01  -6.0 1.85e+01    -  1.96e-02 2.33e-03f  1
 222  2.1237381e+06 6.66e+00 4.44e+01  -6.0 1.84e+01    -  4.20e-02 8.59e-03f  1
 223  2.1214990e+06 6.60e+00 4.20e+01  -6.0 1.68e+01    -  5.56e-02 8.37e-03f  1
 224  2.1163331e+06 6.47e+00 4.17e+01  -6.0 1.86e+01    -  6.49e-03 1.95e-02f  1
 225  2.1161106e+06 6.47e+00 4.08e+01  -6.0 1.33e+01    -  2.26e-02 8.57e-04f  1
 226  2.1126721e+06 6.38e+00 4.07e+01  -6.0 1.31e+01    -  2.23e-03 1.33e-02f  1
 227  2.1126673e+06 6.38e+00 3.96e+01  -6.0 1.26e+01    -  2.76e-02 1.91e-05f  1
 228  2.1124186e+06 6.37e+00 3.93e+01  -6.0 1.26e+01    -  8.17e-03 9.93e-04f  1
 229  2.1103548e+06 6.32e+00 3.92e+01  -6.0 1.41e+01    -  1.18e-03 8.29e-03f  1
iter    objective    inf_pr   inf_du lg(mu)  ||d||  lg(rg) alpha_du alpha_pr  ls
 230  2.1090005e+06 6.28e+00 3.92e+01  -6.0 1.28e+01    -  1.09e-03 5.49e-03f  1
 231  2.1087169e+06 6.28e+00 3.88e+01  -6.0 1.45e+01    -  9.79e-03 1.16e-03f  1
 232  2.1072817e+06 6.24e+00 3.87e+01  -6.0 1.45e+01    -  3.14e-03 5.86e-03f  1
 233  2.1038763e+06 6.15e+00 3.84e+01  -6.0 1.88e+01    -  5.90e-03 1.40e-02f  1
 234  2.1023930e+06 6.12e+00 3.82e+01  -6.0 1.85e+01    -  5.01e-03 6.19e-03f  1
 235  2.1018524e+06 6.10e+00 3.70e+01  -6.0 1.83e+01    -  3.29e-02 2.27e-03f  1
 236  2.0982070e+06 6.01e+00 3.69e+01  -6.0 2.24e+01    -  3.88e-03 1.54e-02f  1
 237  2.0971815e+06 5.98e+00 3.68e+01  -6.0 1.83e+01    -  1.26e-03 4.44e-03f  1
 238  2.0968804e+06 5.97e+00 3.62e+01  -6.0 1.82e+01    -  1.57e-02 1.31e-03f  1
 239  2.0952839e+06 5.93e+00 3.62e+01  -6.0 1.82e+01    -  1.13e-03 6.95e-03f  1
iter    objective    inf_pr   inf_du lg(mu)  ||d||  lg(rg) alpha_du alpha_pr  ls
 240  2.0929554e+06 5.87e+00 3.60e+01  -6.0 1.81e+01    -  4.87e-03 1.02e-02f  1
 241  2.0918155e+06 5.84e+00 3.56e+01  -6.0 1.91e+01    -  1.04e-02 5.10e-03f  1
 242  2.0915667e+06 5.83e+00 3.55e+01  -6.0 1.90e+01    -  5.32e-03 1.12e-03f  1
 243  2.0885902e+06 5.76e+00 3.50e+01  -6.0 2.06e+01    -  1.21e-02 1.34e-02f  1
 244  2.0861771e+06 5.69e+00 3.43e+01  -6.0 2.04e+01    -  1.98e-02 1.11e-02f  1
 245  2.0844786e+06 5.65e+00 3.42e+01  -6.0 1.90e+01    -  3.92e-03 7.86e-03f  1
 246  2.0822339e+06 5.59e+00 3.39e+01  -6.0 1.84e+01    -  8.08e-03 1.05e-02f  1
 247  2.0798342e+06 5.52e+00 3.36e+01  -6.0 1.93e+01    -  8.66e-03 1.14e-02f  1
 248  2.0784031e+06 5.49e+00 3.34e+01  -6.0 2.03e+01    -  7.09e-03 6.92e-03f  1
 249  2.0771125e+06 5.45e+00 3.30e+01  -6.0 2.18e+01    -  1.21e-02 6.28e-03f  1
iter    objective    inf_pr   inf_du lg(mu)  ||d||  lg(rg) alpha_du alpha_pr  ls
 250  2.0755729e+06 5.41e+00 3.29e+01  -6.0 1.41e+01    -  4.23e-03 7.54e-03f  1
 251  2.0748256e+06 5.39e+00 3.24e+01  -6.0 1.39e+01    -  1.31e-02 3.69e-03f  1
 252  2.0737823e+06 5.36e+00 3.24e+01  -6.0 3.07e+01    -  5.93e-04 5.15e-03f  1
 253  2.0736319e+06 5.36e+00 3.22e+01  -6.0 2.99e+01    -  5.28e-03 7.45e-04f  1
 254  2.0672887e+06 5.19e+00 3.22e+01  -6.0 2.99e+01    -  1.44e-03 3.15e-02f  1
 255  2.0655616e+06 5.14e+00 3.16e+01  -6.0 2.89e+01    -  1.72e-02 8.86e-03f  1
 256  2.0627882e+06 5.07e+00 3.07e+01  -6.0 2.85e+01    -  3.08e-02 1.44e-02f  1
 257  2.0625369e+06 5.06e+00 3.02e+01  -6.0 2.80e+01    -  1.59e-02 1.32e-03f  1
 258  2.0602449e+06 5.00e+00 3.01e+01  -6.0 2.82e+01    -  2.96e-03 1.21e-02f  1
 259  2.0596728e+06 4.99e+00 3.00e+01  -6.0 1.45e+01    -  2.25e-03 3.07e-03f  1
iter    objective    inf_pr   inf_du lg(mu)  ||d||  lg(rg) alpha_du alpha_pr  ls
 260  2.0593258e+06 4.98e+00 2.99e+01  -6.0 2.04e+01    -  3.70e-03 1.86e-03f  1
 261  2.0579250e+06 4.94e+00 2.98e+01  -6.0 2.03e+01    -  2.19e-03 7.53e-03f  1
 262  2.0569461e+06 4.91e+00 2.96e+01  -6.0 2.40e+01    -  6.40e-03 5.31e-03f  1
 263  2.0564603e+06 4.90e+00 2.95e+01  -6.0 2.44e+01    -  5.29e-03 2.64e-03f  1
 264  2.0556985e+06 4.88e+00 2.91e+01  -6.0 3.63e+01    -  1.18e-02 4.20e-03f  1
 265  2.0537445e+06 4.83e+00 2.90e+01  -6.0 2.44e+01    -  6.28e-03 1.08e-02f  1
 266  2.0514493e+06 4.77e+00 2.86e+01  -6.0 2.48e+01    -  1.12e-02 1.28e-02f  1
 267  2.0513021e+06 4.76e+00 2.79e+01  -6.0 2.43e+01    -  2.42e-02 8.35e-04f  1
 268  2.0488665e+06 4.70e+00 2.64e+01  -6.0 1.98e+01    -  5.57e-02 1.38e-02f  1
 269  2.0468668e+06 4.64e+00 2.61e+01  -6.0 1.88e+01    -  1.01e-02 1.15e-02f  1
iter    objective    inf_pr   inf_du lg(mu)  ||d||  lg(rg) alpha_du alpha_pr  ls
 270  2.0442204e+06 4.57e+00 2.55e+01  -6.0 1.80e+01    -  2.59e-02 1.54e-02f  1
 271  2.0424084e+06 4.52e+00 2.53e+01  -6.0 1.89e+01    -  5.56e-03 1.07e-02f  1
 272  2.0414683e+06 4.50e+00 2.52e+01  -6.0 1.65e+01    -  3.68e-03 5.59e-03f  1
 273  2.0400844e+06 4.46e+00 2.51e+01  -6.0 1.64e+01    -  7.14e-03 8.26e-03f  1
 274  2.0400746e+06 4.46e+00 2.48e+01  -6.0 1.63e+01    -  8.50e-03 5.92e-05f  1
 275  2.0371478e+06 4.38e+00 2.37e+01  -6.0 1.64e+01    -  4.61e-02 1.77e-02f  1
 276  2.0343074e+06 4.30e+00 2.32e+01  -6.0 1.61e+01    -  2.19e-02 1.74e-02f  1
 277  2.0328869e+06 4.27e+00 2.22e+01  -6.0 1.58e+01    -  4.45e-02 8.88e-03f  1
 278  2.0319690e+06 4.24e+00 2.18e+01  -6.0 1.15e+01    -  1.71e-02 5.79e-03f  1
 279  2.0299909e+06 4.19e+00 2.17e+01  -6.0 1.29e+01    -  4.96e-03 1.26e-02f  1
iter    objective    inf_pr   inf_du lg(mu)  ||d||  lg(rg) alpha_du alpha_pr  ls
 280  2.0290162e+06 4.16e+00 2.14e+01  -6.0 1.55e+01    -  1.41e-02 6.27e-03f  1
 281  2.0269750e+06 4.11e+00 2.12e+01  -6.0 1.54e+01    -  8.61e-03 1.32e-02f  1
 282  2.0260934e+06 4.08e+00 2.12e+01  -6.0 1.53e+01    -  1.70e-03 5.78e-03f  1
 283  2.0250324e+06 4.05e+00 2.11e+01  -6.0 1.79e+01    -  5.25e-03 7.01e-03f  1
 284  2.0242649e+06 4.03e+00 2.10e+01  -6.0 1.83e+01    -  3.60e-03 5.10e-03f  1
 285  2.0240739e+06 4.03e+00 1.99e+01  -6.0 1.74e+01    -  5.13e-02 1.28e-03f  1
 286  2.0226681e+06 3.99e+00 1.99e+01  -6.0 1.65e+01    -  1.69e-03 9.41e-03f  1
 287  2.0190804e+06 3.89e+00 1.97e+01  -6.0 1.86e+01    -  1.09e-02 2.42e-02f  1
 288  2.0181458e+06 3.87e+00 1.97e+01  -6.0 1.80e+01    -  9.25e-04 6.48e-03f  1
 289  2.0177561e+06 3.86e+00 1.95e+01  -6.0 1.63e+01    -  7.55e-03 2.73e-03f  1
iter    objective    inf_pr   inf_du lg(mu)  ||d||  lg(rg) alpha_du alpha_pr  ls
 290  2.0173271e+06 3.85e+00 1.95e+01  -6.0 1.57e+01    -  3.14e-03 3.01e-03f  1
 291  2.0139440e+06 3.75e+00 1.94e+01  -6.0 1.91e+01    -  2.25e-03 2.38e-02f  1
 292  2.0137308e+06 3.75e+00 1.93e+01  -6.0 2.47e+01    -  5.44e-03 1.55e-03f  1
 293  2.0129815e+06 3.73e+00 1.93e+01  -6.0 2.46e+01    -  2.17e-03 5.46e-03f  1
 294  2.0124953e+06 3.71e+00 1.91e+01  -6.0 2.45e+01    -  6.38e-03 3.56e-03f  1
 295  2.0123527e+06 3.71e+00 1.91e+01  -6.0 2.43e+01    -  4.48e-03 1.05e-03f  1
 296  2.0111767e+06 3.68e+00 1.88e+01  -6.0 2.23e+01    -  1.15e-02 8.64e-03f  1
 297  2.0092349e+06 3.63e+00 1.87e+01  -6.0 2.29e+01    -  8.95e-03 1.44e-02f  1
 298  2.0092095e+06 3.63e+00 1.85e+01  -6.0 2.23e+01    -  7.26e-03 1.91e-04f  1
 299  2.0074400e+06 3.58e+00 1.84e+01  -6.0 2.01e+01    -  6.80e-03 1.34e-02f  1
iter    objective    inf_pr   inf_du lg(mu)  ||d||  lg(rg) alpha_du alpha_pr  ls
 300  2.0063883e+06 3.55e+00 1.81e+01  -6.0 2.23e+01    -  1.41e-02 8.06e-03f  1

Number of Iterations....: 300

                                   (scaled)                 (unscaled)
Objective...............:   1.4234005172999488e+04    2.0063882896025321e+06
Dual infeasibility......:   1.8147789519425871e+01    2.5580651356665726e+03
Constraint violation....:   1.3709725815122558e+00    3.5478779088161128e+00
Variable bound violation:   7.0031461518738070e-08    7.0031461518738070e-08
Complementarity.........:   1.2477521489142379e-01    1.7587989251660304e+01
Overall NLP error.......:   1.8147789519425871e+01    2.5580651356665726e+03


Number of objective function evaluations             = 301
Number of objective gradient evaluations             = 301
Number of equality constraint evaluations            = 301
Number of inequality constraint evaluations          = 302
Number of equality constraint Jacobian evaluations   = 301
Number of inequality constraint Jacobian evaluations = 301
Number of Lagrangian Hessian evaluations             = 300
Total seconds in IPOPT                               = 81.331

EXIT: Maximum Number of Iterations Exceeded.

