Solver command line: ['/opt/homebrew/bin/ipopt', '/var/folders/6y/bvynbx6n3zv7z3lwg6vd724r0000gn/T/tmp91gdbvuz.pyomo.nl', '-AMPL', 'tol=1e-06', 'max_iter=300', 'print_level=5', 'warm_start_init_point=yes', 'warm_start_bound_push=1e-06', 'warm_start_bound_frac=1e-06', 'warm_start_mult_bound_push=1e-06', 'mu_init=1e-06', 'least_square_init_duals=no']

Ipopt 3.14.19: tol=1e-06
max_iter=300
print_level=5
warm_start_init_point=yes
warm_start_bound_push=1e-06
warm_start_bound_frac=1e-06
warm_start_mult_bound_push=1e-06
mu_init=1e-06
least_square_init_duals=no


******************************************************************************
This program contains Ipopt, a library for large-scale nonlinear optimization.
 Ipopt is released as open source code under the Eclipse Public License (EPL).
         For more information visit https://github.com/coin-or/Ipopt
******************************************************************************

This is Ipopt version 3.14.19, running with linear solver MUMPS 5.6.2.

Number of nonzeros in equality constraint Jacobian...:   110041
Number of nonzeros in inequality constraint Jacobian.:    92152
Number of nonzeros in Lagrangian Hessian.............:    61684

Total number of variables............................:    16016
                     variables with only lower bounds:        0
                variables with lower and upper bounds:    16016
                     variables with only upper bounds:        0
Total number of equality constraints.................:    14673
Total number of inequality constraints...............:    23038
        inequality constraints with only lower bounds:        0
   inequality constraints with lower and upper bounds:        0
        inequality constraints with only upper bounds:    23038

iter    objective    inf_pr   inf_du lg(mu)  ||d||  lg(rg) alpha_du alpha_pr  ls
   0  2.5657086e+06 8.28e+00 1.00e+02  -6.0 0.00e+00    -  0.00e+00 0.00e+00   0
   1  2.4557612e+06 8.28e+00 1.00e+02  -6.0 5.59e+07    -  2.70e-08 2.70e-08f  1
   2  2.4011625e+06 8.28e+00 1.00e+02  -6.0 1.73e+07    -  9.40e-08 2.63e-08f  1
   3  2.3182623e+06 8.28e+00 1.00e+02  -6.0 1.12e+07    -  1.70e-07 9.58e-08f  1
   4  2.2528690e+06 8.28e+00 1.00e+02  -6.0 7.02e+06    -  4.18e-07 2.03e-07f  1
   5  2.2306618e+06 8.28e+00 1.00e+02  -6.0 4.75e+06    -  6.60e-07 2.77e-07f  1
   6  2.2078588e+06 8.28e+00 1.00e+02  -6.0 3.02e+06    -  1.35e-06 7.52e-07f  1
   7  2.1980569e+06 8.28e+00 1.00e+02  -6.0 1.55e+06    -  1.72e-06 1.18e-06f  1
   8  2.1932199e+06 8.28e+00 1.00e+02  -6.0 8.78e+05    -  4.02e-06 1.61e-06f  1
   9  2.1896939e+06 8.28e+00 1.00e+02  -6.0 4.52e+05    -  4.01e-06 3.52e-06f  1
iter    objective    inf_pr   inf_du lg(mu)  ||d||  lg(rg) alpha_du alpha_pr  ls
  10  2.1888019e+06 8.28e+00 1.00e+02  -6.0 1.99e+05    -  9.68e-06 2.39e-06f  1
  11  2.1877106e+06 8.28e+00 1.00e+02  -6.0 1.17e+05    -  6.22e-06 6.46e-06f  1
  12  2.1872767e+06 8.28e+00 1.00e+02  -6.0 5.23e+04    -  3.68e-05 4.78e-06f  1
  13  2.1864733e+06 8.28e+00 1.00e+02  -6.0 1.99e+04    -  3.23e-05 2.41e-05f  1
  14  2.1858224e+06 8.28e+00 1.00e+02  -6.0 8.36e+03    -  7.41e-05 4.71e-05f  1
  15  2.1855546e+06 8.28e+00 1.00e+02  -6.0 3.14e+03    -  2.91e-04 6.25e-05f  1
  16  2.1852429e+06 8.28e+00 9.99e+01  -6.0 1.20e+03    -  5.03e-04 2.45e-04f  1
  17  2.1850019e+06 8.27e+00 9.98e+01  -6.0 3.79e+02    -  1.84e-03 4.47e-04f  1
  18  2.1848605e+06 8.27e+00 9.97e+01  -6.0 9.84e+02    -  3.31e-04 3.44e-04f  1
  19  2.1843255e+06 8.26e+00 9.96e+01  -6.0 2.63e+02    -  7.60e-04 1.45e-03f  1
iter    objective    inf_pr   inf_du lg(mu)  ||d||  lg(rg) alpha_du alpha_pr  ls
  20  2.1839428e+06 8.25e+00 9.96e+01  -6.0 1.89e+02    -  4.15e-04 1.11e-03f  1
  21  2.1831313e+06 8.23e+00 9.95e+01  -6.0 1.41e+02    -  7.13e-04 2.40e-03f  1
  22  2.1823043e+06 8.21e+00 9.92e+01  -6.0 1.58e+02    -  2.91e-03 2.50e-03f  1
  23  2.1818007e+06 8.20e+00 9.91e+01  -6.0 1.04e+02    -  1.05e-03 1.54e-03f  1
  24  2.1814162e+06 8.19e+00 9.90e+01  -6.0 6.33e+01    -  6.37e-04 1.18e-03f  1
  25  2.1808081e+06 8.17e+00 9.87e+01  -6.0 8.64e+01    -  3.11e-03 1.86e-03f  1
  26  2.1787214e+06 8.12e+00 9.85e+01  -6.0 8.67e+01    -  1.55e-03 6.41e-03f  1
  27  2.1775343e+06 8.09e+00 9.80e+01  -6.0 9.10e+01    -  4.61e-03 3.68e-03f  1
  28  2.1770559e+06 8.08e+00 9.79e+01  -6.0 1.06e+02    -  1.10e-03 1.49e-03f  1
  29  2.1767281e+06 8.07e+00 9.78e+01  -6.0 1.05e+02    -  1.18e-03 1.03e-03f  1
iter    objective    inf_pr   inf_du lg(mu)  ||d||  lg(rg) alpha_du alpha_pr  ls
  30  2.1739670e+06 8.00e+00 9.75e+01  -6.0 6.89e+01    -  1.48e-03 8.66e-03f  1
  31  2.1719998e+06 7.95e+00 9.67e+01  -6.0 7.90e+01    -  9.01e-03 6.23e-03f  1
  32  2.1678316e+06 7.84e+00 9.63e+01  -6.0 6.70e+01    -  7.06e-04 1.33e-02f  1
  33  2.1674884e+06 7.84e+00 9.60e+01  -6.0 6.91e+01    -  3.82e-03 1.11e-03f  1
  34  2.1674791e+06 7.83e+00 9.59e+01  -6.0 5.68e+01    -  1.89e-03 3.03e-05f  1
  35  2.1652611e+06 7.78e+00 9.57e+01  -6.0 5.77e+01    -  2.04e-04 7.20e-03f  1
  36  2.1651694e+06 7.78e+00 9.57e+01  -6.0 5.10e+01    -  3.44e-04 3.00e-04f  1
  37  2.1645317e+06 7.76e+00 9.51e+01  -6.0 4.02e+01    -  7.07e-03 2.09e-03f  1
  38  2.1639293e+06 7.74e+00 9.50e+01  -6.0 3.77e+01    -  7.59e-04 1.98e-03f  1
  39  2.1629234e+06 7.72e+00 9.49e+01  -6.0 4.82e+01    -  1.42e-03 3.31e-03f  1
iter    objective    inf_pr   inf_du lg(mu)  ||d||  lg(rg) alpha_du alpha_pr  ls
  40  2.1624471e+06 7.71e+00 9.45e+01  -6.0 4.74e+01    -  4.49e-03 1.57e-03f  1
  41  2.1611992e+06 7.68e+00 9.44e+01  -6.0 4.83e+01    -  3.66e-04 4.12e-03f  1
  42  2.1599097e+06 7.64e+00 9.41e+01  -6.0 6.55e+01    -  2.78e-03 4.28e-03f  1
  43  2.1592685e+06 7.63e+00 9.40e+01  -6.0 5.42e+01    -  2.82e-04 2.14e-03f  1
  44  2.1578742e+06 7.59e+00 9.35e+01  -6.0 3.88e+01    -  5.55e-03 4.66e-03f  1
  45  2.1551626e+06 7.52e+00 9.29e+01  -6.0 3.87e+01    -  6.10e-03 9.11e-03f  1
  46  2.1541442e+06 7.50e+00 9.17e+01  -6.0 3.80e+01    -  1.56e-02 3.46e-03f  1
  47  2.1518254e+06 7.44e+00 9.13e+01  -6.0 3.75e+01    -  3.17e-03 7.90e-03f  1
  48  2.1517980e+06 7.44e+00 9.12e+01  -6.0 3.90e+01    -  1.72e-03 9.44e-05f  1
  49  2.1516810e+06 7.43e+00 9.11e+01  -6.0 5.77e+01    -  3.60e-04 4.02e-04f  1
iter    objective    inf_pr   inf_du lg(mu)  ||d||  lg(rg) alpha_du alpha_pr  ls
  50  2.1515038e+06 7.43e+00 9.11e+01  -6.0 5.78e+01    -  4.82e-04 6.10e-04f  1
  51  2.1492408e+06 7.37e+00 9.03e+01  -6.0 5.77e+01    -  8.32e-03 7.79e-03f  1
  52  2.1484066e+06 7.35e+00 9.02e+01  -6.0 3.53e+01    -  7.21e-04 2.90e-03f  1
  53  2.1482104e+06 7.34e+00 9.00e+01  -6.0 3.14e+01    -  3.22e-03 6.85e-04f  1
  54  2.1471862e+06 7.32e+00 8.99e+01  -6.0 3.45e+01    -  2.35e-04 3.58e-03f  1
  55  2.1468681e+06 7.31e+00 8.90e+01  -6.0 6.17e+01    -  1.31e-02 1.12e-03f  1
  56  2.1465535e+06 7.30e+00 8.89e+01  -6.0 6.16e+01    -  1.18e-03 1.11e-03f  1
  57  2.1435127e+06 7.22e+00 8.80e+01  -6.0 7.08e+01    -  9.99e-03 1.07e-02f  1
  58  2.1435123e+06 7.22e+00 8.78e+01  -6.0 4.70e+01    -  2.20e-03 1.54e-06h  1
  59  2.1424879e+06 7.20e+00 8.77e+01  -6.0 5.72e+01    -  7.70e-04 3.66e-03f  1
iter    objective    inf_pr   inf_du lg(mu)  ||d||  lg(rg) alpha_du alpha_pr  ls
  60  2.1402042e+06 7.14e+00 8.74e+01  -6.0 3.68e+01    -  2.53e-03 8.19e-03f  1
  61  2.1400224e+06 7.13e+00 8.68e+01  -6.0 3.10e+01    -  8.00e-03 6.59e-04f  1
  62  2.1398143e+06 7.13e+00 8.67e+01  -6.0 4.71e+01    -  4.29e-04 7.54e-04f  1
  63  2.1397720e+06 7.13e+00 8.66e+01  -6.0 1.25e+02    -  2.34e-03 1.53e-04f  1
  64  2.1391173e+06 7.11e+00 8.65e+01  -6.0 1.27e+02    -  8.35e-04 2.37e-03f  1
  65  2.1380520e+06 7.08e+00 8.63e+01  -6.0 1.27e+02    -  1.01e-03 3.88e-03f  1
  66  2.1368111e+06 7.05e+00 8.58e+01  -6.0 6.07e+01    -  6.75e-03 4.54e-03f  1
  67  2.1354857e+06 7.02e+00 8.55e+01  -6.0 8.87e+01    -  2.76e-03 4.88e-03f  1
  68  2.1341211e+06 6.98e+00 8.44e+01  -6.0 4.54e+01    -  1.57e-02 5.05e-03f  1
  69  2.1304098e+06 6.88e+00 8.38e+01  -6.0 4.57e+01    -  5.09e-03 1.38e-02f  1
iter    objective    inf_pr   inf_du lg(mu)  ||d||  lg(rg) alpha_du alpha_pr  ls
  70  2.1290042e+06 6.85e+00 8.32e+01  -6.0 1.01e+02    -  7.59e-03 5.32e-03f  1
  71  2.1290042e+06 6.85e+00 8.32e+01  -6.0 1.53e+02    -  1.82e-05 8.80e-09h  1
  72  2.1255553e+06 6.76e+00 8.22e+01  -6.0 8.91e+01    -  1.13e-02 1.32e-02f  1
  73  2.1207734e+06 6.63e+00 8.17e+01  -6.0 8.77e+01    -  3.10e-03 1.86e-02f  1
  74  2.1184776e+06 6.57e+00 8.10e+01  -6.0 6.28e+01    -  8.65e-03 9.11e-03f  1
  75  2.1179469e+06 6.56e+00 8.09e+01  -6.0 5.48e+01    -  1.44e-03 2.13e-03f  1
  76  2.1131501e+06 6.43e+00 8.04e+01  -6.0 5.49e+01    -  2.21e-03 1.93e-02f  1
  77  2.1131500e+06 6.43e+00 8.01e+01  -6.0 1.09e+02    -  4.63e-03 2.65e-07h  1
  78  2.1109125e+06 6.37e+00 7.94e+01  -6.0 4.79e+01    -  8.99e-03 9.17e-03f  1
  79  2.1089963e+06 6.32e+00 7.89e+01  -6.0 4.80e+01    -  4.98e-03 7.96e-03f  1
iter    objective    inf_pr   inf_du lg(mu)  ||d||  lg(rg) alpha_du alpha_pr  ls
  80  2.1080176e+06 6.29e+00 7.86e+01  -6.0 5.79e+01    -  4.07e-03 4.09e-03f  1
  81  2.1069120e+06 6.27e+00 7.85e+01  -6.0 4.61e+01    -  6.11e-04 4.65e-03f  1
  82  2.1062988e+06 6.25e+00 7.81e+01  -6.0 3.51e+01    -  5.27e-03 2.59e-03f  1
  83  2.1055188e+06 6.23e+00 7.79e+01  -6.0 3.53e+01    -  2.60e-03 3.31e-03f  1
  84  2.1052338e+06 6.22e+00 7.71e+01  -6.0 4.52e+01    -  1.25e-02 1.21e-03f  1
  85  2.1022922e+06 6.14e+00 7.68e+01  -6.0 4.51e+01    -  1.25e-03 1.25e-02f  1
  86  2.1021388e+06 6.14e+00 7.46e+01  -6.0 4.49e+01    -  3.66e-02 6.64e-04f  1
  87  2.0937657e+06 5.92e+00 7.40e+01  -6.0 3.73e+01    -  5.60e-04 3.63e-02f  1
  88  2.0917391e+06 5.86e+00 7.35e+01  -6.0 4.29e+01    -  5.54e-03 9.14e-03f  1
  89  2.0906872e+06 5.83e+00 7.34e+01  -6.0 2.71e+01    -  1.16e-03 4.79e-03f  1
iter    objective    inf_pr   inf_du lg(mu)  ||d||  lg(rg) alpha_du alpha_pr  ls
  90  2.0905736e+06 5.83e+00 7.32e+01  -6.0 1.75e+01    -  2.25e-03 5.20e-04f  1
  91  2.0901560e+06 5.82e+00 7.32e+01  -6.0 1.76e+01    -  6.28e-04 1.91e-03f  1
  92  2.0892375e+06 5.80e+00 7.27e+01  -6.0 2.86e+01    -  6.55e-03 4.21e-03f  1
  93  2.0880719e+06 5.76e+00 7.27e+01  -6.0 2.69e+01    -  1.43e-04 5.37e-03f  1
  94  2.0880064e+06 5.76e+00 7.26e+01  -6.0 2.76e+01    -  1.26e-03 3.04e-04f  1
  95  2.0877293e+06 5.76e+00 7.22e+01  -6.0 2.86e+01    -  5.62e-03 1.29e-03f  1
  96  2.0863794e+06 5.72e+00 7.20e+01  -6.0 2.83e+01    -  1.81e-03 6.27e-03f  1
  97  2.0854421e+06 5.69e+00 7.19e+01  -6.0 2.79e+01    -  5.65e-04 4.38e-03f  1
  98  2.0815673e+06 5.59e+00 7.10e+01  -6.0 2.78e+01    -  1.09e-02 1.82e-02f  1
  99  2.0796967e+06 5.54e+00 6.98e+01  -6.0 2.69e+01    -  1.99e-02 8.96e-03f  1
iter    objective    inf_pr   inf_du lg(mu)  ||d||  lg(rg) alpha_du alpha_pr  ls
 100  2.0783893e+06 5.51e+00 6.77e+01  -6.0 3.70e+01    -  3.51e-02 6.32e-03f  1
 101  2.0760877e+06 5.44e+00 6.56e+01  -6.0 3.39e+01    -  3.66e-02 1.12e-02f  1
 102  2.0740358e+06 5.39e+00 6.54e+01  -6.0 2.99e+01    -  1.31e-03 1.01e-02f  1
 103  2.0736834e+06 5.38e+00 6.53e+01  -6.0 2.98e+01    -  8.42e-04 1.76e-03f  1
 104  2.0669037e+06 5.20e+00 6.42e+01  -6.0 3.04e+01    -  1.31e-02 3.39e-02f  1
 105  2.0614640e+06 5.05e+00 6.31e+01  -6.0 2.88e+01    -  1.44e-02 2.81e-02f  1
 106  2.0589287e+06 4.98e+00 6.26e+01  -6.0 3.38e+01    -  6.45e-03 1.35e-02f  1
 107  2.0574985e+06 4.94e+00 6.18e+01  -6.0 3.21e+01    -  1.34e-02 7.73e-03f  1
 108  2.0546251e+06 4.87e+00 6.12e+01  -6.0 2.39e+01    -  8.70e-03 1.57e-02f  1
 109  2.0531817e+06 4.83e+00 6.07e+01  -6.0 2.37e+01    -  8.67e-03 8.00e-03f  1
iter    objective    inf_pr   inf_du lg(mu)  ||d||  lg(rg) alpha_du alpha_pr  ls
 110  2.0507306e+06 4.76e+00 5.94e+01  -6.0 2.38e+01    -  2.27e-02 1.37e-02f  1
 111  2.0496806e+06 4.73e+00 5.84e+01  -6.0 2.34e+01    -  2.07e-02 5.95e-03f  1
 112  2.0451622e+06 4.61e+00 5.73e+01  -6.0 3.11e+01    -  1.54e-02 2.58e-02f  1
 113  2.0423114e+06 4.53e+00 5.59e+01  -6.0 2.31e+01    -  2.77e-02 1.67e-02f  1
 114  2.0408913e+06 4.50e+00 5.57e+01  -6.0 2.30e+01    -  9.70e-04 8.46e-03f  1
 115  2.0404521e+06 4.48e+00 5.54e+01  -6.0 2.00e+01    -  6.11e-03 2.64e-03f  1
 116  2.0401029e+06 4.47e+00 5.53e+01  -6.0 2.76e+01    -  1.60e-03 2.11e-03f  1
 117  2.0398324e+06 4.47e+00 5.52e+01  -6.0 2.76e+01    -  2.39e-03 1.63e-03f  1
 118  2.0323762e+06 4.27e+00 5.40e+01  -6.0 2.77e+01    -  1.74e-02 4.51e-02f  1
 119  2.0323746e+06 4.27e+00 5.39e+01  -6.0 2.41e+01    -  1.34e-03 1.02e-05h  1
iter    objective    inf_pr   inf_du lg(mu)  ||d||  lg(rg) alpha_du alpha_pr  ls
 120  2.0309130e+06 4.23e+00 5.38e+01  -6.0 2.72e+01    -  2.60e-05 9.28e-03f  1
 121  2.0307131e+06 4.22e+00 5.35e+01  -6.0 3.47e+01    -  6.66e-03 1.28e-03f  1
 122  2.0296499e+06 4.19e+00 5.30e+01  -6.0 3.41e+01    -  1.09e-02 6.84e-03f  1
 123  2.0288452e+06 4.17e+00 5.26e+01  -6.0 2.48e+01    -  6.11e-03 5.21e-03f  1
 124  2.0282861e+06 4.15e+00 5.24e+01  -6.0 2.49e+01    -  5.34e-03 3.64e-03f  1
 125  2.0269358e+06 4.12e+00 5.17e+01  -6.0 3.36e+01    -  1.38e-02 8.83e-03f  1
 126  2.0249967e+06 4.07e+00 5.09e+01  -6.0 3.55e+01    -  1.61e-02 1.28e-02f  1
 127  2.0235424e+06 4.03e+00 5.08e+01  -6.0 2.85e+01    -  5.59e-04 9.74e-03f  1
 128  2.0206783e+06 3.95e+00 5.00e+01  -6.0 2.52e+01    -  1.35e-02 1.94e-02f  1
 129  2.0205736e+06 3.94e+00 4.92e+01  -6.0 2.33e+01    -  2.06e-02 7.23e-04f  1
iter    objective    inf_pr   inf_du lg(mu)  ||d||  lg(rg) alpha_du alpha_pr  ls
 130  2.0165651e+06 3.84e+00 4.89e+01  -6.0 2.37e+01    -  1.04e-03 2.77e-02f  1
 131  2.0162533e+06 3.83e+00 4.80e+01  -6.0 2.38e+01    -  2.13e-02 2.22e-03f  1
 132  2.0159460e+06 3.82e+00 4.75e+01  -6.0 2.34e+01    -  1.34e-02 2.19e-03f  1
 133  2.0139097e+06 3.76e+00 4.72e+01  -6.0 2.25e+01    -  3.08e-03 1.46e-02f  1
 134  2.0125718e+06 3.73e+00 4.68e+01  -6.0 2.18e+01    -  8.09e-03 9.72e-03f  1
 135  2.0115921e+06 3.70e+00 4.60e+01  -6.0 2.13e+01    -  2.09e-02 7.19e-03f  1
 136  2.0107625e+06 3.68e+00 4.55e+01  -6.0 2.09e+01    -  1.26e-02 6.14e-03f  1
 137  2.0105352e+06 3.67e+00 4.52e+01  -6.0 2.07e+01    -  6.66e-03 1.69e-03f  1
 138  2.0102976e+06 3.66e+00 4.48e+01  -6.0 2.54e+01    -  1.02e-02 1.77e-03f  1
 139  2.0102221e+06 3.66e+00 4.48e+01  -6.0 2.58e+01    -  1.31e-03 5.65e-04f  1
iter    objective    inf_pr   inf_du lg(mu)  ||d||  lg(rg) alpha_du alpha_pr  ls
 140  2.0098892e+06 3.65e+00 4.47e+01  -6.0 1.90e+01    -  8.77e-04 2.49e-03f  1
 141  2.0098189e+06 3.65e+00 4.47e+01  -6.0 2.98e+01    -  1.45e-03 5.27e-04f  1
 142  2.0096158e+06 3.65e+00 4.46e+01  -6.0 2.97e+01    -  1.84e-03 1.53e-03f  1
 143  2.0082913e+06 3.61e+00 4.44e+01  -6.0 3.02e+01    -  3.70e-03 9.97e-03f  1
 144  2.0070528e+06 3.58e+00 4.39e+01  -6.0 2.98e+01    -  1.02e-02 9.43e-03f  1
 145  2.0070091e+06 3.57e+00 4.38e+01  -6.0 4.10e+01    -  2.56e-03 3.36e-04f  1
 146  2.0069221e+06 3.57e+00 4.37e+01  -6.0 3.53e+01    -  2.54e-03 6.71e-04f  1
 147  2.0066352e+06 3.56e+00 4.37e+01  -6.0 3.71e+01    -  8.95e-04 2.22e-03f  1
 148  2.0064334e+06 3.56e+00 4.36e+01  -6.0 3.70e+01    -  2.22e-03 1.56e-03f  1
 149  2.0054622e+06 3.53e+00 4.35e+01  -6.0 3.76e+01    -  1.25e-03 7.53e-03f  1
iter    objective    inf_pr   inf_du lg(mu)  ||d||  lg(rg) alpha_du alpha_pr  ls
 150  2.0029112e+06 3.46e+00 4.30e+01  -6.0 2.90e+01    -  9.24e-03 2.00e-02f  1
 151  2.0028920e+06 3.46e+00 4.26e+01  -6.0 2.82e+01    -  1.07e-02 1.54e-04f  1
 152  2.0027505e+06 3.46e+00 4.25e+01  -6.0 2.53e+01    -  1.78e-03 1.13e-03f  1
 153  2.0014672e+06 3.42e+00 4.24e+01  -6.0 2.73e+01    -  1.35e-03 1.03e-02f  1
 154  2.0008970e+06 3.40e+00 4.22e+01  -6.0 3.50e+01    -  6.49e-03 4.62e-03f  1
 155  2.0008281e+06 3.40e+00 4.16e+01  -6.0 2.43e+01    -  1.64e-02 5.61e-04f  1
 156  1.9990499e+06 3.35e+00 4.15e+01  -6.0 2.74e+01    -  5.94e-04 1.45e-02f  1
 157  1.9989117e+06 3.35e+00 4.10e+01  -6.0 2.44e+01    -  1.40e-02 1.15e-03f  1
 158  1.9970094e+06 3.30e+00 4.02e+01  -6.0 1.86e+01    -  1.88e-02 1.58e-02f  1
 159  1.9943228e+06 3.22e+00 4.00e+01  -6.0 2.05e+01    -  2.87e-03 2.27e-02f  1
iter    objective    inf_pr   inf_du lg(mu)  ||d||  lg(rg) alpha_du alpha_pr  ls
 160  1.9943224e+06 3.22e+00 3.99e+01  -6.0 3.99e+01    -  3.15e-03 3.73e-06h  1
 161  1.9930984e+06 3.19e+00 3.98e+01  -6.0 2.49e+01    -  7.71e-05 1.06e-02f  1
 162  1.9917108e+06 3.15e+00 3.95e+01  -6.0 2.41e+01    -  6.38e-03 1.22e-02f  1
 163  1.9903313e+06 3.11e+00 3.90e+01  -6.0 2.85e+01    -  1.33e-02 1.22e-02f  1
 164  1.9895294e+06 3.09e+00 3.84e+01  -6.0 1.90e+01    -  1.58e-02 7.21e-03f  1
 165  1.9875889e+06 3.03e+00 3.80e+01  -6.0 1.57e+01    -  8.41e-03 1.76e-02f  1
 166  1.9860255e+06 2.99e+00 3.78e+01  -6.0 1.99e+01    -  4.06e-03 1.44e-02f  1
 167  1.9859420e+06 2.99e+00 3.73e+01  -6.0 1.44e+01    -  1.53e-02 7.84e-04f  1
 168  1.9850563e+06 2.96e+00 3.72e+01  -6.0 1.53e+01    -  8.61e-04 8.31e-03f  1
 169  1.9847773e+06 2.95e+00 3.64e+01  -6.0 1.50e+01    -  2.53e-02 2.64e-03f  1
iter    objective    inf_pr   inf_du lg(mu)  ||d||  lg(rg) alpha_du alpha_pr  ls
 170  1.9820116e+06 2.88e+00 3.58e+01  -6.0 1.58e+01    -  1.63e-02 2.62e-02f  1
 171  1.9804423e+06 2.83e+00 3.53e+01  -6.0 1.53e+01    -  2.16e-02 1.53e-02f  1
 172  1.9800923e+06 2.82e+00 3.52e+01  -6.0 1.51e+01    -  2.66e-03 3.47e-03f  1
 173  1.9778583e+06 2.76e+00 3.47e+01  -6.0 2.23e+01    -  4.34e-03 2.22e-02f  1
 174  1.9774126e+06 2.75e+00 3.45e+01  -6.0 2.02e+01    -  5.83e-03 4.55e-03f  1
 175  1.9773728e+06 2.75e+00 3.42e+01  -6.0 2.10e+01    -  1.79e-02 4.08e-04f  1
 176  1.9768600e+06 2.73e+00 3.40e+01  -6.0 2.19e+01    -  1.31e-03 5.26e-03f  1
 177  1.9768111e+06 2.73e+00 3.40e+01  -6.0 2.17e+01    -  5.47e-03 5.06e-04f  1
 178  1.9765217e+06 2.72e+00 3.39e+01  -6.0 2.17e+01    -  1.70e-03 2.99e-03f  1
 179  1.9763353e+06 2.72e+00 3.38e+01  -6.0 4.12e+01    -  6.00e-03 1.94e-03f  1
iter    objective    inf_pr   inf_du lg(mu)  ||d||  lg(rg) alpha_du alpha_pr  ls
 180  1.9757523e+06 2.70e+00 3.36e+01  -6.0 4.10e+01    -  2.01e-03 6.07e-03f  1
 181  1.9744385e+06 2.66e+00 3.32e+01  -6.0 4.11e+01    -  5.71e-03 1.38e-02f  1
 182  1.9734293e+06 2.64e+00 3.31e+01  -6.0 2.80e+01    -  1.62e-03 1.07e-02f  1
 183  1.9733870e+06 2.63e+00 3.29e+01  -6.0 2.66e+01    -  6.42e-03 4.55e-04f  1
 184  1.9731071e+06 2.63e+00 3.29e+01  -6.0 2.72e+01    -  1.43e-03 3.01e-03f  1
 185  1.9729888e+06 2.62e+00 3.29e+01  -6.0 1.96e+01    -  5.69e-04 1.28e-03f  1
 186  1.9724493e+06 2.61e+00 3.26e+01  -6.0 2.76e+01    -  6.35e-03 5.83e-03f  1
 187  1.9717519e+06 2.59e+00 3.24e+01  -6.0 2.74e+01    -  5.86e-03 7.58e-03f  1
 188  1.9715764e+06 2.58e+00 3.24e+01  -6.0 2.75e+01    -  8.85e-04 1.92e-03f  1
 189  1.9714867e+06 2.58e+00 3.24e+01  -6.0 2.67e+01    -  5.97e-04 9.85e-04f  1
iter    objective    inf_pr   inf_du lg(mu)  ||d||  lg(rg) alpha_du alpha_pr  ls
 190  1.9710596e+06 2.57e+00 3.21e+01  -6.0 2.68e+01    -  1.03e-02 4.69e-03f  1
 191  1.9703529e+06 2.55e+00 3.17e+01  -6.0 1.71e+01    -  1.13e-02 7.80e-03f  1
 192  1.9702821e+06 2.55e+00 3.17e+01  -6.0 1.68e+01    -  7.90e-03 7.87e-04f  1
 193  1.9692437e+06 2.52e+00 3.13e+01  -6.0 1.69e+01    -  2.01e-02 1.16e-02f  1
 194  1.9656792e+06 2.42e+00 3.06e+01  -6.0 1.67e+01    -  6.42e-03 4.02e-02f  1
 195  1.9647499e+06 2.39e+00 3.03e+01  -6.0 2.45e+01    -  6.24e-03 1.09e-02f  1
 196  1.9639353e+06 2.37e+00 3.00e+01  -6.0 2.56e+01    -  1.20e-02 9.70e-03f  1
 197  1.9628731e+06 2.34e+00 2.97e+01  -6.0 2.33e+01    -  1.06e-02 1.28e-02f  1
 198  1.9616812e+06 2.30e+00 2.93e+01  -6.0 2.32e+01    -  1.33e-02 1.45e-02f  1
 199  1.9603521e+06 2.26e+00 2.90e+01  -6.0 2.29e+01    -  6.16e-03 1.64e-02f  1
iter    objective    inf_pr   inf_du lg(mu)  ||d||  lg(rg) alpha_du alpha_pr  ls
 200  1.9567770e+06 2.16e+00 2.85e+01  -6.0 2.13e+01    -  1.33e-02 4.50e-02f  1
 201  1.9533740e+06 2.06e+00 2.78e+01  -6.0 1.77e+01    -  1.66e-02 4.49e-02f  1
 202  1.9533410e+06 2.06e+00 2.72e+01  -6.0 1.67e+01    -  2.63e-02 4.57e-04f  1
 203  1.9478808e+06 1.91e+00 2.66e+01  -6.0 1.06e+01    -  1.13e-02 7.56e-02f  1
 204  1.9478447e+06 1.91e+00 2.62e+01  -6.0 6.42e+01    -  1.75e-02 5.41e-04f  1
 205  1.9470215e+06 1.88e+00 2.46e+01  -6.0 7.96e+00    -  7.38e-02 1.24e-02f  1
 206  1.9468415e+06 1.88e+00 2.45e+01  -6.0 7.45e+00    -  2.79e-03 2.74e-03f  1
 207  1.9438982e+06 1.79e+00 2.42e+01  -6.0 7.56e+00    -  3.13e-03 4.49e-02f  1
 208  1.9436935e+06 1.79e+00 2.27e+01  -6.0 9.67e+00    -  7.68e-02 3.27e-03f  1
 209  1.9420305e+06 1.74e+00 2.21e+01  -6.0 1.32e+01    -  2.68e-02 2.67e-02f  1
iter    objective    inf_pr   inf_du lg(mu)  ||d||  lg(rg) alpha_du alpha_pr  ls
 210  1.9415724e+06 1.73e+00 2.15e+01  -6.0 1.30e+01    -  1.02e-01 7.55e-03f  1
 211  1.9414021e+06 1.72e+00 2.14e+01  -6.0 1.29e+01    -  5.23e-02 2.83e-03f  1
 212  1.9397415e+06 1.67e+00 2.08e+01  -6.0 1.14e+01    -  7.92e-03 2.76e-02f  1
 213  1.9386336e+06 1.64e+00 2.04e+01  -6.0 8.94e+00    -  6.12e-03 1.90e-02f  1
 214  1.9386329e+06 1.64e+00 2.04e+01  -6.0 1.24e+01    -  5.10e-04 1.16e-05h  1
 215  1.9379905e+06 1.62e+00 2.02e+01  -6.0 8.68e+00    -  1.93e-02 1.12e-02f  1
 216  1.9367884e+06 1.59e+00 1.98e+01  -6.0 8.62e+00    -  3.76e-03 2.13e-02f  1
 217  1.9367766e+06 1.59e+00 1.98e+01  -6.0 9.20e+00    -  1.97e-02 2.13e-04f  1
 218  1.9355915e+06 1.56e+00 1.93e+01  -6.0 9.83e+00    -  3.19e-03 2.15e-02f  1
 219  1.9354600e+06 1.55e+00 1.93e+01  -6.0 8.41e+00    -  9.68e-04 2.44e-03f  1
iter    objective    inf_pr   inf_du lg(mu)  ||d||  lg(rg) alpha_du alpha_pr  ls
 220  1.9344649e+06 1.52e+00 1.89e+01  -6.0 7.58e+00    -  5.67e-02 1.85e-02f  1
 221  1.9333846e+06 1.49e+00 1.86e+01  -6.0 1.30e+01    -  7.14e-03 2.05e-02f  1
 222  1.9326594e+06 1.47e+00 1.83e+01  -6.0 1.04e+01    -  1.05e-01 1.40e-02f  1
 223  1.9301307e+06 1.40e+00 1.74e+01  -6.0 9.83e+00    -  1.16e-02 4.96e-02f  1
 224  1.9295534e+06 1.38e+00 1.72e+01  -6.0 6.50e+00    -  8.98e-02 1.19e-02f  1
 225  1.9293518e+06 1.38e+00 1.71e+01  -6.0 6.22e+00    -  1.36e-02 4.22e-03f  1
 226  1.9293153e+06 1.37e+00 1.71e+01  -6.0 7.57e+00    -  5.29e-03 7.69e-04f  1
 227  1.9283087e+06 1.35e+00 1.67e+01  -6.0 1.07e+01    -  3.67e-02 2.12e-02f  1
 228  1.9261446e+06 1.28e+00 1.59e+01  -6.0 9.50e+00    -  3.32e-02 4.67e-02f  1
 229  1.9247958e+06 1.24e+00 1.55e+01  -6.0 9.19e+00    -  2.75e-03 3.05e-02f  1
iter    objective    inf_pr   inf_du lg(mu)  ||d||  lg(rg) alpha_du alpha_pr  ls
 230  1.9246664e+06 1.24e+00 1.54e+01  -6.0 7.28e+00    -  1.64e-02 3.02e-03f  1
 231  1.9187225e+06 1.07e+00 1.33e+01  -6.0 6.83e+00    -  2.81e-03 1.39e-01f  1
 232  1.9146842e+06 9.49e-01 1.18e+01  -6.0 5.82e+00    -  1.41e-02 1.10e-01f  1
 233  1.9129466e+06 8.99e-01 1.12e+01  -6.0 4.67e+00    -  2.39e-01 5.33e-02f  1
 234  1.9129214e+06 8.98e-01 1.12e+01  -6.0 4.01e+00    -  4.20e-03 8.16e-04f  1
 235  1.9118807e+06 8.68e-01 1.08e+01  -6.0 4.04e+00    -  5.72e-02 3.38e-02f  1
 236  1.9105930e+06 8.30e-01 1.03e+01  -6.0 4.00e+00    -  3.73e-02 4.33e-02f  1
 237  1.9099259e+06 8.11e-01 1.01e+01  -6.0 5.49e+00    -  1.37e-01 2.34e-02f  1
 238  1.9062322e+06 7.03e-01 8.74e+00  -6.0 5.28e+00    -  5.14e-02 1.33e-01f  1
 239  1.9055167e+06 6.82e-01 8.48e+00  -6.0 5.57e+00    -  3.05e-01 2.98e-02f  1
iter    objective    inf_pr   inf_du lg(mu)  ||d||  lg(rg) alpha_du alpha_pr  ls
 240  1.9050938e+06 6.70e-01 8.33e+00  -6.0 4.05e+00    -  3.93e-02 1.81e-02f  1
 241  1.9043168e+06 6.47e-01 8.05e+00  -6.0 5.24e+00    -  7.05e-02 3.39e-02f  1
 242  1.9030493e+06 6.10e-01 7.59e+00  -6.0 5.35e+00    -  4.91e-02 5.73e-02f  1
 243  1.9020311e+06 5.80e-01 7.21e+00  -6.0 5.06e+00    -  3.34e-02 4.89e-02f  1
 244  1.9012233e+06 5.56e-01 6.92e+00  -6.0 3.52e+00    -  4.77e-02 4.09e-02f  1
 245  1.9010426e+06 5.51e-01 6.85e+00  -6.0 3.63e+00    -  1.24e-02 9.56e-03f  1
 246  1.9007784e+06 5.43e-01 6.76e+00  -6.0 3.05e+00    -  4.00e-03 1.41e-02f  1
 247  1.9004783e+06 5.34e-01 6.65e+00  -6.0 3.17e+00    -  1.72e-02 1.63e-02f  1
 248  1.8996198e+06 5.09e-01 6.33e+00  -6.0 3.19e+00    -  3.20e-02 4.73e-02f  1
 249  1.8996152e+06 5.09e-01 6.33e+00  -6.0 2.97e+00    -  1.37e-02 2.63e-04h  1
iter    objective    inf_pr   inf_du lg(mu)  ||d||  lg(rg) alpha_du alpha_pr  ls
 250  1.8987543e+06 4.84e-01 6.01e+00  -6.0 3.03e+00    -  2.86e-02 4.98e-02f  1
 251  1.8958135e+06 3.97e-01 4.94e+00  -6.0 2.88e+00    -  5.11e-02 1.79e-01f  1
 252  1.8957654e+06 3.96e-01 4.92e+00  -6.0 2.36e+00    -  3.40e-02 3.58e-03f  1
 253  1.8956526e+06 3.92e-01 4.88e+00  -6.0 3.10e+00    -  1.82e-01 8.41e-03f  1
 254  1.8930893e+06 3.17e-01 3.94e+00  -6.0 1.19e+00    -  2.21e-02 1.93e-01f  1
 255  1.8921644e+06 2.89e-01 3.60e+00  -6.0 2.41e+00    -  2.65e-02 8.63e-02f  1
 256  1.8917238e+06 2.76e-01 3.44e+00  -6.0 2.13e+00    -  1.61e-02 4.50e-02f  1
 257  1.8909853e+06 2.54e-01 3.16e+00  -6.0 2.08e+00    -  1.53e-01 7.90e-02f  1
 258  1.8884195e+06 1.79e-01 2.22e+00  -6.0 1.83e+00    -  7.95e-02 2.98e-01f  1
 259  1.8875203e+06 1.52e-01 1.89e+00  -6.0 1.28e+00    -  1.22e-01 1.49e-01f  1
iter    objective    inf_pr   inf_du lg(mu)  ||d||  lg(rg) alpha_du alpha_pr  ls
 260  1.8853893e+06 8.89e-02 2.98e+00  -6.0 1.09e+00    -  2.31e-02 4.15e-01f  1
 261  1.8840905e+06 5.04e-02 1.69e+00  -6.0 6.45e-01    -  4.97e-01 4.33e-01f  1
 262  1.8824636e+06 2.18e-03 1.11e+00  -6.0 3.58e-01    -  3.02e-01 9.57e-01f  1
 263  1.8823900e+06 3.68e-04 8.42e-01  -6.0 9.22e-02    -  1.00e+00 1.00e+00f  1
 264  1.8823903e+06 1.30e-05 3.09e-02  -6.0 1.05e-02    -  1.00e+00 9.77e-01h  1
 265  1.8823904e+06 2.00e-07 2.74e-04  -6.0 3.69e-03    -  1.00e+00 1.00e+00h  1
 266  1.8823904e+06 5.09e-09 7.86e-08  -6.0 5.88e-04    -  1.00e+00 1.00e+00h  1
 267  1.8823902e+06 4.66e-07 5.15e-03  -7.2 7.27e-03    -  1.00e+00 9.78e-01h  1
 268  1.8823902e+06 3.69e-08 2.35e-07  -7.2 1.47e-03    -  1.00e+00 1.00e+00f  1

Number of Iterations....: 268

                                   (scaled)                 (unscaled)
Objective...............:   1.3354320499912215e+04    1.8823902296627236e+06
Dual infeasibility......:   2.3530662353072468e-07    3.3168208679136652e-05
Constraint violation....:   1.3155001941933531e-08    3.6858372354231499e-08
Variable bound violation:   1.3115896457804865e-07    1.3115896457804865e-07
Complementarity.........:   1.0738087824039863e-07    1.5136128869578773e-05
Overall NLP error.......:   2.3530662353072468e-07    3.3168208679136652e-05


Number of objective function evaluations             = 269
Number of objective gradient evaluations             = 269
Number of equality constraint evaluations            = 269
Number of inequality constraint evaluations          = 270
Number of equality constraint Jacobian evaluations   = 269
Number of inequality constraint Jacobian evaluations = 269
Number of Lagrangian Hessian evaluations             = 268
Total seconds in IPOPT                               = 65.399

EXIT: Optimal Solution Found.

