Solver command line: ['/opt/homebrew/bin/ipopt', '/var/folders/6y/bvynbx6n3zv7z3lwg6vd724r0000gn/T/tmpsx865q8u.pyomo.nl', '-AMPL', 'tol=1e-06', 'max_iter=300', 'print_level=5', 'warm_start_init_point=yes', 'warm_start_bound_push=1e-06', 'warm_start_bound_frac=1e-06', 'warm_start_mult_bound_push=1e-06', 'mu_init=1e-06', 'least_square_init_duals=no']

Ipopt 3.14.19: tol=1e-06
max_iter=300
print_level=5
warm_start_init_point=yes
warm_start_bound_push=1e-06
warm_start_bound_frac=1e-06
warm_start_mult_bound_push=1e-06
mu_init=1e-06
least_square_init_duals=no


******************************************************************************
This program contains Ipopt, a library for large-scale nonlinear optimization.
 Ipopt is released as open source code under the Eclipse Public License (EPL).
         For more information visit https://github.com/coin-or/Ipopt
******************************************************************************

This is Ipopt version 3.14.19, running with linear solver MUMPS 5.6.2.

Number of nonzeros in equality constraint Jacobian...:   110041
Number of nonzeros in inequality constraint Jacobian.:    92152
Number of nonzeros in Lagrangian Hessian.............:    61684

Total number of variables............................:    16016
                     variables with only lower bounds:        0
                variables with lower and upper bounds:    16016
                     variables with only upper bounds:        0
Total number of equality constraints.................:    14673
Total number of inequality constraints...............:    23038
        inequality constraints with only lower bounds:        0
   inequality constraints with lower and upper bounds:        0
        inequality constraints with only upper bounds:    23038

iter    objective    inf_pr   inf_du lg(mu)  ||d||  lg(rg) alpha_du alpha_pr  ls
   0  1.8823911e+06 1.31e+01 1.20e+03  -6.0 0.00e+00    -  0.00e+00 0.00e+00   0
   1  1.8821953e+06 1.23e+01 1.12e+03  -6.0 4.19e+00    -  1.05e-01 6.13e-02h  1
   2  1.8809057e+06 5.50e+00 6.96e+02  -6.0 3.99e+00    -  1.97e-01 5.26e-01h  1
   3  1.8809159e+06 5.44e+00 6.89e+02  -6.0 2.19e+00    -  1.00e+00 1.09e-02h  1
   4  1.8809725e+06 5.11e+00 6.47e+02  -6.0 2.16e+00    -  1.89e-01 6.00e-02h  1
   5  1.8812183e+06 3.77e+00 4.74e+02  -6.0 2.04e+00    -  3.19e-01 2.60e-01h  1
   6  1.8819587e+06 6.23e-01 4.96e+01  -6.0 1.55e+00    -  1.00e+00 8.16e-01h  1
   7  1.8820542e+06 4.77e-01 3.79e+01  -6.0 3.66e-01    -  3.56e-01 2.35e-01h  1
   8  1.8820629e+06 4.64e-01 3.68e+01  -6.0 3.14e-01    -  3.71e-01 2.73e-02h  1
   9  1.8820632e+06 4.64e-01 3.68e+01  -6.0 5.79e-01    -  2.49e-01 9.55e-04h  1
iter    objective    inf_pr   inf_du lg(mu)  ||d||  lg(rg) alpha_du alpha_pr  ls
  10  1.8821830e+06 2.87e-01 2.28e+01  -6.0 3.26e-01    -  3.77e-02 3.80e-01h  1
  11  1.8821831e+06 2.87e-01 2.28e+01  -6.0 2.98e+01    -  3.94e-02 5.20e-04h  1
  12  1.8823676e+06 2.38e-02 2.45e+00  -6.0 2.00e-01    -  1.00e-01 9.15e-01h  1
  13  1.8823682e+06 2.32e-02 2.38e+00  -6.0 5.85e+00    -  2.30e-01 2.65e-02h  1
  14  1.8823799e+06 1.10e-02 1.13e+00  -6.0 9.29e-02    -  5.53e-01 5.27e-01h  1
  15  1.8823901e+06 2.35e-04 6.29e-02  -6.0 4.82e-02    -  1.00e+00 9.78e-01h  1
  16  1.8823904e+06 2.01e-08 1.82e-05  -6.0 5.03e-03    -  1.00e+00 1.00e+00h  1
  17  1.8823904e+06 6.20e-11 3.92e-09  -6.0 6.86e-04    -  1.00e+00 1.00e+00h  1
  18  1.8823902e+06 4.64e-07 5.13e-03  -7.2 7.26e-03    -  1.00e+00 9.78e-01f  1
  19  1.8823902e+06 3.66e-08 2.34e-07  -7.2 1.47e-03    -  1.00e+00 1.00e+00f  1

Number of Iterations....: 19

                                   (scaled)                 (unscaled)
Objective...............:   1.3354320499911890e+04    1.8823902296626777e+06
Dual infeasibility......:   2.3363536510052083e-07    3.2932632444443329e-05
Constraint violation....:   1.3154959843664216e-08    3.6602151975984043e-08
Variable bound violation:   1.3115896457804865e-07    1.3115896457804865e-07
Complementarity.........:   1.0738083943175239e-07    1.5136123399213096e-05
Overall NLP error.......:   2.3363536510052083e-07    3.2932632444443329e-05


Number of objective function evaluations             = 20
Number of objective gradient evaluations             = 20
Number of equality constraint evaluations            = 20
Number of inequality constraint evaluations          = 21
Number of equality constraint Jacobian evaluations   = 20
Number of inequality constraint Jacobian evaluations = 20
Number of Lagrangian Hessian evaluations             = 19
Total seconds in IPOPT                               = 6.172

EXIT: Optimal Solution Found.

