Solver command line: ['/opt/homebrew/bin/ipopt', '/var/folders/6y/bvynbx6n3zv7z3lwg6vd724r0000gn/T/tmpqbgl2c34.pyomo.nl', '-AMPL', 'tol=1e-06', 'max_iter=300', 'print_level=5', 'warm_start_init_point=yes', 'warm_start_bound_push=1e-06', 'warm_start_bound_frac=1e-06', 'warm_start_mult_bound_push=1e-06', 'mu_init=1e-06', 'least_square_init_duals=no']

Ipopt 3.14.19: tol=1e-06
max_iter=300
print_level=5
warm_start_init_point=yes
warm_start_bound_push=1e-06
warm_start_bound_frac=1e-06
warm_start_mult_bound_push=1e-06
mu_init=1e-06
least_square_init_duals=no


******************************************************************************
This program contains Ipopt, a library for large-scale nonlinear optimization.
 Ipopt is released as open source code under the Eclipse Public License (EPL).
         For more information visit https://github.com/coin-or/Ipopt
******************************************************************************

This is Ipopt version 3.14.19, running with linear solver MUMPS 5.6.2.

Number of nonzeros in equality constraint Jacobian...:   110041
Number of nonzeros in inequality constraint Jacobian.:    92152
Number of nonzeros in Lagrangian Hessian.............:    61684

Total number of variables............................:    16016
                     variables with only lower bounds:        0
                variables with lower and upper bounds:    16016
                     variables with only upper bounds:        0
Total number of equality constraints.................:    14673
Total number of inequality constraints...............:    23038
        inequality constraints with only lower bounds:        0
   inequality constraints with lower and upper bounds:        0
        inequality constraints with only upper bounds:    23038

iter    objective    inf_pr   inf_du lg(mu)  ||d||  lg(rg) alpha_du alpha_pr  ls
   0  1.8823911e+06 2.92e+01 1.88e+03  -6.0 0.00e+00    -  0.00e+00 0.00e+00   0
   1  1.8823883e+06 2.92e+01 1.88e+03  -6.0 2.16e+01    -  1.27e-03 9.11e-05h  1
   2  1.8823435e+06 2.91e+01 1.87e+03  -6.0 2.25e+01    -  7.94e-04 1.50e-03h  1
   3  1.8822567e+06 2.90e+01 1.87e+03  -6.0 1.99e+01    -  1.63e-03 2.80e-03h  1
   4  1.8820276e+06 2.88e+01 1.85e+03  -6.0 2.04e+01    -  1.32e-03 7.60e-03f  1
   5  1.8818356e+06 2.86e+01 1.84e+03  -6.0 1.93e+01    -  9.20e-04 6.51e-03f  1
   6  1.8815790e+06 2.84e+01 1.82e+03  -6.0 1.93e+01    -  6.96e-04 8.80e-03f  1
   7  1.8813553e+06 2.81e+01 1.81e+03  -6.0 1.84e+01    -  8.97e-04 8.02e-03f  1
   8  1.8809418e+06 2.77e+01 1.78e+03  -6.0 1.48e+01    -  1.88e-02 1.50e-02f  1
   9  1.8806747e+06 2.74e+01 1.76e+03  -6.0 1.30e+01    -  1.98e-02 1.09e-02f  1
iter    objective    inf_pr   inf_du lg(mu)  ||d||  lg(rg) alpha_du alpha_pr  ls
  10  1.8799469e+06 2.65e+01 1.70e+03  -6.0 1.11e+01    -  4.89e-02 3.19e-02f  1
  11  1.8794608e+06 2.58e+01 1.66e+03  -6.0 1.32e+01    -  2.76e-01 2.52e-02f  1
  12  1.8784198e+06 2.42e+01 1.56e+03  -6.0 1.45e+01    -  1.46e-01 6.25e-02f  1
  13  1.8780127e+06 2.34e+01 1.51e+03  -6.0 2.03e+01    -  3.40e-01 3.03e-02h  1
  14  1.8757754e+06 1.89e+01 1.27e+03  -6.0 2.22e+01    -  1.33e-01 1.87e-01f  1
  15  1.8752645e+06 1.67e+01 1.13e+03  -6.0 3.20e+01    -  2.82e-01 1.20e-01h  1
  16  1.8751175e+06 1.51e+01 1.02e+03  -6.0 3.41e+01    -  2.24e-01 9.49e-02h  1
  17  1.8751195e+06 1.48e+01 1.00e+03  -6.0 3.47e+01    -  4.39e-01 1.91e-02h  1
  18  1.8752617e+06 1.15e+01 8.02e+02  -6.0 3.47e+01    -  6.77e-02 2.21e-01H  1
  19  1.8754132e+06 1.09e+01 7.59e+02  -6.0 3.35e+01    -  2.84e-01 5.50e-02h  1
iter    objective    inf_pr   inf_du lg(mu)  ||d||  lg(rg) alpha_du alpha_pr  ls
  20  1.8757430e+06 9.69e+00 6.79e+02  -6.0 3.28e+01    -  3.63e-01 1.08e-01h  1
  21  1.8763878e+06 7.89e+00 5.59e+02  -6.0 3.11e+01    -  3.40e-01 1.85e-01h  1
  22  1.8776305e+06 5.34e+00 3.88e+02  -6.0 2.77e+01    -  5.07e-01 3.24e-01h  1
  23  1.8782534e+06 4.44e+00 3.24e+02  -6.0 2.18e+01    -  1.80e-01 1.69e-01h  1
  24  1.8791142e+06 3.30e+00 2.42e+02  -6.0 1.82e+01    -  1.99e-01 2.56e-01h  1
  25  1.8793492e+06 3.03e+00 2.22e+02  -6.0 1.49e+01    -  4.43e-01 8.38e-02h  1
  26  1.8795534e+06 2.79e+00 2.04e+02  -6.0 1.41e+01    -  6.01e-02 7.75e-02h  1
  27  1.8804532e+06 1.78e+00 1.28e+02  -6.0 1.24e+01    -  2.51e-01 3.63e-01h  1
  28  1.8808842e+06 1.34e+00 9.50e+01  -6.0 8.11e+00    -  2.24e-01 2.46e-01h  1
  29  1.8811121e+06 1.12e+00 7.87e+01  -6.0 6.42e+00    -  2.30e-01 1.65e-01h  1
iter    objective    inf_pr   inf_du lg(mu)  ||d||  lg(rg) alpha_du alpha_pr  ls
  30  1.8811265e+06 1.11e+00 7.78e+01  -6.0 6.30e+00    -  6.46e-03 1.22e-02h  1
  31  1.8813516e+06 8.93e-01 6.20e+01  -6.0 5.47e+00    -  3.23e-01 1.92e-01h  1
  32  1.8815526e+06 7.09e-01 4.84e+01  -6.0 4.59e+00    -  1.92e-01 2.06e-01h  1
  33  1.8816756e+06 5.99e-01 4.06e+01  -6.0 3.74e+00    -  1.24e-01 1.55e-01h  1
  34  1.8819191e+06 3.85e-01 2.48e+01  -6.0 3.21e+00    -  5.23e-01 3.57e-01h  1
  35  1.8819362e+06 3.71e-01 2.38e+01  -6.0 2.22e+00    -  1.63e-01 3.75e-02h  1
  36  1.8820880e+06 2.43e-01 1.51e+01  -6.0 2.11e+00    -  8.42e-02 3.44e-01h  1
  37  1.8820894e+06 2.42e-01 1.50e+01  -6.0 1.88e+00    -  1.89e-01 4.45e-03h  1
  38  1.8821009e+06 2.33e-01 1.44e+01  -6.0 1.88e+00    -  1.14e-01 3.92e-02h  1
  39  1.8823413e+06 3.63e-02 4.07e+00  -6.0 1.82e+00    -  1.27e-01 8.44e-01h  1
iter    objective    inf_pr   inf_du lg(mu)  ||d||  lg(rg) alpha_du alpha_pr  ls
  40  1.8823517e+06 2.86e-02 3.21e+00  -6.0 2.24e-01    -  2.05e-01 2.12e-01h  1
  41  1.8823869e+06 2.41e-03 5.22e-01  -6.0 3.59e-01    -  6.89e-01 9.16e-01h  1
  42  1.8823904e+06 1.02e-06 5.38e-02  -6.0 1.09e-01    -  9.50e-01 1.00e+00h  1
  43  1.8823904e+06 7.99e-09 1.26e-06  -6.0 9.37e-02    -  1.00e+00 1.00e+00h  1
  44  1.8823902e+06 4.68e-07 5.16e-03  -7.2 1.07e-02    -  1.00e+00 9.78e-01h  1
  45  1.8823902e+06 3.71e-08 2.37e-07  -7.2 1.21e-02    -  1.00e+00 1.00e+00f  1

Number of Iterations....: 45

                                   (scaled)                 (unscaled)
Objective...............:   1.3354320499913225e+04    1.8823902296628659e+06
Dual infeasibility......:   2.3713881258728394e-07    3.3426469275696754e-05
Constraint violation....:   1.3154357915434733e-08    3.7142555697755597e-08
Variable bound violation:   1.3115896457804865e-07    1.3115896457804865e-07
Complementarity.........:   1.0738816324836434e-07    1.5137155745324175e-05
Overall NLP error.......:   2.3713881258728394e-07    3.3426469275696754e-05


Number of objective function evaluations             = 47
Number of objective gradient evaluations             = 46
Number of equality constraint evaluations            = 47
Number of inequality constraint evaluations          = 48
Number of equality constraint Jacobian evaluations   = 46
Number of inequality constraint Jacobian evaluations = 46
Number of Lagrangian Hessian evaluations             = 45
Total seconds in IPOPT                               = 13.191

EXIT: Optimal Solution Found.

