Solver command line: ['/opt/homebrew/bin/ipopt', '/var/folders/6y/bvynbx6n3zv7z3lwg6vd724r0000gn/T/tmpkjuphkj0.pyomo.nl', '-AMPL', 'tol=1e-06', 'max_iter=300', 'print_level=5', 'warm_start_init_point=yes', 'warm_start_bound_push=1e-06', 'warm_start_bound_frac=1e-06', 'warm_start_mult_bound_push=1e-06', 'mu_init=1e-06', 'least_square_init_duals=no']

Ipopt 3.14.19: tol=1e-06
max_iter=300
print_level=5
warm_start_init_point=yes
warm_start_bound_push=1e-06
warm_start_bound_frac=1e-06
warm_start_mult_bound_push=1e-06
mu_init=1e-06
least_square_init_duals=no


******************************************************************************
This program contains Ipopt, a library for large-scale nonlinear optimization.
 Ipopt is released as open source code under the Eclipse Public License (EPL).
         For more information visit https://github.com/coin-or/Ipopt
******************************************************************************

This is Ipopt version 3.14.19, running with linear solver MUMPS 5.6.2.

Number of nonzeros in equality constraint Jacobian...:   110041
Number of nonzeros in inequality constraint Jacobian.:    92152
Number of nonzeros in Lagrangian Hessian.............:    61684

Total number of variables............................:    16016
                     variables with only lower bounds:        0
                variables with lower and upper bounds:    16016
                     variables with only upper bounds:        0
Total number of equality constraints.................:    14673
Total number of inequality constraints...............:    23038
        inequality constraints with only lower bounds:        0
   inequality constraints with lower and upper bounds:        0
        inequality constraints with only upper bounds:    23038

iter    objective    inf_pr   inf_du lg(mu)  ||d||  lg(rg) alpha_du alpha_pr  ls
   0  2.5657086e+06 2.63e+01 1.88e+03  -6.0 0.00e+00    -  0.00e+00 0.00e+00   0
   1  2.5633121e+06 2.63e+01 1.88e+03  -6.0 6.86e+01   0.0 7.30e-05 7.11e-05f  1
   2  2.5628601e+06 2.63e+01 1.88e+03  -6.0 2.06e+02  -0.5 4.96e-05 4.98e-06f  1
   3  2.5627279e+06 2.63e+01 1.88e+03  -6.0 6.18e+02  -1.0 1.95e-05 5.51e-07f  1
   4  2.5622323e+06 2.63e+01 1.88e+03  -6.0 2.32e+02  -0.5 1.24e-04 5.07e-06f  1
   5  2.5567309e+06 2.63e+01 1.88e+03  -6.0 6.91e+02  -1.0 4.96e-05 2.11e-05f  1
   6  2.5564529e+06 2.63e+01 1.88e+03  -6.0 2.30e+02  -0.6 2.56e-04 2.66e-06f  1
   7  2.5532490e+06 2.63e+01 1.88e+03  -6.0 6.45e+02  -1.1 1.01e-04 1.18e-05f  1
   8  2.5510692e+06 2.63e+01 1.88e+03  -6.0 2.54e+02  -0.6 4.59e-04 1.99e-05f  1
   9  2.5440487e+06 2.63e+01 1.88e+03  -6.0 7.25e+02  -1.1 6.88e-05 2.43e-05f  1
iter    objective    inf_pr   inf_du lg(mu)  ||d||  lg(rg) alpha_du alpha_pr  ls
  10  2.5417081e+06 2.63e+01 1.88e+03  -6.0 2.82e+02  -0.7 7.21e-04 2.05e-05f  1
  11  2.5347826e+06 2.63e+01 1.88e+03  -6.0 8.96e+02  -1.2 1.94e-05 2.25e-05f  1
  12  2.5293739e+06 2.63e+01 1.88e+03  -6.0 3.15e+02  -0.7 9.99e-04 4.67e-05f  1
  13  2.5234938e+06 2.63e+01 1.87e+03  -6.0 1.20e+02  -0.3 8.58e-04 1.27e-04f  1
  14  2.5115746e+06 2.63e+01 1.87e+03  -6.0 3.53e+02  -0.8 8.28e-04 1.05e-04f  1
  15  2.5071819e+06 2.63e+01 1.87e+03  -6.0 1.35e+02  -0.4 4.98e-04 1.00e-04f  1
  16  2.4958823e+06 2.63e+01 1.87e+03  -6.0 3.86e+02  -0.8 3.57e-04 1.05e-04f  1
  17  2.4917020e+06 2.63e+01 1.87e+03  -6.0 1.50e+02  -0.4 2.88e-04 9.89e-05f  1
  18  2.4844360e+06 2.63e+01 1.87e+03  -6.0 4.12e+02  -0.9 2.43e-04 7.07e-05f  1
  19  2.4793732e+06 2.63e+01 1.87e+03  -6.0 1.67e+02  -0.5 2.89e-03 1.22e-04f  1
iter    objective    inf_pr   inf_du lg(mu)  ||d||  lg(rg) alpha_du alpha_pr  ls
  20  2.4665218e+06 2.63e+01 1.87e+03  -6.0 4.61e+02  -0.9 6.52e-05 1.52e-04f  1
  21  2.4637583e+06 2.63e+01 1.87e+03  -6.0 1.82e+02  -0.5 2.24e-04 8.13e-05f  1
  22  2.4587059e+06 2.63e+01 1.87e+03  -6.0 5.17e+02  -1.0 1.40e-04 6.30e-05f  1
  23  2.4544361e+06 2.63e+01 1.87e+03  -6.0 2.02e+02  -0.6 4.35e-04 1.30e-04f  1
  24  2.4494061e+06 2.63e+01 1.87e+03  -6.0 5.80e+02  -1.0 1.84e-04 6.66e-05f  1
  25  2.4476884e+06 2.63e+01 1.87e+03  -6.0 2.47e+02  -0.6 3.52e-04 5.59e-05f  1
  26  2.4418293e+06 2.63e+01 1.87e+03  -6.0 6.64e+02  -1.1 1.21e-04 8.16e-05f  1
  27  2.4403087e+06 2.63e+01 1.87e+03  -6.0 2.75e+02  -0.7 1.19e-03 5.42e-05f  1
  28  2.4324030e+06 2.63e+01 1.87e+03  -6.0 7.24e+02  -1.1 7.80e-05 1.22e-04f  1
  29  2.4307377e+06 2.63e+01 1.87e+03  -6.0 3.04e+02  -0.7 1.31e-03 6.42e-05f  1
iter    objective    inf_pr   inf_du lg(mu)  ||d||  lg(rg) alpha_du alpha_pr  ls
  30  2.4166254e+06 2.63e+01 1.87e+03  -6.0 7.52e+02  -1.2 8.16e-05 2.21e-04f  1
  31  2.4120571e+06 2.63e+01 1.87e+03  -6.0 3.34e+02  -0.8 1.31e-03 1.82e-04f  1
  32  2.4085278e+06 2.63e+01 1.87e+03  -6.0 7.56e+02  -1.2 7.84e-05 4.87e-05f  1
  33  2.4079628e+06 2.63e+01 1.87e+03  -6.0 3.68e+02  -0.8 2.39e-03 2.13e-05f  1
  34  2.4026694e+06 2.63e+01 1.87e+03  -6.0 1.48e+02  -0.4 1.03e-03 4.75e-04f  1
  35  2.3948038e+06 2.63e+01 1.87e+03  -6.0 4.01e+02  -0.9 2.53e-03 2.83e-04f  1
  36  2.3884333e+06 2.62e+01 1.87e+03  -6.0 1.60e+02  -0.4 1.88e-03 5.54e-04f  1
  37  2.3820188e+06 2.62e+01 1.87e+03  -6.0 4.31e+02  -0.9 1.33e-03 2.30e-04f  1
  38  2.3792715e+06 2.62e+01 1.87e+03  -6.0 1.73e+02  -0.5 1.42e-03 2.44e-04f  1
  39  2.3723053e+06 2.62e+01 1.87e+03  -6.0 4.71e+02  -1.0 5.22e-06 2.54e-04f  1
iter    objective    inf_pr   inf_du lg(mu)  ||d||  lg(rg) alpha_du alpha_pr  ls
  40  2.3674962e+06 2.62e+01 1.87e+03  -6.0 1.90e+02  -0.5 1.53e-03 4.21e-04f  1
  41  2.3636348e+06 2.62e+01 1.87e+03  -6.0 5.13e+02  -1.0 2.48e-04 1.38e-04f  1
  42  2.3583008e+06 2.62e+01 1.86e+03  -6.0 2.08e+02  -0.6 2.80e-04 4.59e-04f  1
  43  2.3541762e+06 2.62e+01 1.86e+03  -6.0 5.60e+02  -1.1 4.44e-04 1.40e-04f  1
  44  2.3510323e+06 2.62e+01 1.86e+03  -6.0 2.26e+02  -0.6 1.08e-03 2.66e-04f  1
  45  2.3473049e+06 2.62e+01 1.86e+03  -6.0 5.62e+02  -1.1 2.71e-04 1.27e-04f  1
  46  2.3446377e+06 2.62e+01 1.86e+03  -6.0 1.99e+02  -0.7 6.23e-04 2.25e-04f  1
  47  2.3396537e+06 2.62e+01 1.86e+03  -6.0 2.28e+02  -1.2 3.79e-04 2.07e-04f  1
  48  2.3383813e+06 2.62e+01 1.86e+03  -6.0 9.09e+01  -0.8 3.33e-03 1.29e-04f  1
  49  2.3312770e+06 2.62e+01 1.86e+03  -6.0 2.49e+02  -1.2 4.04e-04 2.95e-04f  1
iter    objective    inf_pr   inf_du lg(mu)  ||d||  lg(rg) alpha_du alpha_pr  ls
  50  2.3286785e+06 2.62e+01 1.86e+03  -6.0 9.65e+01  -0.8 1.20e-03 2.69e-04f  1
  51  2.3238721e+06 2.62e+01 1.86e+03  -6.0 2.71e+02  -1.3 7.17e-04 2.09e-04f  1
  52  2.3231539e+06 2.61e+01 1.86e+03  -6.0 1.04e+02  -0.9 4.72e-03 7.62e-05f  1
  53  2.3130814e+06 2.61e+01 1.86e+03  -6.0 2.81e+02  -1.3 2.11e-04 4.48e-04f  1
  54  2.3100085e+06 2.61e+01 1.86e+03  -6.0 1.08e+02  -0.9 6.02e-03 3.46e-04f  1
  55  2.3040881e+06 2.61e+01 1.86e+03  -6.0 3.12e+02  -1.4 1.13e-04 2.79e-04f  1
  56  2.3027304e+06 2.61e+01 1.86e+03  -6.0 1.21e+02  -1.0 4.01e-03 1.58e-04f  1
  57  2.2985014e+06 2.61e+01 1.86e+03  -6.0 3.49e+02  -1.4 2.98e-04 1.93e-04f  1
  58  2.2946116e+06 2.61e+01 1.86e+03  -6.0 1.34e+02  -1.0 3.34e-03 4.54e-04f  1
  59  2.2915846e+06 2.61e+01 1.86e+03  -6.0 4.80e+02  -1.5 2.75e-05 1.31e-04f  1
iter    objective    inf_pr   inf_du lg(mu)  ||d||  lg(rg) alpha_du alpha_pr  ls
  60  2.2898392e+06 2.61e+01 1.85e+03  -6.0 1.48e+02  -1.1 2.57e-04 2.05e-04f  1
  61  2.2898007e+06 2.61e+01 1.85e+03  -6.0 1.15e+03  -1.5 9.54e-06 1.27e-06f  1
  62  2.2860620e+06 2.61e+01 1.85e+03  -6.0 1.66e+02  -1.1 1.81e-03 4.09e-04f  1
  63  2.2829236e+06 2.61e+01 1.85e+03  -6.0 6.38e+01  -0.7 1.12e-03 7.77e-04f  1
  64  2.2776258e+06 2.60e+01 1.85e+03  -6.0 1.87e+02  -1.2 1.18e-03 6.06e-04f  1
  65  2.2757634e+06 2.60e+01 1.85e+03  -6.0 7.12e+01  -0.7 3.17e-03 4.84e-04f  1
  66  2.2749725e+06 2.60e+01 1.85e+03  -6.0 2.07e+02  -1.2 1.59e-03 9.58e-05f  1
  67  2.2707652e+06 2.60e+01 1.85e+03  -6.0 7.89e+01  -0.8 1.75e-03 1.09e-03f  1
  68  2.2669123e+06 2.60e+01 1.85e+03  -6.0 2.18e+02  -1.3 1.36e-03 4.58e-04f  1
  69  2.2644745e+06 2.60e+01 1.85e+03  -6.0 7.75e+01  -0.8 9.89e-04 6.42e-04f  1
iter    objective    inf_pr   inf_du lg(mu)  ||d||  lg(rg) alpha_du alpha_pr  ls
  70  2.2602870e+06 2.60e+01 1.85e+03  -6.0 2.29e+02  -1.3 1.20e-03 5.35e-04f  1
  71  2.2581513e+06 2.59e+01 1.84e+03  -6.0 8.67e+01  -0.9 5.75e-04 5.91e-04f  1
  72  2.2567812e+06 2.59e+01 1.84e+03  -6.0 2.53e+02  -1.4 4.66e-05 1.85e-04f  1
  73  2.2559192e+06 2.59e+01 1.84e+03  -6.0 9.66e+01  -0.9 1.04e-04 2.39e-04f  1
  74  2.2544739e+06 2.59e+01 1.84e+03  -6.0 2.78e+02  -1.4 1.36e-04 1.88e-04f  1
  75  2.2531882e+06 2.59e+01 1.84e+03  -6.0 1.02e+02  -1.0 4.90e-03 3.45e-04f  1
  76  2.2498930e+06 2.59e+01 1.84e+03  -6.0 2.99e+02  -1.5 3.93e-04 4.18e-04f  1
  77  2.2485077e+06 2.59e+01 1.84e+03  -6.0 1.14e+02  -1.0 1.38e-03 3.66e-04f  1
  78  2.2458602e+06 2.59e+01 1.84e+03  -6.0 3.34e+02  -1.5 6.18e-04 3.31e-04f  1
  79  2.2437493e+06 2.59e+01 1.84e+03  -6.0 1.28e+02  -1.1 1.67e-03 5.53e-04f  1
iter    objective    inf_pr   inf_du lg(mu)  ||d||  lg(rg) alpha_du alpha_pr  ls
  80  2.2429978e+06 2.59e+01 1.84e+03  -6.0 3.74e+02  -1.6 2.90e-04 9.53e-05f  1
  81  2.2409928e+06 2.59e+01 1.84e+03  -6.0 1.44e+02  -1.1 4.56e-04 5.16e-04f  1
  82  2.2403556e+06 2.59e+01 1.84e+03  -6.0 4.18e+02  -1.6 6.95e-04 7.85e-05f  1
  83  2.2363057e+06 2.58e+01 1.84e+03  -6.0 1.60e+02  -1.2 1.85e-03 1.02e-03f  1
  84  2.2358015e+06 2.58e+01 1.84e+03  -6.0 4.52e+02  -1.7 8.02e-04 6.10e-05f  1
  85  2.2343740e+06 2.58e+01 1.84e+03  -6.0 1.73e+02  -1.2 1.08e-04 3.59e-04f  1
  86  2.2329998e+06 2.58e+01 1.83e+03  -6.0 4.45e+02  -1.7 1.21e-04 1.65e-04f  1
  87  2.2322034e+06 2.58e+01 1.83e+03  -6.0 1.74e+02  -1.3 7.03e-05 1.94e-04f  1
  88  2.2320155e+06 2.58e+01 1.83e+03  -6.0 4.07e+02  -1.8 4.36e-05 2.27e-05f  1
  89  2.2319097e+06 2.58e+01 1.83e+03  -6.0 2.20e+03  -2.3 4.30e-06 4.82e-06f  1
iter    objective    inf_pr   inf_du lg(mu)  ||d||  lg(rg) alpha_du alpha_pr  ls
  90  2.2301343e+06 2.58e+01 1.83e+03  -6.0 4.46e+02  -1.8 1.32e-04 2.03e-04f  1
  91  2.2298952e+06 2.58e+01 1.83e+03  -6.0 1.22e+03  -2.3 5.47e-05 1.44e-05f  1
  92  2.2242572e+06 2.58e+01 1.83e+03  -6.0 1.60e+06    -  1.85e-06 8.71e-07f  1
  93  2.2219446e+06 2.58e+01 1.83e+03  -6.0 6.72e+05    -  6.18e-06 1.93e-06f  1
  94  2.2203348e+06 2.58e+01 1.83e+03  -6.0 1.10e+05    -  1.47e-05 6.20e-06f  1
  95  2.2195232e+06 2.58e+01 1.83e+03  -6.0 1.55e+04    -  3.73e-05 1.39e-05f  1
  96  2.2190269e+06 2.58e+01 1.83e+03  -6.0 1.97e+04    -  6.22e-05 2.76e-05f  1
  97  2.2187340e+06 2.58e+01 1.83e+03  -6.0 1.00e+04    -  1.36e-04 3.34e-05f  1
  98  2.2182793e+06 2.58e+01 1.83e+03  -6.0 2.08e+03    -  5.73e-06 7.74e-05f  1
  99  2.2179300e+06 2.58e+01 1.83e+03  -6.0 1.01e+03    -  8.68e-05 6.23e-05f  1
iter    objective    inf_pr   inf_du lg(mu)  ||d||  lg(rg) alpha_du alpha_pr  ls
 100  2.2177175e+06 2.58e+01 1.83e+03  -6.0 3.64e+02    -  1.04e-04 4.31e-05f  1
 101  2.2163714e+06 2.58e+01 1.83e+03  -6.0 3.25e+02    -  2.36e-04 2.94e-04f  1
 102  2.2158617e+06 2.58e+01 1.83e+03  -6.0 2.49e+02    -  9.55e-04 1.29e-04f  1
 103  2.2148547e+06 2.58e+01 1.83e+03  -6.0 1.94e+02    -  1.35e-04 3.01e-04f  1
 104  2.2140496e+06 2.58e+01 1.83e+03  -6.0 1.94e+02    -  1.91e-04 2.42e-04f  1
 105  2.2135780e+06 2.58e+01 1.83e+03  -6.0 1.91e+02    -  2.81e-04 1.45e-04f  1
 106  2.2131801e+06 2.58e+01 1.83e+03  -6.0 1.88e+02    -  9.02e-04 1.27e-04f  1
 107  2.2127928e+06 2.58e+01 1.83e+03  -6.0 1.83e+02    -  9.20e-04 1.35e-04f  1
 108  2.2111363e+06 2.57e+01 1.83e+03  -6.0 1.79e+02    -  4.23e-04 6.02e-04f  1
 109  2.2109515e+06 2.57e+01 1.83e+03  -6.0 1.75e+02    -  2.39e-03 7.09e-05f  1
iter    objective    inf_pr   inf_du lg(mu)  ||d||  lg(rg) alpha_du alpha_pr  ls
 110  2.2098216e+06 2.57e+01 1.83e+03  -6.0 1.69e+02    -  6.81e-04 4.54e-04f  1
 111  2.2084973e+06 2.57e+01 1.83e+03  -6.0 1.68e+02    -  2.97e-03 5.44e-04f  1
 112  2.2069982e+06 2.57e+01 1.83e+03  -6.0 1.64e+02    -  1.81e-04 6.50e-04f  1
 113  2.2064038e+06 2.57e+01 1.83e+03  -6.0 1.61e+02    -  3.18e-03 2.71e-04f  1
 114  2.2044907e+06 2.57e+01 1.82e+03  -6.0 1.35e+02    -  6.34e-04 9.13e-04f  1
 115  2.2035448e+06 2.57e+01 1.82e+03  -6.0 1.31e+02    -  1.00e-02 5.31e-04f  1
 116  2.2016770e+06 2.56e+01 1.82e+03  -6.0 1.30e+02    -  2.78e-03 1.15e-03f  1
 117  2.1998848e+06 2.56e+01 1.82e+03  -6.0 1.23e+02    -  4.10e-03 1.15e-03f  1
 118  2.1998319e+06 2.56e+01 1.82e+03  -6.0 1.28e+02    -  3.80e-04 3.80e-05f  1
 119  2.1986630e+06 2.56e+01 1.82e+03  -6.0 1.30e+02    -  1.04e-04 8.40e-04f  1
iter    objective    inf_pr   inf_du lg(mu)  ||d||  lg(rg) alpha_du alpha_pr  ls
 120  2.1983586e+06 2.56e+01 1.82e+03  -6.0 1.36e+02    -  8.69e-04 2.24e-04f  1
 121  2.1977802e+06 2.56e+01 1.82e+03  -6.0 1.38e+02    -  4.39e-03 4.31e-04f  1
 122  2.1960714e+06 2.55e+01 1.81e+03  -6.0 1.43e+02    -  1.88e-03 1.31e-03f  1
 123  2.1952638e+06 2.55e+01 1.81e+03  -6.0 1.32e+02    -  1.49e-03 6.42e-04f  1
 124  2.1940336e+06 2.55e+01 1.81e+03  -6.0 1.22e+02    -  3.14e-03 1.08e-03f  1
 125  2.1931821e+06 2.55e+01 1.81e+03  -6.0 1.23e+02    -  6.09e-03 7.77e-04f  1
 126  2.1927869e+06 2.55e+01 1.81e+03  -6.0 1.27e+02    -  2.48e-03 3.80e-04f  1
 127  2.1910804e+06 2.54e+01 1.81e+03  -6.0 1.29e+02    -  1.29e-02 1.67e-03f  1
 128  2.1898459e+06 2.54e+01 1.80e+03  -6.0 1.37e+02    -  1.26e-03 1.29e-03f  1
 129  2.1891167e+06 2.54e+01 1.80e+03  -6.0 1.43e+02    -  2.26e-03 8.01e-04f  1
iter    objective    inf_pr   inf_du lg(mu)  ||d||  lg(rg) alpha_du alpha_pr  ls
 130  2.1883816e+06 2.53e+01 1.80e+03  -6.0 1.46e+02    -  1.68e-03 8.24e-04f  1
 131  2.1870392e+06 2.53e+01 1.80e+03  -6.0 1.50e+02    -  1.07e-02 1.54e-03f  1
 132  2.1848921e+06 2.52e+01 1.79e+03  -6.0 1.58e+02    -  3.77e-03 2.60e-03f  1
 133  2.1843596e+06 2.52e+01 1.79e+03  -6.0 1.70e+02    -  6.12e-03 7.09e-04f  1
 134  2.1838252e+06 2.52e+01 1.79e+03  -6.0 1.71e+02    -  4.63e-03 7.32e-04f  1
 135  2.1820902e+06 2.51e+01 1.79e+03  -6.0 1.75e+02    -  1.79e-03 2.45e-03f  1
 136  2.1811039e+06 2.51e+01 1.78e+03  -6.0 1.86e+02    -  6.11e-03 1.41e-03f  1
 137  2.1795312e+06 2.50e+01 1.78e+03  -6.0 1.72e+02    -  8.23e-03 2.28e-03f  1
 138  2.1783153e+06 2.50e+01 1.78e+03  -6.0 1.80e+02    -  3.40e-03 1.80e-03f  1
 139  2.1782520e+06 2.50e+01 1.78e+03  -6.0 1.84e+02    -  5.67e-03 1.02e-04f  1
iter    objective    inf_pr   inf_du lg(mu)  ||d||  lg(rg) alpha_du alpha_pr  ls
 140  2.1781211e+06 2.50e+01 1.78e+03  -6.0 1.16e+02    -  1.29e-02 2.29e-04f  1
 141  2.1758787e+06 2.49e+01 1.77e+03  -6.0 4.73e+01    -  5.56e-03 4.30e-03f  1
 142  2.1751833e+06 2.48e+01 1.77e+03  -6.0 5.00e+01    -  1.07e-02 1.38e-03f  1
 143  2.1730929e+06 2.47e+01 1.76e+03  -6.0 5.02e+01    -  5.57e-03 4.41e-03f  1
 144  2.1717524e+06 2.47e+01 1.75e+03  -6.0 5.27e+01    -  2.17e-02 2.85e-03f  1
 145  2.1698770e+06 2.46e+01 1.75e+03  -6.0 5.42e+01    -  3.22e-03 4.04e-03f  1
 146  2.1694660e+06 2.45e+01 1.74e+03  -6.0 7.87e+01    -  2.65e-02 8.71e-04f  1
 147  2.1668815e+06 2.44e+01 1.74e+03  -6.0 7.20e+01    -  9.68e-04 5.61e-03f  1
 148  2.1665846e+06 2.44e+01 1.73e+03  -6.0 8.45e+01    -  1.17e-02 6.71e-04f  1
 149  2.1659436e+06 2.44e+01 1.73e+03  -6.0 8.38e+01    -  1.35e-02 1.46e-03f  1
iter    objective    inf_pr   inf_du lg(mu)  ||d||  lg(rg) alpha_du alpha_pr  ls
 150  2.1640642e+06 2.42e+01 1.72e+03  -6.0 6.02e+01    -  5.07e-03 4.47e-03f  1
 151  2.1619146e+06 2.41e+01 1.71e+03  -6.0 6.17e+01    -  6.00e-03 5.16e-03f  1
 152  2.1617864e+06 2.41e+01 1.71e+03  -6.0 6.38e+01    -  5.58e-03 3.03e-04f  1
 153  2.1616445e+06 2.41e+01 1.71e+03  -6.0 5.96e+01    -  5.51e-04 3.40e-04f  1
 154  2.1603223e+06 2.40e+01 1.71e+03  -6.0 5.66e+01    -  6.82e-04 3.25e-03f  1
 155  2.1599417e+06 2.40e+01 1.71e+03  -6.0 3.92e+01    -  1.71e-02 9.94e-04f  1
 156  2.1593358e+06 2.40e+01 1.70e+03  -6.0 3.85e+01    -  6.45e-03 1.59e-03f  1
 157  2.1560855e+06 2.38e+01 1.69e+03  -6.0 3.92e+01    -  9.34e-03 8.57e-03f  1
 158  2.1545268e+06 2.37e+01 1.68e+03  -6.0 4.06e+01    -  3.62e-03 4.14e-03f  1
 159  2.1531017e+06 2.36e+01 1.68e+03  -6.0 4.15e+01    -  4.61e-03 3.82e-03f  1
iter    objective    inf_pr   inf_du lg(mu)  ||d||  lg(rg) alpha_du alpha_pr  ls
 160  2.1528515e+06 2.36e+01 1.67e+03  -6.0 4.23e+01    -  5.35e-03 6.76e-04f  1
 161  2.1513478e+06 2.35e+01 1.67e+03  -6.0 4.24e+01    -  3.00e-03 4.15e-03f  1
 162  2.1498099e+06 2.34e+01 1.66e+03  -6.0 4.32e+01    -  3.01e-02 4.40e-03f  1
 163  2.1497124e+06 2.33e+01 1.66e+03  -6.0 4.41e+01    -  8.56e-03 2.83e-04f  1
 164  2.1477888e+06 2.32e+01 1.65e+03  -6.0 4.42e+01    -  2.70e-02 5.61e-03f  1
 165  2.1460593e+06 2.31e+01 1.64e+03  -6.0 4.50e+01    -  1.69e-03 5.09e-03f  1
 166  2.1453989e+06 2.31e+01 1.64e+03  -6.0 4.59e+01    -  9.26e-03 1.95e-03f  1
 167  2.1451585e+06 2.30e+01 1.64e+03  -6.0 4.64e+01    -  1.26e-02 7.15e-04f  1
 168  2.1425046e+06 2.29e+01 1.63e+03  -6.0 4.66e+01    -  4.22e-04 7.93e-03f  1
 169  2.1424913e+06 2.29e+01 1.63e+03  -6.0 4.79e+01    -  9.51e-03 4.05e-05f  1
iter    objective    inf_pr   inf_du lg(mu)  ||d||  lg(rg) alpha_du alpha_pr  ls
 170  2.1407455e+06 2.27e+01 1.62e+03  -6.0 4.81e+01    -  5.41e-04 5.30e-03f  1
 171  2.1407420e+06 2.27e+01 1.62e+03  -6.0 1.03e+03    -  2.10e-03 1.07e-05h  1
 172  2.1406051e+06 2.27e+01 1.62e+03  -6.0 4.92e+01    -  5.31e-03 4.19e-04f  1
 173  2.1405990e+06 2.27e+01 1.62e+03  -6.0 4.99e+02    -  4.08e-03 1.84e-05h  1
 174  2.1382470e+06 2.26e+01 1.60e+03  -6.0 4.92e+01    -  4.32e-03 7.20e-03f  1
 175  2.1372920e+06 2.25e+01 1.60e+03  -6.0 5.03e+01    -  1.41e-02 2.96e-03f  1
 176  2.1372906e+06 2.25e+01 1.60e+03  -6.0 5.64e+03    -  2.30e-04 4.39e-06h  1
 177  2.1364817e+06 2.24e+01 1.60e+03  -6.0 5.05e+01    -  3.45e-03 2.52e-03f  1
 178  2.1360842e+06 2.24e+01 1.59e+03  -6.0 4.53e+01    -  9.63e-03 1.23e-03f  1
 179  2.1358095e+06 2.24e+01 1.59e+03  -6.0 4.49e+01    -  1.29e-03 8.56e-04f  1
iter    objective    inf_pr   inf_du lg(mu)  ||d||  lg(rg) alpha_du alpha_pr  ls
 180  2.1341225e+06 2.23e+01 1.58e+03  -6.0 4.49e+01    -  2.08e-03 5.26e-03f  1
 181  2.1335453e+06 2.22e+01 1.58e+03  -6.0 4.66e+01    -  6.66e-03 1.83e-03f  1
 182  2.1328342e+06 2.22e+01 1.58e+03  -6.0 4.40e+01    -  2.13e-03 2.28e-03f  1
 183  2.1320700e+06 2.21e+01 1.57e+03  -6.0 3.64e+01    -  2.61e-02 2.47e-03f  1
 184  2.1319027e+06 2.21e+01 1.57e+03  -6.0 3.65e+01    -  1.14e-03 5.46e-04f  1
 185  2.1297040e+06 2.19e+01 1.56e+03  -6.0 3.64e+01    -  9.33e-03 7.23e-03f  1
 186  2.1286233e+06 2.19e+01 1.56e+03  -6.0 3.69e+01    -  7.91e-03 3.59e-03f  1
 187  2.1260526e+06 2.17e+01 1.54e+03  -6.0 3.71e+01    -  1.13e-03 8.58e-03f  1
 188  2.1246922e+06 2.16e+01 1.54e+03  -6.0 3.58e+01    -  1.57e-02 4.59e-03f  1
 189  2.1236537e+06 2.15e+01 1.53e+03  -6.0 3.56e+01    -  6.16e-03 3.56e-03f  1
iter    objective    inf_pr   inf_du lg(mu)  ||d||  lg(rg) alpha_du alpha_pr  ls
 190  2.1230571e+06 2.15e+01 1.53e+03  -6.0 3.53e+01    -  5.01e-02 2.06e-03f  1
 191  2.1210760e+06 2.13e+01 1.52e+03  -6.0 3.49e+01    -  1.48e-02 6.86e-03f  1
 192  2.1210651e+06 2.13e+01 1.52e+03  -6.0 1.23e+02    -  8.24e-04 3.84e-05f  1
 193  2.1208018e+06 2.13e+01 1.51e+03  -6.0 3.90e+01    -  7.83e-03 9.04e-04f  1
 194  2.1192839e+06 2.12e+01 1.51e+03  -6.0 3.10e+01    -  2.05e-03 5.29e-03f  1
 195  2.1190604e+06 2.12e+01 1.51e+03  -6.0 3.44e+01    -  1.70e-02 7.78e-04f  1
 196  2.1178907e+06 2.11e+01 1.50e+03  -6.0 3.44e+01    -  5.76e-03 4.11e-03f  1
 197  2.1140437e+06 2.08e+01 1.48e+03  -6.0 3.05e+01    -  1.05e-02 1.39e-02f  1
 198  2.1140080e+06 2.08e+01 1.48e+03  -6.0 8.19e+01    -  1.95e-02 1.31e-04f  1
 199  2.1114129e+06 2.06e+01 1.46e+03  -6.0 3.14e+01    -  5.48e-02 9.54e-03f  1
iter    objective    inf_pr   inf_du lg(mu)  ||d||  lg(rg) alpha_du alpha_pr  ls
 200  2.1100826e+06 2.05e+01 1.46e+03  -6.0 3.19e+01    -  1.49e-03 4.95e-03f  1
 201  2.1100063e+06 2.05e+01 1.46e+03  -6.0 3.22e+01    -  6.55e-02 2.86e-04f  1
 202  2.1076677e+06 2.03e+01 1.44e+03  -6.0 3.29e+01    -  3.85e-03 8.87e-03f  1
 203  2.1034174e+06 2.00e+01 1.42e+03  -6.0 3.26e+01    -  2.78e-02 1.65e-02f  1
 204  2.1034123e+06 2.00e+01 1.42e+03  -6.0 4.22e+01    -  9.87e-03 2.05e-05h  1
 205  2.1009260e+06 1.98e+01 1.41e+03  -6.0 4.21e+01    -  8.65e-03 9.91e-03f  1
 206  2.1001011e+06 1.97e+01 1.40e+03  -6.0 3.79e+01    -  7.37e-03 3.33e-03f  1
 207  2.0974092e+06 1.95e+01 1.39e+03  -6.0 3.31e+01    -  1.99e-03 1.09e-02f  1
 208  2.0967274e+06 1.94e+01 1.38e+03  -6.0 3.37e+01    -  1.30e-02 2.78e-03f  1
 209  2.0891782e+06 1.88e+01 1.34e+03  -6.0 3.38e+01    -  9.23e-03 3.09e-02f  1
iter    objective    inf_pr   inf_du lg(mu)  ||d||  lg(rg) alpha_du alpha_pr  ls
 210  2.0891768e+06 1.88e+01 1.34e+03  -6.0 3.44e+01    -  5.77e-03 6.00e-06h  1
 211  2.0824003e+06 1.83e+01 1.30e+03  -6.0 3.55e+01    -  3.70e-05 2.91e-02f  1
 212  2.0807953e+06 1.82e+01 1.29e+03  -6.0 3.40e+01    -  2.26e-02 7.10e-03f  1
 213  2.0777050e+06 1.79e+01 1.27e+03  -6.0 3.44e+01    -  5.95e-03 1.38e-02f  1
 214  2.0750482e+06 1.77e+01 1.26e+03  -6.0 3.06e+01    -  3.87e-02 1.21e-02f  1
 215  2.0745902e+06 1.76e+01 1.26e+03  -6.0 3.34e+01    -  9.72e-04 2.09e-03f  1
 216  2.0713944e+06 1.74e+01 1.24e+03  -6.0 3.25e+01    -  1.38e-02 1.47e-02f  1
 217  2.0711703e+06 1.74e+01 1.24e+03  -6.0 3.32e+01    -  2.01e-02 1.05e-03f  1
 218  2.0684662e+06 1.71e+01 1.22e+03  -6.0 3.18e+01    -  7.32e-03 1.28e-02f  1
 219  2.0667974e+06 1.70e+01 1.21e+03  -6.0 3.29e+01    -  1.38e-02 7.98e-03f  1
iter    objective    inf_pr   inf_du lg(mu)  ||d||  lg(rg) alpha_du alpha_pr  ls
 220  2.0659670e+06 1.69e+01 1.21e+03  -6.0 3.21e+01    -  2.06e-03 4.02e-03f  1
 221  2.0655668e+06 1.69e+01 1.20e+03  -6.0 3.22e+01    -  2.86e-03 1.95e-03f  1
 222  2.0649299e+06 1.69e+01 1.20e+03  -6.0 3.60e+01    -  1.56e-02 3.11e-03f  1
 223  2.0604205e+06 1.65e+01 1.17e+03  -6.0 3.61e+01    -  3.85e-03 2.21e-02f  1
 224  2.0584091e+06 1.63e+01 1.16e+03  -6.0 3.59e+01    -  2.57e-02 1.01e-02f  1
 225  2.0583468e+06 1.63e+01 1.16e+03  -6.0 3.65e+01    -  3.62e-03 3.18e-04f  1
 226  2.0555924e+06 1.61e+01 1.15e+03  -6.0 3.55e+01    -  2.27e-02 1.41e-02f  1
 227  2.0546550e+06 1.60e+01 1.14e+03  -6.0 3.74e+01    -  3.21e-03 4.87e-03f  1
 228  2.0541357e+06 1.60e+01 1.14e+03  -6.0 3.58e+01    -  4.49e-03 2.71e-03f  1
 229  2.0532210e+06 1.59e+01 1.13e+03  -6.0 3.66e+01    -  1.32e-02 4.82e-03f  1
iter    objective    inf_pr   inf_du lg(mu)  ||d||  lg(rg) alpha_du alpha_pr  ls
 230  2.0508048e+06 1.57e+01 1.12e+03  -6.0 3.94e+01    -  8.17e-03 1.27e-02f  1
 231  2.0497060e+06 1.56e+01 1.11e+03  -6.0 4.00e+01    -  1.56e-02 5.87e-03f  1
 232  2.0470701e+06 1.54e+01 1.10e+03  -6.0 3.97e+01    -  6.36e-03 1.41e-02f  1
 233  2.0458776e+06 1.53e+01 1.09e+03  -6.0 3.97e+01    -  2.50e-02 6.51e-03f  1
 234  2.0444198e+06 1.51e+01 1.08e+03  -6.0 4.00e+01    -  4.42e-02 8.01e-03f  1
 235  2.0436590e+06 1.51e+01 1.07e+03  -6.0 4.02e+01    -  1.38e-02 4.22e-03f  1
 236  2.0409388e+06 1.49e+01 1.06e+03  -6.0 4.15e+01    -  7.98e-03 1.53e-02f  1
 237  2.0396501e+06 1.47e+01 1.05e+03  -6.0 4.19e+01    -  2.40e-02 7.36e-03f  1
 238  2.0373646e+06 1.45e+01 1.04e+03  -6.0 3.85e+01    -  8.46e-03 1.31e-02f  1
 239  2.0362389e+06 1.45e+01 1.03e+03  -6.0 4.00e+01    -  1.26e-02 6.62e-03f  1
iter    objective    inf_pr   inf_du lg(mu)  ||d||  lg(rg) alpha_du alpha_pr  ls
 240  2.0340670e+06 1.43e+01 1.02e+03  -6.0 4.02e+01    -  6.65e-03 1.29e-02f  1
 241  2.0311041e+06 1.40e+01 9.99e+02  -6.0 4.20e+01    -  2.36e-03 1.77e-02f  1
 242  2.0302302e+06 1.39e+01 9.94e+02  -6.0 4.20e+01    -  2.72e-02 5.34e-03f  1
 243  2.0288686e+06 1.38e+01 9.85e+02  -6.0 4.20e+01    -  2.38e-03 8.35e-03f  1
 244  2.0284814e+06 1.38e+01 9.83e+02  -6.0 4.19e+01    -  2.98e-02 2.40e-03f  1
 245  2.0277950e+06 1.37e+01 9.79e+02  -6.0 4.18e+01    -  1.57e-02 4.26e-03f  1
 246  2.0260862e+06 1.36e+01 9.69e+02  -6.0 4.22e+01    -  1.06e-02 1.07e-02f  1
 247  2.0260698e+06 1.36e+01 9.68e+02  -6.0 6.32e+01    -  2.99e-02 1.04e-04f  1
 248  2.0219254e+06 1.32e+01 9.43e+02  -6.0 4.25e+01    -  2.02e-02 2.62e-02f  1
 249  2.0218947e+06 1.32e+01 9.43e+02  -6.0 1.14e+02    -  2.02e-02 2.01e-04f  1
iter    objective    inf_pr   inf_du lg(mu)  ||d||  lg(rg) alpha_du alpha_pr  ls
 250  2.0194751e+06 1.30e+01 9.28e+02  -6.0 4.57e+01    -  1.69e-02 1.58e-02f  1
 251  2.0194452e+06 1.30e+01 9.28e+02  -6.0 4.41e+01    -  1.03e-02 1.99e-04f  1
 252  2.0177306e+06 1.29e+01 9.17e+02  -6.0 4.08e+01    -  9.96e-04 1.14e-02f  1
 253  2.0168229e+06 1.28e+01 9.12e+02  -6.0 4.21e+01    -  1.12e-02 6.14e-03f  1
 254  2.0166258e+06 1.28e+01 9.11e+02  -6.0 4.26e+01    -  1.78e-02 1.34e-03f  1
 255  2.0163003e+06 1.27e+01 9.09e+02  -6.0 4.37e+01    -  2.27e-03 2.22e-03f  1
 256  2.0155880e+06 1.27e+01 9.04e+02  -6.0 4.46e+01    -  3.23e-03 4.88e-03f  1
 257  2.0147063e+06 1.26e+01 8.99e+02  -6.0 4.46e+01    -  3.19e-03 6.07e-03f  1
 258  2.0139075e+06 1.25e+01 8.94e+02  -6.0 4.46e+01    -  1.74e-02 5.52e-03f  1
 259  2.0122239e+06 1.24e+01 8.83e+02  -6.0 4.52e+01    -  2.24e-03 1.17e-02f  1
iter    objective    inf_pr   inf_du lg(mu)  ||d||  lg(rg) alpha_du alpha_pr  ls
 260  2.0118600e+06 1.24e+01 8.81e+02  -6.0 4.57e+01    -  2.97e-02 2.57e-03f  1
 261  2.0086078e+06 1.21e+01 8.61e+02  -6.0 4.57e+01    -  5.71e-03 2.30e-02f  1
 262  2.0038579e+06 1.17e+01 8.32e+02  -6.0 4.57e+01    -  2.76e-03 3.44e-02f  1
 263  2.0034985e+06 1.16e+01 8.29e+02  -6.0 5.58e+01    -  2.25e-02 2.69e-03f  1
 264  2.0006240e+06 1.14e+01 8.11e+02  -6.0 5.23e+01    -  9.44e-02 2.16e-02f  1
 265  1.9939772e+06 1.08e+01 7.70e+02  -6.0 5.32e+01    -  2.33e-02 5.12e-02f  1
 266  1.9933958e+06 1.07e+01 7.67e+02  -6.0 5.50e+01    -  8.04e-02 4.75e-03f  1
 267  1.9916629e+06 1.06e+01 7.56e+02  -6.0 5.42e+01    -  7.47e-02 1.42e-02f  1
 268  1.9901834e+06 1.05e+01 7.47e+02  -6.0 4.29e+01    -  1.90e-02 1.24e-02f  1
 269  1.9883185e+06 1.03e+01 7.35e+02  -6.0 4.26e+01    -  1.28e-02 1.58e-02f  1
iter    objective    inf_pr   inf_du lg(mu)  ||d||  lg(rg) alpha_du alpha_pr  ls
 270  1.9881205e+06 1.03e+01 7.34e+02  -6.0 5.98e+01    -  6.24e-03 1.70e-03f  1
 271  1.9879360e+06 1.03e+01 7.32e+02  -6.0 6.12e+01    -  9.26e-02 1.60e-03f  1
 272  1.9844852e+06 9.94e+00 7.10e+02  -6.0 3.82e+01    -  5.14e-03 3.08e-02f  1
 273  1.9837105e+06 9.87e+00 7.05e+02  -6.0 3.77e+01    -  3.06e-02 7.17e-03f  1
 274  1.9811571e+06 9.64e+00 6.89e+02  -6.0 5.06e+01    -  4.50e-03 2.33e-02f  1
 275  1.9764040e+06 9.21e+00 6.58e+02  -6.0 5.08e+01    -  3.45e-02 4.46e-02f  1
 276  1.9764037e+06 9.21e+00 6.58e+02  -6.0 3.40e+01    -  8.22e-03 2.43e-06h  1
 277  1.9755273e+06 9.13e+00 6.52e+02  -6.0 4.86e+01    -  3.08e-02 8.74e-03f  1
 278  1.9682590e+06 8.46e+00 6.05e+02  -6.0 3.68e+01    -  9.70e-03 7.32e-02f  1
 279  1.9682098e+06 8.45e+00 6.05e+02  -6.0 3.72e+01    -  3.84e-02 5.38e-04f  1
iter    objective    inf_pr   inf_du lg(mu)  ||d||  lg(rg) alpha_du alpha_pr  ls
 280  1.9674501e+06 8.38e+00 6.00e+02  -6.0 3.72e+01    -  3.65e-02 8.31e-03f  1
 281  1.9615357e+06 7.83e+00 5.61e+02  -6.0 3.65e+01    -  4.02e-02 6.57e-02f  1
 282  1.9615024e+06 7.83e+00 5.61e+02  -6.0 2.79e+01    -  3.79e-02 3.98e-04f  1
 283  1.9603802e+06 7.73e+00 5.53e+02  -6.0 2.77e+01    -  1.39e-03 1.34e-02f  1
 284  1.9599482e+06 7.68e+00 5.50e+02  -6.0 2.86e+01    -  4.21e-02 5.25e-03f  1
 285  1.9588342e+06 7.58e+00 5.43e+02  -6.0 2.78e+01    -  1.16e-02 1.35e-02f  1
 286  1.9548930e+06 7.21e+00 5.16e+02  -6.0 2.83e+01    -  5.83e-02 4.89e-02f  1
 287  1.9534559e+06 7.07e+00 5.07e+02  -6.0 2.75e+01    -  8.95e-03 1.88e-02f  1
 288  1.9518709e+06 6.92e+00 4.96e+02  -6.0 2.71e+01    -  2.73e-02 2.13e-02f  1
 289  1.9513746e+06 6.88e+00 4.93e+02  -6.0 3.38e+01    -  1.82e-02 6.81e-03f  1
iter    objective    inf_pr   inf_du lg(mu)  ||d||  lg(rg) alpha_du alpha_pr  ls
 290  1.9508209e+06 6.82e+00 4.89e+02  -6.0 3.34e+01    -  3.59e-02 7.66e-03f  1
 291  1.9499862e+06 6.74e+00 4.83e+02  -6.0 5.04e+01    -  2.95e-03 1.17e-02f  1
 292  1.9497005e+06 6.72e+00 4.81e+02  -6.0 3.08e+01    -  5.11e-02 4.06e-03f  1
 293  1.9477371e+06 6.53e+00 4.68e+02  -6.0 3.47e+01    -  5.69e-03 2.80e-02f  1
 294  1.9443836e+06 6.21e+00 4.45e+02  -6.0 3.04e+01    -  1.95e-02 4.94e-02f  1
 295  1.9443825e+06 6.21e+00 4.45e+02  -6.0 4.19e+01    -  2.88e-02 1.60e-05h  1
 296  1.9433022e+06 6.10e+00 4.37e+02  -6.0 4.79e+01    -  1.18e-03 1.68e-02f  1
 297  1.9395504e+06 5.74e+00 4.11e+02  -6.0 4.36e+01    -  8.42e-03 5.96e-02f  1
 298  1.9391208e+06 5.70e+00 4.08e+02  -6.0 2.19e+01    -  1.57e-02 7.30e-03f  1
 299  1.9384373e+06 5.63e+00 4.04e+02  -6.0 2.40e+01    -  1.15e-02 1.17e-02f  1
iter    objective    inf_pr   inf_du lg(mu)  ||d||  lg(rg) alpha_du alpha_pr  ls
 300  1.9374655e+06 5.54e+00 3.97e+02  -6.0 2.67e+01    -  1.29e-02 1.67e-02f  1

Number of Iterations....: 300

                                   (scaled)                 (unscaled)
Objective...............:   1.3745043621331921e+04    1.9374655430243139e+06
Dual infeasibility......:   3.9691264831879045e+02    5.5947772949567829e+04
Constraint violation....:   1.6984676519999713e+00    5.5362848048183579e+00
Variable bound violation:   1.7148922282217427e-08    1.7148922282217427e-08
Complementarity.........:   1.5367042602185155e+00    2.1660982940580408e+02
Overall NLP error.......:   3.9691264831879045e+02    5.5947772949567829e+04


Number of objective function evaluations             = 301
Number of objective gradient evaluations             = 301
Number of equality constraint evaluations            = 301
Number of inequality constraint evaluations          = 302
Number of equality constraint Jacobian evaluations   = 301
Number of inequality constraint Jacobian evaluations = 301
Number of Lagrangian Hessian evaluations             = 300
Total seconds in IPOPT                               = 87.016

EXIT: Maximum Number of Iterations Exceeded.

