Solver command line: ['/opt/homebrew/bin/ipopt', '/var/folders/6y/bvynbx6n3zv7z3lwg6vd724r0000gn/T/tmprkxnf04x.pyomo.nl', '-AMPL', 'tol=1e-06', 'max_iter=300', 'print_level=5', 'warm_start_init_point=yes', 'warm_start_bound_push=1e-06', 'warm_start_bound_frac=1e-06', 'warm_start_mult_bound_push=1e-06', 'mu_init=1e-06', 'least_square_init_duals=no']

Ipopt 3.14.19: tol=1e-06
max_iter=300
print_level=5
warm_start_init_point=yes
warm_start_bound_push=1e-06
warm_start_bound_frac=1e-06
warm_start_mult_bound_push=1e-06
mu_init=1e-06
least_square_init_duals=no


******************************************************************************
This program contains Ipopt, a library for large-scale nonlinear optimization.
 Ipopt is released as open source code under the Eclipse Public License (EPL).
         For more information visit https://github.com/coin-or/Ipopt
******************************************************************************

This is Ipopt version 3.14.19, running with linear solver MUMPS 5.6.2.

Number of nonzeros in equality constraint Jacobian...:   110041
Number of nonzeros in inequality constraint Jacobian.:    92152
Number of nonzeros in Lagrangian Hessian.............:    61684

Total number of variables............................:    16016
                     variables with only lower bounds:        0
                variables with lower and upper bounds:    16016
                     variables with only upper bounds:        0
Total number of equality constraints.................:    14673
Total number of inequality constraints...............:    23038
        inequality constraints with only lower bounds:        0
   inequality constraints with lower and upper bounds:        0
        inequality constraints with only upper bounds:    23038

iter    objective    inf_pr   inf_du lg(mu)  ||d||  lg(rg) alpha_du alpha_pr  ls
   0  2.5657086e+06 2.63e+01 1.88e+03  -6.0 0.00e+00    -  0.00e+00 0.00e+00   0
   1  2.4235067e+06 2.06e+01 1.48e+03  -6.0 4.48e+00    -  3.38e-01 2.00e-01f  1
   2  2.4041824e+06 1.99e+01 1.43e+03  -6.0 2.58e+01    -  8.67e-01 3.48e-02f  1
   3  2.2590296e+06 1.44e+01 1.10e+03  -6.0 2.75e+01    -  1.00e+00 2.71e-01f  1
   4  2.2428995e+06 1.37e+01 1.06e+03  -6.0 3.76e+01    -  1.00e+00 4.21e-02f  1
   5  2.1849377e+06 1.15e+01 9.00e+02  -6.0 3.77e+01    -  1.00e+00 1.58e-01f  1
   6  2.1044626e+06 8.48e+00 6.88e+02  -6.0 3.69e+01    -  9.41e-01 2.62e-01f  1
   7  2.0976337e+06 8.22e+00 6.67e+02  -6.0 3.30e+01    -  7.93e-01 3.04e-02f  1
   8  2.0740049e+06 7.32e+00 5.97e+02  -6.0 3.24e+01    -  2.86e-01 1.09e-01f  1
   9  2.0180303e+06 5.18e+00 4.36e+02  -6.0 3.03e+01    -  5.13e-01 2.89e-01f  1
iter    objective    inf_pr   inf_du lg(mu)  ||d||  lg(rg) alpha_du alpha_pr  ls
  10  1.9465176e+06 2.43e+00 2.24e+02  -6.0 2.41e+01    -  6.17e-01 5.23e-01f  1
  11  1.9204078e+06 1.44e+00 1.32e+02  -6.0 1.36e+01    -  4.39e-01 4.05e-01f  1
  12  1.9124624e+06 1.14e+00 1.04e+02  -6.0 8.95e+00    -  4.47e-01 2.08e-01f  1
  13  1.9099953e+06 1.05e+00 9.57e+01  -6.0 7.73e+00    -  7.92e-02 8.18e-02f  1
  14  1.9071264e+06 9.39e-01 8.55e+01  -6.0 6.36e+00    -  6.27e-03 1.04e-01f  1
  15  1.9067982e+06 9.26e-01 8.43e+01  -6.0 5.73e+00    -  1.13e-01 1.32e-02f  1
  16  1.8980661e+06 5.95e-01 5.09e+01  -6.0 5.56e+00    -  1.33e-01 3.56e-01f  1
  17  1.8956361e+06 5.03e-01 4.26e+01  -6.0 3.86e+00    -  4.11e-01 1.55e-01f  1
  18  1.8950176e+06 4.80e-01 4.06e+01  -6.0 3.37e+00    -  4.38e-01 4.66e-02f  1
  19  1.8892781e+06 2.62e-01 2.40e+01  -6.0 3.26e+00    -  4.11e-01 4.53e-01f  1
iter    objective    inf_pr   inf_du lg(mu)  ||d||  lg(rg) alpha_du alpha_pr  ls
  20  1.8892216e+06 2.60e-01 2.38e+01  -6.0 1.85e+00    -  1.61e-01 8.19e-03h  1
  21  1.8890282e+06 2.53e-01 2.32e+01  -6.0 1.94e+00    -  5.59e-02 2.83e-02f  1
  22  1.8877125e+06 2.03e-01 1.90e+01  -6.0 1.86e+00    -  8.23e-02 1.98e-01f  1
  23  1.8876968e+06 2.02e-01 1.89e+01  -6.0 1.51e+00    -  6.49e-02 2.94e-03h  1
  24  1.8872983e+06 1.87e-01 1.75e+01  -6.0 2.47e+00    -  6.80e-02 7.50e-02f  1
  25  1.8859441e+06 1.35e-01 1.31e+01  -6.0 1.89e+00    -  8.22e-02 2.76e-01f  1
  26  1.8831530e+06 2.90e-02 4.60e+00  -6.0 1.47e+00    -  3.55e-01 7.85e-01f  1
  27  1.8824729e+06 3.14e-03 6.13e-01  -6.0 3.42e-01    -  8.22e-01 8.92e-01f  1
  28  1.8823907e+06 1.12e-05 1.34e-02  -6.0 3.48e-02    -  9.22e-01 9.96e-01h  1
  29  1.8823904e+06 4.10e-09 2.75e-06  -6.0 2.72e-03    -  1.00e+00 1.00e+00h  1
iter    objective    inf_pr   inf_du lg(mu)  ||d||  lg(rg) alpha_du alpha_pr  ls
  30  1.8823904e+06 6.92e-12 1.32e-10  -6.0 5.15e-05    -  1.00e+00 1.00e+00h  1
  31  1.8823902e+06 4.64e-07 5.15e-03  -7.2 1.07e-02    -  1.00e+00 9.78e-01f  1
  32  1.8823902e+06 3.66e-08 2.34e-07  -7.2 3.40e-03    -  1.00e+00 1.00e+00f  1

Number of Iterations....: 32

                                   (scaled)                 (unscaled)
Objective...............:   1.3354320499911888e+04    1.8823902296626775e+06
Dual infeasibility......:   2.3363029047636895e-07    3.2931917138642274e-05
Constraint violation....:   1.3154959212224870e-08    3.6602171959998486e-08
Variable bound violation:   1.3115896457804865e-07    1.3115896457804865e-07
Complementarity.........:   1.0738091026556929e-07    1.5136133383763406e-05
Overall NLP error.......:   2.3363029047636895e-07    3.2931917138642274e-05


Number of objective function evaluations             = 33
Number of objective gradient evaluations             = 33
Number of equality constraint evaluations            = 33
Number of inequality constraint evaluations          = 33
Number of equality constraint Jacobian evaluations   = 33
Number of inequality constraint Jacobian evaluations = 33
Number of Lagrangian Hessian evaluations             = 32
Total seconds in IPOPT                               = 9.611

EXIT: Optimal Solution Found.

