Solver command line: ['/opt/homebrew/bin/ipopt', '/var/folders/6y/bvynbx6n3zv7z3lwg6vd724r0000gn/T/tmp9y6ll82u.pyomo.nl', '-AMPL', 'tol=1e-06', 'max_iter=300', 'print_level=5', 'warm_start_init_point=yes', 'warm_start_bound_push=1e-06', 'warm_start_bound_frac=1e-06', 'warm_start_mult_bound_push=1e-06', 'mu_init=1e-06', 'least_square_init_duals=no']

Ipopt 3.14.19: tol=1e-06
max_iter=300
print_level=5
warm_start_init_point=yes
warm_start_bound_push=1e-06
warm_start_bound_frac=1e-06
warm_start_mult_bound_push=1e-06
mu_init=1e-06
least_square_init_duals=no


******************************************************************************
This program contains Ipopt, a library for large-scale nonlinear optimization.
 Ipopt is released as open source code under the Eclipse Public License (EPL).
         For more information visit https://github.com/coin-or/Ipopt
******************************************************************************

This is Ipopt version 3.14.19, running with linear solver MUMPS 5.6.2.

Number of nonzeros in equality constraint Jacobian...:   110041
Number of nonzeros in inequality constraint Jacobian.:    92152
Number of nonzeros in Lagrangian Hessian.............:    61684

Total number of variables............................:    16016
                     variables with only lower bounds:        0
                variables with lower and upper bounds:    16016
                     variables with only upper bounds:        0
Total number of equality constraints.................:    14673
Total number of inequality constraints...............:    23038
        inequality constraints with only lower bounds:        0
   inequality constraints with lower and upper bounds:        0
        inequality constraints with only upper bounds:    23038

iter    objective    inf_pr   inf_du lg(mu)  ||d||  lg(rg) alpha_du alpha_pr  ls
   0  1.8823911e+06 2.92e+01 1.88e+03  -6.0 0.00e+00    -  0.00e+00 0.00e+00   0
   1  1.8772117e+06 2.27e+01 1.48e+03  -6.0 6.47e+00    -  5.66e-02 2.03e-01f  1
   2  1.8771903e+06 2.27e+01 1.48e+03  -6.0 2.66e+01    -  1.74e-01 2.22e-03h  1
   3  1.8769897e+06 2.22e+01 1.45e+03  -6.0 2.66e+01    -  7.57e-01 2.08e-02h  1
   4  1.8746339e+06 1.59e+01 1.10e+03  -6.0 2.76e+01    -  3.35e-01 2.75e-01f  1
   5  1.8746613e+06 1.53e+01 1.05e+03  -6.0 3.75e+01    -  6.45e-01 3.97e-02h  1
   6  1.8748652e+06 1.26e+01 8.78e+02  -6.0 3.80e+01    -  1.00e+00 1.76e-01h  1
   7  1.8749642e+06 1.22e+01 8.50e+02  -6.0 3.69e+01    -  6.85e-01 3.19e-02h  1
   8  1.8759224e+06 8.53e+00 6.21e+02  -6.0 3.64e+01    -  3.11e-01 2.94e-01h  1
   9  1.8765039e+06 7.39e+00 5.41e+02  -6.0 3.12e+01    -  4.63e-01 1.33e-01h  1
iter    objective    inf_pr   inf_du lg(mu)  ||d||  lg(rg) alpha_du alpha_pr  ls
  10  1.8769342e+06 6.65e+00 4.88e+02  -6.0 2.83e+01    -  7.67e-01 1.00e-01h  1
  11  1.8795948e+06 2.30e+00 1.98e+02  -6.0 2.63e+01    -  6.42e-01 6.42e-01h  1
  12  1.8802547e+06 1.71e+00 1.46e+02  -6.0 1.28e+01    -  2.21e-03 2.57e-01h  1
  13  1.8810020e+06 1.06e+00 8.85e+01  -6.0 9.71e+00    -  1.02e-01 3.78e-01h  1
  14  1.8811548e+06 9.38e-01 7.77e+01  -6.0 6.17e+00    -  5.34e-02 1.18e-01h  1
  15  1.8812991e+06 8.21e-01 6.78e+01  -6.0 5.80e+00    -  2.85e-01 1.24e-01h  1
  16  1.8818226e+06 4.04e-01 2.93e+01  -6.0 5.24e+00    -  1.12e-01 5.07e-01h  1
  17  1.8819743e+06 2.93e-01 2.25e+01  -6.0 2.84e+00    -  5.33e-01 2.76e-01h  1
  18  1.8819779e+06 2.90e-01 2.23e+01  -6.0 2.15e+00    -  2.97e-01 8.88e-03h  1
  19  1.8820779e+06 2.18e-01 1.74e+01  -6.0 2.13e+00    -  3.38e-02 2.48e-01h  1
iter    objective    inf_pr   inf_du lg(mu)  ||d||  lg(rg) alpha_du alpha_pr  ls
  20  1.8820792e+06 2.17e-01 1.73e+01  -6.0 2.38e+00    -  1.61e-01 4.23e-03h  1
  21  1.8820984e+06 2.04e-01 1.62e+01  -6.0 1.96e+00    -  2.89e-02 6.27e-02h  1
  22  1.8821301e+06 1.81e-01 1.45e+01  -6.0 2.15e+00    -  7.57e-02 1.10e-01h  1
  23  1.8822893e+06 6.88e-02 7.14e+00  -6.0 1.86e+00    -  7.35e-02 6.20e-01h  1
  24  1.8823037e+06 5.90e-02 6.14e+00  -6.0 5.23e-01    -  3.81e-01 1.42e-01h  1
  25  1.8823861e+06 2.68e-03 3.50e-01  -6.0 4.55e-01    -  1.85e-01 9.54e-01h  1
  26  1.8823904e+06 7.32e-06 1.44e-02  -6.0 8.03e-02    -  1.00e+00 1.00e+00h  1
  27  1.8823904e+06 8.91e-09 5.41e-06  -6.0 3.14e-03    -  1.00e+00 1.00e+00h  1
  28  1.8823904e+06 1.17e-11 1.57e-10  -6.0 2.03e-04    -  1.00e+00 1.00e+00h  1
  29  1.8823902e+06 4.64e-07 5.15e-03  -7.2 1.07e-02    -  1.00e+00 9.78e-01f  1
iter    objective    inf_pr   inf_du lg(mu)  ||d||  lg(rg) alpha_du alpha_pr  ls
  30  1.8823902e+06 3.66e-08 2.34e-07  -7.2 3.40e-03    -  1.00e+00 1.00e+00f  1

Number of Iterations....: 30

                                   (scaled)                 (unscaled)
Objective...............:   1.3354320499911906e+04    1.8823902296626801e+06
Dual infeasibility......:   2.3363036778497118e-07    3.2931928035861456e-05
Constraint violation....:   1.3154943023785393e-08    3.6602449071665433e-08
Variable bound violation:   1.3115896457804865e-07    1.3115896457804865e-07
Complementarity.........:   1.0738162906608202e-07    1.5136234704011204e-05
Overall NLP error.......:   2.3363036778497118e-07    3.2931928035861456e-05


Number of objective function evaluations             = 31
Number of objective gradient evaluations             = 31
Number of equality constraint evaluations            = 31
Number of inequality constraint evaluations          = 32
Number of equality constraint Jacobian evaluations   = 31
Number of inequality constraint Jacobian evaluations = 31
Number of Lagrangian Hessian evaluations             = 30
Total seconds in IPOPT                               = 9.144

EXIT: Optimal Solution Found.

