Solver command line: ['/opt/homebrew/bin/ipopt', '/var/folders/6y/bvynbx6n3zv7z3lwg6vd724r0000gn/T/tmpwvt6qmjr.pyomo.nl', '-AMPL', 'tol=1e-06', 'max_iter=300', 'print_level=5', 'warm_start_init_point=yes', 'warm_start_bound_push=1e-06', 'warm_start_bound_frac=1e-06', 'warm_start_mult_bound_push=1e-06', 'mu_init=1e-06', 'least_square_init_duals=no']

Ipopt 3.14.19: tol=1e-06
max_iter=300
print_level=5
warm_start_init_point=yes
warm_start_bound_push=1e-06
warm_start_bound_frac=1e-06
warm_start_mult_bound_push=1e-06
mu_init=1e-06
least_square_init_duals=no


******************************************************************************
This program contains Ipopt, a library for large-scale nonlinear optimization.
 Ipopt is released as open source code under the Eclipse Public License (EPL).
         For more information visit https://github.com/coin-or/Ipopt
******************************************************************************

This is Ipopt version 3.14.19, running with linear solver MUMPS 5.6.2.

Number of nonzeros in equality constraint Jacobian...:   110041
Number of nonzeros in inequality constraint Jacobian.:    92152
Number of nonzeros in Lagrangian Hessian.............:    61684

Total number of variables............................:    16016
                     variables with only lower bounds:        0
                variables with lower and upper bounds:    16016
                     variables with only upper bounds:        0
Total number of equality constraints.................:    14673
Total number of inequality constraints...............:    23038
        inequality constraints with only lower bounds:        0
   inequality constraints with lower and upper bounds:        0
        inequality constraints with only upper bounds:    23038

iter    objective    inf_pr   inf_du lg(mu)  ||d||  lg(rg) alpha_du alpha_pr  ls
   0  1.8823911e+06 2.92e+01 2.26e+01  -6.0 0.00e+00    -  0.00e+00 0.00e+00   0
   1  1.8821903e+06 2.92e+01 2.26e+01  -6.0 8.22e+05    -  1.76e-06 1.67e-06f  1
   2  1.8817271e+06 2.92e+01 2.26e+01  -6.0 9.75e+05    -  3.99e-06 3.18e-06f  1
   3  1.8817162e+06 2.92e+01 2.26e+01  -6.0 3.05e+04    -  1.61e-05 8.96e-06f  1
   4  1.8816996e+06 2.92e+01 2.25e+01  -6.0 1.66e+04    -  1.59e-04 4.08e-05f  1
   5  1.8816731e+06 2.91e+01 2.25e+01  -6.0 4.78e+03    -  9.93e-05 2.35e-04h  1
   6  1.8816138e+06 2.91e+01 2.25e+01  -6.0 2.95e+03    -  8.61e-09 5.41e-04f  1
   7  1.8815974e+06 2.91e+01 2.25e+01  -6.0 2.13e+03    -  1.19e-03 3.52e-04f  1
   8  1.8814634e+06 2.90e+01 2.24e+01  -6.0 1.22e+02    -  4.90e-03 4.99e-03f  1
   9  1.8810798e+06 2.89e+01 2.24e+01  -6.0 2.45e+02    -  3.56e-08 2.47e-03f  1
iter    objective    inf_pr   inf_du lg(mu)  ||d||  lg(rg) alpha_du alpha_pr  ls
  10  1.8810434e+06 2.89e+01 2.23e+01  -6.0 1.46e+02    -  2.25e-03 4.85e-04h  1
  11  1.8810185e+06 2.89e+01 2.23e+01  -6.0 1.32e+02    -  1.27e-02 3.70e-04h  1
  12  1.8809830e+06 2.88e+01 2.23e+01  -6.0 1.16e+02    -  5.47e-03 5.85e-04h  1
  13  1.8805468e+06 2.83e+01 2.18e+01  -6.0 5.86e+01    -  1.85e-02 1.89e-02f  1
  14  1.8804201e+06 2.82e+01 2.18e+01  -6.0 1.80e+02    -  1.08e-07 3.33e-03h  1
  15  1.8803990e+06 2.82e+01 2.18e+01  -6.0 1.88e+02    -  2.78e-04 5.71e-04h  1
  16  1.8801296e+06 2.80e+01 2.16e+01  -6.0 2.08e+02    -  1.73e-02 6.97e-03f  1
  17  1.8799885e+06 2.78e+01 2.15e+01  -6.0 1.28e+02    -  6.61e-03 5.24e-03h  1
  18  1.8798686e+06 2.77e+01 2.14e+01  -6.0 8.52e+01    -  8.15e-03 4.62e-03h  1
  19  1.8797546e+06 2.76e+01 2.12e+01  -6.0 8.61e+01    -  3.57e-02 4.96e-03h  1
iter    objective    inf_pr   inf_du lg(mu)  ||d||  lg(rg) alpha_du alpha_pr  ls
  20  1.8796417e+06 2.74e+01 2.08e+01  -6.0 3.42e+01    -  1.10e-01 5.78e-03h  1
  21  1.8791492e+06 2.67e+01 2.02e+01  -6.0 3.14e+01    -  2.50e-02 2.57e-02f  1
  22  1.8789998e+06 2.65e+01 2.01e+01  -6.0 4.44e+01    -  1.31e-07 5.72e-03h  1
  23  1.8789968e+06 2.65e+01 2.01e+01  -6.0 4.77e+01    -  4.90e-02 1.17e-04h  1
  24  1.8788890e+06 2.64e+01 1.99e+01  -6.0 2.23e+01    -  2.71e-02 6.26e-03h  1
  25  1.8786967e+06 2.61e+01 1.96e+01  -6.0 2.10e+01    -  7.19e-02 1.14e-02h  1
  26  1.8783107e+06 2.55e+01 1.91e+01  -6.0 1.94e+01    -  1.59e-02 2.37e-02h  1
  27  1.8782207e+06 2.53e+01 1.89e+01  -6.0 2.12e+01    -  5.56e-02 6.00e-03h  1
  28  1.8778767e+06 2.47e+01 1.85e+01  -6.0 2.16e+01    -  4.58e-03 2.34e-02h  1
  29  1.8777095e+06 2.44e+01 1.83e+01  -6.0 2.32e+01    -  8.49e-03 1.23e-02h  1
iter    objective    inf_pr   inf_du lg(mu)  ||d||  lg(rg) alpha_du alpha_pr  ls
  30  1.8776147e+06 2.42e+01 1.81e+01  -6.0 2.44e+01    -  6.26e-02 7.29e-03h  1
  31  1.8773885e+06 2.38e+01 1.77e+01  -6.0 2.44e+01    -  5.15e-02 1.79e-02h  1
  32  1.8771419e+06 2.33e+01 1.73e+01  -6.0 2.54e+01    -  5.58e-02 2.09e-02h  1
  33  1.8769718e+06 2.29e+01 1.70e+01  -6.0 2.66e+01    -  4.84e-02 1.56e-02h  1
  34  1.8768898e+06 2.27e+01 1.68e+01  -6.0 2.74e+01    -  7.78e-02 7.98e-03h  1
  35  1.8763239e+06 2.15e+01 1.59e+01  -6.0 2.78e+01    -  4.00e-03 5.69e-02h  1
  36  1.8762075e+06 2.11e+01 1.57e+01  -6.0 3.04e+01    -  5.43e-03 1.49e-02h  1
  37  1.8761390e+06 2.09e+01 1.55e+01  -6.0 3.30e+01    -  5.91e-02 8.95e-03h  1
  38  1.8758828e+06 2.02e+01 1.50e+01  -6.0 3.30e+01    -  1.07e-02 3.52e-02h  1
  39  1.8756872e+06 1.96e+01 1.45e+01  -6.0 3.43e+01    -  2.29e-01 3.20e-02h  1
iter    objective    inf_pr   inf_du lg(mu)  ||d||  lg(rg) alpha_du alpha_pr  ls
  40  1.8754978e+06 1.88e+01 1.39e+01  -6.0 3.51e+01    -  1.20e-01 3.70e-02h  1
  41  1.8754154e+06 1.84e+01 1.36e+01  -6.0 3.46e+01    -  2.93e-02 2.09e-02h  1
  42  1.8753113e+06 1.79e+01 1.32e+01  -6.0 3.50e+01    -  9.99e-02 3.02e-02h  1
  43  1.8751775e+06 1.70e+01 1.26e+01  -6.0 3.61e+01    -  1.83e-01 4.74e-02h  1
  44  1.8751574e+06 1.68e+01 1.25e+01  -6.0 3.57e+01    -  1.49e-01 1.14e-02h  1
  45  1.8751136e+06 1.64e+01 1.22e+01  -6.0 3.65e+01    -  1.10e-01 2.79e-02h  1
  46  1.8750394e+06 1.52e+01 1.13e+01  -6.0 3.67e+01    -  1.75e-02 7.00e-02h  1
  47  1.8750424e+06 1.48e+01 1.10e+01  -6.0 3.68e+01    -  7.54e-02 3.08e-02h  1
  48  1.8750579e+06 1.43e+01 1.08e+01  -6.0 3.68e+01    -  2.76e-01 3.01e-02h  1
  49  1.8751294e+06 1.32e+01 1.00e+01  -6.0 3.31e+01    -  1.52e-01 7.58e-02h  1
iter    objective    inf_pr   inf_du lg(mu)  ||d||  lg(rg) alpha_du alpha_pr  ls
  50  1.8751732e+06 1.29e+01 9.79e+00  -6.0 3.30e+01    -  8.56e-02 2.51e-02h  1
  51  1.8752610e+06 1.23e+01 9.37e+00  -6.0 3.25e+01    -  9.85e-02 4.46e-02h  1
  52  1.8753552e+06 1.18e+01 9.04e+00  -6.0 3.20e+01    -  1.30e-01 4.04e-02h  1
  53  1.8753754e+06 1.17e+01 8.99e+00  -6.0 3.16e+01    -  5.99e-02 7.82e-03h  1
  54  1.8754776e+06 1.13e+01 8.67e+00  -6.0 3.17e+01    -  8.96e-02 3.89e-02h  1
  55  1.8755662e+06 1.09e+01 8.44e+00  -6.0 2.99e+01    -  1.46e-01 3.09e-02h  1
  56  1.8756511e+06 1.06e+01 8.22e+00  -6.0 3.04e+01    -  6.71e-02 2.84e-02h  1
  57  1.8757267e+06 1.04e+01 8.04e+00  -6.0 2.98e+01    -  7.52e-02 2.43e-02h  1
  58  1.8759126e+06 9.76e+00 7.56e+00  -6.0 2.96e+01    -  2.84e-02 5.80e-02h  1
  59  1.8761110e+06 9.19e+00 7.11e+00  -6.0 2.87e+01    -  2.84e-02 5.86e-02h  1
iter    objective    inf_pr   inf_du lg(mu)  ||d||  lg(rg) alpha_du alpha_pr  ls
  60  1.8761971e+06 8.96e+00 6.95e+00  -6.0 2.78e+01    -  1.60e-01 2.43e-02h  1
  61  1.8765290e+06 8.13e+00 6.28e+00  -6.0 2.74e+01    -  3.29e-02 9.30e-02h  1
  62  1.8766470e+06 7.87e+00 6.08e+00  -6.0 2.58e+01    -  1.83e-02 3.22e-02h  1
  63  1.8768854e+06 7.36e+00 9.97e+00  -6.0 2.53e+01    -  5.53e-01 6.49e-02h  1
  64  1.8769478e+06 7.23e+00 9.87e+00  -6.0 2.42e+01    -  3.02e-02 1.70e-02h  1
  65  1.8771135e+06 6.91e+00 9.41e+00  -6.0 2.55e+01    -  2.25e-02 4.50e-02h  1
  66  1.8771964e+06 6.75e+00 9.35e+00  -6.0 2.39e+01    -  8.18e-02 2.28e-02h  1
  67  1.8774399e+06 6.30e+00 8.67e+00  -6.0 2.37e+01    -  4.58e-02 6.71e-02h  1
  68  1.8774472e+06 6.28e+00 8.92e+00  -6.0 2.57e+01    -  7.57e-02 2.05e-03h  1
  69  1.8777375e+06 5.77e+00 7.95e+00  -6.0 3.17e+01    -  2.84e-02 8.15e-02h  1
iter    objective    inf_pr   inf_du lg(mu)  ||d||  lg(rg) alpha_du alpha_pr  ls
  70  1.8777950e+06 5.68e+00 8.06e+00  -6.0 2.12e+01    -  1.16e-01 1.66e-02h  1
  71  1.8779409e+06 5.44e+00 7.66e+00  -6.0 2.09e+01    -  1.74e-02 4.24e-02h  1
  72  1.8780147e+06 5.32e+00 7.51e+00  -6.0 2.02e+01    -  2.89e-02 2.18e-02h  1
  73  1.8780398e+06 5.28e+00 7.83e+00  -6.0 1.99e+01    -  1.24e-01 7.49e-03h  1
  74  1.8781304e+06 5.13e+00 8.59e+00  -6.0 1.99e+01    -  1.06e-02 2.71e-02h  1
  75  1.8781547e+06 5.10e+00 8.55e+00  -6.0 1.94e+01    -  2.59e-02 7.37e-03h  1
  76  1.8782001e+06 5.03e+00 8.44e+00  -6.0 1.96e+01    -  9.53e-03 1.38e-02h  1
  77  1.8782399e+06 4.96e+00 8.34e+00  -6.0 1.92e+01    -  4.78e-03 1.22e-02h  1
  78  1.8784406e+06 4.66e+00 7.83e+00  -6.0 1.93e+01    -  1.28e-01 6.19e-02h  1
  79  1.8785087e+06 4.56e+00 7.66e+00  -6.0 1.89e+01    -  6.54e-02 2.17e-02h  1
iter    objective    inf_pr   inf_du lg(mu)  ||d||  lg(rg) alpha_du alpha_pr  ls
  80  1.8787184e+06 4.25e+00 1.04e+01  -6.0 1.82e+01    -  1.91e-02 6.77e-02h  1
  81  1.8789061e+06 3.98e+00 9.75e+00  -6.0 1.80e+01    -  1.98e-01 6.31e-02h  1
  82  1.8789259e+06 3.95e+00 9.68e+00  -6.0 1.75e+01    -  7.93e-03 6.95e-03h  1
  83  1.8791257e+06 3.67e+00 9.00e+00  -6.0 1.74e+01    -  1.25e-01 7.02e-02h  1
  84  1.8792998e+06 3.44e+00 8.42e+00  -6.0 1.66e+01    -  1.57e-02 6.42e-02h  1
  85  1.8794099e+06 3.29e+00 8.07e+00  -6.0 1.59e+01    -  1.12e-01 4.25e-02h  1
  86  1.8794100e+06 3.29e+00 8.07e+00  -6.0 1.77e+01    -  3.23e-03 6.78e-05h  1
  87  1.8797419e+06 2.86e+00 7.00e+00  -6.0 1.60e+01    -  2.10e-03 1.32e-01h  1
  88  1.8798176e+06 2.76e+00 6.77e+00  -6.0 1.49e+01    -  1.80e-01 3.33e-02h  1
  89  1.8802627e+06 2.21e+00 5.41e+00  -6.0 1.46e+01    -  1.83e-01 2.01e-01h  1
iter    objective    inf_pr   inf_du lg(mu)  ||d||  lg(rg) alpha_du alpha_pr  ls
  90  1.8804599e+06 1.97e+00 4.83e+00  -6.0 1.24e+01    -  1.00e+00 1.06e-01h  1
  91  1.8805019e+06 1.92e+00 4.71e+00  -6.0 1.10e+01    -  4.47e-02 2.48e-02h  1
  92  1.8805568e+06 1.86e+00 4.56e+00  -6.0 1.08e+01    -  1.74e-01 3.31e-02h  1
  93  1.8805829e+06 1.83e+00 4.48e+00  -6.0 1.01e+01    -  3.04e-03 1.61e-02h  1
  94  1.8805882e+06 1.82e+00 4.47e+00  -6.0 9.89e+00    -  1.73e-02 3.32e-03h  1
  95  1.8806300e+06 1.78e+00 4.35e+00  -6.0 9.89e+00    -  3.75e-02 2.62e-02h  1
  96  1.8807147e+06 1.68e+00 4.65e+00  -6.0 1.07e+01    -  9.86e-02 5.37e-02h  1
  97  1.8808113e+06 1.57e+00 4.34e+00  -6.0 1.31e+01    -  5.99e-02 6.41e-02h  1
  98  1.8809041e+06 1.47e+00 4.06e+00  -6.0 1.24e+01    -  3.90e-02 6.50e-02h  1
  99  1.8810223e+06 1.34e+00 3.70e+00  -6.0 1.18e+01    -  7.11e-02 8.76e-02h  1
iter    objective    inf_pr   inf_du lg(mu)  ||d||  lg(rg) alpha_du alpha_pr  ls
 100  1.8810436e+06 1.32e+00 3.67e+00  -6.0 1.09e+01    -  1.66e-01 1.71e-02h  1
 101  1.8811563e+06 1.20e+00 3.36e+00  -6.0 1.10e+01    -  1.86e-01 9.17e-02h  1
 102  1.8812007e+06 1.15e+00 3.22e+00  -6.0 1.02e+01    -  1.65e-02 3.93e-02h  1
 103  1.8812197e+06 1.13e+00 3.17e+00  -6.0 1.51e+01    -  2.40e-02 1.73e-02h  1
 104  1.8812990e+06 1.05e+00 2.93e+00  -6.0 8.52e+00    -  1.62e-02 7.39e-02h  1
 105  1.8813097e+06 1.04e+00 2.89e+00  -6.0 1.43e+01    -  3.96e-03 1.07e-02h  1
 106  1.8813148e+06 1.03e+00 2.88e+00  -6.0 5.23e+00    -  1.18e-02 5.12e-03h  1
 107  1.8813751e+06 9.69e-01 2.69e+00  -6.0 4.93e+00    -  1.20e-02 6.09e-02h  1
 108  1.8814200e+06 9.22e-01 2.57e+00  -6.0 4.66e+00    -  6.38e-02 4.79e-02h  1
 109  1.8814281e+06 9.14e-01 2.58e+00  -6.0 4.47e+00    -  1.58e-01 9.04e-03h  1
iter    objective    inf_pr   inf_du lg(mu)  ||d||  lg(rg) alpha_du alpha_pr  ls
 110  1.8814929e+06 8.48e-01 2.43e+00  -6.0 4.47e+00    -  2.30e-01 7.26e-02h  1
 111  1.8815545e+06 7.85e-01 2.25e+00  -6.0 4.18e+00    -  1.11e-01 7.37e-02h  1
 112  1.8816768e+06 6.62e-01 1.91e+00  -6.0 3.87e+00    -  1.46e-01 1.56e-01h  1
 113  1.8817745e+06 5.67e-01 2.16e+00  -6.0 3.31e+00    -  1.94e-01 1.45e-01h  1
 114  1.8818045e+06 5.38e-01 2.11e+00  -6.0 2.86e+00    -  1.77e-01 5.12e-02h  1
 115  1.8818239e+06 5.19e-01 2.06e+00  -6.0 2.73e+00    -  2.70e-01 3.47e-02h  1
 116  1.8819272e+06 4.20e-01 2.35e+00  -6.0 2.64e+00    -  7.57e-02 1.90e-01h  1
 117  1.8819920e+06 3.59e-01 2.27e+00  -6.0 2.16e+00    -  7.13e-02 1.45e-01h  1
 118  1.8819937e+06 3.58e-01 2.26e+00  -6.0 1.91e+00    -  6.94e-02 4.45e-03h  1
 119  1.8820213e+06 3.32e-01 2.15e+00  -6.0 1.92e+00    -  1.08e-02 7.19e-02h  1
iter    objective    inf_pr   inf_du lg(mu)  ||d||  lg(rg) alpha_du alpha_pr  ls
 120  1.8820923e+06 2.66e-01 2.04e+00  -6.0 1.77e+00    -  1.22e-01 1.98e-01h  1
 121  1.8821273e+06 2.34e-01 1.87e+00  -6.0 1.41e+00    -  2.04e-02 1.20e-01h  1
 122  1.8821275e+06 2.34e-01 1.87e+00  -6.0 2.19e+00    -  1.75e-01 5.73e-04h  1
 123  1.8821736e+06 1.92e-01 1.66e+00  -6.0 2.09e+00    -  5.40e-02 1.78e-01h  1
 124  1.8822276e+06 1.44e-01 1.40e+00  -6.0 1.70e+00    -  2.35e-01 2.53e-01h  1
 125  1.8823353e+06 4.77e-02 1.28e+00  -6.0 1.29e+00    -  1.45e-01 6.68e-01h  1
 126  1.8823652e+06 2.17e-02 6.21e-01  -6.0 3.56e-01    -  1.39e-01 5.46e-01h  1
 127  1.8823903e+06 2.52e-05 1.44e-01  -6.0 1.60e-01    -  5.83e-01 1.00e+00h  1
 128  1.8823904e+06 2.57e-08 1.69e-05  -6.0 2.93e-03    -  1.00e+00 1.00e+00h  1
 129  1.8823904e+06 7.27e-10 5.06e-09  -6.0 4.91e-04    -  1.00e+00 1.00e+00h  1
iter    objective    inf_pr   inf_du lg(mu)  ||d||  lg(rg) alpha_du alpha_pr  ls
 130  1.8823902e+06 4.64e-07 5.15e-03  -7.2 1.07e-02    -  1.00e+00 9.78e-01h  1
 131  1.8823902e+06 3.66e-08 2.34e-07  -7.2 3.40e-03    -  1.00e+00 1.00e+00f  1

Number of Iterations....: 131

                                   (scaled)                 (unscaled)
Objective...............:   1.3354320499911935e+04    1.8823902296626840e+06
Dual infeasibility......:   2.3387592778720788e-07    3.2966541534092934e-05
Constraint violation....:   1.3155000269660100e-08    3.6640063427739733e-08
Variable bound violation:   1.3115896457804865e-07    1.3115896457804865e-07
Complementarity.........:   1.0738089306548823e-07    1.5136130959284785e-05
Overall NLP error.......:   2.3387592778720788e-07    3.2966541534092934e-05


Number of objective function evaluations             = 132
Number of objective gradient evaluations             = 132
Number of equality constraint evaluations            = 132
Number of inequality constraint evaluations          = 133
Number of equality constraint Jacobian evaluations   = 132
Number of inequality constraint Jacobian evaluations = 132
Number of Lagrangian Hessian evaluations             = 131
Total seconds in IPOPT                               = 32.603

EXIT: Optimal Solution Found.

