Solver command line: ['/opt/homebrew/bin/ipopt', '/var/folders/6y/bvynbx6n3zv7z3lwg6vd724r0000gn/T/tmp_yr8552o.pyomo.nl', '-AMPL', 'tol=1e-06', 'max_iter=300', 'print_level=5', 'warm_start_init_point=yes', 'warm_start_bound_push=1e-06', 'warm_start_bound_frac=1e-06', 'warm_start_mult_bound_push=1e-06', 'mu_init=1e-06', 'least_square_init_duals=no']

Ipopt 3.14.19: tol=1e-06
max_iter=300
print_level=5
warm_start_init_point=yes
warm_start_bound_push=1e-06
warm_start_bound_frac=1e-06
warm_start_mult_bound_push=1e-06
mu_init=1e-06
least_square_init_duals=no


******************************************************************************
This program contains Ipopt, a library for large-scale nonlinear optimization.
 Ipopt is released as open source code under the Eclipse Public License (EPL).
         For more information visit https://github.com/coin-or/Ipopt
******************************************************************************

This is Ipopt version 3.14.19, running with linear solver MUMPS 5.6.2.

Number of nonzeros in equality constraint Jacobian...:   110041
Number of nonzeros in inequality constraint Jacobian.:    92152
Number of nonzeros in Lagrangian Hessian.............:    61684

Total number of variables............................:    16016
                     variables with only lower bounds:        0
                variables with lower and upper bounds:    16016
                     variables with only upper bounds:        0
Total number of equality constraints.................:    14673
Total number of inequality constraints...............:    23038
        inequality constraints with only lower bounds:        0
   inequality constraints with lower and upper bounds:        0
        inequality constraints with only upper bounds:    23038

iter    objective    inf_pr   inf_du lg(mu)  ||d||  lg(rg) alpha_du alpha_pr  ls
   0  2.5657086e+06 2.62e+01 2.09e+03  -6.0 0.00e+00    -  0.00e+00 0.00e+00   0
   1  2.4956925e+06 2.62e+01 2.09e+03  -6.0 3.86e+07    -  2.91e-08 2.91e-08f  1
   2  2.4552857e+06 2.62e+01 2.09e+03  -6.0 1.88e+07    -  1.13e-07 2.73e-08f  1
   3  2.3967047e+06 2.62e+01 2.09e+03  -6.0 9.66e+06    -  1.60e-07 1.09e-07f  1
   4  2.3706636e+06 2.62e+01 2.09e+03  -6.0 3.45e+06    -  5.97e-07 1.43e-07f  1
   5  2.3394913e+06 2.62e+01 2.09e+03  -6.0 1.54e+06    -  1.18e-06 6.24e-07f  1
   6  2.3329340e+06 2.62e+01 2.09e+03  -6.0 7.61e+05    -  9.80e-07 7.89e-07f  1
   7  2.3306139e+06 2.62e+01 2.09e+03  -6.0 4.92e+05    -  8.50e-07 6.12e-07f  1
   8  2.3262727e+06 2.62e+01 2.09e+03  -6.0 3.54e+05    -  3.00e-07 1.74e-06f  1
   9  2.3262195e+06 2.62e+01 2.09e+03  -6.0 2.15e+05    -  4.19e-06 3.77e-08f  1
iter    objective    inf_pr   inf_du lg(mu)  ||d||  lg(rg) alpha_du alpha_pr  ls
  10  2.3215824e+06 2.62e+01 2.09e+03  -6.0 1.18e+05    -  4.19e-06 5.49e-06f  1
  11  2.3196585e+06 2.62e+01 2.09e+03  -6.0 3.51e+04    -  6.81e-06 4.72e-06f  1
  12  2.3171684e+06 2.62e+01 2.09e+03  -6.0 2.50e+04    -  6.04e-06 7.69e-06f  1
  13  2.3152920e+06 2.62e+01 2.09e+03  -6.0 2.74e+04    -  5.34e-06 6.59e-06f  1
  14  2.3149140e+06 2.62e+01 2.09e+03  -6.0 1.77e+04    -  2.51e-05 1.52e-06f  1
  15  2.3135593e+06 2.62e+01 2.09e+03  -6.0 1.58e+04    -  2.30e-05 5.74e-06f  1
  16  2.3108403e+06 2.62e+01 2.09e+03  -6.0 1.28e+04    -  3.57e-05 1.19e-05f  1
  17  2.3103031e+06 2.62e+01 2.09e+03  -6.0 1.08e+04    -  4.50e-05 2.51e-06f  1
  18  2.3082402e+06 2.62e+01 2.09e+03  -6.0 1.11e+04    -  4.98e-05 1.06e-05f  1
  19  2.3069510e+06 2.62e+01 2.09e+03  -6.0 1.29e+04    -  1.12e-05 7.57e-06f  1
iter    objective    inf_pr   inf_du lg(mu)  ||d||  lg(rg) alpha_du alpha_pr  ls
  20  2.3052549e+06 2.62e+01 2.09e+03  -6.0 1.39e+04    -  1.40e-05 1.13e-05f  1
  21  2.3038480e+06 2.62e+01 2.09e+03  -6.0 1.40e+04    -  2.55e-05 1.11e-05f  1
  22  2.3028777e+06 2.62e+01 2.09e+03  -6.0 7.81e+03    -  1.26e-05 9.92e-06f  1
  23  2.3012726e+06 2.62e+01 2.09e+03  -6.0 2.97e+03    -  9.09e-05 1.78e-05f  1
  24  2.3000975e+06 2.62e+01 2.09e+03  -6.0 2.97e+03    -  4.83e-05 1.45e-05f  1
  25  2.2986779e+06 2.62e+01 2.09e+03  -6.0 2.97e+03    -  1.68e-05 2.07e-05f  1
  26  2.2983774e+06 2.62e+01 2.09e+03  -6.0 2.97e+03    -  2.98e-06 4.44e-06f  1
  27  2.2978438e+06 2.62e+01 2.09e+03  -6.0 2.97e+03    -  4.55e-05 8.12e-06f  1
  28  2.2968792e+06 2.62e+01 2.09e+03  -6.0 2.97e+03    -  1.16e-05 1.53e-05f  1
  29  2.2950125e+06 2.62e+01 2.09e+03  -6.0 2.97e+03    -  1.12e-05 3.06e-05f  1
iter    objective    inf_pr   inf_du lg(mu)  ||d||  lg(rg) alpha_du alpha_pr  ls
  30  2.2943139e+06 2.62e+01 2.09e+03  -6.0 2.97e+03    -  6.74e-05 1.14e-05f  1
  31  2.2939448e+06 2.62e+01 2.09e+03  -6.0 2.97e+03    -  1.93e-05 6.19e-06f  1
  32  2.2936512e+06 2.62e+01 2.09e+03  -6.0 2.97e+03    -  8.57e-05 5.01e-06f  1
  33  2.2901582e+06 2.62e+01 2.09e+03  -6.0 2.97e+03    -  3.95e-05 6.05e-05f  1
  34  2.2890430e+06 2.62e+01 2.09e+03  -6.0 2.96e+03    -  7.68e-05 2.02e-05f  1
  35  2.2886496e+06 2.62e+01 2.09e+03  -6.0 2.96e+03    -  1.00e-05 7.24e-06f  1
  36  2.2864028e+06 2.62e+01 2.09e+03  -6.0 2.96e+03    -  7.11e-05 4.13e-05f  1
  37  2.2856694e+06 2.62e+01 2.09e+03  -6.0 2.96e+03    -  8.14e-06 1.38e-05f  1
  38  2.2851788e+06 2.62e+01 2.09e+03  -6.0 2.96e+03    -  8.06e-05 9.25e-06f  1
  39  2.2833147e+06 2.62e+01 2.09e+03  -6.0 2.96e+03    -  1.08e-05 3.60e-05f  1
iter    objective    inf_pr   inf_du lg(mu)  ||d||  lg(rg) alpha_du alpha_pr  ls
  40  2.2827527e+06 2.62e+01 2.09e+03  -6.0 2.96e+03    -  1.34e-04 1.13e-05f  1
  41  2.2817829e+06 2.62e+01 2.09e+03  -6.0 2.95e+03    -  5.95e-05 2.02e-05f  1
  42  2.2778657e+06 2.62e+01 2.09e+03  -6.0 2.94e+03    -  3.35e-05 8.36e-05f  1
  43  2.2771636e+06 2.62e+01 2.09e+03  -6.0 2.92e+03    -  8.98e-06 1.52e-05f  1
  44  2.2764901e+06 2.62e+01 2.09e+03  -6.0 2.91e+03    -  1.51e-04 1.48e-05f  1
  45  2.2755822e+06 2.62e+01 2.09e+03  -6.0 2.73e+03    -  1.87e-05 2.05e-05f  1
  46  2.2750325e+06 2.62e+01 2.09e+03  -6.0 2.33e+03    -  9.12e-06 1.28e-05f  1
  47  2.2742312e+06 2.62e+01 2.09e+03  -6.0 2.14e+03    -  4.43e-05 1.91e-05f  1
  48  2.2728005e+06 2.62e+01 2.09e+03  -6.0 1.52e+03    -  3.56e-05 3.70e-05f  1
  49  2.2723627e+06 2.62e+01 2.09e+03  -6.0 1.21e+03    -  1.18e-04 1.22e-05f  1
iter    objective    inf_pr   inf_du lg(mu)  ||d||  lg(rg) alpha_du alpha_pr  ls
  50  2.2716587e+06 2.62e+01 2.09e+03  -6.0 1.19e+03    -  1.77e-04 2.03e-05f  1
  51  2.2709370e+06 2.62e+01 2.09e+03  -6.0 1.17e+03    -  1.69e-05 2.13e-05f  1
  52  2.2706375e+06 2.62e+01 2.09e+03  -6.0 1.17e+03    -  3.22e-05 8.96e-06f  1
  53  2.2695648e+06 2.62e+01 2.09e+03  -6.0 1.17e+03    -  1.19e-05 3.42e-05f  1
  54  2.2688975e+06 2.62e+01 2.09e+03  -6.0 1.17e+03    -  9.86e-05 2.33e-05f  1
  55  2.2668653e+06 2.62e+01 2.09e+03  -6.0 1.16e+03    -  3.89e-05 7.47e-05f  1
  56  2.2654968e+06 2.62e+01 2.09e+03  -6.0 1.14e+03    -  1.47e-05 5.30e-05f  1
  57  2.2649876e+06 2.62e+01 2.09e+03  -6.0 8.79e+02    -  2.16e-04 2.05e-05f  1
  58  2.2635168e+06 2.62e+01 2.09e+03  -6.0 8.72e+02    -  5.84e-05 5.98e-05f  1
  59  2.2624778e+06 2.62e+01 2.09e+03  -6.0 8.69e+02    -  4.90e-05 4.27e-05f  1
iter    objective    inf_pr   inf_du lg(mu)  ||d||  lg(rg) alpha_du alpha_pr  ls
  60  2.2620024e+06 2.62e+01 2.09e+03  -6.0 8.43e+02    -  5.03e-05 1.96e-05f  1
  61  2.2612119e+06 2.62e+01 2.09e+03  -6.0 8.66e+02    -  1.27e-04 3.33e-05f  1
  62  2.2605757e+06 2.62e+01 2.09e+03  -6.0 8.63e+02    -  8.29e-05 2.84e-05f  1
  63  2.2595301e+06 2.62e+01 2.09e+03  -6.0 9.02e+02    -  6.87e-05 4.80e-05f  1
  64  2.2577639e+06 2.62e+01 2.09e+03  -6.0 9.01e+02    -  1.54e-04 8.34e-05f  1
  65  2.2559885e+06 2.62e+01 2.09e+03  -6.0 1.40e+03    -  9.26e-05 8.23e-05f  1
  66  2.2555520e+06 2.62e+01 2.09e+03  -6.0 1.21e+03    -  8.91e-05 2.12e-05f  1
  67  2.2547442e+06 2.62e+01 2.09e+03  -6.0 9.80e+02    -  6.88e-05 4.66e-05f  1
  68  2.2541366e+06 2.62e+01 2.09e+03  -6.0 8.64e+02    -  8.47e-05 3.61e-05f  1
  69  2.2532014e+06 2.62e+01 2.09e+03  -6.0 8.76e+02    -  4.27e-05 5.98e-05f  1
iter    objective    inf_pr   inf_du lg(mu)  ||d||  lg(rg) alpha_du alpha_pr  ls
  70  2.2524621e+06 2.62e+01 2.09e+03  -6.0 8.95e+02    -  1.26e-04 4.83e-05f  1
  71  2.2516666e+06 2.62e+01 2.09e+03  -6.0 9.12e+02    -  1.58e-05 5.26e-05f  1
  72  2.2512022e+06 2.62e+01 2.09e+03  -6.0 9.32e+02    -  5.76e-05 3.06e-05f  1
  73  2.2502623e+06 2.62e+01 2.09e+03  -6.0 9.39e+02    -  4.22e-04 6.30e-05f  1
  74  2.2482123e+06 2.62e+01 2.09e+03  -6.0 9.60e+02    -  1.88e-04 1.39e-04f  1
  75  2.2473280e+06 2.62e+01 2.09e+03  -6.0 1.00e+03    -  1.70e-04 6.47e-05f  1
  76  2.2468754e+06 2.62e+01 2.09e+03  -6.0 1.02e+03    -  1.83e-04 3.35e-05f  1
  77  2.2459581e+06 2.62e+01 2.09e+03  -6.0 1.03e+03    -  9.12e-04 7.10e-05f  1
  78  2.2454391e+06 2.62e+01 2.09e+03  -6.0 1.05e+03    -  8.45e-05 4.06e-05f  1
  79  2.2425182e+06 2.62e+01 2.09e+03  -6.0 1.06e+03    -  2.19e-04 2.31e-04f  1
iter    objective    inf_pr   inf_du lg(mu)  ||d||  lg(rg) alpha_du alpha_pr  ls
  80  2.2410905e+06 2.62e+01 2.09e+03  -6.0 1.14e+03    -  1.87e-04 1.18e-04f  1
  81  2.2406354e+06 2.62e+01 2.09e+03  -6.0 1.17e+03    -  1.30e-04 3.89e-05f  1
  82  2.2398175e+06 2.62e+01 2.09e+03  -6.0 1.18e+03    -  4.85e-05 7.14e-05f  1
  83  2.2386361e+06 2.62e+01 2.09e+03  -6.0 1.20e+03    -  4.88e-05 1.06e-04f  1
  84  2.2381837e+06 2.62e+01 2.09e+03  -6.0 1.17e+03    -  8.03e-05 4.28e-05f  1
  85  2.2380874e+06 2.62e+01 2.09e+03  -6.0 1.22e+03    -  5.67e-05 1.00e-05f  1
  86  2.2371716e+06 2.62e+01 2.09e+03  -6.0 1.22e+03    -  6.75e-05 9.85e-05f  1
  87  2.2359624e+06 2.62e+01 2.09e+03  -6.0 1.23e+03    -  5.15e-04 1.33e-04f  1
  88  2.2357407e+06 2.62e+01 2.09e+03  -6.0 7.26e+02    -  1.97e-06 2.50e-05f  1
  89  2.2347676e+06 2.62e+01 2.09e+03  -6.0 7.26e+02    -  3.97e-04 1.11e-04f  1
iter    objective    inf_pr   inf_du lg(mu)  ||d||  lg(rg) alpha_du alpha_pr  ls
  90  2.2340409e+06 2.62e+01 2.09e+03  -6.0 7.23e+02    -  1.46e-04 8.43e-05f  1
  91  2.2335623e+06 2.62e+01 2.09e+03  -6.0 7.22e+02    -  7.59e-04 5.62e-05f  1
  92  2.2329782e+06 2.62e+01 2.09e+03  -6.0 7.20e+02    -  2.61e-04 7.03e-05f  1
  93  2.2324883e+06 2.62e+01 2.09e+03  -6.0 7.06e+02    -  7.68e-05 6.12e-05f  1
  94  2.2311284e+06 2.62e+01 2.09e+03  -6.0 5.56e+02    -  2.56e-05 1.79e-04f  1
  95  2.2309143e+06 2.62e+01 2.09e+03  -6.0 5.55e+02    -  2.56e-04 2.93e-05f  1
  96  2.2301048e+06 2.61e+01 2.09e+03  -6.0 5.52e+02    -  1.40e-04 1.09e-04f  1
  97  2.2286913e+06 2.61e+01 2.09e+03  -6.0 5.51e+02    -  3.60e-05 1.92e-04f  1
  98  2.2280433e+06 2.61e+01 2.09e+03  -6.0 5.50e+02    -  3.62e-04 8.97e-05f  1
  99  2.2273082e+06 2.61e+01 2.09e+03  -6.0 5.59e+02    -  1.45e-04 1.05e-04f  1
iter    objective    inf_pr   inf_du lg(mu)  ||d||  lg(rg) alpha_du alpha_pr  ls
 100  2.2262571e+06 2.61e+01 2.09e+03  -6.0 5.58e+02    -  8.80e-04 1.51e-04f  1
 101  2.2258494e+06 2.61e+01 2.09e+03  -6.0 5.52e+02    -  1.31e-04 5.95e-05f  1
 102  2.2240614e+06 2.61e+01 2.08e+03  -6.0 5.47e+02    -  3.66e-04 2.66e-04f  1
 103  2.2235352e+06 2.61e+01 2.08e+03  -6.0 4.97e+02    -  2.15e-04 8.44e-05f  1
 104  2.2226342e+06 2.61e+01 2.08e+03  -6.0 4.56e+02    -  3.75e-04 1.60e-04f  1
 105  2.2219846e+06 2.61e+01 2.08e+03  -6.0 4.64e+02    -  1.69e-04 1.22e-04f  1
 106  2.2213078e+06 2.61e+01 2.08e+03  -6.0 4.76e+02    -  1.27e-03 1.29e-04f  1
 107  2.2210845e+06 2.61e+01 2.08e+03  -6.0 4.89e+02    -  4.81e-04 4.64e-05f  1
 108  2.2191069e+06 2.61e+01 2.08e+03  -6.0 4.93e+02    -  5.59e-05 4.15e-04f  1
 109  2.2186406e+06 2.61e+01 2.08e+03  -6.0 5.35e+02    -  9.52e-04 1.00e-04f  1
iter    objective    inf_pr   inf_du lg(mu)  ||d||  lg(rg) alpha_du alpha_pr  ls
 110  2.2180412e+06 2.61e+01 2.08e+03  -6.0 5.44e+02    -  4.77e-04 1.35e-04f  1
 111  2.2162209e+06 2.61e+01 2.08e+03  -6.0 5.58e+02    -  1.47e-04 4.29e-04f  1
 112  2.2160336e+06 2.61e+01 2.08e+03  -6.0 6.00e+02    -  3.10e-04 4.76e-05f  1
 113  2.2136172e+06 2.61e+01 2.08e+03  -6.0 6.04e+02    -  4.06e-04 6.22e-04f  1
 114  2.2131577e+06 2.61e+01 2.08e+03  -6.0 6.64e+02    -  3.64e-04 1.19e-04f  1
 115  2.2125314e+06 2.61e+01 2.08e+03  -6.0 6.74e+02    -  1.43e-04 1.61e-04f  1
 116  2.2122278e+06 2.61e+01 2.08e+03  -6.0 6.88e+02    -  2.94e-04 8.07e-05f  1
 117  2.2116386e+06 2.61e+01 2.08e+03  -6.0 6.93e+02    -  9.51e-04 1.58e-04f  1
 118  2.2112375e+06 2.60e+01 2.08e+03  -6.0 6.95e+02    -  6.69e-04 1.13e-04f  1
 119  2.2106537e+06 2.60e+01 2.08e+03  -6.0 6.82e+02    -  1.22e-04 1.82e-04f  1
iter    objective    inf_pr   inf_du lg(mu)  ||d||  lg(rg) alpha_du alpha_pr  ls
 120  2.2105281e+06 2.60e+01 2.08e+03  -6.0 6.76e+02    -  1.35e-03 4.08e-05f  1
 121  2.2091584e+06 2.60e+01 2.08e+03  -6.0 5.48e+02    -  4.40e-04 4.57e-04f  1
 122  2.2084152e+06 2.60e+01 2.08e+03  -6.0 4.28e+02    -  4.87e-04 2.62e-04f  1
 123  2.2078726e+06 2.60e+01 2.08e+03  -6.0 4.15e+02    -  5.80e-04 1.96e-04f  1
 124  2.2075151e+06 2.60e+01 2.08e+03  -6.0 3.93e+02    -  3.78e-04 1.31e-04f  1
 125  2.2060849e+06 2.60e+01 2.07e+03  -6.0 3.90e+02    -  5.23e-04 5.35e-04f  1
 126  2.2059017e+06 2.60e+01 2.07e+03  -6.0 3.88e+02    -  3.31e-04 7.85e-05f  1
 127  2.2054715e+06 2.60e+01 2.07e+03  -6.0 3.82e+02    -  1.39e-03 1.92e-04f  1
 128  2.2047622e+06 2.60e+01 2.07e+03  -6.0 3.54e+02    -  2.19e-04 3.34e-04f  1
 129  2.2044161e+06 2.60e+01 2.07e+03  -6.0 2.19e+02    -  4.93e-03 1.81e-04f  1
iter    objective    inf_pr   inf_du lg(mu)  ||d||  lg(rg) alpha_du alpha_pr  ls
 130  2.2040312e+06 2.60e+01 2.07e+03  -6.0 1.56e+02    -  7.54e-04 2.45e-04f  1
 131  2.2024299e+06 2.59e+01 2.07e+03  -6.0 1.56e+02    -  3.57e-04 1.03e-03f  1
 132  2.2021255e+06 2.59e+01 2.07e+03  -6.0 1.54e+02    -  3.60e-03 2.06e-04f  1
 133  2.2009621e+06 2.59e+01 2.07e+03  -6.0 1.54e+02    -  1.77e-03 8.30e-04f  1
 134  2.2004736e+06 2.59e+01 2.07e+03  -6.0 1.53e+02    -  3.12e-03 3.86e-04f  1
 135  2.1996352e+06 2.59e+01 2.07e+03  -6.0 1.53e+02    -  4.04e-04 7.09e-04f  1
 136  2.1990679e+06 2.59e+01 2.07e+03  -6.0 1.53e+02    -  1.02e-03 5.04e-04f  1
 137  2.1986048e+06 2.59e+01 2.06e+03  -6.0 1.52e+02    -  3.60e-03 4.64e-04f  1
 138  2.1975830e+06 2.58e+01 2.06e+03  -6.0 1.51e+02    -  3.51e-05 1.08e-03f  1
 139  2.1972351e+06 2.58e+01 2.06e+03  -6.0 1.49e+02    -  1.45e-03 3.77e-04f  1
iter    objective    inf_pr   inf_du lg(mu)  ||d||  lg(rg) alpha_du alpha_pr  ls
 140  2.1970133e+06 2.58e+01 2.06e+03  -6.0 1.45e+02    -  1.35e-03 2.44e-04f  1
 141  2.1965992e+06 2.58e+01 2.06e+03  -6.0 1.38e+02    -  3.61e-04 4.69e-04f  1
 142  2.1963982e+06 2.58e+01 2.06e+03  -6.0 1.32e+02    -  3.61e-03 2.27e-04f  1
 143  2.1951004e+06 2.58e+01 2.06e+03  -6.0 1.22e+02    -  2.79e-04 1.47e-03f  1
 144  2.1948337e+06 2.58e+01 2.06e+03  -6.0 1.18e+02    -  1.59e-03 3.07e-04f  1
 145  2.1942201e+06 2.57e+01 2.05e+03  -6.0 1.14e+02    -  1.39e-03 7.14e-04f  1
 146  2.1941948e+06 2.57e+01 2.05e+03  -6.0 9.49e+01    -  2.53e-03 3.06e-05f  1
 147  2.1931961e+06 2.57e+01 2.05e+03  -6.0 9.45e+01    -  1.04e-04 1.25e-03f  1
 148  2.1930380e+06 2.57e+01 2.05e+03  -6.0 9.44e+01    -  1.32e-03 2.09e-04f  1
 149  2.1924204e+06 2.57e+01 2.05e+03  -6.0 9.40e+01    -  2.03e-04 8.04e-04f  1
iter    objective    inf_pr   inf_du lg(mu)  ||d||  lg(rg) alpha_du alpha_pr  ls
 150  2.1921190e+06 2.57e+01 2.05e+03  -6.0 9.38e+01    -  1.23e-02 3.98e-04f  1
 151  2.1903471e+06 2.56e+01 2.04e+03  -6.0 9.25e+01    -  1.39e-03 2.40e-03f  1
 152  2.1899949e+06 2.56e+01 2.04e+03  -6.0 9.20e+01    -  3.11e-03 4.91e-04f  1
 153  2.1891623e+06 2.56e+01 2.04e+03  -6.0 9.18e+01    -  4.86e-03 1.18e-03f  1
 154  2.1881830e+06 2.55e+01 2.04e+03  -6.0 9.16e+01    -  9.84e-04 1.40e-03f  1
 155  2.1879915e+06 2.55e+01 2.04e+03  -6.0 9.46e+01    -  1.32e-04 2.77e-04f  1
 156  2.1878065e+06 2.55e+01 2.04e+03  -6.0 1.08e+02    -  4.58e-04 2.73e-04f  1
 157  2.1874062e+06 2.55e+01 2.03e+03  -6.0 1.08e+02    -  5.01e-04 6.01e-04f  1
 158  2.1865936e+06 2.55e+01 2.03e+03  -6.0 1.08e+02    -  3.56e-03 1.22e-03f  1
 159  2.1864052e+06 2.55e+01 2.03e+03  -6.0 1.08e+02    -  8.74e-04 2.88e-04f  1
iter    objective    inf_pr   inf_du lg(mu)  ||d||  lg(rg) alpha_du alpha_pr  ls
 160  2.1861396e+06 2.55e+01 2.03e+03  -6.0 1.08e+02    -  4.06e-03 4.31e-04f  1
 161  2.1843613e+06 2.54e+01 2.03e+03  -6.0 1.08e+02    -  8.94e-04 2.94e-03f  1
 162  2.1832534e+06 2.53e+01 2.02e+03  -6.0 1.16e+02    -  1.90e-03 1.85e-03f  1
 163  2.1831313e+06 2.53e+01 2.02e+03  -6.0 1.21e+02    -  9.29e-04 2.03e-04f  1
 164  2.1823407e+06 2.53e+01 2.02e+03  -6.0 1.21e+02    -  2.58e-04 1.31e-03f  1
 165  2.1816336e+06 2.53e+01 2.02e+03  -6.0 1.25e+02    -  1.74e-03 1.18e-03f  1
 166  2.1815222e+06 2.53e+01 2.02e+03  -6.0 1.27e+02    -  2.16e-03 1.86e-04f  1
 167  2.1793610e+06 2.52e+01 2.01e+03  -6.0 1.12e+02    -  2.21e-03 3.66e-03f  1
 168  2.1791510e+06 2.52e+01 2.01e+03  -6.0 1.21e+02    -  6.34e-03 3.68e-04f  1
 169  2.1782170e+06 2.51e+01 2.00e+03  -6.0 1.38e+02    -  9.81e-03 1.62e-03f  1
iter    objective    inf_pr   inf_du lg(mu)  ||d||  lg(rg) alpha_du alpha_pr  ls
 170  2.1776162e+06 2.51e+01 2.00e+03  -6.0 1.41e+02    -  1.71e-03 1.16e-03f  1
 171  2.1771933e+06 2.51e+01 2.00e+03  -6.0 1.43e+02    -  4.19e-03 8.33e-04f  1
 172  2.1766346e+06 2.50e+01 2.00e+03  -6.0 1.38e+02    -  1.40e-02 1.11e-03f  1
 173  2.1753710e+06 2.50e+01 1.99e+03  -6.0 4.20e+01    -  1.47e-03 2.82e-03f  1
 174  2.1734795e+06 2.49e+01 1.98e+03  -6.0 3.59e+01    -  2.52e-03 4.55e-03f  1
 175  2.1734189e+06 2.49e+01 1.98e+03  -6.0 3.48e+01    -  4.16e-03 1.47e-04f  1
 176  2.1729730e+06 2.48e+01 1.98e+03  -6.0 3.40e+01    -  4.43e-04 1.08e-03f  1
 177  2.1726816e+06 2.48e+01 1.98e+03  -6.0 3.40e+01    -  2.41e-03 7.11e-04f  1
 178  2.1718958e+06 2.48e+01 1.98e+03  -6.0 3.91e+01    -  5.85e-03 1.92e-03f  1
 179  2.1705645e+06 2.47e+01 1.97e+03  -6.0 3.90e+01    -  2.15e-03 3.27e-03f  1
iter    objective    inf_pr   inf_du lg(mu)  ||d||  lg(rg) alpha_du alpha_pr  ls
 180  2.1685640e+06 2.46e+01 1.96e+03  -6.0 3.89e+01    -  7.94e-03 4.95e-03f  1
 181  2.1679337e+06 2.45e+01 1.96e+03  -6.0 3.89e+01    -  1.17e-02 1.58e-03f  1
 182  2.1670134e+06 2.45e+01 1.95e+03  -6.0 3.87e+01    -  4.15e-03 2.27e-03f  1
 183  2.1662735e+06 2.44e+01 1.95e+03  -6.0 3.85e+01    -  1.67e-03 1.84e-03f  1
 184  2.1660466e+06 2.44e+01 1.95e+03  -6.0 6.39e+01    -  4.08e-03 5.60e-04f  1
 185  2.1646525e+06 2.43e+01 1.94e+03  -6.0 6.36e+01    -  6.58e-04 3.46e-03f  1
 186  2.1642329e+06 2.43e+01 1.94e+03  -6.0 6.34e+01    -  5.79e-03 1.07e-03f  1
 187  2.1639667e+06 2.43e+01 1.94e+03  -6.0 6.34e+01    -  1.21e-02 6.83e-04f  1
 188  2.1627611e+06 2.42e+01 1.93e+03  -6.0 6.35e+01    -  2.06e-05 3.04e-03f  1
 189  2.1625570e+06 2.42e+01 1.93e+03  -6.0 6.32e+01    -  8.00e-03 5.21e-04f  1
iter    objective    inf_pr   inf_du lg(mu)  ||d||  lg(rg) alpha_du alpha_pr  ls
 190  2.1612896e+06 2.41e+01 1.92e+03  -6.0 6.32e+01    -  5.80e-03 3.27e-03f  1
 191  2.1583533e+06 2.39e+01 1.91e+03  -6.0 6.31e+01    -  3.80e-03 7.65e-03f  1
 192  2.1561069e+06 2.38e+01 1.90e+03  -6.0 6.34e+01    -  6.73e-04 5.91e-03f  1
 193  2.1557902e+06 2.38e+01 1.90e+03  -6.0 6.28e+01    -  8.03e-03 8.46e-04f  1
 194  2.1542987e+06 2.37e+01 1.89e+03  -6.0 6.29e+01    -  5.55e-03 3.99e-03f  1
 195  2.1527211e+06 2.36e+01 1.88e+03  -6.0 6.21e+01    -  3.37e-03 4.26e-03f  1
 196  2.1525216e+06 2.36e+01 1.88e+03  -6.0 6.11e+01    -  7.06e-03 5.57e-04f  1
 197  2.1505400e+06 2.34e+01 1.87e+03  -6.0 6.10e+01    -  9.09e-04 5.53e-03f  1
 198  2.1497827e+06 2.34e+01 1.87e+03  -6.0 6.05e+01    -  5.56e-03 2.13e-03f  1
 199  2.1464374e+06 2.32e+01 1.85e+03  -6.0 6.10e+01    -  1.30e-02 9.44e-03f  1
iter    objective    inf_pr   inf_du lg(mu)  ||d||  lg(rg) alpha_du alpha_pr  ls
 200  2.1427474e+06 2.29e+01 1.83e+03  -6.0 6.11e+01    -  2.56e-03 1.07e-02f  1
 201  2.1418284e+06 2.28e+01 1.82e+03  -6.0 6.39e+01    -  3.81e-02 2.70e-03f  1
 202  2.1411131e+06 2.28e+01 1.82e+03  -6.0 6.49e+01    -  3.14e-03 2.11e-03f  1
 203  2.1405212e+06 2.28e+01 1.82e+03  -6.0 6.14e+01    -  1.29e-03 1.76e-03f  1
 204  2.1400779e+06 2.27e+01 1.81e+03  -6.0 4.35e+01    -  1.25e-02 1.34e-03f  1
 205  2.1376063e+06 2.26e+01 1.80e+03  -6.0 4.34e+01    -  1.45e-03 7.51e-03f  1
 206  2.1371427e+06 2.25e+01 1.80e+03  -6.0 4.27e+01    -  3.10e-02 1.42e-03f  1
 207  2.1363421e+06 2.25e+01 1.79e+03  -6.0 3.58e+01    -  1.26e-02 2.49e-03f  1
 208  2.1360095e+06 2.24e+01 1.79e+03  -6.0 3.55e+01    -  2.58e-03 1.04e-03f  1
 209  2.1350606e+06 2.24e+01 1.79e+03  -6.0 3.55e+01    -  1.01e-03 2.98e-03f  1
iter    objective    inf_pr   inf_du lg(mu)  ||d||  lg(rg) alpha_du alpha_pr  ls
 210  2.1347169e+06 2.24e+01 1.78e+03  -6.0 3.54e+01    -  2.96e-02 1.08e-03f  1
 211  2.1336182e+06 2.23e+01 1.78e+03  -6.0 3.54e+01    -  5.70e-03 3.48e-03f  1
 212  2.1332996e+06 2.23e+01 1.78e+03  -6.0 3.55e+01    -  7.54e-03 1.02e-03f  1
 213  2.1329550e+06 2.22e+01 1.77e+03  -6.0 3.54e+01    -  5.67e-02 1.10e-03f  1
 214  2.1302606e+06 2.20e+01 1.76e+03  -6.0 3.58e+01    -  5.14e-03 8.73e-03f  1
 215  2.1283286e+06 2.19e+01 1.75e+03  -6.0 3.52e+01    -  2.34e-02 6.33e-03f  1
 216  2.1273560e+06 2.18e+01 1.74e+03  -6.0 3.40e+01    -  4.72e-02 3.28e-03f  1
 217  2.1241690e+06 2.16e+01 1.72e+03  -6.0 3.55e+01    -  3.16e-03 1.11e-02f  1
 218  2.1230046e+06 2.15e+01 1.72e+03  -6.0 3.38e+01    -  4.25e-02 4.11e-03f  1
 219  2.1211622e+06 2.14e+01 1.70e+03  -6.0 3.31e+01    -  2.85e-03 6.53e-03f  1
iter    objective    inf_pr   inf_du lg(mu)  ||d||  lg(rg) alpha_du alpha_pr  ls
 220  2.1194001e+06 2.12e+01 1.69e+03  -6.0 3.33e+01    -  3.78e-02 6.35e-03f  1
 221  2.1169177e+06 2.10e+01 1.68e+03  -6.0 3.62e+01    -  4.39e-03 9.02e-03f  1
 222  2.1161397e+06 2.10e+01 1.67e+03  -6.0 3.88e+01    -  4.85e-03 2.89e-03f  1
 223  2.1151553e+06 2.09e+01 1.67e+03  -6.0 2.17e+01    -  9.35e-04 3.65e-03f  1
 224  2.1136823e+06 2.08e+01 1.66e+03  -6.0 2.52e+01    -  4.07e-03 5.60e-03f  1
 225  2.1126099e+06 2.07e+01 1.65e+03  -6.0 2.55e+01    -  5.72e-03 4.10e-03f  1
 226  2.1125680e+06 2.07e+01 1.65e+03  -6.0 2.58e+01    -  1.82e-02 1.61e-04f  1
 227  2.1101921e+06 2.05e+01 1.64e+03  -6.0 2.10e+01    -  2.65e-07 9.08e-03f  1
 228  2.1036112e+06 2.00e+01 1.59e+03  -6.0 2.85e+01    -  1.19e-02 2.55e-02f  1
 229  2.1005923e+06 1.97e+01 1.57e+03  -6.0 2.15e+01    -  1.02e-02 1.20e-02f  1
iter    objective    inf_pr   inf_du lg(mu)  ||d||  lg(rg) alpha_du alpha_pr  ls
 230  2.1005878e+06 1.97e+01 1.57e+03  -6.0 2.04e+01    -  4.34e-03 1.78e-05h  1
 231  2.0950356e+06 1.93e+01 1.54e+03  -6.0 2.30e+01    -  1.62e-04 2.27e-02f  1
 232  2.0947436e+06 1.93e+01 1.54e+03  -6.0 2.42e+01    -  3.59e-02 1.22e-03f  1
 233  2.0937530e+06 1.92e+01 1.53e+03  -6.0 2.43e+01    -  4.66e-03 4.16e-03f  1
 234  2.0915803e+06 1.90e+01 1.52e+03  -6.0 2.53e+01    -  3.94e-02 9.14e-03f  1
 235  2.0909003e+06 1.89e+01 1.51e+03  -6.0 1.85e+01    -  3.83e-04 2.88e-03f  1
 236  2.0908062e+06 1.89e+01 1.51e+03  -6.0 1.84e+01    -  8.53e-04 4.00e-04f  1
 237  2.0878924e+06 1.87e+01 1.49e+03  -6.0 1.83e+01    -  1.90e-02 1.23e-02f  1
 238  2.0872798e+06 1.87e+01 1.49e+03  -6.0 1.80e+01    -  1.27e-02 2.63e-03f  1
 239  2.0841480e+06 1.84e+01 1.47e+03  -6.0 2.71e+01    -  8.34e-03 1.36e-02f  1
iter    objective    inf_pr   inf_du lg(mu)  ||d||  lg(rg) alpha_du alpha_pr  ls
 240  2.0837647e+06 1.84e+01 1.47e+03  -6.0 2.14e+01    -  8.11e-02 1.69e-03f  1
 241  2.0787454e+06 1.80e+01 1.43e+03  -6.0 2.64e+01    -  3.56e-03 2.22e-02f  1
 242  2.0776932e+06 1.79e+01 1.43e+03  -6.0 2.96e+01    -  9.09e-03 4.82e-03f  1
 243  2.0772538e+06 1.78e+01 1.42e+03  -6.0 2.76e+01    -  1.14e-03 2.02e-03f  1
 244  2.0765708e+06 1.78e+01 1.42e+03  -6.0 2.42e+01    -  2.20e-02 3.16e-03f  1
 245  2.0752124e+06 1.77e+01 1.41e+03  -6.0 2.76e+01    -  3.01e-03 6.32e-03f  1
 246  2.0746598e+06 1.76e+01 1.41e+03  -6.0 3.36e+01    -  7.73e-04 2.59e-03f  1
 247  2.0721587e+06 1.74e+01 1.39e+03  -6.0 2.62e+01    -  2.42e-02 1.18e-02f  1
 248  2.0713605e+06 1.74e+01 1.39e+03  -6.0 2.48e+01    -  1.19e-02 3.80e-03f  1
 249  2.0699781e+06 1.72e+01 1.38e+03  -6.0 2.57e+01    -  3.36e-03 6.61e-03f  1
iter    objective    inf_pr   inf_du lg(mu)  ||d||  lg(rg) alpha_du alpha_pr  ls
 250  2.0692604e+06 1.72e+01 1.37e+03  -6.0 3.25e+01    -  1.32e-02 3.45e-03f  1
 251  2.0683597e+06 1.71e+01 1.37e+03  -6.0 3.23e+01    -  7.24e-03 4.35e-03f  1
 252  2.0645520e+06 1.68e+01 1.34e+03  -6.0 3.01e+01    -  2.77e-02 1.86e-02f  1
 253  2.0645221e+06 1.68e+01 1.34e+03  -6.0 3.02e+01    -  8.56e-03 1.49e-04f  1
 254  2.0637624e+06 1.67e+01 1.34e+03  -6.0 3.32e+01    -  1.77e-04 3.81e-03f  1
 255  2.0630487e+06 1.67e+01 1.33e+03  -6.0 4.58e+01    -  1.94e-03 3.56e-03f  1
 256  2.0620087e+06 1.66e+01 1.32e+03  -6.0 2.87e+01    -  1.59e-03 5.22e-03f  1
 257  2.0561669e+06 1.61e+01 1.29e+03  -6.0 2.35e+01    -  8.83e-03 2.94e-02f  1
 258  2.0537656e+06 1.59e+01 1.27e+03  -6.0 2.40e+01    -  1.29e-02 1.25e-02f  1
 259  2.0511629e+06 1.57e+01 1.25e+03  -6.0 2.33e+01    -  3.36e-02 1.37e-02f  1
iter    objective    inf_pr   inf_du lg(mu)  ||d||  lg(rg) alpha_du alpha_pr  ls
 260  2.0504807e+06 1.56e+01 1.25e+03  -6.0 2.37e+01    -  1.43e-02 3.65e-03f  1
 261  2.0464103e+06 1.53e+01 1.22e+03  -6.0 2.38e+01    -  3.92e-03 2.19e-02f  1
 262  2.0445762e+06 1.51e+01 1.21e+03  -6.0 2.68e+01    -  9.42e-03 1.02e-02f  1
 263  2.0422411e+06 1.49e+01 1.19e+03  -6.0 2.41e+01    -  6.83e-02 1.30e-02f  1
 264  2.0414184e+06 1.48e+01 1.19e+03  -6.0 2.52e+01    -  1.36e-02 4.67e-03f  1
 265  2.0390203e+06 1.46e+01 1.17e+03  -6.0 2.50e+01    -  3.73e-03 1.37e-02f  1
 266  2.0382237e+06 1.46e+01 1.16e+03  -6.0 2.52e+01    -  3.58e-02 4.62e-03f  1
 267  2.0351460e+06 1.43e+01 1.14e+03  -6.0 2.52e+01    -  3.29e-02 1.79e-02f  1
 268  2.0327329e+06 1.41e+01 1.13e+03  -6.0 2.71e+01    -  1.84e-02 1.44e-02f  1
 269  2.0306910e+06 1.39e+01 1.11e+03  -6.0 3.01e+01    -  3.83e-02 1.23e-02f  1
iter    objective    inf_pr   inf_du lg(mu)  ||d||  lg(rg) alpha_du alpha_pr  ls
 270  2.0292700e+06 1.38e+01 1.10e+03  -6.0 2.66e+01    -  1.47e-02 8.70e-03f  1
 271  2.0283981e+06 1.37e+01 1.10e+03  -6.0 3.16e+01    -  1.78e-02 5.39e-03f  1
 272  2.0241826e+06 1.34e+01 1.07e+03  -6.0 2.93e+01    -  1.57e-02 2.62e-02f  1
 273  2.0232997e+06 1.33e+01 1.06e+03  -6.0 2.93e+01    -  1.40e-02 5.67e-03f  1
 274  2.0228843e+06 1.33e+01 1.06e+03  -6.0 2.87e+01    -  7.27e-03 2.68e-03f  1
 275  2.0223259e+06 1.32e+01 1.06e+03  -6.0 2.92e+01    -  3.12e-03 3.62e-03f  1
 276  2.0218384e+06 1.32e+01 1.05e+03  -6.0 2.91e+01    -  1.83e-02 3.18e-03f  1
 277  2.0198450e+06 1.30e+01 1.04e+03  -6.0 2.90e+01    -  1.27e-02 1.30e-02f  1
 278  2.0163066e+06 1.27e+01 1.02e+03  -6.0 2.97e+01    -  1.34e-02 2.35e-02f  1
 279  2.0156000e+06 1.26e+01 1.01e+03  -6.0 3.28e+01    -  1.94e-02 4.82e-03f  1
iter    objective    inf_pr   inf_du lg(mu)  ||d||  lg(rg) alpha_du alpha_pr  ls
 280  2.0151315e+06 1.26e+01 1.01e+03  -6.0 3.15e+01    -  1.34e-02 3.23e-03f  1
 281  2.0103655e+06 1.22e+01 9.74e+02  -6.0 3.75e+01    -  4.58e-03 3.30e-02f  1
 282  2.0098359e+06 1.21e+01 9.70e+02  -6.0 4.71e+01    -  4.39e-03 3.85e-03f  1
 283  2.0090103e+06 1.21e+01 9.64e+02  -6.0 4.28e+01    -  1.53e-02 6.05e-03f  1
 284  2.0065761e+06 1.18e+01 9.47e+02  -6.0 3.46e+01    -  6.23e-03 1.79e-02f  1
 285  2.0027200e+06 1.15e+01 9.20e+02  -6.0 3.05e+01    -  2.35e-02 2.89e-02f  1
 286  2.0009270e+06 1.13e+01 9.07e+02  -6.0 3.01e+01    -  1.46e-02 1.39e-02f  1
 287  1.9998970e+06 1.13e+01 8.99e+02  -6.0 2.03e+01    -  3.00e-03 8.14e-03f  1
 288  1.9988740e+06 1.12e+01 8.92e+02  -6.0 3.63e+01    -  5.32e-03 8.09e-03f  1
 289  1.9979866e+06 1.11e+01 8.86e+02  -6.0 3.64e+01    -  8.61e-03 7.08e-03f  1
iter    objective    inf_pr   inf_du lg(mu)  ||d||  lg(rg) alpha_du alpha_pr  ls
 290  1.9926427e+06 1.06e+01 8.48e+02  -6.0 3.83e+01    -  3.71e-03 4.29e-02f  1
 291  1.9921226e+06 1.06e+01 8.44e+02  -6.0 3.92e+01    -  6.35e-02 4.37e-03f  1
 292  1.9907280e+06 1.04e+01 8.34e+02  -6.0 3.95e+01    -  3.09e-02 1.18e-02f  1
 293  1.9898770e+06 1.04e+01 8.28e+02  -6.0 2.16e+01    -  9.84e-02 7.34e-03f  1
 294  1.9893157e+06 1.03e+01 8.24e+02  -6.0 2.08e+01    -  3.37e-03 4.90e-03f  1
 295  1.9892228e+06 1.03e+01 8.24e+02  -6.0 4.62e+01    -  2.76e-03 8.20e-04f  1
 296  1.9888818e+06 1.03e+01 8.21e+02  -6.0 4.62e+01    -  8.88e-03 3.02e-03f  1
 297  1.9887905e+06 1.03e+01 8.20e+02  -6.0 4.60e+01    -  4.59e-03 8.09e-04f  1
 298  1.9882360e+06 1.02e+01 8.16e+02  -6.0 6.27e+01    -  6.57e-04 4.94e-03f  1
 299  1.9880723e+06 1.02e+01 8.15e+02  -6.0 6.86e+01    -  6.92e-03 1.47e-03f  1
iter    objective    inf_pr   inf_du lg(mu)  ||d||  lg(rg) alpha_du alpha_pr  ls
 300  1.9864883e+06 1.01e+01 8.04e+02  -6.0 3.89e+01    -  5.69e-03 1.41e-02f  1

Number of Iterations....: 300

                                   (scaled)                 (unscaled)
Objective...............:   1.4092828005301062e+04    1.9864883238102838e+06
Dual infeasibility......:   8.0366315068170843e+02    1.1328226417758608e+05
Constraint violation....:   3.0972813275372557e+00    1.0050139054396599e+01
Variable bound violation:   6.9414669567890996e-08    6.9414669567890996e-08
Complementarity.........:   2.4341192896932351e+00    3.4310711419440878e+02
Overall NLP error.......:   8.0366315068170843e+02    1.1328226417758608e+05


Number of objective function evaluations             = 301
Number of objective gradient evaluations             = 301
Number of equality constraint evaluations            = 301
Number of inequality constraint evaluations          = 302
Number of equality constraint Jacobian evaluations   = 301
Number of inequality constraint Jacobian evaluations = 301
Number of Lagrangian Hessian evaluations             = 300
Total seconds in IPOPT                               = 80.972

EXIT: Maximum Number of Iterations Exceeded.

