Solver command line: ['/opt/homebrew/bin/ipopt', '/var/folders/6y/bvynbx6n3zv7z3lwg6vd724r0000gn/T/tmpbpl05sf4.pyomo.nl', '-AMPL', 'tol=1e-06', 'max_iter=300', 'print_level=5', 'warm_start_init_point=yes', 'warm_start_bound_push=1e-06', 'warm_start_bound_frac=1e-06', 'warm_start_mult_bound_push=1e-06', 'mu_init=1e-06', 'least_square_init_duals=no']

Ipopt 3.14.19: tol=1e-06
max_iter=300
print_level=5
warm_start_init_point=yes
warm_start_bound_push=1e-06
warm_start_bound_frac=1e-06
warm_start_mult_bound_push=1e-06
mu_init=1e-06
least_square_init_duals=no


******************************************************************************
This program contains Ipopt, a library for large-scale nonlinear optimization.
 Ipopt is released as open source code under the Eclipse Public License (EPL).
         For more information visit https://github.com/coin-or/Ipopt
******************************************************************************

This is Ipopt version 3.14.19, running with linear solver MUMPS 5.6.2.

Number of nonzeros in equality constraint Jacobian...:   110041
Number of nonzeros in inequality constraint Jacobian.:    92152
Number of nonzeros in Lagrangian Hessian.............:    61684

Total number of variables............................:    16016
                     variables with only lower bounds:        0
                variables with lower and upper bounds:    16016
                     variables with only upper bounds:        0
Total number of equality constraints.................:    14673
Total number of inequality constraints...............:    23038
        inequality constraints with only lower bounds:        0
   inequality constraints with lower and upper bounds:        0
        inequality constraints with only upper bounds:    23038

iter    objective    inf_pr   inf_du lg(mu)  ||d||  lg(rg) alpha_du alpha_pr  ls
   0  2.5657086e+06 8.28e+00 8.01e+01  -6.0 0.00e+00    -  0.00e+00 0.00e+00   0
   1  2.5615949e+06 8.28e+00 8.01e+01  -6.0 5.84e+03    -  1.02e-05 9.74e-06f  1
   2  2.5524464e+06 8.28e+00 8.01e+01  -6.0 5.84e+03    -  9.19e-06 2.17e-05f  1
   3  2.5352700e+06 8.28e+00 8.01e+01  -6.0 5.77e+03    -  6.20e-06 4.11e-05f  1
   4  2.5041250e+06 8.28e+00 8.01e+01  -6.0 5.52e+03    -  1.03e-05 7.72e-05f  1
   5  2.4568573e+06 8.28e+00 8.01e+01  -6.0 4.67e+03    -  4.10e-05 1.33e-04f  1
   6  2.4331132e+06 8.28e+00 8.01e+01  -6.0 2.37e+03    -  1.37e-05 1.04e-04f  1
   7  2.4062616e+06 8.28e+00 8.01e+01  -6.0 1.86e+03    -  5.48e-05 1.54e-04f  1
   8  2.3847770e+06 8.28e+00 8.01e+01  -6.0 1.68e+03    -  4.65e-05 1.80e-04f  1
   9  2.3640298e+06 8.27e+00 8.01e+01  -6.0 1.45e+03    -  6.80e-05 2.12e-04f  1
iter    objective    inf_pr   inf_du lg(mu)  ||d||  lg(rg) alpha_du alpha_pr  ls
  10  2.3421593e+06 8.27e+00 8.00e+01  -6.0 1.16e+03    -  6.35e-05 2.72e-04f  1
  11  2.3273980e+06 8.27e+00 8.00e+01  -6.0 8.41e+02    -  1.18e-04 2.32e-04f  1
  12  2.3097564e+06 8.27e+00 8.00e+01  -6.0 7.35e+02    -  4.46e-05 3.43e-04f  1
  13  2.2978747e+06 8.26e+00 8.00e+01  -6.0 6.42e+02    -  1.48e-04 2.94e-04f  1
  14  2.2837387e+06 8.26e+00 8.00e+01  -6.0 5.66e+02    -  6.21e-05 4.43e-04f  1
  15  2.2756983e+06 8.26e+00 8.00e+01  -6.0 4.82e+02    -  1.00e-04 3.18e-04f  1
  16  2.2667548e+06 8.25e+00 8.00e+01  -6.0 4.50e+02    -  3.80e-04 4.18e-04f  1
  17  2.2661284e+06 8.25e+00 7.99e+01  -6.0 4.07e+02    -  7.48e-04 3.86e-05f  1
  18  2.2659122e+06 8.25e+00 7.99e+01  -6.0 3.70e+02    -  1.27e-04 1.60e-05f  1
  19  2.2634929e+06 8.25e+00 7.99e+01  -6.0 3.63e+02    -  3.23e-06 1.85e-04f  1
iter    objective    inf_pr   inf_du lg(mu)  ||d||  lg(rg) alpha_du alpha_pr  ls
  20  2.2632112e+06 8.25e+00 7.99e+01  -6.0 3.54e+02    -  2.64e-04 2.23e-05f  1
  21  2.2568467e+06 8.25e+00 7.99e+01  -6.0 3.41e+02    -  1.12e-04 5.30e-04f  1
  22  2.2471453e+06 8.24e+00 7.98e+01  -6.0 3.09e+02    -  5.61e-04 9.06e-04f  1
  23  2.2356886e+06 8.23e+00 7.98e+01  -6.0 2.29e+02    -  1.85e-04 1.38e-03f  1
  24  2.2325556e+06 8.22e+00 7.98e+01  -6.0 1.88e+02    -  4.05e-04 4.95e-04f  1
  25  2.2207515e+06 8.21e+00 7.98e+01  -6.0 1.79e+02    -  3.41e-04 2.12e-03f  1
  26  2.2199911e+06 8.21e+00 7.97e+01  -6.0 1.51e+02    -  1.16e-03 2.08e-04f  1
  27  2.2166696e+06 8.20e+00 7.96e+01  -6.0 1.37e+02    -  8.17e-04 1.06e-03f  1
  28  2.2145355e+06 8.19e+00 7.96e+01  -6.0 1.18e+02    -  1.97e-04 8.23e-04f  1
  29  2.2105729e+06 8.18e+00 7.93e+01  -6.0 1.07e+02    -  3.43e-03 1.68e-03f  1
iter    objective    inf_pr   inf_du lg(mu)  ||d||  lg(rg) alpha_du alpha_pr  ls
  30  2.2092216e+06 8.17e+00 7.93e+01  -6.0 8.38e+01    -  5.08e-04 8.28e-04f  1
  31  2.2082276e+06 8.16e+00 7.92e+01  -6.0 8.43e+01    -  1.24e-03 6.62e-04f  1
  32  2.2079389e+06 8.16e+00 7.91e+01  -6.0 8.49e+01    -  7.00e-04 2.10e-04f  1
  33  2.2073073e+06 8.16e+00 7.91e+01  -6.0 8.52e+01    -  5.57e-04 4.75e-04f  1
  34  2.2062385e+06 8.15e+00 7.90e+01  -6.0 8.55e+01    -  7.08e-04 8.27e-04f  1
  35  2.2047194e+06 8.14e+00 7.89e+01  -6.0 8.59e+01    -  1.42e-03 1.24e-03f  1
  36  2.2001863e+06 8.11e+00 7.88e+01  -6.0 8.66e+01    -  1.39e-03 4.06e-03f  1
  37  2.1993092e+06 8.10e+00 7.86e+01  -6.0 9.04e+01    -  2.45e-03 9.48e-04f  1
  38  2.1988056e+06 8.10e+00 7.85e+01  -6.0 9.01e+01    -  1.36e-03 5.85e-04f  1
  39  2.1954157e+06 8.06e+00 7.84e+01  -6.0 8.99e+01    -  8.45e-04 4.07e-03f  1
iter    objective    inf_pr   inf_du lg(mu)  ||d||  lg(rg) alpha_du alpha_pr  ls
  40  2.1952506e+06 8.06e+00 7.79e+01  -6.0 9.00e+01    -  6.58e-03 2.17e-04f  1
  41  2.1928129e+06 8.03e+00 7.79e+01  -6.0 8.80e+01    -  5.18e-04 3.45e-03f  1
  42  2.1914181e+06 8.02e+00 7.75e+01  -6.0 8.62e+01    -  5.02e-03 2.06e-03f  1
  43  2.1904317e+06 8.00e+00 7.73e+01  -6.0 8.33e+01    -  2.87e-03 1.55e-03f  1
  44  2.1886613e+06 7.98e+00 7.70e+01  -6.0 8.07e+01    -  3.37e-03 2.87e-03f  1
  45  2.1864773e+06 7.95e+00 7.59e+01  -6.0 7.62e+01    -  1.40e-02 3.70e-03f  1
  46  2.1811902e+06 7.87e+00 7.55e+01  -6.0 6.06e+01    -  5.71e-03 9.96e-03f  1
  47  2.1794974e+06 7.84e+00 7.45e+01  -6.0 4.10e+01    -  1.40e-02 3.64e-03f  1
  48  2.1788193e+06 7.83e+00 7.41e+01  -6.0 5.28e+01    -  4.47e-03 1.56e-03f  1
  49  2.1785014e+06 7.83e+00 7.35e+01  -6.0 5.29e+01    -  8.86e-03 7.43e-04f  1
iter    objective    inf_pr   inf_du lg(mu)  ||d||  lg(rg) alpha_du alpha_pr  ls
  50  2.1774718e+06 7.81e+00 7.29e+01  -6.0 5.40e+01    -  7.57e-03 2.39e-03f  1
  51  2.1770919e+06 7.80e+00 7.26e+01  -6.0 5.46e+01    -  3.74e-03 8.93e-04f  1
  52  2.1769287e+06 7.80e+00 7.22e+01  -6.0 5.43e+01    -  6.48e-03 3.87e-04f  1
  53  2.1740323e+06 7.74e+00 7.14e+01  -6.0 5.39e+01    -  1.04e-02 6.93e-03f  1
  54  2.1700928e+06 7.67e+00 7.06e+01  -6.0 5.21e+01    -  1.11e-02 9.74e-03f  1
  55  2.1672386e+06 7.61e+00 6.89e+01  -6.0 4.89e+01    -  2.49e-02 7.34e-03f  1
  56  2.1631593e+06 7.53e+00 6.81e+01  -6.0 4.31e+01    -  1.12e-02 1.10e-02f  1
  57  2.1619687e+06 7.50e+00 6.63e+01  -6.0 3.76e+01    -  2.81e-02 3.34e-03f  1
  58  2.1546733e+06 7.34e+00 6.60e+01  -6.0 3.30e+01    -  4.17e-03 2.10e-02f  1
  59  2.1541827e+06 7.33e+00 6.46e+01  -6.0 3.11e+01    -  2.05e-02 1.48e-03f  1
iter    objective    inf_pr   inf_du lg(mu)  ||d||  lg(rg) alpha_du alpha_pr  ls
  60  2.1505266e+06 7.25e+00 6.45e+01  -6.0 2.98e+01    -  1.26e-03 1.12e-02f  1
  61  2.1486476e+06 7.21e+00 6.40e+01  -6.0 2.84e+01    -  8.40e-03 5.83e-03f  1
  62  2.1449505e+06 7.13e+00 6.31e+01  -6.0 2.68e+01    -  1.36e-02 1.16e-02f  1
  63  2.1413152e+06 7.04e+00 6.13e+01  -6.0 2.33e+01    -  2.93e-02 1.17e-02f  1
  64  2.1381574e+06 6.97e+00 6.09e+01  -6.0 1.65e+01    -  6.05e-03 1.05e-02f  1
  65  2.1337399e+06 6.86e+00 6.06e+01  -6.0 1.32e+01    -  5.28e-03 1.49e-02f  1
  66  2.1294643e+06 6.76e+00 5.96e+01  -6.0 1.22e+01    -  1.56e-02 1.47e-02f  1
  67  2.1255540e+06 6.67e+00 5.58e+01  -6.0 1.41e+01    -  6.59e-02 1.39e-02f  1
  68  2.1244767e+06 6.64e+00 5.44e+01  -6.0 1.17e+01    -  2.54e-02 3.96e-03f  1
  69  2.1221266e+06 6.59e+00 5.40e+01  -6.0 1.07e+01    -  6.58e-03 8.72e-03f  1
iter    objective    inf_pr   inf_du lg(mu)  ||d||  lg(rg) alpha_du alpha_pr  ls
  70  2.1198004e+06 6.53e+00 5.34e+01  -6.0 9.83e+00    -  1.17e-02 8.74e-03f  1
  71  2.1140214e+06 6.38e+00 5.30e+01  -6.0 1.15e+01    -  6.22e-03 2.20e-02f  1
  72  2.1136361e+06 6.37e+00 5.19e+01  -6.0 1.58e+01    -  2.23e-02 1.52e-03f  1
  73  2.1108242e+06 6.30e+00 5.18e+01  -6.0 1.56e+01    -  8.52e-04 1.11e-02f  1
  74  2.1065019e+06 6.20e+00 5.02e+01  -6.0 1.52e+01    -  3.20e-02 1.72e-02f  1
  75  2.1048065e+06 6.15e+00 4.90e+01  -6.0 1.36e+01    -  2.34e-02 6.98e-03f  1
  76  2.1025822e+06 6.10e+00 4.87e+01  -6.0 1.29e+01    -  6.93e-03 9.26e-03f  1
  77  2.1004088e+06 6.04e+00 4.85e+01  -6.0 1.35e+01    -  3.55e-03 9.16e-03f  1
  78  2.0961017e+06 5.93e+00 4.75e+01  -6.0 1.29e+01    -  2.05e-02 1.83e-02f  1
  79  2.0928021e+06 5.84e+00 4.63e+01  -6.0 1.61e+01    -  2.57e-02 1.44e-02f  1
iter    objective    inf_pr   inf_du lg(mu)  ||d||  lg(rg) alpha_du alpha_pr  ls
  80  2.0891602e+06 5.75e+00 4.55e+01  -6.0 1.65e+01    -  1.72e-02 1.62e-02f  1
  81  2.0868532e+06 5.69e+00 4.52e+01  -6.0 1.64e+01    -  7.22e-03 1.05e-02f  1
  82  2.0865075e+06 5.68e+00 4.44e+01  -6.0 1.58e+01    -  1.74e-02 1.59e-03f  1
  83  2.0838460e+06 5.61e+00 4.41e+01  -6.0 1.56e+01    -  7.29e-03 1.23e-02f  1
  84  2.0797567e+06 5.50e+00 4.39e+01  -6.0 1.84e+01    -  2.41e-03 1.92e-02f  1
  85  2.0782278e+06 5.46e+00 4.32e+01  -6.0 1.38e+01    -  1.73e-02 7.30e-03f  1
  86  2.0766980e+06 5.42e+00 4.29e+01  -6.0 1.23e+01    -  7.38e-03 7.38e-03f  1
  87  2.0762368e+06 5.41e+00 4.18e+01  -6.0 1.20e+01    -  2.46e-02 2.25e-03f  1
  88  2.0705996e+06 5.26e+00 4.06e+01  -6.0 1.64e+01    -  2.87e-02 2.75e-02f  1
  89  2.0636322e+06 5.08e+00 3.96e+01  -6.0 2.50e+01    -  2.60e-02 3.51e-02f  1
iter    objective    inf_pr   inf_du lg(mu)  ||d||  lg(rg) alpha_du alpha_pr  ls
  90  2.0602845e+06 4.99e+00 3.90e+01  -6.0 2.02e+01    -  1.40e-02 1.75e-02f  1
  91  2.0577151e+06 4.92e+00 3.65e+01  -6.0 1.31e+01    -  6.48e-02 1.37e-02f  1
  92  2.0517982e+06 4.76e+00 3.58e+01  -6.0 1.21e+01    -  1.94e-02 3.22e-02f  1
  93  2.0481583e+06 4.66e+00 3.51e+01  -6.0 1.86e+01    -  1.88e-02 2.06e-02f  1
  94  2.0437376e+06 4.54e+00 3.47e+01  -6.0 1.67e+01    -  1.30e-02 2.54e-02f  1
  95  2.0396949e+06 4.44e+00 3.35e+01  -6.0 1.59e+01    -  3.45e-02 2.39e-02f  1
  96  2.0368851e+06 4.36e+00 3.25e+01  -6.0 1.48e+01    -  3.05e-02 1.70e-02f  1
  97  2.0340320e+06 4.28e+00 3.20e+01  -6.0 1.59e+01    -  1.27e-02 1.76e-02f  1
  98  2.0311658e+06 4.21e+00 3.16e+01  -6.0 1.27e+01    -  1.33e-02 1.80e-02f  1
  99  2.0281736e+06 4.13e+00 3.15e+01  -6.0 1.49e+01    -  4.26e-03 1.91e-02f  1
iter    objective    inf_pr   inf_du lg(mu)  ||d||  lg(rg) alpha_du alpha_pr  ls
 100  2.0269293e+06 4.09e+00 2.86e+01  -6.0 1.41e+01    -  9.18e-02 8.09e-03f  1
 101  2.0233605e+06 4.00e+00 2.75e+01  -6.0 1.47e+01    -  4.01e-02 2.34e-02f  1
 102  2.0192226e+06 3.89e+00 2.68e+01  -6.0 1.43e+01    -  2.41e-02 2.78e-02f  1
 103  2.0168063e+06 3.82e+00 2.63e+01  -6.0 1.52e+01    -  2.03e-02 1.68e-02f  1
 104  2.0133826e+06 3.73e+00 2.54e+01  -6.0 1.49e+01    -  3.27e-02 2.42e-02f  1
 105  2.0113345e+06 3.67e+00 2.48e+01  -6.0 2.04e+01    -  2.49e-02 1.49e-02f  1
 106  2.0102823e+06 3.64e+00 2.42e+01  -6.0 2.15e+01    -  2.24e-02 7.81e-03f  1
 107  2.0085014e+06 3.59e+00 2.39e+01  -6.0 1.94e+01    -  1.37e-02 1.33e-02f  1
 108  2.0066589e+06 3.54e+00 2.34e+01  -6.0 1.58e+01    -  2.06e-02 1.40e-02f  1
 109  2.0053104e+06 3.51e+00 2.32e+01  -6.0 1.28e+01    -  6.29e-03 1.05e-02f  1
iter    objective    inf_pr   inf_du lg(mu)  ||d||  lg(rg) alpha_du alpha_pr  ls
 110  2.0038690e+06 3.47e+00 2.31e+01  -6.0 1.06e+01    -  7.08e-03 1.13e-02f  1
 111  2.0013672e+06 3.40e+00 2.24e+01  -6.0 1.26e+01    -  2.84e-02 1.99e-02f  1
 112  2.0008005e+06 3.38e+00 2.18e+01  -6.0 1.68e+01    -  2.89e-02 4.61e-03f  1
 113  1.9962991e+06 3.26e+00 2.15e+01  -6.0 1.46e+01    -  1.07e-02 3.67e-02f  1
 114  1.9949286e+06 3.22e+00 2.13e+01  -6.0 1.39e+01    -  9.07e-03 1.16e-02f  1
 115  1.9947603e+06 3.22e+00 2.11e+01  -6.0 1.35e+01    -  1.21e-02 1.45e-03f  1
 116  1.9906017e+06 3.10e+00 2.10e+01  -6.0 1.32e+01    -  5.24e-03 3.58e-02f  1
 117  1.9898192e+06 3.08e+00 2.05e+01  -6.0 1.18e+01    -  2.01e-02 7.00e-03f  1
 118  1.9891369e+06 3.06e+00 2.02e+01  -6.0 9.74e+00    -  1.62e-02 6.15e-03f  1
 119  1.9879983e+06 3.03e+00 1.96e+01  -6.0 1.12e+01    -  2.86e-02 1.03e-02f  1
iter    objective    inf_pr   inf_du lg(mu)  ||d||  lg(rg) alpha_du alpha_pr  ls
 120  1.9866404e+06 2.99e+00 1.91e+01  -6.0 1.57e+01    -  2.53e-02 1.25e-02f  1
 121  1.9823727e+06 2.87e+00 1.88e+01  -6.0 1.56e+01    -  1.46e-02 3.98e-02f  1
 122  1.9798933e+06 2.80e+00 1.86e+01  -6.0 1.53e+01    -  1.19e-02 2.41e-02f  1
 123  1.9791876e+06 2.78e+00 1.64e+01  -6.0 1.24e+01    -  1.19e-01 7.01e-03f  1
 124  1.9774920e+06 2.74e+00 1.63e+01  -6.0 1.83e+01    -  7.85e-03 1.70e-02f  1
 125  1.9765702e+06 2.71e+00 1.62e+01  -6.0 1.92e+01    -  4.17e-03 9.46e-03f  1
 126  1.9764843e+06 2.71e+00 1.62e+01  -6.0 4.07e+00   0.0 5.04e-05 8.88e-04f  1
 127  1.9763111e+06 2.70e+00 1.62e+01  -6.0 4.48e+00  -0.5 1.09e-03 1.80e-03f  1
 128  1.9760550e+06 2.70e+00 1.62e+01  -6.0 4.28e+00  -0.1 1.74e-03 2.66e-03f  1
 129  1.9754121e+06 2.68e+00 1.61e+01  -6.0 4.75e+00  -0.5 4.17e-03 6.71e-03f  1
iter    objective    inf_pr   inf_du lg(mu)  ||d||  lg(rg) alpha_du alpha_pr  ls
 130  1.9739725e+06 2.64e+00 1.61e+01  -6.0 3.71e+00  -0.1 5.45e-03 1.51e-02f  1
 131  1.9721123e+06 2.58e+00 1.59e+01  -6.0 5.34e+00  -0.6 9.43e-03 1.99e-02f  1
 132  1.9707800e+06 2.55e+00 1.59e+01  -6.0 6.91e+00  -0.2 7.02e-03 1.46e-02f  1
 133  1.9685906e+06 2.48e+00 1.58e+01  -6.0 7.68e+00  -0.6 4.86e-03 2.43e-02f  1
 134  1.9683271e+06 2.48e+00 1.57e+01  -6.0 6.23e+00  -0.2 6.43e-03 3.00e-03f  1
 135  1.9634238e+06 2.34e+00 1.55e+01  -6.0 6.67e+00  -0.7 1.73e-02 5.60e-02f  1
 136  1.9606702e+06 2.26e+00 1.53e+01  -6.0 5.72e+00  -0.3 1.01e-02 3.34e-02f  1
 137  1.9602402e+06 2.25e+00 1.51e+01  -6.0 6.23e+00  -0.7 1.83e-02 5.40e-03f  1
 138  1.9584968e+06 2.20e+00 1.50e+01  -6.0 5.34e+00  -0.3 4.34e-03 2.20e-02f  1
 139  1.9575879e+06 2.17e+00 1.46e+01  -6.0 6.04e+00  -0.8 2.45e-02 1.17e-02f  1
iter    objective    inf_pr   inf_du lg(mu)  ||d||  lg(rg) alpha_du alpha_pr  ls
 140  1.9574128e+06 2.17e+00 1.46e+01  -6.0 5.15e+00  -0.4 3.09e-03 2.29e-03f  1
 141  1.9559690e+06 2.13e+00 1.39e+01  -6.0 5.95e+00  -0.8 5.02e-02 1.89e-02f  1
 142  1.9553970e+06 2.11e+00 1.38e+01  -6.0 4.94e+00  -0.4 5.92e-03 7.65e-03f  1
 143  1.9541497e+06 2.08e+00 1.36e+01  -6.0 5.25e+00  -0.9 1.26e-02 1.68e-02f  1
 144  1.9519872e+06 2.01e+00 1.36e+01  -6.0 3.14e+00  -0.5 3.13e-03 2.97e-02f  1
 145  1.9509925e+06 1.99e+00 1.30e+01  -6.0 3.66e+00  -0.9 4.06e-02 1.41e-02f  1
 146  1.9486523e+06 1.92e+00 1.30e+01  -6.0 2.74e+00  -0.5 6.15e-03 3.37e-02f  1
 147  1.9479319e+06 1.90e+00 1.29e+01  -6.0 2.69e+00  -0.1 5.55e-03 1.08e-02f  1
 148  1.9466451e+06 1.86e+00 1.25e+01  -6.0 3.33e+00  -0.6 3.10e-02 1.95e-02f  1
 149  1.9454964e+06 1.83e+00 1.23e+01  -6.0 3.02e+00  -0.1 1.56e-02 1.78e-02f  1
iter    objective    inf_pr   inf_du lg(mu)  ||d||  lg(rg) alpha_du alpha_pr  ls
 150  1.9447418e+06 1.81e+00 1.18e+01  -6.0 3.12e+00  -0.6 3.62e-02 1.19e-02f  1
 151  1.9425123e+06 1.74e+00 1.17e+01  -6.0 2.52e+00  -0.2 1.40e-02 3.57e-02f  1
 152  1.9416964e+06 1.72e+00 1.12e+01  -6.0 2.64e+00  -0.7 4.13e-02 1.35e-02f  1
 153  1.9409767e+06 1.70e+00 1.10e+01  -6.0 2.35e+00  -0.2 1.92e-02 1.21e-02f  1
 154  1.9397357e+06 1.66e+00 1.06e+01  -6.0 2.16e+00  -0.7 3.88e-02 2.12e-02f  1
 155  1.9382875e+06 1.62e+00 1.04e+01  -6.0 2.18e+00  -0.3 1.52e-02 2.53e-02f  1
 156  1.9353103e+06 1.53e+00 9.92e+00  -6.0 2.07e+00  -0.8 4.57e-02 5.34e-02f  1
 157  1.9309885e+06 1.41e+00 9.66e+00  -6.0 1.97e+00  -0.3 2.81e-02 8.20e-02f  1
 158  1.9292163e+06 1.36e+00 8.50e+00  -6.0 1.88e+00  -0.8 1.21e-01 3.65e-02f  1
 159  1.9275497e+06 1.31e+00 8.42e+00  -6.0 1.59e+00  -0.4 9.78e-03 3.58e-02f  1
iter    objective    inf_pr   inf_du lg(mu)  ||d||  lg(rg) alpha_du alpha_pr  ls
 160  1.9261598e+06 1.27e+00 9.20e+00  -6.0 1.82e+00  -0.9 1.89e-01 3.08e-02f  1
 161  1.9235513e+06 1.19e+00 8.40e+00  -6.0 1.50e+00  -0.4 3.95e-02 6.00e-02f  1
 162  1.9198146e+06 1.09e+00 6.85e+00  -6.0 3.70e+00  -0.9 7.34e-03 9.12e-02f  1
 163  1.9182693e+06 1.04e+00 6.88e+00  -6.0 1.34e+00  -0.5 8.16e-02 4.16e-02f  1
 164  1.9172987e+06 1.01e+00 7.13e+00  -6.0 2.26e+00  -1.0 8.10e-02 2.71e-02f  1
 165  1.9161180e+06 9.79e-01 6.80e+00  -6.0 1.27e+00  -0.5 2.33e-02 3.41e-02f  1
 166  1.9155102e+06 9.61e-01 7.15e+00  -6.0 2.49e+00  -1.0 7.73e-02 1.81e-02f  1
 167  1.9133557e+06 8.98e-01 6.76e+00  -6.0 1.43e+00  -0.6 8.16e-02 6.56e-02f  1
 168  1.9129205e+06 8.85e-01 7.83e+00  -6.0 2.72e+00  -1.1 2.10e-01 1.41e-02f  1
 169  1.9102448e+06 8.07e-01 6.98e+00  -6.0 2.56e+00  -0.6 2.96e-02 8.83e-02f  1
iter    objective    inf_pr   inf_du lg(mu)  ||d||  lg(rg) alpha_du alpha_pr  ls
 170  1.9093894e+06 7.82e-01 7.43e+00  -6.0 2.89e+00  -1.1 2.81e-01 3.07e-02f  1
 171  1.9084829e+06 7.57e-01 8.13e+00  -6.0 6.09e+00  -1.6 1.65e-01 3.29e-02f  1
 172  1.9068310e+06 7.09e-01 8.29e+00  -6.0 3.02e+00  -1.2 1.36e-01 6.33e-02f  1
 173  1.9050449e+06 6.56e-01 7.03e+00  -6.0 2.04e+00  -0.8 3.68e-03 7.37e-02f  1
 174  1.9035120e+06 6.12e-01 7.02e+00  -6.0 3.10e+00  -1.2 2.31e-01 6.76e-02f  1
 175  1.9021766e+06 5.73e-01 6.63e+00  -6.0 1.76e+00  -0.8 8.93e-02 6.38e-02f  1
 176  1.9008266e+06 5.34e-01 6.99e+00  -6.0 3.16e+00  -1.3 4.80e-01 6.81e-02f  1
 177  1.9001588e+06 5.17e-01 6.77e+00  -6.0 1.92e+01    -  2.87e-02 3.20e-02f  1
 178  1.8999684e+06 5.12e-01 6.70e+00  -6.0 2.46e+01    -  1.41e-02 9.42e-03f  1
 179  1.8998085e+06 5.08e-01 6.84e+00  -6.0 2.63e+01    -  4.22e-02 7.87e-03f  1
iter    objective    inf_pr   inf_du lg(mu)  ||d||  lg(rg) alpha_du alpha_pr  ls
 180  1.8997340e+06 5.06e-01 6.89e+00  -6.0 2.43e+01    -  1.79e-02 3.75e-03f  1
 181  1.8995732e+06 5.02e-01 7.10e+00  -6.0 2.50e+01    -  5.61e-02 8.13e-03f  1
 182  1.8992250e+06 4.92e-01 7.26e+00  -6.0 2.24e+01    -  7.58e-02 1.82e-02f  1
 183  1.8984310e+06 4.70e-01 6.88e+00  -6.0 7.71e+00    -  3.18e-02 4.52e-02f  1
 184  1.8979372e+06 4.56e-01 7.87e+00  -6.0 4.55e+00    -  1.57e-01 2.99e-02f  1
 185  1.8974298e+06 4.42e-01 1.10e+01  -6.0 4.58e+00    -  2.22e-01 3.19e-02f  1
 186  1.8955004e+06 3.85e-01 1.01e+01  -6.0 4.33e+00    -  1.97e-01 1.27e-01f  1
 187  1.8940341e+06 3.43e-01 8.38e+00  -6.0 2.91e+00    -  3.38e-02 1.11e-01f  1
 188  1.8920986e+06 2.86e-01 6.45e+00  -6.0 2.46e+00    -  5.47e-02 1.65e-01f  1
 189  1.8917191e+06 2.75e-01 6.96e+00  -6.0 1.87e+00    -  2.20e-01 3.89e-02f  1
iter    objective    inf_pr   inf_du lg(mu)  ||d||  lg(rg) alpha_du alpha_pr  ls
 190  1.8909584e+06 2.53e-01 6.59e+00  -6.0 2.67e+00    -  1.23e-01 8.10e-02f  1
 191  1.8907846e+06 2.48e-01 1.04e+01  -6.0 2.39e+00    -  8.13e-01 2.02e-02f  1
 192  1.8875176e+06 1.51e-01 7.01e+00  -6.0 2.22e+00    -  2.42e-01 3.88e-01f  1
 193  1.8861628e+06 1.11e-01 3.78e+00  -6.0 1.05e+00    -  5.91e-01 2.64e-01f  1
 194  1.8856330e+06 9.58e-02 2.02e+00  -6.0 7.35e-01    -  1.00e+00 1.40e-01f  1
 195  1.8853391e+06 8.72e-02 1.83e+00  -6.0 7.42e-01    -  1.00e+00 9.05e-02f  1
 196  1.8839188e+06 4.52e-02 9.46e-01  -6.0 6.78e-01    -  1.00e+00 4.81e-01f  1
 197  1.8826436e+06 7.50e-03 1.54e-01  -6.0 3.40e-01    -  1.00e+00 8.34e-01f  1
 198  1.8823903e+06 6.86e-06 2.91e-03  -6.0 5.25e-02    -  1.00e+00 1.00e+00f  1
 199  1.8823904e+06 3.56e-09 4.47e-09  -6.0 4.28e-04    -  1.00e+00 1.00e+00h  1
iter    objective    inf_pr   inf_du lg(mu)  ||d||  lg(rg) alpha_du alpha_pr  ls
 200  1.8823902e+06 4.64e-07 5.08e-03  -7.2 7.27e-03    -  1.00e+00 9.79e-01h  1
 201  1.8823902e+06 3.65e-08 2.33e-07  -7.2 1.47e-03    -  1.00e+00 1.00e+00f  1

Number of Iterations....: 201

                                   (scaled)                 (unscaled)
Objective...............:   1.3354320499912041e+04    1.8823902296626989e+06
Dual infeasibility......:   2.3309133121427513e-07    3.2855946845046408e-05
Constraint violation....:   1.3129816185675214e-08    3.6522679547346115e-08
Variable bound violation:   1.3115896457804865e-07    1.3115896457804865e-07
Complementarity.........:   1.0736209771871971e-07    1.5133481616166172e-05
Overall NLP error.......:   2.3309133121427513e-07    3.2855946845046408e-05


Number of objective function evaluations             = 202
Number of objective gradient evaluations             = 202
Number of equality constraint evaluations            = 202
Number of inequality constraint evaluations          = 203
Number of equality constraint Jacobian evaluations   = 202
Number of inequality constraint Jacobian evaluations = 202
Number of Lagrangian Hessian evaluations             = 201
Total seconds in IPOPT                               = 57.878

EXIT: Optimal Solution Found.

