Solver command line: ['/opt/homebrew/bin/ipopt', '/var/folders/6y/bvynbx6n3zv7z3lwg6vd724r0000gn/T/tmpbc6c0ntz.pyomo.nl', '-AMPL', 'tol=1e-06', 'max_iter=300', 'print_level=5', 'warm_start_init_point=yes', 'warm_start_bound_push=1e-06', 'warm_start_bound_frac=1e-06', 'warm_start_mult_bound_push=1e-06', 'mu_init=1e-06', 'least_square_init_duals=no']

Ipopt 3.14.19: tol=1e-06
max_iter=300
print_level=5
warm_start_init_point=yes
warm_start_bound_push=1e-06
warm_start_bound_frac=1e-06
warm_start_mult_bound_push=1e-06
mu_init=1e-06
least_square_init_duals=no


******************************************************************************
This program contains Ipopt, a library for large-scale nonlinear optimization.
 Ipopt is released as open source code under the Eclipse Public License (EPL).
         For more information visit https://github.com/coin-or/Ipopt
******************************************************************************

This is Ipopt version 3.14.19, running with linear solver MUMPS 5.6.2.

Number of nonzeros in equality constraint Jacobian...:   110041
Number of nonzeros in inequality constraint Jacobian.:    92152
Number of nonzeros in Lagrangian Hessian.............:    61684

Total number of variables............................:    16016
                     variables with only lower bounds:        0
                variables with lower and upper bounds:    16016
                     variables with only upper bounds:        0
Total number of equality constraints.................:    14673
Total number of inequality constraints...............:    23038
        inequality constraints with only lower bounds:        0
   inequality constraints with lower and upper bounds:        0
        inequality constraints with only upper bounds:    23038

iter    objective    inf_pr   inf_du lg(mu)  ||d||  lg(rg) alpha_du alpha_pr  ls
   0  1.8823911e+06 8.40e+00 1.20e+03  -6.0 0.00e+00    -  0.00e+00 0.00e+00   0
   1  1.8821949e+06 7.88e+00 1.12e+03  -6.0 4.19e+00    -  6.20e-01 6.14e-02h  1
   2  1.8805908e+06 2.55e+00 6.84e+02  -6.0 3.98e+00    -  3.67e-01 6.61e-01h  1
   3  1.8809939e+06 1.87e+00 4.97e+02  -6.0 1.76e+00    -  1.00e+00 2.67e-01h  1
   4  1.8813225e+06 1.37e+00 3.59e+02  -6.0 1.36e+00    -  7.38e-01 2.69e-01h  1
   5  1.8814277e+06 1.22e+00 3.19e+02  -6.0 1.04e+00    -  1.00e+00 1.10e-01h  1
   6  1.8821693e+06 1.84e-01 1.96e+01  -6.0 9.23e-01    -  1.00e+00 8.45e-01h  1
   7  1.8822079e+06 1.50e-01 1.61e+01  -6.0 2.85e-01    -  6.55e-03 1.81e-01h  1
   8  1.8822227e+06 1.38e-01 1.48e+01  -6.0 2.82e-01    -  1.03e-01 8.42e-02h  1
   9  1.8822229e+06 1.38e-01 1.48e+01  -6.0 5.52e+00    -  2.30e-01 8.68e-04h  1
iter    objective    inf_pr   inf_du lg(mu)  ||d||  lg(rg) alpha_du alpha_pr  ls
  10  1.8823154e+06 5.97e-02 7.18e+00  -6.0 2.35e-01    -  3.83e-02 5.67e-01h  1
  11  1.8823157e+06 5.95e-02 7.16e+00  -6.0 2.13e+01    -  5.57e-02 3.12e-03h  1
  12  1.8823776e+06 9.69e-03 1.43e+00  -6.0 1.12e-01    -  2.70e-01 8.37e-01h  1
  13  1.8823896e+06 6.16e-04 5.00e-01  -6.0 3.70e-02    -  4.76e-01 9.40e-01h  1
  14  1.8823903e+06 2.76e-05 6.58e-02  -6.0 3.11e-02    -  1.00e+00 1.00e+00h  1
  15  1.8823904e+06 7.97e-09 3.77e-07  -6.0 2.19e-03    -  1.00e+00 1.00e+00h  1
  16  1.8823902e+06 4.64e-07 5.07e-03  -7.2 7.25e-03    -  1.00e+00 9.78e-01h  1
  17  1.8823902e+06 3.66e-08 2.34e-07  -7.2 1.47e-03    -  1.00e+00 1.00e+00f  1

Number of Iterations....: 17

                                   (scaled)                 (unscaled)
Objective...............:   1.3354320499912725e+04    1.8823902296627953e+06
Dual infeasibility......:   2.3360957414835610e-07    3.2928997019011615e-05
Constraint violation....:   1.3152273083127941e-08    3.6598664987508300e-08
Variable bound violation:   1.3115896457804865e-07    1.3115896457804865e-07
Complementarity.........:   1.0806935933727615e-07    1.5233175371501371e-05
Overall NLP error.......:   2.3360957414835610e-07    3.2928997019011615e-05


Number of objective function evaluations             = 18
Number of objective gradient evaluations             = 18
Number of equality constraint evaluations            = 18
Number of inequality constraint evaluations          = 19
Number of equality constraint Jacobian evaluations   = 18
Number of inequality constraint Jacobian evaluations = 18
Number of Lagrangian Hessian evaluations             = 17
Total seconds in IPOPT                               = 5.658

EXIT: Optimal Solution Found.

