Solver command line: ['/opt/homebrew/bin/ipopt', '/var/folders/6y/bvynbx6n3zv7z3lwg6vd724r0000gn/T/tmpct0ngyik.pyomo.nl', '-AMPL', 'tol=1e-06', 'max_iter=300', 'print_level=5']

Ipopt 3.14.19: tol=1e-06
max_iter=300
print_level=5


******************************************************************************
This program contains Ipopt, a library for large-scale nonlinear optimization.
 Ipopt is released as open source code under the Eclipse Public License (EPL).
         For more information visit https://github.com/coin-or/Ipopt
******************************************************************************

This is Ipopt version 3.14.19, running with linear solver MUMPS 5.6.2.

Number of nonzeros in equality constraint Jacobian...:   110041
Number of nonzeros in inequality constraint Jacobian.:    92152
Number of nonzeros in Lagrangian Hessian.............:    61684

Total number of variables............................:    16016
                     variables with only lower bounds:        0
                variables with lower and upper bounds:    16016
                     variables with only upper bounds:        0
Total number of equality constraints.................:    14673
Total number of inequality constraints...............:    23038
        inequality constraints with only lower bounds:        0
   inequality constraints with lower and upper bounds:        0
        inequality constraints with only upper bounds:    23038

iter    objective    inf_pr   inf_du lg(mu)  ||d||  lg(rg) alpha_du alpha_pr  ls
   0  1.8908442e+06 8.40e+00 1.00e+02  -1.0 0.00e+00    -  0.00e+00 0.00e+00   0
   1  1.8901212e+06 8.28e+00 5.77e+01  -1.0 4.48e+00    -  5.22e-01 1.40e-02f  1
   2  1.8903288e+06 6.54e+00 3.54e+01  -1.0 3.90e+00    -  4.81e-01 2.12e-01f  1
   3  1.8910520e+06 3.68e+00 2.59e+01  -1.0 3.51e+00    -  5.57e-01 4.42e-01h  1
   4  1.8929513e+06 8.90e-01 5.21e+01  -1.0 2.31e+00    -  9.86e-01 7.67e-01h  1
   5  1.8934851e+06 5.30e-01 3.29e+01  -1.0 1.37e+00    -  8.49e-01 4.06e-01h  1
   6  1.8941589e+06 1.76e-01 1.94e+01  -1.0 8.99e-01    -  1.00e+00 6.69e-01h  1
   7  1.8944700e+06 1.94e-03 6.98e+00  -1.0 3.11e-01    -  1.00e+00 1.00e+00h  1
   8  1.8944840e+06 5.75e-06 4.16e-02  -1.0 4.44e-02    -  1.00e+00 1.00e+00h  1
   9  1.8905797e+06 2.35e-03 6.10e+00  -2.5 9.44e-01    -  6.37e-01 4.70e-01f  1
iter    objective    inf_pr   inf_du lg(mu)  ||d||  lg(rg) alpha_du alpha_pr  ls
  10  1.8872398e+06 9.51e-03 1.06e+01  -2.5 1.09e+00    -  6.08e-01 6.51e-01f  1
  11  1.8855587e+06 6.78e-03 5.74e+00  -2.5 9.18e-01    -  7.31e-01 6.68e-01f  1
  12  1.8844430e+06 1.28e-02 2.97e+00  -2.5 1.02e+00    -  8.18e-01 6.22e-01f  1
  13  1.8835096e+06 2.07e-02 1.24e+00  -2.5 8.15e-01    -  1.00e+00 8.15e-01f  1
  14  1.8833204e+06 3.68e-03 5.40e-02  -2.5 6.28e-01    -  1.00e+00 1.00e+00h  1
  15  1.8833236e+06 5.21e-04 7.33e-04  -2.5 1.59e-01    -  1.00e+00 1.00e+00h  1
  16  1.8830299e+06 1.86e-03 3.14e+00  -3.8 1.23e+00    -  7.25e-01 2.69e-01f  1
  17  1.8828166e+06 2.66e-03 4.54e+00  -3.8 1.54e+00    -  5.63e-01 2.37e-01f  1
  18  1.8827300e+06 2.48e-03 8.19e+00  -3.8 1.49e+00    -  9.10e-01 1.47e-01f  1
  19  1.8825409e+06 7.33e-03 9.41e+00  -3.8 1.40e+00    -  1.00e+00 4.24e-01f  1
iter    objective    inf_pr   inf_du lg(mu)  ||d||  lg(rg) alpha_du alpha_pr  ls
  20  1.8825066e+06 5.81e-03 7.56e+00  -3.8 4.56e-01    -  4.14e-01 2.08e-01h  1
  21  1.8824587e+06 3.34e-03 4.61e+00  -3.8 3.55e-01    -  1.00e+00 4.25e-01h  1
  22  1.8824307e+06 1.50e-03 5.58e+00  -3.8 2.14e-01    -  1.00e+00 5.51e-01h  1
  23  1.8824119e+06 9.02e-05 1.74e-02  -3.8 1.05e-01    -  1.00e+00 1.00e+00h  1
  24  1.8824126e+06 6.27e-06 1.26e-05  -3.8 2.83e-02    -  1.00e+00 1.00e+00h  1
  25  1.8824009e+06 7.05e-05 9.13e-01  -5.7 3.08e-01    -  7.53e-01 4.94e-01f  1
  26  1.8823935e+06 1.12e-04 8.05e-01  -5.7 4.04e-01    -  8.93e-01 6.78e-01h  1
  27  1.8823913e+06 6.53e-05 3.93e-01  -5.7 1.90e-01    -  1.00e+00 7.11e-01h  1
  28  1.8823905e+06 1.57e-05 2.95e-02  -5.7 7.12e-02    -  1.00e+00 9.33e-01h  1
  29  1.8823905e+06 1.18e-05 2.95e-01  -5.7 1.16e-02    -  1.00e+00 2.50e-01h  3
iter    objective    inf_pr   inf_du lg(mu)  ||d||  lg(rg) alpha_du alpha_pr  ls
  30  1.8823905e+06 4.10e-07 3.85e-06  -5.7 8.77e-03    -  1.00e+00 1.00e+00h  1
  31  1.8823903e+06 9.54e-07 3.35e-02  -7.2 1.43e-02    -  1.00e+00 8.92e-01h  1
  32  1.8823902e+06 1.80e-07 1.16e-06  -7.2 2.97e-03    -  1.00e+00 1.00e+00f  1
  33  1.8823902e+06 6.15e-09 4.07e-08  -7.2 6.31e-04    -  1.00e+00 1.00e+00h  1

Number of Iterations....: 33

                                   (scaled)                 (unscaled)
Objective...............:   1.3354320499891453e+04    1.8823902296597969e+06
Dual infeasibility......:   4.0682266968920279e-08    5.7344663746335477e-06
Constraint violation....:   1.4365741374255947e-09    6.1530194273018424e-09
Variable bound violation:   1.3115896457804865e-07    1.3115896457804865e-07
Complementarity.........:   8.1129370706924212e-08    1.1435784752837345e-05
Overall NLP error.......:   8.1129370706924212e-08    1.1435784752837345e-05


Number of objective function evaluations             = 36
Number of objective gradient evaluations             = 34
Number of equality constraint evaluations            = 36
Number of inequality constraint evaluations          = 36
Number of equality constraint Jacobian evaluations   = 34
Number of inequality constraint Jacobian evaluations = 34
Number of Lagrangian Hessian evaluations             = 33
Total seconds in IPOPT                               = 8.797

EXIT: Optimal Solution Found.

