Solver command line: ['/opt/homebrew/bin/ipopt', '/var/folders/6y/bvynbx6n3zv7z3lwg6vd724r0000gn/T/tmpw9wf2w6d.pyomo.nl', '-AMPL', 'tol=1e-06', 'max_iter=300', 'print_level=5', 'warm_start_init_point=yes', 'warm_start_bound_push=1e-06', 'warm_start_bound_frac=1e-06', 'warm_start_mult_bound_push=1e-06', 'mu_init=1e-06', 'least_square_init_duals=no']

Ipopt 3.14.19: tol=1e-06
max_iter=300
print_level=5
warm_start_init_point=yes
warm_start_bound_push=1e-06
warm_start_bound_frac=1e-06
warm_start_mult_bound_push=1e-06
mu_init=1e-06
least_square_init_duals=no


******************************************************************************
This program contains Ipopt, a library for large-scale nonlinear optimization.
 Ipopt is released as open source code under the Eclipse Public License (EPL).
         For more information visit https://github.com/coin-or/Ipopt
******************************************************************************

This is Ipopt version 3.14.19, running with linear solver MUMPS 5.6.2.

Number of nonzeros in equality constraint Jacobian...:   145957
Number of nonzeros in inequality constraint Jacobian.:   105544
Number of nonzeros in Lagrangian Hessian.............:    81479

Total number of variables............................:    24020
                     variables with only lower bounds:        0
                variables with lower and upper bounds:    24020
                     variables with only upper bounds:        0
Total number of equality constraints.................:    20001
Total number of inequality constraints...............:    26386
        inequality constraints with only lower bounds:        0
   inequality constraints with lower and upper bounds:        0
        inequality constraints with only upper bounds:    26386

iter    objective    inf_pr   inf_du lg(mu)  ||d||  lg(rg) alpha_du alpha_pr  ls
   0  3.0503288e+06 5.39e+00 6.56e+02  -6.0 0.00e+00    -  0.00e+00 0.00e+00   0
   1  3.0501647e+06 5.39e+00 6.56e+02  -6.0 1.34e+01   0.0 1.99e-05 2.80e-05f  1
   2  3.0499672e+06 5.39e+00 6.56e+02  -6.0 2.15e+02  -0.5 1.46e-05 1.93e-05f  1
   3  3.0494847e+06 5.39e+00 6.56e+02  -6.0 1.48e+01  -0.1 8.43e-06 7.75e-05f  1
   4  3.0492664e+06 5.38e+00 6.55e+02  -6.0 6.26e+00   0.4 6.22e-05 5.59e-05f  1
   5  3.0484448e+06 5.38e+00 6.55e+02  -6.0 1.62e+01  -0.1 2.86e-05 1.24e-04f  1
   6  3.0477717e+06 5.38e+00 6.55e+02  -6.0 6.95e+00   0.3 2.93e-05 1.63e-04f  1
   7  3.0467005e+06 5.38e+00 6.55e+02  -6.0 1.77e+01  -0.2 9.94e-05 1.53e-04f  1
   8  3.0430385e+06 5.38e+00 6.55e+02  -6.0 7.74e+00   0.3 6.65e-05 8.46e-04f  1
   9  3.0410196e+06 5.38e+00 6.55e+02  -6.0 1.92e+01  -0.2 7.92e-05 2.81e-04f  1
iter    objective    inf_pr   inf_du lg(mu)  ||d||  lg(rg) alpha_du alpha_pr  ls
  10  3.0379956e+06 5.37e+00 6.55e+02  -6.0 8.58e+00   0.2 2.08e-04 6.85e-04f  1
  11  3.0349860e+06 5.37e+00 6.54e+02  -6.0 2.07e+01  -0.3 2.23e-04 4.18e-04f  1
  12  3.0316180e+06 5.37e+00 6.54e+02  -6.0 9.44e+00   0.2 2.98e-04 7.71e-04f  1
  13  3.0257999e+06 5.36e+00 6.54e+02  -6.0 2.36e+01  -0.3 6.57e-05 8.13e-04f  1
  14  3.0227812e+06 5.36e+00 6.53e+02  -6.0 1.02e+01   0.1 1.57e-04 7.03e-04f  1
  15  3.0190665e+06 5.36e+00 6.53e+02  -6.0 2.76e+01  -0.4 1.82e-04 5.20e-04f  1
  16  3.0155737e+06 5.35e+00 6.53e+02  -6.0 1.09e+01   0.1 1.47e-04 8.04e-04f  1
  17  3.0145562e+06 5.35e+00 6.53e+02  -6.0 3.08e+01  -0.4 3.19e-04 1.40e-04f  1
  18  3.0099982e+06 5.34e+00 6.52e+02  -6.0 1.21e+01   0.0 1.13e-04 1.02e-03f  1
  19  3.0099442e+06 5.34e+00 6.52e+02  -6.0 3.28e+01  -0.5 5.11e-04 7.23e-06f  1
iter    objective    inf_pr   inf_du lg(mu)  ||d||  lg(rg) alpha_du alpha_pr  ls
  20  3.0041007e+06 5.34e+00 6.52e+02  -6.0 1.32e+01  -0.0 8.20e-05 1.27e-03f  1
  21  3.0040188e+06 5.34e+00 6.52e+02  -6.0 3.24e+01  -0.5 2.31e-04 1.07e-05f  1
  22  2.9970144e+06 5.33e+00 6.51e+02  -6.0 1.42e+01  -0.1 3.21e-05 1.47e-03f  1
  23  2.9959795e+06 5.33e+00 6.51e+02  -6.0 6.29e+00   0.3 7.44e-04 3.31e-04f  1
  24  2.9883329e+06 5.32e+00 6.50e+02  -6.0 1.50e+01  -0.1 1.97e-04 1.58e-03f  1
  25  2.9867933e+06 5.32e+00 6.50e+02  -6.0 6.67e+00   0.3 3.38e-04 4.86e-04f  1
  26  2.9806264e+06 5.31e+00 6.50e+02  -6.0 1.63e+01  -0.2 4.18e-04 1.26e-03f  1
  27  2.9798027e+06 5.31e+00 6.49e+02  -6.0 6.62e+00   0.2 5.88e-04 2.56e-04f  1
  28  2.9740659e+06 5.30e+00 6.49e+02  -6.0 1.73e+01  -0.2 2.22e-04 1.14e-03f  1
  29  2.9733699e+06 5.30e+00 6.49e+02  -6.0 7.17e+00   0.2 4.19e-04 2.10e-04f  1
iter    objective    inf_pr   inf_du lg(mu)  ||d||  lg(rg) alpha_du alpha_pr  ls
  30  2.9723050e+06 5.30e+00 6.49e+02  -6.0 1.79e+01  -0.3 4.76e-04 2.04e-04f  1
  31  2.9681589e+06 5.29e+00 6.48e+02  -6.0 7.83e+00   0.1 8.82e-05 1.20e-03f  1
  32  2.9666135e+06 5.29e+00 6.48e+02  -6.0 1.83e+01  -0.3 2.14e-04 2.85e-04f  1
  33  2.9652123e+06 5.29e+00 6.48e+02  -6.0 8.34e+00   0.1 8.24e-04 3.93e-04f  1
  34  2.9634274e+06 5.29e+00 6.47e+02  -6.0 1.91e+01  -0.4 1.43e-04 3.14e-04f  1
  35  2.9624036e+06 5.29e+00 6.47e+02  -6.0 8.76e+00   0.0 3.34e-04 2.76e-04f  1
  36  2.9624002e+06 5.29e+00 6.47e+02  -6.0 9.88e+02  -0.4 4.21e-06 5.27e-07f  1
  37  2.9547141e+06 5.28e+00 6.47e+02  -6.0 9.41e+00  -0.0 5.29e-04 1.99e-03f  1
  38  2.9477794e+06 5.26e+00 6.46e+02  -6.0 4.60e+00   0.4 2.82e-04 2.56e-03f  1
  39  2.9471280e+06 5.26e+00 6.46e+02  -6.0 1.01e+01  -0.1 8.34e-04 1.64e-04f  1
iter    objective    inf_pr   inf_du lg(mu)  ||d||  lg(rg) alpha_du alpha_pr  ls
  40  2.9432086e+06 5.26e+00 6.45e+02  -6.0 4.79e+00   0.4 1.91e-05 1.40e-03f  1
  41  2.9426824e+06 5.26e+00 6.45e+02  -6.0 1.11e+01  -0.1 5.12e-04 1.27e-04f  1
  42  2.9382849e+06 5.25e+00 6.44e+02  -6.0 4.98e+00   0.3 6.89e-04 1.52e-03f  1
  43  2.9374571e+06 5.25e+00 6.44e+02  -6.0 1.21e+01  -0.2 2.71e-04 1.92e-04f  1
  44  2.9366128e+06 5.24e+00 6.43e+02  -6.0 5.16e+00   0.3 1.55e-03 2.84e-04f  1
  45  2.9327215e+06 5.24e+00 6.43e+02  -6.0 3.58e+00   0.7 2.37e-05 1.72e-03f  1
  46  2.9271313e+06 5.23e+00 6.42e+02  -6.0 5.50e+00   0.2 7.08e-04 1.82e-03f  1
  47  2.9194767e+06 5.21e+00 6.42e+02  -6.0 3.76e+00   0.6 1.17e-05 3.32e-03f  1
  48  2.9123908e+06 5.20e+00 6.40e+02  -6.0 6.07e+00   0.2 2.98e-03 2.24e-03f  1
  49  2.9027608e+06 5.18e+00 6.38e+02  -6.0 3.93e+00   0.6 2.22e-03 4.11e-03f  1
iter    objective    inf_pr   inf_du lg(mu)  ||d||  lg(rg) alpha_du alpha_pr  ls
  50  2.8989352e+06 5.17e+00 6.37e+02  -6.0 6.59e+00   0.1 1.65e-03 1.20e-03f  1
  51  2.8932302e+06 5.16e+00 6.37e+02  -6.0 4.11e+00   0.5 2.17e-04 2.40e-03f  1
  52  2.8931793e+06 5.16e+00 6.36e+02  -6.0 8.06e+00   0.1 4.34e-04 1.55e-05f  1
  53  2.8891660e+06 5.15e+00 6.35e+02  -6.0 4.29e+00   0.5 2.33e-03 1.65e-03f  1
  54  2.8891453e+06 5.15e+00 6.35e+02  -6.0 1.23e+02  -0.0 6.51e-05 5.87e-06f  1
  55  2.8870836e+06 5.14e+00 6.34e+02  -6.0 4.48e+00   0.4 1.89e-04 8.26e-04f  1
  56  2.8856267e+06 5.14e+00 6.34e+02  -6.0 3.36e+00   0.9 1.94e-04 7.26e-04f  1
  57  2.8851983e+06 5.14e+00 6.33e+02  -6.0 4.66e+00   0.4 1.30e-03 1.67e-04f  1
  58  2.8823559e+06 5.13e+00 6.33e+02  -6.0 3.38e+00   0.8 6.12e-05 1.39e-03f  1
  59  2.8821436e+06 5.13e+00 6.32e+02  -6.0 4.84e+00   0.3 1.75e-03 8.02e-05f  1
iter    objective    inf_pr   inf_du lg(mu)  ||d||  lg(rg) alpha_du alpha_pr  ls
  60  2.8767825e+06 5.12e+00 6.31e+02  -6.0 3.40e+00   0.7 9.41e-05 2.57e-03f  1
  61  2.8766023e+06 5.12e+00 6.31e+02  -6.0 5.01e+00   0.3 4.55e-04 6.62e-05f  1
  62  2.8686383e+06 5.10e+00 6.30e+02  -6.0 3.47e+00   0.7 2.81e-05 3.75e-03f  1
  63  2.8677541e+06 5.10e+00 6.29e+02  -6.0 5.18e+00   0.2 2.36e-03 3.15e-04f  1
  64  2.8580499e+06 5.07e+00 6.28e+02  -6.0 3.63e+00   0.6 3.80e-05 4.49e-03f  1
  65  2.8570499e+06 5.07e+00 6.28e+02  -6.0 6.03e+00   0.2 8.27e-05 3.48e-04f  1
  66  2.8561063e+06 5.07e+00 6.23e+02  -6.0 3.79e+00   0.6 3.98e-03 4.28e-04f  1
  67  2.8515717e+06 5.06e+00 6.23e+02  -6.0 8.64e+00   0.1 2.05e-05 1.53e-03f  1
  68  2.8351452e+06 5.03e+00 6.21e+02  -6.0 3.96e+00   0.5 2.45e-03 7.30e-03f  1
  69  2.8345783e+06 5.03e+00 6.21e+02  -6.0 3.17e+01   0.1 2.95e-05 1.87e-04f  1
iter    objective    inf_pr   inf_du lg(mu)  ||d||  lg(rg) alpha_du alpha_pr  ls
  70  2.8270206e+06 5.01e+00 6.19e+02  -6.0 4.14e+00   0.5 3.27e-03 3.32e-03f  1
  71  2.8175169e+06 4.98e+00 6.17e+02  -6.0 3.24e+00   0.9 1.73e-03 5.09e-03f  1
  72  2.8135297e+06 4.97e+00 6.16e+02  -6.0 4.32e+00   0.4 1.23e-03 1.74e-03f  1
  73  2.8040615e+06 4.95e+00 6.13e+02  -6.0 3.23e+00   0.9 2.77e-03 5.04e-03f  1
  74  2.8024130e+06 4.95e+00 6.11e+02  -6.0 4.50e+00   0.4 4.07e-03 7.07e-04f  1
  75  2.8000599e+06 4.94e+00 6.10e+02  -6.0 3.23e+00   0.8 2.06e-03 1.24e-03f  1
  76  2.7918200e+06 4.92e+00 6.10e+02  -6.0 4.68e+00   0.3 3.60e-04 3.46e-03f  1
  77  2.7880082e+06 4.91e+00 6.08e+02  -6.0 3.23e+00   0.8 3.45e-03 1.99e-03f  1
  78  2.7814714e+06 4.90e+00 6.07e+02  -6.0 4.84e+00   0.3 1.93e-03 2.70e-03f  1
  79  2.7805381e+06 4.90e+00 6.04e+02  -6.0 3.32e+00   0.7 6.03e-03 4.82e-04f  1
iter    objective    inf_pr   inf_du lg(mu)  ||d||  lg(rg) alpha_du alpha_pr  ls
  80  2.7802341e+06 4.90e+00 6.04e+02  -6.0 5.00e+00   0.2 5.64e-04 1.23e-04f  1
  81  2.7601896e+06 4.85e+00 6.02e+02  -6.0 3.49e+00   0.7 1.27e-04 1.02e-02f  1
  82  2.7561046e+06 4.84e+00 6.00e+02  -6.0 5.15e+00   0.2 3.14e-03 1.63e-03f  1
  83  2.7438810e+06 4.81e+00 5.95e+02  -6.0 3.63e+00   0.6 8.92e-03 6.18e-03f  1
  84  2.7299997e+06 4.78e+00 5.94e+02  -6.0 5.43e+00   0.1 2.17e-03 5.49e-03f  1
  85  2.7195478e+06 4.76e+00 5.92e+02  -6.0 3.78e+00   0.6 2.41e-03 5.29e-03f  1
  86  2.7161121e+06 4.75e+00 5.91e+02  -6.0 7.59e+00   0.1 1.63e-03 1.35e-03f  1
  87  2.7122711e+06 4.74e+00 5.90e+02  -6.0 3.95e+00   0.5 1.83e-03 1.92e-03f  1
  88  2.7037284e+06 4.73e+00 5.89e+02  -6.0 1.03e+01   0.0 1.52e-03 3.26e-03f  1
  89  2.7000708e+06 4.72e+00 5.87e+02  -6.0 4.12e+00   0.5 3.87e-03 1.80e-03f  1
iter    objective    inf_pr   inf_du lg(mu)  ||d||  lg(rg) alpha_du alpha_pr  ls
  90  2.6894482e+06 4.69e+00 5.85e+02  -6.0 3.05e+00   0.9 4.34e-04 6.22e-03f  1
  91  2.6782637e+06 4.66e+00 5.84e+02  -6.0 4.29e+00   0.4 1.26e-03 5.44e-03f  1
  92  2.6746438e+06 4.65e+00 5.83e+02  -6.0 3.02e+00   0.8 5.46e-04 2.12e-03f  1
  93  2.6691030e+06 4.64e+00 5.81e+02  -6.0 1.26e+01   0.4 3.48e-03 2.66e-03f  1
  94  2.6614440e+06 4.62e+00 5.78e+02  -6.0 3.01e+00   0.8 5.82e-03 4.46e-03f  1
  95  2.6580337e+06 4.61e+00 5.76e+02  -6.0 2.90e+00   1.2 1.98e-03 2.23e-03f  1
  96  2.6537946e+06 4.60e+00 5.74e+02  -6.0 3.15e+00   0.7 5.45e-03 2.44e-03f  1
  97  2.6535211e+06 4.60e+00 5.74e+02  -6.0 2.89e+00   1.2 1.62e-03 1.78e-04f  1
  98  2.6440629e+06 4.57e+00 5.73e+02  -6.0 3.31e+00   0.7 1.60e-03 5.37e-03f  1
  99  2.6399836e+06 4.56e+00 5.71e+02  -6.0 2.88e+00   1.1 1.38e-03 2.64e-03f  1
iter    objective    inf_pr   inf_du lg(mu)  ||d||  lg(rg) alpha_du alpha_pr  ls
 100  2.6381472e+06 4.56e+00 5.69e+02  -6.0 3.47e+00   0.6 3.99e-03 1.03e-03f  1
 101  2.6205887e+06 4.50e+00 5.63e+02  -6.0 2.88e+00   1.1 1.19e-03 1.13e-02f  1
 102  2.6109347e+06 4.48e+00 5.61e+02  -6.0 3.63e+00   0.6 3.52e-03 5.37e-03f  1
 103  2.6088073e+06 4.47e+00 5.59e+02  -6.0 2.84e+00   1.0 6.06e-03 1.38e-03f  1
 104  2.5970483e+06 4.45e+00 5.59e+02  -6.0 3.80e+00   0.5 1.25e-03 6.45e-03f  1
 105  2.5951729e+06 4.44e+00 5.58e+02  -6.0 2.82e+00   1.0 9.31e-04 1.21e-03f  1
 106  2.5786026e+06 4.40e+00 5.57e+02  -6.0 3.97e+00   0.5 3.13e-03 8.96e-03f  1
 107  2.5751428e+06 4.39e+00 5.56e+02  -6.0 2.80e+00   0.9 1.82e-03 2.23e-03f  1
 108  2.5680668e+06 4.37e+00 5.56e+02  -6.0 4.12e+00   0.4 4.29e-04 3.80e-03f  1
 109  2.5652358e+06 4.37e+00 5.53e+02  -6.0 2.80e+00   0.9 6.81e-03 1.81e-03f  1
iter    objective    inf_pr   inf_du lg(mu)  ||d||  lg(rg) alpha_du alpha_pr  ls
 110  2.5561094e+06 4.34e+00 5.51e+02  -6.0 4.29e+00   0.4 3.88e-03 4.82e-03f  1
 111  2.5504753e+06 4.33e+00 5.49e+02  -6.0 2.87e+00   0.8 2.79e-03 3.57e-03f  1
 112  2.5495201e+06 4.33e+00 5.47e+02  -6.0 4.85e+00   0.3 3.67e-03 4.96e-04f  1
 113  2.5421201e+06 4.31e+00 5.45e+02  -6.0 3.02e+00   0.7 3.43e-03 4.64e-03f  1
 114  2.5352053e+06 4.29e+00 5.44e+02  -6.0 6.23e+00   0.3 2.12e-03 3.51e-03f  1
 115  2.5309075e+06 4.28e+00 5.42e+02  -6.0 3.16e+00   0.7 4.26e-03 2.67e-03f  1
 116  2.5248927e+06 4.27e+00 5.39e+02  -6.0 8.27e+00   0.2 4.40e-03 2.99e-03f  1
 117  2.5105762e+06 4.23e+00 5.37e+02  -6.0 3.32e+00   0.6 4.16e-03 8.78e-03f  1
 118  2.5041647e+06 4.21e+00 5.35e+02  -6.0 2.65e+00   1.1 1.63e-03 4.53e-03f  1
 119  2.4987328e+06 4.20e+00 5.33e+02  -6.0 3.46e+00   0.6 4.17e-03 3.31e-03f  1
iter    objective    inf_pr   inf_du lg(mu)  ||d||  lg(rg) alpha_du alpha_pr  ls
 120  2.4861517e+06 4.16e+00 5.30e+02  -6.0 2.64e+00   1.0 9.49e-04 8.86e-03f  1
 121  2.4842534e+06 4.16e+00 5.29e+02  -6.0 3.62e+00   0.5 2.22e-03 1.15e-03f  1
 122  2.4774970e+06 4.14e+00 5.25e+02  -6.0 2.62e+00   1.0 9.08e-03 4.76e-03f  1
 123  2.4732262e+06 4.12e+00 5.24e+02  -6.0 3.79e+00   0.5 1.35e-03 2.55e-03f  1
 124  2.4521846e+06 4.06e+00 5.23e+02  -6.0 2.61e+00   0.9 3.60e-03 1.48e-02f  1
 125  2.4445229e+06 4.05e+00 5.21e+02  -6.0 3.94e+00   0.4 3.58e-03 4.54e-03f  1
 126  2.4231481e+06 3.98e+00 5.19e+02  -6.0 2.59e+00   0.9 6.79e-03 1.51e-02f  1
 127  2.4086977e+06 3.95e+00 5.18e+02  -6.0 4.09e+00   0.4 4.24e-03 8.51e-03f  1
 128  2.4006763e+06 3.93e+00 5.13e+02  -6.0 2.70e+00   0.8 7.74e-03 5.70e-03f  1
 129  2.3991450e+06 3.92e+00 5.12e+02  -6.0 5.37e+00   0.3 1.39e-03 8.91e-04f  1
iter    objective    inf_pr   inf_du lg(mu)  ||d||  lg(rg) alpha_du alpha_pr  ls
 130  2.3970837e+06 3.92e+00 5.10e+02  -6.0 2.84e+00   0.8 4.11e-03 1.45e-03f  1
 131  2.3861053e+06 3.88e+00 5.06e+02  -6.0 2.43e+00   1.2 1.46e-03 8.68e-03f  1
 132  2.3775951e+06 3.86e+00 5.02e+02  -6.0 2.98e+00   0.7 7.22e-03 5.94e-03f  1
 133  2.3715056e+06 3.84e+00 5.00e+02  -6.0 2.40e+00   1.1 2.89e-03 4.84e-03f  1
 134  2.3581937e+06 3.81e+00 5.00e+02  -6.0 3.11e+00   0.7 3.94e-03 9.22e-03f  1
 135  2.3549355e+06 3.80e+00 4.96e+02  -6.0 2.38e+00   1.1 8.83e-03 2.60e-03f  1
 136  2.3506201e+06 3.79e+00 4.95e+02  -6.0 3.23e+00   0.6 3.05e-03 2.98e-03f  1
 137  2.3433133e+06 3.76e+00 4.92e+02  -6.0 2.37e+00   1.0 5.90e-03 5.82e-03f  1
 138  2.3374365e+06 3.75e+00 4.89e+02  -6.0 3.37e+00   0.6 4.95e-03 4.01e-03f  1
 139  2.3291965e+06 3.72e+00 4.89e+02  -6.0 2.36e+00   1.0 1.54e-04 6.55e-03f  1
iter    objective    inf_pr   inf_du lg(mu)  ||d||  lg(rg) alpha_du alpha_pr  ls
 140  2.3273522e+06 3.72e+00 4.89e+02  -6.0 3.52e+00   0.5 8.99e-04 1.24e-03f  1
 141  2.3077812e+06 3.66e+00 4.86e+02  -6.0 2.35e+00   0.9 7.46e-03 1.55e-02f  1
 142  2.2990157e+06 3.64e+00 4.86e+02  -6.0 3.97e+00   0.5 1.46e-03 5.86e-03f  1
 143  2.2926500e+06 3.62e+00 4.76e+02  -6.0 2.38e+00   0.9 1.84e-02 5.08e-03f  1
 144  2.2879519e+06 3.61e+00 4.73e+02  -6.0 2.24e+00   1.3 1.98e-03 4.16e-03f  1
 145  2.2837951e+06 3.60e+00 4.71e+02  -6.0 2.50e+00   0.8 5.20e-03 3.30e-03f  1
 146  2.2801059e+06 3.58e+00 4.69e+02  -6.0 2.22e+00   1.3 1.85e-03 3.26e-03f  1
 147  2.2698679e+06 3.56e+00 4.67e+02  -6.0 2.63e+00   0.8 4.90e-03 8.03e-03f  1
 148  2.2630688e+06 3.53e+00 4.65e+02  -6.0 2.20e+00   1.2 1.07e-03 6.03e-03f  1
 149  2.2559205e+06 3.51e+00 4.64e+02  -6.0 2.75e+00   0.7 2.35e-03 5.58e-03f  1
iter    objective    inf_pr   inf_du lg(mu)  ||d||  lg(rg) alpha_du alpha_pr  ls
 150  2.2467294e+06 3.49e+00 4.61e+02  -6.0 2.18e+00   1.2 4.50e-03 8.17e-03f  1
 151  2.2376055e+06 3.46e+00 4.59e+02  -6.0 2.86e+00   0.7 5.49e-03 7.08e-03f  1
 152  2.2332211e+06 3.45e+00 4.56e+02  -6.0 2.16e+00   1.1 8.38e-03 3.92e-03f  1
 153  2.2298601e+06 3.44e+00 4.52e+02  -6.0 2.95e+00   0.6 5.98e-03 2.59e-03f  1
 154  2.2247718e+06 3.42e+00 4.52e+02  -6.0 2.15e+00   1.1 1.08e-03 4.53e-03f  1
 155  2.2244994e+06 3.42e+00 4.51e+02  -6.0 3.03e+00   0.6 3.77e-04 2.06e-04f  1
 156  2.2221787e+06 3.41e+00 4.51e+02  -6.0 2.15e+00   1.0 1.33e-04 2.05e-03f  1
 157  2.2218943e+06 3.41e+00 4.51e+02  -6.0 3.15e+00   0.5 5.42e-04 2.11e-04f  1
 158  2.2184138e+06 3.40e+00 4.51e+02  -6.0 2.15e+00   1.0 9.89e-05 3.04e-03f  1
 159  2.2172442e+06 3.40e+00 4.48e+02  -6.0 3.56e+00   0.5 5.27e-03 8.49e-04f  1
iter    objective    inf_pr   inf_du lg(mu)  ||d||  lg(rg) alpha_du alpha_pr  ls
 160  2.2122546e+06 3.39e+00 4.48e+02  -6.0 2.16e+00   0.9 1.95e-04 4.31e-03f  1
 161  2.2092241e+06 3.38e+00 4.47e+02  -6.0 2.08e+00   1.3 5.15e-03 2.90e-03f  1
 162  2.1986869e+06 3.35e+00 4.44e+02  -6.0 2.25e+00   0.8 6.75e-03 9.02e-03f  1
 163  2.1938335e+06 3.33e+00 4.42e+02  -6.0 2.06e+00   1.3 4.41e-03 4.67e-03f  1
 164  2.1863394e+06 3.31e+00 4.41e+02  -6.0 2.37e+00   0.8 4.23e-03 6.43e-03f  1
 165  2.1809589e+06 3.29e+00 4.38e+02  -6.0 2.05e+00   1.2 5.47e-03 5.23e-03f  1
 166  2.1764332e+06 3.28e+00 4.28e+02  -6.0 2.50e+00   0.7 1.75e-02 3.89e-03f  1
 167  2.1672966e+06 3.25e+00 4.25e+02  -6.0 2.03e+00   1.2 6.24e-03 8.89e-03f  1
 168  2.1531788e+06 3.21e+00 4.21e+02  -6.0 2.64e+00   0.7 1.04e-02 1.21e-02f  1
 169  2.1421275e+06 3.18e+00 4.16e+02  -6.0 2.00e+00   1.1 1.17e-02 1.09e-02f  1
iter    objective    inf_pr   inf_du lg(mu)  ||d||  lg(rg) alpha_du alpha_pr  ls
 170  2.1409362e+06 3.17e+00 4.15e+02  -6.0 2.79e+00   0.6 2.46e-03 1.02e-03f  1
 171  2.1344666e+06 3.15e+00 4.14e+02  -6.0 1.98e+00   1.1 3.22e-04 6.39e-03f  1
 172  2.1322759e+06 3.15e+00 4.11e+02  -6.0 2.96e+00   0.6 6.11e-03 1.86e-03f  1
 173  2.1281944e+06 3.13e+00 4.05e+02  -6.0 1.98e+00   1.0 1.31e-02 4.01e-03f  1
 174  2.1269785e+06 3.13e+00 4.03e+02  -6.0 3.13e+00   0.5 3.91e-03 1.01e-03f  1
 175  2.1066617e+06 3.07e+00 4.03e+02  -6.0 1.98e+00   1.0 1.46e-03 1.99e-02f  1
 176  2.1054763e+06 3.06e+00 4.04e+02  -6.0 1.88e+00   1.4 5.44e-03 1.29e-03f  1
 177  2.0817776e+06 2.99e+00 4.03e+02  -6.0 2.07e+00   0.9 6.26e-03 2.34e-02f  1
 178  2.0794316e+06 2.98e+00 4.02e+02  -6.0 1.84e+00   1.3 7.78e-04 2.61e-03f  1
 179  2.0787590e+06 2.98e+00 4.02e+02  -6.0 2.18e+00   0.9 1.55e-04 6.70e-04f  1
iter    objective    inf_pr   inf_du lg(mu)  ||d||  lg(rg) alpha_du alpha_pr  ls
 180  2.0786532e+06 2.98e+00 4.02e+02  -6.0 1.84e+00   1.3 1.73e-03 1.17e-04f  1
 181  2.0761857e+06 2.98e+00 4.02e+02  -6.0 2.31e+00   0.8 1.36e-04 2.42e-03f  1
 182  2.0760145e+06 2.97e+00 4.02e+02  -6.0 1.84e+00   1.2 5.73e-04 1.88e-04f  1
 183  2.0636015e+06 2.94e+00 4.04e+02  -6.0 2.45e+00   0.8 3.24e-05 1.20e-02f  1
 184  2.0600681e+06 2.93e+00 4.02e+02  -6.0 1.82e+00   1.2 4.96e-03 3.90e-03f  1
 185  2.0548085e+06 2.91e+00 4.02e+02  -6.0 2.60e+00   0.7 1.03e-03 5.06e-03f  1
 186  2.0522653e+06 2.90e+00 4.00e+02  -6.0 1.81e+00   1.1 5.75e-03 2.80e-03f  1
 187  2.0482055e+06 2.89e+00 3.94e+02  -6.0 2.76e+00   0.7 1.16e-02 3.86e-03f  1
 188  2.0397499e+06 2.87e+00 3.90e+02  -6.0 1.81e+00   1.1 9.13e-03 9.29e-03f  1
 189  2.0391530e+06 2.86e+00 3.85e+02  -6.0 2.91e+00   0.6 9.24e-03 5.63e-04f  1
iter    objective    inf_pr   inf_du lg(mu)  ||d||  lg(rg) alpha_du alpha_pr  ls
 190  2.0269427e+06 2.83e+00 3.84e+02  -6.0 1.80e+00   1.0 2.75e-03 1.34e-02f  1
 191  2.0263585e+06 2.82e+00 3.84e+02  -6.0 1.73e+00   1.5 2.56e-03 7.04e-04f  1
 192  2.0161535e+06 2.79e+00 3.84e+02  -6.0 1.88e+00   1.0 1.35e-03 1.12e-02f  1
 193  2.0155375e+06 2.79e+00 3.85e+02  -6.0 1.71e+00   1.4 5.53e-03 7.47e-04f  1
 194  2.0061380e+06 2.76e+00 3.84e+02  -6.0 1.97e+00   0.9 3.65e-03 1.03e-02f  1
 195  2.0013831e+06 2.75e+00 3.82e+02  -6.0 1.70e+00   1.4 4.23e-03 5.79e-03f  1
 196  1.9851658e+06 2.70e+00 3.82e+02  -6.0 2.05e+00   0.9 2.39e-03 1.78e-02f  1
 197  1.9827600e+06 2.69e+00 3.81e+02  -6.0 1.66e+00   1.3 6.78e-05 2.98e-03f  1
 198  1.9805238e+06 2.68e+00 3.68e+02  -6.0 2.04e+00   0.8 2.66e-02 2.46e-03f  1
 199  1.9762935e+06 2.67e+00 3.66e+02  -6.0 1.66e+00   1.3 1.65e-04 5.25e-03f  1
iter    objective    inf_pr   inf_du lg(mu)  ||d||  lg(rg) alpha_du alpha_pr  ls
 200  1.9759586e+06 2.67e+00 3.66e+02  -6.0 2.14e+00   0.8 4.24e-04 3.69e-04f  1
 201  1.9759443e+06 2.67e+00 3.65e+02  -6.0 1.66e+00   1.2 1.23e-02 1.77e-05f  1
 202  1.9622155e+06 2.63e+00 3.65e+02  -6.0 2.24e+00   0.7 4.05e-03 1.49e-02f  1
 203  1.9590954e+06 2.62e+00 3.62e+02  -6.0 1.64e+00   1.2 8.86e-03 3.92e-03f  1
 204  1.9547611e+06 2.60e+00 3.53e+02  -6.0 2.31e+00   0.7 2.02e-02 4.75e-03f  1
 205  1.9438320e+06 2.57e+00 3.51e+02  -6.0 1.64e+00   1.1 7.04e-05 1.38e-02f  1
 206  1.9415388e+06 2.56e+00 3.51e+02  -6.0 2.31e+00   0.6 9.92e-04 2.52e-03f  1
 207  1.9408089e+06 2.56e+00 3.46e+02  -6.0 1.65e+00   1.1 1.13e-02 9.27e-04f  1
 208  1.9385021e+06 2.55e+00 3.46e+02  -6.0 1.56e+00   1.5 4.30e-03 3.16e-03f  1
 209  1.9362820e+06 2.54e+00 3.44e+02  -6.0 1.70e+00   1.0 3.96e-03 2.80e-03f  1
iter    objective    inf_pr   inf_du lg(mu)  ||d||  lg(rg) alpha_du alpha_pr  ls
 210  1.9356436e+06 2.54e+00 3.44e+02  -6.0 1.56e+00   1.4 3.79e-04 8.75e-04f  1
 211  1.9301602e+06 2.53e+00 3.43e+02  -6.0 1.76e+00   1.0 3.91e-03 6.84e-03f  1
 212  1.9297292e+06 2.52e+00 3.43e+02  -6.0 1.55e+00   1.4 5.07e-03 5.92e-04f  1
 213  1.9295478e+06 2.52e+00 3.38e+02  -6.0 1.82e+00   0.9 1.02e-02 2.25e-04f  1
 214  1.9270437e+06 2.51e+00 3.37e+02  -6.0 1.56e+00   1.3 1.53e-03 3.42e-03f  1
 215  1.9146521e+06 2.48e+00 3.28e+02  -6.0 1.88e+00   0.8 2.17e-02 1.52e-02f  1
 216  1.9111499e+06 2.46e+00 3.27e+02  -6.0 1.53e+00   1.3 2.77e-03 4.87e-03f  1
 217  1.9086694e+06 2.46e+00 3.25e+02  -6.0 1.92e+00   0.8 4.73e-03 3.09e-03f  1
 218  1.9058258e+06 2.45e+00 3.25e+02  -6.0 1.52e+00   1.2 5.03e-05 3.96e-03f  1
 219  1.9042884e+06 2.44e+00 3.22e+02  -6.0 2.02e+00   0.7 5.94e-03 1.90e-03f  1
iter    objective    inf_pr   inf_du lg(mu)  ||d||  lg(rg) alpha_du alpha_pr  ls
 220  1.9031281e+06 2.44e+00 3.22e+02  -6.0 1.51e+00   1.2 6.84e-05 1.61e-03f  1
 221  1.9027945e+06 2.44e+00 3.19e+02  -6.0 2.14e+00   0.7 4.39e-03 4.06e-04f  1
 222  1.8988062e+06 2.42e+00 3.20e+02  -6.0 1.53e+00   1.1 1.58e-04 5.51e-03f  1
 223  1.8984689e+06 2.42e+00 3.20e+02  -6.0 2.26e+00   0.6 1.09e-05 4.05e-04f  1
 224  1.8980635e+06 2.42e+00 3.15e+02  -6.0 1.58e+00   1.1 1.08e-02 5.57e-04f  1
 225  1.8946853e+06 2.41e+00 3.13e+02  -6.0 1.47e+00   1.5 2.48e-03 4.98e-03f  1
 226  1.8808288e+06 2.36e+00 3.08e+02  -6.0 1.63e+00   1.0 1.70e-02 1.90e-02f  1
 227  1.8795178e+06 2.36e+00 3.08e+02  -6.0 1.44e+00   1.4 6.33e-03 1.98e-03f  1
 228  1.8770094e+06 2.35e+00 3.05e+02  -6.0 1.67e+00   1.0 7.42e-03 3.49e-03f  1
 229  1.8696586e+06 2.32e+00 3.01e+02  -6.0 1.44e+00   1.4 5.77e-03 1.11e-02f  1
iter    objective    inf_pr   inf_du lg(mu)  ||d||  lg(rg) alpha_du alpha_pr  ls
 230  1.8627472e+06 2.30e+00 3.02e+02  -6.0 1.72e+00   0.9 2.77e-03 9.67e-03f  1
 231  1.8584120e+06 2.29e+00 3.00e+02  -6.0 1.42e+00   1.3 6.08e-03 6.70e-03f  1
 232  1.8533313e+06 2.27e+00 2.98e+02  -6.0 1.76e+00   0.9 6.41e-03 7.16e-03f  1
 233  1.8525648e+06 2.27e+00 2.97e+02  -6.0 1.40e+00   1.3 3.35e-03 1.20e-03f  1
 234  1.8470794e+06 2.25e+00 2.94e+02  -6.0 1.85e+00   0.8 1.06e-02 7.73e-03f  1
 235  1.8443600e+06 2.24e+00 2.92e+02  -6.0 1.39e+00   1.2 8.32e-03 4.29e-03f  1
 236  1.8439006e+06 2.24e+00 2.90e+02  -6.0 1.94e+00   0.8 4.21e-03 6.53e-04f  1
 237  1.8422009e+06 2.23e+00 2.89e+02  -6.0 1.39e+00   1.2 2.56e-03 2.68e-03f  1
 238  1.8398646e+06 2.23e+00 2.84e+02  -6.0 2.04e+00   0.7 1.19e-02 3.29e-03f  1
 239  1.8343714e+06 2.21e+00 2.83e+02  -6.0 1.39e+00   1.1 2.21e-03 8.71e-03f  1
iter    objective    inf_pr   inf_du lg(mu)  ||d||  lg(rg) alpha_du alpha_pr  ls
 240  1.8236390e+06 2.17e+00 2.75e+02  -6.0 2.11e+00   0.7 2.49e-02 1.52e-02f  1
 241  1.8219065e+06 2.17e+00 2.74e+02  -6.0 1.37e+00   1.1 9.96e-04 2.84e-03f  1
 242  1.8173992e+06 2.15e+00 2.66e+02  -6.0 1.32e+00   1.5 7.70e-04 7.83e-03f  1
 243  1.8170581e+06 2.15e+00 2.65e+02  -6.0 1.41e+00   1.0 1.55e-02 5.60e-04f  1
 244  1.8136022e+06 2.14e+00 2.59e+02  -6.0 1.31e+00   1.5 3.70e-04 6.05e-03f  1
 245  1.8135254e+06 2.13e+00 2.59e+02  -6.0 1.47e+00   1.0 8.29e-04 1.26e-04f  1
 246  1.8122195e+06 2.13e+00 2.57e+02  -6.0 1.30e+00   1.4 6.61e-05 2.29e-03f  1
 247  1.8121280e+06 2.13e+00 2.57e+02  -6.0 1.60e+00   0.9 1.06e-03 1.49e-04f  1
 248  1.8105836e+06 2.12e+00 2.55e+02  -6.0 1.31e+00   1.4 4.20e-05 2.70e-03f  1
 249  1.8104275e+06 2.12e+00 2.51e+02  -6.0 1.66e+00   0.9 1.78e-02 2.51e-04f  1
iter    objective    inf_pr   inf_du lg(mu)  ||d||  lg(rg) alpha_du alpha_pr  ls
 250  1.8029831e+06 2.10e+00 2.44e+02  -6.0 1.30e+00   1.3 3.32e-04 1.30e-02f  1
 251  1.8028964e+06 2.10e+00 2.42e+02  -6.0 1.71e+00   0.8 7.94e-03 1.40e-04f  1
 252  1.8022998e+06 2.09e+00 2.41e+02  -6.0 1.28e+00   1.3 2.92e-04 1.06e-03f  1
 253  1.8022880e+06 2.09e+00 2.38e+02  -6.0 1.77e+00   0.8 9.91e-03 1.90e-05f  1
 254  1.8001381e+06 2.09e+00 2.37e+02  -6.0 7.16e+00   1.2 1.50e-03 3.76e-03f  1
 255  1.7980463e+06 2.08e+00 2.35e+02  -6.0 1.86e+00   0.7 6.17e-03 3.32e-03f  1
 256  1.7956427e+06 2.07e+00 2.34e+02  -6.0 1.35e+00   1.2 1.28e-02 4.24e-03f  1
 257  1.7947639e+06 2.07e+00 2.34e+02  -6.0 6.51e+00   0.7 1.21e-03 1.39e-03f  1
 258  1.7856677e+06 2.03e+00 2.31e+02  -6.0 1.39e+00   1.1 5.65e-03 1.61e-02f  1
 259  1.7835806e+06 2.03e+00 2.28e+02  -6.0 1.22e+00   1.5 1.59e-03 3.95e-03f  1
iter    objective    inf_pr   inf_du lg(mu)  ||d||  lg(rg) alpha_du alpha_pr  ls
 260  1.7831812e+06 2.02e+00 2.27e+02  -6.0 1.43e+00   1.1 6.16e-03 7.14e-04f  1
 261  1.7765402e+06 2.00e+00 2.16e+02  -6.0 1.22e+00   1.5 1.70e-04 1.26e-02f  1
 262  1.7763107e+06 2.00e+00 2.11e+02  -6.0 1.47e+00   1.0 2.63e-02 4.12e-04f  1
 263  1.7686807e+06 1.97e+00 2.01e+02  -6.0 1.21e+00   1.4 4.38e-04 1.46e-02f  1
 264  1.7686011e+06 1.97e+00 1.97e+02  -6.0 1.52e+00   0.9 1.72e-02 1.44e-04f  1
 265  1.7645670e+06 1.95e+00 1.93e+02  -6.0 1.19e+00   1.4 6.66e-04 7.83e-03f  1
 266  1.7645387e+06 1.95e+00 1.90e+02  -6.0 1.57e+00   0.9 1.09e-02 5.09e-05f  1
 267  1.7553408e+06 1.92e+00 1.83e+02  -6.0 1.19e+00   1.3 1.26e-03 1.79e-02f  1
 268  1.7553102e+06 1.92e+00 1.82e+02  -6.0 1.61e+00   0.8 3.25e-03 5.54e-05f  1
 269  1.7529033e+06 1.91e+00 1.80e+02  -6.0 1.19e+00   1.3 3.48e-04 4.75e-03f  1
iter    objective    inf_pr   inf_du lg(mu)  ||d||  lg(rg) alpha_du alpha_pr  ls
 270  1.7528689e+06 1.91e+00 1.80e+02  -6.0 1.67e+00   0.8 1.38e-03 6.17e-05f  1
 271  1.7497315e+06 1.90e+00 1.79e+02  -6.0 1.22e+00   1.2 1.94e-04 6.18e-03f  1
 272  1.7484907e+06 1.89e+00 1.80e+02  -6.0 1.13e+00   1.6 3.92e-03 2.57e-03f  1
 273  1.7457288e+06 1.88e+00 1.79e+02  -6.0 1.26e+00   1.2 9.47e-03 5.45e-03f  1
 274  1.7454626e+06 1.88e+00 1.80e+02  -6.0 1.13e+00   1.6 2.77e-03 5.55e-04f  1
 275  1.7397518e+06 1.86e+00 1.79e+02  -6.0 1.30e+00   1.1 7.33e-03 1.13e-02f  1
 276  1.7379048e+06 1.85e+00 1.77e+02  -6.0 1.12e+00   1.5 2.28e-03 3.89e-03f  1
 277  1.7367095e+06 1.85e+00 1.74e+02  -6.0 1.34e+00   1.1 1.63e-02 2.37e-03f  1
 278  1.7327125e+06 1.83e+00 1.71e+02  -6.0 1.11e+00   1.5 5.37e-03 8.44e-03f  1
 279  1.7303578e+06 1.82e+00 1.71e+02  -6.0 1.39e+00   1.0 2.16e-03 4.71e-03f  1
iter    objective    inf_pr   inf_du lg(mu)  ||d||  lg(rg) alpha_du alpha_pr  ls
 280  1.7292280e+06 1.82e+00 1.70e+02  -6.0 1.10e+00   1.4 2.24e-03 2.42e-03f  1
 281  1.7225391e+06 1.79e+00 1.71e+02  -6.0 1.44e+00   1.0 5.19e-03 1.34e-02f  1
 282  1.7192798e+06 1.78e+00 1.69e+02  -6.0 1.09e+00   1.4 7.41e-03 7.10e-03f  1
 283  1.7144097e+06 1.76e+00 1.65e+02  -6.0 1.48e+00   0.9 1.89e-02 9.91e-03f  1
 284  1.7092065e+06 1.74e+00 1.62e+02  -6.0 1.08e+00   1.3 3.75e-03 1.16e-02f  1
 285  1.7065560e+06 1.73e+00 1.59e+02  -6.0 1.52e+00   0.9 1.16e-02 5.49e-03f  1
 286  1.7043527e+06 1.73e+00 1.58e+02  -6.0 1.10e+00   1.3 1.67e-03 4.97e-03f  1
 287  1.7029588e+06 1.72e+00 1.59e+02  -6.0 1.04e+00   1.7 4.53e-03 3.28e-03f  1
 288  1.7017667e+06 1.72e+00 1.58e+02  -6.0 1.14e+00   1.2 4.02e-03 2.70e-03f  1
 289  1.6976305e+06 1.70e+00 1.51e+02  -6.0 1.04e+00   1.7 3.09e-03 9.77e-03f  1
iter    objective    inf_pr   inf_du lg(mu)  ||d||  lg(rg) alpha_du alpha_pr  ls
 290  1.6935286e+06 1.68e+00 1.50e+02  -6.0 1.17e+00   1.2 7.90e-03 9.36e-03f  1
 291  1.6892406e+06 1.67e+00 1.43e+02  -6.0 1.02e+00   1.6 1.12e-03 1.03e-02f  1
 292  1.6864625e+06 1.65e+00 1.42e+02  -6.0 1.20e+00   1.1 4.87e-03 6.43e-03f  1
 293  1.6847317e+06 1.65e+00 1.42e+02  -6.0 1.01e+00   1.6 7.16e-03 4.24e-03f  1
 294  1.6803661e+06 1.63e+00 1.43e+02  -6.0 1.24e+00   1.1 4.87e-03 1.02e-02f  1
 295  1.6783314e+06 1.62e+00 1.42e+02  -6.0 9.95e-01   1.5 4.81e-03 5.06e-03f  1
 296  1.6753713e+06 1.61e+00 1.41e+02  -6.0 1.27e+00   1.0 6.56e-03 6.95e-03f  1
 297  1.6733819e+06 1.60e+00 1.40e+02  -6.0 9.85e-01   1.5 7.51e-03 5.00e-03f  1
 298  1.6705872e+06 1.59e+00 1.38e+02  -6.0 1.30e+00   1.0 9.06e-03 6.59e-03f  1
 299  1.6672381e+06 1.58e+00 1.37e+02  -6.0 9.72e-01   1.4 9.15e-03 8.49e-03f  1
iter    objective    inf_pr   inf_du lg(mu)  ||d||  lg(rg) alpha_du alpha_pr  ls
 300  1.6630845e+06 1.56e+00 1.40e+02  -6.0 1.34e+00   0.9 7.16e-04 9.86e-03f  1

Number of Iterations....: 300

                                   (scaled)                 (unscaled)
Objective...............:   1.3586478961088653e+04    1.6630845194378716e+06
Dual infeasibility......:   1.3966513510079619e+02    1.7096035312501703e+04
Constraint violation....:   9.6675151588616615e-01    1.5635991627796653e+00
Variable bound violation:   1.1750361128548548e-08    1.1750361128548548e-08
Complementarity.........:   3.2048167069722144e-01    3.9229303399843317e+01
Overall NLP error.......:   1.3966513510079619e+02    1.7096035312501703e+04


Number of objective function evaluations             = 301
Number of objective gradient evaluations             = 301
Number of equality constraint evaluations            = 301
Number of inequality constraint evaluations          = 302
Number of equality constraint Jacobian evaluations   = 301
Number of inequality constraint Jacobian evaluations = 301
Number of Lagrangian Hessian evaluations             = 300
Total seconds in IPOPT                               = 106.015

EXIT: Maximum Number of Iterations Exceeded.

