Solver command line: ['/opt/homebrew/bin/ipopt', '/var/folders/6y/bvynbx6n3zv7z3lwg6vd724r0000gn/T/tmpaxe0uv31.pyomo.nl', '-AMPL', 'tol=1e-06', 'max_iter=300', 'print_level=5']

Ipopt 3.14.19: tol=1e-06
max_iter=300
print_level=5


******************************************************************************
This program contains Ipopt, a library for large-scale nonlinear optimization.
 Ipopt is released as open source code under the Eclipse Public License (EPL).
         For more information visit https://github.com/coin-or/Ipopt
******************************************************************************

This is Ipopt version 3.14.19, running with linear solver MUMPS 5.6.2.

Number of nonzeros in equality constraint Jacobian...:   145957
Number of nonzeros in inequality constraint Jacobian.:   105544
Number of nonzeros in Lagrangian Hessian.............:    81479

Total number of variables............................:    24020
                     variables with only lower bounds:        0
                variables with lower and upper bounds:    24020
                     variables with only upper bounds:        0
Total number of equality constraints.................:    20001
Total number of inequality constraints...............:    26386
        inequality constraints with only lower bounds:        0
   inequality constraints with lower and upper bounds:        0
        inequality constraints with only upper bounds:    26386

iter    objective    inf_pr   inf_du lg(mu)  ||d||  lg(rg) alpha_du alpha_pr  ls
   0  3.0503288e+06 1.83e+01 1.00e+02  -1.0 0.00e+00    -  0.00e+00 0.00e+00   0
   1  2.8713140e+06 1.75e+01 9.57e+01  -1.0 1.89e+01    -  5.59e-03 4.71e-02f  1
   2  2.6509199e+06 1.63e+01 8.97e+01  -1.0 1.71e+01    -  4.83e-02 6.42e-02f  1
   3  2.4088556e+06 1.49e+01 8.16e+01  -1.0 2.29e+01    -  1.07e-01 8.72e-02f  1
   4  2.2499958e+06 1.38e+01 7.40e+01  -1.0 2.80e+01    -  1.37e-01 7.52e-02f  1
   5  2.0917726e+06 1.24e+01 6.95e+01  -1.0 2.90e+01    -  4.66e-02 9.62e-02f  1
   6  1.9635929e+06 1.12e+01 6.25e+01  -1.0 2.87e+01    -  1.01e-01 9.86e-02f  1
   7  1.8663704e+06 1.01e+01 4.41e+01  -1.0 2.69e+01    -  3.39e-01 9.88e-02f  1
   8  1.7296204e+06 8.16e+00 3.50e+01  -1.0 2.52e+01    -  2.08e-01 1.91e-01f  1
   9  1.6497485e+06 6.83e+00 3.19e+01  -1.0 2.13e+01    -  8.52e-02 1.63e-01f  1
iter    objective    inf_pr   inf_du lg(mu)  ||d||  lg(rg) alpha_du alpha_pr  ls
  10  1.6041256e+06 6.00e+00 7.90e+01  -1.0 3.90e+00   0.0 1.89e-01 1.22e-01f  1
  11  1.5702930e+06 5.27e+00 7.68e+01  -1.0 7.52e+00  -0.5 1.31e-01 1.20e-01f  1
  12  1.5556410e+06 4.94e+00 1.31e+02  -1.0 8.95e+00  -1.0 2.25e-01 6.32e-02f  1
  13  1.5384236e+06 4.54e+00 1.20e+02  -1.0 2.25e+01    -  7.06e-02 8.03e-02f  1
  14  1.5112801e+06 3.89e+00 1.03e+02  -1.0 1.77e+01    -  1.01e-01 1.43e-01f  1
  15  1.4935602e+06 3.44e+00 9.34e+01  -1.0 1.56e+01    -  2.13e-01 1.14e-01f  1
  16  1.4752335e+06 2.95e+00 8.03e+01  -1.0 1.07e+01    -  1.52e-01 1.43e-01f  1
  17  1.4596776e+06 2.51e+00 6.83e+01  -1.0 9.16e+00    -  1.49e-01 1.49e-01f  1
  18  1.4463909e+06 2.11e+00 6.05e+01  -1.0 1.18e+01    -  3.18e-01 1.59e-01f  1
  19  1.4306645e+06 1.60e+00 5.08e+01  -1.0 1.55e+01    -  4.26e-01 2.38e-01f  1
iter    objective    inf_pr   inf_du lg(mu)  ||d||  lg(rg) alpha_du alpha_pr  ls
  20  1.4196432e+06 1.23e+00 4.10e+01  -1.0 1.69e+01    -  4.09e-01 2.32e-01f  1
  21  1.4017025e+06 5.76e-01 6.76e+01  -1.0 1.49e+01    -  8.86e-01 5.21e-01f  1
  22  1.3926252e+06 2.31e-01 1.27e+02  -1.0 4.97e+00    -  9.90e-01 5.93e-01f  1
  23  1.3866106e+06 8.61e-03 1.95e+01  -1.0 1.26e+00    -  9.95e-01 1.00e+00f  1
  24  1.3866343e+06 2.00e-04 1.50e-01  -1.0 1.85e-01    -  1.00e+00 1.00e+00h  1
  25  1.3724521e+06 1.50e-02 2.50e+02  -2.5 2.80e+00    -  5.58e-01 6.51e-01f  1
  26  1.3693984e+06 1.23e-02 1.54e+01  -2.5 4.17e+00    -  3.84e-01 2.34e-01f  1
  27  1.3669977e+06 1.00e-02 1.51e+01  -2.5 4.65e+00    -  2.42e-01 2.04e-01f  1
  28  1.3658930e+06 8.96e-03 5.26e+01  -2.5 4.45e+00    -  1.81e-01 1.09e-01f  1
  29  1.3641067e+06 7.91e-03 9.74e+00  -2.5 4.27e+00    -  1.08e-01 1.94e-01f  1
iter    objective    inf_pr   inf_du lg(mu)  ||d||  lg(rg) alpha_du alpha_pr  ls
  30  1.3633093e+06 7.22e-03 8.81e+00  -2.5 3.80e+00    -  1.08e-01 1.03e-01f  1
  31  1.3613007e+06 6.42e-03 4.82e+01  -2.5 3.71e+00    -  1.29e-01 2.75e-01f  1
  32  1.3597638e+06 6.17e-03 6.69e+01  -2.5 3.36e+00    -  1.70e-01 2.73e-01f  1
  33  1.3593727e+06 5.64e-03 2.93e+01  -2.5 2.84e+00    -  3.88e-01 9.61e-02f  1
  34  1.3587587e+06 4.83e-03 2.18e+01  -2.5 2.88e+00    -  1.33e-01 1.73e-01f  1
  35  1.3583616e+06 4.21e-03 1.90e+01  -2.5 2.52e+00    -  1.36e-01 1.33e-01f  1
  36  1.3576755e+06 3.10e-03 1.75e+01  -2.5 2.25e+00    -  3.19e-01 2.59e-01f  1
  37  1.3565795e+06 4.71e-03 2.52e+01  -2.5 1.75e+00    -  3.30e-01 5.43e-01f  1
  38  1.3562609e+06 3.26e-03 1.58e+01  -2.5 9.72e-01    -  3.49e-01 3.18e-01h  1
  39  1.3558146e+06 1.93e-03 4.66e+00  -2.5 8.12e-01    -  7.34e-01 6.38e-01h  1
iter    objective    inf_pr   inf_du lg(mu)  ||d||  lg(rg) alpha_du alpha_pr  ls
  40  1.3555570e+06 2.73e-03 9.78e-01  -2.5 3.54e-01    -  9.29e-01 1.00e+00h  1
  41  1.3555530e+06 1.14e-04 2.11e-03  -2.5 2.48e-01    -  1.00e+00 1.00e+00h  1
  42  1.3552453e+06 2.16e-03 1.16e+01  -3.8 1.80e+00    -  3.39e-01 2.11e-01f  1
  43  1.3549298e+06 4.38e-03 2.14e+01  -3.8 2.73e+00    -  4.71e-01 2.69e-01f  1
  44  1.3547806e+06 3.63e-03 2.50e+01  -3.8 1.87e+00    -  3.68e-01 1.71e-01f  1
  45  1.3545477e+06 2.47e-03 1.96e+01  -3.8 1.41e+00    -  4.26e-01 3.19e-01f  1
  46  1.3543852e+06 2.22e-03 1.39e+01  -3.8 1.39e+00    -  3.72e-01 3.27e-01f  1
  47  1.3543161e+06 1.77e-03 2.96e+01  -3.8 1.10e+00    -  4.66e-01 2.14e-01h  1
  48  1.3542271e+06 1.24e-03 6.33e+01  -3.8 7.99e-01    -  7.72e-01 3.78e-01h  1
  49  1.3541583e+06 1.01e-03 2.13e+01  -3.8 4.63e-01    -  1.00e+00 4.95e-01h  1
iter    objective    inf_pr   inf_du lg(mu)  ||d||  lg(rg) alpha_du alpha_pr  ls
  50  1.3541256e+06 6.92e-04 1.81e+01  -3.8 2.54e-01    -  1.00e+00 5.11e-01h  1
  51  1.3540982e+06 3.62e-04 1.22e+00  -3.8 1.26e-01    -  1.00e+00 9.30e-01h  1
  52  1.3540970e+06 1.63e-05 2.50e-04  -3.8 1.31e-02    -  1.00e+00 1.00e+00h  1
  53  1.3540867e+06 3.66e-05 4.02e+00  -5.7 3.17e-01    -  4.47e-01 1.49e-01f  1
  54  1.3540670e+06 1.25e-04 3.37e+00  -5.7 3.21e-01    -  4.83e-01 3.50e-01f  1
  55  1.3540536e+06 1.71e-04 2.73e+00  -5.7 2.41e-01    -  5.03e-01 3.71e-01h  1
  56  1.3540447e+06 1.86e-04 2.17e+00  -5.7 1.88e-01    -  5.89e-01 4.05e-01h  1
  57  1.3540375e+06 1.73e-04 9.21e-01  -5.7 1.47e-01    -  5.31e-01 5.57e-01h  1
  58  1.3540359e+06 1.33e-04 1.05e+00  -5.7 9.50e-02    -  7.49e-01 2.95e-01h  1
  59  1.3540332e+06 9.52e-05 4.03e-01  -5.7 9.01e-02    -  1.00e+00 6.92e-01h  1
iter    objective    inf_pr   inf_du lg(mu)  ||d||  lg(rg) alpha_du alpha_pr  ls
  60  1.3540321e+06 1.98e-05 8.99e-06  -5.7 3.86e-02    -  1.00e+00 1.00e+00h  1
  61  1.3540321e+06 1.39e-07 1.62e-06  -5.7 4.15e-03    -  1.00e+00 1.00e+00h  1
  62  1.3540315e+06 7.32e-06 2.69e-02  -7.1 2.67e-02    -  6.61e-01 7.57e-01h  1
  63  1.3540314e+06 1.55e-05 1.79e-02  -7.1 3.25e-02    -  9.15e-01 8.18e-01h  1
  64  1.3540313e+06 1.34e-05 9.32e-07  -7.1 2.59e-02    -  1.00e+00 1.00e+00f  1
  65  1.3540313e+06 5.07e-07 3.91e-08  -7.1 5.05e-03    -  1.00e+00 1.00e+00h  1

Number of Iterations....: 65

                                   (scaled)                 (unscaled)
Objective...............:   1.1061685783622539e+04    1.3540313453040933e+06
Dual infeasibility......:   3.9096434640570950e-08    4.7856899055425423e-06
Constraint violation....:   5.0730560815365200e-07    5.0730560815365200e-07
Variable bound violation:   3.6362310495974270e-08    3.6362310495974270e-08
Complementarity.........:   9.5377066270364905e-08    1.1674851363471585e-05
Overall NLP error.......:   5.0730560815365200e-07    1.1674851363471585e-05


Number of objective function evaluations             = 66
Number of objective gradient evaluations             = 66
Number of equality constraint evaluations            = 66
Number of inequality constraint evaluations          = 66
Number of equality constraint Jacobian evaluations   = 66
Number of inequality constraint Jacobian evaluations = 66
Number of Lagrangian Hessian evaluations             = 65
Total seconds in IPOPT                               = 18.718

EXIT: Optimal Solution Found.

