Solver command line: ['/opt/homebrew/bin/ipopt', '/var/folders/6y/bvynbx6n3zv7z3lwg6vd724r0000gn/T/tmpxzhob7fg.pyomo.nl', '-AMPL', 'tol=1e-06', 'max_iter=300', 'print_level=5', 'warm_start_init_point=yes', 'warm_start_bound_push=1e-06', 'warm_start_bound_frac=1e-06', 'warm_start_mult_bound_push=1e-06', 'mu_init=1e-06', 'least_square_init_duals=no']

Ipopt 3.14.19: tol=1e-06
max_iter=300
print_level=5
warm_start_init_point=yes
warm_start_bound_push=1e-06
warm_start_bound_frac=1e-06
warm_start_mult_bound_push=1e-06
mu_init=1e-06
least_square_init_duals=no


******************************************************************************
This program contains Ipopt, a library for large-scale nonlinear optimization.
 Ipopt is released as open source code under the Eclipse Public License (EPL).
         For more information visit https://github.com/coin-or/Ipopt
******************************************************************************

This is Ipopt version 3.14.19, running with linear solver MUMPS 5.6.2.

Number of nonzeros in equality constraint Jacobian...:   145957
Number of nonzeros in inequality constraint Jacobian.:   105544
Number of nonzeros in Lagrangian Hessian.............:    81479

Total number of variables............................:    24020
                     variables with only lower bounds:        0
                variables with lower and upper bounds:    24020
                     variables with only upper bounds:        0
Total number of equality constraints.................:    20001
Total number of inequality constraints...............:    26386
        inequality constraints with only lower bounds:        0
   inequality constraints with lower and upper bounds:        0
        inequality constraints with only upper bounds:    26386

iter    objective    inf_pr   inf_du lg(mu)  ||d||  lg(rg) alpha_du alpha_pr  ls
   0  1.3540334e+06 1.90e+01 1.68e+01  -6.0 0.00e+00    -  0.00e+00 0.00e+00   0
   1  1.3529252e+06 1.89e+01 1.67e+01  -6.0 6.57e+01    -  3.90e-03 5.18e-03f  1
   2  1.3525982e+06 1.89e+01 1.67e+01  -6.0 1.00e+03    -  3.91e-09 1.98e-04f  1
   3  1.3525982e+06 1.89e+01 1.67e+01  -6.0 8.65e+01    -  1.81e-04 1.15e-07h  1
   4  1.3522062e+06 1.89e+01 1.67e+01  -6.0 3.79e+04    -  1.86e-10 6.57e-06f  1
   5  1.3522062e+06 1.89e+01 1.65e+01  -6.0 1.05e+02    -  1.02e-02 9.07e-08h  1
   6  1.3521225e+06 1.89e+01 1.65e+01  -6.0 2.96e+02    -  3.83e-03 3.99e-04f  1
   7  1.3520586e+06 1.89e+01 1.64e+01  -6.0 2.63e+03    -  2.98e-04 3.47e-04f  1
   8  1.3520267e+06 1.89e+01 1.64e+01  -6.0 2.48e+03    -  2.33e-04 2.40e-04h  1
   9  1.3520201e+06 1.89e+01 1.64e+01  -6.0 1.25e+03    -  6.20e-05 8.28e-05h  1
iter    objective    inf_pr   inf_du lg(mu)  ||d||  lg(rg) alpha_du alpha_pr  ls
  10  1.3520052e+06 1.89e+01 1.64e+01  -6.0 1.21e+03    -  1.70e-04 2.40e-04h  1
  11  1.3520039e+06 1.89e+01 1.64e+01  -6.0 9.60e+02    -  4.36e-04 3.12e-05h  1
  12  1.3519832e+06 1.89e+01 1.64e+01  -6.0 6.72e+02    -  3.19e-04 5.48e-04h  1
  13  1.3507320e+06 1.88e+01 1.64e+01  -6.0 1.63e+02    -  1.69e-03 5.93e-03f  1
  14  1.3507320e+06 1.88e+01 1.64e+01  -6.0 3.05e+02    -  1.24e-03 1.63e-07h  1
  15  1.3506729e+06 1.87e+01 1.64e+01  -6.0 2.23e+02    -  5.04e-04 2.04e-03h  1
  16  1.3506014e+06 1.87e+01 1.63e+01  -6.0 8.91e+01    -  2.35e-03 2.62e-03h  1
  17  1.3495553e+06 1.86e+01 1.63e+01  -6.0 2.34e+02    -  8.28e-08 5.20e-03f  1
  18  1.3495553e+06 1.86e+01 1.62e+01  -6.0 1.30e+02    -  1.24e-02 1.30e-07h  1
  19  1.3492174e+06 1.84e+01 1.61e+01  -6.0 1.22e+02    -  1.60e-04 1.30e-02f  1
iter    objective    inf_pr   inf_du lg(mu)  ||d||  lg(rg) alpha_du alpha_pr  ls
  20  1.3482485e+06 1.83e+01 1.58e+01  -6.0 3.82e+02    -  1.66e-02 4.93e-03f  1
  21  1.3482485e+06 1.83e+01 1.58e+01  -6.0 1.76e+02    -  6.35e-08 5.03e-07h  1
  22  1.3481279e+06 1.82e+01 1.58e+01  -6.0 1.66e+02    -  3.48e-03 2.39e-03f  1
  23  1.3481279e+06 1.82e+01 1.58e+01  -6.0 4.43e+02    -  7.10e-08 4.25e-07h  1
  24  1.3472813e+06 1.81e+01 1.57e+01  -6.0 4.63e+02    -  6.03e-03 4.42e-03f  1
  25  1.3467821e+06 1.81e+01 1.57e+01  -6.0 9.53e+02    -  6.86e-09 1.11e-03f  1
  26  1.3467821e+06 1.81e+01 1.56e+01  -6.0 5.63e+02    -  6.86e-03 1.61e-07h  1
  27  1.3467758e+06 1.81e+01 1.55e+01  -6.0 3.31e+02    -  8.04e-03 7.93e-05h  1
  28  1.3454087e+06 1.80e+01 1.55e+01  -6.0 4.94e+02    -  3.62e-08 8.12e-03f  1
  29  1.3454087e+06 1.80e+01 1.55e+01  -6.0 2.75e+02    -  7.47e-03 1.29e-07h  1
iter    objective    inf_pr   inf_du lg(mu)  ||d||  lg(rg) alpha_du alpha_pr  ls
  30  1.3451663e+06 1.78e+01 1.53e+01  -6.0 2.54e+02    -  1.16e-02 1.11e-02h  1
  31  1.3450692e+06 1.77e+01 1.52e+01  -6.0 2.74e+02    -  8.19e-04 4.62e-03h  1
  32  1.3450555e+06 1.77e+01 1.52e+01  -6.0 2.80e+02    -  3.15e-03 6.59e-04h  1
  33  1.3450023e+06 1.76e+01 1.52e+01  -6.0 2.81e+02    -  4.58e-03 2.59e-03h  1
  34  1.3447662e+06 1.76e+01 1.52e+01  -6.0 6.00e+02    -  2.79e-08 1.75e-03f  1
  35  1.3447662e+06 1.76e+01 1.52e+01  -6.0 2.94e+02    -  1.22e-03 3.81e-07h  1
  36  1.3438676e+06 1.75e+01 1.52e+01  -6.0 7.04e+02    -  1.54e-07 5.43e-03f  1
  37  1.3438676e+06 1.75e+01 1.51e+01  -6.0 3.34e+02    -  1.65e-03 1.44e-07h  1
  38  1.3438368e+06 1.75e+01 1.51e+01  -6.0 3.18e+02    -  6.31e-03 1.57e-03h  1
  39  1.3437541e+06 1.74e+01 1.50e+01  -6.0 3.18e+02    -  1.20e-03 3.42e-03h  1
iter    objective    inf_pr   inf_du lg(mu)  ||d||  lg(rg) alpha_du alpha_pr  ls
  40  1.3437538e+06 1.74e+01 1.50e+01  -6.0 8.16e+02    -  3.14e-07 1.41e-06h  1
  41  1.3435499e+06 1.74e+01 1.49e+01  -6.0 8.19e+02    -  1.02e-02 1.16e-03f  1
  42  1.3426386e+06 1.73e+01 1.49e+01  -6.0 8.31e+02    -  1.16e-03 5.22e-03f  1
  43  1.3425098e+06 1.73e+01 1.47e+01  -6.0 8.99e+02    -  9.63e-03 7.42e-04f  1
  44  1.3422675e+06 1.73e+01 1.46e+01  -6.0 9.14e+02    -  6.66e-03 1.40e-03f  1
  45  1.3420065e+06 1.72e+01 1.46e+01  -6.0 9.30e+02    -  1.08e-03 1.52e-03f  1
  46  1.3420063e+06 1.72e+01 1.46e+01  -6.0 3.71e+02    -  1.61e-03 6.67e-06h  1
  47  1.3417587e+06 1.70e+01 1.45e+01  -6.0 3.76e+02    -  7.34e-05 1.33e-02f  1
  48  1.3417119e+06 1.70e+01 1.45e+01  -6.0 3.92e+02    -  1.48e-03 1.95e-03h  1
  49  1.3415647e+06 1.70e+01 1.45e+01  -6.0 3.29e+03    -  1.92e-07 1.72e-04f  1
iter    objective    inf_pr   inf_du lg(mu)  ||d||  lg(rg) alpha_du alpha_pr  ls
  50  1.3414015e+06 1.70e+01 1.45e+01  -6.0 3.31e+03    -  3.97e-04 1.91e-04f  1
  51  1.3414011e+06 1.70e+01 1.44e+01  -6.0 1.03e+03    -  2.46e-03 2.39e-06h  1
  52  1.3413370e+06 1.70e+01 1.44e+01  -6.0 1.03e+03    -  1.92e-04 3.88e-04f  1
  53  1.3403276e+06 1.69e+01 1.44e+01  -6.0 1.05e+03    -  7.97e-04 5.89e-03f  1
  54  1.3397121e+06 1.68e+01 1.44e+01  -6.0 1.13e+03    -  1.96e-03 3.62e-03f  1
  55  1.3395607e+06 1.68e+01 1.43e+01  -6.0 1.14e+03    -  4.91e-03 9.33e-04f  1
  56  1.3393669e+06 1.68e+01 1.42e+01  -6.0 1.15e+03    -  6.23e-03 1.20e-03f  1
  57  1.3391877e+06 1.67e+01 1.42e+01  -6.0 1.20e+03    -  5.88e-03 1.07e-03f  1
  58  1.3390687e+06 1.67e+01 1.42e+01  -6.0 1.96e+03    -  9.17e-09 3.14e-04f  1
  59  1.3390384e+06 1.67e+01 1.42e+01  -6.0 2.86e+03    -  1.47e-04 4.78e-05f  1
iter    objective    inf_pr   inf_du lg(mu)  ||d||  lg(rg) alpha_du alpha_pr  ls
  60  1.3389638e+06 1.67e+01 1.41e+01  -6.0 2.94e+03    -  2.72e-04 1.14e-04f  1
  61  1.3386346e+06 1.67e+01 1.41e+01  -6.0 1.19e+03    -  5.47e-04 2.10e-03f  1
  62  1.3386346e+06 1.67e+01 1.41e+01  -6.0 4.82e+02    -  3.34e-03 8.48e-07h  1
  63  1.3385740e+06 1.66e+01 1.40e+01  -6.0 4.80e+02    -  7.89e-03 3.98e-03h  1
  64  1.3384701e+06 1.65e+01 1.40e+01  -6.0 4.85e+02    -  5.07e-04 6.94e-03h  1
  65  1.3384476e+06 1.65e+01 1.39e+01  -6.0 4.93e+02    -  4.46e-03 1.53e-03h  1
  66  1.3383673e+06 1.64e+01 1.39e+01  -6.0 4.88e+02    -  3.06e-03 5.50e-03h  1
  67  1.3383186e+06 1.64e+01 1.38e+01  -6.0 4.97e+02    -  1.10e-03 3.41e-03h  1
  68  1.3382634e+06 1.63e+01 1.38e+01  -6.0 1.11e+03    -  1.64e-05 4.45e-04f  1
  69  1.3379148e+06 1.63e+01 1.38e+01  -6.0 1.12e+03    -  3.93e-03 2.81e-03f  1
iter    objective    inf_pr   inf_du lg(mu)  ||d||  lg(rg) alpha_du alpha_pr  ls
  70  1.3375991e+06 1.63e+01 1.37e+01  -6.0 1.14e+03    -  3.65e-03 2.56e-03f  1
  71  1.3375990e+06 1.63e+01 1.37e+01  -6.0 5.17e+02    -  1.34e-03 9.48e-07h  1
  72  1.3374748e+06 1.61e+01 1.36e+01  -6.0 5.16e+02    -  1.26e-03 9.09e-03f  1
  73  1.3374252e+06 1.61e+01 1.36e+01  -6.0 5.45e+02    -  8.94e-05 3.13e-03h  1
  74  1.3373618e+06 1.60e+01 1.35e+01  -6.0 1.21e+03    -  5.77e-03 5.14e-04f  1
  75  1.3370734e+06 1.60e+01 1.35e+01  -6.0 1.21e+03    -  6.01e-04 2.34e-03f  1
  76  1.3369545e+06 1.60e+01 1.35e+01  -6.0 1.23e+03    -  2.11e-03 9.70e-04f  1
  77  1.3368584e+06 1.60e+01 1.35e+01  -6.0 1.09e+03    -  3.91e-03 9.18e-04f  1
  78  1.3364101e+06 1.59e+01 1.34e+01  -6.0 1.09e+03    -  7.41e-03 4.30e-03f  1
  79  1.3363671e+06 1.59e+01 1.33e+01  -6.0 1.12e+03    -  4.51e-03 4.15e-04h  1
iter    objective    inf_pr   inf_du lg(mu)  ||d||  lg(rg) alpha_du alpha_pr  ls
  80  1.3363075e+06 1.58e+01 1.32e+01  -6.0 5.63e+02    -  2.72e-03 5.03e-03h  1
  81  1.3355257e+06 1.57e+01 1.32e+01  -6.0 1.09e+03    -  5.56e-06 8.23e-03f  1
  82  1.3353726e+06 1.57e+01 1.32e+01  -6.0 1.14e+03    -  4.50e-03 1.63e-03f  1
  83  1.3353726e+06 1.57e+01 1.32e+01  -6.0 5.93e+02    -  5.17e-03 3.49e-06h  1
  84  1.3352792e+06 1.55e+01 1.31e+01  -6.0 5.94e+02    -  5.90e-04 8.51e-03h  1
  85  1.3349225e+06 1.55e+01 1.31e+01  -6.0 1.22e+03    -  7.10e-04 3.52e-03f  1
  86  1.3347989e+06 1.55e+01 1.30e+01  -6.0 1.25e+03    -  2.41e-03 1.21e-03f  1
  87  1.3347744e+06 1.55e+01 1.30e+01  -6.0 4.41e+03    -  2.54e-08 3.74e-05f  1
  88  1.3345302e+06 1.54e+01 1.30e+01  -6.0 1.24e+03    -  1.62e-03 2.40e-03f  1
  89  1.3343657e+06 1.54e+01 1.29e+01  -6.0 1.25e+03    -  6.87e-03 1.62e-03f  1
iter    objective    inf_pr   inf_du lg(mu)  ||d||  lg(rg) alpha_du alpha_pr  ls
  90  1.3340767e+06 1.54e+01 1.29e+01  -6.0 1.26e+03    -  4.40e-03 2.86e-03f  1
  91  1.3338120e+06 1.53e+01 1.28e+01  -6.0 1.28e+03    -  2.15e-03 2.64e-03f  1
  92  1.3335204e+06 1.53e+01 1.28e+01  -6.0 1.31e+03    -  2.23e-03 2.92e-03f  1
  93  1.3330503e+06 1.52e+01 1.28e+01  -6.0 1.32e+03    -  3.27e-03 4.74e-03f  1
  94  1.3327958e+06 1.52e+01 5.41e+01  -6.0 1.35e+03    -  1.91e-05 2.59e-03f  1
  95  1.3324863e+06 1.51e+01 5.39e+01  -6.0 1.30e+03    -  1.97e-03 3.41e-03f  1
  96  1.3323730e+06 1.51e+01 5.39e+01  -6.0 2.99e+03    -  3.24e-07 3.09e-04f  1
  97  1.3322076e+06 1.51e+01 5.39e+01  -6.0 2.98e+03    -  1.30e-03 4.55e-04f  1
  98  1.3322076e+06 1.51e+01 5.39e+01  -6.0 6.56e+02    -  2.22e-03 3.01e-06h  1
  99  1.3321692e+06 1.51e+01 5.37e+01  -6.0 6.56e+02    -  1.09e-03 2.89e-03h  1
iter    objective    inf_pr   inf_du lg(mu)  ||d||  lg(rg) alpha_du alpha_pr  ls
 100  1.3321469e+06 1.50e+01 5.37e+01  -6.0 6.59e+02    -  1.65e-02 1.71e-03h  1
 101  1.3321465e+06 1.50e+01 5.37e+01  -6.0 6.68e+02    -  2.31e-03 4.14e-05h  1
 102  1.3320937e+06 1.49e+01 5.33e+01  -6.0 6.71e+02    -  3.11e-03 6.45e-03h  1
 103  1.3319762e+06 1.49e+01 5.32e+01  -6.0 1.36e+03    -  3.70e-07 1.31e-03f  1
 104  1.3316269e+06 1.49e+01 5.30e+01  -6.0 1.37e+03    -  6.08e-03 3.88e-03f  1
 105  1.3314438e+06 1.48e+01 5.29e+01  -6.0 1.39e+03    -  3.75e-03 2.06e-03f  1
 106  1.3308491e+06 1.47e+01 5.26e+01  -6.0 1.41e+03    -  1.11e-02 6.64e-03f  1
 107  1.3308491e+06 1.47e+01 5.26e+01  -6.0 7.28e+02    -  3.78e-03 5.20e-07h  1
 108  1.3308180e+06 1.47e+01 5.23e+01  -6.0 7.04e+02    -  6.94e-03 4.22e-03h  1
 109  1.3306291e+06 1.43e+01 5.09e+01  -6.0 7.06e+02    -  5.11e-03 2.70e-02h  1
iter    objective    inf_pr   inf_du lg(mu)  ||d||  lg(rg) alpha_du alpha_pr  ls
 110  1.3305586e+06 1.41e+01 5.03e+01  -6.0 7.22e+02    -  8.56e-03 1.18e-02h  1
 111  1.3302047e+06 1.40e+01 5.01e+01  -6.0 1.39e+03    -  4.33e-07 4.91e-03f  1
 112  1.3301153e+06 1.40e+01 5.00e+01  -6.0 1.42e+03    -  7.68e-03 1.23e-03f  1
 113  1.3301104e+06 1.40e+01 5.00e+01  -6.0 7.37e+02    -  2.86e-03 9.33e-04h  1
 114  1.3300953e+06 1.40e+01 4.98e+01  -6.0 7.39e+02    -  1.33e-02 2.88e-03h  1
 115  1.3300129e+06 1.37e+01 4.90e+01  -6.0 7.41e+02    -  5.16e-03 1.60e-02h  1
 116  1.3299787e+06 1.36e+01 4.87e+01  -6.0 7.49e+02    -  5.25e-03 7.34e-03h  1
 117  1.3299237e+06 1.35e+01 4.81e+01  -6.0 7.51e+02    -  1.53e-03 1.24e-02h  1
 118  1.3299078e+06 1.34e+01 4.79e+01  -6.0 7.55e+02    -  4.83e-03 3.88e-03h  1
 119  1.3295036e+06 1.33e+01 4.76e+01  -6.0 1.44e+03    -  1.52e-06 5.92e-03f  1
iter    objective    inf_pr   inf_du lg(mu)  ||d||  lg(rg) alpha_du alpha_pr  ls
 120r 1.3295036e+06 1.33e+01 9.99e+02   0.9 0.00e+00    -  0.00e+00 1.69e-08R  5
 121r 1.3294956e+06 1.33e+01 9.99e+02   0.9 1.10e+07    -  2.14e-08 1.66e-07f  1
 122r 1.3294709e+06 1.33e+01 9.99e+02   0.9 3.97e+04    -  4.70e-07 2.52e-06f  1
 123r 1.3294545e+06 1.33e+01 9.99e+02   0.9 4.73e+04    -  1.96e-06 1.63e-06f  1
 124r 1.3293885e+06 1.33e+01 9.99e+02   0.9 5.34e+04    -  2.45e-06 6.68e-06f  1
 125r 1.3288894e+06 1.32e+01 9.99e+02   0.9 6.01e+04    -  3.89e-06 5.08e-05f  1
 126r 1.3287674e+06 1.31e+01 9.99e+02   0.9 6.45e+04    -  9.51e-06 1.28e-05f  1
 127r 1.3278220e+06 1.26e+01 9.99e+02   0.9 5.53e+04    -  7.47e-05 1.01e-04f  1
 128  1.3276641e+06 1.26e+01 1.30e+01  -6.0 1.87e+03    -  1.74e-02 1.54e-03f  1
 129  1.3274444e+06 1.26e+01 1.29e+01  -6.0 1.52e+03    -  2.37e-03 3.10e-03f  1
iter    objective    inf_pr   inf_du lg(mu)  ||d||  lg(rg) alpha_du alpha_pr  ls
 130  1.3274419e+06 1.26e+01 1.29e+01  -6.0 2.13e+03    -  5.65e-05 7.70e-05h  1
 131  1.3274352e+06 1.26e+01 1.29e+01  -6.0 2.77e+03    -  2.68e-04 2.40e-04f  1
 132  1.3274252e+06 1.26e+01 1.29e+01  -6.0 4.37e+03    -  4.25e-04 4.39e-04h  1
 133  1.3274144e+06 1.25e+01 1.29e+01  -6.0 1.88e+03    -  1.87e-03 8.46e-04h  1
 134  1.3274051e+06 1.25e+01 1.29e+01  -6.0 1.39e+03    -  7.18e-03 1.34e-03h  1
 135  1.3273761e+06 1.24e+01 1.28e+01  -6.0 1.02e+03    -  1.18e-03 8.46e-03h  1
 136  1.3273748e+06 1.24e+01 1.27e+01  -6.0 7.30e+02    -  8.42e-03 5.25e-04h  1
 137  1.3273681e+06 1.24e+01 1.27e+01  -6.0 7.48e+02    -  3.48e-03 3.14e-03h  1
 138  1.3273382e+06 1.22e+01 1.25e+01  -6.0 7.48e+02    -  1.13e-02 1.53e-02h  1
 139  1.3273347e+06 1.22e+01 1.25e+01  -6.0 7.53e+02    -  4.74e-03 2.24e-03h  1
iter    objective    inf_pr   inf_du lg(mu)  ||d||  lg(rg) alpha_du alpha_pr  ls
 140  1.3273249e+06 1.21e+01 1.24e+01  -6.0 7.56e+02    -  1.24e-02 5.31e-03h  1
 141  1.3272891e+06 1.21e+01 1.24e+01  -6.0 1.11e+03    -  1.04e-04 4.14e-04h  1
 142  1.3270027e+06 1.20e+01 1.22e+01  -6.0 1.03e+03    -  1.83e-02 4.49e-03f  1
 143r 1.3270027e+06 1.20e+01 9.99e+02   0.8 0.00e+00    -  0.00e+00 5.00e-08R  6
 144r 1.3269943e+06 1.20e+01 9.99e+02   0.8 8.84e+05    -  9.34e-06 5.55e-07f  1
 145r 1.3269139e+06 1.18e+01 9.99e+02   0.8 3.09e+05    -  1.42e-06 1.78e-05f  1
 146r 1.3265582e+06 1.16e+01 9.99e+02   0.8 3.54e+04    -  1.96e-04 5.23e-05f  1
 147r 1.3239969e+06 9.94e+00 9.99e+02   0.8 9.50e+03    -  1.79e-04 4.11e-04f  1
 148  1.3237524e+06 9.91e+00 1.25e+01  -6.0 1.05e+03    -  7.63e-04 3.66e-03f  1
 149  1.3237524e+06 9.91e+00 1.25e+01  -6.0 6.78e+03    -  2.16e-04 7.42e-07h  1
iter    objective    inf_pr   inf_du lg(mu)  ||d||  lg(rg) alpha_du alpha_pr  ls
 150  1.3237462e+06 9.90e+00 1.25e+01  -6.0 7.82e+03    -  2.60e-04 1.78e-04f  1
 151  1.3237353e+06 9.90e+00 1.25e+01  -6.0 4.25e+03    -  5.78e-05 3.95e-04h  1
 152  1.3237248e+06 9.89e+00 1.25e+01  -6.0 1.32e+03    -  5.79e-06 1.06e-03h  1
 153  1.3237046e+06 9.87e+00 1.25e+01  -6.0 1.46e+03    -  1.78e-03 2.40e-03f  1
 154  1.3236954e+06 9.84e+00 1.25e+01  -6.0 1.07e+03    -  1.62e-04 2.24e-03h  1
 155  1.3236773e+06 9.77e+00 1.24e+01  -6.0 1.08e+03    -  6.21e-03 7.83e-03h  1
 156  1.3236767e+06 9.71e+00 1.23e+01  -6.0 8.48e+02    -  2.71e-04 5.22e-03h  1
 157  1.3236771e+06 9.70e+00 1.23e+01  -6.0 8.20e+02    -  1.07e-02 1.41e-03h  1
 158  1.3236800e+06 9.66e+00 1.22e+01  -6.0 7.75e+02    -  1.58e-03 4.23e-03h  1
 159  1.3236823e+06 9.64e+00 1.21e+01  -6.0 7.60e+02    -  4.35e-02 2.48e-03h  1
iter    objective    inf_pr   inf_du lg(mu)  ||d||  lg(rg) alpha_du alpha_pr  ls
 160  1.3236877e+06 9.60e+00 1.20e+01  -6.0 7.43e+02    -  1.06e-02 3.96e-03h  1
 161  1.3237199e+06 9.36e+00 1.18e+01  -6.0 7.43e+02    -  2.07e-02 2.45e-02h  1
 162  1.3237220e+06 9.19e+00 1.16e+01  -6.0 7.51e+02    -  1.46e-02 1.80e-02h  1
 163  1.3236075e+06 9.19e+00 1.16e+01  -6.0 1.72e+03    -  1.05e-04 4.39e-04f  1
 164  1.3235258e+06 9.18e+00 1.13e+01  -6.0 1.05e+03    -  1.85e-02 1.39e-03f  1
 165  1.3233411e+06 9.14e+00 1.13e+01  -6.0 1.04e+03    -  4.10e-04 3.33e-03f  1
 166r 1.3233411e+06 9.14e+00 9.99e+02   0.6 0.00e+00    -  0.00e+00 1.28e-08R  7
 167r 1.3233410e+06 9.15e+00 9.99e+02   0.6 2.01e+06    -  9.34e-07 5.41e-09f  1
 168r 1.3233227e+06 9.13e+00 9.99e+02   0.6 1.10e+04    -  3.30e-06 4.45e-06f  1
 169r 1.3232059e+06 9.02e+00 9.99e+02   0.6 6.65e+04    -  5.60e-06 3.00e-05f  1
iter    objective    inf_pr   inf_du lg(mu)  ||d||  lg(rg) alpha_du alpha_pr  ls
 170r 1.3230927e+06 8.92e+00 9.99e+02   0.6 2.78e+04    -  7.38e-05 2.87e-05f  1
 171r 1.3225224e+06 8.40e+00 9.98e+02   0.6 1.39e+04    -  6.21e-04 1.50e-04f  1
 172  1.3225166e+06 8.40e+00 1.20e+01  -6.0 1.09e+03    -  2.38e-03 9.91e-05h  1
 173  1.3225158e+06 8.40e+00 1.20e+01  -6.0 4.35e+03    -  5.19e-04 1.40e-04h  1
 174  1.3225121e+06 8.40e+00 1.20e+01  -6.0 2.90e+03    -  1.83e-04 6.01e-04h  1
 175  1.3225028e+06 8.38e+00 1.20e+01  -6.0 1.71e+03    -  5.09e-07 1.80e-03f  1
 176  1.3225005e+06 8.38e+00 1.20e+01  -6.0 9.13e+03    -  2.79e-04 1.20e-04f  1
 177  1.3225018e+06 8.36e+00 1.20e+01  -6.0 8.01e+02    -  1.11e-03 2.54e-03h  2
 178  1.3224994e+06 8.30e+00 1.19e+01  -6.0 8.25e+02    -  3.62e-03 7.18e-03h  1
 179  1.3223370e+06 8.28e+00 1.19e+01  -6.0 1.09e+03    -  1.01e-03 2.69e-03f  1
iter    objective    inf_pr   inf_du lg(mu)  ||d||  lg(rg) alpha_du alpha_pr  ls
 180  1.3222567e+06 8.25e+00 1.09e+01  -6.0 9.47e+02    -  8.41e-02 2.79e-03h  1
 181  1.3222571e+06 8.25e+00 1.09e+01  -6.0 8.07e+02    -  1.30e-02 1.12e-04h  1
 182  1.3223055e+06 8.13e+00 1.07e+01  -6.0 7.91e+02    -  6.31e-03 1.44e-02h  1
 183  1.3223828e+06 7.96e+00 1.05e+01  -6.0 7.74e+02    -  1.81e-03 2.07e-02h  1
 184  1.3223841e+06 7.96e+00 1.05e+01  -6.0 7.59e+02    -  3.63e-02 3.19e-04h  1
 185  1.3224486e+06 7.84e+00 1.04e+01  -6.0 7.57e+02    -  9.84e-03 1.45e-02h  1
 186  1.3225108e+06 7.74e+00 1.02e+01  -6.0 7.60e+02    -  4.83e-02 1.30e-02h  1
 187  1.3225515e+06 7.68e+00 1.02e+01  -6.0 7.57e+02    -  7.95e-02 7.91e-03h  1
 188  1.3227604e+06 7.39e+00 9.79e+00  -6.0 7.66e+02    -  3.43e-02 3.81e-02h  1
 189  1.3229002e+06 7.21e+00 9.60e+00  -6.0 7.64e+02    -  7.71e-02 2.36e-02h  1
iter    objective    inf_pr   inf_du lg(mu)  ||d||  lg(rg) alpha_du alpha_pr  ls
 190  1.3230495e+06 7.04e+00 9.37e+00  -6.0 7.62e+02    -  2.74e-02 2.39e-02h  1
 191  1.3231936e+06 6.88e+00 9.16e+00  -6.0 7.55e+02    -  4.42e-02 2.22e-02h  1
 192  1.3232687e+06 6.80e+00 9.05e+00  -6.0 7.52e+02    -  2.18e-02 1.13e-02h  1
 193  1.3233063e+06 6.77e+00 8.97e+00  -6.0 7.52e+02    -  3.98e-02 5.65e-03h  1
 194  1.3234633e+06 6.61e+00 8.77e+00  -6.0 7.51e+02    -  2.08e-02 2.34e-02h  1
 195  1.3235720e+06 6.50e+00 8.60e+00  -6.0 7.46e+02    -  6.13e-02 1.59e-02h  1
 196  1.3236872e+06 6.39e+00 8.42e+00  -6.0 7.45e+02    -  8.93e-02 1.66e-02h  1
 197  1.3238806e+06 6.22e+00 8.17e+00  -6.0 7.34e+02    -  4.02e-02 2.77e-02h  1
 198  1.3240229e+06 6.09e+00 8.00e+00  -6.0 7.30e+02    -  4.08e-02 2.01e-02h  1
 199  1.3241369e+06 5.99e+00 7.82e+00  -6.0 7.25e+02    -  1.05e-01 1.59e-02h  1
iter    objective    inf_pr   inf_du lg(mu)  ||d||  lg(rg) alpha_du alpha_pr  ls
 200  1.3242887e+06 5.87e+00 7.65e+00  -6.0 7.23e+02    -  3.29e-02 2.10e-02h  1
 201  1.3243068e+06 5.85e+00 7.91e+00  -6.0 7.19e+02    -  3.84e-02 2.48e-03h  1
 202  1.3243717e+06 5.80e+00 7.79e+00  -6.0 6.83e+02    -  6.87e-03 9.27e-03h  1
 203  1.3244150e+06 5.76e+00 7.91e+00  -6.0 6.82e+02    -  1.44e-02 6.10e-03h  1
 204  1.3244521e+06 5.73e+00 8.03e+00  -6.0 6.80e+02    -  1.25e-02 5.16e-03h  1
 205  1.3244944e+06 5.70e+00 7.96e+00  -6.0 6.68e+02    -  4.58e-03 5.76e-03h  1
 206  1.3245158e+06 5.68e+00 8.02e+00  -6.0 6.63e+02    -  6.55e-03 2.90e-03h  1
 207  1.3245712e+06 5.64e+00 7.96e+00  -6.0 6.51e+02    -  7.98e-03 7.61e-03h  1
 208  1.3245872e+06 5.63e+00 9.51e+00  -6.0 6.60e+02    -  1.14e-02 2.10e-03h  1
 209  1.3245964e+06 5.62e+00 1.63e+01  -6.0 6.67e+02    -  1.33e-02 1.16e-03h  1
iter    objective    inf_pr   inf_du lg(mu)  ||d||  lg(rg) alpha_du alpha_pr  ls
 210  1.3246336e+06 5.60e+00 1.81e+01  -6.0 6.71e+02    -  7.81e-03 4.65e-03h  1
 211  1.3246451e+06 5.59e+00 2.92e+01  -6.0 6.69e+02    -  1.76e-02 1.41e-03h  1
 212  1.3246625e+06 5.58e+00 3.19e+01  -6.0 6.72e+02    -  5.56e-03 2.10e-03h  1
 213  1.3246680e+06 5.57e+00 3.45e+01  -6.0 6.77e+02    -  3.33e-03 6.57e-04h  1
 214  1.3247005e+06 5.55e+00 3.20e+01  -6.0 6.81e+02    -  1.77e-03 3.91e-03h  1
 215  1.3247195e+06 5.54e+00 2.79e+01  -6.0 7.34e+02    -  3.90e-04 2.28e-03h  1
 216  1.3247233e+06 5.54e+00 3.40e+01  -6.0 7.33e+02    -  3.32e-03 4.49e-04h  1
 217  1.3247674e+06 5.51e+00 2.71e+01  -6.0 7.33e+02    -  2.01e-03 5.14e-03h  1
 218  1.3247751e+06 5.50e+00 3.70e+01  -6.0 7.19e+02    -  5.80e-03 8.74e-04h  1
 219  1.3248209e+06 5.47e+00 3.90e+01  -6.0 7.22e+02    -  6.07e-03 5.01e-03h  1
iter    objective    inf_pr   inf_du lg(mu)  ||d||  lg(rg) alpha_du alpha_pr  ls
 220  1.3248321e+06 5.47e+00 3.75e+01  -6.0 7.42e+02    -  5.58e-04 1.18e-03h  1
 221  1.3248375e+06 5.47e+00 3.88e+01  -6.0 7.46e+02    -  1.08e-03 5.64e-04h  1
 222  1.3248505e+06 5.46e+00 5.99e+01  -6.0 7.49e+02    -  9.35e-03 1.35e-03h  1
 223  1.3248746e+06 5.45e+00 5.84e+01  -6.0 7.45e+02    -  3.15e-04 1.98e-03h  1
 224  1.3249518e+06 5.41e+00 5.87e+01  -6.0 7.26e+02    -  6.97e-03 6.30e-03h  1
 225  1.3249704e+06 5.40e+00 5.98e+01  -6.0 7.22e+02    -  2.42e-03 1.53e-03h  1
 226  1.3249802e+06 5.40e+00 5.95e+01  -6.0 7.04e+02    -  9.01e-04 9.81e-04h  1
 227  1.3249971e+06 5.39e+00 7.57e+01  -6.0 7.06e+02    -  7.10e-03 1.68e-03h  1
 228  1.3250165e+06 5.38e+00 7.84e+01  -6.0 7.11e+02    -  2.74e-03 1.87e-03h  1
 229  1.3250248e+06 5.38e+00 1.16e+02  -6.0 6.96e+02    -  1.18e-02 7.68e-04h  1
iter    objective    inf_pr   inf_du lg(mu)  ||d||  lg(rg) alpha_du alpha_pr  ls
 230  1.3250502e+06 5.36e+00 1.43e+02  -6.0 6.56e+02    -  9.72e-03 2.24e-03h  1
 231  1.3250699e+06 5.36e+00 1.35e+02  -6.0 6.96e+02    -  3.06e-04 1.65e-03h  1
 232  1.3250744e+06 5.35e+00 1.37e+02  -6.0 6.75e+02    -  7.30e-04 3.71e-04h  1
 233  1.3250832e+06 5.35e+00 1.61e+02  -6.0 6.09e+02    -  6.68e-03 7.15e-04h  1
 234  1.3251126e+06 5.34e+00 1.54e+02  -6.0 5.84e+02    -  9.47e-04 2.31e-03h  1
 235  1.3251212e+06 5.33e+00 1.63e+02  -6.0 5.74e+02    -  2.66e-03 6.66e-04h  1
 236  1.3251254e+06 5.33e+00 1.73e+02  -6.0 5.73e+02    -  2.68e-03 3.11e-04h  1
 237  1.3251749e+06 5.31e+00 1.73e+02  -6.0 5.66e+02    -  4.02e-03 3.66e-03h  1
 238  1.3251780e+06 5.31e+00 1.92e+02  -6.0 5.66e+02    -  5.20e-03 2.10e-04h  1
 239  1.3253207e+06 5.27e+00 1.89e+02  -6.0 5.09e+02    -  9.43e-04 8.43e-03h  1
iter    objective    inf_pr   inf_du lg(mu)  ||d||  lg(rg) alpha_du alpha_pr  ls
 240  1.3257228e+06 5.14e+00 1.81e+02  -6.0 5.21e+02    -  5.32e-03 2.37e-02h  1
 241  1.3257669e+06 5.13e+00 1.85e+02  -6.0 5.20e+02    -  3.08e-02 2.60e-03h  1
 242  1.3258669e+06 5.10e+00 1.90e+02  -6.0 5.17e+02    -  4.45e-02 5.92e-03h  1
 243  1.3258672e+06 5.10e+00 2.03e+02  -6.0 6.52e+02    -  9.65e-03 1.69e-05h  1
 244  1.3259027e+06 5.09e+00 2.03e+02  -6.0 6.41e+02    -  2.43e-03 2.09e-03h  1
 245  1.3259087e+06 5.09e+00 2.05e+02  -6.0 5.32e+02    -  9.21e-04 3.84e-04h  1
 246  1.3260970e+06 5.03e+00 1.82e+02  -6.0 4.94e+02    -  1.33e-03 1.16e-02h  1
 247  1.3264189e+06 4.93e+00 1.77e+02  -6.0 4.57e+02    -  5.92e-03 1.89e-02h  1
 248r 1.3264189e+06 4.93e+00 9.99e+02   0.7 0.00e+00    -  0.00e+00 2.64e-07R  6
 249r 1.3264138e+06 4.93e+00 9.99e+02   0.7 3.28e+04    -  6.64e-06 1.78e-06f  1
iter    objective    inf_pr   inf_du lg(mu)  ||d||  lg(rg) alpha_du alpha_pr  ls
 250r 1.3263232e+06 4.85e+00 9.99e+02   0.7 6.06e+03    -  4.80e-06 3.91e-05f  1
 251r 1.3262859e+06 4.82e+00 9.99e+02   0.7 5.28e+03    -  1.85e-05 1.70e-05f  1
 252r 1.3262201e+06 4.76e+00 9.99e+02   0.7 6.63e+03    -  1.56e-05 3.37e-05f  1
 253r 1.3261083e+06 4.58e+00 9.99e+02   0.7 8.20e+03    -  3.37e-05 8.21e-05f  1
 254  1.3261413e+06 4.57e+00 3.68e+02  -6.0 4.80e+02    -  4.04e-03 1.60e-03h  2
 255  1.3261449e+06 4.57e+00 3.68e+02  -6.0 9.67e+02    -  3.21e-03 2.23e-04h  4
 256  1.3261702e+06 4.57e+00 3.68e+02  -6.0 5.03e+02    -  8.41e-03 1.50e-03h  1
 257  1.3262028e+06 4.56e+00 3.70e+02  -6.0 4.71e+02    -  1.25e-02 1.95e-03h  1
 258  1.3262082e+06 4.56e+00 3.71e+02  -6.0 7.99e+02    -  2.84e-03 3.28e-04h  1
 259  1.3262139e+06 4.55e+00 3.72e+02  -6.0 1.26e+03    -  1.93e-03 3.38e-04h  4
iter    objective    inf_pr   inf_du lg(mu)  ||d||  lg(rg) alpha_du alpha_pr  ls
 260  1.3262189e+06 4.55e+00 3.73e+02  -6.0 1.19e+03    -  2.20e-03 2.89e-04h  4
 261  1.3262250e+06 4.55e+00 3.74e+02  -6.0 1.16e+03    -  2.06e-03 3.53e-04h  4
 262  1.3262320e+06 4.55e+00 3.76e+02  -6.0 1.08e+03    -  2.16e-03 3.92e-04h  4
 263  1.3262420e+06 4.55e+00 3.76e+02  -6.0 7.49e+02    -  1.51e-03 5.92e-04h  2
 264  1.3262613e+06 4.54e+00 3.75e+02  -6.0 7.67e+02    -  7.86e-04 1.11e-03h  1
 265  1.3262643e+06 4.54e+00 3.80e+02  -6.0 1.00e+03    -  4.36e-03 1.56e-04h  1
 266  1.3262711e+06 4.54e+00 3.81e+02  -6.0 1.11e+03    -  1.55e-03 3.55e-04h  4
 267  1.3262814e+06 4.54e+00 3.86e+02  -6.0 8.36e+02    -  5.67e-03 5.52e-04h  2
 268  1.3262918e+06 4.53e+00 3.88e+02  -6.0 9.84e+02    -  1.87e-03 5.34e-04h  2
 269  1.3262988e+06 4.53e+00 3.89e+02  -6.0 1.05e+03    -  1.51e-03 3.45e-04h  3
iter    objective    inf_pr   inf_du lg(mu)  ||d||  lg(rg) alpha_du alpha_pr  ls
 270  1.3263066e+06 4.53e+00 3.93e+02  -6.0 1.09e+03    -  2.69e-03 3.79e-04h  3
 271  1.3263136e+06 4.53e+00 3.96e+02  -6.0 1.11e+03    -  1.93e-03 3.37e-04h  3
 272  1.3263402e+06 4.52e+00 3.96e+02  -6.0 4.35e+02  -4.0 1.59e-03 1.40e-03h  2
 273  1.3263646e+06 4.52e+00 4.06e+02  -6.0 4.37e+02  -4.5 5.16e-03 1.19e-03h  2
 274  1.3263876e+06 4.51e+00 4.04e+02  -6.0 4.32e+02  -5.0 4.11e-04 1.13e-03h  2
 275  1.3264387e+06 4.50e+00 4.03e+02  -6.0 4.22e+02  -4.5 2.54e-03 2.60e-03h  1
 276  1.3265393e+06 4.47e+00 3.99e+02  -6.0 4.15e+02  -4.1 1.28e-03 6.00e-03h  1
 277  1.3266099e+06 4.45e+00 3.96e+02  -6.0 4.18e+02  -4.6 1.04e-03 4.23e-03h  1
 278  1.3266346e+06 4.45e+00 3.96e+02  -6.0 4.11e+02  -4.2 7.60e-03 1.44e-03h  1
 279  1.3267162e+06 4.43e+00 3.94e+02  -6.0 4.14e+02  -4.6 1.59e-03 4.78e-03h  1
iter    objective    inf_pr   inf_du lg(mu)  ||d||  lg(rg) alpha_du alpha_pr  ls
 280  1.3267417e+06 4.42e+00 3.95e+02  -6.0 4.07e+02  -4.2 1.40e-02 1.47e-03h  1
 281  1.3271155e+06 4.33e+00 3.85e+02  -6.0 4.09e+02  -4.7 1.02e-02 2.15e-02h  1
 282  1.3273992e+06 4.26e+00 3.78e+02  -6.0 4.02e+02  -5.2 1.43e-02 1.60e-02h  1
 283  1.3278635e+06 4.14e+00 3.71e+02  -6.0 3.96e+02    -  4.70e-02 2.64e-02h  1
 284  1.3278926e+06 4.14e+00 3.74e+02  -6.0 3.83e+02    -  2.79e-02 1.66e-03h  1
 285  1.3279349e+06 4.13e+00 3.46e+02  -6.0 4.27e+02    -  5.30e-03 2.46e-03h  1
 286  1.3285510e+06 3.98e+00 3.63e+02  -6.0 3.73e+02    -  2.72e-03 3.52e-02h  1
 287r 1.3285510e+06 3.98e+00 9.99e+02   0.6 0.00e+00    -  0.00e+00 6.75e-08R  2
 288r 1.3285470e+06 3.98e+00 9.99e+02   0.6 9.22e+06    -  2.05e-07 6.22e-08f  4
 289r 1.3284992e+06 3.96e+00 9.99e+02   0.6 7.99e+03    -  4.24e-05 1.61e-05f  1
iter    objective    inf_pr   inf_du lg(mu)  ||d||  lg(rg) alpha_du alpha_pr  ls
 290r 1.3283942e+06 3.90e+00 9.99e+02   0.6 1.45e+04    -  1.44e-05 3.41e-05f  1
 291r 1.3275956e+06 3.47e+00 9.99e+02   0.6 7.85e+03    -  1.26e-04 2.81e-04f  1
 292  1.3276042e+06 3.47e+00 3.95e+02  -6.0 2.23e+03    -  5.60e-04 5.60e-04s 13
 293  1.3276225e+06 3.47e+00 3.95e+02  -6.0 1.51e+03    -  1.28e-03 1.28e-03s 13
 294  1.3276985e+06 3.45e+00 3.93e+02  -6.0 6.96e+02    -  4.52e-03 4.52e-03s 13
 295  1.3277162e+06 3.45e+00 3.93e+02  -6.0 4.01e+02    -  9.98e-04 9.98e-04s 13
 296  1.3277280e+06 3.45e+00 3.92e+02  -6.0 3.53e+02    -  6.47e-04 6.47e-04s 13
 297  1.3277425e+06 3.44e+00 3.92e+02  -6.0 3.89e+02    -  8.07e-04 8.07e-04s 13
 298  1.3277534e+06 3.44e+00 3.92e+02  -6.0 3.84e+02    -  5.99e-04 5.99e-04s 13
 299  1.3277935e+06 3.43e+00 3.91e+02  -6.0 3.83e+02    -  2.20e-03 2.20e-03s 13
iter    objective    inf_pr   inf_du lg(mu)  ||d||  lg(rg) alpha_du alpha_pr  ls
 300  1.3278884e+06 3.42e+00 3.89e+02  -6.0 3.78e+02    -  5.16e-03 5.16e-03s 13

Number of Iterations....: 300

                                   (scaled)                 (unscaled)
Objective...............:   1.2854340932861964e+04    1.3278883837144994e+06
Dual infeasibility......:   3.8905004158780395e+02    4.0189927558819276e+04
Constraint violation....:   1.4534905083385763e+00    3.4161408081051410e+00
Variable bound violation:   0.0000000000000000e+00    0.0000000000000000e+00
Complementarity.........:   2.6050382370521585e-01    2.6910753590409740e+01
Overall NLP error.......:   3.8905004158780395e+02    4.0189927558819276e+04


Number of objective function evaluations             = 393
Number of objective gradient evaluations             = 281
Number of equality constraint evaluations            = 393
Number of inequality constraint evaluations          = 394
Number of equality constraint Jacobian evaluations   = 306
Number of inequality constraint Jacobian evaluations = 306
Number of Lagrangian Hessian evaluations             = 300
Total seconds in IPOPT                               = 85.137

EXIT: Maximum Number of Iterations Exceeded.

