Solver command line: ['/opt/homebrew/bin/ipopt', '/var/folders/6y/bvynbx6n3zv7z3lwg6vd724r0000gn/T/tmp05xy_jge.pyomo.nl', '-AMPL', 'tol=1e-06', 'max_iter=300', 'print_level=5', 'warm_start_init_point=yes', 'warm_start_bound_push=1e-06', 'warm_start_bound_frac=1e-06', 'warm_start_mult_bound_push=1e-06', 'mu_init=1e-06', 'least_square_init_duals=no']

Ipopt 3.14.19: tol=1e-06
max_iter=300
print_level=5
warm_start_init_point=yes
warm_start_bound_push=1e-06
warm_start_bound_frac=1e-06
warm_start_mult_bound_push=1e-06
mu_init=1e-06
least_square_init_duals=no


******************************************************************************
This program contains Ipopt, a library for large-scale nonlinear optimization.
 Ipopt is released as open source code under the Eclipse Public License (EPL).
         For more information visit https://github.com/coin-or/Ipopt
******************************************************************************

This is Ipopt version 3.14.19, running with linear solver MUMPS 5.6.2.

Number of nonzeros in equality constraint Jacobian...:   145957
Number of nonzeros in inequality constraint Jacobian.:   105544
Number of nonzeros in Lagrangian Hessian.............:    81479

Total number of variables............................:    24020
                     variables with only lower bounds:        0
                variables with lower and upper bounds:    24020
                     variables with only upper bounds:        0
Total number of equality constraints.................:    20001
Total number of inequality constraints...............:    26386
        inequality constraints with only lower bounds:        0
   inequality constraints with lower and upper bounds:        0
        inequality constraints with only upper bounds:    26386

iter    objective    inf_pr   inf_du lg(mu)  ||d||  lg(rg) alpha_du alpha_pr  ls
   0  1.3540334e+06 3.05e+00 7.77e+02  -6.0 0.00e+00    -  0.00e+00 0.00e+00   0
   1  1.3535070e+06 3.04e+00 7.75e+02  -6.0 1.67e+02    -  2.88e-03 2.46e-03f  1
   2  1.3531685e+06 3.03e+00 7.74e+02  -6.0 1.87e+02    -  1.02e-03 1.59e-03f  1
   3  1.3529378e+06 3.03e+00 7.74e+02  -6.0 1.07e+04    -  1.05e-09 2.36e-05f  1
   4  1.3528786e+06 3.03e+00 7.74e+02  -6.0 2.33e+05    -  3.45e-06 4.14e-07f  1
   5  1.3527383e+06 3.03e+00 7.74e+02  -6.0 6.73e+02    -  1.81e-04 6.62e-04f  1
   6  1.3526451e+06 3.03e+00 7.74e+02  -6.0 1.36e+05    -  1.04e-09 2.10e-06f  1
   7  1.3525421e+06 3.03e+00 7.74e+02  -6.0 1.08e+05    -  3.05e-06 2.98e-06f  1
   8  1.3524775e+06 3.03e+00 7.74e+02  -6.0 7.16e+04    -  1.69e-06 1.94e-06f  1
   9  1.3524612e+06 3.03e+00 7.74e+02  -6.0 2.27e+03  -4.0 1.18e-05 7.59e-06f  1
iter    objective    inf_pr   inf_du lg(mu)  ||d||  lg(rg) alpha_du alpha_pr  ls
  10  1.3524256e+06 3.03e+00 7.74e+02  -6.0 5.87e+03  -4.5 2.32e-05 7.90e-06f  1
  11  1.3523528e+06 3.03e+00 7.74e+02  -6.0 9.23e+03  -5.0 6.00e-06 1.06e-05f  1
  12  1.3523477e+06 3.03e+00 7.74e+02  -6.0 2.13e+03  -4.5 6.27e-05 2.15e-06f  1
  13  1.3523063e+06 3.03e+00 7.73e+02  -6.0 3.37e+02  -5.0 2.58e-04 2.07e-04f  1
  14  1.3522483e+06 3.03e+00 7.73e+02  -6.0 5.82e+02  -5.5 5.18e-04 2.88e-04f  1
  15  1.3522132e+06 3.03e+00 7.73e+02  -6.0 4.08e+02  -5.1 4.57e-04 1.84e-04f  1
  16  1.3522002e+06 3.03e+00 7.73e+02  -6.0 1.62e+04  -5.5 3.20e-05 6.73e-05f  1
  17  1.3521661e+06 3.03e+00 7.73e+02  -6.0 1.62e+03    -  1.34e-04 1.77e-04f  1
  18  1.3521448e+06 3.03e+00 7.72e+02  -6.0 1.78e+03    -  2.70e-04 1.16e-04f  1
  19  1.3521231e+06 3.03e+00 7.72e+02  -6.0 1.87e+03    -  3.16e-04 1.26e-04f  1
iter    objective    inf_pr   inf_du lg(mu)  ||d||  lg(rg) alpha_du alpha_pr  ls
  20  1.3521030e+06 3.03e+00 7.72e+02  -6.0 1.90e+03    -  1.56e-04 1.30e-04f  1
  21  1.3520815e+06 3.03e+00 7.72e+02  -6.0 6.78e+02  -5.1 1.86e-04 1.93e-04f  1
  22  1.3520718e+06 3.03e+00 7.72e+02  -6.0 1.30e+03  -5.6 3.87e-05 1.04e-04f  1
  23  1.3520660e+06 3.03e+00 7.72e+02  -6.0 9.07e+02  -5.2 1.31e-04 8.32e-05h  1
  24  1.3520624e+06 3.03e+00 7.71e+02  -6.0 4.99e+02  -4.7 6.54e-04 7.52e-05h  1
  25  1.3520476e+06 3.02e+00 7.71e+02  -6.0 1.18e+03  -5.2 1.52e-04 3.61e-04h  1
  26  1.3520414e+06 3.02e+00 7.71e+02  -6.0 5.11e+02  -4.8 2.24e-04 3.51e-04h  1
  27  1.3520302e+06 3.02e+00 7.71e+02  -6.0 4.23e+02  -4.4 1.18e-04 8.62e-05f  1
  28  1.3520136e+06 3.02e+00 7.71e+02  -6.0 6.29e+02  -4.8 8.42e-05 1.26e-04f  1
  29  1.3519966e+06 3.02e+00 7.71e+02  -6.0 4.81e+02  -4.4 1.01e-04 1.63e-04f  1
iter    objective    inf_pr   inf_du lg(mu)  ||d||  lg(rg) alpha_du alpha_pr  ls
  30  1.3519908e+06 3.02e+00 7.71e+02  -6.0 5.99e+02  -4.9 1.71e-04 5.14e-05h  1
  31  1.3519814e+06 3.02e+00 7.70e+02  -6.0 4.42e+02  -4.5 4.25e-05 1.09e-04f  1
  32  1.3519791e+06 3.02e+00 7.70e+02  -6.0 7.55e+02  -4.9 2.06e-04 2.68e-05h  1
  33  1.3519697e+06 3.02e+00 7.70e+02  -6.0 4.40e+02  -4.5 7.32e-05 1.41e-04h  1
  34  1.3519624e+06 3.02e+00 7.70e+02  -6.0 1.91e+03  -5.0 3.61e-04 1.05e-04h  1
  35  1.3519600e+06 3.02e+00 7.70e+02  -6.0 2.63e+02  -4.6 2.72e-04 5.38e-05h  1
  36  1.3519528e+06 3.02e+00 7.70e+02  -6.0 1.58e+02  -4.1 1.80e-05 2.50e-04f  1
  37  1.3519210e+06 3.02e+00 7.70e+02  -6.0 5.90e+02  -4.6 3.87e-04 1.67e-04f  1
  38  1.3519019e+06 3.02e+00 7.70e+02  -6.0 8.17e+02  -5.1 1.74e-04 1.04e-04f  1
  39  1.3519013e+06 3.02e+00 7.69e+02  -6.0 4.69e+02  -4.7 2.20e-04 3.81e-06h  1
iter    objective    inf_pr   inf_du lg(mu)  ||d||  lg(rg) alpha_du alpha_pr  ls
  40  1.3518790e+06 3.02e+00 7.69e+02  -6.0 8.68e+02  -5.1 3.81e-05 1.43e-04f  1
  41  1.3516684e+06 3.01e+00 7.69e+02  -6.0 6.04e+02  -4.7 6.04e-04 1.14e-03f  1
  42  1.3515614e+06 3.01e+00 7.69e+02  -6.0 8.37e+02  -5.2 3.41e-04 5.88e-04f  1
  43  1.3515597e+06 3.01e+00 7.68e+02  -6.0 1.38e+02  -4.8 1.54e-03 3.94e-04h  1
  44  1.3515577e+06 3.01e+00 7.67e+02  -6.0 2.01e+02  -5.2 2.21e-03 6.94e-04h  1
  45  1.3515548e+06 3.00e+00 7.65e+02  -6.0 2.59e+02    -  3.53e-03 1.66e-03h  1
  46  1.3515542e+06 3.00e+00 7.64e+02  -6.0 1.19e+02    -  9.98e-04 2.25e-03h  1
  47  1.3515542e+06 2.99e+00 7.63e+02  -6.0 7.22e+01    -  1.14e-03 1.47e-03h  1
  48  1.3515111e+06 2.99e+00 7.63e+02  -6.0 4.06e+02    -  3.52e-07 3.86e-04f  1
  49  1.3515044e+06 2.99e+00 7.62e+02  -6.0 3.81e+02    -  2.84e-04 6.69e-05h  1
iter    objective    inf_pr   inf_du lg(mu)  ||d||  lg(rg) alpha_du alpha_pr  ls
  50  1.3514155e+06 2.99e+00 7.62e+02  -6.0 4.15e+02    -  3.81e-05 8.19e-04f  1
  51  1.3513981e+06 2.99e+00 7.62e+02  -6.0 7.60e+02    -  6.93e-04 1.25e-04f  1
  52  1.3513894e+06 2.99e+00 7.61e+02  -6.0 2.17e+02    -  6.24e-04 8.36e-04h  1
  53  1.3513873e+06 2.99e+00 7.61e+02  -6.0 2.09e+02    -  1.03e-03 2.12e-04h  1
  54  1.3513847e+06 2.99e+00 7.61e+02  -6.0 2.04e+02    -  3.42e-04 2.75e-04h  1
  55  1.3513807e+06 2.98e+00 7.60e+02  -6.0 1.99e+02    -  2.90e-04 4.64e-04h  1
  56  1.3513790e+06 2.98e+00 7.60e+02  -6.0 1.87e+02    -  6.00e-04 2.31e-04h  1
  57  1.3513781e+06 2.98e+00 7.61e+02  -6.0 1.05e+02    -  2.93e-03 6.05e-04h  1
  58  1.3513768e+06 2.98e+00 7.60e+02  -6.0 1.05e+02    -  7.60e-04 1.16e-03h  1
  59  1.3513762e+06 2.98e+00 7.59e+02  -6.0 9.60e+01    -  8.38e-04 8.41e-04h  1
iter    objective    inf_pr   inf_du lg(mu)  ||d||  lg(rg) alpha_du alpha_pr  ls
  60  1.3513754e+06 2.97e+00 7.58e+02  -6.0 9.02e+01    -  1.81e-03 1.73e-03h  1
  61  1.3513752e+06 2.97e+00 7.57e+02  -6.0 7.91e+01    -  5.81e-05 7.77e-04h  1
  62  1.3513722e+06 2.96e+00 7.55e+02  -6.0 2.47e+02    -  3.13e-04 1.38e-03h  1
  63  1.3513715e+06 2.96e+00 7.56e+02  -6.0 1.89e+02    -  1.91e-03 4.49e-04f  1
  64  1.3513692e+06 2.96e+00 7.54e+02  -6.0 1.74e+02    -  1.11e-03 1.63e-03h  1
  65  1.3513688e+06 2.96e+00 7.57e+02  -6.0 1.30e+02    -  9.75e-03 5.49e-04h  1
  66  1.3513676e+06 2.95e+00 7.55e+02  -6.0 1.23e+02    -  2.22e-03 2.26e-03h  1
  67  1.3513673e+06 2.94e+00 7.53e+02  -6.0 1.01e+02    -  3.07e-03 2.84e-03h  1
  68  1.3513679e+06 2.93e+00 7.52e+02  -6.0 8.05e+01    -  5.03e-03 2.55e-03h  1
  69  1.3513569e+06 2.93e+00 7.51e+02  -6.0 2.76e+02    -  1.46e-04 5.87e-04h  1
iter    objective    inf_pr   inf_du lg(mu)  ||d||  lg(rg) alpha_du alpha_pr  ls
  70  1.3513581e+06 2.93e+00 7.49e+02  -6.0 6.49e+01    -  1.78e-03 2.13e-03h  1
  71  1.3513484e+06 2.92e+00 7.47e+02  -6.0 1.07e+02    -  7.18e-05 2.42e-03h  1
  72  1.3513477e+06 2.92e+00 7.47e+02  -6.0 2.23e+02    -  1.11e-03 7.07e-05h  1
  73  1.3513490e+06 2.91e+00 7.45e+02  -6.0 5.25e+01    -  4.10e-03 3.09e-03h  1
  74  1.3513438e+06 2.91e+00 7.45e+02  -6.0 2.38e+02    -  8.91e-05 3.92e-04h  1
  75  1.3513487e+06 2.89e+00 7.39e+02  -6.0 4.56e+01    -  4.58e-04 6.03e-03h  1
  76  1.3513365e+06 2.89e+00 7.38e+02  -6.0 2.38e+02    -  3.37e-04 9.76e-04h  1
  77  1.3513353e+06 2.89e+00 7.38e+02  -6.0 2.13e+02    -  1.10e-03 1.15e-04h  1
  78  1.3513350e+06 2.88e+00 7.36e+02  -6.0 3.55e+01    -  2.59e-04 1.83e-03h  1
  79  1.3513348e+06 2.88e+00 7.36e+02  -6.0 6.13e+01    -  1.01e-03 3.49e-04h  1
iter    objective    inf_pr   inf_du lg(mu)  ||d||  lg(rg) alpha_du alpha_pr  ls
  80  1.3513333e+06 2.88e+00 7.36e+02  -6.0 4.74e+02    -  1.30e-04 3.72e-04h  1
  81  1.3513314e+06 2.88e+00 7.36e+02  -6.0 2.23e+02    -  2.89e-04 3.27e-04h  1
  82  1.3513293e+06 2.88e+00 7.35e+02  -6.0 5.26e+02    -  3.29e-04 6.02e-05h  1
  83  1.3513295e+06 2.88e+00 7.36e+02  -6.0 3.25e+01    -  1.91e-03 2.78e-04h  1
  84  1.3513315e+06 2.87e+00 7.34e+02  -6.0 3.22e+01    -  2.03e-03 2.21e-03h  1
  85  1.3513329e+06 2.87e+00 7.34e+02  -6.0 3.00e+01    -  4.06e-03 1.62e-03h  1
  86  1.3513382e+06 2.85e+00 7.27e+02  -6.0 2.85e+01    -  5.11e-04 6.27e-03h  1
  87  1.3513335e+06 2.85e+00 7.27e+02  -6.0 1.65e+02    -  6.46e-04 5.28e-04h  1
  88  1.3513373e+06 2.84e+00 7.23e+02  -6.0 2.33e+01    -  2.11e-03 4.33e-03h  1
  89  1.3513351e+06 2.83e+00 7.23e+02  -6.0 1.29e+02    -  5.82e-04 3.54e-04h  1
iter    objective    inf_pr   inf_du lg(mu)  ||d||  lg(rg) alpha_du alpha_pr  ls
  90  1.3513373e+06 2.83e+00 7.23e+02  -6.0 2.05e+01    -  8.14e-03 2.66e-03h  1
  91  1.3513421e+06 2.81e+00 7.18e+02  -6.0 1.91e+01    -  4.05e-03 5.64e-03h  1
  92  1.3513460e+06 2.80e+00 7.15e+02  -6.0 1.65e+01    -  3.54e-03 4.52e-03h  1
  93  1.3513461e+06 2.80e+00 7.16e+02  -6.0 1.48e+01    -  5.56e-03 1.13e-04h  1
  94  1.3513452e+06 2.80e+00 7.16e+02  -6.0 2.81e+02    -  5.31e-05 5.70e-05h  1
  95  1.3513450e+06 2.80e+00 7.16e+02  -6.0 2.52e+02    -  7.09e-05 1.97e-05h  1
  96  1.3513436e+06 2.80e+00 7.16e+02  -6.0 2.35e+02    -  6.99e-05 1.08e-04h  1
  97  1.3513385e+06 2.80e+00 7.16e+02  -6.0 4.00e+02    -  4.93e-04 2.34e-04h  1
  98  1.3513476e+06 2.77e+00 7.08e+02  -6.0 1.44e+01    -  8.33e-03 9.74e-03h  1
  99  1.3513552e+06 2.75e+00 7.04e+02  -6.0 1.15e+01    -  1.54e-02 8.35e-03h  1
iter    objective    inf_pr   inf_du lg(mu)  ||d||  lg(rg) alpha_du alpha_pr  ls
 100  1.3513597e+06 2.73e+00 7.03e+02  -6.0 9.62e+00    -  1.20e-02 4.89e-03h  1
 101  1.3513604e+06 2.73e+00 7.02e+02  -6.0 8.74e+00    -  5.91e-04 7.29e-04h  1
 102  1.3513569e+06 2.73e+00 7.01e+02  -6.0 9.64e+01    -  3.75e-04 1.88e-03h  1
 103  1.3513529e+06 2.72e+00 6.99e+02  -6.0 1.25e+02    -  1.96e-03 2.43e-03h  1
 104  1.3513533e+06 2.72e+00 7.00e+02  -6.0 1.03e+01    -  4.43e-03 4.31e-04h  1
 105  1.3513568e+06 2.71e+00 6.96e+02  -6.0 7.53e+00    -  1.32e-03 4.13e-03h  1
 106  1.3513574e+06 2.70e+00 6.96e+02  -6.0 1.07e+01    -  1.45e-03 7.28e-04h  1
 107  1.3513592e+06 2.70e+00 6.95e+02  -6.0 6.87e+00    -  4.98e-03 1.93e-03h  1
 108  1.3513635e+06 2.69e+00 6.91e+02  -6.0 6.26e+00    -  1.49e-03 4.85e-03h  1
 109  1.3513649e+06 2.68e+00 6.90e+02  -6.0 9.65e+00    -  2.81e-03 1.51e-03h  1
iter    objective    inf_pr   inf_du lg(mu)  ||d||  lg(rg) alpha_du alpha_pr  ls
 110  1.3513676e+06 2.67e+00 6.87e+02  -6.0 8.95e+00    -  3.25e-03 3.76e-03h  1
 111  1.3513778e+06 2.64e+00 6.75e+02  -6.0 8.05e+00    -  6.66e-04 1.36e-02h  1
 112  1.3513825e+06 2.62e+00 6.70e+02  -6.0 1.05e+01    -  1.15e-03 6.25e-03h  1
 113  1.3513886e+06 2.60e+00 6.65e+02  -6.0 9.42e+00    -  9.03e-03 8.07e-03h  1
 114  1.3513923e+06 2.59e+00 6.62e+02  -6.0 6.09e+00    -  8.64e-03 4.85e-03h  1
 115  1.3513944e+06 2.58e+00 6.61e+02  -6.0 9.13e+00    -  4.27e-03 2.70e-03h  1
 116  1.3514009e+06 2.56e+00 6.54e+02  -6.0 9.09e+00    -  2.78e-03 8.69e-03h  1
 117  1.3514014e+06 2.55e+00 6.53e+02  -6.0 2.33e+01    -  8.42e-04 6.70e-04h  1
 118  1.3514020e+06 2.55e+00 6.53e+02  -6.0 2.05e+01    -  2.47e-03 8.56e-04h  1
 119  1.3514022e+06 2.55e+00 6.53e+02  -6.0 1.51e+01    -  3.46e-03 1.38e-04h  1
iter    objective    inf_pr   inf_du lg(mu)  ||d||  lg(rg) alpha_du alpha_pr  ls
 120  1.3514050e+06 2.54e+00 6.50e+02  -6.0 1.11e+01    -  2.74e-03 3.59e-03h  1
 121  1.3514051e+06 2.54e+00 6.51e+02  -6.0 6.60e+00    -  3.63e-03 2.91e-05h  1
 122  1.3514060e+06 2.54e+00 6.50e+02  -6.0 1.12e+01    -  2.59e-06 1.08e-03h  1
 123  1.3514071e+06 2.54e+00 6.49e+02  -6.0 1.07e+01    -  2.02e-03 1.32e-03h  1
 124  1.3514108e+06 2.53e+00 6.46e+02  -6.0 8.33e+00    -  3.57e-03 4.44e-03h  1
 125  1.3514110e+06 2.52e+00 6.48e+02  -6.0 8.21e+00    -  7.70e-03 1.77e-04h  1
 126  1.3514280e+06 2.48e+00 6.32e+02  -6.0 8.33e+00    -  3.66e-03 1.97e-02h  1
 127  1.3514289e+06 2.47e+00 6.32e+02  -6.0 7.40e+00    -  7.32e-03 1.06e-03h  1
 128  1.3514302e+06 2.47e+00 6.31e+02  -6.0 6.61e+00    -  2.17e-03 1.49e-03h  1
 129  1.3514401e+06 2.44e+00 6.22e+02  -6.0 8.01e+00    -  2.23e-03 1.17e-02h  1
iter    objective    inf_pr   inf_du lg(mu)  ||d||  lg(rg) alpha_du alpha_pr  ls
 130  1.3514428e+06 2.43e+00 6.20e+02  -6.0 6.29e+00    -  3.59e-04 3.09e-03h  1
 131  1.3514430e+06 2.43e+00 6.22e+02  -6.0 5.88e+00    -  1.10e-02 2.98e-04h  1
 132  1.3514485e+06 2.42e+00 6.17e+02  -6.0 5.90e+00    -  2.70e-03 6.07e-03h  1
 133  1.3514518e+06 2.41e+00 6.16e+02  -6.0 5.19e+00    -  6.84e-03 3.53e-03h  1
 134  1.3514556e+06 2.40e+00 6.13e+02  -6.0 4.72e+00    -  4.58e-03 4.25e-03h  1
 135  1.3514644e+06 2.37e+00 6.06e+02  -6.0 2.44e+01    -  3.35e-03 9.99e-03h  1
 136  1.3514656e+06 2.37e+00 6.05e+02  -6.0 2.21e+01    -  4.82e-03 1.41e-03h  1
 137  1.3514729e+06 2.35e+00 6.00e+02  -6.0 2.20e+01    -  5.26e-03 8.55e-03h  1
 138  1.3514778e+06 2.34e+00 5.97e+02  -6.0 2.02e+01    -  1.06e-02 5.77e-03h  1
 139  1.3514856e+06 2.32e+00 5.91e+02  -6.0 1.92e+01    -  6.56e-03 9.07e-03h  1
iter    objective    inf_pr   inf_du lg(mu)  ||d||  lg(rg) alpha_du alpha_pr  ls
 140  1.3514883e+06 2.31e+00 5.89e+02  -6.0 1.81e+01    -  2.97e-03 3.63e-03h  1
 141  1.3514892e+06 2.31e+00 5.88e+02  -6.0 7.43e+01    -  1.06e-03 8.23e-04h  1
 142  1.3514899e+06 2.30e+00 5.87e+02  -6.0 6.38e+01    -  1.49e-03 5.23e-04h  1
 143  1.3514910e+06 2.30e+00 5.87e+02  -6.0 1.82e+01    -  4.60e-03 1.39e-03h  1
 144  1.3514971e+06 2.28e+00 5.81e+02  -6.0 1.79e+01    -  1.42e-03 7.53e-03h  1
 145  1.3515000e+06 2.28e+00 5.79e+02  -6.0 6.19e+00    -  1.43e-03 3.12e-03h  1
 146  1.3514950e+06 2.27e+00 5.78e+02  -6.0 1.79e+02    -  1.04e-04 1.73e-03h  1
 147  1.3514941e+06 2.27e+00 5.78e+02  -6.0 3.67e+02    -  2.32e-04 1.20e-04h  1
 148  1.3514963e+06 2.27e+00 5.78e+02  -6.0 6.05e+00    -  7.27e-03 2.21e-03h  1
 149  1.3515034e+06 2.25e+00 5.72e+02  -6.0 5.88e+00    -  1.85e-03 7.38e-03h  1
iter    objective    inf_pr   inf_du lg(mu)  ||d||  lg(rg) alpha_du alpha_pr  ls
 150  1.3515037e+06 2.25e+00 5.73e+02  -6.0 5.27e+00    -  4.32e-03 2.75e-04h  1
 151  1.3515081e+06 2.24e+00 5.70e+02  -6.0 5.35e+00    -  2.07e-03 4.66e-03h  1
 152  1.3515095e+06 2.24e+00 5.69e+02  -6.0 9.29e+00    -  6.28e-04 1.67e-03h  1
 153  1.3515096e+06 2.23e+00 5.68e+02  -6.0 1.83e+01    -  2.92e-04 4.18e-04h  1
 154  1.3515121e+06 2.22e+00 5.65e+02  -6.0 1.49e+01    -  4.62e-03 6.09e-03h  1
 155  1.3515131e+06 2.22e+00 5.63e+02  -6.0 1.49e+01    -  3.93e-03 2.34e-03h  1
 156  1.3515149e+06 2.21e+00 5.60e+02  -6.0 1.47e+01    -  8.68e-04 4.37e-03h  1
 157  1.3515162e+06 2.20e+00 5.58e+02  -6.0 1.43e+01    -  1.40e-03 3.03e-03h  1
 158  1.3515169e+06 2.20e+00 5.58e+02  -6.0 1.41e+01    -  4.81e-03 1.72e-03h  1
 159  1.3515206e+06 2.18e+00 5.54e+02  -6.0 1.43e+01    -  9.41e-03 7.82e-03h  1
iter    objective    inf_pr   inf_du lg(mu)  ||d||  lg(rg) alpha_du alpha_pr  ls
 160  1.3515214e+06 2.18e+00 5.53e+02  -6.0 1.37e+01    -  1.48e-03 1.54e-03h  1
 161  1.3515263e+06 2.16e+00 5.50e+02  -6.0 4.51e+00    -  2.45e-03 5.45e-03h  1
 162  1.3515286e+06 2.16e+00 5.49e+02  -6.0 4.80e+00    -  5.91e-03 2.54e-03h  1
 163  1.3515281e+06 2.16e+00 5.49e+02  -6.0 4.03e+01    -  2.04e-03 1.77e-04h  1
 164  1.3515349e+06 2.14e+00 5.44e+02  -6.0 4.79e+00    -  4.32e-03 7.53e-03h  1
 165  1.3515396e+06 2.13e+00 5.40e+02  -6.0 4.63e+00    -  1.13e-03 5.44e-03h  1
 166  1.3515467e+06 2.11e+00 5.34e+02  -6.0 7.02e+00    -  9.94e-04 8.78e-03h  1
 167  1.3515499e+06 2.10e+00 5.31e+02  -6.0 2.24e+01    -  3.47e-03 5.07e-03h  1
 168  1.3515397e+06 2.10e+00 5.31e+02  -6.0 2.78e+02    -  4.09e-06 3.23e-04h  1
 169  1.3515441e+06 2.09e+00 5.30e+02  -6.0 2.21e+01    -  1.46e-02 5.98e-03h  1
iter    objective    inf_pr   inf_du lg(mu)  ||d||  lg(rg) alpha_du alpha_pr  ls
 170  1.3515486e+06 2.07e+00 5.26e+02  -6.0 2.14e+01    -  1.94e-03 6.28e-03h  1
 171  1.3515514e+06 2.07e+00 5.24e+02  -6.0 2.06e+01    -  6.60e-03 3.83e-03h  1
 172  1.3515582e+06 2.05e+00 5.20e+02  -6.0 3.30e+00    -  8.08e-03 7.20e-03h  1
 173  1.3515655e+06 2.03e+00 5.17e+02  -6.0 3.18e+00    -  1.19e-02 8.31e-03h  1
 174  1.3515691e+06 2.03e+00 5.16e+02  -6.0 3.10e+00    -  1.12e-02 4.10e-03h  1
 175  1.3515707e+06 2.02e+00 5.15e+02  -6.0 5.62e+00    -  4.24e-03 1.78e-03h  1
 176  1.3515782e+06 2.00e+00 5.11e+02  -6.0 4.95e+00    -  1.31e-02 8.60e-03h  1
 177  1.3515973e+06 1.96e+00 4.98e+02  -6.0 5.33e+00    -  9.49e-03 2.16e-02h  1
 178  1.3516046e+06 1.95e+00 4.95e+02  -6.0 5.00e+00    -  1.53e-02 8.23e-03h  1
 179  1.3516154e+06 1.92e+00 4.88e+02  -6.0 4.29e+00    -  5.40e-03 1.24e-02h  1
iter    objective    inf_pr   inf_du lg(mu)  ||d||  lg(rg) alpha_du alpha_pr  ls
 180  1.3516206e+06 1.91e+00 4.85e+02  -6.0 4.06e+00    -  2.48e-03 5.99e-03h  1
 181  1.3516239e+06 1.90e+00 4.83e+02  -6.0 6.34e+00    -  2.16e-03 4.06e-03h  1
 182  1.3516299e+06 1.89e+00 4.80e+02  -6.0 6.75e+00    -  1.38e-02 7.29e-03h  1
 183  1.3516395e+06 1.87e+00 4.76e+02  -6.0 6.54e+00    -  2.30e-02 1.17e-02h  1
 184  1.3516436e+06 1.86e+00 4.76e+02  -6.0 4.43e+00    -  1.92e-02 4.71e-03h  1
 185  1.3516500e+06 1.84e+00 4.75e+02  -6.0 4.76e+00    -  2.26e-02 7.25e-03h  1
 186  1.3516523e+06 1.84e+00 4.74e+02  -6.0 7.32e+00    -  6.39e-03 2.69e-03h  1
 187  1.3516530e+06 1.84e+00 4.74e+02  -6.0 4.70e+00    -  2.17e-03 7.27e-04h  1
 188  1.3516591e+06 1.82e+00 4.70e+02  -6.0 4.86e+00    -  1.33e-03 7.02e-03h  1
 189  1.3516612e+06 1.82e+00 4.68e+02  -6.0 1.18e+01    -  1.59e-03 2.47e-03h  1
iter    objective    inf_pr   inf_du lg(mu)  ||d||  lg(rg) alpha_du alpha_pr  ls
 190  1.3516671e+06 1.81e+00 4.66e+02  -6.0 5.22e+00    -  9.91e-03 6.83e-03h  1
 191  1.3516681e+06 1.81e+00 4.65e+02  -6.0 8.60e+00    -  6.61e-04 1.15e-03h  1
 192  1.3516860e+06 1.77e+00 4.55e+02  -6.0 5.15e+00    -  1.56e-02 2.06e-02h  1
 193  1.3516889e+06 1.76e+00 4.53e+02  -6.0 8.04e+00    -  1.34e-03 3.43e-03h  1
 194  1.3517006e+06 1.74e+00 4.45e+02  -6.0 4.94e+00    -  5.83e-03 1.36e-02h  1
 195  1.3517010e+06 1.74e+00 4.46e+02  -6.0 4.80e+00    -  3.25e-03 4.75e-04h  1
 196  1.3517079e+06 1.72e+00 4.41e+02  -6.0 4.80e+00    -  2.09e-03 7.98e-03h  1
 197  1.3517112e+06 1.72e+00 4.39e+02  -6.0 4.89e+00    -  2.17e-03 3.95e-03h  1
 198  1.3517111e+06 1.72e+00 4.40e+02  -6.0 1.87e+01    -  8.14e-03 8.84e-04h  1
 199  1.3517112e+06 1.71e+00 4.40e+02  -6.0 1.79e+01    -  3.24e-04 7.38e-05h  1
iter    objective    inf_pr   inf_du lg(mu)  ||d||  lg(rg) alpha_du alpha_pr  ls
 200  1.3517123e+06 1.71e+00 4.39e+02  -6.0 1.36e+01    -  2.95e-03 2.02e-03h  1
 201  1.3517132e+06 1.71e+00 4.38e+02  -6.0 1.54e+01    -  2.29e-03 1.55e-03h  1
 202  1.3517146e+06 1.70e+00 4.38e+02  -6.0 2.12e+01    -  1.30e-02 2.30e-03h  1
 203  1.3517153e+06 1.70e+00 4.39e+02  -6.0 2.28e+01    -  8.39e-03 1.20e-03h  1
 204  1.3517174e+06 1.70e+00 4.37e+02  -6.0 2.19e+01    -  6.14e-04 2.67e-03h  1
 205  1.3517183e+06 1.70e+00 4.37e+02  -6.0 1.86e+01    -  3.14e-03 1.22e-03h  1
 206  1.3517211e+06 1.69e+00 4.35e+02  -6.0 1.83e+01    -  9.87e-04 3.50e-03h  1
 207  1.3517222e+06 1.69e+00 4.35e+02  -6.0 1.27e+01    -  3.11e-03 1.80e-03h  1
 208  1.3517230e+06 1.68e+00 4.37e+02  -6.0 2.94e+01    -  2.58e-04 1.65e-03h  1
 209  1.3517248e+06 1.68e+00 4.36e+02  -6.0 1.24e+01    -  9.62e-04 2.65e-03h  1
iter    objective    inf_pr   inf_du lg(mu)  ||d||  lg(rg) alpha_du alpha_pr  ls
 210  1.3517254e+06 1.68e+00 4.36e+02  -6.0 1.59e+01    -  3.80e-04 5.34e-04h  1
 211  1.3517265e+06 1.68e+00 4.34e+02  -6.0 1.55e+01    -  1.57e-04 2.16e-03h  1
 212  1.3517313e+06 1.66e+00 4.30e+02  -6.0 1.54e+01    -  3.02e-03 9.26e-03h  1
 213  1.3517314e+06 1.66e+00 4.31e+02  -6.0 1.35e+01    -  1.71e-02 2.66e-04h  1
 214  1.3517374e+06 1.65e+00 4.28e+02  -6.0 6.82e+00    -  9.38e-03 8.17e-03h  1
 215  1.3517379e+06 1.64e+00 4.28e+02  -6.0 1.48e+01    -  1.95e-03 1.08e-03h  1
 216  1.3517380e+06 1.64e+00 4.27e+02  -6.0 1.57e+01    -  8.84e-04 1.95e-04h  1
 217  1.3517410e+06 1.64e+00 4.25e+02  -6.0 1.42e+01    -  1.60e-03 5.31e-03h  1
 218  1.3517421e+06 1.63e+00 4.24e+02  -6.0 1.42e+01    -  5.44e-03 1.99e-03h  1
 219  1.3517436e+06 1.63e+00 4.23e+02  -6.0 1.45e+01    -  4.22e-03 2.46e-03h  1
iter    objective    inf_pr   inf_du lg(mu)  ||d||  lg(rg) alpha_du alpha_pr  ls
 220  1.3517448e+06 1.63e+00 4.23e+02  -6.0 1.65e+01    -  4.16e-03 1.74e-03h  1
 221  1.3517488e+06 1.61e+00 4.21e+02  -6.0 1.65e+01    -  1.76e-02 6.19e-03h  1
 222  1.3517496e+06 1.61e+00 4.21e+02  -6.0 1.82e+01    -  5.16e-03 1.15e-03h  1
 223  1.3517536e+06 1.61e+00 4.29e+02  -6.0 2.81e+01    -  3.56e-04 4.89e-03h  1
 224  1.3517553e+06 1.60e+00 4.28e+02  -6.0 1.90e+01    -  6.58e-03 2.63e-03h  1
 225  1.3517559e+06 1.60e+00 4.28e+02  -6.0 2.13e+01    -  2.95e-03 8.81e-04h  1
 226  1.3517598e+06 1.59e+00 4.25e+02  -6.0 1.73e+01    -  1.17e-04 5.69e-03h  1
 227  1.3517604e+06 1.59e+00 4.24e+02  -6.0 1.65e+01    -  1.15e-04 7.75e-04h  1
 228  1.3517667e+06 1.58e+00 4.20e+02  -6.0 1.65e+01    -  6.13e-03 8.90e-03h  1
 229  1.3517678e+06 1.57e+00 4.21e+02  -6.0 1.21e+01    -  1.13e-02 1.33e-03h  1
iter    objective    inf_pr   inf_du lg(mu)  ||d||  lg(rg) alpha_du alpha_pr  ls
 230  1.3517688e+06 1.57e+00 4.20e+02  -6.0 1.62e+01    -  1.49e-03 1.05e-03h  1
 231  1.3517689e+06 1.57e+00 4.18e+02  -6.0 1.58e+01    -  3.30e-03 1.19e-04h  1
 232  1.3517689e+06 1.57e+00 4.14e+02  -6.0 6.67e+01    -  2.59e-04 1.62e-05h  1
 233  1.3517801e+06 1.55e+00 4.09e+02  -6.0 1.20e+01    -  7.97e-03 1.22e-02h  1
 234  1.3517849e+06 1.54e+00 4.07e+02  -6.0 1.15e+01    -  1.22e-02 5.12e-03h  1
 235  1.3517888e+06 1.54e+00 4.06e+02  -6.0 1.15e+01    -  1.22e-02 4.26e-03h  1
 236  1.3518106e+06 1.50e+00 3.96e+02  -6.0 1.12e+01    -  1.63e-02 2.34e-02h  1
 237  1.3518131e+06 1.50e+00 3.98e+02  -6.0 1.02e+01    -  2.94e-02 2.74e-03h  1
 238  1.3518298e+06 1.47e+00 3.90e+02  -6.0 1.04e+01    -  7.50e-03 1.79e-02h  1
 239  1.3518314e+06 1.47e+00 3.90e+02  -6.0 9.57e+00    -  1.59e-02 1.79e-03h  1
iter    objective    inf_pr   inf_du lg(mu)  ||d||  lg(rg) alpha_du alpha_pr  ls
 240  1.3518353e+06 1.46e+00 3.88e+02  -6.0 8.54e+00    -  4.90e-03 4.11e-03h  1
 241  1.3518402e+06 1.45e+00 3.87e+02  -6.0 8.01e+00    -  1.70e-04 5.07e-03h  1
 242  1.3518403e+06 1.45e+00 3.86e+02  -6.0 1.44e+01    -  3.06e-03 9.71e-05h  1
 243  1.3518436e+06 1.45e+00 3.85e+02  -6.0 7.82e+00    -  3.43e-03 3.29e-03h  1
 244  1.3518440e+06 1.45e+00 3.85e+02  -6.0 2.92e+01    -  2.91e-03 4.66e-04h  1
 245  1.3518446e+06 1.45e+00 3.84e+02  -6.0 7.95e+00    -  5.56e-03 5.50e-04h  1
 246  1.3518579e+06 1.43e+00 3.78e+02  -6.0 8.44e+00    -  1.75e-03 1.35e-02h  1
 247  1.3518669e+06 1.42e+00 3.75e+02  -6.0 8.16e+00    -  9.34e-03 9.21e-03h  1
 248  1.3518703e+06 1.41e+00 3.73e+02  -6.0 1.19e+01    -  4.86e-04 3.80e-03h  1
 249  1.3518780e+06 1.40e+00 3.70e+02  -6.0 1.46e+01    -  6.06e-04 8.53e-03h  1
iter    objective    inf_pr   inf_du lg(mu)  ||d||  lg(rg) alpha_du alpha_pr  ls
 250  1.3518875e+06 1.38e+00 3.66e+02  -6.0 1.97e+01    -  1.13e-02 1.06e-02h  1
 251  1.3518876e+06 1.38e+00 3.67e+02  -6.0 7.39e+00    -  1.66e-02 1.15e-04h  1
 252  1.3518920e+06 1.38e+00 3.66e+02  -6.0 7.60e+00    -  1.69e-02 4.44e-03h  1
 253  1.3519008e+06 1.36e+00 3.62e+02  -6.0 1.24e+01    -  6.82e-03 9.35e-03h  1
 254  1.3519082e+06 1.35e+00 3.60e+02  -6.0 1.23e+01    -  1.22e-02 7.84e-03h  1
 255  1.3519097e+06 1.35e+00 3.60e+02  -6.0 1.19e+01    -  7.01e-03 1.68e-03h  1
 256  1.3519195e+06 1.34e+00 3.67e+02  -6.0 1.89e+01    -  1.67e-03 8.74e-03h  1
 257  1.3519295e+06 1.33e+00 3.63e+02  -6.0 1.09e+01    -  1.16e-03 1.04e-02h  1
 258  1.3519358e+06 1.32e+00 3.60e+02  -6.0 1.01e+01    -  6.38e-03 6.58e-03h  1
 259  1.3519412e+06 1.31e+00 3.58e+02  -6.0 1.23e+01    -  8.65e-03 5.73e-03h  1
iter    objective    inf_pr   inf_du lg(mu)  ||d||  lg(rg) alpha_du alpha_pr  ls
 260  1.3519472e+06 1.30e+00 3.56e+02  -6.0 9.69e+00    -  9.24e-04 6.31e-03h  1
 261  1.3519498e+06 1.30e+00 3.55e+02  -6.0 1.58e+01    -  5.38e-03 2.95e-03h  1
 262  1.3519562e+06 1.29e+00 3.54e+02  -6.0 1.64e+01    -  1.20e-03 6.88e-03h  1
 263  1.3519614e+06 1.28e+00 3.51e+02  -6.0 1.81e+01    -  6.52e-03 5.10e-03h  1
 264  1.3519690e+06 1.27e+00 3.49e+02  -6.0 6.44e+00    -  7.39e-03 7.63e-03h  1
 265  1.3519708e+06 1.27e+00 3.46e+02  -6.0 6.26e+00    -  1.19e-02 1.74e-03h  1
 266  1.3519717e+06 1.27e+00 3.41e+02  -6.0 2.19e+01    -  1.35e-03 6.37e-04h  1
 267  1.3519731e+06 1.27e+00 3.37e+02  -6.0 2.27e+01    -  1.35e-03 8.83e-04h  1
 268  1.3519759e+06 1.27e+00 3.48e+02  -6.0 2.26e+01    -  2.31e-04 1.82e-03h  1
 269  1.3519805e+06 1.26e+00 3.47e+02  -6.0 6.38e+00    -  5.10e-03 3.85e-03h  1
iter    objective    inf_pr   inf_du lg(mu)  ||d||  lg(rg) alpha_du alpha_pr  ls
 270  1.3519803e+06 1.26e+00 3.46e+02  -6.0 4.90e+01    -  3.06e-04 2.30e-04h  1
 271  1.3519920e+06 1.25e+00 3.45e+02  -6.0 6.24e+00    -  2.35e-03 9.73e-03h  1
 272  1.3519947e+06 1.24e+00 3.44e+02  -6.0 6.84e+00    -  3.93e-03 2.25e-03h  1
 273  1.3519989e+06 1.24e+00 3.42e+02  -6.0 6.64e+00    -  3.38e-03 3.38e-03h  1
 274  1.3520046e+06 1.23e+00 3.42e+02  -6.0 5.75e+00    -  7.85e-04 4.74e-03h  1
 275  1.3520136e+06 1.23e+00 3.40e+02  -6.0 5.70e+00    -  5.18e-03 7.39e-03h  1
 276  1.3520144e+06 1.22e+00 3.38e+02  -6.0 5.67e+00    -  7.80e-03 6.64e-04h  1
 277  1.3520204e+06 1.22e+00 3.36e+02  -6.0 5.67e+00    -  7.02e-03 4.84e-03h  1
 278  1.3520340e+06 1.21e+00 3.33e+02  -6.0 6.59e+00    -  7.08e-03 1.12e-02h  1
 279  1.3520356e+06 1.20e+00 3.29e+02  -6.0 6.53e+00    -  1.27e-02 1.26e-03h  1
iter    objective    inf_pr   inf_du lg(mu)  ||d||  lg(rg) alpha_du alpha_pr  ls
 280  1.3520362e+06 1.20e+00 3.29e+02  -6.0 3.19e+01    -  3.95e-04 3.80e-04h  1
 281  1.3520367e+06 1.20e+00 3.27e+02  -6.0 3.19e+01    -  6.98e-04 4.11e-04h  1
 282  1.3520498e+06 1.19e+00 3.26e+02  -6.0 6.44e+00    -  1.90e-03 1.02e-02h  1
 283  1.3520511e+06 1.19e+00 3.24e+02  -6.0 6.45e+00    -  5.04e-03 9.75e-04h  1
 284  1.3520601e+06 1.18e+00 3.24e+02  -6.0 6.44e+00    -  1.85e-03 6.82e-03h  1
 285  1.3520697e+06 1.17e+00 3.21e+02  -6.0 6.65e+00    -  6.27e-03 7.27e-03h  1
 286  1.3520752e+06 1.17e+00 3.21e+02  -6.0 5.99e+00    -  6.26e-04 4.17e-03h  1
 287  1.3521025e+06 1.14e+00 3.14e+02  -6.0 5.35e+00    -  1.51e-03 2.05e-02h  1
 288  1.3521046e+06 1.14e+00 3.14e+02  -6.0 5.23e+00    -  1.84e-02 1.63e-03h  1
 289  1.3521193e+06 1.13e+00 3.11e+02  -6.0 4.89e+00    -  1.39e-02 1.12e-02h  1
iter    objective    inf_pr   inf_du lg(mu)  ||d||  lg(rg) alpha_du alpha_pr  ls
 290  1.3521217e+06 1.13e+00 3.12e+02  -6.0 1.20e+01    -  7.42e-04 1.61e-03h  1
 291  1.3521427e+06 1.11e+00 3.06e+02  -6.0 4.71e+00    -  8.49e-03 1.61e-02h  1
 292  1.3521495e+06 1.10e+00 3.05e+02  -6.0 5.35e+00    -  2.66e-03 5.27e-03h  1
 293  1.3521596e+06 1.09e+00 3.03e+02  -6.0 4.42e+00    -  2.14e-02 7.85e-03h  1
 294  1.3521686e+06 1.09e+00 3.01e+02  -6.0 1.69e+01    -  8.09e-03 7.04e-03h  1
 295  1.3521702e+06 1.09e+00 3.00e+02  -6.0 2.02e+01    -  4.11e-03 1.24e-03h  1
 296  1.3521758e+06 1.08e+00 2.99e+02  -6.0 5.31e+00    -  1.80e-03 4.51e-03h  1
 297  1.3521878e+06 1.07e+00 2.96e+02  -6.0 4.19e+00    -  3.28e-03 9.76e-03h  1
 298  1.3522008e+06 1.06e+00 2.93e+02  -6.0 4.08e+00    -  1.06e-02 1.06e-02h  1
 299  1.3522065e+06 1.05e+00 2.91e+02  -6.0 4.01e+00    -  6.13e-03 4.71e-03h  1
iter    objective    inf_pr   inf_du lg(mu)  ||d||  lg(rg) alpha_du alpha_pr  ls
 300  1.3522116e+06 1.05e+00 2.90e+02  -6.0 4.08e+00    -  1.01e-02 4.20e-03h  1

Number of Iterations....: 300

                                   (scaled)                 (unscaled)
Objective...............:   1.3089796697568283e+04    1.3522116046765968e+06
Dual infeasibility......:   2.9045976594126262e+02    3.0005283907150966e+04
Constraint violation....:   7.9356261830669927e-01    1.0495190459204500e+00
Variable bound violation:   9.9811815201800158e-09    9.9811815201800158e-09
Complementarity.........:   3.0360357307200792e-01    3.1363074936489607e+01
Overall NLP error.......:   2.9045976594126262e+02    3.0005283907150966e+04


Number of objective function evaluations             = 301
Number of objective gradient evaluations             = 301
Number of equality constraint evaluations            = 301
Number of inequality constraint evaluations          = 302
Number of equality constraint Jacobian evaluations   = 301
Number of inequality constraint Jacobian evaluations = 301
Number of Lagrangian Hessian evaluations             = 300
Total seconds in IPOPT                               = 86.747

EXIT: Maximum Number of Iterations Exceeded.

