Solver command line: ['/opt/homebrew/bin/ipopt', '/var/folders/6y/bvynbx6n3zv7z3lwg6vd724r0000gn/T/tmpsl79l1v5.pyomo.nl', '-AMPL', 'tol=1e-06', 'max_iter=300', 'print_level=5', 'warm_start_init_point=yes', 'warm_start_bound_push=1e-06', 'warm_start_bound_frac=1e-06', 'warm_start_mult_bound_push=1e-06', 'mu_init=1e-06', 'least_square_init_duals=no']

Ipopt 3.14.19: tol=1e-06
max_iter=300
print_level=5
warm_start_init_point=yes
warm_start_bound_push=1e-06
warm_start_bound_frac=1e-06
warm_start_mult_bound_push=1e-06
mu_init=1e-06
least_square_init_duals=no


******************************************************************************
This program contains Ipopt, a library for large-scale nonlinear optimization.
 Ipopt is released as open source code under the Eclipse Public License (EPL).
         For more information visit https://github.com/coin-or/Ipopt
******************************************************************************

This is Ipopt version 3.14.19, running with linear solver MUMPS 5.6.2.

Number of nonzeros in equality constraint Jacobian...:   145957
Number of nonzeros in inequality constraint Jacobian.:   105544
Number of nonzeros in Lagrangian Hessian.............:    81479

Total number of variables............................:    24020
                     variables with only lower bounds:        0
                variables with lower and upper bounds:    24020
                     variables with only upper bounds:        0
Total number of equality constraints.................:    20001
Total number of inequality constraints...............:    26386
        inequality constraints with only lower bounds:        0
   inequality constraints with lower and upper bounds:        0
        inequality constraints with only upper bounds:    26386

iter    objective    inf_pr   inf_du lg(mu)  ||d||  lg(rg) alpha_du alpha_pr  ls
   0  3.0503288e+06 1.90e+01 1.21e+03  -6.0 0.00e+00    -  0.00e+00 0.00e+00   0
   1  3.0412456e+06 1.90e+01 1.21e+03  -6.0 3.15e+01   0.0 1.93e-04 6.75e-04f  1
   2  3.0377530e+06 1.90e+01 1.21e+03  -6.0 7.30e+00   0.4 4.85e-05 4.63e-04f  1
   3  3.0298883e+06 1.90e+01 1.21e+03  -6.0 1.93e+01  -0.1 4.54e-05 5.93e-04f  1
   4  3.0256362e+06 1.90e+01 1.21e+03  -6.0 7.59e+00   0.4 6.79e-05 5.78e-04f  1
   5  3.0176677e+06 1.90e+01 1.21e+03  -6.0 2.08e+01  -0.1 2.04e-04 6.46e-04f  1
   6  3.0128154e+06 1.90e+01 1.21e+03  -6.0 8.30e+00   0.3 1.70e-04 7.20e-04f  1
   7  3.0042694e+06 1.89e+01 1.21e+03  -6.0 2.27e+01  -0.2 2.94e-04 7.71e-04f  1
   8  2.9991189e+06 1.89e+01 1.21e+03  -6.0 8.85e+00   0.3 9.17e-05 8.30e-04f  1
   9  2.9906667e+06 1.89e+01 1.21e+03  -6.0 2.40e+01  -0.2 4.76e-04 8.27e-04f  1
iter    objective    inf_pr   inf_du lg(mu)  ||d||  lg(rg) alpha_du alpha_pr  ls
  10  2.9841256e+06 1.89e+01 1.20e+03  -6.0 9.35e+00   0.2 1.54e-04 1.10e-03f  1
  11  2.9745677e+06 1.89e+01 1.20e+03  -6.0 2.45e+01  -0.3 4.07e-04 1.02e-03f  1
  12  2.9689366e+06 1.89e+01 1.20e+03  -6.0 9.91e+00   0.2 3.81e-04 1.01e-03f  1
  13  2.9590793e+06 1.88e+01 1.20e+03  -6.0 2.44e+01  -0.3 2.04e-04 1.14e-03f  1
  14  2.9540865e+06 1.88e+01 1.20e+03  -6.0 1.05e+01   0.1 5.67e-04 9.41e-04f  1
  15  2.9441381e+06 1.88e+01 1.20e+03  -6.0 2.38e+01  -0.4 1.69e-04 1.25e-03f  1
  16  2.9374116e+06 1.88e+01 1.20e+03  -6.0 1.04e+01   0.1 7.49e-04 1.33e-03f  1
  17  2.9297823e+06 1.88e+01 1.20e+03  -6.0 2.39e+01  -0.4 4.12e-04 1.06e-03f  1
  18  2.9242511e+06 1.87e+01 1.19e+03  -6.0 1.08e+01   0.0 9.28e-04 1.16e-03f  1
  19  2.9202338e+06 1.87e+01 1.19e+03  -6.0 5.91e+00   0.4 3.55e-04 1.27e-03f  1
iter    objective    inf_pr   inf_du lg(mu)  ||d||  lg(rg) alpha_du alpha_pr  ls
  20  2.9122073e+06 1.87e+01 1.19e+03  -6.0 1.13e+01  -0.0 5.50e-04 1.73e-03f  1
  21  2.9069969e+06 1.86e+01 1.19e+03  -6.0 5.87e+00   0.4 6.30e-04 1.66e-03f  1
  22  2.9004836e+06 1.86e+01 1.19e+03  -6.0 1.14e+01  -0.1 1.22e-04 1.46e-03f  1
  23  2.8967065e+06 1.86e+01 1.19e+03  -6.0 5.84e+00   0.3 1.26e-03 1.22e-03f  1
  24  2.8907781e+06 1.86e+01 1.18e+03  -6.0 1.15e+01  -0.1 5.76e-04 1.36e-03f  1
  25  2.8840039e+06 1.85e+01 1.18e+03  -6.0 5.82e+00   0.3 1.49e-03 2.19e-03f  1
  26  2.8755609e+06 1.85e+01 1.18e+03  -6.0 1.14e+01  -0.2 9.37e-04 2.00e-03f  1
  27  2.8704934e+06 1.85e+01 1.18e+03  -6.0 5.80e+00   0.2 5.81e-04 1.68e-03f  1
  28  2.8630177e+06 1.84e+01 1.17e+03  -6.0 1.12e+01  -0.2 2.08e-04 1.85e-03f  1
  29  2.8588361e+06 1.84e+01 1.17e+03  -6.0 5.89e+00   0.2 6.22e-04 1.40e-03f  1
iter    objective    inf_pr   inf_du lg(mu)  ||d||  lg(rg) alpha_du alpha_pr  ls
  30  2.8522902e+06 1.84e+01 1.17e+03  -6.0 1.16e+01  -0.3 2.28e-03 1.66e-03f  1
  31  2.8443679e+06 1.83e+01 1.17e+03  -6.0 5.93e+00   0.1 1.36e-03 2.69e-03f  1
  32  2.8379347e+06 1.83e+01 1.17e+03  -6.0 1.17e+01  -0.3 1.46e-03 1.70e-03f  1
  33  2.8275348e+06 1.82e+01 1.16e+03  -6.0 5.94e+00   0.1 1.07e-03 3.58e-03f  1
  34  2.8265968e+06 1.82e+01 1.16e+03  -6.0 1.14e+01  -0.4 7.44e-04 2.57e-04f  1
  35  2.8151138e+06 1.81e+01 1.16e+03  -6.0 6.11e+00   0.0 4.17e-04 3.97e-03f  1
  36  2.8125487e+06 1.81e+01 1.16e+03  -6.0 1.14e+01  -0.4 1.06e-03 7.16e-04f  1
  37  2.8024177e+06 1.81e+01 1.15e+03  -6.0 6.33e+00  -0.0 6.11e-04 3.53e-03f  1
  38  2.7980390e+06 1.80e+01 1.15e+03  -6.0 1.09e+01  -0.5 1.03e-03 1.24e-03f  1
  39  2.7912338e+06 1.80e+01 1.15e+03  -6.0 6.63e+00  -0.1 1.81e-03 2.39e-03f  1
iter    objective    inf_pr   inf_du lg(mu)  ||d||  lg(rg) alpha_du alpha_pr  ls
  40  2.7856088e+06 1.80e+01 1.15e+03  -6.0 1.39e+01  -0.5 2.75e-03 1.61e-03f  1
  41  2.7731216e+06 1.79e+01 1.14e+03  -6.0 6.99e+00  -0.1 1.04e-03 4.41e-03f  1
  42  2.7669657e+06 1.78e+01 1.14e+03  -6.0 5.72e+00   0.3 3.59e-04 2.81e-03f  1
  43  2.7576325e+06 1.78e+01 1.13e+03  -6.0 7.24e+00  -0.2 1.10e-03 3.35e-03f  1
  44  2.7513214e+06 1.77e+01 1.13e+03  -6.0 5.91e+00   0.3 2.05e-03 2.89e-03f  1
  45  2.7397400e+06 1.77e+01 1.13e+03  -6.0 7.64e+00  -0.2 3.80e-04 4.22e-03f  1
  46  2.7365291e+06 1.76e+01 1.12e+03  -6.0 6.19e+00   0.2 1.01e-03 1.48e-03f  1
  47  2.7336321e+06 1.76e+01 1.12e+03  -6.0 8.02e+00  -0.3 1.49e-03 1.07e-03f  1
  48  2.7327793e+06 1.76e+01 1.12e+03  -6.0 6.54e+00   0.2 4.07e-04 3.87e-04f  1
  49  2.7183878e+06 1.75e+01 1.12e+03  -6.0 8.34e+00  -0.3 5.05e-04 5.23e-03f  1
iter    objective    inf_pr   inf_du lg(mu)  ||d||  lg(rg) alpha_du alpha_pr  ls
  50  2.7159426e+06 1.75e+01 1.12e+03  -6.0 7.07e+00   0.1 2.09e-03 1.11e-03f  1
  51  2.7044926e+06 1.74e+01 1.11e+03  -6.0 8.66e+00  -0.4 2.67e-03 4.21e-03f  1
  52  2.6919891e+06 1.73e+01 1.10e+03  -6.0 6.92e+00   0.1 5.61e-04 5.70e-03f  1
  53  2.6896423e+06 1.73e+01 1.10e+03  -6.0 7.11e+00   0.5 9.05e-04 1.36e-03f  1
  54  2.6810241e+06 1.72e+01 1.10e+03  -6.0 8.58e+00  -0.0 1.21e-03 3.92e-03f  1
  55  2.6787734e+06 1.72e+01 1.10e+03  -6.0 6.46e+00   0.4 1.71e-03 1.29e-03f  1
  56  2.6671378e+06 1.71e+01 1.09e+03  -6.0 7.60e+00  -0.1 1.44e-03 5.28e-03f  1
  57  2.6634124e+06 1.71e+01 1.09e+03  -6.0 7.91e+00   0.4 2.58e-03 2.13e-03f  1
  58  2.6498249e+06 1.70e+01 1.08e+03  -6.0 8.84e+00  -0.1 1.19e-03 6.18e-03f  1
  59  2.6485033e+06 1.70e+01 1.08e+03  -6.0 7.13e+00   0.3 3.04e-03 7.56e-04f  1
iter    objective    inf_pr   inf_du lg(mu)  ||d||  lg(rg) alpha_du alpha_pr  ls
  60  2.6456747e+06 1.69e+01 1.08e+03  -6.0 8.37e+00  -0.2 1.66e-03 1.29e-03f  1
  61  2.6305506e+06 1.68e+01 1.07e+03  -6.0 7.30e+00   0.3 1.76e-03 8.52e-03f  1
  62  2.6290146e+06 1.68e+01 1.07e+03  -6.0 8.74e+00  -0.2 1.81e-03 7.06e-04f  1
  63  2.6226687e+06 1.67e+01 1.07e+03  -6.0 7.69e+00   0.2 4.82e-04 3.57e-03f  1
  64  2.6141216e+06 1.67e+01 1.06e+03  -6.0 1.03e+01  -0.3 2.05e-03 3.90e-03f  1
  65  2.6131138e+06 1.67e+01 1.06e+03  -6.0 8.09e+00   0.2 7.74e-04 5.65e-04f  1
  66  2.6067167e+06 1.66e+01 1.06e+03  -6.0 7.19e+00   0.6 6.34e-04 4.44e-03f  1
  67  2.6005575e+06 1.65e+01 1.05e+03  -6.0 8.39e+00   0.1 1.14e-03 3.41e-03f  1
  68  2.5980746e+06 1.65e+01 1.05e+03  -6.0 7.58e+00   0.5 1.13e-03 1.72e-03f  1
  69  2.5900768e+06 1.64e+01 1.05e+03  -6.0 8.69e+00   0.1 4.30e-03 4.41e-03f  1
iter    objective    inf_pr   inf_du lg(mu)  ||d||  lg(rg) alpha_du alpha_pr  ls
  70  2.5838413e+06 1.63e+01 1.04e+03  -6.0 7.89e+00   0.5 1.37e-03 4.28e-03f  1
  71  2.5781997e+06 1.63e+01 1.04e+03  -6.0 9.09e+00   0.0 2.09e-03 3.12e-03f  1
  72  2.5731381e+06 1.62e+01 1.04e+03  -6.0 8.26e+00   0.4 2.86e-03 3.45e-03f  1
  73  2.5577718e+06 1.61e+01 1.03e+03  -6.0 9.42e+00  -0.0 1.75e-03 8.45e-03f  1
  74  2.5503194e+06 1.60e+01 1.02e+03  -6.0 8.77e+00   0.4 1.45e-03 5.10e-03f  1
  75  2.5424631e+06 1.60e+01 1.02e+03  -6.0 9.97e+00  -0.1 5.48e-03 4.37e-03f  1
  76  2.5397259e+06 1.59e+01 1.02e+03  -6.0 9.21e+00   0.3 8.11e-05 1.87e-03f  1
  77  2.5373332e+06 1.59e+01 1.01e+03  -6.0 8.54e+00   0.8 2.32e-04 1.99e-03f  1
  78  2.5302315e+06 1.58e+01 1.01e+03  -6.0 9.48e+00   0.3 1.10e-03 4.76e-03f  1
  79  2.5281312e+06 1.58e+01 1.01e+03  -6.0 8.89e+00   0.7 1.23e-03 1.74e-03f  1
iter    objective    inf_pr   inf_du lg(mu)  ||d||  lg(rg) alpha_du alpha_pr  ls
  80  2.5196996e+06 1.57e+01 1.00e+03  -6.0 9.82e+00   0.2 2.03e-03 5.60e-03f  1
  81  2.5191222e+06 1.57e+01 1.00e+03  -6.0 9.24e+00   0.7 1.57e-03 4.74e-04f  1
  82  2.5099733e+06 1.56e+01 9.95e+02  -6.0 1.01e+01   0.2 1.24e-04 6.03e-03f  1
  83  2.5054544e+06 1.55e+01 9.91e+02  -6.0 9.55e+00   0.6 1.97e-03 3.68e-03f  1
  84  2.4969674e+06 1.55e+01 9.85e+02  -6.0 1.06e+01   0.1 3.52e-04 5.58e-03f  1
  85  2.4929034e+06 1.54e+01 9.82e+02  -6.0 9.96e+00   0.6 3.12e-03 3.29e-03f  1
  86  2.4849861e+06 1.53e+01 9.77e+02  -6.0 1.10e+01   0.1 1.20e-03 5.19e-03f  1
  87  2.4842689e+06 1.53e+01 9.76e+02  -6.0 1.03e+01   0.5 4.78e-04 5.78e-04f  1
  88  2.4784139e+06 1.53e+01 9.73e+02  -6.0 1.89e+01   0.0 1.70e-03 3.81e-03f  1
  89  2.4766350e+06 1.52e+01 9.71e+02  -6.0 1.06e+01   0.5 3.89e-03 1.41e-03f  1
iter    objective    inf_pr   inf_du lg(mu)  ||d||  lg(rg) alpha_du alpha_pr  ls
  90  2.4730282e+06 1.52e+01 9.68e+02  -6.0 1.00e+01   0.9 8.08e-04 3.46e-03f  1
  91  2.4636432e+06 1.51e+01 9.61e+02  -6.0 1.09e+01   0.4 1.55e-03 7.35e-03f  1
  92  2.4625461e+06 1.51e+01 9.60e+02  -6.0 1.05e+01   0.8 1.01e-03 1.05e-03f  1
  93  2.4600310e+06 1.50e+01 9.58e+02  -6.0 1.12e+01   0.4 3.24e-03 1.96e-03f  1
  94  2.4545943e+06 1.49e+01 9.53e+02  -6.0 1.06e+01   0.8 2.07e-03 5.18e-03f  1
  95  2.4450627e+06 1.48e+01 9.46e+02  -6.0 1.16e+01   0.3 1.26e-03 7.39e-03f  1
  96  2.4442739e+06 1.48e+01 9.45e+02  -6.0 1.11e+01   0.7 2.54e-04 7.53e-04f  1
  97  2.4416153e+06 1.48e+01 9.43e+02  -6.0 1.19e+01   0.3 7.85e-04 2.05e-03f  1
  98  2.4402704e+06 1.48e+01 9.42e+02  -6.0 1.13e+01   0.7 1.60e-03 1.27e-03f  1
  99  2.4366111e+06 1.47e+01 9.40e+02  -6.0 1.21e+01   0.2 1.99e-03 2.78e-03f  1
iter    objective    inf_pr   inf_du lg(mu)  ||d||  lg(rg) alpha_du alpha_pr  ls
 100  2.4316087e+06 1.47e+01 9.35e+02  -6.0 1.15e+01   0.6 6.00e-06 4.65e-03f  1
 101  2.4303606e+06 1.46e+01 9.34e+02  -6.0 1.11e+01   1.1 1.02e-03 1.39e-03f  1
 102  2.4260618e+06 1.46e+01 9.30e+02  -6.0 1.17e+01   0.6 2.53e-03 3.96e-03f  1
 103  2.4249424e+06 1.46e+01 9.29e+02  -6.0 1.13e+01   1.0 7.15e-04 1.24e-03f  1
 104  2.4224546e+06 1.45e+01 9.27e+02  -6.0 1.20e+01   0.5 2.11e-03 2.27e-03f  1
 105  2.4213590e+06 1.45e+01 9.26e+02  -6.0 1.15e+01   1.0 1.19e-03 1.20e-03f  1
 106  2.4190926e+06 1.45e+01 9.24e+02  -6.0 1.21e+01   0.5 8.28e-04 2.03e-03f  1
 107  2.4180777e+06 1.45e+01 9.23e+02  -6.0 1.16e+01   0.9 7.84e-04 1.10e-03f  1
 108  2.4153012e+06 1.44e+01 9.21e+02  -6.0 1.23e+01   0.4 1.26e-03 2.45e-03f  1
 109  2.4116093e+06 1.44e+01 9.17e+02  -6.0 1.18e+01   0.9 3.03e-03 3.95e-03f  1
iter    objective    inf_pr   inf_du lg(mu)  ||d||  lg(rg) alpha_du alpha_pr  ls
 110  2.4073255e+06 1.43e+01 9.14e+02  -6.0 1.83e+01   0.4 3.31e-04 3.74e-03f  1
 111  2.4059843e+06 1.43e+01 9.12e+02  -6.0 1.20e+01   0.8 2.37e-03 1.43e-03f  1
 112  2.4053180e+06 1.43e+01 9.12e+02  -6.0 1.17e+01   1.2 2.51e-04 8.28e-04f  1
 113  2.4032801e+06 1.43e+01 9.10e+02  -6.0 1.22e+01   0.7 2.01e-03 2.13e-03f  1
 114  2.4024056e+06 1.42e+01 9.09e+02  -6.0 1.18e+01   1.2 8.09e-04 1.08e-03f  1
 115  2.4008034e+06 1.42e+01 9.07e+02  -6.0 1.23e+01   0.7 1.73e-03 1.65e-03f  1
 116  2.3988290e+06 1.42e+01 9.05e+02  -6.0 1.20e+01   1.1 1.05e-03 2.41e-03f  1
 117  2.3921744e+06 1.41e+01 8.99e+02  -6.0 1.25e+01   0.6 5.13e-04 6.76e-03f  1
 118  2.3896764e+06 1.41e+01 8.96e+02  -6.0 1.22e+01   1.1 3.25e-03 3.06e-03f  1
 119  2.3867464e+06 1.40e+01 8.93e+02  -6.0 1.53e+01   0.6 9.07e-04 2.99e-03f  1
iter    objective    inf_pr   inf_du lg(mu)  ||d||  lg(rg) alpha_du alpha_pr  ls
 120  2.3864027e+06 1.40e+01 8.93e+02  -6.0 1.24e+01   1.0 8.03e-04 4.22e-04f  1
 121  2.3849563e+06 1.40e+01 8.92e+02  -6.0 2.79e+02   0.5 8.35e-05 1.66e-03f  1
 122  2.3848935e+06 1.40e+01 8.92e+02  -6.0 1.27e+01   1.0 1.60e-03 7.61e-05f  1
 123  2.3837609e+06 1.40e+01 8.91e+02  -6.0 1.32e+01   0.5 1.53e-03 1.12e-03f  1
 124  2.3805737e+06 1.39e+01 8.87e+02  -6.0 1.28e+01   0.9 8.98e-04 3.80e-03f  1
 125  2.3778299e+06 1.39e+01 8.85e+02  -6.0 1.34e+01   0.4 2.38e-04 2.75e-03f  1
 126  2.3775571e+06 1.39e+01 8.84e+02  -6.0 1.30e+01   0.9 1.81e-03 3.26e-04f  1
 127  2.3765090e+06 1.39e+01 8.84e+02  -6.0 1.35e+01   0.4 1.18e-04 1.03e-03f  1
 128  2.3763010e+06 1.39e+01 8.83e+02  -6.0 1.31e+01   0.8 1.09e-03 2.45e-04f  1
 129  2.3742228e+06 1.38e+01 8.81e+02  -6.0 1.27e+01   1.2 9.74e-04 2.86e-03f  1
iter    objective    inf_pr   inf_du lg(mu)  ||d||  lg(rg) alpha_du alpha_pr  ls
 130  2.3725593e+06 1.38e+01 8.79e+02  -6.0 1.32e+01   0.8 5.51e-04 1.94e-03f  1
 131  2.3713645e+06 1.38e+01 8.78e+02  -6.0 1.29e+01   1.2 7.78e-04 1.64e-03f  1
 132  2.3676593e+06 1.37e+01 8.74e+02  -6.0 1.34e+01   0.7 1.59e-03 4.26e-03f  1
 133  2.3675214e+06 1.37e+01 8.74e+02  -6.0 1.35e+01   1.1 8.85e-04 1.89e-04f  1
 134  2.3657863e+06 1.37e+01 8.72e+02  -6.0 1.39e+01   0.7 2.59e-03 1.96e-03f  1
 135  2.3631106e+06 1.36e+01 8.69e+02  -6.0 1.36e+01   1.1 4.20e-04 3.62e-03f  1
 136  2.3624811e+06 1.36e+01 8.68e+02  -6.0 1.41e+01   0.6 1.45e-03 6.98e-04f  1
 137  2.3603084e+06 1.36e+01 8.66e+02  -6.0 1.37e+01   1.0 3.04e-03 2.90e-03f  1
 138  2.3572615e+06 1.35e+01 8.63e+02  -6.0 1.43e+01   0.6 3.29e-04 3.31e-03f  1
 139  2.3550044e+06 1.35e+01 8.60e+02  -6.0 1.39e+01   1.0 1.29e-03 2.98e-03f  1
iter    objective    inf_pr   inf_du lg(mu)  ||d||  lg(rg) alpha_du alpha_pr  ls
 140  2.3490200e+06 1.34e+01 8.55e+02  -6.0 1.80e+01   0.5 2.77e-03 6.38e-03f  1
 141  2.3458903e+06 1.33e+01 8.51e+02  -6.0 1.42e+01   0.9 1.70e-03 4.08e-03f  1
 142  2.3450768e+06 1.33e+01 8.50e+02  -6.0 1.40e+01   1.4 1.09e-03 1.23e-03f  1
 143  2.3434964e+06 1.33e+01 8.49e+02  -6.0 1.44e+01   0.9 1.58e-03 2.02e-03f  1
 144  2.3418965e+06 1.33e+01 8.47e+02  -6.0 1.41e+01   1.3 5.20e-04 2.39e-03f  1
 145  2.3372884e+06 1.32e+01 8.42e+02  -6.0 1.45e+01   0.8 9.73e-04 5.77e-03f  1
 146  2.3364379e+06 1.32e+01 8.41e+02  -6.0 1.44e+01   1.3 1.22e-03 1.26e-03f  1
 147  2.3349250e+06 1.32e+01 8.39e+02  -6.0 1.48e+01   0.8 1.59e-03 1.86e-03f  1
 148  2.3345632e+06 1.31e+01 8.39e+02  -6.0 1.45e+01   1.2 1.32e-03 5.27e-04f  1
 149  2.3321435e+06 1.31e+01 8.36e+02  -6.0 1.49e+01   0.7 9.80e-04 2.92e-03f  1
iter    objective    inf_pr   inf_du lg(mu)  ||d||  lg(rg) alpha_du alpha_pr  ls
 150  2.3317878e+06 1.31e+01 8.36e+02  -6.0 1.47e+01   1.2 1.28e-03 5.09e-04f  1
 151  2.3279694e+06 1.30e+01 8.32e+02  -6.0 1.51e+01   0.7 4.38e-04 4.52e-03f  1
 152  2.3266038e+06 1.30e+01 8.30e+02  -6.0 1.48e+01   1.1 1.79e-03 1.93e-03f  1
 153  2.3264244e+06 1.30e+01 8.30e+02  -6.0 1.47e+01   1.5 7.43e-04 2.87e-04f  1
 154  2.3260248e+06 1.30e+01 8.30e+02  -6.0 1.49e+01   1.1 1.61e-03 5.55e-04f  1
 155  2.3246965e+06 1.30e+01 8.28e+02  -6.0 1.47e+01   1.5 8.47e-04 2.10e-03f  1
 156  2.3244441e+06 1.30e+01 8.28e+02  -6.0 1.50e+01   1.0 1.24e-03 3.44e-04f  1
 157  2.3232602e+06 1.30e+01 8.26e+02  -6.0 1.48e+01   1.4 3.21e-04 1.85e-03f  1
 158  2.3226269e+06 1.29e+01 8.25e+02  -6.0 1.51e+01   1.0 7.26e-04 8.47e-04f  1
 159  2.3217002e+06 1.29e+01 8.24e+02  -6.0 1.49e+01   1.4 2.95e-04 1.43e-03f  1
iter    objective    inf_pr   inf_du lg(mu)  ||d||  lg(rg) alpha_du alpha_pr  ls
 160  2.3207112e+06 1.29e+01 8.23e+02  -6.0 1.52e+01   0.9 2.97e-03 1.30e-03f  1
 161  2.3196721e+06 1.29e+01 8.22e+02  -6.0 1.50e+01   1.3 1.16e-03 1.59e-03f  1
 162  2.3175208e+06 1.29e+01 8.20e+02  -6.0 1.53e+01   0.8 1.70e-03 2.77e-03f  1
 163  2.3162532e+06 1.28e+01 8.18e+02  -6.0 1.51e+01   1.3 2.81e-04 1.91e-03f  1
 164  2.3162224e+06 1.28e+01 8.18e+02  -6.0 1.55e+01   0.8 1.04e-03 3.89e-05f  1
 165  2.3136642e+06 1.28e+01 8.15e+02  -6.0 1.52e+01   1.2 2.30e-04 3.81e-03f  1
 166  2.3131130e+06 1.28e+01 8.14e+02  -6.0 1.51e+01   1.7 6.18e-04 9.17e-04f  1
 167  2.3104370e+06 1.27e+01 8.11e+02  -6.0 1.53e+01   1.2 9.96e-04 3.93e-03f  1
 168  2.3095955e+06 1.27e+01 8.10e+02  -6.0 1.52e+01   1.6 1.43e-03 1.39e-03f  1
 169  2.3092944e+06 1.27e+01 8.09e+02  -6.0 1.52e+01   2.0 3.49e-04 5.33e-04f  1
iter    objective    inf_pr   inf_du lg(mu)  ||d||  lg(rg) alpha_du alpha_pr  ls
 170  2.3082085e+06 1.27e+01 8.08e+02  -6.0 1.53e+01   1.5 3.25e-04 1.80e-03f  1
 171  2.3081489e+06 1.27e+01 8.08e+02  -6.0 1.56e+01   1.1 4.36e-03 8.55e-05f  1
 172  2.3064145e+06 1.26e+01 8.06e+02  -6.0 1.54e+01   1.5 1.91e-03 2.81e-03f  1
 173  2.3054470e+06 1.26e+01 8.04e+02  -6.0 1.58e+01   1.0 4.02e-04 1.35e-03f  1
 174  2.3040809e+06 1.26e+01 8.03e+02  -6.0 1.55e+01   1.4 7.85e-04 2.19e-03f  1
 175  2.3020387e+06 1.26e+01 8.00e+02  -6.0 1.59e+01   1.0 9.25e-04 2.81e-03f  1
 176  2.3019103e+06 1.25e+01 8.00e+02  -6.0 1.57e+01   1.4 6.92e-04 2.04e-04f  1
 177  2.3017198e+06 1.25e+01 8.00e+02  -6.0 1.56e+01   1.8 9.60e-04 3.30e-04f  1
 178  2.2996104e+06 1.25e+01 8.11e+02  -6.0 1.58e+01   1.3 1.30e-03 3.31e-03f  1
 179  2.2991218e+06 1.25e+01 8.17e+02  -6.0 1.57e+01   1.8 3.32e-04 8.42e-04f  1
iter    objective    inf_pr   inf_du lg(mu)  ||d||  lg(rg) alpha_du alpha_pr  ls
 180  2.2960189e+06 1.24e+01 8.85e+02  -6.0 1.59e+01   1.3 1.41e-03 4.80e-03f  1
 181  2.2956485e+06 1.24e+01 8.88e+02  -6.0 1.58e+01   1.7 3.43e-04 6.36e-04f  1
 182  2.2951246e+06 1.24e+01 8.89e+02  -6.0 1.60e+01   1.2 6.12e-04 8.01e-04f  1
 183  2.2946408e+06 1.24e+01 8.94e+02  -6.0 1.59e+01   1.7 9.90e-04 8.24e-04f  1
 184  2.2928042e+06 1.24e+01 9.10e+02  -6.0 1.61e+01   1.2 3.68e-04 2.78e-03f  1
 185  2.2916595e+06 1.23e+01 9.34e+02  -6.0 1.60e+01   1.6 4.56e-04 1.94e-03f  1
 186  2.2905380e+06 1.23e+01 9.38e+02  -6.0 1.63e+01   1.1 2.44e-03 1.67e-03f  1
 187  2.2888287e+06 1.23e+01 9.85e+02  -6.0 1.60e+01   1.6 2.39e-03 2.86e-03f  1
 188  2.2872627e+06 1.23e+01 9.92e+02  -6.0 1.64e+01   1.1 1.08e-03 2.29e-03f  1
 189  2.2860766e+06 1.22e+01 1.01e+03  -6.0 1.62e+01   1.5 4.39e-04 1.97e-03f  1
iter    objective    inf_pr   inf_du lg(mu)  ||d||  lg(rg) alpha_du alpha_pr  ls
 190  2.2859553e+06 1.22e+01 1.01e+03  -6.0 1.61e+01   1.9 2.39e-04 2.17e-04f  1
 191  2.2850695e+06 1.22e+01 1.02e+03  -6.0 1.63e+01   1.5 1.26e-03 1.46e-03f  1
 192  2.2842320e+06 1.22e+01 1.05e+03  -6.0 1.62e+01   1.9 7.24e-04 1.49e-03f  1
 193  2.2840599e+06 1.22e+01 1.05e+03  -6.0 1.64e+01   1.4 1.06e-03 2.79e-04f  1
 194  2.2832857e+06 1.22e+01 1.07e+03  -6.0 1.63e+01   1.8 2.55e-04 1.37e-03f  1
 195  2.2826019e+06 1.22e+01 1.07e+03  -6.0 1.65e+01   1.4 2.43e-03 1.09e-03f  1
 196  2.2807558e+06 1.21e+01 1.18e+03  -6.0 1.63e+01   1.8 2.47e-04 3.24e-03f  1
 197  2.2778715e+06 1.21e+01 1.24e+03  -6.0 1.66e+01   1.3 1.85e-03 4.54e-03f  1
 198  2.2768536e+06 1.20e+01 1.26e+03  -6.0 1.65e+01   1.7 1.10e-03 1.77e-03f  1
 199  2.2759417e+06 1.20e+01 1.27e+03  -6.0 1.67e+01   1.3 9.03e-04 1.41e-03f  1
iter    objective    inf_pr   inf_du lg(mu)  ||d||  lg(rg) alpha_du alpha_pr  ls
 200  2.2755674e+06 1.20e+01 1.27e+03  -6.0 1.65e+01   1.7 2.65e-03 6.45e-04f  1
 201  2.2741852e+06 1.20e+01 1.28e+03  -6.0 3.52e+01   1.2 6.54e-04 2.13e-03f  1
 202  2.2738998e+06 1.20e+01 1.28e+03  -6.0 1.66e+01   1.6 1.01e-03 4.89e-04f  1
 203  2.2737545e+06 1.20e+01 1.28e+03  -6.0 1.65e+01   2.1 8.47e-04 2.65e-04f  1
 204  2.2726096e+06 1.20e+01 1.30e+03  -6.0 1.66e+01   1.6 2.81e-04 1.94e-03f  1
 205  2.2718845e+06 1.20e+01 1.33e+03  -6.0 1.65e+01   2.0 9.76e-04 1.32e-03f  1
 206  2.2700100e+06 1.19e+01 1.38e+03  -6.0 1.67e+01   1.5 9.08e-05 3.14e-03f  1
 207  2.2699262e+06 1.19e+01 1.38e+03  -6.0 1.66e+01   2.0 7.03e-04 1.51e-04f  1
 208  2.2684652e+06 1.19e+01 1.40e+03  -6.0 1.68e+01   1.5 9.75e-04 2.41e-03f  1
 209  2.2683812e+06 1.19e+01 1.40e+03  -6.0 1.67e+01   1.9 9.35e-04 1.50e-04f  1
iter    objective    inf_pr   inf_du lg(mu)  ||d||  lg(rg) alpha_du alpha_pr  ls
 210  2.2674861e+06 1.19e+01 1.41e+03  -6.0 1.69e+01   1.4 4.83e-04 1.45e-03f  1
 211  2.2667864e+06 1.18e+01 1.43e+03  -6.0 1.67e+01   1.9 1.99e-03 1.24e-03f  1
 212  2.2659598e+06 1.18e+01 1.43e+03  -6.0 1.69e+01   1.4 1.00e-03 1.32e-03f  1
 213  2.2656907e+06 1.18e+01 1.43e+03  -6.0 1.68e+01   1.8 1.34e-03 4.73e-04f  1
 214  2.2639531e+06 1.18e+01 1.45e+03  -6.0 1.70e+01   1.3 1.03e-03 2.74e-03f  1
 215  2.2635657e+06 1.18e+01 1.46e+03  -6.0 1.68e+01   1.8 1.46e-03 6.77e-04f  1
 216  2.2621803e+06 1.18e+01 1.46e+03  -6.0 1.71e+01   1.3 6.27e-04 2.17e-03f  1
 217  2.2617236e+06 1.18e+01 1.47e+03  -6.0 1.69e+01   1.7 3.64e-04 7.92e-04f  1
 218  2.2616306e+06 1.18e+01 1.47e+03  -6.0 4.56e+02   1.2 4.49e-04 1.69e-04f  1
 219  2.2614987e+06 1.17e+01 1.47e+03  -6.0 1.69e+01   1.6 1.31e-05 2.27e-04f  1
iter    objective    inf_pr   inf_du lg(mu)  ||d||  lg(rg) alpha_du alpha_pr  ls
 220  2.2613597e+06 1.17e+01 1.47e+03  -6.0 1.68e+01   2.1 2.99e-04 2.55e-04f  1
 221  2.2603501e+06 1.17e+01 1.49e+03  -6.0 1.70e+01   1.6 1.64e-03 1.72e-03f  1
 222  2.2601312e+06 1.17e+01 1.49e+03  -6.0 1.69e+01   2.0 2.51e-04 3.99e-04f  1
 223  2.2585911e+06 1.17e+01 1.52e+03  -6.0 1.71e+01   1.5 5.95e-04 2.59e-03f  1
 224  2.2584230e+06 1.17e+01 1.52e+03  -6.0 1.70e+01   2.0 1.20e-03 3.05e-04f  1
 225  2.2565004e+06 1.16e+01 1.57e+03  -6.0 1.72e+01   1.5 7.75e-04 3.19e-03f  1
 226  2.2555645e+06 1.16e+01 1.60e+03  -6.0 1.71e+01   1.9 2.87e-03 1.69e-03f  1
 227  2.2554399e+06 1.16e+01 1.60e+03  -6.0 1.75e+01   1.4 3.65e-03 2.04e-04f  1
 228  2.2550640e+06 1.16e+01 1.61e+03  -6.0 1.74e+01   1.9 1.77e-04 6.73e-04f  1
 229  2.2540042e+06 1.16e+01 1.62e+03  -6.0 1.76e+01   1.4 5.08e-04 1.72e-03f  1
iter    objective    inf_pr   inf_du lg(mu)  ||d||  lg(rg) alpha_du alpha_pr  ls
 230  2.2539523e+06 1.16e+01 1.62e+03  -6.0 1.74e+01   1.8 6.36e-04 9.24e-05f  1
 231  2.2528343e+06 1.16e+01 1.62e+03  -6.0 1.76e+01   1.3 3.87e-04 1.79e-03f  1
 232  2.2528233e+06 1.16e+01 1.62e+03  -6.0 1.74e+01   1.8 5.03e-04 1.96e-05f  1
 233  2.2527413e+06 1.16e+01 1.62e+03  -6.0 1.76e+01   1.3 1.05e-03 1.30e-04f  1
 234  2.2521243e+06 1.16e+01 1.63e+03  -6.0 1.75e+01   1.7 2.95e-05 1.08e-03f  1
 235  2.2505935e+06 1.15e+01 1.64e+03  -6.0 3.65e+01   1.2 1.77e-03 2.40e-03f  1
 236  2.2494777e+06 1.15e+01 1.67e+03  -6.0 1.75e+01   1.7 4.39e-03 1.94e-03f  1
 237  2.2490542e+06 1.15e+01 1.68e+03  -6.0 1.74e+01   2.1 1.67e-03 7.86e-04f  1
 238  2.2486209e+06 1.15e+01 1.68e+03  -6.0 1.76e+01   1.6 6.06e-04 7.45e-04f  1
 239  2.2486016e+06 1.15e+01 1.68e+03  -6.0 1.74e+01   2.0 3.65e-04 3.59e-05f  1
iter    objective    inf_pr   inf_du lg(mu)  ||d||  lg(rg) alpha_du alpha_pr  ls
 240  2.2461894e+06 1.14e+01 1.78e+03  -6.0 1.76e+01   1.6 2.29e-04 4.12e-03f  1
 241  2.2458689e+06 1.14e+01 1.78e+03  -6.0 1.75e+01   2.0 5.97e-04 5.88e-04f  1
 242  2.2455369e+06 1.14e+01 1.78e+03  -6.0 1.76e+01   1.5 1.32e-03 5.60e-04f  1
 243  2.2447427e+06 1.14e+01 1.81e+03  -6.0 1.75e+01   1.9 5.99e-06 1.45e-03f  1
 244  2.2447214e+06 1.14e+01 1.81e+03  -6.0 1.77e+01   1.5 1.96e-03 3.52e-05f  1
 245  2.2432031e+06 1.14e+01 1.91e+03  -6.0 1.76e+01   1.9 1.34e-03 2.75e-03f  1
 246  2.2427500e+06 1.14e+01 1.91e+03  -6.0 1.78e+01   1.4 2.58e-03 7.43e-04f  1
 247  2.2421836e+06 1.14e+01 1.92e+03  -6.0 1.76e+01   1.8 4.65e-04 1.02e-03f  1
 248  2.2420824e+06 1.14e+01 1.92e+03  -6.0 1.78e+01   1.4 6.62e-04 1.65e-04f  1
 249  2.2410698e+06 1.13e+01 1.95e+03  -6.0 1.77e+01   1.8 7.49e-04 1.82e-03f  1
iter    objective    inf_pr   inf_du lg(mu)  ||d||  lg(rg) alpha_du alpha_pr  ls
 250  2.2410290e+06 1.13e+01 1.95e+03  -6.0 1.76e+01   2.2 7.72e-05 7.77e-05f  1
 251  2.2398440e+06 1.13e+01 1.98e+03  -6.0 1.77e+01   1.7 7.23e-04 2.10e-03f  1
 252  2.2396625e+06 1.13e+01 1.98e+03  -6.0 1.76e+01   2.2 3.30e-05 3.42e-04f  1
 253  2.2388930e+06 1.13e+01 2.00e+03  -6.0 1.77e+01   1.7 6.19e-06 1.35e-03f  1
 254  2.2384890e+06 1.13e+01 2.01e+03  -6.0 1.76e+01   2.1 1.55e-04 7.54e-04f  1
 255  2.2368686e+06 1.13e+01 2.05e+03  -6.0 1.78e+01   1.6 3.10e-03 2.80e-03f  1
 256  2.2356886e+06 1.12e+01 2.14e+03  -6.0 1.77e+01   2.1 1.74e-03 2.18e-03f  1
 257  2.2348030e+06 1.12e+01 2.15e+03  -6.0 1.79e+01   1.6 1.12e-03 1.51e-03f  1
 258  2.2347597e+06 1.12e+01 2.15e+03  -6.0 1.77e+01   2.0 5.01e-05 8.00e-05f  1
 259  2.2331177e+06 1.12e+01 2.19e+03  -6.0 1.79e+01   1.5 1.15e-03 2.78e-03f  1
iter    objective    inf_pr   inf_du lg(mu)  ||d||  lg(rg) alpha_du alpha_pr  ls
 260  2.2330420e+06 1.12e+01 2.19e+03  -6.0 1.78e+01   2.0 4.92e-04 1.39e-04f  1
 261  2.2321108e+06 1.12e+01 2.19e+03  -6.0 1.80e+01   1.5 3.28e-03 1.56e-03f  1
 262  2.2308149e+06 1.11e+01 2.26e+03  -6.0 1.78e+01   1.9 1.08e-03 2.36e-03f  1
 263  2.2283690e+06 1.11e+01 2.31e+03  -6.0 1.80e+01   1.4 1.08e-03 4.08e-03f  1
 264  2.2283516e+06 1.11e+01 2.31e+03  -6.0 1.79e+01   1.9 3.86e-04 3.17e-05f  1
 265  2.2282469e+06 1.11e+01 2.31e+03  -6.0 1.78e+01   2.3 2.46e-04 2.00e-04f  1
 266  2.2279289e+06 1.11e+01 2.31e+03  -6.0 1.79e+01   1.8 4.19e-04 5.73e-04f  1
 267  2.2274427e+06 1.11e+01 2.34e+03  -6.0 1.78e+01   2.2 6.01e-04 9.25e-04f  1
 268  2.2264995e+06 1.11e+01 2.36e+03  -6.0 1.80e+01   1.8 1.36e-03 1.69e-03f  1
 269  2.2264874e+06 1.11e+01 2.36e+03  -6.0 1.79e+01   2.2 4.78e-04 2.31e-05f  1
iter    objective    inf_pr   inf_du lg(mu)  ||d||  lg(rg) alpha_du alpha_pr  ls
 270  2.2256105e+06 1.10e+01 2.37e+03  -6.0 1.80e+01   1.7 5.21e-07 1.56e-03f  1
 271  2.2250703e+06 1.10e+01 2.40e+03  -6.0 1.79e+01   2.1 1.89e-03 1.02e-03f  1
 272  2.2233942e+06 1.10e+01 2.45e+03  -6.0 1.81e+01   1.6 5.35e-04 2.95e-03f  1
 273  2.2231742e+06 1.10e+01 2.45e+03  -6.0 1.80e+01   2.1 3.52e-04 4.14e-04f  1
 274  2.2219525e+06 1.10e+01 2.47e+03  -6.0 1.81e+01   1.6 3.15e-03 2.13e-03f  1
 275  2.2209302e+06 1.09e+01 2.53e+03  -6.0 1.80e+01   2.0 1.94e-03 1.92e-03f  1
 276  2.2208878e+06 1.09e+01 2.53e+03  -6.0 1.82e+01   1.5 9.10e-04 7.36e-05f  1
 277  2.2204431e+06 1.09e+01 2.54e+03  -6.0 1.80e+01   2.0 1.50e-04 8.31e-04f  1
 278  2.2203447e+06 1.09e+01 2.54e+03  -6.0 1.93e+01   1.5 8.57e-04 1.70e-04f  1
 279  2.2202624e+06 1.09e+01 2.54e+03  -6.0 1.80e+01   1.9 9.06e-05 1.53e-04f  1
In iteration 279, 1 Slack too small, adjusting variable bound
iter    objective    inf_pr   inf_du lg(mu)  ||d||  lg(rg) alpha_du alpha_pr  ls
 280  2.2201825e+06 1.09e+01 2.54e+03  -6.0 1.80e+01   2.3 1.30e-04 1.55e-04f  1
 281  2.2189346e+06 1.09e+01 2.59e+03  -6.0 1.81e+01   1.9 1.40e-04 2.29e-03f  1
 282  2.2186566e+06 1.09e+01 2.60e+03  -6.0 1.80e+01   2.3 9.69e-04 5.37e-04f  1
 283  2.2173238e+06 1.09e+01 2.66e+03  -6.0 1.82e+01   1.8 5.39e-04 2.43e-03f  1
 284  2.2169386e+06 1.09e+01 2.67e+03  -6.0 1.81e+01   2.2 1.21e-03 7.43e-04f  1
 285  2.2169111e+06 1.09e+01 2.67e+03  -6.0 1.82e+01   1.8 3.92e-04 4.99e-05f  1
 286  2.2164493e+06 1.09e+01 2.69e+03  -6.0 1.81e+01   2.2 1.02e-06 8.86e-04f  1
 287  2.2162411e+06 1.09e+01 2.69e+03  -6.0 1.82e+01   1.7 9.83e-04 3.74e-04f  1
 288  2.2161725e+06 1.09e+01 2.69e+03  -6.0 1.81e+01   2.1 1.24e-03 1.31e-04f  1
 289  2.2145517e+06 1.08e+01 2.74e+03  -6.0 1.83e+01   1.7 1.53e-03 2.89e-03f  1
iter    objective    inf_pr   inf_du lg(mu)  ||d||  lg(rg) alpha_du alpha_pr  ls
 290  2.2144542e+06 1.08e+01 2.74e+03  -6.0 1.82e+01   2.1 6.61e-04 1.85e-04f  1
 291  2.2140739e+06 1.08e+01 2.74e+03  -6.0 1.83e+01   1.6 1.09e-04 6.74e-04f  1
 292  2.2132476e+06 1.08e+01 2.78e+03  -6.0 1.82e+01   2.0 2.96e-04 1.57e-03f  1
 293  2.2132284e+06 1.08e+01 2.78e+03  -6.0 1.83e+01   1.6 7.03e-04 3.41e-05f  1
 294  2.2131145e+06 1.08e+01 2.78e+03  -6.0 1.82e+01   2.0 1.04e-03 2.16e-04f  1
In iteration 294, 1 Slack too small, adjusting variable bound
 295  2.2129868e+06 1.08e+01 2.78e+03  -6.0 1.81e+01   2.4 2.59e-04 2.54e-04f  1
 296  2.2125278e+06 1.08e+01 2.79e+03  -6.0 1.82e+01   1.9 1.15e-04 8.70e-04f  1
In iteration 296, 1 Slack too small, adjusting variable bound
 297  2.2121345e+06 1.08e+01 2.81e+03  -6.0 1.81e+01   2.4 2.54e-04 7.81e-04f  1
 298  2.2117141e+06 1.08e+01 2.82e+03  -6.0 1.82e+01   1.9 1.25e-03 7.91e-04f  1
 299  2.2108410e+06 1.07e+01 2.92e+03  -6.0 1.82e+01   2.3 1.32e-05 1.72e-03f  1
iter    objective    inf_pr   inf_du lg(mu)  ||d||  lg(rg) alpha_du alpha_pr  ls
 300  2.2108385e+06 1.07e+01 2.92e+03  -6.0 1.82e+01   1.8 5.59e-04 4.62e-06h  1

Number of Iterations....: 300

                                   (scaled)                 (unscaled)
Objective...............:   1.8061325752892761e+04    2.2108385363262417e+06
Dual infeasibility......:   2.9157155209699563e+03    3.5690493172642560e+05
Constraint violation....:   4.9091669418192350e+00    1.0743621508564265e+01
Variable bound violation:   1.3833015843900398e-08    1.3833015843900398e-08
Complementarity.........:   3.4655141569638531e+01    4.2420431098047784e+03
Overall NLP error.......:   2.9157155209699563e+03    3.5690493172642560e+05


Number of objective function evaluations             = 301
Number of objective gradient evaluations             = 301
Number of equality constraint evaluations            = 301
Number of inequality constraint evaluations          = 302
Number of equality constraint Jacobian evaluations   = 301
Number of inequality constraint Jacobian evaluations = 301
Number of Lagrangian Hessian evaluations             = 300
Total seconds in IPOPT                               = 103.540

EXIT: Maximum Number of Iterations Exceeded.

