Solver command line: ['/opt/homebrew/bin/ipopt', '/var/folders/6y/bvynbx6n3zv7z3lwg6vd724r0000gn/T/tmpnmizd5fu.pyomo.nl', '-AMPL', 'tol=1e-06', 'max_iter=300', 'print_level=5', 'warm_start_init_point=yes', 'warm_start_bound_push=1e-06', 'warm_start_bound_frac=1e-06', 'warm_start_mult_bound_push=1e-06', 'mu_init=1e-06', 'least_square_init_duals=no']

Ipopt 3.14.19: tol=1e-06
max_iter=300
print_level=5
warm_start_init_point=yes
warm_start_bound_push=1e-06
warm_start_bound_frac=1e-06
warm_start_mult_bound_push=1e-06
mu_init=1e-06
least_square_init_duals=no


******************************************************************************
This program contains Ipopt, a library for large-scale nonlinear optimization.
 Ipopt is released as open source code under the Eclipse Public License (EPL).
         For more information visit https://github.com/coin-or/Ipopt
******************************************************************************

This is Ipopt version 3.14.19, running with linear solver MUMPS 5.6.2.

Number of nonzeros in equality constraint Jacobian...:   145957
Number of nonzeros in inequality constraint Jacobian.:   105544
Number of nonzeros in Lagrangian Hessian.............:    81479

Total number of variables............................:    24020
                     variables with only lower bounds:        0
                variables with lower and upper bounds:    24020
                     variables with only upper bounds:        0
Total number of equality constraints.................:    20001
Total number of inequality constraints...............:    26386
        inequality constraints with only lower bounds:        0
   inequality constraints with lower and upper bounds:        0
        inequality constraints with only upper bounds:    26386

iter    objective    inf_pr   inf_du lg(mu)  ||d||  lg(rg) alpha_du alpha_pr  ls
   0  3.0503288e+06 1.90e+01 1.21e+03  -6.0 0.00e+00    -  0.00e+00 0.00e+00   0
   1  3.0261245e+06 1.88e+01 1.20e+03  -6.0 2.49e+01  -2.0 1.17e-02 1.28e-02f  1
   2  3.0244020e+06 1.88e+01 1.20e+03  -6.0 2.89e+01  -1.6 2.74e-02 9.37e-04f  1
   3  3.0110917e+06 1.86e+01 1.19e+03  -6.0 3.43e+01  -2.1 1.34e-02 7.18e-03f  1
   4  2.9986454e+06 1.85e+01 1.18e+03  -6.0 4.14e+01  -1.6 8.41e-03 6.90e-03f  1
   5  2.9940270e+06 1.85e+01 1.18e+03  -6.0 5.63e+01  -2.1 5.05e-02 2.56e-03f  1
   6  2.9752329e+06 1.83e+01 1.16e+03  -6.0 6.54e+01  -2.6 2.88e-02 1.04e-02f  1
   7  2.9726662e+06 1.82e+01 1.16e+03  -6.0 8.70e+01  -3.1 5.96e-02 1.44e-03f  1
   8  2.9615895e+06 1.81e+01 1.15e+03  -6.0 8.55e+01  -2.6 3.07e-02 6.24e-03f  1
   9  2.9364260e+06 1.79e+01 1.14e+03  -6.0 9.93e+01  -3.1 4.85e-02 1.42e-02f  1
iter    objective    inf_pr   inf_du lg(mu)  ||d||  lg(rg) alpha_du alpha_pr  ls
  10  2.9286835e+06 1.78e+01 1.13e+03  -6.0 1.16e+02  -2.7 2.26e-02 4.49e-03f  1
  11  2.9262623e+06 1.78e+01 1.13e+03  -6.0 1.31e+02  -3.2 3.53e-02 1.40e-03f  1
  12  2.9231797e+06 1.77e+01 1.13e+03  -6.0 2.27e+01  -0.9 1.98e-03 1.98e-03f  1
  13  2.9053609e+06 1.75e+01 1.12e+03  -6.0 4.37e+01  -1.4 9.65e-03 1.12e-02f  1
  14  2.8960543e+06 1.74e+01 1.11e+03  -6.0 7.36e+01  -1.9 1.38e-02 5.76e-03f  1
  15  2.8647468e+06 1.71e+01 1.09e+03  -6.0 1.02e+02  -2.4 2.98e-02 1.91e-02f  1
  16  2.8596556e+06 1.70e+01 1.08e+03  -6.0 1.31e+02  -2.8 9.45e-02 3.15e-03f  1
  17  2.8318162e+06 1.67e+01 1.06e+03  -6.0 1.13e+02  -2.4 9.52e-02 1.76e-02f  1
  18  2.8235196e+06 1.67e+01 1.06e+03  -6.0 1.44e+02  -2.9 9.89e-02 5.28e-03f  1
  19  2.7920805e+06 1.63e+01 1.04e+03  -6.0 1.22e+02  -2.5 7.78e-02 2.04e-02f  1
iter    objective    inf_pr   inf_du lg(mu)  ||d||  lg(rg) alpha_du alpha_pr  ls
  20  2.7890658e+06 1.63e+01 1.04e+03  -6.0 2.61e+01  -1.1 2.92e-03 2.17e-03f  1
  21  2.7719783e+06 1.61e+01 1.02e+03  -6.0 4.76e+01  -1.6 3.80e-02 1.20e-02f  1
  22  2.7596100e+06 1.59e+01 1.01e+03  -6.0 8.70e+01  -2.1 4.07e-02 8.58e-03f  1
  23  2.7341537e+06 1.56e+01 9.96e+02  -6.0 5.03e+01  -1.7 4.60e-02 1.84e-02f  1
  24  2.7276605e+06 1.56e+01 9.91e+02  -6.0 3.25e+01  -1.2 3.16e-02 4.92e-03f  1
  25  2.7037643e+06 1.53e+01 9.73e+02  -6.0 5.24e+01  -1.7 4.21e-02 1.78e-02f  1
  26  2.6942442e+06 1.52e+01 9.66e+02  -6.0 3.49e+01  -1.3 2.11e-02 7.39e-03f  1
  27  2.6846141e+06 1.51e+01 9.59e+02  -6.0 2.82e+01  -0.9 2.15e-03 7.65e-03f  1
  28  2.6826062e+06 1.50e+01 9.57e+02  -6.0 3.60e+01  -1.3 6.72e-03 1.58e-03f  1
  29  2.6823611e+06 1.50e+01 9.57e+02  -6.0 2.92e+01  -0.9 2.94e-03 1.96e-04f  1
iter    objective    inf_pr   inf_du lg(mu)  ||d||  lg(rg) alpha_du alpha_pr  ls
  30  2.6788912e+06 1.50e+01 9.55e+02  -6.0 3.66e+01  -1.4 6.26e-04 2.74e-03f  1
  31  2.6777853e+06 1.50e+01 9.54e+02  -6.0 3.02e+01  -1.0 1.83e-02 8.90e-04f  1
  32  2.6752283e+06 1.50e+01 9.52e+02  -6.0 3.73e+01  -1.4 2.01e-03 2.02e-03f  1
  33  2.6497282e+06 1.46e+01 9.33e+02  -6.0 3.11e+01  -1.0 1.69e-02 2.06e-02f  1
  34  2.6443727e+06 1.46e+01 9.28e+02  -6.0 2.18e+01  -0.6 3.74e-02 4.48e-03f  1
  35  2.6427111e+06 1.46e+01 9.27e+02  -6.0 3.15e+01  -1.1 1.63e-02 1.37e-03f  1
  36  2.6402490e+06 1.45e+01 9.25e+02  -6.0 2.21e+01  -0.6 1.01e-03 2.07e-03f  1
  37  2.6335515e+06 1.44e+01 9.20e+02  -6.0 3.23e+01  -1.1 7.49e-03 5.55e-03f  1
  38  2.6266937e+06 1.44e+01 9.15e+02  -6.0 2.29e+01  -0.7 3.03e-03 5.82e-03f  1
  39  2.6246978e+06 1.43e+01 9.13e+02  -6.0 3.28e+01  -1.2 5.08e-03 1.68e-03f  1
iter    objective    inf_pr   inf_du lg(mu)  ||d||  lg(rg) alpha_du alpha_pr  ls
  40  2.6230607e+06 1.43e+01 9.12e+02  -6.0 2.38e+01  -0.7 2.53e-02 1.40e-03f  1
  41  2.6180130e+06 1.43e+01 9.08e+02  -6.0 3.32e+01  -1.2 5.28e-03 4.25e-03f  1
  42  2.6095839e+06 1.42e+01 9.02e+02  -6.0 4.46e+01  -1.7 1.57e-02 6.95e-03f  1
  43  2.6015025e+06 1.41e+01 8.96e+02  -6.0 3.40e+01  -1.3 1.12e-02 6.87e-03f  1
  44  2.5963713e+06 1.40e+01 8.92e+02  -6.0 4.68e+01  -1.7 4.45e-02 4.28e-03f  1
  45  2.5918423e+06 1.39e+01 8.88e+02  -6.0 3.40e+01  -1.3 2.87e-02 3.88e-03f  1
  46  2.5908099e+06 1.39e+01 8.88e+02  -6.0 2.40e+01  -0.9 1.65e-02 8.99e-04f  1
  47  2.5766939e+06 1.38e+01 8.77e+02  -6.0 3.50e+01  -1.4 3.91e-02 1.22e-02f  1
  48  2.5713119e+06 1.37e+01 8.73e+02  -6.0 2.50e+01  -0.9 1.91e-02 4.77e-03f  1
  49  2.5696104e+06 1.37e+01 8.71e+02  -6.0 3.25e+01  -1.4 1.83e-02 1.48e-03f  1
iter    objective    inf_pr   inf_du lg(mu)  ||d||  lg(rg) alpha_du alpha_pr  ls
  50  2.5559756e+06 1.35e+01 8.61e+02  -6.0 2.83e+01  -1.0 6.77e-03 1.22e-02f  1
  51  2.5444823e+06 1.34e+01 8.52e+02  -6.0 3.78e+01  -1.5 5.75e-02 1.02e-02f  1
  52  2.5367324e+06 1.33e+01 8.46e+02  -6.0 2.82e+01  -1.0 2.85e-02 7.10e-03f  1
  53  2.5352177e+06 1.33e+01 8.45e+02  -6.0 3.71e+01  -1.5 2.49e-02 1.36e-03f  1
  54  2.5264501e+06 1.32e+01 8.38e+02  -6.0 2.93e+01  -1.1 1.38e-02 8.11e-03f  1
  55  2.5230503e+06 1.31e+01 8.36e+02  -6.0 1.92e+01  -0.7 2.51e-02 3.23e-03f  1
  56  2.5222656e+06 1.31e+01 8.35e+02  -6.0 2.94e+01  -1.1 6.09e-02 7.33e-04f  1
  57  2.5134325e+06 1.30e+01 8.28e+02  -6.0 1.93e+01  -0.7 2.01e-02 8.44e-03f  1
  58  2.5124515e+06 1.30e+01 8.27e+02  -6.0 2.90e+01  -1.2 6.65e-03 9.26e-04f  1
  59  2.5074670e+06 1.29e+01 8.23e+02  -6.0 1.98e+01  -0.8 2.22e-02 4.81e-03f  1
iter    objective    inf_pr   inf_du lg(mu)  ||d||  lg(rg) alpha_du alpha_pr  ls
  60  2.5062795e+06 1.29e+01 8.22e+02  -6.0 3.02e+01  -1.3 2.96e-02 1.13e-03f  1
  61  2.5001396e+06 1.28e+01 8.17e+02  -6.0 2.11e+01  -0.8 1.82e-02 5.98e-03f  1
  62  2.4825106e+06 1.26e+01 8.04e+02  -6.0 3.18e+01  -1.3 2.90e-02 1.69e-02f  1
  63  2.4793780e+06 1.26e+01 8.01e+02  -6.0 2.20e+01  -0.9 5.00e-02 3.13e-03f  1
  64  2.4747667e+06 1.25e+01 7.98e+02  -6.0 3.10e+01  -1.4 2.32e-02 4.50e-03f  1
  65  2.4736650e+06 1.25e+01 7.97e+02  -6.0 2.36e+01  -0.9 2.43e-02 1.11e-03f  1
  66  2.4705834e+06 1.25e+01 7.94e+02  -6.0 3.57e+01  -1.4 8.33e-03 3.03e-03f  1
  67  2.4646097e+06 1.24e+01 7.90e+02  -6.0 2.59e+01  -1.0 1.42e-02 6.08e-03f  1
  68  2.4558436e+06 1.23e+01 7.82e+02  -6.0 1.68e+01  -0.6 3.06e-02 9.20e-03f  1
  69  2.4540213e+06 1.23e+01 7.81e+02  -6.0 2.69e+01  -1.0 6.49e-03 1.88e-03f  1
iter    objective    inf_pr   inf_du lg(mu)  ||d||  lg(rg) alpha_du alpha_pr  ls
  70  2.4486955e+06 1.22e+01 7.76e+02  -6.0 1.80e+01  -0.6 1.90e-02 5.66e-03f  1
  71  2.4449613e+06 1.21e+01 7.73e+02  -6.0 2.82e+01  -1.1 9.78e-03 3.90e-03f  1
  72  2.4407145e+06 1.21e+01 7.70e+02  -6.0 1.92e+01  -0.7 4.93e-02 4.57e-03f  1
  73  2.4335957e+06 1.20e+01 7.64e+02  -6.0 2.93e+01  -1.1 1.13e-02 7.48e-03f  1
  74  2.4293022e+06 1.19e+01 7.61e+02  -6.0 2.02e+01  -0.7 3.02e-02 4.65e-03f  1
  75  2.4092567e+06 1.17e+01 7.45e+02  -6.0 3.04e+01  -1.2 3.46e-03 2.14e-02f  1
  76  2.4082866e+06 1.17e+01 7.44e+02  -6.0 2.14e+01  -0.8 1.83e-02 1.09e-03f  1
  77  2.4033243e+06 1.16e+01 7.40e+02  -6.0 3.15e+01  -1.2 3.71e-02 5.41e-03f  1
  78  2.3982223e+06 1.15e+01 7.36e+02  -6.0 2.24e+01  -0.8 2.89e-02 5.79e-03f  1
  79  2.3977146e+06 1.15e+01 7.35e+02  -6.0 3.24e+01  -1.3 2.24e-03 5.58e-04f  1
iter    objective    inf_pr   inf_du lg(mu)  ||d||  lg(rg) alpha_du alpha_pr  ls
  80  2.3923105e+06 1.15e+01 7.31e+02  -6.0 2.35e+01  -0.9 2.98e-02 6.16e-03f  1
  81  2.3913260e+06 1.14e+01 7.30e+02  -6.0 5.38e+01  -1.3 3.99e-03 1.08e-03f  1
  82  2.3829874e+06 1.13e+01 7.23e+02  -6.0 2.47e+01  -0.9 6.03e-02 9.55e-03f  1
  83  2.3767768e+06 1.13e+01 7.18e+02  -6.0 1.70e+01  -0.5 1.88e-02 7.37e-03f  1
  84  2.3760044e+06 1.12e+01 7.17e+02  -6.0 2.63e+01  -1.0 6.62e-03 8.95e-04f  1
  85  2.3748369e+06 1.12e+01 7.16e+02  -6.0 1.83e+01  -0.5 4.77e-03 1.39e-03f  1
  86  2.3729133e+06 1.12e+01 7.14e+02  -6.0 2.74e+01  -1.0 3.47e-02 2.24e-03f  1
  87  2.3690717e+06 1.11e+01 7.11e+02  -6.0 1.92e+01  -0.6 9.40e-03 4.60e-03f  1
  88  2.3669961e+06 1.11e+01 7.09e+02  -6.0 2.86e+01  -1.1 1.57e-02 2.43e-03f  1
  89  2.3664522e+06 1.11e+01 7.09e+02  -6.0 2.03e+01  -0.6 2.61e-03 6.56e-04f  1
iter    objective    inf_pr   inf_du lg(mu)  ||d||  lg(rg) alpha_du alpha_pr  ls
  90  2.3623882e+06 1.11e+01 7.06e+02  -6.0 2.96e+01  -1.1 1.10e-02 4.75e-03f  1
  91  2.3623841e+06 1.11e+01 7.05e+02  -6.0 2.12e+01  -0.7 7.24e-03 4.96e-06f  1
  92  2.3533066e+06 1.09e+01 6.98e+02  -6.0 3.06e+01  -1.2 4.63e-02 1.06e-02f  1
  93  2.3510056e+06 1.09e+01 6.96e+02  -6.0 2.22e+01  -0.7 8.75e-03 2.82e-03f  1
  94  2.3431277e+06 1.08e+01 6.90e+02  -6.0 3.17e+01  -1.2 1.13e-02 9.33e-03f  1
  95  2.3417947e+06 1.08e+01 6.88e+02  -6.0 2.32e+01  -0.8 1.32e-02 1.66e-03f  1
  96  2.3349422e+06 1.07e+01 6.83e+02  -6.0 1.62e+01  -0.4 1.66e-02 8.70e-03f  1
  97  2.3333850e+06 1.07e+01 6.81e+02  -6.0 2.45e+01  -0.8 1.65e-02 1.95e-03f  1
  98  2.3260578e+06 1.06e+01 6.75e+02  -6.0 1.74e+01  -0.4 4.60e-03 9.41e-03f  1
  99  2.3194585e+06 1.05e+01 6.69e+02  -6.0 2.59e+01  -0.9 3.40e-02 8.36e-03f  1
iter    objective    inf_pr   inf_du lg(mu)  ||d||  lg(rg) alpha_du alpha_pr  ls
 100  2.3186424e+06 1.05e+01 6.68e+02  -6.0 1.86e+01  -0.5 1.87e-02 1.07e-03f  1
 101  2.3177224e+06 1.05e+01 6.68e+02  -6.0 2.70e+01  -0.9 2.53e-03 1.18e-03f  1
 102  2.3159656e+06 1.04e+01 6.66e+02  -6.0 1.94e+01  -0.5 2.15e-02 2.31e-03f  1
 103  2.3142587e+06 1.04e+01 6.65e+02  -6.0 2.80e+01  -1.0 2.93e-03 2.18e-03f  1
 104  2.3113202e+06 1.04e+01 6.62e+02  -6.0 2.03e+01  -0.6 1.93e-02 3.87e-03f  1
 105  2.3096632e+06 1.04e+01 6.61e+02  -6.0 2.91e+01  -1.0 7.09e-03 2.12e-03f  1
 106  2.3059275e+06 1.03e+01 6.57e+02  -6.0 2.13e+01  -0.6 1.94e-02 4.95e-03f  1
 107  2.3048344e+06 1.03e+01 6.57e+02  -6.0 1.52e+01  -0.2 9.92e-03 1.47e-03f  1
 108  2.3000686e+06 1.02e+01 6.52e+02  -6.0 2.23e+01  -0.7 1.15e-02 6.36e-03f  1
 109  2.2988270e+06 1.02e+01 6.51e+02  -6.0 1.60e+01  -0.2 1.68e-02 1.69e-03f  1
iter    objective    inf_pr   inf_du lg(mu)  ||d||  lg(rg) alpha_du alpha_pr  ls
 110  2.2923069e+06 1.01e+01 6.46e+02  -6.0 2.34e+01  -0.7 4.85e-03 8.77e-03f  1
 111  2.2900365e+06 1.01e+01 6.44e+02  -6.0 1.69e+01  -0.3 2.85e-02 3.14e-03f  1
 112  2.2890738e+06 1.01e+01 6.43e+02  -6.0 2.44e+01  -0.8 6.79e-03 1.31e-03f  1
 113  2.2865097e+06 1.00e+01 6.40e+02  -6.0 1.78e+01  -0.3 1.64e-02 3.57e-03f  1
 114  2.2767393e+06 9.91e+00 6.32e+02  -6.0 2.54e+01  -0.8 3.18e-02 1.33e-02f  1
 115  2.2656742e+06 9.75e+00 6.22e+02  -6.0 1.87e+01  -0.4 1.99e-02 1.57e-02f  1
 116  2.2645788e+06 9.74e+00 6.21e+02  -6.0 2.65e+01  -0.9 2.50e-02 1.54e-03f  1
 117  2.2606595e+06 9.68e+00 6.18e+02  -6.0 1.98e+01  -0.5 2.15e-02 5.68e-03f  1
 118  2.2558827e+06 9.61e+00 6.13e+02  -6.0 1.46e+01  -0.0 1.50e-02 6.96e-03f  1
 119  2.2545050e+06 9.59e+00 6.12e+02  -6.0 2.12e+01  -0.5 7.58e-03 2.03e-03f  1
iter    objective    inf_pr   inf_du lg(mu)  ||d||  lg(rg) alpha_du alpha_pr  ls
 120  2.2535960e+06 9.58e+00 6.11e+02  -6.0 1.61e+01  -0.1 1.98e-02 1.35e-03f  1
 121  2.2481893e+06 9.50e+00 6.06e+02  -6.0 2.27e+01  -0.6 1.43e-02 7.99e-03f  1
 122  2.2461974e+06 9.48e+00 6.05e+02  -6.0 1.70e+01  -0.1 7.84e-03 3.00e-03f  1
 123  2.2434704e+06 9.44e+00 6.02e+02  -6.0 2.37e+01  -0.6 2.63e-02 4.09e-03f  1
 124  2.2352812e+06 9.32e+00 5.95e+02  -6.0 1.78e+01  -0.2 8.61e-03 1.25e-02f  1
 125  2.2333491e+06 9.29e+00 5.93e+02  -6.0 2.47e+01  -0.7 5.78e-02 2.95e-03f  1
 126  2.2310504e+06 9.26e+00 5.91e+02  -6.0 1.88e+01  -0.2 1.08e-02 3.59e-03f  1
 127  2.2248601e+06 9.17e+00 5.85e+02  -6.0 2.57e+01  -0.7 4.45e-02 9.50e-03f  1
 128  2.2227342e+06 9.14e+00 5.83e+02  -6.0 1.98e+01  -0.3 2.70e-02 3.36e-03f  1
 129  2.2216160e+06 9.12e+00 5.82e+02  -6.0 3.00e+01  -0.8 6.29e-03 1.73e-03f  1
iter    objective    inf_pr   inf_du lg(mu)  ||d||  lg(rg) alpha_du alpha_pr  ls
 130  2.2184115e+06 9.08e+00 5.79e+02  -6.0 2.08e+01  -0.3 2.01e-02 5.10e-03f  1
 131  2.2165384e+06 9.05e+00 5.77e+02  -6.0 2.83e+01  -0.8 2.38e-02 2.91e-03f  1
 132  2.2144458e+06 9.02e+00 5.76e+02  -6.0 2.18e+01  -0.4 9.13e-03 3.37e-03f  1
 133  2.2119410e+06 8.99e+00 5.73e+02  -6.0 2.92e+01  -0.9 3.36e-02 3.90e-03f  1
 134  2.2048096e+06 8.88e+00 5.67e+02  -6.0 2.26e+01  -0.4 1.98e-02 1.16e-02f  1
 135  2.1996667e+06 8.81e+00 5.62e+02  -6.0 3.00e+01  -0.9 5.93e-02 8.12e-03f  1
 136  2.1984017e+06 8.79e+00 5.61e+02  -6.0 2.34e+01  -0.5 6.97e-03 2.09e-03f  1
 137  2.1965401e+06 8.76e+00 5.59e+02  -6.0 3.08e+01  -1.0 2.19e-02 2.95e-03f  1
 138  2.1935588e+06 8.72e+00 5.57e+02  -6.0 2.44e+01  -0.5 4.53e-03 4.97e-03f  1
 139  2.1900380e+06 8.67e+00 5.53e+02  -6.0 3.20e+01  -1.0 1.27e-02 5.61e-03f  1
iter    objective    inf_pr   inf_du lg(mu)  ||d||  lg(rg) alpha_du alpha_pr  ls
 140  2.1859728e+06 8.61e+00 5.50e+02  -6.0 2.60e+01  -0.6 2.37e-02 6.83e-03f  1
 141  2.1848814e+06 8.60e+00 5.49e+02  -6.0 2.11e+01  -0.2 1.57e-02 1.86e-03f  1
 142  2.1824941e+06 8.56e+00 5.46e+02  -6.0 2.84e+01  -0.6 7.41e-03 4.04e-03f  1
 143  2.1765174e+06 8.47e+00 5.41e+02  -6.0 2.20e+01  -0.2 3.49e-02 1.03e-02f  1
 144  2.1743601e+06 8.44e+00 5.39e+02  -6.0 2.93e+01  -0.7 9.92e-03 3.70e-03f  1
 145  2.1705322e+06 8.39e+00 5.35e+02  -6.0 2.31e+01  -0.3 2.03e-02 6.74e-03f  1
 146  2.1656301e+06 8.31e+00 5.31e+02  -6.0 3.01e+01  -0.7 8.05e-03 8.50e-03f  1
 147  2.1647044e+06 8.30e+00 5.30e+02  -6.0 2.39e+01  -0.3 2.18e-02 1.66e-03f  1
 148  2.1572987e+06 8.19e+00 5.23e+02  -6.0 3.08e+01  -0.8 1.24e-02 1.29e-02f  1
 149  2.1553344e+06 8.16e+00 5.21e+02  -6.0 2.47e+01  -0.4 2.22e-02 3.59e-03f  1
iter    objective    inf_pr   inf_du lg(mu)  ||d||  lg(rg) alpha_du alpha_pr  ls
 150  2.1484938e+06 8.07e+00 5.15e+02  -6.0 3.15e+01  -0.8 2.87e-02 1.21e-02f  1
 151  2.1439190e+06 8.00e+00 5.10e+02  -6.0 2.54e+01  -0.4 2.25e-02 8.49e-03f  1
 152  2.1390103e+06 7.93e+00 5.06e+02  -6.0 3.20e+01  -0.9 2.83e-02 8.81e-03f  1
 153  2.1361882e+06 7.88e+00 5.03e+02  -6.0 2.61e+01  -0.5 3.57e-02 5.34e-03f  1
 154  2.1311588e+06 7.81e+00 4.98e+02  -6.0 2.04e+01  -0.0 3.32e-02 9.53e-03f  1
 155  2.1270535e+06 7.75e+00 4.94e+02  -6.0 2.71e+01  -0.5 1.39e-02 7.89e-03f  1
 156  2.1166883e+06 7.59e+00 4.85e+02  -6.0 2.14e+01  -0.1 8.64e-03 2.02e-02f  1
 157  2.1166848e+06 7.59e+00 4.85e+02  -6.0 1.63e+01   0.3 3.04e-02 6.70e-06h  1
 158  2.1112165e+06 7.51e+00 4.79e+02  -6.0 2.26e+01  -0.1 1.87e-03 1.10e-02f  1
 159  2.1104089e+06 7.50e+00 4.78e+02  -6.0 1.73e+01   0.3 2.37e-02 1.57e-03f  1
iter    objective    inf_pr   inf_du lg(mu)  ||d||  lg(rg) alpha_du alpha_pr  ls
 160  2.1088952e+06 7.47e+00 4.77e+02  -6.0 2.36e+01  -0.2 1.00e-02 3.09e-03f  1
 161  2.1068763e+06 7.44e+00 4.75e+02  -6.0 1.82e+01   0.2 1.40e-02 3.99e-03f  1
 162  2.1067474e+06 7.44e+00 4.75e+02  -6.0 1.26e+02  -0.2 3.60e-03 2.68e-04f  1
 163  2.1058083e+06 7.43e+00 4.74e+02  -6.0 1.90e+01   0.2 1.32e-02 1.88e-03f  1
 164  2.1040307e+06 7.40e+00 4.72e+02  -6.0 2.50e+01  -0.3 2.98e-02 3.69e-03f  1
 165  2.1020339e+06 7.37e+00 4.70e+02  -6.0 1.98e+01   0.1 2.11e-02 4.08e-03f  1
 166  2.0981248e+06 7.31e+00 4.66e+02  -6.0 2.58e+01  -0.3 1.54e-02 8.23e-03f  1
 167  2.0950178e+06 7.26e+00 4.63e+02  -6.0 2.07e+01   0.1 1.38e-02 6.47e-03f  1
 168  2.0948512e+06 7.26e+00 4.63e+02  -6.0 1.58e+01   0.5 7.39e-03 3.27e-04f  1
 169  2.0927431e+06 7.23e+00 4.61e+02  -6.0 2.15e+01   0.0 4.08e-02 4.47e-03f  1
iter    objective    inf_pr   inf_du lg(mu)  ||d||  lg(rg) alpha_du alpha_pr  ls
 170  2.0878616e+06 7.15e+00 4.56e+02  -6.0 2.72e+01  -0.5 3.17e-02 1.05e-02f  1
 171  2.0853951e+06 7.11e+00 4.54e+02  -6.0 2.24e+01  -0.0 1.45e-02 5.34e-03f  1
 172  2.0847003e+06 7.10e+00 4.53e+02  -6.0 1.75e+01   0.4 1.92e-02 1.43e-03f  1
 173  2.0827556e+06 7.07e+00 4.51e+02  -6.0 2.33e+01  -0.1 2.38e-02 4.28e-03f  1
 174  2.0808073e+06 7.04e+00 4.50e+02  -6.0 1.85e+01   0.3 4.61e-03 4.10e-03f  1
 175  2.0806599e+06 7.04e+00 4.49e+02  -6.0 1.51e+01   0.8 9.37e-03 2.86e-04f  1
 176  2.0787465e+06 7.01e+00 4.48e+02  -6.0 1.94e+01   0.3 5.69e-03 4.09e-03f  1
 177  2.0781606e+06 7.00e+00 4.47e+02  -6.0 1.52e+01   0.7 1.46e-02 1.16e-03f  1
 178  2.0757822e+06 6.97e+00 4.45e+02  -6.0 2.05e+01   0.2 8.60e-03 5.19e-03f  1
 179  2.0746121e+06 6.95e+00 4.44e+02  -6.0 1.60e+01   0.7 7.65e-03 2.37e-03f  1
iter    objective    inf_pr   inf_du lg(mu)  ||d||  lg(rg) alpha_du alpha_pr  ls
 180  2.0742916e+06 6.95e+00 4.43e+02  -6.0 2.16e+01   0.2 1.30e-02 7.12e-04f  1
 181  2.0738557e+06 6.94e+00 4.43e+02  -6.0 1.68e+01   0.6 1.33e-02 8.97e-04f  1
 182  2.0716371e+06 6.91e+00 4.41e+02  -6.0 2.62e+01   0.1 7.59e-03 5.00e-03f  1
 183  2.0712871e+06 6.90e+00 4.40e+02  -6.0 1.76e+01   0.6 6.03e-03 7.37e-04f  1
 184  2.0698229e+06 6.88e+00 4.39e+02  -6.0 1.46e+01   1.0 3.14e-03 2.81e-03f  1
 185  2.0688215e+06 6.87e+00 4.38e+02  -6.0 1.84e+01   0.5 1.14e-02 2.15e-03f  1
 186  2.0680398e+06 6.86e+00 4.38e+02  -6.0 1.49e+01   0.9 3.35e-03 1.53e-03f  1
 187  2.0675845e+06 6.85e+00 4.37e+02  -6.0 1.92e+01   0.5 1.25e-02 9.97e-04f  1
 188  2.0666723e+06 6.83e+00 4.36e+02  -6.0 2.89e+01  -0.0 3.98e-03 2.17e-03f  1
 189  2.0651148e+06 6.81e+00 4.35e+02  -6.0 1.98e+01   0.4 1.69e-02 3.47e-03f  1
iter    objective    inf_pr   inf_du lg(mu)  ||d||  lg(rg) alpha_du alpha_pr  ls
 190  2.0647419e+06 6.80e+00 4.35e+02  -6.0 2.50e+01  -0.1 6.15e-03 8.85e-04f  1
 191  2.0627038e+06 6.77e+00 4.35e+02  -6.0 2.06e+01   0.4 6.33e-03 4.59e-03f  1
 192  2.0624884e+06 6.77e+00 4.35e+02  -6.0 2.56e+01  -0.1 6.60e-03 5.17e-04f  1
 193  2.0594068e+06 6.72e+00 4.58e+02  -6.0 2.14e+01   0.3 3.05e-02 7.01e-03f  1
 194  2.0574003e+06 6.69e+00 4.60e+02  -6.0 2.63e+01  -0.2 1.08e-02 4.87e-03f  1
 195  2.0552459e+06 6.66e+00 5.44e+02  -6.0 2.24e+01   0.3 4.07e-02 5.04e-03f  1
 196  2.0530899e+06 6.62e+00 5.45e+02  -6.0 2.52e+01  -0.2 1.52e-02 5.38e-03f  1
 197  2.0489451e+06 6.55e+00 5.78e+02  -6.0 2.30e+01   0.2 2.80e-02 9.98e-03f  1
 198  2.0482882e+06 6.54e+00 6.48e+02  -6.0 1.87e+01   0.6 1.54e-02 1.47e-03f  1
 199  2.0482390e+06 6.54e+00 6.57e+02  -6.0 2.36e+01   0.2 5.27e-03 1.23e-04f  1
iter    objective    inf_pr   inf_du lg(mu)  ||d||  lg(rg) alpha_du alpha_pr  ls
 200  2.0454740e+06 6.50e+00 6.72e+02  -6.0 1.94e+01   0.6 1.00e-02 6.31e-03f  1
 201  2.0441766e+06 6.48e+00 7.22e+02  -6.0 2.40e+01   0.1 4.14e-02 3.30e-03f  1
 202  2.0421065e+06 6.45e+00 8.17e+02  -6.0 2.02e+01   0.5 3.01e-02 4.88e-03f  1
 203  2.0381051e+06 6.38e+00 8.26e+02  -6.0 2.44e+01   0.1 2.42e-02 1.05e-02f  1
 204  2.0344516e+06 6.32e+00 8.89e+02  -6.0 2.08e+01   0.5 2.77e-02 9.02e-03f  1
 205  2.0340039e+06 6.32e+00 9.15e+02  -6.0 2.37e+01   0.0 2.22e-02 1.24e-03f  1
 206  2.0328671e+06 6.30e+00 1.03e+03  -6.0 2.15e+01   0.4 3.87e-02 2.87e-03f  1
 207  2.0302432e+06 6.25e+00 1.03e+03  -6.0 2.35e+01  -0.0 1.63e-02 7.31e-03f  1
 208  2.0269741e+06 6.20e+00 1.13e+03  -6.0 2.19e+01   0.4 4.81e-02 8.55e-03f  1
 209  2.0251249e+06 6.16e+00 1.13e+03  -6.0 2.44e+01  -0.1 1.73e-02 5.48e-03f  1
iter    objective    inf_pr   inf_du lg(mu)  ||d||  lg(rg) alpha_du alpha_pr  ls
 210  2.0240775e+06 6.15e+00 1.14e+03  -6.0 2.27e+01   0.3 8.98e-03 2.87e-03f  1
 211  2.0215939e+06 6.10e+00 1.14e+03  -6.0 2.89e+01  -0.1 1.79e-02 6.97e-03f  1
 212  2.0196805e+06 6.07e+00 1.19e+03  -6.0 2.44e+01   0.3 3.22e-02 5.21e-03f  1
 213  2.0171026e+06 6.03e+00 1.19e+03  -6.0 3.06e+01  -0.2 1.63e-02 7.34e-03f  1
 214  2.0157927e+06 6.01e+00 1.21e+03  -6.0 2.54e+01   0.2 1.82e-02 3.67e-03f  1
 215  2.0143160e+06 5.98e+00 1.19e+03  -6.0 2.06e+01   0.7 7.14e-04 3.74e-03f  1
 216  2.0131528e+06 5.96e+00 1.21e+03  -6.0 2.62e+01   0.2 1.72e-02 3.31e-03f  1
 217  2.0114587e+06 5.94e+00 1.19e+03  -6.0 2.14e+01   0.6 7.25e-04 4.40e-03f  1
 218  2.0101942e+06 5.91e+00 1.21e+03  -6.0 2.70e+01   0.1 1.99e-02 3.67e-03f  1
 219  2.0075616e+06 5.87e+00 1.20e+03  -6.0 2.21e+01   0.6 5.98e-03 6.99e-03f  1
iter    objective    inf_pr   inf_du lg(mu)  ||d||  lg(rg) alpha_du alpha_pr  ls
 220  2.0065065e+06 5.85e+00 1.21e+03  -6.0 2.78e+01   0.1 1.40e-02 3.14e-03f  1
 221  2.0058801e+06 5.84e+00 1.30e+03  -6.0 2.29e+01   0.5 2.80e-02 1.71e-03f  1
 222  2.0046431e+06 5.82e+00 1.30e+03  -6.0 2.87e+01   0.0 9.21e-03 3.76e-03f  1
 223  2.0034509e+06 5.80e+00 1.36e+03  -6.0 2.39e+01   0.4 2.29e-02 3.30e-03f  1
 224  2.0021991e+06 5.78e+00 1.36e+03  -6.0 2.95e+01  -0.0 1.43e-02 3.69e-03f  1
 225  1.9999137e+06 5.75e+00 1.36e+03  -6.0 2.49e+01   0.4 8.81e-03 6.33e-03f  1
 226  1.9995663e+06 5.74e+00 1.36e+03  -6.0 2.22e+02  -0.1 1.20e-03 1.40e-03f  1
 227  1.9986272e+06 5.72e+00 1.36e+03  -6.0 2.53e+01   0.3 4.61e-03 2.74e-03f  1
 228  1.9980604e+06 5.71e+00 1.37e+03  -6.0 3.05e+01  -0.1 1.49e-02 1.69e-03f  1
 229  1.9959544e+06 5.68e+00 1.35e+03  -6.0 2.62e+01   0.3 3.12e-03 6.04e-03f  1
iter    objective    inf_pr   inf_du lg(mu)  ||d||  lg(rg) alpha_du alpha_pr  ls
 230  1.9958893e+06 5.68e+00 1.36e+03  -6.0 2.12e+01   0.7 1.39e-03 1.69e-04f  1
 231  1.9958869e+06 5.68e+00 1.36e+03  -6.0 2.67e+01   0.2 5.67e-05 7.08e-06h  1
 232  1.9928450e+06 5.63e+00 1.31e+03  -6.0 2.18e+01   0.7 1.58e-05 8.01e-03f  1
 233  1.9927651e+06 5.63e+00 1.35e+03  -6.0 2.73e+01   0.2 2.30e-02 2.38e-04f  1
 234  1.9906411e+06 5.60e+00 1.32e+03  -6.0 2.26e+01   0.6 5.97e-05 5.74e-03f  1
 235  1.9906309e+06 5.60e+00 1.34e+03  -6.0 2.79e+01   0.1 1.45e-02 3.11e-05f  1
 236  1.9873447e+06 5.55e+00 1.29e+03  -6.0 2.33e+01   0.6 2.19e-04 9.10e-03f  1
 237  1.9860604e+06 5.53e+00 1.35e+03  -6.0 1.84e+01   1.0 8.90e-03 3.18e-03f  1
 238  1.9833847e+06 5.49e+00 1.33e+03  -6.0 2.42e+01   0.5 4.46e-03 7.67e-03f  1
 239  1.9831186e+06 5.48e+00 1.37e+03  -6.0 1.93e+01   0.9 5.12e-03 6.79e-04f  1
iter    objective    inf_pr   inf_du lg(mu)  ||d||  lg(rg) alpha_du alpha_pr  ls
 240  1.9808508e+06 5.45e+00 1.38e+03  -6.0 2.49e+01   0.5 9.95e-03 6.69e-03f  1
 241  1.9807660e+06 5.44e+00 1.50e+03  -6.0 2.01e+01   0.9 1.32e-02 2.22e-04f  1
 242  1.9794994e+06 5.42e+00 1.54e+03  -6.0 2.58e+01   0.4 1.88e-02 3.85e-03f  1
 243  1.9789291e+06 5.42e+00 1.55e+03  -6.0 2.11e+01   0.8 3.00e-03 1.53e-03f  1
 244  1.9776893e+06 5.40e+00 1.60e+03  -6.0 1.64e+01   1.3 5.27e-03 2.95e-03f  1
 245  1.9758674e+06 5.37e+00 1.65e+03  -6.0 2.20e+01   0.8 1.27e-02 5.03e-03f  1
 246  1.9756056e+06 5.37e+00 1.69e+03  -6.0 2.73e+01   0.3 1.71e-02 8.29e-04f  1
 247  1.9743357e+06 5.35e+00 1.81e+03  -6.0 2.30e+01   0.7 2.04e-02 3.60e-03f  1
 248  1.9739911e+06 5.34e+00 1.90e+03  -6.0 1.83e+01   1.2 6.85e-03 8.64e-04f  1
 249  1.9719931e+06 5.31e+00 2.03e+03  -6.0 2.40e+01   0.7 2.66e-02 5.85e-03f  1
iter    objective    inf_pr   inf_du lg(mu)  ||d||  lg(rg) alpha_du alpha_pr  ls
 250  1.9693239e+06 5.28e+00 2.17e+03  -6.0 1.94e+01   1.1 1.70e-02 6.92e-03f  1
 251  1.9674413e+06 5.25e+00 2.18e+03  -6.0 2.53e+01   0.6 9.23e-03 5.74e-03f  1
 252  1.9673539e+06 5.24e+00 2.54e+03  -6.0 2.06e+01   1.1 2.65e-02 2.32e-04f  1
 253  1.9670323e+06 5.24e+00 2.59e+03  -6.0 2.63e+01   0.6 1.15e-02 1.01e-03f  1
 254  1.9635988e+06 5.19e+00 2.71e+03  -6.0 2.18e+01   1.0 1.97e-02 9.39e-03f  1
 255  1.9622393e+06 5.17e+00 2.73e+03  -6.0 2.71e+01   0.5 1.00e-02 4.45e-03f  1
 256  1.9616112e+06 5.16e+00 3.02e+03  -6.0 2.29e+01   1.0 2.70e-02 1.79e-03f  1
 257  1.9605628e+06 5.14e+00 3.04e+03  -6.0 2.78e+01   0.5 9.70e-03 3.52e-03f  1
 258  1.9583979e+06 5.11e+00 3.10e+03  -6.0 2.38e+01   0.9 1.32e-02 6.36e-03f  1
 259  1.9577403e+06 5.10e+00 3.13e+03  -6.0 2.82e+01   0.4 1.31e-02 2.27e-03f  1
iter    objective    inf_pr   inf_du lg(mu)  ||d||  lg(rg) alpha_du alpha_pr  ls
 260  1.9559623e+06 5.07e+00 3.15e+03  -6.0 2.46e+01   0.9 8.81e-03 5.39e-03f  1
 261  1.9557502e+06 5.06e+00 3.47e+03  -6.0 1.99e+01   1.3 1.50e-02 5.61e-04f  1
 262  1.9544376e+06 5.04e+00 3.53e+03  -6.0 2.54e+01   0.8 1.24e-02 4.13e-03f  1
 263  1.9524598e+06 5.02e+00 3.73e+03  -6.0 2.10e+01   1.2 1.59e-02 5.40e-03f  1
 264  1.9519040e+06 5.01e+00 3.79e+03  -6.0 2.62e+01   0.8 9.59e-03 1.83e-03f  1
 265  1.9513809e+06 5.00e+00 4.21e+03  -6.0 2.20e+01   1.2 2.39e-02 1.48e-03f  1
 266  1.9494720e+06 4.97e+00 4.22e+03  -6.0 2.69e+01   0.7 1.15e-02 6.53e-03f  1
 267  1.9484916e+06 4.95e+00 4.44e+03  -6.0 2.30e+01   1.1 1.57e-02 2.89e-03f  1
 268  1.9474669e+06 4.93e+00 4.43e+03  -6.0 2.74e+01   0.7 4.81e-03 3.68e-03f  1
 269  1.9470500e+06 4.93e+00 4.68e+03  -6.0 2.37e+01   1.1 1.71e-02 1.27e-03f  1
iter    objective    inf_pr   inf_du lg(mu)  ||d||  lg(rg) alpha_du alpha_pr  ls
 270  1.9463943e+06 4.92e+00 4.67e+03  -6.0 2.78e+01   0.6 2.84e-03 2.42e-03f  1
 271  1.9462097e+06 4.91e+00 4.84e+03  -6.0 2.44e+01   1.0 1.28e-02 5.80e-04f  1
 272  1.9455549e+06 4.90e+00 4.83e+03  -6.0 2.82e+01   0.6 2.02e-03 2.49e-03f  1
 273  1.9448847e+06 4.89e+00 4.87e+03  -6.0 2.50e+01   1.0 6.03e-03 2.17e-03f  1
 274  1.9438063e+06 4.88e+00 4.86e+03  -6.0 2.06e+01   1.4 3.03e-03 2.98e-03f  1
 275  1.9437377e+06 4.88e+00 5.13e+03  -6.0 2.56e+01   0.9 2.39e-02 2.29e-04f  1
 276  1.9422409e+06 4.85e+00 5.29e+03  -6.0 2.15e+01   1.4 1.04e-02 4.26e-03f  1
 277  1.9422191e+06 4.85e+00 5.34e+03  -6.0 2.63e+01   0.9 5.11e-03 7.67e-05f  1
 278  1.9393970e+06 4.81e+00 5.10e+03  -6.0 2.24e+01   1.3 1.13e-04 8.32e-03f  1
 279  1.9393721e+06 4.81e+00 5.18e+03  -6.0 2.68e+01   0.8 9.85e-03 9.11e-05f  1
iter    objective    inf_pr   inf_du lg(mu)  ||d||  lg(rg) alpha_du alpha_pr  ls
 280  1.9377113e+06 4.79e+00 5.05e+03  -6.0 2.31e+01   1.2 2.12e-04 5.08e-03f  1
 281  1.9377014e+06 4.79e+00 5.12e+03  -6.0 2.72e+01   0.8 9.70e-03 3.74e-05f  1
 282  1.9365572e+06 4.77e+00 5.04e+03  -6.0 2.37e+01   1.2 7.68e-04 3.60e-03f  1
 283  1.9365541e+06 4.77e+00 5.13e+03  -6.0 2.75e+01   0.7 1.24e-02 1.19e-05h  1
 284  1.9352975e+06 4.75e+00 5.26e+03  -6.0 2.42e+01   1.1 1.18e-02 4.06e-03f  1
 285  1.9352966e+06 4.75e+00 5.32e+03  -6.0 2.79e+01   0.7 1.19e-02 3.71e-06h  1
 286  1.9342282e+06 4.73e+00 5.57e+03  -6.0 2.48e+01   1.1 1.86e-02 3.58e-03f  1
 287  1.9339739e+06 4.73e+00 5.56e+03  -6.0 2.83e+01   0.6 2.20e-04 1.13e-03f  1
 288  1.9326407e+06 4.71e+00 5.69e+03  -6.0 2.54e+01   1.0 1.42e-02 4.66e-03f  1
 289  1.9325770e+06 4.71e+00 5.88e+03  -6.0 2.14e+01   1.5 5.29e-03 1.87e-04f  1
iter    objective    inf_pr   inf_du lg(mu)  ||d||  lg(rg) alpha_du alpha_pr  ls
 290  1.9317460e+06 4.69e+00 5.95e+03  -6.0 2.59e+01   1.0 9.30e-03 3.02e-03f  1
 291  1.9310321e+06 4.68e+00 5.98e+03  -6.0 2.21e+01   1.4 3.27e-03 2.12e-03f  1
 292  1.9310284e+06 4.68e+00 6.39e+03  -6.0 2.64e+01   0.9 3.61e-02 1.39e-05h  1
 293  1.9301639e+06 4.67e+00 6.41e+03  -6.0 2.29e+01   1.4 4.06e-03 2.66e-03f  1
 294  1.9287154e+06 4.64e+00 6.46e+03  -6.0 2.69e+01   0.9 1.38e-02 5.60e-03f  1
 295  1.9284199e+06 4.64e+00 6.77e+03  -6.0 2.35e+01   1.3 1.23e-02 9.40e-04f  1
 296  1.9262673e+06 4.60e+00 6.69e+03  -6.0 2.72e+01   0.8 6.10e-03 8.67e-03f  1
 297  1.9258304e+06 4.59e+00 7.23e+03  -6.0 2.40e+01   1.3 2.31e-02 1.45e-03f  1
 298  1.9253024e+06 4.58e+00 7.29e+03  -6.0 2.75e+01   0.8 1.23e-02 2.25e-03f  1
 299  1.9237472e+06 4.56e+00 7.56e+03  -6.0 2.47e+01   1.2 1.83e-02 5.40e-03f  1
iter    objective    inf_pr   inf_du lg(mu)  ||d||  lg(rg) alpha_du alpha_pr  ls
 300  1.9233282e+06 4.55e+00 7.59e+03  -6.0 2.78e+01   0.7 9.08e-03 1.89e-03f  1

Number of Iterations....: 300

                                   (scaled)                 (unscaled)
Objective...............:   1.5712525909088612e+04    1.9233282350424298e+06
Dual infeasibility......:   7.5903260433046889e+03    9.2911149211352842e+05
Constraint violation....:   2.0802251902021891e+00    4.5487568866999775e+00
Variable bound violation:   1.6529470681092562e-08    1.6529470681092562e-08
Complementarity.........:   2.2639054862360248e+02    2.7711861023099944e+04
Overall NLP error.......:   7.5903260433046889e+03    9.2911149211352842e+05


Number of objective function evaluations             = 301
Number of objective gradient evaluations             = 301
Number of equality constraint evaluations            = 301
Number of inequality constraint evaluations          = 301
Number of equality constraint Jacobian evaluations   = 301
Number of inequality constraint Jacobian evaluations = 301
Number of Lagrangian Hessian evaluations             = 300
Total seconds in IPOPT                               = 106.871

EXIT: Maximum Number of Iterations Exceeded.

