Solver command line: ['/opt/homebrew/bin/ipopt', '/var/folders/6y/bvynbx6n3zv7z3lwg6vd724r0000gn/T/tmpg3xut3xa.pyomo.nl', '-AMPL', 'tol=1e-06', 'max_iter=300', 'print_level=5', 'warm_start_init_point=yes', 'warm_start_bound_push=1e-06', 'warm_start_bound_frac=1e-06', 'warm_start_mult_bound_push=1e-06', 'mu_init=1e-06', 'least_square_init_duals=no']

Ipopt 3.14.19: tol=1e-06
max_iter=300
print_level=5
warm_start_init_point=yes
warm_start_bound_push=1e-06
warm_start_bound_frac=1e-06
warm_start_mult_bound_push=1e-06
mu_init=1e-06
least_square_init_duals=no


******************************************************************************
This program contains Ipopt, a library for large-scale nonlinear optimization.
 Ipopt is released as open source code under the Eclipse Public License (EPL).
         For more information visit https://github.com/coin-or/Ipopt
******************************************************************************

This is Ipopt version 3.14.19, running with linear solver MUMPS 5.6.2.

Number of nonzeros in equality constraint Jacobian...:   145957
Number of nonzeros in inequality constraint Jacobian.:   105544
Number of nonzeros in Lagrangian Hessian.............:    81479

Total number of variables............................:    24020
                     variables with only lower bounds:        0
                variables with lower and upper bounds:    24020
                     variables with only upper bounds:        0
Total number of equality constraints.................:    20001
Total number of inequality constraints...............:    26386
        inequality constraints with only lower bounds:        0
   inequality constraints with lower and upper bounds:        0
        inequality constraints with only upper bounds:    26386

iter    objective    inf_pr   inf_du lg(mu)  ||d||  lg(rg) alpha_du alpha_pr  ls
   0  1.3540334e+06 1.32e+01 1.37e+03  -6.0 0.00e+00    -  0.00e+00 0.00e+00   0
   1  1.3540327e+06 1.32e+01 1.37e+03  -6.0 2.81e+01    -  7.54e-07 2.18e-05h  1
   2  1.3540322e+06 1.32e+01 1.37e+03  -6.0 2.62e+01    -  6.19e-05 1.65e-05h  1
   3  1.3540288e+06 1.32e+01 1.36e+03  -6.0 2.68e+01    -  3.83e-05 1.11e-04h  1
   4  1.3540256e+06 1.32e+01 1.36e+03  -6.0 2.38e+01    -  1.17e-04 1.10e-04h  1
   5  1.3540184e+06 1.32e+01 1.36e+03  -6.0 2.35e+01    -  8.18e-05 2.53e-04h  1
   6  1.3540050e+06 1.32e+01 1.36e+03  -6.0 2.21e+01    -  6.71e-05 4.87e-04h  1
   7  1.3539822e+06 1.32e+01 1.36e+03  -6.0 2.00e+01    -  2.03e-04 8.34e-04h  1
   8  1.3539603e+06 1.32e+01 1.36e+03  -6.0 1.84e+01    -  1.69e-04 8.08e-04h  1
   9  1.3539571e+06 1.32e+01 1.36e+03  -6.0 3.13e+01    -  1.47e-05 1.23e-04h  1
iter    objective    inf_pr   inf_du lg(mu)  ||d||  lg(rg) alpha_du alpha_pr  ls
  10  1.3539545e+06 1.32e+01 1.36e+03  -6.0 1.40e+01    -  1.89e-05 9.67e-05h  1
  11  1.3539057e+06 1.32e+01 1.36e+03  -6.0 1.75e+01    -  1.09e-04 1.81e-03f  1
  12  1.3538881e+06 1.32e+01 1.36e+03  -6.0 1.70e+01    -  1.96e-04 6.58e-04f  1
  13  1.3537900e+06 1.31e+01 1.35e+03  -6.0 1.68e+01    -  5.63e-04 3.66e-03f  1
  14  1.3537840e+06 1.31e+01 1.35e+03  -6.0 1.54e+01    -  3.83e-04 2.37e-04h  1
  15  1.3537589e+06 1.31e+01 1.35e+03  -6.0 1.48e+01    -  3.41e-04 1.24e-03h  1
  16  1.3537473e+06 1.31e+01 1.35e+03  -6.0 1.46e+01    -  1.77e-05 4.95e-04h  1
  17  1.3536856e+06 1.31e+01 1.35e+03  -6.0 1.43e+01    -  9.07e-05 2.58e-03h  1
  18  1.3536309e+06 1.30e+01 1.34e+03  -6.0 1.38e+01    -  7.25e-04 2.30e-03f  1
  19  1.3536309e+06 1.30e+01 1.34e+03  -6.0 1.03e+02    -  2.59e-05 1.00e-06h  1
iter    objective    inf_pr   inf_du lg(mu)  ||d||  lg(rg) alpha_du alpha_pr  ls
  20  1.3536281e+06 1.30e+01 1.34e+03  -6.0 1.52e+01    -  1.28e-04 1.08e-04f  1
  21  1.3536277e+06 1.30e+01 1.34e+03  -6.0 4.26e+02  -2.0 5.00e-05 6.00e-06h  1
  22  1.3536268e+06 1.30e+01 1.34e+03  -6.0 1.06e+01  -0.7 6.05e-05 4.73e-04h  1
  23  1.3536280e+06 1.30e+01 1.34e+03  -6.0 9.36e+00  -0.2 8.74e-05 1.55e-04h  1
  24  1.3536242e+06 1.30e+01 1.34e+03  -6.0 4.19e+02    -  1.87e-07 6.01e-05h  1
  25  1.3536192e+06 1.30e+01 1.34e+03  -6.0 1.10e+01  -0.7 5.39e-05 1.70e-03h  1
  26r 1.3536192e+06 1.30e+01 9.99e+02   1.0 0.00e+00  -0.3 0.00e+00 1.35e-07R  2
  27r 1.3536372e+06 1.30e+01 9.99e+02   1.0 5.05e+04    -  2.28e-08 4.95e-08f  1
  28r 1.3542733e+06 1.30e+01 9.99e+02   1.0 2.62e+04    -  2.95e-08 1.74e-06f  1
  29r 1.3552803e+06 1.30e+01 9.99e+02   1.0 1.95e+04    -  4.48e-07 2.88e-06f  1
iter    objective    inf_pr   inf_du lg(mu)  ||d||  lg(rg) alpha_du alpha_pr  ls
  30r 1.3571131e+06 1.30e+01 9.99e+02   1.0 1.79e+04    -  1.50e-06 5.70e-06f  1
  31r 1.3602820e+06 1.30e+01 9.99e+02   1.0 1.63e+04    -  3.06e-06 1.13e-05f  1
  32r 1.3635964e+06 1.29e+01 9.99e+02   1.0 1.51e+04    -  4.28e-05 1.46e-05f  1
  33r 1.3773354e+06 1.21e+01 9.99e+02   1.0 1.45e+04    -  8.67e-05 1.01e-04f  1
  34r 1.3892962e+06 1.02e+01 9.99e+02   1.0 1.16e+04    -  4.06e-04 2.51e-04f  1
  35  1.3759656e+06 1.02e+01 9.97e+01  -6.0 2.78e+02    -  3.80e-04 1.34e-03f  2
  36  1.3725513e+06 1.02e+01 9.95e+01  -6.0 5.96e+02    -  2.30e-03 4.73e-04f  1
  37  1.3668386e+06 1.02e+01 9.95e+01  -6.0 6.92e+02    -  2.78e-04 1.07e-03f  2
  38  1.3642228e+06 1.02e+01 9.94e+01  -6.0 8.31e+02    -  1.21e-03 5.73e-04f  2
  39  1.3623810e+06 1.02e+01 9.93e+01  -6.0 8.43e+02    -  1.00e-03 4.83e-04f  1
iter    objective    inf_pr   inf_du lg(mu)  ||d||  lg(rg) alpha_du alpha_pr  ls
  40  1.3623571e+06 1.02e+01 9.92e+01  -6.0 8.46e+02    -  9.89e-04 7.22e-06f  1
  41  1.3610331e+06 1.02e+01 9.91e+01  -6.0 7.98e+02    -  1.01e-03 4.37e-04f  1
  42  1.3591962e+06 1.02e+01 9.89e+01  -6.0 7.58e+02    -  1.76e-03 6.90e-04f  2
  43  1.3493495e+06 1.01e+01 9.88e+01  -6.0 6.92e+02    -  1.44e-03 4.52e-03f  1
  44  1.3418972e+06 1.01e+01 9.76e+01  -6.0 6.10e+02    -  1.15e-02 6.04e-03f  1
  45  1.3373318e+06 9.96e+00 9.66e+01  -6.0 4.33e+02    -  1.06e-02 1.11e-02f  1
  46  1.3359861e+06 9.90e+00 9.35e+01  -6.0 4.21e+02    -  3.20e-02 6.22e-03f  1
  47  1.3355478e+06 9.87e+00 8.77e+01  -6.0 4.00e+02    -  6.26e-02 2.99e-03f  1
  48  1.3325747e+06 9.62e+00 8.17e+01  -6.0 3.81e+02    -  6.83e-02 2.55e-02f  1
  49  1.3319832e+06 9.56e+00 7.69e+01  -6.0 4.16e+02    -  5.99e-02 6.51e-03f  1
iter    objective    inf_pr   inf_du lg(mu)  ||d||  lg(rg) alpha_du alpha_pr  ls
  50  1.3303913e+06 9.37e+00 7.25e+01  -6.0 4.10e+02    -  5.66e-02 2.02e-02f  1
  51  1.3298219e+06 9.28e+00 7.08e+01  -6.0 4.21e+02    -  2.48e-02 8.84e-03f  1
  52  1.3291463e+06 9.18e+00 6.79e+01  -6.0 4.24e+02    -  4.11e-02 1.14e-02f  1
  53  1.3287793e+06 9.11e+00 6.49e+01  -6.0 4.25e+02    -  4.44e-02 7.04e-03f  1
  54  1.3275553e+06 8.87e+00 6.31e+01  -6.0 4.16e+02    -  2.73e-02 2.71e-02f  1
  55  1.3272769e+06 8.80e+00 6.04e+01  -6.0 4.19e+02    -  4.56e-02 7.96e-03f  1
  56  1.3263108e+06 8.50e+00 5.86e+01  -6.0 4.11e+02    -  2.86e-02 3.37e-02f  1
  57  1.3257671e+06 8.27e+00 5.58e+01  -6.0 4.14e+02    -  5.00e-02 2.76e-02f  1
  58  1.3256218e+06 8.17e+00 6.19e+01  -6.0 4.13e+02    -  3.44e-02 1.17e-02h  1
  59  1.3255831e+06 8.14e+00 9.77e+01  -6.0 4.11e+02    -  6.10e-02 4.17e-03h  1
iter    objective    inf_pr   inf_du lg(mu)  ||d||  lg(rg) alpha_du alpha_pr  ls
  60  1.3254758e+06 7.98e+00 1.04e+02  -6.0 4.00e+02    -  3.13e-02 1.91e-02h  1
  61  1.3254651e+06 7.94e+00 1.43e+02  -6.0 3.95e+02    -  5.40e-02 4.61e-03h  1
  62  1.3254685e+06 7.68e+00 1.25e+02  -6.0 3.81e+02    -  1.69e-02 3.32e-02h  1
  63  1.3255865e+06 7.31e+00 1.18e+02  -6.0 3.89e+02    -  4.74e-02 4.81e-02h  1
  64  1.3256185e+06 7.27e+00 1.26e+02  -6.0 3.76e+02    -  1.65e-02 5.97e-03h  1
  65  1.3256465e+06 7.23e+00 1.36e+02  -6.0 3.75e+02    -  1.87e-02 5.01e-03h  1
  66  1.3257730e+06 7.08e+00 1.52e+02  -6.0 3.74e+02    -  4.59e-02 2.05e-02h  1
  67  1.3257819e+06 7.08e+00 2.07e+02  -6.0 3.70e+02    -  7.92e-02 1.16e-03h  1
  68  1.3259128e+06 6.97e+00 2.21e+02  -6.0 3.68e+02    -  4.29e-02 1.54e-02h  1
  69  1.3262642e+06 6.71e+00 2.19e+02  -6.0 3.66e+02    -  4.77e-02 3.72e-02h  1
iter    objective    inf_pr   inf_du lg(mu)  ||d||  lg(rg) alpha_du alpha_pr  ls
  70  1.3262941e+06 6.69e+00 2.18e+02  -6.0 3.61e+02    -  2.99e-03 2.74e-03h  1
  71  1.3265692e+06 6.52e+00 2.61e+02  -6.0 3.61e+02    -  1.13e-01 2.50e-02h  1
  72  1.3267486e+06 6.43e+00 2.64e+02  -6.0 3.56e+02    -  2.96e-02 1.48e-02h  1
  73  1.3278161e+06 5.88e+00 2.59e+02  -6.0 3.53e+02    -  1.26e-01 8.47e-02h  1
  74  1.3281329e+06 5.74e+00 2.48e+02  -6.0 3.65e+02    -  1.49e-05 2.46e-02h  1
  75  1.3281434e+06 5.73e+00 2.69e+02  -6.0 3.60e+02    -  1.16e-01 8.03e-04h  1
  76  1.3281962e+06 5.71e+00 2.97e+02  -6.0 3.33e+02    -  8.86e-02 3.66e-03h  1
  77  1.3289556e+06 5.41e+00 2.92e+02  -6.0 3.31e+02    -  8.43e-02 5.18e-02h  1
  78  1.3291462e+06 5.35e+00 3.01e+02  -6.0 3.19e+02    -  5.94e-02 1.26e-02h  1
  79  1.3297505e+06 5.13e+00 2.84e+02  -6.0 3.37e+02    -  4.03e-04 3.99e-02h  1
iter    objective    inf_pr   inf_du lg(mu)  ||d||  lg(rg) alpha_du alpha_pr  ls
  80  1.3300716e+06 5.03e+00 2.96e+02  -6.0 3.07e+02    -  9.72e-02 2.09e-02h  1
  81  1.3301074e+06 5.01e+00 3.15e+02  -6.0 3.01e+02    -  1.03e-01 2.32e-03h  1
  82  1.3309829e+06 4.73e+00 2.94e+02  -6.0 3.01e+02    -  3.56e-02 5.64e-02h  1
  83  1.3310168e+06 4.72e+00 3.01e+02  -6.0 3.06e+02    -  1.47e-01 2.15e-03h  1
  84  1.3313373e+06 4.62e+00 2.97e+02  -6.0 2.89e+02    -  3.31e-02 2.07e-02h  1
  85  1.3317174e+06 4.51e+00 3.01e+02  -6.0 2.99e+02    -  1.56e-01 2.42e-02h  1
  86  1.3317935e+06 4.49e+00 3.15e+02  -6.0 2.79e+02    -  1.12e-01 4.93e-03h  1
  87  1.3325730e+06 4.27e+00 2.94e+02  -6.0 2.89e+02    -  5.85e-04 4.83e-02h  1
  88  1.3326030e+06 4.26e+00 2.98e+02  -6.0 2.78e+02    -  4.87e-02 1.90e-03h  1
  89  1.3339020e+06 3.90e+00 2.68e+02  -6.0 2.68e+02    -  5.24e-02 8.42e-02h  1
iter    objective    inf_pr   inf_du lg(mu)  ||d||  lg(rg) alpha_du alpha_pr  ls
  90  1.3346895e+06 3.70e+00 2.56e+02  -6.0 2.50e+02    -  7.32e-02 5.26e-02h  1
  91  1.3347369e+06 3.69e+00 2.61e+02  -6.0 2.40e+02    -  8.17e-02 3.25e-03h  1
  92  1.3360884e+06 3.35e+00 2.32e+02  -6.0 2.36e+02    -  4.73e-02 9.04e-02h  1
  93  1.3366701e+06 3.21e+00 2.24e+02  -6.0 2.22e+02    -  7.79e-02 4.08e-02h  1
  94  1.3369597e+06 3.15e+00 2.22e+02  -6.0 2.11e+02    -  1.03e-01 2.10e-02h  1
  95  1.3369804e+06 3.14e+00 2.22e+02  -6.0 2.07e+02    -  8.25e-02 1.52e-03h  1
  96  1.3377971e+06 2.95e+00 2.08e+02  -6.0 2.07e+02    -  3.29e-02 5.96e-02h  1
  97  1.3382528e+06 2.85e+00 2.01e+02  -6.0 2.04e+02    -  4.08e-02 3.42e-02h  1
  98  1.3384491e+06 2.81e+00 1.98e+02  -6.0 1.92e+02    -  1.21e-02 1.51e-02h  1
  99  1.3385510e+06 2.79e+00 1.92e+02  -6.0 1.85e+02    -  2.18e-02 7.99e-03h  1
iter    objective    inf_pr   inf_du lg(mu)  ||d||  lg(rg) alpha_du alpha_pr  ls
 100  1.3388901e+06 2.71e+00 1.94e+02  -6.0 1.83e+02    -  1.87e-03 2.66e-02h  1
 101  1.3391558e+06 2.66e+00 1.89e+02  -6.0 1.88e+02    -  4.66e-02 2.09e-02h  1
 102  1.3391598e+06 2.65e+00 1.89e+02  -6.0 3.28e+02    -  7.86e-04 3.45e-04h  1
 103  1.3391740e+06 2.65e+00 2.17e+02  -6.0 5.82e+01  -0.8 8.99e-06 9.77e-04h  1
 104  1.3392104e+06 2.64e+00 1.86e+02  -6.0 7.32e+01  -1.3 5.17e-03 2.69e-03h  1
 105  1.3392427e+06 2.64e+00 1.84e+02  -6.0 8.81e+01  -1.7 2.68e-03 2.44e-03h  1
 106  1.3392457e+06 2.64e+00 1.83e+02  -6.0 1.12e+02  -2.2 1.15e-03 2.36e-04h  1
 107  1.3395061e+06 2.58e+00 1.94e+02  -6.0 1.47e+02  -2.7 4.67e-03 2.07e-02h  1
 108r 1.3395061e+06 2.58e+00 9.99e+02   0.6 0.00e+00    -  0.00e+00 3.91e-07R  5
 109r 1.3394836e+06 2.58e+00 9.99e+02   0.6 2.37e+06    -  1.77e-07 3.82e-07f  1
iter    objective    inf_pr   inf_du lg(mu)  ||d||  lg(rg) alpha_du alpha_pr  ls
 110r 1.3394511e+06 2.58e+00 9.99e+02   0.6 9.80e+03    -  3.77e-06 8.35e-06f  1
 111r 1.3394218e+06 2.57e+00 9.99e+02   0.6 8.00e+03    -  2.65e-05 7.50e-06f  1
 112r 1.3390123e+06 2.49e+00 9.99e+02   0.6 7.24e+03    -  1.12e-05 1.05e-04f  1
 113  1.3390999e+06 2.47e+00 7.16e+02  -6.0 1.77e+02    -  2.59e-02 6.97e-03h  1
 114  1.3392126e+06 2.45e+00 7.10e+02  -6.0 1.83e+02    -  1.05e-02 9.16e-03h  1
 115  1.3392744e+06 2.43e+00 7.08e+02  -6.0 1.76e+02    -  3.92e-02 5.00e-03h  1
 116  1.3393641e+06 2.42e+00 7.04e+02  -6.0 1.82e+02    -  1.20e-02 7.24e-03h  1
 117  1.3395057e+06 2.39e+00 6.97e+02  -6.0 1.84e+02    -  2.87e-02 1.15e-02h  1
 118  1.3396546e+06 2.36e+00 6.95e+02  -6.0 1.85e+02    -  6.34e-02 1.21e-02h  1
 119  1.3399819e+06 2.30e+00 6.74e+02  -6.0 1.65e+02    -  1.61e-02 2.72e-02h  1
iter    objective    inf_pr   inf_du lg(mu)  ||d||  lg(rg) alpha_du alpha_pr  ls
 120  1.3400383e+06 2.28e+00 6.77e+02  -6.0 1.67e+02    -  3.27e-02 4.75e-03h  1
 121  1.3403719e+06 2.22e+00 6.61e+02  -6.0 1.65e+02    -  3.81e-02 2.81e-02h  1
 122  1.3406589e+06 2.17e+00 6.55e+02  -6.0 1.59e+02    -  7.25e-02 2.47e-02h  1
 123  1.3410210e+06 2.10e+00 6.40e+02  -6.0 1.47e+02    -  8.76e-02 3.17e-02h  1
 124  1.3413899e+06 2.03e+00 6.21e+02  -6.0 1.43e+02    -  5.99e-02 3.29e-02h  1
 125  1.3415193e+06 2.00e+00 6.24e+02  -6.0 1.39e+02    -  1.59e-01 1.18e-02h  1
 126  1.3415820e+06 1.99e+00 6.25e+02  -6.0 1.38e+02    -  7.82e-02 5.78e-03h  1
 127  1.3420235e+06 1.91e+00 5.95e+02  -6.0 1.43e+02    -  1.57e-02 4.08e-02h  1
 128  1.3423476e+06 1.85e+00 5.75e+02  -6.0 1.31e+02    -  5.99e-03 3.09e-02h  1
 129  1.3423857e+06 1.85e+00 5.73e+02  -6.0 1.26e+02    -  8.54e-03 3.72e-03h  1
iter    objective    inf_pr   inf_du lg(mu)  ||d||  lg(rg) alpha_du alpha_pr  ls
 130  1.3425980e+06 1.81e+00 5.60e+02  -6.0 1.29e+02    -  1.28e-02 2.07e-02h  1
 131  1.3427093e+06 1.79e+00 5.62e+02  -6.0 1.25e+02    -  7.97e-02 1.10e-02h  1
 132  1.3429850e+06 1.74e+00 5.46e+02  -6.0 1.21e+02    -  2.48e-02 2.75e-02h  1
 133  1.3435586e+06 1.64e+00 5.16e+02  -6.0 1.18e+02    -  9.06e-02 5.87e-02h  1
 134  1.3442088e+06 1.52e+00 4.82e+02  -6.0 1.11e+02    -  1.14e-01 6.96e-02h  1
 135  1.3446023e+06 1.45e+00 4.60e+02  -6.0 1.05e+02    -  1.89e-02 4.46e-02h  1
 136  1.3450570e+06 1.38e+00 4.36e+02  -6.0 1.05e+02    -  1.24e-01 5.33e-02h  1
 137  1.3452079e+06 1.35e+00 4.29e+02  -6.0 9.95e+01    -  7.51e-02 1.85e-02h  1
 138  1.3459286e+06 1.23e+00 3.91e+02  -6.0 9.63e+01    -  9.45e-02 8.97e-02h  1
 139  1.3462359e+06 1.18e+00 3.74e+02  -6.0 8.74e+01    -  9.03e-02 4.14e-02h  1
iter    objective    inf_pr   inf_du lg(mu)  ||d||  lg(rg) alpha_du alpha_pr  ls
 140  1.3471129e+06 1.03e+00 3.28e+02  -6.0 8.36e+01    -  1.35e-01 1.22e-01h  1
 141  1.3473488e+06 9.95e-01 3.14e+02  -6.0 7.33e+01    -  1.72e-01 3.69e-02h  1
 142  1.3475956e+06 9.55e-01 3.00e+02  -6.0 7.05e+01    -  6.87e-02 3.98e-02h  1
 143  1.3479855e+06 8.93e-01 2.79e+02  -6.0 6.81e+01    -  1.56e-01 6.51e-02h  1
 144  1.3481564e+06 8.66e-01 2.69e+02  -6.0 6.39e+01    -  8.07e-02 3.02e-02h  1
 145  1.3482856e+06 8.46e-01 2.63e+02  -6.0 6.26e+01    -  7.21e-02 2.35e-02h  1
 146  1.3483379e+06 8.38e-01 2.61e+02  -6.0 6.06e+01    -  1.10e-01 9.67e-03h  1
 147  1.3487855e+06 7.68e-01 2.39e+02  -6.0 5.92e+01    -  2.33e-01 8.35e-02h  1
 148  1.3489638e+06 7.40e-01 2.28e+02  -6.0 4.61e+01    -  5.78e-02 3.61e-02h  1
 149  1.3494103e+06 6.71e-01 2.14e+02  -6.0 4.51e+01    -  7.50e-03 9.32e-02h  1
iter    objective    inf_pr   inf_du lg(mu)  ||d||  lg(rg) alpha_du alpha_pr  ls
 150  1.3494339e+06 6.67e-01 2.12e+02  -6.0 4.47e+01    -  3.27e-02 5.38e-03h  1
 151  1.3496096e+06 6.40e-01 2.02e+02  -6.0 4.72e+01    -  1.53e-01 4.02e-02h  1
 152  1.3496278e+06 6.38e-01 2.03e+02  -6.0 4.80e+01    -  5.76e-02 4.33e-03h  1
 153  1.3497099e+06 6.25e-01 1.99e+02  -6.0 5.15e+01    -  1.83e-02 1.96e-02h  1
 154  1.3497323e+06 6.22e-01 1.98e+02  -6.0 3.96e+01    -  2.19e-03 5.46e-03h  1
 155  1.3498066e+06 6.10e-01 1.95e+02  -6.0 4.80e+01    -  4.69e-02 1.81e-02h  1
 156  1.3502354e+06 5.46e-01 1.76e+02  -6.0 4.33e+01    -  1.78e-02 1.06e-01h  1
 157  1.3503678e+06 5.26e-01 1.68e+02  -6.0 3.31e+01    -  6.05e-02 3.63e-02h  1
 158  1.3504321e+06 5.16e-01 1.64e+02  -6.0 3.26e+01    -  2.00e-02 1.83e-02h  1
 159  1.3505136e+06 5.04e-01 1.60e+02  -6.0 3.23e+01    -  2.87e-02 2.35e-02h  1
iter    objective    inf_pr   inf_du lg(mu)  ||d||  lg(rg) alpha_du alpha_pr  ls
 160  1.3505578e+06 4.98e-01 1.55e+02  -6.0 3.19e+01    -  5.51e-02 1.30e-02h  1
 161  1.3509958e+06 4.33e-01 1.43e+02  -6.0 3.06e+01    -  2.81e-02 1.31e-01h  1
 162  1.3513220e+06 3.85e-01 1.27e+02  -6.0 2.85e+01    -  1.13e-01 1.11e-01h  1
 163  1.3515604e+06 3.50e-01 1.17e+02  -6.0 2.65e+01    -  4.47e-02 9.03e-02h  1
 164  1.3518645e+06 3.06e-01 1.01e+02  -6.0 2.53e+01    -  2.51e-01 1.26e-01h  1
 165  1.3519175e+06 2.98e-01 9.77e+01  -6.0 2.17e+01    -  9.22e-02 2.49e-02h  1
 166  1.3521737e+06 2.61e-01 8.47e+01  -6.0 2.08e+01    -  1.97e-01 1.23e-01h  1
 167  1.3525613e+06 2.06e-01 6.75e+01  -6.0 1.82e+01    -  1.42e-01 2.12e-01h  1
 168  1.3528825e+06 1.61e-01 5.16e+01  -6.0 1.44e+01    -  3.19e-01 2.21e-01h  1
 169  1.3529400e+06 1.52e-01 4.90e+01  -6.0 1.12e+01    -  6.58e-02 5.05e-02h  1
iter    objective    inf_pr   inf_du lg(mu)  ||d||  lg(rg) alpha_du alpha_pr  ls
 170  1.3531055e+06 1.29e-01 4.14e+01  -6.0 1.05e+01    -  1.68e-01 1.53e-01h  1
 171  1.3531465e+06 1.23e-01 3.91e+01  -6.0 8.93e+00    -  1.01e-01 4.46e-02h  1
 172  1.3532501e+06 1.09e-01 3.36e+01  -6.0 8.54e+00    -  2.41e-01 1.18e-01h  1
 173  1.3535605e+06 6.53e-02 2.01e+01  -6.0 7.53e+00    -  4.18e-01 4.00e-01h  1
 174  1.3536856e+06 4.79e-02 1.28e+01  -6.0 4.52e+00    -  7.41e-01 2.67e-01h  1
 175  1.3536895e+06 4.73e-02 1.24e+01  -6.0 3.29e+00    -  3.51e-01 1.15e-02h  1
 176  1.3538513e+06 2.49e-02 6.28e+00  -6.0 3.21e+00    -  1.07e-01 4.74e-01h  1
 177  1.3539049e+06 1.75e-02 4.48e+00  -6.0 1.69e+00    -  4.45e-01 2.98e-01h  1
 178  1.3540259e+06 7.78e-04 1.74e-01  -6.0 1.19e+00    -  7.58e-01 9.55e-01h  1
 179  1.3540317e+06 3.69e-07 2.26e-04  -6.0 5.29e-02    -  1.00e+00 1.00e+00h  1
iter    objective    inf_pr   inf_du lg(mu)  ||d||  lg(rg) alpha_du alpha_pr  ls
 180  1.3540317e+06 9.79e-09 1.35e-07  -6.0 9.80e-04    -  1.00e+00 1.00e+00h  1
 181  1.3540314e+06 1.07e-05 3.49e-02  -7.1 2.74e-02    -  6.94e-01 8.43e-01h  1
 182  1.3540313e+06 9.66e-06 8.68e-07  -7.1 2.20e-02    -  1.00e+00 1.00e+00f  1
 183  1.3540313e+06 1.49e-06 1.09e-07  -7.1 8.65e-03    -  1.00e+00 1.00e+00h  1
 184  1.3540313e+06 1.24e-08 7.06e-10  -7.1 7.88e-04    -  1.00e+00 1.00e+00h  1

Number of Iterations....: 184

                                   (scaled)                 (unscaled)
Objective...............:   1.3107412309441354e+04    1.3540313452996633e+06
Dual infeasibility......:   7.0566991265425417e-10    7.2897621484027274e-08
Constraint violation....:   1.2354042700293832e-08    1.2354042700293832e-08
Variable bound violation:   3.6362310495974270e-08    3.6362310495974270e-08
Complementarity.........:   8.8137880376903092e-08    9.1048827885452619e-06
Overall NLP error.......:   8.8137880376903092e-08    9.1048827885452619e-06


Number of objective function evaluations             = 200
Number of objective gradient evaluations             = 175
Number of equality constraint evaluations            = 200
Number of inequality constraint evaluations          = 201
Number of equality constraint Jacobian evaluations   = 187
Number of inequality constraint Jacobian evaluations = 187
Number of Lagrangian Hessian evaluations             = 184
Total seconds in IPOPT                               = 56.902

EXIT: Optimal Solution Found.

