Solver command line: ['/opt/homebrew/bin/ipopt', '/var/folders/6y/bvynbx6n3zv7z3lwg6vd724r0000gn/T/tmppayu79y4.pyomo.nl', '-AMPL', 'tol=1e-06', 'max_iter=300', 'print_level=5', 'warm_start_init_point=yes', 'warm_start_bound_push=1e-06', 'warm_start_bound_frac=1e-06', 'warm_start_mult_bound_push=1e-06', 'mu_init=1e-06', 'least_square_init_duals=no']

Ipopt 3.14.19: tol=1e-06
max_iter=300
print_level=5
warm_start_init_point=yes
warm_start_bound_push=1e-06
warm_start_bound_frac=1e-06
warm_start_mult_bound_push=1e-06
mu_init=1e-06
least_square_init_duals=no


******************************************************************************
This program contains Ipopt, a library for large-scale nonlinear optimization.
 Ipopt is released as open source code under the Eclipse Public License (EPL).
         For more information visit https://github.com/coin-or/Ipopt
******************************************************************************

This is Ipopt version 3.14.19, running with linear solver MUMPS 5.6.2.

Number of nonzeros in equality constraint Jacobian...:   145957
Number of nonzeros in inequality constraint Jacobian.:   105544
Number of nonzeros in Lagrangian Hessian.............:    81479

Total number of variables............................:    24020
                     variables with only lower bounds:        0
                variables with lower and upper bounds:    24020
                     variables with only upper bounds:        0
Total number of equality constraints.................:    20001
Total number of inequality constraints...............:    26386
        inequality constraints with only lower bounds:        0
   inequality constraints with lower and upper bounds:        0
        inequality constraints with only upper bounds:    26386

iter    objective    inf_pr   inf_du lg(mu)  ||d||  lg(rg) alpha_du alpha_pr  ls
   0  1.3540334e+06 1.90e+01 1.44e+03  -6.0 0.00e+00    -  0.00e+00 0.00e+00   0
   1  1.3538884e+06 1.89e+01 1.43e+03  -6.0 5.70e+01    -  3.51e-03 5.03e-03h  1
   2  1.3537976e+06 1.89e+01 1.43e+03  -6.0 5.11e+01    -  1.60e-02 3.23e-03h  1
   3  1.3532876e+06 1.85e+01 1.39e+03  -6.0 3.05e+01    -  1.10e-02 2.05e-02f  1
   4  1.3532166e+06 1.84e+01 1.39e+03  -6.0 6.85e+01    -  1.22e-02 2.89e-03h  1
   5  1.3529050e+06 1.82e+01 1.37e+03  -6.0 7.51e+01    -  2.61e-02 1.20e-02f  1
   6  1.3526022e+06 1.80e+01 1.36e+03  -6.0 1.03e+02    -  1.53e-02 1.09e-02f  1
   7  1.3524673e+06 1.79e+01 1.35e+03  -6.0 1.27e+02    -  1.23e-02 4.93e-03h  1
   8  1.3523907e+06 1.79e+01 1.35e+03  -6.0 1.38e+02    -  6.78e-04 2.88e-03h  1
   9  1.3523643e+06 1.79e+01 1.35e+03  -6.0 1.44e+02    -  2.95e-02 9.77e-04h  1
iter    objective    inf_pr   inf_du lg(mu)  ||d||  lg(rg) alpha_du alpha_pr  ls
  10  1.3521351e+06 1.77e+01 1.33e+03  -6.0 1.45e+02    -  1.89e-03 8.61e-03h  1
  11  1.3520637e+06 1.77e+01 1.33e+03  -6.0 1.64e+02    -  8.56e-02 2.65e-03h  1
  12  1.3519770e+06 1.76e+01 1.33e+03  -6.0 1.69e+02    -  8.30e-03 3.25e-03h  1
  13  1.3518522e+06 1.75e+01 1.32e+03  -6.0 1.76e+02    -  6.87e-02 4.74e-03h  1
  14  1.3514760e+06 1.73e+01 1.30e+03  -6.0 1.85e+02    -  1.13e-02 1.50e-02f  1
  15  1.3513635e+06 1.72e+01 1.29e+03  -6.0 2.15e+02    -  4.48e-02 4.53e-03h  1
  16  1.3513094e+06 1.71e+01 1.29e+03  -6.0 2.24e+02    -  1.78e-02 2.18e-03h  1
  17  1.3511944e+06 1.71e+01 1.28e+03  -6.0 2.28e+02    -  4.77e-02 4.64e-03h  1
  18  1.3511265e+06 1.70e+01 1.28e+03  -6.0 2.38e+02    -  7.91e-03 2.69e-03h  1
  19  1.3509069e+06 1.69e+01 1.27e+03  -6.0 2.42e+02    -  5.37e-02 8.92e-03h  1
iter    objective    inf_pr   inf_du lg(mu)  ||d||  lg(rg) alpha_du alpha_pr  ls
  20  1.3507431e+06 1.67e+01 1.26e+03  -6.0 2.60e+02    -  8.46e-02 6.66e-03h  1
  21  1.3502437e+06 1.63e+01 1.23e+03  -6.0 2.62e+02    -  9.11e-04 2.48e-02f  1
  22  1.3501956e+06 1.63e+01 1.23e+03  -6.0 3.06e+02    -  4.29e-02 2.35e-03h  1
  23  1.3498396e+06 1.60e+01 1.21e+03  -6.0 3.10e+02    -  1.09e-02 1.75e-02h  1
  24  1.3495013e+06 1.57e+01 1.18e+03  -6.0 3.40e+02    -  9.59e-03 1.74e-02h  1
  25  1.3493137e+06 1.56e+01 1.17e+03  -6.0 3.76e+02    -  2.60e-02 8.46e-03h  1
  26  1.3491205e+06 1.55e+01 1.16e+03  -6.0 3.88e+02    -  1.10e-02 9.01e-03h  1
  27  1.3489311e+06 1.53e+01 1.15e+03  -6.0 4.02e+02    -  1.77e-02 8.87e-03h  1
  28  1.3489310e+06 1.53e+01 1.15e+03  -6.0 4.10e+02    -  1.17e-02 4.59e-06h  1
  29  1.3488916e+06 1.53e+01 1.15e+03  -6.0 4.04e+02    -  2.49e-02 2.16e-03h  1
iter    objective    inf_pr   inf_du lg(mu)  ||d||  lg(rg) alpha_du alpha_pr  ls
  30  1.3487196e+06 1.51e+01 1.14e+03  -6.0 4.07e+02    -  3.00e-03 9.47e-03h  1
  31  1.3486471e+06 1.51e+01 1.14e+03  -6.0 4.20e+02    -  5.85e-02 4.06e-03h  1
  32  1.3480996e+06 1.46e+01 1.10e+03  -6.0 4.22e+02    -  6.27e-02 3.37e-02f  1
  33  1.3479668e+06 1.44e+01 1.09e+03  -6.0 4.66e+02    -  2.01e-02 8.58e-03h  1
  34  1.3477547e+06 1.42e+01 1.07e+03  -6.0 4.75e+02    -  1.06e-01 1.39e-02h  1
  35  1.3475681e+06 1.41e+01 1.06e+03  -6.0 4.93e+02    -  1.41e-02 1.19e-02h  1
  36  1.3475525e+06 1.41e+01 1.06e+03  -6.0 5.04e+02    -  2.89e-02 1.05e-03h  1
  37  1.3473611e+06 1.39e+01 1.05e+03  -6.0 5.05e+02    -  1.05e-02 1.29e-02h  1
  38  1.3472658e+06 1.38e+01 1.04e+03  -6.0 5.01e+02    -  4.81e-02 7.46e-03h  1
  39  1.3471364e+06 1.37e+01 1.03e+03  -6.0 5.28e+02    -  1.84e-02 8.56e-03h  1
iter    objective    inf_pr   inf_du lg(mu)  ||d||  lg(rg) alpha_du alpha_pr  ls
  40  1.3469805e+06 1.35e+01 1.02e+03  -6.0 5.30e+02    -  1.14e-02 1.08e-02h  1
  41  1.3468153e+06 1.34e+01 1.01e+03  -6.0 5.44e+02    -  1.12e-01 1.13e-02h  1
  42  1.3464157e+06 1.30e+01 9.81e+02  -6.0 5.55e+02    -  3.22e-02 2.76e-02h  1
  43  1.3459405e+06 1.25e+01 9.47e+02  -6.0 5.77e+02    -  3.37e-02 3.48e-02h  1
  44  1.3456258e+06 1.22e+01 9.23e+02  -6.0 6.04e+02    -  1.34e-01 2.59e-02h  1
  45  1.3454452e+06 1.20e+01 9.09e+02  -6.0 6.21e+02    -  8.42e-02 1.55e-02h  1
  46  1.3452503e+06 1.17e+01 8.88e+02  -6.0 6.02e+02    -  2.90e-02 2.30e-02h  1
  47  1.3451130e+06 1.15e+01 8.73e+02  -6.0 6.12e+02    -  1.47e-03 1.71e-02h  1
  48  1.3441085e+06 1.06e+01 8.04e+02  -6.0 6.58e+02    -  3.27e-02 8.35e-02f  1
  49  1.3438138e+06 1.03e+01 7.81e+02  -6.0 6.93e+02    -  1.02e-02 2.90e-02h  1
iter    objective    inf_pr   inf_du lg(mu)  ||d||  lg(rg) alpha_du alpha_pr  ls
  50  1.3438057e+06 1.02e+01 7.76e+02  -6.0 6.03e+02    -  1.06e-02 6.89e-03h  1
  51  1.3436949e+06 9.98e+00 7.60e+02  -6.0 6.57e+02    -  1.22e-02 2.02e-02h  1
  52  1.3433448e+06 9.37e+00 7.15e+02  -6.0 6.66e+02    -  2.85e-02 6.10e-02h  1
  53  1.3431902e+06 9.06e+00 6.92e+02  -6.0 6.69e+02    -  6.12e-02 3.32e-02h  1
  54  1.3429316e+06 8.48e+00 6.49e+02  -6.0 6.67e+02    -  1.97e-02 6.30e-02h  1
  55  1.3427910e+06 8.09e+00 6.20e+02  -6.0 6.59e+02    -  1.17e-01 4.60e-02h  1
  56  1.3425986e+06 7.39e+00 5.68e+02  -6.0 6.47e+02    -  3.50e-02 8.60e-02h  1
  57  1.3425528e+06 7.01e+00 5.39e+02  -6.0 6.22e+02    -  2.71e-02 5.16e-02h  1
  58  1.3425279e+06 6.97e+00 5.36e+02  -6.0 6.71e+02    -  7.47e-06 5.97e-03h  1
  59  1.3424955e+06 6.93e+00 5.33e+02  -6.0 7.05e+02    -  4.25e-03 5.05e-03h  1
iter    objective    inf_pr   inf_du lg(mu)  ||d||  lg(rg) alpha_du alpha_pr  ls
  60  1.3424972e+06 6.81e+00 5.24e+02  -6.0 5.98e+02    -  3.02e-02 1.77e-02h  1
  61  1.3424651e+06 6.71e+00 5.16e+02  -6.0 6.33e+02    -  2.10e-03 1.45e-02h  1
  62  1.3424622e+06 6.68e+00 5.14e+02  -6.0 6.05e+02    -  2.86e-02 4.38e-03h  1
  63  1.3424530e+06 6.56e+00 5.04e+02  -6.0 6.01e+02    -  1.60e-02 1.83e-02h  1
  64  1.3424524e+06 6.51e+00 5.00e+02  -6.0 5.91e+02    -  3.96e-02 8.28e-03h  1
  65  1.3424580e+06 6.39e+00 4.91e+02  -6.0 5.83e+02    -  1.31e-02 1.81e-02h  1
  66  1.3425047e+06 6.38e+00 4.90e+02  -6.0 1.14e+02  -2.0 3.23e-05 1.92e-03h  1
  67  1.3425048e+06 6.38e+00 4.90e+02  -6.0 5.69e+02    -  5.68e-06 3.36e-05h  1
  68r 1.3425048e+06 6.38e+00 9.99e+02   1.0 0.00e+00  -1.6 0.00e+00 3.50e-11R 17
  69r 1.3425047e+06 6.38e+00 9.99e+02   1.0 3.05e+07    -  2.66e-09 9.48e-09f  1
iter    objective    inf_pr   inf_du lg(mu)  ||d||  lg(rg) alpha_du alpha_pr  ls
  70r 1.3425015e+06 6.37e+00 9.99e+02   1.0 3.53e+04    -  8.02e-06 1.30e-06f  1
  71r 1.3424217e+06 6.34e+00 9.99e+02   1.0 1.07e+04    -  9.25e-06 3.24e-05f  1
  72r 1.3423558e+06 6.31e+00 9.99e+02   1.0 1.03e+04    -  7.11e-05 2.66e-05f  1
  73r 1.3418425e+06 6.06e+00 9.99e+02   1.0 9.35e+03    -  1.96e-05 2.22e-04f  1
  74  1.3417962e+06 6.06e+00 2.52e+02  -6.0 4.75e+03    -  2.89e-05 3.47e-04f  1
  75  1.3417715e+06 6.05e+00 2.52e+02  -6.0 8.11e+03    -  1.27e-04 3.47e-04f  1
  76  1.3418702e+06 6.03e+00 2.53e+02  -6.0 6.23e+01  -2.1 3.71e-06 4.07e-03h  1
  77  1.3419149e+06 6.02e+00 2.50e+02  -6.0 1.02e+02  -2.5 9.73e-03 2.19e-03h  1
  78  1.3420408e+06 5.96e+00 2.48e+02  -6.0 1.89e+02  -3.0 3.17e-03 9.18e-03h  1
  79  1.3421281e+06 5.93e+00 2.46e+02  -6.0 1.08e+02  -2.6 1.19e-02 4.26e-03h  1
iter    objective    inf_pr   inf_du lg(mu)  ||d||  lg(rg) alpha_du alpha_pr  ls
  80  1.3421640e+06 5.92e+00 2.45e+02  -6.0 2.11e+02  -3.1 1.43e-02 2.39e-03h  1
  81  1.3422672e+06 5.89e+00 2.41e+02  -6.0 1.26e+02  -2.6 1.65e-02 4.97e-03h  1
  82  1.3423280e+06 5.88e+00 2.36e+02  -6.0 7.40e+01  -2.2 1.23e-02 2.28e-03h  1
  83  1.3423877e+06 5.86e+00 2.36e+02  -6.0 1.28e+02  -2.7 2.78e-03 2.65e-03h  1
  84  1.3424193e+06 5.85e+00 2.33e+02  -6.0 8.40e+01  -2.3 9.17e-03 1.39e-03h  1
  85  1.3424408e+06 5.85e+00 2.32e+02  -6.0 1.33e+02  -2.7 9.92e-03 1.12e-03h  4
  86  1.3424554e+06 5.84e+00 2.30e+02  -6.0 8.30e+01  -2.3 6.52e-03 6.51e-04h  4
  87  1.3424597e+06 5.84e+00 2.28e+02  -6.0 1.42e+02  -2.8 1.74e-02 2.31e-04h  6
  88  1.3425713e+06 5.81e+00 2.27e+02  -6.0 8.65e+01  -2.4 5.03e-03 5.03e-03s 15
  89  1.3426376e+06 5.79e+00 2.26e+02  -6.0 1.53e+02  -2.8 3.65e-03 3.65e-03s 15
iter    objective    inf_pr   inf_du lg(mu)  ||d||  lg(rg) alpha_du alpha_pr  ls
  90  1.3427412e+06 5.76e+00 2.25e+02  -6.0 8.89e+01  -2.4 4.63e-03 4.63e-03s 15
  91  1.3427805e+06 5.75e+00 2.25e+02  -6.0 1.52e+02  -2.9 1.99e-03 1.99e-03s 15
  92  1.3428938e+06 5.73e+00 2.20e+02  -6.0 8.85e+01  -2.5 1.56e-02 0.00e+00S 15
  93  1.3431026e+06 5.67e+00 2.17e+02  -6.0 1.72e+02  -2.9 1.74e-02 1.07e-02h  1
  94  1.3432043e+06 5.64e+00 2.12e+02  -6.0 1.03e+02  -2.5 2.21e-02 4.77e-03h  1
  95  1.3432567e+06 5.62e+00 2.09e+02  -6.0 1.88e+02  -3.0 2.67e-02 3.05e-03h  1
  96  1.3432726e+06 5.62e+00 2.09e+02  -6.0 1.12e+02  -1.7 7.89e-04 5.95e-04h  1
  97  1.3432798e+06 5.62e+00 2.08e+02  -6.0 3.39e+01  -0.3 2.11e-03 2.24e-04h  1
  98  1.3433437e+06 5.61e+00 2.08e+02  -6.0 3.95e+01  -0.8 8.42e-04 2.11e-03h  1
  99  1.3433472e+06 5.61e+00 2.08e+02  -6.0 4.09e+01  -1.3 5.44e-04 1.08e-04h  1
iter    objective    inf_pr   inf_du lg(mu)  ||d||  lg(rg) alpha_du alpha_pr  ls
 100  1.3434477e+06 5.59e+00 2.07e+02  -6.0 4.74e+01  -1.8 2.73e-03 3.16e-03h  1
 101  1.3435627e+06 5.57e+00 2.07e+02  -6.0 7.66e+01  -2.2 4.22e-03 3.90e-03h  1
 102  1.3437669e+06 5.53e+00 2.03e+02  -6.0 4.76e+01  -1.8 1.12e-02 6.43e-03h  1
 103  1.3438141e+06 5.52e+00 2.01e+02  -6.0 4.11e+01  -1.4 6.71e-03 1.44e-03h  1
 104  1.3438768e+06 5.51e+00 1.99e+02  -6.0 4.61e+01  -1.9 6.63e-03 1.95e-03h  1
 105  1.3439224e+06 5.50e+00 1.97e+02  -6.0 3.96e+01  -1.4 4.57e-03 1.38e-03h  1
 106  1.3439432e+06 5.50e+00 1.90e+02  -6.0 4.66e+01  -1.9 2.07e-02 6.55e-04h  1
 107  1.3440160e+06 5.49e+00 1.90e+02  -6.0 4.04e+01  -1.5 2.06e-03 2.30e-03h  1
 108  1.3441305e+06 5.47e+00 1.88e+02  -6.0 5.03e+01  -2.0 8.36e-03 3.98e-03h  1
 109r 1.3441305e+06 5.47e+00 9.99e+02   0.9 0.00e+00  -1.5 0.00e+00 4.68e-07R  5
iter    objective    inf_pr   inf_du lg(mu)  ||d||  lg(rg) alpha_du alpha_pr  ls
 110r 1.3440111e+06 5.46e+00 9.99e+02   0.9 7.56e+05    -  1.80e-05 1.72e-06f  1
 111r 1.3439467e+06 5.43e+00 9.99e+02   0.9 2.53e+04    -  6.92e-05 3.31e-05f  1
 112r 1.3432760e+06 5.21e+00 9.99e+02   0.9 7.89e+03    -  7.23e-05 2.09e-04f  1
 113  1.3432694e+06 5.21e+00 1.87e+02  -6.0 2.90e+04    -  1.84e-05 9.60e-06f  1
 114  1.3432682e+06 5.21e+00 1.87e+02  -6.0 2.84e+05    -  2.37e-06 2.81e-07f  1
 115  1.3434000e+06 5.19e+00 1.88e+02  -6.0 4.99e+01  -2.0 3.42e-07 4.25e-03h  1
 116  1.3434330e+06 5.18e+00 1.87e+02  -6.0 7.95e+01  -2.5 1.24e-03 1.20e-03h  1
 117  1.3434785e+06 5.17e+00 1.87e+02  -6.0 1.79e+02  -3.0 1.24e-03 2.79e-03h  1
 118  1.3434825e+06 5.15e+00 1.87e+02  -6.0 3.57e+02  -3.4 7.82e-03 3.63e-03h  1
 119  1.3435670e+06 5.12e+00 1.85e+02  -6.0 1.80e+02  -3.0 3.73e-02 4.91e-03h  1
iter    objective    inf_pr   inf_du lg(mu)  ||d||  lg(rg) alpha_du alpha_pr  ls
 120  1.3435967e+06 5.06e+00 1.80e+02  -6.0 3.67e+02  -3.5 2.56e-03 1.23e-02h  1
 121  1.3436196e+06 5.05e+00 1.80e+02  -6.0 1.99e+02  -3.1 3.28e-02 1.61e-03h  1
 122  1.3436241e+06 5.03e+00 1.79e+02  -6.0 3.87e+02  -3.6 2.74e-03 4.09e-03h  1
 123  1.3436934e+06 5.00e+00 1.78e+02  -6.0 2.09e+02  -3.1 5.45e-03 5.17e-03h  1
 124  1.3437463e+06 4.99e+00 1.77e+02  -6.0 1.14e+02  -2.7 6.87e-03 2.40e-03h  1
 125  1.3439522e+06 4.90e+00 1.73e+02  -6.0 2.25e+02  -3.2 2.98e-03 1.76e-02h  1
 126  1.3439551e+06 4.90e+00 1.71e+02  -6.0 1.22e+02  -2.8 1.47e-02 1.44e-04h  1
 127  1.3441205e+06 4.87e+00 1.72e+02  -6.0 7.42e+01  -2.3 2.00e-04 6.24e-03h  1
 128  1.3441707e+06 4.86e+00 1.72e+02  -6.0 1.60e+02  -2.8 9.40e-04 2.62e-03h  1
 129  1.3442022e+06 4.85e+00 1.65e+02  -6.0 7.86e+01  -2.4 2.48e-02 1.20e-03h  1
iter    objective    inf_pr   inf_du lg(mu)  ||d||  lg(rg) alpha_du alpha_pr  ls
 130  1.3442861e+06 4.83e+00 1.61e+02  -6.0 1.42e+02  -2.9 3.88e-02 4.47e-03h  1
 131  1.3443340e+06 4.82e+00 1.61e+02  -6.0 7.97e+01  -2.4 2.13e-03 1.70e-03h  1
 132  1.3444061e+06 4.80e+00 1.59e+02  -6.0 1.55e+02  -2.9 2.33e-02 4.05e-03h  1
 133  1.3445977e+06 4.77e+00 1.57e+02  -6.0 8.82e+01  -2.5 1.23e-02 7.65e-03h  1
 134  1.3446085e+06 4.77e+00 1.55e+02  -6.0 5.57e+01  -2.1 4.40e-03 3.42e-04h  1
 135  1.3448853e+06 4.72e+00 1.50e+02  -6.0 8.99e+01  -2.5 3.27e-02 1.06e-02h  1
 136  1.3450130e+06 4.70e+00 1.44e+02  -6.0 5.66e+01  -2.1 2.62e-02 4.15e-03h  1
 137  1.3452900e+06 4.66e+00 1.44e+02  -6.0 4.66e+01  -1.7 5.90e-03 8.46e-03h  1
 138  1.3455576e+06 4.61e+00 1.43e+02  -6.0 8.05e+01  -2.2 8.04e-03 9.20e-03h  1
 139  1.3455912e+06 4.61e+00 1.42e+02  -6.0 5.07e+01  -1.7 4.13e-03 1.01e-03h  1
iter    objective    inf_pr   inf_du lg(mu)  ||d||  lg(rg) alpha_du alpha_pr  ls
 140  1.3456866e+06 4.59e+00 1.41e+02  -6.0 5.86e+01  -2.2 5.82e-03 3.09e-03h  1
 141  1.3457744e+06 4.58e+00 1.39e+02  -6.0 5.16e+01  -1.8 8.70e-03 2.52e-03h  1
 142  1.3457871e+06 4.58e+00 1.35e+02  -6.0 5.48e+01  -2.3 2.54e-02 3.92e-04h  1
 143  1.3464068e+06 4.50e+00 1.36e+02  -6.0 5.05e+01  -1.8 2.82e-03 1.78e-02h  1
 144  1.3464970e+06 4.49e+00 1.33e+02  -6.0 2.94e+01  -1.4 1.75e-02 2.16e-03h  1
 145  1.3467958e+06 4.46e+00 1.32e+02  -6.0 3.26e+01  -1.9 8.04e-03 7.73e-03h  1
 146  1.3469096e+06 4.44e+00 1.30e+02  -6.0 5.70e+01  -2.4 1.70e-02 3.54e-03h  1
 147  1.3469470e+06 4.43e+00 1.29e+02  -6.0 1.63e+02  -2.8 3.96e-04 1.91e-03h  1
 148r 1.3469470e+06 4.43e+00 9.99e+02   0.7 0.00e+00  -2.4 0.00e+00 4.62e-07R  3
 149r 1.3467507e+06 4.43e+00 9.99e+02   0.7 5.88e+05    -  1.52e-05 1.38e-06f  1
iter    objective    inf_pr   inf_du lg(mu)  ||d||  lg(rg) alpha_du alpha_pr  ls
 150r 1.3466143e+06 4.37e+00 9.99e+02   0.7 1.53e+04    -  2.18e-04 5.74e-05f  1
 151r 1.3452306e+06 4.06e+00 9.98e+02   0.7 1.60e+04    -  1.12e-03 3.79e-04f  1
 152  1.3451783e+06 4.06e+00 1.41e+02  -6.0 2.46e+06    -  7.40e-07 7.36e-07f  1
 153  1.3451678e+06 4.06e+00 1.41e+02  -6.0 6.06e+05    -  2.36e-06 2.87e-07f  1
 154  1.3451578e+06 4.06e+00 1.41e+02  -6.0 8.96e+04    -  2.06e-05 2.62e-06f  1
 155  1.3450948e+06 4.06e+00 1.41e+02  -6.0 1.47e+05    -  2.34e-05 1.39e-05f  1
 156  1.3451267e+06 4.06e+00 1.41e+02  -6.0 1.42e+02  -2.9 5.55e-04 1.71e-03h  1
 157  1.3451256e+06 4.06e+00 1.41e+02  -6.0 3.19e+02  -3.4 2.58e-05 2.53e-04h  1
 158  1.3451220e+06 4.06e+00 1.41e+02  -6.0 7.58e+02  -3.8 1.67e-03 6.65e-05h  1
 159  1.3449543e+06 4.05e+00 1.41e+02  -6.0 1.71e+03  -4.3 5.83e-05 1.10e-03f  1
iter    objective    inf_pr   inf_du lg(mu)  ||d||  lg(rg) alpha_du alpha_pr  ls
 160  1.3449351e+06 4.05e+00 1.41e+02  -6.0 3.06e+03  -4.8 6.30e-04 6.77e-05f  1
 161  1.3449246e+06 4.05e+00 1.41e+02  -6.0 5.79e+03  -5.3 2.61e-04 2.29e-05f  1
 162  1.3448227e+06 4.05e+00 1.41e+02  -6.0 3.08e+03  -4.8 2.79e-04 3.77e-04f  1
 163  1.3447915e+06 4.05e+00 1.42e+02  -6.0 5.17e+03  -5.3 1.73e-03 9.07e-05f  1
 164  1.3446953e+06 4.05e+00 1.42e+02  -6.0 2.29e+03  -4.9 6.26e-04 5.70e-04f  1
 165  1.3446381e+06 4.04e+00 1.44e+02  -6.0 2.38e+03  -5.4 2.02e-03 4.10e-04f  1
 166  1.3445970e+06 4.04e+00 1.44e+02  -6.0 1.46e+03  -4.9 5.13e-04 7.37e-04h  1
 167  1.3445419e+06 4.04e+00 1.47e+02  -6.0 1.98e+03  -5.4 3.44e-03 5.29e-04f  1
 168  1.3442457e+06 4.03e+00 1.44e+02  -6.0 1.68e+03  -5.0 9.22e-04 3.47e-03f  1
 169  1.3440882e+06 4.02e+00 1.55e+02  -6.0 1.73e+03  -5.5 1.30e-02 1.89e-03f  1
iter    objective    inf_pr   inf_du lg(mu)  ||d||  lg(rg) alpha_du alpha_pr  ls
 170  1.3440657e+06 4.02e+00 1.58e+02  -6.0 1.64e+03  -6.0 3.70e-03 2.98e-04h  1
 171  1.3440221e+06 4.01e+00 1.61e+02  -6.0 1.28e+03  -5.5 3.64e-03 8.84e-04h  1
 172  1.3439956e+06 4.01e+00 1.65e+02  -6.0 1.16e+03  -6.0 7.08e-03 1.05e-03h  1
 173  1.3437748e+06 3.98e+00 1.61e+02  -6.0 1.13e+03  -5.6 5.70e-03 8.41e-03f  1
 174  1.3437080e+06 3.97e+00 1.70e+02  -6.0 1.16e+03    -  1.16e-02 1.74e-03h  1
 175  1.3436729e+06 3.96e+00 1.71e+02  -6.0 1.10e+03    -  2.31e-03 9.92e-04h  1
 176  1.3436131e+06 3.96e+00 1.78e+02  -6.0 1.07e+03    -  1.04e-02 1.79e-03h  1
 177  1.3434179e+06 3.93e+00 1.77e+02  -6.0 1.02e+03    -  6.79e-03 6.37e-03f  1
 178  1.3434128e+06 3.93e+00 1.78e+02  -6.0 9.72e+02    -  1.54e-03 2.30e-04h  1
 179  1.3433975e+06 3.93e+00 1.90e+02  -6.0 9.22e+02    -  2.05e-02 1.03e-03h  1
iter    objective    inf_pr   inf_du lg(mu)  ||d||  lg(rg) alpha_du alpha_pr  ls
 180  1.3430856e+06 3.84e+00 1.75e+02  -6.0 8.99e+02    -  5.96e-03 2.28e-02f  1
 181  1.3429779e+06 3.80e+00 1.84e+02  -6.0 8.28e+02    -  2.73e-02 1.07e-02h  1
 182  1.3428683e+06 3.73e+00 1.71e+02  -6.0 7.27e+02    -  2.29e-03 1.86e-02h  1
 183  1.3428403e+06 3.71e+00 1.70e+02  -6.0 7.13e+02    -  4.19e-03 5.33e-03h  1
 184  1.3427870e+06 3.67e+00 1.98e+02  -6.0 7.16e+02    -  5.75e-02 9.13e-03h  1
 185  1.3427657e+06 3.65e+00 2.00e+02  -6.0 6.53e+02    -  1.17e-02 6.46e-03h  1
 186  1.3427609e+06 3.64e+00 2.10e+02  -6.0 6.39e+02    -  1.95e-02 1.80e-03h  1
 187  1.3427182e+06 3.58e+00 2.04e+02  -6.0 6.25e+02    -  1.39e-02 1.79e-02h  1
 188  1.3427115e+06 3.57e+00 2.05e+02  -6.0 6.65e+02    -  1.85e-03 3.93e-04h  1
 189  1.3426880e+06 3.49e+00 1.89e+02  -6.0 5.93e+02    -  3.65e-03 2.30e-02h  1
iter    objective    inf_pr   inf_du lg(mu)  ||d||  lg(rg) alpha_du alpha_pr  ls
 190  1.3426873e+06 3.48e+00 2.08e+02  -6.0 5.62e+02    -  3.86e-02 3.78e-03h  1
 191  1.3426976e+06 3.41e+00 1.97e+02  -6.0 5.41e+02    -  5.82e-03 1.89e-02h  1
 192  1.3426973e+06 3.41e+00 1.99e+02  -6.0 5.32e+02    -  4.09e-03 5.72e-04h  1
 193  1.3427059e+06 3.39e+00 2.05e+02  -6.0 5.17e+02    -  1.99e-02 4.82e-03h  1
 194  1.3427099e+06 3.39e+00 2.15e+02  -6.0 4.99e+02    -  2.44e-02 2.79e-03h  1
 195  1.3427478e+06 3.34e+00 2.34e+02  -6.0 4.97e+02    -  5.85e-02 1.36e-02h  1
 196  1.3428489e+06 3.26e+00 2.28e+02  -6.0 4.54e+02    -  2.06e-02 2.30e-02h  1
 197  1.3429433e+06 3.19e+00 2.26e+02  -6.0 4.52e+02    -  3.06e-02 2.30e-02h  1
 198  1.3429572e+06 3.14e+00 2.17e+02  -6.0 4.64e+02    -  3.61e-03 1.58e-02h  1
 199  1.3429435e+06 3.12e+00 2.13e+02  -6.0 4.83e+02    -  2.52e-05 6.19e-03h  1
iter    objective    inf_pr   inf_du lg(mu)  ||d||  lg(rg) alpha_du alpha_pr  ls
 200  1.3429328e+06 3.10e+00 2.12e+02  -6.0 4.79e+02    -  6.06e-03 5.30e-03h  1
 201  1.3429365e+06 3.10e+00 2.18e+02  -6.0 4.81e+02    -  1.62e-02 1.80e-03h  1
 202  1.3429825e+06 3.07e+00 2.23e+02  -6.0 4.53e+02    -  2.91e-02 9.47e-03h  1
 203  1.3429988e+06 3.06e+00 2.29e+02  -6.0 4.34e+02    -  2.11e-02 3.13e-03h  1
 204  1.3431525e+06 2.98e+00 2.26e+02  -6.0 3.89e+02    -  3.45e-02 2.63e-02h  1
 205  1.3432620e+06 2.92e+00 2.15e+02  -6.0 4.18e+02    -  2.40e-04 1.98e-02h  1
 206  1.3433467e+06 2.87e+00 2.17e+02  -6.0 4.00e+02    -  2.95e-02 1.48e-02h  1
 207  1.3436193e+06 2.75e+00 1.97e+02  -6.0 3.62e+02    -  1.54e-02 4.38e-02h  1
 208  1.3436614e+06 2.73e+00 2.04e+02  -6.0 3.51e+02    -  3.02e-02 6.80e-03h  1
 209  1.3440165e+06 2.57e+00 1.77e+02  -6.0 3.48e+02    -  1.03e-02 5.66e-02h  1
iter    objective    inf_pr   inf_du lg(mu)  ||d||  lg(rg) alpha_du alpha_pr  ls
 210  1.3441457e+06 2.52e+00 1.75e+02  -6.0 3.21e+02    -  2.46e-02 2.07e-02h  1
 211  1.3443150e+06 2.45e+00 1.63e+02  -6.0 3.08e+02    -  3.99e-03 2.67e-02h  1
 212  1.3447953e+06 2.27e+00 1.43e+02  -6.0 2.96e+02    -  5.05e-02 7.56e-02h  1
 213  1.3448770e+06 2.24e+00 1.62e+02  -6.0 2.58e+02    -  8.26e-02 1.27e-02h  1
 214  1.3452918e+06 2.10e+00 1.67e+02  -6.0 2.46e+02    -  1.22e-01 6.22e-02h  1
 215  1.3454840e+06 2.04e+00 1.81e+02  -6.0 2.20e+02    -  1.07e-01 2.87e-02h  1
 216  1.3459268e+06 1.91e+00 1.79e+02  -6.0 2.09e+02    -  1.12e-01 6.54e-02h  1
 217  1.3460595e+06 1.87e+00 1.91e+02  -6.0 1.91e+02    -  1.00e-01 2.02e-02h  1
 218  1.3467837e+06 1.66e+00 1.57e+02  -6.0 1.85e+02    -  3.45e-02 1.10e-01h  1
 219  1.3468041e+06 1.66e+00 1.65e+02  -6.0 1.75e+02    -  4.17e-02 3.50e-03h  1
iter    objective    inf_pr   inf_du lg(mu)  ||d||  lg(rg) alpha_du alpha_pr  ls
 220  1.3468702e+06 1.64e+00 1.62e+02  -6.0 1.73e+02    -  6.87e-03 1.12e-02h  1
 221  1.3476569e+06 1.43e+00 1.28e+02  -6.0 1.59e+02    -  4.77e-02 1.29e-01h  1
 222  1.3479669e+06 1.35e+00 1.33e+02  -6.0 1.32e+02    -  1.43e-01 5.58e-02h  1
 223  1.3487246e+06 1.16e+00 1.04e+02  -6.0 1.22e+02    -  5.53e-02 1.41e-01h  1
 224  1.3494235e+06 9.86e-01 9.09e+01  -6.0 1.04e+02    -  1.64e-01 1.47e-01h  1
 225  1.3502084e+06 8.02e-01 6.03e+01  -6.0 8.93e+01    -  2.22e-02 1.86e-01h  1
 226  1.3502858e+06 7.84e-01 7.00e+01  -6.0 7.17e+01    -  1.61e-01 2.20e-02h  1
 227  1.3507005e+06 6.90e-01 6.03e+01  -6.0 7.26e+01    -  1.04e-01 1.20e-01h  1
 228  1.3510162e+06 6.20e-01 5.31e+01  -6.0 6.37e+01    -  8.64e-02 1.01e-01h  1
 229  1.3512694e+06 5.65e-01 4.61e+01  -6.0 5.40e+01    -  4.68e-02 8.86e-02h  1
iter    objective    inf_pr   inf_du lg(mu)  ||d||  lg(rg) alpha_du alpha_pr  ls
 230  1.3515503e+06 5.05e-01 4.07e+01  -6.0 4.92e+01    -  9.92e-02 1.07e-01h  1
 231  1.3516134e+06 4.91e-01 4.37e+01  -6.0 4.16e+01    -  1.05e-01 2.67e-02h  1
 232  1.3519099e+06 4.29e-01 3.61e+01  -6.0 4.06e+01    -  8.41e-02 1.28e-01h  1
 233  1.3521135e+06 3.86e-01 2.94e+01  -6.0 3.51e+01    -  2.19e-02 9.96e-02h  1
 234  1.3525492e+06 2.95e-01 2.02e+01  -6.0 3.18e+01    -  1.60e-01 2.34e-01h  1
 235  1.3530489e+06 1.93e-01 1.08e+01  -6.0 2.41e+01    -  2.50e-01 3.45e-01h  1
 236  1.3533424e+06 1.34e-01 6.36e+00  -6.0 1.56e+01    -  2.42e-01 3.04e-01h  1
 237  1.3534731e+06 1.09e-01 7.90e+00  -6.0 1.08e+01    -  3.95e-01 1.92e-01h  1
 238  1.3536756e+06 6.89e-02 4.87e+00  -6.0 8.66e+00    -  3.48e-01 3.66e-01h  1
 239  1.3536995e+06 6.43e-02 5.40e+00  -6.0 5.47e+00    -  2.41e-01 6.74e-02h  1
iter    objective    inf_pr   inf_du lg(mu)  ||d||  lg(rg) alpha_du alpha_pr  ls
 240  1.3538271e+06 3.94e-02 1.68e+00  -6.0 5.04e+00    -  8.03e-02 3.86e-01h  1
 241  1.3538529e+06 3.44e-02 2.72e+00  -6.0 3.09e+00    -  4.17e-01 1.27e-01h  1
 242  1.3540082e+06 4.44e-03 1.36e+00  -6.0 2.69e+00    -  2.79e-01 8.71e-01h  1
 243  1.3540311e+06 9.95e-05 2.60e-01  -6.0 3.41e-01    -  8.65e-01 9.78e-01h  1
 244  1.3540317e+06 2.57e-06 1.77e-02  -6.0 4.62e-02    -  9.33e-01 1.00e+00h  1
 245  1.3540317e+06 6.09e-07 4.46e-07  -6.0 1.31e-02    -  1.00e+00 1.00e+00h  1
 246  1.3540317e+06 4.30e-09 6.24e-09  -6.0 1.89e-03    -  1.00e+00 1.00e+00h  1
 247  1.3540314e+06 1.07e-05 3.60e-02  -7.1 2.74e-02    -  6.90e-01 8.43e-01f  1
 248  1.3540313e+06 9.61e-06 8.66e-07  -7.1 2.19e-02    -  1.00e+00 1.00e+00f  1
 249  1.3540313e+06 1.51e-06 1.10e-07  -7.1 8.70e-03    -  1.00e+00 1.00e+00h  1
iter    objective    inf_pr   inf_du lg(mu)  ||d||  lg(rg) alpha_du alpha_pr  ls
 250  1.3540313e+06 1.25e-08 7.15e-10  -7.1 7.93e-04    -  1.00e+00 1.00e+00h  1

Number of Iterations....: 250

                                   (scaled)                 (unscaled)
Objective...............:   1.3107412309441341e+04    1.3540313452996619e+06
Dual infeasibility......:   7.1486206768192194e-10    7.3847196102150091e-08
Constraint violation....:   1.2527795861458357e-08    1.2527795861458357e-08
Variable bound violation:   3.6362310495974270e-08    3.6362310495974270e-08
Complementarity.........:   8.8139778236387886e-08    9.1050788425924466e-06
Overall NLP error.......:   8.8139778236387886e-08    9.1050788425924466e-06


Number of objective function evaluations             = 301
Number of objective gradient evaluations             = 243
Number of equality constraint evaluations            = 301
Number of inequality constraint evaluations          = 302
Number of equality constraint Jacobian evaluations   = 254
Number of inequality constraint Jacobian evaluations = 254
Number of Lagrangian Hessian evaluations             = 250
Total seconds in IPOPT                               = 80.317

EXIT: Optimal Solution Found.

