Solver command line: ['/opt/homebrew/bin/ipopt', '/var/folders/6y/bvynbx6n3zv7z3lwg6vd724r0000gn/T/tmpu8wdctid.pyomo.nl', '-AMPL', 'tol=1e-06', 'max_iter=300', 'print_level=5', 'warm_start_init_point=yes', 'warm_start_bound_push=1e-06', 'warm_start_bound_frac=1e-06', 'warm_start_mult_bound_push=1e-06', 'mu_init=1e-06', 'least_square_init_duals=no']

Ipopt 3.14.19: tol=1e-06
max_iter=300
print_level=5
warm_start_init_point=yes
warm_start_bound_push=1e-06
warm_start_bound_frac=1e-06
warm_start_mult_bound_push=1e-06
mu_init=1e-06
least_square_init_duals=no


******************************************************************************
This program contains Ipopt, a library for large-scale nonlinear optimization.
 Ipopt is released as open source code under the Eclipse Public License (EPL).
         For more information visit https://github.com/coin-or/Ipopt
******************************************************************************

This is Ipopt version 3.14.19, running with linear solver MUMPS 5.6.2.

Number of nonzeros in equality constraint Jacobian...:   145957
Number of nonzeros in inequality constraint Jacobian.:   105544
Number of nonzeros in Lagrangian Hessian.............:    81479

Total number of variables............................:    24020
                     variables with only lower bounds:        0
                variables with lower and upper bounds:    24020
                     variables with only upper bounds:        0
Total number of equality constraints.................:    20001
Total number of inequality constraints...............:    26386
        inequality constraints with only lower bounds:        0
   inequality constraints with lower and upper bounds:        0
        inequality constraints with only upper bounds:    26386

iter    objective    inf_pr   inf_du lg(mu)  ||d||  lg(rg) alpha_du alpha_pr  ls
   0  3.0503288e+06 1.83e+01 1.11e+03  -6.0 0.00e+00    -  0.00e+00 0.00e+00   0
   1  3.0256973e+06 1.81e+01 1.10e+03  -6.0 6.45e+00  -2.0 1.07e-02 1.34e-02f  1
   2  2.9917724e+06 1.77e+01 1.08e+03  -6.0 8.49e+00  -2.5 4.19e-02 1.87e-02f  1
   3  2.9779771e+06 1.76e+01 1.07e+03  -6.0 6.49e+01  -3.0 3.16e-03 7.71e-03f  1
   4  2.8935781e+06 1.68e+01 1.02e+03  -6.0 9.65e+00  -3.4 8.94e-02 4.81e-02f  1
   5  2.8561297e+06 1.64e+01 9.96e+02  -6.0 8.38e+00  -3.9 7.55e-02 2.26e-02f  1
   6  2.8382190e+06 1.62e+01 9.85e+02  -6.0 7.60e+00  -3.5 4.03e-01 1.11e-02f  1
   7  2.7034980e+06 1.48e+01 9.07e+02  -6.0 7.07e+00  -4.0 1.03e-01 8.47e-02f  1
   8  2.4995537e+06 1.27e+01 7.89e+02  -6.0 6.99e+00  -4.4 1.17e-01 1.42e-01f  1
   9  2.3506827e+06 1.11e+01 6.97e+02  -6.0 8.72e+00  -4.0 2.69e-01 1.23e-01f  1
iter    objective    inf_pr   inf_du lg(mu)  ||d||  lg(rg) alpha_du alpha_pr  ls
  10  2.1375654e+06 8.80e+00 5.65e+02  -6.0 9.45e+00    -  2.25e-01 2.05e-01f  1
  11  2.1304264e+06 8.72e+00 5.60e+02  -6.0 2.15e+01  -4.5 7.90e-03 8.73e-03f  1
  12  2.1220066e+06 8.63e+00 5.55e+02  -6.0 9.67e+00  -4.1 1.57e-01 1.04e-02f  1
  13  2.1167010e+06 8.57e+00 5.51e+02  -6.0 3.59e+01  -4.5 6.23e-03 6.62e-03f  1
  14  2.1160967e+06 8.57e+00 5.50e+02  -6.0 1.53e+01  -5.0 3.02e-03 7.60e-04f  1
  15  2.1022200e+06 8.42e+00 5.41e+02  -6.0 2.23e+01  -3.7 9.00e-03 1.75e-02f  1
  16  2.0786671e+06 8.16e+00 5.25e+02  -6.0 1.14e+01    -  3.41e-02 3.02e-02f  1
  17  1.9240338e+06 6.46e+00 4.21e+02  -6.0 9.49e+00    -  7.83e-02 2.07e-01f  1
  18  1.9024918e+06 6.22e+00 4.06e+02  -6.0 8.73e+00    -  6.85e-02 3.66e-02f  1
  19  1.8602481e+06 5.76e+00 3.76e+02  -6.0 8.55e+00    -  1.18e-01 7.48e-02f  1
iter    objective    inf_pr   inf_du lg(mu)  ||d||  lg(rg) alpha_du alpha_pr  ls
  20  1.8098453e+06 5.20e+00 3.40e+02  -6.0 2.03e+01  -3.3 3.84e-02 9.72e-02f  1
  21  1.7794480e+06 4.86e+00 3.18e+02  -6.0 7.63e+00  -3.7 2.42e-01 6.51e-02f  1
  22  1.7341775e+06 4.35e+00 2.85e+02  -6.0 7.31e+00  -4.2 4.38e-01 1.04e-01f  1
  23  1.6997920e+06 3.96e+00 2.59e+02  -6.0 6.76e+00  -4.7 2.06e-01 8.87e-02f  1
  24  1.6494737e+06 3.40e+00 2.22e+02  -6.0 6.33e+00    -  8.31e-02 1.43e-01f  1
  25  1.6205582e+06 3.07e+00 2.01e+02  -6.0 5.64e+00    -  8.91e-02 9.63e-02f  1
  26  1.6097835e+06 2.95e+00 1.93e+02  -6.0 5.20e+00  -5.2 1.14e-01 3.98e-02f  1
  27  1.5715066e+06 2.51e+00 1.64e+02  -6.0 5.03e+00    -  2.36e-01 1.48e-01f  1
  28  1.4297656e+06 8.68e-01 5.35e+01  -6.0 4.40e+00    -  8.11e-02 6.49e-01f  1
  29  1.4054177e+06 5.89e-01 3.60e+01  -6.0 1.85e+00    -  1.05e-01 3.20e-01f  1
iter    objective    inf_pr   inf_du lg(mu)  ||d||  lg(rg) alpha_du alpha_pr  ls
  30  1.4008075e+06 5.37e-01 3.27e+01  -6.0 1.28e+00    -  1.48e-01 8.95e-02f  1
  31  1.3957408e+06 4.79e-01 2.92e+01  -6.0 1.18e+00    -  1.64e-02 1.08e-01f  1
  32  1.3944718e+06 4.64e-01 2.83e+01  -6.0 1.07e+00    -  5.42e-02 3.04e-02f  1
  33  1.3913621e+06 4.28e-01 2.61e+01  -6.0 1.01e+00    -  3.35e-02 7.67e-02f  1
  34  1.3893664e+06 4.06e-01 2.47e+01  -6.0 1.01e+00    -  7.27e-02 5.34e-02f  1
  35  1.3813711e+06 3.14e-01 1.91e+01  -6.0 9.55e-01    -  5.73e-02 2.26e-01f  1
  36  1.3777789e+06 2.73e-01 1.66e+01  -6.0 8.28e-01    -  2.22e-01 1.31e-01f  1
  37  1.3766737e+06 2.60e-01 1.58e+01  -6.0 8.03e-01    -  3.52e-01 4.65e-02f  1
  38  1.3694892e+06 1.78e-01 1.08e+01  -6.0 8.02e-01    -  1.48e-01 3.17e-01f  1
  39  1.3600596e+06 6.92e-02 4.20e+00  -6.0 5.82e-01    -  3.47e-01 6.10e-01f  1
iter    objective    inf_pr   inf_du lg(mu)  ||d||  lg(rg) alpha_du alpha_pr  ls
  40  1.3580008e+06 4.56e-02 2.77e+00  -6.0 2.46e-01    -  5.40e-01 3.42e-01f  1
  41  1.3550988e+06 1.22e-02 1.70e+00  -6.0 1.09e-01    -  3.34e-02 7.31e-01f  1
  42  1.3540842e+06 6.01e-04 4.10e-01  -6.0 6.81e-02    -  7.29e-01 9.51e-01f  1
  43  1.3540317e+06 5.14e-07 7.91e-06  -6.0 4.14e-03    -  1.00e+00 1.00e+00f  1
  44  1.3540315e+06 4.73e-06 9.61e-03  -7.1 2.77e-02    -  6.39e-01 5.54e-01h  1
  45  1.3540313e+06 1.71e-05 1.63e-06  -7.1 2.92e-02    -  1.00e+00 1.00e+00f  1
  46  1.3540313e+06 3.59e-06 2.38e-07  -7.1 1.34e-02    -  1.00e+00 1.00e+00h  1
  47  1.3540313e+06 5.13e-08 2.91e-09  -7.1 1.61e-03    -  1.00e+00 1.00e+00h  1

Number of Iterations....: 47

                                   (scaled)                 (unscaled)
Objective...............:   1.1061685783588826e+04    1.3540313452999664e+06
Dual infeasibility......:   2.9126826882189868e-09    3.5653369078809070e-07
Constraint violation....:   5.1308320158510723e-08    5.1308320158510723e-08
Variable bound violation:   3.6362310495974270e-08    3.6362310495974270e-08
Complementarity.........:   7.5941404569796458e-08    9.2957840428052348e-06
Overall NLP error.......:   7.5941404569796458e-08    9.2957840428052348e-06


Number of objective function evaluations             = 48
Number of objective gradient evaluations             = 48
Number of equality constraint evaluations            = 48
Number of inequality constraint evaluations          = 48
Number of equality constraint Jacobian evaluations   = 48
Number of inequality constraint Jacobian evaluations = 48
Number of Lagrangian Hessian evaluations             = 47
Total seconds in IPOPT                               = 18.278

EXIT: Optimal Solution Found.

