Solver command line: ['/opt/homebrew/bin/ipopt', '/var/folders/6y/bvynbx6n3zv7z3lwg6vd724r0000gn/T/tmpx2aw5ela.pyomo.nl', '-AMPL', 'tol=1e-06', 'max_iter=300', 'print_level=5', 'warm_start_init_point=yes', 'warm_start_bound_push=1e-06', 'warm_start_bound_frac=1e-06', 'warm_start_mult_bound_push=1e-06', 'mu_init=1e-06', 'least_square_init_duals=no']

Ipopt 3.14.19: tol=1e-06
max_iter=300
print_level=5
warm_start_init_point=yes
warm_start_bound_push=1e-06
warm_start_bound_frac=1e-06
warm_start_mult_bound_push=1e-06
mu_init=1e-06
least_square_init_duals=no


******************************************************************************
This program contains Ipopt, a library for large-scale nonlinear optimization.
 Ipopt is released as open source code under the Eclipse Public License (EPL).
         For more information visit https://github.com/coin-or/Ipopt
******************************************************************************

This is Ipopt version 3.14.19, running with linear solver MUMPS 5.6.2.

Number of nonzeros in equality constraint Jacobian...:   145957
Number of nonzeros in inequality constraint Jacobian.:   105544
Number of nonzeros in Lagrangian Hessian.............:    81479

Total number of variables............................:    24020
                     variables with only lower bounds:        0
                variables with lower and upper bounds:    24020
                     variables with only upper bounds:        0
Total number of equality constraints.................:    20001
Total number of inequality constraints...............:    26386
        inequality constraints with only lower bounds:        0
   inequality constraints with lower and upper bounds:        0
        inequality constraints with only upper bounds:    26386

iter    objective    inf_pr   inf_du lg(mu)  ||d||  lg(rg) alpha_du alpha_pr  ls
   0  3.0503288e+06 9.60e+00 1.15e+03  -6.0 0.00e+00    -  0.00e+00 0.00e+00   0
   1  3.0492482e+06 9.59e+00 1.15e+03  -6.0 5.60e+02    -  3.40e-05 5.31e-04f  1
   2  3.0489273e+06 9.59e+00 1.15e+03  -6.0 4.18e+01  -2.0 1.62e-03 1.70e-04f  1
   3  3.0487802e+06 9.59e+00 1.15e+03  -6.0 3.29e+03  -2.5 2.38e-04 5.50e-05f  1
   4  3.0463627e+06 9.58e+00 1.15e+03  -6.0 5.60e+01    -  7.27e-04 1.28e-03f  1
   5  3.0450148e+06 9.57e+00 1.15e+03  -6.0 5.28e+01    -  3.63e-03 7.14e-04f  1
   6  3.0432072e+06 9.56e+00 1.15e+03  -6.0 5.05e+01    -  5.14e-03 9.58e-04f  1
   7  3.0409009e+06 9.55e+00 1.15e+03  -6.0 4.60e+01    -  5.85e-03 1.22e-03f  1
   8  3.0388503e+06 9.54e+00 1.15e+03  -6.0 4.29e+01    -  2.84e-03 1.09e-03f  1
   9  3.0287437e+06 9.49e+00 1.14e+03  -6.0 3.97e+01    -  1.63e-03 5.37e-03f  1
iter    objective    inf_pr   inf_du lg(mu)  ||d||  lg(rg) alpha_du alpha_pr  ls
  10  3.0248318e+06 9.47e+00 1.14e+03  -6.0 2.99e+01    -  5.02e-04 2.09e-03f  1
  11  3.0209501e+06 9.45e+00 1.13e+03  -6.0 2.97e+01    -  1.08e-03 2.07e-03f  1
  12  3.0167962e+06 9.43e+00 1.13e+03  -6.0 3.03e+01    -  4.32e-03 2.22e-03f  1
  13  3.0159412e+06 9.42e+00 1.13e+03  -6.0 3.31e+01    -  9.64e-03 4.58e-04f  1
  14  3.0103352e+06 9.39e+00 1.13e+03  -6.0 3.35e+01    -  9.56e-03 3.01e-03f  1
  15  3.0067818e+06 9.38e+00 1.13e+03  -6.0 4.25e+01    -  1.54e-03 1.91e-03f  1
  16  3.0038013e+06 9.36e+00 1.12e+03  -6.0 4.70e+01    -  2.15e-03 1.61e-03f  1
  17  3.0029894e+06 9.36e+00 1.12e+03  -6.0 5.16e+01    -  4.79e-03 4.39e-04f  1
  18  3.0021657e+06 9.35e+00 1.12e+03  -6.0 5.18e+01    -  1.96e-02 4.45e-04f  1
  19  2.9971913e+06 9.33e+00 1.12e+03  -6.0 4.92e+01    -  4.66e-03 2.69e-03f  1
iter    objective    inf_pr   inf_du lg(mu)  ||d||  lg(rg) alpha_du alpha_pr  ls
  20  2.9960118e+06 9.32e+00 1.12e+03  -6.0 5.31e+01    -  3.73e-03 6.40e-04f  1
  21  2.9886848e+06 9.28e+00 1.11e+03  -6.0 5.31e+01    -  3.47e-04 3.98e-03f  1
  22  2.9862255e+06 9.27e+00 1.11e+03  -6.0 5.44e+01    -  8.29e-05 1.34e-03f  1
  23  2.9845356e+06 9.26e+00 1.11e+03  -6.0 5.54e+01    -  2.90e-03 9.22e-04f  1
  24  2.9822665e+06 9.25e+00 1.11e+03  -6.0 5.54e+01    -  3.16e-03 1.24e-03f  1
  25  2.9721461e+06 9.20e+00 1.10e+03  -6.0 5.86e+01    -  1.55e-03 5.53e-03f  1
  26  2.9690492e+06 9.18e+00 1.10e+03  -6.0 6.98e+01    -  5.72e-03 1.70e-03f  1
  27  2.9626290e+06 9.15e+00 1.10e+03  -6.0 7.15e+01    -  2.96e-06 3.53e-03f  1
  28  2.9606443e+06 9.14e+00 1.10e+03  -6.0 7.83e+01    -  1.23e-03 1.10e-03f  1
  29  2.9600895e+06 9.14e+00 1.10e+03  -6.0 8.04e+01    -  3.77e-03 3.07e-04f  1
iter    objective    inf_pr   inf_du lg(mu)  ||d||  lg(rg) alpha_du alpha_pr  ls
  30  2.9496147e+06 9.09e+00 1.09e+03  -6.0 8.08e+01    -  2.24e-04 5.79e-03f  1
  31  2.9467765e+06 9.07e+00 1.09e+03  -6.0 9.21e+01    -  5.31e-03 1.58e-03f  1
  32  2.9430390e+06 9.05e+00 1.09e+03  -6.0 9.50e+01    -  3.89e-03 2.08e-03f  1
  33  2.9378031e+06 9.03e+00 1.08e+03  -6.0 9.61e+01    -  1.87e-03 2.94e-03f  1
  34  2.9320321e+06 9.00e+00 1.08e+03  -6.0 1.07e+02    -  8.01e-04 3.23e-03f  1
  35  2.9305455e+06 8.99e+00 1.08e+03  -6.0 1.14e+02    -  1.14e-03 8.33e-04f  1
  36  2.9285094e+06 8.98e+00 1.08e+03  -6.0 1.12e+02    -  1.06e-03 1.14e-03f  1
  37  2.9228146e+06 8.95e+00 1.07e+03  -6.0 1.15e+02    -  1.16e-03 3.21e-03f  1
  38  2.9220615e+06 8.95e+00 1.07e+03  -6.0 1.21e+02    -  3.90e-03 4.25e-04f  1
  39  2.9184236e+06 8.93e+00 1.07e+03  -6.0 1.21e+02    -  3.14e-04 2.06e-03f  1
iter    objective    inf_pr   inf_du lg(mu)  ||d||  lg(rg) alpha_du alpha_pr  ls
  40  2.9177586e+06 8.92e+00 1.07e+03  -6.0 1.18e+02  -3.0 3.22e-04 3.79e-04f  1
  41  2.9174998e+06 8.92e+00 1.07e+03  -6.0 5.00e+02  -3.4 2.11e-04 1.48e-04f  1
  42  2.9169751e+06 8.92e+00 1.07e+03  -6.0 1.68e+02  -3.0 2.48e-03 3.00e-04f  1
  43  2.9121783e+06 8.90e+00 1.07e+03  -6.0 1.26e+02    -  2.21e-03 2.72e-03f  1
  44  2.9108204e+06 8.89e+00 1.07e+03  -6.0 1.31e+02    -  1.46e-02 7.73e-04f  1
  45  2.9087810e+06 8.88e+00 1.07e+03  -6.0 1.32e+02    -  1.53e-03 1.16e-03f  1
  46  2.9075844e+06 8.87e+00 1.07e+03  -6.0 1.35e+02    -  4.39e-03 6.82e-04f  1
  47  2.9063868e+06 8.87e+00 1.06e+03  -6.0 1.38e+02    -  3.11e-03 6.83e-04f  1
  48  2.9045789e+06 8.86e+00 1.06e+03  -6.0 1.40e+02    -  2.38e-03 1.03e-03f  1
  49  2.9020253e+06 8.84e+00 1.06e+03  -6.0 1.40e+02    -  1.39e-03 1.46e-03f  1
iter    objective    inf_pr   inf_du lg(mu)  ||d||  lg(rg) alpha_du alpha_pr  ls
  50  2.8991436e+06 8.83e+00 1.06e+03  -6.0 1.43e+02    -  1.46e-03 1.65e-03f  1
  51  2.8977934e+06 8.82e+00 1.06e+03  -6.0 1.46e+02    -  2.60e-03 7.74e-04f  1
  52  2.8958499e+06 8.81e+00 1.06e+03  -6.0 1.90e+02    -  1.54e-04 1.13e-03f  1
  53  2.8946298e+06 8.81e+00 1.06e+03  -6.0 1.46e+02    -  3.52e-03 7.03e-04f  1
  54  2.8891710e+06 8.78e+00 1.05e+03  -6.0 1.49e+02    -  5.74e-03 3.14e-03f  1
  55  2.8880561e+06 8.77e+00 1.05e+03  -6.0 1.51e+02    -  7.39e-04 6.45e-04f  1
  56  2.8813715e+06 8.74e+00 1.05e+03  -6.0 1.54e+02    -  7.42e-04 3.87e-03f  1
  57  2.8789666e+06 8.73e+00 1.05e+03  -6.0 1.60e+02    -  4.04e-03 1.40e-03f  1
  58  2.8723842e+06 8.69e+00 1.04e+03  -6.0 1.63e+02    -  8.63e-04 3.83e-03f  1
  59  2.8691989e+06 8.68e+00 1.04e+03  -6.0 1.77e+02    -  6.37e-04 1.85e-03f  1
iter    objective    inf_pr   inf_du lg(mu)  ||d||  lg(rg) alpha_du alpha_pr  ls
  60  2.8680697e+06 8.67e+00 1.04e+03  -6.0 1.81e+02    -  5.60e-04 6.58e-04f  1
  61  2.8653216e+06 8.66e+00 1.04e+03  -6.0 1.74e+02    -  2.47e-03 1.61e-03f  1
  62  2.8598256e+06 8.63e+00 1.04e+03  -6.0 1.76e+02    -  1.68e-03 3.23e-03f  1
  63  2.8581683e+06 8.62e+00 1.04e+03  -6.0 1.81e+02    -  1.26e-03 9.77e-04f  1
  64  2.8529601e+06 8.59e+00 1.03e+03  -6.0 1.82e+02    -  1.04e-03 3.08e-03f  1
  65  2.8504152e+06 8.58e+00 1.03e+03  -6.0 1.88e+02    -  4.40e-04 1.51e-03f  1
  66  2.8480183e+06 8.57e+00 1.03e+03  -6.0 1.90e+02    -  1.15e-03 1.42e-03f  1
  67  2.8473171e+06 8.56e+00 1.03e+03  -6.0 1.92e+02    -  3.65e-03 4.17e-04f  1
  68  2.8365958e+06 8.51e+00 1.02e+03  -6.0 1.92e+02    -  1.25e-03 6.38e-03f  1
  69  2.8341729e+06 8.50e+00 1.02e+03  -6.0 2.03e+02    -  1.64e-02 1.45e-03f  1
iter    objective    inf_pr   inf_du lg(mu)  ||d||  lg(rg) alpha_du alpha_pr  ls
  70  2.8271051e+06 8.46e+00 1.02e+03  -6.0 2.05e+02    -  9.80e-03 4.25e-03f  1
  71  2.8148732e+06 8.40e+00 1.01e+03  -6.0 2.17e+02    -  1.04e-04 7.37e-03f  1
  72  2.8146499e+06 8.40e+00 1.01e+03  -6.0 2.28e+02    -  4.12e-03 1.36e-04f  1
  73  2.8053228e+06 8.35e+00 1.00e+03  -6.0 2.27e+02    -  1.32e-02 5.67e-03f  1
  74  2.8000280e+06 8.32e+00 1.00e+03  -6.0 2.36e+02    -  5.09e-03 3.24e-03f  1
  75  2.7955366e+06 8.30e+00 9.97e+02  -6.0 2.20e+02    -  1.43e-03 2.79e-03f  1
  76  2.7946898e+06 8.29e+00 9.96e+02  -6.0 2.45e+02    -  8.19e-03 5.21e-04f  1
  77  2.7825384e+06 8.23e+00 9.89e+02  -6.0 2.45e+02    -  6.10e-03 7.49e-03f  1
  78  2.7815212e+06 8.23e+00 9.88e+02  -6.0 2.46e+02    -  1.87e-03 6.35e-04f  1
  79  2.7760961e+06 8.20e+00 9.85e+02  -6.0 2.48e+02    -  6.94e-04 3.39e-03f  1
iter    objective    inf_pr   inf_du lg(mu)  ||d||  lg(rg) alpha_du alpha_pr  ls
  80  2.7745381e+06 8.19e+00 9.84e+02  -6.0 2.52e+02    -  1.52e-02 9.77e-04f  1
  81  2.7704583e+06 8.17e+00 9.81e+02  -6.0 2.53e+02    -  4.34e-03 2.56e-03f  1
  82  2.7681147e+06 8.16e+00 9.80e+02  -6.0 2.57e+02    -  1.93e-02 1.48e-03f  1
  83  2.7645514e+06 8.14e+00 9.78e+02  -6.0 2.58e+02    -  3.83e-03 2.25e-03f  1
  84  2.7484923e+06 8.05e+00 9.68e+02  -6.0 2.71e+02    -  3.59e-03 1.01e-02f  1
  85  2.7418930e+06 8.02e+00 9.64e+02  -6.0 2.86e+02    -  4.98e-03 4.21e-03f  1
  86  2.7389349e+06 8.00e+00 9.62e+02  -6.0 2.91e+02    -  2.85e-03 1.89e-03f  1
  87  2.7382478e+06 8.00e+00 9.62e+02  -6.0 2.93e+02    -  9.83e-03 4.41e-04f  1
  88  2.7257088e+06 7.94e+00 9.54e+02  -6.0 2.97e+02    -  9.52e-04 8.05e-03f  1
  89  2.7104710e+06 7.86e+00 9.44e+02  -6.0 3.06e+02    -  1.30e-02 9.88e-03f  1
iter    objective    inf_pr   inf_du lg(mu)  ||d||  lg(rg) alpha_du alpha_pr  ls
  90  2.6816232e+06 7.70e+00 9.27e+02  -6.0 3.15e+02    -  1.32e-02 1.90e-02f  1
  91  2.6640023e+06 7.61e+00 9.16e+02  -6.0 3.33e+02    -  1.58e-02 1.19e-02f  1
  92  2.6583127e+06 7.58e+00 9.12e+02  -6.0 3.44e+02    -  2.43e-02 3.88e-03f  1
  93  2.6541783e+06 7.56e+00 9.10e+02  -6.0 3.50e+02    -  1.77e-02 2.83e-03f  1
  94  2.6257298e+06 7.41e+00 8.92e+02  -6.0 3.53e+02    -  1.24e-02 1.96e-02f  1
  95  2.6086628e+06 7.31e+00 8.81e+02  -6.0 3.69e+02    -  2.66e-02 1.20e-02f  1
  96  2.5763790e+06 7.14e+00 8.61e+02  -6.0 3.77e+02    -  4.52e-03 2.31e-02f  1
  97  2.5655696e+06 7.08e+00 8.54e+02  -6.0 3.89e+02    -  2.97e-02 7.95e-03f  1
  98  2.5279552e+06 6.88e+00 8.31e+02  -6.0 3.92e+02    -  8.47e-03 2.80e-02f  1
  99  2.5179865e+06 6.82e+00 8.24e+02  -6.0 4.02e+02    -  1.10e-02 7.67e-03f  1
iter    objective    inf_pr   inf_du lg(mu)  ||d||  lg(rg) alpha_du alpha_pr  ls
 100  2.5135301e+06 6.80e+00 8.21e+02  -6.0 4.04e+02    -  1.82e-02 3.46e-03f  1
 101  2.4969054e+06 6.71e+00 8.11e+02  -6.0 4.05e+02    -  5.07e-03 1.30e-02f  1
 102  2.4875985e+06 6.66e+00 8.05e+02  -6.0 4.07e+02    -  5.83e-03 7.38e-03f  1
 103  2.4820290e+06 6.63e+00 8.01e+02  -6.0 4.12e+02    -  2.29e-02 4.45e-03f  1
 104  2.4747152e+06 6.59e+00 7.97e+02  -6.0 4.11e+02    -  5.10e-03 5.88e-03f  1
 105  2.4731077e+06 6.58e+00 7.96e+02  -6.0 4.12e+02    -  1.46e-02 1.30e-03f  1
 106  2.4698188e+06 6.57e+00 7.93e+02  -6.0 4.15e+02    -  2.37e-02 2.67e-03f  1
 107  2.4525374e+06 6.47e+00 7.82e+02  -6.0 4.11e+02    -  8.80e-03 1.41e-02f  1
 108  2.4362007e+06 6.38e+00 7.72e+02  -6.0 4.15e+02    -  4.46e-03 1.35e-02f  1
 109  2.4194017e+06 6.29e+00 7.61e+02  -6.0 4.48e+02    -  6.17e-03 1.40e-02f  1
iter    objective    inf_pr   inf_du lg(mu)  ||d||  lg(rg) alpha_du alpha_pr  ls
 110  2.4182748e+06 6.29e+00 7.60e+02  -6.0 4.17e+02    -  3.05e-02 9.65e-04f  1
 111  2.4085691e+06 6.23e+00 7.54e+02  -6.0 4.18e+02    -  3.73e-03 8.32e-03f  1
 112  2.4077750e+06 6.23e+00 7.53e+02  -6.0 5.69e+02    -  2.52e-03 6.61e-04f  1
 113  2.4060089e+06 6.22e+00 7.52e+02  -6.0 5.38e+02    -  8.18e-04 1.48e-03f  1
 114  2.3831431e+06 6.09e+00 7.37e+02  -6.0 4.19e+02    -  1.84e-02 1.99e-02f  1
 115  2.3758185e+06 6.05e+00 7.33e+02  -6.0 4.23e+02    -  5.42e-02 6.50e-03f  1
 116  2.3540109e+06 5.93e+00 7.18e+02  -6.0 4.17e+02    -  1.66e-02 1.96e-02f  1
 117  2.3504074e+06 5.91e+00 7.16e+02  -6.0 4.19e+02    -  4.42e-02 3.30e-03f  1
 118  2.3461088e+06 5.89e+00 7.13e+02  -6.0 4.09e+02    -  1.03e-03 3.97e-03f  1
 119  2.3439349e+06 5.88e+00 7.12e+02  -6.0 5.07e+02    -  6.04e-04 1.96e-03f  1
iter    objective    inf_pr   inf_du lg(mu)  ||d||  lg(rg) alpha_du alpha_pr  ls
 120  2.3434515e+06 5.88e+00 7.11e+02  -6.0 4.90e+02    -  2.26e-03 4.39e-04f  1
 121  2.3431653e+06 5.87e+00 7.11e+02  -6.0 4.07e+02    -  1.43e-03 2.66e-04f  1
 122  2.3411302e+06 5.86e+00 7.10e+02  -6.0 4.10e+02    -  6.50e-03 1.89e-03f  1
 123  2.3298573e+06 5.80e+00 7.02e+02  -6.0 4.10e+02    -  1.55e-02 1.05e-02f  1
 124  2.3129320e+06 5.71e+00 6.91e+02  -6.0 4.09e+02    -  1.95e-02 1.60e-02f  1
 125  2.2828908e+06 5.54e+00 6.71e+02  -6.0 4.05e+02    -  3.80e-03 2.89e-02f  1
 126  2.2767648e+06 5.50e+00 6.67e+02  -6.0 3.94e+02    -  1.12e-02 6.11e-03f  1
 127  2.2651966e+06 5.44e+00 6.60e+02  -6.0 3.92e+02    -  2.38e-03 1.16e-02f  1
 128  2.2446293e+06 5.32e+00 6.46e+02  -6.0 4.10e+02    -  3.35e-02 2.09e-02f  1
 129  2.1980773e+06 5.06e+00 6.15e+02  -6.0 4.05e+02    -  7.34e-03 4.85e-02f  1
iter    objective    inf_pr   inf_du lg(mu)  ||d||  lg(rg) alpha_du alpha_pr  ls
 130  2.1975867e+06 5.06e+00 6.14e+02  -6.0 3.41e+02  -3.5 4.34e-04 5.46e-04f  1
 131  2.1975491e+06 5.05e+00 6.14e+02  -6.0 3.95e+02    -  1.14e-02 4.14e-05f  1
 132  2.1874241e+06 5.00e+00 6.08e+02  -6.0 3.95e+02    -  1.31e-02 1.12e-02f  1
 133  2.1864737e+06 4.99e+00 6.07e+02  -6.0 3.75e+02    -  1.96e-02 1.07e-03f  1
 134  2.1725161e+06 4.91e+00 5.97e+02  -6.0 3.67e+02    -  1.28e-03 1.57e-02f  1
 135  2.1710414e+06 4.91e+00 5.96e+02  -6.0 3.63e+02    -  1.18e-02 1.69e-03f  1
 136  2.1669844e+06 4.88e+00 5.94e+02  -6.0 3.75e+02    -  3.19e-03 4.64e-03f  1
 137  2.1446371e+06 4.75e+00 5.78e+02  -6.0 3.51e+02    -  5.39e-03 2.59e-02f  1
 138  2.1329625e+06 4.69e+00 5.70e+02  -6.0 3.65e+02    -  4.07e-03 1.39e-02f  1
 139  2.1195475e+06 4.61e+00 5.61e+02  -6.0 3.66e+02    -  1.20e-02 1.62e-02f  1
iter    objective    inf_pr   inf_du lg(mu)  ||d||  lg(rg) alpha_du alpha_pr  ls
 140  2.0928343e+06 4.46e+00 5.43e+02  -6.0 3.37e+02    -  4.13e-03 3.30e-02f  1
 141  2.0815068e+06 4.39e+00 5.35e+02  -6.0 3.51e+02    -  2.07e-02 1.44e-02f  1
 142  2.0695259e+06 4.32e+00 5.27e+02  -6.0 3.45e+02    -  9.29e-03 1.55e-02f  1
 143  2.0605289e+06 4.27e+00 5.20e+02  -6.0 3.40e+02    -  2.33e-02 1.19e-02f  1
 144  2.0310947e+06 4.10e+00 5.00e+02  -6.0 3.35e+02    -  1.23e-02 3.94e-02f  1
 145  2.0130485e+06 4.00e+00 4.87e+02  -6.0 3.22e+02    -  2.25e-03 2.53e-02f  1
 146  2.0004274e+06 3.92e+00 4.78e+02  -6.0 3.14e+02    -  1.60e-02 1.82e-02f  1
 147  1.9947737e+06 3.89e+00 4.74e+02  -6.0 3.09e+02    -  4.11e-02 8.32e-03f  1
 148  1.9936208e+06 3.88e+00 4.74e+02  -6.0 3.02e+02    -  3.06e-02 1.71e-03f  1
 149  1.9766467e+06 3.78e+00 4.62e+02  -6.0 2.92e+02    -  2.24e-02 2.54e-02f  1
iter    objective    inf_pr   inf_du lg(mu)  ||d||  lg(rg) alpha_du alpha_pr  ls
 150  1.9618749e+06 3.70e+00 4.51e+02  -6.0 2.85e+02    -  1.10e-02 2.27e-02f  1
 151  1.8914730e+06 3.27e+00 4.02e+02  -6.0 2.80e+02    -  1.15e-02 1.11e-01f  1
 152  1.8602209e+06 3.09e+00 3.79e+02  -6.0 2.53e+02    -  2.36e-03 5.61e-02f  1
 153  1.7806637e+06 2.60e+00 3.22e+02  -6.0 2.46e+02    -  2.49e-02 1.52e-01f  1
 154  1.7603472e+06 2.48e+00 3.07e+02  -6.0 2.09e+02    -  3.03e-02 4.63e-02f  1
 155  1.7379804e+06 2.35e+00 2.91e+02  -6.0 1.99e+02    -  1.86e-02 5.36e-02f  1
 156  1.7328407e+06 2.32e+00 2.87e+02  -6.0 1.88e+02    -  2.32e-02 1.31e-02f  1
 157  1.7279172e+06 2.29e+00 2.83e+02  -6.0 1.85e+02    -  1.32e-02 1.27e-02f  1
 158  1.7210153e+06 2.25e+00 2.78e+02  -6.0 1.83e+02    -  4.03e-03 1.80e-02f  1
 159  1.7153758e+06 2.21e+00 2.74e+02  -6.0 1.80e+02    -  2.79e-02 1.50e-02f  1
iter    objective    inf_pr   inf_du lg(mu)  ||d||  lg(rg) alpha_du alpha_pr  ls
 160  1.7016098e+06 2.13e+00 2.64e+02  -6.0 1.77e+02    -  1.05e-02 3.72e-02f  1
 161  1.6940167e+06 2.08e+00 2.58e+02  -6.0 1.71e+02    -  4.87e-02 2.14e-02f  1
 162  1.6260284e+06 1.66e+00 2.08e+02  -6.0 1.66e+02    -  1.29e-02 1.96e-01f  1
 163  1.6182814e+06 1.62e+00 2.02e+02  -6.0 1.33e+02    -  9.82e-04 2.80e-02f  1
 164  1.6147345e+06 1.60e+00 1.99e+02  -6.0 1.29e+02    -  5.13e-02 1.32e-02f  1
 165  1.6025823e+06 1.52e+00 1.90e+02  -6.0 1.29e+02    -  2.41e-02 4.59e-02f  1
 166  1.5920594e+06 1.46e+00 1.82e+02  -6.0 1.22e+02    -  2.47e-02 4.17e-02f  1
 167  1.5855665e+06 1.42e+00 1.77e+02  -6.0 1.16e+02    -  3.56e-03 2.69e-02f  1
 168  1.5836784e+06 1.41e+00 1.76e+02  -6.0 1.12e+02    -  7.13e-03 8.05e-03f  1
 169  1.5807211e+06 1.39e+00 1.73e+02  -6.0 1.15e+02    -  9.51e-03 1.27e-02f  1
iter    objective    inf_pr   inf_du lg(mu)  ||d||  lg(rg) alpha_du alpha_pr  ls
 170  1.5772953e+06 1.37e+00 1.71e+02  -6.0 1.15e+02    -  1.22e-02 1.49e-02f  1
 171  1.5744690e+06 1.35e+00 1.69e+02  -6.0 1.13e+02    -  1.72e-02 1.25e-02f  1
 172  1.5643689e+06 1.29e+00 1.63e+02  -6.0 1.11e+02    -  1.19e-02 4.52e-02f  1
 173  1.5580625e+06 1.25e+00 1.67e+02  -6.0 1.07e+02    -  4.17e-03 2.96e-02f  1
 174  1.5392295e+06 1.14e+00 1.70e+02  -6.0 1.03e+02    -  3.31e-02 9.12e-02f  1
 175  1.5344390e+06 1.11e+00 1.63e+02  -6.0 9.32e+01    -  3.28e-02 2.56e-02f  1
 176  1.5225288e+06 1.04e+00 1.72e+02  -6.0 9.05e+01    -  1.66e-03 6.53e-02f  1
 177  1.5220372e+06 1.03e+00 1.71e+02  -6.0 7.98e+01    -  4.77e-03 2.89e-03f  1
 178  1.5150348e+06 9.91e-01 1.75e+02  -6.0 8.42e+01    -  4.05e-03 4.13e-02f  1
 179  1.5096650e+06 9.58e-01 1.72e+02  -6.0 8.08e+01    -  2.66e-02 3.30e-02f  1
iter    objective    inf_pr   inf_du lg(mu)  ||d||  lg(rg) alpha_du alpha_pr  ls
 180  1.5088419e+06 9.53e-01 1.64e+02  -6.0 7.83e+01    -  2.76e-02 5.24e-03f  1
 181  1.5001230e+06 8.99e-01 1.60e+02  -6.0 7.67e+01    -  2.83e-02 5.60e-02f  1
 182  1.4972051e+06 8.81e-01 1.60e+02  -6.0 7.14e+01    -  7.62e-03 1.99e-02f  1
 183  1.4917428e+06 8.48e-01 1.58e+02  -6.0 7.24e+01    -  1.76e-02 3.79e-02f  1
 184  1.4877586e+06 8.23e-01 1.52e+02  -6.0 6.95e+01    -  3.87e-02 2.88e-02f  1
 185  1.4859163e+06 8.12e-01 1.48e+02  -6.0 6.71e+01    -  2.00e-02 1.37e-02f  1
 186  1.4800867e+06 7.76e-01 1.45e+02  -6.0 6.63e+01    -  2.79e-02 4.40e-02f  1
 187  1.4771414e+06 7.58e-01 1.37e+02  -6.0 6.32e+01    -  4.54e-02 2.32e-02f  1
 188  1.4770684e+06 7.58e-01 1.24e+02  -6.0 6.10e+01    -  6.30e-02 5.91e-04f  1
 189  1.4721898e+06 7.28e-01 1.27e+02  -6.0 6.19e+01    -  1.73e-03 3.94e-02f  1
iter    objective    inf_pr   inf_du lg(mu)  ||d||  lg(rg) alpha_du alpha_pr  ls
 190  1.4630580e+06 6.72e-01 1.31e+02  -6.0 5.92e+01    -  1.03e-02 7.69e-02f  1
 191  1.4614702e+06 6.62e-01 1.29e+02  -6.0 5.29e+01    -  1.76e-02 1.45e-02f  1
 192  1.4538192e+06 6.15e-01 1.29e+02  -6.0 5.18e+01    -  1.87e-02 7.09e-02f  1
 193  1.4509342e+06 5.97e-01 1.12e+02  -6.0 4.80e+01    -  1.02e-01 2.88e-02f  1
 194  1.4492618e+06 5.87e-01 1.04e+02  -6.0 4.64e+01    -  4.93e-02 1.72e-02f  1
 195  1.4442255e+06 5.56e-01 1.04e+02  -6.0 4.61e+01    -  2.18e-02 5.27e-02f  1
 196  1.4422459e+06 5.44e-01 1.02e+02  -6.0 4.40e+01    -  1.88e-02 2.19e-02f  1
 197  1.4366453e+06 5.10e-01 1.01e+02  -6.0 4.44e+01    -  3.57e-02 6.32e-02f  1
 198  1.4330459e+06 4.87e-01 1.00e+02  -6.0 4.13e+01    -  2.63e-02 4.34e-02f  1
 199  1.4314569e+06 4.78e-01 9.68e+01  -6.0 3.71e+01    -  3.12e-02 2.01e-02f  1
iter    objective    inf_pr   inf_du lg(mu)  ||d||  lg(rg) alpha_du alpha_pr  ls
 200  1.4266057e+06 4.48e-01 9.85e+01  -6.0 3.62e+01    -  1.48e-03 6.25e-02f  1
 201  1.4204503e+06 4.10e-01 9.70e+01  -6.0 3.38e+01    -  2.84e-02 8.47e-02f  1
 202  1.4189667e+06 4.01e-01 9.69e+01  -6.0 2.97e+01    -  1.13e-04 2.23e-02f  1
 203  1.4157352e+06 3.81e-01 9.04e+01  -6.0 3.06e+01    -  6.27e-02 4.97e-02f  1
 204  1.4152147e+06 3.77e-01 8.46e+01  -6.0 2.87e+01    -  4.93e-02 8.43e-03f  1
 205  1.4101554e+06 3.46e-01 7.83e+01  -6.0 2.83e+01    -  7.64e-02 8.26e-02f  1
 206  1.4056589e+06 3.19e-01 7.69e+01  -6.0 2.54e+01    -  3.05e-02 8.01e-02f  1
 207  1.4051907e+06 3.16e-01 7.64e+01  -6.0 2.25e+01    -  6.03e-03 9.05e-03f  1
 208  1.4041713e+06 3.09e-01 7.62e+01  -6.0 2.26e+01    -  3.93e-03 1.99e-02f  1
 209  1.4016645e+06 2.94e-01 7.46e+01  -6.0 2.28e+01    -  2.57e-02 5.00e-02f  1
iter    objective    inf_pr   inf_du lg(mu)  ||d||  lg(rg) alpha_du alpha_pr  ls
 210  1.4014396e+06 2.92e-01 7.35e+01  -6.0 2.07e+01    -  1.41e-02 4.71e-03f  1
 211  1.3978306e+06 2.70e-01 9.31e+01  -6.0 2.14e+01    -  6.01e-03 7.61e-02f  1
 212  1.3946577e+06 2.51e-01 1.06e+02  -6.0 1.94e+01    -  4.21e-02 7.24e-02f  1
 213  1.3936118e+06 2.44e-01 1.04e+02  -6.0 1.78e+01    -  3.45e-02 2.58e-02f  1
 214  1.3919738e+06 2.34e-01 9.95e+01  -6.0 1.71e+01    -  2.78e-02 4.14e-02f  1
 215  1.3883924e+06 2.12e-01 9.01e+01  -6.0 1.60e+01    -  8.34e-02 9.44e-02f  1
 216  1.3848745e+06 1.90e-01 8.09e+01  -6.0 1.69e+01    -  7.04e-03 1.02e-01f  1
 217  1.3827785e+06 1.77e-01 7.54e+01  -6.0 1.52e+01    -  1.04e-01 6.80e-02f  1
 218  1.3807650e+06 1.65e-01 7.01e+01  -6.0 1.41e+01    -  3.24e-02 7.01e-02f  1
 219  1.3769358e+06 1.41e-01 6.01e+01  -6.0 1.59e+01    -  1.11e-01 1.43e-01f  1
iter    objective    inf_pr   inf_du lg(mu)  ||d||  lg(rg) alpha_du alpha_pr  ls
 220  1.3704776e+06 1.01e-01 5.51e+01  -6.0 1.30e+01    -  1.25e-02 2.82e-01f  1
 221  1.3687694e+06 9.08e-02 5.62e+01  -6.0 9.67e+00    -  8.24e-03 1.04e-01f  1
 222  1.3671822e+06 8.10e-02 5.04e+01  -6.0 8.22e+00    -  1.03e-01 1.08e-01f  1
 223  1.3661150e+06 7.44e-02 5.07e+01  -6.0 7.25e+00    -  4.44e-03 8.12e-02f  1
 224  1.3654974e+06 7.06e-02 4.93e+01  -6.0 6.22e+00    -  3.19e-02 5.12e-02f  1
 225  1.3647049e+06 6.57e-02 4.86e+01  -6.0 6.80e+00    -  1.63e-02 6.91e-02f  1
 226  1.3642676e+06 6.30e-02 4.23e+01  -6.0 6.36e+00    -  1.28e-01 4.10e-02f  1
 227  1.3623227e+06 5.10e-02 4.06e+01  -6.0 6.13e+00    -  4.53e-02 1.90e-01f  1
 228  1.3614081e+06 4.54e-02 3.88e+01  -6.0 4.92e+00    -  4.52e-02 1.10e-01f  1
 229  1.3605801e+06 4.03e-02 3.24e+01  -6.0 4.18e+00    -  1.68e-01 1.12e-01f  1
iter    objective    inf_pr   inf_du lg(mu)  ||d||  lg(rg) alpha_du alpha_pr  ls
 230  1.3602178e+06 3.81e-02 2.78e+01  -6.0 3.72e+00    -  1.46e-01 5.54e-02f  1
 231  1.3601651e+06 3.77e-02 2.62e+01  -6.0 3.36e+00    -  5.57e-02 8.52e-03f  1
 232  1.3597739e+06 3.53e-02 2.57e+01  -6.0 3.17e+00    -  1.62e-02 6.38e-02f  1
 233  1.3595363e+06 3.39e-02 2.19e+01  -6.0 2.97e+00    -  1.50e-01 4.14e-02f  1
 234  1.3581392e+06 2.53e-02 2.01e+01  -6.0 3.01e+00    -  6.38e-02 2.54e-01f  1
 235  1.3561373e+06 1.29e-02 1.44e+01  -6.0 2.06e+00    -  3.09e-01 4.88e-01f  1
 236  1.3556456e+06 9.91e-03 1.10e+01  -6.0 1.06e+00    -  2.31e-01 2.34e-01f  1
 237  1.3547627e+06 4.49e-03 6.20e+00  -6.0 7.72e-01    -  4.59e-01 5.47e-01f  1
 238  1.3542228e+06 1.17e-03 3.60e+00  -6.0 3.58e-01    -  4.42e-01 7.39e-01f  1
 239  1.3540321e+06 2.13e-06 2.02e+00  -6.0 8.73e-02    -  4.74e-01 9.98e-01f  1
iter    objective    inf_pr   inf_du lg(mu)  ||d||  lg(rg) alpha_du alpha_pr  ls
 240  1.3540317e+06 6.91e-06 8.15e-06  -6.0 2.00e-02    -  1.00e+00 1.00e+00h  1
 241  1.3540317e+06 4.61e-07 5.60e-07  -6.0 5.92e-03    -  1.00e+00 1.00e+00h  1
 242  1.3540317e+06 2.25e-08 2.74e-08  -6.0 1.31e-03    -  1.00e+00 1.00e+00h  1
 243  1.3540314e+06 1.00e-05 3.63e-02  -7.1 2.77e-02    -  6.46e-01 8.08e-01f  1
 244  1.3540313e+06 1.18e-05 9.57e-07  -7.1 2.43e-02    -  1.00e+00 1.00e+00f  1
 245  1.3540313e+06 2.69e-06 1.66e-07  -7.1 1.16e-02    -  1.00e+00 1.00e+00h  1
 246  1.3540313e+06 3.23e-08 1.50e-09  -7.1 1.27e-03    -  1.00e+00 1.00e+00h  1

Number of Iterations....: 246

                                   (scaled)                 (unscaled)
Objective...............:   1.1061685783587298e+04    1.3540313452997794e+06
Dual infeasibility......:   1.4977569780340235e-09    1.8333642227558002e-07
Constraint violation....:   3.2333088853878089e-08    3.2333088853878089e-08
Variable bound violation:   3.6362310495974270e-08    3.6362310495974270e-08
Complementarity.........:   7.4946348390161580e-08    9.1739818795618181e-06
Overall NLP error.......:   7.4946348390161580e-08    9.1739818795618181e-06


Number of objective function evaluations             = 247
Number of objective gradient evaluations             = 247
Number of equality constraint evaluations            = 247
Number of inequality constraint evaluations          = 248
Number of equality constraint Jacobian evaluations   = 247
Number of inequality constraint Jacobian evaluations = 247
Number of Lagrangian Hessian evaluations             = 246
Total seconds in IPOPT                               = 73.408

EXIT: Optimal Solution Found.

