Solver command line: ['/opt/homebrew/bin/ipopt', '/var/folders/6y/bvynbx6n3zv7z3lwg6vd724r0000gn/T/tmp6vuf98fo.pyomo.nl', '-AMPL', 'tol=1e-06', 'max_iter=300', 'print_level=5']

Ipopt 3.14.19: tol=1e-06
max_iter=300
print_level=5


******************************************************************************
This program contains Ipopt, a library for large-scale nonlinear optimization.
 Ipopt is released as open source code under the Eclipse Public License (EPL).
         For more information visit https://github.com/coin-or/Ipopt
******************************************************************************

This is Ipopt version 3.14.19, running with linear solver MUMPS 5.6.2.

Number of nonzeros in equality constraint Jacobian...:   145957
Number of nonzeros in inequality constraint Jacobian.:   105544
Number of nonzeros in Lagrangian Hessian.............:    81479

Total number of variables............................:    24020
                     variables with only lower bounds:        0
                variables with lower and upper bounds:    24020
                     variables with only upper bounds:        0
Total number of equality constraints.................:    20001
Total number of inequality constraints...............:    26386
        inequality constraints with only lower bounds:        0
   inequality constraints with lower and upper bounds:        0
        inequality constraints with only upper bounds:    26386

iter    objective    inf_pr   inf_du lg(mu)  ||d||  lg(rg) alpha_du alpha_pr  ls
   0  3.0503288e+06 1.83e+01 1.00e+02  -1.0 0.00e+00    -  0.00e+00 0.00e+00   0
   1  2.9828335e+06 1.80e+01 9.83e+01  -1.0 1.80e+01    -  5.57e-03 1.77e-02f  1
   2  2.8767951e+06 1.75e+01 9.56e+01  -1.0 1.82e+01    -  1.87e-02 2.87e-02f  1
   3  2.6535511e+06 1.63e+01 8.94e+01  -1.0 1.65e+01    -  5.78e-02 6.53e-02f  1
   4  2.3771353e+06 1.47e+01 8.06e+01  -1.0 2.21e+01    -  8.98e-02 1.01e-01f  1
   5  2.2383756e+06 1.37e+01 7.37e+01  -1.0 2.75e+01    -  1.15e-01 6.82e-02f  1
   6  2.0746204e+06 1.23e+01 5.97e+01  -1.0 2.83e+01    -  2.21e-01 1.01e-01f  1
   7  1.9053244e+06 1.05e+01 5.47e+01  -1.0 2.71e+01    -  6.56e-02 1.43e-01f  1
   8  1.8272011e+06 9.53e+00 4.55e+01  -1.0 2.53e+01    -  1.84e-01 9.21e-02f  1
   9  1.7130298e+06 7.88e+00 3.61e+01  -1.0 2.42e+01    -  2.13e-01 1.72e-01f  1
iter    objective    inf_pr   inf_du lg(mu)  ||d||  lg(rg) alpha_du alpha_pr  ls
  10  1.6452913e+06 6.73e+00 3.16e+01  -1.0 2.02e+01    -  1.24e-01 1.46e-01f  1
  11  1.6160642e+06 6.18e+00 3.06e+01  -1.0 1.68e+01    -  1.10e-01 8.16e-02f  1
  12  1.5914591e+06 5.69e+00 5.73e+01  -1.0 1.41e+01    -  1.64e-01 7.93e-02f  1
  13  1.5501642e+06 4.81e+00 4.89e+01  -1.0 1.31e+01    -  1.55e-01 1.55e-01f  1
  14  1.5350445e+06 4.46e+00 8.66e+01  -1.0 1.71e+01    -  2.23e-01 7.28e-02f  1
  15  1.5067060e+06 3.76e+00 7.87e+01  -1.0 2.18e+01    -  1.77e-01 1.56e-01f  1
  16  1.4859676e+06 3.22e+00 6.07e+01  -1.0 1.74e+01    -  1.13e-01 1.44e-01f  1
  17  1.4685558e+06 2.74e+00 1.09e+02  -1.0 9.61e+00    -  4.20e-01 1.48e-01f  1
  18  1.4379330e+06 1.82e+00 6.13e+01  -1.0 1.83e+01    -  2.34e-01 3.35e-01f  1
  19  1.4216589e+06 1.29e+00 6.21e+01  -1.0 1.86e+01    -  5.89e-01 2.89e-01f  1
iter    objective    inf_pr   inf_du lg(mu)  ||d||  lg(rg) alpha_du alpha_pr  ls
  20  1.4081945e+06 8.12e-01 6.12e+01  -1.0 1.73e+01    -  6.81e-01 3.65e-01f  1
  21  1.3945660e+06 3.03e-01 7.77e+01  -1.0 8.59e+00    -  9.03e-01 6.17e-01f  1
  22  1.3865803e+06 1.10e-02 2.32e+01  -1.0 1.47e+00    -  9.90e-01 1.00e+00f  1
  23  1.3866356e+06 5.31e-04 3.11e-01  -1.0 3.11e-01    -  1.00e+00 1.00e+00h  1
  24  1.3725602e+06 1.48e-02 2.51e+02  -1.7 2.31e+00    -  6.73e-01 7.85e-01f  1
  25  1.3690557e+06 9.72e-03 7.59e+01  -1.7 2.89e+00    -  5.31e-01 4.44e-01f  1
  26  1.3664005e+06 6.80e-03 3.44e+01  -1.7 2.44e+00    -  5.12e-01 5.02e-01f  1
  27  1.3648553e+06 4.90e-03 5.03e+01  -1.7 1.53e+00    -  3.46e-01 5.56e-01f  1
  28  1.3635112e+06 1.27e-03 6.88e+01  -1.7 7.26e-01    -  3.67e-01 1.00e+00f  1
  29  1.3634218e+06 3.27e-05 2.29e-02  -1.7 9.16e-02    -  1.00e+00 1.00e+00h  1
iter    objective    inf_pr   inf_du lg(mu)  ||d||  lg(rg) alpha_du alpha_pr  ls
  30  1.3607440e+06 2.65e-03 6.90e+01  -2.5 2.99e+00    -  2.26e-01 3.76e-01f  1
  31  1.3601739e+06 2.47e-03 2.64e+01  -2.5 2.66e+00    -  2.17e-01 1.19e-01f  1
  32  1.3597131e+06 2.27e-03 8.70e+01  -2.5 2.67e+00    -  5.07e-01 1.09e-01f  1
  33  1.3587989e+06 1.88e-03 7.14e+01  -2.5 2.97e+00    -  2.66e-01 2.33e-01f  1
  34  1.3579061e+06 1.52e-03 5.32e+01  -2.5 2.48e+00    -  3.12e-01 2.89e-01f  1
  35  1.3566515e+06 4.97e-03 2.55e+01  -2.5 1.86e+00    -  3.26e-01 5.50e-01f  1
  36  1.3563042e+06 3.42e-03 1.42e+01  -2.5 9.02e-01    -  3.96e-01 3.22e-01h  1
  37  1.3558261e+06 1.87e-03 7.74e+00  -2.5 6.92e-01    -  7.63e-01 6.37e-01h  1
  38  1.3555563e+06 1.82e-03 2.92e-01  -2.5 3.12e-01    -  9.74e-01 1.00e+00h  1
  39  1.3555527e+06 9.42e-05 1.64e-03  -2.5 2.14e-01    -  1.00e+00 1.00e+00h  1
iter    objective    inf_pr   inf_du lg(mu)  ||d||  lg(rg) alpha_du alpha_pr  ls
  40  1.3552452e+06 2.15e-03 1.13e+01  -3.8 1.82e+00    -  3.35e-01 2.11e-01f  1
  41  1.3549298e+06 4.39e-03 2.13e+01  -3.8 2.77e+00    -  4.73e-01 2.70e-01f  1
  42  1.3547813e+06 3.65e-03 2.50e+01  -3.8 1.87e+00    -  3.70e-01 1.71e-01f  1
  43  1.3545479e+06 2.47e-03 1.96e+01  -3.8 1.41e+00    -  4.25e-01 3.19e-01f  1
  44  1.3543858e+06 2.22e-03 1.39e+01  -3.8 1.39e+00    -  3.72e-01 3.26e-01f  1
  45  1.3543163e+06 1.77e-03 2.93e+01  -3.8 1.10e+00    -  4.66e-01 2.15e-01h  1
  46  1.3542272e+06 1.24e-03 6.34e+01  -3.8 8.01e-01    -  7.72e-01 3.78e-01h  1
  47  1.3541583e+06 1.01e-03 2.13e+01  -3.8 4.63e-01    -  1.00e+00 4.95e-01h  1
  48  1.3541257e+06 6.91e-04 1.81e+01  -3.8 2.54e-01    -  1.00e+00 5.10e-01h  1
  49  1.3540982e+06 3.64e-04 1.24e+00  -3.8 1.26e-01    -  1.00e+00 9.29e-01h  1
iter    objective    inf_pr   inf_du lg(mu)  ||d||  lg(rg) alpha_du alpha_pr  ls
  50  1.3540970e+06 1.64e-05 2.52e-04  -3.8 1.30e-02    -  1.00e+00 1.00e+00h  1
  51  1.3540867e+06 3.66e-05 4.02e+00  -5.7 3.17e-01    -  4.47e-01 1.49e-01f  1
  52  1.3540670e+06 1.25e-04 3.37e+00  -5.7 3.21e-01    -  4.83e-01 3.50e-01f  1
  53  1.3540536e+06 1.71e-04 2.73e+00  -5.7 2.41e-01    -  5.03e-01 3.71e-01h  1
  54  1.3540447e+06 1.86e-04 2.17e+00  -5.7 1.88e-01    -  5.89e-01 4.05e-01h  1
  55  1.3540375e+06 1.73e-04 9.21e-01  -5.7 1.47e-01    -  5.31e-01 5.57e-01h  1
  56  1.3540359e+06 1.33e-04 1.05e+00  -5.7 9.50e-02    -  7.49e-01 2.95e-01h  1
  57  1.3540332e+06 9.52e-05 4.03e-01  -5.7 9.01e-02    -  1.00e+00 6.92e-01h  1
  58  1.3540321e+06 1.98e-05 8.99e-06  -5.7 3.86e-02    -  1.00e+00 1.00e+00h  1
  59  1.3540321e+06 1.39e-07 1.63e-06  -5.7 4.15e-03    -  1.00e+00 1.00e+00h  1
iter    objective    inf_pr   inf_du lg(mu)  ||d||  lg(rg) alpha_du alpha_pr  ls
  60  1.3540315e+06 7.32e-06 2.69e-02  -7.1 2.67e-02    -  6.61e-01 7.57e-01h  1
  61  1.3540314e+06 1.55e-05 1.79e-02  -7.1 3.25e-02    -  9.15e-01 8.18e-01h  1
  62  1.3540313e+06 1.34e-05 9.32e-07  -7.1 2.59e-02    -  1.00e+00 1.00e+00f  1
  63  1.3540313e+06 5.07e-07 3.91e-08  -7.1 5.05e-03    -  1.00e+00 1.00e+00h  1

Number of Iterations....: 63

                                   (scaled)                 (unscaled)
Objective...............:   1.1061685783622512e+04    1.3540313453040898e+06
Dual infeasibility......:   3.9092593518170603e-08    4.7852197240319699e-06
Constraint violation....:   5.0724001388578743e-07    5.0724001388578743e-07
Variable bound violation:   3.6362310495974270e-08    3.6362310495974270e-08
Complementarity.........:   9.5378932938547540e-08    1.1675079857326863e-05
Overall NLP error.......:   5.0724001388578743e-07    1.1675079857326863e-05


Number of objective function evaluations             = 64
Number of objective gradient evaluations             = 64
Number of equality constraint evaluations            = 64
Number of inequality constraint evaluations          = 64
Number of equality constraint Jacobian evaluations   = 64
Number of inequality constraint Jacobian evaluations = 64
Number of Lagrangian Hessian evaluations             = 63
Total seconds in IPOPT                               = 18.046

EXIT: Optimal Solution Found.

