Solver command line: ['/opt/homebrew/bin/ipopt', '/var/folders/6y/bvynbx6n3zv7z3lwg6vd724r0000gn/T/tmpyjavzjo8.pyomo.nl', '-AMPL', 'tol=1e-06', 'max_iter=300', 'print_level=5', 'warm_start_init_point=yes', 'warm_start_bound_push=1e-06', 'warm_start_bound_frac=1e-06', 'warm_start_mult_bound_push=1e-06', 'mu_init=1e-06', 'least_square_init_duals=no']

Ipopt 3.14.19: tol=1e-06
max_iter=300
print_level=5
warm_start_init_point=yes
warm_start_bound_push=1e-06
warm_start_bound_frac=1e-06
warm_start_mult_bound_push=1e-06
mu_init=1e-06
least_square_init_duals=no


******************************************************************************
This program contains Ipopt, a library for large-scale nonlinear optimization.
 Ipopt is released as open source code under the Eclipse Public License (EPL).
         For more information visit https://github.com/coin-or/Ipopt
******************************************************************************

This is Ipopt version 3.14.19, running with linear solver MUMPS 5.6.2.

Number of nonzeros in equality constraint Jacobian...:   145957
Number of nonzeros in inequality constraint Jacobian.:   105544
Number of nonzeros in Lagrangian Hessian.............:    81479

Total number of variables............................:    24020
                     variables with only lower bounds:        0
                variables with lower and upper bounds:    24020
                     variables with only upper bounds:        0
Total number of equality constraints.................:    20001
Total number of inequality constraints...............:    26386
        inequality constraints with only lower bounds:        0
   inequality constraints with lower and upper bounds:        0
        inequality constraints with only upper bounds:    26386

iter    objective    inf_pr   inf_du lg(mu)  ||d||  lg(rg) alpha_du alpha_pr  ls
   0  3.0503288e+06 1.83e+01 1.11e+03  -6.0 0.00e+00    -  0.00e+00 0.00e+00   0
   1  3.0418206e+06 1.82e+01 1.11e+03  -6.0 6.86e+00  -2.0 1.46e-03 4.63e-03f  1
   2  2.9942264e+06 1.78e+01 1.08e+03  -6.0 8.53e+00  -2.5 1.58e-03 2.60e-02f  1
   3  2.9707324e+06 1.75e+01 1.06e+03  -6.0 9.08e+00  -3.0 2.56e-02 1.32e-02f  1
   4  2.9553361e+06 1.74e+01 1.05e+03  -6.0 7.99e+00  -2.5 2.32e-02 8.81e-03f  1
   5  2.9382396e+06 1.72e+01 1.04e+03  -6.0 6.54e+00  -2.1 4.81e-03 9.89e-03f  1
   6  2.9283952e+06 1.71e+01 1.04e+03  -6.0 7.84e+00  -2.6 2.50e-03 5.75e-03f  1
   7  2.9200063e+06 1.70e+01 1.03e+03  -6.0 6.57e+00  -2.2 8.33e-03 4.94e-03f  1
   8  2.9137103e+06 1.70e+01 1.03e+03  -6.0 7.75e+00  -2.6 2.75e-02 3.73e-03f  1
   9  2.8998812e+06 1.68e+01 1.02e+03  -6.0 6.65e+00  -2.2 4.66e-03 8.22e-03f  1
iter    objective    inf_pr   inf_du lg(mu)  ||d||  lg(rg) alpha_du alpha_pr  ls
  10  2.8801853e+06 1.66e+01 1.01e+03  -6.0 7.69e+00  -2.7 3.22e-02 1.18e-02f  1
  11  2.8667662e+06 1.65e+01 1.00e+03  -6.0 6.55e+00  -2.3 1.18e-02 8.16e-03f  1
  12  2.8417790e+06 1.62e+01 9.86e+02  -6.0 7.41e+00  -2.7 2.31e-02 1.53e-02f  1
  13  2.8255060e+06 1.61e+01 9.76e+02  -6.0 6.36e+00  -2.3 3.14e-02 1.02e-02f  1
  14  2.8142788e+06 1.60e+01 9.69e+02  -6.0 7.05e+00  -2.8 3.34e-02 7.09e-03f  1
  15  2.7569844e+06 1.54e+01 9.34e+02  -6.0 6.22e+00  -2.4 1.17e-02 3.66e-02f  1
  16  2.7529118e+06 1.53e+01 9.32e+02  -6.0 6.23e+00  -1.9 8.33e-03 2.71e-03f  1
  17  2.7337156e+06 1.51e+01 9.20e+02  -6.0 6.34e+00  -2.4 5.12e-03 1.28e-02f  1
  18  2.7196274e+06 1.50e+01 9.11e+02  -6.0 6.46e+00  -2.0 7.40e-03 9.55e-03f  1
  19  2.6674159e+06 1.44e+01 8.79e+02  -6.0 6.66e+00  -2.5 1.90e-02 3.58e-02f  1
iter    objective    inf_pr   inf_du lg(mu)  ||d||  lg(rg) alpha_du alpha_pr  ls
  20  2.6539894e+06 1.43e+01 8.71e+02  -6.0 7.06e+00  -2.0 1.27e-02 9.58e-03f  1
  21  2.5849787e+06 1.36e+01 8.28e+02  -6.0 7.25e+00  -2.5 1.37e-01 4.99e-02f  1
  22  2.5554731e+06 1.33e+01 8.10e+02  -6.0 7.82e+00  -3.0 3.48e-02 2.25e-02f  1
  23  2.5280240e+06 1.30e+01 7.93e+02  -6.0 7.99e+00  -2.6 4.18e-02 2.15e-02f  1
  24  2.5213260e+06 1.29e+01 7.88e+02  -6.0 8.19e+00  -3.0 5.49e-02 5.37e-03f  1
  25  2.4906118e+06 1.26e+01 7.69e+02  -6.0 8.17e+00  -2.6 8.62e-02 2.48e-02f  1
  26  2.4027080e+06 1.17e+01 7.14e+02  -6.0 8.37e+00  -3.1 7.80e-02 7.32e-02f  1
  27  2.3363841e+06 1.10e+01 6.72e+02  -6.0 8.76e+00  -2.7 3.09e-01 6.00e-02f  1
  28  2.2029735e+06 9.54e+00 5.89e+02  -6.0 8.85e+00  -2.2 3.92e-02 1.30e-01f  1
  29  2.1890401e+06 9.39e+00 5.80e+02  -6.0 9.12e+00  -2.7 6.37e-03 1.57e-02f  1
iter    objective    inf_pr   inf_du lg(mu)  ||d||  lg(rg) alpha_du alpha_pr  ls
  30  2.1714869e+06 9.20e+00 5.68e+02  -6.0 9.00e+00  -2.3 1.68e-02 2.01e-02f  1
  31  2.1516811e+06 8.99e+00 5.55e+02  -6.0 9.10e+00  -2.8 3.52e-02 2.32e-02f  1
  32  2.0779492e+06 8.19e+00 5.07e+02  -6.0 8.97e+00  -2.3 4.45e-02 8.89e-02f  1
  33  2.0615063e+06 8.01e+00 4.96e+02  -6.0 8.55e+00  -1.9 4.32e-02 2.19e-02f  1
  34  2.0479015e+06 7.86e+00 4.86e+02  -6.0 8.77e+00  -2.4 3.63e-02 1.85e-02f  1
  35  2.0215318e+06 7.57e+00 4.69e+02  -6.0 8.49e+00  -2.0 2.28e-02 3.67e-02f  1
  36  1.9746434e+06 7.06e+00 4.37e+02  -6.0 8.62e+00  -2.4 9.44e-02 6.79e-02f  1
  37  1.9375237e+06 6.65e+00 4.12e+02  -6.0 8.18e+00  -2.0 1.06e-02 5.79e-02f  1
  38  1.9024049e+06 6.26e+00 3.88e+02  -6.0 8.19e+00  -2.5 1.69e-02 5.84e-02f  1
  39  1.8798303e+06 6.01e+00 3.73e+02  -6.0 7.75e+00  -2.1 6.44e-02 4.00e-02f  1
iter    objective    inf_pr   inf_du lg(mu)  ||d||  lg(rg) alpha_du alpha_pr  ls
  40  1.8635747e+06 5.83e+00 3.62e+02  -6.0 7.15e+00  -1.6 3.67e-02 3.01e-02f  1
  41  1.8416951e+06 5.58e+00 3.47e+02  -6.0 7.49e+00  -2.1 5.46e-02 4.18e-02f  1
  42  1.8320306e+06 5.47e+00 3.40e+02  -6.0 6.91e+00  -1.7 5.05e-02 1.93e-02f  1
  43  1.8004366e+06 5.12e+00 3.18e+02  -6.0 7.27e+00  -2.2 5.01e-02 6.44e-02f  1
  44  1.7910293e+06 5.01e+00 3.12e+02  -6.0 6.63e+00  -1.7 1.42e-02 2.06e-02f  1
  45  1.7645914e+06 4.72e+00 2.93e+02  -6.0 6.94e+00  -2.2 8.65e-02 5.91e-02f  1
  46  1.7490145e+06 4.54e+00 2.82e+02  -6.0 6.35e+00  -1.8 8.34e-02 3.71e-02f  1
  47  1.7461936e+06 4.51e+00 2.80e+02  -6.0 6.57e+00  -2.3 4.45e-02 6.98e-03f  1
  48  1.7168041e+06 4.18e+00 2.60e+02  -6.0 6.22e+00  -1.8 1.15e-02 7.34e-02f  1
  49  1.7146365e+06 4.15e+00 2.58e+02  -6.0 1.04e+01  -2.3 4.58e-02 5.85e-03f  1
iter    objective    inf_pr   inf_du lg(mu)  ||d||  lg(rg) alpha_du alpha_pr  ls
  50  1.7056289e+06 4.05e+00 2.52e+02  -6.0 5.93e+00  -1.9 3.39e-02 2.45e-02f  1
  51  1.7042094e+06 4.04e+00 2.51e+02  -6.0 6.13e+00  -2.4 1.29e-01 3.95e-03f  1
  52  1.6766827e+06 3.72e+00 2.32e+02  -6.0 5.86e+00  -1.9 1.11e-01 7.72e-02f  1
  53  1.6717113e+06 3.67e+00 2.28e+02  -6.0 5.80e+00  -2.4 1.87e-02 1.51e-02f  1
  54  1.6474896e+06 3.39e+00 2.11e+02  -6.0 5.52e+00  -2.0 1.32e-01 7.50e-02f  1
  55  1.6445999e+06 3.36e+00 2.09e+02  -6.0 5.60e+01  -2.5 1.95e-02 9.67e-03f  1
  56  1.6330055e+06 3.23e+00 2.01e+02  -6.0 5.23e+00  -2.1 7.60e-02 3.93e-02f  1
  57  1.6000917e+06 2.85e+00 1.78e+02  -6.0 5.24e+00  -2.5 7.67e-03 1.16e-01f  1
  58  1.5858422e+06 2.69e+00 1.67e+02  -6.0 4.66e+00  -2.1 1.34e-01 5.71e-02f  1
  59  1.5725283e+06 2.54e+00 1.58e+02  -6.0 4.64e+00  -2.6 5.38e-02 5.66e-02f  1
iter    objective    inf_pr   inf_du lg(mu)  ||d||  lg(rg) alpha_du alpha_pr  ls
  60  1.4906203e+06 1.59e+00 9.77e+01  -6.0 4.28e+00  -2.2 2.57e-02 3.72e-01f  1
  61  1.4726992e+06 1.38e+00 8.48e+01  -6.0 3.43e+00  -2.6 2.97e-02 1.30e-01f  1
  62  1.4545172e+06 1.17e+00 7.16e+01  -6.0 2.65e+00  -2.2 1.28e-02 1.52e-01f  1
  63  1.4492459e+06 1.11e+00 6.79e+01  -6.0 3.34e+00  -2.7 9.40e-02 5.21e-02f  1
  64  1.4426791e+06 1.03e+00 6.32e+01  -6.0 2.23e+00  -2.3 1.70e-01 6.86e-02f  1
  65  1.4317225e+06 9.07e-01 5.52e+01  -6.0 3.28e+00  -2.7 4.97e-02 1.23e-01f  1
  66  1.4280181e+06 8.64e-01 5.26e+01  -6.0 2.04e+00  -2.3 1.79e-02 4.74e-02f  1
  67  1.4245409e+06 8.24e-01 5.01e+01  -6.0 3.09e+00  -2.8 5.82e-02 4.68e-02f  1
  68  1.4062142e+06 6.10e-01 3.67e+01  -6.0 2.03e+00  -2.4 5.72e-02 2.59e-01f  1
  69  1.4013391e+06 5.53e-01 3.33e+01  -6.0 2.75e+00  -2.8 7.24e-02 9.31e-02f  1
iter    objective    inf_pr   inf_du lg(mu)  ||d||  lg(rg) alpha_du alpha_pr  ls
  70  1.3974254e+06 5.08e-01 3.05e+01  -6.0 1.75e+00  -2.4 7.79e-02 8.25e-02f  1
  71  1.3928038e+06 4.54e-01 2.73e+01  -6.0 2.57e+00  -2.9 4.95e-02 1.06e-01f  1
  72  1.3910834e+06 4.34e-01 2.61e+01  -6.0 1.59e+00  -2.5 8.78e-02 4.43e-02f  1
  73  1.3849340e+06 3.62e-01 2.17e+01  -6.0 2.38e+00  -2.9 8.92e-02 1.66e-01f  1
  74  1.3780068e+06 2.81e-01 1.68e+01  -6.0 1.41e+00  -2.5 9.35e-02 2.24e-01f  1
  75  1.3658112e+06 1.38e-01 8.13e+00  -6.0 2.05e+00  -3.0 3.40e-01 5.08e-01f  1
  76  1.3645606e+06 1.23e-01 7.27e+00  -6.0 2.61e+00  -3.5 1.63e-01 1.06e-01f  1
  77  1.3638867e+06 1.16e-01 6.80e+00  -6.0 3.54e+00  -3.9 9.01e-03 6.39e-02f  1
  78  1.3636989e+06 1.13e-01 6.67e+00  -6.0 3.95e+00  -4.4 6.72e-02 1.90e-02f  1
  79  1.3626042e+06 1.00e-01 5.92e+00  -6.0 4.09e+00  -4.9 5.45e-02 1.13e-01f  1
iter    objective    inf_pr   inf_du lg(mu)  ||d||  lg(rg) alpha_du alpha_pr  ls
  80  1.3625009e+06 9.93e-02 5.84e+00  -6.0 3.97e+00    -  1.71e-01 1.20e-02f  1
  81  1.3618960e+06 9.22e-02 5.43e+00  -6.0 1.30e+00    -  4.36e-01 7.14e-02f  1
  82  1.3598373e+06 6.81e-02 4.01e+00  -6.0 1.29e+00    -  3.30e-02 2.62e-01f  1
  83  1.3595271e+06 6.44e-02 3.79e+00  -6.0 1.34e+00    -  1.44e-01 5.34e-02f  1
  84  1.3592417e+06 6.11e-02 3.59e+00  -6.0 1.26e+00    -  1.20e-01 5.19e-02f  1
  85  1.3584744e+06 5.21e-02 3.07e+00  -6.0 1.25e+00    -  2.19e-01 1.47e-01f  1
  86  1.3571069e+06 3.61e-02 2.12e+00  -6.0 1.20e+00    -  3.68e-01 3.08e-01f  1
  87  1.3557218e+06 1.98e-02 1.17e+00  -6.0 1.08e+00    -  4.60e-01 4.50e-01f  1
  88  1.3548500e+06 9.60e-03 5.64e-01  -6.0 6.14e-01    -  3.20e-01 5.16e-01f  1
  89  1.3544278e+06 4.64e-03 2.73e-01  -6.0 2.64e-01    -  9.75e-01 5.16e-01f  1
iter    objective    inf_pr   inf_du lg(mu)  ||d||  lg(rg) alpha_du alpha_pr  ls
  90  1.3540317e+06 1.16e-04 1.34e-03  -6.0 1.30e-01    -  1.00e+00 1.00e+00f  1
  91  1.3540317e+06 4.63e-06 5.13e-08  -6.0 1.68e-02    -  1.00e+00 1.00e+00h  1
  92  1.3540317e+06 3.94e-09 4.54e-10  -6.0 4.92e-04    -  1.00e+00 1.00e+00h  1
  93  1.3540314e+06 1.00e-05 3.62e-02  -7.1 2.77e-02    -  6.46e-01 8.08e-01f  1
  94  1.3540313e+06 1.18e-05 9.57e-07  -7.1 2.43e-02    -  1.00e+00 1.00e+00f  1
  95  1.3540313e+06 2.69e-06 1.67e-07  -7.1 1.16e-02    -  1.00e+00 1.00e+00h  1
  96  1.3540313e+06 3.23e-08 1.50e-09  -7.1 1.27e-03    -  1.00e+00 1.00e+00h  1

Number of Iterations....: 96

                                   (scaled)                 (unscaled)
Objective...............:   1.1061685783587307e+04    1.3540313452997806e+06
Dual infeasibility......:   1.4985637193570063e-09    1.8343517332132822e-07
Constraint violation....:   3.2332946273486152e-08    3.2332946273486152e-08
Variable bound violation:   3.6362310495974270e-08    3.6362310495974270e-08
Complementarity.........:   7.4946377805815774e-08    9.1739854802533048e-06
Overall NLP error.......:   7.4946377805815774e-08    9.1739854802533048e-06


Number of objective function evaluations             = 97
Number of objective gradient evaluations             = 97
Number of equality constraint evaluations            = 97
Number of inequality constraint evaluations          = 98
Number of equality constraint Jacobian evaluations   = 97
Number of inequality constraint Jacobian evaluations = 97
Number of Lagrangian Hessian evaluations             = 96
Total seconds in IPOPT                               = 35.932

EXIT: Optimal Solution Found.

