Solver command line: ['/opt/homebrew/bin/ipopt', '/var/folders/6y/bvynbx6n3zv7z3lwg6vd724r0000gn/T/tmpklgobtij.pyomo.nl', '-AMPL', 'tol=1e-06', 'max_iter=300', 'print_level=5']

Ipopt 3.14.19: tol=1e-06
max_iter=300
print_level=5


******************************************************************************
This program contains Ipopt, a library for large-scale nonlinear optimization.
 Ipopt is released as open source code under the Eclipse Public License (EPL).
         For more information visit https://github.com/coin-or/Ipopt
******************************************************************************

This is Ipopt version 3.14.19, running with linear solver MUMPS 5.6.2.

Number of nonzeros in equality constraint Jacobian...:   145957
Number of nonzeros in inequality constraint Jacobian.:   105544
Number of nonzeros in Lagrangian Hessian.............:    81479

Total number of variables............................:    24020
                     variables with only lower bounds:        0
                variables with lower and upper bounds:    24020
                     variables with only upper bounds:        0
Total number of equality constraints.................:    20001
Total number of inequality constraints...............:    26386
        inequality constraints with only lower bounds:        0
   inequality constraints with lower and upper bounds:        0
        inequality constraints with only upper bounds:    26386

iter    objective    inf_pr   inf_du lg(mu)  ||d||  lg(rg) alpha_du alpha_pr  ls
   0  1.3751198e+06 1.90e+01 8.54e+01  -1.0 0.00e+00    -  0.00e+00 0.00e+00   0
   1  1.3759714e+06 1.88e+01 8.45e+01  -1.0 9.24e+00    -  5.43e-03 1.02e-02f  1
   2  1.3783011e+06 1.85e+01 8.30e+01  -1.0 9.91e+00    -  6.93e-03 1.95e-02f  1
   3  1.3849312e+06 1.78e+01 8.07e+01  -1.0 1.04e+01    -  1.26e-02 3.52e-02h  1
   4  1.3921111e+06 1.72e+01 8.57e+01  -1.0 1.06e+01    -  2.75e-02 3.46e-02h  1
   5  1.4016768e+06 1.64e+01 1.37e+02  -1.0 1.40e+01    -  7.11e-02 4.81e-02h  1
   6  1.4225170e+06 1.46e+01 3.85e+02  -1.0 1.90e+01    -  1.53e-01 1.11e-01h  1
   7  1.4468021e+06 1.22e+01 7.68e+02  -1.0 2.99e+01    -  4.16e-02 1.61e-01h  1
   8  1.4667560e+06 9.80e+00 1.16e+03  -1.0 4.22e+01    -  3.70e-01 1.99e-01h  1
   9  1.4756696e+06 8.10e+00 1.30e+03  -1.0 5.95e+01    -  1.60e-01 1.72e-01h  1
iter    objective    inf_pr   inf_du lg(mu)  ||d||  lg(rg) alpha_du alpha_pr  ls
  10  1.4796836e+06 6.34e+00 1.43e+03  -1.0 8.39e+01    -  2.37e-01 2.17e-01h  1
  11  1.4766624e+06 5.22e+00 1.36e+03  -1.0 1.20e+02    -  3.43e-01 1.76e-01f  1
  12  1.4728161e+06 4.62e+00 1.25e+03  -1.0 1.52e+02    -  2.99e-01 1.15e-01f  1
  13  1.4680759e+06 4.02e+00 1.13e+03  -1.0 1.73e+02    -  1.22e-01 1.29e-01f  1
  14  1.4642659e+06 3.62e+00 1.03e+03  -1.0 1.95e+02    -  2.01e-01 1.00e-01f  1
  15  1.4600755e+06 3.23e+00 9.26e+02  -1.0 2.14e+02    -  1.54e-01 1.08e-01f  1
  16  1.4558866e+06 2.89e+00 8.36e+02  -1.0 2.33e+02    -  1.02e-01 1.02e-01f  1
  17  1.4519730e+06 2.64e+00 7.64e+02  -1.0 2.51e+02    -  1.08e-01 8.88e-02f  1
  18  1.4479247e+06 2.39e+00 6.94e+02  -1.0 2.65e+02    -  2.20e-01 9.24e-02f  1
  19  1.4437605e+06 2.19e+00 6.37e+02  -1.0 2.83e+02    -  2.67e-02 8.47e-02f  1
iter    objective    inf_pr   inf_du lg(mu)  ||d||  lg(rg) alpha_du alpha_pr  ls
  20  1.4354711e+06 1.77e+00 5.11e+02  -1.0 2.95e+02    -  2.02e-01 1.91e-01f  1
  21  1.4311506e+06 1.60e+00 4.66e+02  -1.0 3.31e+02    -  1.65e-01 9.38e-02f  1
  22  1.4252210e+06 1.39e+00 4.13e+02  -1.0 3.39e+02    -  1.63e-01 1.33e-01f  1
  23  1.4198574e+06 1.22e+00 3.71e+02  -1.0 3.69e+02    -  2.17e-01 1.20e-01f  1
  24  1.4147735e+06 1.07e+00 3.30e+02  -1.0 3.76e+02    -  1.30e-01 1.20e-01f  1
  25  1.4108788e+06 9.70e-01 3.02e+02  -1.0 3.99e+02    -  3.23e-01 9.33e-02f  1
  26  1.4050016e+06 8.13e-01 2.61e+02  -1.0 3.69e+02    -  3.59e-01 1.61e-01f  1
  27  1.3988117e+06 6.47e-01 2.34e+02  -1.0 3.50e+02    -  8.41e-02 2.02e-01f  1
  28  1.3921347e+06 4.64e-01 2.03e+02  -1.0 2.71e+02    -  2.67e-01 2.80e-01f  1
  29  1.3888806e+06 3.68e-01 1.70e+02  -1.0 2.09e+02    -  1.99e-01 2.06e-01f  1
iter    objective    inf_pr   inf_du lg(mu)  ||d||  lg(rg) alpha_du alpha_pr  ls
  30  1.3865200e+06 2.88e-01 1.38e+02  -1.0 1.54e+02    -  2.05e-01 2.18e-01f  1
  31  1.3859750e+06 2.61e-01 1.26e+02  -1.0 1.03e+02    -  2.49e-01 9.16e-02h  1
  32  1.3849465e+06 2.01e-01 3.94e+02  -1.0 8.70e+01    -  9.74e-01 2.30e-01h  1
  33  1.3832024e+06 3.02e-02 1.23e+02  -1.0 5.76e+01    -  9.91e-01 8.47e-01h  1
  34  1.3830182e+06 8.33e-04 1.81e+00  -1.0 1.04e+01    -  1.00e+00 1.00e+00h  1
  35  1.3830107e+06 1.34e-04 4.55e-03  -1.0 4.10e+00    -  1.00e+00 1.00e+00h  1
  36  1.3716069e+06 1.11e-02 2.44e+02  -2.5 1.24e+02    -  4.85e-01 5.78e-01f  1
  37  1.3689918e+06 9.20e-03 8.61e+01  -2.5 1.24e+02    -  4.15e-01 2.08e-01f  1
  38  1.3666438e+06 8.18e-03 1.12e+02  -2.5 1.26e+02    -  2.55e-01 2.00e-01f  1
  39  1.3657981e+06 7.64e-03 1.78e+02  -2.5 1.07e+02    -  2.13e-01 8.45e-02f  1
iter    objective    inf_pr   inf_du lg(mu)  ||d||  lg(rg) alpha_du alpha_pr  ls
  40  1.3640559e+06 6.83e-03 1.99e+02  -2.5 1.04e+02    -  2.94e-01 1.78e-01f  1
  41  1.3624937e+06 6.37e-03 1.69e+02  -2.5 9.16e+01    -  2.01e-01 1.82e-01f  1
  42  1.3608393e+06 6.38e-03 1.75e+02  -2.5 7.80e+01    -  3.96e-01 2.25e-01f  1
  43  1.3600248e+06 5.79e-03 1.92e+02  -2.5 5.66e+01    -  4.00e-01 1.39e-01f  1
  44  1.3590656e+06 5.05e-03 1.63e+02  -2.5 4.09e+01    -  2.80e-01 1.98e-01f  1
  45  1.3583995e+06 4.30e-03 1.37e+02  -2.5 3.09e+01    -  1.97e-01 1.72e-01f  1
  46  1.3574168e+06 3.07e-03 9.26e+01  -2.5 2.39e+01    -  2.79e-01 3.08e-01f  1
  47  1.3564130e+06 4.09e-03 3.93e+01  -2.5 1.27e+01    -  2.43e-01 4.58e-01f  1
  48  1.3561425e+06 3.18e-03 4.00e+01  -2.5 5.89e+00    -  4.76e-01 2.35e-01h  1
  49  1.3557659e+06 1.97e-03 3.27e+01  -2.5 3.31e+00    -  8.71e-01 4.35e-01h  1
iter    objective    inf_pr   inf_du lg(mu)  ||d||  lg(rg) alpha_du alpha_pr  ls
  50  1.3554265e+06 2.47e-03 8.98e+00  -2.5 3.14e+00    -  8.16e-01 7.35e-01h  1
  51  1.3553104e+06 4.42e-04 3.39e-02  -2.5 1.06e+00    -  1.00e+00 1.00e+00h  1
  52  1.3553112e+06 9.81e-06 1.66e-04  -2.5 1.73e-01    -  1.00e+00 1.00e+00h  1
  53  1.3550569e+06 1.64e-03 1.56e+01  -3.8 9.71e+00    -  3.73e-01 2.06e-01f  1
  54  1.3547923e+06 1.73e-03 2.46e+01  -3.8 4.84e+00    -  4.76e-01 2.66e-01f  1
  55  1.3545724e+06 1.68e-03 1.48e+01  -3.8 5.29e+00    -  2.24e-01 2.95e-01f  1
  56  1.3544392e+06 1.59e-03 1.70e+01  -3.8 4.47e+00    -  4.63e-01 2.54e-01h  1
  57  1.3543330e+06 1.45e-03 1.58e+01  -3.8 3.73e+00    -  4.06e-01 2.70e-01h  1
  58  1.3542987e+06 1.29e-03 1.26e+02  -3.8 2.71e+00    -  7.29e-01 1.25e-01h  1
  59  1.3542081e+06 1.19e-03 6.64e+01  -3.8 2.64e+00    -  8.16e-01 3.91e-01h  1
iter    objective    inf_pr   inf_du lg(mu)  ||d||  lg(rg) alpha_du alpha_pr  ls
  60  1.3541461e+06 1.03e-03 4.24e+01  -3.8 1.72e+00    -  9.38e-01 4.73e-01h  1
  61  1.3541079e+06 8.49e-04 1.72e+01  -3.8 9.34e-01    -  1.00e+00 6.05e-01h  1
  62  1.3540922e+06 3.41e-04 4.64e+00  -3.8 2.95e-01    -  1.00e+00 7.09e-01h  1
  63  1.3540864e+06 3.09e-05 4.27e-04  -3.8 2.90e-01    -  1.00e+00 1.00e+00h  1
  64  1.3540862e+06 4.27e-06 5.84e-05  -3.8 1.05e-01    -  1.00e+00 1.00e+00h  1
  65  1.3540750e+06 3.23e-05 4.88e+00  -5.7 9.35e-01    -  5.75e-01 2.01e-01f  1
  66  1.3540550e+06 1.80e-04 2.69e+00  -5.7 1.08e+00    -  4.49e-01 4.49e-01h  1
  67  1.3540448e+06 2.06e-04 2.34e+00  -5.7 7.04e-01    -  6.23e-01 4.34e-01h  1
  68  1.3540384e+06 1.81e-04 1.20e+00  -5.7 5.10e-01    -  4.93e-01 4.90e-01h  1
  69  1.3540361e+06 1.36e-04 1.21e+00  -5.7 2.94e-01    -  6.98e-01 3.56e-01h  1
iter    objective    inf_pr   inf_du lg(mu)  ||d||  lg(rg) alpha_du alpha_pr  ls
  70  1.3540335e+06 1.00e-04 6.03e-01  -5.7 2.00e-01    -  9.71e-01 6.28e-01h  1
  71  1.3540320e+06 3.23e-05 1.06e-02  -5.7 8.70e-02    -  9.46e-01 9.99e-01h  1
  72  1.3540320e+06 2.42e-05 2.00e-01  -5.7 6.23e-03    -  1.00e+00 2.50e-01f  3
  73  1.3540320e+06 5.38e-08 2.68e-07  -5.7 2.77e-03    -  1.00e+00 1.00e+00h  1
  74  1.3540315e+06 8.00e-06 6.82e-02  -7.1 3.63e-02    -  5.48e-01 7.55e-01h  1
  75  1.3540314e+06 1.26e-05 6.99e-03  -7.1 2.78e-02    -  9.20e-01 8.60e-01h  1
  76  1.3540313e+06 1.11e-05 8.47e-07  -7.1 2.36e-02    -  1.00e+00 1.00e+00f  1
  77  1.3540313e+06 4.23e-07 3.42e-08  -7.1 4.61e-03    -  1.00e+00 1.00e+00h  1

Number of Iterations....: 77

                                   (scaled)                 (unscaled)
Objective...............:   1.3107412309472706e+04    1.3540313453029019e+06
Dual infeasibility......:   3.4228267185176407e-08    3.5358731052228591e-06
Constraint violation....:   4.2345969147872253e-07    4.2345969147872253e-07
Variable bound violation:   3.6362310495974270e-08    3.6362310495974270e-08
Complementarity.........:   1.0704672913693941e-07    1.1058218299794702e-05
Overall NLP error.......:   4.2345969147872253e-07    1.1058218299794702e-05


Number of objective function evaluations             = 80
Number of objective gradient evaluations             = 78
Number of equality constraint evaluations            = 80
Number of inequality constraint evaluations          = 80
Number of equality constraint Jacobian evaluations   = 78
Number of inequality constraint Jacobian evaluations = 78
Number of Lagrangian Hessian evaluations             = 77
Total seconds in IPOPT                               = 21.725

EXIT: Optimal Solution Found.

