Solver command line: ['/opt/homebrew/bin/ipopt', '/var/folders/6y/bvynbx6n3zv7z3lwg6vd724r0000gn/T/tmp13n395h1.pyomo.nl', '-AMPL', 'tol=1e-06', 'max_iter=300', 'print_level=5']

Ipopt 3.14.19: tol=1e-06
max_iter=300
print_level=5


******************************************************************************
This program contains Ipopt, a library for large-scale nonlinear optimization.
 Ipopt is released as open source code under the Eclipse Public License (EPL).
         For more information visit https://github.com/coin-or/Ipopt
******************************************************************************

This is Ipopt version 3.14.19, running with linear solver MUMPS 5.6.2.

Number of nonzeros in equality constraint Jacobian...:   145957
Number of nonzeros in inequality constraint Jacobian.:   105544
Number of nonzeros in Lagrangian Hessian.............:    81479

Total number of variables............................:    24020
                     variables with only lower bounds:        0
                variables with lower and upper bounds:    24020
                     variables with only upper bounds:        0
Total number of equality constraints.................:    20001
Total number of inequality constraints...............:    26386
        inequality constraints with only lower bounds:        0
   inequality constraints with lower and upper bounds:        0
        inequality constraints with only upper bounds:    26386

iter    objective    inf_pr   inf_du lg(mu)  ||d||  lg(rg) alpha_du alpha_pr  ls
   0  3.0503288e+06 5.39e+00 1.00e+02  -1.0 0.00e+00    -  0.00e+00 0.00e+00   0
   1  2.9998490e+06 5.31e+00 9.80e+01  -1.0 1.97e+01    -  8.76e-02 1.34e-02f  1
   2  2.6923300e+06 4.87e+00 8.95e+01  -1.0 2.05e+01    -  1.07e-01 8.45e-02f  1
   3  2.3262006e+06 4.21e+00 9.14e+01  -1.0 1.84e+01    -  1.93e-01 1.35e-01f  1
   4  2.1813298e+06 3.87e+00 2.78e+02  -1.0 2.38e+01    -  3.31e-01 7.95e-02f  1
   5  1.9222619e+06 3.14e+00 3.00e+02  -1.0 2.28e+01    -  5.00e-01 1.90e-01f  1
   6  1.7920273e+06 2.63e+00 2.49e+02  -1.0 2.01e+01    -  1.76e-01 1.61e-01f  1
   7  1.7280028e+06 2.34e+00 2.19e+02  -1.0 1.72e+01    -  1.29e-01 1.09e-01f  1
   8  1.6946526e+06 2.18e+00 2.00e+02  -1.0 1.49e+01    -  1.07e-01 6.93e-02f  1
   9  1.6643904e+06 2.02e+00 1.79e+02  -1.0 1.27e+01    -  1.77e-01 7.15e-02f  1
iter    objective    inf_pr   inf_du lg(mu)  ||d||  lg(rg) alpha_du alpha_pr  ls
  10  1.6294512e+06 1.82e+00 1.59e+02  -1.0 1.19e+01    -  2.26e-01 9.56e-02f  1
  11  1.5861317e+06 1.56e+00 1.37e+02  -1.0 1.27e+01    -  6.19e-02 1.42e-01f  1
  12  1.5585832e+06 1.38e+00 1.24e+02  -1.0 1.00e+01    -  1.66e-01 1.11e-01f  1
  13  1.5357721e+06 1.23e+00 1.16e+02  -1.0 1.76e+01    -  2.33e-01 1.09e-01f  1
  14  1.5062428e+06 1.02e+00 9.57e+01  -1.0 1.59e+01    -  1.57e-01 1.68e-01f  1
  15  1.4941472e+06 9.32e-01 9.18e+01  -1.0 1.11e+01    -  1.77e-01 8.64e-02f  1
  16  1.4475621e+06 5.75e-01 5.84e+01  -1.0 1.32e+01    -  4.14e-01 3.82e-01f  1
  17  1.4352671e+06 4.69e-01 4.73e+01  -1.0 1.45e+01    -  3.69e-01 1.84e-01f  1
  18  1.4283146e+06 4.07e-01 6.62e+01  -1.0 1.36e+01    -  5.64e-01 1.33e-01f  1
  19  1.4119174e+06 2.54e-01 6.14e+01  -1.0 1.45e+01    -  5.50e-01 3.77e-01f  1
iter    objective    inf_pr   inf_du lg(mu)  ||d||  lg(rg) alpha_du alpha_pr  ls
  20  1.3959589e+06 9.75e-02 9.03e+01  -1.0 6.71e+00    -  9.90e-01 6.17e-01f  1
  21  1.3865895e+06 1.30e-02 3.05e+00  -1.0 1.83e+00    -  9.94e-01 1.00e+00f  1
  22  1.3866369e+06 8.63e-04 2.10e-01  -1.0 3.92e-01    -  1.00e+00 1.00e+00h  1
  23  1.3725641e+06 1.48e-02 2.51e+02  -1.7 1.73e+00    -  6.73e-01 7.85e-01f  1
  24  1.3690606e+06 1.02e-02 7.49e+01  -1.7 1.57e+00    -  5.32e-01 4.44e-01f  1
  25  1.3664014e+06 7.08e-03 3.37e+01  -1.7 1.14e+00    -  5.13e-01 5.02e-01f  1
  26  1.3648557e+06 4.86e-03 4.99e+01  -1.7 7.15e-01    -  3.46e-01 5.56e-01f  1
  27  1.3635109e+06 1.27e-03 6.86e+01  -1.7 4.12e-01    -  3.67e-01 1.00e+00f  1
  28  1.3634217e+06 3.27e-05 2.28e-02  -1.7 5.82e-02    -  1.00e+00 1.00e+00h  1
  29  1.3607439e+06 2.65e-03 6.90e+01  -2.5 1.33e+00    -  2.26e-01 3.76e-01f  1
iter    objective    inf_pr   inf_du lg(mu)  ||d||  lg(rg) alpha_du alpha_pr  ls
  30  1.3601740e+06 2.47e-03 2.64e+01  -2.5 8.51e-01    -  2.17e-01 1.19e-01f  1
  31  1.3597131e+06 2.27e-03 8.70e+01  -2.5 1.20e+00    -  5.07e-01 1.09e-01f  1
  32  1.3587988e+06 1.88e-03 7.14e+01  -2.5 1.58e+00    -  2.66e-01 2.33e-01f  1
  33  1.3579061e+06 1.52e-03 5.32e+01  -2.5 1.26e+00    -  3.12e-01 2.89e-01f  1
  34  1.3566515e+06 4.97e-03 2.55e+01  -2.5 1.50e+00    -  3.26e-01 5.50e-01f  1
  35  1.3563042e+06 3.42e-03 1.42e+01  -2.5 9.46e-01    -  3.96e-01 3.22e-01h  1
  36  1.3558261e+06 1.87e-03 7.74e+00  -2.5 6.67e-01    -  7.63e-01 6.37e-01h  1
  37  1.3555563e+06 1.82e-03 2.91e-01  -2.5 3.01e-01    -  9.74e-01 1.00e+00h  1
  38  1.3555527e+06 9.42e-05 1.64e-03  -2.5 5.49e-02    -  1.00e+00 1.00e+00h  1
  39  1.3552452e+06 2.15e-03 1.13e+01  -3.8 1.47e+00    -  3.35e-01 2.11e-01f  1
iter    objective    inf_pr   inf_du lg(mu)  ||d||  lg(rg) alpha_du alpha_pr  ls
  40  1.3549298e+06 4.39e-03 2.13e+01  -3.8 1.38e+00    -  4.73e-01 2.70e-01f  1
  41  1.3547813e+06 3.65e-03 2.50e+01  -3.8 6.49e-01    -  3.70e-01 1.71e-01f  1
  42  1.3545479e+06 2.47e-03 1.96e+01  -3.8 1.13e+00    -  4.25e-01 3.19e-01f  1
  43  1.3543858e+06 2.22e-03 1.39e+01  -3.8 5.47e-01    -  3.72e-01 3.26e-01f  1
  44  1.3543163e+06 1.77e-03 2.93e+01  -3.8 1.01e+00    -  4.66e-01 2.15e-01h  1
  45  1.3542272e+06 1.24e-03 6.34e+01  -3.8 1.10e+00    -  7.72e-01 3.78e-01h  1
  46  1.3541583e+06 1.01e-03 2.13e+01  -3.8 6.42e-01    -  1.00e+00 4.95e-01h  1
  47  1.3541257e+06 6.91e-04 1.81e+01  -3.8 2.44e-01    -  1.00e+00 5.10e-01h  1
  48  1.3540982e+06 3.64e-04 1.24e+00  -3.8 1.25e-01    -  1.00e+00 9.29e-01h  1
  49  1.3540970e+06 1.64e-05 2.52e-04  -3.8 1.49e-02    -  1.00e+00 1.00e+00h  1
iter    objective    inf_pr   inf_du lg(mu)  ||d||  lg(rg) alpha_du alpha_pr  ls
  50  1.3540867e+06 3.66e-05 4.02e+00  -5.7 2.84e-01    -  4.47e-01 1.49e-01f  1
  51  1.3540670e+06 1.25e-04 3.37e+00  -5.7 2.06e-01    -  4.83e-01 3.50e-01f  1
  52  1.3540536e+06 1.71e-04 2.73e+00  -5.7 1.90e-01    -  5.03e-01 3.71e-01h  1
  53  1.3540447e+06 1.86e-04 2.17e+00  -5.7 1.72e-01    -  5.89e-01 4.05e-01h  1
  54  1.3540375e+06 1.73e-04 9.21e-01  -5.7 1.33e-01    -  5.31e-01 5.57e-01h  1
  55  1.3540359e+06 1.33e-04 1.05e+00  -5.7 9.50e-02    -  7.49e-01 2.95e-01h  1
  56  1.3540332e+06 9.52e-05 4.03e-01  -5.7 9.01e-02    -  1.00e+00 6.92e-01h  1
  57  1.3540321e+06 1.98e-05 8.99e-06  -5.7 3.86e-02    -  1.00e+00 1.00e+00h  1
  58  1.3540321e+06 1.39e-07 1.63e-06  -5.7 4.15e-03    -  1.00e+00 1.00e+00h  1
  59  1.3540315e+06 7.32e-06 2.69e-02  -7.1 2.67e-02    -  6.61e-01 7.57e-01h  1
iter    objective    inf_pr   inf_du lg(mu)  ||d||  lg(rg) alpha_du alpha_pr  ls
  60  1.3540314e+06 1.55e-05 1.79e-02  -7.1 3.25e-02    -  9.15e-01 8.18e-01h  1
  61  1.3540313e+06 1.34e-05 9.32e-07  -7.1 2.59e-02    -  1.00e+00 1.00e+00f  1
  62  1.3540313e+06 5.07e-07 3.91e-08  -7.1 5.05e-03    -  1.00e+00 1.00e+00h  1

Number of Iterations....: 62

                                   (scaled)                 (unscaled)
Objective...............:   1.1061685783622539e+04    1.3540313453040933e+06
Dual infeasibility......:   3.9092545962840703e-08    4.7852139029113399e-06
Constraint violation....:   5.0723982083361596e-07    5.0723982083361596e-07
Variable bound violation:   3.6362310495974270e-08    3.6362310495974270e-08
Complementarity.........:   9.5378937917828470e-08    1.1675080466827313e-05
Overall NLP error.......:   5.0723982083361596e-07    1.1675080466827313e-05


Number of objective function evaluations             = 63
Number of objective gradient evaluations             = 63
Number of equality constraint evaluations            = 63
Number of inequality constraint evaluations          = 63
Number of equality constraint Jacobian evaluations   = 63
Number of inequality constraint Jacobian evaluations = 63
Number of Lagrangian Hessian evaluations             = 62
Total seconds in IPOPT                               = 17.785

EXIT: Optimal Solution Found.

