Solver command line: ['/opt/homebrew/bin/ipopt', '/var/folders/6y/bvynbx6n3zv7z3lwg6vd724r0000gn/T/tmpmzxnufia.pyomo.nl', '-AMPL', 'tol=1e-06', 'max_iter=300', 'print_level=5']

Ipopt 3.14.19: tol=1e-06
max_iter=300
print_level=5


******************************************************************************
This program contains Ipopt, a library for large-scale nonlinear optimization.
 Ipopt is released as open source code under the Eclipse Public License (EPL).
         For more information visit https://github.com/coin-or/Ipopt
******************************************************************************

This is Ipopt version 3.14.19, running with linear solver MUMPS 5.6.2.

Number of nonzeros in equality constraint Jacobian...:   145957
Number of nonzeros in inequality constraint Jacobian.:   105544
Number of nonzeros in Lagrangian Hessian.............:    81479

Total number of variables............................:    24020
                     variables with only lower bounds:        0
                variables with lower and upper bounds:    24020
                     variables with only upper bounds:        0
Total number of equality constraints.................:    20001
Total number of inequality constraints...............:    26386
        inequality constraints with only lower bounds:        0
   inequality constraints with lower and upper bounds:        0
        inequality constraints with only upper bounds:    26386

iter    objective    inf_pr   inf_du lg(mu)  ||d||  lg(rg) alpha_du alpha_pr  ls
   0  3.0503288e+06 9.60e+00 8.60e+01  -1.0 0.00e+00    -  0.00e+00 0.00e+00   0
   1  3.0385297e+06 9.51e+00 8.58e+01  -1.0 2.87e+00   2.0 1.08e-02 9.08e-03f  1
   2  3.0060130e+06 9.33e+00 8.51e+01  -1.0 2.92e+00   1.5 9.96e-02 1.93e-02f  1
   3  2.9722998e+06 9.08e+00 5.39e+02  -1.0 2.98e+00   1.9 5.71e-02 2.60e-02f  1
   4  2.9344757e+06 8.88e+00 7.37e+02  -1.0 1.65e+01   1.5 5.79e-02 2.27e-02f  1
   5  2.8530768e+06 8.31e+00 6.82e+03  -1.0 5.61e+00   1.9 1.80e-01 6.35e-02f  1
   6  2.8316367e+06 8.16e+00 8.66e+03  -1.0 6.10e+00   2.3 1.42e-01 1.85e-02f  1
   7  2.7513812e+06 7.65e+00 1.48e+04  -1.0 6.40e+00   1.8 1.84e-01 6.23e-02f  1
   8  2.7217981e+06 7.45e+00 1.82e+04  -1.0 6.01e+00   2.3 6.57e-02 2.61e-02f  1
   9  2.7016592e+06 7.31e+00 2.32e+04  -1.0 5.86e+00   2.7 9.69e-02 1.86e-02f  1
iter    objective    inf_pr   inf_du lg(mu)  ||d||  lg(rg) alpha_du alpha_pr  ls
  10  2.6408418e+06 6.92e+00 3.57e+04  -1.0 5.94e+00   2.2 5.20e-02 5.40e-02f  1
  11  2.6169846e+06 6.76e+00 4.22e+04  -1.0 5.61e+00   2.6 1.23e-01 2.27e-02f  1
  12  2.5961352e+06 6.62e+00 5.81e+04  -1.0 5.48e+00   3.1 2.19e-02 2.05e-02f  1
  13  2.5636809e+06 6.42e+00 6.78e+04  -1.0 5.48e+00   2.6 9.82e-02 3.14e-02f  1
  14  2.5354245e+06 6.23e+00 9.43e+04  -1.0 5.45e+00   3.0 4.47e-02 2.87e-02f  1
  15  2.5176364e+06 6.12e+00 9.54e+04  -1.0 2.08e+01   2.5 2.21e-02 1.81e-02f  1
  16  2.5108890e+06 6.07e+00 9.62e+04  -1.0 5.90e+00   3.0 1.71e-01 7.14e-03f  1
  17  2.4746376e+06 5.84e+00 2.21e+05  -1.0 5.88e+00   3.4 8.70e-02 3.95e-02f  1
  18  2.4409783e+06 5.62e+00 2.42e+05  -1.0 6.25e+00   2.9 9.55e-02 3.74e-02f  1
  19  2.4274159e+06 5.53e+00 2.55e+05  -1.0 6.19e+00   3.3 3.75e-02 1.59e-02f  1
iter    objective    inf_pr   inf_du lg(mu)  ||d||  lg(rg) alpha_du alpha_pr  ls
  20  2.3907598e+06 5.29e+00 2.72e+05  -1.0 6.44e+00   2.9 3.06e-02 4.27e-02f  1
  21  2.3843032e+06 5.25e+00 2.73e+05  -1.0 6.29e+00   3.3 5.67e-02 8.01e-03f  1
  22  2.3713770e+06 5.17e+00 2.71e+05  -1.0 6.44e+00   2.8 1.33e-01 1.58e-02f  1
  23  2.3544609e+06 5.06e+00 2.86e+05  -1.0 6.17e+00   3.2 3.24e-02 2.16e-02f  1
  24  2.3250843e+06 4.87e+00 2.85e+05  -1.0 6.27e+00   2.8 8.85e-02 3.74e-02f  1
  25  2.3201234e+06 4.83e+00 2.84e+05  -1.0 6.13e+00   3.2 7.19e-02 6.71e-03f  1
  26  2.2825281e+06 4.59e+00 2.79e+05  -1.0 6.33e+00   2.7 6.25e-02 5.02e-02f  1
  27  2.2740265e+06 4.54e+00 2.80e+05  -1.0 6.25e+00   3.1 6.41e-02 1.24e-02f  1
  28  2.2655385e+06 4.48e+00 2.91e+05  -1.0 6.18e+00   3.6 9.61e-03 1.26e-02f  1
  29  2.2589374e+06 4.43e+00 2.90e+05  -1.0 1.31e+01   3.1 5.31e-02 9.90e-03f  1
iter    objective    inf_pr   inf_du lg(mu)  ||d||  lg(rg) alpha_du alpha_pr  ls
  30  2.2571561e+06 4.42e+00 2.89e+05  -1.0 9.30e+00   2.6 2.11e-02 2.58e-03f  1
  31  2.2315042e+06 4.25e+00 3.02e+05  -1.0 9.28e+00   3.0 7.19e-02 3.89e-02f  1
  32  2.2185117e+06 4.16e+00 3.21e+05  -1.0 1.03e+01   3.5 6.62e-02 2.06e-02f  1
  33  2.1916220e+06 3.98e+00 3.26e+05  -1.0 1.08e+01   3.0 5.83e-02 4.36e-02f  1
  34  2.1849545e+06 3.94e+00 3.28e+05  -1.0 1.16e+01   3.4 1.51e-01 1.15e-02f  1
  35  2.1651751e+06 3.80e+00 3.24e+05  -1.0 1.18e+01   2.9 9.45e-02 3.47e-02f  1
  36  2.1524088e+06 3.71e+00 3.37e+05  -1.0 1.23e+01   3.4 1.34e-01 2.36e-02f  1
  37  2.1235469e+06 3.51e+00 3.25e+05  -1.0 1.26e+01   2.9 4.22e-02 5.50e-02f  1
  38  2.1195768e+06 3.48e+00 3.24e+05  -1.0 1.32e+01   3.3 7.50e-02 8.17e-03f  1
  39  2.1014592e+06 3.35e+00 3.11e+05  -1.0 1.33e+01   2.8 1.25e-01 3.78e-02f  1
iter    objective    inf_pr   inf_du lg(mu)  ||d||  lg(rg) alpha_du alpha_pr  ls
  40  2.0916069e+06 3.27e+00 3.14e+05  -1.0 1.35e+01   3.3 7.13e-02 2.17e-02f  1
  41  2.0829301e+06 3.21e+00 3.07e+05  -1.0 1.37e+01   2.8 2.05e-02 1.97e-02f  1
  42  2.0760814e+06 3.16e+00 3.06e+05  -1.0 1.38e+01   3.2 7.53e-02 1.60e-02f  1
  43  2.0696898e+06 3.11e+00 3.00e+05  -1.0 1.38e+01   2.7 2.46e-02 1.52e-02f  1
  44  2.0672758e+06 3.09e+00 2.99e+05  -1.0 1.39e+01   3.2 7.51e-02 5.90e-03f  1
  45  2.0654804e+06 3.08e+00 2.97e+05  -1.0 1.12e+02   2.7 4.43e-03 4.46e-03f  1
  46  2.0630946e+06 3.06e+00 2.96e+05  -1.0 1.39e+01   3.1 7.84e-02 5.99e-03f  1
  47  2.0526306e+06 2.98e+00 2.83e+05  -1.0 1.39e+01   2.6 3.07e-02 2.72e-02f  1
  48  2.0429968e+06 2.90e+00 2.80e+05  -1.0 1.40e+01   3.1 1.05e-01 2.55e-02f  1
  49  2.0392905e+06 2.87e+00 2.77e+05  -1.0 1.40e+01   2.6 4.76e-02 1.00e-02f  1
iter    objective    inf_pr   inf_du lg(mu)  ||d||  lg(rg) alpha_du alpha_pr  ls
  50  2.0366575e+06 2.85e+00 2.75e+05  -1.0 1.40e+01   3.0 3.48e-02 7.14e-03f  1
  51  2.0320460e+06 2.82e+00 2.70e+05  -1.0 1.40e+01   2.5 4.50e-02 1.26e-02f  1
  52  2.0211501e+06 2.73e+00 2.64e+05  -1.0 1.40e+01   3.0 3.53e-03 3.07e-02f  1
  53  2.0202506e+06 2.72e+00 2.63e+05  -1.0 1.57e+01   2.5 1.65e-02 2.51e-03f  1
  54  2.0169891e+06 2.70e+00 2.61e+05  -1.0 1.40e+01   2.9 2.48e-03 9.58e-03f  1
  55  2.0090049e+06 2.63e+00 2.65e+05  -1.0 1.40e+01   3.3 2.55e-02 2.38e-02f  1
  56  2.0017238e+06 2.57e+00 2.59e+05  -1.0 1.40e+01   2.9 1.63e-02 2.16e-02f  1
  57  2.0013191e+06 2.57e+00 2.58e+05  -1.0 1.39e+01   3.3 2.80e-02 1.31e-03f  1
  58  1.9968946e+06 2.53e+00 2.54e+05  -1.0 1.39e+01   2.8 2.32e-03 1.45e-02f  1
  59  1.9951486e+06 2.52e+00 2.53e+05  -1.0 1.39e+01   3.2 3.74e-02 5.88e-03f  1
iter    objective    inf_pr   inf_du lg(mu)  ||d||  lg(rg) alpha_du alpha_pr  ls
  60  1.9930728e+06 2.50e+00 2.51e+05  -1.0 1.39e+01   2.7 2.36e-02 7.26e-03f  1
  61  1.9916823e+06 2.49e+00 2.50e+05  -1.0 1.39e+01   3.2 6.26e-03 4.93e-03f  1
  62  1.9838367e+06 2.42e+00 2.39e+05  -1.0 1.39e+01   2.7 2.20e-02 2.83e-02f  1
  63  1.9834630e+06 2.41e+00 2.38e+05  -1.0 1.38e+01   3.1 1.50e-02 1.39e-03f  1
  64  1.9798413e+06 2.38e+00 2.34e+05  -1.0 1.38e+01   2.6 2.30e-02 1.36e-02f  1
  65  1.9784053e+06 2.37e+00 2.33e+05  -1.0 1.37e+01   3.1 2.63e-02 5.44e-03f  1
  66  1.9778460e+06 2.36e+00 2.32e+05  -1.0 1.37e+01   2.6 1.81e-02 2.23e-03f  1
  67  1.9777666e+06 2.36e+00 2.32e+05  -1.0 1.37e+01   3.0 3.23e-02 3.11e-04h  1
  68  1.9699060e+06 2.29e+00 2.18e+05  -1.0 1.37e+01   2.5 1.29e-02 3.21e-02f  1
  69  1.9665169e+06 2.25e+00 2.15e+05  -1.0 1.35e+01   3.0 3.59e-02 1.42e-02f  1
iter    objective    inf_pr   inf_du lg(mu)  ||d||  lg(rg) alpha_du alpha_pr  ls
  70  1.9645511e+06 2.24e+00 2.15e+05  -1.0 1.35e+01   3.4 6.99e-03 8.27e-03f  1
  71  1.9637287e+06 2.23e+00 2.14e+05  -1.0 1.34e+01   2.9 4.22e-03 3.54e-03f  1
  72  1.9632129e+06 2.22e+00 2.14e+05  -1.0 1.34e+01   3.3 8.02e-03 2.17e-03f  1
  73  1.9612918e+06 2.20e+00 2.12e+05  -1.0 1.34e+01   2.9 2.34e-02 8.31e-03f  1
  74  1.9602118e+06 2.19e+00 2.11e+05  -1.0 1.34e+01   3.3 5.44e-03 4.67e-03f  1
  75  1.9563341e+06 2.16e+00 2.07e+05  -1.0 1.34e+01   2.8 8.62e-03 1.71e-02f  1
  76  1.9543583e+06 2.14e+00 2.04e+05  -1.0 1.42e+01   2.3 5.49e-02 9.29e-03f  1
  77  1.9523000e+06 2.12e+00 2.02e+05  -1.0 1.32e+01   2.8 1.76e-02 9.56e-03f  1
  78  1.9492176e+06 2.08e+00 1.97e+05  -1.0 1.32e+01   2.3 2.36e-02 1.47e-02f  1
  79  1.9468516e+06 2.06e+00 1.94e+05  -1.0 1.31e+01   2.7 2.41e-02 1.13e-02f  1
iter    objective    inf_pr   inf_du lg(mu)  ||d||  lg(rg) alpha_du alpha_pr  ls
  80  1.9430640e+06 2.02e+00 1.88e+05  -1.0 1.30e+01   2.2 3.31e-02 1.88e-02f  1
  81  1.9425457e+06 2.02e+00 1.88e+05  -1.0 1.29e+01   2.7 1.87e-02 2.66e-03f  1
  82  1.9409126e+06 2.00e+00 1.85e+05  -1.0 1.29e+01   2.2 9.81e-03 8.60e-03f  1
  83  1.9398820e+06 1.99e+00 1.84e+05  -1.0 1.29e+01   2.6 3.06e-02 5.29e-03f  1
  84  1.9382173e+06 1.97e+00 1.82e+05  -1.0 1.28e+01   2.1 3.13e-02 8.84e-03f  1
  85  1.9377940e+06 1.97e+00 1.82e+05  -1.0 1.28e+01   2.6 5.10e-03 2.26e-03f  1
  86  1.9367246e+06 1.96e+00 1.81e+05  -1.0 1.28e+01   3.0 1.20e-03 5.82e-03f  1
  87  1.9347860e+06 1.93e+00 1.78e+05  -1.0 1.27e+01   2.5 1.88e-02 1.16e-02f  1
  88  1.9344949e+06 1.93e+00 1.78e+05  -1.0 1.27e+01   2.9 1.08e-02 1.60e-03f  1
  89  1.9311236e+06 1.89e+00 1.72e+05  -1.0 1.27e+01   2.5 7.89e-03 1.99e-02f  1
iter    objective    inf_pr   inf_du lg(mu)  ||d||  lg(rg) alpha_du alpha_pr  ls
  90  1.9310218e+06 1.89e+00 1.72e+05  -1.0 1.25e+01   2.9 2.55e-02 5.66e-04h  1
  91  1.9252025e+06 1.83e+00 1.60e+05  -1.0 1.31e+01   2.4 2.78e-02 3.21e-02f  1
  92  1.9244367e+06 1.82e+00 1.60e+05  -1.0 1.25e+01   2.8 1.14e-03 4.28e-03f  1
  93  1.9221339e+06 1.80e+00 1.57e+05  -1.0 1.30e+01   2.4 3.95e-02 1.32e-02f  1
  94  1.9200499e+06 1.78e+00 1.54e+05  -1.0 1.28e+01   2.8 2.05e-02 1.20e-02f  1
  95  1.9180153e+06 1.75e+00 1.52e+05  -1.0 1.33e+01   2.3 1.41e-02 1.24e-02f  1
  96  1.9162537e+06 1.74e+00 1.50e+05  -1.0 1.30e+01   2.7 2.95e-02 1.06e-02f  1
  97  1.9114010e+06 1.68e+00 1.40e+05  -1.0 1.36e+01   2.3 8.22e-03 3.06e-02f  1
  98  1.9113302e+06 1.68e+00 1.40e+05  -1.0 1.32e+01   2.7 3.75e-02 4.46e-04h  1
  99  1.9092976e+06 1.66e+00 1.38e+05  -1.0 1.32e+01   2.2 4.10e-03 1.20e-02f  1
iter    objective    inf_pr   inf_du lg(mu)  ||d||  lg(rg) alpha_du alpha_pr  ls
 100  1.9085181e+06 1.65e+00 1.37e+05  -1.0 1.31e+01   2.6 1.06e-02 4.72e-03f  1
 101  1.9069275e+06 1.64e+00 1.35e+05  -1.0 1.34e+01   2.2 5.13e-03 9.73e-03f  1
 102  1.9059706e+06 1.63e+00 1.34e+05  -1.0 1.33e+01   2.6 8.40e-03 5.88e-03f  1
 103  1.9045844e+06 1.61e+00 1.33e+05  -1.0 1.28e+01   3.0 7.20e-03 8.50e-03f  1
 104  1.9038083e+06 1.61e+00 1.32e+05  -1.0 1.35e+01   2.5 1.28e-02 4.83e-03f  1
 105  1.9031034e+06 1.60e+00 1.32e+05  -1.0 1.38e+01   3.0 1.07e-03 4.34e-03f  1
 106  1.9027291e+06 1.59e+00 1.31e+05  -1.0 1.38e+01   2.5 7.16e-03 2.31e-03f  1
 107  1.9019903e+06 1.59e+00 1.31e+05  -1.0 1.32e+01   2.9 1.10e-02 4.53e-03f  1
 108  1.9017306e+06 1.59e+00 1.31e+05  -1.0 1.28e+01   3.3 4.50e-04 1.51e-03h  1
 109  1.9010867e+06 1.58e+00 1.30e+05  -1.0 1.14e+01   3.8 3.85e-03 3.73e-03h  1
iter    objective    inf_pr   inf_du lg(mu)  ||d||  lg(rg) alpha_du alpha_pr  ls
 110  1.9000831e+06 1.57e+00 1.30e+05  -1.0 1.31e+01   3.3 6.47e-03 5.77e-03h  1
 111  1.8994981e+06 1.56e+00 1.29e+05  -1.0 1.35e+01   2.8 2.19e-02 3.36e-03f  1
 112  1.8980033e+06 1.55e+00 1.29e+05  -1.0 1.33e+01   3.2 3.30e-04 8.68e-03f  1
 113  1.8979359e+06 1.55e+00 1.29e+05  -1.0 1.52e+01   2.7 1.26e-03 3.95e-04h  1
 114  1.8967058e+06 1.54e+00 1.27e+05  -1.0 1.38e+01   2.3 1.70e-02 7.57e-03f  1
 115  1.8957008e+06 1.53e+00 1.26e+05  -1.0 1.36e+01   2.7 3.11e-02 6.34e-03f  1
 116  1.8947560e+06 1.52e+00 1.25e+05  -1.0 1.38e+01   2.2 6.79e-03 6.31e-03f  1
 117  1.8943593e+06 1.52e+00 1.25e+05  -1.0 1.36e+01   2.6 2.49e-03 2.35e-03f  1
 118  1.8912866e+06 1.49e+00 1.21e+05  -1.0 1.38e+01   2.2 4.82e-03 1.85e-02f  1
 119  1.8910754e+06 1.49e+00 1.21e+05  -1.0 1.35e+01   2.6 1.67e-02 1.24e-03f  1
iter    objective    inf_pr   inf_du lg(mu)  ||d||  lg(rg) alpha_du alpha_pr  ls
 120  1.8886492e+06 1.46e+00 1.19e+05  -1.0 1.25e+01   3.0 3.12e-04 1.49e-02f  1
 121  1.8875904e+06 1.45e+00 1.18e+05  -1.0 1.22e+01   2.5 1.08e-02 6.96e-03f  1
 122  1.8873433e+06 1.45e+00 1.18e+05  -1.0 1.21e+01   3.0 2.27e-02 1.62e-03f  1
 123  1.8860397e+06 1.44e+00 1.17e+05  -1.0 1.22e+01   2.5 1.15e-02 8.77e-03f  1
 124  1.8843317e+06 1.42e+00 1.15e+05  -1.0 1.21e+01   2.9 1.56e-02 1.14e-02f  1
 125  1.8829555e+06 1.41e+00 1.14e+05  -1.0 1.21e+01   2.4 1.03e-02 9.38e-03f  1
 126  1.8823185e+06 1.40e+00 1.13e+05  -1.0 1.19e+01   2.9 8.91e-03 4.31e-03f  1
 127  1.8807323e+06 1.39e+00 1.12e+05  -1.0 1.20e+01   2.4 1.35e-02 1.09e-02f  1
 128  1.8806539e+06 1.39e+00 1.12e+05  -1.0 1.28e+01   2.8 3.19e-03 5.08e-04h  1
 129  1.8783823e+06 1.37e+00 1.09e+05  -1.0 1.34e+01   2.3 5.81e-04 1.48e-02f  1
iter    objective    inf_pr   inf_du lg(mu)  ||d||  lg(rg) alpha_du alpha_pr  ls
 130  1.8782405e+06 1.37e+00 1.09e+05  -1.0 1.30e+01   2.8 1.76e-02 9.25e-04f  1
 131  1.8763576e+06 1.35e+00 1.07e+05  -1.0 1.26e+01   2.3 9.38e-04 1.30e-02f  1
 132  1.8757363e+06 1.34e+00 1.06e+05  -1.0 1.22e+01   2.7 1.20e-02 4.42e-03f  1
 133  1.8748710e+06 1.33e+00 1.06e+05  -1.0 1.20e+01   3.1 5.83e-03 6.17e-03f  1
 134  1.8739425e+06 1.32e+00 1.05e+05  -1.0 1.23e+01   2.7 6.41e-03 6.83e-03f  1
 135  1.8734992e+06 1.32e+00 1.05e+05  -1.0 1.21e+01   3.1 7.88e-03 3.28e-03f  1
 136  1.8723551e+06 1.31e+00 1.03e+05  -1.0 1.23e+01   2.6 3.11e-03 9.07e-03f  1
 137  1.8714079e+06 1.30e+00 1.03e+05  -1.0 1.21e+01   3.0 1.16e-02 7.47e-03h  1
 138  1.8700619e+06 1.28e+00 1.01e+05  -1.0 1.22e+01   2.6 1.18e-02 1.11e-02f  1
 139  1.8694667e+06 1.28e+00 1.01e+05  -1.0 1.21e+01   3.0 8.70e-03 4.90e-03f  1
iter    objective    inf_pr   inf_du lg(mu)  ||d||  lg(rg) alpha_du alpha_pr  ls
 140  1.8679810e+06 1.26e+00 9.89e+04  -1.0 1.22e+01   2.5 5.94e-04 1.33e-02f  1
 141  1.8679304e+06 1.26e+00 9.88e+04  -1.0 1.19e+01   2.9 1.43e-02 4.53e-04h  1
 142  1.8660804e+06 1.24e+00 9.63e+04  -1.0 1.21e+01   2.5 2.61e-02 1.69e-02f  1
 143  1.8654143e+06 1.23e+00 9.57e+04  -1.0 1.20e+01   2.9 1.02e-02 5.95e-03f  1
 144  1.8608500e+06 1.18e+00 8.66e+04  -1.0 1.18e+01   2.4 4.59e-02 4.10e-02f  1
 145  1.8601346e+06 1.17e+00 8.60e+04  -1.0 1.15e+01   2.8 1.49e-02 6.63e-03f  1
 146  1.8592407e+06 1.16e+00 8.50e+04  -1.0 1.15e+01   2.4 2.35e-02 8.38e-03f  1
 147  1.8588783e+06 1.16e+00 8.47e+04  -1.0 1.15e+01   2.8 3.96e-03 3.30e-03f  1
 148  1.8580093e+06 1.15e+00 8.39e+04  -1.0 1.16e+01   2.3 1.30e-02 7.62e-03f  1
 149  1.8577740e+06 1.15e+00 8.38e+04  -1.0 1.21e+01   2.7 1.39e-02 1.98e-03f  1
iter    objective    inf_pr   inf_du lg(mu)  ||d||  lg(rg) alpha_du alpha_pr  ls
 150  1.8553641e+06 1.12e+00 8.07e+04  -1.0 1.24e+01   2.3 4.82e-03 2.08e-02f  1
 151  1.8547095e+06 1.12e+00 8.02e+04  -1.0 1.22e+01   2.7 1.59e-02 5.73e-03f  1
 152  1.8533700e+06 1.10e+00 7.89e+04  -1.0 1.24e+01   2.2 4.78e-02 1.10e-02f  1
 153  1.8512856e+06 1.09e+00 7.70e+04  -1.0 1.22e+01   2.6 1.34e-02 1.71e-02f  1
 154  1.8510990e+06 1.08e+00 7.68e+04  -1.0 1.18e+01   3.1 6.99e-03 1.63e-03h  1
 155  1.8503473e+06 1.08e+00 7.62e+04  -1.0 1.21e+01   2.6 1.07e-02 6.47e-03f  1
 156  1.8494167e+06 1.07e+00 7.56e+04  -1.0 1.19e+01   3.0 2.08e-03 8.53e-03f  1
 157  1.8467845e+06 1.04e+00 7.25e+04  -1.0 1.21e+01   2.5 1.13e-02 2.41e-02f  1
 158  1.8458773e+06 1.03e+00 7.18e+04  -1.0 1.17e+01   3.0 1.94e-02 8.78e-03f  1
 159  1.8454253e+06 1.03e+00 7.14e+04  -1.0 1.19e+01   2.5 1.23e-02 4.45e-03f  1
iter    objective    inf_pr   inf_du lg(mu)  ||d||  lg(rg) alpha_du alpha_pr  ls
 160  1.8445122e+06 1.02e+00 7.07e+04  -1.0 1.17e+01   2.9 3.53e-03 9.09e-03f  1
 161  1.8440280e+06 1.01e+00 7.03e+04  -1.0 1.17e+01   2.4 1.48e-02 4.87e-03f  1
 162  1.8433705e+06 1.01e+00 6.98e+04  -1.0 1.16e+01   2.8 2.11e-02 6.48e-03h  1
 163  1.8422923e+06 9.97e-01 6.93e+04  -1.0 1.13e+01   3.3 1.10e-02 1.07e-02h  1
 164  1.8407986e+06 9.81e-01 6.79e+04  -1.0 1.16e+01   2.8 5.60e-03 1.57e-02f  1
 165  1.8399925e+06 9.73e-01 6.74e+04  -1.0 1.12e+01   3.2 1.69e-02 8.68e-03h  1
 166  1.8387142e+06 9.60e-01 6.63e+04  -1.0 1.15e+01   2.7 1.44e-02 1.32e-02f  1
 167  1.8377220e+06 9.49e-01 6.57e+04  -1.0 1.12e+01   3.2 2.51e-03 1.08e-02h  1
 168  1.8374541e+06 9.47e-01 6.55e+04  -1.0 1.14e+01   2.7 3.74e-02 2.96e-03f  1
 169  1.8363418e+06 9.34e-01 6.47e+04  -1.0 1.12e+01   3.1 8.09e-03 1.28e-02h  1
iter    objective    inf_pr   inf_du lg(mu)  ||d||  lg(rg) alpha_du alpha_pr  ls
 170  1.8351809e+06 9.21e-01 6.34e+04  -1.0 1.14e+01   2.6 6.19e-03 1.40e-02f  1
 171  1.8345362e+06 9.14e-01 6.30e+04  -1.0 1.11e+01   3.1 3.02e-02 7.83e-03h  1
 172  1.8334628e+06 9.02e-01 6.29e+04  -1.0 1.07e+01   3.5 1.00e-03 1.28e-02h  1
 173  1.8330893e+06 8.98e-01 6.27e+04  -1.0 1.10e+01   3.0 1.55e-02 4.42e-03h  1
 174  1.8327687e+06 8.95e-01 6.25e+04  -1.0 1.07e+01   3.4 2.63e-02 3.74e-03h  1
 175  1.8310478e+06 8.77e-01 6.10e+04  -1.0 1.11e+01   3.0 2.15e-02 1.98e-02f  1
 176  1.8296547e+06 8.63e-01 6.08e+04  -1.0 1.06e+01   3.4 1.59e-02 1.62e-02h  1
 177  1.8289435e+06 8.56e-01 6.11e+04  -1.0 1.02e+01   3.8 2.16e-03 8.22e-03h  1
 178  1.8282110e+06 8.49e-01 6.07e+04  -1.0 1.05e+01   3.3 8.72e-03 8.68e-03h  1
 179  1.8279399e+06 8.46e-01 6.06e+04  -1.0 1.02e+01   3.8 5.20e-03 3.14e-03h  1
iter    objective    inf_pr   inf_du lg(mu)  ||d||  lg(rg) alpha_du alpha_pr  ls
 180  1.8275827e+06 8.42e-01 6.04e+04  -1.0 1.05e+01   3.3 1.64e-02 4.21e-03h  1
 181  1.8264305e+06 8.31e-01 6.11e+04  -1.0 1.02e+01   3.7 5.80e-03 1.35e-02h  1
 182  1.8257114e+06 8.24e-01 6.25e+04  -1.0 9.71e+00   4.1 6.13e-03 8.46e-03h  1
 183  1.8254643e+06 8.21e-01 6.24e+04  -1.0 1.02e+01   3.7 1.77e-02 3.03e-03h  1
 184  1.8254128e+06 8.21e-01 6.23e+04  -1.0 9.80e+00   4.1 1.27e-02 6.04e-04h  1
 185  1.8239844e+06 8.07e-01 6.29e+04  -1.0 1.01e+01   3.6 3.73e-03 1.73e-02h  1
 186  1.8234127e+06 8.01e-01 6.73e+04  -1.0 9.79e+00   4.0 2.00e-02 6.97e-03h  1
 187  1.8230133e+06 7.97e-01 7.37e+04  -1.0 1.00e+01   3.6 1.57e-02 5.02e-03h  1
 188  1.8218990e+06 7.86e-01 6.55e+04  -1.0 9.81e+00   4.0 3.07e-03 1.39e-02h  1
 189  1.8218856e+06 7.86e-01 1.58e+05  -1.0 9.45e+00   4.4 2.14e-02 1.67e-04h  1
iter    objective    inf_pr   inf_du lg(mu)  ||d||  lg(rg) alpha_du alpha_pr  ls
 190  1.8212790e+06 7.80e-01 1.72e+05  -1.0 9.84e+00   3.9 1.74e-02 7.97e-03h  1
 191  1.8204936e+06 7.72e-01 2.33e+05  -1.0 9.60e+00   4.4 2.41e-02 1.02e-02h  1
 192  1.8203108e+06 7.70e-01 2.46e+05  -1.0 9.77e+00   3.9 1.23e-02 2.47e-03h  1
 193  1.8199447e+06 7.66e-01 3.46e+05  -1.0 9.63e+00   4.3 3.04e-02 4.90e-03h  1
 194  1.8191254e+06 7.57e-01 3.55e+05  -1.0 9.75e+00   3.8 2.37e-02 1.11e-02h  1
 195  1.8191020e+06 7.57e-01 4.45e+05  -1.0 9.51e+00   4.3 2.73e-02 3.14e-04h  1
 196  1.8180500e+06 7.47e-01 4.35e+05  -1.0 9.88e+00   3.8 8.27e-03 1.40e-02h  1
 197  1.8174486e+06 7.40e-01 4.21e+05  -1.0 9.72e+00   4.2 4.39e-03 8.16e-03h  1
 198  1.8170854e+06 7.37e-01 4.38e+05  -1.0 9.61e+00   3.7 4.43e-02 4.97e-03h  1
 199  1.8166795e+06 7.33e-01 4.51e+05  -1.0 9.64e+00   4.2 1.19e-02 5.57e-03h  1
iter    objective    inf_pr   inf_du lg(mu)  ||d||  lg(rg) alpha_du alpha_pr  ls
 200  1.8157157e+06 7.23e-01 4.41e+05  -1.0 9.48e+00   3.7 1.61e-03 1.34e-02f  1
 201  1.8157016e+06 7.23e-01 4.58e+05  -1.0 9.60e+00   4.1 8.68e-03 2.02e-04h  1
 202  1.8152534e+06 7.18e-01 4.55e+05  -1.0 9.96e+00   3.6 4.98e-03 6.58e-03h  1
 203  1.8150592e+06 7.16e-01 4.80e+05  -1.0 9.95e+00   4.1 1.72e-02 2.86e-03h  1
 204  1.8143317e+06 7.08e-01 4.68e+05  -1.0 9.88e+00   4.5 9.54e-03 1.07e-02h  1
 205  1.8135158e+06 7.00e-01 4.55e+05  -1.0 9.77e+00   4.0 7.32e-03 1.21e-02h  1
 206  1.8133980e+06 6.98e-01 5.07e+05  -1.0 9.67e+00   4.4 1.14e-02 1.76e-03h  1
 207  1.8127581e+06 6.92e-01 4.99e+05  -1.0 9.60e+00   4.0 7.73e-03 9.66e-03h  1
 208  1.8119803e+06 6.83e-01 4.96e+05  -1.0 9.56e+00   4.4 1.25e-02 1.19e-02h  1
 209  1.8116197e+06 6.80e-01 4.90e+05  -1.0 9.30e+00   3.9 2.29e-03 5.76e-03h  1
iter    objective    inf_pr   inf_du lg(mu)  ||d||  lg(rg) alpha_du alpha_pr  ls
 210  1.8113010e+06 6.76e-01 5.02e+05  -1.0 9.38e+00   4.3 8.67e-03 5.12e-03h  1
 211  1.8109564e+06 6.72e-01 5.08e+05  -1.0 9.19e+00   3.9 1.69e-02 5.59e-03h  1
 212  1.8107934e+06 6.71e-01 5.30e+05  -1.0 9.25e+00   4.3 9.37e-03 2.63e-03h  1
 213  1.8092655e+06 6.54e-01 5.07e+05  -1.0 9.14e+00   3.8 5.15e-03 2.49e-02h  1
 214  1.8091258e+06 6.52e-01 5.29e+05  -1.0 8.94e+00   4.2 1.02e-02 2.34e-03h  1
 215  1.8084617e+06 6.45e-01 5.26e+05  -1.0 8.97e+00   3.8 2.54e-02 1.12e-02h  1
 216  1.8082838e+06 6.43e-01 5.88e+05  -1.0 8.84e+00   4.2 3.01e-02 3.02e-03h  1
 217  1.8080882e+06 6.41e-01 5.86e+05  -1.0 9.14e+00   3.7 2.63e-02 3.37e-03h  1
 218  1.8064153e+06 6.22e-01 6.28e+05  -1.0 9.43e+00   4.1 6.00e-02 2.89e-02h  1
 219  1.8058321e+06 6.16e-01 7.60e+05  -1.0 9.18e+00   4.6 3.10e-02 1.03e-02h  1
iter    objective    inf_pr   inf_du lg(mu)  ||d||  lg(rg) alpha_du alpha_pr  ls
 220  1.8048390e+06 6.05e-01 7.28e+05  -1.0 8.91e+00   4.1 2.97e-03 1.79e-02h  1
 221  1.8048012e+06 6.04e-01 8.29e+05  -1.0 8.89e+00   4.5 1.91e-02 6.90e-04h  1
 222  1.8039774e+06 5.95e-01 8.19e+05  -1.0 8.64e+00   4.0 1.77e-02 1.50e-02h  1
 223  1.8037525e+06 5.93e-01 8.31e+05  -1.0 8.71e+00   4.4 7.51e-03 4.06e-03h  1
 224  1.8030092e+06 5.85e-01 8.16e+05  -1.0 8.37e+00   4.0 4.68e-03 1.37e-02h  1
 225  1.8029507e+06 5.84e-01 1.11e+06  -1.0 8.49e+00   4.4 8.02e-02 1.09e-03h  1
 226  1.8018169e+06 5.72e-01 1.09e+06  -1.0 8.30e+00   3.9 2.51e-02 2.13e-02f  1
 227  1.8014636e+06 5.68e-01 1.07e+06  -1.0 8.21e+00   4.3 4.17e-03 6.84e-03h  1
 228  1.8010652e+06 5.63e-01 1.06e+06  -1.0 8.15e+00   3.9 3.51e-02 7.77e-03h  1
 229  1.8010068e+06 5.63e-01 1.06e+06  -1.0 8.12e+00   4.3 3.06e-03 1.20e-03h  1
iter    objective    inf_pr   inf_du lg(mu)  ||d||  lg(rg) alpha_du alpha_pr  ls
 230  1.8008846e+06 5.61e-01 1.20e+06  -1.0 8.19e+00   4.7 1.89e-02 2.51e-03h  1
 231  1.8005229e+06 5.57e-01 1.19e+06  -1.0 8.15e+00   4.2 8.43e-03 7.50e-03h  1
 232  1.8004374e+06 5.56e-01 1.21e+06  -1.0 8.16e+00   4.7 5.16e-03 1.79e-03h  1
 233  1.7999387e+06 5.50e-01 1.19e+06  -1.0 8.17e+00   4.2 5.97e-04 1.08e-02h  1
 234  1.7999302e+06 5.50e-01 1.26e+06  -1.0 8.39e+00   4.6 1.18e-02 1.88e-04h  1
 235  1.7994528e+06 5.44e-01 1.24e+06  -1.0 8.98e+00   4.1 1.51e-03 1.07e-02h  1
 236  1.7993088e+06 5.42e-01 1.42e+06  -1.0 9.03e+00   4.6 3.66e-02 3.25e-03h  1
 237  1.7985999e+06 5.34e-01 1.39e+06  -1.0 8.71e+00   4.1 1.56e-02 1.60e-02h  1
 238  1.7985447e+06 5.33e-01 1.51e+06  -1.0 8.80e+00   4.5 2.87e-02 1.29e-03h  1
 239  1.7983923e+06 5.31e-01 1.50e+06  -1.0 8.79e+00   4.0 9.05e-03 3.59e-03h  1
iter    objective    inf_pr   inf_du lg(mu)  ||d||  lg(rg) alpha_du alpha_pr  ls
 240  1.7983536e+06 5.31e-01 1.51e+06  -1.0 1.06e+01   4.5 3.63e-03 9.32e-04h  1
 241  1.7979678e+06 5.26e-01 1.50e+06  -1.0 1.07e+01   4.0 8.42e-03 9.15e-03h  1
 242  1.7978356e+06 5.24e-01 1.50e+06  -1.0 1.06e+01   4.4 5.61e-03 3.09e-03h  1
 243  1.7976587e+06 5.22e-01 1.49e+06  -1.0 1.06e+01   3.9 4.91e-04 4.30e-03f  1
 244  1.7975763e+06 5.21e-01 1.50e+06  -1.0 1.05e+01   4.4 4.80e-03 1.93e-03h  1
 245  1.7974289e+06 5.19e-01 1.47e+06  -1.0 1.04e+01   4.8 9.96e-04 3.40e-03h  1
 246  1.7968530e+06 5.12e-01 1.44e+06  -1.0 1.05e+01   4.3 4.88e-03 1.32e-02h  1
 247  1.7965959e+06 5.09e-01 1.50e+06  -1.0 1.03e+01   4.7 1.42e-02 5.96e-03h  1
 248  1.7963769e+06 5.06e-01 1.51e+06  -1.0 1.03e+01   4.3 2.40e-02 5.12e-03h  1
 249  1.7963203e+06 5.06e-01 1.59e+06  -1.0 1.02e+01   4.7 1.32e-02 1.32e-03h  1
iter    objective    inf_pr   inf_du lg(mu)  ||d||  lg(rg) alpha_du alpha_pr  ls
 250  1.7952499e+06 4.93e-01 1.54e+06  -1.0 1.03e+01   4.2 9.39e-04 2.50e-02h  1
 251  1.7951192e+06 4.92e-01 1.62e+06  -1.0 1.00e+01   4.6 1.82e-02 3.13e-03h  1
 252  1.7943912e+06 4.83e-01 1.60e+06  -1.0 1.01e+01   4.2 5.90e-03 1.76e-02h  1
 253  1.7943453e+06 4.82e-01 1.70e+06  -1.0 9.88e+00   4.6 2.39e-02 1.14e-03h  1
 254  1.7931233e+06 4.67e-01 1.66e+06  -1.0 9.89e+00   4.1 2.16e-03 3.07e-02h  1
 255  1.7930944e+06 4.67e-01 1.76e+06  -1.0 9.63e+00   4.5 2.72e-02 7.47e-04h  1
 256  1.7929301e+06 4.65e-01 1.75e+06  -1.0 5.57e+01   4.1 1.03e-03 4.30e-03h  1
 257  1.7928184e+06 4.64e-01 1.75e+06  -1.0 9.58e+00   4.5 3.05e-03 2.91e-03h  1
 258  1.7928117e+06 4.64e-01 1.69e+06  -1.0 9.55e+00   4.0 4.73e-02 1.76e-04h  1
 259  1.7917886e+06 4.51e-01 1.60e+06  -1.0 9.56e+00   4.4 6.87e-03 2.70e-02h  1
iter    objective    inf_pr   inf_du lg(mu)  ||d||  lg(rg) alpha_du alpha_pr  ls
 260  1.7917502e+06 4.51e-01 1.54e+06  -1.0 9.30e+00   4.0 4.25e-02 1.07e-03h  1
 261  1.7913575e+06 4.46e-01 1.53e+06  -1.0 9.36e+00   4.4 1.44e-02 1.10e-02h  1
 262  1.7909802e+06 4.41e-01 1.52e+06  -1.0 9.20e+00   3.9 1.04e-02 1.07e-02h  1
 263  1.7905181e+06 4.35e-01 1.50e+06  -1.0 9.21e+00   4.3 1.47e-02 1.32e-02h  1
 264  1.7905125e+06 4.35e-01 1.48e+06  -1.0 8.90e+00   3.9 1.25e-02 1.64e-04h  1
 265  1.7896155e+06 4.24e-01 1.45e+06  -1.0 9.09e+00   4.3 4.89e-02 2.59e-02h  1
 266  1.7893185e+06 4.20e-01 1.39e+06  -1.0 8.87e+00   4.7 2.05e-03 8.69e-03h  1
 267  1.7891326e+06 4.18e-01 1.39e+06  -1.0 8.78e+00   4.2 3.13e-02 5.50e-03h  1
 268  1.7887250e+06 4.13e-01 1.32e+06  -1.0 8.76e+00   4.7 2.09e-03 1.21e-02h  1
 269  1.7886896e+06 4.12e-01 1.29e+06  -1.0 8.61e+00   4.2 7.01e-02 1.07e-03h  1
iter    objective    inf_pr   inf_du lg(mu)  ||d||  lg(rg) alpha_du alpha_pr  ls
 270  1.7880997e+06 4.05e-01 1.25e+06  -1.0 8.65e+00   4.6 1.46e-02 1.76e-02h  1
 271  1.7880928e+06 4.05e-01 1.23e+06  -1.0 8.42e+00   4.1 2.93e-02 2.12e-04h  1
 272  1.7874470e+06 3.97e-01 1.22e+06  -1.0 8.52e+00   4.6 2.43e-02 1.96e-02h  1
 273  1.7870607e+06 3.92e-01 1.19e+06  -1.0 8.24e+00   4.1 1.97e-02 1.24e-02h  1
 274  1.7868622e+06 3.90e-01 1.29e+06  -1.0 8.28e+00   4.5 5.60e-02 6.39e-03h  1
 275  1.7859475e+06 3.77e-01 1.21e+06  -1.0 8.02e+00   4.0 5.47e-02 3.19e-02h  1
 276  1.7857424e+06 3.74e-01 1.25e+06  -1.0 7.98e+00   4.4 3.86e-02 7.06e-03h  1
 277  1.7852433e+06 3.67e-01 1.24e+06  -1.0 7.53e+00   4.0 1.19e-02 1.97e-02h  1
 278  1.7852344e+06 3.67e-01 1.30e+06  -1.0 7.87e+00   4.4 7.63e-02 3.27e-04h  1
 279  1.7851719e+06 3.66e-01 1.30e+06  -1.0 3.76e+01   3.9 3.21e-03 3.09e-03h  1
iter    objective    inf_pr   inf_du lg(mu)  ||d||  lg(rg) alpha_du alpha_pr  ls
 280  1.7847192e+06 3.59e-01 1.27e+06  -1.0 8.01e+00   4.3 5.17e-04 1.75e-02h  1
 281  1.7843600e+06 3.54e-01 1.50e+06  -1.0 7.95e+00   4.8 5.02e-02 1.37e-02h  1
 282  1.7839501e+06 3.48e-01 1.48e+06  -1.0 7.67e+00   4.3 5.76e-03 1.69e-02h  1
 283  1.7839246e+06 3.48e-01 1.61e+06  -1.0 7.72e+00   4.7 2.62e-02 1.02e-03h  1
 284  1.7834356e+06 3.40e-01 1.59e+06  -1.0 7.31e+00   4.2 1.00e-03 2.20e-02h  1
 285  1.7834215e+06 3.40e-01 1.74e+06  -1.0 7.49e+00   4.7 3.80e-02 5.80e-04h  1
 286  1.7833286e+06 3.39e-01 1.74e+06  -1.0 7.67e+00   4.2 1.05e-03 3.75e-03h  1
 287  1.7828796e+06 3.33e-01 1.73e+06  -1.0 7.70e+00   4.6 2.53e-02 1.75e-02h  1
 288  1.7826929e+06 3.30e-01 1.73e+06  -1.0 7.22e+00   4.1 2.97e-03 7.91e-03h  1
 289  1.7826031e+06 3.29e-01 1.75e+06  -1.0 7.50e+00   4.6 1.76e-02 3.63e-03h  1
iter    objective    inf_pr   inf_du lg(mu)  ||d||  lg(rg) alpha_du alpha_pr  ls
 290  1.7823821e+06 3.26e-01 1.82e+06  -1.0 7.48e+00   5.0 1.59e-02 8.84e-03h  1
 291  1.7821961e+06 3.24e-01 1.83e+06  -1.0 7.46e+00   4.5 2.35e-02 7.58e-03h  1
 292  1.7819034e+06 3.20e-01 1.80e+06  -1.0 7.41e+00   4.9 1.14e-02 1.19e-02h  1
 293  1.7813598e+06 3.13e-01 1.76e+06  -1.0 7.32e+00   4.5 8.99e-03 2.29e-02h  1
 294  1.7813408e+06 3.12e-01 2.49e+06  -1.0 7.18e+00   4.9 9.02e-02 7.83e-04h  1
 295  1.7808550e+06 3.06e-01 2.44e+06  -1.0 7.15e+00   4.4 1.03e-02 1.99e-02h  1
 296  1.7808292e+06 3.06e-01 2.68e+06  -1.0 7.15e+00   4.8 4.19e-02 1.08e-03h  1
 297  1.7806501e+06 3.04e-01 2.67e+06  -1.0 7.12e+00   4.4 9.93e-04 7.60e-03h  1
 298  1.7806355e+06 3.03e-01 2.68e+06  -1.0 7.14e+00   4.8 3.40e-03 6.22e-04h  1
 299  1.7804121e+06 3.00e-01 2.68e+06  -1.0 7.04e+00   4.3 1.18e-03 9.63e-03h  1
iter    objective    inf_pr   inf_du lg(mu)  ||d||  lg(rg) alpha_du alpha_pr  ls
 300  1.7804008e+06 3.00e-01 2.76e+06  -1.0 7.10e+00   4.7 2.73e-02 4.86e-04h  1

Number of Iterations....: 300

                                   (scaled)                 (unscaled)
Objective...............:   1.4544888066970179e+04    1.7804008124851575e+06
Dual infeasibility......:   2.7633658269852921e+06    3.3825621351675266e+08
Constraint violation....:   2.5015403596604158e-01    3.0027337780259644e-01
Variable bound violation:   0.0000000000000000e+00    0.0000000000000000e+00
Complementarity.........:   3.4621023430042868e+02    4.2378667996690863e+04
Overall NLP error.......:   1.7554782801625208e+03    3.3825621351675266e+08


Number of objective function evaluations             = 301
Number of objective gradient evaluations             = 301
Number of equality constraint evaluations            = 301
Number of inequality constraint evaluations          = 301
Number of equality constraint Jacobian evaluations   = 301
Number of inequality constraint Jacobian evaluations = 301
Number of Lagrangian Hessian evaluations             = 300
Total seconds in IPOPT                               = 114.502

EXIT: Maximum Number of Iterations Exceeded.

