Solver command line: ['/opt/homebrew/bin/ipopt', '/var/folders/6y/bvynbx6n3zv7z3lwg6vd724r0000gn/T/tmp1gslta2_.pyomo.nl', '-AMPL', 'tol=1e-06', 'max_iter=300', 'print_level=5']

Ipopt 3.14.19: tol=1e-06
max_iter=300
print_level=5


******************************************************************************
This program contains Ipopt, a library for large-scale nonlinear optimization.
 Ipopt is released as open source code under the Eclipse Public License (EPL).
         For more information visit https://github.com/coin-or/Ipopt
******************************************************************************

This is Ipopt version 3.14.19, running with linear solver MUMPS 5.6.2.

Number of nonzeros in equality constraint Jacobian...:   145957
Number of nonzeros in inequality constraint Jacobian.:   105544
Number of nonzeros in Lagrangian Hessian.............:    81479

Total number of variables............................:    24020
                     variables with only lower bounds:        0
                variables with lower and upper bounds:    24020
                     variables with only upper bounds:        0
Total number of equality constraints.................:    20001
Total number of inequality constraints...............:    26386
        inequality constraints with only lower bounds:        0
   inequality constraints with lower and upper bounds:        0
        inequality constraints with only upper bounds:    26386

iter    objective    inf_pr   inf_du lg(mu)  ||d||  lg(rg) alpha_du alpha_pr  ls
   0  1.3751198e+06 1.90e+01 8.54e+01  -1.0 0.00e+00    -  0.00e+00 0.00e+00   0
   1  1.3759874e+06 1.88e+01 8.45e+01  -1.0 1.02e+01    -  5.27e-03 1.02e-02f  1
   2  1.3783304e+06 1.85e+01 8.30e+01  -1.0 9.90e+00    -  7.09e-03 1.95e-02f  1
   3  1.3849790e+06 1.78e+01 8.07e+01  -1.0 1.04e+01    -  1.25e-02 3.53e-02f  1
   4  1.3885947e+06 1.75e+01 7.94e+01  -1.0 1.06e+01    -  1.64e-02 1.75e-02h  1
   5  1.3972519e+06 1.68e+01 1.06e+02  -1.0 1.22e+01    -  4.67e-02 4.27e-02h  1
   6  1.4087428e+06 1.58e+01 1.80e+02  -1.0 1.68e+01    -  9.37e-02 5.97e-02h  1
   7  1.4356628e+06 1.34e+01 6.13e+02  -1.0 2.28e+01    -  8.57e-02 1.53e-01h  1
   8  1.4558580e+06 1.12e+01 9.00e+02  -1.0 3.67e+01    -  7.65e-02 1.62e-01h  1
   9  1.4693948e+06 9.26e+00 1.13e+03  -1.0 4.70e+01    -  2.79e-01 1.72e-01h  1
iter    objective    inf_pr   inf_du lg(mu)  ||d||  lg(rg) alpha_du alpha_pr  ls
  10  1.4739017e+06 8.25e+00 1.13e+03  -1.0 6.52e+01    -  2.26e-01 1.09e-01h  1
  11  1.4774380e+06 6.94e+00 1.18e+03  -1.0 8.06e+01    -  1.03e-01 1.59e-01h  1
  12  1.4766552e+06 5.76e+00 1.17e+03  -1.0 1.06e+02    -  1.08e-01 1.69e-01h  1
  13  1.4732492e+06 4.97e+00 1.10e+03  -1.0 1.35e+02    -  3.51e-01 1.37e-01f  1
  14  1.4688790e+06 4.29e+00 1.00e+03  -1.0 1.60e+02    -  2.27e-01 1.36e-01f  1
  15  1.4643332e+06 3.74e+00 8.99e+02  -1.0 1.84e+02    -  1.90e-01 1.28e-01f  1
  16  1.4606106e+06 3.35e+00 8.15e+02  -1.0 2.08e+02    -  1.01e-01 1.03e-01f  1
  17  1.4560521e+06 2.96e+00 7.27e+02  -1.0 2.26e+02    -  1.24e-01 1.17e-01f  1
  18  1.4502670e+06 2.54e+00 6.31e+02  -1.0 2.45e+02    -  7.94e-02 1.39e-01f  1
  19  1.4463391e+06 2.31e+00 5.74e+02  -1.0 2.65e+02    -  1.26e-01 9.16e-02f  1
iter    objective    inf_pr   inf_du lg(mu)  ||d||  lg(rg) alpha_du alpha_pr  ls
  20  1.4397259e+06 1.94e+00 4.91e+02  -1.0 2.75e+02    -  1.44e-01 1.61e-01f  1
  21  1.4367622e+06 1.82e+00 4.64e+02  -1.0 2.94e+02    -  8.18e-02 5.92e-02f  1
  22  1.4310264e+06 1.57e+00 4.12e+02  -1.0 3.02e+02    -  1.31e-01 1.38e-01f  1
  23  1.4271210e+06 1.43e+00 3.80e+02  -1.0 3.26e+02    -  1.79e-01 8.98e-02f  1
  24  1.4209885e+06 1.22e+00 3.35e+02  -1.0 3.35e+02    -  1.25e-01 1.45e-01f  1
  25  1.4158487e+06 1.07e+00 2.99e+02  -1.0 3.52e+02    -  2.70e-01 1.24e-01f  1
  26  1.4063781e+06 8.04e-01 2.62e+02  -1.0 3.66e+02    -  6.28e-02 2.42e-01f  1
  27  1.4035309e+06 7.32e-01 2.43e+02  -1.0 3.47e+02    -  3.63e-01 8.92e-02f  1
  28  1.3986102e+06 6.14e-01 2.19e+02  -1.0 3.53e+02    -  2.29e-01 1.60e-01f  1
  29  1.3932200e+06 4.68e-01 1.90e+02  -1.0 2.62e+02    -  2.82e-01 2.36e-01f  1
iter    objective    inf_pr   inf_du lg(mu)  ||d||  lg(rg) alpha_du alpha_pr  ls
  30  1.3901176e+06 3.81e-01 1.62e+02  -1.0 2.18e+02    -  2.67e-01 1.84e-01f  1
  31  1.3877338e+06 3.06e-01 1.36e+02  -1.0 1.71e+02    -  3.45e-01 1.96e-01f  1
  32  1.3863555e+06 2.52e-01 4.16e+02  -1.0 1.25e+02    -  9.90e-01 1.76e-01f  1
  33  1.3842638e+06 1.06e-01 3.39e+02  -1.0 8.34e+01    -  9.92e-01 5.72e-01h  1
  34  1.3831360e+06 1.37e-02 1.14e+02  -1.0 3.84e+01    -  1.00e+00 8.72e-01h  1
  35  1.3830158e+06 4.52e-04 4.86e-01  -1.0 5.66e+00    -  1.00e+00 1.00e+00h  1
  36  1.3716895e+06 1.11e-02 2.28e+02  -1.7 1.02e+02    -  5.85e-01 6.97e-01f  1
  37  1.3685252e+06 7.84e-03 1.00e+01  -1.7 8.51e+01    -  5.59e-01 3.88e-01f  1
  38  1.3663864e+06 6.09e-03 6.84e+01  -1.7 6.83e+01    -  5.34e-01 3.56e-01f  1
  39  1.3647055e+06 5.43e-03 1.63e+01  -1.7 4.51e+01    -  2.78e-01 4.16e-01f  1
iter    objective    inf_pr   inf_du lg(mu)  ||d||  lg(rg) alpha_du alpha_pr  ls
  40  1.3634581e+06 3.68e-03 1.82e+01  -1.7 2.74e+01    -  2.88e-01 5.03e-01f  1
  41  1.3621291e+06 9.10e-04 3.63e+01  -1.7 1.56e+01    -  5.83e-01 1.00e+00h  1
  42  1.3620890e+06 2.62e-04 1.23e-02  -1.7 4.36e-01    -  1.00e+00 1.00e+00h  1
  43  1.3602020e+06 1.35e-03 3.20e+01  -2.5 6.08e+01    -  3.71e-01 3.01e-01f  1
  44  1.3597729e+06 1.29e-03 8.98e+01  -2.5 3.88e+01    -  3.05e-01 9.40e-02f  1
  45  1.3589046e+06 1.25e-03 6.15e+01  -2.5 3.15e+01    -  1.65e-01 2.11e-01f  1
  46  1.3582771e+06 1.03e-03 4.68e+01  -2.5 2.39e+01    -  1.73e-01 1.90e-01f  1
  47  1.3577800e+06 9.89e-04 5.57e+01  -2.5 1.81e+01    -  2.96e-01 1.78e-01f  1
  48  1.3565992e+06 4.02e-03 2.57e+01  -2.5 1.25e+01    -  2.93e-01 4.99e-01f  1
  49  1.3562889e+06 3.08e-03 1.38e+01  -2.5 5.60e+00    -  3.52e-01 2.47e-01h  1
iter    objective    inf_pr   inf_du lg(mu)  ||d||  lg(rg) alpha_du alpha_pr  ls
  50  1.3558361e+06 1.93e-03 1.84e+01  -2.5 4.12e+00    -  6.69e-01 4.65e-01h  1
  51  1.3554970e+06 3.51e-03 7.89e+00  -2.5 4.42e+00    -  7.06e-01 6.44e-01h  1
  52  1.3553100e+06 1.32e-03 1.32e-01  -2.5 1.81e+00    -  1.00e+00 1.00e+00h  1
  53  1.3553116e+06 4.10e-05 7.48e-04  -2.5 3.12e-01    -  1.00e+00 1.00e+00h  1
  54  1.3550461e+06 1.80e-03 1.47e+01  -3.8 9.69e+00    -  3.73e-01 2.15e-01f  1
  55  1.3547915e+06 1.78e-03 2.44e+01  -3.8 4.82e+00    -  4.75e-01 2.59e-01f  1
  56  1.3545716e+06 1.66e-03 1.44e+01  -3.8 5.28e+00    -  2.17e-01 2.95e-01f  1
  57  1.3544392e+06 1.58e-03 1.68e+01  -3.8 4.46e+00    -  4.63e-01 2.53e-01h  1
  58  1.3543330e+06 1.44e-03 1.58e+01  -3.8 3.73e+00    -  4.06e-01 2.70e-01h  1
  59  1.3542981e+06 1.29e-03 1.26e+02  -3.8 2.71e+00    -  7.27e-01 1.27e-01h  1
iter    objective    inf_pr   inf_du lg(mu)  ||d||  lg(rg) alpha_du alpha_pr  ls
  60  1.3542081e+06 1.18e-03 6.62e+01  -3.8 2.64e+00    -  8.17e-01 3.90e-01h  1
  61  1.3541460e+06 1.03e-03 4.23e+01  -3.8 1.72e+00    -  9.38e-01 4.73e-01h  1
  62  1.3541079e+06 8.50e-04 1.71e+01  -3.8 9.34e-01    -  1.00e+00 6.05e-01h  1
  63  1.3540922e+06 3.41e-04 4.63e+00  -3.8 2.95e-01    -  1.00e+00 7.09e-01h  1
  64  1.3540864e+06 3.10e-05 4.27e-04  -3.8 2.90e-01    -  1.00e+00 1.00e+00h  1
  65  1.3540862e+06 4.29e-06 5.85e-05  -3.8 1.05e-01    -  1.00e+00 1.00e+00h  1
  66  1.3540750e+06 3.24e-05 4.88e+00  -5.7 9.35e-01    -  5.75e-01 2.01e-01f  1
  67  1.3540550e+06 1.80e-04 2.69e+00  -5.7 1.08e+00    -  4.49e-01 4.49e-01h  1
  68  1.3540448e+06 2.06e-04 2.34e+00  -5.7 7.04e-01    -  6.23e-01 4.34e-01h  1
  69  1.3540384e+06 1.81e-04 1.20e+00  -5.7 5.10e-01    -  4.93e-01 4.90e-01h  1
iter    objective    inf_pr   inf_du lg(mu)  ||d||  lg(rg) alpha_du alpha_pr  ls
  70  1.3540361e+06 1.36e-04 1.21e+00  -5.7 2.94e-01    -  6.98e-01 3.56e-01h  1
  71  1.3540335e+06 1.00e-04 6.03e-01  -5.7 2.00e-01    -  9.71e-01 6.28e-01h  1
  72  1.3540320e+06 3.23e-05 1.06e-02  -5.7 8.70e-02    -  9.46e-01 9.99e-01h  1
  73  1.3540320e+06 2.42e-05 2.00e-01  -5.7 6.23e-03    -  1.00e+00 2.50e-01f  3
  74  1.3540320e+06 5.37e-08 2.68e-07  -5.7 2.77e-03    -  1.00e+00 1.00e+00h  1
  75  1.3540315e+06 8.00e-06 6.82e-02  -7.1 3.63e-02    -  5.48e-01 7.55e-01h  1
  76  1.3540314e+06 1.26e-05 6.99e-03  -7.1 2.78e-02    -  9.20e-01 8.60e-01h  1
  77  1.3540313e+06 1.11e-05 8.47e-07  -7.1 2.36e-02    -  1.00e+00 1.00e+00f  1
  78  1.3540313e+06 4.23e-07 3.42e-08  -7.1 4.61e-03    -  1.00e+00 1.00e+00h  1

Number of Iterations....: 78

                                   (scaled)                 (unscaled)
Objective...............:   1.3107412309472656e+04    1.3540313453028968e+06
Dual infeasibility......:   3.4227267727295041e-08    3.5357698585050686e-06
Constraint violation....:   4.2345825156976657e-07    4.2345825156976657e-07
Variable bound violation:   3.6362310495974270e-08    3.6362310495974270e-08
Complementarity.........:   1.0704665938352256e-07    1.1058211094077004e-05
Overall NLP error.......:   4.2345825156976657e-07    1.1058211094077004e-05


Number of objective function evaluations             = 81
Number of objective gradient evaluations             = 79
Number of equality constraint evaluations            = 81
Number of inequality constraint evaluations          = 81
Number of equality constraint Jacobian evaluations   = 79
Number of inequality constraint Jacobian evaluations = 79
Number of Lagrangian Hessian evaluations             = 78
Total seconds in IPOPT                               = 21.988

EXIT: Optimal Solution Found.

