Solver command line: ['/opt/homebrew/bin/ipopt', '/var/folders/6y/bvynbx6n3zv7z3lwg6vd724r0000gn/T/tmpa181tovc.pyomo.nl', '-AMPL', 'tol=1e-06', 'max_iter=300', 'print_level=5', 'warm_start_init_point=yes', 'warm_start_bound_push=1e-06', 'warm_start_bound_frac=1e-06', 'warm_start_mult_bound_push=1e-06', 'mu_init=1e-06', 'least_square_init_duals=no']

Ipopt 3.14.19: tol=1e-06
max_iter=300
print_level=5
warm_start_init_point=yes
warm_start_bound_push=1e-06
warm_start_bound_frac=1e-06
warm_start_mult_bound_push=1e-06
mu_init=1e-06
least_square_init_duals=no


******************************************************************************
This program contains Ipopt, a library for large-scale nonlinear optimization.
 Ipopt is released as open source code under the Eclipse Public License (EPL).
         For more information visit https://github.com/coin-or/Ipopt
******************************************************************************

This is Ipopt version 3.14.19, running with linear solver MUMPS 5.6.2.

Number of nonzeros in equality constraint Jacobian...:   145957
Number of nonzeros in inequality constraint Jacobian.:   105544
Number of nonzeros in Lagrangian Hessian.............:    81479

Total number of variables............................:    24020
                     variables with only lower bounds:        0
                variables with lower and upper bounds:    24020
                     variables with only upper bounds:        0
Total number of equality constraints.................:    20001
Total number of inequality constraints...............:    26386
        inequality constraints with only lower bounds:        0
   inequality constraints with lower and upper bounds:        0
        inequality constraints with only upper bounds:    26386

iter    objective    inf_pr   inf_du lg(mu)  ||d||  lg(rg) alpha_du alpha_pr  ls
   0  3.0503288e+06 9.60e+00 6.56e+02  -6.0 0.00e+00    -  0.00e+00 0.00e+00   0
   1  3.0378053e+06 9.60e+00 6.56e+02  -6.0 2.01e+05  -4.0 1.44e-07 1.44e-07f  1
   2  3.0168735e+06 9.60e+00 6.56e+02  -6.0 4.39e+05  -4.5 2.86e-07 1.22e-07f  1
   3  2.9795913e+06 9.58e+00 6.56e+02  -6.0 7.66e+06    -  2.57e-08 6.08e-08f  1
   4  2.9658024e+06 9.58e+00 6.56e+02  -6.0 7.86e+05  -5.0 3.15e-07 9.32e-08f  1
   5  2.9470912e+06 9.58e+00 6.56e+02  -6.0 1.23e+06  -5.4 4.02e-07 1.50e-07f  1
   6  2.9390763e+06 9.58e+00 6.56e+02  -6.0 5.03e+05  -5.0 5.00e-07 2.05e-07f  1
   7  2.9334286e+06 9.58e+00 6.56e+02  -6.0 4.10e+04  -3.7 9.16e-07 9.69e-07f  1
   8  2.9256288e+06 9.58e+00 6.56e+02  -6.0 2.14e+05  -4.6 1.15e-06 7.47e-07f  1
   9  2.9231504e+06 9.58e+00 6.56e+02  -6.0 2.17e+05  -4.7 1.98e-06 4.30e-07f  1
iter    objective    inf_pr   inf_du lg(mu)  ||d||  lg(rg) alpha_du alpha_pr  ls
  10  2.9202169e+06 9.58e+00 6.56e+02  -6.0 1.31e+04  -3.4 4.38e-06 3.66e-06f  1
  11  2.9183554e+06 9.58e+00 6.56e+02  -6.0 3.57e+04  -3.8 2.09e-06 2.35e-06f  1
  12  2.9177180e+06 9.58e+00 6.56e+02  -6.0 1.40e+04  -3.4 2.25e-06 1.97e-06f  1
  13  2.9168736e+06 9.58e+00 6.56e+02  -6.0 3.51e+04  -3.9 5.22e-07 1.35e-06f  1
  14  2.9167592e+06 9.58e+00 6.56e+02  -6.0 1.46e+04  -3.5 1.45e-05 3.97e-07f  1
  15  2.9140521e+06 9.58e+00 6.56e+02  -6.0 3.56e+04  -3.9 1.50e-07 4.89e-06f  1
  16  2.9122727e+06 9.58e+00 6.56e+02  -6.0 1.43e+04  -3.5 3.68e-06 7.94e-06f  1
  17  2.9119805e+06 9.58e+00 6.56e+02  -6.0 5.41e+03  -3.1 1.12e-05 3.22e-06f  1
  18  2.9103490e+06 9.58e+00 6.56e+02  -6.0 1.36e+04  -3.6 4.60e-06 8.68e-06f  1
  19  2.9101373e+06 9.58e+00 6.56e+02  -6.0 5.16e+03  -3.1 1.21e-05 2.81e-06f  1
iter    objective    inf_pr   inf_du lg(mu)  ||d||  lg(rg) alpha_du alpha_pr  ls
  20  2.9088183e+06 9.58e+00 6.56e+02  -6.0 1.32e+04  -3.6 2.34e-06 8.33e-06f  1
  21  2.9082010e+06 9.58e+00 6.56e+02  -6.0 5.42e+03  -3.2 1.26e-05 8.96e-06f  1
  22  2.9070558e+06 9.58e+00 6.56e+02  -6.0 1.35e+04  -3.7 1.08e-05 8.20e-06f  1
  23  2.9066986e+06 9.58e+00 6.56e+02  -6.0 5.51e+03  -3.2 6.94e-06 5.90e-06f  1
  24  2.9060873e+06 9.58e+00 6.56e+02  -6.0 1.36e+04  -3.7 6.05e-06 5.01e-06f  1
  25  2.9058322e+06 9.58e+00 6.56e+02  -6.0 5.84e+03  -3.3 2.81e-06 4.10e-06f  1
  26  2.9055402e+06 9.58e+00 6.56e+02  -6.0 1.34e+04  -3.8 2.83e-06 2.26e-06f  1
  27  2.9051487e+06 9.58e+00 6.55e+02  -6.0 6.31e+03  -3.3 1.33e-05 6.14e-06f  1
  28  2.9042252e+06 9.58e+00 6.55e+02  -6.0 1.40e+04  -3.8 9.66e-06 7.20e-06f  1
  29  2.9041385e+06 9.58e+00 6.55e+02  -6.0 6.56e+03  -3.4 7.32e-07 1.25e-06f  1
iter    objective    inf_pr   inf_du lg(mu)  ||d||  lg(rg) alpha_du alpha_pr  ls
  30  2.9040702e+06 9.58e+00 6.55e+02  -6.0 1.56e+04  -3.9 2.83e-06 5.24e-07f  1
  31  2.9038182e+06 9.58e+00 6.55e+02  -6.0 7.15e+03  -3.4 1.01e-06 3.73e-06f  1
  32  2.9036152e+06 9.58e+00 6.55e+02  -6.0 3.24e+04  -3.9 2.06e-06 9.19e-07f  1
  33  2.9032303e+06 9.58e+00 6.55e+02  -6.0 7.71e+03  -3.5 1.50e-05 5.72e-06f  1
  34  2.9020399e+06 9.58e+00 6.55e+02  -6.0 2.00e+04  -4.0 7.36e-07 8.70e-06f  1
  35  2.9019971e+06 9.58e+00 6.55e+02  -6.0 7.96e+03  -3.5 3.28e-06 7.37e-07f  1
  36  2.9016996e+06 9.58e+00 6.55e+02  -6.0 3.54e+03  -3.1 4.22e-07 9.90e-06f  1
  37  2.9014590e+06 9.58e+00 6.55e+02  -6.0 1.42e+03  -2.7 4.09e-06 1.41e-05f  1
  38  2.9013034e+06 9.58e+00 6.55e+02  -6.0 3.78e+03  -3.2 2.06e-05 5.06e-06f  1
  39  2.9009591e+06 9.58e+00 6.55e+02  -6.0 1.54e+03  -2.7 5.14e-05 2.00e-05f  1
iter    objective    inf_pr   inf_du lg(mu)  ||d||  lg(rg) alpha_du alpha_pr  ls
  40  2.9007237e+06 9.58e+00 6.55e+02  -6.0 3.99e+03  -3.2 1.14e-05 7.64e-06f  1
  41  2.9005653e+06 9.58e+00 6.55e+02  -6.0 1.66e+03  -2.8 6.52e-05 9.16e-06f  1
  42  2.9005299e+06 9.58e+00 6.55e+02  -6.0 4.25e+03  -3.3 2.40e-05 1.11e-06f  1
  43  2.9003749e+06 9.58e+00 6.55e+02  -6.0 9.90e+03  -3.7 7.18e-06 2.47e-06f  1
  44  2.8990819e+06 9.58e+00 6.55e+02  -6.0 1.88e+04  -4.2 1.69e-05 1.17e-05f  1
  45  2.8985569e+06 9.58e+00 6.55e+02  -6.0 1.05e+04  -3.8 1.88e-05 8.40e-06f  1
  46  2.8974429e+06 9.58e+00 6.55e+02  -6.0 2.13e+04  -4.3 6.51e-06 1.03e-05f  1
  47  2.8966738e+06 9.58e+00 6.55e+02  -6.0 1.13e+04  -3.8 1.68e-05 1.25e-05f  1
  48  2.8964691e+06 9.58e+00 6.55e+02  -6.0 5.21e+03  -3.4 9.57e-05 6.28e-06f  1
  49  2.8962363e+06 9.58e+00 6.55e+02  -6.0 2.13e+03  -3.0 2.06e-05 1.27e-05f  1
iter    objective    inf_pr   inf_du lg(mu)  ||d||  lg(rg) alpha_du alpha_pr  ls
  50  2.8962051e+06 9.58e+00 6.55e+02  -6.0 2.13e+04  -3.5 4.25e-06 8.33e-07f  1
  51  2.8949470e+06 9.58e+00 6.55e+02  -6.0 1.26e+04  -3.9 3.58e-05 2.02e-05f  1
  52  2.8942306e+06 9.58e+00 6.55e+02  -6.0 6.10e+03  -3.5 2.94e-05 2.20e-05f  1
  53  2.8931388e+06 9.58e+00 6.55e+02  -6.0 1.33e+04  -4.0 1.46e-05 1.97e-05f  1
  54  2.8925196e+06 9.58e+00 6.55e+02  -6.0 6.53e+03  -3.6 4.32e-05 2.03e-05f  1
  55  2.8919167e+06 9.58e+00 6.55e+02  -6.0 2.82e+03  -3.1 6.59e-05 3.49e-05f  1
  56  2.8908389e+06 9.58e+00 6.55e+02  -6.0 6.98e+03  -3.6 3.51e-05 3.61e-05f  1
  57  2.8905752e+06 9.58e+00 6.55e+02  -6.0 1.50e+04  -4.1 2.14e-06 5.32e-06f  1
In iteration 57, 1 Slack too small, adjusting variable bound
  58  2.8903275e+06 9.58e+00 6.55e+02  -6.0 7.54e+03  -3.7 3.06e-05 8.31e-06f  1
  59  2.8900257e+06 9.58e+00 6.55e+02  -6.0 3.31e+03  -3.3 3.01e-05 1.72e-05f  1
iter    objective    inf_pr   inf_du lg(mu)  ||d||  lg(rg) alpha_du alpha_pr  ls
  60  2.8898476e+06 9.58e+00 6.55e+02  -6.0 8.21e+03  -3.7 2.28e-06 5.79e-06f  1
  61  2.8898170e+06 9.58e+00 6.55e+02  -6.0 3.64e+03  -3.3 6.74e-05 1.69e-06f  1
  62  2.8888025e+06 9.58e+00 6.55e+02  -6.0 9.23e+03  -3.8 7.56e-06 3.06e-05f  1
  63  2.8886435e+06 9.58e+00 6.55e+02  -6.0 4.13e+03  -3.4 8.04e-05 8.40e-06f  1
  64  2.8877103e+06 9.58e+00 6.55e+02  -6.0 1.12e+04  -3.8 2.71e-05 2.65e-05f  1
  65  2.8869335e+06 9.58e+00 6.55e+02  -6.0 5.15e+03  -3.4 3.01e-05 3.83e-05f  1
  66  2.8859568e+06 9.58e+00 6.54e+02  -6.0 2.03e+03  -3.0 1.53e-04 7.81e-05f  1
  67  2.8855028e+06 9.58e+00 6.54e+02  -6.0 8.29e+02  -2.6 9.02e-06 5.03e-05f  1
  68  2.8849541e+06 9.58e+00 6.54e+02  -6.0 2.89e+03  -3.0 6.05e-05 3.91e-05f  1
  69  2.8842802e+06 9.57e+00 6.54e+02  -6.0 3.33e+03  -3.5 1.58e-05 3.71e-05f  1
iter    objective    inf_pr   inf_du lg(mu)  ||d||  lg(rg) alpha_du alpha_pr  ls
  70  2.8840776e+06 9.57e+00 6.54e+02  -6.0 1.49e+03  -3.1 8.04e-05 1.69e-05f  1
  71  2.8837153e+06 9.57e+00 6.54e+02  -6.0 3.51e+03  -3.6 4.56e-05 2.03e-05f  1
  72  2.8833800e+06 9.57e+00 6.54e+02  -6.0 1.62e+03  -3.1 2.80e-05 2.76e-05f  1
  73  2.8833325e+06 9.57e+00 6.54e+02  -6.0 3.69e+03  -3.6 9.15e-07 2.63e-06f  1
  74  2.8826574e+06 9.57e+00 6.54e+02  -6.0 1.77e+03  -3.2 3.40e-05 5.41e-05f  1
  75  2.8823418e+06 9.57e+00 6.54e+02  -6.0 3.83e+03  -3.7 3.40e-05 1.75e-05f  1
  76  2.8818376e+06 9.57e+00 6.54e+02  -6.0 1.89e+03  -3.2 8.11e-06 3.89e-05f  1
  77  2.8814350e+06 9.57e+00 6.54e+02  -6.0 3.94e+03  -3.7 9.84e-06 1.89e-05f  1
  78  2.8803478e+06 9.57e+00 6.54e+02  -6.0 2.07e+03  -3.3 5.22e-05 7.51e-05f  1
  79  2.8797771e+06 9.57e+00 6.54e+02  -6.0 4.05e+03  -3.8 1.81e-09 2.45e-05f  1
iter    objective    inf_pr   inf_du lg(mu)  ||d||  lg(rg) alpha_du alpha_pr  ls
  80  2.8794120e+06 9.57e+00 6.54e+02  -6.0 2.15e+03  -3.3 2.03e-05 2.22e-05f  1
  81  2.8793722e+06 9.57e+00 6.54e+02  -6.0 4.23e+03  -3.8 5.84e-06 1.98e-06f  1
  82  2.8792559e+06 9.57e+00 6.54e+02  -6.0 2.27e+03  -3.4 7.87e-06 9.02e-06f  1
  83  2.8791518e+06 9.57e+00 6.54e+02  -6.0 4.45e+03  -3.9 3.75e-06 5.70e-06f  1
  84  2.8791377e+06 9.57e+00 6.54e+02  -6.0 2.46e+03  -3.4 1.26e-05 1.09e-06f  1
  85  2.8784770e+06 9.57e+00 6.54e+02  -6.0 4.69e+03  -3.9 2.74e-05 3.54e-05f  1
  86  2.8777362e+06 9.57e+00 6.54e+02  -6.0 2.63e+03  -3.5 1.62e-05 5.46e-05f  1
  87  2.8774469e+06 9.57e+00 6.54e+02  -6.0 4.78e+03  -4.0 4.07e-06 1.55e-05f  1
  88  2.8769567e+06 9.57e+00 6.54e+02  -6.0 2.77e+03  -3.5 3.28e-06 3.52e-05f  1
  89  2.8768079e+06 9.57e+00 6.54e+02  -6.0 1.48e+03  -3.1 1.21e-05 1.43e-05f  1
iter    objective    inf_pr   inf_du lg(mu)  ||d||  lg(rg) alpha_du alpha_pr  ls
  90  2.8764673e+06 9.57e+00 6.54e+02  -6.0 2.94e+03  -3.6 2.74e-05 2.34e-05f  1
  91  2.8755824e+06 9.57e+00 6.53e+02  -6.0 1.67e+03  -3.2 3.57e-05 8.20e-05f  1
  92  2.8754531e+06 9.57e+00 6.53e+02  -6.0 3.16e+03  -3.6 3.71e-05 8.69e-06f  1
  93  2.8753211e+06 9.57e+00 6.53e+02  -6.0 1.81e+03  -3.2 6.44e-06 1.20e-05f  1
  94  2.8752930e+06 9.57e+00 6.54e+02  -6.0 3.38e+03  -3.7 2.21e-05 1.84e-06f  1
  95  2.8750804e+06 9.57e+00 6.54e+02  -6.0 1.94e+03  -3.3 1.77e-05 1.87e-05f  1
  96  2.8750489e+06 9.57e+00 6.54e+02  -6.0 3.42e+03  -3.7 4.60e-06 2.14e-06f  1
  97  2.8750075e+06 9.57e+00 6.54e+02  -6.0 2.03e+03  -3.3 4.68e-05 3.68e-06f  1
  98  2.8748470e+06 9.57e+00 6.54e+02  -6.0 3.77e+03  -3.8 3.44e-05 9.95e-06f  1
  99  2.8745934e+06 9.57e+00 6.54e+02  -6.0 2.23e+03  -3.4 9.61e-07 2.10e-05f  1
iter    objective    inf_pr   inf_du lg(mu)  ||d||  lg(rg) alpha_du alpha_pr  ls
 100  2.8740277e+06 9.57e+00 6.54e+02  -6.0 3.93e+03  -3.8 2.18e-05 3.43e-05f  1
 101  2.8737636e+06 9.57e+00 6.53e+02  -6.0 2.34e+03  -3.4 1.90e-06 2.20e-05f  1
 102  2.8736660e+06 9.57e+00 6.53e+02  -6.0 4.06e+03  -3.9 1.45e-05 5.82e-06f  1
 103  2.8730843e+06 9.57e+00 6.53e+02  -6.0 6.70e+02  -2.6 4.92e-05 7.57e-05f  1
 104  2.8722663e+06 9.57e+00 6.54e+02  -6.0 3.54e+02  -2.1 1.21e-05 1.26e-04f  1
 105  2.8721219e+06 9.57e+00 6.53e+02  -6.0 2.05e+02  -1.7 1.25e-04 2.61e-05f  1
 106  2.8720958e+06 9.57e+00 6.53e+02  -6.0 3.73e+02  -2.2 7.42e-05 3.99e-06f  1
 107  2.8720490e+06 9.57e+00 6.53e+02  -6.0 7.62e+02  -2.7 1.12e-04 5.90e-06f  1
 108  2.8718150e+06 9.57e+00 6.53e+02  -6.0 1.58e+03  -3.1 4.86e-05 2.31e-05f  1
 109  2.8717358e+06 9.57e+00 6.53e+02  -6.0 2.96e+03  -3.6 8.47e-06 5.88e-06f  1
iter    objective    inf_pr   inf_du lg(mu)  ||d||  lg(rg) alpha_du alpha_pr  ls
 110  2.8707870e+06 9.56e+00 6.52e+02  -6.0 1.69e+03  -3.2 2.87e-05 9.20e-05f  1
 111  2.8702522e+06 9.56e+00 6.52e+02  -6.0 8.81e+02  -2.8 6.04e-05 6.59e-05f  1
 112  2.8697894e+06 9.56e+00 6.52e+02  -6.0 1.77e+03  -3.3 4.84e-05 4.49e-05f  1
 113  2.8690826e+06 9.56e+00 6.52e+02  -6.0 9.56e+02  -2.8 4.64e-05 8.67e-05f  1
 114  2.8683973e+06 9.56e+00 6.52e+02  -6.0 1.86e+03  -3.3 5.06e-05 6.54e-05f  1
 115  2.8678959e+06 9.56e+00 6.52e+02  -6.0 1.03e+03  -2.9 3.31e-05 6.09e-05f  1
 116  2.8675954e+06 9.56e+00 6.52e+02  -6.0 1.93e+03  -3.4 2.49e-05 2.64e-05f  1
 117  2.8675172e+06 9.56e+00 6.52e+02  -6.0 1.10e+03  -2.9 1.10e-05 8.39e-06f  1
 118  2.8674813e+06 9.56e+00 6.52e+02  -6.0 2.56e+03  -3.4 7.05e-06 3.01e-06f  1
 119  2.8673914e+06 9.56e+00 6.52e+02  -6.0 1.18e+03  -3.0 2.05e-05 9.44e-06f  1
iter    objective    inf_pr   inf_du lg(mu)  ||d||  lg(rg) alpha_du alpha_pr  ls
 120  2.8666215e+06 9.56e+00 6.52e+02  -6.0 6.90e+02  -2.6 3.96e-05 9.98e-05f  1
 121  2.8658265e+06 9.56e+00 6.52e+02  -6.0 1.25e+03  -3.0 1.15e-04 8.27e-05f  1
 122  2.8652309e+06 9.56e+00 6.52e+02  -6.0 7.34e+02  -2.6 3.30e-04 7.66e-05f  1
 123  2.8650983e+06 9.56e+00 6.52e+02  -6.0 1.32e+03  -3.1 6.09e-05 1.38e-05f  1
 124  2.8641180e+06 9.56e+00 6.52e+02  -6.0 7.81e+02  -2.7 6.30e-04 1.25e-04f  1
 125  2.8636920e+06 9.56e+00 6.53e+02  -6.0 1.42e+03  -3.1 9.45e-05 4.75e-05f  1
 126  2.8636594e+06 9.56e+00 6.53e+02  -6.0 1.01e+04  -3.6 4.86e-06 2.88e-06f  1
 127  2.8634964e+06 9.56e+00 6.53e+02  -6.0 1.51e+03  -3.2 7.95e-05 1.79e-05f  1
 128  2.8634032e+06 9.56e+00 6.53e+02  -6.0 2.50e+03  -3.7 2.27e-05 8.23e-06f  1
 129  2.8628253e+06 9.56e+00 6.53e+02  -6.0 1.57e+03  -3.2 3.33e-05 6.33e-05f  1
iter    objective    inf_pr   inf_du lg(mu)  ||d||  lg(rg) alpha_du alpha_pr  ls
 130  2.8622755e+06 9.56e+00 6.53e+02  -6.0 2.50e+03  -3.7 5.84e-06 4.61e-05f  1
 131  2.8620015e+06 9.55e+00 6.52e+02  -6.0 1.65e+03  -3.3 2.81e-05 2.72e-05f  1
 132  2.8617836e+06 9.55e+00 6.53e+02  -6.0 2.57e+03  -3.8 3.82e-05 1.79e-05f  1
 133  2.8612307e+06 9.55e+00 6.52e+02  -6.0 1.69e+03  -3.3 2.07e-05 5.41e-05f  1
 134  2.8612128e+06 9.55e+00 6.52e+02  -6.0 1.70e+04  -3.8 9.68e-06 1.34e-06f  1
 135  2.8608357e+06 9.55e+00 6.52e+02  -6.0 1.83e+03  -3.4 1.60e-05 3.63e-05f  1
 136  2.8597837e+06 9.55e+00 6.52e+02  -6.0 1.13e+03  -3.0 5.91e-06 1.21e-04f  1
 137  2.8596720e+06 9.55e+00 6.52e+02  -6.0 1.95e+03  -3.4 1.03e-04 1.04e-05f  1
 138  2.8594537e+06 9.55e+00 6.52e+02  -6.0 1.20e+03  -3.0 1.16e-04 2.47e-05f  1
 139  2.8591305e+06 9.55e+00 6.53e+02  -6.0 2.07e+03  -3.5 1.24e-04 2.97e-05f  1
iter    objective    inf_pr   inf_du lg(mu)  ||d||  lg(rg) alpha_du alpha_pr  ls
 140  2.8582648e+06 9.55e+00 6.53e+02  -6.0 1.28e+03  -3.1 1.20e-04 9.67e-05f  1
 141  2.8581594e+06 9.55e+00 6.53e+02  -6.0 7.58e+02  -2.6 1.79e-04 1.45e-05f  1
 142  2.8574392e+06 9.55e+00 6.53e+02  -6.0 1.36e+03  -3.1 1.19e-04 8.23e-05f  1
 143  2.8567141e+06 9.55e+00 6.53e+02  -6.0 8.07e+02  -2.7 2.09e-04 9.89e-05f  1
 144  2.8552467e+06 9.55e+00 6.53e+02  -6.0 1.41e+03  -3.2 1.39e-04 1.66e-04f  1
 145  2.8541332e+06 9.55e+00 6.53e+02  -6.0 8.57e+02  -2.7 1.46e-04 1.51e-04f  1
 146  2.8520338e+06 9.54e+00 6.52e+02  -6.0 1.53e+03  -3.2 2.70e-05 2.36e-04f  1
 147  2.8515092e+06 9.54e+00 6.52e+02  -6.0 9.09e+02  -2.8 2.42e-04 7.08e-05f  1
 148  2.8514625e+06 9.54e+00 6.52e+02  -6.0 1.26e+05  -3.3 2.24e-06 2.83e-06f  1
 149  2.8509234e+06 9.54e+00 6.52e+02  -6.0 2.41e+03  -3.7 4.55e-05 5.13e-05f  1
iter    objective    inf_pr   inf_du lg(mu)  ||d||  lg(rg) alpha_du alpha_pr  ls
 150  2.8505268e+06 9.54e+00 6.52e+02  -6.0 1.66e+03  -3.3 1.61e-04 4.43e-05f  1
 151  2.8504263e+06 9.54e+00 6.53e+02  -6.0 2.51e+03  -3.8 1.26e-04 9.54e-06f  1
 152  2.8501578e+06 9.54e+00 6.53e+02  -6.0 1.75e+03  -3.4 2.29e-05 2.97e-05f  1
 153  2.8487749e+06 9.54e+00 6.52e+02  -6.0 1.08e+03  -2.9 4.64e-05 1.80e-04f  1
 154  2.8481993e+06 9.54e+00 6.53e+02  -6.0 1.83e+03  -3.4 1.48e-04 6.70e-05f  1
 155  2.8477280e+06 9.54e+00 6.53e+02  -6.0 1.14e+03  -3.0 2.70e-04 6.24e-05f  1
 156  2.8474461e+06 9.54e+00 6.53e+02  -6.0 1.84e+03  -3.5 1.44e-05 3.20e-05f  1
 157  2.8473936e+06 9.54e+00 6.53e+02  -6.0 1.16e+03  -3.0 1.14e-04 6.90e-06f  1
 158  2.8460611e+06 9.54e+00 6.52e+02  -6.0 1.91e+03  -3.5 1.13e-05 1.50e-04f  1
 159  2.8458612e+06 9.54e+00 6.53e+02  -6.0 1.23e+03  -3.1 4.84e-04 2.67e-05f  1
iter    objective    inf_pr   inf_du lg(mu)  ||d||  lg(rg) alpha_du alpha_pr  ls
 160  2.8451111e+06 9.54e+00 6.53e+02  -6.0 2.00e+03  -3.6 1.97e-04 8.63e-05f  1
 161  2.8438823e+06 9.53e+00 6.54e+02  -6.0 1.28e+03  -3.2 3.54e-04 1.64e-04f  1
 162  2.8426044e+06 9.53e+00 6.53e+02  -6.0 2.13e+03  -3.6 7.88e-05 1.50e-04f  1
 163  2.8416549e+06 9.53e+00 6.53e+02  -6.0 1.42e+03  -3.2 4.00e-05 1.28e-04f  1
 164  2.8413371e+06 9.53e+00 6.54e+02  -6.0 2.23e+03  -3.7 2.11e-04 3.82e-05f  1
 165  2.8408888e+06 9.53e+00 6.54e+02  -6.0 1.50e+03  -3.3 1.35e-04 6.03e-05f  1
 166  2.8406288e+06 9.53e+00 6.54e+02  -6.0 2.33e+03  -3.7 5.60e-05 3.15e-05f  1
 167  2.8392567e+06 9.53e+00 6.54e+02  -6.0 1.59e+03  -3.3 2.23e-04 1.84e-04f  1
 168  2.8380816e+06 9.53e+00 6.54e+02  -6.0 2.43e+03  -3.8 1.49e-04 1.42e-04f  1
 169  2.8374356e+06 9.53e+00 6.54e+02  -6.0 1.70e+03  -3.4 2.98e-04 8.66e-05f  1
iter    objective    inf_pr   inf_du lg(mu)  ||d||  lg(rg) alpha_du alpha_pr  ls
 170  2.8356870e+06 9.52e+00 6.54e+02  -6.0 1.06e+03  -2.9 3.70e-04 2.64e-04f  1
 171  2.8336430e+06 9.52e+00 6.53e+02  -6.0 1.79e+03  -3.4 2.12e-05 2.75e-04f  1
 172  2.8332728e+06 9.52e+00 6.53e+02  -6.0 2.36e+03  -3.0 9.87e-06 4.36e-05f  1
 173  2.8332489e+06 9.52e+00 6.53e+02  -6.0 6.42e+02  -2.6 9.30e-05 3.83e-06f  1
 174  2.8331868e+06 9.52e+00 6.54e+02  -6.0 1.18e+03  -3.0 1.96e-04 9.27e-06f  1
 175  2.8311849e+06 9.52e+00 6.55e+02  -6.0 1.96e+03  -3.5 9.20e-04 2.60e-04f  1
 176  2.8293144e+06 9.52e+00 6.59e+02  -6.0 1.25e+03  -3.1 1.83e-03 2.77e-04f  1
 177  2.8274976e+06 9.51e+00 6.59e+02  -6.0 2.06e+03  -3.6 4.24e-04 2.45e-04f  1
 178  2.8270760e+06 9.51e+00 6.59e+02  -6.0 1.31e+03  -3.1 2.71e-04 6.30e-05f  1
 179  2.8253087e+06 9.51e+00 6.59e+02  -6.0 2.14e+03  -3.6 4.82e-05 2.40e-04f  1
iter    objective    inf_pr   inf_du lg(mu)  ||d||  lg(rg) alpha_du alpha_pr  ls
 180  2.8248744e+06 9.51e+00 6.61e+02  -6.0 1.38e+03  -3.2 9.45e-04 6.48e-05f  1
 181  2.8222426e+06 9.51e+00 6.60e+02  -6.0 2.24e+03  -3.7 2.72e-04 3.62e-04f  1
 182  2.8217751e+06 9.51e+00 6.60e+02  -6.0 1.44e+03  -3.2 1.54e-04 7.05e-05f  1
 183  2.8213867e+06 9.50e+00 6.60e+02  -6.0 2.27e+03  -3.7 4.08e-05 5.39e-05f  1
 184  2.8211126e+06 9.50e+00 6.61e+02  -6.0 1.52e+03  -3.3 1.10e-04 4.24e-05f  1
 185  2.8210274e+06 9.50e+00 6.61e+02  -6.0 2.20e+03  -3.8 1.61e-04 1.24e-05f  1
 186  2.8202438e+06 9.50e+00 6.61e+02  -6.0 1.42e+03  -3.3 1.22e-05 1.24e-04f  1
 187  2.8200982e+06 9.50e+00 6.61e+02  -6.0 7.92e+02  -2.9 1.72e-04 2.52e-05f  1
 188  2.8197193e+06 9.50e+00 6.61e+02  -6.0 1.32e+03  -3.4 1.28e-04 6.08e-05f  1
 189  2.8185102e+06 9.50e+00 6.62e+02  -6.0 8.07e+02  -3.0 4.69e-04 2.04e-04f  1
iter    objective    inf_pr   inf_du lg(mu)  ||d||  lg(rg) alpha_du alpha_pr  ls
 190  2.8165024e+06 9.50e+00 6.62e+02  -6.0 4.95e+02  -2.5 1.79e-04 3.81e-04f  1
 191  2.8162092e+06 9.50e+00 6.62e+02  -6.0 7.85e+02  -3.0 6.02e-05 4.85e-05f  1
 192  2.8148675e+06 9.49e+00 6.61e+02  -6.0 7.86e+02  -3.5 1.72e-04 2.19e-04f  1
 193  2.8143482e+06 9.49e+00 6.61e+02  -6.0 5.60e+02  -3.1 1.08e-04 9.43e-05f  1
 194  2.8137456e+06 9.49e+00 6.61e+02  -6.0 6.64e+02  -3.5 9.21e-05 1.04e-04f  1
 195  2.8130326e+06 9.49e+00 6.61e+02  -6.0 6.02e+02  -3.1 4.33e-05 1.27e-04f  1
 196  2.8125898e+06 9.49e+00 6.61e+02  -6.0 7.74e+02  -3.6 2.11e-04 7.29e-05f  1
 197  2.8119100e+06 9.49e+00 6.61e+02  -6.0 6.49e+02  -3.2 1.86e-04 1.18e-04f  1
 198  2.8108672e+06 9.49e+00 6.62e+02  -6.0 7.56e+02  -3.6 2.11e-04 1.73e-04f  1
 199  2.8102973e+06 9.49e+00 6.61e+02  -6.0 6.61e+02  -3.2 3.82e-05 9.89e-05f  1
iter    objective    inf_pr   inf_du lg(mu)  ||d||  lg(rg) alpha_du alpha_pr  ls
 200  2.8081744e+06 9.48e+00 6.60e+02  -6.0 9.33e+02  -3.7 1.23e-04 3.43e-04f  1
 201  2.8076160e+06 9.48e+00 6.61e+02  -6.0 6.94e+02  -3.3 2.22e-04 9.64e-05f  1
 202  2.8060555e+06 9.48e+00 6.61e+02  -6.0 1.18e+03  -3.7 3.20e-04 2.56e-04f  1
 203  2.8056882e+06 9.48e+00 6.60e+02  -6.0 6.71e+02  -3.3 4.06e-05 6.30e-05f  1
 204  2.8043221e+06 9.48e+00 6.60e+02  -6.0 5.16e+02  -2.9 8.97e-06 2.55e-04f  1
 205  2.8023253e+06 9.47e+00 6.60e+02  -6.0 7.03e+02  -3.4 3.04e-04 3.38e-04f  1
 206  2.8017466e+06 9.47e+00 6.60e+02  -6.0 5.71e+02  -2.9 3.84e-04 1.07e-04f  1
 207  2.7993284e+06 9.47e+00 6.59e+02  -6.0 7.06e+02  -3.4 9.54e-05 4.16e-04f  1
 208  2.7986546e+06 9.47e+00 6.59e+02  -6.0 5.93e+02  -3.0 1.32e-06 1.22e-04f  1
 209  2.7985928e+06 9.47e+00 6.59e+02  -6.0 7.35e+02  -3.5 1.70e-04 1.05e-05f  1
iter    objective    inf_pr   inf_du lg(mu)  ||d||  lg(rg) alpha_du alpha_pr  ls
 210  2.7971702e+06 9.47e+00 6.59e+02  -6.0 6.08e+02  -3.0 1.11e-04 2.53e-04f  1
 211  2.7968731e+06 9.46e+00 6.59e+02  -6.0 1.71e+03  -2.6 4.43e-06 4.81e-05f  1
 212  2.7968700e+06 9.46e+00 6.58e+02  -6.0 3.54e+02  -2.2 1.79e-04 6.56e-07f  1
 213  2.7968413e+06 9.46e+00 6.57e+02  -6.0 2.80e+02  -1.8 5.57e-05 6.49e-06f  1
 214  2.7957472e+06 9.46e+00 6.58e+02  -6.0 3.41e+02  -2.2 2.86e-06 2.20e-04f  1
 215  2.7952364e+06 9.46e+00 6.55e+02  -6.0 2.75e+02  -1.8 3.00e-04 1.12e-04f  1
 216  2.7931889e+06 9.46e+00 6.56e+02  -6.0 3.56e+02  -2.3 3.99e-06 4.08e-04f  1
 217  2.7920617e+06 9.46e+00 6.55e+02  -6.0 2.81e+02  -1.9 3.16e-04 2.44e-04f  1
 218  2.7912998e+06 9.45e+00 6.55e+02  -6.0 4.42e+02  -2.4 9.65e-06 1.51e-04f  1
 219  2.7912766e+06 9.45e+00 6.47e+02  -6.0 3.14e+02  -1.9 6.45e-04 5.26e-06f  1
iter    objective    inf_pr   inf_du lg(mu)  ||d||  lg(rg) alpha_du alpha_pr  ls
 220  2.7901221e+06 9.45e+00 6.48e+02  -6.0 1.05e+03  -2.4 2.49e-05 2.12e-04f  1
 221  2.7868837e+06 9.44e+00 6.55e+02  -6.0 3.24e+02  -2.0 5.40e-05 7.28e-04f  1
 222  2.7853674e+06 9.44e+00 6.59e+02  -6.0 2.40e+02  -1.6 2.15e-04 3.75e-04f  1
 223  2.7788169e+06 9.43e+00 6.69e+02  -6.0 3.22e+02  -2.0 1.19e-04 1.45e-03f  1
 224  2.7784122e+06 9.43e+00 6.68e+02  -6.0 2.01e+02  -1.6 1.51e-04 1.01e-04f  1
 225  2.7780541e+06 9.43e+00 6.67e+02  -6.0 4.37e+02  -2.1 1.86e-04 7.69e-05f  1
 226  2.7775599e+06 9.42e+00 6.69e+02  -6.0 1.80e+02  -1.7 1.67e-06 1.22e-04f  1
 227  2.7775596e+06 9.42e+00 6.68e+02  -6.0 1.12e+03  -2.1 1.42e-04 6.89e-08h  1
 228  2.7762284e+06 9.42e+00 6.72e+02  -6.0 1.88e+02  -1.7 2.13e-06 3.26e-04f  1
 229  2.7762282e+06 9.42e+00 6.71e+02  -6.0 6.12e+03  -2.2 1.97e-05 2.12e-08h  1
iter    objective    inf_pr   inf_du lg(mu)  ||d||  lg(rg) alpha_du alpha_pr  ls
 230  2.7753591e+06 9.42e+00 6.74e+02  -6.0 1.97e+02  -1.8 7.32e-07 2.11e-04f  1
 231  2.7749645e+06 9.42e+00 6.68e+02  -6.0 1.53e+02  -1.3 2.85e-04 1.06e-04f  1
 232  2.7728325e+06 9.41e+00 6.72e+02  -6.0 2.04e+02  -1.8 1.02e-04 5.12e-04f  1
 233  2.7728296e+06 9.41e+00 6.71e+02  -6.0 1.56e+02  -1.4 1.55e-05 7.79e-07f  1
 234  2.7709628e+06 9.41e+00 6.72e+02  -6.0 2.25e+02  -1.9 3.17e-04 4.30e-04f  1
 235  2.7707138e+06 9.41e+00 6.72e+02  -6.0 1.56e+02  -1.4 6.39e-05 6.37e-05f  1
 236  2.7702287e+06 9.41e+00 6.72e+02  -6.0 2.29e+02  -1.9 1.88e-04 1.14e-04f  1
 237  2.7699296e+06 9.41e+00 6.73e+02  -6.0 1.59e+02  -1.5 2.92e-05 7.70e-05f  1
 238  2.7696530e+06 9.41e+00 6.73e+02  -6.0 2.38e+02  -2.0 1.50e-05 6.26e-05f  1
 239  2.7695359e+06 9.41e+00 6.73e+02  -6.0 1.64e+02  -1.5 1.19e-05 2.93e-05f  1
iter    objective    inf_pr   inf_du lg(mu)  ||d||  lg(rg) alpha_du alpha_pr  ls
 240  2.7694340e+06 9.41e+00 6.73e+02  -6.0 2.45e+02  -2.0 1.23e-04 2.26e-05f  1
 241  2.7685379e+06 9.40e+00 6.75e+02  -6.0 1.59e+02  -1.6 2.38e-05 2.21e-04f  1
 242  2.7663270e+06 9.40e+00 6.76e+02  -6.0 2.53e+02  -2.1 3.70e-04 4.84e-04f  1
 243  2.7653834e+06 9.40e+00 6.78e+02  -6.0 1.65e+02  -1.6 7.26e-05 2.37e-04f  1
 244  2.7649452e+06 9.40e+00 6.76e+02  -6.0 2.71e+02  -2.1 4.71e-04 9.84e-05f  1
 245  2.7646035e+06 9.40e+00 6.75e+02  -6.0 1.70e+02  -1.7 2.12e-04 8.29e-05f  1
 246  2.7642630e+06 9.39e+00 6.75e+02  -6.0 2.86e+02  -2.2 6.48e-05 7.38e-05f  1
 247  2.7640389e+06 9.39e+00 6.75e+02  -6.0 1.77e+02  -1.7 8.48e-05 5.37e-05f  1
 248  2.7640237e+06 9.39e+00 6.75e+02  -6.0 4.79e+02  -2.2 4.86e-05 3.26e-06f  1
 249  2.7631422e+06 9.39e+00 6.74e+02  -6.0 1.86e+02  -1.8 2.35e-04 2.09e-04f  1
iter    objective    inf_pr   inf_du lg(mu)  ||d||  lg(rg) alpha_du alpha_pr  ls
 250  2.7628486e+06 9.39e+00 6.75e+02  -6.0 1.27e+02  -1.4 2.72e-05 7.92e-05f  1
 251  2.7626940e+06 9.39e+00 6.75e+02  -6.0 1.97e+02  -1.8 1.62e-04 3.72e-05f  1
 252  2.7616690e+06 9.39e+00 6.76e+02  -6.0 1.31e+02  -1.4 1.77e-04 2.73e-04f  1
 253  2.7611608e+06 9.39e+00 6.76e+02  -6.0 2.07e+02  -1.9 1.91e-04 1.20e-04f  1
 254  2.7596695e+06 9.38e+00 6.79e+02  -6.0 1.35e+02  -1.5 2.20e-04 3.93e-04f  1
 255  2.7583862e+06 9.38e+00 6.79e+02  -6.0 2.08e+02  -1.9 2.22e-04 3.03e-04f  1
 256  2.7579847e+06 9.38e+00 6.78e+02  -6.0 1.37e+02  -1.5 1.54e-04 1.05e-04f  1
 257  2.7534467e+06 9.37e+00 6.80e+02  -6.0 2.15e+02  -2.0 1.84e-04 1.06e-03f  1
 258  2.7531357e+06 9.37e+00 6.79e+02  -6.0 1.44e+02  -1.6 1.29e-04 8.07e-05f  1
 259  2.7529496e+06 9.37e+00 6.80e+02  -6.0 4.34e+02  -2.0 1.58e-04 4.27e-05f  1
iter    objective    inf_pr   inf_du lg(mu)  ||d||  lg(rg) alpha_du alpha_pr  ls
 260  2.7500098e+06 9.36e+00 6.87e+02  -6.0 1.45e+02  -1.6 2.14e-06 7.50e-04f  1
 261  2.7494380e+06 9.36e+00 6.90e+02  -6.0 1.12e+02  -1.2 4.84e-05 1.61e-04f  1
 262  2.7491088e+06 9.36e+00 6.88e+02  -6.0 1.61e+02  -1.7 3.30e-04 8.10e-05f  1
 263  2.7482214e+06 9.36e+00 6.91e+02  -6.0 1.02e+02  -1.2 1.52e-04 2.45e-04f  1
 264  2.7479176e+06 9.36e+00 6.87e+02  -6.0 1.49e+02  -1.7 5.02e-04 7.39e-05f  1
 265  2.7463807e+06 9.35e+00 6.96e+02  -6.0 1.04e+02  -1.3 6.72e-05 4.22e-04f  1
 266  2.7457628e+06 9.35e+00 6.96e+02  -6.0 1.96e+02  -1.8 1.73e-04 1.49e-04f  1
 267  2.7457306e+06 9.35e+00 6.89e+02  -6.0 1.07e+02  -1.3 3.13e-04 8.65e-06f  1
 268  2.7451461e+06 9.35e+00 6.89e+02  -6.0 2.54e+02  -1.8 2.07e-04 1.38e-04f  1
 269  2.7448085e+06 9.35e+00 6.90e+02  -6.0 1.15e+02  -1.4 4.21e-05 8.90e-05f  1
iter    objective    inf_pr   inf_du lg(mu)  ||d||  lg(rg) alpha_du alpha_pr  ls
 270  2.7444605e+06 9.35e+00 6.90e+02  -6.0 3.61e+02  -1.9 2.20e-04 8.08e-05f  1
 271  2.7434214e+06 9.35e+00 6.93e+02  -6.0 1.17e+02  -1.4 5.96e-05 2.69e-04f  1
 272  2.7430515e+06 9.34e+00 6.95e+02  -6.0 9.60e+01  -1.0 6.17e-05 1.09e-04f  1
 273  2.7422155e+06 9.34e+00 6.97e+02  -6.0 1.44e+02  -1.5 5.52e-05 2.14e-04f  1
 274  2.7414009e+06 9.34e+00 7.04e+02  -6.0 1.06e+02  -1.1 6.27e-05 2.36e-04f  1
 275  2.7412717e+06 9.34e+00 7.04e+02  -6.0 1.77e+02  -1.6 6.24e-05 3.28e-05f  1
 276  2.7408514e+06 9.34e+00 7.07e+02  -6.0 1.12e+02  -1.1 3.05e-05 1.21e-04f  1
 277  2.7398499e+06 9.34e+00 7.08e+02  -6.0 2.12e+02  -1.6 2.14e-05 2.51e-04f  1
 278  2.7397523e+06 9.34e+00 7.00e+02  -6.0 1.16e+02  -1.2 3.12e-04 2.78e-05f  1
 279  2.7387360e+06 9.33e+00 6.99e+02  -6.0 2.30e+02  -1.7 5.35e-04 2.51e-04f  1
iter    objective    inf_pr   inf_du lg(mu)  ||d||  lg(rg) alpha_du alpha_pr  ls
 280  2.7382859e+06 9.33e+00 6.88e+02  -6.0 1.05e+02  -1.2 5.42e-04 1.26e-04f  1
 281  2.7380235e+06 9.33e+00 6.88e+02  -6.0 4.70e+02  -1.7 1.57e-06 6.35e-05f  1
 282  2.7380179e+06 9.33e+00 6.87e+02  -6.0 1.01e+02  -1.3 4.29e-05 1.54e-06f  1
 283  2.7361852e+06 9.33e+00 7.20e+02  -6.0 8.48e+01  -0.9 5.16e-07 5.85e-04f  1
 284  2.7358594e+06 9.33e+00 7.16e+02  -6.0 1.20e+02  -1.3 3.13e-04 8.98e-05f  1
 285  2.7354764e+06 9.32e+00 7.17e+02  -6.0 9.09e+01  -0.9 9.87e-05 1.21e-04f  1
 286  2.7353110e+06 9.32e+00 7.17e+02  -6.0 2.74e+02  -1.4 5.12e-05 4.51e-05f  1
 287  2.7352748e+06 9.32e+00 7.15e+02  -6.0 1.27e+02  -1.0 4.94e-05 1.13e-05f  1
 288  2.7306353e+06 9.31e+00 7.19e+02  -6.0 4.97e+02  -1.4 9.06e-05 1.25e-03f  1
 289  2.7306351e+06 9.31e+00 7.12e+02  -6.0 9.33e+01  -1.0 1.53e-04 5.01e-08h  1
iter    objective    inf_pr   inf_du lg(mu)  ||d||  lg(rg) alpha_du alpha_pr  ls
 290  2.7273515e+06 9.30e+00 7.17e+02  -6.0 1.21e+02  -1.5 4.30e-04 8.71e-04f  1
 291  2.7268982e+06 9.30e+00 7.18e+02  -6.0 9.14e+01  -1.1 1.15e-04 1.38e-04f  1
 292  2.7263927e+06 9.30e+00 7.28e+02  -6.0 8.82e+01  -0.6 6.50e-05 1.78e-04f  1
 293  2.7257716e+06 9.30e+00 7.31e+02  -6.0 8.49e+01  -1.1 9.00e-05 1.86e-04f  1
 294  2.7253875e+06 9.30e+00 7.29e+02  -6.0 8.83e+01  -0.7 1.52e-04 1.33e-04f  1
 295  2.7241497e+06 9.30e+00 7.35e+02  -6.0 1.49e+02  -1.2 9.63e-05 3.67e-04f  1
 296  2.7225317e+06 9.29e+00 7.64e+02  -6.0 7.38e+01  -0.7 1.99e-05 5.63e-04f  1
 297  2.7215267e+06 9.29e+00 7.58e+02  -6.0 2.59e+02  -1.2 5.42e-05 3.45e-04f  1
 298  2.7214588e+06 9.29e+00 7.49e+02  -6.0 1.02e+02  -0.8 5.86e-04 2.46e-05f  1
 299  2.7213832e+06 9.29e+00 7.50e+02  -6.0 3.85e+02  -1.3 5.67e-05 2.70e-05f  1
iter    objective    inf_pr   inf_du lg(mu)  ||d||  lg(rg) alpha_du alpha_pr  ls
 300  2.7202016e+06 9.28e+00 7.55e+02  -6.0 1.08e+02  -0.8 2.97e-08 4.22e-04f  1

Number of Iterations....: 300

                                   (scaled)                 (unscaled)
Objective...............:   2.2222539742897025e+04    2.7202016015224853e+06
Dual infeasibility......:   7.5499330124886296e+02    9.2416708934105452e+04
Constraint violation....:   7.7004633076722406e+00    9.2825582843096939e+00
Variable bound violation:   1.5070286574214720e-08    1.5070286574214720e-08
Complementarity.........:   9.6874198328415528e-01    1.1858111290964871e+02
Overall NLP error.......:   7.5499330124886296e+02    9.2416708934105452e+04


Number of objective function evaluations             = 301
Number of objective gradient evaluations             = 301
Number of equality constraint evaluations            = 301
Number of inequality constraint evaluations          = 302
Number of equality constraint Jacobian evaluations   = 301
Number of inequality constraint Jacobian evaluations = 301
Number of Lagrangian Hessian evaluations             = 300
Total seconds in IPOPT                               = 101.431

EXIT: Maximum Number of Iterations Exceeded.

