Solver command line: ['/opt/homebrew/bin/ipopt', '/var/folders/6y/bvynbx6n3zv7z3lwg6vd724r0000gn/T/tmp9smxnv4x.pyomo.nl', '-AMPL', 'tol=1e-06', 'max_iter=300', 'print_level=5', 'warm_start_init_point=yes', 'warm_start_bound_push=1e-06', 'warm_start_bound_frac=1e-06', 'warm_start_mult_bound_push=1e-06', 'mu_init=1e-06', 'least_square_init_duals=no']

Ipopt 3.14.19: tol=1e-06
max_iter=300
print_level=5
warm_start_init_point=yes
warm_start_bound_push=1e-06
warm_start_bound_frac=1e-06
warm_start_mult_bound_push=1e-06
mu_init=1e-06
least_square_init_duals=no


******************************************************************************
This program contains Ipopt, a library for large-scale nonlinear optimization.
 Ipopt is released as open source code under the Eclipse Public License (EPL).
         For more information visit https://github.com/coin-or/Ipopt
******************************************************************************

This is Ipopt version 3.14.19, running with linear solver MUMPS 5.6.2.

Number of nonzeros in equality constraint Jacobian...:   145957
Number of nonzeros in inequality constraint Jacobian.:   105544
Number of nonzeros in Lagrangian Hessian.............:    81479

Total number of variables............................:    24020
                     variables with only lower bounds:        0
                variables with lower and upper bounds:    24020
                     variables with only upper bounds:        0
Total number of equality constraints.................:    20001
Total number of inequality constraints...............:    26386
        inequality constraints with only lower bounds:        0
   inequality constraints with lower and upper bounds:        0
        inequality constraints with only upper bounds:    26386

iter    objective    inf_pr   inf_du lg(mu)  ||d||  lg(rg) alpha_du alpha_pr  ls
   0  3.0503288e+06 5.39e+00 9.41e+01  -6.0 0.00e+00    -  0.00e+00 0.00e+00   0
   1  3.0495694e+06 5.38e+00 9.41e+01  -6.0 3.36e+00   2.0 1.13e-04 4.39e-04f  1
   2  3.0483756e+06 5.38e+00 9.41e+01  -6.0 3.41e+00   1.5 6.00e-04 6.35e-04f  1
   3  3.0471550e+06 5.38e+00 9.41e+01  -6.0 3.56e+00   1.0 4.82e-04 5.33e-04f  1
   4  3.0463550e+06 5.38e+00 9.41e+01  -6.0 4.47e+00   0.6 3.43e-04 2.38e-04f  1
   5  3.0452252e+06 5.37e+00 9.40e+01  -6.0 3.58e+00   1.0 3.93e-04 4.79e-04f  1
   6  3.0440810e+06 5.37e+00 9.40e+01  -6.0 5.02e+00   0.5 2.69e-04 3.22e-04f  1
   7  3.0427961e+06 5.37e+00 9.40e+01  -6.0 3.61e+00   0.9 5.45e-04 5.28e-04f  1
   8  3.0422065e+06 5.37e+00 9.40e+01  -6.0 5.63e+00   0.5 3.57e-04 1.57e-04f  1
   9  3.0420843e+06 5.37e+00 9.40e+01  -6.0 3.64e+00   0.9 1.00e-04 4.84e-05f  1
iter    objective    inf_pr   inf_du lg(mu)  ||d||  lg(rg) alpha_du alpha_pr  ls
  10  3.0420022e+06 5.37e+00 9.40e+01  -6.0 6.33e+00   0.4 1.66e-04 2.07e-05f  1
  11  3.0417560e+06 5.37e+00 9.39e+01  -6.0 3.68e+00   0.8 3.73e-04 9.40e-05f  1
  12  3.0416671e+06 5.37e+00 9.39e+01  -6.0 7.10e+00   0.4 1.28e-04 2.12e-05f  1
  13  3.0411011e+06 5.37e+00 9.39e+01  -6.0 3.72e+00   0.8 1.92e-04 2.08e-04f  1
  14  3.0410020e+06 5.37e+00 9.39e+01  -6.0 7.98e+00   0.3 1.53e-04 2.23e-05f  1
  15  3.0407858e+06 5.37e+00 9.39e+01  -6.0 3.76e+00   0.7 1.33e-04 7.65e-05f  1
  16  3.0401487e+06 5.36e+00 9.39e+01  -6.0 9.41e+00   0.3 1.32e-04 1.35e-04f  1
  17  3.0401127e+06 5.36e+00 9.39e+01  -6.0 3.81e+00   0.7 5.01e-04 1.22e-05f  1
  18  3.0398199e+06 5.36e+00 9.39e+01  -6.0 1.18e+01   0.2 1.59e-04 5.82e-05f  1
  19  3.0395885e+06 5.36e+00 9.39e+01  -6.0 3.91e+00   0.6 2.91e-04 7.50e-05f  1
iter    objective    inf_pr   inf_du lg(mu)  ||d||  lg(rg) alpha_du alpha_pr  ls
  20  3.0393386e+06 5.36e+00 9.39e+01  -6.0 1.99e+01   0.2 2.10e-04 4.70e-05f  1
  21  3.0390934e+06 5.36e+00 9.39e+01  -6.0 4.49e+00   0.6 1.70e-04 7.65e-05f  1
  22  3.0389567e+06 5.36e+00 9.39e+01  -6.0 2.88e+01   0.1 8.88e-05 2.42e-05f  1
  23  3.0382714e+06 5.36e+00 9.39e+01  -6.0 4.99e+00   0.5 1.39e-04 2.04e-04f  1
  24  3.0380704e+06 5.36e+00 9.39e+01  -6.0 1.98e+01   0.1 1.60e-04 3.35e-05f  1
  25  3.0379220e+06 5.36e+00 9.39e+01  -6.0 5.43e+00   0.5 1.05e-04 4.22e-05f  1
  26  3.0375615e+06 5.36e+00 9.39e+01  -6.0 3.61e+00   0.9 2.02e-04 1.48e-04f  1
  27  3.0374017e+06 5.36e+00 9.38e+01  -6.0 6.09e+00   0.4 2.31e-04 4.33e-05f  1
  28  3.0369245e+06 5.36e+00 9.38e+01  -6.0 3.65e+00   0.9 2.11e-04 1.90e-04f  1
  29  3.0364595e+06 5.36e+00 9.38e+01  -6.0 6.84e+00   0.4 9.78e-05 1.20e-04f  1
iter    objective    inf_pr   inf_du lg(mu)  ||d||  lg(rg) alpha_du alpha_pr  ls
  30  3.0358647e+06 5.36e+00 9.38e+01  -6.0 3.68e+00   0.8 3.53e-04 2.29e-04f  1
  31  3.0357068e+06 5.36e+00 9.38e+01  -6.0 7.68e+00   0.3 2.72e-04 3.84e-05f  1
  32  3.0350840e+06 5.36e+00 9.38e+01  -6.0 3.72e+00   0.8 9.50e-05 2.31e-04f  1
  33  3.0349255e+06 5.36e+00 9.38e+01  -6.0 8.63e+00   0.3 1.51e-04 3.65e-05f  1
  34  3.0348152e+06 5.36e+00 9.38e+01  -6.0 3.76e+00   0.7 1.88e-04 3.94e-05f  1
  35  3.0344598e+06 5.36e+00 9.38e+01  -6.0 9.70e+00   0.2 1.14e-04 7.80e-05f  1
  36  3.0339499e+06 5.35e+00 9.38e+01  -6.0 3.83e+00   0.7 2.09e-04 1.76e-04f  1
  37  3.0336868e+06 5.35e+00 9.38e+01  -6.0 1.09e+01   0.2 1.48e-04 5.45e-05f  1
  38  3.0333045e+06 5.35e+00 9.37e+01  -6.0 4.16e+00   0.6 1.97e-04 1.26e-04f  1
  39  3.0329373e+06 5.35e+00 9.37e+01  -6.0 1.22e+01   0.1 1.51e-04 7.17e-05f  1
iter    objective    inf_pr   inf_du lg(mu)  ||d||  lg(rg) alpha_du alpha_pr  ls
  40  3.0327517e+06 5.35e+00 9.37e+01  -6.0 4.67e+00   0.6 7.87e-05 5.87e-05f  1
  41  3.0325902e+06 5.35e+00 9.37e+01  -6.0 1.38e+01   0.1 5.08e-05 2.98e-05f  1
  42  3.0324093e+06 5.35e+00 9.37e+01  -6.0 5.24e+00   0.5 1.54e-04 5.49e-05f  1
  43  3.0320959e+06 5.35e+00 9.37e+01  -6.0 3.59e+00   0.9 9.31e-05 1.34e-04f  1
  44  3.0319302e+06 5.35e+00 9.37e+01  -6.0 5.87e+00   0.4 4.85e-05 4.83e-05f  1
  45  3.0317248e+06 5.35e+00 9.37e+01  -6.0 3.61e+00   0.9 4.51e-05 8.55e-05f  1
  46  3.0311496e+06 5.35e+00 9.37e+01  -6.0 6.59e+00   0.4 8.08e-05 1.60e-04f  1
  47  3.0307447e+06 5.35e+00 9.37e+01  -6.0 3.65e+00   0.8 5.19e-04 1.63e-04f  1
  48  3.0306680e+06 5.35e+00 9.37e+01  -6.0 7.39e+00   0.3 5.58e-05 2.03e-05f  1
  49  3.0301747e+06 5.35e+00 9.37e+01  -6.0 3.68e+00   0.8 3.34e-04 1.92e-04f  1
iter    objective    inf_pr   inf_du lg(mu)  ||d||  lg(rg) alpha_du alpha_pr  ls
  50  3.0294893e+06 5.35e+00 9.37e+01  -6.0 8.27e+00   0.3 1.17e-04 1.72e-04f  1
  51  3.0292491e+06 5.35e+00 9.36e+01  -6.0 3.72e+00   0.7 4.85e-04 9.02e-05f  1
  52  3.0289424e+06 5.35e+00 9.36e+01  -6.0 8.78e+00   0.2 2.74e-04 7.30e-05f  1
  53  3.0286739e+06 5.35e+00 9.36e+01  -6.0 3.77e+00   0.7 2.63e-04 9.75e-05f  1
  54  3.0283434e+06 5.35e+00 9.36e+01  -6.0 9.56e+00   0.2 1.69e-04 7.47e-05f  1
  55  3.0276911e+06 5.34e+00 9.36e+01  -6.0 3.90e+00   0.6 3.16e-04 2.28e-04f  1
  56  3.0275644e+06 5.34e+00 9.36e+01  -6.0 1.07e+01   0.1 2.67e-04 2.72e-05f  1
  57  3.0267122e+06 5.34e+00 9.36e+01  -6.0 4.12e+00   0.6 3.24e-04 2.87e-04f  1
  58  3.0263759e+06 5.34e+00 9.36e+01  -6.0 1.20e+01   0.1 2.24e-04 6.83e-05f  1
  59  3.0260972e+06 5.34e+00 9.36e+01  -6.0 4.61e+00   0.5 2.85e-04 9.00e-05f  1
iter    objective    inf_pr   inf_du lg(mu)  ||d||  lg(rg) alpha_du alpha_pr  ls
  60  3.0255676e+06 5.34e+00 9.36e+01  -6.0 1.35e+01   0.0 1.38e-04 1.02e-04f  1
  61  3.0251285e+06 5.34e+00 9.36e+01  -6.0 5.19e+00   0.5 5.18e-04 1.36e-04f  1
  62  3.0245080e+06 5.34e+00 9.35e+01  -6.0 1.51e+01  -0.0 1.89e-04 1.13e-04f  1
  63  3.0243466e+06 5.34e+00 9.35e+01  -6.0 5.83e+00   0.4 2.48e-04 4.79e-05f  1
  64  3.0239531e+06 5.34e+00 9.35e+01  -6.0 1.69e+01  -0.1 1.17e-04 6.74e-05f  1
  65  3.0234827e+06 5.34e+00 9.35e+01  -6.0 6.55e+00   0.4 1.03e-03 1.33e-04f  1
  66  3.0227080e+06 5.34e+00 9.35e+01  -6.0 1.87e+01  -0.1 1.57e-04 1.25e-04f  1
  67  3.0222261e+06 5.34e+00 9.35e+01  -6.0 7.33e+00   0.3 7.74e-04 1.30e-04f  1
  68  3.0218404e+06 5.34e+00 9.35e+01  -6.0 2.12e+01  -0.2 2.54e-04 5.92e-05f  1
  69  3.0208209e+06 5.34e+00 9.35e+01  -6.0 8.20e+00   0.3 1.65e-04 2.64e-04f  1
iter    objective    inf_pr   inf_du lg(mu)  ||d||  lg(rg) alpha_du alpha_pr  ls
  70  3.0205073e+06 5.33e+00 9.35e+01  -6.0 3.74e+00   0.7 1.49e-04 1.20e-04f  1
  71  3.0202371e+06 5.33e+00 9.35e+01  -6.0 9.16e+00   0.2 4.01e-05 6.66e-05f  1
  72  3.0200175e+06 5.33e+00 9.35e+01  -6.0 3.83e+00   0.6 3.33e-04 8.11e-05f  1
  73  3.0194928e+06 5.33e+00 9.34e+01  -6.0 1.02e+01   0.2 1.10e-04 1.23e-04f  1
  74  3.0188943e+06 5.33e+00 9.34e+01  -6.0 4.02e+00   0.6 1.11e-04 2.13e-04f  1
  75  3.0186970e+06 5.33e+00 9.34e+01  -6.0 1.14e+01   0.1 3.27e-04 4.39e-05f  1
  76  3.0180178e+06 5.33e+00 9.34e+01  -6.0 4.41e+00   0.5 1.69e-04 2.32e-04f  1
  77  3.0174561e+06 5.33e+00 9.34e+01  -6.0 1.26e+01   0.1 3.50e-05 1.18e-04f  1
  78  3.0171788e+06 5.33e+00 9.34e+01  -6.0 4.96e+00   0.5 4.18e-04 9.10e-05f  1
  79  3.0167428e+06 5.33e+00 9.34e+01  -6.0 1.40e+01   0.0 4.61e-05 8.68e-05f  1
iter    objective    inf_pr   inf_du lg(mu)  ||d||  lg(rg) alpha_du alpha_pr  ls
  80  3.0162173e+06 5.33e+00 9.34e+01  -6.0 5.58e+00   0.4 3.27e-04 1.65e-04f  1
  81  3.0158533e+06 5.33e+00 9.34e+01  -6.0 1.61e+01  -0.0 9.57e-05 6.82e-05f  1
  82  3.0155710e+06 5.33e+00 9.34e+01  -6.0 6.27e+00   0.4 1.50e-04 8.49e-05f  1
  83  3.0150144e+06 5.33e+00 9.33e+01  -6.0 1.86e+01  -0.1 1.67e-04 9.82e-05f  1
  84  3.0146729e+06 5.33e+00 9.33e+01  -6.0 7.02e+00   0.3 2.45e-04 9.81e-05f  1
  85  3.0144438e+06 5.33e+00 9.33e+01  -6.0 2.16e+01  -0.1 9.39e-05 3.81e-05f  1
  86  3.0140120e+06 5.33e+00 9.33e+01  -6.0 7.86e+00   0.3 1.98e-04 1.19e-04f  1
  87  3.0136701e+06 5.32e+00 9.33e+01  -6.0 3.70e+00   0.7 1.28e-03 1.35e-04f  1
  88  3.0123852e+06 5.32e+00 9.33e+01  -6.0 8.78e+00   0.2 3.29e-04 3.37e-04f  1
  89  3.0119289e+06 5.32e+00 9.33e+01  -6.0 3.77e+00   0.7 8.64e-04 1.75e-04f  1
iter    objective    inf_pr   inf_du lg(mu)  ||d||  lg(rg) alpha_du alpha_pr  ls
  90  3.0110565e+06 5.32e+00 9.33e+01  -6.0 9.79e+00   0.2 8.64e-04 2.17e-04f  1
  91  3.0101298e+06 5.32e+00 9.32e+01  -6.0 3.96e+00   0.6 4.15e-04 3.43e-04f  1
  92  3.0087611e+06 5.32e+00 9.32e+01  -6.0 1.09e+01   0.1 1.93e-04 3.24e-04f  1
  93  3.0078988e+06 5.32e+00 9.32e+01  -6.0 4.21e+00   0.6 4.55e-04 3.08e-04f  1
  94  3.0070288e+06 5.31e+00 9.32e+01  -6.0 1.23e+01   0.1 1.01e-04 1.96e-04f  1
  95  3.0068707e+06 5.31e+00 9.32e+01  -6.0 4.74e+00   0.5 4.94e-04 5.43e-05f  1
  96  3.0065199e+06 5.31e+00 9.31e+01  -6.0 1.41e+01   0.0 2.87e-04 7.47e-05f  1
  97  3.0062504e+06 5.31e+00 9.31e+01  -6.0 5.34e+00   0.4 3.19e-04 8.94e-05f  1
  98  3.0051698e+06 5.31e+00 9.31e+01  -6.0 1.63e+01  -0.0 1.49e-04 2.19e-04f  1
  99  3.0044155e+06 5.31e+00 9.31e+01  -6.0 5.99e+00   0.4 6.11e-04 2.40e-04f  1
iter    objective    inf_pr   inf_du lg(mu)  ||d||  lg(rg) alpha_du alpha_pr  ls
 100  3.0041246e+06 5.31e+00 9.31e+01  -6.0 1.89e+01  -0.1 3.42e-04 5.57e-05f  1
 101  3.0036040e+06 5.31e+00 9.31e+01  -6.0 6.71e+00   0.3 3.03e-04 1.59e-04f  1
 102  3.0029212e+06 5.31e+00 9.31e+01  -6.0 2.20e+01  -0.1 8.95e-05 1.23e-04f  1
 103  3.0025901e+06 5.31e+00 9.31e+01  -6.0 7.51e+00   0.3 8.25e-04 9.66e-05f  1
 104  3.0021924e+06 5.31e+00 9.31e+01  -6.0 2.57e+01  -0.2 1.90e-04 6.80e-05f  1
 105  3.0016732e+06 5.31e+00 9.30e+01  -6.0 8.39e+00   0.2 1.98e-04 1.46e-04f  1
 106  3.0011733e+06 5.31e+00 9.30e+01  -6.0 3.71e+00   0.7 3.02e-04 2.00e-04f  1
 107  3.0004089e+06 5.31e+00 9.30e+01  -6.0 9.36e+00   0.2 1.81e-04 2.05e-04f  1
 108  2.9984296e+06 5.30e+00 9.30e+01  -6.0 3.90e+00   0.6 1.19e-03 7.67e-04f  1
 109  2.9972848e+06 5.30e+00 9.29e+01  -6.0 1.05e+01   0.1 1.12e-04 2.91e-04f  1
iter    objective    inf_pr   inf_du lg(mu)  ||d||  lg(rg) alpha_du alpha_pr  ls
 110  2.9965329e+06 5.30e+00 9.29e+01  -6.0 4.12e+00   0.6 9.48e-04 2.81e-04f  1
 111  2.9954891e+06 5.30e+00 9.29e+01  -6.0 1.20e+01   0.1 4.58e-04 2.52e-04f  1
 112  2.9947106e+06 5.30e+00 9.29e+01  -6.0 4.61e+00   0.5 4.42e-04 2.80e-04f  1
 113  2.9944208e+06 5.30e+00 9.29e+01  -6.0 1.37e+01   0.0 2.30e-04 6.61e-05f  1
 114  2.9934459e+06 5.29e+00 9.28e+01  -6.0 5.16e+00   0.5 1.28e-04 3.38e-04f  1
 115  2.9931250e+06 5.29e+00 9.28e+01  -6.0 1.58e+01  -0.0 6.82e-04 6.92e-05f  1
 116  2.9915570e+06 5.29e+00 9.28e+01  -6.0 5.76e+00   0.4 5.57e-04 5.21e-04f  1
 117  2.9898332e+06 5.29e+00 9.28e+01  -6.0 1.81e+01  -0.1 2.81e-04 3.51e-04f  1
 118  2.9893301e+06 5.29e+00 9.27e+01  -6.0 6.43e+00   0.4 1.74e-03 1.60e-04f  1
 119  2.9876503e+06 5.29e+00 9.27e+01  -6.0 2.08e+01  -0.1 9.49e-05 3.24e-04f  1
iter    objective    inf_pr   inf_du lg(mu)  ||d||  lg(rg) alpha_du alpha_pr  ls
 120  2.9867526e+06 5.28e+00 9.27e+01  -6.0 7.15e+00   0.3 5.88e-04 2.74e-04f  1
 121  2.9861535e+06 5.28e+00 9.27e+01  -6.0 2.38e+01  -0.2 4.72e-04 1.09e-04f  1
 122  2.9854097e+06 5.28e+00 9.27e+01  -6.0 7.94e+00   0.3 4.54e-04 2.17e-04f  1
 123  2.9847675e+06 5.28e+00 9.26e+01  -6.0 3.65e+00   0.7 7.93e-04 2.64e-04f  1
 124  2.9842947e+06 5.28e+00 9.26e+01  -6.0 8.80e+00   0.2 4.76e-04 1.32e-04f  1
 125  2.9837759e+06 5.28e+00 9.26e+01  -6.0 3.83e+00   0.6 3.01e-04 2.07e-04f  1
 126  2.9824253e+06 5.28e+00 9.26e+01  -6.0 9.75e+00   0.2 3.11e-04 3.61e-04f  1
 127  2.9820730e+06 5.28e+00 9.26e+01  -6.0 4.01e+00   0.6 5.09e-04 1.36e-04f  1
 128  2.9814149e+06 5.28e+00 9.26e+01  -6.0 1.09e+01   0.1 9.87e-05 1.68e-04f  1
 129  2.9807870e+06 5.27e+00 9.25e+01  -6.0 4.47e+00   0.5 5.72e-04 2.35e-04f  1
iter    objective    inf_pr   inf_du lg(mu)  ||d||  lg(rg) alpha_du alpha_pr  ls
 130  2.9789284e+06 5.27e+00 9.25e+01  -6.0 1.24e+01   0.1 1.65e-04 4.53e-04f  1
 131  2.9786309e+06 5.27e+00 9.25e+01  -6.0 5.00e+00   0.5 2.10e-03 1.08e-04f  1
 132  2.9775760e+06 5.27e+00 9.25e+01  -6.0 1.43e+01   0.0 2.35e-04 2.45e-04f  1
 133  2.9774090e+06 5.27e+00 9.25e+01  -6.0 6.09e+00   0.4 1.03e-03 5.85e-05f  1
 134  2.9757880e+06 5.27e+00 9.24e+01  -6.0 1.96e+01  -0.0 6.03e-05 3.60e-04f  1
 135  2.9751902e+06 5.27e+00 9.24e+01  -6.0 6.90e+00   0.4 1.72e-03 2.01e-04f  1
 136  2.9734149e+06 5.27e+00 9.24e+01  -6.0 2.21e+01  -0.1 8.13e-05 3.73e-04f  1
 137  2.9727922e+06 5.26e+00 9.24e+01  -6.0 7.73e+00   0.3 3.59e-04 2.01e-04f  1
 138  2.9724401e+06 5.26e+00 9.24e+01  -6.0 2.49e+01  -0.1 6.26e-04 7.00e-05f  1
 139  2.9716022e+06 5.26e+00 9.23e+01  -6.0 8.70e+00   0.3 1.38e-03 2.60e-04f  1
iter    objective    inf_pr   inf_du lg(mu)  ||d||  lg(rg) alpha_du alpha_pr  ls
 140  2.9708285e+06 5.26e+00 9.23e+01  -6.0 2.81e+01  -0.2 3.50e-04 1.46e-04f  1
 141  2.9698667e+06 5.26e+00 9.23e+01  -6.0 9.76e+00   0.2 6.10e-04 2.86e-04f  1
 142  2.9692684e+06 5.26e+00 9.23e+01  -6.0 3.71e+00   0.7 1.11e-03 2.48e-04f  1
 143  2.9679469e+06 5.26e+00 9.23e+01  -6.0 1.10e+01   0.2 1.71e-04 3.77e-04f  1
 144  2.9674621e+06 5.26e+00 9.22e+01  -6.0 3.97e+00   0.6 1.88e-04 1.95e-04f  1
 145  2.9670529e+06 5.26e+00 9.22e+01  -6.0 1.23e+01   0.1 3.72e-04 1.12e-04f  1
 146  2.9661911e+06 5.25e+00 9.22e+01  -6.0 4.46e+00   0.5 7.16e-04 3.37e-04f  1
 147  2.9643057e+06 5.25e+00 9.22e+01  -6.0 1.35e+01   0.1 2.27e-04 4.95e-04f  1
 148  2.9631668e+06 5.25e+00 9.21e+01  -6.0 4.85e+00   0.5 6.83e-04 4.33e-04f  1
 149  2.9608433e+06 5.25e+00 9.21e+01  -6.0 1.29e+01   0.0 1.51e-04 5.88e-04f  1
iter    objective    inf_pr   inf_du lg(mu)  ||d||  lg(rg) alpha_du alpha_pr  ls
 150  2.9602701e+06 5.24e+00 9.21e+01  -6.0 5.43e+00   0.4 2.86e-04 2.11e-04f  1
 151  2.9598253e+06 5.24e+00 9.21e+01  -6.0 1.43e+01  -0.0 1.08e-03 1.07e-04f  1
 152  2.9584552e+06 5.24e+00 9.20e+01  -6.0 6.06e+00   0.4 8.38e-04 4.86e-04f  1
 153  2.9574448e+06 5.24e+00 9.20e+01  -6.0 1.57e+01  -0.1 1.22e-03 2.31e-04f  1
 154  2.9562127e+06 5.24e+00 9.20e+01  -6.0 6.71e+00   0.3 6.94e-04 4.22e-04f  1
 155  2.9538893e+06 5.24e+00 9.19e+01  -6.0 1.69e+01  -0.1 1.35e-03 5.06e-04f  1
 156  2.9516788e+06 5.23e+00 9.19e+01  -6.0 6.30e+00   0.3 3.86e-04 7.33e-04f  1
 157  2.9504290e+06 5.23e+00 9.18e+01  -6.0 1.82e+01  -0.2 7.02e-04 2.60e-04f  1
 158  2.9492108e+06 5.23e+00 9.18e+01  -6.0 7.06e+00   0.2 1.31e-03 3.88e-04f  1
 159  2.9481811e+06 5.23e+00 9.18e+01  -6.0 3.63e+00   0.7 9.87e-04 4.46e-04f  1
iter    objective    inf_pr   inf_du lg(mu)  ||d||  lg(rg) alpha_du alpha_pr  ls
 160  2.9472851e+06 5.22e+00 9.17e+01  -6.0 7.92e+00   0.2 4.73e-04 2.75e-04f  1
 161  2.9465011e+06 5.22e+00 9.17e+01  -6.0 3.81e+00   0.6 9.64e-04 3.30e-04f  1
 162  2.9442442e+06 5.22e+00 9.17e+01  -6.0 8.88e+00   0.1 3.07e-04 6.63e-04f  1
 163  2.9436809e+06 5.22e+00 9.16e+01  -6.0 4.01e+00   0.6 2.12e-03 2.30e-04f  1
 164  2.9417709e+06 5.21e+00 9.16e+01  -6.0 9.94e+00   0.1 2.14e-04 5.37e-04f  1
 165  2.9403136e+06 5.21e+00 9.16e+01  -6.0 4.20e+00   0.5 1.35e-03 5.77e-04f  1
 166  2.9384425e+06 5.21e+00 9.15e+01  -6.0 1.11e+01   0.0 1.14e-03 5.02e-04f  1
 167  2.9371843e+06 5.21e+00 9.15e+01  -6.0 4.40e+00   0.5 6.91e-04 4.83e-04f  1
 168  2.9352047e+06 5.20e+00 9.14e+01  -6.0 1.24e+01  -0.0 1.77e-03 5.08e-04f  1
 169  2.9342117e+06 5.20e+00 9.14e+01  -6.0 4.80e+00   0.4 1.75e-04 3.69e-04f  1
iter    objective    inf_pr   inf_du lg(mu)  ||d||  lg(rg) alpha_du alpha_pr  ls
 170  2.9323417e+06 5.20e+00 9.14e+01  -6.0 1.35e+01  -0.1 2.31e-04 4.57e-04f  1
 171  2.9315094e+06 5.20e+00 9.13e+01  -6.0 5.07e+00   0.4 1.67e-03 2.99e-04f  1
 172  2.9304055e+06 5.20e+00 9.13e+01  -6.0 1.44e+01  -0.1 5.85e-04 2.58e-04f  1
 173  2.9283335e+06 5.19e+00 9.13e+01  -6.0 5.65e+00   0.3 1.07e-03 7.19e-04f  1
 174  2.9256920e+06 5.19e+00 9.12e+01  -6.0 2.66e+01  -0.2 3.53e-04 5.86e-04f  1
 175  2.9244071e+06 5.19e+00 9.12e+01  -6.0 6.24e+00   0.3 1.23e-03 4.29e-04f  1
 176  2.9228031e+06 5.19e+00 9.11e+01  -6.0 9.83e+01  -0.2 1.12e-04 3.33e-04f  1
 177  2.9214115e+06 5.18e+00 9.11e+01  -6.0 6.92e+00   0.2 1.17e-04 4.45e-04f  1
 178  2.9211716e+06 5.18e+00 9.11e+01  -6.0 3.75e+00   0.6 1.71e-03 1.04e-04f  1
 179  2.9186509e+06 5.18e+00 9.10e+01  -6.0 7.70e+00   0.2 2.60e-04 7.73e-04f  1
iter    objective    inf_pr   inf_du lg(mu)  ||d||  lg(rg) alpha_du alpha_pr  ls
 180  2.9172351e+06 5.18e+00 9.10e+01  -6.0 3.93e+00   0.6 6.88e-04 5.97e-04f  1
 181  2.9167380e+06 5.18e+00 9.10e+01  -6.0 8.49e+00   0.1 8.82e-04 1.46e-04f  1
 182  2.9122011e+06 5.17e+00 9.08e+01  -6.0 4.12e+00   0.5 1.42e-03 1.85e-03f  1
 183  2.9103127e+06 5.16e+00 9.08e+01  -6.0 9.30e+00   0.1 6.98e-04 5.30e-04f  1
 184  2.9085053e+06 5.16e+00 9.07e+01  -6.0 4.31e+00   0.5 1.38e-03 7.17e-04f  1
 185  2.9079806e+06 5.16e+00 9.07e+01  -6.0 1.26e+01   0.0 7.86e-04 1.41e-04f  1
 186  2.9064508e+06 5.16e+00 9.07e+01  -6.0 4.51e+00   0.4 1.63e-03 5.90e-04f  1
 187  2.9050506e+06 5.15e+00 9.06e+01  -6.0 1.86e+01  -0.0 4.93e-04 3.60e-04f  1
 188  2.9034415e+06 5.15e+00 9.06e+01  -6.0 4.70e+00   0.4 8.20e-04 5.99e-04f  1
 189  2.9022388e+06 5.15e+00 9.06e+01  -6.0 2.94e+01  -0.1 1.32e-03 2.94e-04f  1
iter    objective    inf_pr   inf_du lg(mu)  ||d||  lg(rg) alpha_du alpha_pr  ls
 190  2.9000708e+06 5.15e+00 9.05e+01  -6.0 4.89e+00   0.3 2.75e-04 7.80e-04f  1
 191  2.8994832e+06 5.14e+00 9.05e+01  -6.0 2.98e+02  -0.2 1.37e-05 1.35e-04f  1
 192  2.8986795e+06 5.14e+00 9.05e+01  -6.0 5.40e+00   0.3 5.45e-04 2.78e-04f  1
 193  2.8965873e+06 5.14e+00 9.04e+01  -6.0 3.49e+00   0.7 1.19e-03 9.58e-04f  1
 194  2.8959338e+06 5.14e+00 9.04e+01  -6.0 6.05e+00   0.2 2.92e-04 2.18e-04f  1
 195  2.8948183e+06 5.13e+00 9.03e+01  -6.0 3.66e+00   0.7 9.68e-04 4.99e-04f  1
 196  2.8942011e+06 5.13e+00 9.03e+01  -6.0 6.78e+00   0.2 2.41e-04 1.98e-04f  1
 197  2.8937696e+06 5.13e+00 9.03e+01  -6.0 3.84e+00   0.6 1.30e-03 1.88e-04f  1
 198  2.8920097e+06 5.13e+00 9.03e+01  -6.0 7.60e+00   0.1 2.15e-04 5.41e-04f  1
 199  2.8891723e+06 5.12e+00 9.02e+01  -6.0 4.03e+00   0.5 1.74e-03 1.20e-03f  1
iter    objective    inf_pr   inf_du lg(mu)  ||d||  lg(rg) alpha_du alpha_pr  ls
 200  2.8881957e+06 5.12e+00 9.02e+01  -6.0 8.52e+00   0.1 5.42e-04 2.88e-04f  1
 201  2.8873736e+06 5.12e+00 9.01e+01  -6.0 4.22e+00   0.5 2.28e-04 3.37e-04f  1
 202  2.8860141e+06 5.12e+00 9.01e+01  -6.0 9.55e+00   0.0 1.46e-03 3.82e-04f  1
 203  2.8846448e+06 5.12e+00 9.01e+01  -6.0 4.42e+00   0.4 1.44e-03 5.44e-04f  1
 204  2.8838710e+06 5.11e+00 9.00e+01  -6.0 2.27e+01  -0.0 1.78e-04 2.08e-04f  1
 205  2.8823034e+06 5.11e+00 9.00e+01  -6.0 4.61e+00   0.4 1.29e-03 6.04e-04f  1
 206  2.8816583e+06 5.11e+00 9.00e+01  -6.0 3.39e+00   0.8 1.66e-03 3.17e-04f  1
 207  2.8800479e+06 5.11e+00 8.99e+01  -6.0 6.19e+00   0.3 1.73e-03 6.01e-04f  1
 208  2.8771554e+06 5.10e+00 8.98e+01  -6.0 3.40e+00   0.8 5.88e-04 1.39e-03f  1
 209  2.8757785e+06 5.10e+00 8.98e+01  -6.0 6.84e+00   0.3 1.12e-03 4.97e-04f  1
iter    objective    inf_pr   inf_du lg(mu)  ||d||  lg(rg) alpha_du alpha_pr  ls
 210  2.8735438e+06 5.09e+00 8.97e+01  -6.0 3.43e+00   0.7 1.65e-03 1.06e-03f  1
 211  2.8728041e+06 5.09e+00 8.97e+01  -6.0 5.45e+00   0.2 8.30e-04 2.60e-04f  1
 212  2.8707772e+06 5.09e+00 8.96e+01  -6.0 3.59e+00   0.7 7.37e-04 9.37e-04f  1
 213  2.8704163e+06 5.09e+00 8.96e+01  -6.0 6.05e+00   0.2 6.47e-05 1.22e-04f  1
 214  2.8685240e+06 5.08e+00 8.95e+01  -6.0 3.78e+00   0.6 4.37e-03 8.52e-04f  1
 215  2.8655979e+06 5.08e+00 8.95e+01  -6.0 6.78e+00   0.1 4.49e-04 9.54e-04f  1
 216  2.8641386e+06 5.07e+00 8.94e+01  -6.0 3.96e+00   0.6 2.71e-03 6.42e-04f  1
 217  2.8627588e+06 5.07e+00 8.94e+01  -6.0 7.52e+00   0.1 1.14e-03 4.32e-04f  1
 218  2.8621012e+06 5.07e+00 8.94e+01  -6.0 4.15e+00   0.5 3.02e-03 2.82e-04f  1
 219  2.8591682e+06 5.06e+00 8.93e+01  -6.0 8.33e+00   0.0 7.51e-04 8.85e-04f  1
iter    objective    inf_pr   inf_du lg(mu)  ||d||  lg(rg) alpha_du alpha_pr  ls
 220  2.8589791e+06 5.06e+00 8.93e+01  -6.0 4.34e+00   0.5 7.97e-04 7.89e-05f  1
 221  2.8558119e+06 5.06e+00 8.92e+01  -6.0 9.18e+00  -0.0 7.12e-04 9.18e-04f  1
 222  2.8535458e+06 5.05e+00 8.91e+01  -6.0 4.53e+00   0.4 1.24e-03 9.17e-04f  1
 223  2.8532112e+06 5.05e+00 8.91e+01  -6.0 1.22e+01  -0.1 5.27e-04 9.29e-05f  1
 224  2.8499209e+06 5.05e+00 8.90e+01  -6.0 4.72e+00   0.4 2.55e-04 1.29e-03f  1
 225  2.8492685e+06 5.05e+00 8.90e+01  -6.0 1.66e+01  -0.1 3.45e-04 1.73e-04f  1
 226  2.8479817e+06 5.04e+00 8.90e+01  -6.0 4.83e+00   0.3 8.69e-04 4.90e-04f  1
 227  2.8470744e+06 5.04e+00 8.90e+01  -6.0 2.39e+01  -0.2 4.53e-04 2.29e-04f  1
 228  2.8455421e+06 5.04e+00 8.89e+01  -6.0 5.01e+00   0.3 2.07e-03 5.64e-04f  1
 229  2.8443666e+06 5.04e+00 8.89e+01  -6.0 4.09e+01  -0.2 2.98e-04 2.79e-04f  1
iter    objective    inf_pr   inf_du lg(mu)  ||d||  lg(rg) alpha_du alpha_pr  ls
 230  2.8438202e+06 5.04e+00 8.89e+01  -6.0 5.88e+00   0.2 1.13e-03 1.94e-04f  1
 231  2.8417194e+06 5.03e+00 8.88e+01  -6.0 3.64e+00   0.6 3.95e-03 9.80e-04f  1
 232  2.8389444e+06 5.03e+00 8.87e+01  -6.0 6.93e+00   0.2 1.36e-03 9.51e-04f  1
 233  2.8373983e+06 5.02e+00 8.87e+01  -6.0 3.82e+00   0.6 4.74e-03 7.04e-04f  1
 234  2.8361899e+06 5.02e+00 8.86e+01  -6.0 8.36e+00   0.1 5.69e-04 4.00e-04f  1
 235  2.8328215e+06 5.02e+00 8.85e+01  -6.0 4.00e+00   0.5 6.52e-04 1.50e-03f  1
 236  2.8304920e+06 5.01e+00 8.85e+01  -6.0 1.13e+01   0.1 1.27e-04 7.42e-04f  1
 237  2.8302230e+06 5.01e+00 8.85e+01  -6.0 4.19e+00   0.5 5.47e-04 1.16e-04f  1
 238  2.8281490e+06 5.01e+00 8.84e+01  -6.0 3.27e+00   0.9 2.21e-03 1.10e-03f  1
 239  2.8268892e+06 5.00e+00 8.83e+01  -6.0 4.37e+00   0.4 5.30e-04 5.29e-04f  1
iter    objective    inf_pr   inf_du lg(mu)  ||d||  lg(rg) alpha_du alpha_pr  ls
 240  2.8256929e+06 5.00e+00 8.83e+01  -6.0 3.28e+00   0.9 2.22e-03 6.24e-04f  1
 241  2.8242484e+06 5.00e+00 8.83e+01  -6.0 4.56e+00   0.4 1.63e-03 5.90e-04f  1
 242  2.8213083e+06 4.99e+00 8.81e+01  -6.0 3.29e+00   0.8 3.78e-03 1.51e-03f  1
 243  2.8202015e+06 4.99e+00 8.81e+01  -6.0 4.75e+00   0.3 1.12e-03 4.41e-04f  1
 244  2.8192342e+06 4.98e+00 8.81e+01  -6.0 3.31e+00   0.8 3.40e-03 4.88e-04f  1
 245  2.8165021e+06 4.98e+00 8.80e+01  -6.0 5.35e+00   0.3 1.75e-03 1.06e-03f  1
 246  2.8137239e+06 4.97e+00 8.79e+01  -6.0 3.40e+00   0.7 1.45e-03 1.38e-03f  1
 247  2.8118310e+06 4.97e+00 8.78e+01  -6.0 6.37e+00   0.2 4.13e-04 7.13e-04f  1
 248  2.8084220e+06 4.96e+00 8.77e+01  -6.0 3.57e+00   0.6 7.15e-04 1.66e-03f  1
 249  2.8078830e+06 4.96e+00 8.77e+01  -6.0 7.71e+00   0.2 2.81e-03 1.96e-04f  1
iter    objective    inf_pr   inf_du lg(mu)  ||d||  lg(rg) alpha_du alpha_pr  ls
 250  2.8051223e+06 4.95e+00 8.76e+01  -6.0 3.75e+00   0.6 1.89e-03 1.32e-03f  1
 251  2.8038601e+06 4.95e+00 8.76e+01  -6.0 9.72e+00   0.1 2.64e-03 4.46e-04f  1
 252  2.8015861e+06 4.95e+00 8.75e+01  -6.0 3.93e+00   0.5 2.85e-03 1.06e-03f  1
 253  2.8004471e+06 4.94e+00 8.75e+01  -6.0 2.91e+01   0.1 6.23e-04 3.88e-04f  1
 254  2.7967995e+06 4.94e+00 8.73e+01  -6.0 4.11e+00   0.5 2.79e-03 1.66e-03f  1
 255  2.7949919e+06 4.93e+00 8.73e+01  -6.0 3.20e+00   0.9 1.43e-03 9.95e-04f  1
 256  2.7946073e+06 4.93e+00 8.73e+01  -6.0 4.30e+00   0.4 5.23e-04 1.72e-04f  1
 257  2.7927501e+06 4.92e+00 8.72e+01  -6.0 3.21e+00   0.9 1.17e-04 1.01e-03f  1
 258  2.7926126e+06 4.92e+00 8.72e+01  -6.0 4.47e+00   0.4 3.28e-04 6.00e-05f  1
 259  2.7892853e+06 4.92e+00 8.71e+01  -6.0 3.23e+00   0.8 5.54e-05 1.78e-03f  1
iter    objective    inf_pr   inf_du lg(mu)  ||d||  lg(rg) alpha_du alpha_pr  ls
 260  2.7888823e+06 4.91e+00 8.71e+01  -6.0 4.65e+00   0.3 1.03e-03 1.71e-04f  1
 261  2.7855277e+06 4.91e+00 8.69e+01  -6.0 3.24e+00   0.8 5.34e-05 1.76e-03f  1
 262  2.7849931e+06 4.91e+00 8.69e+01  -6.0 5.20e+00   0.3 3.29e-03 2.20e-04f  1
 263  2.7810814e+06 4.90e+00 8.68e+01  -6.0 3.31e+00   0.7 1.29e-04 2.02e-03f  1
 264  2.7808078e+06 4.89e+00 8.68e+01  -6.0 6.00e+00   0.2 2.44e-03 1.09e-04f  1
 265  2.7727637e+06 4.87e+00 8.65e+01  -6.0 3.48e+00   0.7 2.84e-04 4.07e-03f  1
 266  2.7723872e+06 4.87e+00 8.65e+01  -6.0 5.18e+00   0.2 9.00e-04 1.46e-04f  1
 267  2.7668956e+06 4.86e+00 8.63e+01  -6.0 3.65e+00   0.6 4.90e-04 2.73e-03f  1
 268  2.7660471e+06 4.86e+00 8.63e+01  -6.0 5.64e+00   0.1 1.63e-03 3.19e-04f  1
 269  2.7654405e+06 4.86e+00 8.62e+01  -6.0 3.81e+00   0.6 3.21e-03 2.96e-04f  1
iter    objective    inf_pr   inf_du lg(mu)  ||d||  lg(rg) alpha_du alpha_pr  ls
 270  2.7631821e+06 4.85e+00 8.62e+01  -6.0 6.32e+00   0.1 9.22e-04 8.25e-04f  1
 271  2.7597686e+06 4.85e+00 8.60e+01  -6.0 3.98e+00   0.5 6.91e-04 1.63e-03f  1
 272  2.7584466e+06 4.84e+00 8.60e+01  -6.0 3.88e+01   0.0 8.83e-04 4.65e-04f  1
 273  2.7576140e+06 4.84e+00 8.60e+01  -6.0 4.17e+00   0.5 9.03e-04 3.89e-04f  1
 274  2.7574691e+06 4.84e+00 8.60e+01  -6.0 5.81e+01  -0.0 7.57e-04 4.93e-05f  1
 275  2.7556847e+06 4.84e+00 8.59e+01  -6.0 4.35e+00   0.4 1.08e-03 8.12e-04f  1
 276  2.7539789e+06 4.83e+00 8.59e+01  -6.0 3.16e+00   0.8 1.39e-03 9.44e-04f  1
 277  2.7502822e+06 4.83e+00 8.57e+01  -6.0 4.52e+00   0.4 4.24e-04 1.64e-03f  1
 278  2.7465079e+06 4.82e+00 8.56e+01  -6.0 3.17e+00   0.8 3.10e-03 2.06e-03f  1
 279  2.7454098e+06 4.81e+00 8.56e+01  -6.0 4.70e+00   0.3 1.22e-03 4.77e-04f  1
iter    objective    inf_pr   inf_du lg(mu)  ||d||  lg(rg) alpha_du alpha_pr  ls
 280  2.7410948e+06 4.80e+00 8.54e+01  -6.0 3.20e+00   0.7 1.71e-03 2.32e-03f  1
 281  2.7410566e+06 4.80e+00 8.54e+01  -6.0 4.87e+00   0.3 1.08e-03 1.61e-05f  1
 282  2.7383674e+06 4.79e+00 8.53e+01  -6.0 3.37e+00   0.7 1.34e-03 1.42e-03f  1
 283  2.7383369e+06 4.79e+00 8.53e+01  -6.0 5.02e+00   0.2 9.22e-04 1.25e-05f  1
 284  2.7353840e+06 4.79e+00 8.52e+01  -6.0 3.53e+00   0.6 2.24e-03 1.53e-03f  1
 285  2.7353500e+06 4.79e+00 8.52e+01  -6.0 5.46e+00   0.2 1.49e-03 1.35e-05f  1
 286  2.7316000e+06 4.78e+00 8.51e+01  -6.0 3.70e+00   0.6 1.52e-03 1.90e-03f  1
 287  2.7304064e+06 4.78e+00 8.50e+01  -6.0 6.89e+00   0.1 9.67e-04 4.59e-04f  1
 288  2.7281249e+06 4.77e+00 8.49e+01  -6.0 3.87e+00   0.5 1.06e-03 1.13e-03f  1
 289  2.7264896e+06 4.77e+00 8.49e+01  -6.0 9.02e+00   0.1 3.42e-03 6.09e-04f  1
iter    objective    inf_pr   inf_du lg(mu)  ||d||  lg(rg) alpha_du alpha_pr  ls
 290  2.7236816e+06 4.76e+00 8.48e+01  -6.0 4.05e+00   0.5 1.01e-03 1.36e-03f  1
 291  2.7216781e+06 4.76e+00 8.47e+01  -6.0 1.27e+01   0.0 1.35e-03 7.21e-04f  1
 292  2.7207911e+06 4.76e+00 8.47e+01  -6.0 4.23e+00   0.4 1.51e-03 4.22e-04f  1
 293  2.7175233e+06 4.75e+00 8.46e+01  -6.0 3.09e+00   0.9 6.11e-03 1.87e-03f  1
 294  2.7160262e+06 4.74e+00 8.45e+01  -6.0 4.41e+00   0.4 1.25e-03 6.97e-04f  1
 295  2.7078208e+06 4.72e+00 8.42e+01  -6.0 3.11e+00   0.8 8.61e-04 4.64e-03f  1
 296  2.7074357e+06 4.72e+00 8.42e+01  -6.0 4.58e+00   0.3 1.05e-03 1.76e-04f  1
 297  2.7054549e+06 4.72e+00 8.41e+01  -6.0 3.12e+00   0.8 7.09e-05 1.11e-03f  1
 298  2.7051252e+06 4.71e+00 8.41e+01  -6.0 4.76e+00   0.3 1.28e-03 1.46e-04f  1
 299  2.6993921e+06 4.70e+00 8.39e+01  -6.0 3.27e+00   0.7 1.57e-04 3.14e-03f  1
iter    objective    inf_pr   inf_du lg(mu)  ||d||  lg(rg) alpha_du alpha_pr  ls
 300  2.6987314e+06 4.70e+00 8.39e+01  -6.0 4.93e+00   0.2 2.57e-03 2.85e-04f  1

Number of Iterations....: 300

                                   (scaled)                 (unscaled)
Objective...............:   2.2047140102425899e+04    2.6987314010667284e+06
Dual infeasibility......:   8.3893063569692373e+01    1.0269125334868449e+04
Constraint violation....:   2.9051434917875576e+00    4.6986936736608182e+00
Variable bound violation:   1.0235962522031627e-08    1.0235962522031627e-08
Complementarity.........:   7.9100304467796290e-01    9.6824565231339008e+01
Overall NLP error.......:   8.3893063569692373e+01    1.0269125334868449e+04


Number of objective function evaluations             = 301
Number of objective gradient evaluations             = 301
Number of equality constraint evaluations            = 301
Number of inequality constraint evaluations          = 302
Number of equality constraint Jacobian evaluations   = 301
Number of inequality constraint Jacobian evaluations = 301
Number of Lagrangian Hessian evaluations             = 300
Total seconds in IPOPT                               = 107.208

EXIT: Maximum Number of Iterations Exceeded.

