Solver command line: ['/opt/homebrew/bin/ipopt', '/var/folders/6y/bvynbx6n3zv7z3lwg6vd724r0000gn/T/tmpdzebpfgh.pyomo.nl', '-AMPL', 'tol=1e-06', 'max_iter=300', 'print_level=5', 'warm_start_init_point=yes', 'warm_start_bound_push=1e-06', 'warm_start_bound_frac=1e-06', 'warm_start_mult_bound_push=1e-06', 'mu_init=1e-06', 'least_square_init_duals=no']

Ipopt 3.14.19: tol=1e-06
max_iter=300
print_level=5
warm_start_init_point=yes
warm_start_bound_push=1e-06
warm_start_bound_frac=1e-06
warm_start_mult_bound_push=1e-06
mu_init=1e-06
least_square_init_duals=no


******************************************************************************
This program contains Ipopt, a library for large-scale nonlinear optimization.
 Ipopt is released as open source code under the Eclipse Public License (EPL).
         For more information visit https://github.com/coin-or/Ipopt
******************************************************************************

This is Ipopt version 3.14.19, running with linear solver MUMPS 5.6.2.

Number of nonzeros in equality constraint Jacobian...:   145957
Number of nonzeros in inequality constraint Jacobian.:   105544
Number of nonzeros in Lagrangian Hessian.............:    81479

Total number of variables............................:    24020
                     variables with only lower bounds:        0
                variables with lower and upper bounds:    24020
                     variables with only upper bounds:        0
Total number of equality constraints.................:    20001
Total number of inequality constraints...............:    26386
        inequality constraints with only lower bounds:        0
   inequality constraints with lower and upper bounds:        0
        inequality constraints with only upper bounds:    26386

iter    objective    inf_pr   inf_du lg(mu)  ||d||  lg(rg) alpha_du alpha_pr  ls
   0  1.3540334e+06 1.83e+01 1.32e+03  -6.0 0.00e+00    -  0.00e+00 0.00e+00   0
   1  1.3535314e+06 1.35e+01 1.07e+03  -6.0 9.13e+00    -  4.49e-03 2.55e-01h  1
   2  1.3534384e+06 1.17e+01 9.24e+02  -6.0 8.91e+00    -  3.89e-01 1.36e-01h  1
   3  1.3534094e+06 1.09e+01 8.64e+02  -6.0 9.79e+00    -  1.54e-01 6.57e-02h  1
   4  1.3533749e+06 9.48e+00 7.54e+02  -6.0 9.93e+00    -  3.51e-02 1.29e-01h  1
   5  1.3533706e+06 8.86e+00 7.05e+02  -6.0 9.99e+00    -  5.66e-01 6.48e-02h  1
   6  1.3533698e+06 7.68e+00 6.13e+02  -6.0 9.82e+00    -  2.25e-01 1.33e-01h  1
   7  1.3534177e+06 4.74e+00 3.88e+02  -6.0 9.42e+00    -  1.00e+00 3.76e-01h  1
   8  1.3535234e+06 3.31e+00 2.72e+02  -6.0 7.61e+00    -  1.89e-01 3.00e-01h  1
   9  1.3536343e+06 2.25e+00 1.85e+02  -6.0 5.95e+00    -  3.50e-01 3.19e-01h  1
iter    objective    inf_pr   inf_du lg(mu)  ||d||  lg(rg) alpha_du alpha_pr  ls
  10  1.3536618e+06 2.04e+00 1.68e+02  -6.0 4.41e+00    -  3.38e-01 8.95e-02h  1
  11  1.3537641e+06 1.33e+00 1.08e+02  -6.0 4.08e+00    -  6.23e-01 3.50e-01h  1
  12  1.3537928e+06 1.16e+00 9.41e+01  -6.0 2.82e+00    -  1.55e-01 1.27e-01h  1
  13  1.3538638e+06 7.58e-01 6.08e+01  -6.0 2.50e+00    -  5.60e-02 3.44e-01h  1
  14  1.3538962e+06 5.92e-01 4.73e+01  -6.0 1.70e+00    -  3.61e-01 2.19e-01h  1
  15  1.3539300e+06 4.29e-01 3.41e+01  -6.0 1.36e+00    -  4.03e-01 2.75e-01h  1
  16  1.3539593e+06 2.96e-01 2.34e+01  -6.0 1.01e+00    -  1.33e-01 3.10e-01h  1
  17  1.3540019e+06 1.11e-01 8.47e+00  -6.0 7.09e-01    -  7.44e-01 6.24e-01h  1
  18  1.3540131e+06 6.87e-02 5.24e+00  -6.0 2.73e-01    -  2.36e-01 3.81e-01h  1
  19  1.3540272e+06 1.56e-02 1.58e+00  -6.0 1.68e-01    -  3.52e-02 7.72e-01h  1
iter    objective    inf_pr   inf_du lg(mu)  ||d||  lg(rg) alpha_du alpha_pr  ls
  20  1.3540313e+06 1.14e-03 2.39e-01  -6.0 5.36e-02    -  8.29e-01 9.27e-01h  1
  21  1.3540317e+06 1.25e-06 7.24e-05  -6.0 6.24e-03    -  1.00e+00 9.99e-01h  1
  22  1.3540317e+06 4.92e-08 3.58e-07  -6.0 6.66e-04    -  1.00e+00 1.00e+00h  1
  23  1.3540314e+06 1.07e-05 3.46e-02  -7.1 2.74e-02    -  6.90e-01 8.43e-01h  1
  24  1.3540313e+06 9.61e-06 8.66e-07  -7.1 2.19e-02    -  1.00e+00 1.00e+00f  1
  25  1.3540313e+06 1.51e-06 1.10e-07  -7.1 8.70e-03    -  1.00e+00 1.00e+00h  1
  26  1.3540313e+06 1.25e-08 7.21e-10  -7.1 7.94e-04    -  1.00e+00 1.00e+00h  1

Number of Iterations....: 26

                                   (scaled)                 (unscaled)
Objective...............:   1.3107412309441364e+04    1.3540313452996644e+06
Dual infeasibility......:   7.2056563964858404e-10    7.4436390600706466e-08
Constraint violation....:   1.2548920534649621e-08    1.2548920534649621e-08
Variable bound violation:   3.6362310495974270e-08    3.6362310495974270e-08
Complementarity.........:   8.8140180480965396e-08    9.1051203955514573e-06
Overall NLP error.......:   8.8140180480965396e-08    9.1051203955514573e-06


Number of objective function evaluations             = 27
Number of objective gradient evaluations             = 27
Number of equality constraint evaluations            = 27
Number of inequality constraint evaluations          = 28
Number of equality constraint Jacobian evaluations   = 27
Number of inequality constraint Jacobian evaluations = 27
Number of Lagrangian Hessian evaluations             = 26
Total seconds in IPOPT                               = 8.841

EXIT: Optimal Solution Found.

