Solver command line: ['/opt/homebrew/bin/ipopt', '/var/folders/6y/bvynbx6n3zv7z3lwg6vd724r0000gn/T/tmptursy6fp.pyomo.nl', '-AMPL', 'tol=1e-06', 'max_iter=300', 'print_level=5', 'warm_start_init_point=yes', 'warm_start_bound_push=1e-06', 'warm_start_bound_frac=1e-06', 'warm_start_mult_bound_push=1e-06', 'mu_init=1e-06', 'least_square_init_duals=no']

Ipopt 3.14.19: tol=1e-06
max_iter=300
print_level=5
warm_start_init_point=yes
warm_start_bound_push=1e-06
warm_start_bound_frac=1e-06
warm_start_mult_bound_push=1e-06
mu_init=1e-06
least_square_init_duals=no


******************************************************************************
This program contains Ipopt, a library for large-scale nonlinear optimization.
 Ipopt is released as open source code under the Eclipse Public License (EPL).
         For more information visit https://github.com/coin-or/Ipopt
******************************************************************************

This is Ipopt version 3.14.19, running with linear solver MUMPS 5.6.2.

Number of nonzeros in equality constraint Jacobian...:   145957
Number of nonzeros in inequality constraint Jacobian.:   105544
Number of nonzeros in Lagrangian Hessian.............:    81479

Total number of variables............................:    24020
                     variables with only lower bounds:        0
                variables with lower and upper bounds:    24020
                     variables with only upper bounds:        0
Total number of equality constraints.................:    20001
Total number of inequality constraints...............:    26386
        inequality constraints with only lower bounds:        0
   inequality constraints with lower and upper bounds:        0
        inequality constraints with only upper bounds:    26386

iter    objective    inf_pr   inf_du lg(mu)  ||d||  lg(rg) alpha_du alpha_pr  ls
   0  3.0503288e+06 5.39e+00 6.56e+02  -6.0 0.00e+00    -  0.00e+00 0.00e+00   0
   1  3.0006240e+06 5.39e+00 6.56e+02  -6.0 1.02e+07    -  8.39e-08 7.92e-08f  1
   2  2.9797125e+06 5.39e+00 6.56e+02  -6.0 9.74e+06    -  1.19e-07 5.05e-08f  1
   3  2.9674117e+06 5.39e+00 6.56e+02  -6.0 7.56e+06    -  1.66e-07 6.01e-08f  1
   4  2.9438260e+06 5.39e+00 6.56e+02  -6.0 5.70e+06    -  2.22e-07 2.05e-07f  1
   5  2.9394076e+06 5.39e+00 6.56e+02  -6.0 3.78e+06    -  5.30e-07 9.31e-08f  1
   6  2.9285746e+06 5.39e+00 6.56e+02  -6.0 2.62e+06    -  4.41e-07 4.25e-07f  1
   7  2.9255132e+06 5.39e+00 6.56e+02  -6.0 2.41e+04  -4.0 2.32e-06 1.05e-06f  1
   8  2.9226042e+06 5.39e+00 6.56e+02  -6.0 1.49e+06    -  3.69e-07 3.16e-07f  1
   9  2.9207520e+06 5.39e+00 6.56e+02  -6.0 1.19e+06    -  5.67e-07 2.70e-07f  1
iter    objective    inf_pr   inf_du lg(mu)  ||d||  lg(rg) alpha_du alpha_pr  ls
  10  2.9195276e+06 5.39e+00 6.56e+02  -6.0 2.03e+06    -  2.19e-07 2.15e-07f  1
  11  2.9176824e+06 5.39e+00 6.56e+02  -6.0 8.33e+05    -  1.04e-06 4.04e-07f  1
  12  2.9153445e+06 5.39e+00 6.56e+02  -6.0 6.25e+05    -  6.71e-07 7.31e-07f  1
  13  2.9130702e+06 5.39e+00 6.56e+02  -6.0 7.25e+04  -5.0 2.65e-06 1.81e-06f  1
  14  2.9111715e+06 5.39e+00 6.56e+02  -6.0 5.34e+04  -5.0 3.25e-06 2.41e-06f  1
  15  2.9104700e+06 5.39e+00 6.56e+02  -6.0 2.84e+05    -  1.28e-06 8.14e-07f  1
  16  2.9097706e+06 5.39e+00 6.56e+02  -6.0 3.19e+05    -  1.02e-06 1.08e-06f  1
  17  2.9096952e+06 5.39e+00 6.56e+02  -6.0 6.35e+04  -5.5 7.60e-07 1.92e-07f  1
  18  2.9091636e+06 5.39e+00 6.56e+02  -6.0 2.46e+05    -  9.12e-07 1.14e-06f  1
  19  2.9088990e+06 5.39e+00 6.56e+02  -6.0 1.24e+05    -  1.75e-06 7.10e-07f  1
iter    objective    inf_pr   inf_du lg(mu)  ||d||  lg(rg) alpha_du alpha_pr  ls
  20  2.9088695e+06 5.39e+00 6.56e+02  -6.0 1.18e+05    -  1.89e-07 9.45e-08f  1
  21  2.9086073e+06 5.39e+00 6.56e+02  -6.0 1.19e+05    -  4.92e-07 8.40e-07f  1
  22  2.9084664e+06 5.39e+00 6.56e+02  -6.0 8.43e+04    -  1.42e-06 4.60e-07f  1
  23  2.9083776e+06 5.39e+00 6.56e+02  -6.0 8.87e+04    -  5.96e-07 3.29e-07f  1
  24  2.9080332e+06 5.39e+00 6.56e+02  -6.0 6.88e+04  -6.4 3.31e-06 1.66e-06f  1
  25  2.9074745e+06 5.39e+00 6.56e+02  -6.0 8.65e+04    -  1.20e-06 3.44e-06f  1
  26  2.9072867e+06 5.39e+00 6.56e+02  -6.0 6.05e+04    -  6.12e-07 1.49e-06f  1
  27  2.9072393e+06 5.39e+00 6.56e+02  -6.0 6.35e+04    -  6.43e-06 3.41e-07f  1
  28  2.9066290e+06 5.39e+00 6.56e+02  -6.0 5.16e+04    -  2.63e-06 6.86e-06f  1
  29  2.9063447e+06 5.39e+00 6.56e+02  -6.0 3.36e+04    -  1.11e-06 3.88e-06f  1
iter    objective    inf_pr   inf_du lg(mu)  ||d||  lg(rg) alpha_du alpha_pr  ls
  30  2.9062167e+06 5.39e+00 6.56e+02  -6.0 2.76e+04    -  8.57e-07 2.08e-06f  1
  31  2.9059801e+06 5.39e+00 6.56e+02  -6.0 2.45e+04    -  8.17e-07 3.74e-06f  1
  32  2.9059460e+06 5.39e+00 6.56e+02  -6.0 2.21e+04    -  1.73e-05 8.17e-07f  1
  33  2.9056616e+06 5.39e+00 6.56e+02  -6.0 2.92e+04    -  8.07e-07 7.62e-06f  1
  34  2.9055350e+06 5.39e+00 6.56e+02  -6.0 8.99e+03    -  5.07e-06 4.45e-06f  1
  35  2.9053887e+06 5.39e+00 6.56e+02  -6.0 1.19e+04    -  1.47e-05 5.98e-06f  1
  36  2.9052080e+06 5.39e+00 6.56e+02  -6.0 1.46e+04    -  1.60e-05 9.45e-06f  1
  37  2.9049108e+06 5.39e+00 6.56e+02  -6.0 1.20e+04    -  1.68e-05 1.99e-05f  1
  38  2.9047038e+06 5.39e+00 6.55e+02  -6.0 1.26e+04    -  2.01e-05 1.73e-05f  1
  39  2.9046050e+06 5.39e+00 6.55e+02  -6.0 8.41e+03    -  2.82e-06 9.24e-06f  1
iter    objective    inf_pr   inf_du lg(mu)  ||d||  lg(rg) alpha_du alpha_pr  ls
  40  2.9044856e+06 5.39e+00 6.55e+02  -6.0 7.50e+04    -  3.42e-06 6.27e-06f  1
  41  2.9044146e+06 5.39e+00 6.55e+02  -6.0 3.56e+04    -  2.53e-06 4.06e-06f  1
  42  2.9044017e+06 5.39e+00 6.55e+02  -6.0 1.30e+04    -  1.85e-05 9.45e-07f  1
  43  2.9042231e+06 5.38e+00 6.55e+02  -6.0 1.83e+04    -  2.84e-06 1.47e-05f  1
  44  2.9041115e+06 5.38e+00 6.55e+02  -6.0 1.95e+04    -  3.00e-05 9.34e-06f  1
  45  2.9040919e+06 5.38e+00 6.55e+02  -6.0 1.77e+04    -  4.63e-06 1.73e-06f  1
  46  2.9039750e+06 5.38e+00 6.55e+02  -6.0 1.58e+04    -  2.48e-06 8.74e-06f  1
  47  2.9039162e+06 5.38e+00 6.55e+02  -6.0 2.14e+04    -  6.80e-07 3.46e-06f  1
  48  2.9038752e+06 5.38e+00 6.55e+02  -6.0 4.01e+04    -  3.75e-06 2.04e-06f  1
  49  2.9037383e+06 5.38e+00 6.55e+02  -6.0 4.32e+04    -  3.88e-06 6.78e-06f  1
iter    objective    inf_pr   inf_du lg(mu)  ||d||  lg(rg) alpha_du alpha_pr  ls
  50  2.9037314e+06 5.38e+00 6.55e+02  -6.0 6.49e+04    -  7.38e-06 3.10e-07f  1
  51  2.9036281e+06 5.38e+00 6.55e+02  -6.0 2.65e+04    -  1.31e-06 6.02e-06f  1
  52  2.9035911e+06 5.38e+00 6.55e+02  -6.0 2.30e+04    -  8.64e-06 2.73e-06f  1
  53  2.9035841e+06 5.38e+00 6.55e+02  -6.0 9.60e+03    -  4.87e-07 6.11e-07f  1
  54  2.9034725e+06 5.38e+00 6.55e+02  -6.0 8.35e+03    -  1.79e-06 8.82e-06f  1
  55  2.9034293e+06 5.38e+00 6.55e+02  -6.0 1.86e+04    -  4.61e-06 3.03e-06f  1
  56  2.9034280e+06 5.38e+00 6.55e+02  -6.0 4.68e+04    -  3.41e-06 9.85e-08f  1
  57  2.9033974e+06 5.38e+00 6.55e+02  -6.0 3.60e+04    -  1.33e-07 2.82e-06f  1
  58  2.9033950e+06 5.38e+00 6.55e+02  -6.0 5.77e+04    -  3.58e-06 2.08e-07f  1
  59  2.9032886e+06 5.38e+00 6.55e+02  -6.0 1.04e+04  -5.1 5.45e-07 1.14e-05f  1
iter    objective    inf_pr   inf_du lg(mu)  ||d||  lg(rg) alpha_du alpha_pr  ls
  60  2.9032326e+06 5.38e+00 6.55e+02  -6.0 1.35e+04    -  4.04e-06 5.54e-06f  1
  61  2.9031261e+06 5.38e+00 6.55e+02  -6.0 3.08e+04    -  7.09e-07 8.07e-06f  1
  62  2.9031175e+06 5.38e+00 6.55e+02  -6.0 1.92e+04    -  3.61e-06 8.00e-07f  1
  63  2.9030888e+06 5.38e+00 6.55e+02  -6.0 1.95e+04    -  1.95e-05 2.85e-06f  1
  64  2.9028417e+06 5.38e+00 6.55e+02  -6.0 2.12e+04    -  2.37e-06 2.48e-05f  1
  65  2.9028143e+06 5.38e+00 6.55e+02  -6.0 4.45e+04    -  2.67e-06 2.51e-06f  1
  66  2.9026992e+06 5.38e+00 6.55e+02  -6.0 3.90e+04    -  3.12e-06 1.07e-05f  1
  67  2.9026785e+06 5.38e+00 6.55e+02  -6.0 3.58e+04    -  9.38e-06 1.86e-06f  1
  68  2.9026531e+06 5.38e+00 6.55e+02  -6.0 1.24e+04    -  8.76e-06 2.80e-06f  1
  69  2.9026040e+06 5.38e+00 6.55e+02  -6.0 1.47e+04    -  2.22e-05 4.95e-06f  1
iter    objective    inf_pr   inf_du lg(mu)  ||d||  lg(rg) alpha_du alpha_pr  ls
  70  2.9024958e+06 5.38e+00 6.55e+02  -6.0 1.27e+04    -  1.05e-06 1.18e-05f  1
  71  2.9023563e+06 5.38e+00 6.55e+02  -6.0 8.23e+03    -  1.03e-05 1.49e-05f  1
  72  2.9023399e+06 5.38e+00 6.55e+02  -6.0 2.23e+04    -  5.01e-06 1.60e-06f  1
  73  2.9022847e+06 5.38e+00 6.55e+02  -6.0 1.80e+04    -  2.09e-06 5.50e-06f  1
  74  2.9021729e+06 5.38e+00 6.55e+02  -6.0 9.84e+03    -  1.02e-05 1.15e-05f  1
  75  2.9021332e+06 5.38e+00 6.55e+02  -6.0 8.30e+03    -  4.72e-06 4.28e-06f  1
  76  2.9019594e+06 5.38e+00 6.55e+02  -6.0 9.88e+03    -  9.20e-06 2.06e-05f  1
  77  2.9018410e+06 5.38e+00 6.55e+02  -6.0 1.07e+04    -  4.13e-06 1.30e-05f  1
  78  2.9018007e+06 5.38e+00 6.55e+02  -6.0 5.67e+03    -  1.08e-05 4.96e-06f  1
  79  2.9016261e+06 5.38e+00 6.55e+02  -6.0 5.43e+03  -4.7 3.31e-05 2.22e-05f  1
iter    objective    inf_pr   inf_du lg(mu)  ||d||  lg(rg) alpha_du alpha_pr  ls
  80  2.9015935e+06 5.38e+00 6.55e+02  -6.0 2.05e+04  -5.2 5.19e-06 3.62e-06f  1
  81  2.9013658e+06 5.38e+00 6.55e+02  -6.0 4.05e+03    -  1.14e-05 2.92e-05f  1
  82  2.9013069e+06 5.38e+00 6.55e+02  -6.0 8.03e+03    -  5.25e-05 6.36e-06f  1
  83  2.9010622e+06 5.38e+00 6.55e+02  -6.0 6.23e+03    -  5.90e-06 3.05e-05f  1
  84  2.9010508e+06 5.38e+00 6.55e+02  -6.0 1.88e+04    -  1.03e-05 1.13e-06f  1
  85  2.9010273e+06 5.38e+00 6.55e+02  -6.0 3.95e+03    -  3.23e-05 2.99e-06f  1
  86  2.9008200e+06 5.38e+00 6.55e+02  -6.0 8.04e+03    -  3.01e-06 2.66e-05f  1
  87  2.9006003e+06 5.38e+00 6.55e+02  -6.0 6.99e+03    -  1.54e-05 2.86e-05f  1
  88  2.9002463e+06 5.38e+00 6.55e+02  -6.0 1.64e+04    -  3.75e-05 4.00e-05f  1
  89  2.9001617e+06 5.38e+00 6.55e+02  -6.0 3.52e+03    -  7.19e-06 1.20e-05f  1
iter    objective    inf_pr   inf_du lg(mu)  ||d||  lg(rg) alpha_du alpha_pr  ls
  90  2.9000731e+06 5.38e+00 6.55e+02  -6.0 4.65e+03    -  1.55e-05 1.24e-05f  1
  91  2.8999450e+06 5.38e+00 6.55e+02  -6.0 5.77e+03    -  4.21e-06 1.73e-05f  1
  92  2.8997260e+06 5.38e+00 6.55e+02  -6.0 6.30e+03    -  6.36e-06 2.75e-05f  1
  93  2.8995965e+06 5.38e+00 6.55e+02  -6.0 7.31e+03    -  6.09e-06 1.58e-05f  1
  94  2.8995196e+06 5.38e+00 6.55e+02  -6.0 7.24e+03    -  3.96e-05 9.44e-06f  1
  95  2.8993004e+06 5.38e+00 6.55e+02  -6.0 7.01e+03    -  1.85e-05 2.71e-05f  1
  96  2.8992210e+06 5.38e+00 6.55e+02  -6.0 3.67e+03    -  4.10e-06 1.15e-05f  1
  97  2.8991643e+06 5.38e+00 6.55e+02  -6.0 3.74e+03    -  4.21e-05 8.26e-06f  1
  98  2.8991585e+06 5.38e+00 6.55e+02  -6.0 6.24e+03    -  2.38e-05 8.45e-07f  1
  99  2.8990374e+06 5.38e+00 6.55e+02  -6.0 3.11e+04  -5.6 5.33e-05 1.73e-05f  1
iter    objective    inf_pr   inf_du lg(mu)  ||d||  lg(rg) alpha_du alpha_pr  ls
 100  2.8989465e+06 5.38e+00 6.55e+02  -6.0 3.66e+03  -5.2 2.61e-05 1.38e-05f  1
 101  2.8987288e+06 5.38e+00 6.55e+02  -6.0 2.79e+04  -5.7 2.59e-05 3.21e-05f  1
 102  2.8985423e+06 5.38e+00 6.55e+02  -6.0 2.22e+03    -  1.57e-05 2.84e-05f  1
 103  2.8984319e+06 5.38e+00 6.55e+02  -6.0 4.11e+03    -  2.16e-06 1.46e-05f  1
 104  2.8983298e+06 5.38e+00 6.55e+02  -6.0 2.49e+03    -  8.77e-06 1.56e-05f  1
 105  2.8982427e+06 5.38e+00 6.55e+02  -6.0 3.28e+03    -  5.77e-06 1.30e-05f  1
 106  2.8981656e+06 5.38e+00 6.55e+02  -6.0 8.28e+03    -  9.76e-06 1.02e-05f  1
 107  2.8980597e+06 5.38e+00 6.55e+02  -6.0 2.16e+03    -  7.76e-06 1.63e-05f  1
 108  2.8980238e+06 5.38e+00 6.55e+02  -6.0 6.83e+03    -  5.12e-06 4.64e-06f  1
 109  2.8980166e+06 5.38e+00 6.55e+02  -6.0 2.44e+03    -  4.20e-05 1.12e-06f  1
iter    objective    inf_pr   inf_du lg(mu)  ||d||  lg(rg) alpha_du alpha_pr  ls
 110  2.8977600e+06 5.38e+00 6.55e+02  -6.0 2.68e+03    -  2.68e-05 4.03e-05f  1
 111  2.8977222e+06 5.38e+00 6.55e+02  -6.0 1.54e+04    -  4.20e-06 4.12e-06f  1
 112  2.8975973e+06 5.38e+00 6.55e+02  -6.0 1.25e+04    -  5.89e-06 1.44e-05f  1
 113  2.8975866e+06 5.38e+00 6.55e+02  -6.0 2.96e+03    -  8.50e-09 1.51e-06f  1
 114  2.8973916e+06 5.38e+00 6.55e+02  -6.0 1.45e+04    -  1.49e-05 2.73e-05f  1
 115  2.8973126e+06 5.38e+00 6.55e+02  -6.0 1.56e+04    -  2.36e-05 1.20e-05f  1
 116  2.8971473e+06 5.38e+00 6.55e+02  -6.0 1.44e+04    -  2.76e-05 2.57e-05f  1
 117  2.8969574e+06 5.38e+00 6.55e+02  -6.0 1.22e+04    -  3.67e-05 3.03e-05f  1
 118  2.8964100e+06 5.38e+00 6.55e+02  -6.0 1.31e+03    -  1.68e-05 8.23e-05f  1
 119  2.8962377e+06 5.38e+00 6.55e+02  -6.0 2.16e+03    -  1.92e-05 2.55e-05f  1
iter    objective    inf_pr   inf_du lg(mu)  ||d||  lg(rg) alpha_du alpha_pr  ls
 120  2.8961943e+06 5.38e+00 6.55e+02  -6.0 3.56e+05  -5.3 4.70e-09 4.79e-07f  1
 121  2.8961218e+06 5.38e+00 6.55e+02  -6.0 2.53e+04  -4.8 3.49e-06 6.33e-06f  1
 122  2.8961152e+06 5.38e+00 6.55e+02  -6.0 5.04e+04    -  6.29e-06 4.43e-07f  1
 123  2.8961090e+06 5.38e+00 6.55e+02  -6.0 1.90e+04    -  1.19e-05 6.18e-07f  1
 124  2.8959623e+06 5.38e+00 6.55e+02  -6.0 7.68e+03    -  7.88e-06 1.73e-05f  1
 125  2.8958250e+06 5.38e+00 6.55e+02  -6.0 7.85e+03    -  3.46e-05 1.64e-05f  1
 126  2.8957666e+06 5.38e+00 6.55e+02  -6.0 8.03e+03    -  7.75e-06 7.04e-06f  1
 127  2.8954594e+06 5.38e+00 6.55e+02  -6.0 8.16e+03    -  1.07e-05 3.72e-05f  1
 128  2.8954092e+06 5.38e+00 6.55e+02  -6.0 8.96e+03    -  4.49e-05 6.14e-06f  1
 129  2.8953103e+06 5.38e+00 6.55e+02  -6.0 2.12e+04    -  6.01e-08 9.44e-06f  1
iter    objective    inf_pr   inf_du lg(mu)  ||d||  lg(rg) alpha_du alpha_pr  ls
 130  2.8952053e+06 5.38e+00 6.55e+02  -6.0 2.33e+04    -  1.31e-05 9.91e-06f  1
 131  2.8951889e+06 5.38e+00 6.55e+02  -6.0 5.61e+03    -  2.84e-05 2.70e-06f  1
 132  2.8951716e+06 5.38e+00 6.55e+02  -6.0 5.55e+03    -  2.51e-05 2.85e-06f  1
 133  2.8950672e+06 5.38e+00 6.55e+02  -6.0 8.52e+03    -  3.02e-08 1.02e-05f  1
 134  2.8950505e+06 5.38e+00 6.55e+02  -6.0 1.21e+04    -  1.41e-08 1.48e-06f  1
 135  2.8949221e+06 5.38e+00 6.55e+02  -6.0 6.05e+03    -  2.22e-05 1.45e-05f  1
 136  2.8948949e+06 5.38e+00 6.55e+02  -6.0 6.65e+03    -  1.48e-05 3.09e-06f  1
 137  2.8948348e+06 5.38e+00 6.55e+02  -6.0 6.70e+03    -  9.65e-06 6.84e-06f  1
 138  2.8945022e+06 5.38e+00 6.55e+02  -6.0 1.04e+04    -  5.42e-06 3.54e-05f  1
 139  2.8944392e+06 5.38e+00 6.55e+02  -6.0 1.24e+04    -  1.11e-05 6.87e-06f  1
iter    objective    inf_pr   inf_du lg(mu)  ||d||  lg(rg) alpha_du alpha_pr  ls
 140  2.8943468e+06 5.38e+00 6.55e+02  -6.0 1.25e+04    -  4.15e-06 1.02e-05f  1
 141  2.8942265e+06 5.38e+00 6.55e+02  -6.0 5.65e+03    -  4.26e-05 1.88e-05f  1
 142  2.8942097e+06 5.38e+00 6.55e+02  -6.0 1.60e+04  -4.4 2.58e-09 1.63e-06f  1
 143  2.8941689e+06 5.38e+00 6.55e+02  -6.0 1.93e+03    -  1.71e-05 6.42e-06f  1
 144  2.8940479e+06 5.38e+00 6.55e+02  -6.0 1.93e+03    -  7.39e-06 1.90e-05f  1
 145  2.8937161e+06 5.38e+00 6.55e+02  -6.0 2.50e+03    -  5.35e-05 5.18e-05f  1
 146  2.8934866e+06 5.38e+00 6.54e+02  -6.0 2.29e+03    -  1.08e-04 3.64e-05f  1
 147  2.8930074e+06 5.38e+00 6.54e+02  -6.0 2.31e+03    -  2.17e-05 7.61e-05f  1
 148  2.8927801e+06 5.38e+00 6.54e+02  -6.0 2.69e+03    -  6.27e-06 3.63e-05f  1
 149  2.8927633e+06 5.38e+00 6.54e+02  -6.0 2.16e+03    -  6.59e-06 2.64e-06f  1
iter    objective    inf_pr   inf_du lg(mu)  ||d||  lg(rg) alpha_du alpha_pr  ls
 150  2.8926753e+06 5.38e+00 6.54e+02  -6.0 2.70e+03    -  4.59e-06 1.42e-05f  1
 151  2.8926507e+06 5.38e+00 6.54e+02  -6.0 3.40e+03    -  2.52e-05 4.00e-06f  1
 152  2.8925812e+06 5.38e+00 6.54e+02  -6.0 3.66e+03    -  3.27e-05 1.11e-05f  1
 153  2.8925710e+06 5.38e+00 6.54e+02  -6.0 3.32e+03    -  1.62e-05 1.64e-06f  1
 154  2.8924730e+06 5.38e+00 6.54e+02  -6.0 9.97e+02    -  9.09e-07 1.48e-05f  1
 155  2.8917127e+06 5.38e+00 6.54e+02  -6.0 1.57e+03    -  2.12e-05 1.16e-04f  1
 156  2.8915659e+06 5.38e+00 6.54e+02  -6.0 9.62e+02    -  2.37e-05 2.24e-05f  1
 157  2.8913469e+06 5.38e+00 6.54e+02  -6.0 8.77e+02    -  9.82e-06 3.33e-05f  1
 158  2.8910825e+06 5.38e+00 6.54e+02  -6.0 8.82e+02    -  1.09e-04 4.01e-05f  1
 159  2.8907145e+06 5.38e+00 6.54e+02  -6.0 3.07e+03    -  1.66e-05 4.92e-05f  1
iter    objective    inf_pr   inf_du lg(mu)  ||d||  lg(rg) alpha_du alpha_pr  ls
 160  2.8906717e+06 5.38e+00 6.54e+02  -6.0 8.54e+03    -  8.73e-06 4.91e-06f  1
 161  2.8905580e+06 5.38e+00 6.54e+02  -6.0 9.41e+03    -  2.62e-05 1.28e-05f  1
 162  2.8905189e+06 5.38e+00 6.54e+02  -6.0 1.12e+03  -4.0 1.43e-05 5.91e-06f  1
 163  2.8904599e+06 5.38e+00 6.54e+02  -6.0 5.00e+02  -3.6 1.37e-05 9.25e-06f  1
 164  2.8903679e+06 5.38e+00 6.54e+02  -6.0 5.31e+03    -  4.17e-07 1.30e-05f  1
 165  2.8900708e+06 5.38e+00 6.54e+02  -6.0 1.84e+03  -4.0 6.68e-06 4.51e-05f  1
 166  2.8898731e+06 5.37e+00 6.54e+02  -6.0 5.53e+02  -3.6 3.96e-06 3.07e-05f  1
 167  2.8896092e+06 5.37e+00 6.54e+02  -6.0 3.07e+03  -4.1 1.73e-05 3.96e-05f  1
 168  2.8893774e+06 5.37e+00 6.54e+02  -6.0 5.64e+03    -  4.95e-05 3.25e-05f  1
 169  2.8893228e+06 5.37e+00 6.54e+02  -6.0 3.32e+03    -  4.78e-05 8.08e-06f  1
iter    objective    inf_pr   inf_du lg(mu)  ||d||  lg(rg) alpha_du alpha_pr  ls
 170  2.8892893e+06 5.37e+00 6.54e+02  -6.0 3.89e+02  -3.7 1.45e-05 5.20e-06f  1
 171  2.8884456e+06 5.37e+00 6.54e+02  -6.0 1.07e+03  -4.1 7.58e-06 1.29e-04f  1
 172  2.8883231e+06 5.37e+00 6.54e+02  -6.0 4.68e+02  -3.7 1.06e-04 1.91e-05f  1
 173  2.8879656e+06 5.37e+00 6.54e+02  -6.0 1.06e+04  -4.2 1.32e-05 5.32e-05f  1
 174  2.8866636e+06 5.37e+00 6.54e+02  -6.0 6.22e+02  -3.8 4.99e-05 2.01e-04f  1
 175  2.8864926e+06 5.37e+00 6.54e+02  -6.0 1.26e+04  -4.2 7.35e-05 2.50e-05f  1
 176  2.8863689e+06 5.37e+00 6.54e+02  -6.0 3.07e+03    -  7.55e-06 1.83e-05f  1
 177  2.8863543e+06 5.37e+00 6.54e+02  -6.0 2.34e+03    -  3.40e-05 2.17e-06f  1
 178  2.8860706e+06 5.37e+00 6.54e+02  -6.0 2.52e+03    -  3.54e-05 4.23e-05f  1
 179  2.8857836e+06 5.37e+00 6.54e+02  -6.0 4.34e+03    -  6.69e-05 4.26e-05f  1
iter    objective    inf_pr   inf_du lg(mu)  ||d||  lg(rg) alpha_du alpha_pr  ls
 180  2.8856349e+06 5.37e+00 6.54e+02  -6.0 2.40e+03    -  6.08e-05 2.23e-05f  1
 181  2.8855918e+06 5.37e+00 6.54e+02  -6.0 1.21e+04    -  9.50e-06 6.37e-06f  1
 182  2.8855015e+06 5.37e+00 6.54e+02  -6.0 2.89e+03    -  5.34e-05 1.35e-05f  1
 183  2.8852756e+06 5.37e+00 6.54e+02  -6.0 3.74e+03    -  2.30e-05 3.34e-05f  1
 184  2.8850244e+06 5.37e+00 6.54e+02  -6.0 3.67e+03    -  2.86e-05 3.72e-05f  1
 185  2.8847182e+06 5.37e+00 6.54e+02  -6.0 3.46e+03    -  5.21e-05 4.54e-05f  1
 186  2.8845532e+06 5.37e+00 6.54e+02  -6.0 3.61e+03    -  9.65e-05 2.16e-05f  1
 187  2.8845245e+06 5.37e+00 6.54e+02  -6.0 2.59e+03    -  2.44e-05 3.82e-06f  1
 188  2.8841552e+06 5.37e+00 6.54e+02  -6.0 2.53e+03    -  2.71e-05 5.00e-05f  1
 189  2.8840008e+06 5.37e+00 6.54e+02  -6.0 1.81e+03    -  1.32e-05 2.12e-05f  1
iter    objective    inf_pr   inf_du lg(mu)  ||d||  lg(rg) alpha_du alpha_pr  ls
 190  2.8834579e+06 5.37e+00 6.54e+02  -6.0 1.87e+03    -  4.69e-05 7.56e-05f  1
 191  2.8830777e+06 5.37e+00 6.54e+02  -6.0 2.19e+03    -  5.73e-05 5.51e-05f  1
 192  2.8830014e+06 5.37e+00 6.54e+02  -6.0 4.64e+03    -  1.89e-05 1.07e-05f  1
 193  2.8828620e+06 5.37e+00 6.54e+02  -6.0 7.79e+03    -  2.00e-05 1.91e-05f  1
 194  2.8827527e+06 5.37e+00 6.54e+02  -6.0 1.17e+04    -  9.21e-06 1.47e-05f  1
 195  2.8826674e+06 5.37e+00 6.54e+02  -6.0 7.04e+03    -  2.12e-05 1.20e-05f  1
 196  2.8825874e+06 5.37e+00 6.54e+02  -6.0 1.48e+04    -  8.23e-06 1.07e-05f  1
 197  2.8824640e+06 5.37e+00 6.54e+02  -6.0 1.16e+04    -  1.70e-05 1.76e-05f  1
 198  2.8823896e+06 5.37e+00 6.53e+02  -6.0 4.33e+03    -  7.32e-05 1.11e-05f  1
 199  2.8821402e+06 5.37e+00 6.53e+02  -6.0 3.76e+03    -  9.08e-05 3.68e-05f  1
iter    objective    inf_pr   inf_du lg(mu)  ||d||  lg(rg) alpha_du alpha_pr  ls
 200  2.8818822e+06 5.37e+00 6.53e+02  -6.0 2.63e+03    -  6.79e-05 3.82e-05f  1
 201  2.8815703e+06 5.37e+00 6.53e+02  -6.0 3.64e+03    -  8.51e-05 4.76e-05f  1
 202  2.8812530e+06 5.37e+00 6.53e+02  -6.0 3.51e+03    -  3.49e-05 4.84e-05f  1
 203  2.8807333e+06 5.37e+00 6.53e+02  -6.0 3.34e+03    -  1.14e-04 7.63e-05f  1
 204  2.8804212e+06 5.37e+00 6.53e+02  -6.0 2.40e+03    -  5.04e-05 4.54e-05f  1
 205  2.8796949e+06 5.37e+00 6.53e+02  -6.0 2.39e+03    -  3.33e-05 1.05e-04f  1
 206  2.8796836e+06 5.37e+00 6.53e+02  -6.0 2.54e+03    -  1.87e-05 1.62e-06f  1
 207  2.8796492e+06 5.37e+00 6.53e+02  -6.0 2.61e+03    -  7.51e-06 4.93e-06f  1
 208  2.8795625e+06 5.37e+00 6.53e+02  -6.0 2.67e+03    -  5.68e-06 1.24e-05f  1
 209  2.8792829e+06 5.37e+00 6.53e+02  -6.0 2.63e+03    -  4.52e-05 3.96e-05f  1
iter    objective    inf_pr   inf_du lg(mu)  ||d||  lg(rg) alpha_du alpha_pr  ls
 210  2.8792512e+06 5.37e+00 6.53e+02  -6.0 1.67e+04    -  5.70e-06 3.18e-06f  1
 211  2.8792051e+06 5.37e+00 6.53e+02  -6.0 3.99e+04  -4.7 5.84e-06 3.61e-06f  1
 212  2.8791973e+06 5.37e+00 6.53e+02  -6.0 7.24e+03  -4.3 2.13e-05 1.00e-06f  1
 213  2.8791769e+06 5.37e+00 6.53e+02  -6.0 2.23e+03    -  7.77e-05 2.97e-06f  1
 214  2.8788579e+06 5.37e+00 6.53e+02  -6.0 2.22e+03    -  2.28e-06 4.64e-05f  1
 215  2.8788152e+06 5.37e+00 6.53e+02  -6.0 2.22e+03    -  1.05e-06 6.22e-06f  1
 216  2.8787191e+06 5.37e+00 6.53e+02  -6.0 2.19e+03    -  1.67e-05 1.40e-05f  1
 217  2.8786823e+06 5.37e+00 6.53e+02  -6.0 2.49e+03    -  4.25e-06 5.18e-06f  1
 218  2.8786538e+06 5.37e+00 6.53e+02  -6.0 2.66e+03    -  1.14e-05 4.01e-06f  1
 219  2.8785600e+06 5.37e+00 6.53e+02  -6.0 2.78e+03    -  1.70e-05 1.32e-05f  1
iter    objective    inf_pr   inf_du lg(mu)  ||d||  lg(rg) alpha_du alpha_pr  ls
 220  2.8783793e+06 5.37e+00 6.53e+02  -6.0 3.24e+03    -  4.23e-05 2.53e-05f  1
 221  2.8780127e+06 5.37e+00 6.53e+02  -6.0 3.09e+03    -  8.32e-06 5.09e-05f  1
 222  2.8779872e+06 5.37e+00 6.53e+02  -6.0 2.75e+03    -  5.40e-06 3.58e-06f  1
 223  2.8779147e+06 5.37e+00 6.53e+02  -6.0 2.71e+03    -  2.46e-05 1.02e-05f  1
 224  2.8778680e+06 5.37e+00 6.53e+02  -6.0 2.37e+03    -  1.82e-05 6.63e-06f  1
 225  2.8777913e+06 5.37e+00 6.53e+02  -6.0 1.98e+03    -  1.46e-05 1.11e-05f  1
 226  2.8777559e+06 5.37e+00 6.53e+02  -6.0 2.74e+03    -  2.43e-05 5.62e-06f  1
 227  2.8774922e+06 5.37e+00 6.53e+02  -6.0 2.62e+03    -  1.73e-05 4.14e-05f  1
 228  2.8773318e+06 5.37e+00 6.53e+02  -6.0 2.64e+03    -  2.53e-06 2.51e-05f  1
 229  2.8772298e+06 5.36e+00 6.53e+02  -6.0 2.59e+03    -  3.13e-05 1.61e-05f  1
iter    objective    inf_pr   inf_du lg(mu)  ||d||  lg(rg) alpha_du alpha_pr  ls
 230  2.8770630e+06 5.36e+00 6.53e+02  -6.0 2.77e+03    -  5.05e-06 2.69e-05f  1
 231  2.8770283e+06 5.36e+00 6.53e+02  -6.0 2.81e+03    -  3.36e-05 5.58e-06f  1
 232  2.8768949e+06 5.36e+00 6.53e+02  -6.0 2.73e+03    -  8.71e-06 2.09e-05f  1
 233  2.8768329e+06 5.36e+00 6.53e+02  -6.0 2.36e+03    -  1.48e-05 9.97e-06f  1
 234  2.8766716e+06 5.36e+00 6.53e+02  -6.0 2.31e+03    -  3.81e-06 2.58e-05f  1
 235  2.8762437e+06 5.36e+00 6.53e+02  -6.0 2.22e+03    -  2.48e-05 6.78e-05f  1
 236  2.8759616e+06 5.36e+00 6.53e+02  -6.0 2.29e+03    -  1.11e-05 4.31e-05f  1
 237  2.8758923e+06 5.36e+00 6.53e+02  -6.0 2.16e+03    -  4.85e-05 9.97e-06f  1
 238  2.8757994e+06 5.36e+00 6.53e+02  -6.0 2.15e+03    -  9.82e-06 1.33e-05f  1
 239  2.8753951e+06 5.36e+00 6.53e+02  -6.0 1.94e+03    -  2.59e-05 5.60e-05f  1
iter    objective    inf_pr   inf_du lg(mu)  ||d||  lg(rg) alpha_du alpha_pr  ls
 240  2.8752968e+06 5.36e+00 6.53e+02  -6.0 1.65e+03    -  2.13e-05 1.36e-05f  1
 241  2.8751094e+06 5.36e+00 6.53e+02  -6.0 1.71e+03    -  1.74e-05 2.58e-05f  1
 242  2.8748844e+06 5.36e+00 6.53e+02  -6.0 3.17e+03    -  4.69e-05 3.26e-05f  1
 243  2.8746647e+06 5.36e+00 6.53e+02  -6.0 2.06e+03    -  1.94e-05 2.70e-05f  1
 244  2.8746125e+06 5.36e+00 6.53e+02  -6.0 3.38e+03    -  3.77e-06 5.87e-06f  1
 245  2.8745679e+06 5.36e+00 6.53e+02  -6.0 5.63e+03    -  6.70e-08 4.20e-06f  1
 246  2.8744755e+06 5.36e+00 6.53e+02  -6.0 7.61e+03    -  1.89e-06 8.16e-06f  1
 247  2.8743971e+06 5.36e+00 6.53e+02  -6.0 8.26e+03    -  7.61e-06 6.74e-06f  1
 248  2.8742756e+06 5.36e+00 6.53e+02  -6.0 5.51e+03    -  1.37e-05 1.22e-05f  1
 249  2.8741936e+06 5.36e+00 6.53e+02  -6.0 1.62e+04    -  4.51e-07 6.31e-06f  1
iter    objective    inf_pr   inf_du lg(mu)  ||d||  lg(rg) alpha_du alpha_pr  ls
 250  2.8741404e+06 5.36e+00 6.53e+02  -6.0 4.43e+04    -  3.81e-07 2.49e-06f  1
 251  2.8741383e+06 5.36e+00 6.53e+02  -6.0 1.05e+04    -  1.15e-05 1.87e-07f  1
 252  2.8740902e+06 5.36e+00 6.53e+02  -6.0 8.01e+03    -  1.46e-05 4.69e-06f  1
 253  2.8740430e+06 5.36e+00 6.53e+02  -6.0 1.83e+04    -  4.14e-07 3.51e-06f  1
 254  2.8740286e+06 5.36e+00 6.53e+02  -6.0 8.32e+04    -  5.05e-07 4.46e-07f  1
 255  2.8740255e+06 5.36e+00 6.53e+02  -6.0 2.13e+05    -  2.18e-07 4.47e-08f  1
 256  2.8740007e+06 5.36e+00 6.53e+02  -6.0 8.19e+05    -  1.28e-07 1.03e-07f  1
 257  2.8739877e+06 5.36e+00 6.53e+02  -6.0 2.48e+04  -4.8 9.00e-06 9.26e-07f  1
 258  2.8738614e+06 5.36e+00 6.53e+02  -6.0 4.14e+03    -  1.77e-05 1.63e-05f  1
 259  2.8738497e+06 5.36e+00 6.53e+02  -6.0 1.61e+05  -5.2 2.68e-08 2.34e-07f  1
iter    objective    inf_pr   inf_du lg(mu)  ||d||  lg(rg) alpha_du alpha_pr  ls
 260  2.8738237e+06 5.36e+00 6.53e+02  -6.0 3.33e+04  -4.8 2.15e-06 1.61e-06f  1
 261  2.8738235e+06 5.36e+00 6.53e+02  -6.0 1.59e+03  -3.5 5.35e-06 2.19e-08f  1
 262  2.8737214e+06 5.36e+00 6.53e+02  -6.0 4.16e+03  -4.0 4.02e-07 1.19e-05f  1
 263  2.8737000e+06 5.36e+00 6.53e+02  -6.0 1.95e+03  -3.5 6.31e-06 2.87e-06f  1
 264  2.8736961e+06 5.36e+00 6.53e+02  -6.0 5.25e+03  -4.0 2.22e-07 4.47e-07f  1
 265  2.8736921e+06 5.36e+00 6.53e+02  -6.0 2.47e+03  -3.6 2.65e-05 5.31e-07f  1
 266  2.8736181e+06 5.36e+00 6.53e+02  -6.0 5.29e+03  -4.1 8.69e-06 8.59e-06f  1
 267  2.8736138e+06 5.36e+00 6.53e+02  -6.0 2.89e+03  -3.6 6.91e-06 5.75e-07f  1
 268  2.8733268e+06 5.36e+00 6.53e+02  -6.0 6.11e+03  -4.1 3.27e-06 3.37e-05f  1
 269  2.8732871e+06 5.36e+00 6.53e+02  -6.0 2.25e+03    -  2.73e-06 5.37e-06f  1
iter    objective    inf_pr   inf_du lg(mu)  ||d||  lg(rg) alpha_du alpha_pr  ls
 270  2.8732577e+06 5.36e+00 6.53e+02  -6.0 2.21e+03    -  3.70e-06 4.00e-06f  1
 271  2.8731307e+06 5.36e+00 6.53e+02  -6.0 2.33e+03    -  2.14e-05 1.72e-05f  1
 272  2.8730637e+06 5.36e+00 6.53e+02  -6.0 2.24e+03    -  2.46e-05 9.29e-06f  1
 273  2.8730135e+06 5.36e+00 6.52e+02  -6.0 2.26e+03    -  3.30e-05 7.12e-06f  1
 274  2.8728616e+06 5.36e+00 6.52e+02  -6.0 1.88e+03    -  3.28e-05 2.16e-05f  1
 275  2.8728292e+06 5.36e+00 6.52e+02  -6.0 1.97e+03    -  1.19e-05 4.50e-06f  1
 276  2.8728234e+06 5.36e+00 6.52e+02  -6.0 2.07e+03    -  3.19e-05 8.09e-07f  1
 277  2.8727882e+06 5.36e+00 6.52e+02  -6.0 2.33e+03    -  9.61e-06 4.90e-06f  1
 278  2.8724309e+06 5.36e+00 6.52e+02  -6.0 3.06e+03    -  9.00e-06 4.76e-05f  1
 279  2.8724030e+06 5.36e+00 6.52e+02  -6.0 3.60e+03    -  2.42e-05 3.83e-06f  1
iter    objective    inf_pr   inf_du lg(mu)  ||d||  lg(rg) alpha_du alpha_pr  ls
 280  2.8723837e+06 5.36e+00 6.52e+02  -6.0 3.67e+03    -  7.34e-06 2.82e-06f  1
 281  2.8722872e+06 5.36e+00 6.52e+02  -6.0 4.82e+03    -  9.39e-06 1.30e-05f  1
 282  2.8721785e+06 5.36e+00 6.52e+02  -6.0 3.60e+03    -  2.60e-06 1.46e-05f  1
 283  2.8720615e+06 5.36e+00 6.52e+02  -6.0 2.58e+03    -  1.10e-05 1.67e-05f  1
 284  2.8719721e+06 5.36e+00 6.52e+02  -6.0 2.39e+03    -  1.74e-05 1.27e-05f  1
 285  2.8719230e+06 5.36e+00 6.52e+02  -6.0 2.39e+03    -  3.14e-05 7.15e-06f  1
 286  2.8716835e+06 5.36e+00 6.52e+02  -6.0 2.39e+03    -  5.66e-05 3.53e-05f  1
 287  2.8716364e+06 5.36e+00 6.52e+02  -6.0 3.89e+03    -  6.62e-07 6.24e-06f  1
 288  2.8715747e+06 5.36e+00 6.52e+02  -6.0 3.15e+03    -  1.27e-07 8.04e-06f  1
 289  2.8715339e+06 5.36e+00 6.52e+02  -6.0 3.27e+03    -  1.41e-06 5.22e-06f  1
iter    objective    inf_pr   inf_du lg(mu)  ||d||  lg(rg) alpha_du alpha_pr  ls
 290  2.8715171e+06 5.36e+00 6.52e+02  -6.0 1.68e+03    -  5.34e-06 2.43e-06f  1
 291  2.8714888e+06 5.36e+00 6.52e+02  -6.0 3.55e+03    -  1.11e-05 3.80e-06f  1
 292  2.8714374e+06 5.36e+00 6.52e+02  -6.0 2.65e+03    -  1.77e-05 8.03e-06f  1
 293  2.8712597e+06 5.36e+00 6.52e+02  -6.0 2.68e+03    -  3.65e-05 2.78e-05f  1
 294  2.8709711e+06 5.36e+00 6.52e+02  -6.0 2.52e+03    -  2.69e-05 4.36e-05f  1
 295  2.8708385e+06 5.36e+00 6.52e+02  -6.0 2.72e+03    -  1.87e-05 2.00e-05f  1
 296  2.8708062e+06 5.36e+00 6.52e+02  -6.0 2.80e+03    -  7.93e-08 4.38e-06f  1
 297  2.8705571e+06 5.36e+00 6.52e+02  -6.0 2.99e+03    -  5.86e-06 3.49e-05f  1
 298  2.8705130e+06 5.36e+00 6.52e+02  -6.0 3.02e+03    -  4.33e-05 6.28e-06f  1
 299  2.8694596e+06 5.36e+00 6.52e+02  -6.0 3.08e+03    -  6.26e-05 1.50e-04f  1
iter    objective    inf_pr   inf_du lg(mu)  ||d||  lg(rg) alpha_du alpha_pr  ls
 300  2.8692289e+06 5.36e+00 6.52e+02  -6.0 2.61e+03    -  3.12e-06 3.02e-05f  1

Number of Iterations....: 300

                                   (scaled)                 (unscaled)
Objective...............:   2.3440010183037128e+04    2.8692288990047150e+06
Dual infeasibility......:   6.5216016248362109e+02    7.9829179695994681e+04
Constraint violation....:   3.3134359690607256e+00    5.3590826809132377e+00
Variable bound violation:   1.0894215307644117e-08    1.0894215307644117e-08
Complementarity.........:   9.9491624962561631e-01    1.2178503478556641e+02
Overall NLP error.......:   6.5216016248362109e+02    7.9829179695994681e+04


Number of objective function evaluations             = 301
Number of objective gradient evaluations             = 301
Number of equality constraint evaluations            = 301
Number of inequality constraint evaluations          = 302
Number of equality constraint Jacobian evaluations   = 301
Number of inequality constraint Jacobian evaluations = 301
Number of Lagrangian Hessian evaluations             = 300
Total seconds in IPOPT                               = 85.430

EXIT: Maximum Number of Iterations Exceeded.

