Solver command line: ['/opt/homebrew/bin/ipopt', '/var/folders/6y/bvynbx6n3zv7z3lwg6vd724r0000gn/T/tmpmme9qmzl.pyomo.nl', '-AMPL', 'tol=1e-06', 'max_iter=300', 'print_level=5', 'warm_start_init_point=yes', 'warm_start_bound_push=1e-06', 'warm_start_bound_frac=1e-06', 'warm_start_mult_bound_push=1e-06', 'mu_init=1e-06', 'least_square_init_duals=no']

Ipopt 3.14.19: tol=1e-06
max_iter=300
print_level=5
warm_start_init_point=yes
warm_start_bound_push=1e-06
warm_start_bound_frac=1e-06
warm_start_mult_bound_push=1e-06
mu_init=1e-06
least_square_init_duals=no


******************************************************************************
This program contains Ipopt, a library for large-scale nonlinear optimization.
 Ipopt is released as open source code under the Eclipse Public License (EPL).
         For more information visit https://github.com/coin-or/Ipopt
******************************************************************************

This is Ipopt version 3.14.19, running with linear solver MUMPS 5.6.2.

Number of nonzeros in equality constraint Jacobian...:    19617
Number of nonzeros in inequality constraint Jacobian.:    15928
Number of nonzeros in Lagrangian Hessian.............:    10902

Total number of variables............................:     3228
                     variables with only lower bounds:        0
                variables with lower and upper bounds:     3228
                     variables with only upper bounds:        0
Total number of equality constraints.................:     2709
Total number of inequality constraints...............:     3982
        inequality constraints with only lower bounds:        0
   inequality constraints with lower and upper bounds:        0
        inequality constraints with only upper bounds:     3982

iter    objective    inf_pr   inf_du lg(mu)  ||d||  lg(rg) alpha_du alpha_pr  ls
   0  1.2588445e+06 1.94e+01 4.71e+03  -6.0 0.00e+00    -  0.00e+00 0.00e+00   0
   1  1.2585695e+06 1.91e+01 4.65e+03  -6.0 1.54e+01    -  5.85e-03 1.30e-02f  1
   2  1.2577505e+06 1.83e+01 4.44e+03  -6.0 1.12e+01    -  2.83e-03 4.42e-02f  1
   3  1.2576663e+06 1.82e+01 4.42e+03  -6.0 1.15e+01    -  1.45e-02 4.55e-03h  1
   4  1.2571971e+06 1.77e+01 4.30e+03  -6.0 1.10e+01    -  6.66e-03 2.65e-02f  1
   5  1.2565376e+06 1.70e+01 4.14e+03  -6.0 1.10e+01    -  1.60e-02 3.87e-02f  1
   6  1.2561894e+06 1.66e+01 4.05e+03  -6.0 1.07e+01    -  4.00e-02 2.10e-02f  1
   7  1.2561086e+06 1.66e+01 4.03e+03  -6.0 1.06e+01    -  5.73e-03 4.97e-03h  1
   8  1.2549337e+06 1.54e+01 3.75e+03  -6.0 1.07e+01    -  6.09e-03 7.15e-02f  1
   9  1.2549337e+06 1.54e+01 3.75e+03  -6.0 8.30e+00    -  3.88e-03 5.05e-08h  2
iter    objective    inf_pr   inf_du lg(mu)  ||d||  lg(rg) alpha_du alpha_pr  ls
  10  1.2549261e+06 1.53e+01 3.75e+03  -6.0 6.88e+00    -  2.79e-02 1.36e-03h  1
  11  1.2547743e+06 1.49e+01 3.65e+03  -6.0 1.19e+01    -  5.31e-03 2.65e-02h  1
  12  1.2546509e+06 1.46e+01 3.56e+03  -6.0 1.07e+01    -  2.49e-02 2.32e-02h  1
  13  1.2545878e+06 1.43e+01 3.49e+03  -6.0 8.49e+00    -  6.39e-02 2.14e-02h  1
  14  1.2545597e+06 1.41e+01 3.45e+03  -6.0 7.78e+00    -  9.38e-03 1.01e-02h  1
  15  1.2545460e+06 1.40e+01 3.42e+03  -6.0 1.27e+01    -  1.07e-01 1.06e-02h  1
  16  1.2545309e+06 1.38e+01 3.37e+03  -6.0 1.21e+01    -  1.97e-02 1.20e-02h  1
  17  1.2545280e+06 1.38e+01 3.37e+03  -6.0 1.21e+01    -  4.15e-02 2.54e-03h  1
  18  1.2545158e+06 1.36e+01 3.33e+03  -6.0 1.21e+01    -  8.67e-02 1.10e-02h  1
  19  1.2545072e+06 1.35e+01 3.30e+03  -6.0 1.20e+01    -  1.37e-02 8.37e-03h  1
iter    objective    inf_pr   inf_du lg(mu)  ||d||  lg(rg) alpha_du alpha_pr  ls
  20  1.2545048e+06 1.34e+01 3.28e+03  -6.0 1.17e+01    -  2.78e-02 6.28e-03h  1
  21  1.2545016e+06 1.32e+01 3.23e+03  -6.0 1.17e+01    -  2.31e-02 1.36e-02h  1
  22  1.2545007e+06 1.32e+01 3.21e+03  -6.0 1.13e+01    -  4.83e-02 6.72e-03h  1
  23  1.2545043e+06 1.28e+01 3.12e+03  -6.0 6.02e+00    -  2.58e-02 2.77e-02h  1
  24  1.2545123e+06 1.26e+01 3.09e+03  -6.0 6.44e+00    -  4.68e-02 1.20e-02h  1
  25  1.2545613e+06 1.21e+01 2.94e+03  -6.0 5.92e+00    -  4.96e-02 4.63e-02h  1
  26  1.2545708e+06 1.20e+01 2.92e+03  -6.0 5.67e+00    -  8.91e-02 7.60e-03h  1
  27  1.2546005e+06 1.17e+01 2.86e+03  -6.0 4.94e+00    -  1.55e-01 2.15e-02h  1
  28  1.2546139e+06 1.16e+01 2.83e+03  -6.0 4.79e+00    -  6.19e-02 8.96e-03h  1
  29  1.2546510e+06 1.13e+01 2.76e+03  -6.0 4.71e+00    -  9.72e-02 2.42e-02h  1
iter    objective    inf_pr   inf_du lg(mu)  ||d||  lg(rg) alpha_du alpha_pr  ls
  30  1.2546691e+06 1.12e+01 2.73e+03  -6.0 4.32e+00    -  1.81e-01 1.09e-02h  1
  31  1.2547356e+06 1.08e+01 2.64e+03  -6.0 3.89e+00    -  1.08e-01 3.31e-02h  1
  32  1.2547954e+06 1.05e+01 2.57e+03  -6.0 3.35e+00    -  7.61e-02 2.86e-02h  1
  33  1.2548718e+06 1.01e+01 2.48e+03  -6.0 3.62e+00    -  3.08e-02 3.57e-02h  1
  34  1.2551739e+06 8.75e+00 2.14e+03  -6.0 3.90e+00    -  1.32e-01 1.38e-01h  1
  35  1.2552359e+06 8.51e+00 2.08e+03  -6.0 4.79e+00    -  2.62e-01 2.73e-02h  1
  36  1.2554012e+06 7.89e+00 1.93e+03  -6.0 4.89e+00    -  9.62e-02 7.24e-02h  1
  37  1.2555764e+06 7.29e+00 1.78e+03  -6.0 5.37e+00    -  1.38e-01 7.64e-02h  1
  38  1.2556325e+06 7.11e+00 1.74e+03  -6.0 5.53e+00    -  1.28e-01 2.48e-02h  1
  39  1.2558773e+06 6.34e+00 1.55e+03  -6.0 5.57e+00    -  1.24e-01 1.09e-01h  1
iter    objective    inf_pr   inf_du lg(mu)  ||d||  lg(rg) alpha_du alpha_pr  ls
  40  1.2559232e+06 6.21e+00 1.52e+03  -6.0 6.53e+00    -  1.26e-01 2.09e-02h  1
  41  1.2562024e+06 5.41e+00 1.32e+03  -6.0 6.54e+00    -  1.79e-01 1.28e-01h  1
  42  1.2563363e+06 5.06e+00 1.24e+03  -6.0 6.41e+00    -  2.62e-01 6.49e-02h  1
  43r 1.2563363e+06 5.06e+00 9.99e+02  -0.0 0.00e+00    -  0.00e+00 3.97e-07R  4
  44r 1.2562797e+06 4.43e+00 4.99e+03  -0.0 1.47e+03    -  7.18e-06 2.60e-04f  1
  45  1.2560985e+06 4.43e+00 4.04e+02  -6.0 3.66e+05    -  5.09e-06 8.72e-06f  1
  46  1.2558721e+06 4.43e+00 4.04e+02  -6.0 1.86e+05    -  1.63e-07 2.01e-06f  1
  47  1.2556357e+06 4.43e+00 4.04e+02  -6.0 1.44e+05    -  1.08e-05 3.36e-06f  1
  48  1.2552073e+06 4.43e+00 4.04e+02  -6.0 1.32e+05    -  6.76e-06 1.54e-05f  1
  49  1.2551557e+06 4.43e+00 4.04e+02  -6.0 3.78e+04    -  6.99e-05 1.23e-05f  1
iter    objective    inf_pr   inf_du lg(mu)  ||d||  lg(rg) alpha_du alpha_pr  ls
  50  1.2551298e+06 4.43e+00 4.04e+02  -6.0 1.69e+04    -  8.12e-05 1.66e-05f  1
  51  1.2550268e+06 4.43e+00 4.04e+02  -6.0 9.94e+03    -  1.52e-05 1.52e-04f  1
  52  1.2549637e+06 4.43e+00 4.04e+02  -6.0 5.39e+03    -  1.70e-04 1.67e-04f  1
  53  1.2549293e+06 4.42e+00 4.03e+02  -6.0 2.12e+03    -  2.41e-04 6.31e-04f  1
  54  1.2549181e+06 4.42e+00 4.03e+02  -6.0 4.79e+02    -  9.61e-04 8.76e-04h  1
  55  1.2549189e+06 4.41e+00 4.02e+02  -6.0 1.52e+02    -  1.99e-03 1.80e-03h  1
  56  1.2549277e+06 4.40e+00 4.01e+02  -6.0 3.52e+01    -  5.64e-04 3.75e-03h  1
  57  1.2549378e+06 4.38e+00 3.99e+02  -6.0 5.37e+01    -  3.76e-03 4.66e-03h  1
  58  1.2549668e+06 4.33e+00 3.95e+02  -6.0 2.34e+01    -  1.10e-02 1.10e-02h  1
  59  1.2550431e+06 4.21e+00 3.84e+02  -6.0 1.24e+01    -  1.96e-02 2.71e-02h  1
iter    objective    inf_pr   inf_du lg(mu)  ||d||  lg(rg) alpha_du alpha_pr  ls
  60  1.2551805e+06 4.01e+00 3.63e+02  -6.0 1.44e+01    -  1.67e-01 4.76e-02h  1
  61  1.2554117e+06 3.70e+00 3.35e+02  -6.0 6.47e+00    -  3.80e-02 7.85e-02h  1
  62  1.2556513e+06 3.38e+00 3.06e+02  -6.0 6.28e+00    -  1.03e-01 8.43e-02h  1
  63  1.2559097e+06 3.06e+00 2.77e+02  -6.0 6.12e+00    -  1.32e-01 9.64e-02h  1
  64  1.2561589e+06 2.75e+00 2.49e+02  -6.0 5.77e+00    -  3.36e-02 1.00e-01h  1
  65  1.2562550e+06 2.64e+00 2.38e+02  -6.0 8.98e+00    -  2.87e-01 4.20e-02h  1
  66  1.2565062e+06 2.57e+00 2.11e+02  -6.0 1.79e+01    -  6.06e-02 1.13e-01h  1
  67  1.2566609e+06 2.16e+00 1.94e+02  -6.0 4.77e+00    -  8.56e-02 7.74e-02h  1
  68  1.2568280e+06 1.96e+00 1.77e+02  -6.0 4.78e+00    -  1.38e-01 8.97e-02h  1
  69  1.2568544e+06 1.93e+00 1.73e+02  -6.0 6.25e+00    -  3.48e-01 1.54e-02h  1
iter    objective    inf_pr   inf_du lg(mu)  ||d||  lg(rg) alpha_du alpha_pr  ls
  70  1.2568877e+06 1.89e+00 1.69e+02  -6.0 6.51e+00    -  3.34e-02 1.97e-02h  1
  71  1.2569395e+06 1.84e+00 1.64e+02  -6.0 7.06e+00    -  1.17e-02 3.12e-02h  1
  72  1.2570907e+06 1.66e+00 1.49e+02  -6.0 7.66e+00    -  1.89e-02 9.34e-02h  1
  73  1.2572305e+06 1.51e+00 1.35e+02  -6.0 3.57e+00    -  5.77e-02 9.42e-02h  1
  74  1.2572451e+06 1.49e+00 1.34e+02  -6.0 3.23e+00    -  8.59e-02 1.07e-02h  1
  75  1.2574340e+06 1.59e+00 1.04e+03  -6.0 3.20e+00    -  1.52e-02 1.40e-01h  1
  76  1.2576402e+06 2.02e+00 8.55e+02  -6.0 2.81e+00    -  1.69e-01 1.75e-01h  1
  77  1.2580768e+06 2.92e+00 4.75e+02  -6.0 2.31e+00    -  1.42e-01 4.44e-01h  1
  78r 1.2580768e+06 2.92e+00 9.99e+02  -1.0 0.00e+00    -  0.00e+00 4.56e-07R  3
  79r 1.2577404e+06 2.90e+00 9.99e+02  -1.0 4.24e+02    -  7.90e-05 1.00e-03f  1
iter    objective    inf_pr   inf_du lg(mu)  ||d||  lg(rg) alpha_du alpha_pr  ls
  80  1.2577102e+06 1.19e+01 3.88e+02  -6.0 1.11e+05    -  2.63e-05 3.15e-05f  1
  81  1.2571616e+06 1.19e+01 3.88e+02  -6.0 2.45e+04    -  1.65e-07 4.46e-05f  1
  82  1.2569001e+06 1.25e+01 3.88e+02  -6.0 4.86e+04    -  1.94e-05 4.10e-05f  1
  83  1.2568961e+06 1.25e+01 3.88e+02  -6.0 1.08e+04    -  6.71e-06 5.43e-06f  1
  84  1.2568799e+06 1.25e+01 3.88e+02  -6.0 9.06e+03    -  5.85e-05 1.57e-05f  1
  85  1.2567833e+06 1.27e+01 3.88e+02  -6.0 7.48e+03    -  5.13e-05 1.30e-04f  1
  86  1.2567465e+06 1.27e+01 3.88e+02  -6.0 7.28e+03    -  1.01e-04 8.66e-05f  1
  87  1.2566451e+06 1.31e+01 3.88e+02  -6.0 4.57e+03    -  1.18e-04 2.44e-04f  1
  88  1.2566021e+06 1.33e+01 3.88e+02  -6.0 2.81e+03    -  5.24e-05 2.43e-04f  1
  89  1.2564707e+06 1.56e+01 3.87e+02  -6.0 1.61e+03    -  2.13e-04 9.66e-04f  1
iter    objective    inf_pr   inf_du lg(mu)  ||d||  lg(rg) alpha_du alpha_pr  ls
  90  1.2564068e+06 1.66e+01 3.87e+02  -6.0 8.91e+02    -  8.69e-04 1.75e-03f  1
  91  1.2564078e+06 1.66e+01 3.86e+02  -6.0 7.84e+01    -  2.53e-03 2.34e-03h  3
  92  1.2564323e+06 1.64e+01 3.82e+02  -6.0 1.92e+01    -  7.56e-03 1.32e-02h  1
  93  1.2565036e+06 1.58e+01 3.67e+02  -6.0 5.68e+00    -  4.61e-02 3.59e-02h  1
  94  1.2567337e+06 1.40e+01 3.33e+02  -6.0 8.80e+00    -  9.34e-03 1.13e-01h  1
  95  1.2569203e+06 1.26e+01 3.04e+02  -6.0 3.49e+00    -  3.35e-03 9.34e-02h  1
  96  1.2569286e+06 1.26e+01 3.04e+02  -6.0 3.91e+01    -  6.82e-03 4.15e-03h  1
  97  1.2570082e+06 1.21e+01 2.91e+02  -6.0 3.06e+00    -  5.68e-02 4.27e-02h  1
  98  1.2572995e+06 1.01e+01 2.42e+02  -6.0 2.57e+00    -  5.98e-03 1.61e-01h  1
  99  1.2577649e+06 6.89e+00 1.71e+02  -6.0 4.02e+00    -  7.43e-02 3.12e-01h  1
iter    objective    inf_pr   inf_du lg(mu)  ||d||  lg(rg) alpha_du alpha_pr  ls
 100  1.2582254e+06 3.87e+00 9.98e+01  -6.0 1.87e+00    -  1.42e-01 4.33e-01h  1
 101  1.2585554e+06 1.78e+00 7.00e+01  -6.0 9.71e-01    -  3.19e-01 5.37e-01h  1
 102  1.2587308e+06 6.91e-01 3.52e+01  -6.0 4.42e-01    -  4.64e-01 6.09e-01h  1
 103  1.2587381e+06 6.46e-01 3.29e+01  -6.0 2.83e-01    -  7.29e-01 6.52e-02h  1
 104  1.2588436e+06 4.37e-04 3.57e+00  -6.0 1.77e-01    -  1.12e-01 9.98e-01h  1
 105  1.2588439e+06 1.41e-04 9.95e-01  -6.0 3.13e-03    -  1.00e+00 6.76e-01h  1
 106  1.2588439e+06 1.24e-04 8.71e-01  -6.0 3.72e-03    -  1.00e+00 1.25e-01h  4
 107  1.2588440e+06 1.96e-07 3.69e-06  -6.0 3.38e-03    -  1.00e+00 1.00e+00h  1
 108  1.2588440e+06 9.37e-08 3.56e-02  -7.1 3.99e-03    -  1.00e+00 8.90e-01h  1
 109  1.2588440e+06 7.06e-09 1.49e-07  -7.1 9.79e-04    -  1.00e+00 1.00e+00f  1

Number of Iterations....: 109

                                   (scaled)                 (unscaled)
Objective...............:   1.0036029814714257e+04    1.2588439885811920e+06
Dual infeasibility......:   1.4934511037520547e-07    1.8732725778094429e-05
Constraint violation....:   6.7140835140937563e-09    7.0611464453307349e-09
Variable bound violation:   4.1439383124952656e-07    4.1439383124952656e-07
Complementarity.........:   1.1966087968304447e-07    1.5009359461695327e-05
Overall NLP error.......:   1.4934511037520547e-07    1.8732725778094429e-05


Number of objective function evaluations             = 124
Number of objective gradient evaluations             = 110
Number of equality constraint evaluations            = 124
Number of inequality constraint evaluations          = 125
Number of equality constraint Jacobian evaluations   = 112
Number of inequality constraint Jacobian evaluations = 112
Number of Lagrangian Hessian evaluations             = 109
Total seconds in IPOPT                               = 6.471

EXIT: Optimal Solution Found.

