Solver command line: ['/opt/homebrew/bin/ipopt', '/var/folders/6y/bvynbx6n3zv7z3lwg6vd724r0000gn/T/tmp7zjh6obh.pyomo.nl', '-AMPL', 'tol=1e-06', 'max_iter=300', 'print_level=5', 'warm_start_init_point=yes', 'warm_start_bound_push=1e-06', 'warm_start_bound_frac=1e-06', 'warm_start_mult_bound_push=1e-06', 'mu_init=1e-06', 'least_square_init_duals=no']

Ipopt 3.14.19: tol=1e-06
max_iter=300
print_level=5
warm_start_init_point=yes
warm_start_bound_push=1e-06
warm_start_bound_frac=1e-06
warm_start_mult_bound_push=1e-06
mu_init=1e-06
least_square_init_duals=no


******************************************************************************
This program contains Ipopt, a library for large-scale nonlinear optimization.
 Ipopt is released as open source code under the Eclipse Public License (EPL).
         For more information visit https://github.com/coin-or/Ipopt
******************************************************************************

This is Ipopt version 3.14.19, running with linear solver MUMPS 5.6.2.

Number of nonzeros in equality constraint Jacobian...:    19617
Number of nonzeros in inequality constraint Jacobian.:    15928
Number of nonzeros in Lagrangian Hessian.............:    10902

Total number of variables............................:     3228
                     variables with only lower bounds:        0
                variables with lower and upper bounds:     3228
                     variables with only upper bounds:        0
Total number of equality constraints.................:     2709
Total number of inequality constraints...............:     3982
        inequality constraints with only lower bounds:        0
   inequality constraints with lower and upper bounds:        0
        inequality constraints with only upper bounds:     3982

iter    objective    inf_pr   inf_du lg(mu)  ||d||  lg(rg) alpha_du alpha_pr  ls
   0  1.2588445e+06 4.19e+01 2.67e+01  -6.0 0.00e+00    -  0.00e+00 0.00e+00   0
   1  1.2392488e+06 4.19e+01 2.67e+01  -6.0 3.65e+07    -  1.04e-07 1.69e-07f  1
   2  1.2314222e+06 4.19e+01 2.67e+01  -6.0 6.68e+07    -  6.38e-08 1.41e-07f  1
   3  1.2277161e+06 4.19e+01 2.67e+01  -6.0 3.62e+07    -  4.31e-07 2.27e-07f  1
   4  1.2257665e+06 4.19e+01 2.67e+01  -6.0 1.91e+07    -  2.44e-06 6.08e-07f  1
   5  1.2244784e+06 4.19e+01 2.67e+01  -6.0 6.84e+06    -  1.30e-05 2.43e-06f  1
   6  1.2241996e+06 4.19e+01 2.67e+01  -6.0 1.04e+06    -  6.57e-05 8.21e-06f  1
   7  1.2240966e+06 4.19e+01 2.67e+01  -6.0 1.94e+04    -  4.63e-05 6.50e-05f  1
   8  1.2240490e+06 4.19e+01 2.67e+01  -6.0 6.76e+03    -  1.04e-04 1.06e-04f  1
   9  1.2240321e+06 4.19e+01 2.66e+01  -6.0 2.32e+03    -  2.09e-04 1.14e-04f  1
iter    objective    inf_pr   inf_du lg(mu)  ||d||  lg(rg) alpha_du alpha_pr  ls
  10  1.2240235e+06 4.19e+01 2.66e+01  -6.0 1.64e+03    -  6.20e-04 1.21e-04f  1
  11  1.2239899e+06 4.18e+01 2.66e+01  -6.0 1.39e+03    -  1.22e-03 8.88e-04h  1
  12  1.2239744e+06 4.18e+01 2.66e+01  -6.0 1.13e+03    -  5.90e-04 5.22e-04h  1
  13  1.2233520e+06 4.18e+01 2.66e+01  -6.0 1.57e+05    -  1.17e-09 6.63e-05f  1
  14  1.2233520e+06 4.18e+01 2.66e+01  -6.0 4.63e+02    -  3.23e-03 2.07e-07h  1
  15  1.2227357e+06 4.18e+01 2.65e+01  -6.0 9.56e+03    -  3.31e-09 8.35e-04f  1
  16  1.2222085e+06 4.18e+01 2.65e+01  -6.0 2.60e+05    -  3.18e-05 2.48e-05f  1
  17  1.2222085e+06 4.18e+01 2.65e+01  -6.0 1.82e+02    -  8.41e-04 4.61e-07h  1
  18  1.2220348e+06 4.15e+01 2.64e+01  -6.0 1.82e+02    -  8.20e-04 5.91e-03f  1
  19  1.2219791e+06 4.14e+01 2.63e+01  -6.0 1.83e+02    -  9.42e-03 1.93e-03h  1
iter    objective    inf_pr   inf_du lg(mu)  ||d||  lg(rg) alpha_du alpha_pr  ls
  20  1.2203020e+06 4.13e+01 2.62e+01  -6.0 2.39e+03    -  9.61e-09 4.48e-03f  1
  21  1.2203020e+06 4.13e+01 2.59e+01  -6.0 1.85e+02    -  3.57e-02 1.03e-07h  1
  22  1.2170505e+06 3.91e+01 2.50e+01  -6.0 3.09e+02    -  3.75e-08 5.31e-02f  1
  23  1.2153938e+06 3.90e+01 2.50e+01  -6.0 1.65e+03    -  1.39e-03 2.84e-03f  1
  24  1.2153938e+06 3.90e+01 2.49e+01  -6.0 1.96e+02    -  4.68e-03 2.84e-07h  1
  25  1.2151875e+06 3.86e+01 2.48e+01  -6.0 1.96e+02    -  3.62e-03 8.80e-03h  1
  26  1.2150241e+06 3.83e+01 2.46e+01  -6.0 1.98e+02    -  2.33e-03 7.17e-03h  1
  27  1.2147276e+06 3.78e+01 2.44e+01  -6.0 1.99e+02    -  4.48e-03 1.33e-02h  1
  28  1.2147030e+06 3.78e+01 2.43e+01  -6.0 2.01e+02    -  4.63e-03 1.16e-03h  1
  29  1.2146394e+06 3.78e+01 2.43e+01  -6.0 3.74e+02    -  1.31e-07 5.41e-04f  1
iter    objective    inf_pr   inf_du lg(mu)  ||d||  lg(rg) alpha_du alpha_pr  ls
  30  1.2146332e+06 3.78e+01 2.40e+01  -6.0 2.01e+02    -  2.94e-02 2.92e-04h  1
  31  1.2132725e+06 3.73e+01 2.39e+01  -6.0 4.20e+02    -  3.95e-08 1.10e-02f  1
  32  1.2131354e+06 3.73e+01 2.38e+01  -6.0 3.25e+03    -  6.13e-03 3.45e-04f  1
  33  1.2126683e+06 3.73e+01 2.38e+01  -6.0 3.43e+03    -  2.15e-04 1.19e-03f  1
  34  1.2123674e+06 3.73e+01 2.38e+01  -6.0 4.04e+03    -  1.50e-03 7.95e-04f  1
  35  1.2123673e+06 3.73e+01 2.37e+01  -6.0 2.03e+02    -  9.81e-03 3.61e-06h  1
  36  1.2122536e+06 3.71e+01 2.35e+01  -6.0 2.03e+02    -  8.50e-03 5.56e-03h  1
  37  1.2117954e+06 3.62e+01 2.31e+01  -6.0 2.04e+02    -  7.62e-03 2.28e-02f  1
  38  1.2116187e+06 3.59e+01 2.28e+01  -6.0 2.06e+02    -  2.30e-02 9.49e-03h  1
  39  1.2108637e+06 3.57e+01 2.27e+01  -6.0 1.60e+03    -  1.16e-07 5.76e-03f  1
iter    objective    inf_pr   inf_du lg(mu)  ||d||  lg(rg) alpha_du alpha_pr  ls
  40r 1.2108637e+06 3.57e+01 9.99e+02   1.4 0.00e+00    -  0.00e+00 1.10e-09R  6
  41r 1.1841194e+06 3.60e+01 9.99e+02   1.4 2.04e+09    -  9.37e-08 6.63e-08f  1
  42r 1.1885959e+06 3.58e+01 9.99e+02   0.7 2.98e+05    -  1.06e-07 8.34e-05f  1
  43r 1.1885239e+06 3.58e+01 9.99e+02   0.7 7.20e+04    -  4.14e-05 9.47e-06f  1
  44r 1.1862201e+06 3.53e+01 9.99e+02   0.7 7.26e+04    -  1.53e-04 2.94e-04f  1
  45r 1.1843067e+06 3.49e+01 9.96e+02   0.7 8.23e+04    -  2.84e-03 2.27e-04f  1
  46r 1.1836228e+06 3.17e+01 9.96e+02   0.7 2.96e+04    -  3.43e-04 3.99e-03f  1
  47r 1.1556785e+06 2.35e+01 9.95e+02   0.7 9.40e+04    -  2.78e-04 3.17e-03f  1
  48r 1.1542465e+06 2.30e+01 9.93e+02   0.7 1.90e+04    -  1.93e-03 3.80e-04f  1
  49r 1.1515982e+06 2.21e+01 9.87e+02   0.7 1.50e+04    -  6.40e-03 7.14e-04f  1
iter    objective    inf_pr   inf_du lg(mu)  ||d||  lg(rg) alpha_du alpha_pr  ls
  50r 1.1388809e+06 1.89e+01 9.84e+02   0.7 8.68e+03    -  3.07e-03 7.20e-03f  1
  51r 1.1289674e+06 1.60e+01 9.76e+02   0.7 8.63e+03    -  7.78e-03 1.11e-02f  1
  52r 1.1228111e+06 1.27e+01 9.60e+02   0.7 5.10e+03    -  1.73e-02 1.46e-02f  1
  53r 1.1291412e+06 9.85e+00 9.37e+02   0.7 2.32e+03    -  2.36e-02 3.06e-02f  1
  54r 1.1456010e+06 7.50e+00 8.64e+02   0.7 1.80e+03    -  7.74e-02 4.13e-02f  1
  55r 1.1892397e+06 3.26e+00 7.67e+02   0.7 1.68e+03    -  1.13e-01 1.19e-01f  1
  56r 1.2772394e+06 2.73e+00 1.23e+03   0.7 4.39e+02    -  4.00e-01 2.97e-01f  1
  57r 1.4672829e+06 5.34e+00 2.65e+03   0.7 9.11e+01    -  2.40e-01 7.34e-01f  1
  58r 1.5159528e+06 5.70e+00 1.46e+03   0.7 1.31e+02    -  2.32e-01 4.46e-01f  1
  59r 1.6098580e+06 6.10e+00 2.93e+02   0.7 1.53e+02    -  7.51e-01 8.00e-01f  1
iter    objective    inf_pr   inf_du lg(mu)  ||d||  lg(rg) alpha_du alpha_pr  ls
  60  1.6073228e+06 6.10e+00 2.51e+01  -6.0 2.14e+07    -  2.22e-06 2.50e-07f  1
  61  1.6062679e+06 6.10e+00 2.51e+01  -6.0 1.55e+07    -  1.05e-05 7.52e-07f  1
  62  1.6044653e+06 6.09e+00 2.51e+01  -6.0 4.27e+03  -4.0 6.18e-04 5.71e-04f  1
  63  1.6026019e+06 6.09e+00 2.51e+01  -6.0 1.81e+03  -3.6 2.66e-03 9.63e-04f  1
  64  1.6008856e+06 6.08e+00 2.50e+01  -6.0 8.25e+02  -3.1 8.73e-03 1.42e-03f  1
  65  1.5956114e+06 6.02e+00 2.47e+01  -6.0 3.47e+02  -2.7 1.45e-02 7.17e-03f  1
  66  1.5955934e+06 6.02e+00 2.47e+01  -6.0 1.23e+02  -2.3 7.52e-03 4.20e-05f  1
  67  1.5903563e+06 5.97e+00 2.45e+01  -6.0 3.67e+02  -2.8 2.22e-03 8.13e-03f  1
  68  1.5872347e+06 5.92e+00 2.42e+01  -6.0 1.35e+02  -2.3 3.44e-02 7.52e-03f  1
  69  1.5859183e+06 5.90e+00 2.41e+01  -6.0 6.58e+01  -1.9 8.22e-03 4.97e-03f  1
iter    objective    inf_pr   inf_du lg(mu)  ||d||  lg(rg) alpha_du alpha_pr  ls
  70  1.5822918e+06 5.84e+00 2.38e+01  -6.0 1.45e+02  -2.4 1.76e-02 9.27e-03f  1
  71  1.5820197e+06 5.83e+00 2.38e+01  -6.0 7.28e+01  -2.0 1.90e-02 1.07e-03f  1
  72  1.5786500e+06 5.78e+00 2.35e+01  -6.0 1.60e+02  -2.4 3.00e-02 8.61e-03f  1
  73  1.5775858e+06 5.76e+00 2.34e+01  -6.0 7.80e+01  -2.0 2.59e-02 4.15e-03f  1
  74  1.5768435e+06 5.73e+00 2.33e+01  -6.0 4.18e+01  -1.6 2.16e-02 4.42e-03f  1
  75  1.5725593e+06 5.64e+00 2.30e+01  -6.0 8.38e+01  -2.1 1.10e-02 1.62e-02f  1
  76  1.5711713e+06 5.60e+00 2.29e+01  -6.0 4.21e+01  -1.6 4.00e-02 8.20e-03f  1
  77  1.5685007e+06 5.54e+00 2.26e+01  -6.0 8.86e+01  -2.1 5.31e-02 1.00e-02f  1
  78  1.5646234e+06 5.41e+00 2.49e+01  -6.0 4.39e+01  -1.7 1.32e-01 2.24e-02f  1
  79  1.5634238e+06 5.35e+00 3.09e+01  -6.0 3.94e+01  -1.3 1.00e-01 1.17e-02f  1
iter    objective    inf_pr   inf_du lg(mu)  ||d||  lg(rg) alpha_du alpha_pr  ls
  80  1.5611179e+06 5.28e+00 3.67e+01  -6.0 4.85e+01  -1.8 1.24e-01 1.29e-02f  1
  81  1.5589948e+06 5.17e+00 3.74e+01  -6.0 4.00e+01  -1.3 4.08e-02 2.01e-02f  1
  82  1.5587009e+06 5.14e+00 4.75e+01  -6.0 3.65e+01  -0.9 9.15e-02 5.77e-03f  1
  83  1.5585750e+06 5.07e+00 5.84e+01  -6.0 3.42e+01  -0.5 7.50e-02 1.37e-02h  1
  84  1.5560811e+06 4.84e+00 6.63e+01  -6.0 3.78e+01  -1.0 1.59e-01 4.59e-02f  1
  85  1.5555710e+06 4.61e+00 9.47e+01  -6.0 3.48e+01  -0.5 2.40e-02 4.86e-02f  1
  86  1.5563791e+06 4.41e+00 1.21e+02  -6.0 3.21e+01  -0.1 1.56e-02 4.24e-02h  1
  87  1.5567508e+06 4.37e+00 1.23e+02  -6.0 3.00e+01   0.3 3.40e-03 9.38e-03h  1
  88  1.5567962e+06 4.36e+00 1.22e+02  -6.0 3.23e+01  -0.1 1.03e-02 2.98e-03h  1
  89  1.5575814e+06 4.26e+00 1.53e+02  -6.0 3.06e+01   0.3 6.01e-03 2.19e-02h  1
iter    objective    inf_pr   inf_du lg(mu)  ||d||  lg(rg) alpha_du alpha_pr  ls
  90  1.5576519e+06 4.23e+00 1.53e+02  -6.0 3.22e+01  -0.2 4.87e-02 7.50e-03h  1
  91  1.5582404e+06 4.15e+00 1.71e+02  -6.0 3.13e+01   0.2 5.67e-03 1.78e-02h  1
  92  1.5583472e+06 4.06e+00 1.76e+02  -6.0 3.19e+01  -0.3 2.01e-02 2.27e-02h  1
  93r 1.5583472e+06 4.06e+00 9.99e+02   1.1 0.00e+00   0.2 0.00e+00 3.54e-08R  2
  94r 1.5533843e+06 4.10e+00 9.99e+02   1.1 3.40e+06    -  7.75e-07 1.40e-06f  1
  95r 1.5540946e+06 4.12e+00 9.99e+02   1.1 1.72e+04    -  2.16e-05 1.31e-04f  1
  96  1.5527605e+06 4.12e+00 1.31e+02  -6.0 1.44e+06    -  1.64e-05 1.74e-05f  1
  97  1.5523287e+06 4.12e+00 1.31e+02  -6.0 1.88e+05    -  3.48e-05 2.65e-05f  1
  98  1.5519234e+06 4.12e+00 1.31e+02  -6.0 1.37e+05    -  4.80e-05 5.64e-05f  1
  99  1.5516858e+06 4.12e+00 1.31e+02  -6.0 2.39e+04    -  1.77e-05 4.46e-05f  1
iter    objective    inf_pr   inf_du lg(mu)  ||d||  lg(rg) alpha_du alpha_pr  ls
 100  1.5515404e+06 4.12e+00 1.31e+02  -6.0 1.92e+04    -  2.53e-04 3.05e-05f  1
 101  1.5503879e+06 4.12e+00 1.31e+02  -6.0 1.60e+04    -  6.90e-05 2.81e-04f  1
 102  1.5495774e+06 4.12e+00 1.31e+02  -6.0 1.04e+04    -  4.23e-04 2.29e-04f  1
 103  1.5491707e+06 4.12e+00 1.31e+02  -6.0 9.98e+03    -  1.07e-03 1.26e-04f  1
 104  1.5486122e+06 4.12e+00 1.31e+02  -6.0 1.05e+04    -  2.27e-04 1.84e-04f  1
 105  1.5460712e+06 4.12e+00 1.31e+02  -6.0 8.62e+03    -  9.39e-04 8.95e-04f  1
 106  1.5435242e+06 4.11e+00 1.31e+02  -6.0 8.32e+03    -  2.86e-03 9.61e-04f  1
 107  1.5360189e+06 4.10e+00 1.30e+02  -6.0 7.38e+03    -  5.94e-03 3.15e-03f  1
 108  1.5355995e+06 4.10e+00 1.29e+02  -6.0 5.81e+03    -  4.20e-03 2.15e-04f  1
 109  1.5219324e+06 4.07e+00 1.29e+02  -6.0 5.15e+03    -  9.32e-04 7.50e-03f  1
iter    objective    inf_pr   inf_du lg(mu)  ||d||  lg(rg) alpha_du alpha_pr  ls
 110  1.5219297e+06 4.07e+00 1.29e+02  -6.0 4.47e+03    -  1.42e-03 1.76e-06f  1
 111  1.5039234e+06 4.02e+00 1.26e+02  -6.0 4.31e+03    -  2.21e-02 1.16e-02f  1
 112  1.5026939e+06 4.02e+00 1.26e+02  -6.0 2.17e+03    -  5.14e-04 1.15e-03f  1
 113  1.4981971e+06 4.00e+00 1.26e+02  -6.0 2.14e+03    -  3.92e-04 4.26e-03f  1
 114  1.4936892e+06 3.98e+00 1.24e+02  -6.0 1.97e+03    -  1.76e-02 4.44e-03f  1
 115  1.4925446e+06 3.98e+00 1.23e+02  -6.0 2.31e+03    -  3.51e-03 1.29e-03f  1
 116  1.4877594e+06 5.42e+00 1.22e+02  -6.0 2.12e+03    -  9.91e-03 5.60e-03f  1
 117  1.4824465e+06 1.25e+01 1.22e+02  -6.0 2.12e+03    -  2.91e-03 6.79e-03f  1
 118  1.4816154e+06 1.35e+01 1.21e+02  -6.0 4.77e+03    -  5.69e-03 1.15e-03f  1
 119  1.4815058e+06 1.35e+01 1.21e+02  -6.0 2.18e+03    -  3.12e-05 1.64e-04f  1
iter    objective    inf_pr   inf_du lg(mu)  ||d||  lg(rg) alpha_du alpha_pr  ls
 120  1.4766043e+06 2.78e+01 1.21e+02  -6.0 3.36e+03    -  3.65e-03 7.06e-03f  1
 121  1.4710187e+06 2.87e+01 1.20e+02  -6.0 2.07e+03    -  2.43e-03 8.31e-03f  1
 122  1.4709887e+06 2.87e+01 1.20e+02  -6.0 6.84e+02    -  6.22e-03 5.09e-05f  1
 123  1.4682093e+06 2.91e+01 1.19e+02  -6.0 6.81e+02    -  5.94e-04 4.80e-03f  1
 124  1.4667568e+06 2.92e+01 1.19e+02  -6.0 8.14e+02    -  7.36e-03 2.63e-03f  1
 125  1.4604791e+06 3.03e+01 1.18e+02  -6.0 7.84e+02    -  1.69e-04 1.18e-02f  1
 126  1.4595626e+06 3.02e+01 1.17e+02  -6.0 4.97e+02    -  1.36e-02 1.85e-03f  1
 127  1.4593732e+06 3.02e+01 1.17e+02  -6.0 4.85e+02    -  1.89e-03 3.99e-04f  1
 128  1.4570633e+06 3.01e+01 1.17e+02  -6.0 5.17e+02    -  2.01e-03 4.90e-03f  1
 129  1.4569558e+06 3.01e+01 1.16e+02  -6.0 4.91e+02    -  4.45e-03 2.40e-04f  1
iter    objective    inf_pr   inf_du lg(mu)  ||d||  lg(rg) alpha_du alpha_pr  ls
 130  1.4549295e+06 2.99e+01 1.16e+02  -6.0 4.89e+02    -  2.19e-03 4.58e-03f  1
 131  1.4538037e+06 2.99e+01 1.16e+02  -6.0 1.40e+03    -  2.59e-03 2.54e-03f  1
 132  1.4516649e+06 2.97e+01 1.15e+02  -6.0 1.41e+03    -  2.60e-03 4.91e-03f  1
 133  1.4499606e+06 2.96e+01 1.13e+02  -6.0 1.49e+03    -  1.79e-02 3.99e-03f  1
 134  1.4402667e+06 2.89e+01 1.12e+02  -6.0 1.50e+03    -  8.31e-03 2.35e-02f  1
 135  1.4376338e+06 2.87e+01 1.11e+02  -6.0 1.73e+03    -  1.46e-02 6.83e-03f  1
 136  1.4311698e+06 2.82e+01 1.10e+02  -6.0 1.67e+03    -  6.70e-03 1.74e-02f  1
 137  1.4287643e+06 2.80e+01 1.09e+02  -6.0 1.78e+03    -  8.85e-03 6.77e-03f  1
 138  1.4267333e+06 2.80e+01 1.09e+02  -6.0 3.21e+04    -  1.72e-05 1.38e-03f  1
 139  1.4266554e+06 2.80e+01 1.09e+02  -6.0 3.57e+04    -  1.78e-03 5.48e-05f  1
iter    objective    inf_pr   inf_du lg(mu)  ||d||  lg(rg) alpha_du alpha_pr  ls
 140  1.4236496e+06 2.77e+01 1.07e+02  -6.0 2.01e+03    -  1.79e-02 8.74e-03f  1
 141  1.4236452e+06 2.77e+01 1.06e+02  -6.0 4.00e+02    -  2.11e-02 1.35e-05h  1
 142  1.4212998e+06 2.75e+01 1.05e+02  -6.0 3.91e+02    -  2.25e-03 7.46e-03f  1
 143  1.4098906e+06 2.65e+01 1.03e+02  -6.0 4.13e+02    -  1.04e-02 3.72e-02f  1
 144  1.4060628e+06 2.61e+01 1.02e+02  -6.0 4.04e+02    -  9.40e-03 1.37e-02f  1
 145  1.3938984e+06 2.49e+01 9.98e+01  -6.0 3.96e+02    -  1.11e-02 4.52e-02f  1
 146  1.3908005e+06 2.46e+01 9.71e+01  -6.0 3.56e+02    -  3.42e-02 1.27e-02f  1
 147  1.3895815e+06 2.45e+01 9.59e+01  -6.0 3.49e+02    -  1.45e-02 5.27e-03f  1
 148  1.3857930e+06 2.41e+01 9.50e+01  -6.0 2.93e+02    -  6.28e-03 1.67e-02f  1
 149  1.3839827e+06 2.39e+01 9.30e+01  -6.0 2.86e+02    -  2.71e-02 8.28e-03f  1
iter    objective    inf_pr   inf_du lg(mu)  ||d||  lg(rg) alpha_du alpha_pr  ls
 150  1.3780053e+06 2.32e+01 9.12e+01  -6.0 2.74e+02    -  1.50e-02 2.83e-02f  1
 151  1.3727393e+06 2.26e+01 8.78e+01  -6.0 2.63e+02    -  4.22e-02 2.64e-02f  1
 152  1.3722528e+06 2.25e+01 8.57e+01  -6.0 2.46e+02    -  3.54e-02 2.62e-03f  1
 153  1.3648621e+06 2.16e+01 8.12e+01  -6.0 2.67e+02    -  5.90e-02 4.07e-02f  1
 154  1.3612369e+06 2.37e+01 7.57e+01  -6.0 3.22e+02    -  8.84e-02 2.19e-02f  1
 155  1.3581096e+06 2.33e+01 7.45e+01  -6.0 2.22e+02    -  1.14e-02 2.06e-02f  1
 156  1.3563561e+06 2.30e+01 7.39e+01  -6.0 2.13e+02    -  2.31e-03 1.20e-02f  1
 157  1.3536876e+06 2.28e+01 7.29e+01  -6.0 1.84e+02    -  9.02e-03 1.84e-02f  1
 158  1.3532431e+06 2.27e+01 7.21e+01  -6.0 1.80e+02    -  1.93e-02 3.16e-03f  1
 159  1.3505382e+06 2.25e+01 7.13e+01  -6.0 1.77e+02    -  3.52e-03 1.96e-02f  1
iter    objective    inf_pr   inf_du lg(mu)  ||d||  lg(rg) alpha_du alpha_pr  ls
 160  1.3499377e+06 2.24e+01 6.90e+01  -6.0 1.70e+02    -  6.34e-02 4.51e-03f  1
 161  1.3426766e+06 2.24e+01 6.61e+01  -6.0 1.71e+02    -  2.43e-02 5.62e-02f  1
 162  1.3412665e+06 2.22e+01 6.53e+01  -6.0 1.54e+02    -  1.21e-02 1.21e-02f  1
 163  1.3401830e+06 2.20e+01 6.47e+01  -6.0 1.55e+02    -  6.64e-03 9.51e-03f  1
 164  1.3396566e+06 2.19e+01 6.45e+01  -6.0 1.44e+02    -  2.13e-03 4.71e-03f  1
 165  1.3394292e+06 2.18e+01 6.43e+01  -6.0 1.44e+02    -  4.93e-03 2.04e-03f  1
 166  1.3389802e+06 2.17e+01 6.41e+01  -6.0 1.44e+02    -  2.16e-03 4.05e-03f  1
 167  1.3366880e+06 2.13e+01 6.28e+01  -6.0 1.43e+02    -  1.94e-02 2.08e-02f  1
 168  1.3344238e+06 2.09e+01 6.13e+01  -6.0 1.39e+02    -  3.15e-02 2.13e-02f  1
 169  1.3281663e+06 1.98e+01 5.82e+01  -6.0 1.38e+02    -  2.73e-03 6.12e-02f  1
iter    objective    inf_pr   inf_du lg(mu)  ||d||  lg(rg) alpha_du alpha_pr  ls
 170  1.3276058e+06 1.97e+01 5.78e+01  -6.0 1.64e+02    -  4.92e-03 5.96e-03f  1
 171  1.3212417e+06 1.83e+01 5.41e+01  -6.0 1.16e+02    -  2.29e-03 6.86e-02f  1
 172  1.3208641e+06 1.82e+01 5.38e+01  -6.0 1.28e+02    -  3.55e-02 4.49e-03f  1
 173  1.3144588e+06 1.68e+01 4.99e+01  -6.0 1.12e+02    -  4.83e-02 7.75e-02f  1
 174  1.3139680e+06 1.67e+01 4.86e+01  -6.0 1.34e+02    -  5.48e-02 6.68e-03f  1
 175  1.3122445e+06 1.63e+01 4.78e+01  -6.0 1.39e+02    -  7.49e-03 2.40e-02f  1
 176  1.3115756e+06 1.61e+01 4.58e+01  -6.0 2.89e+02    -  6.71e-02 9.58e-03f  1
 177  1.3079745e+06 1.52e+01 4.35e+01  -6.0 6.93e+01    -  1.24e-02 5.39e-02f  1
 178  1.3074704e+06 1.51e+01 4.31e+01  -6.0 6.60e+01    -  1.02e-02 8.21e-03f  1
 179  1.3063321e+06 1.48e+01 4.23e+01  -6.0 6.73e+01    -  8.96e-03 1.88e-02f  1
iter    objective    inf_pr   inf_du lg(mu)  ||d||  lg(rg) alpha_du alpha_pr  ls
 180  1.3053921e+06 1.46e+01 4.18e+01  -6.0 6.41e+01    -  1.05e-01 1.59e-02f  1
 181  1.3042013e+06 1.43e+01 4.11e+01  -6.0 6.02e+01    -  3.69e-02 2.11e-02f  1
 182  1.3014939e+06 1.36e+01 3.86e+01  -6.0 5.93e+01    -  1.21e-03 4.96e-02f  1
 183  1.3000691e+06 1.32e+01 3.73e+01  -6.0 5.78e+01    -  4.51e-03 2.78e-02f  1
 184  1.2990599e+06 1.29e+01 3.66e+01  -6.0 5.57e+01    -  2.77e-02 2.05e-02f  1
 185  1.2940802e+06 1.16e+01 3.21e+01  -6.0 5.48e+01    -  5.70e-02 1.05e-01f  1
 186  1.2914420e+06 1.08e+01 2.93e+01  -6.0 4.64e+01    -  5.06e-03 6.47e-02f  1
 187  1.2888338e+06 1.01e+01 2.71e+01  -6.0 1.07e+02    -  8.10e-03 6.94e-02f  1
 188  1.2879823e+06 9.81e+00 2.65e+01  -6.0 1.25e+02    -  6.32e-02 2.48e-02f  1
 189  1.2874609e+06 9.65e+00 2.60e+01  -6.0 1.11e+02    -  1.16e-02 1.59e-02f  1
iter    objective    inf_pr   inf_du lg(mu)  ||d||  lg(rg) alpha_du alpha_pr  ls
 190  1.2870207e+06 9.52e+00 2.57e+01  -6.0 4.70e+01    -  1.16e-02 1.38e-02f  1
 191  1.2861119e+06 9.25e+00 2.49e+01  -6.0 4.78e+01    -  1.41e-02 2.89e-02f  1
 192  1.2860496e+06 9.23e+00 2.49e+01  -6.0 4.93e+01    -  3.97e-02 2.05e-03f  1
 193  1.2848655e+06 8.86e+00 2.39e+01  -6.0 4.92e+01    -  8.24e-02 3.93e-02f  1
 194  1.2842614e+06 8.68e+00 2.34e+01  -6.0 4.89e+01    -  1.70e-02 2.11e-02f  1
 195  1.2836321e+06 8.48e+00 2.31e+01  -6.0 4.87e+01    -  9.21e-02 2.26e-02f  1
 196  1.2788591e+06 7.00e+00 2.07e+01  -6.0 3.26e+01    -  4.26e-04 1.75e-01f  1
 197  1.2788436e+06 6.99e+00 2.07e+01  -6.0 3.09e+01    -  2.14e-01 7.01e-04h  1
 198  1.2747817e+06 5.67e+00 2.08e+01  -6.0 5.09e+01    -  2.46e-01 1.88e-01f  1
 199  1.2735734e+06 5.25e+00 1.93e+01  -6.0 9.05e+01    -  6.41e-02 7.28e-02f  1
iter    objective    inf_pr   inf_du lg(mu)  ||d||  lg(rg) alpha_du alpha_pr  ls
 200  1.2725912e+06 4.91e+00 1.81e+01  -6.0 8.89e+01    -  1.39e-01 6.44e-02f  1
 201  1.2720040e+06 4.71e+00 1.74e+01  -6.0 6.62e+01    -  6.14e-02 4.12e-02f  1
 202  1.2714075e+06 4.50e+00 1.66e+01  -6.0 1.37e+02    -  1.39e-01 4.39e-02f  1
 203  1.2693816e+06 3.80e+00 1.42e+01  -6.0 4.38e+01    -  6.91e-03 1.56e-01f  1
 204  1.2687163e+06 3.56e+00 1.33e+01  -6.0 3.77e+01    -  7.49e-02 6.13e-02f  1
 205  1.2677465e+06 3.22e+00 1.22e+01  -6.0 3.53e+01    -  7.05e-02 9.55e-02f  1
 206  1.2671057e+06 3.00e+00 1.14e+01  -6.0 3.32e+01    -  1.64e-01 7.01e-02f  1
 207  1.2644823e+06 2.07e+00 8.92e+00  -6.0 3.17e+01    -  2.43e-01 3.10e-01f  1
 208  1.2625001e+06 1.35e+00 6.67e+00  -6.0 2.46e+01    -  3.08e-01 3.45e-01f  1
 209  1.2595595e+06 2.73e-01 2.46e+01  -6.0 1.82e+01    -  2.71e-01 7.95e-01f  1
iter    objective    inf_pr   inf_du lg(mu)  ||d||  lg(rg) alpha_du alpha_pr  ls
 210  1.2594439e+06 2.29e-01 4.85e+00  -6.0 5.70e+00    -  6.37e-01 1.61e-01h  1
 211  1.2591675e+06 1.24e-01 4.79e+00  -6.0 5.49e+00    -  2.74e-01 4.60e-01f  1
 212  1.2590833e+06 9.15e-02 3.21e+00  -6.0 3.27e+00    -  2.98e-01 2.61e-01h  1
 213  1.2589597e+06 4.44e-02 2.73e+00  -6.0 7.76e+00    -  3.24e-01 5.15e-01h  1
 214  1.2588450e+06 1.85e-03 1.15e+00  -6.0 6.08e+00    -  7.17e-01 9.87e-01h  1
 215  1.2588440e+06 3.50e-06 2.51e-05  -6.0 3.02e+00    -  1.00e+00 1.00e+00h  1
 216  1.2588440e+06 6.54e-09 4.07e-08  -6.0 7.59e-03    -  1.00e+00 1.00e+00h  1
 217  1.2588440e+06 4.54e-12 3.05e-09  -6.0 1.28e-05    -  1.00e+00 1.00e+00h  1
 218  1.2588440e+06 9.37e-08 3.56e-02  -7.1 3.99e-03    -  1.00e+00 8.90e-01f  1
 219  1.2588440e+06 7.06e-09 1.49e-07  -7.1 9.79e-04    -  1.00e+00 1.00e+00f  1

Number of Iterations....: 219

                                   (scaled)                 (unscaled)
Objective...............:   1.0036029814714178e+04    1.2588439885811822e+06
Dual infeasibility......:   1.4915454283514108e-07    1.8708822421223464e-05
Constraint violation....:   6.7141010277535496e-09    7.0614764036136535e-09
Variable bound violation:   4.1439383124952656e-07    4.1439383124952656e-07
Complementarity.........:   1.1966087503889186e-07    1.5009358879167804e-05
Overall NLP error.......:   1.4915454283514108e-07    1.8708822421223464e-05


Number of objective function evaluations             = 228
Number of objective gradient evaluations             = 201
Number of equality constraint evaluations            = 228
Number of inequality constraint evaluations          = 229
Number of equality constraint Jacobian evaluations   = 222
Number of inequality constraint Jacobian evaluations = 222
Number of Lagrangian Hessian evaluations             = 219
Total seconds in IPOPT                               = 9.453

EXIT: Optimal Solution Found.

