Solver command line: ['/opt/homebrew/bin/ipopt', '/var/folders/6y/bvynbx6n3zv7z3lwg6vd724r0000gn/T/tmp8eo640xz.pyomo.nl', '-AMPL', 'tol=1e-06', 'max_iter=300', 'print_level=5', 'warm_start_init_point=yes', 'warm_start_bound_push=1e-06', 'warm_start_bound_frac=1e-06', 'warm_start_mult_bound_push=1e-06', 'mu_init=1e-06', 'least_square_init_duals=no']

Ipopt 3.14.19: tol=1e-06
max_iter=300
print_level=5
warm_start_init_point=yes
warm_start_bound_push=1e-06
warm_start_bound_frac=1e-06
warm_start_mult_bound_push=1e-06
mu_init=1e-06
least_square_init_duals=no


******************************************************************************
This program contains Ipopt, a library for large-scale nonlinear optimization.
 Ipopt is released as open source code under the Eclipse Public License (EPL).
         For more information visit https://github.com/coin-or/Ipopt
******************************************************************************

This is Ipopt version 3.14.19, running with linear solver MUMPS 5.6.2.

Number of nonzeros in equality constraint Jacobian...:    19617
Number of nonzeros in inequality constraint Jacobian.:    15928
Number of nonzeros in Lagrangian Hessian.............:    10902

Total number of variables............................:     3228
                     variables with only lower bounds:        0
                variables with lower and upper bounds:     3228
                     variables with only upper bounds:        0
Total number of equality constraints.................:     2709
Total number of inequality constraints...............:     3982
        inequality constraints with only lower bounds:        0
   inequality constraints with lower and upper bounds:        0
        inequality constraints with only upper bounds:     3982

iter    objective    inf_pr   inf_du lg(mu)  ||d||  lg(rg) alpha_du alpha_pr  ls
   0  1.8576601e+06 1.94e+01 1.00e+02  -6.0 0.00e+00    -  0.00e+00 0.00e+00   0
   1  1.7097300e+06 1.94e+01 1.00e+02  -6.0 1.11e+08    -  2.94e-08 2.94e-08f  1
   2  1.6539315e+06 1.94e+01 1.00e+02  -6.0 7.58e+07    -  1.23e-07 2.57e-08f  1
   3  1.5734991e+06 1.94e+01 1.00e+02  -6.0 4.56e+07    -  2.86e-07 7.27e-08f  1
   4  1.5417932e+06 1.94e+01 1.00e+02  -6.0 1.48e+07    -  1.30e-07 7.24e-08f  1
   5  1.4631947e+06 1.94e+01 1.00e+02  -6.0 9.42e+06    -  3.73e-07 2.59e-07f  1
   6  1.4278379e+06 1.94e+01 1.00e+02  -6.0 4.18e+06    -  9.46e-07 3.10e-07f  1
   7  1.3892301e+06 1.94e+01 1.00e+02  -6.0 2.85e+06    -  1.67e-06 9.29e-07f  1
   8  1.3754107e+06 1.94e+01 1.00e+02  -6.0 1.74e+06    -  2.44e-06 1.19e-06f  1
   9  1.3677193e+06 1.94e+01 1.00e+02  -6.0 1.18e+06    -  3.71e-06 1.61e-06f  1
iter    objective    inf_pr   inf_du lg(mu)  ||d||  lg(rg) alpha_du alpha_pr  ls
  10  1.3621081e+06 1.94e+01 1.00e+02  -6.0 7.35e+05    -  3.85e-06 2.53e-06f  1
  11  1.3591232e+06 1.94e+01 1.00e+02  -6.0 4.15e+05    -  9.98e-06 2.64e-06f  1
  12  1.3555053e+06 1.94e+01 1.00e+02  -6.0 3.10e+05    -  1.08e-05 7.01e-06f  1
  13  1.3546507e+06 1.94e+01 1.00e+02  -6.0 1.97e+05    -  2.38e-06 3.55e-06f  1
  14  1.3537419e+06 1.94e+01 1.00e+02  -6.0 1.69e+05    -  2.95e-05 4.57e-06f  1
  15  1.3526294e+06 1.94e+01 1.00e+02  -6.0 1.11e+05    -  5.57e-05 1.13e-05f  1
  16  1.3514870e+06 1.94e+01 1.00e+02  -6.0 5.57e+04    -  5.72e-05 2.62e-05f  1
  17  1.3506223e+06 1.94e+01 1.00e+02  -6.0 2.81e+04    -  6.94e-05 3.86e-05f  1
  18  1.3494615e+06 1.94e+01 1.00e+02  -6.0 1.71e+04    -  1.60e-04 9.34e-05f  1
  19  1.3487030e+06 1.94e+01 9.99e+01  -6.0 7.27e+03    -  5.16e-04 1.64e-04f  1
iter    objective    inf_pr   inf_du lg(mu)  ||d||  lg(rg) alpha_du alpha_pr  ls
  20  1.3483006e+06 1.94e+01 9.99e+01  -6.0 2.31e+03    -  3.64e-04 3.10e-04f  1
  21  1.3480204e+06 1.94e+01 9.98e+01  -6.0 1.10e+03    -  7.60e-04 4.17e-04f  1
  22  1.3476587e+06 1.93e+01 9.97e+01  -6.0 4.96e+02    -  6.27e-04 1.03e-03f  1
  23  1.3475217e+06 1.93e+01 9.91e+01  -6.0 1.95e+02    -  8.82e-03 6.64e-04f  1
  24  1.3472089e+06 1.93e+01 9.87e+01  -6.0 6.03e+01    -  4.65e-03 2.34e-03f  1
  25  1.3459571e+06 1.91e+01 9.84e+01  -6.0 3.41e+01    -  1.99e-04 9.90e-03f  1
  26  1.3458640e+06 1.91e+01 9.83e+01  -6.0 3.63e+01    -  1.83e-03 7.80e-04f  1
  27  1.3457945e+06 1.91e+01 9.80e+01  -6.0 6.21e+01    -  3.16e-03 5.86e-04f  1
  28  1.3451989e+06 1.90e+01 9.78e+01  -6.0 7.75e+01    -  7.28e-04 5.06e-03f  1
  29  1.3451176e+06 1.89e+01 9.74e+01  -6.0 7.38e+01    -  6.17e-03 7.08e-04f  1
iter    objective    inf_pr   inf_du lg(mu)  ||d||  lg(rg) alpha_du alpha_pr  ls
  30  1.3441447e+06 1.88e+01 9.70e+01  -6.0 7.44e+01    -  1.42e-03 8.53e-03f  1
In iteration 30, 1 Slack too small, adjusting variable bound
  31  1.3441445e+06 1.88e+01 9.70e+01  -6.0 7.28e+01    -  2.78e-05 1.49e-06h  1
  32  1.3436006e+06 1.87e+01 9.67e+01  -6.0 7.28e+01    -  2.47e-03 4.96e-03f  1
In iteration 32, 1 Slack too small, adjusting variable bound
  33  1.3436006e+06 1.87e+01 9.67e+01  -6.0 7.45e+01    -  4.52e-06 3.72e-07h  1
  34  1.3420198e+06 1.84e+01 9.64e+01  -6.0 7.01e+01    -  2.54e-06 1.46e-02f  1
  35  1.3417114e+06 1.84e+01 9.62e+01  -6.0 9.11e+01    -  1.23e-03 2.95e-03f  1
  36  1.3412999e+06 1.83e+01 9.58e+01  -6.0 1.07e+02    -  4.23e-03 3.94e-03f  1
  37  1.3409796e+06 1.82e+01 9.57e+01  -6.0 6.01e+01    -  1.95e-04 3.07e-03f  1
  38  1.3408842e+06 1.82e+01 9.54e+01  -6.0 2.75e+01    -  3.87e-03 9.14e-04f  1
  39  1.3405666e+06 1.82e+01 9.52e+01  -6.0 2.28e+01    -  2.58e-03 3.03e-03f  1
iter    objective    inf_pr   inf_du lg(mu)  ||d||  lg(rg) alpha_du alpha_pr  ls
  40  1.3391862e+06 1.79e+01 9.42e+01  -6.0 2.33e+01    -  9.49e-03 1.33e-02f  1
  41  1.3366079e+06 1.75e+01 1.69e+03  -6.0 2.50e+01    -  8.37e-05 2.52e-02f  1
  42  1.3362054e+06 1.74e+01 1.69e+03  -6.0 2.71e+01    -  1.32e-02 4.07e-03f  1
  43  1.3356129e+06 1.73e+01 1.68e+03  -6.0 2.75e+01    -  1.62e-02 6.03e-03f  1
  44  1.3355812e+06 1.73e+01 1.68e+03  -6.0 2.86e+01    -  2.58e-03 3.25e-04f  1
  45  1.3347667e+06 1.72e+01 1.66e+03  -6.0 9.07e+01    -  2.81e-02 8.24e-03f  1
  46  1.3346544e+06 1.71e+01 1.65e+03  -6.0 2.96e+01    -  6.85e-02 1.16e-03f  1
  47  1.3340472e+06 1.70e+01 1.64e+03  -6.0 2.98e+01    -  2.27e-02 6.31e-03f  1
  48  1.3340217e+06 1.70e+01 1.64e+03  -6.0 8.25e+01    -  2.74e-03 2.69e-04h  1
  49  1.3339183e+06 1.70e+01 1.64e+03  -6.0 2.96e+01    -  4.94e-04 1.09e-03f  1
iter    objective    inf_pr   inf_du lg(mu)  ||d||  lg(rg) alpha_du alpha_pr  ls
  50  1.3330459e+06 1.68e+01 1.63e+03  -6.0 4.75e+01    -  1.58e-03 9.23e-03f  1
  51  1.3328483e+06 1.68e+01 1.62e+03  -6.0 5.44e+01    -  1.32e-02 2.13e-03f  1
  52  1.3314912e+06 1.66e+01 1.60e+03  -6.0 5.29e+01    -  8.46e-03 1.45e-02f  1
  53  1.3313711e+06 1.65e+01 1.60e+03  -6.0 3.51e+01    -  9.17e-03 1.33e-03f  1
  54  1.3305606e+06 1.64e+01 1.58e+03  -6.0 3.48e+01    -  1.34e-03 8.97e-03f  1
  55  1.3304227e+06 1.64e+01 1.58e+03  -6.0 3.29e+01    -  5.00e-03 1.55e-03f  1
  56  1.3298661e+06 1.63e+01 1.57e+03  -6.0 2.16e+01    -  5.12e-03 6.28e-03f  1
  57  1.3292285e+06 1.61e+01 1.56e+03  -6.0 2.22e+01    -  4.98e-03 7.26e-03f  1
  58  1.3288926e+06 1.61e+01 1.55e+03  -6.0 2.19e+01    -  1.57e-02 3.86e-03f  1
  59  1.3288869e+06 1.61e+01 1.55e+03  -6.0 2.32e+01    -  5.59e-03 6.70e-05h  1
iter    objective    inf_pr   inf_du lg(mu)  ||d||  lg(rg) alpha_du alpha_pr  ls
  60  1.3286257e+06 1.60e+01 1.55e+03  -6.0 2.36e+01    -  2.68e-03 3.02e-03f  1
  61  1.3283881e+06 1.60e+01 1.54e+03  -6.0 2.41e+01    -  1.69e-03 2.76e-03f  1
  62  1.3274277e+06 1.58e+01 1.53e+03  -6.0 2.40e+01    -  3.06e-03 1.12e-02f  1
In iteration 62, 1 Slack too small, adjusting variable bound
  63  1.3274273e+06 1.58e+01 1.55e+03  -6.0 2.72e+01    -  1.18e-04 5.26e-06h  1
  64  1.3269699e+06 1.57e+01 1.54e+03  -6.0 2.72e+01    -  7.48e-04 5.42e-03f  1
  65  1.3259756e+06 1.55e+01 1.52e+03  -6.0 3.43e+01    -  6.65e-03 1.19e-02f  1
  66  1.3257803e+06 1.55e+01 1.52e+03  -6.0 3.69e+01    -  2.38e-03 2.37e-03f  1
  67  1.3255592e+06 1.55e+01 1.51e+03  -6.0 3.48e+01    -  3.98e-04 2.64e-03f  1
  68  1.3255252e+06 1.55e+01 1.51e+03  -6.0 3.68e+01    -  2.26e-03 3.97e-04f  1
  69  1.3251163e+06 1.54e+01 1.50e+03  -6.0 3.64e+01    -  4.53e-04 4.79e-03f  1
iter    objective    inf_pr   inf_du lg(mu)  ||d||  lg(rg) alpha_du alpha_pr  ls
  70  1.3249503e+06 1.53e+01 1.50e+03  -6.0 3.61e+01    -  3.75e-03 1.97e-03f  1
  71  1.3247806e+06 1.53e+01 1.50e+03  -6.0 2.70e+01    -  2.14e-03 2.03e-03f  1
  72  1.3245192e+06 1.53e+01 1.49e+03  -6.0 2.97e+01    -  6.86e-04 3.14e-03f  1
  73  1.3240804e+06 1.52e+01 1.49e+03  -6.0 3.08e+01    -  2.39e-03 5.29e-03f  1
  74  1.3235871e+06 1.51e+01 1.48e+03  -6.0 3.13e+01    -  1.32e-03 5.99e-03f  1
  75  1.3227359e+06 1.49e+01 1.46e+03  -6.0 3.23e+01    -  1.89e-03 1.06e-02f  1
  76  1.3225450e+06 1.49e+01 1.46e+03  -6.0 3.18e+01    -  7.56e-03 2.41e-03f  1
  77  1.3213932e+06 1.47e+01 1.44e+03  -6.0 3.16e+01    -  2.46e-03 1.46e-02f  1
  78  1.3213930e+06 1.47e+01 1.44e+03  -6.0 7.78e+01    -  2.81e-04 1.91e-06h  1
  79  1.3211571e+06 1.46e+01 1.43e+03  -6.0 3.10e+01    -  1.58e-03 3.05e-03f  1
iter    objective    inf_pr   inf_du lg(mu)  ||d||  lg(rg) alpha_du alpha_pr  ls
  80  1.3206756e+06 1.45e+01 1.42e+03  -6.0 3.07e+01    -  3.14e-03 6.26e-03f  1
  81  1.3199819e+06 1.44e+01 1.41e+03  -6.0 2.60e+01    -  2.52e-04 9.08e-03f  1
  82  1.3199125e+06 1.44e+01 1.41e+03  -6.0 2.49e+01    -  4.29e-03 9.18e-04f  1
  83  1.3194327e+06 1.43e+01 1.40e+03  -6.0 2.49e+01    -  2.16e-03 6.35e-03f  1
  84  1.3187783e+06 1.42e+01 1.39e+03  -6.0 2.53e+01    -  1.53e-02 8.77e-03f  1
  85  1.3182052e+06 1.41e+01 1.38e+03  -6.0 2.52e+01    -  2.94e-02 7.72e-03f  1
  86  1.3166485e+06 1.38e+01 1.35e+03  -6.0 2.90e+01    -  7.43e-03 2.11e-02f  1
  87  1.3164737e+06 1.37e+01 1.34e+03  -6.0 2.85e+01    -  3.45e-03 2.43e-03f  1
  88  1.3164453e+06 1.37e+01 1.34e+03  -6.0 8.08e+01    -  8.09e-04 3.87e-04h  1
  89  1.3164003e+06 1.37e+01 1.34e+03  -6.0 9.52e+01    -  6.15e-04 6.26e-04f  1
iter    objective    inf_pr   inf_du lg(mu)  ||d||  lg(rg) alpha_du alpha_pr  ls
  90  1.3163523e+06 1.37e+01 1.34e+03  -6.0 9.59e+01    -  2.10e-03 6.69e-04f  1
  91  1.3160723e+06 1.37e+01 1.34e+03  -6.0 9.58e+01    -  9.09e-04 3.91e-03f  1
  92  1.3159241e+06 1.36e+01 1.33e+03  -6.0 9.48e+01    -  4.06e-04 2.09e-03f  1
  93  1.3153367e+06 1.35e+01 1.32e+03  -6.0 9.50e+01    -  1.30e-03 8.35e-03f  1
  94  1.3150020e+06 1.35e+01 1.32e+03  -6.0 7.61e+01    -  2.82e-03 4.76e-03f  1
  95  1.3149033e+06 1.34e+01 1.32e+03  -6.0 7.49e+01    -  9.57e-05 1.42e-03f  1
  96  1.3148936e+06 1.34e+01 1.32e+03  -6.0 6.64e+01    -  5.46e-04 1.41e-04h  1
  97  1.3148337e+06 1.34e+01 1.31e+03  -6.0 6.44e+01    -  3.80e-04 8.70e-04f  1
  98  1.3147851e+06 1.34e+01 1.31e+03  -6.0 6.29e+01    -  3.69e-04 7.05e-04f  1
  99  1.3144522e+06 1.34e+01 1.31e+03  -6.0 6.56e+01    -  1.04e-03 4.83e-03f  1
iter    objective    inf_pr   inf_du lg(mu)  ||d||  lg(rg) alpha_du alpha_pr  ls
 100  1.3143496e+06 1.33e+01 1.30e+03  -6.0 6.45e+01    -  3.13e-04 1.50e-03f  1
 101  1.3142717e+06 1.33e+01 1.30e+03  -6.0 5.83e+01    -  1.15e-03 1.15e-03f  1
 102  1.3142672e+06 1.33e+01 1.30e+03  -6.0 4.86e+01    -  1.71e-03 6.72e-05h  1
 103  1.3141234e+06 1.33e+01 1.30e+03  -6.0 6.40e+01    -  1.95e-04 2.08e-03f  1
 104  1.3141069e+06 1.33e+01 1.30e+03  -6.0 5.76e+01    -  2.93e-04 2.40e-04h  1
 105  1.3139307e+06 1.33e+01 1.30e+03  -6.0 4.21e+01    -  1.43e-03 2.58e-03f  1
 106  1.3139075e+06 1.32e+01 1.30e+03  -6.0 4.83e+01    -  7.51e-04 3.41e-04h  1
 107  1.3139001e+06 1.32e+01 1.30e+03  -6.0 2.77e+01    -  3.06e-03 1.10e-04h  1
 108  1.3130181e+06 1.31e+01 1.28e+03  -6.0 2.78e+01    -  1.39e-04 1.32e-02f  1
 109  1.3129004e+06 1.31e+01 1.28e+03  -6.0 2.79e+01    -  1.63e-02 1.79e-03f  1
iter    objective    inf_pr   inf_du lg(mu)  ||d||  lg(rg) alpha_du alpha_pr  ls
 110  1.3119171e+06 1.29e+01 1.26e+03  -6.0 2.75e+01    -  6.21e-03 1.50e-02f  1
 111  1.3118860e+06 1.28e+01 1.26e+03  -6.0 2.71e+01    -  1.48e-02 4.84e-04h  1
 112  1.3117444e+06 1.28e+01 1.25e+03  -6.0 2.70e+01    -  2.02e-02 2.21e-03f  1
 113  1.3117421e+06 1.28e+01 1.25e+03  -6.0 6.32e+01    -  4.73e-04 3.39e-05h  1
 114  1.3115783e+06 1.28e+01 1.25e+03  -6.0 4.61e+01    -  2.29e-03 2.54e-03f  1
 115  1.3113985e+06 1.28e+01 1.25e+03  -6.0 6.41e+01    -  2.45e-03 2.81e-03f  1
 116  1.3112517e+06 1.27e+01 1.24e+03  -6.0 6.75e+01    -  1.63e-03 2.31e-03f  1
 117  1.3106915e+06 1.26e+01 1.23e+03  -6.0 2.44e+01    -  1.45e-03 8.98e-03f  1
 118  1.3098868e+06 1.24e+01 1.22e+03  -6.0 1.90e+01    -  3.38e-03 1.30e-02f  1
 119  1.3097147e+06 1.24e+01 1.21e+03  -6.0 2.04e+01    -  8.88e-03 2.84e-03f  1
iter    objective    inf_pr   inf_du lg(mu)  ||d||  lg(rg) alpha_du alpha_pr  ls
 120  1.3091829e+06 1.23e+01 1.20e+03  -6.0 2.16e+01    -  5.14e-03 8.80e-03f  1
 121  1.3071361e+06 1.19e+01 1.16e+03  -6.0 2.11e+01    -  9.03e-03 3.42e-02f  1
 122  1.3060098e+06 1.16e+01 1.14e+03  -6.0 1.92e+01    -  6.27e-03 1.97e-02f  1
 123  1.3037551e+06 1.12e+01 1.09e+03  -6.0 1.69e+01    -  9.85e-02 4.04e-02f  1
 124  1.3033382e+06 1.11e+01 1.08e+03  -6.0 1.54e+01    -  2.56e-02 7.81e-03f  1
 125  1.3029379e+06 1.10e+01 1.08e+03  -6.0 1.52e+01    -  4.16e-03 7.58e-03f  1
 126  1.3008994e+06 1.06e+01 1.03e+03  -6.0 2.48e+01    -  1.96e-02 3.90e-02f  1
 127  1.3008994e+06 1.06e+01 1.03e+03  -6.0 2.55e+01    -  1.17e-02 6.12e-07h  1
 128  1.3004369e+06 1.05e+01 1.02e+03  -6.0 1.33e+01    -  5.00e-03 9.32e-03f  1
 129  1.3001534e+06 1.04e+01 1.02e+03  -6.0 1.68e+01    -  7.31e-03 5.78e-03f  1
iter    objective    inf_pr   inf_du lg(mu)  ||d||  lg(rg) alpha_du alpha_pr  ls
 130  1.3001534e+06 1.04e+01 1.02e+03  -6.0 3.43e+01    -  2.13e-03 1.13e-06h  1
 131  1.2993944e+06 1.02e+01 1.00e+03  -6.0 6.08e+01    -  4.17e-03 1.59e-02f  1
 132  1.2991072e+06 1.02e+01 9.97e+02  -6.0 4.89e+01    -  1.94e-02 6.14e-03f  1
 133  1.2986540e+06 1.01e+01 9.87e+02  -6.0 4.52e+01    -  3.19e-03 9.69e-03f  1
 134  1.2985464e+06 1.01e+01 9.85e+02  -6.0 2.91e+01    -  1.40e-02 2.33e-03f  1
 135  1.2978199e+06 9.91e+00 9.69e+02  -6.0 2.42e+01    -  1.25e-03 1.57e-02f  1
 136  1.2977628e+06 9.89e+00 9.68e+02  -6.0 2.32e+01    -  1.07e-02 1.27e-03f  1
 137  1.2974307e+06 9.82e+00 9.61e+02  -6.0 2.28e+01    -  2.10e-03 7.37e-03f  1
 138  1.2970425e+06 9.74e+00 9.52e+02  -6.0 6.53e+01    -  2.11e-02 8.77e-03f  1
 139  1.2964597e+06 9.61e+00 9.40e+02  -6.0 6.33e+01    -  8.84e-03 1.33e-02f  1
iter    objective    inf_pr   inf_du lg(mu)  ||d||  lg(rg) alpha_du alpha_pr  ls
 140  1.2961305e+06 9.53e+00 9.33e+02  -6.0 5.84e+01    -  1.20e-03 7.65e-03f  1
 141  1.2943649e+06 9.14e+00 8.94e+02  -6.0 5.88e+01    -  8.61e-03 4.14e-02f  1
 142  1.2937325e+06 9.00e+00 8.80e+02  -6.0 5.03e+01    -  3.67e-02 1.56e-02f  1
 143  1.2906555e+06 8.30e+00 8.12e+02  -6.0 4.75e+01    -  1.74e-02 7.74e-02f  1
 144  1.2899954e+06 8.15e+00 7.97e+02  -6.0 3.45e+01    -  6.26e-02 1.83e-02f  1
 145  1.2886208e+06 7.83e+00 7.66e+02  -6.0 3.19e+01    -  1.22e-02 3.90e-02f  1
 146  1.2879821e+06 7.68e+00 7.51e+02  -6.0 3.06e+01    -  6.09e-03 1.89e-02f  1
 147  1.2879575e+06 7.68e+00 7.51e+02  -6.0 2.80e+01    -  1.93e-02 7.46e-04h  1
 148  1.2879474e+06 7.67e+00 7.51e+02  -6.0 2.72e+01    -  1.24e-03 3.05e-04h  1
 149  1.2871671e+06 7.49e+00 7.33e+02  -6.0 2.78e+01    -  7.83e-03 2.37e-02f  1
iter    objective    inf_pr   inf_du lg(mu)  ||d||  lg(rg) alpha_du alpha_pr  ls
 150  1.2843013e+06 6.82e+00 6.67e+02  -6.0 2.38e+01    -  3.42e-03 8.93e-02f  1
 151  1.2843013e+06 6.82e+00 6.67e+02  -6.0 1.71e+01    -  6.94e-04 3.87e-07h  1
 152  1.2842027e+06 6.80e+00 6.65e+02  -6.0 1.28e+01    -  1.30e-02 3.41e-03f  1
 153  1.2830368e+06 6.53e+00 6.38e+02  -6.0 1.29e+01    -  3.59e-03 4.04e-02f  1
 154  1.2829626e+06 6.51e+00 6.37e+02  -6.0 1.91e+01    -  1.44e-02 2.69e-03f  1
 155  1.2825902e+06 6.42e+00 6.28e+02  -6.0 1.83e+01    -  1.91e-02 1.36e-02f  1
 156  1.2821393e+06 6.31e+00 6.17e+02  -6.0 1.76e+01    -  1.92e-02 1.67e-02f  1
 157  1.2821015e+06 6.30e+00 6.17e+02  -6.0 9.89e+00    -  2.07e-02 1.42e-03h  1
 158  1.2820779e+06 6.30e+00 6.16e+02  -6.0 1.61e+01    -  2.46e-03 8.98e-04h  1
 159  1.2820243e+06 6.28e+00 6.15e+02  -6.0 1.61e+01    -  3.17e-03 2.04e-03f  1
iter    objective    inf_pr   inf_du lg(mu)  ||d||  lg(rg) alpha_du alpha_pr  ls
 160  1.2818569e+06 6.24e+00 6.11e+02  -6.0 1.63e+01    -  4.92e-03 6.39e-03f  1
 161  1.2813660e+06 6.13e+00 5.99e+02  -6.0 1.59e+01    -  4.39e-03 1.89e-02f  1
 162  1.2812092e+06 6.09e+00 5.96e+02  -6.0 1.54e+01    -  2.00e-02 6.16e-03f  1
 163  1.2801814e+06 5.84e+00 5.71e+02  -6.0 1.52e+01    -  2.51e-03 4.07e-02f  1
 164  1.2797939e+06 5.75e+00 5.62e+02  -6.0 1.30e+01    -  5.65e-03 1.61e-02f  1
 165  1.2797514e+06 5.74e+00 5.61e+02  -6.0 1.15e+01    -  6.18e-02 1.79e-03h  1
 166  1.2796263e+06 5.71e+00 5.58e+02  -6.0 1.17e+01    -  2.19e-03 5.29e-03f  1
 167  1.2795816e+06 5.70e+00 5.57e+02  -6.0 1.14e+01    -  1.57e-02 1.90e-03h  1
 168  1.2791297e+06 5.59e+00 5.46e+02  -6.0 1.14e+01    -  6.87e-04 1.92e-02f  1
 169  1.2784125e+06 5.41e+00 5.29e+02  -6.0 1.11e+01    -  4.40e-02 3.12e-02f  1
iter    objective    inf_pr   inf_du lg(mu)  ||d||  lg(rg) alpha_du alpha_pr  ls
 170  1.2783988e+06 5.41e+00 5.29e+02  -6.0 1.14e+01    -  1.30e-03 6.21e-04h  1
 171  1.2783689e+06 5.40e+00 5.28e+02  -6.0 9.05e+00    -  9.23e-04 1.35e-03h  1
 172  1.2783446e+06 5.40e+00 5.28e+02  -6.0 9.08e+00    -  1.64e-03 1.10e-03h  1
 173  1.2783238e+06 5.39e+00 5.27e+02  -6.0 8.99e+00    -  5.45e-03 9.41e-04h  1
 174  1.2779503e+06 5.30e+00 5.18e+02  -6.0 9.04e+00    -  6.57e-03 1.69e-02f  1
 175  1.2775251e+06 5.20e+00 5.08e+02  -6.0 8.79e+00    -  2.31e-02 1.97e-02f  1
 176  1.2770095e+06 5.07e+00 4.96e+02  -6.0 8.20e+00    -  3.30e-02 2.44e-02f  1
In iteration 176, 1 Slack too small, adjusting variable bound
 177  1.2770094e+06 5.07e+00 4.96e+02  -6.0 7.86e+00    -  2.98e-04 4.30e-06h  1
 178  1.2768444e+06 5.03e+00 4.92e+02  -6.0 7.86e+00    -  7.69e-03 8.03e-03f  1
 179  1.2765945e+06 4.97e+00 4.86e+02  -6.0 1.40e+01    -  1.07e-03 1.23e-02f  1
iter    objective    inf_pr   inf_du lg(mu)  ||d||  lg(rg) alpha_du alpha_pr  ls
 180  1.2765693e+06 4.96e+00 4.85e+02  -6.0 1.21e+01    -  1.58e-02 1.26e-03h  1
 181  1.2752514e+06 4.63e+00 4.53e+02  -6.0 1.70e+01    -  3.21e-03 6.59e-02f  1
 182  1.2745794e+06 4.46e+00 4.37e+02  -6.0 1.51e+01    -  2.68e-02 3.64e-02f  1
 183  1.2741679e+06 4.36e+00 4.26e+02  -6.0 1.42e+01    -  2.56e-02 2.33e-02f  1
 184  1.2740795e+06 4.34e+00 4.24e+02  -6.0 1.36e+01    -  3.70e-02 5.15e-03f  1
 185  1.2739628e+06 4.31e+00 4.21e+02  -6.0 1.33e+01    -  1.91e-02 6.84e-03f  1
 186  1.2739177e+06 4.30e+00 4.20e+02  -6.0 1.57e+01    -  1.04e-02 2.68e-03h  1
 187  1.2737306e+06 4.25e+00 4.16e+02  -6.0 1.56e+01    -  6.12e-03 1.11e-02f  1
 188  1.2735736e+06 4.21e+00 4.12e+02  -6.0 1.53e+01    -  1.19e-02 9.49e-03f  1
 189  1.2734142e+06 4.17e+00 4.08e+02  -6.0 1.46e+01    -  9.84e-03 9.75e-03f  1
iter    objective    inf_pr   inf_du lg(mu)  ||d||  lg(rg) alpha_du alpha_pr  ls
 190  1.2734080e+06 4.17e+00 4.07e+02  -6.0 1.01e+01    -  2.49e-03 3.83e-04h  1
 191  1.2732357e+06 4.12e+00 4.03e+02  -6.0 1.12e+01    -  4.71e-04 1.07e-02f  1
 192  1.2726373e+06 3.97e+00 3.88e+02  -6.0 1.08e+01    -  7.70e-03 3.76e-02f  1
 193  1.2722821e+06 3.87e+00 3.79e+02  -6.0 1.01e+01    -  2.91e-02 2.33e-02f  1
 194  1.2716308e+06 3.70e+00 3.62e+02  -6.0 9.75e+00    -  4.48e-02 4.40e-02f  1
 195  1.2715026e+06 3.67e+00 3.59e+02  -6.0 8.18e+00    -  2.52e-03 9.13e-03f  1
 196  1.2714489e+06 3.66e+00 3.57e+02  -6.0 8.34e+00    -  2.51e-02 3.87e-03h  1
 197  1.2711348e+06 3.57e+00 3.49e+02  -6.0 8.08e+00    -  4.13e-03 2.27e-02f  1
 198  1.2703649e+06 3.37e+00 3.97e+02  -6.0 6.85e+00    -  1.59e-02 5.72e-02f  1
 199  1.2700278e+06 3.28e+00 3.90e+02  -6.0 1.03e+01    -  7.89e-03 2.67e-02f  1
iter    objective    inf_pr   inf_du lg(mu)  ||d||  lg(rg) alpha_du alpha_pr  ls
 200  1.2699479e+06 3.26e+00 3.88e+02  -6.0 9.25e+00    -  4.18e-03 6.55e-03f  1
 201  1.2699051e+06 3.25e+00 3.83e+02  -6.0 9.79e+00    -  1.87e-02 3.54e-03h  1
 202  1.2695980e+06 3.16e+00 3.79e+02  -6.0 9.62e+00    -  6.74e-04 2.55e-02f  1
 203  1.2695086e+06 3.14e+00 3.70e+02  -6.0 2.15e+01    -  3.75e-02 7.65e-03f  1
 204  1.2687926e+06 2.94e+00 3.59e+02  -6.0 2.12e+01    -  3.21e-03 6.18e-02f  1
 205  1.2682750e+06 2.80e+00 3.48e+02  -6.0 1.80e+01    -  1.62e-02 4.81e-02f  1
 206  1.2681287e+06 2.76e+00 3.44e+02  -6.0 1.65e+01    -  9.70e-03 1.44e-02f  1
 207  1.2679928e+06 2.73e+00 3.40e+02  -6.0 1.61e+01    -  7.70e-03 1.36e-02f  1
 208  1.2679853e+06 2.72e+00 3.37e+02  -6.0 1.51e+01    -  1.46e-02 7.55e-04h  1
 209  1.2676953e+06 2.64e+00 3.32e+02  -6.0 1.50e+01    -  3.38e-03 2.95e-02f  1
iter    objective    inf_pr   inf_du lg(mu)  ||d||  lg(rg) alpha_du alpha_pr  ls
 210  1.2675677e+06 2.61e+00 3.22e+02  -6.0 1.41e+01    -  4.52e-02 1.34e-02f  1
 211  1.2674038e+06 2.56e+00 3.17e+02  -6.0 1.29e+01    -  1.25e-02 1.75e-02f  1
 212  1.2672622e+06 2.52e+00 3.12e+02  -6.0 1.24e+01    -  1.76e-02 1.54e-02f  1
 213  1.2671925e+06 2.50e+00 3.00e+02  -6.0 1.20e+01    -  5.65e-02 7.72e-03h  1
 214  1.2671401e+06 2.49e+00 2.94e+02  -6.0 1.19e+01    -  3.26e-02 5.85e-03h  1
 215  1.2667640e+06 2.38e+00 2.88e+02  -6.0 1.17e+01    -  3.75e-03 4.23e-02f  1
 216  1.2658583e+06 2.13e+00 2.59e+02  -6.0 8.40e+00    -  9.08e-02 1.07e-01f  1
 217  1.2657182e+06 2.09e+00 2.47e+02  -6.0 6.50e+00    -  8.04e-02 1.87e-02f  1
 218  1.2655576e+06 2.04e+00 2.39e+02  -6.0 6.61e+00    -  4.14e-02 2.19e-02f  1
 219  1.2653841e+06 1.99e+00 2.28e+02  -6.0 6.30e+00    -  7.82e-02 2.43e-02f  1
iter    objective    inf_pr   inf_du lg(mu)  ||d||  lg(rg) alpha_du alpha_pr  ls
 220  1.2649954e+06 1.88e+00 2.17e+02  -6.0 6.43e+00    -  3.75e-02 5.58e-02f  1
 221  1.2649034e+06 1.86e+00 2.14e+02  -6.0 5.63e+00    -  7.94e-03 1.41e-02h  1
 222  1.2647867e+06 1.82e+00 2.08e+02  -6.0 5.45e+00    -  4.51e-02 1.81e-02f  1
 223  1.2644450e+06 1.72e+00 2.00e+02  -6.0 5.23e+00    -  2.37e-02 5.42e-02f  1
 224  1.2644245e+06 1.72e+00 1.94e+02  -6.0 4.62e+00    -  1.23e-01 3.45e-03h  1
 225  1.2640192e+06 1.60e+00 1.81e+02  -6.0 4.66e+00    -  9.41e-02 6.85e-02f  1
 226  1.2638976e+06 1.56e+00 1.77e+02  -6.0 3.93e+00    -  1.18e-01 2.22e-02f  1
 227  1.2635915e+06 1.47e+00 1.66e+02  -6.0 3.81e+00    -  2.18e-02 5.73e-02f  1
 228  1.2634524e+06 1.43e+00 1.62e+02  -6.0 3.30e+00    -  2.44e-02 2.78e-02f  1
 229  1.2632124e+06 1.36e+00 1.54e+02  -6.0 3.16e+00    -  3.91e-02 4.94e-02f  1
iter    objective    inf_pr   inf_du lg(mu)  ||d||  lg(rg) alpha_du alpha_pr  ls
 230  1.2630610e+06 1.32e+00 1.49e+02  -6.0 4.77e+00    -  5.07e-02 3.30e-02f  1
 231  1.2628314e+06 1.25e+00 1.41e+02  -6.0 4.19e+00    -  5.27e-03 5.18e-02f  1
 232  1.2627937e+06 1.24e+00 1.40e+02  -6.0 3.44e+00    -  3.31e-01 9.02e-03h  1
 233  1.2620884e+06 1.03e+00 1.16e+02  -6.0 2.90e+00    -  2.86e-02 1.72e-01f  1
 234  1.2620752e+06 1.02e+00 1.15e+02  -6.0 3.94e+00    -  4.36e-02 3.95e-03h  1
 235  1.2613629e+06 8.03e-01 9.07e+01  -6.0 2.38e+00    -  2.07e-02 2.14e-01f  1
 236  1.2612133e+06 7.57e-01 8.54e+01  -6.0 1.61e+00    -  2.97e-02 5.80e-02f  1
 237  1.2609557e+06 6.76e-01 7.63e+01  -6.0 1.79e+00    -  8.13e-02 1.06e-01f  1
 238  1.2606502e+06 5.80e-01 6.55e+01  -6.0 1.58e+00    -  8.86e-02 1.42e-01f  1
 239  1.2605162e+06 5.38e-01 6.07e+01  -6.0 1.97e+00    -  1.81e-01 7.25e-02f  1
iter    objective    inf_pr   inf_du lg(mu)  ||d||  lg(rg) alpha_du alpha_pr  ls
 240  1.2601083e+06 4.10e-01 4.62e+01  -6.0 1.69e+00    -  8.56e-02 2.39e-01f  1
 241  1.2597153e+06 2.84e-01 3.21e+01  -6.0 1.32e+00    -  2.33e-01 3.05e-01f  1
 242  1.2595471e+06 2.30e-01 2.60e+01  -6.0 2.02e+00    -  5.74e-01 1.90e-01f  1
 243  1.2593263e+06 1.59e-01 1.79e+01  -6.0 1.34e+00    -  2.81e-01 3.10e-01f  1
 244  1.2589338e+06 3.06e-02 3.45e+00  -6.0 9.30e-01    -  1.00e+00 8.07e-01f  1
 245  1.2589134e+06 2.37e-02 2.67e+00  -6.0 2.67e-01    -  1.00e+00 2.27e-01h  1
 246  1.2588439e+06 1.73e-04 5.67e-02  -6.0 1.45e-01    -  1.00e+00 1.00e+00h  1
 247  1.2588440e+06 4.38e-06 9.09e-05  -6.0 1.62e-02    -  1.00e+00 1.00e+00h  1
 248  1.2588440e+06 1.56e-07 3.24e-06  -6.0 3.09e-03    -  1.00e+00 1.00e+00h  1
 249  1.2588440e+06 9.38e-08 3.57e-02  -7.1 3.98e-03    -  1.00e+00 8.90e-01h  1
iter    objective    inf_pr   inf_du lg(mu)  ||d||  lg(rg) alpha_du alpha_pr  ls
 250  1.2588440e+06 7.07e-09 1.53e-07  -7.1 9.78e-04    -  1.00e+00 1.00e+00f  1

Number of Iterations....: 250

                                   (scaled)                 (unscaled)
Objective...............:   1.0036029814713907e+04    1.2588439885811482e+06
Dual infeasibility......:   1.5346654252925336e-07    1.9249687184871213e-05
Constraint violation....:   6.7140685566574251e-09    7.0680459263172679e-09
Variable bound violation:   4.1439383124952656e-07    4.1439383124952656e-07
Complementarity.........:   1.1966101347644001e-07    1.5009376243731132e-05
Overall NLP error.......:   1.5346654252925336e-07    1.9249687184871213e-05


Number of objective function evaluations             = 251
Number of objective gradient evaluations             = 251
Number of equality constraint evaluations            = 251
Number of inequality constraint evaluations          = 252
Number of equality constraint Jacobian evaluations   = 251
Number of inequality constraint Jacobian evaluations = 251
Number of Lagrangian Hessian evaluations             = 250
Total seconds in IPOPT                               = 10.526

EXIT: Optimal Solution Found.

