Solver command line: ['/opt/homebrew/bin/ipopt', '/var/folders/6y/bvynbx6n3zv7z3lwg6vd724r0000gn/T/tmpaza66lzi.pyomo.nl', '-AMPL', 'tol=1e-06', 'max_iter=300', 'print_level=5', 'warm_start_init_point=yes', 'warm_start_bound_push=1e-06', 'warm_start_bound_frac=1e-06', 'warm_start_mult_bound_push=1e-06', 'mu_init=1e-06', 'least_square_init_duals=no']

Ipopt 3.14.19: tol=1e-06
max_iter=300
print_level=5
warm_start_init_point=yes
warm_start_bound_push=1e-06
warm_start_bound_frac=1e-06
warm_start_mult_bound_push=1e-06
mu_init=1e-06
least_square_init_duals=no


******************************************************************************
This program contains Ipopt, a library for large-scale nonlinear optimization.
 Ipopt is released as open source code under the Eclipse Public License (EPL).
         For more information visit https://github.com/coin-or/Ipopt
******************************************************************************

This is Ipopt version 3.14.19, running with linear solver MUMPS 5.6.2.

Number of nonzeros in equality constraint Jacobian...:    19617
Number of nonzeros in inequality constraint Jacobian.:    15928
Number of nonzeros in Lagrangian Hessian.............:    10902

Total number of variables............................:     3228
                     variables with only lower bounds:        0
                variables with lower and upper bounds:     3228
                     variables with only upper bounds:        0
Total number of equality constraints.................:     2709
Total number of inequality constraints...............:     3982
        inequality constraints with only lower bounds:        0
   inequality constraints with lower and upper bounds:        0
        inequality constraints with only upper bounds:     3982

iter    objective    inf_pr   inf_du lg(mu)  ||d||  lg(rg) alpha_du alpha_pr  ls
   0  1.8576601e+06 2.76e+01 4.36e+04  -6.0 0.00e+00    -  0.00e+00 0.00e+00   0
   1  1.8548850e+06 2.71e+01 4.29e+04  -6.0 7.37e+00   2.0 1.69e-02 1.71e-02f  1
   2  1.8547716e+06 2.71e+01 4.28e+04  -6.0 6.94e+00   1.5 4.88e-02 5.12e-04f  1
   3  1.8533929e+06 2.68e+01 3.31e+04  -6.0 6.88e+00   1.9 5.23e-02 1.38e-02f  1
   4  1.8532982e+06 2.67e+01 3.31e+04  -6.0 8.98e+00   1.5 5.54e-02 6.64e-04f  1
   5  1.8531089e+06 2.66e+01 3.25e+04  -6.0 7.79e+00   1.9 8.38e-02 4.47e-03f  1
   6  1.8506299e+06 2.62e+01 3.07e+04  -6.0 1.04e+01   1.4 7.15e-02 1.75e-02f  1
   7  1.8505996e+06 2.60e+01 3.03e+04  -6.0 1.15e+01   1.8 9.18e-02 4.21e-03h  1
   8  1.8472526e+06 2.52e+01 3.48e+04  -6.0 1.65e+01   1.4 8.56e-02 3.08e-02f  1
   9  1.8475114e+06 2.51e+01 3.59e+04  -6.0 1.95e+01   1.8 1.07e-01 7.20e-03h  1
iter    objective    inf_pr   inf_du lg(mu)  ||d||  lg(rg) alpha_du alpha_pr  ls
  10  1.8467072e+06 2.48e+01 3.60e+04  -6.0 2.77e+01   1.3 1.09e-01 1.14e-02f  1
  11  1.8471896e+06 2.45e+01 3.88e+04  -6.0 2.39e+01   1.7 1.40e-01 1.23e-02h  1
  12  1.8461239e+06 2.39e+01 4.02e+04  -6.0 3.45e+01   1.3 1.09e-01 2.43e-02f  1
  13  1.8467535e+06 2.36e+01 4.19e+04  -6.0 2.64e+01   1.7 1.69e-01 9.89e-03h  1
  14  1.8463024e+06 2.31e+01 4.33e+04  -6.0 2.77e+01   1.2 1.26e-01 2.20e-02f  1
  15  1.8470640e+06 2.29e+01 4.57e+04  -6.0 3.07e+01   1.6 1.87e-01 1.04e-02h  1
  16  1.8458228e+06 2.24e+01 4.71e+04  -6.0 3.20e+01   1.2 2.95e-02 1.98e-02f  1
  17  1.8460950e+06 2.22e+01 4.92e+04  -6.0 3.44e+01   1.6 1.14e-01 9.39e-03h  1
  18  1.8423004e+06 2.15e+01 5.42e+04  -6.0 3.57e+01   1.1 5.66e-02 3.45e-02f  1
  19  1.8423039e+06 2.14e+01 5.45e+04  -6.0 3.94e+01   1.5 6.49e-02 4.59e-03h  1
iter    objective    inf_pr   inf_du lg(mu)  ||d||  lg(rg) alpha_du alpha_pr  ls
  20  1.8404234e+06 2.11e+01 5.49e+04  -6.0 4.01e+01   1.1 9.36e-02 1.38e-02f  1
  21  1.8402143e+06 2.06e+01 6.67e+04  -6.0 4.13e+01   1.5 2.58e-02 2.13e-02h  1
  22  1.8387786e+06 2.04e+01 6.66e+04  -6.0 4.34e+01   1.0 2.59e-02 9.85e-03f  1
  23  1.8387573e+06 2.04e+01 6.65e+04  -6.0 4.41e+01   1.4 1.43e-07 9.31e-04h  1
  24  1.8359868e+06 2.01e+01 6.67e+04  -6.0 4.43e+01   1.0 5.56e-02 1.64e-02f  1
  25  1.8354961e+06 1.98e+01 6.93e+04  -6.0 4.55e+01   1.4 1.70e-02 1.15e-02f  1
  26  1.8341847e+06 1.97e+01 6.90e+04  -6.0 4.65e+01   0.9 5.00e-02 6.69e-03f  1
  27  1.8336747e+06 1.95e+01 7.02e+04  -6.0 4.68e+01   1.3 6.01e-02 8.68e-03f  1
  28  1.8335917e+06 1.95e+01 7.02e+04  -6.0 4.75e+01   0.9 2.34e-02 3.78e-04f  1
  29  1.8319173e+06 1.91e+01 7.94e+04  -6.0 4.74e+01   1.3 1.01e-01 2.24e-02f  1
iter    objective    inf_pr   inf_du lg(mu)  ||d||  lg(rg) alpha_du alpha_pr  ls
  30  1.8307730e+06 1.90e+01 7.91e+04  -6.0 4.89e+01   0.8 3.71e-02 5.13e-03f  1
  31  1.8295364e+06 1.87e+01 8.34e+04  -6.0 4.92e+01   1.2 4.49e-02 1.61e-02f  1
  32  1.8249256e+06 1.83e+01 8.28e+04  -6.0 5.01e+01   0.8 5.08e-02 2.02e-02f  1
  33  1.8243856e+06 1.82e+01 8.33e+04  -6.0 5.11e+01   1.2 1.78e-02 7.44e-03f  1
  34  1.8190411e+06 1.77e+01 8.24e+04  -6.0 5.15e+01   0.7 4.99e-02 2.56e-02f  1
  35  1.8160986e+06 1.75e+01 8.12e+04  -6.0 5.24e+01   0.2 2.24e-02 1.05e-02f  1
  36  1.8160985e+06 1.75e+01 8.12e+04  -6.0 5.33e+01   0.7 8.40e-02 8.92e-07h  1
  37  1.8152961e+06 1.74e+01 8.06e+04  -6.0 5.33e+01   0.2 4.73e-02 6.06e-03f  1
  38  1.8144149e+06 1.70e+01 7.93e+04  -6.0 5.36e+01   0.6 5.16e-08 2.26e-02f  1
  39  1.8142637e+06 1.70e+01 7.92e+04  -6.0 5.44e+01   0.1 9.18e-02 1.72e-03f  1
iter    objective    inf_pr   inf_du lg(mu)  ||d||  lg(rg) alpha_du alpha_pr  ls
  40  1.8142654e+06 1.69e+01 7.90e+04  -6.0 5.45e+01   0.6 6.12e-03 2.50e-03h  1
  41  1.8131862e+06 1.66e+01 7.58e+04  -6.0 5.45e+01   0.1 5.65e-02 2.15e-02f  1
  42  1.8140964e+06 1.59e+01 7.43e+04  -6.0 5.52e+01   0.5 3.40e-02 4.10e-02h  1
  43  1.8142928e+06 1.59e+01 7.42e+04  -6.0 5.63e+01   0.9 1.43e-01 2.47e-03h  1
  44  1.8166517e+06 1.53e+01 7.28e+04  -6.0 5.64e+01   0.4 4.22e-02 3.28e-02h  1
  45  1.8166702e+06 1.53e+01 7.28e+04  -6.0 5.71e+01   0.9 4.42e-02 1.54e-04h  1
  46  1.8179219e+06 1.51e+01 7.19e+04  -6.0 5.72e+01   0.4 1.33e-01 1.35e-02h  1
  47  1.8216022e+06 1.47e+01 7.88e+04  -6.0 5.74e+01   0.8 4.94e-02 2.91e-02h  1
  48  1.8217422e+06 1.47e+01 7.87e+04  -6.0 5.77e+01   0.3 1.99e-01 1.52e-03h  1
  49  1.8260467e+06 1.42e+01 8.62e+04  -6.0 5.76e+01   0.8 6.42e-02 3.41e-02h  1
iter    objective    inf_pr   inf_du lg(mu)  ||d||  lg(rg) alpha_du alpha_pr  ls
  50  1.8281611e+06 1.38e+01 8.38e+04  -6.0 5.74e+01   0.3 1.17e-01 2.28e-02h  1
  51  1.8283540e+06 1.38e+01 8.37e+04  -6.0 5.72e+01   0.7 4.38e-02 1.48e-03h  1
  52  1.8334781e+06 1.34e+01 1.12e+05  -6.0 5.71e+01   1.1 9.98e-02 3.33e-02h  1
  53  1.8334847e+06 1.34e+01 1.12e+05  -6.0 5.83e+01   0.7 8.85e-02 5.25e-05h  1
  54  1.8370238e+06 1.31e+01 1.22e+05  -6.0 5.87e+01   1.1 4.35e-02 2.29e-02h  1
  55  1.8370917e+06 1.31e+01 1.22e+05  -6.0 5.92e+01   0.6 3.19e-03 5.05e-04h  1
  56  1.8417440e+06 1.27e+01 1.35e+05  -6.0 5.92e+01   1.0 1.91e-02 3.00e-02h  1
  57  1.8457804e+06 1.23e+01 1.33e+05  -6.0 5.91e+01   0.6 1.11e-03 3.13e-02h  1
  58  1.8462930e+06 1.22e+01 1.32e+05  -6.0 5.88e+01   1.0 9.69e-02 3.46e-03h  1
  59  1.8468870e+06 1.22e+01 1.32e+05  -6.0 5.88e+01   0.5 2.21e-02 4.88e-03h  1
iter    objective    inf_pr   inf_du lg(mu)  ||d||  lg(rg) alpha_du alpha_pr  ls
  60  1.8470476e+06 1.22e+01 1.32e+05  -6.0 5.92e+01   0.9 4.46e-02 1.10e-03h  1
  61  1.8477644e+06 1.21e+01 1.31e+05  -6.0 5.92e+01   0.5 2.25e-02 6.06e-03h  1
  62  1.8530305e+06 1.16e+01 1.40e+05  -6.0 5.92e+01   0.9 8.26e-02 3.69e-02h  1
  63  1.8530422e+06 1.16e+01 1.40e+05  -6.0 5.88e+01   0.4 5.90e-03 1.06e-04h  1
  64  1.8537563e+06 1.16e+01 1.40e+05  -6.0 5.87e+01   0.8 8.78e-09 5.37e-03h  1
  65  1.8541292e+06 1.15e+01 1.39e+05  -6.0 5.85e+01   0.4 5.54e-02 3.52e-03h  1
  66  1.8549378e+06 1.15e+01 1.39e+05  -6.0 5.85e+01   0.8 6.58e-03 6.23e-03h  1
  67  1.8564452e+06 1.13e+01 1.40e+05  -6.0 5.84e+01   1.2 1.53e-02 1.06e-02h  1
  68  1.8577548e+06 1.12e+01 1.39e+05  -6.0 5.82e+01   0.7 9.01e-02 1.07e-02h  1
  69  1.8581067e+06 1.12e+01 1.39e+05  -6.0 5.81e+01   1.2 2.23e-02 2.59e-03h  1
iter    objective    inf_pr   inf_du lg(mu)  ||d||  lg(rg) alpha_du alpha_pr  ls
  70  1.8586660e+06 1.11e+01 1.39e+05  -6.0 5.81e+01   0.7 1.31e-02 4.81e-03h  1
  71  1.8589854e+06 1.11e+01 1.38e+05  -6.0 5.80e+01   1.1 5.76e-03 2.40e-03h  1
  72  1.8600861e+06 1.10e+01 1.37e+05  -6.0 5.79e+01   0.6 6.58e-02 9.97e-03h  1
  73  1.8618084e+06 1.08e+01 1.39e+05  -6.0 5.78e+01   1.1 1.84e-02 1.38e-02h  1
  74  1.8642017e+06 1.06e+01 1.36e+05  -6.0 5.75e+01   0.6 6.35e-02 2.37e-02h  1
  75  1.8658584e+06 1.04e+01 1.37e+05  -6.0 5.71e+01   1.0 7.57e-02 1.43e-02h  1
  76  1.8660251e+06 1.04e+01 1.36e+05  -6.0 5.73e+01   0.5 2.11e-03 1.87e-03h  1
  77  1.8661315e+06 1.04e+01 1.36e+05  -6.0 5.68e+01   1.0 4.57e-08 1.02e-03h  1
  78  1.8676404e+06 1.02e+01 1.33e+05  -6.0 5.67e+01   0.5 9.26e-02 2.34e-02h  1
  79  1.8686028e+06 1.00e+01 1.32e+05  -6.0 5.62e+01   0.9 2.47e-02 1.27e-02h  1
iter    objective    inf_pr   inf_du lg(mu)  ||d||  lg(rg) alpha_du alpha_pr  ls
  80  1.8687429e+06 1.00e+01 1.32e+05  -6.0 5.60e+01   0.4 4.90e-02 2.75e-03h  1
  81  1.8688781e+06 9.98e+00 1.32e+05  -6.0 5.60e+01   0.9 3.08e-02 1.96e-03h  1
  82  1.8691481e+06 9.92e+00 1.31e+05  -6.0 5.60e+01   0.4 4.32e-03 6.18e-03h  1
  83r 1.8691481e+06 9.92e+00 1.00e+03   0.6 0.00e+00   0.8 0.00e+00 2.83e-07R  6
  84r 1.8401295e+06 9.16e+00 1.15e+03   0.6 2.65e+04    -  7.97e-04 2.93e-04f  1
  85  1.8357789e+06 9.13e+00 9.96e+01  -6.0 2.11e+02    -  4.39e-03 3.86e-03f  1
  86  1.8232287e+06 9.02e+00 9.85e+01  -6.0 2.21e+02    -  1.03e-02 1.13e-02f  1
  87  1.7971402e+06 8.86e+00 9.80e+01  -6.0 2.51e+02    -  6.23e-04 1.84e-02f  1
  88  1.7832477e+06 8.72e+00 9.75e+01  -6.0 2.75e+02    -  2.49e-03 1.52e-02f  1
  89  1.7700889e+06 8.61e+00 9.73e+01  -6.0 2.95e+02    -  7.34e-05 1.36e-02f  1
iter    objective    inf_pr   inf_du lg(mu)  ||d||  lg(rg) alpha_du alpha_pr  ls
  90  1.7511713e+06 8.42e+00 9.66e+01  -6.0 3.08e+02    -  3.24e-03 2.11e-02f  1
  91  1.7313928e+06 8.21e+00 9.48e+01  -6.0 3.22e+02    -  1.71e-02 2.57e-02f  1
  92  1.7144890e+06 7.98e+00 9.83e+01  -6.0 3.36e+02    -  1.21e-02 2.81e-02f  1
  93  1.6713964e+06 7.49e+00 1.70e+02  -6.0 3.43e+02    -  3.76e-04 6.01e-02f  1
  94  1.6196151e+06 7.01e+00 2.16e+02  -6.0 3.45e+02    -  1.19e-02 6.11e-02f  1
  95  1.5926333e+06 6.74e+00 2.19e+02  -6.0 3.84e+02    -  1.55e-02 3.75e-02f  1
  96  1.5463070e+06 6.26e+00 6.69e+02  -6.0 4.02e+02    -  6.97e-05 6.98e-02f  1
  97  1.5457521e+06 6.25e+00 6.68e+02  -6.0 3.98e+02    -  2.53e-02 9.96e-04f  1
  98  1.5388426e+06 6.16e+00 6.52e+02  -6.0 4.04e+02    -  6.49e-03 1.35e-02f  1
  99  1.5262258e+06 6.01e+00 6.16e+02  -6.0 4.14e+02    -  1.73e-03 2.52e-02f  1
iter    objective    inf_pr   inf_du lg(mu)  ||d||  lg(rg) alpha_du alpha_pr  ls
 100  1.4892380e+06 5.54e+00 4.57e+02  -6.0 4.22e+02    -  7.72e-03 7.65e-02f  1
 101  1.4515120e+06 5.00e+00 3.59e+02  -6.0 4.20e+02    -  2.99e-02 9.52e-02f  1
 102  1.4368989e+06 4.77e+00 3.37e+02  -6.0 3.95e+02    -  2.46e-03 4.71e-02f  1
 103  1.4141139e+06 4.41e+00 3.03e+02  -6.0 4.95e+02    -  2.08e-02 7.40e-02f  1
 104  1.3981717e+06 4.06e+00 3.03e+02  -6.0 3.07e+02    -  6.56e-03 7.81e-02f  1
 105  1.3930700e+06 3.94e+00 2.97e+02  -6.0 2.77e+02    -  7.48e-02 3.08e-02f  1
 106  1.3745674e+06 3.43e+00 3.08e+02  -6.0 2.67e+02    -  3.87e-02 1.27e-01f  1
 107  1.3590636e+06 3.05e+00 3.32e+02  -6.0 2.47e+02    -  7.39e-03 1.11e-01f  1
 108  1.3591200e+06 3.05e+00 3.31e+02  -6.0 2.08e+01   0.3 7.60e-03 5.33e-04h  1
 109  1.3594089e+06 3.04e+00 3.31e+02  -6.0 2.16e+01  -0.1 1.05e-03 2.82e-03h  1
iter    objective    inf_pr   inf_du lg(mu)  ||d||  lg(rg) alpha_du alpha_pr  ls
 110  1.3610544e+06 2.98e+00 3.25e+02  -6.0 2.26e+01  -0.6 1.81e-02 1.88e-02h  1
 111  1.3651740e+06 2.78e+00 3.40e+02  -6.0 2.32e+01  -1.1 3.31e-02 6.58e-02h  1
 112  1.3664404e+06 2.65e+00 3.49e+02  -6.0 2.61e+01  -1.6 4.90e-02 4.95e-02h  1
 113  1.3632505e+06 2.63e+00 3.46e+02  -6.0 9.33e+02    -  3.22e-03 8.14e-03f  1
 114  1.3631650e+06 2.61e+00 3.45e+02  -6.0 4.17e+01  -2.1 1.26e-02 4.93e-03h  1
 115  1.3602542e+06 2.50e+00 3.31e+02  -6.0 7.14e+01  -2.5 2.07e-02 4.42e-02f  1
 116  1.3566009e+06 2.46e+00 6.53e+02  -6.0 6.59e+02    -  1.15e-02 1.35e-02f  1
 117  1.3552556e+06 2.43e+00 6.45e+02  -6.0 2.41e+02    -  1.04e-01 1.14e-02f  1
 118  1.3513847e+06 2.35e+00 6.24e+02  -6.0 2.32e+02    -  1.27e-02 3.41e-02f  1
 119  1.3513846e+06 2.35e+00 6.24e+02  -6.0 2.17e+02    -  8.87e-02 2.80e-07h  1
iter    objective    inf_pr   inf_du lg(mu)  ||d||  lg(rg) alpha_du alpha_pr  ls
 120  1.3428533e+06 2.13e+00 5.65e+02  -6.0 2.09e+02    -  9.69e-03 9.60e-02f  1
 121  1.3361456e+06 1.93e+00 5.13e+02  -6.0 1.79e+02    -  3.32e-02 9.24e-02f  1
 122  1.3335444e+06 1.84e+00 4.91e+02  -6.0 1.37e+02    -  5.88e-02 4.40e-02f  1
 123  1.3269958e+06 1.62e+00 4.33e+02  -6.0 1.11e+02    -  2.64e-02 1.20e-01f  1
 124  1.3244729e+06 1.53e+00 4.09e+02  -6.0 1.02e+02    -  7.65e-02 5.42e-02f  1
 125  1.3185798e+06 1.33e+00 3.54e+02  -6.0 1.03e+02    -  5.39e-02 1.35e-01f  1
 126  1.3137855e+06 1.16e+00 3.10e+02  -6.0 1.02e+02    -  1.91e-02 1.27e-01f  1
 127  1.3094264e+06 1.01e+00 2.72e+02  -6.0 1.05e+02    -  1.28e-01 1.23e-01f  1
 128  1.3045703e+06 8.67e-01 2.33e+02  -6.0 1.07e+02    -  6.35e-02 1.45e-01f  1
 129  1.2997112e+06 7.30e-01 1.96e+02  -6.0 1.00e+02    -  1.47e-02 1.58e-01f  1
iter    objective    inf_pr   inf_du lg(mu)  ||d||  lg(rg) alpha_du alpha_pr  ls
 130  1.2984283e+06 6.95e-01 1.87e+02  -6.0 8.66e+01    -  1.08e-01 4.88e-02f  1
 131  1.2970259e+06 6.56e-01 1.77e+02  -6.0 7.97e+01    -  1.50e-02 5.51e-02f  1
 132  1.2928066e+06 5.41e-01 1.50e+02  -6.0 7.40e+01    -  5.28e-02 1.76e-01f  1
 133  1.2903976e+06 4.71e-01 1.34e+02  -6.0 6.22e+01    -  4.81e-02 1.28e-01f  1
 134  1.2870887e+06 3.80e-01 1.53e+02  -6.0 6.14e+01    -  1.16e-01 1.95e-01f  1
 135  1.2815564e+06 2.76e-01 1.98e+02  -6.0 6.50e+01    -  3.93e-06 2.75e-01f  1
 136  1.2780652e+06 2.17e-01 2.94e+02  -6.0 6.18e+01    -  1.24e-01 2.14e-01f  1
 137  1.2780650e+06 2.17e-01 2.94e+02  -6.0 1.51e+02    -  9.46e-02 8.38e-06h  1
 138  1.2758975e+06 1.95e-01 1.12e+02  -6.0 9.74e+01    -  3.12e-02 9.99e-02f  1
 139  1.2750460e+06 1.83e-01 1.07e+02  -6.0 7.91e+01    -  1.19e-01 6.49e-02f  1
iter    objective    inf_pr   inf_du lg(mu)  ||d||  lg(rg) alpha_du alpha_pr  ls
 140  1.2734730e+06 1.59e-01 9.83e+01  -6.0 7.64e+01    -  5.64e-02 1.29e-01f  1
 141  1.2716946e+06 1.34e-01 8.91e+01  -6.0 8.06e+01    -  8.43e-02 1.55e-01f  1
 142  1.2691609e+06 1.02e-01 8.11e+01  -6.0 7.79e+01    -  8.79e-03 2.42e-01f  1
 143  1.2675641e+06 8.24e-02 7.17e+01  -6.0 5.70e+01    -  5.00e-02 1.93e-01f  1
 144  1.2668796e+06 7.26e-02 6.38e+01  -6.0 3.45e+01    -  1.21e-01 1.20e-01f  1
 145  1.2660466e+06 6.18e-02 5.62e+01  -6.0 3.38e+01    -  1.27e-01 1.50e-01f  1
 146  1.2658271e+06 5.91e-02 5.40e+01  -6.0 3.22e+01    -  2.15e-03 4.31e-02f  1
 147  1.2652964e+06 5.30e-02 5.00e+01  -6.0 3.18e+01    -  1.66e-01 1.05e-01f  1
 148  1.2640486e+06 3.96e-02 4.86e+01  -6.0 3.23e+01    -  1.04e-02 2.55e-01f  1
 149  1.2635298e+06 3.43e-02 4.38e+01  -6.0 2.77e+01    -  1.45e-01 1.34e-01f  1
iter    objective    inf_pr   inf_du lg(mu)  ||d||  lg(rg) alpha_du alpha_pr  ls
 150  1.2625106e+06 2.47e-02 4.34e+01  -6.0 2.95e+01    -  6.53e-02 2.86e-01f  1
 151  1.2610345e+06 2.36e-02 5.23e+01  -6.0 2.82e+01    -  1.38e-01 5.43e-01f  1
 152  1.2607567e+06 1.99e-02 4.42e+01  -6.0 2.58e+01    -  2.07e-01 1.79e-01f  1
 153  1.2606835e+06 1.89e-02 4.20e+01  -6.0 2.77e+01    -  3.63e-01 5.23e-02h  1
 154  1.2597427e+06 1.31e-02 3.41e+01  -6.0 3.41e+01    -  4.56e-02 6.40e-01f  1
 155  1.2596759e+06 1.18e-02 3.06e+01  -6.0 2.38e+01    -  3.30e-02 1.03e-01h  1
 156  1.2594327e+06 7.56e-03 1.94e+01  -6.0 2.33e+01    -  4.52e-01 4.07e-01h  1
 157  1.2592398e+06 4.81e-03 1.18e+01  -6.0 2.87e+01    -  5.52e-02 4.15e-01h  1
 158  1.2591439e+06 3.39e-03 8.07e+00  -6.0 2.27e+01    -  3.43e-01 3.14e-01h  1
 159  1.2590092e+06 3.02e-03 5.16e+00  -6.0 2.16e+01    -  3.40e-01 5.32e-01h  1
iter    objective    inf_pr   inf_du lg(mu)  ||d||  lg(rg) alpha_du alpha_pr  ls
 160  1.2589766e+06 2.33e-03 2.62e+00  -6.0 2.74e+01    -  6.05e-01 2.44e-01h  1
 161  1.2589153e+06 2.41e-03 1.32e+00  -6.0 3.75e+01    -  5.51e-01 5.05e-01h  1
 162  1.2588879e+06 2.45e-03 8.59e-01  -6.0 3.30e+01    -  4.62e-01 3.89e-01h  1
 163  1.2588574e+06 2.87e-03 3.72e-01  -6.0 2.62e+01    -  7.07e-01 6.72e-01h  1
 164  1.2588484e+06 1.68e-03 1.75e-01  -6.0 1.33e+01    -  3.92e-01 6.01e-01h  1
 165  1.2588440e+06 4.71e-04 6.46e-02  -6.0 5.32e+00    -  8.88e-01 8.33e-01h  1
 166  1.2588440e+06 1.09e-03 2.73e-02  -6.0 7.53e-01    -  1.00e+00 6.75e-01h  1
 167  1.2588440e+06 4.74e-04 2.42e-02  -6.0 5.03e-01    -  1.00e+00 1.00e+00h  1
 168  1.2588440e+06 3.77e-07 1.61e-05  -6.0 1.65e-02    -  1.00e+00 1.00e+00h  1
 169  1.2588440e+06 1.30e-08 9.75e-08  -6.0 3.03e-03    -  1.00e+00 1.00e+00h  1
iter    objective    inf_pr   inf_du lg(mu)  ||d||  lg(rg) alpha_du alpha_pr  ls
 170  1.2588440e+06 9.37e-08 3.56e-02  -7.1 3.99e-03    -  1.00e+00 8.90e-01h  1
 171  1.2588440e+06 7.06e-09 1.49e-07  -7.1 9.79e-04    -  1.00e+00 1.00e+00f  1

Number of Iterations....: 171

                                   (scaled)                 (unscaled)
Objective...............:   1.0036029814714195e+04    1.2588439885811843e+06
Dual infeasibility......:   1.4881268671960470e-07    1.8665942564950842e-05
Constraint violation....:   6.7141039498952448e-09    7.0612490854493615e-09
Variable bound violation:   4.1439383124952656e-07    4.1439383124952656e-07
Complementarity.........:   1.1966087483307479e-07    1.5009358853351661e-05
Overall NLP error.......:   1.4881268671960470e-07    1.8665942564950842e-05


Number of objective function evaluations             = 178
Number of objective gradient evaluations             = 172
Number of equality constraint evaluations            = 178
Number of inequality constraint evaluations          = 178
Number of equality constraint Jacobian evaluations   = 173
Number of inequality constraint Jacobian evaluations = 173
Number of Lagrangian Hessian evaluations             = 171
Total seconds in IPOPT                               = 7.743

EXIT: Optimal Solution Found.

