Solver command line: ['/opt/homebrew/bin/ipopt', '/var/folders/6y/bvynbx6n3zv7z3lwg6vd724r0000gn/T/tmp2lvlop30.pyomo.nl', '-AMPL', 'tol=1e-06', 'max_iter=300', 'print_level=5', 'warm_start_init_point=yes', 'warm_start_bound_push=1e-06', 'warm_start_bound_frac=1e-06', 'warm_start_mult_bound_push=1e-06', 'mu_init=1e-06', 'least_square_init_duals=no']

Ipopt 3.14.19: tol=1e-06
max_iter=300
print_level=5
warm_start_init_point=yes
warm_start_bound_push=1e-06
warm_start_bound_frac=1e-06
warm_start_mult_bound_push=1e-06
mu_init=1e-06
least_square_init_duals=no


******************************************************************************
This program contains Ipopt, a library for large-scale nonlinear optimization.
 Ipopt is released as open source code under the Eclipse Public License (EPL).
         For more information visit https://github.com/coin-or/Ipopt
******************************************************************************

This is Ipopt version 3.14.19, running with linear solver MUMPS 5.6.2.

Number of nonzeros in equality constraint Jacobian...:    19617
Number of nonzeros in inequality constraint Jacobian.:    15928
Number of nonzeros in Lagrangian Hessian.............:    10902

Total number of variables............................:     3228
                     variables with only lower bounds:        0
                variables with lower and upper bounds:     3228
                     variables with only upper bounds:        0
Total number of equality constraints.................:     2709
Total number of inequality constraints...............:     3982
        inequality constraints with only lower bounds:        0
   inequality constraints with lower and upper bounds:        0
        inequality constraints with only upper bounds:     3982

iter    objective    inf_pr   inf_du lg(mu)  ||d||  lg(rg) alpha_du alpha_pr  ls
   0  1.2588445e+06 1.83e-03 1.22e+02  -6.0 0.00e+00    -  0.00e+00 0.00e+00   0
   1  1.2572794e+06 5.31e+00 1.22e+02  -6.0 5.99e+06    -  2.21e-07 4.78e-08f  1
   2  1.2570563e+06 6.27e+00 1.22e+02  -6.0 5.22e+06    -  3.81e-07 2.65e-08f  1
   3  1.2564957e+06 1.11e+01 1.22e+02  -6.0 2.21e+06    -  3.60e-08 2.05e-07f  1
   4  1.2562525e+06 1.11e+01 1.22e+02  -6.0 1.20e+06    -  1.16e-06 1.96e-07f  1
   5  1.2561251e+06 1.11e+01 1.22e+02  -6.0 7.43e+05    -  5.09e-07 4.59e-07f  1
   6  1.2559829e+06 1.23e+01 1.22e+02  -6.0 6.53e+05    -  1.94e-06 1.06e-06f  1
   7  1.2559469e+06 1.30e+01 1.22e+02  -6.0 2.81e+05    -  5.53e-06 8.35e-07f  1
   8  1.2559467e+06 1.30e+01 1.22e+02  -6.0 2.34e+04    -  1.07e-05 6.01e-08f  1
   9  1.2559244e+06 1.30e+01 1.22e+02  -6.0 1.83e+04    -  2.86e-06 1.06e-05f  1
iter    objective    inf_pr   inf_du lg(mu)  ||d||  lg(rg) alpha_du alpha_pr  ls
  10  1.2559087e+06 1.30e+01 1.22e+02  -6.0 8.78e+03    -  1.32e-05 1.96e-05f  1
  11  1.2559040e+06 1.30e+01 1.22e+02  -6.0 8.11e+03    -  1.31e-05 2.47e-05f  1
  12  1.2559017e+06 1.30e+01 1.22e+02  -6.0 3.42e+03    -  1.43e-04 4.56e-05f  1
  13  1.2559011e+06 1.30e+01 1.22e+02  -6.0 1.53e+03    -  8.97e-04 1.93e-04f  1
  14  1.2559034e+06 1.30e+01 1.21e+02  -6.0 9.04e+02    -  1.12e-03 1.12e-03s 13
  15  1.2559094e+06 1.29e+01 1.21e+02  -6.0 1.90e+02    -  3.06e-03 3.06e-03s 13
  16  1.2559503e+06 1.27e+01 1.19e+02  -6.0 4.16e+01    -  1.70e-02 1.70e-02s 13
  17  1.2559726e+06 1.25e+01 1.18e+02  -6.0 3.26e+01    -  1.06e-02 1.06e-02s 13
  18  1.2560957e+06 1.19e+01 1.12e+02  -6.0 8.02e+00    -  4.75e-02 4.75e-02s 13
  19  1.2562068e+06 1.14e+01 1.07e+02  -6.0 1.56e+00    -  4.41e-02 4.41e-02s 13
iter    objective    inf_pr   inf_du lg(mu)  ||d||  lg(rg) alpha_du alpha_pr  ls
  20  1.2567979e+06 8.62e+00 8.09e+01  -6.0 8.71e-01    -  2.45e-01 2.45e-01s 13
  21  1.2569485e+06 7.91e+00 7.43e+01  -6.0 7.20e-01    -  8.22e-02 8.22e-02s 13
  22  1.2569897e+06 7.71e+00 7.25e+01  -6.0 6.52e-01    -  2.44e-02 2.44e-02s 13
  23  1.2572946e+06 6.28e+00 9.77e+01  -6.0 2.78e+00    -  1.86e-01 0.00e+00S 13
  24  1.2574120e+06 5.73e+00 2.22e+02  -6.0 1.99e+00    -  8.16e-01 8.75e-02h  1
  25  1.2576764e+06 4.50e+00 2.09e+02  -6.0 4.67e+00    -  1.00e+00 2.16e-01h  1
  26  1.2576768e+06 4.50e+00 2.09e+02  -6.0 3.62e+00    -  4.81e-06 4.56e-04h  1
  27  1.2578554e+06 4.08e+00 1.70e+02  -6.0 3.96e+00    -  1.08e-01 1.86e-01h  1
  28  1.2578554e+06 4.08e+00 1.73e+02  -6.0 7.37e+00    -  8.73e-01 2.19e-05h  1
  29  1.2579136e+06 4.45e+00 2.55e+02  -6.0 1.11e+01    -  2.32e-02 7.39e-02h  1
iter    objective    inf_pr   inf_du lg(mu)  ||d||  lg(rg) alpha_du alpha_pr  ls
  30r 1.2579136e+06 4.45e+00 9.99e+02  -1.6 0.00e+00    -  0.00e+00 4.48e-07R  5
  31r 1.2579137e+06 4.45e+00 1.00e+03  -1.6 8.56e+03    -  5.39e-06 4.78e-07f  7
  32r 1.2581236e+06 4.42e+00 9.99e+02  -1.6 1.53e+02    -  1.60e-04 1.01e-03f  1
  33  1.2581155e+06 1.46e+01 4.77e+02  -6.0 2.90e+04    -  1.01e-04 1.20e-04f  1
  34  1.2580734e+06 1.46e+01 4.77e+02  -6.0 1.31e+04    -  2.76e-07 1.86e-05f  4
  35  1.2580303e+06 1.46e+01 4.77e+02  -6.0 2.99e+04    -  4.08e-05 1.04e-05f  4
  36  1.2580106e+06 1.46e+01 4.77e+02  -6.0 2.75e+04    -  1.24e-05 5.02e-06f  5
  37  1.2579916e+06 1.46e+01 4.77e+02  -6.0 2.57e+04    -  5.95e-05 5.08e-06f  5
  38  1.2579807e+06 1.46e+01 4.77e+02  -6.0 2.24e+04    -  3.82e-05 2.83e-06f  6
  39  1.2576365e+06 1.60e+01 4.77e+02  -6.0 2.11e+04    -  5.03e-05 9.38e-05f  1
iter    objective    inf_pr   inf_du lg(mu)  ||d||  lg(rg) alpha_du alpha_pr  ls
  40  1.2574524e+06 1.74e+01 4.77e+02  -6.0 4.72e+03    -  2.60e-04 2.78e-04f  1
  41  1.2574485e+06 1.74e+01 4.77e+02  -6.0 6.41e+02    -  1.32e-03 2.15e-04f  1
  42  1.2574428e+06 1.75e+01 4.76e+02  -6.0 3.42e+02    -  2.29e-03 9.90e-04f  1
  43  1.2574434e+06 1.75e+01 4.75e+02  -6.0 5.62e+01    -  4.46e-03 8.79e-04h  3
  44  1.2574356e+06 1.74e+01 4.74e+02  -6.0 4.20e+02    -  2.59e-04 3.78e-03h  1
  45  1.2574372e+06 1.74e+01 4.72e+02  -6.0 2.16e+01    -  4.94e-03 2.02e-03h  3
  46  1.2574397e+06 1.74e+01 4.71e+02  -6.0 1.41e+01    -  1.98e-03 3.07e-03h  3
  47  1.2574417e+06 1.73e+01 4.70e+02  -6.0 1.88e+01    -  1.77e-03 3.40e-03h  3
  48  1.2574412e+06 1.73e+01 4.69e+02  -6.0 9.84e+01    -  4.11e-04 6.25e-04h  4
  49  1.2574125e+06 1.67e+01 4.56e+02  -6.0 9.76e+01    -  3.58e-03 3.47e-02h  1
iter    objective    inf_pr   inf_du lg(mu)  ||d||  lg(rg) alpha_du alpha_pr  ls
  50  1.2574259e+06 1.64e+01 4.50e+02  -6.0 8.90e+00  -2.0 9.54e-03 1.35e-02h  3
  51  1.2574340e+06 1.63e+01 4.45e+02  -6.0 1.42e+01  -2.5 3.03e-02 9.35e-03h  4
  52  1.2574349e+06 1.63e+01 4.44e+02  -6.0 1.75e+01  -3.0 1.04e-02 1.10e-03h  7
  53  1.2574355e+06 1.63e+01 4.39e+02  -6.0 1.97e+01  -3.4 8.08e-02 7.28e-04h  8
  54  1.2574355e+06 1.63e+01 4.39e+02  -6.0 3.40e+01  -3.9 7.09e-03 6.68e-05h 12
  55  1.2574546e+06 1.59e+01 4.27e+02  -6.0 1.96e+01  -3.5 5.14e-02 2.47e-02h  3
  56  1.2574969e+06 1.52e+01 4.08e+02  -6.0 1.21e+01    -  4.45e-02 4.33e-02h  1
  57  1.2575925e+06 1.38e+01 3.72e+02  -6.0 9.67e+00    -  6.31e-02 9.01e-02h  1
  58  1.2577927e+06 1.10e+01 3.00e+02  -6.0 3.78e+00    -  1.29e-01 1.99e-01h  1
  59r 1.2577927e+06 1.10e+01 9.99e+02   0.1 0.00e+00    -  0.00e+00 3.90e-07R  5
iter    objective    inf_pr   inf_du lg(mu)  ||d||  lg(rg) alpha_du alpha_pr  ls
  60r 1.2578201e+06 1.09e+01 9.99e+02   0.1 1.27e+03    -  1.53e-05 2.38e-04f  1
  61  1.2578166e+06 1.17e+01 4.58e+02  -6.0 9.92e+03    -  2.63e-04 8.77e-05f  2
  62  1.2574984e+06 1.75e+01 4.58e+02  -6.0 1.22e+04    -  1.09e-04 2.81e-04f  1
  63  1.2574630e+06 1.75e+01 4.58e+02  -6.0 6.57e+03    -  2.07e-04 4.19e-05f  1
  64  1.2570427e+06 1.97e+01 4.58e+02  -6.0 3.72e+03    -  2.43e-04 7.84e-04f  1
  65  1.2570269e+06 1.97e+01 4.58e+02  -6.0 7.30e+02    -  5.77e-04 1.11e-04f  1
  66  1.2569142e+06 1.96e+01 4.57e+02  -6.0 5.89e+02    -  9.28e-04 1.06e-03f  1
  67  1.2568848e+06 1.95e+01 4.54e+02  -6.0 1.40e+02    -  6.46e-03 5.98e-03h  1
  68  1.2568879e+06 1.94e+01 4.52e+02  -6.0 3.26e+01    -  2.21e-03 7.00e-03h  1
  69  1.2569016e+06 1.92e+01 4.48e+02  -6.0 1.28e+01    -  2.61e-03 9.33e-03h  2
iter    objective    inf_pr   inf_du lg(mu)  ||d||  lg(rg) alpha_du alpha_pr  ls
  70  1.2569088e+06 1.91e+01 4.43e+02  -6.0 6.76e+00    -  2.99e-02 4.68e-03h  2
  71  1.2569123e+06 1.91e+01 4.41e+02  -6.0 5.05e+00    -  1.75e-02 2.24e-03h  2
  72  1.2569139e+06 1.90e+01 4.37e+02  -6.0 6.17e+00    -  3.33e-02 1.08e-03h  2
  73  1.2569141e+06 1.90e+01 4.36e+02  -6.0 1.51e+01    -  2.26e-02 1.25e-04h  4
  74  1.2569160e+06 1.90e+01 4.35e+02  -6.0 1.50e+01    -  3.94e-03 1.37e-03h  1
  75  1.2569229e+06 1.89e+01 5.89e+02  -6.0 5.79e+01    -  1.79e-03 4.74e-03h  1
  76  1.2570155e+06 1.78e+01 5.55e+02  -6.0 1.03e+01    -  1.90e-02 5.64e-02h  1
  77  1.2572283e+06 1.56e+01 4.86e+02  -6.0 2.99e+00    -  1.07e-03 1.25e-01h  1
  78  1.2572616e+06 1.52e+01 4.75e+02  -6.0 5.65e+00    -  7.36e-03 2.16e-02h  1
  79  1.2573721e+06 1.41e+01 4.41e+02  -6.0 2.82e+00    -  1.42e-02 7.30e-02h  1
iter    objective    inf_pr   inf_du lg(mu)  ||d||  lg(rg) alpha_du alpha_pr  ls
  80  1.2574123e+06 1.37e+01 4.28e+02  -6.0 2.25e+00    -  1.10e-01 2.82e-02h  1
  81  1.2582201e+06 5.52e+00 2.68e+02  -6.0 4.04e+00    -  1.09e-01 5.84e-01h  1
  82  1.2584365e+06 3.54e+00 1.95e+02  -6.0 8.01e-01    -  2.62e-01 3.54e-01h  1
  83  1.2586368e+06 1.76e+00 1.17e+02  -6.0 5.65e-01    -  4.15e-01 4.97e-01h  1
  84  1.2587512e+06 7.78e-01 5.85e+01  -6.0 3.11e-01    -  7.64e-01 5.55e-01h  1
  85  1.2587920e+06 4.35e-01 3.36e+01  -6.0 1.64e-01    -  9.58e-01 4.40e-01h  1
  86  1.2588440e+06 6.90e-05 1.33e+00  -6.0 8.83e-02    -  1.00e+00 1.00e+00h  1
  87  1.2588440e+06 2.67e-06 7.40e-05  -6.0 1.31e-02    -  1.00e+00 1.00e+00h  1
  88  1.2588440e+06 9.05e-08 3.05e-06  -6.0 4.18e-03    -  1.00e+00 1.00e+00h  1
  89  1.2588440e+06 9.32e-08 3.57e-02  -7.1 3.89e-03    -  1.00e+00 8.90e-01h  1
iter    objective    inf_pr   inf_du lg(mu)  ||d||  lg(rg) alpha_du alpha_pr  ls
  90  1.2588440e+06 7.11e-09 1.54e-07  -7.1 9.71e-04    -  1.00e+00 1.00e+00f  1

Number of Iterations....: 90

                                   (scaled)                 (unscaled)
Objective...............:   1.0036029814713444e+04    1.2588439885810900e+06
Dual infeasibility......:   1.5430719011463551e-07    1.9355131686223937e-05
Constraint violation....:   6.7136054982463653e-09    7.1094397591231484e-09
Variable bound violation:   4.1439383124952656e-07    4.1439383124952656e-07
Complementarity.........:   1.1966335846527785e-07    1.5009670381468495e-05
Overall NLP error.......:   1.5430719011463551e-07    1.9355131686223937e-05


Number of objective function evaluations             = 208
Number of objective gradient evaluations             = 90
Number of equality constraint evaluations            = 208
Number of inequality constraint evaluations          = 209
Number of equality constraint Jacobian evaluations   = 93
Number of inequality constraint Jacobian evaluations = 93
Number of Lagrangian Hessian evaluations             = 90
Total seconds in IPOPT                               = 4.267

EXIT: Optimal Solution Found.

