Solver command line: ['/opt/homebrew/bin/ipopt', '/var/folders/6y/bvynbx6n3zv7z3lwg6vd724r0000gn/T/tmpnw245lph.pyomo.nl', '-AMPL', 'tol=1e-06', 'max_iter=300', 'print_level=5', 'warm_start_init_point=yes', 'warm_start_bound_push=1e-06', 'warm_start_bound_frac=1e-06', 'warm_start_mult_bound_push=1e-06', 'mu_init=1e-06', 'least_square_init_duals=no']

Ipopt 3.14.19: tol=1e-06
max_iter=300
print_level=5
warm_start_init_point=yes
warm_start_bound_push=1e-06
warm_start_bound_frac=1e-06
warm_start_mult_bound_push=1e-06
mu_init=1e-06
least_square_init_duals=no


******************************************************************************
This program contains Ipopt, a library for large-scale nonlinear optimization.
 Ipopt is released as open source code under the Eclipse Public License (EPL).
         For more information visit https://github.com/coin-or/Ipopt
******************************************************************************

This is Ipopt version 3.14.19, running with linear solver MUMPS 5.6.2.

Number of nonzeros in equality constraint Jacobian...:    19617
Number of nonzeros in inequality constraint Jacobian.:    15928
Number of nonzeros in Lagrangian Hessian.............:    10902

Total number of variables............................:     3228
                     variables with only lower bounds:        0
                variables with lower and upper bounds:     3228
                     variables with only upper bounds:        0
Total number of equality constraints.................:     2709
Total number of inequality constraints...............:     3982
        inequality constraints with only lower bounds:        0
   inequality constraints with lower and upper bounds:        0
        inequality constraints with only upper bounds:     3982

iter    objective    inf_pr   inf_du lg(mu)  ||d||  lg(rg) alpha_du alpha_pr  ls
   0  1.8576601e+06 2.76e+01 1.00e+02  -6.0 0.00e+00    -  0.00e+00 0.00e+00   0
   1  1.6880115e+06 2.76e+01 1.00e+02  -6.0 1.22e+08    -  2.60e-08 2.60e-08f  1
   2  1.6141880e+06 2.76e+01 1.00e+02  -6.0 1.29e+08    -  1.24e-07 2.55e-08f  1
   3  1.4057337e+06 2.76e+01 1.00e+02  -6.0 1.09e+08    -  3.14e-07 1.43e-07f  1
   4  1.2958363e+06 2.76e+01 1.00e+02  -6.0 4.24e+07    -  8.73e-07 4.33e-07f  1
   5  1.2673599e+06 2.76e+01 1.00e+02  -6.0 1.34e+07    -  2.64e-06 1.02e-06f  1
   6  1.2582352e+06 2.76e+01 1.00e+02  -6.0 3.28e+06    -  4.08e-06 2.16e-06f  1
   7  1.2544242e+06 2.76e+01 1.00e+02  -6.0 2.36e+06    -  2.74e-06 3.66e-06f  1
   8  1.2540965e+06 2.76e+01 1.00e+02  -6.0 1.68e+06    -  6.65e-06 7.43e-07f  1
   9  1.2529827e+06 2.76e+01 1.00e+02  -6.0 1.30e+06    -  1.89e-05 4.24e-06f  1
iter    objective    inf_pr   inf_du lg(mu)  ||d||  lg(rg) alpha_du alpha_pr  ls
  10  1.2514499e+06 2.76e+01 1.00e+02  -6.0 7.32e+05    -  3.67e-05 1.55e-05f  1
  11  1.2510816e+06 2.76e+01 1.00e+02  -6.0 3.28e+05    -  9.54e-06 1.55e-05f  1
  12  1.2510205e+06 2.76e+01 1.00e+02  -6.0 2.67e+05    -  5.24e-05 3.71e-06f  1
  13  1.2503534e+06 2.76e+01 1.00e+02  -6.0 1.68e+05    -  2.42e-05 6.80e-05f  1
  14  1.2502712e+06 2.76e+01 1.00e+02  -6.0 4.57e+04    -  5.45e-05 2.44e-05f  1
  15  1.2501332e+06 2.76e+01 1.00e+02  -6.0 2.99e+04    -  2.76e-04 5.87e-05f  1
  16  1.2499917e+06 2.76e+01 9.99e+01  -6.0 1.50e+04    -  3.57e-04 1.66e-04f  1
  17  1.2499088e+06 2.76e+01 9.98e+01  -6.0 5.73e+03    -  1.85e-03 2.52e-04f  1
  18  1.2498589e+06 2.76e+01 9.97e+01  -6.0 1.35e+03    -  3.46e-04 3.95e-04h  1
  19  1.2498016e+06 2.76e+01 9.93e+01  -6.0 1.29e+03    -  6.03e-03 5.33e-04h  1
iter    objective    inf_pr   inf_du lg(mu)  ||d||  lg(rg) alpha_du alpha_pr  ls
  20  1.2495649e+06 2.75e+01 9.84e+01  -6.0 7.88e+02    -  9.77e-03 2.84e-03f  1
  21  1.2489471e+06 2.73e+01 9.79e+01  -6.0 3.41e+02    -  4.61e-03 8.06e-03f  1
  22  1.2484919e+06 2.71e+01 9.66e+01  -6.0 2.49e+02    -  1.50e-02 6.15e-03f  1
  23  1.2470429e+06 2.65e+01 9.47e+01  -6.0 2.26e+02    -  2.03e-02 2.00e-02f  1
  24  1.2466075e+06 2.64e+01 9.26e+01  -6.0 2.03e+02    -  2.51e-02 6.29e-03f  1
  25  1.2458077e+06 2.61e+01 9.22e+01  -6.0 2.02e+02    -  3.25e-03 1.17e-02f  1
  26  1.2445600e+06 2.56e+01 9.11e+01  -6.0 2.02e+02    -  9.63e-03 1.87e-02f  1
  27  1.2444068e+06 2.55e+01 9.08e+01  -6.0 2.20e+02    -  4.10e-03 2.39e-03h  1
  28  1.2443206e+06 2.55e+01 9.07e+01  -6.0 2.29e+02    -  3.66e-04 1.35e-03h  1
  29  1.2442121e+06 2.54e+01 9.05e+01  -6.0 2.42e+02    -  2.01e-03 1.71e-03h  1
iter    objective    inf_pr   inf_du lg(mu)  ||d||  lg(rg) alpha_du alpha_pr  ls
  30  1.2432829e+06 2.51e+01 8.99e+01  -6.0 2.05e+02    -  5.24e-03 1.47e-02f  1
  31  1.2429636e+06 2.49e+01 8.96e+01  -6.0 2.07e+02    -  2.29e-03 5.24e-03f  1
  32  1.2423083e+06 2.47e+01 8.87e+01  -6.0 2.08e+02    -  9.64e-03 1.09e-02f  1
  33  1.2422199e+06 2.46e+01 8.81e+01  -6.0 2.09e+02    -  8.82e-03 1.51e-03h  1
  34  1.2410037e+06 2.41e+01 8.76e+01  -6.0 2.09e+02    -  1.74e-03 2.08e-02f  1
  35  1.2408848e+06 2.41e+01 8.74e+01  -6.0 2.11e+02    -  2.13e-03 2.13e-03h  1
  36  1.2403669e+06 2.38e+01 8.70e+01  -6.0 2.11e+02    -  2.96e-03 9.34e-03f  1
  37  1.2402952e+06 2.38e+01 8.65e+01  -6.0 2.12e+02    -  6.95e-03 1.32e-03h  1
  38  1.2393241e+06 2.34e+01 8.58e+01  -6.0 2.12e+02    -  5.89e-03 1.80e-02f  1
  39  1.2378020e+06 2.27e+01 8.51e+01  -6.0 2.13e+02    -  2.89e-03 2.93e-02f  1
iter    objective    inf_pr   inf_du lg(mu)  ||d||  lg(rg) alpha_du alpha_pr  ls
  40  1.2374685e+06 2.25e+01 8.44e+01  -6.0 2.15e+02    -  8.99e-03 6.89e-03f  1
  41  1.2374004e+06 2.25e+01 8.35e+01  -6.0 2.16e+02    -  1.28e-02 1.43e-03h  1
  42  1.2366175e+06 2.21e+01 4.70e+03  -6.0 2.16e+02    -  2.53e-05 1.65e-02f  1
  43  1.2332918e+06 2.06e+01 4.37e+03  -6.0 3.57e+02    -  2.48e-03 7.21e-02f  1
  44  1.2329165e+06 2.04e+01 4.33e+03  -6.0 4.72e+02    -  2.01e-02 9.52e-03f  1
  45  1.2303786e+06 1.90e+01 4.04e+03  -6.0 4.70e+02    -  9.63e-03 6.57e-02f  1
  46  1.2301549e+06 1.89e+01 4.02e+03  -6.0 3.38e+02    -  3.15e-02 6.72e-03h  1
  47  1.2288931e+06 1.82e+01 3.86e+03  -6.0 3.03e+02    -  3.39e-02 3.86e-02f  1
  48  1.2274912e+06 1.73e+01 3.68e+03  -6.0 2.20e+02    -  1.73e-03 4.69e-02f  1
  49  1.2273165e+06 1.72e+01 3.66e+03  -6.0 2.14e+02    -  4.27e-02 6.52e-03h  1
iter    objective    inf_pr   inf_du lg(mu)  ||d||  lg(rg) alpha_du alpha_pr  ls
  50  1.2261248e+06 1.64e+01 3.49e+03  -6.0 2.14e+02    -  2.61e-03 4.52e-02f  1
  51  1.2260469e+06 1.64e+01 3.48e+03  -6.0 2.11e+02    -  2.22e-02 3.29e-03h  1
  52  1.2241126e+06 1.50e+01 3.20e+03  -6.0 2.11e+02    -  1.01e-02 8.24e-02f  1
  53  1.2240655e+06 1.50e+01 3.19e+03  -6.0 2.05e+02    -  8.10e-04 2.45e-03h  1
  54  1.2238238e+06 1.48e+01 3.15e+03  -6.0 2.05e+02    -  3.16e-02 1.26e-02h  1
  55  1.2236833e+06 1.47e+01 3.13e+03  -6.0 2.04e+02    -  3.88e-03 7.55e-03h  1
  56  1.2234048e+06 1.45e+01 3.08e+03  -6.0 2.03e+02    -  5.48e-03 1.53e-02h  1
  57  1.2233011e+06 1.44e+01 3.06e+03  -6.0 2.02e+02    -  9.00e-03 5.93e-03h  1
  58  1.2231399e+06 1.42e+01 3.03e+03  -6.0 2.01e+02    -  1.18e-02 9.36e-03h  1
  59  1.2225213e+06 1.37e+01 2.92e+03  -6.0 2.01e+02    -  1.73e-02 3.68e-02h  1
iter    objective    inf_pr   inf_du lg(mu)  ||d||  lg(rg) alpha_du alpha_pr  ls
  60  1.2213024e+06 1.26e+01 2.70e+03  -6.0 4.12e+02    -  1.13e-02 7.88e-02f  1
  61  1.2211042e+06 1.24e+01 2.65e+03  -6.0 4.50e+02    -  5.17e-02 1.54e-02h  1
  62  1.2209641e+06 1.23e+01 2.62e+03  -6.0 4.29e+02    -  1.02e-02 1.12e-02h  1
  63  1.2205984e+06 1.19e+01 2.54e+03  -6.0 4.15e+02    -  1.20e-02 3.00e-02h  1
  64  1.2204389e+06 1.18e+01 2.51e+03  -6.0 3.79e+02    -  6.94e-03 1.41e-02h  1
  65  1.2203701e+06 1.17e+01 2.49e+03  -6.0 3.62e+02    -  4.75e-02 6.25e-03h  1
  66  1.2203362e+06 1.17e+01 2.48e+03  -6.0 3.54e+02    -  1.47e-03 3.13e-03h  1
  67  1.2203146e+06 1.16e+01 2.48e+03  -6.0 3.51e+02    -  1.10e-02 1.99e-03h  1
  68  1.2202205e+06 1.15e+01 2.46e+03  -6.0 3.49e+02    -  2.20e-03 8.72e-03h  1
  69  1.2201955e+06 1.15e+01 2.45e+03  -6.0 2.46e+02    -  1.77e-02 2.41e-03h  1
iter    objective    inf_pr   inf_du lg(mu)  ||d||  lg(rg) alpha_du alpha_pr  ls
  70r 1.2201955e+06 1.15e+01 9.99e+02   1.1 0.00e+00    -  0.00e+00 5.02e-08R  2
  71r 1.2199193e+06 1.15e+01 9.99e+02   1.1 1.11e+05    -  4.93e-07 1.50e-05f  1
  72r 1.2194507e+06 1.15e+01 9.99e+02   1.1 1.22e+05    -  6.61e-06 2.63e-05f  1
  73r 1.2175715e+06 1.16e+01 9.99e+02   1.1 1.21e+05    -  1.84e-05 1.06e-04f  1
  74  1.2175528e+06 1.16e+01 6.40e+01  -6.0 3.32e+04    -  2.91e-06 3.05e-05f  1
  75  1.2175365e+06 1.16e+01 6.40e+01  -6.0 3.70e+04    -  6.49e-06 3.96e-05f  1
  76  1.2175183e+06 1.16e+01 6.40e+01  -6.0 1.34e+04    -  1.37e-04 8.54e-05h  1
  77  1.2175140e+06 1.16e+01 6.40e+01  -6.0 5.44e+03    -  3.44e-04 1.73e-04h  1
  78  1.2175049e+06 1.16e+01 6.39e+01  -6.0 4.09e+03    -  4.16e-04 7.94e-04h  1
  79  1.2174834e+06 1.15e+01 6.37e+01  -6.0 2.10e+03    -  4.98e-03 2.55e-03h  1
iter    objective    inf_pr   inf_du lg(mu)  ||d||  lg(rg) alpha_du alpha_pr  ls
  80  1.2174706e+06 1.15e+01 6.29e+01  -6.0 3.39e+02    -  1.77e-02 1.66e-03h  1
  81r 1.2174706e+06 1.15e+01 9.99e+02   1.1 0.00e+00    -  0.00e+00 1.87e-08R  2
  82r 1.2183340e+06 1.15e+01 9.99e+02   1.1 6.48e+07    -  6.08e-08 3.31e-07f  5
  83r 1.2153042e+06 1.16e+01 9.99e+02   1.1 1.22e+05    -  4.20e-05 1.55e-04f  1
  84  1.2152945e+06 1.16e+01 6.30e+01  -6.0 2.14e+04    -  3.66e-04 8.13e-05h  1
  85  1.2152633e+06 1.15e+01 6.30e+01  -6.0 1.99e+04    -  1.36e-04 9.06e-04h  1
  86  1.2148642e+06 1.15e+01 6.29e+01  -6.0 2.23e+04    -  1.13e-04 2.18e-03f  1
  87  1.2147655e+06 1.15e+01 6.29e+01  -6.0 1.71e+04    -  3.56e-04 1.18e-03f  1
  88  1.2145760e+06 1.14e+01 6.27e+01  -6.0 5.45e+03    -  8.14e-05 6.74e-03h  1
  89  1.2144697e+06 1.13e+01 6.23e+01  -6.0 3.33e+02    -  4.21e-03 1.41e-02h  1
iter    objective    inf_pr   inf_du lg(mu)  ||d||  lg(rg) alpha_du alpha_pr  ls
  90  1.2143855e+06 1.10e+01 6.15e+01  -6.0 2.13e+02    -  7.80e-03 1.95e-02h  1
  91  1.2142615e+06 1.07e+01 5.87e+01  -6.0 2.49e+02    -  5.26e-02 3.25e-02h  1
  92  1.2142251e+06 1.06e+01 5.69e+01  -6.0 2.49e+02    -  4.01e-02 1.14e-02h  1
  93r 1.2142251e+06 1.06e+01 9.99e+02   2.0 0.00e+00    -  0.00e+00 2.54e-08R  2
  94r 1.2191924e+06 1.15e+01 1.20e+03   2.0 1.43e+09    -  2.91e-09 1.25e-07f  1
  95r 1.2190378e+06 1.15e+01 1.20e+03   1.3 9.63e+04    -  7.31e-05 1.23e-04f  1
  96r 1.2187475e+06 1.15e+01 1.20e+03   1.3 7.89e+04    -  5.53e-05 9.10e-05f  1
  97r 1.2155635e+06 1.15e+01 1.20e+03   1.3 6.87e+04    -  1.95e-04 1.12e-03f  1
  98r 1.2141877e+06 1.12e+01 1.20e+03   1.3 1.28e+04    -  4.34e-03 1.23e-03f  1
  99  1.2140442e+06 1.12e+01 5.87e+01  -6.0 7.64e+05    -  2.72e-05 1.03e-05f  1
iter    objective    inf_pr   inf_du lg(mu)  ||d||  lg(rg) alpha_du alpha_pr  ls
 100  1.2140075e+06 1.12e+01 5.87e+01  -6.0 1.70e+05    -  2.04e-05 4.94e-05f  1
 101  1.2136837e+06 1.12e+01 5.87e+01  -6.0 5.66e+04    -  1.73e-04 2.35e-04f  1
 102  1.2133886e+06 1.12e+01 5.87e+01  -6.0 9.90e+04    -  4.32e-05 1.61e-04f  1
 103  1.2132291e+06 1.12e+01 5.87e+01  -6.0 2.35e+04    -  5.18e-05 3.27e-04f  1
 104  1.2132169e+06 1.12e+01 5.85e+01  -6.0 2.44e+03    -  5.17e-03 1.75e-04h  1
 105  1.2131250e+06 1.21e+01 5.84e+01  -6.0 4.25e+03    -  9.53e-04 2.27e-03h  1
 106  1.2130771e+06 1.21e+01 5.83e+01  -6.0 1.34e+03    -  3.29e-04 4.14e-03h  1
 107  1.2129949e+06 1.20e+01 5.79e+01  -6.0 2.92e+02    -  8.04e-03 6.25e-03h  1
 108  1.2129138e+06 1.19e+01 5.73e+01  -6.0 2.54e+02    -  9.42e-03 9.25e-03h  1
 109  1.2129073e+06 1.19e+01 5.71e+01  -6.0 3.52e+02    -  4.83e-03 4.58e-04h  1
iter    objective    inf_pr   inf_du lg(mu)  ||d||  lg(rg) alpha_du alpha_pr  ls
 110  1.2126753e+06 1.15e+01 5.63e+01  -6.0 2.33e+02    -  3.75e-03 3.40e-02h  1
 111  1.2126621e+06 1.14e+01 5.61e+01  -6.0 2.34e+02    -  4.81e-03 2.48e-03h  1
 112  1.2126140e+06 1.13e+01 5.56e+01  -6.0 2.34e+02    -  7.23e-03 9.36e-03h  1
 113  1.2125806e+06 1.12e+01 5.49e+01  -6.0 2.34e+02    -  1.54e-02 6.95e-03h  1
 114  1.2121182e+06 9.99e+00 5.26e+01  -6.0 2.33e+02    -  9.03e-03 1.03e-01h  1
 115  1.2120711e+06 9.77e+00 5.19e+01  -6.0 2.31e+02    -  1.04e-02 2.19e-02h  1
 116  1.2120599e+06 9.71e+00 4.76e+01  -6.0 2.30e+02    -  1.21e-01 6.55e-03h  1
 117  1.2119598e+06 8.51e+00 4.42e+01  -6.0 2.30e+02    -  4.35e-02 1.19e-01h  1
 118  1.2119742e+06 8.44e+00 4.17e+01  -6.0 2.21e+02    -  8.29e-02 8.33e-03h  1
 119  1.2120139e+06 8.34e+00 4.05e+01  -6.0 2.20e+02    -  3.51e-02 1.24e-02h  1
iter    objective    inf_pr   inf_du lg(mu)  ||d||  lg(rg) alpha_du alpha_pr  ls
 120  1.2121096e+06 8.17e+00 4.02e+01  -6.0 2.19e+02    -  2.13e-04 1.97e-02h  1
 121  1.2125060e+06 7.48e+00 3.84e+01  -6.0 2.17e+02    -  2.52e-02 8.46e-02h  1
 122  1.2125637e+06 7.39e+00 3.55e+01  -6.0 2.09e+02    -  1.09e-01 1.16e-02h  1
 123  1.2128118e+06 7.04e+00 3.57e+01  -6.0 2.12e+02    -  1.45e-01 4.81e-02h  1
 124  1.2128872e+06 6.94e+00 4.02e+01  -6.0 6.02e+02    -  1.13e-01 1.37e-02h  1
 125  1.2129272e+06 7.13e+00 4.10e+01  -6.0 1.25e+03    -  1.26e-03 7.22e-03h  2
 126  1.2129681e+06 7.29e+00 4.24e+01  -6.0 5.10e+02    -  7.50e-02 7.27e-03h  1
 127  1.2130102e+06 8.14e+00 1.25e+02  -6.0 1.05e+03    -  1.11e-02 7.21e-03h  1
 128  1.2130143e+06 8.14e+00 1.20e+02  -6.0 7.20e+02    -  1.06e-08 6.49e-04h  1
 129  1.2130861e+06 9.74e+00 1.05e+03  -6.0 8.43e+02    -  9.60e-03 1.16e-02h  1
iter    objective    inf_pr   inf_du lg(mu)  ||d||  lg(rg) alpha_du alpha_pr  ls
 130  1.2131391e+06 9.87e+00 7.52e+02  -6.0 5.16e+02    -  1.37e-02 7.57e-03h  1
 131  1.2131947e+06 9.83e+00 7.48e+02  -6.0 1.94e+02    -  2.43e-03 4.50e-03h  1
 132  1.2131987e+06 9.82e+00 7.48e+02  -6.0 2.48e+02    -  3.78e-03 3.19e-04h  1
 133  1.2132157e+06 9.81e+00 7.47e+02  -6.0 4.40e+02    -  7.90e-03 1.29e-03h  1
 134  1.2132254e+06 9.80e+00 7.47e+02  -6.0 1.94e+02    -  2.99e-04 7.54e-04h  1
 135  1.2132481e+06 9.79e+00 7.45e+02  -6.0 2.01e+02    -  1.55e-03 1.72e-03h  1
 136  1.2132777e+06 9.77e+00 7.44e+02  -6.0 1.99e+02    -  2.16e-03 1.78e-03h  1
 137  1.2132999e+06 9.76e+00 7.43e+02  -6.0 1.98e+02    -  2.92e-03 1.21e-03h  1
 138  1.2133486e+06 9.73e+00 7.41e+02  -6.0 1.98e+02    -  2.58e-03 2.43e-03h  1
 139  1.2133636e+06 9.73e+00 7.41e+02  -6.0 1.99e+02    -  4.68e-03 7.03e-04h  1
iter    objective    inf_pr   inf_du lg(mu)  ||d||  lg(rg) alpha_du alpha_pr  ls
 140  1.2136740e+06 9.59e+00 7.30e+02  -6.0 1.98e+02    -  6.20e-03 1.45e-02h  1
 141  1.2139513e+06 9.47e+00 7.20e+02  -6.0 1.97e+02    -  7.09e-03 1.26e-02h  1
 142  1.2144277e+06 9.27e+00 7.05e+02  -6.0 3.98e+02    -  2.30e-03 2.10e-02h  1
 143  1.2144860e+06 9.25e+00 7.03e+02  -6.0 8.43e+02    -  3.33e-03 2.36e-03h  1
 144  1.2145385e+06 9.23e+00 7.02e+02  -6.0 9.51e+02    -  2.58e-03 2.10e-03h  1
 145  1.2145453e+06 9.22e+00 7.02e+02  -6.0 1.04e+03    -  1.11e-03 2.71e-04h  1
 146  1.2146178e+06 9.20e+00 7.00e+02  -6.0 1.06e+03    -  5.92e-03 2.87e-03h  1
 147  1.2148673e+06 9.11e+00 6.93e+02  -6.0 1.20e+03    -  2.39e-03 9.71e-03h  1
 148  1.2151076e+06 9.03e+00 6.87e+02  -6.0 1.48e+03    -  1.67e-02 8.79e-03h  1
 149  1.2151884e+06 9.00e+00 6.85e+02  -6.0 1.61e+03    -  1.98e-02 2.76e-03h  1
iter    objective    inf_pr   inf_du lg(mu)  ||d||  lg(rg) alpha_du alpha_pr  ls
 150  1.2188869e+06 1.83e+01 5.89e+02  -6.0 1.83e+02    -  1.01e-03 1.26e-01h  1
 151  1.2189350e+06 1.83e+01 5.88e+02  -6.0 1.90e+02    -  8.83e-02 1.83e-03h  1
 152  1.2191282e+06 1.84e+01 5.83e+02  -6.0 2.09e+02    -  9.58e-02 7.33e-03h  1
 153  1.2194535e+06 2.14e+01 5.76e+02  -6.0 3.17e+02    -  7.02e-03 1.19e-02h  1
 154  1.2204489e+06 2.05e+01 5.57e+02  -6.0 2.37e+02    -  5.44e-03 3.32e-02h  1
 155  1.2204499e+06 2.05e+01 5.57e+02  -6.0 2.49e+02    -  4.75e-03 3.17e-05h  1
 156  1.2211038e+06 2.00e+01 2.45e+04  -6.0 2.50e+02    -  5.98e-03 2.22e-02h  1
 157  1.2215170e+06 1.97e+01 2.42e+04  -6.0 2.53e+02    -  2.89e-06 1.44e-02h  1
 158  1.2235240e+06 1.81e+01 2.25e+04  -6.0 2.54e+02    -  5.48e-02 7.05e-02h  1
 159  1.2236574e+06 1.80e+01 2.23e+04  -6.0 1.94e+02    -  1.08e-01 4.82e-03h  1
iter    objective    inf_pr   inf_du lg(mu)  ||d||  lg(rg) alpha_du alpha_pr  ls
 160  1.2242982e+06 1.75e+01 2.18e+04  -6.0 1.95e+02    -  7.03e-02 2.32e-02h  1
 161  1.2267612e+06 1.57e+01 1.99e+04  -6.0 1.99e+02    -  6.75e-02 9.11e-02h  1
 162  1.2267629e+06 1.57e+01 1.99e+04  -6.0 2.03e+02    -  7.09e-02 7.06e-05h  1
 163  1.2271563e+06 1.54e+01 1.96e+04  -6.0 2.52e+02    -  9.25e-02 1.59e-02h  1
 164  1.2286022e+06 1.44e+01 1.84e+04  -6.0 7.62e+01    -  4.18e-03 5.79e-02h  1
 165  1.2287282e+06 1.43e+01 1.84e+04  -6.0 6.78e+01    -  6.26e-02 5.31e-03h  1
 166  1.2290714e+06 1.40e+01 1.81e+04  -6.0 6.42e+01    -  2.75e-03 1.45e-02h  1
 167  1.2299339e+06 1.35e+01 1.74e+04  -6.0 6.32e+01    -  3.72e-02 3.70e-02h  1
 168  1.2304949e+06 1.31e+01 1.70e+04  -6.0 6.13e+01    -  4.03e-02 2.49e-02h  1
 169  1.2311418e+06 1.27e+01 1.65e+04  -6.0 6.10e+01    -  6.76e-02 2.94e-02h  1
iter    objective    inf_pr   inf_du lg(mu)  ||d||  lg(rg) alpha_du alpha_pr  ls
 170r 1.2311418e+06 1.27e+01 9.99e+02   1.1 0.00e+00    -  0.00e+00 3.30e-07R  2
 171r 1.2291920e+06 1.27e+01 9.99e+02   1.1 7.34e+06    -  5.82e-07 4.09e-07f  1
 172r 1.2291344e+06 1.18e+01 9.99e+02   1.1 2.08e+04    -  3.35e-06 7.49e-05f  1
 173r 1.2290329e+06 1.08e+01 9.99e+02   1.1 1.28e+04    -  1.21e-04 1.00e-04f  1
 174  1.2289000e+06 1.08e+01 1.69e+02  -6.0 5.17e+06    -  1.29e-06 3.73e-07f  1
 175  1.2286084e+06 1.08e+01 1.69e+02  -6.0 5.04e+06    -  1.70e-06 9.46e-07f  1
 176  1.2285966e+06 1.08e+01 1.69e+02  -6.0 6.69e+05    -  3.42e-05 1.42e-06f  1
 177  1.2284696e+06 1.07e+01 1.69e+02  -6.0 6.10e+05    -  4.88e-05 2.05e-05f  1
 178  1.2282978e+06 1.07e+01 1.69e+02  -6.0 1.50e+05    -  5.61e-10 5.73e-05f  1
 179  1.2282581e+06 1.23e+01 1.69e+02  -6.0 1.60e+06    -  1.14e-05 7.60e-06f  2
iter    objective    inf_pr   inf_du lg(mu)  ||d||  lg(rg) alpha_du alpha_pr  ls
 180  1.2281374e+06 1.29e+01 1.69e+02  -6.0 6.03e+04    -  1.22e-05 5.17e-05f  2
 181  1.2281240e+06 1.29e+01 1.68e+02  -6.0 7.90e+02  -4.0 8.26e-04 1.20e-03h  1
 182  1.2281290e+06 1.30e+01 1.68e+02  -6.0 5.06e+02  -4.5 1.21e-03 9.15e-04h  3
 183  1.2281348e+06 1.29e+01 1.68e+02  -6.0 8.30e+02  -5.0 2.24e-03 6.76e-04h  3
 184  1.2281919e+06 1.29e+01 1.68e+02  -6.0 3.34e+02  -4.5 3.40e-03 3.33e-03h  3
 185  1.2284463e+06 1.28e+01 1.66e+02  -6.0 1.43e+02  -4.1 3.27e-02 1.15e-02h  1
 186  1.2285338e+06 1.27e+01 1.66e+02  -6.0 3.10e+02  -4.6 4.44e-02 4.04e-03h  4
 187  1.2285876e+06 1.27e+01 1.66e+02  -6.0 5.57e+02  -5.1 4.54e-02 2.58e-03h  3
 188  1.2285950e+06 1.27e+01 1.68e+02  -6.0 2.64e+02  -4.6 1.35e-01 3.37e-04h  7
 189  1.2285988e+06 1.27e+01 1.69e+02  -6.0 5.23e+02  -5.1 5.85e-02 1.84e-04h  7
iter    objective    inf_pr   inf_du lg(mu)  ||d||  lg(rg) alpha_du alpha_pr  ls
 190  1.2286007e+06 1.27e+01 1.71e+02  -6.0 2.85e+02  -4.7 1.17e-01 8.39e-05h  9
 191  1.2287335e+06 1.26e+01 1.70e+02  -6.0 4.87e+02  -5.2 2.69e-02 6.36e-03h  1
 192  1.2291383e+06 1.24e+01 1.66e+02  -6.0 2.34e+02  -4.7 4.07e-03 1.84e-02h  1
 193  1.2294357e+06 1.22e+01 1.64e+02  -6.0 2.15e+02  -4.3 2.88e-02 1.36e-02h  1
 194  1.2296944e+06 1.21e+01 1.62e+02  -6.0 6.15e+02  -4.8 5.95e-03 1.22e-02h  1
 195  1.2296966e+06 1.21e+01 1.62e+02  -6.0 4.26e+02  -4.4 7.08e-03 1.05e-04h  1
 196  1.2301496e+06 1.18e+01 1.59e+02  -6.0 5.57e+02  -4.8 7.81e-03 2.12e-02H  1
 197  1.2302254e+06 1.18e+01 1.59e+02  -6.0 4.03e+02  -4.4 5.28e-02 3.50e-03h  1
 198  1.2304189e+06 1.17e+01 1.58e+02  -6.0 4.38e+02  -4.9 1.64e-02 8.92e-03h  3
 199  1.2306584e+06 1.15e+01 1.56e+02  -6.0 3.23e+02  -4.5 1.11e-02 1.08e-02h  1
iter    objective    inf_pr   inf_du lg(mu)  ||d||  lg(rg) alpha_du alpha_pr  ls
 200  1.2308829e+06 1.14e+01 1.55e+02  -6.0 3.76e+02  -4.9 5.42e-03 1.00e-02h  1
 201  1.2309036e+06 1.14e+01 1.55e+02  -6.0 3.41e+02  -4.5 3.53e-02 9.04e-04h  1
 202  1.2312037e+06 1.13e+01 1.53e+02  -6.0 3.77e+02  -5.0 3.18e-03 1.31e-02h  1
 203  1.2312420e+06 1.12e+01 1.53e+02  -6.0 3.57e+02  -4.6 3.24e-04 1.64e-03h  1
 204  1.2314077e+06 1.12e+01 1.52e+02  -6.0 4.43e+02  -5.0 3.27e-03 7.13e-03h  1
 205  1.2314906e+06 1.11e+01 1.51e+02  -6.0 3.64e+02  -4.6 6.09e-03 3.54e-03h  1
 206  1.2316938e+06 1.10e+01 1.50e+02  -6.0 3.85e+02  -5.1 5.52e-03 8.72e-03h  1
 207  1.2318176e+06 1.10e+01 1.49e+02  -6.0 3.19e+02  -5.6 1.24e-02 5.42e-03h  1
 208  1.2320236e+06 1.09e+01 1.47e+02  -6.0 7.90e+01  -5.1 1.96e-04 9.79e-03h  1
 209  1.2347717e+06 9.42e+00 1.27e+02  -6.0 8.39e+01  -5.6 8.43e-02 1.32e-01h  1
iter    objective    inf_pr   inf_du lg(mu)  ||d||  lg(rg) alpha_du alpha_pr  ls
 210  1.2367523e+06 8.42e+00 5.25e+02  -6.0 5.16e+01    -  5.27e-04 1.06e-01h  1
 211r 1.2367523e+06 8.42e+00 9.99e+02   1.1 0.00e+00    -  0.00e+00 8.91e-08R  2
 212r 1.2296968e+06 8.40e+00 9.99e+02   1.1 4.54e+06    -  4.09e-07 9.29e-07f  1
 213r 1.2339535e+06 8.02e+00 9.99e+02   1.1 4.02e+04    -  1.36e-05 6.55e-05f  1
 214r 1.2338149e+06 5.47e+00 9.99e+02   1.1 1.19e+04    -  2.66e-04 4.58e-04f  1
 215  1.2337955e+06 1.45e+01 1.79e+02  -6.0 3.35e+05    -  5.72e-05 4.09e-05f  1
 216  1.2337596e+06 1.45e+01 1.79e+02  -6.0 1.82e+05    -  1.90e-07 6.78e-05f  3
 217  1.2336342e+06 1.46e+01 1.79e+02  -6.0 1.74e+05    -  6.69e-06 3.22e-05f  1
 218  1.2335017e+06 1.48e+01 1.79e+02  -6.0 1.19e+05    -  3.75e-05 4.63e-05f  1
 219  1.2334876e+06 1.48e+01 1.79e+02  -6.0 3.11e+04    -  4.15e-04 2.70e-05f  1
iter    objective    inf_pr   inf_du lg(mu)  ||d||  lg(rg) alpha_du alpha_pr  ls
 220  1.2333739e+06 1.52e+01 1.79e+02  -6.0 2.37e+04    -  6.11e-04 2.90e-04f  1
 221  1.2333509e+06 1.52e+01 1.78e+02  -6.0 4.07e+03    -  1.65e-03 2.19e-04h  1
 222  1.2332982e+06 1.59e+01 1.78e+02  -6.0 2.25e+03    -  4.93e-04 9.79e-04h  1
 223  1.2332959e+06 1.59e+01 1.78e+02  -6.0 1.28e+03    -  2.03e-04 7.17e-04h  1
 224  1.2332979e+06 1.59e+01 1.78e+02  -6.0 8.54e+02    -  2.14e-03 3.07e-04h  5
 225  1.2332981e+06 1.59e+01 1.78e+02  -6.0 7.56e+02    -  4.41e-04 2.12e-05h  9
 226  1.2333072e+06 1.58e+01 1.78e+02  -6.0 7.06e+02    -  1.08e-03 1.08e-03s 15
 227  1.2333630e+06 1.58e+01 1.77e+02  -6.0 4.61e+02    -  3.94e-03 3.94e-03s 15
 228  1.2333934e+06 1.58e+01 1.77e+02  -6.0 1.18e+02    -  1.58e-03 1.58e-03s 15
 229  1.2335450e+06 1.56e+01 1.75e+02  -6.0 1.90e+02    -  8.35e-03 8.35e-03s 15
iter    objective    inf_pr   inf_du lg(mu)  ||d||  lg(rg) alpha_du alpha_pr  ls
 230  1.2341172e+06 1.52e+01 1.76e+02  -6.0 6.35e+01    -  4.74e-02 0.00e+00S 15
 231  1.2352938e+06 1.42e+01 1.65e+02  -6.0 5.10e+01    -  6.02e-02 6.07e-02h  1
 232  1.2352965e+06 1.42e+01 1.65e+02  -6.0 3.12e+02    -  9.17e-03 1.49e-04h  1
 233  1.2356454e+06 1.40e+01 1.63e+02  -6.0 3.09e+02    -  5.44e-02 1.89e-02h  2
 234  1.2359206e+06 1.38e+01 1.60e+02  -6.0 2.26e+02    -  1.39e-02 1.49e-02h  1
 235  1.2364530e+06 1.34e+01 1.56e+02  -6.0 1.25e+02    -  1.11e-01 2.97e-02h  1
 236  1.2370835e+06 1.29e+01 1.51e+02  -6.0 1.43e+02    -  3.96e-03 3.61e-02h  1
 237  1.2376658e+06 1.24e+01 3.60e+02  -6.0 1.62e+02    -  4.40e-02 3.43e-02h  1
 238r 1.2376658e+06 1.24e+01 9.99e+02   1.1 0.00e+00    -  0.00e+00 3.21e-07R  4
 239r 1.2356516e+06 1.24e+01 9.99e+02   1.1 3.35e+06    -  1.35e-08 3.62e-07f  1
iter    objective    inf_pr   inf_du lg(mu)  ||d||  lg(rg) alpha_du alpha_pr  ls
 240r 1.2356006e+06 1.01e+01 9.99e+02   1.1 1.65e+04    -  1.39e-04 2.05e-04f  1
 241  1.2355951e+06 1.70e+01 1.82e+02  -6.0 9.01e+04    -  3.67e-05 3.75e-05h  1
 242  1.2355811e+06 1.70e+01 1.82e+02  -6.0 3.14e+04    -  1.47e-07 1.79e-04h  2
 243  1.2354767e+06 1.71e+01 1.82e+02  -6.0 3.74e+04    -  1.60e-04 1.73e-04f  1
 244  1.2354294e+06 1.71e+01 1.82e+02  -6.0 7.00e+03    -  3.55e-04 3.31e-04f  1
 245  1.2354245e+06 1.71e+01 1.82e+02  -6.0 2.60e+03    -  9.43e-04 7.43e-05h  1
 246  1.2353902e+06 1.72e+01 1.82e+02  -6.0 2.00e+03    -  1.51e-03 5.33e-04h  2
 247  1.2353592e+06 1.73e+01 1.81e+02  -6.0 1.41e+03    -  2.35e-03 7.75e-04h  1
 248  1.2353453e+06 1.74e+01 1.81e+02  -6.0 7.41e+02    -  2.86e-03 9.11e-04h  1
 249  1.2353474e+06 1.74e+01 1.81e+02  -6.0 4.53e+02    -  9.48e-04 5.15e-04h  4
iter    objective    inf_pr   inf_du lg(mu)  ||d||  lg(rg) alpha_du alpha_pr  ls
 250  1.2353563e+06 1.74e+01 1.81e+02  -6.0 5.24e+02    -  2.23e-03 1.04e-03h  2
 251  1.2353578e+06 1.74e+01 1.81e+02  -6.0 4.59e+02    -  2.33e-03 1.10e-04h  7
 252  1.2353843e+06 1.74e+01 1.80e+02  -6.0 4.29e+02    -  3.90e-03 1.99e-03h  3
 253  1.2353897e+06 1.74e+01 1.80e+02  -6.0 2.75e+02    -  1.22e-03 3.45e-04h  6
 254  1.2353901e+06 1.74e+01 1.80e+02  -6.0 2.70e+02    -  3.77e-03 2.39e-05h 10
 255  1.2354105e+06 1.74e+01 1.80e+02  -6.0 2.70e+02    -  1.30e-03 1.30e-03s 16
 256  1.2355685e+06 1.72e+01 1.78e+02  -6.0 2.57e+02    -  9.80e-03 9.80e-03s 16
 257  1.2357824e+06 1.70e+01 1.76e+02  -6.0 2.40e+02    -  1.22e-02 1.22e-02s 16
 258  1.2359213e+06 1.69e+01 1.75e+02  -6.0 1.99e+02    -  7.93e-03 7.93e-03s 16
 259r 1.2359213e+06 1.69e+01 9.99e+02   1.3 0.00e+00    -  0.00e+00 0.00e+00R  1
iter    objective    inf_pr   inf_du lg(mu)  ||d||  lg(rg) alpha_du alpha_pr  ls
 260r 1.2359251e+06 1.66e+01 9.99e+02   1.3 1.51e+05    -  1.44e-04 1.48e-05f  1
 261r 1.2359210e+06 8.02e+00 9.98e+02   1.3 1.81e+04    -  4.86e-04 6.24e-04f  1
 262  1.2359187e+06 1.03e+01 1.81e+02  -6.0 2.94e+05    -  1.49e-05 1.15e-05h  2
 263  1.2359059e+06 1.03e+01 1.81e+02  -6.0 1.31e+05    -  3.86e-05 6.77e-06f  3
 264  1.2358974e+06 1.03e+01 1.81e+02  -6.0 1.04e+05    -  1.12e-04 7.86e-06f  3
 265  1.2358495e+06 1.07e+01 1.81e+02  -6.0 6.45e+04    -  1.85e-04 7.02e-05f  1
 266  1.2358181e+06 1.11e+01 1.81e+02  -6.0 1.70e+04    -  2.01e-04 1.80e-04f  1
 267  1.2358083e+06 1.13e+01 1.81e+02  -6.0 8.10e+03    -  1.21e-04 3.04e-04h  1
 268  1.2358066e+06 1.14e+01 1.81e+02  -6.0 1.92e+03    -  2.54e-04 4.85e-04f  1
 269  1.2358090e+06 1.14e+01 1.81e+02  -6.0 1.57e+03    -  8.42e-04 4.29e-04h  2
iter    objective    inf_pr   inf_du lg(mu)  ||d||  lg(rg) alpha_du alpha_pr  ls
 270  1.2358165e+06 1.14e+01 1.81e+02  -6.0 1.08e+03    -  6.13e-04 7.72e-04h  2
 271  1.2360515e+06 1.13e+01 2.12e+02  -6.0 2.96e+01  -2.5 5.89e-04 1.25e-02h  1
 272  1.2361873e+06 1.12e+01 1.99e+02  -6.0 3.41e+01  -3.0 1.39e-02 7.30e-03h  1
 273  1.2365936e+06 1.09e+01 1.75e+02  -6.0 6.95e+01  -3.4 4.96e-03 2.21e-02h  1
 274  1.2367940e+06 1.08e+01 1.72e+02  -6.0 9.13e+01  -3.9 8.91e-03 1.08e-02h  1
 275  1.2368503e+06 1.08e+01 1.72e+02  -6.0 1.34e+02  -4.4 4.02e-02 3.06e-03h  1
 276  1.2371199e+06 1.06e+01 1.69e+02  -6.0 3.49e+02  -4.9 5.12e-03 1.50e-02h  1
 277  1.2371856e+06 1.06e+01 1.68e+02  -6.0 3.34e+02    -  4.16e-02 3.55e-03h  1
 278  1.2373232e+06 1.05e+01 1.67e+02  -6.0 2.97e+02    -  3.11e-02 7.59e-03h  1
 279  1.2373766e+06 1.05e+01 1.66e+02  -6.0 9.68e+01    -  1.45e-02 2.92e-03h  1
iter    objective    inf_pr   inf_du lg(mu)  ||d||  lg(rg) alpha_du alpha_pr  ls
 280  1.2374967e+06 1.04e+01 1.65e+02  -6.0 7.68e+01    -  4.40e-02 6.40e-03h  1
 281  1.2408064e+06 8.51e+00 1.32e+02  -6.0 4.54e+01    -  4.70e-03 1.82e-01h  1
 282r 1.2408064e+06 8.51e+00 9.99e+02   0.9 0.00e+00    -  0.00e+00 1.91e-07R  2
 283r 1.2402648e+06 8.51e+00 9.99e+02   0.9 4.79e+06    -  1.88e-06 1.08e-07f  1
 284r 1.2402420e+06 6.22e+00 9.98e+02   0.9 9.87e+03    -  7.88e-04 2.77e-04f  1
 285  1.2402314e+06 1.01e+01 1.79e+02  -6.0 6.61e+05    -  6.98e-06 7.91e-06f  1
 286  1.2402204e+06 1.01e+01 1.79e+02  -6.0 2.23e+05    -  9.46e-08 6.03e-05f  1
 287  1.2401798e+06 1.01e+01 1.79e+02  -6.0 2.63e+05    -  6.98e-08 3.63e-05f  1
 288  1.2401013e+06 1.03e+01 1.79e+02  -6.0 7.26e+04    -  2.75e-05 1.05e-04f  1
 289  1.2400968e+06 1.03e+01 1.79e+02  -6.0 7.30e+03    -  8.35e-05 2.56e-05h  1
iter    objective    inf_pr   inf_du lg(mu)  ||d||  lg(rg) alpha_du alpha_pr  ls
 290  1.2400795e+06 1.03e+01 1.79e+02  -6.0 7.10e+03    -  2.10e-04 1.19e-04f  1
 291  1.2400452e+06 1.04e+01 1.79e+02  -6.0 4.95e+03    -  1.33e-04 3.27e-04f  1
 292  1.2400349e+06 1.05e+01 1.79e+02  -6.0 2.39e+03    -  3.19e-04 2.51e-04h  1
 293  1.2400248e+06 1.08e+01 1.79e+02  -6.0 2.71e+03    -  7.80e-05 1.14e-03h  2
 294  1.2400318e+06 1.10e+01 1.79e+02  -6.0 8.02e+02    -  5.91e-04 1.32e-03h  2
 295  1.2400348e+06 1.10e+01 1.79e+02  -6.0 2.95e+02    -  4.25e-04 2.15e-04h  5
 296  1.2400389e+06 1.10e+01 1.79e+02  -6.0 2.62e+02    -  2.90e-04 2.90e-04s 14
 297  1.2400449e+06 1.10e+01 1.79e+02  -6.0 2.36e+02    -  4.18e-04 4.18e-04s 14
 298  1.2400845e+06 1.09e+01 1.78e+02  -6.0 2.07e+02    -  2.70e-03 2.70e-03s 14
 299  1.2402756e+06 1.08e+01 1.76e+02  -6.0 8.71e+01    -  1.23e-02 1.23e-02s 14
iter    objective    inf_pr   inf_du lg(mu)  ||d||  lg(rg) alpha_du alpha_pr  ls
 300  1.2407410e+06 1.05e+01 1.77e+02  -6.0 2.42e+01    -  1.27e-01 0.00e+00S 14

Number of Iterations....: 300

                                   (scaled)                 (unscaled)
Objective...............:   9.8917053438076964e+03    1.2407410140025881e+06
Dual infeasibility......:   1.7711335301335131e+02    2.2215764984219895e+04
Constraint violation....:   1.0466163665233239e+01    1.0466163665233239e+01
Variable bound violation:   0.0000000000000000e+00    0.0000000000000000e+00
Complementarity.........:   1.1033189679084978e+00    1.3839202113597568e+02
Overall NLP error.......:   1.7711335301335131e+02    2.2215764984219895e+04


Number of objective function evaluations             = 486
Number of objective gradient evaluations             = 287
Number of equality constraint evaluations            = 486
Number of inequality constraint evaluations          = 487
Number of equality constraint Jacobian evaluations   = 309
Number of inequality constraint Jacobian evaluations = 309
Number of Lagrangian Hessian evaluations             = 300
Total seconds in IPOPT                               = 14.649

EXIT: Maximum Number of Iterations Exceeded.

