Solver command line: ['/opt/homebrew/bin/ipopt', '/var/folders/6y/bvynbx6n3zv7z3lwg6vd724r0000gn/T/tmpqtq7b38c.pyomo.nl', '-AMPL', 'tol=1e-06', 'max_iter=300', 'print_level=5']

Ipopt 3.14.19: tol=1e-06
max_iter=300
print_level=5


******************************************************************************
This program contains Ipopt, a library for large-scale nonlinear optimization.
 Ipopt is released as open source code under the Eclipse Public License (EPL).
         For more information visit https://github.com/coin-or/Ipopt
******************************************************************************

This is Ipopt version 3.14.19, running with linear solver MUMPS 5.6.2.

Number of nonzeros in equality constraint Jacobian...:    19617
Number of nonzeros in inequality constraint Jacobian.:    15928
Number of nonzeros in Lagrangian Hessian.............:    10902

Total number of variables............................:     3228
                     variables with only lower bounds:        0
                variables with lower and upper bounds:     3228
                     variables with only upper bounds:        0
Total number of equality constraints.................:     2709
Total number of inequality constraints...............:     3982
        inequality constraints with only lower bounds:        0
   inequality constraints with lower and upper bounds:        0
        inequality constraints with only upper bounds:     3982

iter    objective    inf_pr   inf_du lg(mu)  ||d||  lg(rg) alpha_du alpha_pr  ls
   0  1.2639579e+06 1.94e+01 1.00e+02  -1.0 0.00e+00    -  0.00e+00 0.00e+00   0
   1  1.2616012e+06 1.91e+01 9.23e+01  -1.0 1.37e+01    -  8.98e-02 1.25e-02f  1
   2  1.2501151e+06 1.67e+01 8.72e+01  -1.0 1.03e+01    -  3.95e-02 1.29e-01f  1
   3  1.2483065e+06 1.59e+01 8.05e+01  -1.0 6.56e+00    -  8.45e-02 4.61e-02f  1
   4  1.2468253e+06 1.44e+01 7.32e+01  -1.0 5.41e+00    -  3.69e-01 9.50e-02f  1
   5  1.2477722e+06 1.27e+01 4.51e+02  -1.0 7.04e+00    -  1.70e-01 1.17e-01h  1
   6  1.2504967e+06 9.95e+00 3.69e+02  -1.0 5.19e+00    -  4.27e-01 2.19e-01h  1
   7  1.2562723e+06 5.55e+00 2.45e+02  -1.0 6.43e+00    -  4.18e-01 4.44e-01h  1
   8  1.2614508e+06 2.24e+00 1.02e+02  -1.0 6.59e+00    -  5.23e-01 6.00e-01h  1
   9  1.2632089e+06 4.86e+00 5.20e+03  -1.0 6.28e+00    -  3.45e-01 4.50e-01h  1
iter    objective    inf_pr   inf_du lg(mu)  ||d||  lg(rg) alpha_du alpha_pr  ls
  10  1.2656443e+06 4.12e-02 8.67e+02  -1.0 4.99e+00    -  3.22e-01 1.00e+00h  1
  11  1.2656264e+06 1.34e+00 5.00e+02  -1.0 1.91e+00    -  9.90e-01 1.00e+00h  1
  12  1.2657073e+06 5.85e-04 3.70e+01  -1.0 9.67e-01    -  9.90e-01 1.00e+00h  1
  13  1.2657145e+06 7.73e-07 2.54e-01  -1.0 4.28e-02    -  1.00e+00 1.00e+00h  1
  14  1.2620811e+06 2.40e-02 3.03e+01  -1.7 1.16e+00    -  8.60e-01 9.08e-01f  1
  15  1.2605736e+06 3.36e-02 3.26e+01  -1.7 3.06e+00    -  9.21e-01 1.00e+00f  1
  16  1.2605064e+06 1.29e-03 4.58e-01  -1.7 3.61e-01    -  1.00e+00 1.00e+00h  1
  17  1.2605036e+06 9.38e-05 3.65e-03  -1.7 5.21e-02    -  1.00e+00 1.00e+00h  1
  18  1.2598353e+06 6.27e-03 1.63e+01  -3.8 2.42e+00    -  6.74e-01 3.72e-01f  1
  19  1.2593412e+06 1.21e-02 1.82e+01  -3.8 1.94e+00    -  5.76e-01 4.13e-01f  1
iter    objective    inf_pr   inf_du lg(mu)  ||d||  lg(rg) alpha_du alpha_pr  ls
  20  1.2591618e+06 1.01e-02 2.27e+01  -3.8 2.04e+00    -  5.34e-01 3.06e-01f  1
  21  1.2590585e+06 7.81e-03 4.67e+01  -3.8 1.82e+00    -  7.21e-01 2.93e-01h  1
  22  1.2589243e+06 4.70e-03 2.60e+01  -3.8 1.42e+00    -  7.85e-01 5.71e-01h  1
  23  1.2588733e+06 2.28e-03 1.16e+01  -3.8 6.62e-01    -  9.03e-01 6.31e-01h  1
  24  1.2588583e+06 9.29e-04 4.19e+00  -3.8 2.69e-01    -  8.89e-01 6.61e-01h  1
  25  1.2588520e+06 8.89e-05 9.38e-02  -3.8 1.11e-01    -  1.00e+00 9.79e-01h  1
  26  1.2588522e+06 3.72e-06 3.98e-05  -3.8 1.40e-02    -  1.00e+00 1.00e+00h  1
  27  1.2588468e+06 5.72e-05 1.87e+00  -5.7 1.12e-01    -  8.67e-01 6.41e-01f  1
  28  1.2588453e+06 3.90e-05 3.77e+00  -5.7 6.55e-02    -  8.92e-01 5.50e-01h  1
  29  1.2588445e+06 1.90e-05 3.74e+00  -5.7 4.25e-02    -  1.00e+00 5.94e-01h  1
iter    objective    inf_pr   inf_du lg(mu)  ||d||  lg(rg) alpha_du alpha_pr  ls
  30  1.2588442e+06 8.63e-06 1.64e+00  -5.7 2.69e-02    -  1.00e+00 6.38e-01h  1
  31  1.2588441e+06 1.29e-06 8.34e-05  -5.7 1.36e-02    -  1.00e+00 1.00e+00f  1
  32  1.2588441e+06 7.55e-09 4.44e-07  -5.7 1.00e-03    -  1.00e+00 1.00e+00h  1
  33  1.2588440e+06 2.25e-07 6.59e-02  -7.1 6.50e-03    -  9.49e-01 8.41e-01h  1
  34  1.2588440e+06 3.86e-08 1.08e-06  -7.1 2.30e-03    -  1.00e+00 1.00e+00f  1
  35  1.2588440e+06 2.15e-09 4.35e-09  -7.1 4.26e-04    -  1.00e+00 1.00e+00h  1

Number of Iterations....: 35

                                   (scaled)                 (unscaled)
Objective...............:   1.0036029814757478e+04    1.2588439885866134e+06
Dual infeasibility......:   4.3545737727496148e-09    5.4620493540405543e-07
Constraint violation....:   2.1527628898260209e-09    2.1527628898260209e-09
Variable bound violation:   4.1439383124952656e-07    4.1439383124952656e-07
Complementarity.........:   9.0996893057597896e-08    1.1413964876546571e-05
Overall NLP error.......:   9.0996893057597896e-08    1.1413964876546571e-05


Number of objective function evaluations             = 36
Number of objective gradient evaluations             = 36
Number of equality constraint evaluations            = 36
Number of inequality constraint evaluations          = 36
Number of equality constraint Jacobian evaluations   = 36
Number of inequality constraint Jacobian evaluations = 36
Number of Lagrangian Hessian evaluations             = 35
Total seconds in IPOPT                               = 1.527

EXIT: Optimal Solution Found.

