Solver command line: ['/opt/homebrew/bin/ipopt', '/var/folders/6y/bvynbx6n3zv7z3lwg6vd724r0000gn/T/tmprgciygk_.pyomo.nl', '-AMPL', 'tol=1e-06', 'max_iter=300', 'print_level=5', 'warm_start_init_point=yes', 'warm_start_bound_push=1e-06', 'warm_start_bound_frac=1e-06', 'warm_start_mult_bound_push=1e-06', 'mu_init=1e-06', 'least_square_init_duals=no']

Ipopt 3.14.19: tol=1e-06
max_iter=300
print_level=5
warm_start_init_point=yes
warm_start_bound_push=1e-06
warm_start_bound_frac=1e-06
warm_start_mult_bound_push=1e-06
mu_init=1e-06
least_square_init_duals=no


******************************************************************************
This program contains Ipopt, a library for large-scale nonlinear optimization.
 Ipopt is released as open source code under the Eclipse Public License (EPL).
         For more information visit https://github.com/coin-or/Ipopt
******************************************************************************

This is Ipopt version 3.14.19, running with linear solver MUMPS 5.6.2.

Number of nonzeros in equality constraint Jacobian...:    19617
Number of nonzeros in inequality constraint Jacobian.:    15928
Number of nonzeros in Lagrangian Hessian.............:    10902

Total number of variables............................:     3228
                     variables with only lower bounds:        0
                variables with lower and upper bounds:     3228
                     variables with only upper bounds:        0
Total number of equality constraints.................:     2709
Total number of inequality constraints...............:     3982
        inequality constraints with only lower bounds:        0
   inequality constraints with lower and upper bounds:        0
        inequality constraints with only upper bounds:     3982

iter    objective    inf_pr   inf_du lg(mu)  ||d||  lg(rg) alpha_du alpha_pr  ls
   0  1.2588445e+06 4.19e+01 4.36e+04  -6.0 0.00e+00    -  0.00e+00 0.00e+00   0
   1  1.2588316e+06 4.19e+01 4.36e+04  -6.0 2.98e+01   0.0 1.68e-04 7.49e-05h  1
   2  1.2588249e+06 4.19e+01 4.36e+04  -6.0 1.02e+01   0.4 4.39e-07 1.99e-04h  1
   3  1.2587620e+06 4.19e+01 4.36e+04  -6.0 4.87e+01  -0.1 8.52e-06 2.40e-04f  1
   4  1.2587505e+06 4.19e+01 4.36e+04  -6.0 1.04e+01   0.4 4.49e-05 2.88e-04h  1
   5  1.2586549e+06 4.18e+01 4.36e+04  -6.0 8.23e+01  -0.1 3.96e-05 2.26e-04f  1
   6  1.2586265e+06 4.18e+01 4.35e+04  -6.0 1.02e+01   0.3 4.02e-05 4.61e-04h  1
   7  1.2586203e+06 4.18e+01 4.35e+04  -6.0 7.12e+00   0.7 6.39e-05 1.89e-04h  1
   8  1.2585733e+06 4.18e+01 4.35e+04  -6.0 1.14e+01   0.3 8.22e-05 5.63e-04f  1
   9  1.2585619e+06 4.18e+01 4.35e+04  -6.0 6.98e+00   0.7 5.60e-05 3.34e-04h  1
iter    objective    inf_pr   inf_du lg(mu)  ||d||  lg(rg) alpha_du alpha_pr  ls
  10  1.2584832e+06 4.18e+01 4.35e+04  -6.0 1.29e+01   0.2 1.18e-04 7.48e-04f  1
  11  1.2584684e+06 4.17e+01 4.34e+04  -6.0 7.23e+00   0.6 2.15e-04 4.31e-04h  1
  12  1.2582697e+06 4.17e+01 4.34e+04  -6.0 1.46e+01   0.2 1.47e-04 1.51e-03f  1
  13  1.2582505e+06 4.16e+01 4.33e+04  -6.0 7.62e+00   0.6 4.61e-04 6.11e-04h  1
  14  1.2582224e+06 4.16e+01 4.33e+04  -6.0 1.71e+01   0.1 2.26e-05 1.68e-04f  1
  15  1.2581929e+06 4.16e+01 4.33e+04  -6.0 8.07e+00   0.5 7.20e-05 9.07e-04f  1
  16  1.2581925e+06 4.16e+01 4.33e+04  -6.0 1.99e+01   0.1 1.57e-04 1.75e-06h  1
  17  1.2581808e+06 4.16e+01 4.33e+04  -6.0 8.61e+00   0.5 1.02e-04 3.44e-04f  1
  18  1.2581808e+06 4.16e+01 4.33e+04  -6.0 2.45e+01   0.0 5.62e-08 1.01e-07h  1
  19  1.2581451e+06 4.15e+01 4.32e+04  -6.0 9.27e+00   0.4 3.88e-05 9.05e-04f  1
iter    objective    inf_pr   inf_du lg(mu)  ||d||  lg(rg) alpha_du alpha_pr  ls
  20  1.2581449e+06 4.15e+01 4.32e+04  -6.0 3.67e+01  -0.0 2.01e-05 4.35e-07h  1
  21  1.2580741e+06 4.15e+01 4.31e+04  -6.0 9.99e+00   0.4 5.87e-06 1.69e-03f  1
  22  1.2580711e+06 4.15e+01 4.31e+04  -6.0 5.39e+01  -0.1 2.43e-05 4.95e-06h  1
  23  1.2580493e+06 4.15e+01 4.31e+04  -6.0 2.11e+01   0.3 1.60e-06 3.94e-04f  1
  24  1.2580382e+06 4.15e+01 4.31e+04  -6.0 1.12e+02  -0.1 4.35e-06 8.97e-06f  1
  25  1.2579976e+06 4.14e+01 4.31e+04  -6.0 1.17e+01   0.3 4.49e-04 7.87e-04f  1
  26  1.2578172e+06 4.14e+01 4.31e+04  -6.0 4.02e+02  -0.2 2.39e-06 4.30e-05f  1
  27  1.2577720e+06 4.14e+01 4.31e+04  -6.0 1.27e+01   0.2 3.03e-04 8.51e-04h  1
  28  1.2577736e+06 4.14e+01 4.30e+04  -6.0 9.63e+00   0.7 7.16e-05 3.64e-04h  1
  29  1.2576419e+06 4.13e+01 4.29e+04  -6.0 1.39e+01   0.2 3.84e-04 2.69e-03f  1
iter    objective    inf_pr   inf_du lg(mu)  ||d||  lg(rg) alpha_du alpha_pr  ls
  30  1.2576488e+06 4.13e+01 4.29e+04  -6.0 1.18e+01   0.6 9.89e-06 2.21e-04h  1
  31  1.2576404e+06 4.12e+01 4.29e+04  -6.0 1.50e+01   0.1 1.71e-04 2.53e-04h  1
  32  1.2576469e+06 4.12e+01 4.29e+04  -6.0 8.28e+00   0.6 9.47e-05 1.40e-04h  1
  33  1.2576445e+06 4.12e+01 4.29e+04  -6.0 1.69e+01   0.1 2.18e-04 4.95e-05h  1
  34  1.2576585e+06 4.12e+01 4.29e+04  -6.0 8.32e+00   0.5 6.89e-07 3.07e-04h  1
  35  1.2576559e+06 4.12e+01 4.29e+04  -6.0 1.92e+01   0.0 4.59e-04 3.32e-05f  1
  36  1.2576829e+06 4.12e+01 4.28e+04  -6.0 8.70e+00   0.5 1.23e-06 6.08e-04h  1
  37  1.2576798e+06 4.12e+01 4.28e+04  -6.0 2.23e+01  -0.0 1.17e-04 2.66e-05h  1
  38  1.2576806e+06 4.12e+01 4.28e+04  -6.0 9.32e+00   0.4 4.05e-07 1.78e-05h  1
  39  1.2576801e+06 4.12e+01 4.28e+04  -6.0 3.07e+01  -0.1 8.29e-06 2.54e-06h  1
iter    objective    inf_pr   inf_du lg(mu)  ||d||  lg(rg) alpha_du alpha_pr  ls
  40  1.2576869e+06 4.12e+01 4.28e+04  -6.0 1.01e+01   0.4 2.15e-06 2.01e-04h  1
  41  1.2576860e+06 4.12e+01 4.28e+04  -6.0 4.51e+01  -0.1 3.56e-05 3.10e-06h  1
  42  1.2576890e+06 4.12e+01 4.28e+04  -6.0 1.34e+01   0.3 1.58e-06 1.34e-04h  1
  43  1.2576878e+06 4.12e+01 4.28e+04  -6.0 6.87e+01  -0.2 8.37e-07 2.54e-06h  1
  44r 1.2576878e+06 4.12e+01 9.99e+02   1.1 0.00e+00   0.3 0.00e+00 2.93e-11R 13
  45r 1.2572752e+06 4.12e+01 9.99e+02   1.1 2.45e+07    -  8.03e-08 8.91e-09f  1
  46r 1.2569329e+06 4.10e+01 9.99e+02   1.1 6.08e+04    -  7.73e-05 2.06e-05f  1
  47r 1.2458374e+06 4.05e+01 9.99e+02   1.1 3.18e+04    -  1.78e-04 1.46e-04f  1
  48  1.2396899e+06 4.05e+01 9.96e+01  -6.0 2.15e+04    -  1.44e-05 9.38e-05f  1
  49  1.2396878e+06 4.05e+01 9.96e+01  -6.0 4.60e+04    -  7.98e-05 3.47e-08f  1
iter    objective    inf_pr   inf_du lg(mu)  ||d||  lg(rg) alpha_du alpha_pr  ls
  50  1.2362680e+06 4.05e+01 9.96e+01  -6.0 4.95e+04    -  6.24e-05 5.47e-05f  1
  51  1.2362632e+06 4.05e+01 9.96e+01  -6.0 3.28e+04    -  1.67e-04 1.08e-07f  1
  52  1.2353663e+06 4.05e+01 9.96e+01  -6.0 3.51e+04    -  1.74e-04 2.09e-05f  1
  53  1.2352786e+06 4.05e+01 9.96e+01  -6.0 1.06e+04    -  2.98e-04 3.18e-06f  1
  54  1.2326707e+06 4.05e+01 9.96e+01  -6.0 8.00e+03    -  2.14e-04 1.02e-04f  1
  55  1.2326464e+06 4.05e+01 9.95e+01  -6.0 5.05e+03    -  6.06e-04 1.49e-06f  1
  56  1.2246315e+06 4.05e+01 9.95e+01  -6.0 5.14e+03    -  2.50e-04 5.31e-04f  1
  57  1.2226751e+06 4.05e+01 9.94e+01  -6.0 2.39e+03    -  1.46e-03 2.31e-04f  1
  58  1.2200809e+06 4.05e+01 9.94e+01  -6.0 6.31e+03    -  2.38e-09 3.21e-04f  1
  59  1.2151740e+06 4.04e+01 9.93e+01  -6.0 1.20e+04    -  4.45e-04 5.23e-04f  1
iter    objective    inf_pr   inf_du lg(mu)  ||d||  lg(rg) alpha_du alpha_pr  ls
  60  1.2151739e+06 4.04e+01 9.92e+01  -6.0 2.29e+03    -  8.14e-04 2.24e-08h  1
  61  1.2096364e+06 4.04e+01 9.92e+01  -6.0 1.99e+03    -  8.98e-04 1.17e-03f  1
  62  1.2068020e+06 4.04e+01 9.87e+01  -6.0 2.11e+03    -  4.95e-03 8.35e-04f  1
  63  1.2058582e+06 4.04e+01 9.81e+01  -6.0 1.80e+03    -  8.64e-03 3.97e-04f  1
  64  1.1990648e+06 4.02e+01 9.78e+01  -6.0 1.57e+03    -  1.96e-03 3.92e-03f  1
  65  1.1988848e+06 4.02e+01 9.65e+01  -6.0 1.34e+03    -  1.65e-02 1.59e-04f  1
  66  1.1960111e+06 4.00e+01 9.50e+01  -6.0 1.16e+03    -  1.92e-02 3.61e-03f  1
  67  1.1946523e+06 3.99e+01 9.30e+01  -6.0 8.87e+02    -  2.57e-02 2.79e-03f  1
  68  1.1902996e+06 3.94e+01 9.07e+01  -6.0 6.73e+02    -  2.74e-02 1.36e-02f  1
  69  1.1893898e+06 3.92e+01 8.77e+01  -6.0 4.83e+02    -  4.16e-02 5.34e-03f  1
iter    objective    inf_pr   inf_du lg(mu)  ||d||  lg(rg) alpha_du alpha_pr  ls
  70  1.1866485e+06 3.82e+01 8.37e+01  -6.0 3.83e+02    -  5.12e-02 2.41e-02f  1
  71  1.1861014e+06 3.79e+01 8.30e+01  -6.0 2.99e+02    -  8.37e-03 9.28e-03f  1
  72  1.1851835e+06 3.72e+01 7.78e+01  -6.0 2.89e+02    -  7.51e-02 1.80e-02f  1
  73  1.1826474e+06 3.40e+01 2.27e+02  -6.0 2.55e+02    -  1.85e-02 8.49e-02f  1
  74  1.1825912e+06 3.36e+01 2.27e+02  -6.0 2.35e+02    -  2.87e-03 1.09e-02h  1
  75  1.1824731e+06 3.25e+01 2.46e+02  -6.0 2.32e+02    -  4.41e-02 3.23e-02h  1
  76  1.1825290e+06 3.13e+01 2.73e+02  -6.0 2.25e+02    -  4.05e-03 3.79e-02h  1
  77  1.1825599e+06 3.11e+01 2.73e+02  -6.0 2.18e+02    -  2.68e-02 6.04e-03h  1
  78  1.1828136e+06 2.98e+01 3.06e+02  -6.0 2.16e+02    -  3.02e-02 4.19e-02h  2
  79  1.1833138e+06 2.82e+01 3.59e+02  -6.0 2.07e+02    -  2.53e-02 5.17e-02h  1
iter    objective    inf_pr   inf_du lg(mu)  ||d||  lg(rg) alpha_du alpha_pr  ls
  80  1.1836686e+06 2.75e+01 3.65e+02  -6.0 2.05e+02    -  1.05e-01 2.50e-02h  1
  81  1.1840474e+06 2.69e+01 3.69e+02  -6.0 2.08e+02    -  1.15e-01 2.31e-02h  1
  82  1.1848888e+06 2.56e+01 4.00e+02  -6.0 2.10e+02    -  1.09e-01 4.57e-02h  1
  83  1.1854227e+06 2.50e+01 4.03e+02  -6.0 2.13e+02    -  6.34e-02 2.45e-02h  1
  84  1.1855360e+06 2.49e+01 4.01e+02  -6.0 2.14e+02    -  7.05e-02 4.78e-03h  1
  85  1.1859447e+06 2.45e+01 4.01e+02  -6.0 2.14e+02    -  7.17e-02 1.69e-02h  1
  86  1.1864779e+06 2.40e+01 4.02e+02  -6.0 2.14e+02    -  4.89e-02 2.10e-02h  1
  87  1.1867805e+06 2.37e+01 4.00e+02  -6.0 2.15e+02    -  1.14e-01 1.14e-02h  1
  88  1.1870959e+06 2.34e+01 3.99e+02  -6.0 2.15e+02    -  1.11e-01 1.14e-02h  1
  89  1.1879476e+06 2.27e+01 4.06e+02  -6.0 2.15e+02    -  1.33e-01 2.96e-02h  1
iter    objective    inf_pr   inf_du lg(mu)  ||d||  lg(rg) alpha_du alpha_pr  ls
  90  1.1880432e+06 2.26e+01 4.05e+02  -6.0 2.15e+02    -  1.44e-01 3.12e-03h  1
  91  1.1897565e+06 2.14e+01 4.52e+02  -6.0 2.15e+02    -  1.36e-01 5.46e-02h  1
  92  1.1915642e+06 2.02e+01 5.00e+02  -6.0 2.14e+02    -  4.52e-02 5.63e-02h  1
  93  1.1917081e+06 2.01e+01 4.98e+02  -6.0 2.12e+02    -  1.96e-01 4.36e-03h  1
  94  1.1937030e+06 1.89e+01 5.52e+02  -6.0 2.12e+02    -  1.24e-02 6.03e-02h  1
  95  1.1942885e+06 1.86e+01 5.49e+02  -6.0 2.08e+02    -  2.16e-01 1.76e-02h  1
  96  1.1948338e+06 1.83e+01 5.43e+02  -6.0 2.07e+02    -  4.76e-02 1.51e-02h  1
  97  1.1969861e+06 1.72e+01 5.45e+02  -6.0 2.06e+02    -  3.97e-02 5.79e-02h  1
  98  1.1972438e+06 1.71e+01 5.41e+02  -6.0 2.02e+02    -  1.07e-01 6.76e-03h  1
  99  1.1987836e+06 1.64e+01 5.31e+02  -6.0 2.01e+02    -  5.75e-02 3.83e-02h  1
iter    objective    inf_pr   inf_du lg(mu)  ||d||  lg(rg) alpha_du alpha_pr  ls
 100  1.2005897e+06 1.58e+01 5.21e+02  -6.0 1.99e+02    -  8.44e-02 4.15e-02h  1
 101  1.2038730e+06 1.46e+01 5.14e+02  -6.0 1.96e+02    -  1.03e-01 7.49e-02h  1
 102  1.2064669e+06 1.37e+01 4.98e+02  -6.0 1.89e+02    -  1.73e-01 6.10e-02h  1
 103  1.2078554e+06 1.32e+01 4.85e+02  -6.0 1.84e+02    -  1.34e-01 3.40e-02h  1
 104  1.2097329e+06 1.26e+01 4.71e+02  -6.0 1.81e+02    -  5.62e-02 4.71e-02h  1
 105  1.2107842e+06 1.22e+01 4.60e+02  -6.0 1.77e+02    -  2.15e-01 2.93e-02h  1
 106  1.2122666e+06 1.17e+01 4.46e+02  -6.0 1.75e+02    -  3.74e-02 4.21e-02h  1
 107  1.2125809e+06 1.16e+01 4.42e+02  -6.0 1.72e+02    -  1.42e-01 8.99e-03h  1
 108  1.2149151e+06 1.08e+01 4.25e+02  -6.0 1.72e+02    -  5.17e-02 6.72e-02h  1
 109  1.2154014e+06 1.07e+01 4.20e+02  -6.0 1.65e+02    -  9.12e-02 1.46e-02h  1
iter    objective    inf_pr   inf_du lg(mu)  ||d||  lg(rg) alpha_du alpha_pr  ls
 110  1.2179431e+06 9.90e+00 3.01e+03  -6.0 1.63e+02    -  5.56e-04 7.17e-02h  1
 111  1.2207295e+06 9.09e+00 2.76e+03  -6.0 1.55e+02    -  6.09e-02 8.18e-02h  1
 112  1.2214143e+06 8.90e+00 2.70e+03  -6.0 1.47e+02    -  2.18e-01 2.12e-02h  1
 113  1.2233152e+06 8.37e+00 2.54e+03  -6.0 1.43e+02    -  1.32e-01 6.00e-02h  1
 114  1.2241766e+06 8.13e+00 2.47e+03  -6.0 1.37e+02    -  8.08e-02 2.85e-02h  1
 115  1.2253420e+06 7.81e+00 2.37e+03  -6.0 1.34e+02    -  3.59e-02 3.93e-02h  1
 116  1.2253461e+06 7.81e+00 2.37e+03  -6.0 1.28e+02    -  4.98e-02 1.66e-04h  1
 117  1.2268222e+06 7.34e+00 2.23e+03  -6.0 1.28e+02    -  1.06e-01 5.98e-02h  1
 118  1.2290457e+06 6.66e+00 2.02e+03  -6.0 1.22e+02    -  5.61e-02 9.23e-02h  1
 119  1.2312912e+06 6.01e+00 1.83e+03  -6.0 1.13e+02    -  8.15e-02 9.75e-02h  1
iter    objective    inf_pr   inf_du lg(mu)  ||d||  lg(rg) alpha_du alpha_pr  ls
 120  1.2324272e+06 5.70e+00 1.73e+03  -6.0 1.06e+02    -  1.70e-01 5.08e-02h  1
 121  1.2330962e+06 5.53e+00 1.68e+03  -6.0 1.10e+02    -  1.09e-01 3.11e-02h  1
 122  1.2338729e+06 5.32e+00 1.62e+03  -6.0 1.11e+02    -  1.08e-01 3.68e-02h  1
 123  1.2345843e+06 5.13e+00 1.56e+03  -6.0 1.25e+02    -  7.36e-02 3.53e-02h  1
 124  1.2350854e+06 5.00e+00 1.52e+03  -6.0 1.29e+02    -  1.47e-01 2.54e-02h  1
 125  1.2370351e+06 4.50e+00 1.37e+03  -6.0 1.30e+02    -  5.93e-02 9.97e-02h  1
 126  1.2410277e+06 3.52e+00 1.07e+03  -6.0 1.38e+02    -  1.63e-01 2.18e-01h  1
 127  1.2420584e+06 3.30e+00 1.00e+03  -6.0 8.87e+01    -  1.22e-01 6.36e-02h  1
 128  1.2424490e+06 3.21e+00 9.77e+02  -6.0 6.17e+01    -  1.79e-01 2.49e-02h  1
 129  1.2437895e+06 2.93e+00 8.92e+02  -6.0 6.21e+01    -  1.80e-01 8.73e-02h  1
iter    objective    inf_pr   inf_du lg(mu)  ||d||  lg(rg) alpha_du alpha_pr  ls
 130  1.2460084e+06 2.47e+00 7.52e+02  -6.0 6.19e+01    -  3.04e-01 1.57e-01h  1
 131  1.2465420e+06 2.36e+00 7.19e+02  -6.0 5.89e+01    -  9.25e-02 4.40e-02h  1
 132  1.2490005e+06 1.87e+00 5.68e+02  -6.0 4.41e+01    -  1.83e-01 2.10e-01h  1
 133  1.2500427e+06 1.66e+00 5.04e+02  -6.0 3.54e+01    -  1.33e-01 1.11e-01h  1
 134  1.2509557e+06 1.48e+00 4.49e+02  -6.0 3.16e+01    -  2.15e-01 1.09e-01h  1
 135  1.2514954e+06 1.37e+00 4.17e+02  -6.0 2.83e+01    -  1.71e-01 7.21e-02h  1
 136  1.2526724e+06 1.14e+00 3.47e+02  -6.0 2.62e+01    -  4.64e-01 1.68e-01h  1
 137  1.2528616e+06 1.10e+00 3.35e+02  -6.0 2.22e+01    -  2.06e-01 3.23e-02h  1
 138  1.2530748e+06 1.06e+00 3.23e+02  -6.0 2.36e+01    -  5.16e-02 3.76e-02h  1
 139  1.2535114e+06 9.76e-01 2.97e+02  -6.0 2.28e+01    -  9.95e-02 7.98e-02h  1
iter    objective    inf_pr   inf_du lg(mu)  ||d||  lg(rg) alpha_du alpha_pr  ls
 140  1.2536274e+06 9.54e-01 2.90e+02  -6.0 2.11e+01    -  8.52e-02 2.29e-02h  1
 141  1.2553612e+06 6.30e-01 1.92e+02  -6.0 3.10e+01    -  1.68e-01 3.39e-01h  1
 142  1.2559345e+06 5.25e-01 1.60e+02  -6.0 2.49e+01    -  1.75e-01 1.67e-01h  1
 143  1.2559584e+06 5.21e-01 1.58e+02  -6.0 2.19e+01    -  3.37e-02 8.29e-03h  1
 144  1.2574195e+06 2.54e-01 7.73e+01  -6.0 2.00e+01    -  6.18e-02 5.12e-01h  1
 145  1.2575179e+06 2.36e-01 7.19e+01  -6.0 1.19e+01    -  6.16e-01 6.96e-02h  1
 146  1.2585689e+06 4.80e-02 1.46e+01  -6.0 1.09e+01    -  8.12e-01 7.97e-01h  1
 147  1.2586053e+06 4.16e-02 1.35e+01  -6.0 3.31e+00    -  1.00e+00 1.33e-01h  1
 148  1.2586377e+06 3.60e-02 1.40e+01  -6.0 2.58e+00    -  1.00e+00 1.36e-01h  1
 149  1.2587228e+06 2.11e-02 8.59e+00  -6.0 2.38e+00    -  1.00e+00 4.13e-01h  1
iter    objective    inf_pr   inf_du lg(mu)  ||d||  lg(rg) alpha_du alpha_pr  ls
 150  1.2588216e+06 3.90e-03 1.50e+00  -6.0 1.31e+00    -  6.24e-01 8.15e-01h  1
 151  1.2588440e+06 3.39e-06 4.34e-01  -6.0 3.25e-01    -  2.58e-01 1.00e+00h  1
 152  1.2588440e+06 4.47e-07 5.53e-04  -6.0 2.33e-02    -  1.00e+00 1.00e+00h  1
 153  1.2588440e+06 5.72e-09 7.00e-06  -6.0 2.62e-03    -  1.00e+00 1.00e+00h  1
 154  1.2588440e+06 9.38e-08 3.57e-02  -7.1 3.99e-03    -  1.00e+00 8.90e-01h  1
 155  1.2588440e+06 7.07e-09 1.76e-07  -7.1 9.79e-04    -  1.00e+00 1.00e+00f  1

Number of Iterations....: 155

                                   (scaled)                 (unscaled)
Objective...............:   1.0036029814713787e+04    1.2588439885811333e+06
Dual infeasibility......:   1.7560510954422911e-07    2.2026582283543016e-05
Constraint violation....:   6.7141244045618512e-09    7.0666856810674972e-09
Variable bound violation:   4.1439383124952656e-07    4.1439383124952656e-07
Complementarity.........:   1.1966081513793624e-07    1.5009351365643105e-05
Overall NLP error.......:   1.7560510954422911e-07    2.2026582283543016e-05


Number of objective function evaluations             = 172
Number of objective gradient evaluations             = 154
Number of equality constraint evaluations            = 172
Number of inequality constraint evaluations          = 173
Number of equality constraint Jacobian evaluations   = 157
Number of inequality constraint Jacobian evaluations = 157
Number of Lagrangian Hessian evaluations             = 155
Total seconds in IPOPT                               = 6.925

EXIT: Optimal Solution Found.

