Solver command line: ['/opt/homebrew/bin/ipopt', '/var/folders/6y/bvynbx6n3zv7z3lwg6vd724r0000gn/T/tmpsxvnfy3a.pyomo.nl', '-AMPL', 'tol=1e-06', 'max_iter=300', 'print_level=5', 'warm_start_init_point=yes', 'warm_start_bound_push=1e-06', 'warm_start_bound_frac=1e-06', 'warm_start_mult_bound_push=1e-06', 'mu_init=1e-06', 'least_square_init_duals=no']

Ipopt 3.14.19: tol=1e-06
max_iter=300
print_level=5
warm_start_init_point=yes
warm_start_bound_push=1e-06
warm_start_bound_frac=1e-06
warm_start_mult_bound_push=1e-06
mu_init=1e-06
least_square_init_duals=no


******************************************************************************
This program contains Ipopt, a library for large-scale nonlinear optimization.
 Ipopt is released as open source code under the Eclipse Public License (EPL).
         For more information visit https://github.com/coin-or/Ipopt
******************************************************************************

This is Ipopt version 3.14.19, running with linear solver MUMPS 5.6.2.

Number of nonzeros in equality constraint Jacobian...:    19617
Number of nonzeros in inequality constraint Jacobian.:    15928
Number of nonzeros in Lagrangian Hessian.............:    10902

Total number of variables............................:     3228
                     variables with only lower bounds:        0
                variables with lower and upper bounds:     3228
                     variables with only upper bounds:        0
Total number of equality constraints.................:     2709
Total number of inequality constraints...............:     3982
        inequality constraints with only lower bounds:        0
   inequality constraints with lower and upper bounds:        0
        inequality constraints with only upper bounds:     3982

iter    objective    inf_pr   inf_du lg(mu)  ||d||  lg(rg) alpha_du alpha_pr  ls
   0  1.8576601e+06 2.76e+01 4.36e+04  -6.0 0.00e+00    -  0.00e+00 0.00e+00   0
   1  1.8441851e+06 2.70e+01 4.26e+04  -6.0 1.55e+01   0.0 2.96e-02 2.10e-02f  1
   2  1.8380772e+06 2.68e+01 4.21e+04  -6.0 3.07e+01  -0.5 6.68e-02 8.93e-03f  1
   3  1.8346478e+06 2.66e+01 4.19e+04  -6.0 3.31e+01  -1.0 5.32e-02 4.94e-03f  1
   4  1.8234321e+06 2.60e+01 4.07e+04  -6.0 1.61e+01  -0.5 8.87e-02 2.46e-02f  1
   5  1.8223608e+06 2.59e+01 4.06e+04  -6.0 2.26e+01  -1.0 7.00e-02 2.32e-03f  1
   6  1.8214553e+06 2.58e+01 4.04e+04  -6.0 1.75e+01  -0.6 1.02e-01 2.68e-03f  1
   7  1.8179208e+06 2.56e+01 4.01e+04  -6.0 2.32e+01  -1.1 9.29e-02 7.87e-03f  1
   8  1.8147148e+06 2.54e+01 3.97e+04  -6.0 1.94e+01  -0.6 9.01e-02 1.03e-02f  1
   9  1.8069695e+06 2.49e+01 3.89e+04  -6.0 2.40e+01  -1.1 8.72e-02 1.93e-02f  1
iter    objective    inf_pr   inf_du lg(mu)  ||d||  lg(rg) alpha_du alpha_pr  ls
  10  1.8046216e+06 2.46e+01 3.85e+04  -6.0 2.28e+01  -0.7 1.68e-01 9.52e-03f  1
  11  1.8042919e+06 2.46e+01 3.85e+04  -6.0 2.85e+01  -1.2 1.24e-01 9.55e-04f  1
  12  1.8008102e+06 2.43e+01 3.79e+04  -6.0 2.36e+01  -0.7 6.45e-02 1.50e-02f  1
  13  1.7936243e+06 2.37e+01 3.70e+04  -6.0 3.01e+01  -1.2 8.10e-02 2.22e-02f  1
  14  1.7852272e+06 2.27e+01 3.52e+04  -6.0 2.88e+01  -0.8 8.11e-02 4.46e-02f  1
  15  1.7852183e+06 2.27e+01 3.52e+04  -6.0 3.71e+01  -1.3 1.06e-01 3.51e-05h  1
  16  1.7842503e+06 2.25e+01 3.50e+04  -6.0 3.50e+01  -0.8 7.32e-02 6.89e-03f  1
  17  1.7772778e+06 2.19e+01 3.40e+04  -6.0 3.85e+01  -1.3 1.05e-01 2.74e-02f  1
  18  1.7771045e+06 2.18e+01 3.39e+04  -6.0 3.90e+01  -0.9 8.68e-02 1.58e-03f  1
  19  1.7720553e+06 2.14e+01 3.32e+04  -6.0 4.19e+01  -1.4 8.40e-02 2.17e-02f  1
iter    objective    inf_pr   inf_du lg(mu)  ||d||  lg(rg) alpha_du alpha_pr  ls
  20  1.7714642e+06 2.12e+01 3.29e+04  -6.0 4.15e+01  -0.9 7.19e-03 7.45e-03f  1
  21  1.7714632e+06 2.12e+01 3.29e+04  -6.0 4.43e+01  -1.4 9.45e-02 4.69e-06h  1
  22  1.7707936e+06 2.10e+01 3.27e+04  -6.0 4.22e+01  -1.0 6.02e-02 8.44e-03f  1
  23  1.7716213e+06 2.08e+01 3.23e+04  -6.0 4.23e+01  -0.6 7.02e-03 1.17e-02h  1
  24  1.7703300e+06 2.04e+01 3.17e+04  -6.0 4.40e+01  -1.0 7.34e-02 1.78e-02f  1
  25  1.7691590e+06 2.03e+01 3.15e+04  -6.0 4.60e+01  -1.5 1.04e-01 5.83e-03f  1
  26  1.7690376e+06 2.03e+01 3.14e+04  -6.0 4.59e+01  -1.1 4.67e-02 2.03e-03f  1
  27  1.7662364e+06 2.00e+01 3.10e+04  -6.0 4.69e+01  -1.6 7.82e-02 1.41e-02f  1
  28  1.7662103e+06 2.00e+01 3.10e+04  -6.0 4.72e+01  -1.1 4.23e-02 4.16e-04h  1
  29  1.7627343e+06 1.96e+01 3.04e+04  -6.0 4.90e+01  -1.6 7.95e-02 1.72e-02f  1
iter    objective    inf_pr   inf_du lg(mu)  ||d||  lg(rg) alpha_du alpha_pr  ls
  30  1.7623185e+06 1.95e+01 3.02e+04  -6.0 4.85e+01  -1.2 3.08e-02 7.05e-03f  1
  31  1.7599206e+06 1.93e+01 2.99e+04  -6.0 5.27e+01  -1.7 9.09e-03 1.18e-02f  1
  32  1.7561604e+06 1.90e+01 2.95e+04  -6.0 6.17e+01  -2.1 4.44e-02 1.25e-02f  1
  33  1.7550661e+06 1.89e+01 2.93e+04  -6.0 5.55e+01  -1.7 3.50e-02 5.00e-03f  1
  34  1.7495037e+06 1.86e+01 2.88e+04  -6.0 6.47e+01  -2.2 1.16e-01 1.83e-02f  1
  35  1.7361264e+06 1.74e+01 2.71e+04  -6.0 5.87e+01  -1.8 6.18e-02 6.04e-02f  1
  36  1.7290549e+06 1.70e+01 2.65e+04  -6.0 7.34e+01  -2.2 2.64e-02 2.36e-02f  1
  37  1.7261054e+06 1.69e+01 2.62e+04  -6.0 8.21e+01  -2.7 1.14e-01 8.41e-03f  1
  38  1.7243188e+06 1.68e+01 2.61e+04  -6.0 4.18e+02    -  2.49e-07 4.45e-03f  1
  39  1.7198885e+06 1.66e+01 2.58e+04  -6.0 9.99e+01    -  2.33e-02 1.10e-02f  1
iter    objective    inf_pr   inf_du lg(mu)  ||d||  lg(rg) alpha_du alpha_pr  ls
  40  1.7125167e+06 1.63e+01 2.54e+04  -6.0 1.14e+02    -  1.41e-02 1.80e-02f  1
  41  1.7053051e+06 1.60e+01 2.50e+04  -6.0 1.15e+02    -  1.71e-01 1.72e-02f  1
  42  1.6987523e+06 1.58e+01 2.46e+04  -6.0 9.48e+01    -  4.65e-02 1.55e-02f  1
  43  1.6931657e+06 1.56e+01 2.43e+04  -6.0 9.72e+01    -  4.00e-02 1.31e-02f  1
  44  1.6887436e+06 1.54e+01 2.40e+04  -6.0 9.97e+01    -  6.19e-02 1.04e-02f  1
  45  1.6802287e+06 1.51e+01 2.35e+04  -6.0 1.01e+02    -  3.78e-02 2.09e-02f  1
  46  1.6677457e+06 1.46e+01 2.29e+04  -6.0 1.04e+02    -  4.97e-02 3.06e-02f  1
  47  1.6655374e+06 1.46e+01 2.27e+04  -6.0 1.07e+02    -  1.67e-02 5.44e-03f  1
  48  1.6586143e+06 1.43e+01 2.24e+04  -6.0 1.08e+02    -  6.83e-03 1.72e-02f  1
  49  1.6534698e+06 1.41e+01 2.21e+04  -6.0 1.09e+02    -  3.60e-02 1.28e-02f  1
iter    objective    inf_pr   inf_du lg(mu)  ||d||  lg(rg) alpha_du alpha_pr  ls
  50  1.6313154e+06 1.33e+01 2.10e+04  -6.0 1.10e+02    -  3.64e-02 5.66e-02f  1
  51  1.6248999e+06 1.31e+01 2.07e+04  -6.0 1.14e+02    -  1.44e-07 1.54e-02f  1
  52  1.6221313e+06 1.30e+01 2.06e+04  -6.0 1.21e+02    -  7.52e-03 6.46e-03f  1
  53  1.6210814e+06 1.30e+01 2.05e+04  -6.0 1.23e+02    -  5.82e-02 2.43e-03f  1
  54  1.6056014e+06 1.25e+01 1.98e+04  -6.0 1.14e+02    -  3.04e-03 4.04e-02f  1
  55  1.6045252e+06 1.24e+01 1.97e+04  -6.0 1.21e+02    -  4.84e-03 2.77e-03f  1
  56  1.6020603e+06 1.24e+01 1.96e+04  -6.0 1.22e+02    -  6.66e-02 6.34e-03f  1
  57  1.5918396e+06 1.20e+01 1.91e+04  -6.0 1.24e+02    -  9.08e-07 2.59e-02f  1
  58  1.5839830e+06 1.18e+01 1.87e+04  -6.0 1.31e+02    -  7.68e-04 1.97e-02f  1
  59  1.5835375e+06 1.18e+01 1.87e+04  -6.0 1.36e+02    -  2.49e-02 1.11e-03f  1
iter    objective    inf_pr   inf_du lg(mu)  ||d||  lg(rg) alpha_du alpha_pr  ls
  60  1.5798923e+06 1.17e+01 1.86e+04  -6.0 1.36e+02    -  7.57e-03 9.05e-03f  1
  61  1.5745337e+06 1.15e+01 1.83e+04  -6.0 1.38e+02    -  9.23e-03 1.34e-02f  1
  62  1.5740186e+06 1.15e+01 1.83e+04  -6.0 1.42e+02    -  3.45e-02 1.29e-03f  1
  63  1.5581211e+06 1.11e+01 1.77e+04  -6.0 1.51e+02    -  4.57e-07 3.84e-02f  1
  64  1.5573166e+06 1.10e+01 1.76e+04  -6.0 1.66e+02    -  6.40e-02 1.92e-03f  1
  65  1.5565021e+06 1.10e+01 1.76e+04  -6.0 1.66e+02    -  1.31e-02 1.97e-03f  1
  66  1.5465740e+06 1.08e+01 1.72e+04  -6.0 1.67e+02    -  7.96e-03 2.43e-02f  1
  67  1.5465732e+06 1.08e+01 1.72e+04  -6.0 1.64e+02    -  1.34e-02 2.16e-06h  1
  68  1.5384347e+06 1.05e+01 1.69e+04  -6.0 1.64e+02    -  5.44e-04 2.09e-02f  1
  69  1.5359825e+06 1.05e+01 1.68e+04  -6.0 1.71e+02    -  4.16e-02 6.29e-03f  1
iter    objective    inf_pr   inf_du lg(mu)  ||d||  lg(rg) alpha_du alpha_pr  ls
  70  1.5329554e+06 1.04e+01 1.66e+04  -6.0 1.73e+02    -  7.87e-03 7.84e-03f  1
  71  1.5280625e+06 1.02e+01 1.64e+04  -6.0 1.76e+02    -  4.55e-03 1.31e-02f  1
  72  1.5263662e+06 1.02e+01 1.63e+04  -6.0 1.80e+02    -  2.89e-02 4.51e-03f  1
  73  1.5021177e+06 9.53e+00 1.55e+04  -6.0 1.83e+02    -  4.64e-03 6.47e-02f  1
  74  1.4980709e+06 9.43e+00 1.53e+04  -6.0 2.08e+02    -  2.77e-02 1.09e-02f  1
  75  1.4878736e+06 9.17e+00 1.49e+04  -6.0 2.26e+02    -  9.57e-04 2.76e-02f  1
  76  1.4873182e+06 9.15e+00 1.49e+04  -6.0 2.39e+02    -  2.52e-02 1.52e-03f  1
  77  1.4822455e+06 9.03e+00 1.47e+04  -6.0 2.40e+02    -  2.26e-02 1.41e-02f  1
  78  1.4763748e+06 8.87e+00 1.45e+04  -6.0 2.46e+02    -  1.23e-02 1.68e-02f  1
  79  1.4731088e+06 8.79e+00 1.43e+04  -6.0 2.55e+02    -  2.68e-02 9.86e-03f  1
iter    objective    inf_pr   inf_du lg(mu)  ||d||  lg(rg) alpha_du alpha_pr  ls
  80  1.4660210e+06 8.59e+00 1.40e+04  -6.0 2.60e+02    -  9.15e-03 2.22e-02f  1
  81  1.4618586e+06 8.48e+00 1.39e+04  -6.0 2.72e+02    -  3.23e-02 1.33e-02f  1
  82  1.4575574e+06 8.36e+00 1.37e+04  -6.0 2.79e+02    -  1.45e-02 1.41e-02f  1
  83  1.4507376e+06 8.17e+00 1.34e+04  -6.0 2.87e+02    -  5.30e-02 2.27e-02f  1
  84  1.4451279e+06 8.01e+00 1.32e+04  -6.0 3.07e+02    -  7.24e-04 1.89e-02f  1
  85  1.4393520e+06 7.85e+00 1.29e+04  -6.0 3.19e+02    -  2.00e-02 1.98e-02f  1
  86  1.4336057e+06 7.70e+00 1.27e+04  -6.0 3.32e+02    -  1.02e-02 2.01e-02f  1
  87  1.4304171e+06 7.61e+00 1.26e+04  -6.0 3.51e+02    -  2.04e-02 1.11e-02f  1
  88  1.4247083e+06 7.46e+00 1.23e+04  -6.0 3.58e+02    -  1.10e-02 2.02e-02f  1
  89  1.4223331e+06 7.39e+00 1.22e+04  -6.0 3.52e+02    -  2.97e-02 8.58e-03f  1
iter    objective    inf_pr   inf_du lg(mu)  ||d||  lg(rg) alpha_du alpha_pr  ls
  90  1.4203938e+06 7.34e+00 1.22e+04  -6.0 3.58e+02    -  2.27e-06 6.92e-03f  1
  91  1.4202710e+06 7.34e+00 1.22e+04  -6.0 3.62e+02    -  5.97e-02 4.39e-04f  1
  92  1.4063377e+06 6.97e+00 1.17e+04  -6.0 3.62e+02    -  8.21e-03 5.06e-02f  1
  93  1.4063373e+06 6.97e+00 1.17e+04  -6.0 3.97e+02    -  2.98e-02 1.66e-06h  1
  94  1.4001109e+06 6.80e+00 1.15e+04  -6.0 3.96e+02    -  4.63e-02 2.41e-02f  1
  95  1.4000180e+06 6.80e+00 1.15e+04  -6.0 3.85e+02    -  4.97e-07 3.80e-04f  1
  96  1.3896875e+06 6.51e+00 1.11e+04  -6.0 3.86e+02    -  5.11e-02 4.21e-02f  1
  97  1.3882352e+06 6.47e+00 1.11e+04  -6.0 4.11e+02    -  3.22e-03 6.09e-03f  1
  98  1.3874660e+06 6.45e+00 1.10e+04  -6.0 4.17e+02    -  1.68e-02 3.21e-03f  1
  99  1.3832289e+06 6.33e+00 1.09e+04  -6.0 4.16e+02    -  3.22e-03 1.83e-02f  1
iter    objective    inf_pr   inf_du lg(mu)  ||d||  lg(rg) alpha_du alpha_pr  ls
 100  1.3824659e+06 6.31e+00 1.08e+04  -6.0 4.27e+02    -  3.86e-02 3.30e-03f  1
 101  1.3733318e+06 6.06e+00 1.05e+04  -6.0 4.25e+02    -  2.75e-02 4.00e-02f  1
 102  1.3730372e+06 6.05e+00 1.05e+04  -6.0 4.59e+02    -  1.91e-06 1.20e-03f  1
 103  1.3642119e+06 5.83e+00 1.02e+04  -6.0 4.60e+02    -  3.34e-03 3.59e-02f  1
 104  1.3630714e+06 5.81e+00 1.02e+04  -6.0 4.74e+02    -  1.61e-02 4.68e-03f  1
 105  1.3590882e+06 5.71e+00 1.00e+04  -6.0 4.69e+02    -  4.91e-03 1.65e-02f  1
 106  1.3552901e+06 5.62e+00 9.86e+03  -6.0 4.68e+02    -  4.06e-03 1.58e-02f  1
 107  1.3497946e+06 5.48e+00 9.66e+03  -6.0 4.53e+02    -  9.76e-03 2.40e-02f  1
 108  1.3472750e+06 5.42e+00 9.56e+03  -6.0 4.74e+02    -  2.58e-02 1.11e-02f  1
 109  1.3431399e+06 5.32e+00 9.40e+03  -6.0 4.78e+02    -  1.12e-02 1.86e-02f  1
iter    objective    inf_pr   inf_du lg(mu)  ||d||  lg(rg) alpha_du alpha_pr  ls
 110  1.3426225e+06 5.31e+00 9.38e+03  -6.0 4.87e+02    -  4.21e-02 2.38e-03f  1
 111  1.3424560e+06 5.31e+00 9.37e+03  -6.0 5.03e+02    -  7.67e-07 7.65e-04f  1
 112  1.3371983e+06 5.17e+00 9.16e+03  -6.0 5.27e+02    -  2.01e-02 2.65e-02f  1
 113  1.3341245e+06 5.08e+00 9.02e+03  -6.0 5.40e+02    -  2.86e-02 1.67e-02f  1
 114  1.3324414e+06 5.03e+00 8.94e+03  -6.0 5.35e+02    -  3.33e-02 9.58e-03f  1
 115  1.3304904e+06 4.97e+00 8.84e+03  -6.0 5.07e+02    -  1.00e-01 1.17e-02f  1
 116  1.3270786e+06 4.85e+00 8.65e+03  -6.0 3.77e+02    -  3.62e-03 2.35e-02f  1
 117  1.3264988e+06 4.83e+00 8.62e+03  -6.0 3.80e+02    -  5.27e-02 4.12e-03f  1
 118  1.3221741e+06 4.68e+00 8.36e+03  -6.0 3.86e+02    -  5.86e-03 3.29e-02f  1
 119  1.3146012e+06 4.38e+00 7.91e+03  -6.0 4.06e+02    -  2.77e-02 6.21e-02f  1
iter    objective    inf_pr   inf_du lg(mu)  ||d||  lg(rg) alpha_du alpha_pr  ls
 120  1.3112848e+06 4.25e+00 7.67e+03  -6.0 4.49e+02    -  5.14e-02 3.19e-02f  1
 121  1.3074639e+06 4.08e+00 7.37e+03  -6.0 4.58e+02    -  5.69e-02 4.00e-02f  1
 122  1.3053351e+06 3.97e+00 7.19e+03  -6.0 4.44e+02    -  1.54e-02 2.52e-02f  1
 123  1.3040321e+06 3.91e+00 7.07e+03  -6.0 4.26e+02    -  3.91e-02 1.60e-02f  1
 124  1.3022724e+06 3.82e+00 6.91e+03  -6.0 3.60e+02    -  5.57e-02 2.29e-02f  1
 125  1.2980438e+06 3.58e+00 6.50e+03  -6.0 2.71e+02    -  2.31e-02 6.12e-02f  1
 126  1.2966937e+06 3.50e+00 6.35e+03  -6.0 3.02e+02    -  3.83e-02 2.27e-02f  1
 127  1.2952734e+06 3.42e+00 6.20e+03  -6.0 3.35e+02    -  4.93e-02 2.40e-02f  1
 128  1.2948772e+06 3.39e+00 6.16e+03  -6.0 3.42e+02    -  2.96e-02 7.09e-03f  1
 129  1.2929459e+06 3.28e+00 5.94e+03  -6.0 3.44e+02    -  4.55e-02 3.51e-02f  1
iter    objective    inf_pr   inf_du lg(mu)  ||d||  lg(rg) alpha_du alpha_pr  ls
 130  1.2901968e+06 3.10e+00 5.64e+03  -6.0 3.55e+02    -  1.46e-01 5.27e-02f  1
 131  1.2898769e+06 3.08e+00 5.60e+03  -6.0 3.77e+02    -  1.55e-02 6.69e-03f  1
 132  1.2860242e+06 2.85e+00 5.18e+03  -6.0 4.15e+02    -  1.30e-02 7.67e-02f  1
 133  1.2856024e+06 2.82e+00 5.13e+03  -6.0 4.23e+02    -  6.85e-02 9.47e-03f  1
 134  1.2828527e+06 2.64e+00 4.81e+03  -6.0 4.22e+02    -  7.06e-02 6.28e-02f  1
 135  1.2801125e+06 2.46e+00 4.49e+03  -6.0 4.15e+02    -  8.18e-02 6.81e-02f  1
 136  1.2791383e+06 2.38e+00 4.35e+03  -6.0 2.93e+02    -  4.72e-02 3.20e-02f  1
 137  1.2766690e+06 2.18e+00 3.99e+03  -6.0 2.91e+02    -  1.78e-02 8.40e-02f  1
 138  1.2749918e+06 2.04e+00 3.74e+03  -6.0 2.68e+02    -  6.76e-02 6.37e-02f  1
 139  1.2735241e+06 2.46e+00 3.49e+03  -6.0 1.21e+02    -  5.47e-02 6.61e-02f  1
iter    objective    inf_pr   inf_du lg(mu)  ||d||  lg(rg) alpha_du alpha_pr  ls
 140  1.2726879e+06 2.36e+00 3.34e+03  -6.0 9.54e+01    -  5.46e-02 4.39e-02f  1
 141  1.2721795e+06 2.28e+00 3.23e+03  -6.0 3.97e+01    -  2.08e-02 3.26e-02f  1
 142  1.2718773e+06 2.24e+00 3.17e+03  -6.0 4.11e+01    -  9.04e-02 1.83e-02f  1
 143  1.2717113e+06 2.21e+00 3.14e+03  -6.0 4.12e+01    -  6.39e-02 1.05e-02f  1
 144  1.2711244e+06 2.12e+00 3.01e+03  -6.0 3.90e+01    -  1.96e-02 4.12e-02f  1
 145  1.2708585e+06 2.08e+00 2.95e+03  -6.0 3.81e+01    -  4.15e-02 1.96e-02f  1
 146  1.2702744e+06 1.99e+00 2.82e+03  -6.0 3.77e+01    -  9.50e-03 4.41e-02f  1
 147  1.2701575e+06 1.97e+00 2.80e+03  -6.0 3.67e+01    -  8.30e-03 9.31e-03f  1
 148  1.2697249e+06 1.90e+00 2.70e+03  -6.0 3.58e+01    -  1.41e-02 3.50e-02f  1
 149  1.2695423e+06 1.87e+00 2.66e+03  -6.0 3.50e+01    -  4.68e-02 1.54e-02f  1
iter    objective    inf_pr   inf_du lg(mu)  ||d||  lg(rg) alpha_du alpha_pr  ls
 150  1.2682917e+06 1.67e+00 2.38e+03  -6.0 3.46e+01    -  1.46e-01 1.07e-01f  1
 151  1.2681991e+06 1.66e+00 2.36e+03  -6.0 3.65e+01    -  1.23e-01 9.09e-03h  1
 152  1.2677428e+06 1.58e+00 2.25e+03  -6.0 3.68e+01    -  1.81e-01 4.54e-02f  1
 153  1.2669470e+06 1.45e+00 2.06e+03  -6.0 3.62e+01    -  1.23e-02 8.37e-02f  1
 154  1.2658837e+06 1.27e+00 1.81e+03  -6.0 4.05e+01    -  1.53e-01 1.24e-01f  1
 155  1.2649068e+06 1.10e+00 1.58e+03  -6.0 4.15e+01    -  7.88e-02 1.32e-01f  1
 156  1.2643273e+06 9.99e-01 1.43e+03  -6.0 3.89e+01    -  2.58e-01 9.11e-02f  1
 157  1.2642559e+06 9.86e-01 1.42e+03  -6.0 3.54e+01    -  2.17e-01 1.25e-02h  1
 158  1.2631436e+06 7.89e-01 1.14e+03  -6.0 3.52e+01    -  1.54e-02 1.97e-01f  1
 159  1.2627780e+06 7.24e-01 1.05e+03  -6.0 3.00e+01    -  4.46e-02 8.10e-02f  1
iter    objective    inf_pr   inf_du lg(mu)  ||d||  lg(rg) alpha_du alpha_pr  ls
 160  1.2625319e+06 6.78e-01 9.87e+02  -6.0 2.89e+01    -  2.30e-01 6.24e-02f  1
 161  1.2621212e+06 6.01e-01 8.78e+02  -6.0 2.69e+01    -  6.24e-02 1.11e-01f  1
 162  1.2608192e+06 4.11e-01 5.41e+02  -6.0 2.40e+01    -  1.49e-02 3.96e-01f  1
 163  1.2601464e+06 3.99e-01 3.61e+02  -6.0 2.41e+01    -  7.77e-02 3.38e-01f  1
 164  1.2601000e+06 3.86e-01 3.49e+02  -6.0 3.32e+01    -  8.04e-02 3.47e-02h  1
 165  1.2596710e+06 2.71e-01 2.32e+02  -6.0 3.35e+01    -  9.08e-02 3.39e-01f  1
 166  1.2596273e+06 2.58e-01 2.20e+02  -6.0 4.38e+01    -  5.01e-02 5.15e-02h  1
 167  1.2595097e+06 2.63e-01 1.88e+02  -6.0 4.08e+01    -  6.59e-02 1.46e-01h  1
 168  1.2594573e+06 2.42e-01 1.73e+02  -6.0 2.80e+01    -  2.54e-01 7.84e-02h  1
 169  1.2592472e+06 1.60e-01 1.15e+02  -6.0 2.77e+01    -  8.51e-02 3.40e-01h  1
iter    objective    inf_pr   inf_du lg(mu)  ||d||  lg(rg) alpha_du alpha_pr  ls
 170  1.2591920e+06 1.39e-01 9.92e+01  -6.0 2.57e+01    -  3.34e-01 1.36e-01h  1
 171  1.2590331e+06 7.55e-02 5.43e+01  -6.0 1.64e+01    -  8.81e-02 4.56e-01h  1
 172  1.2590042e+06 6.40e-02 4.60e+01  -6.0 1.29e+01    -  5.11e-01 1.53e-01h  1
 173  1.2589059e+06 2.47e-02 1.80e+01  -6.0 1.27e+01    -  2.37e-01 6.12e-01h  1
 174  1.2588829e+06 1.55e-02 1.13e+01  -6.0 7.48e+00    -  7.29e-01 3.72e-01h  1
 175  1.2588572e+06 5.19e-03 3.88e+00  -6.0 5.06e+00    -  2.29e-01 6.58e-01h  1
 176  1.2588440e+06 1.25e-04 8.97e-01  -6.0 2.03e+00    -  3.20e-01 9.97e-01h  1
 177  1.2588440e+06 3.46e-06 8.57e-05  -6.0 4.65e-01    -  1.00e+00 1.00e+00h  1
 178  1.2588440e+06 2.98e-08 3.09e-07  -6.0 2.26e-03    -  1.00e+00 1.00e+00h  1
 179  1.2588440e+06 9.38e-08 3.56e-02  -7.1 3.99e-03    -  1.00e+00 8.90e-01h  1
iter    objective    inf_pr   inf_du lg(mu)  ||d||  lg(rg) alpha_du alpha_pr  ls
 180  1.2588440e+06 7.06e-09 1.49e-07  -7.1 9.79e-04    -  1.00e+00 1.00e+00f  1

Number of Iterations....: 180

                                   (scaled)                 (unscaled)
Objective...............:   1.0036029814714075e+04    1.2588439885811692e+06
Dual infeasibility......:   1.4924668604384490e-07    1.8720380171300623e-05
Constraint violation....:   6.7141029444061501e-09    7.0623101255939957e-09
Variable bound violation:   4.1439383124952656e-07    4.1439383124952656e-07
Complementarity.........:   1.1966084686855206e-07    1.5009355345692558e-05
Overall NLP error.......:   1.4924668604384490e-07    1.8720380171300623e-05


Number of objective function evaluations             = 181
Number of objective gradient evaluations             = 181
Number of equality constraint evaluations            = 181
Number of inequality constraint evaluations          = 181
Number of equality constraint Jacobian evaluations   = 181
Number of inequality constraint Jacobian evaluations = 181
Number of Lagrangian Hessian evaluations             = 180
Total seconds in IPOPT                               = 7.807

EXIT: Optimal Solution Found.

