Solver command line: ['/opt/homebrew/bin/ipopt', '/var/folders/6y/bvynbx6n3zv7z3lwg6vd724r0000gn/T/tmpm78tutl3.pyomo.nl', '-AMPL', 'tol=1e-06', 'max_iter=300', 'print_level=5']

Ipopt 3.14.19: tol=1e-06
max_iter=300
print_level=5


******************************************************************************
This program contains Ipopt, a library for large-scale nonlinear optimization.
 Ipopt is released as open source code under the Eclipse Public License (EPL).
         For more information visit https://github.com/coin-or/Ipopt
******************************************************************************

This is Ipopt version 3.14.19, running with linear solver MUMPS 5.6.2.

Number of nonzeros in equality constraint Jacobian...:    19617
Number of nonzeros in inequality constraint Jacobian.:    15928
Number of nonzeros in Lagrangian Hessian.............:    10902

Total number of variables............................:     3228
                     variables with only lower bounds:        0
                variables with lower and upper bounds:     3228
                     variables with only upper bounds:        0
Total number of equality constraints.................:     2709
Total number of inequality constraints...............:     3982
        inequality constraints with only lower bounds:        0
   inequality constraints with lower and upper bounds:        0
        inequality constraints with only upper bounds:     3982

iter    objective    inf_pr   inf_du lg(mu)  ||d||  lg(rg) alpha_du alpha_pr  ls
   0  1.8576601e+06 2.76e+01 1.00e+02  -1.0 0.00e+00    -  0.00e+00 0.00e+00   0
   1  1.6881685e+06 2.69e+01 9.75e+01  -1.0 1.18e+02    -  2.50e-02 2.56e-02f  1
   2  1.6103773e+06 2.62e+01 1.53e+02  -1.0 1.77e+02    -  1.07e-01 2.56e-02f  1
   3  1.4068409e+06 2.31e+01 1.97e+03  -1.0 2.34e+02    -  2.23e-01 1.23e-01f  1
   4  1.3083342e+06 1.68e+01 3.52e+03  -1.0 2.54e+02    -  2.31e-01 2.77e-01f  1
   5  1.2926483e+06 1.25e+01 2.78e+03  -1.0 2.64e+02    -  2.00e-01 2.54e-01f  1
   6  1.2891739e+06 1.03e+01 2.30e+03  -1.0 2.24e+02    -  1.84e-01 1.74e-01f  1
   7  1.2867433e+06 8.08e+00 1.79e+03  -1.0 2.03e+02    -  1.44e-01 2.17e-01h  1
   8  1.2858089e+06 7.19e+00 1.59e+03  -1.0 1.74e+02    -  4.71e-01 1.10e-01h  1
   9  1.2779754e+06 2.43e+00 8.96e+02  -1.0 1.58e+02    -  2.15e-01 6.54e-01f  1
iter    objective    inf_pr   inf_du lg(mu)  ||d||  lg(rg) alpha_du alpha_pr  ls
  10  1.2754462e+06 1.21e+00 4.55e+02  -1.0 8.34e+01    -  4.28e-01 4.97e-01h  1
  11  1.2727991e+06 7.83e-01 2.92e+02  -1.0 7.00e+01    -  8.43e-01 3.55e-01h  1
  12  1.2683840e+06 6.88e-01 2.67e+02  -1.0 7.20e+01    -  5.70e-01 5.01e-01f  1
  13  1.2662943e+06 4.37e-01 2.82e+02  -1.0 5.80e+01    -  8.29e-01 6.38e-01h  1
  14  1.2658040e+06 5.90e-02 1.36e+02  -1.0 5.95e+01    -  8.79e-01 8.27e-01h  1
  15  1.2656969e+06 2.12e-02 3.04e+01  -1.0 2.12e+01    -  9.90e-01 7.66e-01h  1
  16  1.2657262e+06 2.66e-03 1.77e+00  -1.0 1.14e+01    -  1.00e+00 1.00e+00h  1
  17  1.2657160e+06 5.83e-04 7.20e-02  -1.0 2.29e+00    -  1.00e+00 1.00e+00h  1
  18  1.2620566e+06 2.43e-02 3.07e+01  -2.5 1.60e+01    -  7.14e-01 7.52e-01f  1
  19  1.2606603e+06 2.92e-02 3.60e+01  -2.5 3.05e+01    -  5.90e-01 5.00e-01f  1
iter    objective    inf_pr   inf_du lg(mu)  ||d||  lg(rg) alpha_du alpha_pr  ls
  20  1.2600557e+06 2.42e-02 2.99e+01  -2.5 2.14e+01    -  6.68e-01 3.20e-01f  1
  21  1.2596792e+06 2.07e-02 2.42e+01  -2.5 1.61e+01    -  8.93e-01 2.83e-01h  1
  22  1.2592512e+06 2.01e-02 1.68e+01  -2.5 1.05e+01    -  6.55e-01 5.24e-01h  1
  23  1.2590776e+06 9.40e-03 8.04e+00  -2.5 5.10e+00    -  9.92e-01 6.54e-01h  1
  24  1.2590248e+06 7.25e-04 2.30e-01  -2.5 2.22e+00    -  1.00e+00 1.00e+00h  1
  25  1.2590250e+06 3.50e-06 4.17e-03  -2.5 1.69e-01    -  1.00e+00 1.00e+00h  1
  26  1.2589432e+06 5.59e-04 1.23e+01  -3.8 4.78e+00    -  7.55e-01 4.40e-01f  1
  27  1.2589067e+06 7.86e-04 3.37e+01  -3.8 3.97e+00    -  8.51e-01 3.70e-01h  1
  28  1.2588740e+06 9.63e-04 1.87e+01  -3.8 2.98e+00    -  1.00e+00 5.47e-01h  1
  29  1.2588547e+06 4.43e-04 3.11e+00  -3.8 1.48e+00    -  9.38e-01 8.34e-01h  1
iter    objective    inf_pr   inf_du lg(mu)  ||d||  lg(rg) alpha_du alpha_pr  ls
  30  1.2588522e+06 2.39e-05 1.41e-03  -3.8 2.46e-01    -  1.00e+00 1.00e+00h  1
  31  1.2588471e+06 6.03e-05 2.19e+00  -5.7 5.27e-01    -  8.67e-01 6.02e-01h  1
  32  1.2588454e+06 4.24e-05 3.88e+00  -5.7 2.11e-01    -  8.92e-01 5.49e-01h  1
  33  1.2588446e+06 2.03e-05 3.79e+00  -5.7 9.42e-02    -  1.00e+00 6.18e-01h  1
  34  1.2588442e+06 9.31e-06 1.77e+00  -5.7 3.94e-02    -  1.00e+00 6.31e-01h  1
  35  1.2588441e+06 1.41e-06 9.17e-05  -5.7 1.63e-02    -  1.00e+00 1.00e+00h  1
  36  1.2588441e+06 8.09e-09 5.37e-07  -5.7 1.10e-03    -  1.00e+00 1.00e+00h  1
  37  1.2588440e+06 2.26e-07 6.55e-02  -7.1 7.25e-03    -  9.49e-01 8.42e-01h  1
  38  1.2588440e+06 3.85e-08 1.07e-06  -7.1 2.30e-03    -  1.00e+00 1.00e+00f  1
  39  1.2588440e+06 2.16e-09 4.33e-09  -7.1 4.25e-04    -  1.00e+00 1.00e+00h  1

Number of Iterations....: 39

                                   (scaled)                 (unscaled)
Objective...............:   1.0036029814757481e+04    1.2588439885866139e+06
Dual infeasibility......:   4.3312385691884892e-09    5.4327794323010103e-07
Constraint violation....:   2.1571083786385559e-09    2.1571083786385559e-09
Variable bound violation:   4.1439383124952656e-07    4.1439383124952656e-07
Complementarity.........:   9.1034094952373197e-08    1.1418631202022514e-05
Overall NLP error.......:   9.1034094952373197e-08    1.1418631202022514e-05


Number of objective function evaluations             = 40
Number of objective gradient evaluations             = 40
Number of equality constraint evaluations            = 40
Number of inequality constraint evaluations          = 40
Number of equality constraint Jacobian evaluations   = 40
Number of inequality constraint Jacobian evaluations = 40
Number of Lagrangian Hessian evaluations             = 39
Total seconds in IPOPT                               = 1.891

EXIT: Optimal Solution Found.

