Solver command line: ['/opt/homebrew/bin/ipopt', '/var/folders/6y/bvynbx6n3zv7z3lwg6vd724r0000gn/T/tmpxfqt0mt1.pyomo.nl', '-AMPL', 'tol=1e-06', 'max_iter=300', 'print_level=5', 'warm_start_init_point=yes', 'warm_start_bound_push=1e-06', 'warm_start_bound_frac=1e-06', 'warm_start_mult_bound_push=1e-06', 'mu_init=1e-06', 'least_square_init_duals=no']

Ipopt 3.14.19: tol=1e-06
max_iter=300
print_level=5
warm_start_init_point=yes
warm_start_bound_push=1e-06
warm_start_bound_frac=1e-06
warm_start_mult_bound_push=1e-06
mu_init=1e-06
least_square_init_duals=no


******************************************************************************
This program contains Ipopt, a library for large-scale nonlinear optimization.
 Ipopt is released as open source code under the Eclipse Public License (EPL).
         For more information visit https://github.com/coin-or/Ipopt
******************************************************************************

This is Ipopt version 3.14.19, running with linear solver MUMPS 5.6.2.

Number of nonzeros in equality constraint Jacobian...:    19617
Number of nonzeros in inequality constraint Jacobian.:    15928
Number of nonzeros in Lagrangian Hessian.............:    10902

Total number of variables............................:     3228
                     variables with only lower bounds:        0
                variables with lower and upper bounds:     3228
                     variables with only upper bounds:        0
Total number of equality constraints.................:     2709
Total number of inequality constraints...............:     3982
        inequality constraints with only lower bounds:        0
   inequality constraints with lower and upper bounds:        0
        inequality constraints with only upper bounds:     3982

iter    objective    inf_pr   inf_du lg(mu)  ||d||  lg(rg) alpha_du alpha_pr  ls
   0  1.8576601e+06 1.43e+01 3.11e-01  -6.0 0.00e+00    -  0.00e+00 0.00e+00   0
   1  1.3224022e+06 1.52e+00 1.20e-01  -6.0 1.43e+01    -  5.18e-01 8.94e-01f  1
   2  1.2965410e+06 8.99e-01 3.67e-02  -6.0 1.52e+00    -  1.00e+00 4.07e-01f  1
   3  1.2588488e+06 1.14e-04 1.43e-05  -6.0 8.99e-01    -  1.00e+00 1.00e+00f  1
   4  1.2588440e+06 2.04e-08 1.24e-06  -6.0 1.69e-03    -  1.00e+00 1.00e+00h  1
   5  1.2588440e+06 9.74e-08 3.56e-02  -7.1 4.04e-03    -  1.00e+00 8.90e-01h  1
   6  1.2588440e+06 8.34e-09 1.48e-07  -7.1 1.06e-03    -  1.00e+00 1.00e+00f  1

Number of Iterations....: 6

                                   (scaled)                 (unscaled)
Objective...............:   1.0036029814704058e+04    1.2588439885799128e+06
Dual infeasibility......:   1.4798500765168686e-07    1.8562124736749968e-05
Constraint violation....:   6.7142982134458032e-09    8.3391449856584643e-09
Variable bound violation:   4.1439383124952656e-07    4.1439383124952656e-07
Complementarity.........:   1.1966228654239258e-07    1.5009535927535490e-05
Overall NLP error.......:   1.4798500765168686e-07    1.8562124736749968e-05


Number of objective function evaluations             = 7
Number of objective gradient evaluations             = 7
Number of equality constraint evaluations            = 7
Number of inequality constraint evaluations          = 8
Number of equality constraint Jacobian evaluations   = 7
Number of inequality constraint Jacobian evaluations = 7
Number of Lagrangian Hessian evaluations             = 6
Total seconds in IPOPT                               = 0.323

EXIT: Optimal Solution Found.

