Solver command line: ['/opt/homebrew/bin/ipopt', '/var/folders/6y/bvynbx6n3zv7z3lwg6vd724r0000gn/T/tmpbzurde5p.pyomo.nl', '-AMPL', 'tol=1e-06', 'max_iter=300', 'print_level=5', 'warm_start_init_point=yes', 'warm_start_bound_push=1e-06', 'warm_start_bound_frac=1e-06', 'warm_start_mult_bound_push=1e-06', 'mu_init=1e-06', 'least_square_init_duals=no']

Ipopt 3.14.19: tol=1e-06
max_iter=300
print_level=5
warm_start_init_point=yes
warm_start_bound_push=1e-06
warm_start_bound_frac=1e-06
warm_start_mult_bound_push=1e-06
mu_init=1e-06
least_square_init_duals=no


******************************************************************************
This program contains Ipopt, a library for large-scale nonlinear optimization.
 Ipopt is released as open source code under the Eclipse Public License (EPL).
         For more information visit https://github.com/coin-or/Ipopt
******************************************************************************

This is Ipopt version 3.14.19, running with linear solver MUMPS 5.6.2.

Number of nonzeros in equality constraint Jacobian...:    19617
Number of nonzeros in inequality constraint Jacobian.:    15928
Number of nonzeros in Lagrangian Hessian.............:    10902

Total number of variables............................:     3228
                     variables with only lower bounds:        0
                variables with lower and upper bounds:     3228
                     variables with only upper bounds:        0
Total number of equality constraints.................:     2709
Total number of inequality constraints...............:     3982
        inequality constraints with only lower bounds:        0
   inequality constraints with lower and upper bounds:        0
        inequality constraints with only upper bounds:     3982

iter    objective    inf_pr   inf_du lg(mu)  ||d||  lg(rg) alpha_du alpha_pr  ls
   0  1.8576601e+06 2.69e+01 4.89e+04  -6.0 0.00e+00    -  0.00e+00 0.00e+00   0
   1  1.8575834e+06 2.69e+01 4.89e+04  -6.0 2.25e+02    -  7.12e-04 9.20e-05f  1
   2  1.8557617e+06 2.69e+01 4.88e+04  -6.0 8.62e+01    -  1.31e-03 2.45e-03f  1
   3  1.8541871e+06 2.68e+01 4.86e+04  -6.0 1.28e+02    -  1.56e-04 2.05e-03f  1
   4  1.8540303e+06 2.68e+01 4.86e+04  -6.0 1.20e+02    -  2.20e-04 2.07e-04f  1
   5  1.8538494e+06 2.68e+01 4.86e+04  -6.0 1.20e+02    -  3.63e-04 2.42e-04f  1
   6  1.8535622e+06 2.68e+01 4.86e+04  -6.0 1.46e+02    -  1.00e-04 3.76e-04f  1
   7  1.8524649e+06 2.67e+01 4.85e+04  -6.0 1.46e+02    -  2.08e-04 1.44e-03f  1
   8  1.8516896e+06 2.67e+01 4.85e+04  -6.0 1.41e+02    -  2.78e-05 1.02e-03f  1
   9  1.8509452e+06 2.67e+01 4.84e+04  -6.0 1.36e+02    -  2.64e-03 9.86e-04f  1
iter    objective    inf_pr   inf_du lg(mu)  ||d||  lg(rg) alpha_du alpha_pr  ls
  10  1.8502021e+06 2.67e+01 4.84e+04  -6.0 3.86e+01    -  8.34e-04 1.11e-03f  1
  11  1.8495027e+06 2.66e+01 4.83e+04  -6.0 1.16e+02    -  2.52e-03 1.02e-03f  1
  12  1.8494650e+06 2.66e+01 4.83e+04  -6.0 1.14e+02    -  1.04e-03 5.52e-05f  1
  13  1.8490888e+06 2.66e+01 4.83e+04  -6.0 3.84e+01    -  2.53e-05 5.62e-04f  1
  14  1.8480457e+06 2.66e+01 4.82e+04  -6.0 1.15e+02    -  7.17e-04 1.52e-03f  1
  15  1.8464063e+06 2.65e+01 4.81e+04  -6.0 1.02e+02    -  4.33e-04 2.41e-03f  1
  16  1.8461109e+06 2.65e+01 4.81e+04  -6.0 4.10e+01    -  9.15e-04 4.51e-04f  1
  17  1.8454740e+06 2.65e+01 4.80e+04  -6.0 1.17e+02    -  7.08e-03 9.54e-04f  1
  18  1.8417185e+06 2.63e+01 4.78e+04  -6.0 1.13e+02    -  9.93e-04 5.63e-03f  1
  19  1.8404306e+06 2.63e+01 4.77e+04  -6.0 4.18e+01    -  2.18e-03 1.97e-03f  1
iter    objective    inf_pr   inf_du lg(mu)  ||d||  lg(rg) alpha_du alpha_pr  ls
  20  1.8402596e+06 2.63e+01 4.77e+04  -6.0 4.16e+01    -  2.40e-03 2.63e-04f  1
  21  1.8373809e+06 2.61e+01 4.75e+04  -6.0 4.21e+01    -  3.50e-03 4.45e-03f  1
  22  1.8350525e+06 2.61e+01 4.73e+04  -6.0 2.99e+01    -  2.36e-03 3.60e-03f  1
  23  1.8332740e+06 2.60e+01 4.72e+04  -6.0 6.09e+01    -  1.50e-03 2.63e-03f  1
  24  1.8292996e+06 2.58e+01 4.69e+04  -6.0 5.96e+01    -  2.69e-03 5.90e-03f  1
  25  1.8289259e+06 2.58e+01 4.69e+04  -6.0 5.06e+01    -  3.10e-03 5.61e-04f  1
In iteration 25, 1 Slack too small, adjusting variable bound
  26  1.8289259e+06 2.58e+01 4.69e+04  -6.0 1.65e+02    -  8.83e-05 3.50e-08h  1
  27  1.8272672e+06 2.58e+01 4.67e+04  -6.0 5.27e+01    -  5.94e-06 2.50e-03f  1
  28  1.8261792e+06 2.57e+01 4.67e+04  -6.0 5.12e+01    -  1.81e-04 1.64e-03f  1
  29  1.8261792e+06 2.57e+01 4.67e+04  -6.0 6.45e+01    -  4.15e-03 9.29e-08h  1
iter    objective    inf_pr   inf_du lg(mu)  ||d||  lg(rg) alpha_du alpha_pr  ls
  30  1.8255745e+06 2.57e+01 4.66e+04  -6.0 5.45e+02    -  5.11e-06 9.09e-04f  1
  31  1.8220069e+06 2.56e+01 4.64e+04  -6.0 5.34e+02    -  1.85e-04 5.37e-03f  1
  32  1.8220047e+06 2.56e+01 4.64e+04  -6.0 3.80e+01    -  7.15e-04 3.33e-06h  1
  33  1.8213652e+06 2.55e+01 4.63e+04  -6.0 3.74e+01    -  3.27e-03 9.93e-04f  1
  34  1.8210031e+06 2.55e+01 4.63e+04  -6.0 3.73e+01    -  1.03e-03 5.63e-04f  1
  35  1.8205409e+06 2.55e+01 4.63e+04  -6.0 3.78e+01    -  2.53e-03 7.18e-04f  1
  36  1.8201905e+06 2.55e+01 4.62e+04  -6.0 3.65e+01    -  7.42e-04 5.50e-04f  1
  37  1.8183186e+06 2.54e+01 4.61e+04  -6.0 2.62e+01    -  4.57e-03 2.94e-03f  1
  38  1.8147612e+06 2.53e+01 4.58e+04  -6.0 2.58e+01    -  3.15e-03 5.58e-03f  1
  39  1.8142804e+06 2.52e+01 4.58e+04  -6.0 2.53e+01    -  3.64e-03 7.57e-04f  1
iter    objective    inf_pr   inf_du lg(mu)  ||d||  lg(rg) alpha_du alpha_pr  ls
  40  1.8115689e+06 2.51e+01 4.56e+04  -6.0 2.51e+01    -  1.19e-03 4.27e-03f  1
  41  1.8110750e+06 2.51e+01 4.56e+04  -6.0 3.09e+01    -  1.74e-03 7.78e-04f  1
  42  1.8091835e+06 2.50e+01 4.54e+04  -6.0 3.04e+01    -  8.23e-04 2.98e-03f  1
  43  1.8086200e+06 2.50e+01 4.54e+04  -6.0 3.01e+01    -  3.13e-03 8.90e-04f  1
  44  1.8080218e+06 2.50e+01 4.54e+04  -6.0 3.00e+01    -  3.65e-03 9.45e-04f  1
  45  1.8070629e+06 2.50e+01 4.53e+04  -6.0 5.31e+01    -  1.97e-03 1.47e-03f  1
  46  1.8051382e+06 2.49e+01 4.52e+04  -6.0 4.95e+01    -  1.57e-03 2.96e-03f  1
  47  1.8040797e+06 2.48e+01 4.51e+04  -6.0 5.03e+01    -  9.28e-03 1.63e-03f  1
  48  1.8001691e+06 2.47e+01 4.48e+04  -6.0 4.98e+01    -  4.37e-03 6.01e-03f  1
  49  1.7976240e+06 2.46e+01 4.46e+04  -6.0 4.81e+01    -  2.65e-04 3.94e-03f  1
iter    objective    inf_pr   inf_du lg(mu)  ||d||  lg(rg) alpha_du alpha_pr  ls
  50  1.7956377e+06 2.45e+01 4.45e+04  -6.0 4.70e+01    -  1.85e-03 3.08e-03f  1
  51  1.7948379e+06 2.45e+01 4.44e+04  -6.0 4.61e+01    -  6.83e-03 1.24e-03f  1
  52  1.7931417e+06 2.44e+01 4.43e+04  -6.0 3.89e+01    -  2.95e-03 2.66e-03f  1
  53  1.7914772e+06 2.44e+01 4.42e+04  -6.0 1.00e+02    -  1.51e-04 2.59e-03f  1
  54  1.7890427e+06 2.43e+01 4.40e+04  -6.0 9.72e+01    -  2.68e-03 3.80e-03f  1
  55  1.7849934e+06 2.41e+01 4.38e+04  -6.0 9.55e+01    -  7.78e-03 6.46e-03f  1
  56  1.7810167e+06 2.40e+01 4.35e+04  -6.0 3.68e+01    -  3.29e-03 6.45e-03f  1
  57  1.7800322e+06 2.39e+01 4.34e+04  -6.0 3.75e+01    -  5.98e-03 1.62e-03f  1
  58  1.7731830e+06 2.37e+01 4.29e+04  -6.0 3.87e+01    -  1.02e-02 1.12e-02f  1
  59  1.7731829e+06 2.37e+01 4.29e+04  -6.0 4.32e+01    -  4.03e-03 1.86e-07h  1
iter    objective    inf_pr   inf_du lg(mu)  ||d||  lg(rg) alpha_du alpha_pr  ls
  60  1.7709986e+06 2.36e+01 4.28e+04  -6.0 4.15e+01    -  2.21e-03 3.60e-03f  1
  61  1.7574486e+06 2.30e+01 4.18e+04  -6.0 4.32e+01    -  2.52e-03 2.22e-02f  1
  62  1.7557940e+06 2.30e+01 4.17e+04  -6.0 4.78e+01    -  6.02e-03 2.77e-03f  1
  63  1.7505840e+06 2.28e+01 4.14e+04  -6.0 4.83e+01    -  5.12e-03 8.75e-03f  1
  64  1.7416774e+06 2.24e+01 4.07e+04  -6.0 4.99e+01    -  7.71e-03 1.51e-02f  1
  65  1.7403133e+06 2.24e+01 4.07e+04  -6.0 5.27e+01    -  9.37e-03 2.34e-03f  1
  66  1.7363259e+06 2.22e+01 4.04e+04  -6.0 5.14e+01    -  2.81e-03 6.87e-03f  1
  67  1.7345126e+06 2.22e+01 4.02e+04  -6.0 5.26e+01    -  9.55e-04 3.14e-03f  1
  68  1.7335711e+06 2.21e+01 4.02e+04  -6.0 5.30e+01    -  1.50e-02 1.64e-03f  1
  69  1.7245943e+06 2.18e+01 3.96e+04  -6.0 5.33e+01    -  5.88e-03 1.56e-02f  1
iter    objective    inf_pr   inf_du lg(mu)  ||d||  lg(rg) alpha_du alpha_pr  ls
  70  1.7228303e+06 2.17e+01 3.94e+04  -6.0 5.56e+01    -  1.40e-03 3.12e-03f  1
  71  1.7219137e+06 2.17e+01 3.94e+04  -6.0 5.60e+01    -  6.09e-03 1.63e-03f  1
  72  1.7164828e+06 2.15e+01 3.90e+04  -6.0 5.63e+01    -  9.11e-04 9.64e-03f  1
  73  1.7084689e+06 2.12e+01 3.84e+04  -6.0 5.75e+01    -  6.09e-03 1.44e-02f  1
  74  1.7042712e+06 2.10e+01 3.81e+04  -6.0 5.93e+01    -  9.76e-03 7.64e-03f  1
  75  1.6991783e+06 2.08e+01 3.78e+04  -6.0 6.01e+01    -  8.56e-03 9.33e-03f  1
  76  1.6893811e+06 2.04e+01 3.71e+04  -6.0 6.11e+01    -  4.94e-03 1.81e-02f  1
  77  1.6884823e+06 2.04e+01 3.70e+04  -6.0 6.29e+01    -  2.71e-03 1.70e-03f  1
  78  1.6814284e+06 2.01e+01 3.66e+04  -6.0 6.30e+01    -  2.47e-03 1.33e-02f  1
  79  1.6798061e+06 2.01e+01 3.64e+04  -6.0 6.41e+01    -  1.78e-02 3.12e-03f  1
iter    objective    inf_pr   inf_du lg(mu)  ||d||  lg(rg) alpha_du alpha_pr  ls
  80  1.6749481e+06 1.99e+01 3.61e+04  -6.0 6.44e+01    -  2.53e-03 9.36e-03f  1
  81  1.6629168e+06 1.94e+01 3.53e+04  -6.0 6.62e+01    -  1.02e-02 2.34e-02f  1
  82  1.6607025e+06 1.93e+01 3.51e+04  -6.0 6.72e+01    -  1.94e-02 4.43e-03f  1
  83  1.6506369e+06 1.89e+01 3.44e+04  -6.0 6.75e+01    -  1.22e-03 2.02e-02f  1
  84  1.6498533e+06 1.89e+01 3.43e+04  -6.0 6.83e+01    -  5.22e-03 1.61e-03f  1
  85  1.6451778e+06 1.87e+01 3.40e+04  -6.0 6.86e+01    -  7.28e-03 9.71e-03f  1
  86  1.6415977e+06 1.86e+01 3.38e+04  -6.0 6.89e+01    -  7.10e-03 7.52e-03f  1
  87  1.6222351e+06 1.78e+01 3.24e+04  -6.0 6.91e+01    -  1.63e-02 4.11e-02f  1
  88  1.6186559e+06 1.77e+01 3.21e+04  -6.0 6.98e+01    -  3.33e-03 7.99e-03f  1
  89  1.6176399e+06 1.76e+01 3.20e+04  -6.0 6.94e+01    -  3.39e-03 2.29e-03f  1
iter    objective    inf_pr   inf_du lg(mu)  ||d||  lg(rg) alpha_du alpha_pr  ls
  90  1.6144924e+06 1.75e+01 3.18e+04  -6.0 6.94e+01    -  2.76e-03 7.12e-03f  1
  91  1.6131190e+06 1.74e+01 3.17e+04  -6.0 6.94e+01    -  4.94e-03 3.14e-03f  1
  92  1.6073195e+06 1.72e+01 3.13e+04  -6.0 6.94e+01    -  4.89e-02 1.33e-02f  1
  93  1.6043158e+06 1.71e+01 3.11e+04  -6.0 6.91e+01    -  3.05e-02 7.05e-03f  1
  94  1.5955081e+06 1.67e+01 3.04e+04  -6.0 6.91e+01    -  4.05e-02 2.09e-02f  1
  95  1.5669502e+06 1.56e+01 2.83e+04  -6.0 6.91e+01    -  2.46e-02 6.96e-02f  1
  96  1.5632989e+06 1.54e+01 2.80e+04  -6.0 6.80e+01    -  5.64e-02 9.78e-03f  1
  97  1.5590992e+06 1.52e+01 2.77e+04  -6.0 6.78e+01    -  1.14e-02 1.14e-02f  1
  98  1.5443468e+06 1.46e+01 2.66e+04  -6.0 6.74e+01    -  1.92e-02 4.07e-02f  1
  99  1.5368677e+06 1.43e+01 2.60e+04  -6.0 6.62e+01    -  2.83e-01 2.18e-02f  1
iter    objective    inf_pr   inf_du lg(mu)  ||d||  lg(rg) alpha_du alpha_pr  ls
 100  1.5335600e+06 1.42e+01 2.57e+04  -6.0 6.53e+01    -  1.89e-01 9.98e-03f  1
 101  1.4171058e+06 9.08e+00 1.61e+04  -6.0 6.44e+01    -  1.21e-01 3.59e-01f  1
 102  1.4170890e+06 9.08e+00 1.61e+04  -6.0 5.43e+01    -  1.18e-02 9.34e-05h  1
 103  1.4166652e+06 9.06e+00 1.61e+04  -6.0 5.43e+01    -  2.33e-02 2.35e-03f  1
 104  1.4130825e+06 8.87e+00 1.58e+04  -6.0 5.44e+01    -  2.55e-03 1.99e-02f  1
 105  1.4123197e+06 8.84e+00 1.57e+04  -6.0 5.38e+01    -  1.62e-02 4.35e-03f  1
 106  1.4122732e+06 8.83e+00 1.57e+04  -6.0 5.39e+01    -  8.39e-03 2.67e-04f  1
 107  1.4116687e+06 8.80e+00 1.56e+04  -6.0 5.42e+01    -  2.45e-02 3.48e-03f  1
 108  1.4100508e+06 8.72e+00 1.55e+04  -6.0 5.42e+01    -  5.08e-02 9.35e-03f  1
 109  1.4017084e+06 8.29e+00 1.47e+04  -6.0 5.37e+01    -  4.96e-02 4.89e-02f  1
iter    objective    inf_pr   inf_du lg(mu)  ||d||  lg(rg) alpha_du alpha_pr  ls
 110  1.3964238e+06 8.02e+00 1.42e+04  -6.0 5.23e+01    -  7.20e-04 3.29e-02f  1
 111  1.3857474e+06 7.47e+00 1.33e+04  -6.0 5.01e+01    -  8.43e-04 6.90e-02f  1
 112  1.3851932e+06 7.44e+00 1.32e+04  -6.0 4.86e+01    -  7.59e-03 3.89e-03f  1
 113  1.3840528e+06 7.38e+00 1.31e+04  -6.0 4.84e+01    -  7.53e-03 8.04e-03f  1
 114  1.3830595e+06 7.33e+00 1.30e+04  -6.0 4.75e+01    -  9.01e-03 7.07e-03f  1
 115  1.3824422e+06 7.29e+00 1.29e+04  -6.0 4.72e+01    -  1.65e-02 4.43e-03f  1
 116  1.3822791e+06 7.29e+00 1.29e+04  -6.0 4.71e+01    -  6.97e-03 1.18e-03f  1
 117  1.3784825e+06 7.09e+00 1.26e+04  -6.0 4.71e+01    -  1.96e-03 2.74e-02f  1
 118  1.3776521e+06 7.04e+00 1.25e+04  -6.0 4.61e+01    -  2.18e-02 6.20e-03f  1
 119  1.3772288e+06 7.02e+00 1.25e+04  -6.0 4.59e+01    -  5.99e-02 3.18e-03f  1
iter    objective    inf_pr   inf_du lg(mu)  ||d||  lg(rg) alpha_du alpha_pr  ls
 120  1.3684376e+06 6.55e+00 1.16e+04  -6.0 4.58e+01    -  1.11e-02 6.65e-02f  1
 121  1.3670060e+06 6.48e+00 1.15e+04  -6.0 4.37e+01    -  5.01e-03 1.17e-02f  1
 122  1.3636775e+06 6.30e+00 1.12e+04  -6.0 4.35e+01    -  6.15e-02 2.76e-02f  1
 123  1.3621340e+06 6.21e+00 1.10e+04  -6.0 4.43e+01    -  1.19e-02 1.32e-02f  1
 124  1.3604697e+06 6.12e+00 1.09e+04  -6.0 4.43e+01    -  1.41e-02 1.45e-02f  1
 125  1.3585756e+06 6.02e+00 1.07e+04  -6.0 4.42e+01    -  1.54e-02 1.68e-02f  1
 126  1.3568002e+06 5.92e+00 1.05e+04  -6.0 4.41e+01    -  4.47e-02 1.60e-02f  1
 127  1.3514076e+06 5.63e+00 9.98e+03  -6.0 4.41e+01    -  8.98e-02 4.97e-02f  1
 128  1.3455802e+06 5.31e+00 9.41e+03  -6.0 4.38e+01    -  5.72e-02 5.70e-02f  1
 129  1.3424545e+06 5.14e+00 9.10e+03  -6.0 4.33e+01    -  8.78e-02 3.27e-02f  1
iter    objective    inf_pr   inf_du lg(mu)  ||d||  lg(rg) alpha_du alpha_pr  ls
 130  1.3388596e+06 4.94e+00 8.75e+03  -6.0 4.34e+01    -  3.80e-02 3.91e-02f  1
 131  1.3354942e+06 4.75e+00 8.41e+03  -6.0 4.29e+01    -  4.56e-02 3.83e-02f  1
 132  1.3322514e+06 4.56e+00 8.09e+03  -6.0 4.25e+01    -  5.02e-02 3.86e-02f  1
 133  1.3312499e+06 4.51e+00 7.99e+03  -6.0 4.22e+01    -  8.01e-02 1.25e-02f  1
 134  1.3299449e+06 4.43e+00 7.85e+03  -6.0 4.22e+01    -  8.18e-02 1.65e-02f  1
 135  1.3284466e+06 4.35e+00 7.70e+03  -6.0 4.18e+01    -  9.44e-02 1.93e-02f  1
 136  1.3215066e+06 3.95e+00 7.00e+03  -6.0 4.22e+01    -  1.64e-02 9.13e-02f  1
 137  1.3214363e+06 3.95e+00 6.99e+03  -6.0 4.10e+01    -  8.92e-02 1.03e-03f  1
 138  1.3155693e+06 3.61e+00 6.39e+03  -6.0 4.12e+01    -  4.23e-02 8.62e-02f  1
 139  1.3107824e+06 3.33e+00 5.89e+03  -6.0 4.09e+01    -  1.75e-02 7.79e-02f  1
iter    objective    inf_pr   inf_du lg(mu)  ||d||  lg(rg) alpha_du alpha_pr  ls
 140  1.3096240e+06 3.26e+00 5.77e+03  -6.0 3.76e+01    -  3.77e-03 2.06e-02f  1
 141  1.3093376e+06 3.24e+00 5.74e+03  -6.0 3.81e+01    -  4.29e-02 5.21e-03f  1
 142  1.3090701e+06 3.22e+00 5.71e+03  -6.0 3.76e+01    -  5.38e-04 4.90e-03f  1
 143  1.3085245e+06 3.19e+00 5.66e+03  -6.0 3.77e+01    -  1.36e-02 1.00e-02f  1
 144  1.3072202e+06 3.11e+00 5.52e+03  -6.0 3.07e+01    -  1.07e-02 2.47e-02f  1
 145  1.3054029e+06 3.00e+00 5.32e+03  -6.0 3.05e+01    -  1.62e-02 3.54e-02f  1
 146  1.3048772e+06 2.97e+00 5.27e+03  -6.0 2.96e+01    -  5.91e-02 1.06e-02f  1
 147  1.3028994e+06 2.85e+00 5.05e+03  -6.0 2.55e+01    -  1.28e-02 4.06e-02f  1
 148  1.3022830e+06 2.81e+00 4.99e+03  -6.0 2.45e+01    -  5.43e-02 1.32e-02f  1
 149  1.3002509e+06 2.69e+00 4.76e+03  -6.0 2.43e+01    -  1.49e-01 4.43e-02f  1
iter    objective    inf_pr   inf_du lg(mu)  ||d||  lg(rg) alpha_du alpha_pr  ls
 150  1.3001918e+06 2.68e+00 4.76e+03  -6.0 2.34e+01    -  6.84e-02 1.36e-03f  1
 151  1.2998824e+06 2.67e+00 4.72e+03  -6.0 2.34e+01    -  3.03e-02 7.13e-03f  1
 152  1.2944672e+06 2.33e+00 4.13e+03  -6.0 2.34e+01    -  2.88e-02 1.26e-01f  1
 153  1.2926009e+06 2.21e+00 3.92e+03  -6.0 2.10e+01    -  6.46e-04 5.00e-02f  1
 154  1.2914894e+06 2.14e+00 3.80e+03  -6.0 2.04e+01    -  1.96e-02 3.14e-02f  1
 155  1.2906573e+06 2.09e+00 3.71e+03  -6.0 2.00e+01    -  2.20e-02 2.43e-02f  1
 156  1.2882813e+06 1.94e+00 3.44e+03  -6.0 2.00e+01    -  1.08e-02 7.13e-02f  1
 157  1.2855553e+06 1.77e+00 3.14e+03  -6.0 1.89e+01    -  3.39e-02 8.89e-02f  1
 158  1.2850543e+06 1.74e+00 3.08e+03  -6.0 1.61e+01    -  2.34e-02 1.81e-02f  1
 159  1.2848387e+06 1.72e+00 3.06e+03  -6.0 1.59e+01    -  1.84e-02 7.96e-03f  1
iter    objective    inf_pr   inf_du lg(mu)  ||d||  lg(rg) alpha_du alpha_pr  ls
 160  1.2842156e+06 1.68e+00 2.99e+03  -6.0 1.57e+01    -  1.15e-01 2.32e-02f  1
 161  1.2810054e+06 1.48e+00 2.62e+03  -6.0 1.55e+01    -  6.11e-02 1.23e-01f  1
 162  1.2807630e+06 1.46e+00 2.59e+03  -6.0 1.38e+01    -  2.92e-02 1.06e-02f  1
 163  1.2802796e+06 1.43e+00 2.54e+03  -6.0 1.33e+01    -  3.58e-02 2.14e-02f  1
 164  1.2799017e+06 1.41e+00 2.49e+03  -6.0 1.31e+01    -  2.43e-02 1.72e-02f  1
 165  1.2797239e+06 1.39e+00 2.47e+03  -6.0 1.29e+01    -  2.38e-02 8.22e-03f  1
 166  1.2778126e+06 1.27e+00 2.25e+03  -6.0 1.26e+01    -  1.82e-01 8.92e-02f  1
 167  1.2766096e+06 1.19e+00 2.11e+03  -6.0 1.16e+01    -  4.85e-02 6.20e-02f  1
 168  1.2753971e+06 1.11e+00 1.97e+03  -6.0 1.10e+01    -  4.52e-02 6.68e-02f  1
 169  1.2749409e+06 1.08e+00 1.92e+03  -6.0 1.05e+01    -  8.51e-02 2.70e-02f  1
iter    objective    inf_pr   inf_du lg(mu)  ||d||  lg(rg) alpha_du alpha_pr  ls
 170  1.2736346e+06 9.96e-01 1.77e+03  -6.0 1.03e+01    -  2.85e-02 7.96e-02f  1
 171  1.2735241e+06 9.88e-01 1.75e+03  -6.0 9.08e+00    -  7.34e-02 7.31e-03f  1
 172  1.2724947e+06 9.21e-01 1.63e+03  -6.0 9.14e+00    -  1.89e-02 6.87e-02f  1
 173  1.2696289e+06 7.31e-01 1.30e+03  -6.0 8.81e+00    -  1.41e-02 2.06e-01f  1
 174  1.2688031e+06 6.76e-01 1.20e+03  -6.0 7.19e+00    -  3.96e-02 7.54e-02f  1
 175  1.2681358e+06 6.31e-01 1.12e+03  -6.0 6.88e+00    -  2.28e-01 6.60e-02f  1
 176  1.2666667e+06 5.33e-01 9.47e+02  -6.0 6.72e+00    -  7.32e-02 1.56e-01f  1
 177  1.2650006e+06 4.21e-01 7.48e+02  -6.0 5.75e+00    -  6.78e-02 2.10e-01f  1
 178  1.2647702e+06 4.05e-01 7.20e+02  -6.0 4.57e+00    -  7.54e-02 3.70e-02f  1
 179  1.2641215e+06 3.61e-01 6.42e+02  -6.0 4.38e+00    -  6.82e-02 1.08e-01f  1
iter    objective    inf_pr   inf_du lg(mu)  ||d||  lg(rg) alpha_du alpha_pr  ls
 180  1.2637317e+06 3.35e-01 5.95e+02  -6.0 3.90e+00    -  2.27e-02 7.32e-02f  1
 181  1.2632461e+06 3.02e-01 5.37e+02  -6.0 3.54e+00    -  1.51e-01 9.85e-02f  1
 182  1.2612704e+06 1.67e-01 3.00e+02  -6.0 3.37e+00    -  5.44e-02 4.45e-01f  1
 183  1.2611095e+06 1.56e-01 2.80e+02  -6.0 1.85e+00    -  5.82e-02 6.59e-02f  1
 184  1.2606438e+06 1.24e-01 2.23e+02  -6.0 1.75e+00    -  1.94e-02 2.04e-01f  1
 185  1.2598319e+06 6.86e-02 1.23e+02  -6.0 1.44e+00    -  3.96e-02 4.49e-01f  1
 186  1.2593525e+06 3.55e-02 6.41e+01  -6.0 8.51e-01    -  3.95e-01 4.83e-01f  1
 187  1.2592271e+06 2.67e-02 4.84e+01  -6.0 5.17e-01    -  8.12e-01 2.46e-01f  1
 188  1.2590373e+06 1.35e-02 2.45e+01  -6.0 3.74e-01    -  3.26e-01 4.95e-01f  1
 189  1.2588783e+06 2.40e-03 4.43e+00  -6.0 1.65e-01    -  5.50e-01 8.22e-01f  1
iter    objective    inf_pr   inf_du lg(mu)  ||d||  lg(rg) alpha_du alpha_pr  ls
 190  1.2588474e+06 2.39e-04 6.22e-01  -6.0 6.05e-02    -  1.91e-01 9.00e-01h  1
 191  1.2588440e+06 1.55e-06 5.16e-04  -6.0 6.88e-03    -  1.00e+00 9.99e-01h  1
 192  1.2588440e+06 6.99e-09 9.48e-06  -6.0 1.04e-03    -  1.00e+00 1.00e+00h  1
 193  1.2588440e+06 9.39e-08 3.57e-02  -7.1 4.00e-03    -  1.00e+00 8.90e-01h  1
 194  1.2588440e+06 7.07e-09 2.06e-07  -7.1 9.80e-04    -  1.00e+00 1.00e+00f  1

Number of Iterations....: 194

                                   (scaled)                 (unscaled)
Objective...............:   1.0036029814713573e+04    1.2588439885811063e+06
Dual infeasibility......:   2.0552730310754187e-07    2.5779796870163048e-05
Constraint violation....:   6.7141300724455483e-09    7.0726676737464800e-09
Variable bound violation:   4.1439383124952656e-07    4.1439383124952656e-07
Complementarity.........:   1.1966075163706444e-07    1.5009343400572035e-05
Overall NLP error.......:   2.0552730310754187e-07    2.5779796870163048e-05


Number of objective function evaluations             = 195
Number of objective gradient evaluations             = 195
Number of equality constraint evaluations            = 195
Number of inequality constraint evaluations          = 196
Number of equality constraint Jacobian evaluations   = 195
Number of inequality constraint Jacobian evaluations = 195
Number of Lagrangian Hessian evaluations             = 194
Total seconds in IPOPT                               = 8.194

EXIT: Optimal Solution Found.

