Solver command line: ['/opt/homebrew/bin/ipopt', '/var/folders/6y/bvynbx6n3zv7z3lwg6vd724r0000gn/T/tmp439x9sjs.pyomo.nl', '-AMPL', 'tol=1e-06', 'max_iter=300', 'print_level=5', 'warm_start_init_point=yes', 'warm_start_bound_push=1e-06', 'warm_start_bound_frac=1e-06', 'warm_start_mult_bound_push=1e-06', 'mu_init=1e-06', 'least_square_init_duals=no']

Ipopt 3.14.19: tol=1e-06
max_iter=300
print_level=5
warm_start_init_point=yes
warm_start_bound_push=1e-06
warm_start_bound_frac=1e-06
warm_start_mult_bound_push=1e-06
mu_init=1e-06
least_square_init_duals=no


******************************************************************************
This program contains Ipopt, a library for large-scale nonlinear optimization.
 Ipopt is released as open source code under the Eclipse Public License (EPL).
         For more information visit https://github.com/coin-or/Ipopt
******************************************************************************

This is Ipopt version 3.14.19, running with linear solver MUMPS 5.6.2.

Number of nonzeros in equality constraint Jacobian...:    19617
Number of nonzeros in inequality constraint Jacobian.:    15928
Number of nonzeros in Lagrangian Hessian.............:    10902

Total number of variables............................:     3228
                     variables with only lower bounds:        0
                variables with lower and upper bounds:     3228
                     variables with only upper bounds:        0
Total number of equality constraints.................:     2709
Total number of inequality constraints...............:     3982
        inequality constraints with only lower bounds:        0
   inequality constraints with lower and upper bounds:        0
        inequality constraints with only upper bounds:     3982

iter    objective    inf_pr   inf_du lg(mu)  ||d||  lg(rg) alpha_du alpha_pr  ls
   0  1.2588445e+06 4.12e+01 4.89e+04  -6.0 0.00e+00    -  0.00e+00 0.00e+00   0
   1  1.2588270e+06 4.12e+01 4.89e+04  -6.0 1.80e+02  -2.0 2.80e-03 6.59e-05f  1
   2  1.2582647e+06 4.12e+01 4.88e+04  -6.0 5.44e+02  -2.5 7.05e-04 9.00e-04f  1
   3  1.2582644e+06 4.12e+01 4.88e+04  -6.0 1.78e+04    -  1.38e-08 3.41e-08f  1
   4  1.2582226e+06 4.12e+01 4.88e+04  -6.0 1.77e+04    -  2.96e-05 4.32e-06f  1
   5  1.2581643e+06 4.12e+01 4.88e+04  -6.0 1.40e+03    -  4.65e-05 4.90e-05f  1
   6  1.2580574e+06 4.12e+01 4.88e+04  -6.0 4.96e+02    -  1.08e-03 1.51e-04f  1
   7  1.2579954e+06 4.12e+01 4.88e+04  -6.0 4.89e+02    -  4.38e-04 9.01e-05f  1
   8  1.2578531e+06 4.11e+01 4.88e+04  -6.0 4.90e+02    -  4.10e-04 3.37e-04f  1
   9  1.2577347e+06 4.11e+01 4.88e+04  -6.0 2.66e+02    -  2.00e-03 4.32e-04f  1
iter    objective    inf_pr   inf_du lg(mu)  ||d||  lg(rg) alpha_du alpha_pr  ls
  10  1.2576249e+06 4.11e+01 4.87e+04  -6.0 2.59e+02    -  6.99e-04 4.32e-04f  1
  11  1.2575319e+06 4.11e+01 4.87e+04  -6.0 2.46e+02    -  4.90e-03 3.72e-04f  1
  12  1.2573973e+06 4.11e+01 4.87e+04  -6.0 1.13e+02    -  1.65e-03 6.34e-04f  1
  13  1.2573528e+06 4.11e+01 4.87e+04  -6.0 9.93e+01    -  1.87e-03 2.27e-04f  1
  14  1.2572010e+06 4.10e+01 4.86e+04  -6.0 9.88e+01    -  4.08e-04 7.94e-04f  1
  15  1.2571775e+06 4.10e+01 4.86e+04  -6.0 9.77e+01    -  9.24e-04 1.29e-04f  1
  16  1.2566994e+06 4.09e+01 4.85e+04  -6.0 9.76e+01    -  2.98e-03 2.97e-03f  1
  17  1.2566921e+06 4.09e+01 4.85e+04  -6.0 9.46e+01    -  6.40e-03 4.72e-05h  1
  18  1.2564886e+06 4.08e+01 4.84e+04  -6.0 9.46e+01    -  1.15e-02 1.36e-03f  1
  19  1.2562530e+06 4.08e+01 4.83e+04  -6.0 8.66e+01    -  8.83e-03 1.67e-03f  1
iter    objective    inf_pr   inf_du lg(mu)  ||d||  lg(rg) alpha_du alpha_pr  ls
  20  1.2561340e+06 4.07e+01 4.83e+04  -6.0 7.95e+01    -  7.61e-03 9.34e-04f  1
  21  1.2560377e+06 4.07e+01 4.83e+04  -6.0 7.58e+01    -  9.66e-04 8.15e-04f  1
  22  1.2559172e+06 4.07e+01 4.82e+04  -6.0 7.31e+01    -  1.71e-03 1.07e-03f  1
  23  1.2558010e+06 4.06e+01 4.82e+04  -6.0 6.32e+01    -  5.72e-03 1.15e-03f  1
  24  1.2555944e+06 4.05e+01 4.80e+04  -6.0 6.07e+01    -  8.42e-04 2.17e-03f  1
  25  1.2554916e+06 4.05e+01 4.80e+04  -6.0 5.68e+01    -  1.84e-03 1.21e-03f  1
  26  1.2554009e+06 4.04e+01 4.79e+04  -6.0 6.00e+01    -  2.48e-04 1.01e-03f  1
  27  1.2553583e+06 4.04e+01 4.79e+04  -6.0 5.55e+01    -  7.40e-04 4.96e-04f  1
  28  1.2552487e+06 4.03e+01 4.78e+04  -6.0 5.45e+01    -  2.65e-03 1.61e-03f  1
  29  1.2550598e+06 4.02e+01 4.77e+04  -6.0 5.23e+01    -  5.18e-03 2.78e-03f  1
iter    objective    inf_pr   inf_du lg(mu)  ||d||  lg(rg) alpha_du alpha_pr  ls
  30  1.2550084e+06 4.02e+01 4.77e+04  -6.0 4.39e+01    -  7.28e-04 6.52e-04f  1
  31  1.2547085e+06 4.00e+01 4.75e+04  -6.0 4.36e+01    -  6.79e-04 3.91e-03f  1
  32  1.2545332e+06 4.00e+01 4.74e+04  -6.0 4.30e+01    -  2.48e-03 2.27e-03f  1
  33  1.2545033e+06 3.99e+01 4.74e+04  -6.0 4.53e+01    -  1.04e-02 3.69e-04f  1
  34  1.2544974e+06 3.99e+01 4.74e+04  -6.0 4.50e+01    -  4.01e-04 7.57e-05h  1
  35  1.2542896e+06 3.98e+01 4.72e+04  -6.0 4.60e+01    -  9.01e-03 2.67e-03f  1
  36  1.2541962e+06 3.98e+01 4.72e+04  -6.0 3.14e+01    -  2.05e-03 1.33e-03f  1
  37  1.2538745e+06 3.96e+01 4.69e+04  -6.0 3.35e+01    -  1.59e-03 5.09e-03f  1
  38  1.2537827e+06 3.95e+01 4.69e+04  -6.0 4.60e+01    -  1.25e-02 1.42e-03f  1
  39  1.2537191e+06 3.95e+01 4.68e+04  -6.0 4.63e+01    -  4.54e-03 9.85e-04f  1
iter    objective    inf_pr   inf_du lg(mu)  ||d||  lg(rg) alpha_du alpha_pr  ls
  40  1.2535879e+06 3.94e+01 4.67e+04  -6.0 5.10e+01    -  8.11e-03 2.04e-03f  1
  41  1.2533521e+06 3.93e+01 4.66e+04  -6.0 5.13e+01    -  1.83e-03 3.43e-03f  1
  42  1.2530815e+06 3.91e+01 4.64e+04  -6.0 4.57e+01    -  3.00e-03 4.05e-03f  1
  43  1.2528979e+06 3.90e+01 4.63e+04  -6.0 1.62e+02    -  1.92e-03 2.69e-03f  1
  44  1.2528363e+06 3.90e+01 4.62e+04  -6.0 3.69e+01    -  1.46e-03 8.72e-04f  1
  45  1.2527174e+06 3.89e+01 4.61e+04  -6.0 3.65e+01    -  8.72e-04 1.68e-03f  1
  46  1.2526240e+06 3.89e+01 4.61e+04  -6.0 3.63e+01    -  8.56e-03 1.32e-03f  1
  47  1.2525470e+06 3.88e+01 4.60e+04  -6.0 3.49e+01    -  5.64e-03 1.09e-03f  1
  48  1.2523704e+06 3.87e+01 4.59e+04  -6.0 3.13e+01    -  1.65e-03 2.50e-03f  1
  49  1.2523293e+06 3.87e+01 4.59e+04  -6.0 2.44e+01    -  6.86e-03 6.19e-04h  1
iter    objective    inf_pr   inf_du lg(mu)  ||d||  lg(rg) alpha_du alpha_pr  ls
  50  1.2518772e+06 3.84e+01 4.56e+04  -6.0 2.45e+01    -  1.21e-03 6.80e-03f  1
  51  1.2514291e+06 3.82e+01 4.53e+04  -6.0 2.65e+01    -  1.66e-02 6.65e-03f  1
  52  1.2512092e+06 3.80e+01 4.51e+04  -6.0 2.83e+01    -  8.65e-03 3.22e-03f  1
  53  1.2511446e+06 3.80e+01 4.51e+04  -6.0 2.92e+01    -  1.84e-02 9.43e-04f  1
  54  1.2509139e+06 3.79e+01 4.49e+04  -6.0 2.96e+01    -  1.08e-03 3.35e-03f  1
  55  1.2508241e+06 3.78e+01 4.49e+04  -6.0 3.05e+01    -  2.58e-03 1.30e-03f  1
  56  1.2500307e+06 3.74e+01 4.44e+04  -6.0 3.08e+01    -  5.18e-03 1.17e-02f  1
  57  1.2496517e+06 3.72e+01 4.41e+04  -6.0 3.48e+01    -  2.76e-03 5.49e-03f  1
  58  1.2494436e+06 3.71e+01 4.40e+04  -6.0 3.78e+01    -  1.30e-03 2.98e-03f  1
  59  1.2492493e+06 3.70e+01 4.39e+04  -6.0 3.93e+01    -  5.68e-04 2.76e-03f  1
iter    objective    inf_pr   inf_du lg(mu)  ||d||  lg(rg) alpha_du alpha_pr  ls
  60  1.2486792e+06 3.67e+01 4.35e+04  -6.0 4.07e+01    -  4.49e-03 8.10e-03f  1
  61  1.2485646e+06 3.66e+01 4.34e+04  -6.0 4.43e+01    -  4.27e-03 1.61e-03f  1
  62  1.2479499e+06 3.63e+01 4.31e+04  -6.0 4.21e+01    -  2.34e-03 8.61e-03f  1
  63  1.2477683e+06 3.62e+01 4.30e+04  -6.0 4.53e+01    -  7.39e-03 2.52e-03f  1
  64  1.2475482e+06 3.61e+01 4.28e+04  -6.0 4.61e+01    -  3.29e-02 2.99e-03f  1
  65  1.2466058e+06 3.56e+01 4.23e+04  -6.0 4.71e+01    -  3.85e-03 1.27e-02f  1
  66  1.2462864e+06 3.55e+01 4.21e+04  -6.0 5.10e+01    -  4.36e-03 4.26e-03f  1
  67  1.2453153e+06 3.50e+01 4.16e+04  -6.0 5.25e+01    -  7.58e-02 1.24e-02f  1
  68  1.2445181e+06 3.47e+01 4.12e+04  -6.0 5.43e+01    -  8.88e-03 1.01e-02f  1
  69  1.2437966e+06 3.44e+01 4.08e+04  -6.0 5.63e+01    -  1.11e-02 9.01e-03f  1
iter    objective    inf_pr   inf_du lg(mu)  ||d||  lg(rg) alpha_du alpha_pr  ls
  70  1.2427589e+06 3.39e+01 4.03e+04  -6.0 5.72e+01    -  2.76e-02 1.29e-02f  1
  71  1.2425112e+06 3.38e+01 4.02e+04  -6.0 5.87e+01    -  1.37e-02 3.06e-03f  1
  72  1.2418007e+06 3.35e+01 3.98e+04  -6.0 5.79e+01    -  5.55e-03 9.03e-03f  1
  73  1.2413454e+06 3.33e+01 3.96e+04  -6.0 5.85e+01    -  9.50e-03 5.78e-03f  1
  74  1.2403380e+06 3.29e+01 3.91e+04  -6.0 5.87e+01    -  7.42e-03 1.28e-02f  1
  75  1.2393214e+06 3.25e+01 3.86e+04  -6.0 5.91e+01    -  4.26e-02 1.29e-02f  1
  76  1.2385922e+06 3.22e+01 3.82e+04  -6.0 5.88e+01    -  1.84e-02 9.41e-03f  1
  77  1.2380718e+06 3.20e+01 3.79e+04  -6.0 6.01e+01    -  1.65e-02 6.73e-03f  1
  78  1.2379355e+06 3.19e+01 3.79e+04  -6.0 6.03e+01    -  1.21e-02 1.81e-03f  1
  79  1.2377654e+06 3.18e+01 3.78e+04  -6.0 6.03e+01    -  6.48e-02 2.29e-03f  1
iter    objective    inf_pr   inf_du lg(mu)  ||d||  lg(rg) alpha_du alpha_pr  ls
  80  1.2370513e+06 3.15e+01 3.74e+04  -6.0 5.83e+01    -  2.55e-03 1.05e-02f  1
  81  1.2366371e+06 3.13e+01 3.72e+04  -6.0 5.92e+01    -  1.12e-02 6.09e-03f  1
  82  1.2354281e+06 3.07e+01 3.65e+04  -6.0 5.97e+01    -  6.44e-03 1.79e-02f  1
  83  1.2345731e+06 3.04e+01 3.60e+04  -6.0 6.14e+01    -  1.87e-02 1.28e-02f  1
  84  1.2338222e+06 3.00e+01 3.57e+04  -6.0 6.49e+01    -  3.37e-02 1.03e-02f  1
  85  1.2333691e+06 2.98e+01 3.55e+04  -6.0 6.56e+01    -  4.78e-03 6.37e-03f  1
  86  1.2329788e+06 2.97e+01 3.52e+04  -6.0 6.54e+01    -  6.25e-03 5.90e-03f  1
  87  1.2325499e+06 2.95e+01 3.50e+04  -6.0 6.59e+01    -  1.84e-02 6.52e-03f  1
  88  1.2317367e+06 2.91e+01 3.46e+04  -6.0 6.65e+01    -  1.69e-02 1.24e-02f  1
  89  1.2304269e+06 2.85e+01 3.39e+04  -6.0 6.73e+01    -  1.84e-02 2.03e-02f  1
iter    objective    inf_pr   inf_du lg(mu)  ||d||  lg(rg) alpha_du alpha_pr  ls
  90  1.2301284e+06 2.84e+01 3.37e+04  -6.0 6.86e+01    -  5.44e-02 4.77e-03f  1
  91  1.2298947e+06 2.83e+01 3.36e+04  -6.0 6.89e+01    -  5.97e-04 3.76e-03f  1
  92  1.2292548e+06 2.78e+01 3.31e+04  -6.0 6.33e+01    -  7.85e-03 1.58e-02f  1
  93  1.2289466e+06 2.76e+01 3.28e+04  -6.0 6.34e+01    -  1.64e-02 7.85e-03f  1
  94  1.2285655e+06 2.73e+01 3.25e+04  -6.0 6.37e+01    -  1.60e-03 9.85e-03f  1
  95  1.2277551e+06 2.68e+01 3.19e+04  -6.0 6.60e+01    -  2.03e-02 1.88e-02f  1
  96  1.2276172e+06 2.67e+01 3.18e+04  -6.0 6.66e+01    -  1.43e-02 3.35e-03f  1
  97  1.2275128e+06 2.67e+01 3.17e+04  -6.0 6.67e+01    -  3.88e-03 2.55e-03f  1
  98  1.2268774e+06 2.63e+01 3.12e+04  -6.0 6.68e+01    -  1.33e-03 1.56e-02f  1
  99  1.2265169e+06 2.60e+01 3.09e+04  -6.0 6.72e+01    -  1.59e-02 9.22e-03f  1
iter    objective    inf_pr   inf_du lg(mu)  ||d||  lg(rg) alpha_du alpha_pr  ls
 100  1.2259462e+06 2.56e+01 3.04e+04  -6.0 6.74e+01    -  3.58e-02 1.49e-02f  1
 101  1.2245120e+06 2.46e+01 2.93e+04  -6.0 6.77e+01    -  1.76e-02 3.91e-02f  1
 102  1.2241010e+06 2.43e+01 2.89e+04  -6.0 6.81e+01    -  3.32e-02 1.27e-02f  1
 103  1.2236275e+06 2.39e+01 2.85e+04  -6.0 6.81e+01    -  1.22e-01 1.53e-02f  1
 104  1.2214586e+06 2.21e+01 2.63e+04  -6.0 6.83e+01    -  8.01e-02 7.48e-02f  1
 105  1.2212143e+06 2.19e+01 2.60e+04  -6.0 6.77e+01    -  1.04e-01 1.19e-02f  1
 106  1.2206405e+06 2.12e+01 2.52e+04  -6.0 6.75e+01    -  8.33e-02 3.07e-02f  1
 107  1.2203292e+06 2.08e+01 2.47e+04  -6.0 6.68e+01    -  7.31e-02 2.06e-02f  1
 108  1.2199306e+06 2.01e+01 2.39e+04  -6.0 6.62e+01    -  4.90e-02 3.16e-02f  1
 109  1.2194341e+06 1.91e+01 2.27e+04  -6.0 6.52e+01    -  6.31e-02 5.22e-02f  1
iter    objective    inf_pr   inf_du lg(mu)  ||d||  lg(rg) alpha_du alpha_pr  ls
 110  1.2192949e+06 1.84e+01 2.19e+04  -6.0 6.29e+01    -  1.74e-02 3.26e-02h  1
 111  1.2192785e+06 1.83e+01 2.17e+04  -6.0 6.17e+01    -  4.40e-03 8.26e-03h  1
 112  1.2192783e+06 1.82e+01 2.16e+04  -6.0 6.04e+01    -  1.02e-02 5.66e-03h  1
 113  1.2192810e+06 1.80e+01 2.14e+04  -6.0 6.02e+01    -  7.06e-03 8.27e-03h  1
 114  1.2192917e+06 1.78e+01 2.11e+04  -6.0 5.99e+01    -  5.43e-03 1.35e-02h  1
 115  1.2193056e+06 1.76e+01 2.09e+04  -6.0 5.94e+01    -  3.55e-02 9.77e-03h  1
 116  1.2193139e+06 1.75e+01 2.07e+04  -6.0 6.02e+01    -  1.00e-02 9.47e-03h  1
 117  1.2193388e+06 1.72e+01 2.04e+04  -6.0 5.95e+01    -  2.25e-03 1.45e-02h  1
 118  1.2193545e+06 1.71e+01 2.03e+04  -6.0 5.89e+01    -  2.79e-02 6.47e-03h  1
 119  1.2193707e+06 1.70e+01 2.02e+04  -6.0 5.85e+01    -  6.77e-03 5.36e-03h  1
iter    objective    inf_pr   inf_du lg(mu)  ||d||  lg(rg) alpha_du alpha_pr  ls
 120  1.2194894e+06 1.64e+01 1.95e+04  -6.0 5.83e+01    -  3.35e-02 3.53e-02h  1
 121  1.2196843e+06 1.58e+01 1.88e+04  -6.0 5.64e+01    -  5.57e-02 3.55e-02h  1
 122  1.2198608e+06 1.54e+01 1.83e+04  -6.0 5.48e+01    -  1.61e-01 2.35e-02h  1
 123  1.2199332e+06 1.53e+01 1.82e+04  -6.0 5.40e+01    -  6.49e-03 7.30e-03h  1
 124  1.2200741e+06 1.51e+01 1.80e+04  -6.0 5.37e+01    -  7.36e-03 1.38e-02h  1
 125  1.2201849e+06 1.50e+01 1.78e+04  -6.0 5.34e+01    -  1.67e-02 1.04e-02h  1
 126  1.2207279e+06 1.42e+01 1.69e+04  -6.0 5.30e+01    -  6.75e-03 4.90e-02h  1
 127  1.2208958e+06 1.40e+01 1.67e+04  -6.0 5.16e+01    -  3.42e-03 1.36e-02h  1
 128  1.2212193e+06 1.37e+01 1.62e+04  -6.0 5.13e+01    -  7.97e-03 2.58e-02h  1
 129  1.2213351e+06 1.36e+01 1.61e+04  -6.0 5.05e+01    -  1.71e-02 8.82e-03h  1
iter    objective    inf_pr   inf_du lg(mu)  ||d||  lg(rg) alpha_du alpha_pr  ls
 130  1.2214493e+06 1.34e+01 1.59e+04  -6.0 4.97e+01    -  2.80e-02 8.51e-03h  1
 131  1.2215464e+06 1.33e+01 1.58e+04  -6.0 4.94e+01    -  9.88e-03 7.06e-03h  1
 132  1.2216215e+06 1.33e+01 1.58e+04  -6.0 4.91e+01    -  7.63e-03 5.41e-03h  1
 133  1.2216823e+06 1.32e+01 1.57e+04  -6.0 5.01e+01    -  6.41e-03 4.57e-03h  1
 134  1.2217691e+06 1.31e+01 1.56e+04  -6.0 5.00e+01    -  2.16e-02 6.49e-03h  1
 135  1.2222400e+06 1.27e+01 1.50e+04  -6.0 5.00e+01    -  7.34e-03 3.47e-02h  1
 136  1.2224051e+06 1.25e+01 1.49e+04  -6.0 4.94e+01    -  2.86e-03 1.18e-02h  1
 137  1.2227853e+06 1.22e+01 1.45e+04  -6.0 4.92e+01    -  4.88e-03 2.69e-02h  1
 138  1.2228608e+06 1.21e+01 1.44e+04  -6.0 4.87e+01    -  1.48e-02 5.25e-03h  1
 139  1.2228911e+06 1.21e+01 1.43e+04  -6.0 4.86e+01    -  1.89e-03 2.09e-03h  1
iter    objective    inf_pr   inf_du lg(mu)  ||d||  lg(rg) alpha_du alpha_pr  ls
 140  1.2231482e+06 1.19e+01 1.41e+04  -6.0 4.86e+01    -  5.19e-03 1.77e-02h  1
 141  1.2242823e+06 1.10e+01 1.30e+04  -6.0 4.83e+01    -  3.13e-02 7.72e-02h  1
 142  1.2244203e+06 1.09e+01 1.29e+04  -6.0 4.67e+01    -  5.67e-02 9.02e-03h  1
 143  1.2253825e+06 1.02e+01 1.21e+04  -6.0 4.66e+01    -  8.93e-03 6.17e-02h  1
 144  1.2254581e+06 1.01e+01 1.20e+04  -6.0 4.34e+01    -  3.85e-02 4.52e-03h  1
 145  1.2261224e+06 9.75e+00 1.15e+04  -6.0 4.33e+01    -  2.30e-03 3.91e-02h  1
 146  1.2261673e+06 9.72e+00 1.15e+04  -6.0 4.24e+01    -  3.34e-02 2.64e-03h  1
 147  1.2265296e+06 9.52e+00 1.13e+04  -6.0 4.23e+01    -  2.35e-03 2.11e-02h  1
 148  1.2265362e+06 9.51e+00 1.13e+04  -6.0 4.18e+01    -  2.31e-02 3.88e-04h  1
 149  1.2266169e+06 9.47e+00 1.12e+04  -6.0 4.19e+01    -  7.32e-04 4.62e-03h  1
iter    objective    inf_pr   inf_du lg(mu)  ||d||  lg(rg) alpha_du alpha_pr  ls
 150  1.2266975e+06 9.43e+00 1.12e+04  -6.0 4.18e+01    -  2.57e-02 4.61e-03h  1
 151  1.2271486e+06 9.19e+00 1.09e+04  -6.0 4.16e+01    -  1.20e-02 2.51e-02h  1
 152  1.2271592e+06 9.19e+00 1.09e+04  -6.0 4.10e+01    -  7.08e-03 5.94e-04h  1
 153  1.2278601e+06 8.83e+00 1.05e+04  -6.0 4.10e+01    -  2.39e-02 3.90e-02h  1
 154  1.2285114e+06 8.50e+00 1.01e+04  -6.0 4.01e+01    -  3.26e-02 3.64e-02h  1
 155  1.2289771e+06 8.28e+00 9.80e+03  -6.0 3.92e+01    -  6.82e-03 2.66e-02h  1
 156  1.2290162e+06 8.26e+00 9.78e+03  -6.0 3.85e+01    -  2.23e-02 2.25e-03h  1
 157  1.2290839e+06 8.23e+00 9.74e+03  -6.0 3.61e+01    -  1.41e-02 3.86e-03h  1
 158  1.2293698e+06 8.09e+00 9.58e+03  -6.0 3.59e+01    -  3.94e-03 1.64e-02h  1
 159  1.2294877e+06 8.04e+00 9.52e+03  -6.0 3.54e+01    -  1.67e-02 6.77e-03h  1
iter    objective    inf_pr   inf_du lg(mu)  ||d||  lg(rg) alpha_du alpha_pr  ls
 160  1.2298422e+06 7.88e+00 9.32e+03  -6.0 3.52e+01    -  5.35e-03 2.03e-02h  1
 161  1.2299954e+06 7.81e+00 9.24e+03  -6.0 3.46e+01    -  7.36e-02 8.85e-03h  1
 162  1.2308318e+06 7.43e+00 8.80e+03  -6.0 3.43e+01    -  2.65e-02 4.75e-02h  1
 163  1.2313097e+06 7.23e+00 8.55e+03  -6.0 3.28e+01    -  2.84e-02 2.75e-02h  1
 164  1.2317495e+06 7.05e+00 8.34e+03  -6.0 3.19e+01    -  3.51e-02 2.54e-02h  1
 165  1.2322028e+06 6.87e+00 8.13e+03  -6.0 4.16e+01    -  1.75e-02 2.44e-02h  1
 166  1.2325267e+06 6.75e+00 7.99e+03  -6.0 4.09e+01    -  2.47e-02 1.78e-02h  1
 167  1.2334387e+06 6.41e+00 7.58e+03  -6.0 4.08e+01    -  2.03e-03 5.04e-02h  1
 168  1.2342195e+06 6.13e+00 7.25e+03  -6.0 4.07e+01    -  3.46e-02 4.44e-02h  1
 169  1.2348946e+06 5.89e+00 6.96e+03  -6.0 4.02e+01    -  4.61e-02 3.93e-02h  1
iter    objective    inf_pr   inf_du lg(mu)  ||d||  lg(rg) alpha_du alpha_pr  ls
 170  1.2356719e+06 5.62e+00 6.64e+03  -6.0 3.96e+01    -  4.51e-02 4.61e-02h  1
 171  1.2357058e+06 5.60e+00 6.62e+03  -6.0 3.90e+01    -  1.23e-01 2.06e-03h  1
 172  1.2359453e+06 5.52e+00 6.53e+03  -6.0 4.02e+01    -  2.33e-02 1.49e-02h  1
 173  1.2361391e+06 5.45e+00 6.44e+03  -6.0 3.99e+01    -  2.25e-02 1.25e-02h  1
 174  1.2367022e+06 5.26e+00 6.22e+03  -6.0 4.30e+01    -  3.71e-02 3.51e-02h  1
 175  1.2369421e+06 5.18e+00 6.12e+03  -6.0 4.23e+01    -  2.56e-03 1.53e-02h  1
 176  1.2370286e+06 5.15e+00 6.09e+03  -6.0 4.21e+01    -  5.12e-02 5.58e-03h  1
 177  1.2373727e+06 5.04e+00 5.95e+03  -6.0 4.22e+01    -  6.63e-03 2.21e-02h  1
 178  1.2378361e+06 4.88e+00 5.77e+03  -6.0 4.66e+01    -  1.81e-02 3.09e-02h  1
 179  1.2382251e+06 4.75e+00 5.62e+03  -6.0 4.20e+01    -  3.97e-02 2.58e-02h  1
iter    objective    inf_pr   inf_du lg(mu)  ||d||  lg(rg) alpha_du alpha_pr  ls
 180  1.2387078e+06 4.60e+00 5.44e+03  -6.0 4.14e+01    -  2.62e-02 3.27e-02h  1
 181  1.2388549e+06 4.55e+00 5.38e+03  -6.0 4.13e+01    -  2.45e-02 1.01e-02h  1
 182  1.2389809e+06 4.51e+00 5.33e+03  -6.0 4.15e+01    -  4.55e-02 8.69e-03h  1
 183  1.2394901e+06 4.36e+00 5.15e+03  -6.0 4.15e+01    -  1.02e-02 3.51e-02h  1
 184  1.2396192e+06 4.32e+00 5.10e+03  -6.0 4.16e+01    -  3.65e-02 9.07e-03h  1
 185  1.2398168e+06 4.26e+00 5.03e+03  -6.0 4.17e+01    -  5.08e-02 1.39e-02h  1
 186  1.2409576e+06 3.92e+00 4.63e+03  -6.0 4.24e+01    -  2.64e-02 7.96e-02h  1
 187  1.2410092e+06 3.90e+00 4.61e+03  -6.0 4.08e+01    -  1.57e-02 3.74e-03h  1
 188  1.2410688e+06 3.89e+00 4.59e+03  -6.0 4.13e+01    -  5.23e-04 4.32e-03h  1
 189  1.2410766e+06 3.88e+00 4.59e+03  -6.0 4.14e+01    -  1.12e-02 5.69e-04h  1
iter    objective    inf_pr   inf_du lg(mu)  ||d||  lg(rg) alpha_du alpha_pr  ls
 190  1.2413939e+06 3.79e+00 4.48e+03  -6.0 4.16e+01    -  1.26e-03 2.30e-02h  1
 191  1.2415458e+06 3.75e+00 4.43e+03  -6.0 3.40e+01    -  2.35e-02 1.12e-02h  1
 192  1.2418713e+06 3.66e+00 4.33e+03  -6.0 3.44e+01    -  5.48e-02 2.40e-02h  1
 193  1.2428986e+06 3.41e+00 4.03e+03  -6.0 2.39e+01    -  3.36e-02 6.90e-02h  1
 194  1.2430839e+06 3.36e+00 3.98e+03  -6.0 2.21e+01    -  2.53e-02 1.32e-02h  1
 195  1.2433337e+06 3.30e+00 3.90e+03  -6.0 2.20e+01    -  1.82e-02 1.80e-02h  1
 196  1.2436131e+06 3.24e+00 3.82e+03  -6.0 2.16e+01    -  1.25e-02 2.04e-02h  1
 197  1.2437841e+06 3.19e+00 3.78e+03  -6.0 2.13e+01    -  1.17e-01 1.27e-02h  1
 198  1.2450085e+06 2.90e+00 3.43e+03  -6.0 2.12e+01    -  1.37e-02 9.12e-02h  1
 199  1.2465986e+06 2.53e+00 2.99e+03  -6.0 1.91e+01    -  3.00e-02 1.28e-01h  1
iter    objective    inf_pr   inf_du lg(mu)  ||d||  lg(rg) alpha_du alpha_pr  ls
 200  1.2469774e+06 2.44e+00 2.89e+03  -6.0 1.70e+01    -  7.65e-02 3.44e-02h  1
 201  1.2470798e+06 2.42e+00 2.86e+03  -6.0 1.63e+01    -  4.29e-02 9.56e-03h  1
 202  1.2482710e+06 2.15e+00 2.54e+03  -6.0 1.62e+01    -  2.33e-03 1.12e-01h  1
 203  1.2484136e+06 2.12e+00 2.50e+03  -6.0 1.35e+01    -  4.13e-03 1.49e-02h  1
 204  1.2484637e+06 2.11e+00 2.49e+03  -6.0 1.46e+01    -  2.89e-02 5.31e-03h  1
 205  1.2489395e+06 2.00e+00 2.36e+03  -6.0 1.45e+01    -  5.67e-03 5.05e-02h  1
 206  1.2490195e+06 1.98e+00 2.34e+03  -6.0 1.39e+01    -  3.67e-02 8.88e-03h  1
 207  1.2491680e+06 1.95e+00 2.30e+03  -6.0 1.51e+01    -  1.51e-02 1.66e-02h  1
 208  1.2496267e+06 1.85e+00 2.18e+03  -6.0 1.31e+01    -  1.72e-02 5.17e-02h  1
 209  1.2498037e+06 1.81e+00 2.14e+03  -6.0 1.27e+01    -  5.32e-02 2.09e-02h  1
iter    objective    inf_pr   inf_du lg(mu)  ||d||  lg(rg) alpha_du alpha_pr  ls
 210  1.2499470e+06 1.78e+00 2.10e+03  -6.0 1.25e+01    -  1.10e-02 1.73e-02h  1
 211  1.2499741e+06 1.77e+00 2.10e+03  -6.0 3.29e+01    -  6.39e-02 3.31e-03h  1
 212  1.2506454e+06 1.63e+00 1.92e+03  -6.0 1.12e+01    -  3.97e-02 8.19e-02h  1
 213  1.2509317e+06 1.57e+00 1.85e+03  -6.0 1.06e+01    -  8.70e-02 3.77e-02h  1
 214  1.2516226e+06 1.42e+00 1.68e+03  -6.0 1.02e+01    -  1.40e-01 9.41e-02h  1
 215  1.2516277e+06 1.42e+00 1.68e+03  -6.0 9.25e+00    -  1.68e-02 7.56e-04h  1
 216  1.2520672e+06 1.32e+00 1.57e+03  -6.0 9.22e+00    -  5.29e-03 6.55e-02h  1
 217  1.2521167e+06 1.31e+00 1.56e+03  -6.0 8.61e+00    -  1.98e-02 7.87e-03h  1
 218  1.2523350e+06 1.27e+00 1.50e+03  -6.0 8.54e+00    -  6.19e-02 3.49e-02h  1
 219  1.2525128e+06 1.23e+00 1.46e+03  -6.0 8.26e+00    -  1.86e-02 2.94e-02h  1
iter    objective    inf_pr   inf_du lg(mu)  ||d||  lg(rg) alpha_du alpha_pr  ls
 220  1.2528159e+06 1.17e+00 1.38e+03  -6.0 7.49e+00    -  1.30e-02 5.13e-02h  1
 221  1.2531392e+06 1.10e+00 1.30e+03  -6.0 6.25e+00    -  3.88e-02 5.76e-02h  1
 222  1.2533623e+06 1.05e+00 1.25e+03  -6.0 5.91e+00    -  1.70e-01 4.20e-02h  1
 223  1.2539754e+06 9.28e-01 1.10e+03  -6.0 6.40e+00    -  1.95e-01 1.20e-01h  1
 224  1.2542820e+06 8.65e-01 1.03e+03  -6.0 5.28e+00    -  1.66e-02 6.75e-02h  1
 225  1.2547757e+06 7.69e-01 9.12e+02  -6.0 5.10e+00    -  1.06e-02 1.11e-01h  1
 226  1.2548637e+06 7.52e-01 8.92e+02  -6.0 5.67e+00    -  1.13e-01 2.23e-02h  1
 227  1.2553773e+06 6.53e-01 7.74e+02  -6.0 5.37e+00    -  2.80e-02 1.33e-01h  1
 228  1.2556325e+06 6.03e-01 7.16e+02  -6.0 4.69e+00    -  1.95e-01 7.55e-02h  1
 229  1.2557265e+06 5.85e-01 6.94e+02  -6.0 4.30e+00    -  9.82e-03 2.99e-02h  1
iter    objective    inf_pr   inf_du lg(mu)  ||d||  lg(rg) alpha_du alpha_pr  ls
 230  1.2557802e+06 5.75e-01 6.82e+02  -6.0 4.06e+00    -  4.62e-02 1.76e-02h  1
 231  1.2559470e+06 5.43e-01 6.44e+02  -6.0 4.00e+00    -  2.81e-02 5.56e-02h  1
 232  1.2561717e+06 5.00e-01 5.93e+02  -6.0 3.77e+00    -  1.57e-01 7.91e-02h  1
 233  1.2562261e+06 4.90e-01 5.81e+02  -6.0 3.45e+00    -  1.43e-01 2.07e-02h  1
 234  1.2564232e+06 4.52e-01 5.37e+02  -6.0 3.29e+00    -  1.46e-02 7.64e-02h  1
 235  1.2565660e+06 4.25e-01 5.05e+02  -6.0 3.28e+00    -  3.49e-03 5.99e-02h  1
 236  1.2570475e+06 3.34e-01 3.97e+02  -6.0 3.10e+00    -  5.81e-02 2.14e-01h  1
 237  1.2577811e+06 1.96e-01 2.34e+02  -6.0 2.45e+00    -  1.16e-01 4.13e-01h  1
 238  1.2584504e+06 7.16e-02 8.68e+01  -6.0 1.45e+00    -  2.36e-01 6.35e-01h  1
 239  1.2585107e+06 6.05e-02 7.34e+01  -6.0 5.62e-01    -  8.99e-01 1.54e-01h  1
iter    objective    inf_pr   inf_du lg(mu)  ||d||  lg(rg) alpha_du alpha_pr  ls
 240  1.2586349e+06 3.79e-02 4.61e+01  -6.0 5.24e-01    -  2.10e-01 3.74e-01h  1
 241  1.2586651e+06 3.24e-02 3.94e+01  -6.0 3.70e-01    -  1.00e+00 1.45e-01h  1
 242  1.2587468e+06 1.76e-02 2.14e+01  -6.0 3.08e-01    -  8.07e-01 4.57e-01h  1
 243  1.2588258e+06 3.28e-03 4.06e+00  -6.0 1.38e-01    -  5.68e-01 8.13e-01h  1
 244  1.2588440e+06 3.77e-06 4.77e-01  -6.0 4.78e-02    -  2.43e-01 1.00e+00h  1
 245  1.2588440e+06 5.08e-07 6.39e-04  -6.0 8.40e-03    -  1.00e+00 1.00e+00h  1
 246  1.2588440e+06 7.11e-09 8.60e-06  -6.0 9.65e-04    -  1.00e+00 1.00e+00h  1
 247  1.2588440e+06 9.38e-08 3.57e-02  -7.1 3.99e-03    -  1.00e+00 8.90e-01h  1
 248  1.2588440e+06 7.07e-09 1.80e-07  -7.1 9.79e-04    -  1.00e+00 1.00e+00f  1

Number of Iterations....: 248

                                   (scaled)                 (unscaled)
Objective...............:   1.0036029814713791e+04    1.2588439885811338e+06
Dual infeasibility......:   1.8004699681325156e-07    2.2583739166274281e-05
Constraint violation....:   6.7141198985092021e-09    7.0678813912650185e-09
Variable bound violation:   4.1439383124952656e-07    4.1439383124952656e-07
Complementarity.........:   1.1966080605133344e-07    1.5009350225888090e-05
Overall NLP error.......:   1.8004699681325156e-07    2.2583739166274281e-05


Number of objective function evaluations             = 249
Number of objective gradient evaluations             = 249
Number of equality constraint evaluations            = 249
Number of inequality constraint evaluations          = 250
Number of equality constraint Jacobian evaluations   = 249
Number of inequality constraint Jacobian evaluations = 249
Number of Lagrangian Hessian evaluations             = 248
Total seconds in IPOPT                               = 12.325

EXIT: Optimal Solution Found.

