Solver command line: ['/opt/homebrew/bin/ipopt', '/var/folders/6y/bvynbx6n3zv7z3lwg6vd724r0000gn/T/tmp47hu433n.pyomo.nl', '-AMPL', 'tol=1e-06', 'max_iter=300', 'print_level=5', 'warm_start_init_point=yes', 'warm_start_bound_push=1e-06', 'warm_start_bound_frac=1e-06', 'warm_start_mult_bound_push=1e-06', 'mu_init=1e-06', 'least_square_init_duals=no']

Ipopt 3.14.19: tol=1e-06
max_iter=300
print_level=5
warm_start_init_point=yes
warm_start_bound_push=1e-06
warm_start_bound_frac=1e-06
warm_start_mult_bound_push=1e-06
mu_init=1e-06
least_square_init_duals=no


******************************************************************************
This program contains Ipopt, a library for large-scale nonlinear optimization.
 Ipopt is released as open source code under the Eclipse Public License (EPL).
         For more information visit https://github.com/coin-or/Ipopt
******************************************************************************

This is Ipopt version 3.14.19, running with linear solver MUMPS 5.6.2.

Number of nonzeros in equality constraint Jacobian...:    19617
Number of nonzeros in inequality constraint Jacobian.:    15928
Number of nonzeros in Lagrangian Hessian.............:    10902

Total number of variables............................:     3228
                     variables with only lower bounds:        0
                variables with lower and upper bounds:     3228
                     variables with only upper bounds:        0
Total number of equality constraints.................:     2709
Total number of inequality constraints...............:     3982
        inequality constraints with only lower bounds:        0
   inequality constraints with lower and upper bounds:        0
        inequality constraints with only upper bounds:     3982

iter    objective    inf_pr   inf_du lg(mu)  ||d||  lg(rg) alpha_du alpha_pr  ls
   0  1.8576601e+06 2.76e+01 4.36e+04  -6.0 0.00e+00    -  0.00e+00 0.00e+00   0
   1  1.8575617e+06 2.76e+01 4.36e+04  -6.0 1.34e+01   0.0 4.32e-04 1.63e-04f  1
   2  1.8572660e+06 2.76e+01 4.36e+04  -6.0 9.95e+01  -0.5 4.08e-05 1.88e-04f  1
   3  1.8567204e+06 2.76e+01 4.36e+04  -6.0 1.55e+01  -0.1 6.34e-05 8.53e-04f  1
   4  1.8561853e+06 2.76e+01 4.35e+04  -6.0 1.20e+02  -0.5 2.38e-05 2.95e-04f  1
   5  1.8552160e+06 2.75e+01 4.35e+04  -6.0 1.64e+01  -0.1 3.08e-04 1.45e-03f  1
   6  1.8541764e+06 2.75e+01 4.34e+04  -6.0 9.57e+01  -0.6 2.82e-04 6.20e-04f  1
   7  1.8539635e+06 2.75e+01 4.34e+04  -6.0 1.37e+01  -0.2 6.20e-04 3.24e-04f  1
   8  1.8528321e+06 2.75e+01 4.34e+04  -6.0 8.79e+01  -0.6 1.31e-04 7.72e-04f  1
   9  1.8515210e+06 2.74e+01 4.33e+04  -6.0 1.58e+01  -0.2 6.16e-04 2.00e-03f  1
iter    objective    inf_pr   inf_du lg(mu)  ||d||  lg(rg) alpha_du alpha_pr  ls
  10  1.8509087e+06 2.74e+01 4.33e+04  -6.0 7.21e+01  -0.7 8.25e-04 5.32e-04f  1
  11  1.8497481e+06 2.74e+01 4.32e+04  -6.0 4.93e+02  -1.2 2.56e-04 2.47e-04f  1
  12  1.8480237e+06 2.74e+01 4.32e+04  -6.0 6.07e+01  -0.7 5.57e-05 1.73e-03f  1
  13  1.8436915e+06 2.73e+01 4.30e+04  -6.0 1.66e+02  -1.2 1.43e-04 2.47e-03f  1
  14  1.8422823e+06 2.73e+01 4.30e+04  -6.0 4.96e+02  -1.7 3.23e-03 7.67e-04f  1
  15  1.8357142e+06 2.71e+01 4.26e+04  -6.0 6.10e+01  -1.3 1.65e-03 7.02e-03f  1
  16  1.8357125e+06 2.71e+01 4.26e+04  -6.0 7.01e+01  -1.7 8.71e-03 1.95e-06h  1
  17  1.8290272e+06 2.68e+01 4.22e+04  -6.0 3.46e+01  -1.3 2.40e-03 9.23e-03f  1
  18  1.8287762e+06 2.68e+01 4.22e+04  -6.0 4.72e+01  -1.8 8.23e-03 3.39e-04f  1
  19  1.8273308e+06 2.67e+01 4.21e+04  -6.0 3.15e+01  -1.4 4.18e-03 2.24e-03f  1
iter    objective    inf_pr   inf_du lg(mu)  ||d||  lg(rg) alpha_du alpha_pr  ls
  20  1.8242904e+06 2.66e+01 4.19e+04  -6.0 4.62e+01  -1.8 1.66e-03 4.25e-03f  1
  21  1.8228826e+06 2.66e+01 4.18e+04  -6.0 3.14e+01  -1.4 3.73e-03 2.29e-03f  1
  22  1.8210633e+06 2.65e+01 4.17e+04  -6.0 4.59e+01  -1.9 9.26e-04 2.67e-03f  1
  23  1.8192968e+06 2.64e+01 4.15e+04  -6.0 3.19e+01  -1.5 1.84e-02 2.94e-03f  1
  24  1.8187118e+06 2.64e+01 4.15e+04  -6.0 4.52e+01  -1.9 7.03e-03 8.98e-04f  1
  25  1.8155761e+06 2.63e+01 4.13e+04  -6.0 3.21e+01  -1.5 2.53e-04 5.35e-03f  1
  26  1.8146582e+06 2.62e+01 4.12e+04  -6.0 4.51e+01  -2.0 5.16e-03 1.45e-03f  1
  27  1.8050276e+06 2.58e+01 4.05e+04  -6.0 3.49e+01  -1.6 1.97e-03 1.69e-02f  1
  28  1.8031689e+06 2.57e+01 4.03e+04  -6.0 4.51e+01  -2.0 4.21e-03 3.17e-03f  1
  29  1.8016525e+06 2.56e+01 4.02e+04  -6.0 4.11e+01  -1.6 2.81e-02 2.89e-03f  1
iter    objective    inf_pr   inf_du lg(mu)  ||d||  lg(rg) alpha_du alpha_pr  ls
  30  1.7971477e+06 2.54e+01 3.99e+04  -6.0 4.74e+01  -2.1 3.55e-03 7.86e-03f  1
  31  1.7952206e+06 2.53e+01 3.98e+04  -6.0 1.63e+02  -2.6 6.91e-03 3.27e-03f  1
  32  1.7914838e+06 2.52e+01 3.95e+04  -6.0 5.62e+02  -3.1 7.16e-04 6.23e-03f  1
  33  1.7914381e+06 2.52e+01 3.95e+04  -6.0 8.12e+01    -  1.19e-03 7.73e-05f  1
  34  1.7906990e+06 2.51e+01 3.95e+04  -6.0 7.70e+01    -  7.25e-03 1.25e-03f  1
  35  1.7856238e+06 2.49e+01 3.91e+04  -6.0 7.41e+01    -  1.34e-03 8.59e-03f  1
  36  1.7801431e+06 2.47e+01 3.88e+04  -6.0 7.08e+01    -  1.63e-03 9.38e-03f  1
  37  1.7744331e+06 2.44e+01 3.84e+04  -6.0 7.60e+01    -  2.24e-02 9.90e-03f  1
  38  1.7700585e+06 2.43e+01 3.81e+04  -6.0 8.13e+01    -  1.09e-02 7.71e-03f  1
  39  1.7677038e+06 2.42e+01 3.79e+04  -6.0 8.53e+01    -  5.86e-02 4.21e-03f  1
iter    objective    inf_pr   inf_du lg(mu)  ||d||  lg(rg) alpha_du alpha_pr  ls
  40  1.7649347e+06 2.40e+01 3.77e+04  -6.0 8.74e+01    -  4.75e-02 5.00e-03f  1
  41  1.7583443e+06 2.37e+01 3.73e+04  -6.0 9.00e+01    -  1.32e-01 1.20e-02f  1
  42  1.7417994e+06 2.30e+01 3.62e+04  -6.0 9.63e+01    -  3.53e-02 3.06e-02f  1
  43  1.7274094e+06 2.24e+01 3.52e+04  -6.0 1.12e+02    -  1.45e-01 2.72e-02f  1
  44  1.7113024e+06 2.17e+01 3.41e+04  -6.0 1.25e+02    -  8.80e-02 3.11e-02f  1
  45  1.7048237e+06 2.14e+01 3.37e+04  -6.0 1.40e+02    -  3.66e-01 1.28e-02f  1
  46  1.6981842e+06 2.11e+01 3.33e+04  -6.0 1.47e+02    -  1.13e-01 1.32e-02f  1
  47  1.6888979e+06 2.07e+01 3.27e+04  -6.0 1.52e+02    -  3.37e-01 1.86e-02f  1
  48  1.6673980e+06 1.98e+01 3.13e+04  -6.0 1.51e+02    -  5.95e-03 4.36e-02f  1
  49  1.6514143e+06 1.92e+01 3.03e+04  -6.0 1.67e+02    -  7.45e-02 3.34e-02f  1
iter    objective    inf_pr   inf_du lg(mu)  ||d||  lg(rg) alpha_du alpha_pr  ls
  50  1.6352921e+06 1.85e+01 2.93e+04  -6.0 1.82e+02    -  2.68e-02 3.45e-02f  1
  51  1.6326303e+06 1.84e+01 2.91e+04  -6.0 1.93e+02    -  5.97e-03 5.84e-03f  1
  52  1.6030149e+06 1.72e+01 2.74e+04  -6.0 1.99e+02    -  2.26e-02 6.52e-02f  1
  53  1.5969754e+06 1.69e+01 2.70e+04  -6.0 2.12e+02    -  1.91e-02 1.41e-02f  1
  54  1.5947719e+06 1.69e+01 2.69e+04  -6.0 2.03e+02    -  9.94e-03 5.22e-03f  1
  55  1.5916482e+06 1.67e+01 2.67e+04  -6.0 2.03e+02    -  1.70e-02 7.51e-03f  1
  56  1.5846778e+06 1.65e+01 2.62e+04  -6.0 2.04e+02    -  1.24e-01 1.69e-02f  1
  57  1.5687444e+06 1.58e+01 2.53e+04  -6.0 2.06e+02    -  5.23e-02 3.93e-02f  1
  58  1.5527688e+06 1.52e+01 2.43e+04  -6.0 2.11e+02    -  8.38e-02 4.10e-02f  1
  59  1.5510946e+06 1.51e+01 2.42e+04  -6.0 2.20e+02    -  2.00e-02 4.50e-03f  1
iter    objective    inf_pr   inf_du lg(mu)  ||d||  lg(rg) alpha_du alpha_pr  ls
  60  1.5435883e+06 1.48e+01 2.37e+04  -6.0 2.21e+02    -  1.77e-02 2.03e-02f  1
  61  1.5200877e+06 1.38e+01 2.23e+04  -6.0 2.34e+02    -  3.67e-02 6.48e-02f  1
  62  1.5034957e+06 1.31e+01 2.12e+04  -6.0 2.55e+02    -  7.87e-02 4.91e-02f  1
  63  1.4952835e+06 1.28e+01 2.07e+04  -6.0 2.83e+02    -  5.37e-02 2.58e-02f  1
  64  1.4716051e+06 1.18e+01 1.92e+04  -6.0 2.97e+02    -  1.16e-02 7.70e-02f  1
  65  1.4614788e+06 1.14e+01 1.85e+04  -6.0 3.37e+02    -  1.46e-01 3.61e-02f  1
  66  1.4570434e+06 1.12e+01 1.82e+04  -6.0 3.43e+02    -  4.78e-02 1.68e-02f  1
  67  1.4419896e+06 1.05e+01 1.72e+04  -6.0 3.43e+02    -  5.70e-02 5.88e-02f  1
  68  1.4287995e+06 9.96e+00 1.62e+04  -6.0 3.42e+02    -  1.41e-02 5.58e-02f  1
  69  1.4105521e+06 9.13e+00 1.49e+04  -6.0 3.28e+02    -  4.47e-02 8.30e-02f  1
iter    objective    inf_pr   inf_du lg(mu)  ||d||  lg(rg) alpha_du alpha_pr  ls
  70  1.4015596e+06 8.71e+00 1.42e+04  -6.0 2.91e+02    -  3.53e-02 4.63e-02f  1
  71  1.3911192e+06 8.20e+00 1.34e+04  -6.0 2.97e+02    -  7.15e-03 5.79e-02f  1
  72  1.3896127e+06 8.13e+00 1.33e+04  -6.0 2.94e+02    -  1.05e-01 9.12e-03f  1
  73  1.3780105e+06 7.54e+00 1.23e+04  -6.0 2.72e+02    -  1.06e-02 7.25e-02f  1
  74  1.3763950e+06 7.46e+00 1.22e+04  -6.0 2.36e+02    -  4.82e-02 1.11e-02f  1
  75  1.3584232e+06 6.52e+00 1.06e+04  -6.0 2.18e+02    -  2.86e-02 1.26e-01f  1
  76  1.3577459e+06 6.48e+00 1.06e+04  -6.0 1.63e+02    -  5.99e-02 5.65e-03f  1
  77  1.3363958e+06 5.31e+00 8.62e+03  -6.0 1.62e+02    -  1.96e-02 1.81e-01f  1
  78  1.3328388e+06 5.11e+00 8.28e+03  -6.0 1.40e+02    -  3.44e-02 3.85e-02f  1
  79  1.3295449e+06 4.91e+00 7.97e+03  -6.0 1.35e+02    -  8.40e-02 3.75e-02f  1
iter    objective    inf_pr   inf_du lg(mu)  ||d||  lg(rg) alpha_du alpha_pr  ls
  80  1.3159190e+06 4.11e+00 6.67e+03  -6.0 1.30e+02    -  5.00e-02 1.64e-01f  1
  81  1.3124149e+06 3.90e+00 6.32e+03  -6.0 1.17e+02    -  1.01e-01 5.22e-02f  1
  82  1.3059667e+06 3.49e+00 5.67e+03  -6.0 1.14e+02    -  4.82e-02 1.03e-01f  1
  83  1.3019165e+06 3.24e+00 5.26e+03  -6.0 1.10e+02    -  4.39e-04 7.35e-02f  1
  84  1.3008684e+06 3.17e+00 5.15e+03  -6.0 1.09e+02    -  9.54e-02 2.07e-02f  1
  85  1.2988785e+06 3.04e+00 4.94e+03  -6.0 1.07e+02    -  1.55e-01 4.05e-02f  1
  86  1.2947656e+06 2.77e+00 4.51e+03  -6.0 1.09e+02    -  5.20e-02 8.87e-02f  1
  87  1.2937342e+06 2.70e+00 4.39e+03  -6.0 1.11e+02    -  1.94e-02 2.47e-02f  1
  88  1.2932398e+06 2.67e+00 4.34e+03  -6.0 1.13e+02    -  1.99e-02 1.22e-02f  1
  89  1.2923623e+06 2.61e+00 4.24e+03  -6.0 1.16e+02    -  2.01e-02 2.20e-02f  1
iter    objective    inf_pr   inf_du lg(mu)  ||d||  lg(rg) alpha_du alpha_pr  ls
  90  1.2898189e+06 2.44e+00 3.97e+03  -6.0 1.10e+02    -  2.41e-02 6.53e-02f  1
  91  1.2894921e+06 2.42e+00 3.93e+03  -6.0 1.12e+02    -  2.84e-02 9.06e-03f  1
  92  1.2887746e+06 2.37e+00 3.85e+03  -6.0 1.13e+02    -  4.72e-02 2.01e-02f  1
  93  1.2878323e+06 2.31e+00 3.75e+03  -6.0 6.67e+01    -  2.01e-02 2.71e-02f  1
  94  1.2872559e+06 2.27e+00 3.69e+03  -6.0 6.49e+01    -  4.97e-03 1.71e-02f  1
  95  1.2870507e+06 2.25e+00 3.66e+03  -6.0 7.52e+01    -  1.30e-01 6.26e-03f  1
  96  1.2867334e+06 2.23e+00 3.63e+03  -6.0 7.20e+01    -  6.13e-03 9.84e-03f  1
  97  1.2862476e+06 2.20e+00 3.57e+03  -6.0 7.45e+01    -  6.28e-02 1.53e-02f  1
  98  1.2853137e+06 2.13e+00 3.46e+03  -6.0 7.47e+01    -  3.16e-02 3.00e-02f  1
  99  1.2841929e+06 2.05e+00 3.33e+03  -6.0 7.50e+01    -  8.55e-03 3.74e-02f  1
iter    objective    inf_pr   inf_du lg(mu)  ||d||  lg(rg) alpha_du alpha_pr  ls
 100  1.2841792e+06 2.05e+00 3.33e+03  -6.0 7.67e+01    -  7.05e-02 4.77e-04h  1
 101  1.2837297e+06 2.02e+00 3.28e+03  -6.0 9.62e+01    -  3.27e-03 1.58e-02f  1
 102  1.2836218e+06 2.01e+00 3.27e+03  -6.0 9.31e+01    -  3.93e-02 3.87e-03f  1
 103  1.2800253e+06 1.74e+00 2.83e+03  -6.0 8.13e+01    -  1.85e-02 1.33e-01f  1
 104  1.2799456e+06 1.74e+00 2.82e+03  -6.0 8.34e+01    -  1.29e-01 3.48e-03f  1
 105  1.2766596e+06 1.48e+00 2.42e+03  -6.0 1.11e+02    -  2.84e-02 1.45e-01f  1
 106  1.2760957e+06 1.44e+00 2.34e+03  -6.0 4.57e+01    -  8.39e-02 2.99e-02f  1
 107  1.2728959e+06 1.41e+00 1.93e+03  -6.0 6.53e+01    -  4.17e-02 1.76e-01f  1
 108  1.2704772e+06 1.34e+00 1.62e+03  -6.0 5.38e+01    -  2.73e-02 1.64e-01f  1
 109  1.2670941e+06 9.24e-01 1.18e+03  -6.0 5.80e+01    -  3.75e-02 2.76e-01f  1
iter    objective    inf_pr   inf_du lg(mu)  ||d||  lg(rg) alpha_du alpha_pr  ls
 110  1.2663264e+06 8.57e-01 1.08e+03  -6.0 4.25e+01    -  1.89e-02 8.85e-02f  1
 111  1.2660244e+06 8.25e-01 1.04e+03  -6.0 2.08e+01    -  2.56e-02 3.85e-02f  1
 112  1.2657895e+06 8.00e-01 1.00e+03  -6.0 2.01e+01    -  3.85e-02 3.22e-02f  1
 113  1.2654700e+06 7.66e-01 9.57e+02  -6.0 1.95e+01    -  6.98e-03 4.54e-02f  1
 114  1.2644227e+06 6.53e-01 8.09e+02  -6.0 1.85e+01    -  7.63e-02 1.56e-01f  1
 115  1.2636614e+06 5.69e-01 7.00e+02  -6.0 1.59e+01    -  3.48e-02 1.35e-01f  1
 116  1.2636082e+06 5.63e-01 6.92e+02  -6.0 1.39e+01    -  6.46e-02 1.10e-02h  1
 117  1.2623978e+06 4.24e-01 5.20e+02  -6.0 1.36e+01    -  1.66e-02 2.51e-01f  1
 118  1.2623138e+06 4.14e-01 5.08e+02  -6.0 1.04e+01    -  1.62e-01 2.34e-02h  1
 119  1.2618930e+06 3.65e-01 4.47e+02  -6.0 1.02e+01    -  8.16e-02 1.20e-01f  1
iter    objective    inf_pr   inf_du lg(mu)  ||d||  lg(rg) alpha_du alpha_pr  ls
 120  1.2597422e+06 9.05e-02 1.43e+02  -6.0 2.05e+01    -  1.02e-01 6.99e-01f  1
 121  1.2596281e+06 7.72e-02 1.25e+02  -6.0 8.31e+00    -  1.83e-01 1.29e-01h  1
 122  1.2592344e+06 3.46e-02 6.21e+01  -6.0 7.78e+00    -  1.34e-01 5.08e-01f  1
 123  1.2591069e+06 2.32e-02 5.26e+01  -6.0 3.91e+00    -  6.49e-02 3.29e-01h  1
 124  1.2590822e+06 2.10e-02 4.48e+01  -6.0 3.20e+00    -  1.46e-01 9.62e-02h  1
 125  1.2590599e+06 1.90e-02 3.98e+01  -6.0 2.69e+00    -  1.11e-01 9.50e-02h  1
 126  1.2589875e+06 1.25e-02 3.60e+01  -6.0 2.70e+00    -  1.05e-01 3.40e-01f  1
 127  1.2589605e+06 1.01e-02 3.19e+01  -6.0 1.73e+00    -  1.17e-01 1.91e-01h  1
 128  1.2588810e+06 3.10e-03 2.03e+01  -6.0 1.47e+00    -  3.72e-01 6.94e-01h  1
 129  1.2588582e+06 1.17e-03 5.29e+00  -6.0 8.24e-01    -  7.40e-01 6.24e-01h  1
iter    objective    inf_pr   inf_du lg(mu)  ||d||  lg(rg) alpha_du alpha_pr  ls
 130  1.2588442e+06 5.14e-05 3.71e+00  -6.0 3.41e-01    -  3.03e-01 9.96e-01h  1
 131  1.2588440e+06 1.10e-06 9.25e-02  -6.0 3.43e-02    -  9.75e-01 1.00e+00h  1
 132  1.2588440e+06 2.84e-07 1.75e-05  -6.0 9.30e-03    -  1.00e+00 1.00e+00h  1
 133  1.2588440e+06 1.79e-08 2.23e-07  -6.0 2.30e-03    -  1.00e+00 1.00e+00h  1
 134  1.2588440e+06 9.36e-08 3.56e-02  -7.1 3.97e-03    -  1.00e+00 8.90e-01h  1
 135  1.2588440e+06 7.07e-09 1.50e-07  -7.1 9.77e-04    -  1.00e+00 1.00e+00f  1

Number of Iterations....: 135

                                   (scaled)                 (unscaled)
Objective...............:   1.0036029814714180e+04    1.2588439885811824e+06
Dual infeasibility......:   1.4975817822028632e-07    1.8784537897354362e-05
Constraint violation....:   6.7139827128904345e-09    7.0706147603516456e-09
Variable bound violation:   4.1439383124952656e-07    4.1439383124952656e-07
Complementarity.........:   1.1966127866487899e-07    1.5009409506971518e-05
Overall NLP error.......:   1.4975817822028632e-07    1.8784537897354362e-05


Number of objective function evaluations             = 136
Number of objective gradient evaluations             = 136
Number of equality constraint evaluations            = 136
Number of inequality constraint evaluations          = 137
Number of equality constraint Jacobian evaluations   = 136
Number of inequality constraint Jacobian evaluations = 136
Number of Lagrangian Hessian evaluations             = 135
Total seconds in IPOPT                               = 5.962

EXIT: Optimal Solution Found.

