Solver command line: ['/opt/homebrew/bin/ipopt', '/var/folders/6y/bvynbx6n3zv7z3lwg6vd724r0000gn/T/tmp4zqkzdha.pyomo.nl', '-AMPL', 'tol=1e-06', 'max_iter=300', 'print_level=5', 'warm_start_init_point=yes', 'warm_start_bound_push=1e-06', 'warm_start_bound_frac=1e-06', 'warm_start_mult_bound_push=1e-06', 'mu_init=1e-06', 'least_square_init_duals=no']

Ipopt 3.14.19: tol=1e-06
max_iter=300
print_level=5
warm_start_init_point=yes
warm_start_bound_push=1e-06
warm_start_bound_frac=1e-06
warm_start_mult_bound_push=1e-06
mu_init=1e-06
least_square_init_duals=no


******************************************************************************
This program contains Ipopt, a library for large-scale nonlinear optimization.
 Ipopt is released as open source code under the Eclipse Public License (EPL).
         For more information visit https://github.com/coin-or/Ipopt
******************************************************************************

This is Ipopt version 3.14.19, running with linear solver MUMPS 5.6.2.

Number of nonzeros in equality constraint Jacobian...:    19617
Number of nonzeros in inequality constraint Jacobian.:    15928
Number of nonzeros in Lagrangian Hessian.............:    10902

Total number of variables............................:     3228
                     variables with only lower bounds:        0
                variables with lower and upper bounds:     3228
                     variables with only upper bounds:        0
Total number of equality constraints.................:     2709
Total number of inequality constraints...............:     3982
        inequality constraints with only lower bounds:        0
   inequality constraints with lower and upper bounds:        0
        inequality constraints with only upper bounds:     3982

iter    objective    inf_pr   inf_du lg(mu)  ||d||  lg(rg) alpha_du alpha_pr  ls
   0  1.2588445e+06 4.12e+01 4.89e+04  -6.0 0.00e+00    -  0.00e+00 0.00e+00   0
   1  1.2588233e+06 4.12e+01 4.89e+04  -6.0 1.93e+02    -  7.53e-04 1.18e-04f  1
   2  1.2584927e+06 4.11e+01 4.87e+04  -6.0 8.31e+01    -  1.34e-03 2.49e-03f  1
   3  1.2581681e+06 4.10e+01 4.86e+04  -6.0 1.22e+02    -  1.74e-04 2.21e-03f  1
   4  1.2581625e+06 4.10e+01 4.86e+04  -6.0 1.16e+02    -  6.29e-04 4.15e-05h  1
   5  1.2580716e+06 4.10e+01 4.86e+04  -6.0 1.37e+02    -  1.13e-04 6.53e-04f  1
   6  1.2580527e+06 4.10e+01 4.86e+04  -6.0 1.35e+02    -  6.61e-04 1.38e-04f  1
   7  1.2578276e+06 4.09e+01 4.85e+04  -6.0 1.34e+02    -  1.47e-04 1.64e-03f  1
   8  1.2575596e+06 4.08e+01 4.84e+04  -6.0 1.29e+02    -  3.14e-05 1.98e-03f  1
   9  1.2575596e+06 4.08e+01 4.84e+04  -6.0 3.79e+01    -  6.31e-04 5.12e-08h  1
iter    objective    inf_pr   inf_du lg(mu)  ||d||  lg(rg) alpha_du alpha_pr  ls
  10  1.2575424e+06 4.08e+01 4.84e+04  -6.0 1.15e+02    -  2.39e-03 2.14e-04f  1
  11  1.2574452e+06 4.08e+01 4.83e+04  -6.0 1.02e+02    -  2.43e-04 1.23e-03f  1
  12  1.2574045e+06 4.07e+01 4.83e+04  -6.0 3.79e+01    -  1.25e-05 5.90e-04f  1
  13  1.2573955e+06 4.07e+01 4.83e+04  -6.0 1.03e+02    -  1.85e-04 1.14e-04h  1
  14  1.2573146e+06 4.07e+01 4.83e+04  -6.0 1.12e+02    -  7.06e-04 9.94e-04f  1
  15  1.2572305e+06 4.07e+01 4.82e+04  -6.0 1.12e+02    -  2.17e-04 1.04e-03f  1
  16  1.2570533e+06 4.06e+01 4.81e+04  -6.0 9.83e+01    -  5.34e-04 2.25e-03f  1
  17  1.2570206e+06 4.05e+01 4.81e+04  -6.0 3.80e+01    -  3.25e-03 5.54e-04h  1
  18  1.2567771e+06 4.04e+01 4.79e+04  -6.0 1.16e+02    -  7.32e-03 3.48e-03f  1
  19  1.2565604e+06 4.03e+01 4.78e+04  -6.0 1.11e+02    -  6.50e-04 3.10e-03f  1
iter    objective    inf_pr   inf_du lg(mu)  ||d||  lg(rg) alpha_du alpha_pr  ls
  20  1.2565135e+06 4.02e+01 4.77e+04  -6.0 4.03e+01    -  1.98e-03 7.52e-04h  1
  21  1.2564316e+06 4.02e+01 4.77e+04  -6.0 3.99e+01    -  8.41e-04 1.34e-03f  1
  22  1.2564183e+06 4.02e+01 4.77e+04  -6.0 3.93e+01    -  4.82e-03 2.14e-04h  1
  23  1.2559604e+06 3.99e+01 4.73e+04  -6.0 3.03e+01    -  6.91e-04 7.82e-03f  1
  24  1.2559000e+06 3.98e+01 4.73e+04  -6.0 5.93e+01    -  3.30e-03 7.03e-04f  1
  25  1.2553365e+06 3.96e+01 4.69e+04  -6.0 5.85e+01    -  7.14e-04 6.58e-03f  1
  26  1.2553092e+06 3.96e+01 4.69e+04  -6.0 4.97e+01    -  4.30e-03 3.34e-04h  1
  27  1.2552137e+06 3.95e+01 4.69e+04  -6.0 5.07e+01    -  3.26e-03 1.20e-03f  1
  28r 1.2552137e+06 3.95e+01 9.99e+02   1.1 0.00e+00    -  0.00e+00 9.69e-10R  6
  29r 1.2552526e+06 3.95e+01 9.99e+02   1.1 1.47e+05    -  1.10e-07 2.98e-07f  1
iter    objective    inf_pr   inf_du lg(mu)  ||d||  lg(rg) alpha_du alpha_pr  ls
  30r 1.2548174e+06 3.95e+01 9.99e+02   1.1 2.52e+04    -  4.57e-07 5.61e-06f  1
  31r 1.2419143e+06 3.86e+01 9.99e+02   1.1 2.54e+04    -  6.95e-06 1.69e-04f  1
  32  1.2336962e+06 3.86e+01 2.19e+02  -6.0 1.49e+07    -  7.64e-08 1.52e-07f  1
  33  1.2336599e+06 3.86e+01 2.19e+02  -6.0 9.52e+04  -4.0 3.24e-05 1.46e-07f  1
  34  1.2290693e+06 3.86e+01 2.19e+02  -6.0 2.84e+05  -4.5 4.88e-06 6.38e-06f  1
  35  1.2286319e+06 3.86e+01 2.19e+02  -6.0 1.34e+05  -5.0 5.54e-06 1.85e-06f  1
  36  1.2273154e+06 3.86e+01 2.19e+02  -6.0 3.26e+05  -5.4 5.70e-06 3.03e-06f  1
  37  1.2266769e+06 3.86e+01 2.19e+02  -6.0 3.46e+05  -5.9 1.17e-05 2.07e-06f  1
  38  1.2261819e+06 3.86e+01 2.19e+02  -6.0 1.03e+05  -6.4 1.53e-05 4.75e-06f  1
  39  1.2258229e+06 3.86e+01 2.19e+02  -6.0 2.00e+05    -  2.55e-05 9.93e-06f  1
iter    objective    inf_pr   inf_du lg(mu)  ||d||  lg(rg) alpha_du alpha_pr  ls
  40  1.2256100e+06 3.86e+01 2.19e+02  -6.0 2.54e+05  -6.0 1.33e-05 7.14e-06f  1
  41  1.2253417e+06 3.86e+01 2.19e+02  -6.0 4.13e+04    -  3.70e-05 2.45e-05f  1
  42  1.2250545e+06 3.86e+01 2.19e+02  -6.0 1.51e+04    -  1.26e-04 3.50e-05f  1
  43  1.2241483e+06 3.86e+01 2.18e+02  -6.0 5.37e+03    -  1.23e-04 1.23e-04f  1
  44  1.2223433e+06 3.86e+01 2.18e+02  -6.0 4.50e+03    -  2.84e-04 2.87e-04f  1
  45  1.2216599e+06 3.86e+01 2.18e+02  -6.0 2.32e+04    -  1.53e-05 4.38e-05f  1
  46  1.2208159e+06 3.86e+01 2.18e+02  -6.0 1.20e+04    -  2.38e-04 8.78e-05f  1
  47  1.2208108e+06 3.86e+01 2.18e+02  -6.0 3.33e+03    -  8.93e-04 1.22e-06f  1
  48  1.2186482e+06 3.86e+01 2.18e+02  -6.0 3.28e+03    -  8.56e-04 5.19e-04f  1
  49  1.2186472e+06 3.86e+01 2.18e+02  -6.0 1.19e+03    -  1.58e-04 1.54e-06h  1
iter    objective    inf_pr   inf_du lg(mu)  ||d||  lg(rg) alpha_du alpha_pr  ls
  50  1.2182521e+06 3.86e+01 2.18e+02  -6.0 3.02e+03    -  4.14e-04 4.23e-04f  1
  51  1.2178396e+06 3.86e+01 2.18e+02  -6.0 4.14e+03  -3.7 1.09e-04 2.54e-04f  1
  52  1.2178389e+06 3.86e+01 2.18e+02  -6.0 5.72e+02    -  7.51e-04 7.80e-07h  1
  53  1.2177352e+06 3.86e+01 2.18e+02  -6.0 5.68e+02    -  1.32e-03 1.17e-04f  1
  54  1.2171334e+06 3.85e+01 2.18e+02  -6.0 5.99e+02    -  8.60e-04 6.37e-04f  1
  55  1.2148403e+06 3.85e+01 2.17e+02  -6.0 8.43e+02    -  6.65e-04 1.83e-03f  1
  56  1.2144710e+06 3.85e+01 2.17e+02  -6.0 3.48e+02  -2.4 1.36e-06 4.15e-04f  1
  57  1.2103598e+06 3.84e+01 2.17e+02  -6.0 2.04e+03  -2.9 5.08e-04 2.41e-03f  1
  58  1.2102712e+06 3.84e+01 2.17e+02  -6.0 5.09e+02  -3.4 2.01e-04 9.53e-05f  1
  59  1.2083085e+06 3.81e+01 2.16e+02  -6.0 2.68e+02  -3.8 2.30e-03 5.65e-03f  1
iter    objective    inf_pr   inf_du lg(mu)  ||d||  lg(rg) alpha_du alpha_pr  ls
  60  1.2078313e+06 3.81e+01 2.15e+02  -6.0 1.32e+02  -4.3 5.27e-03 2.21e-03f  1
  61  1.2063596e+06 3.79e+01 2.15e+02  -6.0 3.19e+02  -3.9 1.09e-08 4.74e-03f  1
  62  1.2053030e+06 3.78e+01 2.15e+02  -6.0 1.60e+02  -4.4 1.39e-03 2.56e-03f  1
  63  1.2043696e+06 3.77e+01 2.14e+02  -6.0 5.56e+02  -3.9 1.27e-03 8.77e-04f  1
  64  1.2042314e+06 3.77e+01 2.14e+02  -6.0 5.32e+02  -4.4 2.99e-03 1.37e-04f  1
  65  1.2041633e+06 3.77e+01 2.13e+02  -6.0 1.61e+02  -4.0 8.03e-03 4.93e-04f  1
  66  1.2038835e+06 3.77e+01 2.12e+02  -6.0 5.07e+02  -4.5 4.81e-05 3.13e-04f  1
  67  1.2038785e+06 3.77e+01 2.12e+02  -6.0 4.41e+02  -4.0 3.69e-03 6.68e-06f  1
  68  1.2013719e+06 3.76e+01 2.12e+02  -6.0 4.46e+02  -4.5 4.68e-04 3.32e-03f  1
  69  1.1998208e+06 3.75e+01 2.10e+02  -6.0 2.78e+02  -4.1 1.25e-02 3.27e-03f  1
iter    objective    inf_pr   inf_du lg(mu)  ||d||  lg(rg) alpha_du alpha_pr  ls
  70  1.1994639e+06 3.74e+01 2.09e+02  -6.0 2.51e+02  -4.6 1.70e-02 9.97e-04f  1
  71  1.1991189e+06 3.74e+01 2.08e+02  -6.0 2.22e+02  -4.1 9.45e-03 1.22e-03f  1
  72  1.1966180e+06 3.70e+01 2.06e+02  -6.0 2.06e+02  -4.6 1.64e-03 1.02e-02f  1
  73  1.1966178e+06 3.70e+01 2.05e+02  -6.0 1.04e+02  -4.2 1.11e-02 3.60e-06h  1
  74  1.1965226e+06 3.70e+01 2.05e+02  -6.0 1.55e+02  -4.7 1.66e-04 6.28e-04f  1
  75  1.1963670e+06 3.69e+01 2.05e+02  -6.0 1.09e+02  -4.2 5.19e-04 2.64e-03f  1
  76  1.1963612e+06 3.69e+01 2.05e+02  -6.0 9.32e+01  -4.7 1.21e-03 5.70e-04h  1
  77  1.1963441e+06 3.68e+01 2.04e+02  -6.0 9.16e+01  -4.3 1.44e-03 1.84e-03h  1
  78  1.1963198e+06 3.67e+01 2.04e+02  -6.0 9.18e+01  -4.8 3.11e-03 2.67e-03h  1
  79  1.1962878e+06 3.66e+01 2.02e+02  -6.0 9.13e+01  -5.2 1.98e-02 3.76e-03h  1
iter    objective    inf_pr   inf_du lg(mu)  ||d||  lg(rg) alpha_du alpha_pr  ls
  80  1.1960654e+06 3.65e+01 2.01e+02  -6.0 1.78e+02  -4.8 1.13e-04 2.38e-03f  1
  81  1.1960490e+06 3.65e+01 2.00e+02  -6.0 3.71e+02    -  1.00e-02 1.66e-04h  1
  82  1.1956393e+06 3.63e+01 2.00e+02  -6.0 3.83e+02    -  2.94e-03 4.09e-03f  1
  83  1.1956393e+06 3.63e+01 1.99e+02  -6.0 1.62e+02    -  1.56e-02 8.99e-07h  1
  84  1.1948835e+06 3.60e+01 1.98e+02  -6.0 2.02e+02    -  1.17e-02 9.22e-03f  1
  85  1.1940020e+06 3.55e+01 1.95e+02  -6.0 1.56e+02    -  6.61e-03 1.23e-02f  1
  86  1.1938658e+06 3.55e+01 1.94e+02  -6.0 2.27e+02    -  5.86e-03 2.17e-03f  1
  87  1.1938142e+06 3.45e+01 1.91e+02  -6.0 7.95e+01    -  1.59e-02 2.59e-02h  1
  88  1.1938166e+06 3.44e+01 1.90e+02  -6.0 7.05e+01    -  3.52e-03 4.57e-03h  1
  89  1.1938260e+06 3.40e+01 1.87e+02  -6.0 6.98e+01    -  1.59e-02 9.96e-03h  1
iter    objective    inf_pr   inf_du lg(mu)  ||d||  lg(rg) alpha_du alpha_pr  ls
  90  1.1938524e+06 3.35e+01 1.85e+02  -6.0 6.85e+01    -  1.37e-02 1.68e-02h  1
  91  1.1939061e+06 3.27e+01 1.81e+02  -6.0 6.67e+01    -  1.82e-02 2.26e-02h  1
  92  1.1933381e+06 3.20e+01 1.80e+02  -6.0 8.68e+01    -  8.75e-04 2.25e-02f  1
  93  1.1925932e+06 3.05e+01 1.75e+02  -6.0 8.26e+01    -  1.79e-02 4.50e-02f  1
  94r 1.1925932e+06 3.05e+01 9.99e+02   0.9 0.00e+00    -  0.00e+00 4.86e-07R  2
  95r 1.1989281e+06 3.10e+01 9.99e+02   0.9 1.59e+06    -  4.55e-07 1.51e-06f  1
  96r 1.1918771e+06 3.05e+01 9.99e+02   0.9 2.34e+04    -  3.84e-06 7.29e-05f  1
  97r 1.1885376e+06 3.03e+01 9.99e+02   0.9 1.89e+04    -  5.05e-05 1.02e-04f  1
  98  1.1884651e+06 3.03e+01 1.92e+02  -6.0 2.85e+04    -  6.21e-05 1.52e-04f  1
  99  1.1883006e+06 3.03e+01 1.92e+02  -6.0 1.10e+04    -  9.18e-06 7.57e-05f  1
iter    objective    inf_pr   inf_du lg(mu)  ||d||  lg(rg) alpha_du alpha_pr  ls
 100  1.1877430e+06 3.02e+01 1.92e+02  -6.0 1.47e+04    -  1.32e-04 3.86e-04f  1
 101  1.1875923e+06 3.02e+01 1.92e+02  -6.0 3.88e+03    -  3.53e-05 6.09e-04f  1
 102  1.1875444e+06 3.01e+01 1.92e+02  -6.0 1.17e+03    -  1.03e-05 2.93e-03h  1
 103  1.1875407e+06 3.01e+01 1.92e+02  -6.0 2.14e+02    -  3.33e-06 3.52e-04h  1
 104  1.1875558e+06 3.01e+01 1.92e+02  -6.0 9.57e+02    -  8.31e-04 1.86e-03h  3
 105  1.1875650e+06 3.00e+01 1.91e+02  -6.0 2.60e+02    -  4.48e-03 8.37e-04h  1
 106  1.1875891e+06 3.00e+01 1.90e+02  -6.0 1.78e+02    -  6.87e-03 2.09e-03h  4
 107  1.1875914e+06 3.00e+01 1.87e+02  -6.0 7.63e+01    -  2.69e-02 1.97e-04h  8
 108  1.1875920e+06 3.00e+01 1.87e+02  -6.0 7.63e+01    -  1.78e-03 5.17e-05h 10
 109  1.1875922e+06 3.00e+01 1.85e+02  -6.0 7.63e+01    -  1.47e-02 1.29e-05h 12
iter    objective    inf_pr   inf_du lg(mu)  ||d||  lg(rg) alpha_du alpha_pr  ls
 110  1.1876137e+06 2.99e+01 1.84e+02  -6.0 7.64e+01    -  2.03e-03 2.03e-03s 17
 111  1.1876557e+06 2.98e+01 1.84e+02  -6.0 7.51e+01    -  3.92e-03 3.92e-03s 17
 112  1.1877720e+06 2.95e+01 1.82e+02  -6.0 7.35e+01    -  1.10e-02 1.10e-02s 17
 113  1.1877964e+06 2.94e+01 1.81e+02  -6.0 7.37e+01    -  3.52e-03 3.52e-03s 17
 114  1.1877233e+06 2.93e+01 1.81e+02  -6.0 1.47e+02    -  9.22e-04 9.22e-04s 17
 115  1.1874316e+06 2.92e+01 1.80e+02  -6.0 1.45e+02    -  3.77e-03 0.00e+00S 17
 116  1.1869410e+06 2.90e+01 1.79e+02  -6.0 1.40e+02    -  8.39e-03 6.88e-03f  1
 117r 1.1869410e+06 2.90e+01 9.99e+02   0.9 0.00e+00    -  0.00e+00 3.99e-07R  3
 118r 1.1912028e+06 2.90e+01 9.99e+02   0.9 1.33e+06    -  5.35e-07 1.27e-06f  1
 119r 1.1855011e+06 2.88e+01 9.99e+02   0.9 2.06e+04    -  1.66e-04 7.57e-05f  1
iter    objective    inf_pr   inf_du lg(mu)  ||d||  lg(rg) alpha_du alpha_pr  ls
 120r 1.1805072e+06 2.84e+01 9.99e+02   0.9 1.90e+04    -  1.88e-04 1.74e-04f  1
 121  1.1804797e+06 2.84e+01 1.82e+02  -6.0 2.52e+04    -  1.15e-04 6.49e-05f  1
 122  1.1800349e+06 2.83e+01 1.82e+02  -6.0 1.96e+04    -  2.50e-05 1.45e-04f  1
 123r 1.1800349e+06 2.83e+01 9.99e+02   0.8 0.00e+00    -  0.00e+00 8.98e-11R  4
 124r 1.1843775e+06 2.83e+01 9.99e+02   0.8 6.53e+06    -  1.26e-07 2.59e-07f  1
 125r 1.1815251e+06 2.82e+01 9.99e+02   0.8 2.21e+04    -  2.71e-04 4.35e-05f  1
 126r 1.1762204e+06 2.74e+01 9.99e+02   0.8 2.05e+04    -  2.26e-04 2.75e-04f  1
 127  1.1761622e+06 2.74e+01 1.69e+02  -6.0 1.24e+05    -  2.06e-05 5.17e-05f  1
 128  1.1759604e+06 2.74e+01 1.69e+02  -6.0 6.57e+04    -  4.85e-06 1.71e-04f  1
 129  1.1759325e+06 2.74e+01 1.69e+02  -6.0 4.85e+04    -  8.83e-06 5.25e-05f  1
iter    objective    inf_pr   inf_du lg(mu)  ||d||  lg(rg) alpha_du alpha_pr  ls
 130  1.1756466e+06 2.74e+01 1.69e+02  -6.0 1.37e+04    -  5.97e-07 7.01e-04f  1
 131  1.1756398e+06 2.74e+01 1.69e+02  -6.0 3.91e+04    -  8.24e-06 3.19e-05h  1
 132  1.1752830e+06 2.74e+01 1.69e+02  -6.0 8.44e+03    -  7.89e-06 1.44e-03f  1
 133  1.1751186e+06 2.73e+01 1.69e+02  -6.0 1.50e+03    -  2.50e-07 2.90e-03f  1
 134  1.1746830e+06 2.70e+01 1.68e+02  -6.0 7.50e+02    -  2.14e-04 9.92e-03f  1
 135  1.1744153e+06 2.66e+01 1.67e+02  -6.0 2.12e+02    -  7.08e-08 1.40e-02h  1
 136  1.1745617e+06 2.63e+01 1.66e+02  -6.0 1.19e+02    -  5.67e-03 1.10e-02h  2
 137  1.1752620e+06 2.56e+01 1.61e+02  -6.0 1.43e+02    -  3.44e-02 2.86e-02h  1
 138  1.1755259e+06 2.54e+01 1.60e+02  -6.0 6.08e+01  -2.6 3.22e-06 8.86e-03h  2
 139  1.1755938e+06 2.53e+01 1.56e+02  -6.0 7.44e+01  -3.1 4.79e-02 2.39e-03h  4
iter    objective    inf_pr   inf_du lg(mu)  ||d||  lg(rg) alpha_du alpha_pr  ls
 140  1.1754514e+06 2.48e+01 1.54e+02  -6.0 9.44e+01  -3.5 1.48e-03 2.00e-02h  1
 141r 1.1754514e+06 2.48e+01 9.99e+02   1.4 0.00e+00    -  0.00e+00 3.19e-07R  2
 142r 1.1783463e+06 2.48e+01 9.99e+02   1.4 3.63e+06    -  8.89e-07 3.54e-07f  1
 143r 1.1719956e+06 2.44e+01 9.98e+02   0.7 2.68e+04    -  5.72e-04 5.01e-04f  1
 144  1.1719863e+06 2.44e+01 1.62e+02  -6.0 3.85e+04    -  5.69e-05 1.60e-05f  1
 145  1.1719424e+06 2.44e+01 1.62e+02  -6.0 2.10e+04    -  1.83e-04 1.31e-04f  1
 146  1.1719281e+06 2.44e+01 1.62e+02  -6.0 8.69e+03    -  1.44e-04 6.22e-05h  1
 147  1.1719079e+06 2.44e+01 1.62e+02  -6.0 5.33e+03    -  1.37e-04 1.53e-04f  1
 148  1.1718322e+06 2.43e+01 1.62e+02  -6.0 1.69e+03    -  1.76e-03 1.79e-03h  1
 149  1.1717129e+06 2.42e+01 1.62e+02  -6.0 1.62e+03    -  2.77e-04 2.96e-03h  1
iter    objective    inf_pr   inf_du lg(mu)  ||d||  lg(rg) alpha_du alpha_pr  ls
 150  1.1717169e+06 2.42e+01 1.62e+02  -6.0 3.60e+03    -  8.66e-04 1.32e-04h  4
 151  1.1717482e+06 2.42e+01 1.61e+02  -6.0 3.54e+02    -  5.54e-03 2.90e-03h  3
 152  1.1718156e+06 2.41e+01 1.59e+02  -6.0 2.04e+02    -  2.30e-02 2.23e-03h  4
 153  1.1718260e+06 2.41e+01 1.58e+02  -6.0 7.83e+01    -  1.28e-02 3.54e-04h  8
 154  1.1718306e+06 2.41e+01 1.57e+02  -6.0 7.97e+01    -  1.03e-02 1.71e-04h  9
 155  1.1718314e+06 2.41e+01 1.57e+02  -6.0 9.20e+01    -  7.34e-03 5.89e-05h 10
 156  1.1718319e+06 2.41e+01 1.56e+02  -6.0 9.16e+01    -  5.35e-03 2.98e-05h 11
 157  1.1722728e+06 2.34e+01 1.53e+02  -6.0 9.15e+01    -  1.30e-02 3.08e-02h  1
 158  1.1719317e+06 2.27e+01 1.50e+02  -6.0 1.10e+02    -  3.86e-06 3.03e-02h  1
 159r 1.1719317e+06 2.27e+01 9.99e+02   1.2 0.00e+00    -  0.00e+00 1.84e-07R  2
iter    objective    inf_pr   inf_du lg(mu)  ||d||  lg(rg) alpha_du alpha_pr  ls
 160r 1.1755277e+06 2.27e+01 9.99e+02   1.2 6.65e+06    -  1.22e-06 6.05e-07f  1
 161r 1.1714909e+06 2.25e+01 9.99e+02   1.2 1.70e+04    -  2.44e-04 2.20e-04f  1
 162  1.1713577e+06 2.25e+01 1.56e+02  -6.0 2.27e+05    -  5.82e-07 9.39e-06f  1
 163  1.1712080e+06 2.25e+01 1.56e+02  -6.0 4.56e+04    -  3.10e-07 5.49e-05f  1
 164  1.1709759e+06 2.25e+01 1.56e+02  -6.0 4.56e+04    -  2.76e-05 6.33e-05f  1
 165  1.1709741e+06 2.25e+01 1.56e+02  -6.0 6.49e+03    -  5.03e-04 2.42e-05h  1
 166  1.1709622e+06 2.25e+01 1.56e+02  -6.0 4.72e+03    -  8.38e-04 2.72e-04h  1
 167  1.1709542e+06 2.25e+01 1.56e+02  -6.0 1.12e+03    -  1.50e-04 1.31e-03h  1
 168  1.1709386e+06 2.24e+01 1.56e+02  -6.0 5.24e+02    -  1.36e-04 3.27e-03h  1
 169  1.1709386e+06 2.24e+01 1.56e+02  -6.0 2.04e+02    -  6.84e-04 1.05e-04h  1
iter    objective    inf_pr   inf_du lg(mu)  ||d||  lg(rg) alpha_du alpha_pr  ls
 170  1.1709428e+06 2.23e+01 1.54e+02  -6.0 1.94e+02    -  1.69e-02 2.77e-03h  1
 171  1.1711334e+06 2.21e+01 1.53e+02  -6.0 7.47e+01  -3.1 5.98e-03 1.02e-02h  1
 172  1.1723716e+06 2.13e+01 1.47e+02  -6.0 9.74e+01    -  3.58e-02 3.70e-02h  1
 173  1.1732465e+06 2.06e+01 1.43e+02  -6.0 7.15e+01    -  6.22e-03 3.48e-02h  1
 174  1.1733278e+06 2.05e+01 1.43e+02  -6.0 7.61e+01    -  6.18e-03 2.63e-03h  1
 175  1.1755799e+06 1.93e+01 2.46e+02  -6.0 6.02e+01    -  9.62e-02 5.66e-02h  1
 176  1.1764258e+06 1.89e+01 2.26e+02  -6.0 6.07e+01    -  1.84e-02 2.14e-02h  1
 177  1.1774285e+06 1.84e+01 2.00e+02  -6.0 6.08e+01    -  5.70e-02 2.54e-02h  1
 178  1.1792978e+06 1.76e+01 1.39e+02  -6.0 6.07e+01    -  8.52e-02 4.74e-02h  1
 179  1.1798275e+06 1.73e+01 1.36e+02  -6.0 5.91e+01    -  2.66e-02 1.34e-02h  1
iter    objective    inf_pr   inf_du lg(mu)  ||d||  lg(rg) alpha_du alpha_pr  ls
 180  1.1829502e+06 1.62e+01 1.99e+02  -6.0 5.28e+01    -  8.21e-02 6.81e-02h  1
 181  1.1860154e+06 1.50e+01 2.72e+02  -6.0 5.01e+01    -  3.31e-02 6.94e-02h  1
 182  1.1874382e+06 1.45e+01 2.83e+02  -6.0 4.80e+01    -  8.49e-02 3.39e-02h  1
 183  1.1896461e+06 1.37e+01 3.21e+02  -6.0 5.05e+01    -  3.41e-02 5.51e-02h  1
 184  1.1898633e+06 1.36e+01 3.20e+02  -6.0 5.16e+01    -  1.08e-02 5.72e-03h  1
 185  1.1900801e+06 1.36e+01 3.19e+02  -6.0 5.04e+01    -  1.75e-02 5.92e-03h  1
 186  1.1934477e+06 1.25e+01 4.03e+02  -6.0 4.94e+01    -  1.31e-02 7.87e-02h  1
 187  1.2008250e+06 1.03e+01 8.69e+02  -6.0 5.80e+01    -  4.59e-02 1.77e-01h  1
 188  1.2023433e+06 9.86e+00 8.63e+02  -6.0 4.32e+01    -  3.79e-02 3.96e-02h  1
 189  1.2039459e+06 9.46e+00 8.60e+02  -6.0 5.21e+01    -  1.87e-02 4.06e-02h  1
iter    objective    inf_pr   inf_du lg(mu)  ||d||  lg(rg) alpha_du alpha_pr  ls
 190  1.2060654e+06 8.94e+00 8.74e+02  -6.0 5.10e+01    -  7.08e-02 5.48e-02h  1
 191  1.2096401e+06 8.06e+00 1.02e+03  -6.0 4.88e+01    -  2.25e-02 9.79e-02h  1
 192  1.2160021e+06 6.76e+00 1.30e+03  -6.0 4.28e+01    -  1.32e-02 1.61e-01h  1
 193  1.2160037e+06 6.76e+00 1.30e+03  -6.0 4.15e+01    -  1.68e-02 4.85e-05h  1
 194  1.2171146e+06 6.56e+00 1.26e+03  -6.0 4.45e+01    -  4.30e-02 2.96e-02h  1
 195  1.2187817e+06 6.26e+00 1.20e+03  -6.0 4.13e+01    -  1.10e-02 4.61e-02h  1
 196  1.2193400e+06 6.16e+00 1.19e+03  -6.0 3.37e+01    -  3.58e-02 1.57e-02h  1
 197  1.2197770e+06 6.09e+00 1.17e+03  -6.0 2.86e+01    -  1.58e-02 1.23e-02h  1
 198  1.2207056e+06 5.91e+00 1.14e+03  -6.0 2.32e+01    -  2.15e-02 2.82e-02h  1
 199  1.2211855e+06 5.82e+00 1.12e+03  -6.0 4.08e+01    -  1.71e-03 1.50e-02h  1
iter    objective    inf_pr   inf_du lg(mu)  ||d||  lg(rg) alpha_du alpha_pr  ls
 200  1.2212438e+06 5.81e+00 1.12e+03  -6.0 3.81e+01    -  5.88e-02 1.85e-03h  1
 201  1.2225491e+06 5.58e+00 1.07e+03  -6.0 2.71e+01    -  8.63e-02 4.07e-02h  1
 202  1.2227450e+06 5.54e+00 1.07e+03  -6.0 2.51e+01    -  4.53e-02 6.35e-03h  1
 203  1.2238596e+06 5.34e+00 1.03e+03  -6.0 2.37e+01    -  3.41e-02 3.62e-02h  1
 204  1.2244471e+06 5.24e+00 1.01e+03  -6.0 2.09e+01    -  3.11e-02 1.97e-02h  1
 205  1.2256235e+06 5.02e+00 9.65e+02  -6.0 3.65e+01    -  3.94e-03 4.20e-02h  1
 206  1.2257334e+06 5.00e+00 9.61e+02  -6.0 2.87e+01    -  3.04e-02 4.03e-03h  1
 207  1.2271979e+06 4.73e+00 9.10e+02  -6.0 2.37e+01    -  1.22e-01 5.33e-02h  1
 208  1.2289769e+06 4.41e+00 8.48e+02  -6.0 2.07e+01    -  2.41e-03 6.75e-02h  1
 209  1.2290715e+06 4.39e+00 8.45e+02  -6.0 1.90e+01    -  1.72e-02 3.78e-03h  1
iter    objective    inf_pr   inf_du lg(mu)  ||d||  lg(rg) alpha_du alpha_pr  ls
 210  1.2295273e+06 4.31e+00 8.30e+02  -6.0 2.80e+01    -  5.06e-02 1.78e-02h  1
 211  1.2310228e+06 4.07e+00 7.83e+02  -6.0 4.32e+01    -  2.74e-03 5.54e-02h  1
 212  1.2311486e+06 4.05e+00 7.80e+02  -6.0 4.29e+01    -  2.28e-01 4.88e-03h  1
 213  1.2313571e+06 4.02e+00 7.73e+02  -6.0 4.29e+01    -  2.33e-02 8.09e-03h  1
 214  1.2316406e+06 3.98e+00 7.65e+02  -6.0 3.11e+01    -  3.64e-01 1.07e-02h  1
 215  1.2324927e+06 3.85e+00 7.40e+02  -6.0 3.25e+01    -  1.04e-02 3.27e-02h  1
 216  1.2326390e+06 3.83e+00 7.36e+02  -6.0 2.78e+01    -  9.26e-02 5.82e-03h  1
 217  1.2344759e+06 3.55e+00 6.82e+02  -6.0 3.26e+01    -  9.32e-02 7.28e-02h  1
 218  1.2378902e+06 3.03e+00 5.83e+02  -6.0 2.68e+01    -  8.11e-02 1.46e-01h  1
 219  1.2394915e+06 2.79e+00 5.37e+02  -6.0 2.36e+01    -  5.66e-02 7.92e-02h  1
iter    objective    inf_pr   inf_du lg(mu)  ||d||  lg(rg) alpha_du alpha_pr  ls
 220  1.2429634e+06 2.27e+00 4.37e+02  -6.0 2.19e+01    -  3.34e-02 1.86e-01h  1
 221  1.2441543e+06 2.10e+00 4.03e+02  -6.0 1.82e+01    -  1.49e-01 7.71e-02h  1
 222  1.2471995e+06 1.65e+00 3.17e+02  -6.0 1.63e+01    -  9.71e-02 2.13e-01h  1
 223  1.2472551e+06 1.64e+00 3.16e+02  -6.0 1.34e+01    -  1.05e-01 4.92e-03h  1
 224  1.2484539e+06 1.47e+00 2.82e+02  -6.0 1.38e+01    -  9.29e-02 1.07e-01h  1
 225  1.2507781e+06 1.13e+00 2.17e+02  -6.0 1.24e+01    -  1.02e-01 2.31e-01h  1
 226  1.2515068e+06 1.02e+00 1.97e+02  -6.0 9.54e+00    -  7.62e-02 9.34e-02h  1
 227  1.2516697e+06 9.99e-01 1.92e+02  -6.0 8.01e+00    -  2.04e-01 2.30e-02h  1
 228  1.2540849e+06 6.49e-01 1.31e+02  -6.0 7.59e+00    -  2.84e-02 3.49e-01h  1
 229  1.2542453e+06 6.26e-01 1.28e+02  -6.0 4.94e+00    -  4.54e-02 3.53e-02h  1
iter    objective    inf_pr   inf_du lg(mu)  ||d||  lg(rg) alpha_du alpha_pr  ls
 230  1.2547586e+06 5.56e-01 1.13e+02  -6.0 4.83e+00    -  1.40e-01 1.12e-01h  1
 231  1.2564453e+06 3.25e-01 6.45e+01  -6.0 4.36e+00    -  5.68e-02 4.15e-01h  1
 232  1.2567873e+06 2.79e-01 5.52e+01  -6.0 2.48e+00    -  4.84e-01 1.43e-01h  1
 233  1.2576463e+06 1.62e-01 3.16e+01  -6.0 2.14e+00    -  1.08e-01 4.19e-01h  1
 234  1.2584332e+06 5.53e-02 1.06e+01  -6.0 1.24e+00    -  5.58e-01 6.58e-01h  1
 235  1.2584901e+06 4.76e-02 9.12e+00  -6.0 6.91e-01    -  6.13e-01 1.39e-01h  1
 236  1.2585513e+06 3.94e-02 7.54e+00  -6.0 4.35e-01    -  8.90e-01 1.73e-01h  1
 237  1.2588029e+06 5.50e-03 1.03e+00  -6.0 3.34e-01    -  6.07e-01 8.60e-01h  1
 238  1.2588440e+06 2.71e-06 3.13e-01  -6.0 6.26e-02    -  2.99e-01 1.00e+00h  1
 239  1.2588440e+06 2.39e-07 2.95e-04  -6.0 5.73e-03    -  1.00e+00 1.00e+00h  1
iter    objective    inf_pr   inf_du lg(mu)  ||d||  lg(rg) alpha_du alpha_pr  ls
 240  1.2588440e+06 2.75e-09 3.38e-06  -6.0 6.06e-04    -  1.00e+00 1.00e+00h  1
 241  1.2588440e+06 9.38e-08 3.57e-02  -7.1 3.99e-03    -  1.00e+00 8.90e-01h  1
 242  1.2588440e+06 7.06e-09 1.62e-07  -7.1 9.79e-04    -  1.00e+00 1.00e+00f  1

Number of Iterations....: 242

                                   (scaled)                 (unscaled)
Objective...............:   1.0036029814714046e+04    1.2588439885811657e+06
Dual infeasibility......:   1.6214161670903125e-07    2.0337823149323831e-05
Constraint violation....:   6.7141102323047333e-09    7.0641710814278724e-09
Variable bound violation:   4.1439383124952656e-07    4.1439383124952656e-07
Complementarity.........:   1.1966085001422077e-07    1.5009355740261548e-05
Overall NLP error.......:   1.6214161670903125e-07    2.0337823149323831e-05


Number of objective function evaluations             = 361
Number of objective gradient evaluations             = 233
Number of equality constraint evaluations            = 361
Number of inequality constraint evaluations          = 362
Number of equality constraint Jacobian evaluations   = 249
Number of inequality constraint Jacobian evaluations = 249
Number of Lagrangian Hessian evaluations             = 242
Total seconds in IPOPT                               = 10.693

EXIT: Optimal Solution Found.

