Solver command line: ['/opt/homebrew/bin/ipopt', '/var/folders/6y/bvynbx6n3zv7z3lwg6vd724r0000gn/T/tmpobocivqc.pyomo.nl', '-AMPL', 'tol=1e-06', 'max_iter=300', 'print_level=5', 'warm_start_init_point=yes', 'warm_start_bound_push=1e-06', 'warm_start_bound_frac=1e-06', 'warm_start_mult_bound_push=1e-06', 'mu_init=1e-06', 'least_square_init_duals=no']

Ipopt 3.14.19: tol=1e-06
max_iter=300
print_level=5
warm_start_init_point=yes
warm_start_bound_push=1e-06
warm_start_bound_frac=1e-06
warm_start_mult_bound_push=1e-06
mu_init=1e-06
least_square_init_duals=no


******************************************************************************
This program contains Ipopt, a library for large-scale nonlinear optimization.
 Ipopt is released as open source code under the Eclipse Public License (EPL).
         For more information visit https://github.com/coin-or/Ipopt
******************************************************************************

This is Ipopt version 3.14.19, running with linear solver MUMPS 5.6.2.

Number of nonzeros in equality constraint Jacobian...:    19617
Number of nonzeros in inequality constraint Jacobian.:    15928
Number of nonzeros in Lagrangian Hessian.............:    10902

Total number of variables............................:     3228
                     variables with only lower bounds:        0
                variables with lower and upper bounds:     3228
                     variables with only upper bounds:        0
Total number of equality constraints.................:     2709
Total number of inequality constraints...............:     3982
        inequality constraints with only lower bounds:        0
   inequality constraints with lower and upper bounds:        0
        inequality constraints with only upper bounds:     3982

iter    objective    inf_pr   inf_du lg(mu)  ||d||  lg(rg) alpha_du alpha_pr  ls
   0  1.8576601e+06 1.43e+01 1.22e+02  -6.0 0.00e+00    -  0.00e+00 0.00e+00   0
   1  1.7907684e+06 1.43e+01 1.22e+02  -6.0 1.12e+08    -  2.99e-08 1.43e-08f  1
   2  1.7290757e+06 1.43e+01 1.22e+02  -6.0 9.93e+07    -  7.33e-08 1.78e-08f  1
   3  1.6256929e+06 1.43e+01 1.22e+02  -6.0 6.09e+07    -  6.10e-08 6.82e-08f  1
   4  1.5406182e+06 1.43e+01 1.22e+02  -6.0 3.24e+07    -  1.34e-07 1.09e-07f  1
   5  1.4875550e+06 1.43e+01 1.22e+02  -6.0 1.08e+07    -  1.34e-07 1.58e-07f  1
   6  1.4565566e+06 1.43e+01 1.22e+02  -6.0 7.95e+06    -  2.86e-07 1.90e-07f  1
   7  1.4370331e+06 1.43e+01 1.22e+02  -6.0 3.84e+06    -  8.36e-07 2.69e-07f  1
   8  1.4242839e+06 1.43e+01 1.22e+02  -6.0 2.93e+06    -  5.50e-07 4.95e-07f  1
   9  1.4121064e+06 1.43e+01 1.22e+02  -6.0 2.51e+06    -  6.90e-07 8.95e-07f  1
iter    objective    inf_pr   inf_du lg(mu)  ||d||  lg(rg) alpha_du alpha_pr  ls
  10  1.4092821e+06 1.43e+01 1.22e+02  -6.0 1.88e+06    -  6.22e-07 4.56e-07f  1
  11  1.4042446e+06 1.43e+01 1.22e+02  -6.0 1.54e+06    -  1.67e-07 1.10e-06f  1
  12  1.3999461e+06 1.43e+01 1.22e+02  -6.0 1.15e+06    -  1.03e-06 1.39e-06f  1
  13  1.3980098e+06 1.43e+01 1.22e+02  -6.0 7.15e+05    -  9.83e-07 1.34e-06f  1
  14  1.3965466e+06 1.43e+01 1.22e+02  -6.0 4.81e+05    -  3.43e-11 1.65e-06f  1
  15  1.3954937e+06 1.43e+01 1.22e+02  -6.0 5.07e+05    -  3.61e-06 1.62e-06f  1
  16  1.3947342e+06 1.43e+01 1.22e+02  -6.0 2.04e+05    -  2.26e-06 2.57e-06f  1
  17  1.3937551e+06 1.43e+01 1.22e+02  -6.0 7.31e+06    -  1.27e-09 2.06e-07f  1
  18  1.3937287e+06 1.43e+01 1.22e+02  -6.0 1.36e+05    -  5.27e-06 1.68e-07f  1
  19  1.3929614e+06 1.43e+01 1.22e+02  -6.0 1.28e+05    -  1.52e-07 6.84e-06f  1
iter    objective    inf_pr   inf_du lg(mu)  ||d||  lg(rg) alpha_du alpha_pr  ls
  20  1.3924494e+06 1.43e+01 1.22e+02  -6.0 7.19e+04    -  7.11e-06 8.38e-06f  1
  21  1.3922922e+06 1.43e+01 1.22e+02  -6.0 4.16e+04    -  2.15e-05 7.31e-06f  1
  22  1.3921732e+06 1.43e+01 1.22e+02  -6.0 3.08e+04    -  3.31e-05 1.25e-05f  1
  23  1.3920127e+06 1.43e+01 1.22e+02  -6.0 2.19e+04    -  9.94e-06 3.76e-05f  1
  24  1.3919825e+06 1.43e+01 1.22e+02  -6.0 7.71e+03    -  1.90e-04 1.77e-05f  1
  25  1.3918920e+06 1.43e+01 1.22e+02  -6.0 5.55e+03    -  1.32e-04 1.45e-04f  1
  26  1.3918371e+06 1.43e+01 1.22e+02  -6.0 1.05e+03    -  2.05e-04 1.92e-04f  1
  27  1.3917828e+06 1.43e+01 1.22e+02  -6.0 4.35e+02    -  9.25e-04 2.65e-04f  1
  28  1.3915265e+06 1.43e+01 1.21e+02  -6.0 1.79e+02    -  5.01e-04 1.49e-03f  1
  29  1.3915052e+06 1.43e+01 1.21e+02  -6.0 1.62e+03    -  2.22e-04 6.59e-05f  1
iter    objective    inf_pr   inf_du lg(mu)  ||d||  lg(rg) alpha_du alpha_pr  ls
  30  1.3911391e+06 1.42e+01 1.21e+02  -6.0 1.76e+02    -  2.34e-04 2.26e-03f  1
  31  1.3908859e+06 1.42e+01 1.21e+02  -6.0 3.47e+03    -  8.92e-05 4.06e-04f  1
  32  1.3908859e+06 1.42e+01 1.21e+02  -6.0 7.77e+02    -  5.01e-04 1.39e-08h  1
  33  1.3908157e+06 1.42e+01 1.21e+02  -6.0 7.76e+02    -  1.52e-04 3.22e-04f  1
  34  1.3907971e+06 1.42e+01 1.21e+02  -6.0 6.66e+02    -  1.77e-04 8.81e-05f  1
  35  1.3906566e+06 1.42e+01 1.21e+02  -6.0 6.74e+02    -  6.03e-05 7.82e-04f  1
  36  1.3906413e+06 1.42e+01 1.21e+02  -6.0 4.98e+02    -  4.74e-04 8.40e-05f  1
  37  1.3905604e+06 1.42e+01 1.20e+02  -6.0 4.73e+02    -  2.53e-05 4.29e-04f  1
  38  1.3904944e+06 1.42e+01 1.20e+02  -6.0 4.17e+02    -  2.77e-04 3.40e-04f  1
  39  1.3903747e+06 1.42e+01 1.20e+02  -6.0 3.76e+02    -  5.36e-05 6.32e-04f  1
iter    objective    inf_pr   inf_du lg(mu)  ||d||  lg(rg) alpha_du alpha_pr  ls
  40  1.3901921e+06 1.42e+01 1.20e+02  -6.0 4.25e+02    -  1.40e-05 9.78e-04f  1
  41  1.3901749e+06 1.42e+01 1.20e+02  -6.0 3.43e+02    -  9.83e-04 9.69e-05f  1
  42  1.3901268e+06 1.42e+01 1.20e+02  -6.0 3.41e+02    -  1.96e-04 2.63e-04f  1
  43  1.3901163e+06 1.42e+01 1.20e+02  -6.0 3.07e+02    -  6.11e-05 5.83e-05f  1
  44  1.3898536e+06 1.41e+01 1.20e+02  -6.0 3.21e+02    -  3.74e-04 1.45e-03f  1
  45  1.3897009e+06 1.41e+01 1.20e+02  -6.0 2.35e+02    -  1.23e-03 8.86e-04f  1
  46  1.3896858e+06 1.41e+01 1.20e+02  -6.0 1.94e+02    -  1.57e-04 8.88e-05f  1
  47  1.3895965e+06 1.41e+01 1.20e+02  -6.0 1.94e+02    -  3.52e-03 5.36e-04f  1
  48  1.3895954e+06 1.41e+01 1.20e+02  -6.0 7.93e+02    -  1.36e-04 6.86e-06h  1
  49  1.3895471e+06 1.41e+01 1.20e+02  -6.0 5.74e+02    -  6.17e-05 3.00e-04f  1
iter    objective    inf_pr   inf_du lg(mu)  ||d||  lg(rg) alpha_du alpha_pr  ls
  50  1.3893467e+06 1.41e+01 1.20e+02  -6.0 5.61e+02    -  1.28e-04 1.26e-03f  1
  51  1.3893053e+06 1.41e+01 1.20e+02  -6.0 1.12e+02    -  1.59e-04 2.63e-04f  1
  52  1.3891630e+06 1.41e+01 1.20e+02  -6.0 1.29e+02    -  2.69e-04 8.98e-04f  1
  53  1.3889454e+06 1.41e+01 1.19e+02  -6.0 1.04e+02    -  1.16e-05 1.39e-03f  1
  54  1.3889359e+06 1.41e+01 1.19e+02  -6.0 8.94e+01    -  5.45e-04 6.12e-05f  1
  55  1.3886632e+06 1.40e+01 1.19e+02  -6.0 8.85e+01    -  1.24e-03 1.75e-03f  1
  56  1.3883284e+06 1.40e+01 1.19e+02  -6.0 7.64e+01    -  1.68e-03 2.15e-03f  1
  57  1.3881649e+06 1.40e+01 1.19e+02  -6.0 6.78e+01    -  2.37e-03 1.06e-03f  1
  58  1.3878158e+06 1.40e+01 1.18e+02  -6.0 6.11e+01    -  1.27e-04 2.27e-03f  1
  59  1.3877567e+06 1.39e+01 1.18e+02  -6.0 1.62e+02    -  5.14e-04 3.66e-04f  1
iter    objective    inf_pr   inf_du lg(mu)  ||d||  lg(rg) alpha_du alpha_pr  ls
  60  1.3874363e+06 1.39e+01 1.18e+02  -6.0 1.46e+02    -  1.55e-05 1.97e-03f  1
  61  1.3872990e+06 1.39e+01 1.18e+02  -6.0 1.04e+02    -  3.34e-03 8.30e-04f  1
  62  1.3867316e+06 1.39e+01 1.17e+02  -6.0 9.80e+01    -  1.99e-03 3.46e-03f  1
  63  1.3860528e+06 1.38e+01 1.17e+02  -6.0 7.59e+01    -  1.64e-03 4.25e-03f  1
  64  1.3859623e+06 1.38e+01 1.16e+02  -6.0 7.06e+01    -  4.47e-04 5.77e-04f  1
  65  1.3850647e+06 1.37e+01 1.16e+02  -6.0 8.13e+01    -  3.76e-03 5.87e-03f  1
  66  1.3843871e+06 1.37e+01 1.15e+02  -6.0 5.65e+01    -  4.61e-03 4.48e-03f  1
  67  1.3833115e+06 1.36e+01 1.14e+02  -6.0 4.63e+01    -  5.21e-03 7.17e-03f  1
  68  1.3820638e+06 1.34e+01 1.13e+02  -6.0 3.37e+01    -  2.89e-03 8.42e-03f  1
  69  1.3816988e+06 1.34e+01 1.12e+02  -6.0 3.27e+01    -  4.65e-03 2.49e-03f  1
iter    objective    inf_pr   inf_du lg(mu)  ||d||  lg(rg) alpha_du alpha_pr  ls
  70  1.3807784e+06 1.33e+01 1.11e+02  -6.0 3.27e+01    -  3.01e-03 6.30e-03f  1
  71  1.3799403e+06 1.32e+01 1.11e+02  -6.0 3.26e+01    -  8.16e-03 5.78e-03f  1
  72  1.3792113e+06 1.32e+01 1.11e+02  -6.0 3.26e+01    -  1.05e-02 5.07e-03f  1
  73  1.3783204e+06 1.31e+01 1.10e+02  -6.0 3.33e+01    -  5.70e-04 6.23e-03f  1
  74  1.3782351e+06 1.31e+01 1.10e+02  -6.0 4.24e+01    -  6.28e-04 6.00e-04f  1
  75  1.3780095e+06 1.31e+01 1.09e+02  -6.0 7.32e+01    -  1.46e-04 1.59e-03f  1
  76  1.3770117e+06 1.30e+01 1.08e+02  -6.0 7.18e+01    -  9.22e-04 7.02e-03f  1
  77  1.3762616e+06 1.29e+01 1.07e+02  -6.0 6.71e+01    -  2.48e-04 5.21e-03f  1
  78  1.3752663e+06 1.28e+01 1.06e+02  -6.0 9.11e+01    -  3.41e-03 6.91e-03f  1
  79  1.3745616e+06 1.28e+01 1.05e+02  -6.0 6.01e+01    -  8.97e-04 5.04e-03f  1
iter    objective    inf_pr   inf_du lg(mu)  ||d||  lg(rg) alpha_du alpha_pr  ls
  80  1.3743963e+06 1.27e+01 1.05e+02  -6.0 4.40e+01    -  4.77e-03 1.19e-03f  1
  81  1.3731491e+06 1.26e+01 1.04e+02  -6.0 4.39e+01    -  1.70e-03 9.01e-03f  1
  82  1.3721286e+06 1.25e+01 1.03e+02  -6.0 4.34e+01    -  5.04e-03 7.46e-03f  1
  83  1.3698328e+06 1.23e+01 1.00e+02  -6.0 4.24e+01    -  2.67e-03 1.69e-02f  1
  84  1.3698327e+06 1.23e+01 1.00e+02  -6.0 1.25e+02    -  7.24e-04 5.73e-07h  1
  85  1.3692463e+06 1.23e+01 9.96e+01  -6.0 1.02e+02    -  4.89e-03 4.46e-03f  1
  86  1.3672072e+06 1.21e+01 9.74e+01  -6.0 5.01e+01    -  3.54e-03 1.56e-02f  1
  87  1.3665855e+06 1.20e+01 9.72e+01  -6.0 2.83e+01    -  7.90e-03 4.83e-03f  1
  88  1.3604456e+06 1.14e+01 9.51e+01  -6.0 2.75e+01    -  4.35e-03 4.80e-02f  1
  89  1.3585952e+06 1.13e+01 9.32e+01  -6.0 2.39e+01    -  1.71e-02 1.53e-02f  1
iter    objective    inf_pr   inf_du lg(mu)  ||d||  lg(rg) alpha_du alpha_pr  ls
  90  1.3580412e+06 1.12e+01 9.30e+01  -6.0 2.60e+01    -  3.63e-03 4.65e-03f  1
  91  1.3573267e+06 1.11e+01 9.37e+01  -6.0 4.85e+01    -  7.39e-04 5.71e-03f  1
  92  1.3571002e+06 1.11e+01 9.22e+01  -6.0 4.73e+01    -  7.49e-03 1.83e-03f  1
  93  1.3569525e+06 1.11e+01 9.03e+01  -6.0 4.70e+01    -  8.38e-03 1.20e-03f  1
  94  1.3557929e+06 1.10e+01 9.04e+01  -6.0 4.61e+01    -  5.51e-03 9.42e-03f  1
  95  1.3557561e+06 1.10e+01 9.03e+01  -6.0 3.13e+01    -  6.84e-04 3.09e-04f  1
  96  1.3556743e+06 1.10e+01 9.03e+01  -6.0 3.00e+01    -  5.65e-04 6.90e-04f  1
  97  1.3553668e+06 1.10e+01 9.04e+01  -6.0 2.97e+01    -  8.21e-04 2.60e-03f  1
  98  1.3543568e+06 1.09e+01 9.11e+01  -6.0 4.83e+01    -  1.80e-03 8.26e-03f  1
  99  1.3526034e+06 1.07e+01 9.26e+01  -6.0 4.69e+01    -  1.96e-03 1.46e-02f  1
iter    objective    inf_pr   inf_du lg(mu)  ||d||  lg(rg) alpha_du alpha_pr  ls
 100  1.3522207e+06 1.07e+01 9.23e+01  -6.0 4.44e+01    -  3.16e-03 3.26e-03f  1
 101  1.3522064e+06 1.07e+01 9.21e+01  -6.0 2.51e+01    -  9.38e-04 1.23e-04f  1
 102  1.3520833e+06 1.07e+01 9.18e+01  -6.0 2.86e+01    -  2.19e-03 1.07e-03f  1
 103  1.3519789e+06 1.07e+01 9.17e+01  -6.0 2.84e+01    -  1.06e-03 9.04e-04f  1
 104  1.3519037e+06 1.07e+01 9.15e+01  -6.0 2.79e+01    -  1.33e-03 6.63e-04f  1
 105  1.3510520e+06 1.06e+01 9.12e+01  -6.0 2.85e+01    -  5.49e-03 7.39e-03f  1
 106  1.3510200e+06 1.06e+01 9.06e+01  -6.0 2.79e+01    -  3.34e-03 2.80e-04f  1
 107  1.3505770e+06 1.05e+01 8.98e+01  -6.0 2.38e+01    -  5.90e-03 3.89e-03f  1
 108  1.3491401e+06 1.04e+01 9.07e+01  -6.0 3.31e+01    -  2.61e-03 1.27e-02f  1
 109  1.3484408e+06 1.03e+01 8.98e+01  -6.0 2.50e+01    -  7.94e-03 6.27e-03f  1
iter    objective    inf_pr   inf_du lg(mu)  ||d||  lg(rg) alpha_du alpha_pr  ls
 110  1.3479256e+06 1.03e+01 8.89e+01  -6.0 2.97e+01    -  7.19e-03 4.66e-03f  1
 111  1.3478439e+06 1.03e+01 8.89e+01  -6.0 2.65e+01    -  3.89e-04 7.58e-04f  1
 112  1.3462975e+06 1.01e+01 9.00e+01  -6.0 3.07e+01    -  2.19e-03 1.39e-02f  1
 113  1.3459310e+06 1.01e+01 9.00e+01  -6.0 3.02e+01    -  1.84e-03 3.34e-03f  1
 114  1.3448751e+06 1.00e+01 9.04e+01  -6.0 2.99e+01    -  3.55e-03 9.66e-03f  1
 115  1.3434381e+06 9.87e+00 9.12e+01  -6.0 5.03e+01    -  2.40e-03 1.33e-02f  1
 116  1.3429800e+06 9.83e+00 9.05e+01  -6.0 4.27e+01    -  6.38e-03 4.32e-03f  1
 117  1.3409958e+06 9.64e+00 9.20e+01  -6.0 4.32e+01    -  7.97e-04 1.88e-02f  1
 118  1.3404864e+06 9.59e+00 9.13e+01  -6.0 4.18e+01    -  6.22e-03 4.96e-03f  1
 119  1.3404804e+06 9.59e+00 9.13e+01  -6.0 3.98e+01    -  1.99e-05 5.91e-05f  1
iter    objective    inf_pr   inf_du lg(mu)  ||d||  lg(rg) alpha_du alpha_pr  ls
 120  1.3400906e+06 9.55e+00 9.13e+01  -6.0 6.83e+01    -  9.07e-03 3.85e-03f  1
 121  1.3391489e+06 9.47e+00 9.11e+01  -6.0 3.54e+01    -  3.86e-03 9.32e-03f  1
 122  1.3372190e+06 9.28e+00 9.12e+01  -6.0 3.49e+01    -  1.55e-03 1.93e-02f  1
 123  1.3366835e+06 9.23e+00 9.04e+01  -6.0 3.02e+01    -  7.44e-03 5.48e-03f  1
 124  1.3364615e+06 9.21e+00 8.97e+01  -6.0 2.82e+01    -  5.82e-03 2.29e-03f  1
 125  1.3350230e+06 9.07e+00 9.03e+01  -6.0 2.84e+01    -  1.92e-03 1.49e-02f  1
 126  1.3340175e+06 8.98e+00 8.45e+01  -6.0 2.82e+01    -  4.27e-02 1.06e-02f  1
 127  1.3339236e+06 8.97e+00 8.45e+01  -6.0 2.76e+01    -  5.58e-04 1.00e-03f  1
 128  1.3337804e+06 8.95e+00 8.45e+01  -6.0 1.73e+02    -  5.81e-03 1.53e-03f  1
 129  1.3332039e+06 8.90e+00 8.40e+01  -6.0 1.59e+02    -  2.66e-03 6.17e-03f  1
iter    objective    inf_pr   inf_du lg(mu)  ||d||  lg(rg) alpha_du alpha_pr  ls
 130  1.3331170e+06 8.89e+00 8.38e+01  -6.0 9.20e+01    -  2.97e-03 9.47e-04f  1
 131  1.3331167e+06 8.89e+00 8.49e+01  -6.0 1.43e+02    -  1.12e-03 3.09e-06h  1
 132  1.3329008e+06 8.87e+00 8.30e+01  -6.0 1.12e+02    -  2.15e-04 2.42e-03f  1
 133  1.3328768e+06 8.87e+00 8.29e+01  -6.0 9.35e+01    -  1.13e-04 2.72e-04f  1
 134  1.3312612e+06 8.71e+00 8.37e+01  -6.0 2.45e+01    -  1.41e-04 1.81e-02f  1
 135  1.3306474e+06 8.65e+00 8.26e+01  -6.0 2.50e+01    -  1.08e-02 7.02e-03f  1
 136  1.3296918e+06 8.55e+00 8.20e+01  -6.0 3.21e+01    -  8.26e-03 1.10e-02f  1
 137  1.3289871e+06 8.48e+00 7.88e+01  -6.0 3.17e+01    -  3.44e-02 8.23e-03f  1
 138  1.3270513e+06 8.29e+00 7.87e+01  -6.0 3.17e+01    -  3.49e-03 2.28e-02f  1
 139  1.3262288e+06 8.20e+00 7.79e+01  -6.0 3.53e+01    -  1.08e-02 9.93e-03f  1
iter    objective    inf_pr   inf_du lg(mu)  ||d||  lg(rg) alpha_du alpha_pr  ls
 140  1.3252474e+06 8.10e+00 7.70e+01  -6.0 2.52e+01    -  1.15e-02 1.21e-02f  1
 141  1.3242515e+06 8.00e+00 7.67e+01  -6.0 2.52e+01    -  3.88e-03 1.24e-02f  1
 142  1.3232615e+06 7.90e+00 7.58e+01  -6.0 2.46e+01    -  1.15e-02 1.25e-02f  1
 143  1.3228897e+06 7.87e+00 7.57e+01  -6.0 2.43e+01    -  9.73e-04 4.77e-03f  1
 144  1.3227760e+06 7.85e+00 7.54e+01  -6.0 1.64e+01    -  3.51e-03 1.48e-03f  1
 145  1.3224690e+06 7.82e+00 7.49e+01  -6.0 1.65e+01    -  7.06e-03 4.00e-03f  1
 146  1.3197478e+06 7.54e+00 7.45e+01  -6.0 1.64e+01    -  4.32e-03 3.57e-02f  1
 147  1.3197230e+06 7.54e+00 7.31e+01  -6.0 1.54e+01    -  2.06e-02 3.38e-04f  1
 148  1.3187629e+06 7.44e+00 7.29e+01  -6.0 1.62e+01    -  1.63e-03 1.31e-02f  1
 149  1.3186646e+06 7.43e+00 7.23e+01  -6.0 1.95e+01    -  1.12e-02 1.36e-03f  1
iter    objective    inf_pr   inf_du lg(mu)  ||d||  lg(rg) alpha_du alpha_pr  ls
 150  1.3182742e+06 7.39e+00 7.21e+01  -6.0 1.93e+01    -  1.56e-03 5.41e-03f  1
 151  1.3178300e+06 7.35e+00 7.28e+01  -6.0 4.16e+01    -  1.09e-02 6.20e-03f  1
 152  1.3170487e+06 7.27e+00 7.17e+01  -6.0 4.13e+01    -  9.84e-03 1.10e-02f  1
 153  1.3160479e+06 7.16e+00 7.05e+01  -6.0 4.17e+01    -  1.34e-02 1.43e-02f  1
 154  1.3158627e+06 7.14e+00 7.15e+01  -6.0 3.33e+01    -  2.83e-02 2.69e-03f  1
 155  1.3143290e+06 6.98e+00 6.83e+01  -6.0 3.25e+01    -  3.86e-03 2.24e-02f  1
 156  1.3143281e+06 6.98e+00 6.94e+01  -6.0 4.00e+01    -  1.45e-02 1.29e-05h  1
 157  1.3139545e+06 6.94e+00 6.90e+01  -6.0 3.07e+01    -  4.34e-03 5.66e-03f  1
 158  1.3124059e+06 6.78e+00 6.56e+01  -6.0 3.26e+01    -  3.25e-03 2.37e-02f  1
 159  1.3121698e+06 6.75e+00 6.61e+01  -6.0 3.16e+01    -  1.37e-02 3.73e-03f  1
iter    objective    inf_pr   inf_du lg(mu)  ||d||  lg(rg) alpha_du alpha_pr  ls
 160  1.3118810e+06 6.72e+00 6.56e+01  -6.0 3.12e+01    -  2.15e-03 4.59e-03f  1
 161  1.3112492e+06 6.65e+00 6.49e+01  -6.0 3.38e+01    -  4.61e-03 1.01e-02f  1
 162  1.3112014e+06 6.65e+00 6.55e+01  -6.0 5.38e+01    -  6.09e-03 7.75e-04f  1
 163  1.3109403e+06 6.62e+00 6.53e+01  -6.0 1.74e+01    -  2.88e-03 4.25e-03f  1
 164  1.3107285e+06 6.60e+00 6.50e+01  -6.0 1.73e+01    -  4.27e-03 3.46e-03f  1
 165  1.3103764e+06 6.56e+00 6.41e+01  -6.0 1.72e+01    -  2.14e-02 5.78e-03f  1
 166  1.3096402e+06 6.48e+00 6.35e+01  -6.0 1.71e+01    -  5.86e-03 1.22e-02f  1
 167  1.3090029e+06 6.41e+00 6.26e+01  -6.0 1.69e+01    -  1.90e-02 1.07e-02f  1
 168  1.3084453e+06 6.35e+00 6.18e+01  -6.0 1.70e+01    -  1.59e-02 9.47e-03f  1
 169  1.3083856e+06 6.34e+00 6.17e+01  -6.0 1.67e+01    -  1.71e-03 1.02e-03f  1
iter    objective    inf_pr   inf_du lg(mu)  ||d||  lg(rg) alpha_du alpha_pr  ls
 170  1.3082088e+06 6.32e+00 6.12e+01  -6.0 5.64e+01    -  5.62e-04 3.03e-03f  1
 171  1.3081752e+06 6.32e+00 6.15e+01  -6.0 5.74e+01    -  3.26e-03 5.79e-04f  1
 172  1.3069841e+06 6.19e+00 5.79e+01  -6.0 5.83e+01    -  1.65e-03 2.06e-02f  1
 173  1.3065060e+06 6.14e+00 5.79e+01  -6.0 4.22e+01    -  1.31e-02 8.51e-03f  1
 174  1.3057901e+06 6.06e+00 5.66e+01  -6.0 5.30e+01    -  8.52e-03 1.29e-02f  1
 175  1.3054700e+06 6.02e+00 5.59e+01  -6.0 8.27e+01    -  3.92e-03 5.87e-03f  1
 176  1.3048731e+06 5.95e+00 5.54e+01  -6.0 5.24e+01    -  7.62e-03 1.10e-02f  1
 177  1.3048731e+06 5.95e+00 5.97e+01  -6.0 5.21e+01    -  1.39e-03 8.60e-09h  2
 178  1.3034508e+06 5.79e+00 5.46e+01  -6.0 5.01e+01    -  6.10e-08 2.78e-02f  1
 179  1.2991989e+06 5.29e+00 5.16e+01  -6.0 4.52e+01    -  2.59e-02 8.58e-02f  1
iter    objective    inf_pr   inf_du lg(mu)  ||d||  lg(rg) alpha_du alpha_pr  ls
 180  1.2973612e+06 5.08e+00 5.00e+01  -6.0 3.52e+01    -  1.06e-02 4.10e-02f  1
 181  1.2964335e+06 4.97e+00 4.82e+01  -6.0 2.66e+01    -  1.71e-02 2.16e-02f  1
 182  1.2962998e+06 4.95e+00 4.81e+01  -6.0 2.48e+01    -  3.36e-03 3.19e-03f  1
 183  1.2962873e+06 4.95e+00 4.83e+01  -6.0 3.19e+01    -  2.98e-03 3.06e-04f  1
 184  1.2956865e+06 4.88e+00 4.57e+01  -6.0 2.65e+01    -  1.33e-05 1.45e-02f  1
 185  1.2950407e+06 4.80e+00 4.41e+01  -6.0 2.20e+01    -  1.66e-03 1.59e-02f  1
 186  1.2939239e+06 4.67e+00 4.27e+01  -6.0 1.67e+01    -  3.10e-02 2.78e-02f  1
 187  1.2938402e+06 4.66e+00 4.51e+01  -6.0 1.52e+01    -  1.86e-02 2.14e-03f  1
 188  1.2937073e+06 4.64e+00 4.53e+01  -6.0 1.46e+01    -  5.10e-03 3.41e-03f  1
 189  1.2929158e+06 4.54e+00 4.16e+01  -6.0 1.03e+01    -  1.10e-03 2.04e-02f  1
iter    objective    inf_pr   inf_du lg(mu)  ||d||  lg(rg) alpha_du alpha_pr  ls
 190  1.2924308e+06 4.49e+00 4.14e+01  -6.0 9.66e+00    -  3.23e-03 1.28e-02f  1
 191  1.2921664e+06 4.45e+00 4.07e+01  -6.0 1.09e+01    -  1.92e-02 7.13e-03f  1
 192  1.2921664e+06 4.45e+00 4.10e+01  -6.0 3.19e+01    -  1.81e-03 7.52e-07h  1
 193  1.2918696e+06 4.42e+00 5.74e+01  -6.0 3.22e+01    -  3.15e-03 8.09e-03f  1
 194  1.2906713e+06 4.27e+00 5.48e+01  -6.0 1.21e+01    -  1.01e-02 3.32e-02f  1
 195  1.2905884e+06 4.26e+00 5.39e+01  -6.0 1.07e+01    -  9.82e-03 2.39e-03f  1
 196  1.2901575e+06 4.21e+00 5.44e+01  -6.0 1.06e+01    -  1.06e-03 1.25e-02f  1
 197  1.2892607e+06 4.10e+00 5.29e+01  -6.0 1.11e+01    -  2.74e-03 2.62e-02f  1
 198  1.2890116e+06 4.07e+00 5.24e+01  -6.0 1.63e+01    -  2.97e-03 7.47e-03f  1
 199  1.2889058e+06 4.05e+00 5.28e+01  -6.0 1.52e+01    -  2.69e-02 3.20e-03f  1
iter    objective    inf_pr   inf_du lg(mu)  ||d||  lg(rg) alpha_du alpha_pr  ls
 200  1.2887870e+06 4.04e+00 5.26e+01  -6.0 1.10e+01    -  3.74e-03 3.60e-03f  1
 201  1.2874357e+06 3.87e+00 5.12e+01  -6.0 1.09e+01    -  3.65e-03 4.11e-02f  1
 202  1.2871970e+06 3.84e+00 4.95e+01  -6.0 1.04e+01    -  5.95e-02 7.59e-03f  1
 203  1.2870899e+06 3.83e+00 4.59e+01  -6.0 1.03e+01    -  1.40e-01 3.44e-03f  1
 204  1.2870277e+06 3.82e+00 4.30e+01  -6.0 1.70e+01    -  1.37e-03 1.99e-03f  1
 205  1.2855361e+06 3.64e+00 4.19e+01  -6.0 9.58e+00    -  1.18e-02 4.81e-02f  1
 206  1.2854661e+06 3.63e+00 3.62e+01  -6.0 1.07e+01    -  4.21e-02 2.39e-03f  1
 207  1.2846426e+06 3.53e+00 3.69e+01  -6.0 1.07e+01    -  1.59e-02 2.82e-02f  1
 208  1.2845233e+06 3.51e+00 3.73e+01  -6.0 9.70e+00    -  3.50e-04 4.23e-03f  1
 209  1.2845063e+06 3.51e+00 3.72e+01  -6.0 9.80e+00    -  5.49e-04 6.05e-04f  1
iter    objective    inf_pr   inf_du lg(mu)  ||d||  lg(rg) alpha_du alpha_pr  ls
 210  1.2839478e+06 3.44e+00 3.69e+01  -6.0 9.69e+00    -  1.68e-02 1.99e-02f  1
 211  1.2834391e+06 3.38e+00 3.76e+01  -6.0 9.39e+00    -  8.63e-03 1.85e-02f  1
 212  1.2833415e+06 3.36e+00 3.73e+01  -6.0 1.33e+01    -  5.75e-03 3.64e-03f  1
 213  1.2830810e+06 3.33e+00 3.76e+01  -6.0 1.18e+01    -  3.64e-03 9.76e-03f  1
 214  1.2822469e+06 3.23e+00 3.92e+01  -6.0 1.17e+01    -  3.51e-03 3.16e-02f  1
 215  1.2821924e+06 3.22e+00 3.78e+01  -6.0 1.12e+01    -  1.54e-02 2.14e-03f  1
 216  1.2812650e+06 3.10e+00 3.63e+01  -6.0 1.03e+01    -  1.10e-02 3.63e-02f  1
 217  1.2805539e+06 3.01e+00 3.52e+01  -6.0 9.73e+00    -  1.53e-02 2.90e-02f  1
 218  1.2785344e+06 2.75e+00 3.80e+01  -6.0 1.03e+01    -  5.19e-02 8.54e-02f  1
 219  1.2781413e+06 2.70e+00 3.80e+01  -6.0 9.06e+00    -  3.36e-02 1.83e-02f  1
iter    objective    inf_pr   inf_du lg(mu)  ||d||  lg(rg) alpha_du alpha_pr  ls
 220  1.2775924e+06 2.63e+00 3.84e+01  -6.0 8.78e+00    -  1.97e-02 2.61e-02f  1
 221  1.2772601e+06 2.59e+00 3.83e+01  -6.0 7.77e+00    -  5.87e-03 1.63e-02f  1
 222  1.2771217e+06 2.57e+00 3.81e+01  -6.0 7.44e+00    -  4.21e-02 6.91e-03f  1
 223  1.2765914e+06 2.50e+00 3.82e+01  -6.0 7.31e+00    -  7.35e-03 2.67e-02f  1
 224  1.2764413e+06 2.48e+00 3.81e+01  -6.0 9.57e+00    -  2.84e-02 7.79e-03f  1
 225  1.2758681e+06 2.41e+00 3.98e+01  -6.0 9.68e+00    -  1.36e-02 3.00e-02f  1
 226  1.2757421e+06 2.39e+00 3.97e+01  -6.0 9.19e+00    -  2.75e-02 6.83e-03f  1
 227  1.2748556e+06 2.28e+00 5.16e+01  -6.0 1.24e+01    -  1.76e-02 4.86e-02f  1
 228  1.2745590e+06 2.24e+00 5.24e+01  -6.0 1.16e+01    -  5.05e-02 1.72e-02f  1
 229  1.2734232e+06 2.09e+00 7.37e+01  -6.0 1.13e+01    -  1.05e-02 6.72e-02f  1
iter    objective    inf_pr   inf_du lg(mu)  ||d||  lg(rg) alpha_du alpha_pr  ls
 230  1.2723245e+06 1.94e+00 8.34e+01  -6.0 7.55e+00    -  1.17e-01 7.04e-02f  1
 231  1.2720655e+06 1.90e+00 8.28e+01  -6.0 8.82e+00    -  1.11e-02 1.80e-02f  1
 232  1.2719026e+06 1.88e+00 8.22e+01  -6.0 7.40e+00    -  1.76e-02 1.16e-02f  1
 233  1.2717904e+06 1.87e+00 8.17e+01  -6.0 7.83e+00    -  1.42e-02 8.06e-03f  1
 234  1.2710441e+06 1.77e+00 7.18e+02  -6.0 1.00e+01    -  2.11e-03 5.41e-02f  1
 235  1.2710034e+06 1.76e+00 5.64e+02  -6.0 8.22e+00    -  1.95e-02 3.14e-03f  1
 236  1.2704047e+06 1.68e+00 5.42e+02  -6.0 6.79e+00    -  1.94e-02 4.64e-02f  1
 237  1.2698587e+06 1.60e+00 5.24e+02  -6.0 6.79e+00    -  1.98e-02 4.45e-02f  1
 238  1.2685724e+06 1.43e+00 4.89e+02  -6.0 1.64e+01    -  1.61e-02 1.10e-01f  1
 239  1.2683382e+06 1.39e+00 4.47e+02  -6.0 1.05e+01    -  1.47e-01 2.29e-02f  1
iter    objective    inf_pr   inf_du lg(mu)  ||d||  lg(rg) alpha_du alpha_pr  ls
 240  1.2671552e+06 1.23e+00 4.10e+02  -6.0 1.28e+01    -  4.53e-02 1.19e-01f  1
 241  1.2664089e+06 1.12e+00 3.79e+02  -6.0 7.55e+00    -  6.25e-02 8.58e-02f  1
 242  1.2654944e+06 9.92e-01 3.40e+02  -6.0 6.40e+00    -  8.90e-02 1.16e-01f  1
 243  1.2654296e+06 9.83e-01 3.18e+02  -6.0 4.88e+00    -  1.27e-01 9.36e-03f  1
 244  1.2651115e+06 9.37e-01 3.04e+02  -6.0 5.08e+00    -  4.35e-02 4.64e-02f  1
 245  1.2648735e+06 9.03e-01 2.93e+02  -6.0 4.68e+00    -  3.41e-02 3.65e-02f  1
 246  1.2647469e+06 8.85e-01 2.89e+02  -6.0 4.30e+00    -  7.52e-03 2.02e-02f  1
 247  1.2644690e+06 8.44e-01 2.78e+02  -6.0 4.06e+00    -  2.86e-02 4.53e-02f  1
 248  1.2642410e+06 8.11e-01 2.65e+02  -6.0 3.76e+00    -  5.54e-02 3.91e-02f  1
 249  1.2639286e+06 7.66e-01 2.39e+02  -6.0 5.85e+00    -  1.43e-01 5.58e-02f  1
iter    objective    inf_pr   inf_du lg(mu)  ||d||  lg(rg) alpha_du alpha_pr  ls
 250  1.2638978e+06 7.62e-01 2.37e+02  -6.0 4.70e+00    -  1.11e-01 5.85e-03f  1
 251  1.2626130e+06 5.74e-01 1.89e+02  -6.0 4.57e+00    -  5.23e-02 2.46e-01f  1
 252  1.2623121e+06 5.29e-01 1.66e+02  -6.0 1.93e+00    -  1.46e-01 7.80e-02f  1
 253  1.2621279e+06 5.01e-01 1.58e+02  -6.0 1.77e+00    -  4.70e-02 5.20e-02f  1
 254  1.2619882e+06 4.80e-01 1.51e+02  -6.0 2.52e+00    -  4.82e-02 4.17e-02f  1
 255  1.2617321e+06 4.42e-01 1.38e+02  -6.0 3.25e+00    -  1.38e-01 8.01e-02f  1
 256  1.2613017e+06 3.77e-01 1.18e+02  -6.0 1.66e+00    -  1.62e-01 1.47e-01f  1
 257  1.2599057e+06 1.65e-01 6.55e+01  -6.0 1.65e+00    -  1.98e-01 5.61e-01f  1
 258  1.2598902e+06 1.63e-01 5.48e+01  -6.0 1.33e+00    -  2.39e-01 1.44e-02h  1
 259  1.2597197e+06 1.37e-01 4.27e+01  -6.0 1.80e+00    -  6.98e-01 1.61e-01f  1
iter    objective    inf_pr   inf_du lg(mu)  ||d||  lg(rg) alpha_du alpha_pr  ls
 260  1.2594047e+06 8.79e-02 2.75e+01  -6.0 1.55e+00    -  3.14e-01 3.56e-01f  1
 261  1.2589641e+06 1.92e-02 6.04e+00  -6.0 9.97e-01    -  1.00e+00 7.80e-01f  1
 262  1.2589476e+06 1.65e-02 5.21e+00  -6.0 2.15e-01    -  1.00e+00 1.38e-01h  1
 263  1.2589122e+06 1.09e-02 3.43e+00  -6.0 1.87e-01    -  1.00e+00 3.41e-01h  1
 264  1.2588439e+06 1.30e-04 5.27e-02  -6.0 1.27e-01    -  1.00e+00 1.00e+00h  1
 265  1.2588440e+06 2.04e-08 1.14e-06  -6.0 1.94e-03    -  1.00e+00 1.00e+00h  1
 266  1.2588440e+06 9.37e-08 3.57e-02  -7.1 3.97e-03    -  1.00e+00 8.90e-01h  1
 267  1.2588440e+06 7.07e-09 1.60e-07  -7.1 9.78e-04    -  1.00e+00 1.00e+00f  1

Number of Iterations....: 267

                                   (scaled)                 (unscaled)
Objective...............:   1.0036029814713931e+04    1.2588439885811512e+06
Dual infeasibility......:   1.5971225743167745e-07    2.0033102619506645e-05
Constraint violation....:   6.7139720097550079e-09    7.0723764622471208e-09
Variable bound violation:   4.1439383124952656e-07    4.1439383124952656e-07
Complementarity.........:   1.1966127178501752e-07    1.5009408644013515e-05
Overall NLP error.......:   1.5971225743167745e-07    2.0033102619506645e-05


Number of objective function evaluations             = 269
Number of objective gradient evaluations             = 268
Number of equality constraint evaluations            = 269
Number of inequality constraint evaluations          = 270
Number of equality constraint Jacobian evaluations   = 268
Number of inequality constraint Jacobian evaluations = 268
Number of Lagrangian Hessian evaluations             = 267
Total seconds in IPOPT                               = 11.219

EXIT: Optimal Solution Found.

