Solver command line: ['/opt/homebrew/bin/ipopt', '/var/folders/6y/bvynbx6n3zv7z3lwg6vd724r0000gn/T/tmpbytic46f.pyomo.nl', '-AMPL', 'tol=1e-06', 'max_iter=300', 'print_level=5', 'warm_start_init_point=yes', 'warm_start_bound_push=1e-06', 'warm_start_bound_frac=1e-06', 'warm_start_mult_bound_push=1e-06', 'mu_init=1e-06', 'least_square_init_duals=no']

Ipopt 3.14.19: tol=1e-06
max_iter=300
print_level=5
warm_start_init_point=yes
warm_start_bound_push=1e-06
warm_start_bound_frac=1e-06
warm_start_mult_bound_push=1e-06
mu_init=1e-06
least_square_init_duals=no


******************************************************************************
This program contains Ipopt, a library for large-scale nonlinear optimization.
 Ipopt is released as open source code under the Eclipse Public License (EPL).
         For more information visit https://github.com/coin-or/Ipopt
******************************************************************************

This is Ipopt version 3.14.19, running with linear solver MUMPS 5.6.2.

Number of nonzeros in equality constraint Jacobian...:    19617
Number of nonzeros in inequality constraint Jacobian.:    15928
Number of nonzeros in Lagrangian Hessian.............:    10902

Total number of variables............................:     3228
                     variables with only lower bounds:        0
                variables with lower and upper bounds:     3228
                     variables with only upper bounds:        0
Total number of equality constraints.................:     2709
Total number of inequality constraints...............:     3982
        inequality constraints with only lower bounds:        0
   inequality constraints with lower and upper bounds:        0
        inequality constraints with only upper bounds:     3982

iter    objective    inf_pr   inf_du lg(mu)  ||d||  lg(rg) alpha_du alpha_pr  ls
   0  1.8576601e+06 1.94e+01 4.71e+03  -6.0 0.00e+00    -  0.00e+00 0.00e+00   0
   1  1.7233299e+06 1.51e+01 3.61e+03  -6.0 1.43e+01    -  3.21e-01 2.23e-01f  1
   2  1.4693015e+06 6.82e+00 1.49e+03  -6.0 1.11e+01    -  6.73e-01 5.44e-01f  1
   3  1.3210750e+06 2.00e+00 4.07e+02  -6.0 8.12e+00    -  1.15e-03 7.03e-01f  1
   4  1.2719745e+06 4.18e-01 8.48e+01  -6.0 4.62e+00    -  1.00e+00 7.89e-01f  1
   5  1.2608333e+06 6.29e-02 1.32e+01  -6.0 1.22e+00    -  6.62e-01 8.48e-01f  1
   6  1.2593628e+06 1.64e-02 3.48e+00  -6.0 1.88e-01    -  1.00e+00 7.39e-01f  1
   7  1.2588488e+06 1.49e-04 4.11e-02  -6.0 4.94e-02    -  1.00e+00 9.91e-01f  1
   8  1.2588440e+06 6.15e-09 3.13e-06  -6.0 1.35e-03    -  1.00e+00 1.00e+00h  1
   9  1.2588440e+06 9.31e-08 2.91e-02  -7.1 3.98e-03    -  1.00e+00 8.90e-01h  1
iter    objective    inf_pr   inf_du lg(mu)  ||d||  lg(rg) alpha_du alpha_pr  ls
  10  1.2588440e+06 7.19e-09 1.50e-07  -7.1 9.75e-04    -  1.00e+00 1.00e+00f  1

Number of Iterations....: 10

                                   (scaled)                 (unscaled)
Objective...............:   1.0036029814714730e+04    1.2588439885812514e+06
Dual infeasibility......:   1.4989905161580363e-07    1.8802207995029641e-05
Constraint violation....:   7.1863012177271479e-09    7.1863012177271479e-09
Variable bound violation:   4.1439383124952656e-07    4.1439383124952656e-07
Complementarity.........:   1.2303929446661219e-07    1.5433122365925911e-05
Overall NLP error.......:   1.4989905161580363e-07    1.8802207995029641e-05


Number of objective function evaluations             = 11
Number of objective gradient evaluations             = 11
Number of equality constraint evaluations            = 11
Number of inequality constraint evaluations          = 11
Number of equality constraint Jacobian evaluations   = 11
Number of inequality constraint Jacobian evaluations = 11
Number of Lagrangian Hessian evaluations             = 10
Total seconds in IPOPT                               = 0.493

EXIT: Optimal Solution Found.

