Solver command line: ['/opt/homebrew/bin/ipopt', '/var/folders/6y/bvynbx6n3zv7z3lwg6vd724r0000gn/T/tmp10tkvun7.pyomo.nl', '-AMPL', 'tol=1e-06', 'max_iter=300', 'print_level=5', 'warm_start_init_point=yes', 'warm_start_bound_push=1e-06', 'warm_start_bound_frac=1e-06', 'warm_start_mult_bound_push=1e-06', 'mu_init=1e-06', 'least_square_init_duals=no']

Ipopt 3.14.19: tol=1e-06
max_iter=300
print_level=5
warm_start_init_point=yes
warm_start_bound_push=1e-06
warm_start_bound_frac=1e-06
warm_start_mult_bound_push=1e-06
mu_init=1e-06
least_square_init_duals=no


******************************************************************************
This program contains Ipopt, a library for large-scale nonlinear optimization.
 Ipopt is released as open source code under the Eclipse Public License (EPL).
         For more information visit https://github.com/coin-or/Ipopt
******************************************************************************

This is Ipopt version 3.14.19, running with linear solver MUMPS 5.6.2.

Number of nonzeros in equality constraint Jacobian...:   153511
Number of nonzeros in inequality constraint Jacobian.:   128392
Number of nonzeros in Lagrangian Hessian.............:    84551

Total number of variables............................:    21372
                     variables with only lower bounds:        0
                variables with lower and upper bounds:    21372
                     variables with only upper bounds:        0
Total number of equality constraints.................:    18483
Total number of inequality constraints...............:    32098
        inequality constraints with only lower bounds:        0
   inequality constraints with lower and upper bounds:        0
        inequality constraints with only upper bounds:    32098

iter    objective    inf_pr   inf_du lg(mu)  ||d||  lg(rg) alpha_du alpha_pr  ls
   0  8.1115039e+06 2.72e+01 3.62e+04  -6.0 0.00e+00    -  0.00e+00 0.00e+00   0
   1  8.1114072e+06 2.72e+01 3.62e+04  -6.0 6.70e+01   0.0 3.26e-06 3.02e-06f  1
   2  8.1109601e+06 2.72e+01 3.62e+04  -6.0 1.94e+02  -0.5 7.85e-06 5.77e-06f  1
   3  8.1104963e+06 2.72e+01 3.62e+04  -6.0 7.52e+01  -0.1 6.40e-06 1.31e-05f  1
   4  8.1091065e+06 2.72e+01 3.62e+04  -6.0 2.17e+02  -0.5 1.68e-06 1.64e-05f  1
   5  8.1085428e+06 2.72e+01 3.62e+04  -6.0 8.44e+01  -0.1 1.22e-05 1.44e-05f  1
   6  8.1084816e+06 2.72e+01 3.62e+04  -6.0 6.66e+03  -0.6 5.29e-07 6.06e-07f  1
   7  8.1066896e+06 2.72e+01 3.62e+04  -6.0 9.47e+01  -0.2 1.11e-05 4.16e-05f  1
   8  8.1055933e+06 2.72e+01 3.62e+04  -6.0 3.64e+01   0.3 5.21e-06 5.94e-05f  1
   9  8.1050648e+06 2.72e+01 3.62e+04  -6.0 1.06e+02  -0.2 4.06e-05 1.12e-05f  1
iter    objective    inf_pr   inf_du lg(mu)  ||d||  lg(rg) alpha_du alpha_pr  ls
  10  8.0990050e+06 2.72e+01 3.62e+04  -6.0 4.05e+01   0.2 1.33e-06 2.96e-04f  1
  11  8.0979145e+06 2.72e+01 3.62e+04  -6.0 1.19e+02  -0.3 8.52e-05 2.10e-05f  1
  12  8.0867516e+06 2.72e+01 3.61e+04  -6.0 4.55e+01   0.2 6.75e-07 4.93e-04f  1
  13  8.0829068e+06 2.72e+01 3.61e+04  -6.0 1.34e+02  -0.3 1.25e-04 6.84e-05f  1
  14  8.0721603e+06 2.72e+01 3.61e+04  -6.0 5.12e+01   0.1 2.71e-07 4.35e-04f  1
  15  8.0639923e+06 2.72e+01 3.61e+04  -6.0 1.50e+02  -0.4 2.20e-04 1.35e-04f  1
  16  8.0525345e+06 2.72e+01 3.61e+04  -6.0 5.75e+01   0.1 3.09e-07 4.28e-04f  1
  17  8.0422211e+06 2.72e+01 3.61e+04  -6.0 1.67e+02  -0.4 2.40e-04 1.60e-04f  1
  18  8.0260778e+06 2.72e+01 3.61e+04  -6.0 6.46e+01   0.0 5.14e-05 5.65e-04f  1
  19  8.0188406e+06 2.72e+01 3.61e+04  -6.0 1.87e+02  -0.5 1.26e-04 1.09e-04f  1
iter    objective    inf_pr   inf_du lg(mu)  ||d||  lg(rg) alpha_du alpha_pr  ls
  20  8.0050562e+06 2.71e+01 3.61e+04  -6.0 7.25e+01  -0.0 4.04e-06 4.60e-04f  1
  21  8.0038622e+06 2.71e+01 3.61e+04  -6.0 2.09e+02  -0.5 2.32e-04 1.74e-05f  1
  22  7.9879195e+06 2.71e+01 3.60e+04  -6.0 8.14e+01  -0.1 2.11e-04 5.07e-04f  1
  23  7.9824150e+06 2.71e+01 3.60e+04  -6.0 4.12e+02  -0.6 5.99e-05 7.87e-05f  1
  24  7.9823724e+06 2.71e+01 3.60e+04  -6.0 9.13e+01  -0.1 5.79e-05 1.31e-06f  1
  25  7.9814377e+06 2.71e+01 3.60e+04  -6.0 6.95e+03  -0.6 2.01e-07 1.12e-05f  1
  26  7.9726077e+06 2.71e+01 3.60e+04  -6.0 1.02e+02  -0.2 5.23e-05 2.48e-04f  1
  27  7.9711544e+06 2.71e+01 3.60e+04  -6.0 2.26e+04  -0.7 5.39e-07 1.34e-05f  1
  28  7.9471408e+06 2.71e+01 3.60e+04  -6.0 1.15e+02  -0.2 1.54e-04 6.31e-04f  1
  29  7.9356922e+06 2.71e+01 3.60e+04  -6.0 3.24e+02  -0.7 2.59e-04 1.47e-04f  1
iter    objective    inf_pr   inf_du lg(mu)  ||d||  lg(rg) alpha_du alpha_pr  ls
  30  7.9165750e+06 2.71e+01 3.60e+04  -6.0 1.29e+02  -0.3 4.43e-05 5.25e-04f  1
  31  7.9130591e+06 2.71e+01 3.60e+04  -6.0 3.60e+02  -0.8 1.47e-04 4.73e-05f  1
  32  7.8922753e+06 2.71e+01 3.60e+04  -6.0 1.44e+02  -0.3 1.02e-04 5.76e-04f  1
  33  7.8891018e+06 2.71e+01 3.60e+04  -6.0 3.98e+02  -0.8 1.54e-04 4.32e-05f  1
  34  7.8805390e+06 2.71e+01 3.59e+04  -6.0 1.61e+02  -0.4 2.37e-04 2.41e-04f  1
  35  7.8584383e+06 2.71e+01 3.59e+04  -6.0 4.40e+02  -0.9 2.55e-05 2.89e-04f  1
  36  7.8461045e+06 2.70e+01 3.59e+04  -6.0 1.78e+02  -0.4 2.50e-04 3.40e-04f  1
  37  7.8412536e+06 2.70e+01 3.59e+04  -6.0 6.91e+01  -0.0 2.62e-04 3.07e-04f  1
  38  7.8337098e+06 2.70e+01 3.59e+04  -6.0 1.98e+02  -0.5 2.59e-04 2.01e-04f  1
  39  7.8305588e+06 2.70e+01 3.59e+04  -6.0 7.73e+01  -0.1 3.68e-04 1.89e-04f  1
iter    objective    inf_pr   inf_du lg(mu)  ||d||  lg(rg) alpha_du alpha_pr  ls
  40  7.8244444e+06 2.70e+01 3.59e+04  -6.0 2.20e+02  -0.5 1.14e-04 1.53e-04f  1
  41  7.7997180e+06 2.70e+01 3.58e+04  -6.0 8.64e+01  -0.1 1.33e-04 1.38e-03f  1
  42  7.7891479e+06 2.70e+01 3.58e+04  -6.0 2.42e+02  -0.6 3.11e-04 2.58e-04f  1
  43  7.7814527e+06 2.70e+01 3.58e+04  -6.0 9.55e+01  -0.2 2.55e-04 4.23e-04f  1
  44  7.7410608e+06 2.69e+01 3.58e+04  -6.0 2.66e+02  -0.6 1.82e-04 9.29e-04f  1
  45  7.7291291e+06 2.69e+01 3.58e+04  -6.0 1.05e+02  -0.2 2.49e-04 6.32e-04f  1
  46  7.7057207e+06 2.69e+01 3.57e+04  -6.0 2.87e+02  -0.7 1.30e-04 5.19e-04f  1
  47  7.6947909e+06 2.69e+01 3.57e+04  -6.0 1.15e+02  -0.3 1.97e-04 5.41e-04f  1
  48  7.6709216e+06 2.69e+01 3.57e+04  -6.0 3.10e+02  -0.8 2.77e-04 5.02e-04f  1
  49  7.6673115e+06 2.69e+01 3.57e+04  -6.0 1.26e+02  -0.3 2.67e-04 1.69e-04f  1
iter    objective    inf_pr   inf_du lg(mu)  ||d||  lg(rg) alpha_du alpha_pr  ls
  50  7.6583692e+06 2.69e+01 3.57e+04  -6.0 3.33e+02  -0.8 2.54e-04 1.78e-04f  1
  51  7.6343596e+06 2.68e+01 3.57e+04  -6.0 1.39e+02  -0.4 1.70e-04 1.04e-03f  1
  52  7.6238774e+06 2.68e+01 3.57e+04  -6.0 3.50e+02  -0.9 2.88e-04 1.99e-04f  1
  53  7.6211870e+06 2.68e+01 3.57e+04  -6.0 1.50e+02  -0.4 6.28e-04 1.10e-04f  1
  54  7.6142273e+06 2.68e+01 3.56e+04  -6.0 5.97e+01  -0.0 1.30e-04 6.67e-04f  1
  55  7.6122391e+06 2.68e+01 3.56e+04  -6.0 1.63e+02  -0.5 2.27e-04 7.50e-05f  1
  56  7.5968150e+06 2.68e+01 3.56e+04  -6.0 6.62e+01  -0.1 8.90e-05 1.35e-03f  1
  57  7.5934683e+06 2.68e+01 3.56e+04  -6.0 1.75e+02  -0.5 1.98e-04 1.18e-04f  1
  58  7.5744722e+06 2.67e+01 3.55e+04  -6.0 7.25e+01  -0.1 3.55e-04 1.53e-03f  1
  59  7.5574557e+06 2.67e+01 3.55e+04  -6.0 1.84e+02  -0.6 2.80e-04 5.61e-04f  1
iter    objective    inf_pr   inf_du lg(mu)  ||d||  lg(rg) alpha_du alpha_pr  ls
  60  7.5286708e+06 2.67e+01 3.54e+04  -6.0 7.71e+01  -0.2 2.74e-04 2.17e-03f  1
  61  7.5154217e+06 2.67e+01 3.54e+04  -6.0 1.97e+02  -0.6 4.30e-04 4.21e-04f  1
  62  7.4981575e+06 2.66e+01 3.54e+04  -6.0 7.97e+01  -0.2 6.79e-04 1.23e-03f  1
  63  7.4856006e+06 2.66e+01 3.53e+04  -6.0 2.23e+02  -0.7 6.40e-04 3.86e-04f  1
  64  7.4831256e+06 2.66e+01 3.53e+04  -6.0 9.10e+01  -0.3 4.31e-04 1.69e-04f  1
  65  7.4343440e+06 2.66e+01 3.53e+04  -6.0 2.52e+02  -0.7 1.04e-04 1.43e-03f  1
  66  7.4311493e+06 2.66e+01 3.53e+04  -6.0 1.04e+02  -0.3 5.14e-04 2.11e-04f  1
  67  7.3913098e+06 2.65e+01 3.52e+04  -6.0 2.79e+02  -0.8 4.77e-04 1.13e-03f  1
  68  7.3699010e+06 2.65e+01 3.52e+04  -6.0 1.14e+02  -0.4 1.36e-04 1.34e-03f  1
  69  7.3601069e+06 2.65e+01 3.52e+04  -6.0 2.99e+02  -0.8 6.03e-04 2.77e-04f  1
iter    objective    inf_pr   inf_du lg(mu)  ||d||  lg(rg) alpha_du alpha_pr  ls
  70  7.3554776e+06 2.65e+01 3.52e+04  -6.0 1.26e+02  -0.4 1.21e-04 2.75e-04f  1
  71  7.3528359e+06 2.65e+01 3.52e+04  -6.0 3.28e+02  -0.9 6.39e-04 7.10e-05f  1
  72  7.3273028e+06 2.64e+01 3.51e+04  -6.0 1.40e+02  -0.5 2.22e-04 1.41e-03f  1
  73  7.3209914e+06 2.64e+01 3.51e+04  -6.0 7.49e+02  -0.9 4.88e-04 1.65e-04f  1
  74  7.2877064e+06 2.64e+01 3.51e+04  -6.0 1.53e+02  -0.5 2.07e-06 1.77e-03f  1
  75  7.2863194e+06 2.64e+01 3.51e+04  -6.0 3.81e+02  -1.0 7.97e-04 3.60e-05f  1
  76  7.2570505e+06 2.64e+01 3.50e+04  -6.0 1.68e+02  -0.6 1.31e-06 1.51e-03f  1
  77  7.2558784e+06 2.64e+01 3.50e+04  -6.0 4.09e+02  -1.0 3.19e-04 2.97e-05f  1
  78  7.2519886e+06 2.63e+01 3.50e+04  -6.0 1.84e+02  -0.6 1.06e-04 1.92e-04f  1
  79  7.2509461e+06 2.63e+01 3.50e+04  -6.0 4.44e+02  -1.1 2.32e-04 2.50e-05f  1
iter    objective    inf_pr   inf_du lg(mu)  ||d||  lg(rg) alpha_du alpha_pr  ls
  80  7.2471541e+06 2.63e+01 3.50e+04  -6.0 2.03e+02  -0.7 7.50e-05 1.73e-04f  1
  81  7.2241406e+06 2.63e+01 3.50e+04  -6.0 4.80e+02  -1.1 2.10e-04 5.20e-04f  1
  82  7.2239916e+06 2.63e+01 3.50e+04  -6.0 2.22e+02  -0.7 5.25e-04 6.41e-06f  1
  83  7.1921644e+06 2.63e+01 3.49e+04  -6.0 5.13e+02  -1.2 2.97e-04 6.93e-04f  1
  84  7.1920847e+06 2.63e+01 3.49e+04  -6.0 2.41e+02  -0.8 1.68e-04 3.27e-06f  1
  85  7.1844893e+06 2.63e+01 3.49e+04  -6.0 5.44e+02  -1.2 2.57e-04 1.60e-04f  1
  86  7.1800847e+06 2.63e+01 3.49e+04  -6.0 2.64e+02  -0.8 3.29e-04 1.69e-04f  1
  87  7.1719211e+06 2.63e+01 3.49e+04  -6.0 5.80e+02  -1.3 1.58e-04 1.65e-04f  1
  88  7.1556024e+06 2.63e+01 3.49e+04  -6.0 2.88e+02  -0.9 3.82e-04 5.88e-04f  1
  89  7.1426020e+06 2.63e+01 3.49e+04  -6.0 6.10e+02  -1.3 6.43e-04 2.55e-04f  1
iter    objective    inf_pr   inf_du lg(mu)  ||d||  lg(rg) alpha_du alpha_pr  ls
  90  7.1159911e+06 2.62e+01 3.49e+04  -6.0 3.09e+02  -0.9 6.46e-05 9.24e-04f  1
  91  7.1090903e+06 2.62e+01 3.49e+04  -6.0 6.29e+02  -1.4 1.30e-03 1.35e-04f  1
  92  7.0746750e+06 2.62e+01 3.48e+04  -6.0 3.29e+02  -1.0 3.43e-04 1.17e-03f  1
  93  7.0556519e+06 2.62e+01 3.48e+04  -6.0 6.38e+02  -1.4 4.66e-05 3.79e-04f  1
  94  7.0507036e+06 2.62e+01 3.48e+04  -6.0 3.44e+02  -1.0 8.15e-04 1.66e-04f  1
  95  7.0308790e+06 2.62e+01 3.48e+04  -6.0 6.58e+02  -1.5 4.22e-04 3.89e-04f  1
  96  6.9951811e+06 2.62e+01 3.47e+04  -6.0 3.63e+02  -1.1 6.54e-04 1.16e-03f  1
  97  6.9799259e+06 2.62e+01 3.47e+04  -6.0 6.44e+02  -1.6 1.23e-03 3.10e-04f  1
  98  6.9103685e+06 2.61e+01 3.47e+04  -6.0 3.65e+02  -1.1 3.45e-04 2.33e-03f  1
  99  6.9004728e+06 2.61e+01 3.47e+04  -6.0 5.57e+02  -1.6 1.89e-03 2.24e-04f  1
iter    objective    inf_pr   inf_du lg(mu)  ||d||  lg(rg) alpha_du alpha_pr  ls
 100  6.8948026e+06 2.61e+01 3.46e+04  -6.0 1.20e+03  -2.1 2.86e-04 1.01e-04f  1
 101  6.8886118e+06 2.61e+01 3.46e+04  -6.0 5.72e+02  -1.7 3.51e-04 1.48e-04f  1
 102  6.8506867e+06 2.61e+01 3.46e+04  -6.0 1.19e+03  -2.1 5.99e-05 6.94e-04f  1
 103  6.8419087e+06 2.61e+01 3.46e+04  -6.0 1.77e+03  -2.6 1.08e-03 1.43e-04f  1
 104  6.8200156e+06 2.60e+01 3.46e+04  -6.0 3.67e+03  -3.1 2.75e-04 3.57e-04f  1
 105  6.8157462e+06 2.60e+01 3.46e+04  -6.0 4.40e+03  -3.6 5.02e-04 7.21e-05f  1
 106  6.8138499e+06 2.60e+01 3.46e+04  -6.0 2.35e+03    -  2.52e-03 3.36e-05f  1
 107  6.7943766e+06 2.60e+01 3.46e+04  -6.0 9.20e+02    -  1.89e-04 4.12e-04f  1
 108  6.7905368e+06 2.60e+01 3.46e+04  -6.0 8.15e+02    -  6.18e-04 8.42e-05f  1
 109  6.7498588e+06 2.60e+01 3.45e+04  -6.0 7.15e+02    -  4.09e-04 9.26e-04f  1
iter    objective    inf_pr   inf_du lg(mu)  ||d||  lg(rg) alpha_du alpha_pr  ls
 110  6.7342391e+06 2.60e+01 3.45e+04  -6.0 5.71e+02    -  1.33e-03 3.82e-04f  1
 111  6.7263236e+06 2.60e+01 3.45e+04  -6.0 5.55e+02    -  3.86e-04 2.10e-04f  1
 112  6.7141316e+06 2.60e+01 3.45e+04  -6.0 5.50e+02    -  2.20e-03 3.31e-04f  1
 113  6.6875720e+06 2.60e+01 3.45e+04  -6.0 5.26e+02    -  1.52e-04 7.94e-04f  1
 114  6.6805817e+06 2.60e+01 3.45e+04  -6.0 5.16e+02    -  1.99e-03 2.16e-04f  1
 115  6.6608531e+06 2.59e+01 3.45e+04  -6.0 4.93e+02    -  2.76e-04 6.56e-04f  1
 116  6.6582579e+06 2.59e+01 3.45e+04  -6.0 4.82e+02    -  2.11e-04 8.90e-05f  1
 117  6.6430777e+06 2.59e+01 3.44e+04  -6.0 4.78e+02    -  1.36e-04 5.25e-04f  1
 118  6.6345146e+06 2.59e+01 3.44e+04  -6.0 4.71e+02    -  1.41e-03 3.03e-04f  1
 119  6.6007273e+06 2.59e+01 3.44e+04  -6.0 4.51e+02    -  7.19e-04 1.26e-03f  1
iter    objective    inf_pr   inf_du lg(mu)  ||d||  lg(rg) alpha_du alpha_pr  ls
 120  6.5862316e+06 2.59e+01 3.44e+04  -6.0 4.26e+02    -  2.45e-04 5.74e-04f  1
 121  6.5727717e+06 2.59e+01 3.43e+04  -6.0 4.15e+02    -  6.89e-04 5.46e-04f  1
 122  6.5476209e+06 2.58e+01 3.43e+04  -6.0 3.98e+02    -  1.55e-03 1.06e-03f  1
 123  6.5423043e+06 2.58e+01 3.43e+04  -6.0 3.61e+02    -  4.46e-03 2.42e-04f  1
 124  6.5272947e+06 2.58e+01 3.43e+04  -6.0 3.03e+02    -  1.11e-04 7.70e-04f  1
 125  6.4930127e+06 2.58e+01 3.42e+04  -6.0 2.92e+02    -  5.22e-04 1.80e-03f  1
 126  6.4832264e+06 2.57e+01 3.42e+04  -6.0 2.86e+02    -  4.78e-04 5.47e-04f  1
 127  6.4743966e+06 2.57e+01 3.42e+04  -6.0 2.95e+02    -  1.87e-03 5.07e-04f  1
 128  6.4684959e+06 2.57e+01 3.42e+04  -6.0 3.03e+02    -  3.21e-04 3.59e-04f  1
 129  6.4547416e+06 2.57e+01 3.41e+04  -6.0 3.09e+02    -  4.30e-04 8.51e-04f  1
iter    objective    inf_pr   inf_du lg(mu)  ||d||  lg(rg) alpha_du alpha_pr  ls
 130  6.4448043e+06 2.57e+01 3.41e+04  -6.0 3.23e+02    -  3.10e-04 6.35e-04f  1
 131  6.4310321e+06 2.57e+01 3.41e+04  -6.0 3.34e+02    -  3.77e-04 9.01e-04f  1
 132  6.4247716e+06 2.56e+01 3.41e+04  -6.0 3.48e+02    -  7.82e-04 4.23e-04f  1
 133  6.4065524e+06 2.56e+01 3.40e+04  -6.0 3.55e+02    -  5.95e-04 1.27e-03f  1
 134  6.3944208e+06 2.56e+01 3.40e+04  -6.0 3.75e+02    -  1.15e-03 8.85e-04f  1
 135  6.3890901e+06 2.56e+01 3.40e+04  -6.0 3.89e+02    -  3.52e-04 4.09e-04f  1
 136  6.3827658e+06 2.56e+01 3.40e+04  -6.0 3.95e+02    -  4.57e-04 4.94e-04f  1
 137  6.3761420e+06 2.56e+01 3.39e+04  -6.0 4.02e+02    -  5.33e-04 5.29e-04f  1
 138  6.3691460e+06 2.55e+01 3.39e+04  -6.0 4.10e+02    -  2.39e-03 5.74e-04f  1
 139  6.3567972e+06 2.55e+01 3.39e+04  -6.0 4.17e+02    -  3.17e-03 1.08e-03f  1
iter    objective    inf_pr   inf_du lg(mu)  ||d||  lg(rg) alpha_du alpha_pr  ls
 140  6.3533980e+06 2.55e+01 3.39e+04  -6.0 4.30e+02    -  2.89e-05 3.26e-04f  1
 141  6.3472294e+06 2.55e+01 3.39e+04  -6.0 4.34e+02    -  5.01e-04 5.95e-04f  1
 142  6.3431179e+06 2.55e+01 3.38e+04  -6.0 4.42e+02    -  1.24e-03 4.06e-04f  1
 143  6.3361310e+06 2.55e+01 3.38e+04  -6.0 4.47e+02    -  4.75e-04 7.12e-04f  1
 144  6.3143751e+06 2.54e+01 3.37e+04  -6.0 4.56e+02    -  4.21e-03 2.27e-03f  1
 145  6.3065357e+06 2.54e+01 3.37e+04  -6.0 4.80e+02    -  4.91e-03 9.26e-04f  1
 146  6.2883238e+06 2.53e+01 3.36e+04  -6.0 4.82e+02    -  5.38e-04 2.37e-03f  1
 147  6.2802238e+06 2.53e+01 3.36e+04  -6.0 5.08e+02    -  4.43e-03 1.11e-03f  1
 148  6.2720420e+06 2.53e+01 3.36e+04  -6.0 5.07e+02    -  1.38e-03 1.22e-03f  1
 149  6.2648360e+06 2.52e+01 3.35e+04  -6.0 5.15e+02    -  5.58e-04 1.12e-03f  1
iter    objective    inf_pr   inf_du lg(mu)  ||d||  lg(rg) alpha_du alpha_pr  ls
 150  6.2607810e+06 2.52e+01 3.35e+04  -6.0 5.23e+02    -  7.49e-04 6.48e-04f  1
 151  6.2502365e+06 2.52e+01 3.34e+04  -6.0 5.26e+02    -  8.80e-04 1.72e-03f  1
 152  6.2356359e+06 2.51e+01 3.34e+04  -6.0 5.36e+02    -  2.39e-03 2.48e-03f  1
 153  6.2186122e+06 2.50e+01 3.33e+04  -6.0 5.43e+02    -  1.68e-03 3.13e-03f  1
 154  6.2153658e+06 2.50e+01 3.32e+04  -6.0 5.52e+02    -  1.18e-03 6.44e-04f  1
 155  6.2039453e+06 2.50e+01 3.32e+04  -6.0 5.48e+02    -  2.46e-03 2.33e-03f  1
 156  6.1920559e+06 2.49e+01 3.31e+04  -6.0 5.44e+02    -  1.71e-03 2.61e-03f  1
 157  6.1862124e+06 2.49e+01 3.30e+04  -6.0 5.41e+02    -  2.68e-03 1.37e-03f  1
 158  6.1775048e+06 2.48e+01 3.29e+04  -6.0 5.29e+02    -  1.11e-03 2.18e-03f  1
 159  6.1717234e+06 2.48e+01 3.29e+04  -6.0 5.26e+02    -  3.73e-03 1.52e-03f  1
iter    objective    inf_pr   inf_du lg(mu)  ||d||  lg(rg) alpha_du alpha_pr  ls
 160  6.1668993e+06 2.47e+01 3.29e+04  -6.0 5.09e+02    -  3.33e-04 1.37e-03f  1
 161  6.1657381e+06 2.47e+01 3.28e+04  -6.0 5.08e+02    -  2.20e-03 3.40e-04f  1
 162  6.1554203e+06 2.46e+01 3.27e+04  -6.0 4.98e+02    -  1.94e-03 3.14e-03f  1
 163  6.1547860e+06 2.46e+01 3.27e+04  -6.0 4.92e+02    -  1.41e-03 2.09e-04f  1
 164  6.1521467e+06 2.46e+01 3.27e+04  -6.0 4.86e+02    -  7.94e-05 8.89e-04f  1
 165  6.1513930e+06 2.46e+01 3.27e+04  -6.0 4.87e+02    -  3.03e-03 2.57e-04f  1
 166  6.1498390e+06 2.46e+01 3.27e+04  -6.0 4.75e+02    -  2.75e-04 5.55e-04f  1
 167  6.1434150e+06 2.45e+01 3.26e+04  -6.0 4.73e+02    -  8.25e-04 2.32e-03f  1
 168  6.1406801e+06 2.45e+01 3.26e+04  -6.0 4.71e+02    -  4.70e-03 1.04e-03f  1
 169  6.1381910e+06 2.45e+01 3.25e+04  -6.0 4.54e+02    -  3.53e-03 1.01e-03f  1
iter    objective    inf_pr   inf_du lg(mu)  ||d||  lg(rg) alpha_du alpha_pr  ls
 170  6.1342090e+06 2.44e+01 3.25e+04  -6.0 4.43e+02    -  2.33e-04 1.71e-03f  1
 171  6.1318703e+06 2.44e+01 3.24e+04  -6.0 4.43e+02    -  6.81e-04 1.03e-03f  1
 172  6.1267039e+06 2.44e+01 3.24e+04  -6.0 4.41e+02    -  3.61e-03 2.32e-03f  1
 173  6.1160943e+06 2.42e+01 3.22e+04  -6.0 4.29e+02    -  1.82e-03 5.10e-03f  1
 174  6.1139860e+06 2.42e+01 3.22e+04  -6.0 4.21e+02    -  2.88e-03 1.10e-03f  1
 175  6.1065013e+06 2.41e+01 3.20e+04  -6.0 4.09e+02    -  1.33e-03 4.07e-03f  1
 176  6.1044379e+06 2.41e+01 3.20e+04  -6.0 3.98e+02    -  2.58e-03 1.19e-03f  1
 177  6.1027369e+06 2.41e+01 3.20e+04  -6.0 3.86e+02    -  6.47e-03 1.02e-03f  1
 178  6.1004931e+06 2.40e+01 3.19e+04  -6.0 3.57e+02    -  2.34e-03 1.45e-03f  1
 179  6.0891183e+06 2.38e+01 3.17e+04  -6.0 3.44e+02    -  1.68e-03 7.62e-03f  1
iter    objective    inf_pr   inf_du lg(mu)  ||d||  lg(rg) alpha_du alpha_pr  ls
 180  6.0869212e+06 2.38e+01 3.16e+04  -6.0 3.08e+02    -  1.59e-03 1.63e-03f  1
 181  6.0861832e+06 2.38e+01 3.16e+04  -6.0 2.92e+02    -  2.25e-03 5.67e-04f  1
 182  6.0835407e+06 2.37e+01 3.15e+04  -6.0 2.78e+02    -  1.03e-03 2.09e-03f  1
 183  6.0809574e+06 2.37e+01 3.15e+04  -6.0 2.62e+02    -  8.93e-03 2.12e-03f  1
 184  6.0765238e+06 2.36e+01 3.13e+04  -6.0 2.07e+02    -  1.84e-03 4.06e-03f  1
 185  6.0680241e+06 2.34e+01 3.11e+04  -6.0 1.79e+02    -  1.79e-03 8.33e-03f  1
 186  6.0660403e+06 2.33e+01 3.10e+04  -6.0 1.27e+02    -  3.55e-03 2.26e-03f  1
 187  6.0625586e+06 2.32e+01 3.09e+04  -6.0 1.12e+02    -  4.09e-03 4.27e-03f  1
 188  6.0598879e+06 2.32e+01 3.08e+04  -6.0 1.12e+02    -  2.16e-03 3.64e-03f  1
 189  6.0582840e+06 2.31e+01 3.07e+04  -6.0 1.11e+02    -  4.97e-03 2.35e-03f  1
iter    objective    inf_pr   inf_du lg(mu)  ||d||  lg(rg) alpha_du alpha_pr  ls
 190  6.0568945e+06 2.31e+01 3.06e+04  -6.0 1.12e+02    -  8.65e-04 2.20e-03f  1
 191  6.0508300e+06 2.28e+01 3.03e+04  -6.0 1.13e+02    -  1.58e-03 9.94e-03f  1
 192  6.0501224e+06 2.28e+01 3.03e+04  -6.0 1.19e+02    -  3.25e-03 1.33e-03f  1
 193  6.0465003e+06 2.26e+01 3.01e+04  -6.0 1.20e+02    -  1.69e-03 7.14e-03f  1
 194  6.0449122e+06 2.26e+01 3.00e+04  -6.0 1.23e+02    -  5.71e-03 3.44e-03f  1
 195  6.0425893e+06 2.24e+01 2.98e+04  -6.0 1.25e+02    -  8.90e-03 5.48e-03f  1
 196  6.0398188e+06 2.23e+01 2.96e+04  -6.0 1.26e+02    -  8.17e-03 7.37e-03f  1
 197  6.0380428e+06 2.22e+01 2.94e+04  -6.0 1.28e+02    -  9.74e-03 5.34e-03f  1
 198  6.0355576e+06 2.20e+01 2.92e+04  -6.0 1.28e+02    -  1.15e-03 8.34e-03f  1
 199  6.0351960e+06 2.19e+01 2.91e+04  -6.0 1.30e+02    -  2.48e-03 1.32e-03f  1
iter    objective    inf_pr   inf_du lg(mu)  ||d||  lg(rg) alpha_du alpha_pr  ls
 200  6.0326833e+06 2.17e+01 2.89e+04  -6.0 1.30e+02    -  1.49e-03 9.46e-03f  1
 201  6.0322211e+06 2.17e+01 2.88e+04  -6.0 1.32e+02    -  1.14e-03 1.99e-03f  1
 202  6.0315269e+06 2.16e+01 2.87e+04  -6.0 1.32e+02    -  4.99e-03 3.12e-03f  1
 203  6.0304431e+06 2.15e+01 2.86e+04  -6.0 1.31e+02    -  8.00e-03 5.31e-03f  1
 204  6.0298662e+06 2.14e+01 2.85e+04  -6.0 1.30e+02    -  3.82e-04 3.24e-03f  1
 205  6.0290546e+06 2.13e+01 2.83e+04  -6.0 1.30e+02    -  2.85e-03 4.74e-03f  1
 206  6.0284702e+06 2.13e+01 2.82e+04  -6.0 1.30e+02    -  4.46e-03 3.69e-03f  1
 207  6.0282596e+06 2.12e+01 2.82e+04  -6.0 1.28e+02    -  4.49e-03 1.44e-03f  1
 208  6.0279752e+06 2.12e+01 2.81e+04  -6.0 1.26e+02    -  4.04e-03 2.03e-03f  1
 209  6.0270517e+06 2.10e+01 2.79e+04  -6.0 1.24e+02    -  8.38e-03 6.92e-03f  1
iter    objective    inf_pr   inf_du lg(mu)  ||d||  lg(rg) alpha_du alpha_pr  ls
 210  6.0262224e+06 2.09e+01 2.78e+04  -6.0 1.20e+02    -  3.27e-03 7.06e-03f  1
 211  6.0257310e+06 2.08e+01 2.76e+04  -6.0 1.17e+02    -  4.07e-03 4.60e-03f  1
 212  6.0249722e+06 2.06e+01 2.74e+04  -6.0 1.14e+02    -  4.97e-03 7.69e-03f  1
 213  6.0245720e+06 2.05e+01 2.73e+04  -6.0 1.09e+02    -  3.27e-03 4.53e-03f  1
 214  6.0243099e+06 2.05e+01 2.72e+04  -6.0 1.06e+02    -  4.04e-03 3.25e-03f  1
 215  6.0238722e+06 2.03e+01 2.70e+04  -6.0 1.03e+02    -  3.22e-03 5.94e-03f  1
 216  6.0236213e+06 2.03e+01 2.69e+04  -6.0 9.93e+01    -  4.54e-03 3.89e-03f  1
 217  6.0232898e+06 2.01e+01 2.68e+04  -6.0 9.62e+01    -  3.29e-03 5.85e-03f  1
 218  6.0232552e+06 2.01e+01 2.68e+04  -6.0 9.33e+01    -  9.39e-03 7.25e-04h  1
 219  6.0230423e+06 2.00e+01 2.66e+04  -6.0 9.01e+01    -  2.17e-03 5.30e-03h  1
iter    objective    inf_pr   inf_du lg(mu)  ||d||  lg(rg) alpha_du alpha_pr  ls
 220  6.0229654e+06 2.00e+01 2.66e+04  -6.0 8.83e+01    -  1.12e-02 2.27e-03h  1
 221  6.0227753e+06 1.98e+01 2.64e+04  -6.0 8.50e+01    -  5.44e-03 7.60e-03h  1
 222  6.0227465e+06 1.98e+01 2.63e+04  -6.0 8.24e+01    -  7.11e-03 1.74e-03h  1
 223  6.0227040e+06 1.97e+01 2.62e+04  -6.0 8.07e+01    -  3.08e-03 3.44e-03h  1
 224  6.0226968e+06 1.97e+01 2.62e+04  -6.0 7.96e+01    -  2.27e-03 7.79e-04h  1
 225  6.0226593e+06 1.96e+01 2.61e+04  -6.0 7.92e+01    -  1.56e-03 4.71e-03h  1
 226  6.0226285e+06 1.95e+01 2.59e+04  -6.0 8.07e+01    -  7.88e-03 6.17e-03h  1
 227  6.0226310e+06 1.94e+01 2.58e+04  -6.0 8.27e+01    -  1.22e-02 3.59e-03h  1
 228  6.0226949e+06 1.92e+01 2.55e+04  -6.0 8.39e+01    -  1.29e-03 1.09e-02h  1
 229  6.0227992e+06 1.90e+01 2.53e+04  -6.0 8.73e+01    -  1.63e-03 9.77e-03h  1
iter    objective    inf_pr   inf_du lg(mu)  ||d||  lg(rg) alpha_du alpha_pr  ls
 230  6.0228279e+06 1.90e+01 2.52e+04  -6.0 9.04e+01    -  1.11e-02 1.93e-03h  1
 231  6.0229683e+06 1.88e+01 2.50e+04  -6.0 9.10e+01    -  1.21e-02 7.75e-03h  1
 232  6.0232251e+06 1.86e+01 2.48e+04  -6.0 9.35e+01    -  3.58e-03 1.12e-02h  1
 233  6.0237255e+06 1.83e+01 2.43e+04  -6.0 9.69e+01    -  1.15e-02 1.86e-02h  1
 234  6.0239078e+06 1.82e+01 2.42e+04  -6.0 1.03e+02    -  3.60e-02 5.35e-03h  1
 235  6.0240505e+06 1.81e+01 2.41e+04  -6.0 1.04e+02    -  1.55e-03 3.58e-03h  1
 236  6.0245591e+06 1.79e+01 2.38e+04  -6.0 1.05e+02    -  1.56e-02 1.25e-02h  1
 237  6.0254900e+06 1.75e+01 2.33e+04  -6.0 1.09e+02    -  8.34e-03 2.07e-02h  1
 238  6.0259740e+06 1.74e+01 2.31e+04  -6.0 1.15e+02    -  5.88e-03 9.63e-03h  1
 239  6.0261253e+06 1.73e+01 2.30e+04  -6.0 1.17e+02    -  7.81e-03 2.77e-03h  1
iter    objective    inf_pr   inf_du lg(mu)  ||d||  lg(rg) alpha_du alpha_pr  ls
 240  6.0261911e+06 1.73e+01 2.30e+04  -6.0 1.02e+03  -3.1 6.05e-04 3.58e-04h  2
 241  6.0268348e+06 1.72e+01 2.29e+04  -6.0 5.26e+01  -1.8 6.06e-03 3.24e-03h  1
 242  6.0284024e+06 1.71e+01 2.27e+04  -6.0 8.63e+01  -2.3 7.31e-03 1.05e-02h  1
 243  6.0285116e+06 1.71e+01 2.27e+04  -6.0 1.31e+02  -2.8 4.30e-03 1.04e-03h  1
 244  6.0289238e+06 1.70e+01 2.26e+04  -6.0 4.23e+02  -3.2 3.19e-03 4.74e-03h  1
 245  6.0291200e+06 1.69e+01 2.25e+04  -6.0 4.25e+02    -  7.84e-04 3.08e-03h  1
 246  6.0292349e+06 1.69e+01 2.24e+04  -6.0 1.20e+02    -  7.03e-03 2.04e-03h  1
 247  6.0301118e+06 1.66e+01 2.21e+04  -6.0 1.20e+02    -  2.91e-02 1.53e-02h  1
 248  6.0315851e+06 1.62e+01 2.16e+04  -6.0 1.25e+02    -  1.02e-03 2.33e-02h  1
 249  6.0315919e+06 1.62e+01 2.16e+04  -6.0 1.30e+02    -  9.14e-03 9.73e-05h  1
iter    objective    inf_pr   inf_du lg(mu)  ||d||  lg(rg) alpha_du alpha_pr  ls
 250  6.0320396e+06 1.61e+01 2.14e+04  -6.0 1.30e+02    -  3.85e-03 6.17e-03h  1
 251  6.0330946e+06 1.59e+01 2.11e+04  -6.0 1.31e+02    -  8.79e-03 1.41e-02h  1
 252  6.0333695e+06 1.59e+01 2.11e+04  -6.0 1.34e+02    -  2.98e-02 3.48e-03h  1
 253  6.0337579e+06 1.58e+01 2.10e+04  -6.0 1.34e+02    -  5.94e-02 4.77e-03h  1
 254  6.0358041e+06 1.54e+01 2.05e+04  -6.0 1.35e+02    -  3.70e-03 2.44e-02h  1
 255  6.0363583e+06 1.53e+01 2.03e+04  -6.0 1.39e+02    -  1.68e-02 6.45e-03h  1
 256  6.0381604e+06 1.50e+01 1.99e+04  -6.0 1.40e+02    -  1.35e-02 2.08e-02h  1
 257  6.0395192e+06 1.47e+01 1.96e+04  -6.0 1.43e+02    -  9.28e-03 1.53e-02h  1
 258  6.0399117e+06 1.47e+01 1.95e+04  -6.0 1.45e+02    -  2.10e-02 4.35e-03h  1
 259  6.0414966e+06 1.44e+01 1.92e+04  -6.0 1.46e+02    -  4.87e-03 1.73e-02h  1
iter    objective    inf_pr   inf_du lg(mu)  ||d||  lg(rg) alpha_du alpha_pr  ls
 260  6.0432407e+06 1.42e+01 1.88e+04  -6.0 1.47e+02    -  8.86e-03 1.87e-02h  1
 261  6.0434528e+06 1.41e+01 1.88e+04  -6.0 1.49e+02    -  2.12e-02 2.22e-03h  1
 262  6.0446335e+06 1.40e+01 1.85e+04  -6.0 1.49e+02    -  2.64e-02 1.22e-02h  1
 263  6.0461060e+06 1.37e+01 1.83e+04  -6.0 1.50e+02    -  3.19e-02 1.49e-02h  1
 264  6.0463365e+06 1.37e+01 1.82e+04  -6.0 1.51e+02    -  1.59e-02 2.28e-03h  1
 265  6.0475642e+06 1.35e+01 1.80e+04  -6.0 1.51e+02    -  5.20e-03 1.20e-02h  1
 266  6.0477699e+06 1.35e+01 1.80e+04  -6.0 1.51e+02    -  2.55e-02 1.99e-03h  1
 267  6.0479357e+06 1.35e+01 1.79e+04  -6.0 1.51e+02    -  1.75e-02 1.59e-03h  1
 268  6.0515930e+06 1.30e+01 1.73e+04  -6.0 1.51e+02    -  1.64e-02 3.49e-02h  1
 269  6.0532790e+06 1.28e+01 1.70e+04  -6.0 1.52e+02    -  1.62e-02 1.59e-02h  1
iter    objective    inf_pr   inf_du lg(mu)  ||d||  lg(rg) alpha_du alpha_pr  ls
 270  6.0540629e+06 1.27e+01 1.69e+04  -6.0 1.52e+02    -  3.74e-02 7.33e-03h  1
 271  6.0563455e+06 1.25e+01 1.66e+04  -6.0 1.52e+02    -  1.31e-02 2.13e-02h  1
 272  6.0565593e+06 1.24e+01 1.65e+04  -6.0 1.52e+02    -  1.50e-02 1.98e-03h  1
 273  6.0574593e+06 1.23e+01 1.64e+04  -6.0 1.51e+02    -  3.56e-02 8.30e-03h  1
 274  6.0613350e+06 1.19e+01 1.58e+04  -6.0 1.51e+02    -  1.56e-02 3.55e-02h  1
 275  6.0624431e+06 1.18e+01 1.56e+04  -6.0 1.50e+02    -  4.88e-02 1.01e-02h  1
 276  6.0627780e+06 1.17e+01 1.56e+04  -6.0 1.49e+02    -  1.37e-02 3.02e-03h  1
 277  6.0638760e+06 1.16e+01 1.54e+04  -6.0 1.49e+02    -  9.46e-02 9.88e-03h  1
 278  6.0676113e+06 1.12e+01 1.49e+04  -6.0 1.47e+02    -  3.99e-03 3.33e-02h  1
 279  6.0681302e+06 1.12e+01 1.49e+04  -6.0 1.45e+02    -  2.42e-02 4.63e-03h  1
iter    objective    inf_pr   inf_du lg(mu)  ||d||  lg(rg) alpha_du alpha_pr  ls
 280  6.0686751e+06 1.11e+01 1.48e+04  -6.0 1.45e+02    -  4.40e-02 4.85e-03h  1
 281  6.0697071e+06 1.10e+01 1.47e+04  -6.0 1.44e+02    -  2.93e-02 9.14e-03h  1
 282  6.0724640e+06 1.08e+01 1.43e+04  -6.0 1.43e+02    -  1.46e-02 2.44e-02h  1
 283  6.0736887e+06 1.06e+01 1.41e+04  -6.0 1.40e+02    -  1.58e-02 1.08e-02h  1
 284  6.0755612e+06 1.05e+01 1.39e+04  -6.0 1.39e+02    -  4.12e-02 1.66e-02h  1
 285  6.0799319e+06 1.01e+01 1.34e+04  -6.0 1.37e+02    -  5.33e-02 3.87e-02h  1
 286  6.0815020e+06 9.93e+00 1.32e+04  -6.0 1.11e+02  -3.7 1.86e-02 1.32e-02h  1
 287  6.0815373e+06 9.92e+00 1.32e+04  -6.0 1.31e+02    -  2.10e-02 3.16e-04h  1
 288  6.0830501e+06 9.79e+00 1.30e+04  -6.0 1.30e+02    -  5.75e-02 1.35e-02h  1
 289  6.0841292e+06 9.70e+00 1.29e+04  -6.0 1.28e+02    -  4.46e-02 9.60e-03h  1
iter    objective    inf_pr   inf_du lg(mu)  ||d||  lg(rg) alpha_du alpha_pr  ls
 290  6.0856764e+06 9.56e+00 1.27e+04  -6.0 1.26e+02    -  1.36e-02 1.37e-02h  1
 291  6.0877499e+06 9.39e+00 1.25e+04  -6.0 1.25e+02    -  2.68e-02 1.85e-02h  1
 292  6.0882362e+06 9.34e+00 1.24e+04  -6.0 1.22e+02    -  2.23e-02 4.35e-03h  1
 293  6.0916063e+06 9.06e+00 1.20e+04  -6.0 1.21e+02    -  7.89e-04 3.01e-02h  1
 294  6.0921846e+06 9.02e+00 1.20e+04  -6.0 1.18e+02    -  2.27e-03 5.23e-03h  1
 295  6.0935839e+06 8.90e+00 1.18e+04  -6.0 1.17e+02    -  3.93e-02 1.27e-02h  1
 296  6.0948948e+06 8.80e+00 1.17e+04  -6.0 1.15e+02    -  1.35e-02 1.19e-02h  1
 297  6.0963880e+06 8.68e+00 1.15e+04  -6.0 1.14e+02    -  2.54e-02 1.36e-02h  1
 298  6.0975206e+06 8.59e+00 1.14e+04  -6.0 1.12e+02    -  5.78e-02 1.04e-02h  1
 299  6.1007373e+06 8.33e+00 1.11e+04  -6.0 1.10e+02    -  4.95e-03 2.95e-02h  1
iter    objective    inf_pr   inf_du lg(mu)  ||d||  lg(rg) alpha_du alpha_pr  ls
 300  6.1021912e+06 8.22e+00 1.09e+04  -6.0 1.06e+02    -  5.69e-02 1.35e-02h  1

Number of Iterations....: 300

                                   (scaled)                 (unscaled)
Objective...............:   4.4971733332496835e+04    6.1021912005286291e+06
Dual infeasibility......:   1.0918194362470424e+04    1.4814841374189320e+06
Constraint violation....:   3.2195363229237923e+00    8.2199497588530903e+00
Variable bound violation:   1.6078977260747251e-08    1.6078977260747251e-08
Complementarity.........:   3.0079693086994907e+03    4.0814979736933199e+05
Overall NLP error.......:   1.0918194362470424e+04    1.4814841374189320e+06


Number of objective function evaluations             = 303
Number of objective gradient evaluations             = 301
Number of equality constraint evaluations            = 303
Number of inequality constraint evaluations          = 304
Number of equality constraint Jacobian evaluations   = 301
Number of inequality constraint Jacobian evaluations = 301
Number of Lagrangian Hessian evaluations             = 300
Total seconds in IPOPT                               = 124.264

EXIT: Maximum Number of Iterations Exceeded.

