Solver command line: ['/opt/homebrew/bin/ipopt', '/var/folders/6y/bvynbx6n3zv7z3lwg6vd724r0000gn/T/tmpx2spefk6.pyomo.nl', '-AMPL', 'tol=1e-06', 'max_iter=300', 'print_level=5', 'warm_start_init_point=yes', 'warm_start_bound_push=1e-06', 'warm_start_bound_frac=1e-06', 'warm_start_mult_bound_push=1e-06', 'mu_init=1e-06', 'least_square_init_duals=no']

Ipopt 3.14.19: tol=1e-06
max_iter=300
print_level=5
warm_start_init_point=yes
warm_start_bound_push=1e-06
warm_start_bound_frac=1e-06
warm_start_mult_bound_push=1e-06
mu_init=1e-06
least_square_init_duals=no


******************************************************************************
This program contains Ipopt, a library for large-scale nonlinear optimization.
 Ipopt is released as open source code under the Eclipse Public License (EPL).
         For more information visit https://github.com/coin-or/Ipopt
******************************************************************************

This is Ipopt version 3.14.19, running with linear solver MUMPS 5.6.2.

Number of nonzeros in equality constraint Jacobian...:   153511
Number of nonzeros in inequality constraint Jacobian.:   128392
Number of nonzeros in Lagrangian Hessian.............:    84551

Total number of variables............................:    21372
                     variables with only lower bounds:        0
                variables with lower and upper bounds:    21372
                     variables with only upper bounds:        0
Total number of equality constraints.................:    18483
Total number of inequality constraints...............:    32098
        inequality constraints with only lower bounds:        0
   inequality constraints with lower and upper bounds:        0
        inequality constraints with only upper bounds:    32098

iter    objective    inf_pr   inf_du lg(mu)  ||d||  lg(rg) alpha_du alpha_pr  ls
   0  8.1115039e+06 1.31e+02 1.00e+02  -6.0 0.00e+00    -  0.00e+00 0.00e+00   0
   1  7.6840524e+06 1.31e+02 1.00e+02  -6.0 2.57e+08    -  2.58e-08 2.58e-08f  1
   2  7.4037486e+06 1.31e+02 1.00e+02  -6.0 1.12e+08    -  1.20e-07 2.60e-08f  1
   3  6.8826003e+06 1.31e+02 1.00e+02  -6.0 3.60e+07    -  2.67e-07 9.37e-08f  1
   4  6.6484968e+06 1.31e+02 1.00e+02  -6.0 2.56e+07    -  4.93e-07 1.28e-07f  1
   5  6.4652903e+06 1.30e+02 1.00e+02  -6.0 1.89e+07    -  7.70e-07 2.57e-07f  1
   6  6.2962403e+06 1.29e+02 1.00e+02  -6.0 1.27e+07    -  4.64e-07 5.69e-07f  1
   7  6.2666744e+06 1.28e+02 1.00e+02  -6.0 9.30e+06    -  4.85e-07 1.91e-07f  1
   8  6.1484588e+06 1.27e+02 1.00e+02  -6.0 8.15e+06    -  2.00e-06 1.02e-06f  1
   9  6.0745077e+06 1.24e+02 1.00e+02  -6.0 4.79e+06    -  3.00e-06 1.76e-06f  1
iter    objective    inf_pr   inf_du lg(mu)  ||d||  lg(rg) alpha_du alpha_pr  ls
  10  6.0453090e+06 1.22e+02 1.00e+02  -6.0 2.26e+06    -  2.66e-06 1.79e-06f  1
  11  6.0248022e+06 1.20e+02 1.00e+02  -6.0 9.60e+05    -  6.01e-06 2.21e-06f  1
  12  6.0183585e+06 1.20e+02 1.00e+02  -6.0 7.04e+05    -  2.26e-06 1.38e-06f  1
  13  6.0057599e+06 1.18e+02 1.00e+02  -6.0 6.24e+05    -  4.44e-06 3.36e-06f  1
  14  5.9945343e+06 1.17e+02 1.00e+02  -6.0 4.87e+05    -  6.59e-06 4.57e-06f  1
  15  5.9899188e+06 1.16e+02 1.00e+02  -6.0 3.78e+05    -  1.23e-05 3.07e-06f  1
  16  5.9842895e+06 1.16e+02 1.00e+02  -6.0 2.98e+05    -  1.34e-05 5.89e-06f  1
  17  5.9761856e+06 1.15e+02 1.00e+02  -6.0 2.12e+05    -  1.02e-05 1.31e-05f  1
  18  5.9733931e+06 1.14e+02 1.00e+02  -6.0 1.35e+05    -  1.19e-05 7.22e-06f  1
  19  5.9695159e+06 1.14e+02 1.00e+02  -6.0 1.02e+05    -  8.90e-06 1.34e-05f  1
iter    objective    inf_pr   inf_du lg(mu)  ||d||  lg(rg) alpha_du alpha_pr  ls
  20  5.9665441e+06 1.13e+02 1.00e+02  -6.0 7.42e+04    -  3.88e-05 1.41e-05f  1
  21  5.9641184e+06 1.13e+02 1.00e+02  -6.0 4.82e+04    -  1.62e-05 2.01e-05f  1
  22  5.9628954e+06 1.13e+02 1.00e+02  -6.0 3.33e+04    -  1.18e-04 1.39e-05f  1
  23  5.9611378e+06 1.13e+02 1.00e+02  -6.0 2.35e+04    -  7.18e-05 4.08e-05f  1
  24  5.9594441e+06 1.13e+02 1.00e+02  -6.0 1.42e+04    -  1.54e-04 6.08e-05f  1
  25  5.9573164e+06 1.13e+02 1.00e+02  -6.0 7.67e+03    -  3.62e-05 1.40e-04f  1
  26  5.9564075e+06 1.13e+02 9.99e+01  -6.0 3.89e+03    -  5.63e-05 9.31e-05f  1
  27  5.9557753e+06 1.13e+02 9.99e+01  -6.0 2.84e+03    -  4.39e-05 8.85e-05f  1
  28  5.9555068e+06 1.13e+02 9.99e+01  -6.0 2.22e+03    -  1.75e-04 4.84e-05f  1
  29  5.9550084e+06 1.13e+02 9.99e+01  -6.0 1.80e+03    -  3.94e-04 1.27e-04f  1
iter    objective    inf_pr   inf_du lg(mu)  ||d||  lg(rg) alpha_du alpha_pr  ls
  30  5.9541625e+06 1.13e+02 9.98e+01  -6.0 1.14e+03    -  4.33e-04 3.97e-04f  1
  31  5.9540112e+06 1.13e+02 9.97e+01  -6.0 4.70e+02    -  1.73e-03 1.62e-04f  1
  32  5.9537114e+06 1.12e+02 9.96e+01  -6.0 2.36e+02    -  1.57e-03 1.00e-03f  1
  33  5.9536781e+06 1.12e+02 9.95e+01  -6.0 3.26e+03    -  1.07e-03 3.86e-04h  1
  34  5.9536967e+06 1.12e+02 9.94e+01  -6.0 1.15e+02    -  5.60e-04 1.16e-03h  1
  35  5.9537360e+06 1.12e+02 9.92e+01  -6.0 1.12e+02    -  1.96e-03 6.14e-04h  1
  36  5.9537342e+06 1.12e+02 9.92e+01  -6.0 9.37e+02    -  5.20e-08 5.75e-05h  1
  37  5.9541485e+06 1.12e+02 9.91e+01  -6.0 1.23e+02    -  4.46e-04 3.98e-03h  1
  38  5.9542155e+06 1.12e+02 9.90e+01  -6.0 1.35e+02    -  7.64e-04 4.57e-04h  1
  39  5.9542472e+06 1.12e+02 9.90e+01  -6.0 2.15e+03    -  5.42e-04 2.91e-04h  1
iter    objective    inf_pr   inf_du lg(mu)  ||d||  lg(rg) alpha_du alpha_pr  ls
  40  5.9542854e+06 1.12e+02 9.90e+01  -6.0 1.83e+03    -  3.43e-04 3.39e-04h  1
  41  5.9543258e+06 1.12e+02 9.89e+01  -6.0 2.49e+02    -  3.71e-04 2.64e-04h  1
  42  5.9543952e+06 1.12e+02 9.89e+01  -6.0 2.69e+02    -  1.66e-04 4.48e-04h  1
  43  5.9544226e+06 1.12e+02 9.89e+01  -6.0 6.74e+02    -  6.50e-05 1.86e-04h  1
  44  5.9546550e+06 1.12e+02 9.88e+01  -6.0 1.55e+02    -  5.43e-04 1.43e-03h  1
  45  5.9544485e+06 1.12e+02 9.88e+01  -6.0 5.36e+03    -  2.01e-07 5.67e-04f  1
  46  5.9543936e+06 1.12e+02 9.87e+01  -6.0 2.58e+03    -  9.09e-04 1.87e-04f  1
  47  5.9539647e+06 1.12e+02 9.87e+01  -6.0 2.44e+03    -  2.06e-04 1.49e-03f  1
  48r 5.9539647e+06 1.12e+02 9.99e+02   1.0 0.00e+00    -  0.00e+00 4.31e-07R  3
  49r 5.9538900e+06 1.12e+02 9.99e+02   1.0 7.17e+06    -  1.90e-08 3.61e-07f  1
iter    objective    inf_pr   inf_du lg(mu)  ||d||  lg(rg) alpha_du alpha_pr  ls
  50r 5.9546680e+06 1.12e+02 9.99e+02   1.0 4.56e+04    -  2.08e-07 1.20e-05f  1
  51r 5.9545735e+06 1.12e+02 9.99e+02   1.0 3.38e+04    -  1.46e-06 4.33e-05f  1
  52r 5.9533997e+06 1.12e+02 9.99e+02   1.0 2.76e+04    -  1.41e-05 6.10e-05f  1
  53r 5.9513880e+06 1.10e+02 9.99e+02   1.0 4.37e+04    -  3.62e-05 7.97e-05f  1
  54  5.9512669e+06 1.10e+02 9.90e+01  -6.0 1.15e+06    -  1.44e-06 2.45e-06f  1
  55  5.9511118e+06 1.10e+02 9.90e+01  -6.0 4.33e+04    -  4.12e-05 3.63e-05f  1
  56  5.9508372e+06 1.10e+02 9.90e+01  -6.0 2.62e+04    -  1.58e-04 5.38e-05f  1
  57  5.9504894e+06 1.10e+02 9.90e+01  -6.0 3.97e+03    -  2.26e-04 1.52e-04f  1
  58  5.9488551e+06 1.10e+02 9.89e+01  -6.0 9.02e+02    -  7.88e-04 7.95e-04f  1
  59  5.9470689e+06 1.10e+02 9.88e+01  -6.0 4.94e+02    -  8.26e-04 1.01e-03f  1
iter    objective    inf_pr   inf_du lg(mu)  ||d||  lg(rg) alpha_du alpha_pr  ls
  60  5.9438347e+06 1.09e+02 9.87e+01  -6.0 5.35e+02    -  6.80e-04 2.18e-03f  1
  61  5.9429533e+06 1.09e+02 9.86e+01  -6.0 1.63e+02    -  1.29e-03 7.64e-04f  1
  62  5.9401806e+06 1.09e+02 9.85e+01  -6.0 8.44e+02    -  4.70e-04 2.60e-03f  1
  63  5.9401779e+06 1.09e+02 9.83e+01  -6.0 1.15e+02    -  2.58e-03 3.68e-06h  1
  64  5.9397779e+06 1.09e+02 9.81e+01  -6.0 1.17e+02    -  2.68e-03 6.53e-04f  1
  65  5.9387663e+06 1.09e+02 9.80e+01  -6.0 2.13e+02    -  1.36e-03 2.09e-03f  1
  66  5.9382613e+06 1.09e+02 9.78e+01  -6.0 2.80e+02    -  1.98e-03 1.31e-03f  1
  67  5.9382073e+06 1.09e+02 9.75e+01  -6.0 2.67e+02    -  3.94e-03 1.74e-04f  1
  68  5.9376973e+06 1.09e+02 9.72e+01  -6.0 2.08e+02    -  3.07e-03 2.21e-03f  1
  69  5.9374197e+06 1.09e+02 9.70e+01  -6.0 1.43e+02    -  2.38e-03 1.77e-03f  1
iter    objective    inf_pr   inf_du lg(mu)  ||d||  lg(rg) alpha_du alpha_pr  ls
  70  5.9370405e+06 1.09e+02 9.66e+01  -6.0 1.24e+02    -  4.15e-03 3.39e-03f  1
  71  5.9370356e+06 1.09e+02 9.63e+01  -6.0 1.23e+02    -  3.49e-03 9.98e-05h  1
  72  5.9369704e+06 1.09e+02 9.62e+01  -6.0 1.23e+02    -  1.31e-03 2.55e-03h  1
  73  5.9369671e+06 1.09e+02 9.57e+01  -6.0 1.22e+02    -  6.30e-03 1.12e-03h  1
  74  5.9370612e+06 1.09e+02 9.51e+01  -6.0 1.22e+02    -  6.06e-03 3.16e-03h  1
  75  5.9370946e+06 1.08e+02 9.45e+01  -6.0 1.21e+02    -  7.93e-03 5.45e-04h  1
  76  5.9375069e+06 1.08e+02 9.43e+01  -6.0 1.22e+02    -  1.43e-03 5.18e-03h  1
  77  5.9375948e+06 1.08e+02 9.41e+01  -6.0 1.19e+02    -  2.75e-03 9.36e-04h  1
  78  5.9376818e+06 1.08e+02 9.38e+01  -6.0 1.19e+02    -  2.98e-03 8.69e-04h  1
  79  5.9377019e+06 1.08e+02 9.35e+01  -6.0 1.65e+02    -  4.57e-03 1.98e-04h  1
iter    objective    inf_pr   inf_du lg(mu)  ||d||  lg(rg) alpha_du alpha_pr  ls
  80  5.9378422e+06 1.08e+02 9.34e+01  -6.0 1.63e+02    -  1.67e-03 1.30e-03h  1
  81  5.9380993e+06 1.08e+02 9.31e+01  -6.0 1.49e+02    -  3.40e-03 2.26e-03h  1
  82  5.9385946e+06 1.08e+02 9.28e+01  -6.0 3.73e+02    -  2.48e-03 4.13e-03h  1
  83  5.9389350e+06 1.08e+02 9.22e+01  -6.0 2.89e+02    -  7.82e-03 2.61e-03h  1
  84  5.9393563e+06 1.08e+02 9.15e+01  -6.0 2.48e+02    -  8.40e-03 2.99e-03h  1
  85  5.9401789e+06 1.08e+02 9.11e+01  -6.0 2.04e+02    -  4.20e-03 5.51e-03h  1
  86  5.9412725e+06 1.07e+02 9.01e+01  -6.0 1.55e+02    -  1.23e-02 6.96e-03h  1
  87  5.9416909e+06 1.07e+02 8.86e+01  -6.0 1.13e+02    -  2.05e-02 2.49e-03h  1
  88  5.9426146e+06 1.07e+02 8.82e+01  -6.0 1.11e+02    -  4.57e-03 5.22e-03h  1
  89  5.9432013e+06 1.07e+02 8.77e+01  -6.0 1.09e+02    -  6.32e-03 3.26e-03h  1
iter    objective    inf_pr   inf_du lg(mu)  ||d||  lg(rg) alpha_du alpha_pr  ls
  90  5.9440110e+06 1.07e+02 8.70e+01  -6.0 1.09e+02    -  8.67e-03 4.42e-03h  1
  91  5.9449687e+06 1.07e+02 8.57e+01  -6.0 1.08e+02    -  1.72e-02 5.14e-03h  1
  92  5.9467631e+06 1.06e+02 8.50e+01  -6.0 1.07e+02    -  7.53e-03 9.45e-03h  1
  93  5.9471230e+06 1.06e+02 8.47e+01  -6.0 1.04e+02    -  4.80e-03 1.87e-03h  1
  94  5.9477341e+06 1.06e+02 8.39e+01  -6.0 1.03e+02    -  1.10e-02 3.17e-03h  1
  95  5.9481353e+06 1.06e+02 8.36e+01  -6.0 1.35e+02    -  3.53e-03 2.13e-03h  1
  96  5.9495686e+06 1.06e+02 8.31e+01  -6.0 1.30e+02    -  5.62e-03 7.56e-03h  1
  97  5.9511032e+06 1.06e+02 8.23e+01  -6.0 1.08e+02    -  1.03e-02 8.01e-03h  1
  98  5.9517443e+06 1.05e+02 8.15e+01  -6.0 9.81e+01    -  1.14e-02 3.26e-03h  1
  99  5.9526649e+06 1.05e+02 8.09e+01  -6.0 9.93e+01    -  8.20e-03 4.74e-03h  1
iter    objective    inf_pr   inf_du lg(mu)  ||d||  lg(rg) alpha_du alpha_pr  ls
 100  5.9537731e+06 1.05e+02 8.03e+01  -6.0 1.01e+02    -  7.31e-03 5.66e-03h  1
 101  5.9539295e+06 1.05e+02 7.96e+01  -6.0 1.01e+02    -  1.15e-02 7.97e-04h  1
 102  5.9546467e+06 1.05e+02 7.91e+01  -6.0 1.00e+02    -  7.24e-03 3.66e-03h  1
 103  5.9561476e+06 1.05e+02 7.87e+01  -6.0 9.85e+01    -  4.75e-03 7.71e-03h  1
 104  5.9561561e+06 1.05e+02 7.82e+01  -6.0 2.25e+02    -  7.40e-03 4.46e-05h  1
 105  5.9563870e+06 1.05e+02 7.80e+01  -6.0 1.18e+02    -  2.59e-03 1.19e-03h  1
 106  5.9565596e+06 1.05e+02 7.79e+01  -6.0 1.12e+02    -  1.81e-03 8.86e-04h  1
 107  5.9569429e+06 1.04e+02 7.74e+01  -6.0 1.10e+02    -  8.06e-03 1.92e-03h  1
 108  5.9571036e+06 1.04e+02 7.69e+01  -6.0 1.27e+02    -  8.02e-03 8.02e-04h  1
 109  5.9571660e+06 1.04e+02 7.66e+01  -6.0 1.24e+02    -  4.74e-03 3.10e-04h  1
iter    objective    inf_pr   inf_du lg(mu)  ||d||  lg(rg) alpha_du alpha_pr  ls
 110  5.9573271e+06 1.04e+02 7.63e+01  -6.0 9.29e+01    -  5.54e-03 7.93e-04h  1
 111  5.9597101e+06 1.04e+02 7.60e+01  -6.0 9.20e+01    -  1.57e-03 1.17e-02h  1
 112  5.9605561e+06 1.04e+02 7.52e+01  -6.0 8.71e+01    -  1.23e-02 4.15e-03h  1
 113  5.9609438e+06 1.03e+02 7.50e+01  -6.0 1.00e+02    -  2.03e-03 1.89e-03h  1
 114  5.9614422e+06 1.03e+02 7.48e+01  -6.0 8.42e+01    -  2.60e-03 2.43e-03h  1
 115  5.9637304e+06 1.02e+02 7.39e+01  -6.0 8.40e+01    -  1.29e-02 1.12e-02h  1
 116  5.9659296e+06 1.01e+02 7.33e+01  -6.0 9.56e+01    -  7.21e-03 1.08e-02h  1
 117  5.9669176e+06 1.00e+02 7.30e+01  -6.0 8.08e+01    -  3.46e-03 4.83e-03h  1
 118  5.9670812e+06 1.00e+02 7.27e+01  -6.0 8.25e+01    -  6.62e-03 8.00e-04h  1
 119  5.9673084e+06 1.00e+02 7.19e+01  -6.0 8.63e+01    -  1.35e-02 1.11e-03h  1
iter    objective    inf_pr   inf_du lg(mu)  ||d||  lg(rg) alpha_du alpha_pr  ls
 120  5.9682577e+06 9.97e+01 7.17e+01  -6.0 8.68e+01    -  1.42e-03 4.63e-03h  1
 121  5.9691279e+06 9.93e+01 7.16e+01  -6.0 8.31e+01    -  1.15e-03 4.24e-03h  1
 122  5.9691310e+06 9.93e+01 7.14e+01  -6.0 1.14e+02    -  3.47e-03 1.51e-05h  1
 123  5.9693899e+06 9.92e+01 7.14e+01  -6.0 9.63e+01    -  1.40e-04 1.26e-03h  1
 124  5.9706224e+06 9.86e+01 7.13e+01  -6.0 9.45e+01    -  1.49e-04 5.99e-03h  1
 125  5.9706752e+06 9.86e+01 7.09e+01  -6.0 8.75e+01    -  6.53e-03 2.56e-04h  1
 126  5.9707962e+06 9.85e+01 7.07e+01  -6.0 8.29e+01    -  4.24e-03 5.86e-04h  1
 127  5.9719693e+06 9.79e+01 7.04e+01  -6.0 7.92e+01    -  3.16e-03 5.68e-03h  1
 128  5.9720037e+06 9.79e+01 7.03e+01  -6.0 7.88e+01    -  1.54e-03 1.66e-04h  1
 129  5.9727265e+06 9.76e+01 7.02e+01  -6.0 7.28e+01    -  4.42e-04 3.49e-03h  1
iter    objective    inf_pr   inf_du lg(mu)  ||d||  lg(rg) alpha_du alpha_pr  ls
 130  5.9740327e+06 9.70e+01 6.99e+01  -6.0 8.86e+01  -4.0 3.96e-03 6.31e-03h  1
 131  5.9745629e+06 9.67e+01 6.97e+01  -6.0 7.22e+01    -  2.29e-03 2.57e-03h  1
 132  5.9749559e+06 9.65e+01 6.88e+01  -6.0 6.96e+01    -  1.76e-02 1.91e-03h  1
 133  5.9773590e+06 9.54e+01 6.72e+01  -6.0 7.08e+01    -  2.65e-02 1.16e-02h  1
 134  5.9777371e+06 9.52e+01 6.69e+01  -6.0 6.86e+01    -  4.35e-03 1.83e-03h  1
 135  5.9788895e+06 9.47e+01 6.68e+01  -6.0 6.80e+01    -  1.77e-03 5.59e-03h  1
 136  5.9793062e+06 9.45e+01 6.62e+01  -6.0 6.64e+01    -  1.06e-02 2.03e-03h  1
 137  5.9799337e+06 9.42e+01 6.59e+01  -6.0 6.55e+01    -  4.62e-03 3.05e-03h  1
 138  5.9801883e+06 9.41e+01 6.58e+01  -6.0 6.48e+01    -  2.82e-03 1.24e-03h  1
 139  5.9809868e+06 9.38e+01 6.53e+01  -6.0 6.47e+01    -  7.62e-03 3.89e-03h  1
iter    objective    inf_pr   inf_du lg(mu)  ||d||  lg(rg) alpha_du alpha_pr  ls
 140  5.9817911e+06 9.34e+01 6.47e+01  -6.0 6.41e+01    -  1.16e-02 3.92e-03h  1
 141  5.9827045e+06 9.30e+01 6.39e+01  -6.0 6.35e+01    -  1.43e-02 4.46e-03h  1
 142  5.9833762e+06 9.27e+01 6.33e+01  -6.0 6.31e+01    -  1.07e-02 3.28e-03h  1
 143  5.9842942e+06 9.22e+01 6.29e+01  -6.0 6.16e+01    -  8.75e-03 4.50e-03h  1
 144  5.9843019e+06 9.22e+01 6.25e+01  -6.0 5.04e+01  -3.6 6.93e-03 3.75e-05h  1
 145  5.9867173e+06 9.12e+01 6.18e+01  -6.0 6.09e+01    -  1.15e-02 1.18e-02h  1
 146  5.9874290e+06 9.08e+01 6.14e+01  -6.0 5.90e+01    -  7.37e-03 3.49e-03h  1
 147  5.9875814e+06 9.08e+01 6.12e+01  -6.0 5.88e+01    -  5.06e-03 7.49e-04h  1
 148  5.9884058e+06 9.04e+01 6.10e+01  -6.0 5.90e+01    -  2.04e-03 4.05e-03h  1
 149r 5.9884058e+06 9.04e+01 9.99e+02   0.8 0.00e+00  -3.1 0.00e+00 2.61e-07R  6
iter    objective    inf_pr   inf_du lg(mu)  ||d||  lg(rg) alpha_du alpha_pr  ls
 150r 5.9879768e+06 8.97e+01 9.99e+02   0.8 1.29e+05    -  2.88e-07 1.30e-05f  1
 151r 5.9868725e+06 8.84e+01 9.99e+02   0.8 4.72e+04    -  6.06e-06 2.38e-05f  1
 152r 5.9767177e+06 7.73e+01 9.99e+02   0.8 4.51e+04    -  2.21e-05 2.17e-04f  1
 153  5.9767101e+06 7.73e+01 1.35e+02  -6.0 4.86e+04    -  4.38e-05 6.41e-06f  1
 154  5.9766890e+06 7.73e+01 1.35e+02  -6.0 1.02e+04    -  7.52e-05 6.75e-05f  1
 155  5.9766657e+06 7.73e+01 1.35e+02  -6.0 7.79e+03    -  3.65e-05 6.13e-05h  1
 156  5.9766829e+06 7.73e+01 1.35e+02  -6.0 2.58e+03    -  3.84e-04 1.17e-04h  2
 157  5.9767360e+06 7.72e+01 1.35e+02  -6.0 2.01e+03    -  6.59e-04 2.95e-04h  1
 158  5.9769641e+06 7.71e+01 1.35e+02  -6.0 5.47e+02    -  5.23e-04 1.13e-03h  1
 159  5.9772246e+06 7.71e+01 1.35e+02  -6.0 2.11e+02    -  3.33e-03 1.25e-03h  1
iter    objective    inf_pr   inf_du lg(mu)  ||d||  lg(rg) alpha_du alpha_pr  ls
 160  5.9783524e+06 7.66e+01 1.35e+02  -6.0 1.47e+02    -  7.38e-03 5.34e-03h  1
 161  5.9789037e+06 7.64e+01 1.36e+02  -6.0 6.85e+01    -  9.64e-03 2.60e-03h  1
 162  5.9790900e+06 7.64e+01 1.38e+02  -6.0 8.16e+01    -  1.39e-02 8.77e-04h  1
 163  5.9808064e+06 7.58e+01 1.36e+02  -6.0 2.46e+02    -  8.26e-04 8.08e-03h  1
 164  5.9816341e+06 7.55e+01 1.38e+02  -6.0 9.86e+01    -  1.55e-02 3.87e-03h  1
 165  5.9831729e+06 7.49e+01 1.37e+02  -6.0 9.68e+01    -  7.25e-03 7.20e-03h  1
 166  5.9847377e+06 7.44e+01 1.37e+02  -6.0 8.87e+01    -  1.22e-02 7.31e-03h  1
 167  5.9854285e+06 7.41e+01 1.37e+02  -6.0 7.07e+01    -  7.78e-03 3.23e-03h  1
 168  5.9857985e+06 7.40e+01 1.37e+02  -6.0 5.23e+01    -  1.97e-03 1.73e-03h  1
 169  5.9873363e+06 7.35e+01 1.36e+02  -6.0 6.66e+01    -  7.20e-03 7.20e-03h  1
iter    objective    inf_pr   inf_du lg(mu)  ||d||  lg(rg) alpha_du alpha_pr  ls
 170  5.9884758e+06 7.31e+01 1.35e+02  -6.0 6.95e+01    -  7.00e-03 5.43e-03h  1
 171  5.9896070e+06 7.27e+01 1.35e+02  -6.0 6.03e+01    -  6.67e-03 5.38e-03h  1
 172  5.9926281e+06 7.16e+01 1.34e+02  -6.0 8.17e+01    -  1.67e-02 1.44e-02h  1
 173  5.9931822e+06 7.15e+01 1.33e+02  -6.0 7.47e+01    -  1.44e-03 2.64e-03h  1
 174  5.9941022e+06 7.11e+01 1.32e+02  -6.0 7.25e+01    -  3.34e-03 4.38e-03h  1
 175  5.9942484e+06 7.11e+01 1.36e+02  -6.0 7.11e+01    -  2.08e-02 6.97e-04h  1
 176  5.9968790e+06 7.02e+01 1.33e+02  -6.0 7.12e+01    -  7.55e-03 1.25e-02h  1
 177  5.9978155e+06 6.99e+01 1.34e+02  -6.0 6.53e+01    -  7.88e-03 4.48e-03h  1
 178  5.9993820e+06 6.94e+01 1.32e+02  -6.0 6.73e+01    -  6.07e-03 7.51e-03h  1
 179  6.0004662e+06 6.90e+01 1.32e+02  -6.0 6.33e+01    -  7.44e-03 5.21e-03h  1
iter    objective    inf_pr   inf_du lg(mu)  ||d||  lg(rg) alpha_du alpha_pr  ls
 180  6.0007031e+06 6.89e+01 1.35e+02  -6.0 6.02e+01    -  1.50e-02 1.14e-03h  1
 181  6.0013556e+06 6.87e+01 1.36e+02  -6.0 5.75e+01    -  1.07e-02 3.14e-03h  1
 182  6.0015246e+06 6.86e+01 1.38e+02  -6.0 5.34e+01    -  1.08e-02 8.16e-04h  1
 183  6.0020407e+06 6.85e+01 1.37e+02  -6.0 7.14e+01    -  1.69e-03 2.50e-03h  1
 184  6.0024525e+06 6.83e+01 1.37e+02  -6.0 7.27e+01    -  3.69e-03 2.00e-03h  1
 185  6.0027010e+06 6.82e+01 1.38e+02  -6.0 7.46e+01    -  8.00e-03 1.22e-03h  1
 186  6.0032055e+06 6.81e+01 1.39e+02  -6.0 7.50e+01    -  6.90e-03 2.47e-03h  1
 187  6.0035309e+06 6.80e+01 1.39e+02  -6.0 7.71e+01    -  4.33e-03 1.59e-03h  1
 188  6.0040614e+06 6.78e+01 1.41e+02  -6.0 7.80e+01    -  1.48e-02 2.59e-03h  1
 189  6.0076356e+06 6.66e+01 1.36e+02  -6.0 7.52e+01    -  3.84e-03 1.75e-02h  1
iter    objective    inf_pr   inf_du lg(mu)  ||d||  lg(rg) alpha_du alpha_pr  ls
 190  6.0077614e+06 6.66e+01 1.38e+02  -6.0 6.25e+01    -  1.39e-02 6.17e-04h  1
 191  6.0078529e+06 6.65e+01 1.38e+02  -6.0 5.93e+01    -  1.12e-03 4.49e-04h  1
 192  6.0085065e+06 6.63e+01 1.38e+02  -6.0 1.05e+02    -  8.04e-03 3.21e-03h  1
 193  6.0091663e+06 6.61e+01 1.37e+02  -6.0 8.55e+01    -  2.23e-04 3.24e-03h  1
 194  6.0098286e+06 6.59e+01 1.37e+02  -6.0 1.17e+02    -  3.94e-03 3.25e-03h  1
 195  6.0102505e+06 6.58e+01 1.37e+02  -6.0 1.06e+02    -  4.89e-03 2.08e-03h  1
 196  6.0105071e+06 6.57e+01 1.40e+02  -6.0 8.70e+01    -  1.75e-02 1.27e-03h  1
 197  6.0109434e+06 6.55e+01 1.42e+02  -6.0 1.09e+02    -  1.73e-02 2.15e-03h  1
 198  6.0134733e+06 6.47e+01 1.38e+02  -6.0 4.18e+01    -  2.11e-03 1.25e-02h  1
 199  6.0177321e+06 6.33e+01 1.32e+02  -6.0 3.99e+01    -  5.42e-04 2.13e-02h  1
iter    objective    inf_pr   inf_du lg(mu)  ||d||  lg(rg) alpha_du alpha_pr  ls
 200  6.0185595e+06 6.31e+01 1.35e+02  -6.0 3.80e+01    -  2.58e-02 4.19e-03h  1
 201  6.0209091e+06 6.23e+01 1.33e+02  -6.0 3.74e+01    -  7.46e-03 1.20e-02h  1
 202  6.0233227e+06 6.15e+01 1.31e+02  -6.0 5.91e+01    -  1.64e-02 1.24e-02h  1
 203  6.0233312e+06 6.15e+01 1.32e+02  -6.0 6.05e+01    -  9.83e-03 4.38e-05h  1
 204  6.0235533e+06 6.15e+01 1.32e+02  -6.0 5.47e+01    -  8.40e-03 1.15e-03h  1
 205  6.0243129e+06 6.12e+01 1.33e+02  -6.0 1.08e+02    -  1.24e-02 3.97e-03h  1
 206  6.0262005e+06 6.06e+01 1.31e+02  -6.0 1.02e+02    -  4.44e-03 9.86e-03h  1
 207  6.0276298e+06 6.02e+01 1.30e+02  -6.0 9.27e+01    -  7.44e-03 7.49e-03h  1
 208  6.0287927e+06 5.98e+01 1.29e+02  -6.0 8.68e+01    -  8.79e-03 6.12e-03h  1
 209  6.0289359e+06 5.98e+01 1.30e+02  -6.0 8.62e+01    -  8.61e-03 7.57e-04h  1
iter    objective    inf_pr   inf_du lg(mu)  ||d||  lg(rg) alpha_du alpha_pr  ls
 210  6.0315411e+06 5.89e+01 1.28e+02  -6.0 8.58e+01    -  1.01e-02 1.38e-02h  1
 211  6.0324910e+06 5.86e+01 1.27e+02  -6.0 7.52e+01    -  4.40e-03 5.08e-03h  1
 212  6.0339755e+06 5.82e+01 1.26e+02  -6.0 7.22e+01    -  9.87e-03 7.97e-03h  1
 213  6.0348811e+06 5.79e+01 1.25e+02  -6.0 6.70e+01    -  2.01e-03 4.90e-03h  1
 214  6.0358548e+06 5.76e+01 1.25e+02  -6.0 6.21e+01    -  8.97e-03 5.29e-03h  1
 215  6.0374087e+06 5.71e+01 1.24e+02  -6.0 5.85e+01    -  6.43e-03 8.47e-03h  1
 216  6.0385608e+06 5.67e+01 1.23e+02  -6.0 5.26e+01    -  8.78e-03 6.32e-03h  1
 217  6.0389197e+06 5.66e+01 1.24e+02  -6.0 4.84e+01    -  1.71e-02 1.98e-03h  1
 218  6.0398792e+06 5.63e+01 1.24e+02  -6.0 4.54e+01    -  2.04e-02 5.30e-03h  1
 219  6.0422006e+06 5.56e+01 1.22e+02  -6.0 4.22e+01    -  7.28e-03 1.28e-02h  1
iter    objective    inf_pr   inf_du lg(mu)  ||d||  lg(rg) alpha_du alpha_pr  ls
 220  6.0434718e+06 5.52e+01 1.22e+02  -6.0 3.77e+01    -  2.63e-02 7.12e-03h  1
 221  6.0445895e+06 5.49e+01 1.21e+02  -6.0 1.70e+01  -1.8 3.15e-04 6.26e-03h  1
 222  6.0448851e+06 5.48e+01 1.21e+02  -6.0 1.64e+01  -1.4 2.03e-03 1.66e-03h  1
 223  6.0452003e+06 5.47e+01 1.21e+02  -6.0 1.63e+01  -1.0 1.61e-03 1.77e-03h  1
 224  6.0456536e+06 5.45e+01 1.21e+02  -6.0 1.63e+01  -1.4 2.06e-03 2.55e-03h  1
 225  6.0465508e+06 5.42e+01 1.21e+02  -6.0 1.62e+01  -1.0 8.27e-04 5.05e-03h  1
 226  6.0470452e+06 5.41e+01 1.20e+02  -6.0 1.59e+01  -0.6 4.47e-05 2.79e-03h  1
 227  6.0471860e+06 5.40e+01 1.20e+02  -6.0 1.61e+01  -1.1 3.39e-03 7.97e-04h  1
 228  6.0474788e+06 5.39e+01 1.20e+02  -6.0 1.58e+01  -0.6 3.38e-03 1.66e-03h  1
 229  6.0483930e+06 5.36e+01 1.20e+02  -6.0 1.57e+01  -0.2 3.99e-04 5.18e-03h  1
iter    objective    inf_pr   inf_du lg(mu)  ||d||  lg(rg) alpha_du alpha_pr  ls
 230  6.0484217e+06 5.36e+01 1.18e+02  -6.0 1.53e+01   0.2 2.99e-03 1.63e-04h  1
 231  6.0499913e+06 5.31e+01 1.18e+02  -6.0 1.55e+01  -0.3 1.68e-03 8.88e-03h  1
 232  6.0501279e+06 5.31e+01 1.18e+02  -6.0 1.52e+01   0.2 2.35e-04 7.75e-04h  1
 233  6.0503427e+06 5.30e+01 1.19e+02  -6.0 1.50e+01   0.6 2.49e-04 1.23e-03h  1
 234  6.0506675e+06 5.29e+01 1.19e+02  -6.0 1.52e+01   0.1 2.06e-03 1.84e-03h  1
 235  6.0508313e+06 5.29e+01 1.18e+02  -6.0 1.50e+01   0.5 1.51e-03 9.27e-04h  1
 236  6.0514128e+06 5.27e+01 1.18e+02  -6.0 1.55e+01   0.1 2.61e-03 3.28e-03h  1
 237  6.0517661e+06 5.26e+01 1.18e+02  -6.0 1.50e+01   0.5 1.62e-03 1.98e-03h  1
 238  6.0520151e+06 5.25e+01 1.22e+02  -6.0 1.48e+01   0.9 1.22e-04 1.40e-03h  1
 239  6.0525722e+06 5.23e+01 1.24e+02  -6.0 1.52e+01   0.4 1.30e-03 3.10e-03h  1
iter    objective    inf_pr   inf_du lg(mu)  ||d||  lg(rg) alpha_du alpha_pr  ls
 240  6.0527422e+06 5.23e+01 1.20e+02  -6.0 1.48e+01   0.9 2.22e-03 9.43e-04h  1
 241  6.0529235e+06 5.22e+01 1.20e+02  -6.0 1.46e+01   1.3 1.01e-03 1.01e-03h  1
 242  6.0535014e+06 5.20e+01 1.20e+02  -6.0 1.48e+01   0.8 3.01e-03 3.14e-03h  1
 243  6.0540462e+06 5.19e+01 1.31e+02  -6.0 1.44e+01   1.2 3.81e-04 2.92e-03h  1
 244  6.0540799e+06 5.19e+01 1.30e+02  -6.0 1.42e+01   1.7 4.14e-04 1.82e-04h  1
 245  6.0541584e+06 5.18e+01 1.30e+02  -6.0 1.42e+01   1.2 5.06e-04 4.12e-04h  1
 246  6.0543631e+06 5.18e+01 1.32e+02  -6.0 1.41e+01   1.6 6.43e-04 1.08e-03h  1
 247  6.0547628e+06 5.16e+01 1.36e+02  -6.0 1.38e+01   1.1 9.92e-04 2.06e-03h  1
 248  6.0551025e+06 5.15e+01 1.24e+02  -6.0 1.36e+01   1.6 4.19e-03 1.73e-03h  1
 249  6.0554420e+06 5.14e+01 1.26e+02  -6.0 6.37e+01   1.1 1.35e-03 1.66e-03h  1
iter    objective    inf_pr   inf_du lg(mu)  ||d||  lg(rg) alpha_du alpha_pr  ls
 250  6.0557839e+06 5.13e+01 1.32e+02  -6.0 1.08e+01   1.5 1.22e-04 1.64e-03h  1
 251  6.0561631e+06 5.12e+01 1.25e+02  -6.0 6.04e+01   1.0 2.95e-03 1.83e-03h  1
 252  6.0563905e+06 5.12e+01 1.25e+02  -6.0 1.13e+01   1.5 1.16e-03 1.07e-03h  1
 253  6.0572468e+06 5.09e+01 1.37e+02  -6.0 2.79e+01   1.0 1.74e-04 4.07e-03h  1
 254  6.0574329e+06 5.09e+01 1.33e+02  -6.0 1.02e+01   1.4 2.27e-03 8.62e-04h  1
 255r 6.0574329e+06 5.09e+01 9.99e+02   0.6 0.00e+00   0.9 0.00e+00 4.66e-08R  2
 256r 6.0574032e+06 5.09e+01 9.99e+02   0.6 2.28e+06    -  5.63e-08 2.85e-08f  1
 257r 6.0547497e+06 4.87e+01 9.99e+02   0.6 1.27e+04    -  2.69e-06 8.09e-05f  1
 258r 6.0504252e+06 4.53e+01 9.99e+02   0.6 8.50e+03    -  3.45e-05 1.25e-04f  1
 259  6.0503784e+06 4.53e+01 2.95e+02  -6.0 3.37e+05    -  5.90e-06 3.51e-06f  1
iter    objective    inf_pr   inf_du lg(mu)  ||d||  lg(rg) alpha_du alpha_pr  ls
 260  6.0503340e+06 4.53e+01 2.95e+02  -6.0 9.43e+04    -  1.52e-05 8.32e-06f  1
 261  6.0502960e+06 4.53e+01 2.95e+02  -6.0 3.56e+04    -  4.55e-05 2.05e-05f  1
 262  6.0502611e+06 4.53e+01 2.95e+02  -6.0 1.24e+04    -  5.94e-05 7.09e-05f  1
 263  6.0502611e+06 4.53e+01 2.95e+02  -6.0 3.11e+03    -  9.35e-05 2.26e-05h  3
 264  6.0502627e+06 4.53e+01 2.95e+02  -6.0 2.49e+03    -  9.47e-05 4.36e-05h  3
 265  6.0502669e+06 4.53e+01 2.95e+02  -6.0 1.74e+03    -  1.93e-04 5.69e-05h  3
 266  6.0502833e+06 4.53e+01 2.94e+02  -6.0 1.18e+03    -  2.47e-04 1.65e-04h  2
 267  6.0503472e+06 4.53e+01 2.94e+02  -6.0 5.78e+02    -  6.73e-04 5.06e-04h  1
 268  6.0504417e+06 4.52e+01 2.94e+02  -6.0 6.27e+02    -  2.25e-03 6.65e-04h  1
 269  6.0507584e+06 4.51e+01 2.94e+02  -6.0 1.38e+02    -  3.56e-03 2.14e-03h  1
iter    objective    inf_pr   inf_du lg(mu)  ||d||  lg(rg) alpha_du alpha_pr  ls
 270  6.0512103e+06 4.50e+01 2.93e+02  -6.0 6.44e+01    -  4.06e-03 2.92e-03h  1
 271  6.0513412e+06 4.50e+01 2.92e+02  -6.0 2.56e+01    -  1.79e-03 8.27e-04h  1
 272  6.0528729e+06 4.46e+01 2.90e+02  -6.0 2.49e+01    -  1.93e-02 9.63e-03h  1
 273  6.0534204e+06 4.44e+01 2.89e+02  -6.0 5.88e+01    -  7.67e-03 3.35e-03h  1
 274  6.0561051e+06 4.37e+01 2.84e+02  -6.0 7.20e+01    -  1.57e-02 1.64e-02h  1
 275  6.0569811e+06 4.35e+01 2.82e+02  -6.0 2.98e+01    -  1.18e-02 5.32e-03h  1
 276  6.0584775e+06 4.31e+01 2.80e+02  -6.0 2.36e+01    -  1.68e-02 9.10e-03h  1
 277  6.0610284e+06 4.25e+01 2.75e+02  -6.0 2.18e+01    -  2.37e-03 1.56e-02h  1
 278  6.0613465e+06 4.24e+01 2.75e+02  -6.0 2.13e+01    -  7.07e-03 1.96e-03h  1
 279  6.0619784e+06 4.22e+01 2.74e+02  -6.0 2.10e+01    -  2.30e-03 3.90e-03h  1
iter    objective    inf_pr   inf_du lg(mu)  ||d||  lg(rg) alpha_du alpha_pr  ls
 280  6.0649723e+06 4.15e+01 2.69e+02  -6.0 2.01e+01    -  4.45e-03 1.85e-02h  1
 281  6.0650442e+06 4.15e+01 2.69e+02  -6.0 1.63e+01    -  5.95e-04 4.50e-04h  1
 282  6.0651471e+06 4.14e+01 2.68e+02  -6.0 1.76e+01    -  5.94e-03 6.44e-04h  1
 283  6.0661541e+06 4.12e+01 2.67e+02  -6.0 1.95e+01    -  1.31e-03 6.31e-03h  1
 284  6.0667921e+06 4.10e+01 2.66e+02  -6.0 1.88e+01    -  1.88e-02 4.01e-03h  1
 285  6.0683296e+06 4.06e+01 2.63e+02  -6.0 1.90e+01    -  1.41e-02 9.69e-03h  1
 286  6.0683807e+06 4.06e+01 2.63e+02  -6.0 2.14e+01    -  3.66e-02 3.25e-04h  1
 287  6.0703533e+06 4.01e+01 2.60e+02  -6.0 2.46e+01    -  4.36e-03 1.25e-02h  1
 288  6.0711690e+06 3.99e+01 2.59e+02  -6.0 2.13e+01    -  9.51e-03 5.23e-03h  1
 289  6.0739759e+06 3.92e+01 2.54e+02  -6.0 1.99e+01    -  1.60e-02 1.81e-02h  1
iter    objective    inf_pr   inf_du lg(mu)  ||d||  lg(rg) alpha_du alpha_pr  ls
 290  6.0765263e+06 3.86e+01 2.50e+02  -6.0 1.63e+01    -  3.53e-02 1.66e-02h  1
 291  6.0780291e+06 3.82e+01 2.47e+02  -6.0 1.44e+01    -  1.20e-02 9.94e-03h  1
 292  6.0780550e+06 3.82e+01 2.47e+02  -6.0 6.51e+00   0.4 3.88e-04 1.59e-04h  1
 293  6.0782298e+06 3.82e+01 2.47e+02  -6.0 7.88e+00  -0.0 8.78e-04 1.11e-03h  1
 294  6.0790469e+06 3.80e+01 2.46e+02  -6.0 8.61e+00  -0.5 1.57e-03 5.30e-03h  1
 295  6.0812047e+06 3.75e+01 2.42e+02  -6.0 9.00e+00  -1.0 4.36e-03 1.42e-02h  1
 296  6.0822748e+06 3.73e+01 2.40e+02  -6.0 8.42e+00  -0.6 2.85e-03 7.05e-03h  1
 297  6.0829910e+06 3.71e+01 2.38e+02  -6.0 5.77e+00  -0.1 7.28e-04 4.66e-03h  1
 298  6.0864792e+06 3.63e+01 2.32e+02  -6.0 6.72e+00  -0.6 5.17e-03 2.32e-02h  1
 299  6.0875137e+06 3.60e+01 2.30e+02  -6.0 5.53e+00  -0.2 2.18e-03 6.88e-03h  1
iter    objective    inf_pr   inf_du lg(mu)  ||d||  lg(rg) alpha_du alpha_pr  ls
 300  6.0877346e+06 3.60e+01 2.30e+02  -6.0 4.85e+00   0.2 2.26e-03 1.44e-03h  1

Number of Iterations....: 300

                                   (scaled)                 (unscaled)
Objective...............:   4.4865191346898740e+04    6.0877345736915721e+06
Dual infeasibility......:   2.3000845210012642e+02    1.7466408240143606e+04
Constraint violation....:   2.3373087060081810e+00    3.5964486964123715e+01
Variable bound violation:   1.0259303850901347e-08    1.0259303850901347e-08
Complementarity.........:   9.3718068338532956e-01    1.2716556146896137e+02
Overall NLP error.......:   2.3000845210012642e+02    1.7466408240143606e+04


Number of objective function evaluations             = 325
Number of objective gradient evaluations             = 293
Number of equality constraint evaluations            = 325
Number of inequality constraint evaluations          = 326
Number of equality constraint Jacobian evaluations   = 304
Number of inequality constraint Jacobian evaluations = 304
Number of Lagrangian Hessian evaluations             = 300
Total seconds in IPOPT                               = 117.243

EXIT: Maximum Number of Iterations Exceeded.

