Solver command line: ['/opt/homebrew/bin/ipopt', '/var/folders/6y/bvynbx6n3zv7z3lwg6vd724r0000gn/T/tmpgan96p13.pyomo.nl', '-AMPL', 'tol=1e-06', 'max_iter=300', 'print_level=5', 'warm_start_init_point=yes', 'warm_start_bound_push=1e-06', 'warm_start_bound_frac=1e-06', 'warm_start_mult_bound_push=1e-06', 'mu_init=1e-06', 'least_square_init_duals=no']

Ipopt 3.14.19: tol=1e-06
max_iter=300
print_level=5
warm_start_init_point=yes
warm_start_bound_push=1e-06
warm_start_bound_frac=1e-06
warm_start_mult_bound_push=1e-06
mu_init=1e-06
least_square_init_duals=no


******************************************************************************
This program contains Ipopt, a library for large-scale nonlinear optimization.
 Ipopt is released as open source code under the Eclipse Public License (EPL).
         For more information visit https://github.com/coin-or/Ipopt
******************************************************************************

This is Ipopt version 3.14.19, running with linear solver MUMPS 5.6.2.

Number of nonzeros in equality constraint Jacobian...:   153511
Number of nonzeros in inequality constraint Jacobian.:   128392
Number of nonzeros in Lagrangian Hessian.............:    84551

Total number of variables............................:    21372
                     variables with only lower bounds:        0
                variables with lower and upper bounds:    21372
                     variables with only upper bounds:        0
Total number of equality constraints.................:    18483
Total number of inequality constraints...............:    32098
        inequality constraints with only lower bounds:        0
   inequality constraints with lower and upper bounds:        0
        inequality constraints with only upper bounds:    32098

iter    objective    inf_pr   inf_du lg(mu)  ||d||  lg(rg) alpha_du alpha_pr  ls
   0  8.1115039e+06 2.72e+01 3.62e+04  -6.0 0.00e+00    -  0.00e+00 0.00e+00   0
   1  8.0956724e+06 2.72e+01 3.62e+04  -6.0 6.73e+01   0.0 1.22e-04 4.74e-04f  1
   2  8.0955363e+06 2.72e+01 3.62e+04  -6.0 1.97e+02  -0.5 2.42e-04 1.61e-06f  1
   3  8.0741504e+06 2.72e+01 3.61e+04  -6.0 7.57e+01  -0.1 3.41e-04 5.87e-04f  1
   4  8.0732849e+06 2.72e+01 3.61e+04  -6.0 4.10e+02  -0.5 5.52e-05 9.50e-06f  1
   5  8.0722016e+06 2.72e+01 3.61e+04  -6.0 8.50e+01  -0.1 1.20e-04 2.74e-05f  1
   6  8.0702380e+06 2.72e+01 3.61e+04  -6.0 3.31e+01   0.3 1.80e-04 1.21e-04f  1
   7  8.0545971e+06 2.72e+01 3.61e+04  -6.0 9.54e+01  -0.2 5.21e-05 3.58e-04f  1
   8  8.0545828e+06 2.72e+01 3.61e+04  -6.0 3.68e+01   0.3 4.24e-04 8.06e-07f  1
   9  8.0465217e+06 2.72e+01 3.61e+04  -6.0 1.08e+02  -0.2 1.73e-04 1.70e-04f  1
iter    objective    inf_pr   inf_du lg(mu)  ||d||  lg(rg) alpha_du alpha_pr  ls
  10  8.0460855e+06 2.72e+01 3.61e+04  -6.0 4.11e+01   0.2 1.04e-04 2.22e-05f  1
  11  8.0417765e+06 2.72e+01 3.61e+04  -6.0 1.21e+02  -0.3 1.04e-04 8.33e-05f  1
  12  8.0394695e+06 2.72e+01 3.61e+04  -6.0 4.59e+01   0.2 1.49e-04 1.08e-04f  1
  13  8.0322056e+06 2.72e+01 3.61e+04  -6.0 1.35e+02  -0.3 1.91e-04 1.29e-04f  1
  14  8.0250211e+06 2.72e+01 3.61e+04  -6.0 5.15e+01   0.1 4.50e-05 3.07e-04f  1
  15  8.0222702e+06 2.72e+01 3.61e+04  -6.0 1.51e+02  -0.4 1.95e-04 4.58e-05f  1
  16  8.0221322e+06 2.72e+01 3.61e+04  -6.0 5.79e+01   0.1 1.54e-04 5.39e-06f  1
  17  8.0094583e+06 2.72e+01 3.61e+04  -6.0 1.70e+02  -0.4 2.94e-04 1.93e-04f  1
  18  8.0074472e+06 2.72e+01 3.61e+04  -6.0 6.50e+01   0.0 4.37e-04 7.24e-05f  1
  19  8.0060795e+06 2.72e+01 3.61e+04  -6.0 1.90e+02  -0.5 6.10e-04 1.92e-05f  1
iter    objective    inf_pr   inf_du lg(mu)  ||d||  lg(rg) alpha_du alpha_pr  ls
  20  8.0046764e+06 2.72e+01 3.61e+04  -6.0 7.28e+01  -0.0 7.38e-05 4.61e-05f  1
  21  8.0023164e+06 2.72e+01 3.61e+04  -6.0 2.51e+02  -0.5 9.05e-04 3.10e-05f  1
  22  7.9978308e+06 2.72e+01 3.61e+04  -6.0 8.18e+01  -0.1 1.97e-04 1.37e-04f  1
  23  7.9943224e+06 2.72e+01 3.61e+04  -6.0 3.11e+01   0.3 5.41e-04 2.65e-04f  1
  24  7.9846447e+06 2.71e+01 3.61e+04  -6.0 9.19e+01  -0.1 1.88e-04 2.75e-04f  1
  25  7.9806218e+06 2.71e+01 3.60e+04  -6.0 3.49e+01   0.3 1.21e-04 2.82e-04f  1
  26  7.9758527e+06 2.71e+01 3.60e+04  -6.0 1.03e+02  -0.2 3.19e-04 1.26e-04f  1
  27  7.9746533e+06 2.71e+01 3.60e+04  -6.0 3.93e+01   0.2 1.07e-04 7.70e-05f  1
  28  7.9687822e+06 2.71e+01 3.60e+04  -6.0 1.16e+02  -0.2 6.87e-05 1.44e-04f  1
  29  7.9672831e+06 2.71e+01 3.60e+04  -6.0 4.42e+01   0.2 2.57e-04 8.82e-05f  1
iter    objective    inf_pr   inf_du lg(mu)  ||d||  lg(rg) alpha_du alpha_pr  ls
  30  7.9660448e+06 2.71e+01 3.60e+04  -6.0 1.30e+02  -0.3 5.82e-04 2.79e-05f  1
  31  7.9639758e+06 2.71e+01 3.60e+04  -6.0 4.96e+01   0.1 1.62e-04 1.12e-04f  1
  32  7.9582811e+06 2.71e+01 3.60e+04  -6.0 1.45e+02  -0.3 2.11e-04 1.20e-04f  1
  33  7.9533946e+06 2.71e+01 3.60e+04  -6.0 5.58e+01   0.1 7.82e-04 2.44e-04f  1
  34  7.9502269e+06 2.71e+01 3.60e+04  -6.0 1.63e+02  -0.4 4.27e-04 6.27e-05f  1
  35  7.9473306e+06 2.71e+01 3.60e+04  -6.0 6.27e+01   0.0 1.16e-04 1.35e-04f  1
  36  7.9381807e+06 2.71e+01 3.60e+04  -6.0 1.82e+02  -0.4 3.71e-04 1.69e-04f  1
  37  7.9351052e+06 2.71e+01 3.60e+04  -6.0 7.02e+01  -0.0 3.35e-04 1.32e-04f  1
  38  7.9334865e+06 2.71e+01 3.60e+04  -6.0 2.04e+02  -0.5 1.73e-04 2.85e-05f  1
  39  7.9307065e+06 2.71e+01 3.60e+04  -6.0 7.89e+01  -0.1 7.19e-05 1.14e-04f  1
iter    objective    inf_pr   inf_du lg(mu)  ||d||  lg(rg) alpha_du alpha_pr  ls
  40  7.9270782e+06 2.71e+01 3.60e+04  -6.0 8.48e+02  -0.5 1.35e-04 5.90e-05f  1
  41  7.9247202e+06 2.71e+01 3.60e+04  -6.0 8.85e+01  -0.1 3.87e-04 9.05e-05f  1
  42  7.9234640e+06 2.71e+01 3.60e+04  -6.0 3.37e+01   0.3 3.77e-05 1.19e-04f  1
  43  7.9201980e+06 2.71e+01 3.60e+04  -6.0 9.94e+01  -0.2 1.07e-04 1.17e-04f  1
  44  7.9173726e+06 2.71e+01 3.60e+04  -6.0 3.82e+01   0.3 1.75e-04 2.46e-04f  1
  45  7.9143043e+06 2.71e+01 3.60e+04  -6.0 1.12e+02  -0.2 2.44e-04 1.01e-04f  1
  46  7.9138293e+06 2.71e+01 3.60e+04  -6.0 4.28e+01   0.2 1.95e-04 3.83e-05f  1
  47  7.9092820e+06 2.71e+01 3.60e+04  -6.0 1.26e+02  -0.3 3.67e-04 1.40e-04f  1
  48  7.9044677e+06 2.71e+01 3.59e+04  -6.0 4.81e+01   0.2 2.48e-04 3.57e-04f  1
  49  7.9029049e+06 2.71e+01 3.59e+04  -6.0 1.41e+02  -0.3 1.17e-03 4.54e-05f  1
iter    objective    inf_pr   inf_du lg(mu)  ||d||  lg(rg) alpha_du alpha_pr  ls
  50  7.8999305e+06 2.71e+01 3.59e+04  -6.0 5.39e+01   0.1 1.21e-04 2.08e-04f  1
  51  7.8952191e+06 2.70e+01 3.59e+04  -6.0 1.57e+02  -0.4 4.09e-04 1.30e-04f  1
  52  7.8901172e+06 2.70e+01 3.59e+04  -6.0 6.05e+01   0.1 2.20e-04 3.37e-04f  1
  53  7.8879241e+06 2.70e+01 3.59e+04  -6.0 1.76e+02  -0.4 6.58e-04 5.78e-05f  1
  54  7.8841538e+06 2.70e+01 3.59e+04  -6.0 6.78e+01  -0.0 4.63e-04 2.36e-04f  1
  55  7.8770938e+06 2.70e+01 3.59e+04  -6.0 1.97e+02  -0.5 1.11e-04 1.74e-04f  1
  56  7.8616759e+06 2.70e+01 3.59e+04  -6.0 7.59e+01  -0.1 1.42e-03 8.81e-04f  1
  57  7.8612837e+06 2.70e+01 3.59e+04  -6.0 2.18e+02  -0.5 3.17e-04 9.29e-06f  1
  58  7.8531800e+06 2.70e+01 3.59e+04  -6.0 8.48e+01  -0.1 1.10e-04 4.39e-04f  1
  59  7.8473362e+06 2.70e+01 3.58e+04  -6.0 1.13e+03  -0.6 2.50e-04 1.25e-04f  1
iter    objective    inf_pr   inf_du lg(mu)  ||d||  lg(rg) alpha_du alpha_pr  ls
  60  7.8433582e+06 2.70e+01 3.58e+04  -6.0 9.48e+01  -0.2 1.33e-04 2.01e-04f  1
  61  7.8407275e+06 2.70e+01 3.58e+04  -6.0 3.27e+04  -0.6 3.52e-05 2.83e-05f  1
  62  7.8352858e+06 2.70e+01 3.58e+04  -6.0 1.06e+02  -0.2 1.28e-03 2.50e-04f  1
  63  7.8311121e+06 2.70e+01 3.58e+04  -6.0 3.02e+02  -0.7 3.52e-04 7.87e-05f  1
  64  7.8285087e+06 2.70e+01 3.58e+04  -6.0 1.19e+02  -0.3 8.04e-04 1.10e-04f  1
  65  7.8212971e+06 2.70e+01 3.58e+04  -6.0 3.36e+02  -0.7 1.87e-04 1.27e-04f  1
  66  7.8184380e+06 2.70e+01 3.58e+04  -6.0 1.33e+02  -0.3 1.87e-04 1.14e-04f  1
  67  7.8089539e+06 2.70e+01 3.58e+04  -6.0 3.73e+02  -0.8 3.61e-04 1.55e-04f  1
  68  7.7993655e+06 2.69e+01 3.58e+04  -6.0 1.48e+02  -0.4 3.85e-04 3.51e-04f  1
  69  7.7974976e+06 2.69e+01 3.58e+04  -6.0 4.13e+02  -0.8 3.88e-06 2.86e-05f  1
iter    objective    inf_pr   inf_du lg(mu)  ||d||  lg(rg) alpha_du alpha_pr  ls
  70  7.7961761e+06 2.69e+01 3.58e+04  -6.0 1.65e+02  -0.4 1.33e-04 4.50e-05f  1
  71  7.7929868e+06 2.69e+01 3.58e+04  -6.0 6.38e+01   0.0 1.32e-03 2.61e-04f  1
  72  7.7851074e+06 2.69e+01 3.58e+04  -6.0 1.84e+02  -0.5 1.31e-04 2.46e-04f  1
  73  7.7807334e+06 2.69e+01 3.58e+04  -6.0 7.13e+01  -0.0 1.39e-04 3.24e-04f  1
  74  7.7746869e+06 2.69e+01 3.58e+04  -6.0 2.05e+02  -0.5 6.37e-04 1.73e-04f  1
  75  7.7713172e+06 2.69e+01 3.58e+04  -6.0 7.96e+01  -0.1 5.74e-04 2.26e-04f  1
  76  7.7652568e+06 2.69e+01 3.57e+04  -6.0 2.28e+02  -0.6 6.45e-04 1.59e-04f  1
  77  7.7544005e+06 2.69e+01 3.57e+04  -6.0 8.90e+01  -0.1 3.04e-04 6.62e-04f  1
  78  7.7428114e+06 2.69e+01 3.57e+04  -6.0 2.52e+02  -0.6 7.47e-04 2.80e-04f  1
  79  7.7389872e+06 2.69e+01 3.57e+04  -6.0 9.89e+01  -0.2 3.62e-04 2.14e-04f  1
iter    objective    inf_pr   inf_du lg(mu)  ||d||  lg(rg) alpha_du alpha_pr  ls
  80  7.7210754e+06 2.69e+01 3.57e+04  -6.0 2.79e+02  -0.7 1.25e-04 3.99e-04f  1
  81  7.7182355e+06 2.69e+01 3.57e+04  -6.0 1.10e+02  -0.2 4.69e-04 1.45e-04f  1
  82  7.7131587e+06 2.69e+01 3.57e+04  -6.0 3.08e+02  -0.7 6.13e-04 1.05e-04f  1
  83  7.7095577e+06 2.69e+01 3.57e+04  -6.0 1.23e+02  -0.3 6.33e-04 1.70e-04f  1
  84  7.7031682e+06 2.69e+01 3.57e+04  -6.0 3.41e+02  -0.8 8.23e-04 1.22e-04f  1
  85  7.6891372e+06 2.68e+01 3.56e+04  -6.0 1.37e+02  -0.3 2.65e-04 6.06e-04f  1
  86  7.6840123e+06 2.68e+01 3.56e+04  -6.0 3.74e+02  -0.8 1.18e-03 9.17e-05f  1
  87  7.6754658e+06 2.68e+01 3.56e+04  -6.0 1.51e+02  -0.4 8.86e-04 3.42e-04f  1
  88  7.6646340e+06 2.68e+01 3.56e+04  -6.0 4.09e+02  -0.9 1.59e-04 1.80e-04f  1
  89  7.6585098e+06 2.68e+01 3.56e+04  -6.0 1.67e+02  -0.4 3.63e-04 2.28e-04f  1
iter    objective    inf_pr   inf_du lg(mu)  ||d||  lg(rg) alpha_du alpha_pr  ls
  90  7.6515792e+06 2.68e+01 3.56e+04  -6.0 6.48e+01  -0.0 3.48e-04 6.19e-04f  1
  91  7.6468670e+06 2.68e+01 3.56e+04  -6.0 1.84e+02  -0.5 1.75e-03 1.61e-04f  1
  92  7.6418127e+06 2.68e+01 3.56e+04  -6.0 7.21e+01  -0.1 4.08e-04 4.11e-04f  1
  93  7.6293286e+06 2.68e+01 3.56e+04  -6.0 2.04e+02  -0.5 7.17e-04 3.92e-04f  1
  94  7.6246156e+06 2.68e+01 3.55e+04  -6.0 8.00e+01  -0.1 5.49e-04 3.50e-04f  1
  95  7.6184042e+06 2.68e+01 3.55e+04  -6.0 2.24e+02  -0.6 1.94e-04 1.80e-04f  1
  96  7.6172239e+06 2.68e+01 3.55e+04  -6.0 8.91e+01  -0.2 1.05e-03 8.01e-05f  1
  97  7.6034637e+06 2.67e+01 3.55e+04  -6.0 2.48e+02  -0.6 4.18e-04 3.67e-04f  1
  98  7.5958243e+06 2.67e+01 3.55e+04  -6.0 9.89e+01  -0.2 3.85e-04 4.73e-04f  1
  99  7.5858763e+06 2.67e+01 3.55e+04  -6.0 2.71e+02  -0.7 4.18e-04 2.46e-04f  1
iter    objective    inf_pr   inf_du lg(mu)  ||d||  lg(rg) alpha_du alpha_pr  ls
 100  7.5791617e+06 2.67e+01 3.55e+04  -6.0 1.09e+02  -0.3 4.32e-04 3.79e-04f  1
 101  7.5690667e+06 2.67e+01 3.55e+04  -6.0 2.97e+02  -0.8 1.48e-03 2.30e-04f  1
 102  7.5629205e+06 2.67e+01 3.55e+04  -6.0 1.21e+02  -0.3 1.74e-03 3.17e-04f  1
 103  7.5479015e+06 2.67e+01 3.55e+04  -6.0 3.24e+02  -0.8 8.92e-04 3.17e-04f  1
 104  7.5378485e+06 2.67e+01 3.54e+04  -6.0 1.33e+02  -0.4 5.61e-04 4.77e-04f  1
 105  7.5304800e+06 2.67e+01 3.54e+04  -6.0 3.50e+02  -0.9 5.40e-04 1.45e-04f  1
 106  7.5204308e+06 2.67e+01 3.54e+04  -6.0 1.47e+02  -0.4 7.22e-04 4.37e-04f  1
 107  7.4976863e+06 2.67e+01 3.54e+04  -6.0 3.77e+02  -0.9 1.05e-04 4.16e-04f  1
 108  7.4953732e+06 2.67e+01 3.54e+04  -6.0 1.57e+02  -0.5 9.95e-04 9.30e-05f  1
 109  7.4889301e+06 2.66e+01 3.54e+04  -6.0 3.79e+02  -1.0 2.13e-04 1.11e-04f  1
iter    objective    inf_pr   inf_du lg(mu)  ||d||  lg(rg) alpha_du alpha_pr  ls
 110  7.4858586e+06 2.66e+01 3.54e+04  -6.0 1.74e+02  -0.5 1.47e-03 1.19e-04f  1
 111  7.4791726e+06 2.66e+01 3.54e+04  -6.0 6.85e+01  -0.1 1.76e-03 6.12e-04f  1
 112  7.4615705e+06 2.66e+01 3.53e+04  -6.0 1.93e+02  -0.6 6.85e-04 6.26e-04f  1
 113  7.4607989e+06 2.66e+01 3.53e+04  -6.0 7.61e+01  -0.2 4.10e-04 6.49e-05f  1
 114  7.4532410e+06 2.66e+01 3.53e+04  -6.0 2.13e+02  -0.6 9.89e-04 2.50e-04f  1
 115  7.4463447e+06 2.66e+01 3.53e+04  -6.0 8.49e+01  -0.2 3.66e-04 5.31e-04f  1
 116  7.4358490e+06 2.66e+01 3.53e+04  -6.0 2.36e+02  -0.7 1.40e-04 3.23e-04f  1
 117  7.4308724e+06 2.66e+01 3.53e+04  -6.0 9.45e+01  -0.3 1.21e-03 3.51e-04f  1
 118  7.4213367e+06 2.66e+01 3.53e+04  -6.0 2.60e+02  -0.7 3.66e-04 2.73e-04f  1
 119  7.4163837e+06 2.66e+01 3.53e+04  -6.0 1.05e+02  -0.3 6.50e-05 3.23e-04f  1
iter    objective    inf_pr   inf_du lg(mu)  ||d||  lg(rg) alpha_du alpha_pr  ls
 120  7.4119719e+06 2.66e+01 3.53e+04  -6.0 2.87e+02  -0.8 4.17e-04 1.17e-04f  1
 121  7.4043755e+06 2.65e+01 3.53e+04  -6.0 1.17e+02  -0.4 6.79e-04 4.51e-04f  1
 122  7.3936863e+06 2.65e+01 3.52e+04  -6.0 3.16e+02  -0.8 1.06e-03 2.64e-04f  1
 123  7.3866935e+06 2.65e+01 3.52e+04  -6.0 1.30e+02  -0.4 2.28e-04 3.82e-04f  1
 124  7.3786702e+06 2.65e+01 3.52e+04  -6.0 3.47e+02  -0.9 2.75e-03 1.86e-04f  1
 125  7.3657035e+06 2.65e+01 3.52e+04  -6.0 1.44e+02  -0.5 2.31e-04 6.60e-04f  1
 126  7.3533897e+06 2.65e+01 3.52e+04  -6.0 3.79e+02  -0.9 1.45e-03 2.70e-04f  1
 127  7.3453907e+06 2.65e+01 3.52e+04  -6.0 1.59e+02  -0.5 1.07e-03 3.80e-04f  1
 128  7.3347448e+06 2.65e+01 3.52e+04  -6.0 4.13e+02  -1.0 7.89e-04 2.25e-04f  1
 129  7.3186632e+06 2.65e+01 3.51e+04  -6.0 1.76e+02  -0.6 8.36e-04 7.24e-04f  1
iter    objective    inf_pr   inf_du lg(mu)  ||d||  lg(rg) alpha_du alpha_pr  ls
 130  7.3059315e+06 2.65e+01 3.51e+04  -6.0 4.47e+02  -1.0 6.90e-04 2.58e-04f  1
 131  7.3007247e+06 2.64e+01 3.51e+04  -6.0 1.93e+02  -0.6 7.48e-04 2.23e-04f  1
 132  7.2813934e+06 2.64e+01 3.51e+04  -6.0 4.86e+02  -1.1 4.71e-04 3.77e-04f  1
 133  7.2734286e+06 2.64e+01 3.51e+04  -6.0 2.12e+02  -0.7 1.04e-03 3.22e-04f  1
 134  7.2685382e+06 2.64e+01 3.51e+04  -6.0 8.60e+01  -0.2 7.15e-04 4.58e-04f  1
 135  7.2609195e+06 2.64e+01 3.51e+04  -6.0 2.36e+02  -0.7 4.55e-04 2.89e-04f  1
 136  7.2542183e+06 2.64e+01 3.51e+04  -6.0 9.68e+01  -0.3 2.42e-03 5.78e-04f  1
 137  7.2422633e+06 2.64e+01 3.50e+04  -6.0 2.61e+02  -0.8 2.28e-04 4.23e-04f  1
 138  7.2374930e+06 2.64e+01 3.50e+04  -6.0 1.07e+02  -0.3 1.26e-03 3.80e-04f  1
 139  7.2234055e+06 2.64e+01 3.50e+04  -6.0 2.86e+02  -0.8 3.61e-04 4.68e-04f  1
iter    objective    inf_pr   inf_du lg(mu)  ||d||  lg(rg) alpha_du alpha_pr  ls
 140  7.2172806e+06 2.63e+01 3.50e+04  -6.0 1.18e+02  -0.4 1.06e-03 4.53e-04f  1
 141  7.2132637e+06 2.63e+01 3.50e+04  -6.0 3.11e+02  -0.9 1.44e-03 1.25e-04f  1
 142  7.1979313e+06 2.63e+01 3.50e+04  -6.0 1.31e+02  -0.4 3.53e-04 1.04e-03f  1
 143  7.1915502e+06 2.63e+01 3.50e+04  -6.0 3.38e+02  -0.9 3.37e-04 1.89e-04f  1
 144  7.1832758e+06 2.63e+01 3.49e+04  -6.0 1.45e+02  -0.5 2.49e-04 5.25e-04f  1
 145  7.1771186e+06 2.63e+01 3.49e+04  -6.0 3.68e+02  -1.0 1.83e-04 1.71e-04f  1
 146  7.1733935e+06 2.63e+01 3.49e+04  -6.0 1.59e+02  -0.5 5.92e-04 2.19e-04f  1
 147  7.1642516e+06 2.63e+01 3.49e+04  -6.0 4.00e+02  -1.0 2.09e-04 2.39e-04f  1
 148  7.1574008e+06 2.63e+01 3.49e+04  -6.0 1.76e+02  -0.6 1.83e-04 3.73e-04f  1
 149  7.1498523e+06 2.63e+01 3.49e+04  -6.0 4.31e+02  -1.1 1.29e-03 1.85e-04f  1
iter    objective    inf_pr   inf_du lg(mu)  ||d||  lg(rg) alpha_du alpha_pr  ls
 150  7.1401166e+06 2.63e+01 3.49e+04  -6.0 1.92e+02  -0.7 1.03e-03 4.93e-04f  1
 151  7.1251028e+06 2.62e+01 3.49e+04  -6.0 4.62e+02  -1.1 2.85e-04 3.50e-04f  1
 152  7.1197735e+06 2.62e+01 3.49e+04  -6.0 2.10e+02  -0.7 2.89e-03 2.54e-04f  1
 153  7.0972449e+06 2.62e+01 3.48e+04  -6.0 4.96e+02  -1.2 5.88e-04 5.04e-04f  1
 154  7.0939154e+06 2.62e+01 3.48e+04  -6.0 2.28e+02  -0.8 3.65e-04 1.51e-04f  1
 155  7.0871144e+06 2.62e+01 3.48e+04  -6.0 5.29e+02  -1.2 2.20e-03 1.46e-04f  1
 156  7.0645126e+06 2.62e+01 3.48e+04  -6.0 2.50e+02  -0.8 6.14e-05 9.58e-04f  1
 157  7.0577950e+06 2.62e+01 3.48e+04  -6.0 5.59e+02  -1.3 1.60e-03 1.40e-04f  1
 158  7.0374520e+06 2.62e+01 3.48e+04  -6.0 2.70e+02  -0.9 5.49e-04 8.24e-04f  1
 159  7.0218697e+06 2.62e+01 3.47e+04  -6.0 5.89e+02  -1.3 1.70e-03 3.14e-04f  1
iter    objective    inf_pr   inf_du lg(mu)  ||d||  lg(rg) alpha_du alpha_pr  ls
 160  7.0085503e+06 2.61e+01 3.47e+04  -6.0 2.90e+02  -0.9 3.97e-03 5.17e-04f  1
 161  6.9841090e+06 2.61e+01 3.47e+04  -6.0 6.18e+02  -1.4 8.79e-04 4.81e-04f  1
 162  6.9703789e+06 2.61e+01 3.47e+04  -6.0 3.10e+02  -1.0 3.14e-04 5.12e-04f  1
 163  6.9505668e+06 2.61e+01 3.47e+04  -6.0 6.42e+02  -1.4 2.80e-03 3.80e-04f  1
 164  6.9359804e+06 2.61e+01 3.47e+04  -6.0 3.31e+02  -1.0 3.31e-04 5.29e-04f  1
 165  6.9233392e+06 2.61e+01 3.47e+04  -6.0 6.67e+02  -1.5 2.00e-03 2.42e-04f  1
 166  6.9152733e+06 2.61e+01 3.46e+04  -6.0 3.53e+02  -1.1 1.67e-05 2.89e-04f  1
 167  6.9044029e+06 2.61e+01 3.46e+04  -6.0 1.59e+02  -0.6 1.90e-03 8.03e-04f  1
 168  6.8870063e+06 2.60e+01 3.46e+04  -6.0 3.77e+02  -1.1 8.41e-04 5.97e-04f  1
 169  6.8748647e+06 2.60e+01 3.46e+04  -6.0 1.72e+02  -0.7 5.72e-04 8.62e-04f  1
iter    objective    inf_pr   inf_du lg(mu)  ||d||  lg(rg) alpha_du alpha_pr  ls
 170  6.8641872e+06 2.60e+01 3.46e+04  -6.0 3.97e+02  -1.2 5.26e-04 3.58e-04f  1
 171  6.8565529e+06 2.60e+01 3.45e+04  -6.0 1.86e+02  -0.7 2.16e-03 5.20e-04f  1
 172  6.8402706e+06 2.60e+01 3.45e+04  -6.0 4.20e+02  -1.2 1.16e-03 5.37e-04f  1
 173  6.8357600e+06 2.60e+01 3.45e+04  -6.0 7.22e+02  -1.7 2.78e-04 8.66e-05f  1
 174  6.8210743e+06 2.60e+01 3.45e+04  -6.0 4.35e+02  -1.3 6.96e-03 4.72e-04f  1
 175  6.8015752e+06 2.59e+01 3.45e+04  -6.0 2.11e+02  -0.8 2.42e-03 1.26e-03f  1
 176  6.7786095e+06 2.59e+01 3.44e+04  -6.0 4.24e+02  -1.3 4.87e-03 7.69e-04f  1
 177  6.7629397e+06 2.59e+01 3.44e+04  -6.0 7.58e+02  -1.8 1.90e-03 3.62e-04f  1
 178  6.7402846e+06 2.59e+01 3.44e+04  -6.0 3.29e+02  -1.4 1.56e-03 8.95e-04f  1
 179  6.7165732e+06 2.59e+01 3.44e+04  -6.0 8.13e+02  -1.8 5.28e-03 5.82e-04f  1
iter    objective    inf_pr   inf_du lg(mu)  ||d||  lg(rg) alpha_du alpha_pr  ls
 180  6.6982492e+06 2.59e+01 3.43e+04  -6.0 3.55e+02  -1.4 2.68e-04 7.59e-04f  1
 181  6.6959023e+06 2.59e+01 3.43e+04  -6.0 8.60e+02  -1.9 3.41e-03 6.09e-05f  1
 182  6.6671545e+06 2.58e+01 3.43e+04  -6.0 3.90e+02  -1.5 5.42e-03 1.21e-03f  1
 183  6.6523499e+06 2.58e+01 3.43e+04  -6.0 9.13e+02  -1.9 1.21e-03 4.21e-04f  1
 184  6.6189333e+06 2.58e+01 3.42e+04  -6.0 4.19e+02  -1.5 6.86e-03 1.49e-03f  1
 185  6.6012435e+06 2.58e+01 3.42e+04  -6.0 9.47e+02  -2.0 1.01e-03 5.39e-04f  1
 186  6.5833851e+06 2.57e+01 3.42e+04  -6.0 2.04e+03  -2.5 1.28e-03 4.05e-04f  1
 187  6.5762511e+06 2.57e+01 3.42e+04  -6.0 9.74e+02  -2.0 5.48e-03 2.31e-04f  1
 188  6.5522125e+06 2.57e+01 3.42e+04  -6.0 1.45e+03  -2.5 1.29e-03 6.75e-04f  1
 189  6.5451865e+06 2.57e+01 3.42e+04  -6.0 4.03e+02  -2.1 8.09e-03 2.88e-04f  1
iter    objective    inf_pr   inf_du lg(mu)  ||d||  lg(rg) alpha_du alpha_pr  ls
 190  6.5269817e+06 2.57e+01 3.41e+04  -6.0 6.60e+02  -2.6 2.13e-03 6.56e-04f  1
 191  6.4887869e+06 2.57e+01 3.41e+04  -6.0 4.27e+02  -2.2 5.40e-03 1.74e-03f  1
 192  6.4781428e+06 2.56e+01 3.41e+04  -6.0 2.11e+02  -1.7 4.24e-06 7.21e-04f  1
 193  6.4701623e+06 2.56e+01 3.40e+04  -6.0 3.58e+02  -2.2 5.87e-03 4.06e-04f  1
 194  6.4564981e+06 2.56e+01 3.40e+04  -6.0 6.75e+02  -2.7 3.05e-03 6.49e-04f  1
 195  6.4408382e+06 2.56e+01 3.40e+04  -6.0 3.41e+02  -2.3 1.06e-02 9.21e-04f  1
 196  6.4195041e+06 2.56e+01 3.39e+04  -6.0 7.05e+02  -2.7 2.98e-03 1.19e-03f  1
 197  6.4099549e+06 2.55e+01 3.39e+04  -6.0 3.38e+02  -2.3 3.68e-03 6.30e-04f  1
 198  6.3841319e+06 2.55e+01 3.39e+04  -6.0 7.77e+02  -2.8 9.78e-04 1.57e-03f  1
 199  6.3672857e+06 2.55e+01 3.38e+04  -6.0 3.36e+02  -2.4 9.14e-04 1.20e-03f  1
iter    objective    inf_pr   inf_du lg(mu)  ||d||  lg(rg) alpha_du alpha_pr  ls
 200  6.3638619e+06 2.55e+01 3.38e+04  -6.0 8.29e+02  -2.8 1.27e-03 2.26e-04f  1
 201  6.3499975e+06 2.54e+01 3.38e+04  -6.0 3.56e+02  -2.4 3.13e-03 1.05e-03f  1
 202  6.3453893e+06 2.54e+01 3.38e+04  -6.0 4.19e+02  -2.9 1.92e-03 3.47e-04f  1
 203  6.3239824e+06 2.54e+01 3.37e+04  -6.0 3.24e+02  -2.5 6.06e-03 1.85e-03f  1
 204  6.3200444e+06 2.54e+01 3.37e+04  -6.0 8.06e+03  -2.9 5.93e-05 3.21e-04f  1
 205  6.3129376e+06 2.54e+01 3.37e+04  -6.0 3.13e+02  -2.5 5.59e-03 6.76e-04f  1
 206  6.2940143e+06 2.53e+01 3.36e+04  -6.0 1.97e+02  -2.1 5.40e-03 2.32e-03f  1
 207  6.2875063e+06 2.53e+01 3.36e+04  -6.0 2.79e+02  -2.6 2.01e-03 7.16e-04f  1
 208  6.2808467e+06 2.53e+01 3.35e+04  -6.0 1.70e+02  -2.1 1.68e-03 8.95e-04f  1
 209  6.2745371e+06 2.52e+01 3.35e+04  -6.0 2.82e+02  -2.6 1.04e-03 7.27e-04f  1
iter    objective    inf_pr   inf_du lg(mu)  ||d||  lg(rg) alpha_du alpha_pr  ls
 210  6.2673706e+06 2.52e+01 3.35e+04  -6.0 1.53e+02  -2.2 3.47e-03 9.98e-04f  1
 211  6.2583963e+06 2.52e+01 3.34e+04  -6.0 2.78e+02  -2.7 3.42e-03 1.12e-03f  1
 212  6.2568887e+06 2.52e+01 3.34e+04  -6.0 9.63e+03  -3.1 2.91e-04 1.59e-04f  1
 213  6.2533579e+06 2.52e+01 3.34e+04  -6.0 2.04e+02  -2.7 2.96e-03 4.67e-04f  1
 214  6.2503752e+06 2.52e+01 3.34e+04  -6.0 5.33e+03  -3.2 3.64e-04 3.73e-04f  1
 215  6.2480117e+06 2.51e+01 3.34e+04  -6.0 2.06e+02  -2.8 2.85e-03 3.20e-04f  1
 216  6.2413706e+06 2.51e+01 3.34e+04  -6.0 1.66e+02  -2.3 1.77e-03 1.04e-03f  1
 217  6.2402047e+06 2.51e+01 3.34e+04  -6.0 2.08e+02  -2.8 3.59e-03 1.69e-04f  1
 218  6.2303518e+06 2.51e+01 3.33e+04  -6.0 1.70e+02  -2.4 4.44e-03 1.65e-03f  1
 219  6.2158380e+06 2.50e+01 3.32e+04  -6.0 2.08e+02  -2.9 3.63e-03 2.29e-03f  1
iter    objective    inf_pr   inf_du lg(mu)  ||d||  lg(rg) alpha_du alpha_pr  ls
 220  6.2104167e+06 2.50e+01 3.32e+04  -6.0 1.68e+02  -2.4 5.91e-03 1.03e-03f  1
 221  6.2030801e+06 2.49e+01 3.31e+04  -6.0 1.12e+02  -2.0 1.24e-02 1.88e-03f  1
 222  6.1971866e+06 2.49e+01 3.31e+04  -6.0 1.65e+02  -2.5 3.28e-03 1.30e-03f  1
 223  6.1946533e+06 2.49e+01 3.31e+04  -6.0 1.10e+02  -2.1 7.74e-04 7.21e-04f  1
 224  6.1907868e+06 2.49e+01 3.30e+04  -6.0 2.15e+02  -2.5 1.48e-02 8.91e-04f  1
 225  6.1771123e+06 2.48e+01 3.29e+04  -6.0 1.15e+02  -2.1 1.59e-03 4.10e-03f  1
 226  6.1754823e+06 2.48e+01 3.29e+04  -6.0 7.17e+01  -1.7 8.34e-03 7.63e-04f  1
 227  6.1741891e+06 2.47e+01 3.29e+04  -6.0 1.18e+02  -2.2 1.50e-02 4.30e-04f  1
 228  6.1720476e+06 2.47e+01 3.28e+04  -6.0 7.53e+01  -1.7 1.70e-03 1.07e-03f  1
 229  6.1629929e+06 2.46e+01 3.27e+04  -6.0 1.20e+02  -2.2 1.19e-02 3.18e-03f  1
iter    objective    inf_pr   inf_du lg(mu)  ||d||  lg(rg) alpha_du alpha_pr  ls
 230  6.1590458e+06 2.46e+01 3.27e+04  -6.0 1.56e+02  -2.7 1.40e-03 1.22e-03f  1
 231  6.1552294e+06 2.46e+01 3.27e+04  -6.0 3.50e+02    -  4.73e-03 1.06e-03f  1
 232  6.1517053e+06 2.46e+01 3.26e+04  -6.0 3.50e+02    -  1.08e-03 1.01e-03f  1
 233  6.1438004e+06 2.45e+01 3.25e+04  -6.0 3.49e+02    -  9.52e-03 2.28e-03f  1
 234  6.1345393e+06 2.44e+01 3.25e+04  -6.0 3.46e+02    -  1.29e-02 2.76e-03f  1
 235  6.1293491e+06 2.44e+01 3.24e+04  -6.0 3.29e+02    -  2.40e-03 1.61e-03f  1
 236  6.1265692e+06 2.44e+01 3.24e+04  -6.0 1.29e+02  -2.3 1.00e-02 1.25e-03f  1
 237  6.1211527e+06 2.43e+01 3.23e+04  -6.0 1.69e+02  -2.7 5.75e-04 2.14e-03f  1
 238  6.1170859e+06 2.43e+01 3.22e+04  -6.0 1.34e+02  -2.3 1.51e-02 1.98e-03f  1
 239  6.1150128e+06 2.42e+01 3.22e+04  -6.0 1.68e+02  -2.8 2.06e-03 9.00e-04f  1
iter    objective    inf_pr   inf_du lg(mu)  ||d||  lg(rg) alpha_du alpha_pr  ls
 240  6.1098945e+06 2.42e+01 3.21e+04  -6.0 1.92e+02    -  1.80e-03 1.99e-03f  1
 241  6.1080038e+06 2.42e+01 3.21e+04  -6.0 1.85e+02    -  6.31e-03 7.54e-04f  1
 242  6.1057239e+06 2.41e+01 3.21e+04  -6.0 1.85e+02    -  4.10e-03 1.01e-03f  1
 243  6.1035404e+06 2.41e+01 3.20e+04  -6.0 1.88e+02    -  2.06e-03 1.01e-03f  1
 244  6.1021216e+06 2.41e+01 3.20e+04  -6.0 1.90e+02    -  7.82e-03 6.68e-04f  1
 245  6.0985889e+06 2.41e+01 3.20e+04  -6.0 1.91e+02    -  9.29e-04 1.71e-03f  1
 246  6.0943604e+06 2.40e+01 3.19e+04  -6.0 1.95e+02    -  3.01e-03 2.07e-03f  1
 247  6.0902257e+06 2.40e+01 3.18e+04  -6.0 1.99e+02    -  2.35e-03 2.08e-03f  1
 248  6.0852141e+06 2.39e+01 3.18e+04  -6.0 1.98e+02    -  5.23e-03 2.58e-03f  1
 249  6.0848293e+06 2.39e+01 3.17e+04  -6.0 1.87e+02    -  3.28e-03 2.24e-04f  1
iter    objective    inf_pr   inf_du lg(mu)  ||d||  lg(rg) alpha_du alpha_pr  ls
 250  6.0821469e+06 2.39e+01 3.17e+04  -6.0 1.87e+02    -  3.51e-03 1.76e-03f  1
 251  6.0798936e+06 2.38e+01 3.16e+04  -6.0 1.91e+02    -  2.87e-03 1.70e-03f  1
 252  6.0780253e+06 2.38e+01 3.16e+04  -6.0 1.95e+02    -  6.35e-03 1.52e-03f  1
 253  6.0754800e+06 2.37e+01 3.15e+04  -6.0 1.97e+02    -  4.13e-03 2.17e-03f  1
 254  6.0728005e+06 2.37e+01 3.14e+04  -6.0 2.00e+02    -  1.63e-02 2.36e-03f  1
 255  6.0681680e+06 2.36e+01 3.13e+04  -6.0 1.86e+02    -  7.47e-03 4.26e-03f  1
 256  6.0671322e+06 2.35e+01 3.13e+04  -6.0 1.51e+02    -  5.09e-04 1.02e-03f  1
 257  6.0646243e+06 2.35e+01 3.12e+04  -6.0 1.54e+02    -  6.10e-03 2.50e-03f  1
 258  6.0634537e+06 2.35e+01 3.12e+04  -6.0 1.60e+02    -  2.61e-03 1.22e-03f  1
 259  6.0627527e+06 2.34e+01 3.11e+04  -6.0 1.63e+02    -  1.37e-03 7.46e-04f  1
iter    objective    inf_pr   inf_du lg(mu)  ||d||  lg(rg) alpha_du alpha_pr  ls
 260  6.0612638e+06 2.34e+01 3.11e+04  -6.0 1.65e+02    -  5.25e-03 1.60e-03f  1
 261  6.0587492e+06 2.33e+01 3.10e+04  -6.0 1.69e+02    -  2.06e-03 2.81e-03f  1
 262  6.0577638e+06 2.33e+01 3.10e+04  -6.0 1.76e+02    -  5.04e-03 1.16e-03f  1
 263  6.0574302e+06 2.33e+01 3.10e+04  -6.0 1.79e+02    -  1.45e-03 4.20e-04f  1
 264  6.0551798e+06 2.32e+01 3.09e+04  -6.0 1.80e+02    -  1.18e-03 2.87e-03f  1
 265  6.0545673e+06 2.32e+01 3.08e+04  -6.0 1.87e+02    -  4.60e-03 8.04e-04f  1
 266  6.0537703e+06 2.32e+01 3.08e+04  -6.0 1.89e+02    -  8.68e-03 1.06e-03f  1
 267  6.0519538e+06 2.31e+01 3.07e+04  -6.0 1.92e+02    -  1.12e-03 2.48e-03f  1
 268  6.0501605e+06 2.31e+01 3.07e+04  -6.0 1.98e+02    -  1.55e-02 2.48e-03f  1
 269  6.0488866e+06 2.30e+01 3.06e+04  -6.0 2.04e+02    -  7.44e-03 1.80e-03f  1
iter    objective    inf_pr   inf_du lg(mu)  ||d||  lg(rg) alpha_du alpha_pr  ls
 270  6.0477195e+06 2.30e+01 3.06e+04  -6.0 2.11e+02    -  1.05e-03 1.68e-03f  1
 271  6.0461874e+06 2.29e+01 3.05e+04  -6.0 2.18e+02    -  5.47e-03 2.31e-03f  1
 272  6.0444705e+06 2.29e+01 3.04e+04  -6.0 2.53e+02    -  2.94e-03 2.69e-03f  1
 273  6.0439267e+06 2.29e+01 3.04e+04  -6.0 2.61e+02    -  6.60e-03 9.29e-04f  1
 274  6.0423217e+06 2.28e+01 3.03e+04  -6.0 2.65e+02    -  8.18e-03 2.81e-03f  1
 275  6.0412301e+06 2.28e+01 3.02e+04  -6.0 2.73e+02    -  2.83e-03 2.07e-03f  1
 276  6.0411943e+06 2.27e+01 3.02e+04  -6.0 2.72e+02    -  6.72e-03 7.13e-05f  1
 277  6.0398378e+06 2.27e+01 3.01e+04  -6.0 2.54e+02    -  7.44e-03 2.81e-03f  1
 278  6.0389447e+06 2.26e+01 3.01e+04  -6.0 2.07e+02    -  1.68e-02 2.32e-03f  1
 279  6.0375779e+06 2.25e+01 2.99e+04  -6.0 2.11e+02    -  9.64e-04 4.17e-03f  1
iter    objective    inf_pr   inf_du lg(mu)  ||d||  lg(rg) alpha_du alpha_pr  ls
 280  6.0370422e+06 2.25e+01 2.99e+04  -6.0 2.17e+02    -  1.04e-02 1.73e-03f  1
 281  6.0358766e+06 2.24e+01 2.98e+04  -6.0 2.20e+02    -  1.14e-02 3.82e-03f  1
 282  6.0347919e+06 2.23e+01 2.97e+04  -6.0 2.25e+02    -  5.93e-03 3.67e-03f  1
 283  6.0344989e+06 2.23e+01 2.96e+04  -6.0 2.31e+02    -  9.14e-03 1.04e-03f  1
 284  6.0341964e+06 2.23e+01 2.96e+04  -6.0 2.33e+02    -  8.80e-03 1.11e-03f  1
 285  6.0332696e+06 2.22e+01 2.95e+04  -6.0 2.35e+02    -  1.71e-03 3.70e-03f  1
 286  6.0327791e+06 2.22e+01 2.94e+04  -6.0 2.40e+02    -  1.73e-03 2.02e-03f  1
 287  6.0322172e+06 2.21e+01 2.94e+04  -6.0 2.43e+02    -  1.13e-02 2.34e-03f  1
 288  6.0309732e+06 2.20e+01 2.92e+04  -6.0 2.47e+02    -  1.04e-03 5.26e-03f  1
 289  6.0304875e+06 2.19e+01 2.92e+04  -6.0 2.54e+02    -  7.41e-03 2.05e-03f  1
iter    objective    inf_pr   inf_du lg(mu)  ||d||  lg(rg) alpha_du alpha_pr  ls
 290  6.0295511e+06 2.19e+01 2.90e+04  -6.0 2.57e+02    -  2.23e-03 3.99e-03f  1
 291  6.0289523e+06 2.18e+01 2.90e+04  -6.0 2.63e+02    -  1.57e-02 2.61e-03f  1
 292  6.0281881e+06 2.17e+01 2.89e+04  -6.0 2.66e+02    -  5.03e-03 3.47e-03f  1
 293  6.0277671e+06 2.17e+01 2.88e+04  -6.0 2.72e+02    -  1.17e-02 1.97e-03f  1
 294  6.0275205e+06 2.17e+01 2.88e+04  -6.0 2.75e+02    -  1.05e-02 1.24e-03f  1
 295  6.0267829e+06 2.16e+01 2.86e+04  -6.0 2.77e+02    -  1.44e-03 4.13e-03f  1
 296  6.0262642e+06 2.15e+01 2.86e+04  -6.0 2.84e+02    -  9.69e-03 3.04e-03f  1
 297  6.0260414e+06 2.15e+01 2.85e+04  -6.0 2.89e+02    -  1.59e-02 1.40e-03f  1
 298  6.0257425e+06 2.14e+01 2.85e+04  -6.0 2.91e+02    -  4.31e-03 2.38e-03f  1
 299  6.0251737e+06 2.13e+01 2.83e+04  -6.0 2.94e+02    -  2.15e-02 4.92e-03f  1
iter    objective    inf_pr   inf_du lg(mu)  ||d||  lg(rg) alpha_du alpha_pr  ls
 300  6.0251864e+06 2.13e+01 2.83e+04  -6.0 5.13e+01  -2.4 1.10e-02 1.38e-03h  1

Number of Iterations....: 300

                                   (scaled)                 (unscaled)
Objective...............:   4.4404225904769504e+04    6.0251864116291553e+06
Dual infeasibility......:   2.8274841627189384e+04    3.8365986140253646e+06
Constraint violation....:   8.3341646239280092e+00    2.1282583816989195e+01
Variable bound violation:   1.1967119561973050e-07    1.1967119561973050e-07
Complementarity.........:   7.7740130221194931e+03    1.0548518000326485e+06
Overall NLP error.......:   2.8274841627189384e+04    3.8365986140253646e+06


Number of objective function evaluations             = 301
Number of objective gradient evaluations             = 301
Number of equality constraint evaluations            = 301
Number of inequality constraint evaluations          = 302
Number of equality constraint Jacobian evaluations   = 301
Number of inequality constraint Jacobian evaluations = 301
Number of Lagrangian Hessian evaluations             = 300
Total seconds in IPOPT                               = 132.644

EXIT: Maximum Number of Iterations Exceeded.

