Solver command line: ['/opt/homebrew/bin/ipopt', '/var/folders/6y/bvynbx6n3zv7z3lwg6vd724r0000gn/T/tmpyqc_pfn3.pyomo.nl', '-AMPL', 'tol=1e-06', 'max_iter=300', 'print_level=5']

Ipopt 3.14.19: tol=1e-06
max_iter=300
print_level=5


******************************************************************************
This program contains Ipopt, a library for large-scale nonlinear optimization.
 Ipopt is released as open source code under the Eclipse Public License (EPL).
         For more information visit https://github.com/coin-or/Ipopt
******************************************************************************

This is Ipopt version 3.14.19, running with linear solver MUMPS 5.6.2.

Number of nonzeros in equality constraint Jacobian...:   153511
Number of nonzeros in inequality constraint Jacobian.:   128392
Number of nonzeros in Lagrangian Hessian.............:    84551

Total number of variables............................:    21372
                     variables with only lower bounds:        0
                variables with lower and upper bounds:    21372
                     variables with only upper bounds:        0
Total number of equality constraints.................:    18483
Total number of inequality constraints...............:    32098
        inequality constraints with only lower bounds:        0
   inequality constraints with lower and upper bounds:        0
        inequality constraints with only upper bounds:    32098

iter    objective    inf_pr   inf_du lg(mu)  ||d||  lg(rg) alpha_du alpha_pr  ls
   0  6.2511450e+06 4.12e+01 1.00e+02  -1.0 0.00e+00    -  0.00e+00 0.00e+00   0
   1  6.2403669e+06 4.06e+01 9.55e+01  -1.0 2.88e+01    -  5.18e-02 1.43e-02f  1
   2  6.2080890e+06 3.76e+01 8.47e+01  -1.0 4.26e+01    -  1.23e-01 7.57e-02f  1
   3  6.1714319e+06 3.13e+01 1.36e+02  -1.0 9.79e+01    -  4.71e-02 1.75e-01f  1
   4  6.1688986e+06 2.81e+01 1.36e+02  -1.0 7.45e+01    -  6.30e-02 1.03e-01f  1
   5  6.1709626e+06 2.43e+01 1.53e+02  -1.0 7.62e+01    -  1.03e-01 1.36e-01f  1
   6  6.1728727e+06 2.35e+01 1.54e+02  -1.0 7.80e+01    -  7.50e-02 3.55e-02h  1
   7  6.1766912e+06 2.20e+01 1.86e+02  -1.0 7.76e+01    -  1.22e-01 6.45e-02h  1
   8  6.1823619e+06 2.01e+01 3.37e+02  -1.0 7.66e+01    -  2.78e-02 8.39e-02h  1
   9  6.2093072e+06 1.36e+01 3.75e+02  -1.0 7.36e+01    -  1.27e-01 3.25e-01H  1
iter    objective    inf_pr   inf_du lg(mu)  ||d||  lg(rg) alpha_du alpha_pr  ls
  10  6.2275805e+06 1.05e+01 4.34e+02  -1.0 5.50e+01    -  1.36e-01 2.24e-01h  1
  11  6.2307806e+06 1.01e+01 4.30e+02  -1.0 5.08e+01    -  4.58e-02 4.48e-02h  1
  12  6.2467632e+06 7.73e+00 8.26e+02  -1.0 5.07e+01    -  1.01e-01 2.33e-01h  1
  13  6.2673523e+06 4.74e+00 5.16e+02  -1.0 4.60e+01    -  2.63e-01 3.87e-01h  1
  14  6.2683056e+06 4.60e+00 5.01e+02  -1.0 4.23e+01    -  5.03e-02 2.91e-02h  1
  15  6.2900106e+06 1.34e+00 2.67e+02  -1.0 3.63e+01    -  2.32e-02 7.06e-01h  1
  16  6.2912031e+06 7.48e-01 2.22e+02  -1.0 3.09e+01    -  7.69e-01 4.38e-01h  1
  17  6.2875103e+06 4.80e-01 1.91e+02  -1.0 5.50e+01    -  6.24e-01 3.50e-01h  1
  18  6.2861266e+06 4.15e-01 3.64e+02  -1.0 5.68e+01    -  3.69e-01 1.36e-01h  1
  19  6.2823153e+06 2.27e-01 4.66e+02  -1.0 5.49e+01    -  7.18e-01 4.53e-01h  1
iter    objective    inf_pr   inf_du lg(mu)  ||d||  lg(rg) alpha_du alpha_pr  ls
  20  6.2806091e+06 1.36e-01 8.21e+02  -1.0 3.78e+01    -  6.76e-01 3.99e-01h  1
  21  6.2794396e+06 4.63e-02 7.85e+02  -1.0 2.32e+01    -  9.90e-01 8.13e-01h  1
  22  6.2794084e+06 2.68e-02 2.34e+04  -1.0 1.02e+01    -  9.92e-01 4.48e-01h  1
  23  6.2795609e+06 1.95e-02 2.20e+05  -1.0 7.84e+00    -  4.54e-01 2.76e-01h  1
  24  6.2798826e+06 2.80e-02 8.60e+00  -1.0 3.55e+00    -  1.00e+00 1.00e+00h  1
  25  6.2799286e+06 1.56e-03 2.15e+01  -1.0 5.57e-01    -  1.00e+00 1.00e+00h  1
  26  6.2799331e+06 3.24e-04 8.70e-01  -1.0 2.31e-01    -  1.00e+00 1.00e+00h  1
  27  6.2690147e+06 1.55e-02 2.53e+04  -1.7 1.15e+01    -  5.72e-01 5.01e-01f  1
  28  6.2611927e+06 2.14e-02 6.42e+04  -1.7 8.87e+00    -  8.39e-01 5.34e-01f  1
  29  6.2558379e+06 1.65e-02 4.11e+04  -1.7 6.19e+00    -  9.09e-01 5.60e-01f  1
iter    objective    inf_pr   inf_du lg(mu)  ||d||  lg(rg) alpha_du alpha_pr  ls
  30  6.2534291e+06 8.35e-03 1.83e+04  -1.7 3.14e+00    -  1.00e+00 5.82e-01f  1
  31  6.2519564e+06 1.71e-03 6.68e-01  -1.7 1.29e+00    -  1.00e+00 1.00e+00h  1
  32  6.2519446e+06 6.88e-05 1.50e-02  -1.7 1.93e-01    -  1.00e+00 1.00e+00h  1
  33  6.2498036e+06 2.72e-03 1.38e+03  -3.8 6.75e+00    -  2.64e-01 2.34e-01f  1
  34  6.2478604e+06 5.43e-03 1.37e+04  -3.8 5.77e+00    -  5.27e-01 2.68e-01f  1
  35  6.2463887e+06 7.62e-03 9.47e+03  -3.8 5.32e+00    -  2.53e-01 2.69e-01f  1
  36  6.2460272e+06 7.23e-03 2.74e+04  -3.8 4.53e+00    -  4.53e-01 9.62e-02f  1
  37  6.2453125e+06 7.41e-03 3.27e+04  -3.8 4.65e+00    -  4.88e-01 2.14e-01f  1
  38  6.2446110e+06 7.59e-03 2.55e+04  -3.8 4.12e+00    -  3.94e-01 2.77e-01f  1
  39  6.2443764e+06 6.89e-03 2.48e+04  -3.8 2.76e+00    -  3.27e-01 1.37e-01f  1
iter    objective    inf_pr   inf_du lg(mu)  ||d||  lg(rg) alpha_du alpha_pr  ls
  40  6.2439255e+06 6.17e-03 1.78e+04  -3.8 2.23e+00    -  3.78e-01 3.17e-01f  1
  41  6.2436434e+06 4.97e-03 1.34e+04  -3.8 1.53e+00    -  4.48e-01 3.19e-01h  1
  42  6.2434160e+06 3.56e-03 9.41e+03  -3.8 9.95e-01    -  6.44e-01 4.07e-01h  1
  43  6.2433226e+06 2.57e-03 7.59e+03  -3.8 5.86e-01    -  7.21e-01 3.10e-01h  1
  44  6.2432365e+06 1.51e-03 4.82e+03  -3.8 4.36e-01    -  1.00e+00 4.39e-01h  1
  45  6.2431568e+06 3.97e-04 1.14e+03  -3.8 2.65e-01    -  1.00e+00 7.73e-01h  1
  46  6.2431367e+06 3.36e-05 2.70e-01  -3.8 7.01e-02    -  1.00e+00 1.00e+00h  1
  47  6.2431369e+06 4.09e-07 5.41e-03  -3.8 1.18e-02    -  1.00e+00 1.00e+00h  1
  48  6.2431369e+06 5.00e-10 1.54e-07  -3.8 1.89e-04    -  1.00e+00 1.00e+00h  1
  49  6.2431094e+06 8.04e-05 2.25e+02  -5.7 3.56e-01    -  6.88e-01 5.86e-01f  1
iter    objective    inf_pr   inf_du lg(mu)  ||d||  lg(rg) alpha_du alpha_pr  ls
  50  6.2431014e+06 6.58e-05 4.40e+02  -5.7 4.55e-01    -  7.95e-01 4.27e-01h  1
  51  6.2430943e+06 4.90e-05 1.57e+02  -5.7 4.42e-01    -  6.98e-01 6.65e-01h  1
  52  6.2430925e+06 2.52e-05 1.36e+02  -5.7 1.41e-01    -  9.57e-01 5.28e-01h  1
  53  6.2430909e+06 6.34e-06 1.12e+00  -5.7 7.09e-02    -  1.00e+00 9.93e-01h  1
  54  6.2430909e+06 5.54e-06 5.80e+00  -5.7 9.83e-03    -  1.00e+00 1.25e-01h  4
  55  6.2430909e+06 5.95e-08 1.24e-06  -5.7 8.34e-03    -  1.00e+00 1.00e+00h  1
  56  6.2430909e+06 6.34e-12 2.35e-09  -5.7 6.89e-05    -  1.00e+00 1.00e+00h  1
  57  6.2430905e+06 6.06e-07 4.07e-01  -7.2 3.34e-02    -  8.43e-01 8.35e-01f  1
  58  6.2430904e+06 9.17e-08 5.70e-01  -7.2 1.65e-02    -  1.00e+00 9.44e-01h  1
  59  6.2430904e+06 2.63e-07 1.64e-07  -7.2 4.01e-02    -  1.00e+00 1.00e+00f  1

Number of Iterations....: 59

                                   (scaled)                 (unscaled)
Objective...............:   4.6010127763103854e+04    6.2430904029293805e+06
Dual infeasibility......:   1.6437561267760657e-07    2.2304041737657068e-05
Constraint violation....:   6.5434718094253907e-09    2.6342391846317925e-07
Variable bound violation:   3.8956855519245437e-07    3.8956855519245437e-07
Complementarity.........:   9.0875709099297688e-08    1.2330877894066389e-05
Overall NLP error.......:   1.6437561267760657e-07    2.2304041737657068e-05


Number of objective function evaluations             = 64
Number of objective gradient evaluations             = 60
Number of equality constraint evaluations            = 64
Number of inequality constraint evaluations          = 64
Number of equality constraint Jacobian evaluations   = 60
Number of inequality constraint Jacobian evaluations = 60
Number of Lagrangian Hessian evaluations             = 59
Total seconds in IPOPT                               = 23.266

EXIT: Optimal Solution Found.

