Solver command line: ['/opt/homebrew/bin/ipopt', '/var/folders/6y/bvynbx6n3zv7z3lwg6vd724r0000gn/T/tmpqnoi6l8e.pyomo.nl', '-AMPL', 'tol=1e-06', 'max_iter=300', 'print_level=5', 'warm_start_init_point=yes', 'warm_start_bound_push=1e-06', 'warm_start_bound_frac=1e-06', 'warm_start_mult_bound_push=1e-06', 'mu_init=1e-06', 'least_square_init_duals=no']

Ipopt 3.14.19: tol=1e-06
max_iter=300
print_level=5
warm_start_init_point=yes
warm_start_bound_push=1e-06
warm_start_bound_frac=1e-06
warm_start_mult_bound_push=1e-06
mu_init=1e-06
least_square_init_duals=no


******************************************************************************
This program contains Ipopt, a library for large-scale nonlinear optimization.
 Ipopt is released as open source code under the Eclipse Public License (EPL).
         For more information visit https://github.com/coin-or/Ipopt
******************************************************************************

This is Ipopt version 3.14.19, running with linear solver MUMPS 5.6.2.

Number of nonzeros in equality constraint Jacobian...:   153511
Number of nonzeros in inequality constraint Jacobian.:   128392
Number of nonzeros in Lagrangian Hessian.............:    84551

Total number of variables............................:    21372
                     variables with only lower bounds:        0
                variables with lower and upper bounds:    21372
                     variables with only upper bounds:        0
Total number of equality constraints.................:    18483
Total number of inequality constraints...............:    32098
        inequality constraints with only lower bounds:        0
   inequality constraints with lower and upper bounds:        0
        inequality constraints with only upper bounds:    32098

iter    objective    inf_pr   inf_du lg(mu)  ||d||  lg(rg) alpha_du alpha_pr  ls
   0  6.2430912e+06 1.83e-03 2.75e+02  -6.0 0.00e+00    -  0.00e+00 0.00e+00   0
   1  6.2426744e+06 1.16e+00 2.75e+02  -6.0 6.77e+04  -4.0 1.92e-05 1.66e-06f  1
   2  6.2426076e+06 1.16e+00 2.75e+02  -6.0 4.97e+04  -4.5 6.36e-06 2.37e-07f  1
   3  6.2422456e+06 2.13e+00 2.75e+02  -6.0 1.09e+05  -5.0 2.08e-05 9.34e-07f  1
   4  6.2420767e+06 2.52e+00 2.75e+02  -6.0 9.13e+04  -5.4 1.48e-06 1.19e-06f  1
   5  6.2420345e+06 2.52e+00 2.75e+02  -6.0 1.71e+05  -5.9 4.78e-06 2.75e-07f  1
   6  6.2419274e+06 2.75e+00 2.75e+02  -6.0 5.59e+05    -  9.10e-07 4.05e-07f  1
   7  6.2417677e+06 4.86e+00 2.75e+02  -6.0 3.25e+05    -  2.94e-06 8.25e-07f  1
   8  6.2415120e+06 4.86e+00 2.75e+02  -6.0 1.86e+05    -  3.04e-06 3.00e-06f  1
   9  6.2414293e+06 4.86e+00 2.75e+02  -6.0 1.05e+04  -5.1 5.42e-05 5.04e-06f  1
iter    objective    inf_pr   inf_du lg(mu)  ||d||  lg(rg) alpha_du alpha_pr  ls
  10  6.2412627e+06 4.86e+00 2.75e+02  -6.0 1.14e+05    -  1.08e-05 7.29e-06f  1
  11  6.2411456e+06 5.84e+00 2.75e+02  -6.0 1.52e+06  -6.0 1.44e-05 1.24e-05H  1
  12  6.2410816e+06 6.90e+00 2.75e+02  -6.0 5.25e+04    -  7.18e-05 1.38e-05f  1
  13  6.2410335e+06 7.68e+00 2.75e+02  -6.0 2.17e+04  -6.5 7.67e-05 2.61e-05f  1
  14  6.2410020e+06 7.67e+00 2.75e+02  -6.0 1.96e+04    -  8.65e-05 3.56e-05f  1
  15  6.2409912e+06 7.67e+00 2.75e+02  -6.0 7.77e+01  -2.9 5.80e-05 3.74e-05f  1
  16  6.2409884e+06 7.67e+00 2.75e+02  -6.0 3.45e+01  -1.6 9.74e-04 2.33e-05f  1
  17  6.2409477e+06 7.67e+00 2.75e+02  -6.0 2.48e+01  -2.1 7.72e-04 4.98e-04f  1
  18  6.2409318e+06 7.67e+00 2.75e+02  -6.0 8.48e+00  -1.6 5.11e-03 6.39e-04f  1
  19  6.2409142e+06 7.65e+00 2.74e+02  -6.0 2.24e+01  -2.1 2.17e-03 2.45e-03h  1
iter    objective    inf_pr   inf_du lg(mu)  ||d||  lg(rg) alpha_du alpha_pr  ls
  20  6.2409089e+06 7.64e+00 2.74e+02  -6.0 3.40e+01  -2.6 5.02e-03 1.32e-03h  1
  21  6.2409063e+06 7.62e+00 2.73e+02  -6.0 2.20e+01  -2.7 4.02e-03 2.37e-03h  1
  22  6.2409026e+06 7.60e+00 2.72e+02  -6.0 4.17e+01  -3.1 6.29e-03 2.21e-03h  1
  23  6.2409011e+06 7.59e+00 2.72e+02  -6.0 7.62e+01  -3.6 4.21e-03 9.37e-04h  1
  24  6.2408960e+06 7.58e+00 2.71e+02  -6.0 1.36e+02  -4.1 9.66e-03 2.55e-03h  1
  25  6.2408946e+06 7.56e+00 2.71e+02  -6.0 2.14e+02    -  1.24e-03 2.30e-03h  1
  26  6.2408950e+06 7.55e+00 2.71e+02  -6.0 1.57e+02    -  1.04e-02 9.87e-04h  1
  27  6.2408988e+06 7.51e+00 2.69e+02  -6.0 1.37e+02    -  5.96e-03 5.88e-03h  1
  28  6.2409013e+06 7.49e+00 2.68e+02  -6.0 4.23e+01  -4.6 3.61e-02 2.07e-03h  1
  29  6.2409163e+06 7.41e+00 2.65e+02  -6.0 3.81e+01  -5.0 1.09e-02 1.12e-02h  1
iter    objective    inf_pr   inf_du lg(mu)  ||d||  lg(rg) alpha_du alpha_pr  ls
  30  6.2409512e+06 7.21e+00 2.58e+02  -6.0 7.86e+00    -  1.20e-02 2.68e-02h  1
  31  6.2409678e+06 7.11e+00 2.55e+02  -6.0 8.29e+00    -  1.53e-02 1.37e-02h  1
  32  6.2410043e+06 6.91e+00 2.48e+02  -6.0 5.96e+00    -  1.55e-02 2.77e-02h  1
  33  6.2410187e+06 6.84e+00 2.45e+02  -6.0 9.69e+00    -  1.48e-02 1.08e-02h  1
  34  6.2410334e+06 6.76e+00 2.42e+02  -6.0 8.32e+00    -  1.59e-02 1.17e-02h  1
  35  6.2410573e+06 6.64e+00 2.38e+02  -6.0 7.08e+00    -  5.96e-03 1.75e-02h  1
  36  6.2410911e+06 6.48e+00 2.32e+02  -6.0 4.94e+00    -  7.64e-03 2.48e-02h  1
  37  6.2411467e+06 6.21e+00 2.22e+02  -6.0 6.46e+00    -  7.72e-03 4.12e-02h  1
  38  6.2411717e+06 6.06e+00 2.17e+02  -6.0 8.02e+00    -  7.28e-03 2.44e-02h  1
  39  6.2412547e+06 5.61e+00 2.01e+02  -6.0 8.23e+00    -  1.66e-02 7.46e-02h  1
iter    objective    inf_pr   inf_du lg(mu)  ||d||  lg(rg) alpha_du alpha_pr  ls
  40  6.2413163e+06 5.33e+00 1.91e+02  -6.0 1.08e+01    -  6.02e-03 4.98e-02h  1
  41  6.2413434e+06 5.00e+00 1.79e+02  -6.0 1.36e+01    -  2.49e-02 6.35e-02h  1
  42  6.2413654e+06 4.83e+00 1.73e+02  -6.0 1.07e+01    -  6.83e-02 3.39e-02h  1
  43  6.2414099e+06 4.64e+00 1.66e+02  -6.0 7.03e+00    -  1.98e-02 4.00e-02h  1
  44  6.2414417e+06 4.37e+00 1.56e+02  -6.0 9.09e+00    -  8.15e-03 5.87e-02h  1
  45  6.2415157e+06 3.86e+00 1.37e+02  -6.0 7.82e+00    -  1.62e-02 1.21e-01h  1
  46  6.2415569e+06 3.62e+00 1.28e+02  -6.0 5.93e+00    -  4.01e-02 6.32e-02h  1
  47  6.2416337e+06 3.16e+00 1.12e+02  -6.0 5.73e+00    -  4.23e-02 1.29e-01h  1
  48r 6.2416337e+06 3.16e+00 9.99e+02  -1.3 0.00e+00    -  0.00e+00 8.41e-08R  2
  49r 6.2416725e+06 3.20e+00 9.99e+02  -1.3 5.24e+02    -  2.51e-05 2.45e-04f  1
iter    objective    inf_pr   inf_du lg(mu)  ||d||  lg(rg) alpha_du alpha_pr  ls
  50  6.2416673e+06 3.20e+00 2.98e+02  -6.0 2.12e+04    -  3.78e-06 9.76e-06f  4
  51  6.2416601e+06 3.20e+00 2.98e+02  -6.0 1.51e+04    -  1.58e-04 1.38e-05f  4
  52  6.2416553e+06 3.20e+00 2.98e+02  -6.0 8.18e+03    -  5.37e-05 3.82e-05f  3
  53r 6.2416553e+06 3.20e+00 9.99e+02  -1.3 0.00e+00    -  0.00e+00 3.33e-07R  7
  54r 6.2416896e+06 3.13e+00 9.99e+02  -1.3 1.48e+03    -  1.20e-05 1.96e-04f  1
  55r 6.2417048e+06 3.12e+00 9.99e+02  -1.3 1.82e+03    -  4.59e-04 1.10e-04f  1
  56r 6.2418391e+06 3.05e+00 9.98e+02  -1.3 1.73e+02    -  6.60e-04 1.16e-03f  1
  57r 6.2419235e+06 2.96e+00 9.97e+02  -1.3 9.60e+01    -  7.73e-04 1.22e-03f  1
  58r 6.2420811e+06 2.73e+00 9.96e+02  -1.3 8.28e+01    -  9.85e-04 2.95e-03f  1
  59r 6.2422353e+06 2.42e+00 9.90e+02  -1.3 6.95e+01    -  6.42e-03 4.01e-03f  1
iter    objective    inf_pr   inf_du lg(mu)  ||d||  lg(rg) alpha_du alpha_pr  ls
  60r 6.2426027e+06 1.44e+00 9.85e+02  -1.3 5.34e+01    -  4.73e-03 1.27e-02f  1
  61r 6.2431821e+06 9.06e-01 9.79e+02  -1.3 3.61e+01    -  6.05e-03 2.32e-02f  1
  62r 6.2437505e+06 8.34e-01 9.59e+02  -1.3 2.92e+01    -  2.06e-02 2.49e-02f  1
  63r 6.2445705e+06 7.41e-01 9.38e+02  -1.3 2.42e+01    -  2.16e-02 3.52e-02f  1
  64r 6.2453921e+06 2.27e-01 9.34e+02  -1.3 2.11e+01    -  4.35e-03 3.14e-02f  1
  65r 6.2457600e+06 2.08e-02 9.04e+02  -1.3 1.89e+01    -  3.22e-02 1.39e-02f  1
  66r 6.2462153e+06 5.04e-02 8.82e+02  -1.3 1.61e+01    -  2.39e-02 1.88e-02f  1
  67r 6.2464075e+06 3.20e-02 8.58e+02  -1.3 1.07e+01    -  2.79e-02 7.49e-03f  1
  68r 6.2484499e+06 6.56e-02 8.41e+02  -1.3 1.11e+01    -  1.96e-02 7.67e-02f  1
  69r 6.2498365e+06 1.82e-02 7.87e+02  -1.3 9.20e+00    -  6.41e-02 4.89e-02f  1
iter    objective    inf_pr   inf_du lg(mu)  ||d||  lg(rg) alpha_du alpha_pr  ls
  70r 6.2563626e+06 6.08e-02 7.77e+02  -1.3 1.06e+01    -  6.21e-02 2.16e-01f  1
  71r 6.2645576e+06 7.41e-02 7.09e+02  -1.3 6.88e+00    -  9.73e-02 2.77e-01f  1
  72r 6.2813340e+06 6.87e-02 6.80e+02  -1.3 4.60e+00    -  5.90e-02 5.62e-01f  1
  73r 6.2980834e+06 1.08e-01 8.23e+02  -1.3 4.94e+00    -  2.41e-01 8.39e-01f  1
  74r 6.3045631e+06 9.67e-02 5.20e+02  -1.3 9.39e+00    -  3.55e-01 2.73e-01f  1
  75r 6.3374222e+06 1.35e-01 3.51e+02  -1.3 6.66e+00    -  3.33e-01 9.85e-01f  1
  76r 6.3822012e+06 1.77e-01 1.07e+02  -1.3 1.73e+01    -  5.47e-01 9.65e-01f  1
  77r 6.4665000e+06 2.18e-01 6.31e+01  -1.3 4.63e+00    -  4.33e-01 9.19e-01f  1
  78r 6.5939961e+06 2.14e-01 3.64e+01  -1.3 3.45e+00    -  4.44e-01 1.00e+00f  1
  79r 6.7574906e+06 2.00e-01 1.69e+01  -1.3 4.89e+00    -  5.74e-01 1.00e+00f  1
iter    objective    inf_pr   inf_du lg(mu)  ||d||  lg(rg) alpha_du alpha_pr  ls
  80r 6.9840671e+06 1.66e-01 3.91e+01  -1.3 4.46e+00    -  4.13e-01 1.00e+00f  1
  81r 7.1854831e+06 1.68e-01 9.44e+01  -1.3 5.57e+00    -  5.35e-01 1.00e+00f  1
  82r 7.3675577e+06 1.68e-01 5.38e+01  -1.3 9.24e+00    -  6.65e-01 1.00e+00h  1
  83r 7.4903395e+06 1.68e-01 5.89e+00  -1.3 4.62e+00    -  6.92e-01 1.00e+00h  1
  84r 7.6098887e+06 1.87e-01 1.71e-01  -1.3 1.22e+01    -  1.00e+00 1.00e+00h  1
  85r 7.5771602e+06 1.68e-01 3.11e-02  -1.3 4.13e+00    -  1.00e+00 1.00e+00h  1
  86r 7.4201169e+06 6.07e-02 4.13e+01  -2.0 4.25e+00    -  6.56e-01 4.93e-01f  1
  87r 7.3974608e+06 1.06e-02 1.32e+02  -2.0 1.82e+00    -  9.35e-01 2.64e-01f  1
  88r 7.3228969e+06 5.63e-03 1.68e+02  -2.0 1.70e+00    -  1.00e+00 6.16e-01f  1
  89r 7.2609544e+06 2.95e-03 1.33e+00  -2.0 1.04e+00    -  1.00e+00 1.00e+00f  1
iter    objective    inf_pr   inf_du lg(mu)  ||d||  lg(rg) alpha_du alpha_pr  ls
  90  7.2606017e+06 6.15e-03 2.78e+02  -6.0 5.33e+05    -  7.20e-07 9.87e-07f  1
  91  7.2602530e+06 1.32e-02 2.78e+02  -6.0 1.69e+05  -6.6 1.40e-05 6.84e-06f  2
  92  7.2600912e+06 1.84e-02 2.78e+02  -6.0 2.28e+04  -5.2 3.95e-05 1.49e-05f  2
  93  7.2600450e+06 1.84e-02 2.78e+02  -6.0 8.71e+04    -  4.49e-05 4.80e-06f  4
  94  7.2599997e+06 1.84e-02 2.78e+02  -6.0 6.57e+04    -  2.23e-05 6.34e-06f  4
  95  7.2599587e+06 1.84e-02 2.78e+02  -6.0 4.45e+04    -  1.01e-04 7.19e-06f  4
  96  7.2596448e+06 1.85e-02 2.78e+02  -6.0 5.54e+03  -5.3 1.52e-04 1.09e-04f  1
  97  7.2592890e+06 2.40e-02 2.78e+02  -6.0 6.16e+03    -  2.37e-04 1.89e-04f  1
  98  7.2587671e+06 2.42e-02 2.78e+02  -6.0 1.73e+03    -  7.48e-04 3.57e-04f  1
  99  7.2573297e+06 2.41e-02 2.78e+02  -6.0 6.93e+02    -  3.54e-03 1.04e-03f  1
iter    objective    inf_pr   inf_du lg(mu)  ||d||  lg(rg) alpha_du alpha_pr  ls
 100  7.2528881e+06 2.41e-02 2.77e+02  -6.0 2.41e+02    -  5.89e-03 3.35e-03f  1
 101  7.2452650e+06 2.40e-02 2.76e+02  -6.0 1.28e+02    -  6.05e-03 5.96e-03f  1
 102  7.2291034e+06 2.38e-02 2.72e+02  -6.0 8.85e+01    -  1.04e-02 1.30e-02f  1
 103  7.2080160e+06 2.34e-02 2.67e+02  -6.0 5.07e+01  -3.6 1.47e-02 1.76e-02f  1
 104  7.2043271e+06 2.33e-02 2.68e+02  -6.0 4.82e+01    -  1.72e-02 3.21e-03f  1
 105  7.1934806e+06 2.32e-02 2.66e+02  -6.0 4.43e+01    -  1.01e-02 9.54e-03f  1
 106  7.1880631e+06 2.30e-02 2.69e+02  -6.0 3.84e+01    -  2.31e-02 4.86e-03f  1
 107  7.1582908e+06 2.26e-02 2.67e+02  -6.0 3.52e+01    -  4.88e-02 2.71e-02f  1
 108  7.0934467e+06 2.19e-02 2.43e+02  -6.0 2.41e+01    -  2.32e-02 6.21e-02f  1
 109  7.0042507e+06 3.00e-02 2.14e+02  -6.0 1.97e+01    -  3.50e-02 9.36e-02f  1
iter    objective    inf_pr   inf_du lg(mu)  ||d||  lg(rg) alpha_du alpha_pr  ls
 110  6.8778782e+06 5.96e-02 2.91e+02  -6.0 1.65e+01    -  1.93e-03 1.51e-01f  1
 111  6.8154602e+06 8.86e-02 2.68e+02  -6.0 1.31e+01    -  1.35e-02 9.02e-02f  1
 112  6.6637306e+06 1.05e-01 5.50e+02  -6.0 1.16e+01    -  6.50e-02 2.44e-01f  1
 113  6.6441454e+06 1.01e-01 5.33e+02  -6.0 8.26e+00    -  3.90e-02 4.35e-02f  1
 114  6.6255987e+06 9.64e-02 5.15e+02  -6.0 7.84e+00    -  1.12e-02 4.34e-02f  1
 115  6.5461502e+06 1.07e-01 1.98e+05  -6.0 1.07e+01    -  1.05e-02 1.96e-01f  1
 116  6.5214758e+06 7.96e-02 1.93e+05  -6.0 5.93e+00    -  1.91e-03 7.68e-02f  1
 117  6.4882617e+06 9.20e-02 2.47e+05  -6.0 5.64e+00    -  3.21e-02 1.13e-01f  1
 118  6.4657490e+06 8.66e-02 2.33e+05  -6.0 6.76e+00    -  7.60e-02 8.71e-02f  1
 119  6.4313397e+06 8.06e-02 2.73e+05  -6.0 5.95e+00    -  4.42e-02 1.47e-01f  1
iter    objective    inf_pr   inf_du lg(mu)  ||d||  lg(rg) alpha_du alpha_pr  ls
 120  6.3838322e+06 2.75e-01 3.59e+05  -6.0 5.00e+00    -  4.09e-02 2.41e-01f  1
 121  6.3829325e+06 2.76e-01 2.96e+05  -6.0 3.76e+00    -  8.39e-02 6.14e-03f  1
 122  6.3644566e+06 2.84e-01 3.46e+05  -6.0 3.78e+00    -  6.86e-03 1.27e-01f  1
 123  6.3620712e+06 2.82e-01 2.92e+05  -6.0 3.27e+00    -  8.19e-02 1.90e-02f  1
 124  6.3234457e+06 2.58e-01 3.74e+05  -6.0 3.10e+00    -  6.44e-02 3.14e-01f  1
 125  6.3161357e+06 2.36e-01 3.91e+05  -6.0 1.95e+00    -  1.54e-02 8.83e-02f  1
 126  6.3075346e+06 2.09e-01 3.71e+05  -6.0 2.53e+00    -  8.04e-02 1.14e-01f  1
 127  6.2985962e+06 1.81e-01 3.81e+05  -6.0 1.44e+00    -  4.39e-02 1.35e-01f  1
 128  6.2960341e+06 1.73e-01 3.29e+05  -6.0 1.56e+00    -  9.83e-02 4.50e-02f  1
 129  6.2956325e+06 1.72e-01 2.90e+05  -6.0 1.55e+00    -  6.71e-02 7.42e-03f  1
iter    objective    inf_pr   inf_du lg(mu)  ||d||  lg(rg) alpha_du alpha_pr  ls
 130  6.2917144e+06 1.59e-01 2.77e+05  -6.0 1.55e+00    -  5.77e-02 7.30e-02f  1
 131  6.2885323e+06 1.49e-01 2.63e+05  -6.0 1.45e+00    -  5.83e-02 6.42e-02f  1
 132  6.2798786e+06 1.22e-01 1.88e+05  -6.0 1.37e+00    -  2.35e-01 1.87e-01f  1
 133  6.2704363e+06 9.15e-02 1.90e+05  -6.0 1.10e+00    -  1.50e-01 2.53e-01f  1
 134  6.2661305e+06 7.74e-02 1.42e+04  -6.0 1.12e+00    -  5.39e-01 1.56e-01f  1
 135  6.2642343e+06 7.11e-02 2.38e+04  -6.0 7.48e-01    -  3.50e-01 8.19e-02f  1
 136  6.2615106e+06 6.20e-02 3.17e+04  -6.0 7.02e-01    -  2.51e-01 1.28e-01f  1
 137  6.2534849e+06 3.55e-02 3.81e+04  -6.0 6.32e-01    -  7.33e-01 4.35e-01f  1
 138  6.2443956e+06 5.07e-03 4.63e+03  -6.0 3.95e-01    -  8.64e-01 8.74e-01f  1
 139  6.2435910e+06 2.05e-03 2.80e+03  -6.0 1.40e-01    -  8.86e-01 6.16e-01f  1
iter    objective    inf_pr   inf_du lg(mu)  ||d||  lg(rg) alpha_du alpha_pr  ls
 140  6.2432797e+06 1.01e-03 1.32e+03  -6.0 7.23e-02    -  1.00e+00 6.22e-01f  1
 141  6.2431370e+06 4.02e-04 2.77e+02  -6.0 4.14e-02    -  3.99e-01 7.55e-01f  1
 142  6.2431137e+06 2.18e-04 1.66e+02  -6.0 1.83e-02    -  1.00e+00 5.03e-01f  1
 143  6.2430907e+06 8.23e-06 7.42e+00  -6.0 7.71e-03    -  7.24e-01 1.00e+00f  1
 144  6.2430907e+06 1.11e-07 5.46e-02  -6.0 1.79e-03    -  1.00e+00 1.00e+00h  1
 145  6.2430907e+06 5.87e-12 1.58e-05  -6.0 1.74e-03    -  1.00e+00 1.00e+00H  1
 146  6.2430907e+06 9.08e-10 1.70e-08  -6.0 2.75e-04    -  1.00e+00 1.00e+00h  1
 147  6.2430904e+06 1.87e-07 4.61e-01  -7.2 2.19e-02    -  8.62e-01 8.44e-01f  1
 148  6.2430904e+06 8.86e-08 1.04e-05  -7.2 2.32e-02    -  1.00e+00 1.00e+00f  1
 149  6.2430904e+06 7.13e-08 1.74e-08  -7.2 2.09e-02    -  1.00e+00 1.00e+00h  1

Number of Iterations....: 149

                                   (scaled)                 (unscaled)
Objective...............:   4.6010127763161734e+04    6.2430904029372344e+06
Dual infeasibility......:   1.7441485525762313e-08    2.3666261363011857e-06
Constraint violation....:   1.2998829987407263e-09    7.1322668639128839e-08
Variable bound violation:   3.8956856229788173e-07    3.8956856229788173e-07
Complementarity.........:   7.4128591303554149e-08    1.0058470155368966e-05
Overall NLP error.......:   7.4128591303554149e-08    1.0058470155368966e-05


Number of objective function evaluations             = 192
Number of objective gradient evaluations             = 115
Number of equality constraint evaluations            = 192
Number of inequality constraint evaluations          = 193
Number of equality constraint Jacobian evaluations   = 152
Number of inequality constraint Jacobian evaluations = 152
Number of Lagrangian Hessian evaluations             = 149
Total seconds in IPOPT                               = 66.640

EXIT: Optimal Solution Found.

