Solver command line: ['/opt/homebrew/bin/ipopt', '/var/folders/6y/bvynbx6n3zv7z3lwg6vd724r0000gn/T/tmptpru1zxs.pyomo.nl', '-AMPL', 'tol=1e-06', 'max_iter=300', 'print_level=5', 'warm_start_init_point=yes', 'warm_start_bound_push=1e-06', 'warm_start_bound_frac=1e-06', 'warm_start_mult_bound_push=1e-06', 'mu_init=1e-06', 'least_square_init_duals=no']

Ipopt 3.14.19: tol=1e-06
max_iter=300
print_level=5
warm_start_init_point=yes
warm_start_bound_push=1e-06
warm_start_bound_frac=1e-06
warm_start_mult_bound_push=1e-06
mu_init=1e-06
least_square_init_duals=no


******************************************************************************
This program contains Ipopt, a library for large-scale nonlinear optimization.
 Ipopt is released as open source code under the Eclipse Public License (EPL).
         For more information visit https://github.com/coin-or/Ipopt
******************************************************************************

This is Ipopt version 3.14.19, running with linear solver MUMPS 5.6.2.

Number of nonzeros in equality constraint Jacobian...:   153511
Number of nonzeros in inequality constraint Jacobian.:   128392
Number of nonzeros in Lagrangian Hessian.............:    84551

Total number of variables............................:    21372
                     variables with only lower bounds:        0
                variables with lower and upper bounds:    21372
                     variables with only upper bounds:        0
Total number of equality constraints.................:    18483
Total number of inequality constraints...............:    32098
        inequality constraints with only lower bounds:        0
   inequality constraints with lower and upper bounds:        0
        inequality constraints with only upper bounds:    32098

iter    objective    inf_pr   inf_du lg(mu)  ||d||  lg(rg) alpha_du alpha_pr  ls
   0  6.2430912e+06 4.15e+01 3.62e+04  -6.0 0.00e+00    -  0.00e+00 0.00e+00   0
   1  6.2430788e+06 4.15e+01 3.62e+04  -6.0 6.97e+01    -  7.62e-04 5.26e-05h  1
   2  6.2427838e+06 4.15e+01 3.61e+04  -6.0 6.94e+01    -  6.79e-04 1.23e-03f  1
   3  6.2425854e+06 4.14e+01 3.61e+04  -6.0 6.67e+01    -  6.15e-04 8.26e-04f  1
   4  6.2424321e+06 4.14e+01 3.61e+04  -6.0 6.53e+01    -  8.82e-04 6.39e-04f  1
   5  6.2422148e+06 4.14e+01 3.60e+04  -6.0 6.41e+01    -  5.65e-04 9.08e-04f  1
   6  6.2419547e+06 4.13e+01 3.60e+04  -6.0 6.27e+01    -  1.31e-03 1.09e-03f  1
   7  6.2419266e+06 4.13e+01 3.60e+04  -6.0 6.08e+01    -  1.56e-03 1.19e-04h  1
   8  6.2418095e+06 4.13e+01 3.60e+04  -6.0 5.83e+01    -  1.47e-04 4.99e-04f  1
   9  6.2417085e+06 4.13e+01 3.60e+04  -6.0 5.77e+01    -  1.40e-04 4.31e-04f  1
iter    objective    inf_pr   inf_du lg(mu)  ||d||  lg(rg) alpha_du alpha_pr  ls
  10  6.2412454e+06 4.12e+01 3.59e+04  -6.0 5.71e+01    -  8.76e-04 1.98e-03f  1
  11  6.2411030e+06 4.12e+01 3.59e+04  -6.0 5.45e+01    -  4.87e-04 6.16e-04f  1
  12  6.2409835e+06 4.11e+01 3.59e+04  -6.0 5.36e+01    -  1.32e-03 5.17e-04f  1
  13  6.2404424e+06 4.11e+01 3.58e+04  -6.0 5.69e+01    -  3.30e-04 2.34e-03f  1
  14  6.2402795e+06 4.10e+01 3.58e+04  -6.0 5.38e+01    -  4.83e-04 7.09e-04f  1
  15  6.2401162e+06 4.10e+01 3.57e+04  -6.0 4.98e+01    -  1.02e-03 7.15e-04f  1
  16  6.2398930e+06 4.10e+01 3.57e+04  -6.0 4.90e+01    -  8.01e-04 9.76e-04f  1
  17  6.2396962e+06 4.09e+01 3.57e+04  -6.0 4.89e+01    -  1.04e-03 8.62e-04f  1
  18  6.2391805e+06 4.08e+01 3.56e+04  -6.0 4.88e+01    -  5.25e-04 2.26e-03f  1
  19  6.2390429e+06 4.08e+01 3.56e+04  -6.0 4.85e+01    -  4.19e-04 6.08e-04f  1
iter    objective    inf_pr   inf_du lg(mu)  ||d||  lg(rg) alpha_du alpha_pr  ls
  20  6.2389346e+06 4.08e+01 3.55e+04  -6.0 4.84e+01    -  6.59e-04 4.79e-04f  1
  21  6.2383228e+06 4.07e+01 3.54e+04  -6.0 4.84e+01    -  7.14e-04 2.71e-03f  1
  22  6.2381404e+06 4.06e+01 3.54e+04  -6.0 4.80e+01    -  1.92e-03 8.11e-04f  1
  23  6.2376443e+06 4.05e+01 3.53e+04  -6.0 4.80e+01    -  9.90e-04 2.21e-03f  1
  24  6.2371494e+06 4.05e+01 3.53e+04  -6.0 4.78e+01    -  7.35e-03 2.21e-03f  1
  25  6.2367227e+06 4.04e+01 3.52e+04  -6.0 4.75e+01    -  2.30e-04 1.92e-03f  1
  26  6.2362521e+06 4.03e+01 3.51e+04  -6.0 4.72e+01    -  2.12e-03 2.12e-03f  1
  27  6.2361106e+06 4.03e+01 3.51e+04  -6.0 4.68e+01    -  1.57e-03 6.40e-04f  1
  28  6.2359214e+06 4.02e+01 3.51e+04  -6.0 4.63e+01    -  1.89e-03 8.58e-04f  1
  29  6.2357480e+06 4.02e+01 3.50e+04  -6.0 4.35e+01    -  1.10e-03 7.93e-04f  1
iter    objective    inf_pr   inf_du lg(mu)  ||d||  lg(rg) alpha_du alpha_pr  ls
  30  6.2354481e+06 4.01e+01 3.50e+04  -6.0 2.63e+01    -  9.02e-04 1.38e-03f  1
  31  6.2351964e+06 4.01e+01 3.49e+04  -6.0 2.53e+01    -  2.50e-03 1.16e-03f  1
  32  6.2347167e+06 4.00e+01 3.49e+04  -6.0 2.34e+01    -  3.38e-03 2.22e-03f  1
  33  6.2345445e+06 4.00e+01 3.48e+04  -6.0 2.21e+01    -  4.61e-04 8.01e-04f  1
  34  6.2341048e+06 3.99e+01 3.48e+04  -6.0 2.15e+01    -  2.97e-04 2.06e-03f  1
  35  6.2340273e+06 3.99e+01 3.48e+04  -6.0 2.14e+01    -  2.36e-03 3.65e-04f  1
  36  6.2339041e+06 3.99e+01 3.47e+04  -6.0 2.13e+01    -  8.57e-04 5.81e-04f  1
  37  6.2337524e+06 3.98e+01 3.47e+04  -6.0 2.13e+01    -  1.70e-03 7.16e-04f  1
  38  6.2330744e+06 3.97e+01 3.46e+04  -6.0 2.13e+01    -  8.53e-04 3.20e-03f  1
  39  6.2324476e+06 3.96e+01 3.45e+04  -6.0 2.11e+01    -  2.40e-03 2.98e-03f  1
iter    objective    inf_pr   inf_du lg(mu)  ||d||  lg(rg) alpha_du alpha_pr  ls
  40  6.2317388e+06 3.95e+01 3.44e+04  -6.0 2.09e+01    -  1.23e-03 3.39e-03f  1
  41  6.2314599e+06 3.94e+01 3.43e+04  -6.0 2.18e+01    -  1.38e-02 1.34e-03f  1
  42  6.2312799e+06 3.94e+01 3.43e+04  -6.0 2.23e+01    -  1.28e-03 8.70e-04f  1
  43  6.2311011e+06 3.93e+01 3.43e+04  -6.0 2.26e+01    -  1.08e-03 8.67e-04f  1
  44  6.2308701e+06 3.93e+01 3.42e+04  -6.0 2.31e+01    -  2.42e-04 1.13e-03f  1
  45  6.2305691e+06 3.92e+01 3.42e+04  -6.0 2.35e+01    -  3.70e-04 1.49e-03f  1
  46  6.2304749e+06 3.92e+01 3.42e+04  -6.0 2.40e+01    -  7.20e-04 4.73e-04f  1
  47  6.2299040e+06 3.91e+01 3.41e+04  -6.0 2.42e+01    -  6.08e-04 2.87e-03f  1
  48  6.2297278e+06 3.91e+01 3.40e+04  -6.0 2.51e+01    -  1.72e-03 8.90e-04f  1
  49  6.2295086e+06 3.90e+01 3.40e+04  -6.0 2.55e+01    -  3.21e-03 1.11e-03f  1
iter    objective    inf_pr   inf_du lg(mu)  ||d||  lg(rg) alpha_du alpha_pr  ls
  50  6.2292829e+06 3.90e+01 3.40e+04  -6.0 2.81e+01    -  3.89e-03 1.15e-03f  1
  51  6.2285020e+06 3.88e+01 3.38e+04  -6.0 2.79e+01    -  1.40e-03 3.97e-03f  1
  52  6.2285006e+06 3.88e+01 3.38e+04  -6.0 2.81e+01    -  6.30e-03 7.25e-06h  1
  53  6.2283380e+06 3.88e+01 3.38e+04  -6.0 3.65e+01    -  1.76e-04 8.37e-04f  1
  54  6.2281156e+06 3.87e+01 3.38e+04  -6.0 1.71e+02    -  8.27e-05 1.14e-03f  1
In iteration 54, 1 Slack too small, adjusting variable bound
  55  6.2281155e+06 3.87e+01 3.38e+04  -6.0 2.11e+02    -  2.00e-04 3.84e-07h  1
  56  6.2280505e+06 3.87e+01 3.38e+04  -6.0 2.08e+02    -  2.88e-04 3.38e-04f  1
  57  6.2279776e+06 3.87e+01 3.37e+04  -6.0 1.98e+02    -  2.32e-04 3.83e-04f  1
  58  6.2276028e+06 3.86e+01 3.37e+04  -6.0 1.87e+02    -  6.68e-04 1.97e-03f  1
  59  6.2274720e+06 3.86e+01 3.36e+04  -6.0 1.48e+02    -  1.99e-03 6.89e-04f  1
iter    objective    inf_pr   inf_du lg(mu)  ||d||  lg(rg) alpha_du alpha_pr  ls
  60  6.2273916e+06 3.86e+01 3.36e+04  -6.0 1.48e+02    -  1.68e-03 4.24e-04f  1
  61  6.2272441e+06 3.86e+01 3.36e+04  -6.0 1.46e+02    -  9.93e-04 7.80e-04f  1
  62  6.2271561e+06 3.85e+01 3.36e+04  -6.0 1.44e+02    -  4.26e-03 4.66e-04f  1
  63  6.2265545e+06 3.84e+01 3.35e+04  -6.0 1.36e+02    -  6.34e-04 3.21e-03f  1
  64  6.2263621e+06 3.84e+01 3.35e+04  -6.0 3.08e+01    -  8.75e-04 1.03e-03f  1
  65  6.2262494e+06 3.84e+01 3.34e+04  -6.0 3.17e+01    -  6.28e-03 5.98e-04f  1
  66  6.2259049e+06 3.83e+01 3.34e+04  -6.0 3.19e+01    -  6.38e-04 1.83e-03f  1
  67  6.2256472e+06 3.82e+01 3.33e+04  -6.0 3.25e+01    -  2.14e-03 1.37e-03f  1
  68  6.2253322e+06 3.82e+01 3.33e+04  -6.0 3.29e+01    -  4.61e-03 1.68e-03f  1
  69  6.2251311e+06 3.81e+01 3.32e+04  -6.0 3.33e+01    -  6.39e-04 1.08e-03f  1
iter    objective    inf_pr   inf_du lg(mu)  ||d||  lg(rg) alpha_du alpha_pr  ls
  70  6.2246391e+06 3.80e+01 3.31e+04  -6.0 3.36e+01    -  1.39e-03 2.64e-03f  1
  71  6.2245557e+06 3.80e+01 3.31e+04  -6.0 3.45e+01    -  2.33e-03 4.51e-04f  1
  72  6.2235085e+06 3.78e+01 3.29e+04  -6.0 3.46e+01    -  1.09e-03 5.66e-03f  1
  73  6.2232839e+06 3.78e+01 3.29e+04  -6.0 3.71e+01    -  1.37e-03 1.23e-03f  1
  74  6.2228371e+06 3.77e+01 3.28e+04  -6.0 3.77e+01    -  4.70e-05 2.41e-03f  1
  75  6.2226995e+06 3.76e+01 3.28e+04  -6.0 3.87e+01    -  3.43e-03 7.76e-04f  1
  76  6.2221402e+06 3.75e+01 3.27e+04  -6.0 3.90e+01    -  1.41e-03 3.16e-03f  1
  77  6.2218145e+06 3.74e+01 3.26e+04  -6.0 4.14e+01    -  2.05e-04 1.85e-03f  1
  78  6.2217690e+06 3.74e+01 3.26e+04  -6.0 4.22e+01    -  1.14e-03 2.60e-04h  1
  79  6.2217130e+06 3.74e+01 3.26e+04  -6.0 4.28e+01    -  1.89e-03 3.20e-04h  1
iter    objective    inf_pr   inf_du lg(mu)  ||d||  lg(rg) alpha_du alpha_pr  ls
  80  6.2206075e+06 3.72e+01 3.24e+04  -6.0 4.29e+01    -  4.54e-04 6.38e-03f  1
  81  6.2203999e+06 3.71e+01 3.24e+04  -6.0 4.59e+01    -  6.23e-03 1.21e-03f  1
  82  6.2197615e+06 3.70e+01 3.22e+04  -6.0 4.65e+01    -  6.39e-03 3.74e-03f  1
  83  6.2193410e+06 3.69e+01 3.22e+04  -6.0 4.82e+01    -  1.65e-03 2.49e-03f  1
  84  6.2186981e+06 3.68e+01 3.20e+04  -6.0 4.94e+01    -  7.88e-04 3.82e-03f  1
  85  6.2183107e+06 3.67e+01 3.20e+04  -6.0 5.12e+01    -  2.45e-03 2.32e-03f  1
  86  6.2181178e+06 3.66e+01 3.19e+04  -6.0 5.22e+01    -  4.55e-04 1.16e-03f  1
  87  6.2179302e+06 3.66e+01 3.19e+04  -6.0 5.29e+01    -  5.91e-04 1.16e-03f  1
  88  6.2172767e+06 3.65e+01 3.18e+04  -6.0 5.33e+01    -  2.70e-03 3.96e-03f  1
  89  6.2163249e+06 3.62e+01 3.16e+04  -6.0 5.51e+01    -  1.23e-03 5.82e-03f  1
iter    objective    inf_pr   inf_du lg(mu)  ||d||  lg(rg) alpha_du alpha_pr  ls
  90  6.2161597e+06 3.62e+01 3.16e+04  -6.0 5.77e+01    -  4.01e-03 1.02e-03f  1
  91  6.2154034e+06 3.60e+01 3.14e+04  -6.0 5.82e+01    -  1.60e-03 4.69e-03f  1
  92  6.2150857e+06 3.60e+01 3.13e+04  -6.0 6.04e+01    -  2.45e-03 1.99e-03f  1
  93  6.2146476e+06 3.59e+01 3.13e+04  -6.0 6.27e+01    -  2.06e-03 2.75e-03f  1
  94  6.2140781e+06 3.57e+01 3.11e+04  -6.0 6.40e+01    -  9.12e-04 3.60e-03f  1
  95  6.2134710e+06 3.56e+01 3.10e+04  -6.0 6.58e+01    -  2.35e-03 3.87e-03f  1
  96  6.2132841e+06 3.56e+01 3.10e+04  -6.0 6.76e+01    -  4.71e-03 1.20e-03f  1
  97  6.2127971e+06 3.54e+01 3.09e+04  -6.0 6.82e+01    -  2.30e-04 3.14e-03f  1
  98  6.2127537e+06 3.54e+01 3.09e+04  -6.0 6.97e+01    -  6.76e-03 2.83e-04h  1
  99  6.2122186e+06 3.53e+01 3.08e+04  -6.0 6.99e+01    -  6.63e-04 3.48e-03f  1
iter    objective    inf_pr   inf_du lg(mu)  ||d||  lg(rg) alpha_du alpha_pr  ls
 100  6.2120737e+06 3.53e+01 3.07e+04  -6.0 7.16e+01    -  5.54e-03 9.51e-04f  1
 101  6.2117008e+06 3.52e+01 3.07e+04  -6.0 7.20e+01    -  5.07e-03 2.46e-03f  1
 102  6.2112564e+06 3.51e+01 3.06e+04  -6.0 7.32e+01    -  1.71e-03 2.94e-03f  1
 103  6.2109698e+06 3.50e+01 3.05e+04  -6.0 7.46e+01    -  1.20e-03 1.92e-03f  1
 104  6.2108278e+06 3.50e+01 3.05e+04  -6.0 7.55e+01    -  2.10e-03 9.57e-04f  1
 105  6.2105741e+06 3.49e+01 3.04e+04  -6.0 7.59e+01    -  6.05e-03 1.72e-03f  1
 106  6.2100463e+06 3.48e+01 3.03e+04  -6.0 7.67e+01    -  2.21e-03 3.60e-03f  1
 107  6.2096462e+06 3.47e+01 3.02e+04  -6.0 7.84e+01    -  1.41e-03 2.76e-03f  1
 108  6.2094324e+06 3.46e+01 3.02e+04  -6.0 7.97e+01    -  2.83e-03 1.48e-03f  1
 109  6.2094010e+06 3.46e+01 3.02e+04  -6.0 8.02e+01    -  1.98e-03 2.18e-04h  1
iter    objective    inf_pr   inf_du lg(mu)  ||d||  lg(rg) alpha_du alpha_pr  ls
 110  6.2091472e+06 3.46e+01 3.01e+04  -6.0 8.02e+01    -  3.30e-04 1.77e-03f  1
 111  6.2088537e+06 3.45e+01 3.01e+04  -6.0 8.08e+01    -  4.05e-03 2.06e-03f  1
 112  6.2083157e+06 3.44e+01 3.00e+04  -6.0 8.17e+01    -  1.28e-03 3.79e-03f  1
 113  6.2074389e+06 3.42e+01 2.98e+04  -6.0 8.34e+01    -  1.59e-03 6.26e-03f  1
 114  6.2072008e+06 3.41e+01 2.97e+04  -6.0 8.62e+01    -  7.99e-03 1.73e-03f  1
 115  6.2071485e+06 3.41e+01 2.97e+04  -6.0 8.70e+01    -  3.64e-03 3.81e-04h  1
 116  6.2069053e+06 3.40e+01 2.97e+04  -6.0 8.72e+01    -  5.29e-03 1.78e-03f  1
 117  6.2063598e+06 3.39e+01 2.95e+04  -6.0 8.79e+01    -  6.19e-03 4.00e-03f  1
 118  6.2062227e+06 3.39e+01 2.95e+04  -6.0 8.97e+01    -  2.41e-03 1.02e-03f  1
 119  6.2059946e+06 3.38e+01 2.95e+04  -6.0 9.02e+01    -  1.76e-03 1.69e-03f  1
iter    objective    inf_pr   inf_du lg(mu)  ||d||  lg(rg) alpha_du alpha_pr  ls
 120  6.2055367e+06 3.37e+01 2.94e+04  -6.0 9.09e+01    -  8.15e-04 3.41e-03f  1
 121  6.2052804e+06 3.36e+01 2.93e+04  -6.0 9.24e+01    -  1.06e-03 1.93e-03f  1
 122  6.2039877e+06 3.33e+01 2.90e+04  -6.0 9.32e+01    -  2.82e-03 9.76e-03f  1
 123  6.2031710e+06 3.31e+01 2.88e+04  -6.0 9.73e+01    -  7.74e-03 6.33e-03f  1
 124  6.2030487e+06 3.30e+01 2.88e+04  -6.0 9.99e+01    -  5.19e-03 9.81e-04f  1
 125  6.2027020e+06 3.30e+01 2.87e+04  -6.0 1.00e+02    -  8.50e-04 2.78e-03f  1
 126  6.2025592e+06 3.29e+01 2.87e+04  -6.0 1.01e+02    -  3.37e-03 1.17e-03f  1
 127  6.2021560e+06 3.28e+01 2.86e+04  -6.0 1.02e+02    -  1.90e-03 3.32e-03f  1
 128  6.2013857e+06 3.26e+01 2.84e+04  -6.0 1.03e+02    -  8.47e-04 6.41e-03f  1
 129  6.2013081e+06 3.26e+01 2.84e+04  -6.0 1.06e+02    -  1.81e-03 6.58e-04h  1
iter    objective    inf_pr   inf_du lg(mu)  ||d||  lg(rg) alpha_du alpha_pr  ls
 130  6.2010901e+06 3.25e+01 2.83e+04  -6.0 1.06e+02    -  7.59e-04 1.87e-03f  1
 131  6.2009741e+06 3.25e+01 2.83e+04  -6.0 1.07e+02    -  2.76e-03 1.01e-03f  1
 132  6.2007635e+06 3.24e+01 2.83e+04  -6.0 1.07e+02    -  1.03e-03 1.83e-03f  1
 133  6.1997922e+06 3.21e+01 2.80e+04  -6.0 1.14e+02    -  2.51e-03 8.48e-03f  1
 134  6.1994937e+06 3.21e+01 2.79e+04  -6.0 1.16e+02    -  1.81e-03 2.70e-03f  1
 135  6.1992706e+06 3.20e+01 2.79e+04  -6.0 1.16e+02    -  5.33e-03 2.03e-03f  1
 136  6.1983739e+06 3.17e+01 2.77e+04  -6.0 1.13e+02    -  3.18e-03 8.23e-03f  1
 137  6.1979117e+06 3.16e+01 2.75e+04  -6.0 1.16e+02    -  7.79e-03 4.34e-03f  1
 138  6.1975327e+06 3.15e+01 2.74e+04  -6.0 1.17e+02    -  5.15e-03 3.61e-03f  1
 139  6.1973697e+06 3.14e+01 2.74e+04  -6.0 1.18e+02    -  3.93e-03 1.57e-03f  1
iter    objective    inf_pr   inf_du lg(mu)  ||d||  lg(rg) alpha_du alpha_pr  ls
 140  6.1969449e+06 3.13e+01 2.73e+04  -6.0 1.17e+02    -  1.76e-02 4.12e-03f  1
 141  6.1967340e+06 3.12e+01 2.72e+04  -6.0 1.19e+02    -  5.68e-03 2.07e-03f  1
 142  6.1963298e+06 3.11e+01 2.71e+04  -6.0 1.20e+02    -  2.21e-03 3.99e-03f  1
 143  6.1954143e+06 3.08e+01 2.69e+04  -6.0 1.24e+02    -  5.33e-03 9.14e-03f  1
 144  6.1948669e+06 3.07e+01 2.67e+04  -6.0 1.26e+02    -  1.79e-02 5.63e-03f  1
 145  6.1925974e+06 2.99e+01 2.61e+04  -6.0 1.28e+02    -  7.57e-03 2.37e-02f  1
 146  6.1917999e+06 2.97e+01 2.59e+04  -6.0 1.35e+02    -  1.90e-02 9.06e-03f  1
 147  6.1915488e+06 2.96e+01 2.58e+04  -6.0 1.37e+02    -  1.07e-02 2.94e-03f  1
 148  6.1902460e+06 2.91e+01 2.54e+04  -6.0 1.38e+02    -  6.60e-03 1.54e-02f  1
 149  6.1897597e+06 2.89e+01 2.52e+04  -6.0 1.41e+02    -  2.42e-02 6.17e-03f  1
iter    objective    inf_pr   inf_du lg(mu)  ||d||  lg(rg) alpha_du alpha_pr  ls
 150  6.1887148e+06 2.85e+01 2.49e+04  -6.0 1.43e+02    -  8.21e-03 1.35e-02f  1
 151  6.1885360e+06 2.85e+01 2.48e+04  -6.0 1.45e+02    -  7.90e-03 2.44e-03h  1
 152  6.1881670e+06 2.83e+01 2.47e+04  -6.0 1.46e+02    -  6.73e-04 5.06e-03f  1
 153  6.1870747e+06 2.79e+01 2.43e+04  -6.0 1.46e+02    -  1.01e-02 1.54e-02f  1
 154  6.1864472e+06 2.76e+01 2.41e+04  -6.0 1.49e+02    -  5.61e-03 9.38e-03f  1
 155  6.1852071e+06 2.71e+01 2.36e+04  -6.0 1.50e+02    -  1.53e-02 1.93e-02f  1
 156  6.1845111e+06 2.68e+01 2.34e+04  -6.0 1.52e+02    -  1.01e-02 1.17e-02f  1
 157  6.1833818e+06 2.62e+01 2.29e+04  -6.0 1.53e+02    -  3.47e-03 2.01e-02f  1
 158  6.1831860e+06 2.61e+01 2.28e+04  -6.0 1.54e+02    -  1.99e-02 3.83e-03h  1
 159  6.1821805e+06 2.56e+01 2.24e+04  -6.0 1.54e+02    -  4.33e-03 2.00e-02f  1
iter    objective    inf_pr   inf_du lg(mu)  ||d||  lg(rg) alpha_du alpha_pr  ls
 160  6.1813390e+06 2.51e+01 2.19e+04  -6.0 1.55e+02    -  1.48e-02 1.85e-02f  1
 161  6.1807765e+06 2.48e+01 2.16e+04  -6.0 1.56e+02    -  1.02e-02 1.36e-02f  1
 162  6.1806007e+06 2.47e+01 2.15e+04  -6.0 1.56e+02    -  4.16e-02 4.61e-03h  1
 163  6.1800324e+06 2.43e+01 2.12e+04  -6.0 1.56e+02    -  9.75e-03 1.53e-02f  1
 164  6.1798883e+06 2.42e+01 2.11e+04  -6.0 1.56e+02    -  2.33e-02 4.25e-03h  1
 165  6.1785432e+06 2.32e+01 2.03e+04  -6.0 1.55e+02    -  1.61e-02 4.07e-02f  1
 166  6.1783940e+06 2.31e+01 2.01e+04  -6.0 1.55e+02    -  8.46e-02 6.17e-03h  1
 167  6.1779099e+06 2.26e+01 1.97e+04  -6.0 1.54e+02    -  4.43e-03 2.10e-02h  1
 168  6.1777716e+06 2.24e+01 1.96e+04  -6.0 1.53e+02    -  9.85e-03 7.20e-03h  1
 169  6.1773965e+06 2.20e+01 1.92e+04  -6.0 1.52e+02    -  6.80e-03 2.09e-02h  1
iter    objective    inf_pr   inf_du lg(mu)  ||d||  lg(rg) alpha_du alpha_pr  ls
 170  6.1766136e+06 2.08e+01 1.81e+04  -6.0 1.50e+02    -  6.91e-02 5.44e-02h  1
 171  6.1763545e+06 1.98e+01 1.73e+04  -6.0 1.45e+02    -  3.06e-02 4.54e-02h  1
 172  6.1763703e+06 1.92e+01 1.68e+04  -6.0 1.40e+02    -  3.38e-02 2.93e-02h  1
 173  6.1763943e+06 1.91e+01 1.67e+04  -6.0 1.36e+02    -  5.16e-03 5.89e-03h  1
 174  6.1765905e+06 1.83e+01 1.60e+04  -6.0 1.35e+02    -  6.75e-03 4.14e-02h  1
 175  6.1767465e+06 1.80e+01 1.58e+04  -6.0 1.30e+02    -  2.63e-02 1.71e-02h  1
 176  6.1768943e+06 1.78e+01 1.55e+04  -6.0 1.28e+02    -  1.69e-03 1.36e-02h  1
 177  6.1770045e+06 1.76e+01 1.54e+04  -6.0 1.26e+02    -  3.46e-02 9.14e-03h  1
 178  6.1773409e+06 1.72e+01 1.50e+04  -6.0 1.24e+02    -  2.40e-02 2.59e-02h  1
 179  6.1776361e+06 1.68e+01 1.47e+04  -6.0 1.21e+02    -  1.75e-03 1.95e-02h  1
iter    objective    inf_pr   inf_du lg(mu)  ||d||  lg(rg) alpha_du alpha_pr  ls
 180  6.1776861e+06 1.68e+01 1.47e+04  -6.0 1.19e+02    -  1.06e-02 3.00e-03h  1
 181  6.1777807e+06 1.67e+01 1.46e+04  -6.0 1.18e+02    -  5.00e-02 5.61e-03h  1
 182  6.1780909e+06 1.64e+01 1.43e+04  -6.0 1.17e+02    -  4.48e-03 1.78e-02h  1
 183  6.1785774e+06 1.60e+01 1.40e+04  -6.0 1.15e+02    -  2.59e-02 2.61e-02h  1
 184  6.1787745e+06 1.58e+01 1.38e+04  -6.0 1.11e+02    -  1.08e-02 9.48e-03h  1
 185  6.1789512e+06 1.57e+01 1.37e+04  -6.0 1.10e+02    -  6.76e-03 8.19e-03h  1
 186  6.1791783e+06 1.55e+01 1.36e+04  -6.0 1.09e+02    -  4.49e-02 1.03e-02h  1
 187  6.1795291e+06 1.53e+01 1.34e+04  -6.0 1.07e+02    -  1.34e-02 1.54e-02h  1
 188  6.1810456e+06 1.43e+01 1.25e+04  -6.0 1.06e+02    -  6.11e-03 6.45e-02h  1
 189  6.1811689e+06 1.42e+01 1.24e+04  -6.0 9.85e+01    -  9.80e-03 4.69e-03h  1
iter    objective    inf_pr   inf_du lg(mu)  ||d||  lg(rg) alpha_du alpha_pr  ls
 190  6.1816588e+06 1.40e+01 1.22e+04  -6.0 9.78e+01    -  4.71e-02 1.85e-02h  1
 191  6.1820633e+06 1.38e+01 1.20e+04  -6.0 9.54e+01    -  2.22e-02 1.48e-02h  1
 192  6.1837012e+06 1.29e+01 1.13e+04  -6.0 9.36e+01    -  5.53e-02 5.89e-02h  1
 193  6.1837918e+06 1.29e+01 1.13e+04  -6.0 8.71e+01    -  2.93e-02 3.07e-03h  1
 194  6.1842294e+06 1.27e+01 1.11e+04  -6.0 8.65e+01    -  1.29e-02 1.48e-02h  1
 195  6.1846826e+06 1.25e+01 1.10e+04  -6.0 8.51e+01    -  4.32e-03 1.51e-02h  1
 196  6.1850252e+06 1.24e+01 1.08e+04  -6.0 8.37e+01    -  3.00e-02 1.13e-02h  1
 197  6.1855078e+06 1.22e+01 1.07e+04  -6.0 8.24e+01    -  1.24e-02 1.58e-02h  1
 198  6.1859331e+06 1.20e+01 1.05e+04  -6.0 8.08e+01    -  9.55e-03 1.38e-02h  1
 199  6.1883234e+06 1.11e+01 9.70e+03  -6.0 7.96e+01    -  1.04e-02 7.73e-02h  1
iter    objective    inf_pr   inf_du lg(mu)  ||d||  lg(rg) alpha_du alpha_pr  ls
 200  6.1885007e+06 1.10e+01 9.65e+03  -6.0 7.28e+01    -  9.09e-03 5.53e-03h  1
 201  6.1886711e+06 1.10e+01 9.59e+03  -6.0 7.23e+01    -  7.69e-03 5.32e-03h  1
 202  6.1892591e+06 1.08e+01 9.42e+03  -6.0 7.18e+01    -  6.97e-03 1.86e-02h  1
 203  6.1897608e+06 1.06e+01 9.27e+03  -6.0 7.02e+01    -  1.86e-02 1.57e-02h  1
 204  6.1899464e+06 1.05e+01 9.22e+03  -6.0 6.88e+01    -  1.26e-02 5.78e-03h  1
 205  6.1900012e+06 1.05e+01 9.20e+03  -6.0 6.83e+01    -  2.29e-02 1.71e-03h  1
 206  6.1910733e+06 1.02e+01 8.89e+03  -6.0 6.80e+01    -  3.06e-03 3.33e-02h  1
 207  6.1913514e+06 1.01e+01 8.82e+03  -6.0 6.55e+01    -  1.06e-02 8.64e-03h  1
 208  6.1916414e+06 9.98e+00 8.74e+03  -6.0 6.48e+01    -  2.31e-02 8.99e-03h  1
 209  6.1927104e+06 9.65e+00 8.45e+03  -6.0 6.40e+01    -  5.55e-04 3.32e-02h  1
iter    objective    inf_pr   inf_du lg(mu)  ||d||  lg(rg) alpha_du alpha_pr  ls
 210  6.1944689e+06 9.12e+00 7.98e+03  -6.0 6.17e+01    -  2.19e-02 5.47e-02h  1
 211  6.1947966e+06 9.03e+00 7.90e+03  -6.0 5.78e+01    -  5.92e-03 1.03e-02h  1
 212  6.1950370e+06 8.96e+00 7.84e+03  -6.0 5.71e+01    -  1.04e-02 7.55e-03h  1
 213  6.1954254e+06 8.85e+00 7.75e+03  -6.0 5.66e+01    -  9.04e-03 1.22e-02h  1
 214  6.1956612e+06 8.79e+00 7.69e+03  -6.0 5.58e+01    -  1.04e-02 7.44e-03h  1
 215  6.1961607e+06 8.65e+00 7.57e+03  -6.0 5.52e+01    -  5.11e-03 1.58e-02h  1
 216  6.1963613e+06 8.59e+00 7.52e+03  -6.0 5.42e+01    -  1.82e-02 6.36e-03h  1
 217  6.1965497e+06 8.54e+00 7.47e+03  -6.0 5.39e+01    -  1.08e-02 5.98e-03h  1
 218  6.1968502e+06 8.46e+00 7.40e+03  -6.0 5.36e+01    -  1.84e-02 9.54e-03h  1
 219  6.1974816e+06 8.29e+00 7.25e+03  -6.0 5.32e+01    -  2.74e-02 2.01e-02h  1
iter    objective    inf_pr   inf_du lg(mu)  ||d||  lg(rg) alpha_du alpha_pr  ls
 220  6.1978447e+06 8.19e+00 7.17e+03  -6.0 5.25e+01    -  9.72e-03 1.16e-02h  1
 221  6.1981125e+06 8.12e+00 7.11e+03  -6.0 5.21e+01    -  5.17e-03 8.60e-03h  1
 222  6.1985813e+06 8.00e+00 7.00e+03  -6.0 5.18e+01    -  9.10e-03 1.51e-02h  1
 223  6.1990367e+06 7.88e+00 6.90e+03  -6.0 5.13e+01    -  1.69e-02 1.47e-02h  1
 224  6.1997171e+06 7.71e+00 6.74e+03  -6.0 5.09e+01    -  5.00e-03 2.21e-02h  1
 225  6.1997480e+06 7.70e+00 6.74e+03  -6.0 5.01e+01    -  3.36e-03 1.01e-03h  1
 226  6.1999526e+06 7.65e+00 6.69e+03  -6.0 5.01e+01    -  2.64e-02 6.72e-03h  1
 227  6.2007920e+06 7.44e+00 6.51e+03  -6.0 4.99e+01    -  3.54e-03 2.76e-02h  1
 228  6.2009302e+06 7.40e+00 6.48e+03  -6.0 4.87e+01    -  1.75e-02 4.56e-03h  1
 229  6.2011949e+06 7.34e+00 6.42e+03  -6.0 4.85e+01    -  4.62e-03 8.76e-03h  1
iter    objective    inf_pr   inf_du lg(mu)  ||d||  lg(rg) alpha_du alpha_pr  ls
 230  6.2021452e+06 7.11e+00 6.22e+03  -6.0 4.82e+01    -  9.36e-03 3.16e-02h  1
 231  6.2024167e+06 7.04e+00 6.16e+03  -6.0 4.71e+01    -  1.65e-02 9.15e-03h  1
 232  6.2025687e+06 7.01e+00 6.13e+03  -6.0 4.68e+01    -  3.11e-03 5.15e-03h  1
 233  6.2027644e+06 6.96e+00 6.09e+03  -6.0 4.66e+01    -  7.64e-03 6.64e-03h  1
 234  6.2031061e+06 6.88e+00 6.02e+03  -6.0 4.64e+01    -  4.84e-03 1.16e-02h  1
 235  6.2037539e+06 6.73e+00 5.88e+03  -6.0 4.60e+01    -  2.45e-02 2.22e-02h  1
 236  6.2051145e+06 6.41e+00 5.60e+03  -6.0 4.53e+01    -  3.64e-03 4.71e-02h  1
 237  6.2059798e+06 6.21e+00 5.43e+03  -6.0 4.37e+01    -  5.02e-02 3.07e-02h  1
 238  6.2062757e+06 6.15e+00 5.37e+03  -6.0 4.27e+01    -  1.57e-03 1.07e-02h  1
 239  6.2068025e+06 6.03e+00 5.27e+03  -6.0 4.24e+01    -  2.12e-02 1.91e-02h  1
iter    objective    inf_pr   inf_du lg(mu)  ||d||  lg(rg) alpha_du alpha_pr  ls
 240  6.2074357e+06 5.89e+00 5.15e+03  -6.0 4.18e+01    -  1.57e-02 2.32e-02h  1
 241  6.2079853e+06 5.77e+00 5.04e+03  -6.0 4.10e+01    -  1.73e-02 2.04e-02h  1
 242  6.2086167e+06 5.63e+00 4.92e+03  -6.0 4.04e+01    -  2.37e-02 2.37e-02h  1
 243  6.2089837e+06 5.55e+00 4.85e+03  -6.0 3.97e+01    -  1.77e-02 1.40e-02h  1
 244  6.2094387e+06 5.46e+00 4.77e+03  -6.0 3.90e+01    -  1.70e-03 1.74e-02h  1
 245  6.2095019e+06 5.44e+00 4.76e+03  -6.0 3.85e+01    -  1.40e-02 2.45e-03h  1
 246  6.2099263e+06 5.35e+00 4.68e+03  -6.0 3.84e+01    -  5.35e-03 1.64e-02h  1
 247  6.2100709e+06 5.32e+00 4.65e+03  -6.0 3.79e+01    -  1.72e-02 5.63e-03h  1
 248  6.2104711e+06 5.24e+00 4.58e+03  -6.0 3.77e+01    -  1.13e-03 1.56e-02h  1
 249  6.2105579e+06 5.22e+00 4.56e+03  -6.0 3.72e+01    -  3.07e-02 3.42e-03h  1
iter    objective    inf_pr   inf_du lg(mu)  ||d||  lg(rg) alpha_du alpha_pr  ls
 250  6.2110376e+06 5.12e+00 4.48e+03  -6.0 3.72e+01    -  1.88e-02 1.89e-02h  1
 251  6.2110568e+06 5.12e+00 4.47e+03  -6.0 3.66e+01    -  1.28e-02 7.69e-04h  1
 252  6.2111503e+06 5.10e+00 4.46e+03  -6.0 3.68e+01    -  1.10e-03 3.73e-03h  1
 253  6.2115167e+06 5.03e+00 4.39e+03  -6.0 3.65e+01    -  1.90e-02 1.47e-02h  1
 254  6.2116673e+06 5.00e+00 4.36e+03  -6.0 3.60e+01    -  3.56e-03 6.08e-03h  1
 255  6.2117748e+06 4.97e+00 4.34e+03  -6.0 3.43e+01    -  2.55e-02 4.34e-03h  1
 256  6.2119096e+06 4.95e+00 4.32e+03  -6.0 3.42e+01    -  5.25e-03 5.46e-03h  1
 257  6.2121341e+06 4.90e+00 4.28e+03  -6.0 3.40e+01    -  1.83e-02 9.12e-03h  1
 258  6.2126061e+06 4.81e+00 4.20e+03  -6.0 3.36e+01    -  1.68e-02 1.93e-02h  1
 259  6.2127373e+06 4.78e+00 4.17e+03  -6.0 3.32e+01    -  3.06e-02 5.43e-03h  1
iter    objective    inf_pr   inf_du lg(mu)  ||d||  lg(rg) alpha_du alpha_pr  ls
 260  6.2132090e+06 4.69e+00 4.09e+03  -6.0 3.32e+01    -  6.06e-03 1.96e-02h  1
 261  6.2133299e+06 4.66e+00 4.07e+03  -6.0 3.26e+01    -  3.15e-03 5.10e-03h  1
 262  6.2134232e+06 4.65e+00 4.06e+03  -6.0 3.25e+01    -  6.87e-03 3.95e-03h  1
 263  6.2136138e+06 4.61e+00 4.02e+03  -6.0 3.24e+01    -  5.36e-03 8.09e-03h  1
 264  6.2136544e+06 4.60e+00 4.02e+03  -6.0 3.21e+01    -  9.71e-03 1.73e-03h  1
 265  6.2139052e+06 4.55e+00 3.97e+03  -6.0 3.20e+01    -  7.80e-03 1.07e-02h  1
 266  6.2141804e+06 4.50e+00 3.93e+03  -6.0 3.17e+01    -  1.10e-02 1.18e-02h  1
 267  6.2142521e+06 4.48e+00 3.91e+03  -6.0 3.14e+01    -  2.14e-02 3.10e-03h  1
 268  6.2142674e+06 4.48e+00 3.91e+03  -6.0 3.13e+01    -  1.49e-03 6.58e-04h  1
 269  6.2147697e+06 4.38e+00 3.83e+03  -6.0 3.13e+01    -  7.07e-03 2.15e-02h  1
iter    objective    inf_pr   inf_du lg(mu)  ||d||  lg(rg) alpha_du alpha_pr  ls
 270  6.2149774e+06 4.34e+00 3.79e+03  -6.0 3.07e+01    -  5.64e-03 9.03e-03h  1
 271  6.2150730e+06 4.33e+00 3.78e+03  -6.0 3.05e+01    -  1.76e-03 4.11e-03h  1
 272  6.2155833e+06 4.23e+00 3.69e+03  -6.0 3.04e+01    -  4.40e-03 2.16e-02h  1
 273  6.2156937e+06 4.21e+00 3.67e+03  -6.0 2.98e+01    -  5.18e-03 4.74e-03h  1
 274  6.2158561e+06 4.18e+00 3.65e+03  -6.0 2.97e+01    -  2.75e-02 6.99e-03h  1
 275  6.2161939e+06 4.12e+00 3.60e+03  -6.0 2.95e+01    -  2.00e-03 1.46e-02h  1
 276  6.2166275e+06 4.04e+00 3.53e+03  -6.0 2.92e+01    -  1.18e-02 1.90e-02h  1
 277  6.2166778e+06 4.03e+00 3.52e+03  -6.0 2.87e+01    -  2.15e-02 2.23e-03h  1
 278  6.2167608e+06 4.02e+00 3.51e+03  -6.0 2.83e+01    -  1.26e-03 3.69e-03h  1
 279  6.2168118e+06 4.01e+00 3.50e+03  -6.0 2.86e+01    -  7.11e-03 2.27e-03h  1
iter    objective    inf_pr   inf_du lg(mu)  ||d||  lg(rg) alpha_du alpha_pr  ls
 280  6.2171255e+06 3.95e+00 3.45e+03  -6.0 2.85e+01    -  5.91e-03 1.40e-02h  1
 281  6.2172788e+06 3.93e+00 3.42e+03  -6.0 2.75e+01    -  2.23e-02 6.85e-03h  1
 282  6.2174246e+06 3.90e+00 3.40e+03  -6.0 2.73e+01    -  4.19e-03 6.54e-03h  1
 283  6.2178164e+06 3.83e+00 3.34e+03  -6.0 2.72e+01    -  4.02e-03 1.77e-02h  1
 284  6.2179216e+06 3.81e+00 3.33e+03  -6.0 2.63e+01    -  1.85e-03 4.80e-03h  1
 285  6.2184396e+06 3.72e+00 3.25e+03  -6.0 2.66e+01    -  4.64e-03 2.38e-02h  1
 286  6.2186855e+06 3.68e+00 3.21e+03  -6.0 2.61e+01    -  5.28e-02 1.15e-02h  1
 287  6.2192331e+06 3.59e+00 3.13e+03  -6.0 2.60e+01    -  1.17e-02 2.58e-02h  1
 288  6.2197352e+06 3.50e+00 3.05e+03  -6.0 2.54e+01    -  1.72e-02 2.42e-02h  1
 289  6.2202761e+06 3.41e+00 2.97e+03  -6.0 2.48e+01    -  2.22e-02 2.66e-02h  1
iter    objective    inf_pr   inf_du lg(mu)  ||d||  lg(rg) alpha_du alpha_pr  ls
 290  6.2203519e+06 3.39e+00 2.96e+03  -6.0 2.42e+01    -  1.65e-02 3.80e-03h  1
 291  6.2205959e+06 3.35e+00 2.92e+03  -6.0 2.41e+01    -  5.13e-03 1.23e-02h  1
 292  6.2208740e+06 3.30e+00 2.88e+03  -6.0 2.39e+01    -  8.38e-03 1.41e-02h  1
 293  6.2210989e+06 3.27e+00 2.85e+03  -6.0 2.36e+01    -  3.42e-02 1.16e-02h  1
 294  6.2228606e+06 2.97e+00 2.59e+03  -6.0 2.33e+01    -  9.76e-03 9.14e-02h  1
 295  6.2238316e+06 2.81e+00 2.45e+03  -6.0 2.14e+01    -  1.98e-02 5.45e-02h  1
 296  6.2253779e+06 2.55e+00 2.22e+03  -6.0 2.03e+01    -  1.47e-02 9.10e-02h  1
 297  6.2253918e+06 2.55e+00 2.22e+03  -6.0 1.87e+01    -  3.95e-02 8.85e-04h  1
 298  6.2263029e+06 2.40e+00 2.09e+03  -6.0 1.87e+01    -  1.46e-02 5.81e-02h  1
 299  6.2264973e+06 2.37e+00 2.07e+03  -6.0 1.76e+01    -  2.12e-02 1.30e-02h  1
iter    objective    inf_pr   inf_du lg(mu)  ||d||  lg(rg) alpha_du alpha_pr  ls
 300  6.2267094e+06 2.33e+00 2.04e+03  -6.0 1.74e+01    -  2.00e-02 1.44e-02h  1

Number of Iterations....: 300

                                   (scaled)                 (unscaled)
Objective...............:   4.5889403837699276e+04    6.2267094360262267e+06
Dual infeasibility......:   2.0361609045725882e+03    2.7628561841010593e+05
Constraint violation....:   7.1650115599320630e-01    2.3346320432564482e+00
Variable bound violation:   3.1287939350477245e-08    3.1287939350477245e-08
Complementarity.........:   5.6202315685073995e+02    7.6260631025081646e+04
Overall NLP error.......:   2.0361609045725882e+03    2.7628561841010593e+05


Number of objective function evaluations             = 301
Number of objective gradient evaluations             = 301
Number of equality constraint evaluations            = 301
Number of inequality constraint evaluations          = 302
Number of equality constraint Jacobian evaluations   = 301
Number of inequality constraint Jacobian evaluations = 301
Number of Lagrangian Hessian evaluations             = 300
Total seconds in IPOPT                               = 121.753

EXIT: Maximum Number of Iterations Exceeded.

