Solver command line: ['/opt/homebrew/bin/ipopt', '/var/folders/6y/bvynbx6n3zv7z3lwg6vd724r0000gn/T/tmp_pgxlaym.pyomo.nl', '-AMPL', 'tol=1e-06', 'max_iter=300', 'print_level=5']

Ipopt 3.14.19: tol=1e-06
max_iter=300
print_level=5


******************************************************************************
This program contains Ipopt, a library for large-scale nonlinear optimization.
 Ipopt is released as open source code under the Eclipse Public License (EPL).
         For more information visit https://github.com/coin-or/Ipopt
******************************************************************************

This is Ipopt version 3.14.19, running with linear solver MUMPS 5.6.2.

Number of nonzeros in equality constraint Jacobian...:     4599
Number of nonzeros in inequality constraint Jacobian.:     3288
Number of nonzeros in Lagrangian Hessian.............:     2536

Total number of variables............................:      726
                     variables with only lower bounds:        0
                variables with lower and upper bounds:      726
                     variables with only upper bounds:        0
Total number of equality constraints.................:      601
Total number of inequality constraints...............:      822
        inequality constraints with only lower bounds:        0
   inequality constraints with lower and upper bounds:        0
        inequality constraints with only upper bounds:      822

iter    objective    inf_pr   inf_du lg(mu)  ||d||  lg(rg) alpha_du alpha_pr  ls
   0  5.2203590e+05 1.75e+01 1.00e+02  -1.0 0.00e+00    -  0.00e+00 0.00e+00   0
   1  4.9051046e+05 1.69e+01 9.66e+01  -1.0 7.95e+01    -  3.38e-02 3.49e-02f  1
   2  4.7387527e+05 1.64e+01 9.07e+01  -1.0 6.97e+01    -  7.50e-02 3.39e-02f  1
   3  4.5521856e+05 1.52e+01 8.40e+01  -1.0 5.21e+01    -  7.54e-02 7.17e-02f  1
   4  4.4880085e+05 1.37e+01 7.34e+01  -1.0 2.53e+01    -  1.40e-01 9.81e-02f  1
   5  4.5179769e+05 1.26e+01 6.90e+01  -1.0 1.09e+01    -  4.82e-02 8.09e-02h  1
   6  4.5729281e+05 1.12e+01 5.81e+01  -1.0 1.26e+01    -  1.85e-01 1.11e-01h  1
   7  4.6236813e+05 1.03e+01 5.38e+01  -1.0 1.46e+01    -  7.15e-02 7.57e-02h  1
   8  4.7306321e+05 8.70e+00 4.76e+01  -1.0 1.95e+01    -  8.96e-02 1.58e-01h  1
   9  4.9469154e+05 5.87e+00 3.83e+01  -1.0 1.33e+01    -  1.20e-01 3.28e-01h  1
iter    objective    inf_pr   inf_du lg(mu)  ||d||  lg(rg) alpha_du alpha_pr  ls
  10  5.0517065e+05 4.69e+00 2.87e+01  -1.0 1.45e+01    -  2.73e-01 2.01e-01h  1
  11  5.1514287e+05 3.63e+00 3.05e+01  -1.0 7.96e+00    -  2.46e-01 2.26e-01h  1
  12  5.2079985e+05 3.07e+00 1.91e+02  -1.0 9.15e+00    -  4.13e-01 1.52e-01h  1
  13  5.2354889e+05 2.82e+00 2.89e+02  -1.0 1.21e+01    -  2.06e-01 8.04e-02h  1
  14  5.2861100e+05 2.41e+00 2.04e+02  -1.0 8.62e+00    -  1.28e-01 1.48e-01h  1
  15  5.3112896e+05 2.21e+00 2.10e+02  -1.0 8.82e+00    -  9.54e-02 8.34e-02h  1
  16  5.3893572e+05 1.58e+00 1.55e+02  -1.0 1.41e+01    -  1.41e-01 2.81e-01h  1
  17  5.5306943e+05 6.12e-01 1.81e+02  -1.0 1.02e+01    -  4.20e-01 6.11e-01h  1
  18  5.6435715e+05 4.40e-02 6.20e+02  -1.0 8.32e+00    -  5.35e-01 9.48e-01h  1
  19  5.6567584e+05 1.37e-02 1.77e+02  -1.0 3.11e+00    -  9.91e-01 6.89e-01h  1
iter    objective    inf_pr   inf_du lg(mu)  ||d||  lg(rg) alpha_du alpha_pr  ls
  20  5.6650621e+05 2.98e-04 1.15e+00  -1.0 1.82e+00    -  9.97e-01 1.00e+00h  1
  21  5.6652284e+05 2.72e-06 4.89e-04  -1.0 3.41e-02    -  1.00e+00 1.00e+00h  1
  22  5.6563407e+05 4.63e-03 1.15e+00  -2.5 1.71e+00    -  7.28e-01 7.17e-01f  1
  23  5.6539467e+05 2.77e-03 3.60e+00  -2.5 8.36e-01    -  7.39e-01 6.23e-01f  1
  24  5.6525702e+05 3.16e-03 6.25e-01  -2.5 6.13e-01    -  9.35e-01 9.79e-01f  1
  25  5.6525700e+05 3.97e-04 2.16e-03  -2.5 1.95e-01    -  1.00e+00 1.00e+00h  1
  26  5.6522174e+05 4.14e-04 2.56e-01  -3.8 2.01e-01    -  9.35e-01 1.00e+00f  1
  27  5.6522191e+05 2.21e-05 1.27e-04  -3.8 4.54e-02    -  1.00e+00 1.00e+00h  1
  28  5.6522002e+05 3.75e-06 2.99e-03  -5.7 2.00e-02    -  1.00e+00 9.87e-01h  1
  29  5.6522000e+05 1.10e-08 6.69e-08  -5.7 9.23e-04    -  1.00e+00 1.00e+00h  1
iter    objective    inf_pr   inf_du lg(mu)  ||d||  lg(rg) alpha_du alpha_pr  ls
  30  5.6521997e+05 3.28e-10 2.68e-09  -7.1 2.07e-04    -  1.00e+00 1.00e+00h  1

Number of Iterations....: 30

                                   (scaled)                 (unscaled)
Objective...............:   4.8334430426419804e+03    5.6521997284171497e+05
Dual infeasibility......:   2.6817877063822714e-09    3.1360666944780832e-07
Constraint violation....:   3.2848257447426477e-10    3.2848257447426477e-10
Variable bound violation:   2.4370008233631779e-07    2.4370008233631779e-07
Complementarity.........:   7.9025647273331893e-08    9.2412124879858928e-06
Overall NLP error.......:   7.9025647273331893e-08    9.2412124879858928e-06


Number of objective function evaluations             = 31
Number of objective gradient evaluations             = 31
Number of equality constraint evaluations            = 31
Number of inequality constraint evaluations          = 31
Number of equality constraint Jacobian evaluations   = 31
Number of inequality constraint Jacobian evaluations = 31
Number of Lagrangian Hessian evaluations             = 30
Total seconds in IPOPT                               = 0.185

EXIT: Optimal Solution Found.

