Solver command line: ['/opt/homebrew/bin/ipopt', '/var/folders/6y/bvynbx6n3zv7z3lwg6vd724r0000gn/T/tmpupc589fk.pyomo.nl', '-AMPL', 'tol=1e-06', 'max_iter=300', 'print_level=5', 'warm_start_init_point=yes', 'warm_start_bound_push=1e-06', 'warm_start_bound_frac=1e-06', 'warm_start_mult_bound_push=1e-06', 'mu_init=1e-06', 'least_square_init_duals=no']

Ipopt 3.14.19: tol=1e-06
max_iter=300
print_level=5
warm_start_init_point=yes
warm_start_bound_push=1e-06
warm_start_bound_frac=1e-06
warm_start_mult_bound_push=1e-06
mu_init=1e-06
least_square_init_duals=no


******************************************************************************
This program contains Ipopt, a library for large-scale nonlinear optimization.
 Ipopt is released as open source code under the Eclipse Public License (EPL).
         For more information visit https://github.com/coin-or/Ipopt
******************************************************************************

This is Ipopt version 3.14.19, running with linear solver MUMPS 5.6.2.

Number of nonzeros in equality constraint Jacobian...:     4599
Number of nonzeros in inequality constraint Jacobian.:     3288
Number of nonzeros in Lagrangian Hessian.............:     2536

Total number of variables............................:      726
                     variables with only lower bounds:        0
                variables with lower and upper bounds:      726
                     variables with only upper bounds:        0
Total number of equality constraints.................:      601
Total number of inequality constraints...............:      822
        inequality constraints with only lower bounds:        0
   inequality constraints with lower and upper bounds:        0
        inequality constraints with only upper bounds:      822

iter    objective    inf_pr   inf_du lg(mu)  ||d||  lg(rg) alpha_du alpha_pr  ls
   0  5.2203590e+05 1.15e+01 2.60e+03  -6.0 0.00e+00    -  0.00e+00 0.00e+00   0
   1  5.0652704e+05 1.13e+01 2.54e+03  -6.0 4.30e+01   0.0 5.59e-03 2.47e-02f  1
   2  5.0652700e+05 1.13e+01 2.54e+03  -6.0 5.37e+01  -0.5 1.25e-02 4.41e-08h  1
   3  5.0338901e+05 1.11e+01 2.50e+03  -6.0 2.29e+01  -0.1 1.15e-04 1.76e-02f  1
   4  5.0338888e+05 1.11e+01 2.50e+03  -6.0 4.40e+01  -0.5 3.97e-02 3.06e-07h  1
   5  5.0076815e+05 1.08e+01 2.45e+03  -6.0 1.93e+01  -0.1 2.08e-03 2.08e-02f  1
   6  4.9512546e+05 1.07e+01 2.41e+03  -6.0 4.23e+01  -0.6 1.95e-03 1.56e-02f  1
   7  4.9512545e+05 1.07e+01 2.41e+03  -6.0 1.55e+01  -0.2 8.52e-02 2.01e-07h  1
   8  4.9019481e+05 1.05e+01 2.37e+03  -6.0 3.55e+01  -0.6 3.75e-06 1.66e-02f  1
   9  4.9019359e+05 1.05e+01 2.37e+03  -6.0 2.35e+02  -1.1 4.86e-03 1.82e-06f  1
iter    objective    inf_pr   inf_du lg(mu)  ||d||  lg(rg) alpha_du alpha_pr  ls
  10  4.9007093e+05 1.05e+01 2.37e+03  -6.0 2.91e+01  -0.7 3.51e-02 6.25e-04f  1
  11  4.9001890e+05 1.05e+01 2.37e+03  -6.0 2.50e+02  -1.2 5.17e-03 7.26e-05f  1
  12  4.8716148e+05 1.04e+01 2.36e+03  -6.0 2.60e+02    -  5.74e-04 2.89e-03f  1
  13  4.8642876e+05 1.04e+01 2.36e+03  -6.0 2.58e+02    -  5.78e-03 7.49e-04f  1
  14  4.8640445e+05 1.04e+01 2.36e+03  -6.0 1.13e+02    -  1.26e-03 3.70e-05f  1
  15  4.8362635e+05 1.04e+01 2.35e+03  -6.0 1.14e+02    -  2.42e-03 4.23e-03f  1
  16  4.8020567e+05 1.03e+01 2.34e+03  -6.0 1.36e+02    -  6.47e-03 5.23e-03f  1
  17  4.7827043e+05 1.03e+01 2.33e+03  -6.0 1.64e+02    -  2.08e-02 2.95e-03f  1
  18  4.7678201e+05 1.03e+01 2.32e+03  -6.0 1.80e+02    -  2.41e-02 2.27e-03f  1
  19  4.7195585e+05 1.02e+01 2.31e+03  -6.0 1.92e+02    -  6.02e-02 7.72e-03f  1
iter    objective    inf_pr   inf_du lg(mu)  ||d||  lg(rg) alpha_du alpha_pr  ls
  20  4.7179897e+05 1.02e+01 2.31e+03  -6.0 2.72e+02    -  3.19e-02 2.62e-04f  1
  21  4.7011453e+05 1.02e+01 2.30e+03  -6.0 2.53e+02    -  6.90e-02 2.84e-03f  1
  22  4.6656180e+05 1.01e+01 2.28e+03  -6.0 2.52e+02    -  4.09e-02 6.26e-03f  1
  23  4.6396881e+05 1.01e+01 2.27e+03  -6.0 2.85e+02    -  1.68e-02 4.58e-03f  1
  24  4.6149144e+05 1.00e+01 2.26e+03  -6.0 2.87e+02    -  1.25e-01 4.43e-03f  1
  25  4.5692069e+05 9.92e+00 2.24e+03  -6.0 1.75e+02    -  2.05e-02 9.85e-03f  1
  26  4.4996516e+05 9.77e+00 2.21e+03  -6.0 2.00e+02    -  3.41e-02 1.49e-02f  1
  27  4.4888944e+05 9.75e+00 2.20e+03  -6.0 2.38e+02    -  1.49e-01 2.29e-03f  1
  28  4.4621347e+05 9.69e+00 2.19e+03  -6.0 2.44e+02    -  3.41e-02 6.32e-03f  1
  29  4.4515259e+05 9.65e+00 2.55e+03  -6.0 2.60e+02    -  2.31e-01 3.56e-03f  1
iter    objective    inf_pr   inf_du lg(mu)  ||d||  lg(rg) alpha_du alpha_pr  ls
  30  4.3940444e+05 9.46e+00 2.50e+03  -6.0 2.66e+02    -  2.35e-02 2.01e-02f  1
  31  4.3876799e+05 9.42e+00 2.69e+03  -6.0 2.73e+02    -  1.54e-01 3.96e-03f  1
  32  4.3877525e+05 9.42e+00 2.70e+03  -6.0 5.64e+01    -  1.20e-02 1.30e-04h  1
  33  4.4005191e+05 9.21e+00 2.64e+03  -6.0 5.65e+01    -  1.88e-02 2.20e-02h  1
  34  4.4063913e+05 9.12e+00 2.62e+03  -6.0 6.49e+01    -  1.23e-02 9.79e-03h  1
  35  4.4076282e+05 9.10e+00 2.61e+03  -6.0 6.77e+01    -  1.14e-02 2.11e-03h  1
  36  4.4112344e+05 9.05e+00 2.60e+03  -6.0 6.70e+01    -  1.51e-03 5.62e-03h  1
  37  4.4117661e+05 9.05e+00 2.60e+03  -6.0 6.69e+01    -  5.36e-03 6.71e-04h  1
  38  4.4168414e+05 8.97e+00 2.58e+03  -6.0 6.48e+01    -  2.33e-07 8.28e-03h  1
  39  4.4180646e+05 8.95e+00 2.57e+03  -6.0 5.73e+01    -  2.13e-03 1.87e-03h  1
iter    objective    inf_pr   inf_du lg(mu)  ||d||  lg(rg) alpha_du alpha_pr  ls
  40  4.4206314e+05 8.92e+00 2.56e+03  -6.0 5.36e+01    -  8.47e-03 3.89e-03h  1
  41  4.4246172e+05 8.87e+00 2.55e+03  -6.0 5.50e+01    -  4.12e-03 5.20e-03h  1
  42  4.4334773e+05 8.77e+00 2.52e+03  -6.0 5.65e+01    -  2.94e-02 1.15e-02h  1
  43  4.4363346e+05 8.74e+00 2.51e+03  -6.0 5.95e+01    -  2.69e-02 3.73e-03h  1
  44  4.4503840e+05 8.58e+00 2.46e+03  -6.0 6.07e+01    -  6.98e-02 1.85e-02h  1
  45  4.4545043e+05 8.53e+00 2.45e+03  -6.0 6.58e+01    -  4.22e-02 5.64e-03h  1
  46  4.4657765e+05 8.40e+00 2.41e+03  -6.0 6.73e+01    -  1.09e-01 1.53e-02h  1
  47  4.4726522e+05 8.32e+00 2.39e+03  -6.0 7.15e+01    -  8.17e-03 9.67e-03h  1
  48  4.4791840e+05 8.24e+00 2.36e+03  -6.0 7.41e+01    -  5.17e-02 9.32e-03h  1
  49  4.4914102e+05 8.09e+00 2.32e+03  -6.0 7.66e+01    -  1.17e-05 1.80e-02h  1
iter    objective    inf_pr   inf_du lg(mu)  ||d||  lg(rg) alpha_du alpha_pr  ls
  50  4.4986491e+05 8.00e+00 2.30e+03  -6.0 8.17e+01    -  2.99e-02 1.10e-02h  1
  51  4.5207112e+05 7.73e+00 2.22e+03  -6.0 8.51e+01    -  7.77e-02 3.36e-02h  1
  52  4.5368890e+05 7.52e+00 2.16e+03  -6.0 9.46e+01    -  1.33e-01 2.70e-02h  1
  53  4.5397374e+05 7.49e+00 2.15e+03  -6.0 1.02e+02    -  6.40e-03 5.13e-03h  1
  54  4.5444706e+05 7.43e+00 2.13e+03  -6.0 1.01e+02    -  2.59e-02 7.97e-03h  1
  55  4.5499847e+05 7.35e+00 2.11e+03  -6.0 1.05e+02    -  1.87e-02 1.02e-02h  1
  56  4.5593141e+05 7.23e+00 2.07e+03  -6.0 1.09e+02    -  1.89e-02 1.63e-02h  1
  57  4.5642438e+05 7.17e+00 2.06e+03  -6.0 1.16e+02    -  1.74e-02 8.30e-03h  1
  58  4.5771887e+05 7.02e+00 2.01e+03  -6.0 1.18e+02    -  1.19e-01 2.12e-02h  1
  59  4.5828318e+05 6.95e+00 1.99e+03  -6.0 1.25e+02    -  5.44e-02 9.82e-03h  1
iter    objective    inf_pr   inf_du lg(mu)  ||d||  lg(rg) alpha_du alpha_pr  ls
  60  4.5862673e+05 6.91e+00 1.98e+03  -6.0 1.27e+02    -  9.63e-03 6.08e-03h  1
  61  4.5929498e+05 6.82e+00 1.96e+03  -6.0 1.29e+02    -  5.89e-02 1.20e-02h  1
  62  4.6063165e+05 6.66e+00 1.91e+03  -6.0 1.33e+02    -  3.19e-02 2.47e-02h  1
  63  4.6095357e+05 6.61e+00 1.90e+03  -6.0 1.40e+02    -  3.25e-02 6.34e-03h  1
  64  4.6211638e+05 6.46e+00 1.85e+03  -6.0 1.42e+02    -  3.87e-01 2.33e-02h  1
  65  4.6469817e+05 6.12e+00 1.76e+03  -6.0 1.48e+02    -  2.87e-02 5.31e-02h  1
  66  4.6534789e+05 6.02e+00 1.73e+03  -6.0 1.64e+02    -  1.91e-01 1.54e-02h  1
  67  4.6578901e+05 5.96e+00 1.71e+03  -6.0 1.70e+02    -  1.87e-01 1.07e-02h  1
  68  4.6702637e+05 5.78e+00 1.66e+03  -6.0 1.73e+02    -  1.60e-02 2.93e-02h  1
  69  4.6705107e+05 5.78e+00 1.66e+03  -6.0 1.83e+02    -  8.83e-02 5.18e-04h  1
iter    objective    inf_pr   inf_du lg(mu)  ||d||  lg(rg) alpha_du alpha_pr  ls
  70  4.7081996e+05 5.33e+00 1.53e+03  -6.0 1.83e+02    -  1.25e-03 7.87e-02h  1
  71  4.7162486e+05 5.22e+00 1.50e+03  -6.0 2.05e+02    -  2.43e-01 1.98e-02h  1
  72  4.7299973e+05 5.04e+00 1.45e+03  -6.0 2.10e+02    -  2.23e-02 3.41e-02h  1
  73  4.7396588e+05 4.92e+00 1.41e+03  -6.0 2.20e+02    -  2.50e-01 2.52e-02h  1
  74r 4.7396588e+05 4.92e+00 9.99e+02   0.6 0.00e+00    -  0.00e+00 4.86e-07R  4
  75r 4.7517719e+05 4.92e+00 2.34e+03   0.6 6.49e+05    -  2.42e-07 6.21e-06f  1
  76r 4.7494756e+05 4.88e+00 2.39e+03   0.6 4.22e+04    -  2.13e-05 1.31e-05f  1
  77r 4.7412005e+05 4.68e+00 2.41e+03   0.6 4.05e+04    -  3.58e-04 7.47e-05f  1
  78r 4.6874972e+05 3.07e+00 2.39e+03   0.6 2.72e+04    -  2.19e-04 7.53e-04f  1
  79  4.6845417e+05 3.07e+00 4.62e+02  -6.0 8.45e+07    -  3.27e-07 2.21e-08f  1
iter    objective    inf_pr   inf_du lg(mu)  ||d||  lg(rg) alpha_du alpha_pr  ls
  80  4.6560220e+05 3.07e+00 4.62e+02  -6.0 9.50e+07    -  3.27e-07 2.19e-07f  1
  81  4.6293826e+05 3.07e+00 4.62e+02  -6.0 1.29e+07    -  3.28e-07 4.54e-07f  1
  82  4.6258676e+05 3.07e+00 4.62e+02  -6.0 1.38e+02  -1.6 4.46e-07 2.24e-03f  1
  83  4.6258418e+05 3.07e+00 4.61e+02  -6.0 1.69e+02  -2.1 1.00e-03 1.21e-05h  1
  84  4.6256485e+05 3.07e+00 4.61e+02  -6.0 4.80e+02  -2.6 3.79e-05 2.95e-05f  1
  85  4.6217071e+05 3.06e+00 4.61e+02  -6.0 1.31e+03  -3.1 3.18e-05 2.69e-04f  1
  86  4.6194456e+05 3.06e+00 4.61e+02  -6.0 2.96e+03  -3.5 2.64e-04 8.70e-05f  1
  87  4.6178536e+05 3.06e+00 4.61e+02  -6.0 1.39e+03  -3.1 1.67e-03 1.15e-04f  1
  88  4.6138400e+05 3.06e+00 4.60e+02  -6.0 3.09e+03  -3.6 4.11e-04 2.23e-04f  1
  89  4.6103061e+05 3.06e+00 4.59e+02  -6.0 7.61e+02  -3.2 2.10e-03 5.65e-04f  1
iter    objective    inf_pr   inf_du lg(mu)  ||d||  lg(rg) alpha_du alpha_pr  ls
  90  4.6097131e+05 3.06e+00 4.57e+02  -6.0 1.53e+03  -3.6 8.02e-04 5.23e-05f  1
  91  4.6064939e+05 3.06e+00 4.56e+02  -6.0 3.31e+03  -4.1 6.54e-04 2.23e-04f  1
  92  4.6040196e+05 3.06e+00 4.56e+02  -6.0 1.67e+04  -4.6 9.34e-05 9.46e-05f  1
  93  4.6023776e+05 3.06e+00 4.54e+02  -6.0 1.32e+04  -5.1 1.16e-03 7.83e-05f  1
  94  4.6008460e+05 3.06e+00 4.54e+02  -6.0 2.07e+04    -  1.54e-04 5.15e-05f  1
  95  4.5840493e+05 3.06e+00 4.53e+02  -6.0 2.01e+04    -  1.09e-03 5.73e-04f  1
  96  4.5807117e+05 3.06e+00 4.53e+02  -6.0 1.24e+04    -  4.93e-04 1.35e-04f  1
  97  4.5794514e+05 3.06e+00 4.54e+02  -6.0 1.04e+04    -  2.10e-03 5.02e-05f  1
  98  4.5615749e+05 3.06e+00 4.54e+02  -6.0 7.40e+03    -  5.19e-05 8.76e-04f  1
  99  4.5583409e+05 3.05e+00 4.53e+02  -6.0 8.34e+03    -  5.27e-04 1.74e-04f  1
iter    objective    inf_pr   inf_du lg(mu)  ||d||  lg(rg) alpha_du alpha_pr  ls
 100  4.5579188e+05 3.05e+00 4.52e+02  -6.0 8.36e+03    -  6.53e-04 2.35e-05f  1
 101  4.5568373e+05 3.05e+00 4.51e+02  -6.0 3.09e+03    -  6.36e-04 1.67e-04f  1
 102  4.5540118e+05 3.05e+00 4.48e+02  -6.0 2.36e+03    -  1.61e-03 5.85e-04f  1
 103  4.5509003e+05 3.05e+00 4.35e+02  -6.0 1.98e+03    -  7.04e-03 1.56e-03f  1
 104  4.5507401e+05 3.04e+00 3.90e+02  -6.0 1.77e+03    -  2.32e-02 1.21e-03h  1
 105  4.5512917e+05 3.04e+00 3.93e+02  -6.0 3.88e+02    -  1.98e-05 2.20e-03h  1
 106  4.5519567e+05 3.03e+00 3.67e+02  -6.0 2.60e+02    -  1.59e-02 2.34e-03h  1
 107  4.5519389e+05 3.03e+00 3.67e+02  -6.0 9.29e+02    -  9.19e-05 2.01e-05h  1
 108  4.5432120e+05 3.00e+00 3.73e+02  -6.0 9.27e+02    -  4.65e-03 9.88e-03f  1
 109  4.5432120e+05 3.00e+00 3.73e+02  -6.0 1.31e+03  -4.7 1.92e-05 4.98e-07h  1
iter    objective    inf_pr   inf_du lg(mu)  ||d||  lg(rg) alpha_du alpha_pr  ls
 110  4.5432278e+05 3.00e+00 3.27e+02  -6.0 3.19e+02  -4.2 2.26e-02 1.30e-04h  1
 111  4.5424677e+05 3.00e+00 3.29e+02  -6.0 2.54e+03    -  1.65e-05 1.33e-03f  1
 112  4.5476908e+05 2.96e+00 3.13e+02  -6.0 8.17e+01    -  1.74e-02 1.15e-02h  2
 113  4.5505124e+05 2.94e+00 3.27e+02  -6.0 3.56e+02    -  9.87e-04 8.40e-03h  1
 114  4.5506281e+05 2.94e+00 2.89e+02  -6.0 2.14e+02    -  2.20e-02 2.19e-04h  5
 115  4.5506869e+05 2.94e+00 2.88e+02  -6.0 2.85e+02    -  9.02e-04 1.19e-04h  6
 116  4.5507168e+05 2.94e+00 2.83e+02  -6.0 2.84e+02    -  7.00e-03 6.00e-05h  7
 117  4.5507381e+05 2.94e+00 2.82e+02  -6.0 2.84e+02    -  6.74e-04 4.16e-05h  8
 118  4.5536724e+05 2.92e+00 2.81e+02  -6.0 2.83e+02    -  5.71e-03 5.71e-03s 15
 119  4.5538608e+05 2.92e+00 2.81e+02  -6.0 1.92e+02    -  3.23e-04 3.23e-04s 15
iter    objective    inf_pr   inf_du lg(mu)  ||d||  lg(rg) alpha_du alpha_pr  ls
 120  4.5540348e+05 2.92e+00 2.80e+02  -6.0 1.44e+02    -  2.84e-04 2.84e-04s 15
 121  4.5543970e+05 2.91e+00 2.80e+02  -6.0 1.41e+02    -  5.90e-04 5.90e-04s 15
 122  4.5569263e+05 2.90e+00 2.79e+02  -6.0 1.29e+02    -  4.01e-03 4.01e-03s 15
 123  4.5571840e+05 2.90e+00 2.79e+02  -6.0 8.84e+01    -  3.71e-04 3.71e-04s 15
 124  4.5577681e+05 2.90e+00 2.79e+02  -6.0 9.45e+01    -  8.36e-04 8.36e-04s 15
 125  4.5601009e+05 2.89e+00 2.78e+02  -6.0 1.17e+02    -  3.28e-03 3.28e-03s 15
 126  4.5647320e+05 2.87e+00 2.76e+02  -6.0 1.93e+02    -  7.16e-03 7.16e-03s 15
 127  4.5670580e+05 2.86e+00 2.75e+02  -6.0 1.67e+02    -  3.45e-03 3.45e-03s 15
 128  4.5693397e+05 2.85e+00 2.74e+02  -6.0 1.56e+02    -  3.34e-03 3.34e-03s 15
 129r 4.5693397e+05 2.85e+00 9.99e+02   0.7 0.00e+00    -  0.00e+00 0.00e+00R  1
iter    objective    inf_pr   inf_du lg(mu)  ||d||  lg(rg) alpha_du alpha_pr  ls
 130r 4.5743403e+05 2.66e+00 9.99e+02   0.7 7.47e+03    -  8.52e-05 2.33e-04f  1
 131  4.5736336e+05 2.66e+00 3.61e+02  -6.0 7.97e+04    -  2.39e-05 1.82e-05f  1
 132  4.5725097e+05 2.66e+00 3.61e+02  -6.0 3.86e+04    -  2.08e-08 1.31e-04f  1
 133  4.5676005e+05 2.66e+00 3.61e+02  -6.0 1.88e+04    -  1.63e-04 1.31e-04f  1
 134r 4.5676005e+05 2.66e+00 9.99e+02   0.6 0.00e+00    -  0.00e+00 3.00e-07R  5
 135r 4.5712987e+05 2.65e+00 9.99e+02   0.6 2.10e+06    -  8.46e-08 7.74e-07f  1
 136r 4.5842145e+05 2.36e+00 9.99e+02   0.6 7.38e+03    -  2.06e-04 3.28e-04f  1
 137  4.5814211e+05 2.36e+00 3.61e+02  -6.0 2.29e+05    -  5.56e-06 8.94e-06f  1
 138  4.5798371e+05 2.36e+00 3.61e+02  -6.0 3.02e+05    -  4.74e-06 8.05e-06f  1
 139  4.5797570e+05 2.36e+00 3.61e+02  -6.0 1.35e+05    -  6.80e-05 2.67e-06f  1
iter    objective    inf_pr   inf_du lg(mu)  ||d||  lg(rg) alpha_du alpha_pr  ls
 140  4.5789166e+05 2.36e+00 3.61e+02  -6.0 1.02e+05    -  6.64e-05 4.10e-05f  1
 141  4.5804295e+05 2.35e+00 3.56e+02  -6.0 5.02e+02  -4.7 9.98e-04 2.60e-03h  1
 142  4.5827468e+05 2.34e+00 3.48e+02  -6.0 4.03e+02    -  1.76e-03 4.20e-03h  1
 143  4.5839840e+05 2.34e+00 3.73e+02  -6.0 6.27e+02    -  1.41e-02 2.19e-03h  2
 144  4.5901728e+05 2.31e+00 3.61e+02  -6.0 1.97e+02    -  4.14e-03 1.33e-02h  1
 145  4.5924198e+05 2.30e+00 3.57e+02  -6.0 1.15e+02    -  1.01e-02 4.44e-03h  1
 146  4.5943875e+05 2.29e+00 3.54e+02  -6.0 1.38e+02    -  6.23e-03 3.38e-03h  1
 147  4.5981044e+05 2.27e+00 3.52e+02  -6.0 5.39e+01    -  5.26e-03 6.19e-03h  1
 148  4.5980707e+05 2.27e+00 3.51e+02  -6.0 5.13e+02    -  1.48e-03 1.56e-04h  1
 149  4.6039770e+05 2.25e+00 3.54e+02  -6.0 2.51e+02    -  1.35e-03 1.03e-02h  1
iter    objective    inf_pr   inf_du lg(mu)  ||d||  lg(rg) alpha_du alpha_pr  ls
 150  4.6048475e+05 2.25e+00 3.33e+02  -6.0 1.05e+02    -  3.01e-02 1.40e-03h  1
 151  4.6256957e+05 2.16e+00 3.36e+02  -6.0 1.64e+02    -  2.51e-03 4.03e-02h  1
 152  4.6281301e+05 2.14e+00 3.34e+02  -6.0 9.27e+02    -  6.22e-03 6.56e-03h  3
 153  4.6295194e+05 2.13e+00 3.31e+02  -6.0 1.24e+03    -  8.11e-03 4.54e-03h  3
 154  4.6312645e+05 2.12e+00 3.19e+02  -6.0 1.14e+03    -  3.12e-02 4.93e-03h  2
 155  4.6332085e+05 2.11e+00 3.08e+02  -6.0 1.04e+03    -  2.71e-02 4.61e-03h  1
 156  4.6373719e+05 2.10e+00 2.70e+02  -6.0 1.44e+02    -  9.93e-02 6.13e-03h  1
 157  4.6384122e+05 2.10e+00 2.67e+02  -6.0 1.02e+02    -  6.56e-03 1.43e-03h  1
 158  4.6413470e+05 2.09e+00 2.68e+02  -6.0 1.62e+02    -  5.68e-04 4.18e-03h  1
 159  4.6471002e+05 2.07e+00 2.68e+02  -6.0 1.58e+02    -  1.39e-03 8.22e-03h  1
iter    objective    inf_pr   inf_du lg(mu)  ||d||  lg(rg) alpha_du alpha_pr  ls
 160  4.6523283e+05 2.05e+00 2.68e+02  -6.0 1.28e+02    -  2.11e-03 7.27e-03h  1
 161  4.6536962e+05 2.05e+00 2.59e+02  -6.0 9.91e+01    -  2.62e-02 1.91e-03h  1
 162  4.6554694e+05 2.05e+00 2.55e+02  -6.0 9.14e+01    -  1.48e-02 2.54e-03h  1
 163  4.6878097e+05 1.95e+00 2.50e+02  -6.0 9.55e+01    -  2.60e-02 4.53e-02h  1
 164  4.6971580e+05 1.93e+00 2.49e+02  -6.0 8.93e+01    -  6.21e-03 1.32e-02h  1
 165  4.7028423e+05 1.91e+00 2.48e+02  -6.0 8.21e+01    -  4.81e-03 8.16e-03h  1
 166  4.7287241e+05 1.84e+00 2.48e+02  -6.0 8.98e+01    -  2.96e-03 3.78e-02h  1
 167  4.7389215e+05 1.81e+00 2.35e+02  -6.0 8.90e+01    -  5.13e-02 1.51e-02h  1
 168  4.8139388e+05 1.61e+00 2.05e+02  -6.0 9.07e+01    -  1.33e-01 1.11e-01h  1
 169r 4.8139388e+05 1.61e+00 9.99e+02   0.6 0.00e+00    -  0.00e+00 3.05e-07R  2
iter    objective    inf_pr   inf_du lg(mu)  ||d||  lg(rg) alpha_du alpha_pr  ls
 170r 4.8139410e+05 1.61e+00 9.99e+02   0.6 6.37e+05    -  5.34e-06 1.87e-07f  1
 171r 4.8149490e+05 1.49e+00 9.98e+02   0.6 1.28e+04    -  1.26e-03 2.87e-04f  1
 172  4.8148057e+05 1.49e+00 2.84e+02  -6.0 8.50e+05    -  2.85e-07 2.33e-07f  1
 173  4.8124622e+05 1.49e+00 2.84e+02  -6.0 1.40e+06    -  3.11e-06 2.49e-06f  1
 174  4.8111419e+05 1.49e+00 2.84e+02  -6.0 9.77e+05    -  3.59e-06 4.89e-06f  1
 175  4.8097629e+05 1.49e+00 2.84e+02  -6.0 2.31e+05    -  5.48e-05 2.60e-05f  1
 176  4.8092495e+05 1.49e+00 2.84e+02  -6.0 7.84e+04    -  4.53e-05 3.97e-05f  1
 177  4.8092546e+05 1.49e+00 2.84e+02  -6.0 4.40e+03    -  4.02e-04 1.75e-05h  5
 178  4.8092776e+05 1.49e+00 2.84e+02  -6.0 2.57e+03    -  9.12e-04 5.52e-05h  4
 179  4.8095479e+05 1.49e+00 2.83e+02  -6.0 1.98e+03    -  5.45e-03 5.15e-04h  2
iter    objective    inf_pr   inf_du lg(mu)  ||d||  lg(rg) alpha_du alpha_pr  ls
 180  4.8097599e+05 1.49e+00 2.83e+02  -6.0 1.42e+03    -  6.09e-04 3.59e-04h  1
 181  4.8107383e+05 1.49e+00 2.83e+02  -6.0 1.16e+03    -  3.64e-03 1.54e-03h  2
 182  4.8123088e+05 1.48e+00 2.83e+02  -6.0 1.75e+02    -  1.54e-02 2.42e-03h  1
 183  4.8383971e+05 1.42e+00 2.72e+02  -6.0 1.13e+02    -  3.62e-02 4.01e-02h  1
 184  4.8436806e+05 1.41e+00 2.69e+02  -6.0 3.24e+02    -  3.84e-05 8.61e-03h  1
 185  4.8622091e+05 1.37e+00 2.61e+02  -6.0 2.57e+02    -  3.50e-02 2.99e-02h  1
 186  4.8808003e+05 1.33e+00 2.55e+02  -6.0 1.32e+02    -  3.97e-02 3.00e-02h  1
 187  4.8985106e+05 1.29e+00 2.58e+02  -6.0 1.06e+02    -  6.18e-02 2.89e-02h  1
 188  4.9244464e+05 1.23e+00 2.42e+02  -6.0 9.58e+01    -  3.35e-02 4.29e-02h  1
 189  4.9338566e+05 1.21e+00 2.41e+02  -6.0 1.43e+02    -  2.17e-02 1.63e-02h  1
iter    objective    inf_pr   inf_du lg(mu)  ||d||  lg(rg) alpha_du alpha_pr  ls
 190  4.9452496e+05 1.19e+00 2.34e+02  -6.0 9.67e+01    -  1.57e-02 1.95e-02h  1
 191  4.9554174e+05 1.17e+00 2.36e+02  -6.0 9.70e+01    -  2.65e-02 1.76e-02h  1
 192  4.9692593e+05 1.14e+00 2.53e+02  -6.0 9.76e+01    -  5.18e-02 2.42e-02h  1
 193  4.9761047e+05 1.13e+00 3.51e+02  -6.0 3.57e+01    -  1.21e-01 1.22e-02h  1
 194  4.9831547e+05 1.11e+00 3.28e+02  -6.0 3.62e+01    -  2.58e-06 1.25e-02h  1
 195  4.9831763e+05 1.11e+00 3.42e+02  -6.0 1.20e+02    -  1.34e-02 3.93e-05h  1
 196  4.9885396e+05 1.10e+00 3.95e+02  -6.0 6.64e+01    -  4.40e-02 9.66e-03h  1
 197  4.9943538e+05 1.09e+00 4.03e+02  -6.0 3.54e+01    -  1.44e-02 1.06e-02h  1
 198  4.9990821e+05 1.08e+00 3.94e+02  -6.0 3.15e+01    -  7.37e-03 8.66e-03h  1
 199  5.0123593e+05 1.05e+00 3.32e+02  -6.0 8.23e+01    -  4.69e-03 2.40e-02h  1
iter    objective    inf_pr   inf_du lg(mu)  ||d||  lg(rg) alpha_du alpha_pr  ls
 200  5.0292726e+05 1.02e+00 3.03e+02  -6.0 3.95e+01    -  2.01e-02 3.13e-02h  1
 201r 5.0292726e+05 1.02e+00 9.99e+02   0.4 0.00e+00    -  0.00e+00 1.34e-07R  2
 202r 5.0246590e+05 1.02e+00 9.99e+02   0.4 1.22e+06    -  1.93e-07 2.57e-07f  1
 203r 5.0249737e+05 1.02e+00 9.99e+02   0.4 6.65e+04    -  1.33e-05 2.49e-06f  1
 204r 5.0359188e+05 8.43e-01 9.98e+02   0.4 8.67e+03    -  5.32e-04 7.69e-04f  1
 205  5.0359015e+05 8.43e-01 7.28e+02  -6.0 6.32e+04    -  4.13e-05 7.48e-07f  1
 206  5.0357550e+05 8.43e-01 7.28e+02  -6.0 2.49e+04    -  3.38e-04 5.79e-05f  1
 207  5.0339096e+05 8.43e-01 7.28e+02  -6.0 1.68e+04    -  2.92e-04 2.95e-04f  1
 208  5.0339096e+05 8.43e-01 7.28e+02  -6.0 4.82e+03    -  1.16e-04 6.64e-08h  1
 209  5.0312024e+05 8.42e-01 7.28e+02  -6.0 4.29e+03    -  2.72e-06 4.57e-04f  1
iter    objective    inf_pr   inf_du lg(mu)  ||d||  lg(rg) alpha_du alpha_pr  ls
 210  5.0309078e+05 8.42e-01 7.27e+02  -6.0 2.89e+03    -  3.91e-04 6.36e-04f  1
 211  5.0312086e+05 8.41e-01 7.28e+02  -6.0 1.19e+03    -  1.20e-02 8.14e-04h  2
 212  5.0327934e+05 8.38e-01 7.29e+02  -6.0 2.84e+02    -  3.04e-02 3.20e-03h  2
 213  5.0334927e+05 8.37e-01 7.30e+02  -6.0 4.67e+02    -  6.36e-03 1.39e-03h  5
 214  5.0437193e+05 8.20e-01 7.14e+02  -6.0 3.19e+02    -  1.43e-02 2.03e-02h  1
 215  5.0675535e+05 7.81e-01 6.50e+02  -6.0 9.42e+01    -  1.68e-03 4.80e-02h  1
 216r 5.0675535e+05 7.81e-01 9.99e+02   0.1 0.00e+00    -  0.00e+00 2.09e-07R  2
 217r 5.0674617e+05 7.81e-01 9.99e+02   0.1 3.85e+06    -  2.50e-07 1.14e-09f  2
 218r 5.0699133e+05 7.42e-01 9.99e+02   0.1 2.51e+04    -  4.03e-05 1.41e-04f  1
 219  5.0695502e+05 7.42e-01 7.38e+02  -6.0 9.42e+05    -  1.31e-09 4.02e-06f  1
iter    objective    inf_pr   inf_du lg(mu)  ||d||  lg(rg) alpha_du alpha_pr  ls
 220  5.0681022e+05 7.42e-01 7.37e+02  -6.0 4.79e+04    -  6.54e-10 9.66e-05f  2
 221  5.0680142e+05 7.42e-01 7.37e+02  -6.0 9.06e+03    -  1.32e-04 1.58e-04f  3
 222  5.0680015e+05 7.41e-01 7.37e+02  -6.0 2.23e+03    -  1.68e-03 2.47e-04h  3
 223  5.0680093e+05 7.41e-01 7.37e+02  -6.0 1.04e+03    -  8.95e-03 3.45e-05h  8
 224  5.0680137e+05 7.41e-01 7.35e+02  -6.0 7.08e+02    -  2.29e-02 1.27e-05h 11
 225  5.0691606e+05 7.39e-01 7.33e+02  -6.0 4.74e+02    -  1.06e-03 2.82e-03h  4
 226  5.0717696e+05 7.35e-01 7.35e+02  -6.0 2.50e+02    -  5.05e-02 5.86e-03h  1
 227  5.0838476e+05 7.17e-01 6.99e+02  -6.0 9.43e+01    -  2.02e-06 2.49e-02h  1
 228  5.1005473e+05 6.90e-01 6.52e+02  -6.0 9.74e+01    -  2.69e-02 3.76e-02h  1
 229  5.1314829e+05 6.43e-01 5.84e+02  -6.0 4.01e+01    -  2.73e-02 6.78e-02h  1
iter    objective    inf_pr   inf_du lg(mu)  ||d||  lg(rg) alpha_du alpha_pr  ls
 230r 5.1314829e+05 6.43e-01 9.99e+02   0.2 0.00e+00    -  0.00e+00 4.38e-07R  4
 231r 5.1298782e+05 6.41e-01 9.99e+02   0.2 1.98e+05    -  9.32e-06 6.58e-06f  1
 232r 5.1356960e+05 6.11e-01 9.98e+02   0.2 1.87e+04    -  9.96e-04 2.21e-04f  1
 233  5.1355204e+05 6.11e-01 8.11e+02  -6.0 3.16e+05    -  8.69e-06 1.57e-05f  2
 234  5.1353445e+05 6.11e-01 8.11e+02  -6.0 2.44e+05    -  2.47e-05 6.04e-06f  1
 235  5.1348969e+05 6.11e-01 8.11e+02  -6.0 1.24e+05    -  7.55e-05 4.00e-05f  2
 236  5.1347611e+05 6.11e-01 8.11e+02  -6.0 3.50e+04    -  8.99e-04 9.03e-05f  3
 237  5.1350048e+05 6.10e-01 8.10e+02  -6.0 7.76e+03    -  1.15e-03 1.15e-03s 13
 238r 5.1350048e+05 6.10e-01 9.99e+02   0.3 0.00e+00    -  0.00e+00 0.00e+00R  1
 239r 5.1346754e+05 6.10e-01 9.99e+02   0.3 1.49e+08    -  8.67e-09 1.94e-08f  2
iter    objective    inf_pr   inf_du lg(mu)  ||d||  lg(rg) alpha_du alpha_pr  ls
 240r 5.1400008e+05 5.17e-01 9.98e+02   0.3 8.05e+03    -  1.46e-03 8.27e-04f  1
 241  5.1379948e+05 5.17e-01 8.12e+02  -6.0 1.40e+06    -  1.06e-08 6.46e-06f  1
 242  5.1379783e+05 5.17e-01 8.12e+02  -6.0 2.16e+05    -  4.85e-09 1.02e-06f  1
 243  5.1370097e+05 5.17e-01 8.12e+02  -6.0 1.64e+05    -  1.28e-05 3.99e-05f  2
 244  5.1359225e+05 5.17e-01 8.12e+02  -6.0 9.09e+04    -  1.01e-04 6.41e-05f  1
 245  5.1359121e+05 5.17e-01 8.11e+02  -6.0 7.03e+03    -  1.99e-04 8.52e-04h  2
 246  5.1342248e+05 5.16e-01 8.10e+02  -6.0 5.76e+03    -  2.55e-03 1.20e-03f  1
 247  5.1352690e+05 5.15e-01 8.12e+02  -6.0 4.46e+02    -  1.45e-02 2.64e-03h  4
 248  5.1358765e+05 5.14e-01 8.32e+02  -6.0 3.92e+02    -  5.66e-02 1.42e-03h  4
 249  5.1359180e+05 5.14e-01 8.76e+02  -6.0 1.15e+02    -  1.17e-01 9.52e-05h  9
iter    objective    inf_pr   inf_du lg(mu)  ||d||  lg(rg) alpha_du alpha_pr  ls
 250  5.1380231e+05 5.11e-01 8.71e+02  -6.0 1.15e+02    -  4.81e-03 4.81e-03s 17
 251  5.1557497e+05 4.91e-01 8.36e+02  -6.0 5.38e+01    -  4.05e-02 4.05e-02s 17
 252  5.1618336e+05 4.84e-01 8.24e+02  -6.0 3.92e+01    -  1.42e-02 1.42e-02s 17
 253  5.1651033e+05 4.80e-01 8.49e+02  -6.0 3.61e+01    -  2.55e-02 0.00e+00S 17
 254  5.2169746e+05 4.19e-01 7.03e+02  -6.0 5.64e+01    -  1.79e-02 1.28e-01h  1
 255  5.2192929e+05 4.16e-01 7.19e+02  -6.0 3.24e+01    -  4.82e-02 6.35e-03h  1
 256  5.2385815e+05 3.94e-01 6.62e+02  -6.0 3.20e+01    -  1.13e-02 5.31e-02h  1
 257  5.2425086e+05 3.89e-01 6.56e+02  -6.0 5.54e+01    -  1.83e-02 1.20e-02h  1
 258  5.2705473e+05 3.56e-01 5.66e+02  -6.0 5.44e+01    -  1.71e-02 8.46e-02h  1
 259  5.2851255e+05 3.40e-01 5.61e+02  -6.0 6.75e+01    -  7.93e-02 4.57e-02h  1
iter    objective    inf_pr   inf_du lg(mu)  ||d||  lg(rg) alpha_du alpha_pr  ls
 260  5.2977496e+05 3.26e-01 5.84e+02  -6.0 6.46e+01    -  1.15e-01 4.08e-02h  1
 261  5.3155687e+05 3.07e-01 5.24e+02  -6.0 5.68e+01    -  1.59e-02 5.85e-02h  1
 262  5.3241970e+05 2.98e-01 5.54e+02  -6.0 3.83e+01    -  9.89e-02 2.94e-02h  1
 263  5.3449669e+05 2.77e-01 4.95e+02  -6.0 4.95e+01    -  4.61e-02 7.19e-02h  1
 264  5.3469982e+05 2.75e-01 5.20e+02  -6.0 4.52e+01    -  4.36e-02 7.46e-03h  1
 265  5.3541659e+05 2.67e-01 5.34e+02  -6.0 3.54e+01    -  6.93e-02 2.66e-02h  1
 266  5.3558534e+05 2.65e-01 5.44e+02  -6.0 3.30e+01    -  2.06e-02 6.51e-03h  1
 267  5.3563849e+05 2.65e-01 5.63e+02  -6.0 4.22e+01    -  1.65e-02 2.05e-03h  1
 268  5.3665137e+05 2.55e-01 5.19e+02  -6.0 3.19e+01    -  1.50e-02 3.91e-02h  1
 269  5.3802022e+05 2.41e-01 4.49e+02  -6.0 5.91e+01    -  1.41e-02 5.41e-02h  1
iter    objective    inf_pr   inf_du lg(mu)  ||d||  lg(rg) alpha_du alpha_pr  ls
 270  5.3853978e+05 2.36e-01 5.05e+02  -6.0 4.59e+01    -  7.49e-02 2.13e-02h  1
 271  5.4118222e+05 2.10e-01 3.55e+02  -6.0 2.78e+01    -  4.09e-03 1.09e-01h  1
 272  5.4218398e+05 2.00e-01 3.55e+02  -6.0 5.69e+01    -  6.47e-02 4.57e-02h  1
 273  5.4421738e+05 1.81e-01 2.68e+02  -6.0 3.61e+01    -  3.83e-02 9.67e-02h  1
 274  5.4597554e+05 1.65e-01 3.23e+02  -6.0 9.44e+00    -  1.71e-01 9.14e-02h  1
 275  5.4806886e+05 1.45e-01 2.18e+02  -6.0 8.75e+00    -  4.48e-02 1.18e-01h  1
 276  5.4832898e+05 1.43e-01 2.20e+02  -6.0 1.73e+01    -  2.22e-02 1.63e-02h  1
 277  5.4982888e+05 1.29e-01 1.69e+02  -6.0 1.37e+01    -  6.51e-02 9.51e-02h  1
 278  5.5041054e+05 1.24e-01 3.89e+02  -6.0 1.23e+01    -  2.44e-01 4.02e-02h  1
 279  5.5144586e+05 1.15e-01 5.52e+02  -6.0 1.20e+01    -  2.59e-01 7.41e-02h  1
iter    objective    inf_pr   inf_du lg(mu)  ||d||  lg(rg) alpha_du alpha_pr  ls
 280  5.5344696e+05 9.74e-02 4.39e+02  -6.0 1.06e+01    -  1.08e-01 1.53e-01h  1
 281  5.6085089e+05 3.46e-02 1.82e+02  -6.0 9.12e+00    -  1.59e-01 6.59e-01h  1
 282  5.6391642e+05 1.17e-02 4.51e+02  -6.0 4.04e+00    -  2.56e-01 7.17e-01h  1
 283  5.6499756e+05 2.14e-03 2.46e+01  -6.0 3.82e+00    -  9.77e-01 8.39e-01h  1
 284  5.6521935e+05 2.86e-05 1.76e+00  -6.0 4.80e-01    -  9.30e-01 9.99e-01h  1
 285  5.6521998e+05 4.40e-10 1.25e-06  -6.0 2.66e-03    -  1.00e+00 1.00e+00h  1
 286  5.6521997e+05 8.82e-11 7.30e-10  -7.1 1.07e-04    -  1.00e+00 1.00e+00h  1

Number of Iterations....: 286

                                   (scaled)                 (unscaled)
Objective...............:   4.8334430426441477e+03    5.6521997284196841e+05
Dual infeasibility......:   7.2982561055662911e-10    8.5345375571556364e-08
Constraint violation....:   8.8176133061779183e-11    8.8176133061779183e-11
Variable bound violation:   2.4370007523089043e-07    2.4370007523089043e-07
Complementarity.........:   7.8088530421259496e-08    9.1316265971406064e-06
Overall NLP error.......:   7.8088530421259496e-08    9.1316265971406064e-06


Number of objective function evaluations             = 464
Number of objective gradient evaluations             = 276
Number of equality constraint evaluations            = 464
Number of inequality constraint evaluations          = 465
Number of equality constraint Jacobian evaluations   = 294
Number of inequality constraint Jacobian evaluations = 294
Number of Lagrangian Hessian evaluations             = 286
Total seconds in IPOPT                               = 3.839

EXIT: Optimal Solution Found.

