Solver command line: ['/opt/homebrew/bin/ipopt', '/var/folders/6y/bvynbx6n3zv7z3lwg6vd724r0000gn/T/tmpkzwenmlt.pyomo.nl', '-AMPL', 'tol=1e-06', 'max_iter=300', 'print_level=5', 'warm_start_init_point=yes', 'warm_start_bound_push=1e-06', 'warm_start_bound_frac=1e-06', 'warm_start_mult_bound_push=1e-06', 'mu_init=1e-06', 'least_square_init_duals=no']

Ipopt 3.14.19: tol=1e-06
max_iter=300
print_level=5
warm_start_init_point=yes
warm_start_bound_push=1e-06
warm_start_bound_frac=1e-06
warm_start_mult_bound_push=1e-06
mu_init=1e-06
least_square_init_duals=no


******************************************************************************
This program contains Ipopt, a library for large-scale nonlinear optimization.
 Ipopt is released as open source code under the Eclipse Public License (EPL).
         For more information visit https://github.com/coin-or/Ipopt
******************************************************************************

This is Ipopt version 3.14.19, running with linear solver MUMPS 5.6.2.

Number of nonzeros in equality constraint Jacobian...:     4599
Number of nonzeros in inequality constraint Jacobian.:     3288
Number of nonzeros in Lagrangian Hessian.............:     2536

Total number of variables............................:      726
                     variables with only lower bounds:        0
                variables with lower and upper bounds:      726
                     variables with only upper bounds:        0
Total number of equality constraints.................:      601
Total number of inequality constraints...............:      822
        inequality constraints with only lower bounds:        0
   inequality constraints with lower and upper bounds:        0
        inequality constraints with only upper bounds:      822

iter    objective    inf_pr   inf_du lg(mu)  ||d||  lg(rg) alpha_du alpha_pr  ls
   0  5.6521970e+05 2.41e+01 5.23e+03  -6.0 0.00e+00    -  0.00e+00 0.00e+00   0
   1  5.6422885e+05 2.37e+01 5.15e+03  -6.0 3.03e+01   0.0 1.99e-03 1.50e-02f  1
   2  5.6422885e+05 2.37e+01 5.15e+03  -6.0 1.79e+01  -0.5 1.93e-02 7.01e-08h  1
   3  5.6281512e+05 2.27e+01 4.94e+03  -6.0 1.79e+01  -1.0 3.52e-03 4.17e-02f  1
   4  5.6262804e+05 2.25e+01 4.91e+03  -6.0 2.32e+01    -  5.49e-02 7.18e-03f  1
   5  5.6243701e+05 2.24e+01 4.87e+03  -6.0 2.57e+01    -  1.47e-02 8.12e-03f  1
   6  5.6042448e+05 2.04e+01 4.47e+03  -6.0 2.86e+01    -  8.12e-02 8.76e-02f  1
   7  5.5884077e+05 1.88e+01 4.14e+03  -6.0 5.73e+01    -  2.37e-02 7.66e-02f  1
   8  5.5884076e+05 1.88e+01 4.14e+03  -6.0 7.57e+01    -  8.10e-02 2.37e-07h  1
   9  5.5573313e+05 1.56e+01 3.49e+03  -6.0 7.57e+01    -  1.22e-03 1.71e-01f  1
iter    objective    inf_pr   inf_du lg(mu)  ||d||  lg(rg) alpha_du alpha_pr  ls
  10  5.5573313e+05 1.56e+01 3.49e+03  -6.0 1.04e+02    -  3.30e-01 3.92e-07h  1
  11  5.5339082e+05 1.35e+01 3.04e+03  -6.0 1.04e+02    -  3.32e-02 1.34e-01f  1
  12  5.5262100e+05 1.28e+01 2.89e+03  -6.0 1.13e+02    -  3.44e-01 5.13e-02f  1
  13  5.5198811e+05 1.22e+01 2.76e+03  -6.0 1.13e+02    -  4.66e-01 4.43e-02f  1
  14  5.5194582e+05 1.22e+01 2.75e+03  -6.0 1.14e+02    -  8.28e-01 3.01e-03h  1
  15  5.4570152e+05 6.95e+00 1.75e+03  -6.0 1.14e+02    -  5.19e-02 4.19e-01f  1
  16  5.4569528e+05 6.94e+00 1.75e+03  -6.0 1.03e+02    -  4.62e-01 1.43e-03h  1
  17  5.4563830e+05 5.91e+00 1.49e+03  -6.0 1.02e+02    -  1.01e-02 1.49e-01h  1
  18  5.4566785e+05 5.85e+00 1.48e+03  -6.0 9.22e+01    -  1.42e-01 9.49e-03h  1
  19  5.4622578e+05 4.99e+00 1.27e+03  -6.0 9.16e+01    -  1.11e-02 1.46e-01h  1
iter    objective    inf_pr   inf_du lg(mu)  ||d||  lg(rg) alpha_du alpha_pr  ls
  20  5.4694477e+05 4.31e+00 1.09e+03  -6.0 8.17e+01    -  1.58e-01 1.36e-01h  1
  21  5.4824006e+05 3.47e+00 8.83e+02  -6.0 7.30e+01    -  3.38e-01 1.94e-01h  1
  22  5.5010171e+05 2.69e+00 6.82e+02  -6.0 6.13e+01    -  2.49e-02 2.25e-01h  1
  23  5.5029711e+05 2.61e+00 6.64e+02  -6.0 4.93e+01    -  2.16e-01 2.72e-02h  1
  24  5.5046929e+05 2.56e+00 6.49e+02  -6.0 4.81e+01    -  3.28e-02 2.17e-02h  1
  25  5.5188862e+05 2.10e+00 5.30e+02  -6.0 4.72e+01    -  4.49e-01 1.79e-01h  1
  26  5.5497835e+05 1.34e+00 3.26e+02  -6.0 3.95e+01    -  7.87e-02 3.61e-01h  1
  27  5.5551759e+05 1.24e+00 3.01e+02  -6.0 3.06e+01    -  2.23e-01 7.55e-02h  1
  28  5.5760421e+05 8.87e-01 2.12e+02  -6.0 3.23e+01    -  6.06e-03 2.82e-01h  1
  29  5.5991652e+05 5.39e-01 3.64e+02  -6.0 2.91e+01    -  1.22e-01 3.92e-01h  1
iter    objective    inf_pr   inf_du lg(mu)  ||d||  lg(rg) alpha_du alpha_pr  ls
  30  5.6187651e+05 3.00e-01 3.94e+02  -6.0 2.50e+01    -  2.46e-01 4.43e-01h  1
  31  5.6375254e+05 1.13e-01 3.42e+02  -6.0 1.66e+01    -  4.03e-01 6.24e-01h  1
  32  5.6493529e+05 1.80e-02 1.64e+02  -6.0 7.52e+00    -  6.54e-01 8.41e-01h  1
  33  5.6520255e+05 1.00e-03 7.49e+00  -6.0 1.50e+00    -  9.51e-01 9.44e-01h  1
  34  5.6521996e+05 1.03e-06 4.24e-03  -6.0 9.32e-02    -  1.00e+00 9.99e-01h  1
  35  5.6521998e+05 7.28e-13 4.93e-10  -6.0 1.23e-04    -  1.00e+00 1.00e+00h  1
  36  5.6521997e+05 8.82e-11 7.30e-10  -7.1 1.07e-04    -  1.00e+00 1.00e+00f  1

Number of Iterations....: 36

                                   (scaled)                 (unscaled)
Objective...............:   4.8334430426441577e+03    5.6521997284196957e+05
Dual infeasibility......:   7.2959827571687888e-10    8.5318791169750863e-08
Constraint violation....:   8.8177465329408733e-11    8.8177465329408733e-11
Variable bound violation:   2.4370007523089043e-07    2.4370007523089043e-07
Complementarity.........:   7.8088517436829833e-08    9.1316250787490758e-06
Overall NLP error.......:   7.8088517436829833e-08    9.1316250787490758e-06


Number of objective function evaluations             = 37
Number of objective gradient evaluations             = 37
Number of equality constraint evaluations            = 37
Number of inequality constraint evaluations          = 38
Number of equality constraint Jacobian evaluations   = 37
Number of inequality constraint Jacobian evaluations = 37
Number of Lagrangian Hessian evaluations             = 36
Total seconds in IPOPT                               = 0.348

EXIT: Optimal Solution Found.

