Solver command line: ['/opt/homebrew/bin/ipopt', '/var/folders/6y/bvynbx6n3zv7z3lwg6vd724r0000gn/T/tmppfvm073o.pyomo.nl', '-AMPL', 'tol=1e-06', 'max_iter=300', 'print_level=5', 'warm_start_init_point=yes', 'warm_start_bound_push=1e-06', 'warm_start_bound_frac=1e-06', 'warm_start_mult_bound_push=1e-06', 'mu_init=1e-06', 'least_square_init_duals=no']

Ipopt 3.14.19: tol=1e-06
max_iter=300
print_level=5
warm_start_init_point=yes
warm_start_bound_push=1e-06
warm_start_bound_frac=1e-06
warm_start_mult_bound_push=1e-06
mu_init=1e-06
least_square_init_duals=no


******************************************************************************
This program contains Ipopt, a library for large-scale nonlinear optimization.
 Ipopt is released as open source code under the Eclipse Public License (EPL).
         For more information visit https://github.com/coin-or/Ipopt
******************************************************************************

This is Ipopt version 3.14.19, running with linear solver MUMPS 5.6.2.

Number of nonzeros in equality constraint Jacobian...:     4599
Number of nonzeros in inequality constraint Jacobian.:     3288
Number of nonzeros in Lagrangian Hessian.............:     2536

Total number of variables............................:      726
                     variables with only lower bounds:        0
                variables with lower and upper bounds:      726
                     variables with only upper bounds:        0
Total number of equality constraints.................:      601
Total number of inequality constraints...............:      822
        inequality constraints with only lower bounds:        0
   inequality constraints with lower and upper bounds:        0
        inequality constraints with only upper bounds:      822

iter    objective    inf_pr   inf_du lg(mu)  ||d||  lg(rg) alpha_du alpha_pr  ls
   0  5.6521970e+05 2.39e+01 2.60e+03  -6.0 0.00e+00    -  0.00e+00 0.00e+00   0
   1  5.6533724e+05 2.38e+01 2.60e+03  -6.0 3.89e+01   0.0 9.11e-04 1.63e-03h  1
   2  5.6620986e+05 2.32e+01 2.53e+03  -6.0 2.39e+01  -0.5 4.99e-06 2.78e-02h  1
   3  5.6620986e+05 2.32e+01 2.53e+03  -6.0 1.30e+02  -1.0 2.11e-03 2.45e-08h  1
   4  5.6622709e+05 2.32e+01 2.53e+03  -6.0 1.21e+02  -0.5 3.29e-05 8.40e-05h  1
   5  5.6602980e+05 2.31e+01 2.53e+03  -6.0 2.47e+02  -1.0 1.78e-07 7.46e-04f  1
   6  5.6603621e+05 2.31e+01 2.53e+03  -6.0 1.74e+01  -0.6 1.16e-03 4.71e-04h  1
   7  5.6595279e+05 2.31e+01 2.52e+03  -6.0 1.13e+02  -1.1 1.72e-04 9.21e-04f  1
   8  5.6595473e+05 2.31e+01 2.52e+03  -6.0 1.89e+01  -0.6 2.42e-03 1.53e-04h  1
   9  5.6589902e+05 2.31e+01 2.52e+03  -6.0 9.49e+01  -1.1 1.18e-03 8.41e-04f  1
iter    objective    inf_pr   inf_du lg(mu)  ||d||  lg(rg) alpha_du alpha_pr  ls
  10r 5.6589902e+05 2.31e+01 1.00e+03   1.1 0.00e+00    -  0.00e+00 1.91e-07R  2
  11r 5.6589908e+05 2.31e+01 1.00e+03   1.1 1.32e+07    -  1.78e-08 1.13e-11f  2
  12r 5.6366815e+05 2.27e+01 1.00e+03   1.1 1.02e+04    -  1.81e-05 3.39e-05f  1
  13r 5.1429077e+05 1.40e+01 1.01e+03   1.1 9.90e+03    -  3.38e-04 7.80e-04f  1
  14  5.1362848e+05 1.39e+01 9.98e+01  -6.0 8.39e+01    -  2.68e-04 5.66e-03f  1
  15  5.1132279e+05 1.37e+01 9.92e+01  -6.0 8.19e+01    -  4.14e-03 1.38e-02f  1
  16  5.0961848e+05 1.36e+01 9.86e+01  -6.0 7.40e+01    -  4.35e-03 1.18e-02f  1
  17  5.0786819e+05 1.34e+01 9.73e+01  -6.0 6.67e+01    -  1.23e-02 1.36e-02f  1
  18  5.0502727e+05 1.30e+01 9.56e+01  -6.0 6.05e+01    -  1.49e-02 2.63e-02f  1
  19  5.0430557e+05 1.29e+01 9.41e+01  -6.0 6.24e+01    -  1.79e-02 9.97e-03f  1
iter    objective    inf_pr   inf_du lg(mu)  ||d||  lg(rg) alpha_du alpha_pr  ls
  20  5.0205099e+05 1.24e+01 9.07e+01  -6.0 6.16e+01    -  3.46e-02 3.75e-02f  1
  21  5.0104528e+05 1.21e+01 9.00e+01  -6.0 6.54e+01    -  2.49e-03 2.17e-02f  1
  22  5.0047284e+05 1.20e+01 8.81e+01  -6.0 6.75e+01    -  2.29e-02 1.59e-02f  1
  23  5.0024902e+05 1.19e+01 8.68e+01  -6.0 6.83e+01    -  1.90e-02 6.85e-03f  1
  24  4.9797977e+05 1.10e+01 8.32e+01  -6.0 6.86e+01    -  2.56e-02 7.58e-02f  1
  25  4.9799186e+05 1.08e+01 8.22e+01  -6.0 6.98e+01    -  1.25e-02 1.11e-02h  1
  26  4.9820915e+05 1.03e+01 7.75e+01  -6.0 6.97e+01    -  5.86e-02 5.41e-02h  1
  27  4.9924009e+05 9.59e+00 6.97e+01  -6.0 7.03e+01    -  1.19e-01 6.50e-02h  1
  28  5.0042935e+05 9.10e+00 6.60e+01  -6.0 6.99e+01    -  5.31e-02 5.11e-02h  1
  29  5.0177307e+05 8.64e+00 6.27e+01  -6.0 6.86e+01    -  5.03e-02 5.12e-02h  1
iter    objective    inf_pr   inf_du lg(mu)  ||d||  lg(rg) alpha_du alpha_pr  ls
  30  5.0262377e+05 8.38e+00 6.08e+01  -6.0 6.74e+01    -  2.97e-02 3.03e-02h  1
  31  5.0405432e+05 7.96e+00 5.83e+01  -6.0 6.62e+01    -  3.62e-02 4.98e-02h  1
  32  5.0520311e+05 7.64e+00 5.62e+01  -6.0 6.45e+01    -  3.32e-02 3.96e-02h  1
  33  5.0721341e+05 7.12e+00 5.32e+01  -6.0 6.30e+01    -  4.46e-02 6.87e-02h  1
  34  5.0766215e+05 7.01e+00 4.86e+01  -6.0 6.03e+01    -  1.25e-01 1.53e-02h  1
  35  5.0986761e+05 6.49e+00 4.13e+01  -6.0 6.06e+01    -  1.97e-01 7.46e-02h  1
  36  5.1177245e+05 6.06e+00 3.78e+01  -6.0 5.88e+01    -  1.01e-01 6.50e-02h  1
  37  5.1210546e+05 5.99e+00 3.24e+01  -6.0 5.60e+01    -  2.40e-01 1.15e-02h  1
  38  5.1213638e+05 5.99e+00 6.90e+01  -6.0 5.86e+01    -  1.41e-01 1.03e-03h  1
  39  5.1238960e+05 5.94e+00 2.35e+02  -6.0 6.15e+01    -  2.35e-01 8.01e-03h  1
iter    objective    inf_pr   inf_du lg(mu)  ||d||  lg(rg) alpha_du alpha_pr  ls
  40  5.1265671e+05 5.89e+00 3.41e+02  -6.0 6.46e+01    -  7.57e-02 8.15e-03h  1
  41  5.1316493e+05 5.80e+00 3.15e+02  -6.0 6.57e+01    -  6.45e-07 1.49e-02h  1
  42  5.1539763e+05 5.42e+00 3.08e+02  -6.0 6.45e+01    -  7.55e-02 6.58e-02h  1
  43  5.1674780e+05 5.21e+00 4.42e+02  -6.0 6.16e+01    -  1.24e-01 3.97e-02h  1
  44  5.1683154e+05 5.19e+00 4.79e+02  -6.0 5.95e+01    -  2.53e-02 2.48e-03h  1
  45  5.1856002e+05 4.93e+00 8.27e+02  -6.0 5.91e+01    -  2.77e-01 5.11e-02h  1
  46  5.2255913e+05 4.35e+00 8.24e+02  -6.0 5.10e+01    -  1.96e-01 1.18e-01h  1
  47  5.2289518e+05 4.30e+00 9.13e+02  -6.0 5.29e+01    -  1.30e-01 1.06e-02h  1
  48  5.2366258e+05 4.20e+00 9.36e+02  -6.0 5.46e+01    -  9.18e-02 2.42e-02h  1
  49  5.3199292e+05 3.08e+00 7.41e+02  -6.0 5.24e+01    -  3.64e-01 2.67e-01h  1
iter    objective    inf_pr   inf_du lg(mu)  ||d||  lg(rg) alpha_du alpha_pr  ls
  50  5.3199364e+05 3.08e+00 1.00e+03  -6.0 3.94e+01    -  3.49e-01 2.77e-05h  1
  51  5.3548447e+05 2.67e+00 1.03e+03  -6.0 4.12e+01    -  4.85e-01 1.34e-01h  1
  52  5.3668041e+05 2.53e+00 1.21e+03  -6.0 3.55e+01    -  5.98e-01 5.03e-02h  1
  53  5.3967939e+05 2.20e+00 1.06e+03  -6.0 3.37e+01    -  1.65e-01 1.29e-01h  1
  54  5.4274494e+05 1.89e+00 8.93e+02  -6.0 2.18e+01    -  9.29e-02 1.44e-01h  1
  55  5.4598151e+05 1.57e+00 7.19e+02  -6.0 1.92e+01    -  1.31e-01 1.71e-01h  1
  56  5.4819445e+05 1.36e+00 6.06e+02  -6.0 1.40e+01    -  1.09e-01 1.34e-01h  1
  57  5.5111439e+05 1.09e+00 5.05e+02  -6.0 9.95e+00    -  2.21e-01 1.96e-01h  1
  58  5.5394873e+05 8.45e-01 4.47e+02  -6.0 7.94e+00    -  3.36e-01 2.25e-01h  1
  59  5.5493646e+05 7.64e-01 4.83e+02  -6.0 1.33e+01    -  2.88e-01 9.61e-02h  1
iter    objective    inf_pr   inf_du lg(mu)  ||d||  lg(rg) alpha_du alpha_pr  ls
  60  5.5613729e+05 6.67e-01 4.28e+02  -6.0 1.26e+01    -  1.46e-01 1.27e-01h  1
  61  5.5822781e+05 5.02e-01 2.94e+02  -6.0 7.98e+00    -  1.58e-01 2.48e-01h  1
  62  5.5859198e+05 4.74e-01 4.52e+02  -6.0 9.77e+00    -  6.10e-01 5.51e-02h  1
  63  5.5862130e+05 4.72e-01 4.49e+02  -6.0 1.04e+01    -  2.40e-03 4.66e-03h  1
  64  5.5960655e+05 3.98e-01 3.69e+02  -6.0 9.21e+00    -  8.52e-02 1.57e-01h  1
  65  5.6316969e+05 1.35e-01 5.37e+01  -6.0 7.58e+00    -  1.55e-01 6.62e-01h  1
  66  5.6355929e+05 1.09e-01 1.59e+02  -6.0 2.21e+00    -  8.65e-01 1.94e-01h  1
  67  5.6516469e+05 2.39e-03 1.18e+00  -6.0 1.79e+00    -  8.87e-01 9.78e-01h  1
  68  5.6521986e+05 4.51e-06 1.93e-02  -6.0 6.29e-02    -  1.00e+00 9.98e-01h  1
  69  5.6521998e+05 3.78e-11 8.30e-09  -6.0 1.98e-04    -  1.00e+00 1.00e+00h  1
iter    objective    inf_pr   inf_du lg(mu)  ||d||  lg(rg) alpha_du alpha_pr  ls
  70  5.6521997e+05 8.82e-11 7.29e-10  -7.1 1.07e-04    -  1.00e+00 1.00e+00h  1

Number of Iterations....: 70

                                   (scaled)                 (unscaled)
Objective...............:   4.8334430426442759e+03    5.6521997284198343e+05
Dual infeasibility......:   7.2925721507417093e-10    8.5278907739759440e-08
Constraint violation....:   8.8176133061779183e-11    8.8176133061779183e-11
Variable bound violation:   2.4370007523089043e-07    2.4370007523089043e-07
Complementarity.........:   7.8088517504593925e-08    9.1316250866733689e-06
Overall NLP error.......:   7.8088517504593925e-08    9.1316250866733689e-06


Number of objective function evaluations             = 75
Number of objective gradient evaluations             = 69
Number of equality constraint evaluations            = 75
Number of inequality constraint evaluations          = 76
Number of equality constraint Jacobian evaluations   = 72
Number of inequality constraint Jacobian evaluations = 72
Number of Lagrangian Hessian evaluations             = 70
Total seconds in IPOPT                               = 0.429

EXIT: Optimal Solution Found.

