Solver command line: ['/opt/homebrew/bin/ipopt', '/var/folders/6y/bvynbx6n3zv7z3lwg6vd724r0000gn/T/tmpi8hxyqlx.pyomo.nl', '-AMPL', 'tol=1e-06', 'max_iter=300', 'print_level=5', 'warm_start_init_point=yes', 'warm_start_bound_push=1e-06', 'warm_start_bound_frac=1e-06', 'warm_start_mult_bound_push=1e-06', 'mu_init=1e-06', 'least_square_init_duals=no']

Ipopt 3.14.19: tol=1e-06
max_iter=300
print_level=5
warm_start_init_point=yes
warm_start_bound_push=1e-06
warm_start_bound_frac=1e-06
warm_start_mult_bound_push=1e-06
mu_init=1e-06
least_square_init_duals=no


******************************************************************************
This program contains Ipopt, a library for large-scale nonlinear optimization.
 Ipopt is released as open source code under the Eclipse Public License (EPL).
         For more information visit https://github.com/coin-or/Ipopt
******************************************************************************

This is Ipopt version 3.14.19, running with linear solver MUMPS 5.6.2.

Number of nonzeros in equality constraint Jacobian...:     4599
Number of nonzeros in inequality constraint Jacobian.:     3288
Number of nonzeros in Lagrangian Hessian.............:     2536

Total number of variables............................:      726
                     variables with only lower bounds:        0
                variables with lower and upper bounds:      726
                     variables with only upper bounds:        0
Total number of equality constraints.................:      601
Total number of inequality constraints...............:      822
        inequality constraints with only lower bounds:        0
   inequality constraints with lower and upper bounds:        0
        inequality constraints with only upper bounds:      822

iter    objective    inf_pr   inf_du lg(mu)  ||d||  lg(rg) alpha_du alpha_pr  ls
   0  5.2203590e+05 1.15e+01 3.69e+03  -6.0 0.00e+00    -  0.00e+00 0.00e+00   0
   1  4.6153422e+05 1.15e+01 3.69e+03  -6.0 1.19e+08    -  3.00e-08 3.00e-08f  1
   2  4.4140690e+05 1.15e+01 3.69e+03  -6.0 1.42e+08    -  1.60e-08 2.41e-08f  1
   3  4.1665219e+05 1.15e+01 3.69e+03  -6.0 8.28e+07    -  6.36e-08 4.63e-08f  1
   4  4.0866795e+05 1.15e+01 3.69e+03  -6.0 4.33e+07    -  1.58e-07 3.49e-08f  1
   5  4.0142440e+05 1.15e+01 3.69e+03  -6.0 2.30e+07    -  1.22e-07 6.37e-08f  1
   6  3.9166564e+05 1.15e+01 3.69e+03  -6.0 1.48e+07    -  1.62e-07 1.46e-07f  1
   7  3.9053827e+05 1.15e+01 3.69e+03  -6.0 1.01e+07    -  8.06e-07 3.54e-08f  1
   8  3.8274301e+05 1.15e+01 3.69e+03  -6.0 5.55e+06    -  1.38e-06 5.43e-07f  1
   9  3.7700858e+05 1.15e+01 3.69e+03  -6.0 2.80e+06    -  2.39e-06 1.42e-06f  1
iter    objective    inf_pr   inf_du lg(mu)  ||d||  lg(rg) alpha_du alpha_pr  ls
  10  3.7348047e+05 1.15e+01 3.69e+03  -6.0 1.18e+06    -  3.09e-06 3.32e-06f  1
  11  3.7161814e+05 1.15e+01 3.69e+03  -6.0 4.63e+05    -  2.65e-05 7.51e-06f  1
  12  3.7125537e+05 1.15e+01 3.69e+03  -6.0 7.66e+04    -  1.65e-04 3.19e-05f  1
  13  3.7118979e+05 1.15e+01 3.69e+03  -6.0 3.78e+03    -  2.17e-03 1.81e-04f  1
  14  3.7117988e+05 1.15e+01 3.69e+03  -6.0 4.99e+02    -  7.38e-04 9.90e-04h  1
  15  3.7000954e+05 1.15e+01 3.68e+03  -6.0 2.78e+03    -  4.48e-09 6.39e-04f  1
  16r 3.7000954e+05 1.15e+01 1.00e+03   1.0 0.00e+00    -  0.00e+00 2.36e-08R  2
  17r 3.7066975e+05 1.17e+01 1.00e+03   1.0 1.82e+07    -  7.43e-08 5.64e-08f  1
  18r 3.6943140e+05 1.13e+01 1.00e+03   1.0 1.12e+05    -  5.13e-06 1.08e-05f  1
  19r 3.6915191e+05 1.12e+01 1.00e+03   1.0 2.79e+04    -  1.42e-07 1.46e-05f  1
iter    objective    inf_pr   inf_du lg(mu)  ||d||  lg(rg) alpha_du alpha_pr  ls
  20r 3.5701063e+05 8.60e+00 1.00e+03   1.0 1.87e+04    -  8.55e-05 3.84e-04f  1
  21  3.5703880e+05 8.59e+00 9.99e+01  -6.0 6.70e+01    -  6.13e-04 8.05e-04h  1
  22  3.5706143e+05 8.59e+00 9.98e+01  -6.0 6.46e+01    -  1.28e-03 5.04e-04h  1
  23  3.5708424e+05 8.58e+00 9.97e+01  -6.0 6.32e+01    -  2.27e-03 4.21e-04h  1
  24  3.5733689e+05 8.54e+00 9.95e+01  -6.0 6.29e+01    -  3.69e-04 4.39e-03h  1
  25  3.5740026e+05 8.54e+00 9.91e+01  -6.0 6.14e+01    -  5.14e-03 9.52e-04h  1
  26  3.5840232e+05 8.42e+00 9.84e+01  -6.0 6.16e+01    -  3.05e-03 1.41e-02h  1
  27  3.5951701e+05 8.31e+00 9.70e+01  -6.0 5.93e+01    -  1.57e-02 1.26e-02h  1
  28  3.6153962e+05 8.14e+00 9.58e+01  -6.0 6.12e+01    -  7.93e-03 2.06e-02h  1
  29  3.6314998e+05 8.02e+00 9.53e+01  -6.0 6.47e+01    -  1.32e-04 1.47e-02h  1
iter    objective    inf_pr   inf_du lg(mu)  ||d||  lg(rg) alpha_du alpha_pr  ls
  30  3.6329290e+05 8.01e+00 9.49e+01  -6.0 6.26e+01    -  5.32e-03 1.26e-03h  1
  31  3.6433792e+05 7.94e+00 9.45e+01  -6.0 5.88e+01    -  1.69e-03 9.06e-03h  1
  32  3.6450513e+05 7.93e+00 9.43e+01  -6.0 5.81e+01    -  3.40e-03 1.40e-03h  1
  33  3.6495498e+05 7.90e+00 9.05e+01  -6.0 5.60e+01    -  6.12e-02 3.75e-03h  1
  34  3.6631048e+05 7.81e+00 8.98e+01  -6.0 5.53e+01    -  4.56e-03 1.09e-02h  1
  35  3.6941540e+05 7.62e+00 8.69e+01  -6.0 5.32e+01    -  3.80e-02 2.48e-02h  1
  36  3.7019297e+05 7.57e+00 8.53e+01  -6.0 5.36e+01    -  2.53e-02 6.19e-03h  1
  37  3.7043188e+05 7.55e+00 8.41e+01  -6.0 1.12e+02    -  2.06e-02 1.97e-03h  1
  38  3.7305389e+05 7.39e+00 8.18e+01  -6.0 1.10e+02    -  3.09e-02 2.15e-02h  1
  39  3.8513514e+05 6.67e+00 7.84e+01  -6.0 1.09e+02    -  7.34e-03 9.76e-02h  1
iter    objective    inf_pr   inf_du lg(mu)  ||d||  lg(rg) alpha_du alpha_pr  ls
  40  3.9313646e+05 6.25e+00 7.14e+01  -6.0 1.02e+02    -  1.03e-01 6.32e-02h  1
  41  3.9847573e+05 5.99e+00 6.87e+01  -6.0 9.67e+01    -  3.71e-02 4.17e-02h  1
  42  4.1188503e+05 5.36e+00 6.55e+01  -6.0 9.28e+01    -  1.47e-02 1.06e-01h  1
  43  4.1392312e+05 5.27e+00 6.17e+01  -6.0 8.21e+01    -  1.37e-01 1.69e-02h  1
  44  4.2231731e+05 4.90e+00 5.69e+01  -6.0 8.40e+01    -  1.66e-02 7.03e-02h  1
  45  4.2717262e+05 4.69e+00 1.11e+02  -6.0 7.81e+01    -  1.34e-01 4.26e-02h  1
  46  4.3116099e+05 4.52e+00 1.52e+02  -6.0 7.68e+01    -  6.26e-02 3.62e-02h  1
  47  4.3740249e+05 4.26e+00 1.40e+02  -6.0 7.56e+01    -  5.54e-02 5.77e-02h  1
  48  4.4220236e+05 4.06e+00 1.47e+02  -6.0 7.19e+01    -  5.74e-02 4.63e-02h  1
  49  4.5442071e+05 3.56e+00 7.15e+01  -6.0 6.93e+01    -  7.29e-02 1.22e-01h  1
iter    objective    inf_pr   inf_du lg(mu)  ||d||  lg(rg) alpha_du alpha_pr  ls
  50  4.6143135e+05 3.29e+00 7.97e+01  -6.0 6.09e+01    -  8.81e-02 7.73e-02h  1
  51  4.7720021e+05 2.68e+00 3.06e+01  -6.0 5.53e+01    -  1.27e-01 1.84e-01h  1
  52  4.8258321e+05 2.49e+00 2.02e+02  -6.0 4.14e+01    -  2.31e-01 7.20e-02h  1
  53  4.9021181e+05 2.22e+00 3.12e+02  -6.0 3.73e+01    -  2.30e-01 1.07e-01h  1
  54  4.9301550e+05 2.13e+00 3.77e+02  -6.0 3.82e+01    -  1.24e-01 4.32e-02h  1
  55  4.9367578e+05 2.10e+00 5.87e+02  -6.0 3.10e+01    -  2.60e-01 1.04e-02h  1
  56  4.9398923e+05 2.09e+00 6.07e+02  -6.0 3.34e+01    -  4.10e-02 4.99e-03h  1
  57  4.9741925e+05 1.98e+00 5.51e+02  -6.0 3.21e+01    -  1.10e-02 5.41e-02h  1
  58  4.9823565e+05 1.95e+00 6.64e+02  -6.0 3.15e+01    -  2.13e-01 1.35e-02h  1
  59  5.2560978e+05 1.06e+00 1.34e+02  -6.0 3.17e+01    -  4.11e-02 4.60e-01h  1
iter    objective    inf_pr   inf_du lg(mu)  ||d||  lg(rg) alpha_du alpha_pr  ls
  60  5.3419891e+05 8.02e-01 1.42e+02  -6.0 2.35e+01    -  2.76e-01 2.41e-01h  1
  61r 5.3419891e+05 8.02e-01 1.00e+03   0.4 0.00e+00    -  0.00e+00 3.01e-07R  4
  62r 5.3406989e+05 8.20e-01 1.00e+03   0.4 1.63e+06    -  8.35e-08 2.83e-07f  2
  63r 5.3499797e+05 7.73e-01 1.04e+03   0.4 8.39e+04    -  1.89e-06 4.55e-05f  1
  64r 5.3481094e+05 5.95e-01 1.04e+03   0.4 3.45e+03    -  6.08e-03 1.00e-03f  1
  65  5.3481893e+05 5.95e-01 1.16e+03  -6.0 1.15e+01    -  4.73e-01 4.07e-04h  1
  66  5.3838298e+05 5.17e-01 9.92e+02  -6.0 1.49e+01    -  1.19e-01 1.30e-01h  1
  67  5.4501561e+05 3.80e-01 6.11e+02  -6.0 1.31e+01    -  1.98e-01 2.65e-01h  1
  68  5.4521622e+05 3.76e-01 9.39e+02  -6.0 9.18e+00    -  2.31e-01 1.05e-02h  1
  69  5.4819374e+05 3.17e-01 6.44e+02  -6.0 9.04e+00    -  3.10e-02 1.57e-01h  1
iter    objective    inf_pr   inf_du lg(mu)  ||d||  lg(rg) alpha_du alpha_pr  ls
  70  5.4873704e+05 3.06e-01 7.86e+02  -6.0 7.72e+00    -  1.65e-01 3.35e-02h  1
  71  5.5100119e+05 2.62e-01 8.06e+02  -6.0 7.26e+00    -  2.69e-01 1.44e-01h  1
  72  5.5378350e+05 2.09e-01 6.91e+02  -6.0 6.97e+00    -  2.62e-01 2.03e-01h  1
  73  5.5754597e+05 1.38e-01 3.61e+02  -6.0 4.42e+00    -  2.06e-01 3.40e-01h  1
  74  5.6160726e+05 6.33e-02 1.54e+02  -6.0 7.04e+00    -  5.23e-01 5.41e-01h  1
  75  5.6446440e+05 1.26e-02 8.01e+00  -6.0 5.02e+00    -  6.95e-01 8.00e-01h  1
  76  5.6499566e+05 3.72e-03 2.30e+01  -6.0 1.44e+00    -  9.02e-01 7.06e-01h  1
  77  5.6521745e+05 3.67e-04 1.18e-02  -6.0 4.42e-01    -  9.73e-01 9.90e-01h  1
  78  5.6521998e+05 1.22e-05 1.81e-04  -6.0 4.40e-02    -  1.00e+00 1.00e+00h  1
  79  5.6521998e+05 8.68e-08 2.01e-06  -6.0 6.42e-03    -  1.00e+00 1.00e+00h  1
iter    objective    inf_pr   inf_du lg(mu)  ||d||  lg(rg) alpha_du alpha_pr  ls
  80  5.6521997e+05 9.03e-11 1.52e-09  -7.1 1.59e-04    -  1.00e+00 1.00e+00h  1

Number of Iterations....: 80

                                   (scaled)                 (unscaled)
Objective...............:   4.8334430426437830e+03    5.6521997284192580e+05
Dual infeasibility......:   1.5155594127109936e-09    1.7722862202681067e-07
Constraint violation....:   9.0305540823010233e-11    9.0305540823010233e-11
Variable bound violation:   2.4370007523089043e-07    2.4370007523089043e-07
Complementarity.........:   7.8594556836484794e-08    9.1908010270754416e-06
Overall NLP error.......:   7.8594556836484794e-08    9.1908010270754416e-06


Number of objective function evaluations             = 89
Number of objective gradient evaluations             = 76
Number of equality constraint evaluations            = 89
Number of inequality constraint evaluations          = 90
Number of equality constraint Jacobian evaluations   = 83
Number of inequality constraint Jacobian evaluations = 83
Number of Lagrangian Hessian evaluations             = 80
Total seconds in IPOPT                               = 0.474

EXIT: Optimal Solution Found.

