Solver command line: ['/opt/homebrew/bin/ipopt', '/var/folders/6y/bvynbx6n3zv7z3lwg6vd724r0000gn/T/tmplv4iknv2.pyomo.nl', '-AMPL', 'tol=1e-06', 'max_iter=300', 'print_level=5']

Ipopt 3.14.19: tol=1e-06
max_iter=300
print_level=5


******************************************************************************
This program contains Ipopt, a library for large-scale nonlinear optimization.
 Ipopt is released as open source code under the Eclipse Public License (EPL).
         For more information visit https://github.com/coin-or/Ipopt
******************************************************************************

This is Ipopt version 3.14.19, running with linear solver MUMPS 5.6.2.

Number of nonzeros in equality constraint Jacobian...:     4599
Number of nonzeros in inequality constraint Jacobian.:     3288
Number of nonzeros in Lagrangian Hessian.............:     2536

Total number of variables............................:      726
                     variables with only lower bounds:        0
                variables with lower and upper bounds:      726
                     variables with only upper bounds:        0
Total number of equality constraints.................:      601
Total number of inequality constraints...............:      822
        inequality constraints with only lower bounds:        0
   inequality constraints with lower and upper bounds:        0
        inequality constraints with only upper bounds:      822

iter    objective    inf_pr   inf_du lg(mu)  ||d||  lg(rg) alpha_du alpha_pr  ls
   0  5.2203590e+05 1.23e+01 1.00e+02  -1.0 0.00e+00    -  0.00e+00 0.00e+00   0
   1  5.1447977e+05 1.22e+01 9.78e+01  -1.0 8.15e+01    -  3.34e-02 6.97e-03f  1
   2  5.0721096e+05 1.21e+01 9.42e+01  -1.0 7.80e+01    -  5.79e-02 8.09e-03f  1
   3  4.9159550e+05 1.17e+01 1.95e+02  -1.0 7.14e+01    -  6.33e-02 3.37e-02f  1
   4  4.6446655e+05 1.03e+01 9.93e+01  -1.0 5.20e+01    -  9.85e-02 1.19e-01f  1
   5  4.6585090e+05 8.66e+00 8.66e+02  -1.0 1.60e+01    -  3.85e-01 1.57e-01h  1
   6  4.9010374e+05 6.10e+00 5.14e+02  -1.0 1.78e+01    -  2.49e-01 2.95e-01h  1
   7  5.1160601e+05 4.14e+00 7.01e+02  -1.0 1.37e+01    -  5.59e-01 3.21e-01h  1
   8  5.1960953e+05 3.48e+00 7.71e+02  -1.0 5.62e+00    -  4.74e-01 1.58e-01h  1
   9  5.3503966e+05 2.28e+00 4.87e+02  -1.0 4.51e+00    -  2.76e-01 3.44e-01h  1
iter    objective    inf_pr   inf_du lg(mu)  ||d||  lg(rg) alpha_du alpha_pr  ls
  10  5.4887114e+05 1.25e+00 2.66e+02  -1.0 4.13e+00    -  4.34e-01 4.51e-01h  1
  11  5.6215365e+05 2.97e-01 7.52e+01  -1.0 1.99e+00    -  9.81e-01 7.63e-01h  1
  12  5.6650935e+05 2.70e-03 1.58e-01  -1.0 1.31e+00    -  1.00e+00 1.00e+00h  1
  13  5.6562911e+05 4.71e-03 1.04e+00  -2.5 7.60e-01    -  7.28e-01 7.18e-01f  1
  14  5.6539284e+05 2.79e-03 3.61e+00  -2.5 8.32e-01    -  7.40e-01 6.23e-01f  1
  15  5.6525621e+05 3.18e-03 7.10e-01  -2.5 6.03e-01    -  9.35e-01 9.85e-01f  1
  16  5.6525701e+05 3.85e-04 2.08e-03  -2.5 1.67e-01    -  1.00e+00 1.00e+00h  1
  17  5.6522174e+05 4.12e-04 2.55e-01  -3.8 2.01e-01    -  9.35e-01 1.00e+00f  1
  18  5.6522191e+05 2.20e-05 1.26e-04  -3.8 4.53e-02    -  1.00e+00 1.00e+00h  1
  19  5.6522002e+05 3.74e-06 2.97e-03  -5.7 2.00e-02    -  1.00e+00 9.87e-01h  1
iter    objective    inf_pr   inf_du lg(mu)  ||d||  lg(rg) alpha_du alpha_pr  ls
  20  5.6522000e+05 1.10e-08 6.66e-08  -5.7 9.20e-04    -  1.00e+00 1.00e+00h  1
  21  5.6521997e+05 3.28e-10 2.68e-09  -7.1 2.07e-04    -  1.00e+00 1.00e+00h  1

Number of Iterations....: 21

                                   (scaled)                 (unscaled)
Objective...............:   4.8334430426422177e+03    5.6521997284174280e+05
Dual infeasibility......:   2.6821287663730287e-09    3.1364655280156103e-07
Constraint violation....:   3.2846614317350031e-10    3.2846614317350031e-10
Variable bound violation:   2.4370008233631779e-07    2.4370008233631779e-07
Complementarity.........:   7.9025628319912681e-08    9.2412102715842514e-06
Overall NLP error.......:   7.9025628319912681e-08    9.2412102715842514e-06


Number of objective function evaluations             = 22
Number of objective gradient evaluations             = 22
Number of equality constraint evaluations            = 22
Number of inequality constraint evaluations          = 22
Number of equality constraint Jacobian evaluations   = 22
Number of inequality constraint Jacobian evaluations = 22
Number of Lagrangian Hessian evaluations             = 21
Total seconds in IPOPT                               = 0.152

EXIT: Optimal Solution Found.

