Solver command line: ['/opt/homebrew/bin/ipopt', '/var/folders/6y/bvynbx6n3zv7z3lwg6vd724r0000gn/T/tmpcjcwzdxu.pyomo.nl', '-AMPL', 'tol=1e-06', 'max_iter=300', 'print_level=5', 'warm_start_init_point=yes', 'warm_start_bound_push=1e-06', 'warm_start_bound_frac=1e-06', 'warm_start_mult_bound_push=1e-06', 'mu_init=1e-06', 'least_square_init_duals=no']

Ipopt 3.14.19: tol=1e-06
max_iter=300
print_level=5
warm_start_init_point=yes
warm_start_bound_push=1e-06
warm_start_bound_frac=1e-06
warm_start_mult_bound_push=1e-06
mu_init=1e-06
least_square_init_duals=no


******************************************************************************
This program contains Ipopt, a library for large-scale nonlinear optimization.
 Ipopt is released as open source code under the Eclipse Public License (EPL).
         For more information visit https://github.com/coin-or/Ipopt
******************************************************************************

This is Ipopt version 3.14.19, running with linear solver MUMPS 5.6.2.

Number of nonzeros in equality constraint Jacobian...:     4599
Number of nonzeros in inequality constraint Jacobian.:     3288
Number of nonzeros in Lagrangian Hessian.............:     2536

Total number of variables............................:      726
                     variables with only lower bounds:        0
                variables with lower and upper bounds:      726
                     variables with only upper bounds:        0
Total number of equality constraints.................:      601
Total number of inequality constraints...............:      822
        inequality constraints with only lower bounds:        0
   inequality constraints with lower and upper bounds:        0
        inequality constraints with only upper bounds:      822

iter    objective    inf_pr   inf_du lg(mu)  ||d||  lg(rg) alpha_du alpha_pr  ls
   0  5.2203590e+05 1.23e+01 3.69e+03  -6.0 0.00e+00    -  0.00e+00 0.00e+00   0
   1  5.2202296e+05 1.23e+01 3.69e+03  -6.0 5.09e+02    -  2.64e-05 2.61e-06f  1
   2  5.2199372e+05 1.23e+01 3.69e+03  -6.0 5.08e+02    -  2.72e-04 6.06e-06f  1
   3  5.2093254e+05 1.23e+01 3.66e+03  -6.0 5.08e+02    -  2.26e-03 2.20e-04f  1
   4  5.0947029e+05 1.23e+01 3.67e+03  -6.0 5.08e+02    -  9.83e-04 2.39e-03f  1
   5  5.0083224e+05 1.23e+01 3.68e+03  -6.0 5.04e+02    -  6.01e-04 1.91e-03f  1
   6  4.9972880e+05 1.23e+01 3.50e+03  -6.0 5.05e+02    -  1.43e-02 3.87e-04f  1
   7  4.8141329e+05 1.22e+01 3.56e+03  -6.0 5.13e+02    -  9.48e-04 7.51e-03f  1
   8  4.7763136e+05 1.21e+01 3.49e+03  -6.0 6.05e+02    -  6.29e-03 2.00e-03f  1
   9  4.7564412e+05 1.21e+01 3.50e+03  -6.0 5.83e+02    -  1.96e-04 1.22e-03f  1
iter    objective    inf_pr   inf_du lg(mu)  ||d||  lg(rg) alpha_du alpha_pr  ls
  10  4.7278083e+05 1.21e+01 3.51e+03  -6.0 5.83e+02    -  8.12e-04 1.73e-03f  1
  11  4.6665203e+05 1.21e+01 3.52e+03  -6.0 5.75e+02    -  1.81e-03 3.96e-03f  1
  12  4.6606180e+05 1.21e+01 3.51e+03  -6.0 5.33e+02    -  1.30e-03 5.33e-04f  1
  13  4.6605936e+05 1.21e+01 3.47e+03  -6.0 5.08e+02    -  3.44e-03 2.70e-06f  1
  14  4.6232621e+05 1.20e+01 3.50e+03  -6.0 4.58e+02    -  8.82e-09 3.87e-03f  1
  15  4.5917098e+05 1.20e+01 3.53e+03  -6.0 3.97e+02    -  7.52e-05 3.42e-03f  1
  16  4.5668596e+05 1.19e+01 3.55e+03  -6.0 3.12e+02    -  1.27e-03 3.01e-03f  1
  17  4.5637417e+05 1.19e+01 3.39e+03  -6.0 1.88e+02    -  1.20e-02 4.16e-04f  1
  18  4.5226527e+05 1.18e+01 3.45e+03  -6.0 1.05e+02    -  9.23e-04 7.01e-03f  1
  19  4.5208551e+05 1.18e+01 3.42e+03  -6.0 1.01e+02    -  2.61e-03 4.44e-04f  1
iter    objective    inf_pr   inf_du lg(mu)  ||d||  lg(rg) alpha_du alpha_pr  ls
  20  4.5030786e+05 1.18e+01 3.43e+03  -6.0 9.94e+01    -  2.10e-03 4.41e-03f  1
  21  4.4899361e+05 1.17e+01 3.38e+03  -6.0 9.74e+01    -  6.35e-03 3.60e-03f  1
  22  4.4830337e+05 1.17e+01 3.29e+03  -6.0 1.01e+02    -  8.33e-03 2.18e-03f  1
  23  4.4380725e+05 1.15e+01 3.30e+03  -6.0 1.03e+02    -  1.09e-02 1.54e-02f  1
  24  4.4341524e+05 1.15e+01 3.18e+03  -6.0 1.14e+02    -  1.11e-02 2.23e-03f  1
  25  4.4233806e+05 1.14e+01 3.19e+03  -6.0 1.13e+02    -  4.62e-03 7.16e-03f  1
  26  4.4160053e+05 1.14e+01 3.19e+03  -6.0 1.12e+02    -  4.08e-03 5.90e-03f  1
  27  4.4064781e+05 1.12e+01 3.20e+03  -6.0 1.06e+02    -  6.57e-03 9.20e-03f  1
  28  4.4051042e+05 1.12e+01 3.13e+03  -6.0 4.53e+01    -  1.04e-02 4.23e-03f  1
  29  4.4087253e+05 1.10e+01 3.06e+03  -6.0 3.20e+01    -  1.93e-02 1.62e-02h  1
iter    objective    inf_pr   inf_du lg(mu)  ||d||  lg(rg) alpha_du alpha_pr  ls
  30  4.4157283e+05 1.08e+01 3.00e+03  -6.0 2.99e+01    -  2.19e-02 2.32e-02h  1
  31  4.4267050e+05 1.05e+01 2.81e+03  -6.0 2.74e+01    -  5.33e-02 2.66e-02h  1
  32  4.4360734e+05 1.03e+01 2.76e+03  -6.0 2.46e+01    -  1.90e-02 1.62e-02h  1
  33  4.4584047e+05 9.93e+00 2.66e+03  -6.0 2.29e+01    -  3.52e-02 3.64e-02h  1
  34  4.4687560e+05 9.78e+00 2.56e+03  -6.0 2.17e+01    -  3.57e-02 1.49e-02h  1
  35  4.4838182e+05 9.60e+00 2.51e+03  -6.0 2.15e+01    -  1.95e-02 1.88e-02h  1
  36  4.5074361e+05 9.36e+00 2.45e+03  -6.0 2.14e+01    -  2.20e-02 2.46e-02h  1
  37  4.5323517e+05 9.12e+00 2.16e+03  -6.0 2.05e+01    -  1.73e-01 2.58e-02h  1
  38  4.5835933e+05 8.64e+00 2.03e+03  -6.0 1.98e+01    -  6.82e-02 5.29e-02h  1
  39  4.6324383e+05 8.19e+00 1.83e+03  -6.0 1.84e+01    -  1.43e-01 5.16e-02h  1
iter    objective    inf_pr   inf_du lg(mu)  ||d||  lg(rg) alpha_du alpha_pr  ls
  40  4.7788714e+05 6.88e+00 1.54e+03  -6.0 1.74e+01    -  1.53e-01 1.61e-01h  1
  41  4.8439812e+05 6.30e+00 1.16e+03  -6.0 1.46e+01    -  3.46e-01 8.39e-02h  1
  42  4.9173361e+05 5.66e+00 8.10e+02  -6.0 1.34e+01    -  4.62e-01 1.02e-01h  1
  43  4.9640536e+05 5.26e+00 6.86e+02  -6.0 1.20e+01    -  2.23e-01 7.08e-02h  1
  44  5.0269739e+05 4.72e+00 4.23e+02  -6.0 1.11e+01    -  6.39e-01 1.02e-01h  1
  45  5.1151645e+05 3.98e+00 3.45e+02  -6.0 1.19e+01    -  4.33e-01 1.56e-01h  1
  46  5.1208972e+05 3.94e+00 3.36e+02  -6.0 1.36e+01    -  3.40e-02 1.16e-02h  1
  47  5.1250791e+05 3.90e+00 3.15e+02  -6.0 1.36e+01    -  8.02e-02 8.54e-03h  1
  48  5.1275595e+05 3.88e+00 3.06e+02  -6.0 1.28e+01    -  3.26e-02 5.09e-03h  1
  49  5.1675945e+05 3.56e+00 2.99e+02  -6.0 1.28e+01    -  2.20e-02 8.25e-02h  1
iter    objective    inf_pr   inf_du lg(mu)  ||d||  lg(rg) alpha_du alpha_pr  ls
  50r 5.1675945e+05 3.56e+00 1.00e+03   0.3 0.00e+00    -  0.00e+00 3.28e-07R  3
  51r 5.1681635e+05 3.38e+00 1.00e+03   0.3 3.45e+06    -  1.70e-07 1.35e-07f  1
  52r 5.1700098e+05 3.48e+00 1.00e+03   0.3 8.48e+03    -  8.92e-05 2.29e-05f  1
  53r 5.2291504e+05 3.55e+00 1.00e+03   0.3 2.69e+03    -  3.48e-04 4.67e-04f  1
  54  5.2292336e+05 3.54e+00 9.90e+01  -6.0 4.29e+00    -  1.62e-02 2.53e-04h  1
  55  5.2305394e+05 3.53e+00 9.88e+01  -6.0 5.25e+00    -  1.28e-03 3.41e-03h  1
  56  5.2356642e+05 3.49e+00 9.79e+01  -6.0 6.07e+00    -  6.22e-03 1.31e-02h  1
  57  5.2432913e+05 3.42e+00 9.64e+01  -6.0 7.10e+00    -  1.20e-02 1.93e-02h  1
  58  5.2546506e+05 3.32e+00 9.37e+01  -6.0 8.30e+00    -  2.85e-02 2.87e-02h  1
  59  5.2756320e+05 3.14e+00 1.82e+02  -6.0 8.87e+00    -  1.13e-02 5.40e-02h  1
iter    objective    inf_pr   inf_du lg(mu)  ||d||  lg(rg) alpha_du alpha_pr  ls
  60  5.2812095e+05 3.09e+00 2.30e+02  -6.0 7.94e+00    -  1.15e-01 1.55e-02h  1
  61  5.2953378e+05 2.97e+00 1.23e+02  -6.0 7.16e+00    -  1.19e-02 3.95e-02h  1
  62  5.3005008e+05 2.93e+00 2.02e+02  -6.0 6.38e+00    -  3.87e-02 1.48e-02h  1
  63  5.3166456e+05 2.79e+00 3.46e+02  -6.0 6.24e+00    -  9.77e-02 4.76e-02h  1
  64  5.3876848e+05 2.18e+00 1.09e+02  -6.0 5.97e+00    -  1.59e-01 2.18e-01h  1
  65  5.4029052e+05 2.05e+00 5.79e+01  -6.0 4.84e+00    -  2.28e-02 5.88e-02h  1
  66  5.4658932e+05 1.52e+00 4.89e+02  -6.0 5.30e+00    -  1.51e-02 2.57e-01h  1
  67  5.5053497e+05 1.19e+00 4.32e+02  -6.0 2.74e+00    -  1.91e-01 2.15e-01h  1
  68  5.5305479e+05 9.87e-01 5.28e+02  -6.0 3.41e+00    -  4.70e-02 1.74e-01h  1
  69  5.5715260e+05 6.52e-01 7.80e+02  -6.0 2.21e+00    -  5.96e-02 3.40e-01h  1
iter    objective    inf_pr   inf_du lg(mu)  ||d||  lg(rg) alpha_du alpha_pr  ls
  70  5.5950921e+05 4.60e-01 4.91e+02  -6.0 1.22e+00    -  3.36e-01 2.94e-01h  1
  71  5.6169433e+05 2.83e-01 4.49e+02  -6.0 1.07e+00    -  2.27e-01 3.84e-01h  1
  72  5.6329684e+05 1.54e-01 3.52e+01  -6.0 7.84e-01    -  8.10e-01 4.56e-01h  1
  73  5.6496930e+05 1.98e-02 4.57e+00  -6.0 5.48e-01    -  8.62e-01 8.71e-01h  1
  74  5.6521164e+05 6.47e-04 2.21e+00  -6.0 1.14e-01    -  8.58e-01 9.67e-01h  1
  75  5.6521998e+05 4.15e-06 1.15e-02  -6.0 1.71e-02    -  9.97e-01 1.00e+00h  1
  76  5.6521998e+05 4.33e-08 2.42e-07  -6.0 8.80e-04    -  1.00e+00 1.00e+00h  1
  77  5.6521997e+05 1.14e-10 7.34e-10  -7.1 1.10e-04    -  1.00e+00 1.00e+00h  1

Number of Iterations....: 77

                                   (scaled)                 (unscaled)
Objective...............:   4.8334430426442059e+03    5.6521997284197528e+05
Dual infeasibility......:   7.3369085416162842e-10    8.5797374874366016e-08
Constraint violation....:   1.1372636166129269e-10    1.1372636166129269e-10
Variable bound violation:   2.4370007523089043e-07    2.4370007523089043e-07
Complementarity.........:   7.8088522765475962e-08    9.1316257018778047e-06
Overall NLP error.......:   7.8088522765475962e-08    9.1316257018778047e-06


Number of objective function evaluations             = 81
Number of objective gradient evaluations             = 76
Number of equality constraint evaluations            = 81
Number of inequality constraint evaluations          = 82
Number of equality constraint Jacobian evaluations   = 79
Number of inequality constraint Jacobian evaluations = 79
Number of Lagrangian Hessian evaluations             = 77
Total seconds in IPOPT                               = 0.499

EXIT: Optimal Solution Found.

