Solver command line: ['/opt/homebrew/bin/ipopt', '/var/folders/6y/bvynbx6n3zv7z3lwg6vd724r0000gn/T/tmp1cs59o2k.pyomo.nl', '-AMPL', 'tol=1e-06', 'max_iter=300', 'print_level=5', 'warm_start_init_point=yes', 'warm_start_bound_push=1e-06', 'warm_start_bound_frac=1e-06', 'warm_start_mult_bound_push=1e-06', 'mu_init=1e-06', 'least_square_init_duals=no']

Ipopt 3.14.19: tol=1e-06
max_iter=300
print_level=5
warm_start_init_point=yes
warm_start_bound_push=1e-06
warm_start_bound_frac=1e-06
warm_start_mult_bound_push=1e-06
mu_init=1e-06
least_square_init_duals=no


******************************************************************************
This program contains Ipopt, a library for large-scale nonlinear optimization.
 Ipopt is released as open source code under the Eclipse Public License (EPL).
         For more information visit https://github.com/coin-or/Ipopt
******************************************************************************

This is Ipopt version 3.14.19, running with linear solver MUMPS 5.6.2.

Number of nonzeros in equality constraint Jacobian...:     4599
Number of nonzeros in inequality constraint Jacobian.:     3288
Number of nonzeros in Lagrangian Hessian.............:     2536

Total number of variables............................:      726
                     variables with only lower bounds:        0
                variables with lower and upper bounds:      726
                     variables with only upper bounds:        0
Total number of equality constraints.................:      601
Total number of inequality constraints...............:      822
        inequality constraints with only lower bounds:        0
   inequality constraints with lower and upper bounds:        0
        inequality constraints with only upper bounds:      822

iter    objective    inf_pr   inf_du lg(mu)  ||d||  lg(rg) alpha_du alpha_pr  ls
   0  5.6521970e+05 2.41e+01 5.23e+03  -6.0 0.00e+00    -  0.00e+00 0.00e+00   0
   1  5.6519143e+05 2.41e+01 5.23e+03  -6.0 2.14e+03   0.0 2.04e-06 4.69e-06f  1
   2  5.6518141e+05 2.40e+01 5.23e+03  -6.0 1.84e+01   0.4 1.61e-05 1.09e-04h  1
   3  5.6517952e+05 2.40e+01 5.23e+03  -6.0 1.80e+01   0.9 2.99e-05 6.74e-05h  1
   4  5.6516119e+05 2.40e+01 5.23e+03  -6.0 2.78e+01   0.4 9.68e-06 1.38e-04f  1
   5  5.6514636e+05 2.40e+01 5.22e+03  -6.0 1.79e+01   0.8 1.23e-04 4.62e-04f  1
   6  5.6512836e+05 2.40e+01 5.22e+03  -6.0 4.66e+01   0.3 7.39e-06 8.85e-05f  1
   7  5.6510103e+05 2.40e+01 5.22e+03  -6.0 1.75e+01   0.7 2.96e-05 6.78e-04f  1
   8  5.6508085e+05 2.40e+01 5.22e+03  -6.0 8.48e+01   0.3 3.24e-05 5.02e-05f  1
   9  5.6505103e+05 2.40e+01 5.22e+03  -6.0 1.70e+01   0.7 2.13e-05 5.96e-04f  1
iter    objective    inf_pr   inf_du lg(mu)  ||d||  lg(rg) alpha_du alpha_pr  ls
  10  5.6501405e+05 2.40e+01 5.22e+03  -6.0 2.83e+02   0.2 8.21e-06 2.59e-05f  1
  11  5.6495708e+05 2.40e+01 5.21e+03  -6.0 1.67e+01   0.6 1.96e-04 9.13e-04f  1
  12  5.6495339e+05 2.40e+01 5.21e+03  -6.0 1.76e+01   1.1 1.88e-04 1.90e-04h  1
  13  5.6491443e+05 2.40e+01 5.21e+03  -6.0 1.64e+01   0.6 5.60e-04 5.23e-04f  1
  14  5.6490448e+05 2.39e+01 5.20e+03  -6.0 1.75e+01   1.0 9.69e-04 4.73e-04h  1
  15  5.6465401e+05 2.39e+01 5.19e+03  -6.0 1.60e+01   0.5 2.41e-04 2.80e-03f  1
  16  5.6463603e+05 2.39e+01 5.19e+03  -6.0 1.74e+01   1.0 3.66e-03 8.79e-04h  1
  17  5.6463603e+05 2.39e+01 5.19e+03  -6.0 1.98e+01   0.5 1.02e-03 8.75e-09h  2
  18  5.6462030e+05 2.38e+01 5.18e+03  -6.0 1.73e+01   0.9 4.93e-03 7.59e-04f  1
  19  5.6461496e+05 2.38e+01 5.18e+03  -6.0 2.14e+01   0.4 7.32e-04 4.56e-05h  1
iter    objective    inf_pr   inf_du lg(mu)  ||d||  lg(rg) alpha_du alpha_pr  ls
  20  5.6440312e+05 2.36e+01 5.14e+03  -6.0 1.72e+01   0.9 8.39e-03 8.58e-03f  1
  21  5.6423472e+05 2.36e+01 5.13e+03  -6.0 2.26e+01   0.4 8.60e-04 1.64e-03f  1
  22  5.6420816e+05 2.36e+01 5.12e+03  -6.0 1.69e+01   0.8 9.43e-04 1.55e-03h  1
  23  5.6406272e+05 2.35e+01 5.11e+03  -6.0 2.47e+01   0.3 2.73e-03 1.62e-03f  1
  24  5.6406387e+05 2.35e+01 5.11e+03  -6.0 1.68e+01   0.8 9.71e-04 7.93e-04h  1
  25  5.6398200e+05 2.35e+01 5.10e+03  -6.0 2.17e+01   0.3 2.38e-03 1.12e-03f  1
  26  5.6403324e+05 2.34e+01 5.09e+03  -6.0 1.66e+01   0.7 6.97e-04 3.77e-03h  1
  27  5.6372151e+05 2.33e+01 5.06e+03  -6.0 2.29e+01   0.2 7.13e-03 5.01e-03f  1
  28  5.6355308e+05 2.33e+01 5.06e+03  -6.0 1.72e+02  -0.2 2.03e-05 2.02e-04f  1
  29  5.6355306e+05 2.33e+01 5.06e+03  -6.0 2.18e+01   0.2 3.65e-03 3.85e-07h  1
iter    objective    inf_pr   inf_du lg(mu)  ||d||  lg(rg) alpha_du alpha_pr  ls
  30  5.6320304e+05 2.33e+01 5.06e+03  -6.0 1.88e+02  -0.3 3.60e-04 3.89e-04f  1
  31  5.6320397e+05 2.33e+01 5.06e+03  -6.0 1.55e+01   0.1 9.65e-04 1.32e-04h  1
  32  5.6311558e+05 2.32e+01 5.06e+03  -6.0 4.11e+01  -0.3 6.10e-03 6.93e-04f  1
  33  5.6305679e+05 2.32e+01 5.06e+03  -6.0 1.56e+03  -0.8 3.12e-04 1.31e-04f  1
  34  5.6299391e+05 2.32e+01 5.04e+03  -6.0 2.16e+01  -0.4 9.34e-03 3.31e-03h  1
  35  5.6314891e+05 2.31e+01 5.02e+03  -6.0 1.70e+01   0.0 1.73e-02 4.45e-03h  1
  36  5.6339930e+05 2.29e+01 4.98e+03  -6.0 1.71e+01  -0.4 1.91e-02 7.96e-03h  1
  37  5.6357340e+05 2.28e+01 4.96e+03  -6.0 1.67e+01  -0.0 4.88e-03 3.07e-03h  1
  38  5.6378784e+05 2.27e+01 4.94e+03  -6.0 1.66e+01  -0.5 4.57e-02 4.15e-03h  1
  39  5.6387292e+05 2.27e+01 4.93e+03  -6.0 1.65e+01  -0.1 8.87e-03 1.35e-03h  1
iter    objective    inf_pr   inf_du lg(mu)  ||d||  lg(rg) alpha_du alpha_pr  ls
  40  5.6402461e+05 2.26e+01 4.92e+03  -6.0 4.74e+01  -0.5 5.67e-03 2.74e-03h  1
  41  5.6403486e+05 2.26e+01 4.92e+03  -6.0 1.63e+01  -0.1 6.06e-03 1.74e-04h  1
  42  5.6427399e+05 2.25e+01 4.90e+03  -6.0 1.62e+01   0.3 6.27e-03 3.43e-03h  1
  43  5.6454154e+05 2.24e+01 4.88e+03  -6.0 1.61e+01  -0.2 1.29e-02 4.13e-03h  1
  44  5.6610064e+05 2.18e+01 4.76e+03  -6.0 1.60e+01  -0.6 3.34e-02 2.64e-02h  1
  45  5.6639289e+05 2.18e+01 4.74e+03  -6.0 1.52e+01  -0.2 6.54e-03 4.00e-03h  1
  46  5.6778434e+05 2.13e+01 4.64e+03  -6.0 1.51e+01  -0.7 3.94e-02 2.09e-02h  1
  47  5.6904898e+05 2.09e+01 4.56e+03  -6.0 1.46e+01  -0.3 4.32e-02 1.68e-02h  1
  48  5.6942889e+05 2.08e+01 4.54e+03  -6.0 1.52e+01  -0.8 2.28e-02 6.21e-03h  1
  49  5.7099024e+05 2.04e+01 4.45e+03  -6.0 1.39e+01  -0.3 2.51e-02 1.87e-02h  1
iter    objective    inf_pr   inf_du lg(mu)  ||d||  lg(rg) alpha_du alpha_pr  ls
  50  5.7146015e+05 2.03e+01 4.42e+03  -6.0 1.59e+01  -0.8 2.44e-02 7.07e-03h  1
  51  5.7173524e+05 2.02e+01 4.40e+03  -6.0 1.89e+01  -1.3 2.49e-02 5.23e-03h  1
  52  5.7209519e+05 2.00e+01 4.36e+03  -6.0 2.17e+01    -  1.10e-04 8.51e-03h  1
  53  5.7209623e+05 2.00e+01 4.36e+03  -6.0 2.17e+01  -1.8 2.98e-02 2.33e-05h  1
  54  5.7349000e+05 1.93e+01 4.21e+03  -6.0 2.28e+01    -  2.97e-03 3.45e-02h  1
  55  5.7349039e+05 1.93e+01 4.21e+03  -6.0 2.69e+01  -2.2 3.19e-02 1.11e-05h  1
  56  5.7391487e+05 1.91e+01 4.16e+03  -6.0 2.75e+01    -  5.28e-02 1.29e-02h  1
  57  5.7416108e+05 1.89e+01 4.13e+03  -6.0 2.93e+01    -  4.17e-05 8.26e-03h  1
  58  5.7416530e+05 1.89e+01 4.13e+03  -6.0 3.05e+01    -  4.00e-02 1.50e-04h  1
  59  5.7447308e+05 1.87e+01 4.08e+03  -6.0 3.06e+01    -  2.95e-03 1.15e-02h  1
iter    objective    inf_pr   inf_du lg(mu)  ||d||  lg(rg) alpha_du alpha_pr  ls
  60  5.7478328e+05 1.85e+01 4.03e+03  -6.0 3.23e+01    -  4.31e-02 1.17e-02h  1
  61  5.7490993e+05 1.84e+01 4.01e+03  -6.0 3.40e+01    -  9.90e-02 5.02e-03h  1
  62  5.7566749e+05 1.78e+01 3.89e+03  -6.0 3.48e+01    -  2.35e-02 3.11e-02h  1
  63  5.7640016e+05 1.71e+01 3.73e+03  -6.0 3.97e+01    -  1.63e-02 4.08e-02h  1
  64  5.7645206e+05 1.70e+01 3.71e+03  -6.0 4.67e+01    -  1.17e-01 5.36e-03h  1
  65  5.7657732e+05 1.67e+01 3.66e+03  -6.0 4.76e+01    -  5.18e-02 1.41e-02h  1
  66  5.7663467e+05 1.66e+01 3.63e+03  -6.0 5.02e+01    -  1.31e-01 8.30e-03h  1
  67  5.7665638e+05 1.66e+01 3.62e+03  -6.0 5.17e+01    -  2.45e-02 2.19e-03h  1
  68  5.7679181e+05 1.62e+01 3.54e+03  -6.0 5.21e+01    -  2.86e-07 2.19e-02h  1
  69  5.7680357e+05 1.61e+01 3.52e+03  -6.0 5.63e+01    -  1.18e-01 5.80e-03h  1
iter    objective    inf_pr   inf_du lg(mu)  ||d||  lg(rg) alpha_du alpha_pr  ls
  70  5.7681959e+05 1.58e+01 3.46e+03  -6.0 5.74e+01    -  2.97e-02 1.83e-02h  1
  71  5.7678620e+05 1.56e+01 3.41e+03  -6.0 6.11e+01    -  1.76e-01 1.42e-02h  1
  72  5.7588116e+05 1.28e+01 2.86e+03  -6.0 6.40e+01    -  6.95e-02 1.78e-01f  1
  73  5.7565296e+05 1.27e+01 2.84e+03  -6.0 1.11e+02    -  2.35e-01 6.12e-03f  1
  74  5.7365901e+05 1.19e+01 2.66e+03  -6.0 1.12e+02    -  1.68e-01 6.46e-02f  1
  75  5.7257223e+05 1.16e+01 2.59e+03  -6.0 1.33e+02    -  2.50e-01 2.75e-02f  1
  76  5.7190027e+05 1.14e+01 2.55e+03  -6.0 1.42e+02    -  5.77e-02 1.63e-02f  1
  77  5.7115465e+05 1.12e+01 2.50e+03  -6.0 1.48e+02    -  6.02e-02 1.73e-02f  1
  78  5.7088534e+05 1.11e+01 2.49e+03  -6.0 1.54e+02    -  5.28e-02 5.85e-03f  1
  79  5.6957447e+05 1.08e+01 2.42e+03  -6.0 1.57e+02    -  5.23e-02 2.77e-02f  1
iter    objective    inf_pr   inf_du lg(mu)  ||d||  lg(rg) alpha_du alpha_pr  ls
  80  5.6626652e+05 1.02e+01 2.28e+03  -6.0 1.68e+02    -  3.73e-02 5.77e-02f  1
  81  5.6626498e+05 1.02e+01 2.28e+03  -6.0 1.94e+02    -  3.96e-02 2.44e-05h  1
  82  5.6203939e+05 9.51e+00 2.14e+03  -6.0 1.94e+02    -  2.72e-02 6.67e-02f  1
  83  5.6203933e+05 9.51e+00 2.14e+03  -6.0 2.28e+02    -  7.36e-04 8.35e-07h  1
  84  5.6125082e+05 9.41e+00 2.11e+03  -6.0 2.28e+02    -  1.32e-02 1.07e-02f  1
  85  5.6081681e+05 9.35e+00 2.10e+03  -6.0 2.35e+02    -  1.85e-03 5.81e-03f  1
  86  5.6078124e+05 9.35e+00 2.10e+03  -6.0 2.38e+02    -  6.39e-03 4.81e-04f  1
  87  5.6016353e+05 9.19e+00 2.06e+03  -6.0 1.51e+02    -  4.89e-04 1.76e-02f  1
  88  5.6014568e+05 9.18e+00 2.06e+03  -6.0 1.57e+02    -  1.03e-01 4.97e-04h  1
  89  5.5996833e+05 9.13e+00 2.05e+03  -6.0 1.57e+02    -  2.07e-02 5.03e-03f  1
iter    objective    inf_pr   inf_du lg(mu)  ||d||  lg(rg) alpha_du alpha_pr  ls
  90  5.5721874e+05 8.42e+00 1.90e+03  -6.0 1.59e+02    -  7.95e-02 7.79e-02f  1
  91  5.5542703e+05 8.02e+00 1.81e+03  -6.0 1.88e+02    -  9.78e-02 4.72e-02f  1
  92  5.5466854e+05 7.86e+00 1.77e+03  -6.0 2.09e+02    -  6.82e-02 1.99e-02f  1
  93  5.5142381e+05 7.20e+00 1.63e+03  -6.0 2.15e+02    -  7.18e-07 8.37e-02f  1
  94  5.5142381e+05 7.20e+00 1.63e+03  -6.0 1.29e+02    -  1.89e-01 3.15e-07h  1
  95  5.5126435e+05 7.15e+00 1.61e+03  -6.0 9.06e+01    -  9.62e-02 8.08e-03f  1
  96  5.5085453e+05 6.99e+00 1.58e+03  -6.0 9.03e+01    -  1.58e-01 2.15e-02f  1
  97  5.5085441e+05 6.99e+00 1.58e+03  -6.0 9.12e+01    -  1.27e-06 2.06e-05h  1
  98  5.5077434e+05 6.89e+00 1.56e+03  -6.0 9.12e+01    -  1.93e-02 1.40e-02f  1
  99  5.5064557e+05 6.76e+00 1.53e+03  -6.0 9.06e+01    -  1.29e-02 2.00e-02h  1
iter    objective    inf_pr   inf_du lg(mu)  ||d||  lg(rg) alpha_du alpha_pr  ls
 100  5.5059810e+05 6.72e+00 1.52e+03  -6.0 8.93e+01    -  1.01e-02 5.44e-03h  1
 101  5.4986897e+05 6.33e+00 1.43e+03  -6.0 8.81e+01    -  1.05e-02 5.77e-02f  1
 102  5.4986593e+05 6.33e+00 1.43e+03  -6.0 8.56e+01    -  5.00e-02 2.19e-04h  1
 103  5.4974320e+05 6.27e+00 1.42e+03  -6.0 8.56e+01    -  1.49e-01 9.02e-03f  1
 104  5.4946303e+05 6.09e+00 1.38e+03  -6.0 8.45e+01    -  1.57e-02 2.94e-02f  1
 105  5.4931256e+05 5.99e+00 1.35e+03  -6.0 8.31e+01    -  1.86e-02 1.59e-02f  1
 106  5.4895486e+05 5.76e+00 1.30e+03  -6.0 8.23e+01    -  4.27e-02 3.84e-02f  1
 107  5.4893676e+05 5.75e+00 1.30e+03  -6.0 8.05e+01    -  4.53e-02 2.01e-03h  1
 108  5.4870339e+05 5.55e+00 1.25e+03  -6.0 8.28e+01    -  1.11e-02 3.44e-02f  1
 109  5.4864592e+05 5.50e+00 1.24e+03  -6.0 8.20e+01    -  5.57e-02 9.71e-03h  1
iter    objective    inf_pr   inf_du lg(mu)  ||d||  lg(rg) alpha_du alpha_pr  ls
 110  5.4841214e+05 5.25e+00 1.19e+03  -6.0 8.21e+01    -  1.09e-01 4.54e-02h  1
 111  5.4841214e+05 5.25e+00 1.19e+03  -6.0 8.34e+01    -  1.04e-02 1.25e-05h  1
 112  5.4827433e+05 5.04e+00 1.14e+03  -6.0 8.10e+01    -  9.82e-03 3.87e-02f  1
 113  5.4827236e+05 5.04e+00 1.14e+03  -6.0 8.17e+01    -  6.02e-02 9.48e-04h  1
 114  5.4813258e+05 4.89e+00 1.11e+03  -6.0 8.27e+01    -  6.04e-07 3.01e-02h  1
 115  5.4788220e+05 4.64e+00 1.05e+03  -6.0 8.50e+01    -  5.06e-02 4.97e-02f  1
 116  5.4737158e+05 4.29e+00 9.72e+02  -6.0 8.69e+01    -  5.44e-02 7.62e-02f  1
 117  5.4730809e+05 4.25e+00 9.63e+02  -6.0 9.22e+01    -  2.20e-01 9.90e-03h  1
 118  5.4683735e+05 3.90e+00 8.85e+02  -6.0 9.26e+01    -  1.47e-01 8.19e-02f  1
 119  5.4677376e+05 3.84e+00 8.73e+02  -6.0 9.81e+01    -  9.04e-02 1.41e-02h  1
iter    objective    inf_pr   inf_du lg(mu)  ||d||  lg(rg) alpha_du alpha_pr  ls
 120  5.4669642e+05 3.77e+00 8.55e+02  -6.0 9.51e+01    -  1.19e-01 2.05e-02h  1
 121  5.4669642e+05 3.77e+00 8.55e+02  -6.0 9.08e+01    -  8.43e-03 1.10e-06h  1
 122  5.4661440e+05 3.71e+00 8.43e+02  -6.0 9.33e+01    -  3.72e-03 1.42e-02f  1
 123  5.4639172e+05 3.46e+00 7.86e+02  -6.0 9.47e+01    -  1.95e-02 6.78e-02h  1
 124  5.4637086e+05 3.43e+00 7.80e+02  -6.0 9.57e+01    -  6.53e-02 7.70e-03h  1
 125  5.4626484e+05 3.30e+00 7.49e+02  -6.0 9.65e+01    -  6.09e-02 4.06e-02h  1
 126  5.4619371e+05 3.18e+00 7.23e+02  -6.0 1.02e+02    -  1.76e-01 3.37e-02h  1
 127  5.4620012e+05 3.05e+00 6.93e+02  -6.0 1.07e+02    -  3.65e-02 4.18e-02h  1
 128  5.4621256e+05 2.99e+00 6.80e+02  -6.0 1.10e+02    -  8.53e-02 1.89e-02h  1
 129  5.4621173e+05 2.80e+00 6.37e+02  -6.0 1.15e+02    -  1.63e-05 6.41e-02h  1
iter    objective    inf_pr   inf_du lg(mu)  ||d||  lg(rg) alpha_du alpha_pr  ls
 130r 5.4621173e+05 2.80e+00 9.99e+02   0.3 0.00e+00    -  0.00e+00 2.75e-07R  5
 131r 5.4394869e+05 2.43e+00 9.99e+02   0.3 1.38e+06    -  1.17e-05 1.32e-05f  1
 132r 5.4273752e+05 2.25e+00 9.99e+02   0.3 4.10e+04    -  1.89e-05 8.97e-05f  1
 133r 5.4081471e+05 2.08e+00 9.99e+02   0.3 3.48e+04    -  3.77e-04 1.36e-04f  1
 134r 5.3594619e+05 2.08e+00 9.98e+02   0.3 2.30e+04    -  7.99e-04 5.02e-04f  1
 135r 5.3167681e+05 2.05e+00 9.98e+02   0.3 1.13e+04    -  1.43e-04 9.97e-04f  1
 136r 5.3120455e+05 2.04e+00 9.96e+02   0.3 1.22e+04    -  1.38e-03 2.83e-04f  1
 137r 5.2979797e+05 1.85e+00 9.93e+02   0.3 1.16e+04    -  3.65e-03 3.74e-03f  1
 138r 5.3540806e+05 1.62e+00 9.91e+02   0.3 2.75e+03    -  1.75e-03 4.73e-03f  1
 139r 5.4206021e+05 1.33e+00 9.89e+02   0.3 2.18e+03    -  1.88e-03 6.94e-03f  1
iter    objective    inf_pr   inf_du lg(mu)  ||d||  lg(rg) alpha_du alpha_pr  ls
 140r 5.5082894e+05 9.68e-01 9.75e+02   0.3 1.33e+03    -  1.42e-02 1.28e-02f  1
 141r 5.5701754e+05 7.31e-01 9.38e+02   0.3 5.46e+02    -  3.82e-02 2.26e-02f  1
 142r 5.6256705e+05 5.61e-01 9.01e+02   0.3 2.89e+02    -  3.96e-02 5.10e-02f  1
 143r 5.6802594e+05 4.21e-01 7.86e+02   0.3 6.55e+01    -  1.47e-01 1.00e-01f  1
 144r 5.7584444e+05 1.46e-01 6.02e+02   0.3 4.11e+01    -  2.17e-01 2.80e-01f  1
 145r 5.8768746e+05 1.31e-01 3.76e+02   0.3 1.89e+01    -  4.09e-01 5.26e-01f  1
 146r 6.0724003e+05 1.32e-01 3.21e+02   0.3 1.68e+01    -  6.32e-01 1.00e+00f  1
 147r 6.2906160e+05 1.79e-01 5.18e+02   0.3 1.39e+02    -  5.11e-01 1.00e+00f  1
 148r 6.5149781e+05 1.11e-01 5.21e+00   0.3 4.54e+01    -  1.00e+00 1.00e+00f  1
 149r 6.3199249e+05 2.37e-02 2.30e+02  -0.4 1.38e+01    -  8.39e-01 9.64e-01f  1
iter    objective    inf_pr   inf_du lg(mu)  ||d||  lg(rg) alpha_du alpha_pr  ls
 150  6.1727059e+05 9.74e-02 3.97e+02  -6.0 8.28e+06    -  2.49e-06 1.53e-06f  1
 151  6.1515944e+05 9.85e-02 3.97e+02  -6.0 1.49e+06    -  7.41e-06 2.24e-06f  1
 152  6.1450252e+05 9.85e-02 3.97e+02  -6.0 3.06e+05    -  3.47e-05 6.07e-06f  1
 153  6.1407653e+05 9.85e-02 3.97e+02  -6.0 1.81e+05    -  3.68e-05 2.16e-05f  1
 154  6.1390598e+05 9.85e-02 3.97e+02  -6.0 3.64e+04    -  2.96e-04 4.06e-05f  1
 155  6.1380034e+05 9.85e-02 3.97e+02  -6.0 1.17e+04    -  4.33e-04 1.28e-04f  1
 156  6.1369995e+05 9.85e-02 3.98e+02  -6.0 3.70e+03    -  2.63e-03 2.58e-04f  1
 157  6.1299408e+05 9.82e-02 4.02e+02  -6.0 2.26e+03    -  1.82e-02 2.32e-03f  1
 158  6.1127961e+05 9.75e-02 3.98e+02  -6.0 1.20e+03    -  6.81e-03 7.94e-03f  1
 159  6.1030265e+05 9.68e-02 4.13e+02  -6.0 8.41e+02    -  2.52e-02 6.52e-03f  1
iter    objective    inf_pr   inf_du lg(mu)  ||d||  lg(rg) alpha_du alpha_pr  ls
 160  6.0877118e+05 9.57e-02 4.49e+02  -6.0 5.11e+02    -  5.55e-02 1.18e-02f  1
 161  6.0249545e+05 9.02e-02 4.05e+02  -6.0 3.28e+02    -  3.74e-02 5.75e-02f  1
 162  5.9204911e+05 7.85e-02 4.38e+02  -6.0 1.91e+02    -  2.22e-01 1.29e-01f  1
 163  5.8695559e+05 6.95e-02 5.92e+02  -6.0 9.60e+01    -  3.37e-01 1.14e-01f  1
 164  5.8253422e+05 5.95e-02 7.69e+02  -6.0 5.90e+01    -  4.71e-01 1.44e-01f  1
 165  5.8127821e+05 5.61e-02 8.49e+02  -6.0 3.95e+01    -  2.45e-01 5.77e-02f  1
 166  5.7641022e+05 4.21e-02 6.08e+02  -6.0 3.54e+01    -  1.96e-01 2.49e-01f  1
 167  5.7425761e+05 3.53e-02 7.37e+02  -6.0 2.53e+01    -  4.40e-01 1.61e-01f  1
 168  5.7084400e+05 2.39e-02 7.49e+02  -6.0 2.03e+01    -  7.18e-01 3.25e-01f  1
 169  5.6977920e+05 1.98e-02 5.87e+02  -6.0 1.31e+01    -  1.00e-01 1.71e-01f  1
iter    objective    inf_pr   inf_du lg(mu)  ||d||  lg(rg) alpha_du alpha_pr  ls
 170  5.6971709e+05 1.95e-02 8.87e+02  -6.0 1.09e+01    -  5.54e-01 1.24e-02f  1
 171  5.6889189e+05 1.63e-02 7.63e+02  -6.0 1.09e+01    -  2.39e-01 1.66e-01f  1
 172  5.6720266e+05 9.44e-03 5.63e+02  -6.0 9.14e+00    -  7.82e-01 4.21e-01f  1
 173  5.6639572e+05 5.81e-03 4.68e+02  -6.0 5.39e+00    -  8.44e-01 3.84e-01f  1
 174  5.6598169e+05 3.85e-03 3.81e+02  -6.0 3.37e+00    -  8.76e-01 3.38e-01f  1
 175  5.6546427e+05 1.32e-03 1.50e+02  -6.0 2.25e+00    -  9.75e-01 6.57e-01f  1
 176  5.6522202e+05 9.61e-05 2.45e+00  -6.0 7.82e-01    -  8.29e-01 9.78e-01f  1
 177  5.6522016e+05 5.09e-06 5.71e-02  -6.0 6.10e-02    -  1.00e+00 9.96e-01h  1
 178  5.6521999e+05 6.06e-08 2.32e-05  -6.0 3.76e-03    -  1.00e+00 1.00e+00h  1
 179  5.6521998e+05 3.02e-12 1.11e-09  -6.0 2.60e-05    -  1.00e+00 1.00e+00h  1
iter    objective    inf_pr   inf_du lg(mu)  ||d||  lg(rg) alpha_du alpha_pr  ls
 180  5.6521997e+05 8.82e-11 7.30e-10  -7.1 1.07e-04    -  1.00e+00 1.00e+00f  1

Number of Iterations....: 180

                                   (scaled)                 (unscaled)
Objective...............:   4.8334430426441413e+03    5.6521997284196771e+05
Dual infeasibility......:   7.2982564849470542e-10    8.5345380008012590e-08
Constraint violation....:   8.8184126667556484e-11    8.8184126667556484e-11
Variable bound violation:   2.4370007523089043e-07    2.4370007523089043e-07
Complementarity.........:   7.8088517446352164e-08    9.1316250798626107e-06
Overall NLP error.......:   7.8088517446352164e-08    9.1316250798626107e-06


Number of objective function evaluations             = 187
Number of objective gradient evaluations             = 163
Number of equality constraint evaluations            = 187
Number of inequality constraint evaluations          = 188
Number of equality constraint Jacobian evaluations   = 182
Number of inequality constraint Jacobian evaluations = 182
Number of Lagrangian Hessian evaluations             = 180
Total seconds in IPOPT                               = 1.142

EXIT: Optimal Solution Found.

