Solver command line: ['/opt/homebrew/bin/ipopt', '/var/folders/6y/bvynbx6n3zv7z3lwg6vd724r0000gn/T/tmp1x9vg4dm.pyomo.nl', '-AMPL', 'tol=1e-06', 'max_iter=300', 'print_level=5']

Ipopt 3.14.19: tol=1e-06
max_iter=300
print_level=5


******************************************************************************
This program contains Ipopt, a library for large-scale nonlinear optimization.
 Ipopt is released as open source code under the Eclipse Public License (EPL).
         For more information visit https://github.com/coin-or/Ipopt
******************************************************************************

This is Ipopt version 3.14.19, running with linear solver MUMPS 5.6.2.

Number of nonzeros in equality constraint Jacobian...:     4599
Number of nonzeros in inequality constraint Jacobian.:     3288
Number of nonzeros in Lagrangian Hessian.............:     2536

Total number of variables............................:      726
                     variables with only lower bounds:        0
                variables with lower and upper bounds:      726
                     variables with only upper bounds:        0
Total number of equality constraints.................:      601
Total number of inequality constraints...............:      822
        inequality constraints with only lower bounds:        0
   inequality constraints with lower and upper bounds:        0
        inequality constraints with only upper bounds:      822

iter    objective    inf_pr   inf_du lg(mu)  ||d||  lg(rg) alpha_du alpha_pr  ls
   0  5.2203590e+05 1.16e+01 6.17e+01  -1.0 0.00e+00    -  0.00e+00 0.00e+00   0
   1  5.2424201e+05 1.14e+01 5.97e+01  -1.0 1.83e+01   2.0 2.39e-02 1.21e-02h  1
   2  5.2677961e+05 1.12e+01 3.22e+02  -1.0 1.79e+01   1.5 2.39e-01 1.76e-02h  1
   3  5.2900910e+05 9.83e+00 5.89e+02  -1.0 1.75e+01   1.0 2.96e-02 1.24e-01h  1
   4  5.3185468e+05 9.66e+00 5.95e+02  -1.0 1.30e+01   1.5 4.65e-02 1.73e-02h  1
   5  5.4040968e+05 8.98e+00 6.58e+02  -1.0 1.27e+01   1.0 1.03e-01 7.08e-02h  1
   6  5.4299605e+05 8.84e+00 7.35e+02  -1.0 1.09e+01   1.4 5.31e-02 1.54e-02h  1
   7  5.4876015e+05 8.48e+00 9.04e+02  -1.0 1.06e+01   0.9 5.28e-02 4.07e-02h  1
   8  5.5301796e+05 8.28e+00 1.09e+03  -1.0 1.14e+01   1.4 5.80e-02 2.40e-02h  1
   9  5.5628027e+05 8.20e+00 1.09e+03  -1.0 3.28e+01   0.9 3.29e-02 9.84e-03h  1
iter    objective    inf_pr   inf_du lg(mu)  ||d||  lg(rg) alpha_du alpha_pr  ls
  10  5.6400376e+05 7.90e+00 1.48e+03  -1.0 1.22e+01   1.3 7.20e-02 3.67e-02h  1
  11  5.6859591e+05 7.71e+00 1.96e+03  -1.0 1.28e+01   1.7 2.81e-02 2.38e-02h  1
  12  5.7138811e+05 7.59e+00 1.99e+03  -1.0 1.32e+01   1.3 8.84e-02 1.60e-02h  1
  13  5.7845525e+05 7.22e+00 1.99e+03  -1.0 1.34e+01   0.8 1.90e-01 4.88e-02h  1
  14  5.9026675e+05 6.54e+00 1.58e+03  -1.0 1.40e+01   0.3 4.61e-02 9.33e-02h  1
  15  6.0334522e+05 5.85e+00 1.80e+03  -1.0 1.50e+01   0.7 3.91e-02 1.07e-01h  1
  16  6.1310522e+05 5.21e+00 1.33e+03  -1.0 1.59e+01   0.3 2.80e-01 1.09e-01h  1
  17  6.2236687e+05 4.46e+00 5.18e+02  -1.0 1.63e+01  -0.2 3.32e-01 1.44e-01h  1
  18  6.0551861e+05 4.42e+00 5.18e+02  -1.0 4.64e+02    -  4.55e-03 7.89e-03f  1
  19  6.0557967e+05 4.40e+00 4.71e+02  -1.0 4.35e+01    -  1.45e-01 4.69e-03h  1
iter    objective    inf_pr   inf_du lg(mu)  ||d||  lg(rg) alpha_du alpha_pr  ls
  20  6.1178844e+05 3.87e+00 4.44e+02  -1.0 2.15e+01    -  5.37e-02 1.20e-01h  1
  21  6.1512920e+05 3.46e+00 3.44e+02  -1.0 2.80e+01    -  2.76e-01 1.05e-01h  1
  22  6.1995687e+05 2.98e+00 6.75e+02  -1.0 2.29e+01    -  2.26e-01 1.39e-01h  1
  23  6.2375789e+05 2.47e+00 9.92e+02  -1.0 2.43e+01    -  1.92e-01 1.71e-01h  1
  24  6.2647049e+05 1.55e+00 2.00e+03  -1.0 2.57e+01    -  3.01e-02 3.64e-01h  1
  25  6.2461061e+05 1.43e+00 1.87e+03  -1.0 2.63e+01    -  1.73e-01 7.72e-02f  1
  26  6.1552688e+05 8.68e-01 1.70e+03  -1.0 1.58e+01    -  3.01e-01 3.88e-01f  1
  27  6.1169086e+05 8.12e-01 1.59e+03  -1.0 2.62e+01    -  1.18e-01 6.45e-02f  1
  28  6.0011836e+05 6.64e-01 1.34e+03  -1.0 2.85e+01    -  5.31e-01 1.84e-01f  1
  29  5.9444856e+05 6.06e-01 1.23e+03  -1.0 3.70e+01    -  2.07e-01 8.69e-02f  1
iter    objective    inf_pr   inf_du lg(mu)  ||d||  lg(rg) alpha_du alpha_pr  ls
  30  5.8633411e+05 5.28e-01 1.09e+03  -1.0 4.12e+01    -  3.75e-01 1.31e-01f  1
  31  5.7261162e+05 4.04e-01 9.97e+02  -1.0 5.03e+01    -  2.18e-01 2.41e-01f  1
  32  5.6801190e+05 3.75e-01 9.42e+02  -1.0 6.98e+01    -  3.12e-01 7.39e-02f  1
  33  5.6725760e+05 3.57e-01 8.97e+02  -1.0 4.54e+01    -  2.62e-02 4.81e-02f  1
  34  5.6520203e+05 3.07e-01 1.12e+03  -1.0 4.58e+01    -  5.79e-01 1.39e-01f  1
  35  5.6351372e+05 2.05e-01 8.14e+02  -1.0 3.77e+01    -  4.49e-01 3.33e-01f  1
  36  5.6271138e+05 6.02e-01 9.93e+02  -1.0 4.45e+01    -  9.70e-01 2.41e-01f  1
  37  5.6261249e+05 5.31e-01 8.86e+02  -1.0 5.00e+01    -  5.67e-01 1.38e-01h  1
  38  5.6345520e+05 3.39e-01 7.11e+02  -1.0 2.59e+01    -  9.16e-01 2.93e-01h  1
  39  5.6437615e+05 1.23e-01 5.09e+02  -1.0 2.58e+01    -  9.55e-01 4.01e-01h  1
iter    objective    inf_pr   inf_du lg(mu)  ||d||  lg(rg) alpha_du alpha_pr  ls
  40  5.6493803e+05 4.33e-02 3.87e+02  -1.0 2.09e+01    -  1.00e+00 3.17e-01h  1
  41  5.6644506e+05 1.91e-02 4.13e+01  -1.0 1.42e+01    -  1.00e+00 1.00e+00h  1
  42  5.6650684e+05 3.55e-03 1.46e-01  -1.0 9.53e+00    -  1.00e+00 1.00e+00h  1
  43  5.6563728e+05 4.57e-03 1.24e+00  -1.7 2.68e+00    -  8.80e-01 8.66e-01f  1
  44  5.6547867e+05 1.80e-03 2.60e-02  -1.7 6.36e-01    -  1.00e+00 1.00e+00h  1
  45  5.6528143e+05 1.86e-03 1.56e+00  -2.5 6.23e-01    -  8.24e-01 8.91e-01f  1
  46  5.6525697e+05 8.10e-04 4.77e-03  -2.5 2.64e-01    -  1.00e+00 1.00e+00h  1
  47  5.6522288e+05 5.33e-04 2.14e-01  -3.8 2.24e-01    -  9.15e-01 9.67e-01h  1
  48  5.6522190e+05 3.54e-05 2.28e-04  -3.8 6.10e-02    -  1.00e+00 1.00e+00h  1
  49  5.6522004e+05 5.23e-06 5.33e-03  -5.7 2.19e-02    -  1.00e+00 9.77e-01h  1
iter    objective    inf_pr   inf_du lg(mu)  ||d||  lg(rg) alpha_du alpha_pr  ls
  50  5.6522000e+05 2.29e-08 1.38e-07  -5.7 1.35e-03    -  1.00e+00 1.00e+00h  1
  51  5.6521997e+05 3.33e-10 2.69e-09  -7.1 2.09e-04    -  1.00e+00 1.00e+00h  1

Number of Iterations....: 51

                                   (scaled)                 (unscaled)
Objective...............:   4.8334430426420276e+03    5.6521997284172056e+05
Dual infeasibility......:   2.6857667299410448e-09    3.1407197411116838e-07
Constraint violation....:   3.3262992360505450e-10    3.3262992360505450e-10
Variable bound violation:   2.4370008233631779e-07    2.4370008233631779e-07
Complementarity.........:   7.9032270603002162e-08    9.2419870162431460e-06
Overall NLP error.......:   7.9032270603002162e-08    9.2419870162431460e-06


Number of objective function evaluations             = 52
Number of objective gradient evaluations             = 52
Number of equality constraint evaluations            = 52
Number of inequality constraint evaluations          = 52
Number of equality constraint Jacobian evaluations   = 52
Number of inequality constraint Jacobian evaluations = 52
Number of Lagrangian Hessian evaluations             = 51
Total seconds in IPOPT                               = 0.325

EXIT: Optimal Solution Found.

