Solver command line: ['/opt/homebrew/bin/ipopt', '/var/folders/6y/bvynbx6n3zv7z3lwg6vd724r0000gn/T/tmpyofuzh0f.pyomo.nl', '-AMPL', 'tol=1e-06', 'max_iter=300', 'print_level=5', 'warm_start_init_point=yes', 'warm_start_bound_push=1e-06', 'warm_start_bound_frac=1e-06', 'warm_start_mult_bound_push=1e-06', 'mu_init=1e-06', 'least_square_init_duals=no']

Ipopt 3.14.19: tol=1e-06
max_iter=300
print_level=5
warm_start_init_point=yes
warm_start_bound_push=1e-06
warm_start_bound_frac=1e-06
warm_start_mult_bound_push=1e-06
mu_init=1e-06
least_square_init_duals=no


******************************************************************************
This program contains Ipopt, a library for large-scale nonlinear optimization.
 Ipopt is released as open source code under the Eclipse Public License (EPL).
         For more information visit https://github.com/coin-or/Ipopt
******************************************************************************

This is Ipopt version 3.14.19, running with linear solver MUMPS 5.6.2.

Number of nonzeros in equality constraint Jacobian...:     4599
Number of nonzeros in inequality constraint Jacobian.:     3288
Number of nonzeros in Lagrangian Hessian.............:     2536

Total number of variables............................:      726
                     variables with only lower bounds:        0
                variables with lower and upper bounds:      726
                     variables with only upper bounds:        0
Total number of equality constraints.................:      601
Total number of inequality constraints...............:      822
        inequality constraints with only lower bounds:        0
   inequality constraints with lower and upper bounds:        0
        inequality constraints with only upper bounds:      822

iter    objective    inf_pr   inf_du lg(mu)  ||d||  lg(rg) alpha_du alpha_pr  ls
   0  5.6521970e+05 3.48e-05 3.69e+03  -6.0 0.00e+00    -  0.00e+00 0.00e+00   0
   1  5.6480323e+05 2.55e-01 3.69e+03  -6.0 4.09e+06    -  4.07e-07 6.92e-08f  1
   2  5.6475410e+05 2.55e-01 3.69e+03  -6.0 1.53e+06    -  6.21e-06 9.06e-08f  1
   3  5.6464831e+05 6.39e-01 3.69e+03  -6.0 6.45e+04    -  2.47e-05 6.35e-06f  1
   4  5.6448787e+05 6.65e-01 3.69e+03  -6.0 5.28e+04    -  8.23e-06 1.62e-05f  1
   5  5.6434906e+05 6.65e-01 3.69e+03  -6.0 2.04e+04    -  1.33e-04 3.28e-05f  1
   6  5.6421247e+05 6.65e-01 3.69e+03  -6.0 3.73e+03    -  5.27e-04 4.88e-04f  1
   7  5.6261182e+05 6.64e-01 3.68e+03  -6.0 2.68e+03    -  3.05e-09 1.03e-03f  1
   8  5.6214319e+05 6.63e-01 3.68e+03  -6.0 8.83e+02    -  2.19e-03 1.68e-03f  1
   9  5.6215682e+05 6.60e-01 3.66e+03  -6.0 8.53e+00    -  1.01e-03 4.73e-03h  1
iter    objective    inf_pr   inf_du lg(mu)  ||d||  lg(rg) alpha_du alpha_pr  ls
  10  5.6355491e+05 3.44e-01 1.72e+03  -6.0 2.89e+00    -  8.07e-01 4.79e-01h  1
  11  5.6462626e+05 7.93e-02 1.85e+02  -6.0 2.04e+00    -  1.63e-05 7.70e-01h  1
  12  5.6511365e+05 8.46e-03 3.06e+02  -6.0 1.20e+00    -  1.74e-01 8.98e-01h  1
  13  5.6521979e+05 1.72e-05 1.49e-02  -6.0 1.31e-01    -  1.00e+00 1.00e+00h  1
  14  5.6521998e+05 1.87e-09 1.64e-06  -6.0 7.34e-04    -  1.00e+00 1.00e+00h  1
  15  5.6521997e+05 8.82e-11 7.30e-10  -7.1 1.07e-04    -  1.00e+00 1.00e+00h  1

Number of Iterations....: 15

                                   (scaled)                 (unscaled)
Objective...............:   4.8334430426440904e+03    5.6521997284196177e+05
Dual infeasibility......:   7.2993934153879626e-10    8.5358675205395990e-08
Constraint violation....:   8.8170359902051132e-11    8.8170359902051132e-11
Variable bound violation:   2.4370007523089043e-07    2.4370007523089043e-07
Complementarity.........:   7.8088530603631341e-08    9.1316266184670630e-06
Overall NLP error.......:   7.8088530603631341e-08    9.1316266184670630e-06


Number of objective function evaluations             = 16
Number of objective gradient evaluations             = 16
Number of equality constraint evaluations            = 16
Number of inequality constraint evaluations          = 17
Number of equality constraint Jacobian evaluations   = 16
Number of inequality constraint Jacobian evaluations = 16
Number of Lagrangian Hessian evaluations             = 15
Total seconds in IPOPT                               = 0.095

EXIT: Optimal Solution Found.

