Solver command line: ['/opt/homebrew/bin/ipopt', '/var/folders/6y/bvynbx6n3zv7z3lwg6vd724r0000gn/T/tmp2u93nval.pyomo.nl', '-AMPL', 'tol=1e-06', 'max_iter=300', 'print_level=5', 'warm_start_init_point=yes', 'warm_start_bound_push=1e-06', 'warm_start_bound_frac=1e-06', 'warm_start_mult_bound_push=1e-06', 'mu_init=1e-06', 'least_square_init_duals=no']

Ipopt 3.14.19: tol=1e-06
max_iter=300
print_level=5
warm_start_init_point=yes
warm_start_bound_push=1e-06
warm_start_bound_frac=1e-06
warm_start_mult_bound_push=1e-06
mu_init=1e-06
least_square_init_duals=no


******************************************************************************
This program contains Ipopt, a library for large-scale nonlinear optimization.
 Ipopt is released as open source code under the Eclipse Public License (EPL).
         For more information visit https://github.com/coin-or/Ipopt
******************************************************************************

This is Ipopt version 3.14.19, running with linear solver MUMPS 5.6.2.

Number of nonzeros in equality constraint Jacobian...:     4599
Number of nonzeros in inequality constraint Jacobian.:     3288
Number of nonzeros in Lagrangian Hessian.............:     2536

Total number of variables............................:      726
                     variables with only lower bounds:        0
                variables with lower and upper bounds:      726
                     variables with only upper bounds:        0
Total number of equality constraints.................:      601
Total number of inequality constraints...............:      822
        inequality constraints with only lower bounds:        0
   inequality constraints with lower and upper bounds:        0
        inequality constraints with only upper bounds:      822

iter    objective    inf_pr   inf_du lg(mu)  ||d||  lg(rg) alpha_du alpha_pr  ls
   0  5.2203590e+05 1.23e+01 1.53e+02  -6.0 0.00e+00    -  0.00e+00 0.00e+00   0
   1  4.9981629e+05 1.23e+01 1.53e+02  -6.0 5.46e+02    -  3.31e-03 3.89e-03f  1
   2  4.9981616e+05 1.23e+01 1.53e+02  -6.0 5.43e+02    -  9.13e-03 3.47e-08f  1
   3  4.9554245e+05 1.23e+01 1.52e+02  -6.0 5.43e+02    -  1.12e-02 1.14e-03f  1
   4  4.9549669e+05 1.23e+01 1.52e+02  -6.0 5.59e+02    -  1.88e-02 1.27e-05f  1
   5  4.8988998e+05 1.22e+01 2.46e+02  -6.0 5.59e+02    -  2.55e-02 1.59e-03f  1
   6  4.8800482e+05 1.22e+01 3.33e+02  -6.0 5.43e+02    -  2.33e-02 6.43e-04f  1
   7  4.7670650e+05 1.22e+01 4.58e+02  -6.0 6.67e+02    -  3.77e-02 4.25e-03f  1
   8  4.6752693e+05 1.21e+01 4.64e+02  -6.0 7.67e+02    -  5.69e-03 3.54e-03f  1
   9  4.6555389e+05 1.21e+01 6.37e+02  -6.0 7.29e+02    -  4.92e-02 8.07e-04f  1
iter    objective    inf_pr   inf_du lg(mu)  ||d||  lg(rg) alpha_du alpha_pr  ls
  10  4.5478825e+05 1.21e+01 6.49e+02  -6.0 7.00e+02    -  8.85e-03 4.50e-03f  1
  11  4.5381762e+05 1.21e+01 1.02e+03  -6.0 6.15e+02    -  1.12e-01 6.20e-04f  1
  12  4.4493182e+05 1.20e+01 1.04e+03  -6.0 1.95e+02    -  1.58e-02 6.49e-03f  1
  13  4.4261040e+05 1.20e+01 1.13e+03  -6.0 2.29e+02    -  3.38e-02 2.36e-03f  1
  14  4.3832349e+05 1.19e+01 1.21e+03  -6.0 2.44e+02    -  4.33e-02 5.29e-03f  1
  15  4.3399727e+05 1.18e+01 1.33e+03  -6.0 2.84e+02    -  7.18e-02 5.71e-03f  1
  16  4.3102285e+05 1.18e+01 1.38e+03  -6.0 2.91e+02    -  3.58e-02 4.61e-03f  1
  17  4.2982993e+05 1.17e+01 1.53e+03  -6.0 8.58e+01    -  8.17e-02 5.12e-03f  1
  18  4.2792615e+05 1.16e+01 1.50e+03  -6.0 8.64e+01    -  9.58e-08 1.09e-02f  1
  19  4.2788055e+05 1.16e+01 1.69e+03  -6.0 8.90e+01    -  9.81e-02 3.10e-04f  1
iter    objective    inf_pr   inf_du lg(mu)  ||d||  lg(rg) alpha_du alpha_pr  ls
  20  4.2702711e+05 1.15e+01 1.67e+03  -6.0 8.85e+01    -  7.36e-04 6.14e-03f  1
  21  4.2483235e+05 1.13e+01 1.65e+03  -6.0 9.21e+01    -  2.46e-02 1.60e-02f  1
  22  4.2440406e+05 1.13e+01 1.70e+03  -6.0 9.71e+01    -  3.19e-02 4.04e-03f  1
  23  4.2429991e+05 1.12e+01 1.79e+03  -6.0 4.45e+01    -  6.66e-02 5.99e-03f  1
  24  4.2528863e+05 1.10e+01 1.81e+03  -6.0 4.54e+01    -  5.24e-02 1.79e-02h  1
  25  4.2546769e+05 1.10e+01 1.87e+03  -6.0 4.47e+01    -  4.21e-02 3.18e-03h  1
  26  4.2661481e+05 1.08e+01 1.96e+03  -6.0 4.47e+01    -  1.09e-01 1.99e-02h  1
  27  4.2682012e+05 1.07e+01 2.03e+03  -6.0 4.36e+01    -  6.01e-02 3.34e-03h  1
  28  4.2770323e+05 1.06e+01 2.04e+03  -6.0 4.34e+01    -  4.56e-02 1.29e-02h  1
  29  4.2869659e+05 1.04e+01 2.03e+03  -6.0 4.25e+01    -  3.08e-02 1.37e-02h  1
iter    objective    inf_pr   inf_du lg(mu)  ||d||  lg(rg) alpha_du alpha_pr  ls
  30  4.3076597e+05 1.01e+01 1.97e+03  -6.0 4.15e+01    -  2.37e-02 2.79e-02h  1
  31  4.3283564e+05 9.85e+00 2.03e+03  -6.0 3.98e+01    -  1.51e-01 2.87e-02h  1
  32  4.3402896e+05 9.69e+00 2.08e+03  -6.0 3.82e+01    -  1.16e-01 1.69e-02h  1
  33  4.3575253e+05 9.45e+00 2.16e+03  -6.0 3.72e+01    -  2.34e-01 2.48e-02h  1
  34  4.3607689e+05 9.40e+00 2.19e+03  -6.0 3.75e+01    -  6.72e-02 4.44e-03h  1
  35  4.3990544e+05 8.91e+00 2.06e+03  -6.0 3.76e+01    -  1.72e-02 5.22e-02h  1
  36  4.4016379e+05 8.88e+00 2.08e+03  -6.0 3.65e+01    -  7.72e-02 3.65e-03h  1
  37  4.4267066e+05 8.57e+00 2.00e+03  -6.0 3.62e+01    -  6.42e-03 3.53e-02h  1
  38  4.4268002e+05 8.57e+00 2.00e+03  -6.0 1.95e+01    -  7.52e-03 1.28e-04h  1
  39  4.4312832e+05 8.51e+00 1.99e+03  -6.0 1.87e+01    -  1.57e-02 6.07e-03h  1
iter    objective    inf_pr   inf_du lg(mu)  ||d||  lg(rg) alpha_du alpha_pr  ls
  40  4.4351261e+05 8.47e+00 2.01e+03  -6.0 3.47e+01    -  8.40e-02 5.39e-03h  1
  41  4.4375985e+05 8.44e+00 2.00e+03  -6.0 1.87e+01    -  1.15e-02 3.26e-03h  1
  42  4.4438862e+05 8.37e+00 1.99e+03  -6.0 1.40e+01    -  1.25e-02 7.96e-03h  1
  43  4.4514997e+05 8.29e+00 1.99e+03  -6.0 1.38e+01    -  7.61e-02 9.64e-03h  1
  44  4.4665725e+05 8.14e+00 1.95e+03  -6.0 1.40e+01    -  1.62e-02 1.83e-02h  1
  45  4.4841551e+05 7.97e+00 1.91e+03  -6.0 1.51e+01    -  2.21e-02 2.14e-02h  1
  46  4.4867738e+05 7.94e+00 1.91e+03  -6.0 1.32e+01    -  5.59e-03 3.21e-03h  1
  47  4.4917668e+05 7.89e+00 1.89e+03  -6.0 2.00e+01    -  7.44e-03 6.35e-03h  1
  48  4.5042279e+05 7.76e+00 1.86e+03  -6.0 1.96e+01    -  6.50e-03 1.59e-02h  1
  49  4.5050276e+05 7.76e+00 1.91e+03  -6.0 1.90e+01    -  1.86e-01 1.04e-03h  1
iter    objective    inf_pr   inf_du lg(mu)  ||d||  lg(rg) alpha_du alpha_pr  ls
  50  4.5055888e+05 7.75e+00 1.92e+03  -6.0 1.64e+01    -  3.78e-02 7.20e-04h  1
  51  4.5096896e+05 7.71e+00 1.91e+03  -6.0 1.40e+01    -  2.88e-03 5.17e-03h  1
  52  4.5154525e+05 7.65e+00 1.90e+03  -6.0 1.39e+01    -  9.19e-03 7.32e-03h  1
  53  4.5318248e+05 7.49e+00 1.85e+03  -6.0 1.43e+01    -  1.04e-02 2.11e-02h  1
  54  4.5418748e+05 7.40e+00 1.83e+03  -6.0 1.29e+01    -  2.54e-02 1.31e-02h  1
  55  4.5491127e+05 7.33e+00 1.83e+03  -6.0 1.20e+01    -  4.32e-02 9.44e-03h  1
  56  4.5566593e+05 7.26e+00 1.82e+03  -6.0 1.80e+01    -  4.16e-02 9.12e-03h  1
  57  4.5777110e+05 7.07e+00 1.77e+03  -6.0 1.78e+01    -  9.18e-03 2.57e-02h  1
  58  4.5902776e+05 6.96e+00 1.77e+03  -6.0 1.73e+01    -  1.27e-01 1.57e-02h  1
  59  4.5958397e+05 6.91e+00 1.71e+03  -6.0 1.68e+01    -  6.78e-02 6.84e-03h  1
iter    objective    inf_pr   inf_du lg(mu)  ||d||  lg(rg) alpha_du alpha_pr  ls
  60  4.6098233e+05 6.79e+00 1.68e+03  -6.0 1.66e+01    -  2.19e-02 1.73e-02h  1
  61  4.6250947e+05 6.67e+00 1.40e+03  -6.0 1.60e+01    -  1.38e-01 1.81e-02h  1
  62r 4.6250947e+05 6.67e+00 9.99e+02   0.6 0.00e+00    -  0.00e+00 2.26e-08R  2
  63r 4.6718361e+05 6.23e+00 9.99e+02   0.6 1.19e+04    -  5.84e-05 1.14e-04f  1
  64r 4.6901443e+05 6.14e+00 9.98e+02   0.6 9.23e+03    -  6.60e-04 8.56e-05f  1
  65  4.6895286e+05 6.14e+00 7.16e+02  -6.0 5.36e+06    -  1.68e-06 3.97e-08f  1
  66  4.6815184e+05 6.14e+00 7.16e+02  -6.0 2.94e+06    -  3.73e-06 9.21e-07f  2
  67  4.6765128e+05 6.14e+00 7.16e+02  -6.0 4.20e+05    -  9.39e-06 4.29e-06f  2
  68  4.6750189e+05 6.14e+00 7.16e+02  -6.0 1.06e+05    -  2.81e-05 5.05e-06f  3
  69  4.6737472e+05 6.14e+00 7.16e+02  -6.0 4.29e+04    -  2.12e-05 1.30e-05f  3
iter    objective    inf_pr   inf_du lg(mu)  ||d||  lg(rg) alpha_du alpha_pr  ls
  70  4.6732879e+05 6.14e+00 7.16e+02  -6.0 3.87e+04    -  4.12e-05 8.73e-06f  4
  71  4.6706847e+05 6.14e+00 7.16e+02  -6.0 2.94e+04    -  6.49e-05 8.19e-05f  1
  72  4.6695242e+05 6.14e+00 7.16e+02  -6.0 2.71e+03    -  1.68e-04 1.95e-04f  1
  73  4.6694184e+05 6.14e+00 7.15e+02  -6.0 4.86e+02    -  2.49e-04 3.74e-04h  1
  74  4.6695257e+05 6.14e+00 7.18e+02  -6.0 5.73e+02    -  2.17e-03 3.19e-04h  2
  75  4.6708854e+05 6.12e+00 7.21e+02  -6.0 1.30e+02    -  5.02e-03 2.28e-03h  1
  76  4.6755514e+05 6.09e+00 7.20e+02  -6.0 8.11e+01    -  7.33e-03 5.89e-03h  1
  77  4.6871347e+05 6.00e+00 1.00e+03  -6.0 3.28e+01    -  1.78e-01 1.39e-02h  1
  78  4.6883894e+05 5.99e+00 1.46e+03  -6.0 2.15e+01    -  3.15e-01 1.47e-03h  1
  79  4.6983148e+05 5.92e+00 1.69e+03  -6.0 3.00e+01    -  2.49e-01 1.16e-02h  1
iter    objective    inf_pr   inf_du lg(mu)  ||d||  lg(rg) alpha_du alpha_pr  ls
  80  4.7270013e+05 5.72e+00 1.63e+03  -6.0 3.43e+01    -  2.96e-02 3.37e-02h  1
  81  4.7340633e+05 5.68e+00 1.62e+03  -6.0 2.26e+01    -  1.25e-02 8.57e-03h  1
  82r 4.7340633e+05 5.68e+00 1.00e+03   0.5 0.00e+00    -  0.00e+00 5.66e-08R  2
  83r 4.7821871e+05 5.30e+00 1.00e+03   0.5 5.02e+03    -  1.89e-04 2.70e-04f  1
  84  4.7824242e+05 5.30e+00 9.98e+01  -6.0 8.58e+00    -  2.27e-03 3.62e-04h  1
  85  4.7834195e+05 5.29e+00 9.97e+01  -6.0 9.35e+00    -  1.47e-03 1.45e-03h  1
  86  4.7843044e+05 5.29e+00 9.95e+01  -6.0 1.13e+01    -  2.68e-03 1.30e-03h  1
  87  4.7864359e+05 5.27e+00 9.88e+01  -6.0 1.23e+01    -  9.79e-03 3.07e-03h  1
  88  4.7961565e+05 5.20e+00 9.80e+01  -6.0 1.38e+01    -  4.67e-03 1.36e-02h  1
  89  4.8118501e+05 5.09e+00 9.45e+01  -6.0 8.74e+00    -  4.55e-02 2.11e-02h  1
iter    objective    inf_pr   inf_du lg(mu)  ||d||  lg(rg) alpha_du alpha_pr  ls
  90  4.8618634e+05 4.75e+00 9.04e+01  -6.0 9.13e+00    -  2.58e-02 6.67e-02h  1
  91  4.9319219e+05 4.28e+00 2.19e+02  -6.0 8.92e+00    -  4.85e-02 9.78e-02h  1
  92  4.9877654e+05 3.92e+00 3.86e+02  -6.0 1.05e+01    -  1.35e-02 8.58e-02h  1
  93  5.0107372e+05 3.77e+00 2.40e+02  -6.0 8.15e+00    -  8.90e-02 3.82e-02h  1
  94  5.0957092e+05 3.22e+00 4.20e+02  -6.0 7.87e+00    -  5.52e-02 1.45e-01h  1
  95  5.1324151e+05 2.99e+00 2.02e+02  -6.0 7.40e+00    -  1.54e-01 7.19e-02h  1
  96  5.2378567e+05 2.33e+00 2.23e+02  -6.0 8.19e+00    -  1.86e-01 2.20e-01h  1
  97  5.2760110e+05 2.10e+00 3.03e+02  -6.0 5.31e+00    -  3.44e-02 1.00e-01h  1
  98r 5.2760110e+05 2.10e+00 1.00e+03   0.1 0.00e+00    -  0.00e+00 7.41e-08R  2
  99r 5.2966201e+05 1.82e+00 1.00e+03   0.1 2.28e+03    -  9.13e-04 2.92e-04f  1
iter    objective    inf_pr   inf_du lg(mu)  ||d||  lg(rg) alpha_du alpha_pr  ls
 100  5.2967510e+05 1.82e+00 1.00e+02  -6.0 4.04e+00    -  4.93e-04 4.14e-04h  1
 101  5.2969367e+05 1.82e+00 2.95e+02  -6.0 3.98e+00    -  9.48e-02 5.66e-04h  1
 102  5.3143178e+05 1.73e+00 1.34e+02  -6.0 4.01e+00    -  6.91e-04 5.22e-02h  1
 103  5.3194737e+05 1.70e+00 1.13e+02  -6.0 3.79e+00    -  9.66e-03 1.63e-02h  1
 104  5.3214909e+05 1.69e+00 2.39e+02  -6.0 3.73e+00    -  5.05e-02 6.40e-03h  1
 105  5.3592120e+05 1.49e+00 9.78e+01  -6.0 4.01e+00    -  7.04e-03 1.20e-01h  1
 106  5.3629299e+05 1.47e+00 5.14e+02  -6.0 3.70e+00    -  2.33e-01 1.33e-02h  1
 107  5.4575594e+05 9.62e-01 5.25e+01  -6.0 4.07e+00    -  1.94e-01 3.43e-01h  1
 108  5.4681952e+05 9.08e-01 4.98e+01  -6.0 2.86e+00    -  4.64e-02 5.67e-02h  1
 109  5.5256985e+05 6.14e-01 5.02e+02  -6.0 2.91e+00    -  1.79e-02 3.23e-01h  1
iter    objective    inf_pr   inf_du lg(mu)  ||d||  lg(rg) alpha_du alpha_pr  ls
 110r 5.5256985e+05 6.14e-01 1.00e+03  -0.5 0.00e+00    -  0.00e+00 2.66e-07R  2
 111r 5.5701751e+05 2.63e-01 9.99e+02  -0.5 6.29e+02    -  3.89e-04 1.04e-03f  1
 112  5.5701962e+05 2.63e-01 9.85e+01  -6.0 1.58e+00    -  2.36e-02 3.18e-04h  1
 113  5.5716069e+05 2.58e-01 1.13e+02  -6.0 1.91e+00    -  3.21e-02 1.85e-02h  1
 114  5.5758675e+05 2.44e-01 9.90e+01  -6.0 1.71e+00    -  7.49e-04 5.51e-02h  1
 115  5.5805030e+05 2.29e-01 6.81e+02  -6.0 1.44e+00    -  2.80e-01 6.26e-02h  1
 116  5.5914787e+05 1.93e-01 4.20e+02  -6.0 1.74e+00    -  8.78e-02 1.57e-01h  1
 117  5.6145824e+05 1.18e-01 5.20e+02  -6.0 1.12e+00    -  5.06e-01 3.85e-01h  1
 118  5.6373360e+05 4.60e-02 2.13e+01  -6.0 1.15e+00    -  4.65e-01 6.12e-01h  1
 119  5.6438897e+05 2.55e-02 1.80e+02  -6.0 8.93e-01    -  6.61e-01 4.45e-01h  1
iter    objective    inf_pr   inf_du lg(mu)  ||d||  lg(rg) alpha_du alpha_pr  ls
 120  5.6448599e+05 2.25e-02 2.99e+02  -6.0 7.89e-01    -  6.22e-01 1.18e-01h  1
 121  5.6519814e+05 9.09e-03 2.05e+01  -6.0 7.96e-01    -  7.13e-01 9.75e-01h  1
 122  5.6520985e+05 4.26e-03 5.77e+00  -6.0 3.10e-01    -  9.30e-01 5.35e-01h  1
 123  5.6521940e+05 3.64e-04 2.88e-01  -6.0 2.48e-01    -  9.66e-01 9.55e-01h  1
 124  5.6521996e+05 1.99e-05 5.28e-03  -6.0 7.38e-02    -  9.98e-01 9.86e-01h  1
 125  5.6521998e+05 9.98e-07 1.66e-05  -6.0 1.25e-02    -  1.00e+00 1.00e+00h  1
 126  5.6521998e+05 1.12e-09 1.67e-08  -6.0 3.89e-04    -  1.00e+00 1.00e+00h  1
 127  5.6521997e+05 8.82e-11 7.29e-10  -7.1 1.08e-04    -  1.00e+00 1.00e+00h  1

Number of Iterations....: 127

                                   (scaled)                 (unscaled)
Objective...............:   4.8334430426440431e+03    5.6521997284195619e+05
Dual infeasibility......:   7.2925722734931946e-10    8.5278909175208057e-08
Constraint violation....:   8.8192120273333785e-11    8.8192120273333785e-11
Variable bound violation:   2.4370007523089043e-07    2.4370007523089043e-07
Complementarity.........:   7.8088517392339282e-08    9.1316250735463775e-06
Overall NLP error.......:   7.8088517392339282e-08    9.1316250735463775e-06


Number of objective function evaluations             = 152
Number of objective gradient evaluations             = 127
Number of equality constraint evaluations            = 152
Number of inequality constraint evaluations          = 153
Number of equality constraint Jacobian evaluations   = 132
Number of inequality constraint Jacobian evaluations = 132
Number of Lagrangian Hessian evaluations             = 127
Total seconds in IPOPT                               = 0.819

EXIT: Optimal Solution Found.

