Solver command line: ['/opt/homebrew/bin/ipopt', '/var/folders/6y/bvynbx6n3zv7z3lwg6vd724r0000gn/T/tmptrcfau2i.pyomo.nl', '-AMPL', 'tol=1e-06', 'max_iter=300', 'print_level=5', 'warm_start_init_point=yes', 'warm_start_bound_push=1e-06', 'warm_start_bound_frac=1e-06', 'warm_start_mult_bound_push=1e-06', 'mu_init=1e-06', 'least_square_init_duals=no']

Ipopt 3.14.19: tol=1e-06
max_iter=300
print_level=5
warm_start_init_point=yes
warm_start_bound_push=1e-06
warm_start_bound_frac=1e-06
warm_start_mult_bound_push=1e-06
mu_init=1e-06
least_square_init_duals=no


******************************************************************************
This program contains Ipopt, a library for large-scale nonlinear optimization.
 Ipopt is released as open source code under the Eclipse Public License (EPL).
         For more information visit https://github.com/coin-or/Ipopt
******************************************************************************

This is Ipopt version 3.14.19, running with linear solver MUMPS 5.6.2.

Number of nonzeros in equality constraint Jacobian...:     4599
Number of nonzeros in inequality constraint Jacobian.:     3288
Number of nonzeros in Lagrangian Hessian.............:     2536

Total number of variables............................:      726
                     variables with only lower bounds:        0
                variables with lower and upper bounds:      726
                     variables with only upper bounds:        0
Total number of equality constraints.................:      601
Total number of inequality constraints...............:      822
        inequality constraints with only lower bounds:        0
   inequality constraints with lower and upper bounds:        0
        inequality constraints with only upper bounds:      822

iter    objective    inf_pr   inf_du lg(mu)  ||d||  lg(rg) alpha_du alpha_pr  ls
   0  5.6521970e+05 2.41e+01 5.23e+03  -6.0 0.00e+00    -  0.00e+00 0.00e+00   0
   1  5.6521936e+05 2.41e+01 5.23e+03  -6.0 1.79e+01   2.0 1.79e-05 2.89e-05h  1
   2  5.6521703e+05 2.40e+01 5.23e+03  -6.0 1.78e+01   1.5 1.83e-04 1.57e-04h  1
   3  5.6521672e+05 2.40e+01 5.23e+03  -6.0 1.75e+01   1.0 6.61e-05 1.22e-05h  1
   4  5.6520168e+05 2.40e+01 5.23e+03  -6.0 2.12e+01   0.6 1.68e-04 1.60e-04f  1
   5  5.6517878e+05 2.40e+01 5.22e+03  -6.0 1.74e+01   1.0 2.57e-05 8.21e-04h  1
   6  5.6516081e+05 2.40e+01 5.22e+03  -6.0 2.59e+01   0.5 4.24e-05 1.55e-04f  1
   7  5.6512611e+05 2.40e+01 5.21e+03  -6.0 1.73e+01   0.9 2.82e-04 1.13e-03f  1
   8  5.6508932e+05 2.40e+01 5.21e+03  -6.0 3.21e+01   0.5 4.05e-05 2.57e-04f  1
   9  5.6501742e+05 2.39e+01 5.20e+03  -6.0 1.71e+01   0.9 4.26e-04 2.13e-03f  1
iter    objective    inf_pr   inf_du lg(mu)  ||d||  lg(rg) alpha_du alpha_pr  ls
  10  5.6492420e+05 2.39e+01 5.20e+03  -6.0 4.18e+01   0.4 5.80e-05 4.67e-04f  1
  11  5.6484223e+05 2.39e+01 5.19e+03  -6.0 1.70e+01   0.8 3.28e-03 2.22e-03f  1
  12  5.6466208e+05 2.39e+01 5.19e+03  -6.0 5.61e+01   0.4 2.26e-05 6.61e-04f  1
  13  5.6463580e+05 2.38e+01 5.18e+03  -6.0 1.69e+01   0.8 9.02e-03 7.01e-04h  1
  14  5.6318223e+05 2.37e+01 5.16e+03  -6.0 4.44e+01   0.3 6.53e-04 6.17e-03f  1
  15  5.6316241e+05 2.37e+01 5.15e+03  -6.0 1.67e+01   0.7 4.53e-03 1.01e-03h  1
  16  5.6286306e+05 2.36e+01 5.14e+03  -6.0 3.30e+01   0.3 1.19e-02 2.69e-03f  1
  17  5.6281881e+05 2.35e+01 5.12e+03  -6.0 1.66e+01   0.7 3.24e-03 3.92e-03h  1
  18  5.6281057e+05 2.35e+01 5.12e+03  -6.0 2.23e+01   0.2 2.59e-02 1.55e-04h  1
  19  5.6277954e+05 2.35e+01 5.12e+03  -6.0 3.48e+01  -0.3 3.47e-03 2.45e-04f  1
iter    objective    inf_pr   inf_du lg(mu)  ||d||  lg(rg) alpha_du alpha_pr  ls
  20  5.6265642e+05 2.33e+01 5.08e+03  -6.0 1.63e+01   0.2 4.11e-03 7.24e-03h  1
  21  5.6270527e+05 2.33e+01 5.08e+03  -6.0 1.68e+01   0.6 6.23e-03 1.25e-03h  1
  22  5.6281532e+05 2.32e+01 5.05e+03  -6.0 1.67e+01   0.1 1.72e-03 5.20e-03h  1
  23  5.6282579e+05 2.31e+01 5.04e+03  -6.0 1.68e+01  -0.4 6.22e-02 2.73e-03h  1
  24  5.6301798e+05 2.30e+01 5.01e+03  -6.0 1.70e+01   0.1 7.54e-03 4.56e-03h  1
  25  5.6314580e+05 2.29e+01 5.00e+03  -6.0 1.69e+01  -0.4 4.87e-02 3.64e-03h  1
  26  5.6377230e+05 2.26e+01 4.94e+03  -6.0 1.67e+01   0.0 1.76e-02 1.20e-02h  1
  27  5.6381434e+05 2.26e+01 4.93e+03  -6.0 1.63e+01  -0.5 1.51e-02 8.16e-04h  1
  28  5.6427319e+05 2.25e+01 4.89e+03  -6.0 1.62e+01  -0.0 9.38e-03 7.77e-03h  1
  29  5.6429579e+05 2.24e+01 4.89e+03  -6.0 1.60e+01  -0.5 2.83e-02 4.43e-04h  1
iter    objective    inf_pr   inf_du lg(mu)  ||d||  lg(rg) alpha_du alpha_pr  ls
  30  5.6463947e+05 2.23e+01 4.87e+03  -6.0 1.60e+01  -0.1 4.27e-03 5.43e-03h  1
  31  5.6509380e+05 2.21e+01 4.82e+03  -6.0 1.58e+01  -0.6 7.47e-03 8.51e-03h  1
  32  5.6752940e+05 2.13e+01 4.66e+03  -6.0 1.56e+01  -0.1 3.35e-03 3.59e-02h  1
  33  5.6880959e+05 2.09e+01 4.57e+03  -6.0 1.46e+01  -0.6 5.72e-02 1.99e-02h  1
  34  5.7150615e+05 2.02e+01 4.42e+03  -6.0 1.41e+01  -0.2 6.71e-07 3.18e-02h  1
  35  5.7286140e+05 1.99e+01 4.34e+03  -6.0 1.55e+01  -0.7 5.55e-02 1.91e-02h  1
  36  5.7400226e+05 1.94e+01 4.25e+03  -6.0 1.80e+01  -1.2 8.25e-03 2.04e-02h  1
  37  5.7446876e+05 1.93e+01 4.21e+03  -6.0 5.48e+01  -1.6 6.30e-03 9.76e-03h  1
  38  5.7557775e+05 1.88e+01 4.11e+03  -6.0 2.28e+01  -2.1 4.59e-02 2.53e-02h  1
  39  5.7695267e+05 1.81e+01 3.97e+03  -6.0 3.11e+01  -2.6 4.37e-02 3.32e-02h  1
iter    objective    inf_pr   inf_du lg(mu)  ||d||  lg(rg) alpha_du alpha_pr  ls
  40  5.7734040e+05 1.79e+01 3.93e+03  -6.0 3.00e+01    -  3.51e-02 1.14e-02h  1
  41  5.7858758e+05 1.73e+01 3.78e+03  -6.0 3.14e+01    -  2.71e-02 3.83e-02h  1
  42  5.7870688e+05 1.72e+01 3.76e+03  -6.0 3.63e+01    -  1.13e-02 4.47e-03h  1
  43  5.7906104e+05 1.69e+01 3.71e+03  -6.0 3.69e+01    -  5.92e-03 1.39e-02h  1
  44  5.8005989e+05 1.62e+01 3.55e+03  -6.0 3.88e+01    -  1.68e-02 4.39e-02h  1
  45  5.8042131e+05 1.58e+01 3.46e+03  -6.0 4.51e+01    -  3.07e-02 2.57e-02h  1
  46  5.8049634e+05 1.56e+01 3.43e+03  -6.0 4.90e+01    -  5.53e-02 8.94e-03h  1
  47  5.8094396e+05 1.46e+01 3.21e+03  -6.0 5.04e+01    -  1.35e-02 6.80e-02h  1
  48  5.8076592e+05 1.41e+01 3.11e+03  -6.0 6.20e+01    -  1.73e-01 3.05e-02h  1
  49  5.8044830e+05 1.37e+01 3.02e+03  -6.0 6.78e+01    -  2.69e-02 2.86e-02f  1
iter    objective    inf_pr   inf_du lg(mu)  ||d||  lg(rg) alpha_du alpha_pr  ls
  50  5.8029503e+05 1.36e+01 2.99e+03  -6.0 7.35e+01    -  1.48e-02 1.12e-02f  1
  51  5.7985524e+05 1.32e+01 2.90e+03  -6.0 7.55e+01    -  3.24e-02 2.91e-02f  1
  52  5.7824439e+05 1.21e+01 2.67e+03  -6.0 8.16e+01    -  4.70e-02 8.23e-02f  1
  53  5.7771675e+05 1.19e+01 2.63e+03  -6.0 1.01e+02    -  7.55e-02 1.64e-02f  1
  54  5.7513374e+05 1.10e+01 2.44e+03  -6.0 1.05e+02    -  3.11e-02 7.47e-02f  1
  55  5.7479240e+05 1.09e+01 2.42e+03  -6.0 1.26e+02    -  1.09e-01 7.52e-03f  1
  56  5.7471284e+05 1.09e+01 2.42e+03  -6.0 1.28e+02    -  1.10e-01 1.76e-03f  1
  57  5.7069890e+05 9.71e+00 2.16e+03  -6.0 1.28e+02    -  4.39e-02 1.10e-01f  1
  58  5.6913338e+05 9.40e+00 2.10e+03  -6.0 1.66e+02    -  1.07e-01 3.14e-02f  1
  59  5.6742354e+05 9.10e+00 2.03e+03  -6.0 1.78e+02    -  2.14e-03 3.21e-02f  1
iter    objective    inf_pr   inf_du lg(mu)  ||d||  lg(rg) alpha_du alpha_pr  ls
  60  5.6395202e+05 8.55e+00 1.91e+03  -6.0 1.91e+02    -  4.02e-02 6.07e-02f  1
  61  5.6145729e+05 8.21e+00 1.84e+03  -6.0 2.19e+02    -  1.67e-01 3.89e-02f  1
  62  5.6059469e+05 8.11e+00 1.81e+03  -6.0 2.38e+02    -  4.36e-07 1.20e-02f  1
  63  5.6059467e+05 8.11e+00 1.81e+03  -6.0 1.70e+02    -  5.33e-02 3.93e-07h  1
  64  5.5860348e+05 7.67e+00 1.72e+03  -6.0 1.70e+02    -  8.61e-03 5.46e-02f  1
  65  5.5854577e+05 7.66e+00 1.71e+03  -6.0 1.89e+02    -  1.83e-02 1.56e-03f  1
  66  5.5854033e+05 7.66e+00 1.71e+03  -6.0 1.90e+02    -  1.19e-01 1.55e-04h  1
  67  5.5744842e+05 7.42e+00 1.66e+03  -6.0 1.90e+02    -  5.92e-07 3.09e-02f  1
  68  5.5742892e+05 7.42e+00 1.66e+03  -6.0 2.01e+02    -  7.43e-02 5.34e-04h  1
  69  5.5662575e+05 7.25e+00 1.62e+03  -6.0 2.02e+02    -  3.21e-02 2.24e-02f  1
iter    objective    inf_pr   inf_du lg(mu)  ||d||  lg(rg) alpha_du alpha_pr  ls
  70  5.5650567e+05 7.22e+00 1.62e+03  -6.0 2.16e+02    -  4.48e-03 3.55e-03f  1
  71  5.5437335e+05 6.80e+00 1.52e+03  -6.0 2.13e+02    -  4.43e-02 5.81e-02f  1
  72  5.5437292e+05 6.80e+00 1.52e+03  -6.0 2.57e+02    -  5.33e-04 2.77e-05h  1
  73  5.5380366e+05 6.70e+00 1.50e+03  -6.0 2.38e+02    -  2.53e-02 1.48e-02f  1
  74  5.5313089e+05 6.59e+00 1.48e+03  -6.0 2.47e+02    -  1.54e-02 1.77e-02f  1
  75  5.5303082e+05 6.57e+00 1.47e+03  -6.0 2.52e+02    -  1.41e-02 2.74e-03f  1
  76  5.5283244e+05 6.50e+00 1.46e+03  -6.0 8.81e+01    -  1.60e-02 9.72e-03f  1
  77  5.5252728e+05 6.41e+00 1.44e+03  -6.0 8.43e+01    -  3.01e-06 1.49e-02f  1
  78  5.5245215e+05 6.38e+00 1.43e+03  -6.0 8.34e+01    -  5.53e-03 3.72e-03f  1
  79  5.5204477e+05 6.26e+00 1.40e+03  -6.0 8.32e+01    -  2.21e-02 1.99e-02f  1
iter    objective    inf_pr   inf_du lg(mu)  ||d||  lg(rg) alpha_du alpha_pr  ls
  80  5.5190280e+05 6.21e+00 1.39e+03  -6.0 8.22e+01    -  5.28e-03 7.07e-03f  1
  81  5.5190260e+05 6.21e+00 1.39e+03  -6.0 8.33e+01    -  7.89e-03 7.17e-05h  1
  82  5.5184450e+05 6.08e+00 1.36e+03  -6.0 8.33e+01    -  4.58e-02 2.05e-02f  1
  83  5.5170120e+05 6.01e+00 1.35e+03  -6.0 8.15e+01    -  1.28e-07 1.25e-02f  1
  84  5.5128691e+05 5.85e+00 1.31e+03  -6.0 8.04e+01    -  2.62e-02 2.67e-02f  1
  85  5.5116559e+05 5.80e+00 1.30e+03  -6.0 7.90e+01    -  1.60e-02 8.00e-03f  1
  86  5.5065816e+05 5.61e+00 1.26e+03  -6.0 7.89e+01    -  1.54e-04 3.28e-02f  1
  87  5.5061081e+05 5.59e+00 1.25e+03  -6.0 8.99e+01    -  1.03e-02 3.09e-03h  1
  88  5.4987019e+05 5.32e+00 1.19e+03  -6.0 7.69e+01    -  4.60e-03 4.82e-02f  1
  89  5.4950303e+05 5.19e+00 1.17e+03  -6.0 7.46e+01    -  3.21e-02 2.41e-02f  1
iter    objective    inf_pr   inf_du lg(mu)  ||d||  lg(rg) alpha_du alpha_pr  ls
  90  5.4950268e+05 5.19e+00 1.16e+03  -6.0 7.48e+01    -  1.37e-01 2.61e-05h  1
  91  5.4942335e+05 5.13e+00 1.15e+03  -6.0 7.97e+01    -  2.44e-02 1.32e-02h  1
  92  5.4934768e+05 5.03e+00 1.13e+03  -6.0 8.09e+01    -  3.25e-03 1.96e-02h  1
  93  5.4930145e+05 4.96e+00 1.11e+03  -6.0 8.08e+01    -  1.25e-02 1.30e-02h  1
  94  5.4885932e+05 4.58e+00 1.03e+03  -6.0 7.86e+01    -  6.19e-02 7.74e-02f  1
  95  5.4812803e+05 4.28e+00 9.61e+02  -6.0 8.12e+01    -  7.63e-07 6.47e-02f  1
  96  5.4805548e+05 4.25e+00 9.55e+02  -6.0 8.61e+01    -  1.47e-01 6.85e-03h  1
  97  5.4740798e+05 3.86e+00 8.68e+02  -6.0 8.70e+01    -  1.30e-01 9.24e-02f  1
  98  5.4739219e+05 3.85e+00 8.65e+02  -6.0 9.58e+01    -  1.40e-01 2.89e-03h  1
  99  5.4734104e+05 3.74e+00 8.42e+02  -6.0 9.87e+01    -  5.57e-02 2.70e-02h  1
iter    objective    inf_pr   inf_du lg(mu)  ||d||  lg(rg) alpha_du alpha_pr  ls
 100  5.4734001e+05 3.74e+00 8.41e+02  -6.0 9.79e+01    -  6.65e-02 7.68e-04h  1
 101  5.4732809e+05 3.66e+00 8.23e+02  -6.0 9.75e+01    -  4.26e-03 2.17e-02h  1
 102  5.4732885e+05 3.66e+00 8.23e+02  -6.0 9.69e+01    -  2.04e-03 2.65e-04h  1
 103  5.4731318e+05 3.57e+00 8.03e+02  -6.0 9.92e+01    -  5.39e-02 2.40e-02f  1
 104  5.4728535e+05 3.41e+00 7.68e+02  -6.0 1.01e+02    -  2.39e-02 4.39e-02h  1
 105  5.4721132e+05 3.33e+00 7.51e+02  -6.0 1.02e+02    -  5.62e-03 2.32e-02h  1
 106  5.4720876e+05 3.32e+00 7.47e+02  -6.0 1.05e+02    -  6.88e-02 4.65e-03h  1
 107  5.4720514e+05 3.25e+00 7.31e+02  -6.0 1.05e+02    -  4.68e-03 2.18e-02h  1
 108  5.4720255e+05 3.10e+00 6.98e+02  -6.0 1.06e+02    -  3.27e-02 4.59e-02h  1
 109  5.4720058e+05 2.98e+00 6.71e+02  -6.0 1.07e+02    -  1.27e-02 3.76e-02h  1
iter    objective    inf_pr   inf_du lg(mu)  ||d||  lg(rg) alpha_du alpha_pr  ls
 110  5.4715521e+05 2.91e+00 6.56e+02  -6.0 1.08e+02    -  4.05e-02 2.23e-02h  1
 111  5.4701898e+05 2.62e+00 5.90e+02  -6.0 1.02e+02    -  3.06e-02 1.02e-01h  1
 112r 5.4701898e+05 2.62e+00 9.99e+02   0.2 0.00e+00    -  0.00e+00 3.90e-07R  2
 113r 5.4505387e+05 2.30e+00 9.99e+02   0.2 5.37e+06    -  4.87e-06 2.74e-06f  1
 114r 5.4456430e+05 2.31e+00 9.99e+02   0.2 8.47e+04    -  1.13e-07 3.89e-05f  1
 115r 5.4418586e+05 2.26e+00 9.98e+02   0.2 3.64e+04    -  1.19e-03 2.48e-05f  1
 116r 5.3841760e+05 1.90e+00 9.98e+02   0.2 1.94e+04    -  2.21e-04 7.23e-04f  1
 117r 5.3296051e+05 1.80e+00 9.94e+02   0.2 1.69e+04    -  3.47e-03 1.39e-03f  1
 118r 5.3329897e+05 1.68e+00 9.92e+02   0.2 6.00e+03    -  2.74e-03 2.03e-03f  1
 119r 5.3455210e+05 1.61e+00 9.90e+02   0.2 5.10e+03    -  1.12e-03 1.69e-03f  1
iter    objective    inf_pr   inf_du lg(mu)  ||d||  lg(rg) alpha_du alpha_pr  ls
 120r 5.3817647e+05 1.41e+00 9.89e+02   0.2 4.55e+03    -  1.31e-03 4.55e-03f  1
 121r 5.4502412e+05 1.11e+00 9.82e+02   0.2 3.18e+03    -  7.43e-03 8.63e-03f  1
 122r 5.5150690e+05 8.60e-01 9.77e+02   0.2 1.43e+03    -  5.21e-03 1.24e-02f  1
 123r 5.5747360e+05 6.78e-01 9.56e+02   0.2 6.68e+02    -  2.16e-02 1.97e-02f  1
 124r 5.6280974e+05 4.58e-01 9.16e+02   0.2 2.28e+02    -  4.17e-02 4.29e-02f  1
 125r 5.6873146e+05 3.90e-01 7.96e+02   0.2 8.01e+01    -  1.31e-01 1.19e-01f  1
 126r 5.7352568e+05 2.63e-01 7.77e+02   0.2 4.47e+01    -  1.22e-01 2.81e-01f  1
 127r 5.7999093e+05 6.29e-02 6.18e+02   0.2 3.52e+01    -  2.48e-01 3.65e-01f  1
 128r 5.9662474e+05 2.03e-01 2.50e+02   0.2 1.01e+01    -  7.17e-01 8.51e-01f  1
 129r 6.2745002e+05 3.29e-01 6.44e+02   0.2 1.93e+02    -  5.54e-01 1.00e+00f  1
iter    objective    inf_pr   inf_du lg(mu)  ||d||  lg(rg) alpha_du alpha_pr  ls
 130r 6.5315719e+05 2.09e-01 1.62e+01   0.2 8.00e+01    -  1.00e+00 1.00e+00f  1
 131r 6.3265916e+05 3.74e-02 4.03e+02  -0.5 1.89e+01    -  7.07e-01 9.64e-01f  1
 132r 6.3239343e+05 3.98e-03 2.46e+00  -0.5 4.89e+00    -  1.00e+00 1.00e+00f  1
 133  6.2075447e+05 4.77e-02 3.15e+02  -6.0 3.05e+06    -  7.94e-06 3.95e-06f  1
 134  6.2061392e+05 4.77e-02 3.15e+02  -6.0 1.32e+06    -  2.24e-05 9.06e-08f  1
 135  6.1821866e+05 4.94e-02 3.15e+02  -6.0 4.15e+05    -  4.01e-05 8.50e-06f  1
 136  6.1603096e+05 5.10e-02 3.16e+02  -6.0 8.80e+04    -  3.38e-04 4.07e-05f  1
 137  6.1590407e+05 5.10e-02 3.16e+02  -6.0 2.53e+04    -  1.13e-04 3.39e-05f  1
 138  6.1484322e+05 5.11e-02 3.16e+02  -6.0 1.93e+04    -  1.67e-04 3.97e-04f  1
 139  6.1461151e+05 5.11e-02 3.18e+02  -6.0 1.34e+04    -  9.73e-04 2.12e-04f  1
iter    objective    inf_pr   inf_du lg(mu)  ||d||  lg(rg) alpha_du alpha_pr  ls
 140  6.1414547e+05 5.11e-02 3.17e+02  -6.0 1.33e+04    -  5.82e-04 8.58e-04f  1
 141  6.1349811e+05 5.10e-02 3.31e+02  -6.0 5.64e+03    -  8.20e-03 2.15e-03f  1
 142  6.1226607e+05 5.06e-02 4.16e+02  -6.0 7.99e+02    -  4.53e-02 6.27e-03f  1
 143  6.1068008e+05 5.01e-02 4.55e+02  -6.0 2.63e+02    -  3.57e-02 1.12e-02f  1
 144  6.0654560e+05 4.83e-02 5.62e+02  -6.0 2.28e+02    -  1.28e-01 3.56e-02f  1
 145  6.0070904e+05 4.49e-02 4.76e+02  -6.0 1.71e+02    -  2.69e-02 7.00e-02f  1
 146  5.9906864e+05 4.38e-02 7.07e+02  -6.0 1.44e+02    -  2.40e-01 2.48e-02f  1
 147  5.9520584e+05 4.07e-02 6.97e+02  -6.0 1.08e+02    -  1.11e-01 7.15e-02f  1
 148  5.9225131e+05 3.79e-02 5.86e+02  -6.0 9.02e+01    -  3.50e-03 6.70e-02f  1
 149  5.9202244e+05 3.77e-02 7.31e+02  -6.0 8.21e+01    -  1.62e-01 5.85e-03f  1
iter    objective    inf_pr   inf_du lg(mu)  ||d||  lg(rg) alpha_du alpha_pr  ls
 150  5.8557361e+05 3.11e-02 4.61e+02  -6.0 7.52e+01    -  7.33e-03 1.75e-01f  1
 151  5.8532568e+05 3.08e-02 8.30e+02  -6.0 5.85e+01    -  3.68e-01 9.10e-03f  1
 152  5.8083689e+05 2.53e-02 7.35e+02  -6.0 5.10e+01    -  2.40e-01 1.80e-01f  1
 153  5.7973432e+05 2.38e-02 1.19e+03  -6.0 3.88e+01    -  6.53e-01 6.00e-02f  1
 154  5.7600637e+05 1.83e-02 9.09e+02  -6.0 3.35e+01    -  2.12e-01 2.31e-01f  1
 155  5.7149219e+05 1.12e-02 5.63e+02  -6.0 2.56e+01    -  3.92e-01 3.85e-01f  1
 156  5.7049393e+05 9.55e-03 6.22e+02  -6.0 1.59e+01    -  4.23e-01 1.50e-01f  1
 157  5.6946474e+05 7.76e-03 5.03e+02  -6.0 1.36e+01    -  1.82e-01 1.87e-01f  1
 158  5.6943463e+05 7.71e-03 8.24e+02  -6.0 1.11e+01    -  9.06e-01 6.87e-03f  1
 159  5.6885601e+05 6.69e-03 7.25e+02  -6.0 1.12e+01    -  2.47e-01 1.32e-01f  1
iter    objective    inf_pr   inf_du lg(mu)  ||d||  lg(rg) alpha_du alpha_pr  ls
 160  5.6730680e+05 4.08e-03 4.73e+02  -6.0 9.75e+00    -  9.22e-01 4.12e-01f  1
 161  5.6670367e+05 2.96e-03 3.52e+02  -6.0 5.82e+00    -  4.43e-01 2.83e-01f  1
 162  5.6644718e+05 2.46e-03 3.47e+02  -6.0 4.20e+00    -  9.38e-01 1.70e-01f  1
 163  5.6574084e+05 1.12e-03 1.60e+02  -6.0 3.50e+00    -  1.00e+00 5.66e-01f  1
 164  5.6525161e+05 1.35e-04 9.20e+00  -6.0 1.53e+00    -  8.56e-01 9.33e-01f  1
 165  5.6522025e+05 6.87e-06 1.03e-01  -6.0 1.07e-01    -  1.00e+00 9.95e-01h  1
 166  5.6521999e+05 5.91e-08 2.46e-05  -6.0 3.84e-03    -  1.00e+00 1.00e+00h  1
 167  5.6521998e+05 2.97e-12 1.10e-09  -6.0 2.58e-05    -  1.00e+00 1.00e+00h  1
 168  5.6521997e+05 8.82e-11 7.30e-10  -7.1 1.07e-04    -  1.00e+00 1.00e+00f  1

Number of Iterations....: 168

                                   (scaled)                 (unscaled)
Objective...............:   4.8334430426442095e+03    5.6521997284197563e+05
Dual infeasibility......:   7.2959827482423850e-10    8.5318791065366030e-08
Constraint violation....:   8.8177021240198883e-11    8.8177021240198883e-11
Variable bound violation:   2.4370007523089043e-07    2.4370007523089043e-07
Complementarity.........:   7.8088517446093118e-08    9.1316250798323191e-06
Overall NLP error.......:   7.8088517446093118e-08    9.1316250798323191e-06


Number of objective function evaluations             = 171
Number of objective gradient evaluations             = 150
Number of equality constraint evaluations            = 171
Number of inequality constraint evaluations          = 172
Number of equality constraint Jacobian evaluations   = 170
Number of inequality constraint Jacobian evaluations = 170
Number of Lagrangian Hessian evaluations             = 168
Total seconds in IPOPT                               = 1.059

EXIT: Optimal Solution Found.

