Solver command line: ['/opt/homebrew/bin/ipopt', '/var/folders/6y/bvynbx6n3zv7z3lwg6vd724r0000gn/T/tmp84op5ktp.pyomo.nl', '-AMPL', 'tol=1e-06', 'max_iter=300', 'print_level=5', 'warm_start_init_point=yes', 'warm_start_bound_push=1e-06', 'warm_start_bound_frac=1e-06', 'warm_start_mult_bound_push=1e-06', 'mu_init=1e-06', 'least_square_init_duals=no']

Ipopt 3.14.19: tol=1e-06
max_iter=300
print_level=5
warm_start_init_point=yes
warm_start_bound_push=1e-06
warm_start_bound_frac=1e-06
warm_start_mult_bound_push=1e-06
mu_init=1e-06
least_square_init_duals=no


******************************************************************************
This program contains Ipopt, a library for large-scale nonlinear optimization.
 Ipopt is released as open source code under the Eclipse Public License (EPL).
         For more information visit https://github.com/coin-or/Ipopt
******************************************************************************

This is Ipopt version 3.14.19, running with linear solver MUMPS 5.6.2.

Number of nonzeros in equality constraint Jacobian...:     4599
Number of nonzeros in inequality constraint Jacobian.:     3288
Number of nonzeros in Lagrangian Hessian.............:     2536

Total number of variables............................:      726
                     variables with only lower bounds:        0
                variables with lower and upper bounds:      726
                     variables with only upper bounds:        0
Total number of equality constraints.................:      601
Total number of inequality constraints...............:      822
        inequality constraints with only lower bounds:        0
   inequality constraints with lower and upper bounds:        0
        inequality constraints with only upper bounds:      822

iter    objective    inf_pr   inf_du lg(mu)  ||d||  lg(rg) alpha_du alpha_pr  ls
   0  5.6521970e+05 1.75e+01 5.19e+03  -6.0 0.00e+00    -  0.00e+00 0.00e+00   0
   1  5.6400610e+05 1.70e+01 5.05e+03  -6.0 2.01e+01    -  1.26e-02 2.87e-02f  1
   2  5.6231296e+05 1.64e+01 4.87e+03  -6.0 2.31e+01    -  1.68e-01 3.87e-02f  1
   3  5.6111312e+05 1.59e+01 4.74e+03  -6.0 3.20e+01    -  8.92e-02 2.73e-02f  1
   4  5.6111304e+05 1.59e+01 4.74e+03  -6.0 2.55e+01    -  4.65e-03 1.99e-06h  1
   5  5.5983429e+05 1.54e+01 4.61e+03  -6.0 2.54e+01    -  7.06e-02 3.07e-02f  1
   6  5.5903768e+05 1.51e+01 4.52e+03  -6.0 2.25e+01    -  1.14e-01 1.96e-02f  1
   7  5.5878346e+05 1.50e+01 4.49e+03  -6.0 2.42e+01    -  6.12e-02 6.11e-03f  1
   8  5.5870577e+05 1.50e+01 4.48e+03  -6.0 2.46e+01    -  4.60e-03 1.98e-03f  1
   9  5.5860677e+05 1.49e+01 4.47e+03  -6.0 2.20e+01    -  9.59e-03 3.23e-03f  1
iter    objective    inf_pr   inf_du lg(mu)  ||d||  lg(rg) alpha_du alpha_pr  ls
  10  5.5853454e+05 1.49e+01 4.46e+03  -6.0 2.09e+01    -  3.47e-03 2.44e-03f  1
  11  5.5830330e+05 1.48e+01 4.42e+03  -6.0 1.82e+01    -  9.32e-04 8.47e-03f  1
  12  5.5822330e+05 1.47e+01 4.40e+03  -6.0 1.76e+01    -  8.97e-03 3.44e-03f  1
  13  5.5799471e+05 1.46e+01 4.36e+03  -6.0 1.73e+01    -  3.47e-03 9.81e-03f  1
  14  5.5768992e+05 1.44e+01 4.31e+03  -6.0 1.68e+01    -  4.25e-02 1.30e-02f  1
  15  5.5753332e+05 1.43e+01 4.28e+03  -6.0 1.69e+01    -  3.71e-02 6.83e-03f  1
  16  5.5744608e+05 1.42e+01 4.26e+03  -6.0 1.70e+01    -  9.04e-02 3.80e-03f  1
  17  5.5723926e+05 1.41e+01 4.22e+03  -6.0 1.70e+01    -  5.62e-02 9.00e-03f  1
  18  5.5699410e+05 1.40e+01 4.18e+03  -6.0 1.73e+01    -  6.50e-02 1.09e-02f  1
  19  5.5697781e+05 1.39e+01 4.17e+03  -6.0 1.63e+01    -  5.72e-02 9.15e-04h  1
iter    objective    inf_pr   inf_du lg(mu)  ||d||  lg(rg) alpha_du alpha_pr  ls
  20  5.5667945e+05 1.37e+01 4.10e+03  -6.0 1.58e+01    -  6.48e-02 1.81e-02f  1
  21  5.5656440e+05 1.36e+01 4.07e+03  -6.0 1.60e+01    -  2.61e-02 7.13e-03f  1
  22  5.5638330e+05 1.34e+01 4.02e+03  -6.0 1.66e+01    -  3.78e-02 1.12e-02f  1
  23  5.5631378e+05 1.34e+01 4.01e+03  -6.0 1.60e+01    -  2.03e-02 4.66e-03f  1
  24  5.5618373e+05 1.32e+01 3.96e+03  -6.0 1.73e+01    -  4.65e-03 1.21e-02f  1
  25  5.5611773e+05 1.31e+01 3.93e+03  -6.0 1.71e+01    -  7.56e-03 6.37e-03h  1
  26  5.5598769e+05 1.30e+01 3.88e+03  -6.0 1.71e+01    -  2.80e-03 1.27e-02f  1
  27  5.5585943e+05 1.28e+01 3.83e+03  -6.0 1.75e+01    -  3.09e-02 1.30e-02f  1
  28  5.5581421e+05 1.27e+01 3.81e+03  -6.0 1.76e+01    -  1.36e-02 4.64e-03h  1
  29  5.5580996e+05 1.27e+01 3.81e+03  -6.0 1.36e+01    -  2.85e-02 5.60e-04h  1
iter    objective    inf_pr   inf_du lg(mu)  ||d||  lg(rg) alpha_du alpha_pr  ls
  30  5.5559364e+05 1.24e+01 3.70e+03  -6.0 1.35e+01    -  4.55e-02 2.90e-02f  1
  31  5.5524916e+05 1.18e+01 3.53e+03  -6.0 1.37e+01    -  5.45e-02 4.72e-02f  1
  32  5.5524778e+05 1.18e+01 3.53e+03  -6.0 1.41e+01    -  1.06e-01 1.98e-04h  1
  33  5.5524564e+05 1.18e+01 3.53e+03  -6.0 1.08e+01    -  7.04e-04 4.76e-04h  1
  34  5.5491940e+05 1.12e+01 3.37e+03  -6.0 1.41e+01    -  1.33e-01 4.65e-02f  1
  35  5.5475624e+05 1.09e+01 3.28e+03  -6.0 1.17e+01    -  5.14e-02 2.61e-02f  1
  36  5.5468403e+05 1.08e+01 3.24e+03  -6.0 1.13e+01    -  1.28e-01 1.21e-02h  1
  37  5.5447501e+05 1.03e+01 3.09e+03  -6.0 4.13e+00    -  1.17e-01 4.70e-02h  1
  38  5.5431150e+05 9.89e+00 2.97e+03  -6.0 4.27e+00    -  3.40e-02 3.96e-02h  1
  39  5.5417304e+05 9.54e+00 2.87e+03  -6.0 4.32e+00    -  8.90e-02 3.52e-02h  1
iter    objective    inf_pr   inf_du lg(mu)  ||d||  lg(rg) alpha_du alpha_pr  ls
  40  5.5379214e+05 8.58e+00 2.59e+03  -6.0 4.42e+00    -  5.01e-02 1.01e-01f  1
  41  5.5364682e+05 8.20e+00 2.48e+03  -6.0 4.67e+00    -  1.15e-01 4.38e-02h  1
  42  5.5360610e+05 8.11e+00 2.45e+03  -6.0 4.99e+00    -  6.29e-05 1.16e-02h  1
  43  5.5360426e+05 8.10e+00 2.45e+03  -6.0 4.30e+00    -  1.73e-02 7.02e-04h  1
  44  5.5354040e+05 7.95e+00 2.40e+03  -6.0 4.85e+00    -  9.25e-04 1.89e-02f  1
  45  5.5336089e+05 7.52e+00 2.27e+03  -6.0 4.88e+00    -  3.11e-02 5.40e-02h  1
  46  5.5324930e+05 7.25e+00 2.19e+03  -6.0 4.98e+00    -  9.22e-02 3.58e-02h  1
  47r 5.5324930e+05 7.25e+00 9.99e+02   0.5 0.00e+00    -  0.00e+00 4.73e-07R  2
  48r 5.5323249e+05 7.24e+00 9.99e+02   0.5 1.90e+04    -  6.48e-06 2.86e-06f  1
  49r 5.5306833e+05 7.26e+00 9.99e+02   0.5 9.24e+03    -  1.06e-07 1.62e-04f  1
iter    objective    inf_pr   inf_du lg(mu)  ||d||  lg(rg) alpha_du alpha_pr  ls
  50  5.5278176e+05 7.26e+00 3.63e+02  -6.0 2.88e+06    -  9.55e-07 1.47e-07f  1
  51  5.5185735e+05 7.26e+00 3.63e+02  -6.0 1.33e+06    -  3.61e-06 1.14e-06f  1
  52  5.5167923e+05 7.26e+00 3.63e+02  -6.0 7.70e+05    -  3.26e-06 2.70e-06f  1
  53  5.5158185e+05 7.26e+00 3.63e+02  -6.0 1.82e+05    -  2.85e-05 7.96e-06f  1
  54  5.5151459e+05 7.26e+00 3.63e+02  -6.0 5.77e+04    -  8.27e-05 3.82e-05f  1
  55  5.5132790e+05 7.26e+00 3.63e+02  -6.0 2.91e+04    -  3.15e-04 1.36e-04f  1
  56  5.5085136e+05 7.26e+00 3.63e+02  -6.0 1.06e+04    -  4.97e-04 6.13e-04f  1
  57  5.4962664e+05 7.24e+00 3.64e+02  -6.0 5.67e+03    -  5.85e-04 2.18e-03f  1
  58  5.4882893e+05 7.20e+00 3.67e+02  -6.0 1.16e+03    -  8.02e-04 5.07e-03f  1
  59  5.4872103e+05 7.17e+00 3.68e+02  -6.0 3.52e+02    -  2.93e-03 4.56e-03f  1
iter    objective    inf_pr   inf_du lg(mu)  ||d||  lg(rg) alpha_du alpha_pr  ls
  60  5.4874065e+05 7.12e+00 3.72e+02  -6.0 5.92e+01    -  2.03e-03 7.40e-03h  1
  61  5.4875193e+05 7.10e+00 3.71e+02  -6.0 2.01e+01    -  2.64e-03 2.95e-03h  1
  62  5.4905014e+05 6.57e+00 4.37e+02  -6.0 1.22e+01    -  3.99e-03 7.40e-02h  1
  63  5.4911106e+05 6.48e+00 4.47e+02  -6.0 1.22e+01    -  1.51e-03 1.46e-02h  1
  64  5.4948691e+05 5.90e+00 5.05e+02  -6.0 9.81e+00    -  1.28e-02 8.88e-02h  1
  65  5.4959588e+05 5.75e+00 4.04e+02  -6.0 6.90e+00    -  9.00e-02 2.53e-02h  1
  66  5.4975838e+05 5.54e+00 3.59e+02  -6.0 7.11e+00    -  5.70e-02 3.67e-02h  1
  67r 5.4975838e+05 5.54e+00 9.99e+02   0.8 0.00e+00    -  0.00e+00 3.46e-07R  3
  68r 5.4948377e+05 5.54e+00 9.99e+02   0.8 4.15e+04    -  7.17e-06 1.83e-05f  1
  69r 5.4912445e+05 5.51e+00 9.98e+02   0.8 7.82e+03    -  6.52e-04 9.10e-04f  1
iter    objective    inf_pr   inf_du lg(mu)  ||d||  lg(rg) alpha_du alpha_pr  ls
  70  5.4892065e+05 5.51e+00 1.85e+02  -6.0 1.26e+06    -  1.91e-06 3.97e-06f  1
  71  5.4884967e+05 5.51e+00 1.85e+02  -6.0 4.29e+04    -  1.15e-07 6.08e-06f  1
  72  5.4817665e+05 5.51e+00 1.85e+02  -6.0 3.71e+05    -  5.12e-06 3.59e-05f  1
  73  5.4809857e+05 5.51e+00 1.85e+02  -6.0 7.00e+04    -  5.05e-07 6.68e-06f  1
  74  5.4761868e+05 5.51e+00 1.85e+02  -6.0 6.39e+04    -  1.62e-05 4.38e-05f  1
  75  5.4761867e+05 5.51e+00 1.82e+02  -6.0 1.33e+03    -  8.40e-04 1.89e-07h  1
  76  5.4760547e+05 5.50e+00 1.79e+02  -6.0 1.26e+03    -  9.72e-04 3.24e-04f  1
  77  5.4758776e+05 5.50e+00 1.85e+02  -6.0 1.73e+02    -  4.15e-08 1.50e-03f  1
  78  5.4755061e+05 5.47e+00 2.00e+02  -6.0 1.33e+02    -  2.79e-04 3.79e-03h  1
  79  5.4754442e+05 5.44e+00 2.27e+02  -6.0 3.45e+01    -  2.55e-05 6.73e-03h  1
iter    objective    inf_pr   inf_du lg(mu)  ||d||  lg(rg) alpha_du alpha_pr  ls
  80  5.4755516e+05 5.41e+00 1.56e+02  -6.0 2.07e+01    -  4.23e-02 4.61e-03h  1
  81  5.4746610e+05 5.38e+00 1.58e+02  -6.0 2.47e+02    -  1.71e-03 6.92e-03f  1
  82  5.4749108e+05 5.24e+00 1.68e+02  -6.0 8.58e+01    -  9.02e-04 2.55e-02h  1
  83  5.4780393e+05 4.92e+00 1.58e+02  -6.0 1.82e+01    -  6.04e-02 6.11e-02h  1
  84  5.4799911e+05 4.75e+00 1.33e+02  -6.0 1.17e+01    -  5.38e-02 3.46e-02h  1
  85  5.4817491e+05 4.59e+00 1.11e+02  -6.0 7.80e+00    -  8.63e-02 3.34e-02h  1
  86  5.4849763e+05 4.32e+00 1.14e+02  -6.0 1.00e+01    -  2.54e-02 5.82e-02h  1
  87  5.4918408e+05 3.77e+00 1.46e+02  -6.0 6.79e+00    -  4.23e-02 1.29e-01h  1
  88  5.4923060e+05 3.73e+00 1.45e+02  -6.0 8.49e+00    -  7.43e-04 1.03e-02h  1
  89r 5.4923060e+05 3.73e+00 9.99e+02   0.6 0.00e+00    -  0.00e+00 2.79e-07R  3
iter    objective    inf_pr   inf_du lg(mu)  ||d||  lg(rg) alpha_du alpha_pr  ls
  90r 5.4914176e+05 3.73e+00 9.99e+02   0.6 1.60e+06    -  9.26e-08 2.87e-07f  1
  91r 5.4913323e+05 3.72e+00 9.99e+02   0.6 5.66e+03    -  3.13e-04 4.48e-05f  1
  92r 5.4900770e+05 3.60e+00 9.97e+02   0.6 3.41e+03    -  1.98e-03 1.31e-03f  1
  93  5.4899959e+05 3.60e+00 1.56e+02  -6.0 1.88e+05    -  6.01e-06 9.84e-07f  1
  94  5.4896621e+05 3.60e+00 1.56e+02  -6.0 9.10e+04    -  3.79e-05 1.98e-05f  1
  95  5.4893987e+05 3.60e+00 1.56e+02  -6.0 3.93e+04    -  1.23e-04 3.07e-05f  1
  96  5.4886463e+05 3.60e+00 1.56e+02  -6.0 2.56e+03    -  4.37e-04 5.29e-04f  1
  97  5.4880337e+05 3.59e+00 1.56e+02  -6.0 1.55e+03    -  1.39e-05 2.07e-04f  1
  98  5.4860355e+05 3.59e+00 1.56e+02  -6.0 7.25e+02    -  9.67e-05 2.44e-03f  1
  99  5.4853702e+05 3.58e+00 1.55e+02  -6.0 4.67e+02    -  2.82e-03 6.91e-04f  1
iter    objective    inf_pr   inf_du lg(mu)  ||d||  lg(rg) alpha_du alpha_pr  ls
 100  5.4832041e+05 3.56e+00 1.54e+02  -6.0 1.72e+02    -  6.51e-03 6.39e-03f  1
 101  5.4830265e+05 3.51e+00 1.52e+02  -6.0 7.45e+01    -  1.24e-02 1.48e-02f  1
 102  5.4845597e+05 3.36e+00 1.38e+02  -6.0 1.77e+01    -  1.90e-01 4.28e-02h  1
 103  5.4856556e+05 3.25e+00 1.36e+02  -6.0 1.33e+01    -  7.76e-03 3.17e-02h  1
 104  5.4856613e+05 3.25e+00 1.60e+02  -6.0 5.45e+01    -  6.48e-02 1.11e-04h  1
 105  5.4859295e+05 3.23e+00 1.75e+02  -6.0 5.16e+01    -  1.94e-02 5.18e-03h  1
 106  5.4879726e+05 3.14e+00 2.51e+02  -6.0 3.16e+01    -  1.22e-01 3.05e-02h  1
 107  5.4883222e+05 3.12e+00 2.55e+02  -6.0 2.13e+01    -  7.18e-03 5.14e-03h  1
 108  5.4888837e+05 3.09e+00 2.58e+02  -6.0 7.10e+00    -  4.76e-02 9.94e-03h  1
 109  5.4926799e+05 2.88e+00 2.33e+02  -6.0 6.94e+00    -  1.41e-02 6.67e-02h  1
iter    objective    inf_pr   inf_du lg(mu)  ||d||  lg(rg) alpha_du alpha_pr  ls
 110r 5.4926799e+05 2.88e+00 9.99e+02   0.1 0.00e+00    -  0.00e+00 4.29e-07R  5
 111r 5.4907200e+05 3.11e+00 9.99e+02   0.1 4.47e+04    -  3.90e-05 8.84e-06f  1
 112r 5.4907938e+05 3.12e+00 9.99e+02   0.1 8.98e+03    -  1.10e-04 2.98e-05f  1
 113r 5.4891630e+05 2.88e+00 9.98e+02   0.1 2.44e+03    -  1.29e-03 5.69e-04f  1
 114  5.4875348e+05 2.88e+00 3.28e+02  -6.0 2.61e+05    -  6.78e-06 2.88e-05f  1
 115  5.4803773e+05 2.88e+00 3.28e+02  -6.0 6.48e+04    -  7.57e-07 1.04e-04f  1
 116  5.4791975e+05 2.88e+00 3.28e+02  -6.0 2.29e+04    -  2.44e-06 1.03e-04f  1
 117  5.4791975e+05 2.88e+00 3.28e+02  -6.0 3.30e+03    -  6.21e-06 1.34e-09h 19
 118  5.4791725e+05 2.88e+00 3.28e+02  -6.0 4.00e+03    -  8.94e-06 5.57e-05h  1
 119  5.4790573e+05 2.88e+00 3.28e+02  -6.0 2.51e+03    -  9.56e-05 4.06e-04f  1
iter    objective    inf_pr   inf_du lg(mu)  ||d||  lg(rg) alpha_du alpha_pr  ls
 120  5.4790660e+05 2.88e+00 3.28e+02  -6.0 3.39e+02    -  2.92e-04 2.10e-04h  1
 121  5.4791055e+05 2.88e+00 3.28e+02  -6.0 1.89e+02    -  1.83e-03 8.49e-04h  3
 122  5.4791814e+05 2.87e+00 3.32e+02  -6.0 1.82e+01    -  3.41e-02 1.44e-03h  3
 123  5.4818943e+05 2.72e+00 3.12e+02  -6.0 1.95e+01    -  3.80e-02 5.28e-02h  1
 124  5.4825350e+05 2.70e+00 3.09e+02  -6.0 6.21e+00    -  6.37e-03 9.29e-03h  3
 125  5.4828058e+05 2.69e+00 3.11e+02  -6.0 6.37e+00    -  2.83e-02 3.94e-03h  4
 126  5.4829447e+05 2.68e+00 3.19e+02  -6.0 1.68e+01    -  5.31e-02 2.48e-03h  6
 127  5.4830167e+05 2.68e+00 3.20e+02  -6.0 5.28e+00    -  1.20e-02 1.09e-03h  6
 128  5.4830241e+05 2.68e+00 3.25e+02  -6.0 1.82e+01    -  3.46e-02 1.31e-04h 10
 129  5.4865935e+05 2.51e+00 2.96e+02  -6.0 1.98e+01    -  3.18e-03 6.34e-02h  1
iter    objective    inf_pr   inf_du lg(mu)  ||d||  lg(rg) alpha_du alpha_pr  ls
 130  5.4892447e+05 2.40e+00 3.20e+02  -6.0 5.75e+00    -  2.48e-01 4.10e-02h  1
 131  5.4977104e+05 2.08e+00 2.78e+02  -6.0 1.42e+01    -  1.40e-01 1.34e-01h  1
 132  5.4986340e+05 2.05e+00 2.90e+02  -6.0 1.08e+01    -  1.42e-01 1.49e-02h  1
 133  5.5062742e+05 1.80e+00 2.54e+02  -6.0 8.73e+00    -  1.19e-01 1.24e-01h  1
 134r 5.5062742e+05 1.80e+00 9.99e+02   0.5 0.00e+00    -  0.00e+00 1.13e-07R  2
 135r 5.5054180e+05 1.82e+00 9.99e+02   0.5 2.10e+06    -  6.12e-07 3.31e-07f  1
 136r 5.5051917e+05 1.84e+00 9.99e+02   0.5 3.95e+04    -  1.04e-06 2.39e-06f  1
 137r 5.5048497e+05 1.87e+00 9.98e+02   0.5 2.86e+03    -  1.10e-03 2.56e-04f  1
 138  5.5046476e+05 1.87e+00 4.53e+02  -6.0 7.12e+05    -  1.36e-06 5.40e-07f  1
 139  5.5039575e+05 1.87e+00 4.53e+02  -6.0 3.22e+05    -  5.18e-06 5.27e-06f  1
iter    objective    inf_pr   inf_du lg(mu)  ||d||  lg(rg) alpha_du alpha_pr  ls
 140  5.5023984e+05 1.87e+00 4.53e+02  -6.0 2.06e+05    -  1.26e-08 1.72e-05f  2
 141  5.5008294e+05 1.87e+00 4.52e+02  -6.0 6.47e+04    -  1.66e-05 3.83e-05f  1
 142  5.5008293e+05 1.87e+00 4.52e+02  -6.0 1.29e+04    -  2.88e-06 4.44e-08h  1
 143  5.5002280e+05 1.87e+00 4.52e+02  -6.0 1.33e+04    -  3.60e-06 1.16e-04f  2
 144  5.4991609e+05 1.87e+00 4.52e+02  -6.0 5.05e+03    -  3.45e-04 3.52e-04f  1
 145  5.4985822e+05 1.87e+00 4.52e+02  -6.0 1.75e+03    -  1.50e-05 7.10e-04f  1
 146  5.4986220e+05 1.87e+00 4.51e+02  -6.0 2.58e+02    -  2.53e-05 1.04e-03h  4
 147  5.4986281e+05 1.87e+00 4.51e+02  -6.0 2.56e+02    -  4.93e-04 2.00e-04h  7
 148  5.4986334e+05 1.87e+00 4.51e+02  -6.0 1.96e+02    -  2.65e-04 1.35e-04h  8
 149  5.4993900e+05 1.84e+00 4.43e+02  -6.0 1.84e+02    -  1.82e-02 1.82e-02s 17
iter    objective    inf_pr   inf_du lg(mu)  ||d||  lg(rg) alpha_du alpha_pr  ls
 150  5.4993862e+05 1.84e+00 4.43e+02  -6.0 1.20e+02    -  1.43e-04 1.43e-04s 17
 151  5.4993802e+05 1.84e+00 4.43e+02  -6.0 1.19e+02    -  2.40e-04 2.40e-04s 17
 152  5.4988504e+05 1.79e+00 4.32e+02  -6.0 1.17e+02    -  2.38e-02 2.38e-02s 17
 153  5.5012060e+05 1.72e+00 4.15e+02  -6.0 9.07e+00    -  3.89e-02 3.89e-02s 17
 154  5.5040685e+05 1.64e+00 3.96e+02  -6.0 1.49e+01    -  4.74e-02 4.74e-02s 17
 155  5.5053603e+05 1.61e+00 3.89e+02  -6.0 1.88e+01    -  1.67e-02 1.67e-02s 17
 156  5.5064906e+05 1.59e+00 3.84e+02  -6.0 2.08e+01    -  1.33e-02 1.33e-02s 17
 157  5.5095378e+05 1.54e+00 3.71e+02  -6.0 2.23e+01    -  3.30e-02 3.30e-02s 17
 158  5.5095976e+05 1.54e+00 3.71e+02  -6.0 2.52e+01    -  5.38e-04 5.38e-04s 17
 159  5.5105901e+05 1.52e+00 3.68e+02  -6.0 2.52e+01    -  8.92e-03 8.92e-03s 17
iter    objective    inf_pr   inf_du lg(mu)  ||d||  lg(rg) alpha_du alpha_pr  ls
 160r 5.5105901e+05 1.52e+00 9.99e+02   0.4 0.00e+00    -  0.00e+00 0.00e+00R  1
 161r 5.5048779e+05 1.63e+00 9.99e+02   0.4 7.92e+05    -  4.46e-06 4.73e-06f  1
 162r 5.5046587e+05 1.64e+00 9.99e+02   0.4 1.93e+04    -  1.10e-05 6.14e-06f  1
 163r 5.5039704e+05 1.61e+00 9.97e+02   0.4 2.72e+03    -  2.28e-03 1.02e-03f  1
 164  5.5021474e+05 1.61e+00 4.82e+02  -6.0 8.03e+05    -  1.68e-06 1.14e-06f  1
 165  5.5000448e+05 1.61e+00 4.82e+02  -6.0 3.68e+05    -  9.89e-06 9.78e-06f  1
 166  5.4952958e+05 1.61e+00 4.82e+02  -6.0 1.47e+05    -  8.42e-11 5.43e-05f  2
 167  5.4919828e+05 1.61e+00 4.82e+02  -6.0 4.60e+04    -  1.10e-04 5.73e-05f  1
 168  5.4917588e+05 1.61e+00 4.82e+02  -6.0 1.15e+04    -  4.99e-04 8.73e-05f  3
 169  5.4915984e+05 1.61e+00 4.82e+02  -6.0 3.27e+03    -  2.83e-03 4.19e-04f  2
iter    objective    inf_pr   inf_du lg(mu)  ||d||  lg(rg) alpha_du alpha_pr  ls
 170  5.4916007e+05 1.61e+00 4.82e+02  -6.0 9.54e+02    -  4.17e-03 3.17e-04h  5
 171  5.4917467e+05 1.61e+00 4.87e+02  -6.0 3.38e+02    -  4.16e-02 2.36e-03h  3
 172  5.4927382e+05 1.59e+00 4.98e+02  -6.0 1.36e+02    -  1.02e-01 1.41e-02h  1
 173  5.4952183e+05 1.53e+00 4.81e+02  -6.0 9.78e+01    -  3.84e-02 3.67e-02h  1
 174  5.4956993e+05 1.52e+00 5.20e+02  -6.0 4.44e+01    -  1.59e-02 5.25e-03h  1
 175  5.4976508e+05 1.46e+00 5.01e+02  -6.0 3.77e+01    -  2.94e-03 4.03e-02h  1
 176  5.4976835e+05 1.46e+00 5.10e+02  -6.0 2.97e+01    -  5.00e-02 4.46e-04h  6
 177  5.4977066e+05 1.46e+00 5.16e+02  -6.0 2.80e+01    -  2.94e-02 3.20e-04h  8
 178  5.4977100e+05 1.46e+00 5.16e+02  -6.0 2.27e+01    -  2.89e-03 4.69e-05h 11
 179  5.5011962e+05 1.39e+00 4.91e+02  -6.0 2.38e+01    -  4.84e-02 4.84e-02s 18
iter    objective    inf_pr   inf_du lg(mu)  ||d||  lg(rg) alpha_du alpha_pr  ls
 180r 5.5011962e+05 1.39e+00 9.99e+02   0.6 0.00e+00    -  0.00e+00 0.00e+00R  1
 181r 5.4987718e+05 1.44e+00 9.99e+02   0.6 5.34e+06    -  4.73e-08 4.46e-07f  1
 182r 5.4993295e+05 1.42e+00 9.99e+02   0.6 4.49e+03    -  1.40e-05 2.42e-04f  1
 183r 5.4980518e+05 1.41e+00 9.96e+02   0.6 2.99e+03    -  2.65e-03 3.82e-04f  1
 184  5.4975365e+05 1.41e+00 6.30e+02  -6.0 1.22e+05    -  1.33e-05 1.24e-05f  1
 185  5.4972514e+05 1.41e+00 6.30e+02  -6.0 2.61e+04    -  1.15e-07 2.62e-05f  1
 186  5.4966727e+05 1.41e+00 6.30e+02  -6.0 2.06e+04    -  4.84e-06 1.69e-05f  1
 187  5.4949844e+05 1.41e+00 6.30e+02  -6.0 2.79e+04    -  2.23e-06 6.73e-05f  2
 188  5.4949216e+05 1.41e+00 6.29e+02  -6.0 7.37e+02    -  1.54e-05 5.63e-04h  2
 189  5.4947820e+05 1.41e+00 6.29e+02  -6.0 4.20e+02    -  7.92e-04 4.24e-04f  2
iter    objective    inf_pr   inf_du lg(mu)  ||d||  lg(rg) alpha_du alpha_pr  ls
 190  5.4948150e+05 1.41e+00 6.28e+02  -6.0 1.12e+02    -  2.00e-03 9.60e-04h  2
 191  5.4966725e+05 1.38e+00 6.04e+02  -6.0 1.85e+01    -  9.73e-02 2.51e-02h  2
 192  5.4976904e+05 1.36e+00 5.95e+02  -6.0 2.05e+01    -  7.66e-03 1.43e-02h  3
 193  5.4977042e+05 1.36e+00 6.01e+02  -6.0 2.09e+01    -  1.06e-01 1.82e-04h  9
 194  5.4977076e+05 1.36e+00 6.03e+02  -6.0 2.15e+01    -  4.61e-02 4.44e-05h 11
 195  5.4977093e+05 1.36e+00 6.06e+02  -6.0 2.19e+01    -  5.26e-02 2.20e-05h 12
 196  5.5010775e+05 1.30e+00 5.81e+02  -6.0 2.23e+01    -  7.75e-02 4.45e-02h  1
 197  5.5022105e+05 1.28e+00 5.67e+02  -6.0 1.43e+01    -  2.46e-03 1.44e-02h  1
 198  5.5023093e+05 1.28e+00 5.94e+02  -6.0 1.25e+01    -  2.77e-02 1.20e-03h  1
 199  5.5025135e+05 1.27e+00 6.72e+02  -6.0 1.26e+01    -  7.77e-02 2.45e-03h  1
iter    objective    inf_pr   inf_du lg(mu)  ||d||  lg(rg) alpha_du alpha_pr  ls
 200  5.5032584e+05 1.26e+00 6.65e+02  -6.0 2.76e+01    -  5.42e-03 8.84e-03h  1
 201  5.5088756e+05 1.18e+00 5.65e+02  -6.0 1.95e+01    -  4.75e-03 6.61e-02h  1
 202  5.5094745e+05 1.17e+00 6.91e+02  -6.0 3.82e+01    -  1.03e-01 7.42e-03h  1
 203  5.5115723e+05 1.15e+00 5.89e+02  -6.0 3.90e+01    -  2.25e-03 1.93e-02h  1
 204  5.5131588e+05 1.13e+00 5.38e+02  -6.0 7.05e+01    -  9.07e-03 1.56e-02h  1
 205  5.5134608e+05 1.12e+00 5.32e+02  -6.0 2.81e+01    -  2.97e-04 3.60e-03h  1
 206  5.5149677e+05 1.10e+00 4.74e+02  -6.0 2.88e+01    -  6.99e-06 1.71e-02h  1
 207  5.5149703e+05 1.10e+00 5.42e+02  -6.0 2.50e+01    -  2.41e-02 2.84e-05h  1
 208  5.5182619e+05 1.06e+00 4.87e+02  -6.0 2.79e+01    -  1.51e-02 3.71e-02h  1
 209  5.5259957e+05 9.76e-01 3.90e+02  -6.0 2.56e+01    -  3.10e-02 8.23e-02h  1
iter    objective    inf_pr   inf_du lg(mu)  ||d||  lg(rg) alpha_du alpha_pr  ls
 210r 5.5259957e+05 9.76e-01 1.00e+03   0.1 0.00e+00    -  0.00e+00 2.53e-07R  6
 211r 5.5183544e+05 9.76e-01 1.04e+03   0.1 2.23e+05    -  1.23e-06 1.06e-05f  1
 212r 5.5195164e+05 9.83e-01 1.04e+03   0.1 9.57e+04    -  2.44e-05 2.90e-05f  1
 213r 5.5212377e+05 9.65e-01 1.03e+03   0.1 2.54e+03    -  2.23e-04 4.21e-04f  1
 214  5.5212342e+05 9.64e-01 3.24e+02  -6.0 5.75e+00    -  1.80e-01 5.52e-04h  1
 215  5.5242849e+05 9.18e-01 3.71e+02  -6.0 5.70e+00    -  8.08e-02 4.82e-02h  1
 216  5.5319957e+05 8.22e-01 4.37e+02  -6.0 5.49e+00    -  1.72e-01 1.04e-01h  1
 217  5.5390562e+05 7.49e-01 6.52e+02  -6.0 5.29e+00    -  3.28e-01 8.92e-02h  1
 218  5.5656408e+05 4.93e-01 3.61e+02  -6.0 4.85e+00    -  2.38e-01 3.41e-01h  1
 219  5.5944422e+05 2.78e-01 3.34e+01  -6.0 4.24e+00    -  2.15e-01 4.36e-01h  1
iter    objective    inf_pr   inf_du lg(mu)  ||d||  lg(rg) alpha_du alpha_pr  ls
 220  5.5960192e+05 2.69e-01 2.42e+02  -6.0 2.25e+00    -  2.04e-01 3.28e-02h  1
 221  5.6224965e+05 1.19e-01 5.89e+02  -6.0 2.19e+00    -  3.55e-02 5.59e-01h  1
 222  5.6240287e+05 1.12e-01 5.54e+02  -6.0 1.96e+00    -  5.58e-02 5.42e-02h  1
 223  5.6372177e+05 5.32e-02 5.01e+01  -6.0 1.19e+00    -  6.65e-01 5.26e-01h  1
 224  5.6459916e+05 2.03e-02 6.60e+01  -6.0 6.17e-01    -  5.45e-01 6.19e-01h  1
 225  5.6517244e+05 1.14e-03 1.17e+02  -6.0 2.79e-01    -  6.16e-01 9.44e-01h  1
 226  5.6521991e+05 2.64e-05 9.83e+00  -6.0 4.58e-02    -  9.33e-01 9.99e-01h  1
 227  5.6521998e+05 3.38e-06 6.33e-02  -6.0 3.23e-02    -  9.94e-01 1.00e+00h  1
 228  5.6521998e+05 9.34e-08 1.53e-06  -6.0 3.83e-03    -  1.00e+00 1.00e+00h  1
 229  5.6521997e+05 8.63e-11 1.24e-09  -7.1 1.48e-04    -  1.00e+00 1.00e+00h  1

Number of Iterations....: 229

                                   (scaled)                 (unscaled)
Objective...............:   4.8334430426437902e+03    5.6521997284192662e+05
Dual infeasibility......:   1.2387177881029935e-09    1.4485492605855129e-07
Constraint violation....:   8.6285201206237616e-11    8.6285201206237616e-11
Variable bound violation:   2.4370007523089043e-07    2.4370007523089043e-07
Complementarity.........:   7.8448822282266827e-08    9.1737589144343136e-06
Overall NLP error.......:   7.8448822282266827e-08    9.1737589144343136e-06


Number of objective function evaluations             = 434
Number of objective gradient evaluations             = 215
Number of equality constraint evaluations            = 434
Number of inequality constraint evaluations          = 435
Number of equality constraint Jacobian evaluations   = 237
Number of inequality constraint Jacobian evaluations = 237
Number of Lagrangian Hessian evaluations             = 229
Total seconds in IPOPT                               = 2.688

EXIT: Optimal Solution Found.

