Solver command line: ['/opt/homebrew/bin/ipopt', '/var/folders/6y/bvynbx6n3zv7z3lwg6vd724r0000gn/T/tmp4xku5dlp.pyomo.nl', '-AMPL', 'tol=1e-06', 'max_iter=300', 'print_level=5']

Ipopt 3.14.19: tol=1e-06
max_iter=300
print_level=5


******************************************************************************
This program contains Ipopt, a library for large-scale nonlinear optimization.
 Ipopt is released as open source code under the Eclipse Public License (EPL).
         For more information visit https://github.com/coin-or/Ipopt
******************************************************************************

This is Ipopt version 3.14.19, running with linear solver MUMPS 5.6.2.

Number of nonzeros in equality constraint Jacobian...:     4599
Number of nonzeros in inequality constraint Jacobian.:     3288
Number of nonzeros in Lagrangian Hessian.............:     2536

Total number of variables............................:      726
                     variables with only lower bounds:        0
                variables with lower and upper bounds:      726
                     variables with only upper bounds:        0
Total number of equality constraints.................:      601
Total number of inequality constraints...............:      822
        inequality constraints with only lower bounds:        0
   inequality constraints with lower and upper bounds:        0
        inequality constraints with only upper bounds:      822

iter    objective    inf_pr   inf_du lg(mu)  ||d||  lg(rg) alpha_du alpha_pr  ls
   0  5.2203590e+05 1.75e+01 1.00e+02  -1.0 0.00e+00    -  0.00e+00 0.00e+00   0
   1  4.8129076e+05 1.69e+01 9.67e+01  -1.0 8.51e+01    -  3.28e-02 3.38e-02f  1
   2  4.6548033e+05 1.64e+01 8.75e+01  -1.0 7.37e+01    -  1.27e-01 3.43e-02f  1
   3  4.3681147e+05 1.41e+01 7.56e+01  -1.0 4.79e+01    -  1.34e-01 1.39e-01f  1
   4  4.4324875e+05 1.24e+01 5.64e+01  -1.0 1.26e+01    -  3.31e-01 1.17e-01h  1
   5  4.6305588e+05 9.31e+00 3.84e+01  -1.0 2.02e+01    -  3.72e-01 2.50e-01h  1
   6  4.8439020e+05 6.74e+00 3.62e+01  -1.0 1.06e+01    -  5.48e-01 2.76e-01h  1
   7  5.0031758e+05 5.09e+00 5.87e+01  -1.0 9.63e+00    -  6.04e-01 2.46e-01h  1
   8  5.0503383e+05 4.63e+00 2.28e+02  -1.0 7.82e+00    -  6.24e-01 9.01e-02h  1
   9  5.2351427e+05 2.88e+00 3.98e+02  -1.0 7.25e+00    -  8.27e-01 3.74e-01h  1
iter    objective    inf_pr   inf_du lg(mu)  ||d||  lg(rg) alpha_du alpha_pr  ls
  10  5.2661031e+05 2.62e+00 5.25e+02  -1.0 5.93e+00    -  2.94e-01 8.96e-02h  1
  11  5.3136797e+05 2.25e+00 7.20e+02  -1.0 7.49e+00    -  2.91e-01 1.43e-01h  1
  12  5.3736098e+05 1.80e+00 5.61e+02  -1.0 5.57e+00    -  1.73e-01 2.00e-01h  1
  13  5.5386757e+05 6.41e-01 1.23e+02  -1.0 5.33e+00    -  5.25e-01 6.41e-01h  1
  14  5.6560828e+05 3.37e-02 8.09e+02  -1.0 3.22e+00    -  4.00e-01 1.00e+00h  1
  15  5.6640458e+05 5.07e-03 1.81e+00  -1.0 7.11e-01    -  1.00e+00 1.00e+00h  1
  16  5.6652156e+05 1.89e-04 8.18e-02  -1.0 2.79e-01    -  1.00e+00 1.00e+00h  1
  17  5.6563321e+05 4.62e-03 2.90e+00  -2.5 7.64e-01    -  7.45e-01 7.17e-01f  1
  18  5.6539350e+05 2.78e-03 3.83e+00  -2.5 8.51e-01    -  7.40e-01 6.23e-01f  1
  19  5.6525697e+05 3.14e-03 4.50e-01  -2.5 6.01e-01    -  9.46e-01 9.78e-01f  1
iter    objective    inf_pr   inf_du lg(mu)  ||d||  lg(rg) alpha_du alpha_pr  ls
  20  5.6525700e+05 3.78e-04 2.10e-03  -2.5 1.65e-01    -  1.00e+00 1.00e+00h  1
  21  5.6522174e+05 4.08e-04 2.52e-01  -3.8 2.00e-01    -  9.36e-01 1.00e+00f  1
  22  5.6522191e+05 2.17e-05 1.24e-04  -3.8 4.50e-02    -  1.00e+00 1.00e+00h  1
  23  5.6522002e+05 3.70e-06 2.92e-03  -5.7 2.00e-02    -  1.00e+00 9.87e-01h  1
  24  5.6522000e+05 1.07e-08 6.52e-08  -5.7 9.10e-04    -  1.00e+00 1.00e+00h  1
  25  5.6521997e+05 3.28e-10 2.68e-09  -7.1 2.07e-04    -  1.00e+00 1.00e+00h  1

Number of Iterations....: 25

                                   (scaled)                 (unscaled)
Objective...............:   4.8334430426420176e+03    5.6521997284171940e+05
Dual infeasibility......:   2.6828108878255748e-09    3.1372631968108800e-07
Constraint violation....:   3.2835201224656885e-10    3.2835201224656885e-10
Variable bound violation:   2.4370008233631779e-07    2.4370008233631779e-07
Complementarity.........:   7.9025471753861807e-08    9.2411919628427927e-06
Overall NLP error.......:   7.9025471753861807e-08    9.2411919628427927e-06


Number of objective function evaluations             = 26
Number of objective gradient evaluations             = 26
Number of equality constraint evaluations            = 26
Number of inequality constraint evaluations          = 26
Number of equality constraint Jacobian evaluations   = 26
Number of inequality constraint Jacobian evaluations = 26
Number of Lagrangian Hessian evaluations             = 25
Total seconds in IPOPT                               = 0.166

EXIT: Optimal Solution Found.

