Solver command line: ['/opt/homebrew/bin/ipopt', '/var/folders/6y/bvynbx6n3zv7z3lwg6vd724r0000gn/T/tmp1zvg5s1s.pyomo.nl', '-AMPL', 'tol=1e-06', 'max_iter=300', 'print_level=5', 'warm_start_init_point=yes', 'warm_start_bound_push=1e-06', 'warm_start_bound_frac=1e-06', 'warm_start_mult_bound_push=1e-06', 'mu_init=1e-06', 'least_square_init_duals=no']

Ipopt 3.14.19: tol=1e-06
max_iter=300
print_level=5
warm_start_init_point=yes
warm_start_bound_push=1e-06
warm_start_bound_frac=1e-06
warm_start_mult_bound_push=1e-06
mu_init=1e-06
least_square_init_duals=no


******************************************************************************
This program contains Ipopt, a library for large-scale nonlinear optimization.
 Ipopt is released as open source code under the Eclipse Public License (EPL).
         For more information visit https://github.com/coin-or/Ipopt
******************************************************************************

This is Ipopt version 3.14.19, running with linear solver MUMPS 5.6.2.

Number of nonzeros in equality constraint Jacobian...:    30918
Number of nonzeros in inequality constraint Jacobian.:    29064
Number of nonzeros in Lagrangian Hessian.............:    17346

Total number of variables............................:     4469
                     variables with only lower bounds:        0
                variables with lower and upper bounds:     4469
                     variables with only upper bounds:        0
Total number of equality constraints.................:     4001
Total number of inequality constraints...............:     7266
        inequality constraints with only lower bounds:        0
   inequality constraints with lower and upper bounds:        0
        inequality constraints with only upper bounds:     7266

iter    objective    inf_pr   inf_du lg(mu)  ||d||  lg(rg) alpha_du alpha_pr  ls
   0  9.3844110e+05 2.18e+01 1.00e+02  -6.0 0.00e+00    -  0.00e+00 0.00e+00   0
   1  9.3667401e+05 2.18e+01 1.00e+02  -6.0 2.56e+06    -  8.24e-08 8.24e-08f  1
   2  9.3577582e+05 2.18e+01 1.00e+02  -6.0 2.15e+06    -  3.72e-07 8.23e-08f  1
   3  9.3403151e+05 2.18e+01 1.00e+02  -6.0 1.14e+06    -  1.03e-06 3.67e-07f  1
   4  9.3212436e+05 2.18e+01 1.00e+02  -6.0 1.25e+06    -  2.44e-06 1.27e-06f  1
   5  9.3091035e+05 2.18e+01 1.00e+02  -6.0 7.77e+05    -  2.07e-06 2.32e-06f  1
   6  9.3031753e+05 2.18e+01 1.00e+02  -6.0 3.94e+05    -  2.89e-06 3.07e-06f  1
   7  9.2977415e+05 2.18e+01 1.00e+02  -6.0 1.99e+05    -  1.14e-05 5.70e-06f  1
   8  9.2944077e+05 2.18e+01 1.00e+02  -6.0 1.14e+05    -  1.09e-05 9.18e-06f  1
   9  9.2923642e+05 2.18e+01 1.00e+02  -6.0 5.98e+04    -  5.92e-06 1.25e-05f  1
iter    objective    inf_pr   inf_du lg(mu)  ||d||  lg(rg) alpha_du alpha_pr  ls
  10  9.2918949e+05 2.18e+01 1.00e+02  -6.0 2.44e+04    -  2.27e-05 5.88e-06f  1
  11  9.2915360e+05 2.18e+01 1.00e+02  -6.0 2.28e+04    -  2.00e-05 8.37e-06f  1
  12  9.2909465e+05 2.18e+01 1.00e+02  -6.0 2.71e+04    -  1.14e-05 2.55e-05f  1
  13  9.2907340e+05 2.18e+01 1.00e+02  -6.0 8.89e+03    -  6.02e-05 1.42e-05f  1
  14  9.2900382e+05 2.18e+01 1.00e+02  -6.0 4.18e+03    -  1.67e-04 5.79e-05f  1
  15  9.2882724e+05 2.18e+01 1.00e+02  -6.0 1.16e+03    -  4.75e-04 1.99e-04f  1
  16  9.2844469e+05 2.18e+01 9.99e+01  -6.0 2.36e+02    -  2.15e-03 4.87e-04f  1
  17  9.2748589e+05 2.17e+01 9.98e+01  -6.0 1.07e+02    -  1.00e-02 1.24e-03f  1
  18  9.2597682e+05 2.17e+01 9.96e+01  -6.0 2.54e+02    -  8.67e-04 1.95e-03f  1
  19  9.2411508e+05 2.17e+01 9.94e+01  -6.0 1.12e+02    -  2.43e-03 2.44e-03f  1
iter    objective    inf_pr   inf_du lg(mu)  ||d||  lg(rg) alpha_du alpha_pr  ls
  20  9.2377054e+05 2.16e+01 9.93e+01  -6.0 1.30e+02    -  4.63e-03 4.57e-04f  1
  21  9.2263210e+05 2.16e+01 9.92e+01  -6.0 1.13e+02    -  3.23e-03 1.53e-03f  1
  22  9.2258336e+05 2.16e+01 9.92e+01  -6.0 1.14e+02    -  3.59e-03 6.62e-05f  1
  23  9.1947161e+05 2.15e+01 9.87e+01  -6.0 1.13e+02    -  2.94e-03 4.24e-03f  1
  24  9.1943130e+05 2.15e+01 9.87e+01  -6.0 1.17e+02    -  5.98e-03 5.67e-05f  1
  25  9.1867954e+05 2.15e+01 9.86e+01  -6.0 1.18e+02    -  6.80e-03 1.06e-03f  1
  26  9.1783859e+05 2.15e+01 9.85e+01  -6.0 1.17e+02    -  5.31e-03 1.19e-03f  1
  27  9.1203661e+05 2.13e+01 9.77e+01  -6.0 1.21e+02    -  1.39e-03 8.35e-03f  1
  28  9.1203577e+05 2.13e+01 9.77e+01  -6.0 9.51e+01    -  2.61e-02 1.62e-06h  1
  29  9.1182186e+05 2.13e+01 9.76e+01  -6.0 9.85e+01    -  2.73e-02 4.15e-04f  1
iter    objective    inf_pr   inf_du lg(mu)  ||d||  lg(rg) alpha_du alpha_pr  ls
  30  9.0705313e+05 2.11e+01 9.67e+01  -6.0 1.01e+02    -  5.24e-02 9.32e-03f  1
  31  9.0476269e+05 2.10e+01 9.63e+01  -6.0 1.10e+02    -  4.55e-03 4.66e-03f  1
  32  9.0122158e+05 2.08e+01 9.56e+01  -6.0 1.11e+02    -  9.16e-03 7.38e-03f  1
  33  8.9715343e+05 2.06e+01 9.47e+01  -6.0 1.17e+02    -  7.08e-03 8.77e-03f  1
  34  8.9398815e+05 2.05e+01 9.41e+01  -6.0 1.22e+02    -  2.22e-02 7.08e-03f  1
  35  8.9394481e+05 2.05e+01 9.41e+01  -6.0 1.28e+02    -  1.34e-02 9.97e-05f  1
  36  8.9320449e+05 2.05e+01 9.39e+01  -6.0 1.29e+02    -  2.01e-03 1.71e-03f  1
  37  8.8970042e+05 2.03e+01 9.31e+01  -6.0 1.25e+02    -  7.85e-03 8.14e-03f  1
  38  8.8969174e+05 2.03e+01 9.31e+01  -6.0 8.97e+01    -  5.23e-03 2.51e-05f  1
  39  8.8774580e+05 2.02e+01 9.26e+01  -6.0 8.97e+01    -  3.68e-03 5.66e-03f  1
iter    objective    inf_pr   inf_du lg(mu)  ||d||  lg(rg) alpha_du alpha_pr  ls
  40  8.8405087e+05 2.00e+01 9.16e+01  -6.0 9.09e+01    -  2.56e-03 1.10e-02f  1
  41  8.8232132e+05 1.99e+01 9.11e+01  -6.0 9.33e+01    -  5.48e-03 5.31e-03f  1
  42  8.8231870e+05 1.99e+01 9.11e+01  -6.0 9.35e+01    -  4.62e-03 1.03e-05h  1
  43  8.8218446e+05 1.98e+01 9.10e+01  -6.0 9.63e+01    -  1.14e-02 5.46e-04f  1
  44  8.8021806e+05 1.96e+01 9.00e+01  -6.0 1.21e+02    -  6.41e-03 1.11e-02f  1
  45  8.7928160e+05 1.95e+01 8.95e+01  -6.0 1.46e+02    -  6.90e-03 5.63e-03f  1
  46  8.7826324e+05 1.94e+01 8.90e+01  -6.0 1.44e+02    -  6.71e-03 6.33e-03f  1
  47  8.7805797e+05 1.94e+01 8.88e+01  -6.0 1.42e+02    -  6.96e-03 1.34e-03f  1
  48  8.7698347e+05 1.92e+01 8.82e+01  -6.0 8.03e+01    -  1.48e-02 7.07e-03f  1
  49  8.7682549e+05 1.92e+01 8.81e+01  -6.0 7.05e+01    -  7.33e-03 1.07e-03f  1
iter    objective    inf_pr   inf_du lg(mu)  ||d||  lg(rg) alpha_du alpha_pr  ls
  50  8.7663250e+05 1.92e+01 8.80e+01  -6.0 1.32e+02    -  1.11e-03 1.32e-03f  1
  51r 8.7663250e+05 1.92e+01 9.99e+02   0.7 0.00e+00    -  0.00e+00 2.87e-10R  5
  52r 8.7695409e+05 1.90e+01 9.99e+02   0.7 3.14e+04    -  7.71e-06 1.76e-05f  1
  53r 8.7679499e+05 1.80e+01 9.99e+02   0.7 4.88e+03    -  1.71e-05 1.02e-04f  1
  54  8.7678273e+05 1.80e+01 9.13e+01  -6.0 1.24e+04    -  1.32e-04 4.99e-05f  1
  55  8.7671460e+05 1.80e+01 9.12e+01  -6.0 1.06e+03    -  6.02e-06 3.87e-04f  1
  56  8.7659714e+05 1.80e+01 9.12e+01  -6.0 1.43e+03    -  4.04e-05 4.98e-04f  1
  57  8.7615994e+05 1.79e+01 9.09e+01  -6.0 2.47e+02    -  1.56e-02 2.66e-03f  1
  58  8.7514953e+05 1.78e+01 9.04e+01  -6.0 1.70e+02    -  4.04e-06 6.30e-03f  1
  59  8.7458793e+05 1.78e+01 9.01e+01  -6.0 1.27e+02    -  1.34e-03 3.61e-03f  1
iter    objective    inf_pr   inf_du lg(mu)  ||d||  lg(rg) alpha_du alpha_pr  ls
  60  8.7435346e+05 1.77e+01 8.99e+01  -6.0 1.26e+02    -  1.31e-02 1.56e-03f  1
  61  8.7389101e+05 1.77e+01 8.96e+01  -6.0 1.58e+02    -  8.64e-03 3.15e-03f  1
  62  8.7158239e+05 1.74e+01 8.81e+01  -6.0 1.76e+02    -  1.47e-02 1.65e-02f  1
  63  8.7136408e+05 1.74e+01 8.80e+01  -6.0 2.36e+02    -  1.07e-02 1.71e-03f  1
  64  8.7130314e+05 1.73e+01 8.79e+01  -6.0 8.67e+01    -  4.99e-03 6.35e-04f  1
  65  8.7112956e+05 1.73e+01 8.78e+01  -6.0 9.34e+01    -  7.51e-03 1.77e-03f  1
  66  8.7098313e+05 1.73e+01 8.76e+01  -6.0 3.29e+01    -  1.03e-02 2.60e-03f  1
  67  8.7075140e+05 1.72e+01 8.73e+01  -6.0 6.46e+01    -  6.21e-04 3.44e-03f  1
  68  8.7074241e+05 1.72e+01 8.72e+01  -6.0 5.62e+01    -  3.21e-02 1.52e-04h  1
  69  8.7068089e+05 1.72e+01 8.72e+01  -6.0 5.54e+01    -  4.65e-03 1.06e-03f  1
iter    objective    inf_pr   inf_du lg(mu)  ||d||  lg(rg) alpha_du alpha_pr  ls
  70  8.7029252e+05 1.71e+01 8.67e+01  -6.0 7.49e+01    -  3.48e-04 5.25e-03f  1
  71  8.7026278e+05 1.71e+01 8.67e+01  -6.0 6.82e+01    -  8.32e-03 4.62e-04h  1
  72  8.6996784e+05 1.70e+01 8.64e+01  -6.0 1.26e+02    -  6.52e-05 3.22e-03f  1
  73  8.6985678e+05 1.70e+01 8.62e+01  -6.0 6.49e+01    -  1.11e-02 1.81e-03f  1
  74  8.6979095e+05 1.70e+01 8.61e+01  -6.0 4.47e+01    -  1.54e-03 1.46e-03f  1
  75  8.6972583e+05 1.70e+01 8.60e+01  -6.0 4.24e+01    -  3.97e-03 1.53e-03f  1
  76  8.6969153e+05 1.69e+01 8.59e+01  -6.0 3.95e+01    -  4.44e-03 8.78e-04h  1
  77  8.6949468e+05 1.68e+01 8.54e+01  -6.0 3.81e+01    -  6.20e-03 5.32e-03f  1
  78  8.6948454e+05 1.68e+01 8.54e+01  -6.0 3.30e+01    -  5.59e-03 3.05e-04h  1
  79  8.6946326e+05 1.68e+01 8.53e+01  -6.0 3.11e+01    -  2.19e-03 6.46e-04h  1
iter    objective    inf_pr   inf_du lg(mu)  ||d||  lg(rg) alpha_du alpha_pr  ls
  80  8.6942473e+05 1.68e+01 8.53e+01  -6.0 8.33e+01    -  6.08e-03 6.75e-04h  1
  81  8.6906006e+05 1.67e+01 8.47e+01  -6.0 5.82e+01    -  1.32e-03 6.44e-03f  1
  82  8.6888327e+05 1.67e+01 8.44e+01  -6.0 7.71e+01    -  3.35e-03 3.43e-03f  1
  83  8.6888246e+05 1.67e+01 8.44e+01  -6.0 1.48e+02    -  1.04e-04 1.27e-05h  1
  84  8.6852041e+05 1.66e+01 8.40e+01  -6.0 1.48e+02    -  1.08e-02 5.69e-03f  1
  85  8.6851178e+05 1.66e+01 8.39e+01  -6.0 8.93e+01    -  5.83e-03 2.17e-04h  1
  86  8.6835293e+05 1.65e+01 8.36e+01  -6.0 8.97e+01    -  1.87e-02 4.05e-03f  1
  87  8.6822645e+05 1.64e+01 8.33e+01  -6.0 9.48e+01    -  1.76e-02 3.77e-03f  1
  88  8.6823655e+05 1.64e+01 8.29e+01  -6.0 6.64e+01    -  6.14e-03 9.29e-04h  1
  89  8.6828110e+05 1.63e+01 8.27e+01  -6.0 6.51e+01    -  1.35e-03 3.74e-03h  1
iter    objective    inf_pr   inf_du lg(mu)  ||d||  lg(rg) alpha_du alpha_pr  ls
  90  8.6832376e+05 1.63e+01 8.18e+01  -6.0 6.01e+01    -  1.62e-02 2.48e-03h  1
  91  8.6845707e+05 1.62e+01 8.12e+01  -6.0 6.87e+01    -  6.48e-03 6.94e-03h  1
  92  8.6859957e+05 1.61e+01 8.06e+01  -6.0 5.18e+01    -  7.96e-03 6.70e-03h  1
  93  8.6870136e+05 1.60e+01 8.02e+01  -6.0 5.06e+01    -  5.97e-03 4.36e-03h  1
  94  8.6884982e+05 1.59e+01 7.91e+01  -6.0 5.28e+01    -  1.72e-02 6.07e-03h  1
  95  8.6895906e+05 1.59e+01 7.85e+01  -6.0 5.51e+01    -  9.51e-03 4.25e-03h  1
  96  8.6898034e+05 1.58e+01 7.80e+01  -6.0 5.46e+01    -  9.23e-03 8.04e-04h  1
  97r 8.6898034e+05 1.58e+01 9.99e+02   0.6 0.00e+00    -  0.00e+00 3.21e-08R  2
  98r 8.6897844e+05 1.58e+01 9.99e+02   0.6 2.40e+04    -  6.36e-06 1.87e-07f  1
  99r 8.6900446e+05 1.57e+01 9.99e+02   0.6 3.40e+04    -  3.77e-07 8.44e-06f  1
iter    objective    inf_pr   inf_du lg(mu)  ||d||  lg(rg) alpha_du alpha_pr  ls
 100r 8.6875684e+05 1.53e+01 9.99e+02   0.6 3.50e+03    -  1.02e-04 5.31e-05f  1
 101r 8.6803706e+05 1.45e+01 9.99e+02   0.6 3.32e+03    -  5.79e-05 1.51e-04f  1
 102  8.6800763e+05 1.45e+01 8.15e+01  -6.0 4.18e+04    -  1.91e-06 1.91e-05f  1
 103  8.6799606e+05 1.45e+01 8.15e+01  -6.0 1.23e+03    -  3.47e-05 2.99e-04h  1
 104  8.6799079e+05 1.45e+01 8.15e+01  -6.0 8.53e+02    -  1.91e-05 4.24e-05h  1
 105  8.6797455e+05 1.45e+01 8.15e+01  -6.0 8.58e+02    -  2.44e-04 1.40e-04f  1
 106  8.6796968e+05 1.45e+01 8.15e+01  -6.0 7.42e+02    -  1.65e-06 2.47e-04f  1
 107  8.6796570e+05 1.45e+01 8.14e+01  -6.0 3.76e+02    -  6.56e-04 1.17e-03h  1
 108  8.6796698e+05 1.45e+01 8.14e+01  -6.0 1.60e+02    -  5.59e-04 1.44e-04h  1
 109r 8.6796698e+05 1.45e+01 9.99e+02   0.5 0.00e+00    -  0.00e+00 2.97e-10R 11
iter    objective    inf_pr   inf_du lg(mu)  ||d||  lg(rg) alpha_du alpha_pr  ls
 110r 8.6791732e+05 1.45e+01 9.99e+02   0.5 2.14e+05    -  4.91e-07 1.82e-07f  6
 111r 8.6777914e+05 1.42e+01 9.99e+02   0.5 2.95e+03    -  2.45e-04 3.50e-05f  1
 112r 8.6657507e+05 1.31e+01 9.99e+02   0.5 2.57e+03    -  2.22e-04 2.51e-04f  1
 113  8.6657034e+05 1.31e+01 1.07e+02  -6.0 1.44e+04    -  3.09e-06 8.58e-06f  1
 114  8.6656680e+05 1.31e+01 1.07e+02  -6.0 3.92e+03    -  1.09e-06 5.39e-05h  1
 115  8.6656748e+05 1.31e+01 1.07e+02  -6.0 2.52e+03    -  4.07e-05 4.41e-05h  3
 116  8.6656733e+05 1.31e+01 1.07e+02  -6.0 1.90e+03    -  2.00e-04 1.13e-04h  1
 117  8.6657111e+05 1.31e+01 1.07e+02  -6.0 8.45e+02    -  9.23e-05 4.51e-04h  3
 118  8.6658024e+05 1.31e+01 1.07e+02  -6.0 2.23e+02    -  1.77e-03 7.89e-04h  1
 119  8.6664436e+05 1.30e+01 1.07e+02  -6.0 2.11e+02    -  2.78e-03 4.67e-03h  1
iter    objective    inf_pr   inf_du lg(mu)  ||d||  lg(rg) alpha_du alpha_pr  ls
 120  8.6668734e+05 1.30e+01 1.06e+02  -6.0 2.24e+02    -  5.32e-03 2.28e-03h  1
 121  8.6668815e+05 1.30e+01 1.06e+02  -6.0 7.84e+01    -  9.31e-03 2.69e-05h  1
 122  8.6689405e+05 1.29e+01 1.04e+02  -6.0 7.70e+01    -  1.22e-02 6.33e-03h  1
 123  8.6701865e+05 1.29e+01 1.02e+02  -6.0 1.42e+01    -  3.22e-02 3.61e-03h  1
 124  8.6702161e+05 1.29e+01 1.02e+02  -6.0 2.05e+01    -  2.66e-03 8.30e-05h  1
 125  8.6781893e+05 1.26e+01 1.00e+02  -6.0 2.03e+01    -  9.04e-03 2.18e-02h  1
 126  8.6845107e+05 1.24e+01 9.81e+01  -6.0 1.51e+01    -  2.56e-02 1.60e-02h  1
 127  8.6939497e+05 1.21e+01 9.53e+01  -6.0 1.41e+01    -  3.03e-02 2.03e-02h  1
 128  8.6965146e+05 1.21e+01 9.39e+01  -6.0 1.35e+01    -  1.83e-02 5.33e-03h  1
 129  8.6989825e+05 1.20e+01 9.10e+01  -6.0 1.35e+01    -  3.91e-02 5.09e-03h  1
iter    objective    inf_pr   inf_du lg(mu)  ||d||  lg(rg) alpha_du alpha_pr  ls
 130  8.7031573e+05 1.19e+01 9.08e+01  -6.0 6.68e+01    -  3.47e-04 9.39e-03h  1
 131  8.7037142e+05 1.19e+01 9.03e+01  -6.0 5.98e+01    -  7.33e-03 1.22e-03h  1
 132  8.7039441e+05 1.19e+01 8.62e+01  -6.0 5.86e+01    -  6.07e-02 5.01e-04h  1
 133  8.7077166e+05 1.18e+01 8.40e+01  -6.0 1.39e+01    -  3.11e-02 7.24e-03h  1
 134  8.7102407e+05 1.17e+01 8.17e+01  -6.0 1.35e+01    -  3.61e-02 4.75e-03h  1
 135  8.7190316e+05 1.15e+01 8.11e+01  -6.0 1.04e+01    -  3.62e-03 1.62e-02h  1
 136  8.7201300e+05 1.15e+01 7.99e+01  -6.0 1.11e+01    -  2.01e-02 1.95e-03h  1
 137  8.7263544e+05 1.14e+01 7.80e+01  -6.0 1.33e+01    -  2.90e-02 1.05e-02h  1
 138  8.7369874e+05 1.12e+01 7.69e+01  -6.0 1.37e+01    -  1.27e-02 1.76e-02h  1
 139  8.7425978e+05 1.11e+01 7.40e+01  -6.0 1.25e+01    -  4.95e-02 9.12e-03h  1
iter    objective    inf_pr   inf_du lg(mu)  ||d||  lg(rg) alpha_du alpha_pr  ls
 140  8.7446070e+05 1.11e+01 7.30e+01  -6.0 1.14e+01    -  1.64e-02 3.25e-03h  1
 141  8.7472882e+05 1.10e+01 6.96e+01  -6.0 1.14e+01    -  6.41e-02 4.28e-03h  1
 142  8.7544922e+05 1.09e+01 6.86e+01  -6.0 1.13e+01  -2.0 1.59e-02 1.12e-02h  1
 143  8.7592317e+05 1.08e+01 6.29e+01  -6.0 1.05e+01  -1.6 1.19e-01 7.18e-03h  1
 144  8.7692013e+05 1.07e+01 6.18e+01  -6.0 7.95e+00  -1.1 2.53e-02 1.45e-02h  1
 145  8.7700147e+05 1.06e+01 6.17e+01  -6.0 5.13e+00  -1.6 2.59e-02 1.22e-03h  1
 146  8.7832828e+05 1.04e+01 6.05e+01  -6.0 4.66e+00  -1.2 4.28e-03 1.91e-02h  1
 147  8.7910440e+05 1.03e+01 5.99e+01  -6.0 3.11e+00  -0.8 7.93e-02 1.05e-02h  1
 148  8.8123536e+05 1.00e+01 5.81e+01  -6.0 3.88e+00  -1.3 4.63e-02 3.01e-02h  1
 149  8.8143044e+05 9.99e+00 5.87e+01  -6.0 2.69e+00  -0.8 3.69e-02 2.67e-03h  1
iter    objective    inf_pr   inf_du lg(mu)  ||d||  lg(rg) alpha_du alpha_pr  ls
 150  8.8367262e+05 9.68e+00 5.75e+01  -6.0 3.13e+00  -1.3 3.96e-02 3.15e-02h  1
 151  8.8818199e+05 9.07e+00 5.48e+01  -6.0 2.69e+00  -0.9 7.23e-02 6.25e-02h  1
 152  8.8846688e+05 9.03e+00 6.11e+01  -6.0 2.95e+00  -1.4 1.08e-01 4.27e-03h  1
 153  8.8893392e+05 8.97e+00 6.34e+01  -6.0 2.63e+00  -0.9 4.31e-02 6.80e-03h  1
 154  8.9177336e+05 8.61e+00 6.30e+01  -6.0 2.31e+00  -0.5 5.53e-02 3.98e-02h  1
 155  8.9264321e+05 8.50e+00 6.79e+01  -6.0 2.64e+00  -1.0 1.02e-01 1.31e-02h  1
 156  8.9400505e+05 8.33e+00 6.57e+01  -6.0 2.20e+00  -0.6 1.22e-02 1.98e-02h  1
 157  8.9427882e+05 8.30e+00 6.91e+01  -6.0 2.66e+00  -1.0 7.36e-02 4.18e-03h  1
 158  8.9501550e+05 8.21e+00 6.91e+01  -6.0 2.16e+00  -0.6 1.84e-02 1.09e-02h  1
 159  8.9514163e+05 8.19e+00 7.41e+01  -6.0 2.71e+00  -1.1 1.10e-01 1.94e-03h  1
iter    objective    inf_pr   inf_du lg(mu)  ||d||  lg(rg) alpha_du alpha_pr  ls
 160  8.9662487e+05 8.01e+00 7.73e+01  -6.0 2.25e+00  -0.7 8.44e-02 2.22e-02h  1
 161  8.9747745e+05 7.91e+00 8.55e+01  -6.0 2.00e+00  -0.2 6.75e-02 1.24e-02h  1
 162  8.9909955e+05 7.71e+00 9.03e+01  -6.0 2.47e+00  -0.7 1.66e-01 2.48e-02h  1
 163  9.0072293e+05 7.53e+00 8.94e+01  -6.0 1.90e+00  -0.3 3.49e-02 2.44e-02h  1
 164  9.0178168e+05 7.40e+00 8.79e+01  -6.0 2.52e+00  -0.8 1.85e-02 1.69e-02h  1
 165  9.0208705e+05 7.36e+00 9.55e+01  -6.0 1.87e+00  -0.3 8.75e-02 4.75e-03h  1
 166  9.0351417e+05 7.21e+00 8.95e+01  -6.0 1.74e+00   0.1 7.99e-03 2.15e-02h  1
 167  9.0402577e+05 7.15e+00 9.58e+01  -6.0 1.98e+00  -0.4 1.12e-01 8.17e-03h  1
 168  9.0498515e+05 7.04e+00 9.67e+01  -6.0 1.71e+00   0.0 2.55e-02 1.48e-02h  1
 169  9.0764330e+05 6.74e+00 9.29e+01  -6.0 2.27e+00  -0.4 5.57e-02 4.32e-02h  1
iter    objective    inf_pr   inf_du lg(mu)  ||d||  lg(rg) alpha_du alpha_pr  ls
 170  9.0876804e+05 6.61e+00 9.83e+01  -6.0 1.61e+00  -0.0 6.15e-02 1.83e-02h  1
 171  9.0981124e+05 6.49e+00 9.81e+01  -6.0 2.28e+00  -0.5 1.85e-01 1.80e-02h  1
 172  9.1063525e+05 6.40e+00 1.06e+02  -6.0 1.62e+00  -0.1 8.85e-02 1.38e-02h  1
 173  9.1187508e+05 6.26e+00 1.03e+02  -6.0 2.32e+00  -0.5 7.03e-02 2.19e-02h  1
 174  9.1349175e+05 6.09e+00 1.03e+02  -6.0 1.63e+00  -0.1 6.75e-02 2.81e-02h  1
 175  9.1580439e+05 5.85e+00 9.37e+01  -6.0 1.43e+00   0.3 2.49e-02 3.98e-02h  1
 176  9.1663084e+05 5.76e+00 9.37e+01  -6.0 1.65e+00  -0.2 5.40e-02 1.54e-02h  1
 177  9.1823847e+05 5.59e+00 9.44e+01  -6.0 1.52e+00   0.3 4.27e-02 2.92e-02h  1
 178  9.2051821e+05 5.34e+00 9.03e+01  -6.0 1.79e+00  -0.2 3.34e-02 4.42e-02h  1
 179  9.2391533e+05 4.99e+00 7.66e+01  -6.0 1.48e+00   0.2 6.68e-03 6.58e-02h  1
iter    objective    inf_pr   inf_du lg(mu)  ||d||  lg(rg) alpha_du alpha_pr  ls
 180  9.2571258e+05 4.80e+00 7.18e+01  -6.0 1.72e+00  -0.3 1.43e-01 3.90e-02h  1
 181  9.2669144e+05 4.69e+00 7.18e+01  -6.0 1.56e+00   0.2 3.78e-02 2.10e-02h  1
 182  9.2719674e+05 4.64e+00 6.84e+01  -6.0 2.02e+00  -0.3 9.11e-02 1.16e-02h  1
 183  9.2969455e+05 4.38e+00 6.54e+01  -6.0 1.55e+00   0.1 6.63e-02 5.51e-02h  1
 184  9.3035267e+05 4.32e+00 7.84e+01  -6.0 1.30e+00   0.5 6.00e-02 1.48e-02h  1
 185  9.3244066e+05 4.11e+00 7.57e+01  -6.0 1.51e+00   0.1 1.76e-01 4.96e-02h  1
 186  9.3343743e+05 4.01e+00 8.13e+01  -6.0 1.26e+00   0.5 5.90e-02 2.40e-02h  1
 187  9.3627659e+05 3.71e+00 7.15e+01  -6.0 1.46e+00   0.0 1.98e-01 7.30e-02h  1
 188  9.3925068e+05 3.43e+00 6.40e+01  -6.0 1.19e+00   0.4 6.10e-02 7.73e-02h  1
 189  9.4037330e+05 3.32e+00 5.63e+01  -6.0 1.36e+00  -0.0 1.22e-01 3.28e-02h  1
iter    objective    inf_pr   inf_du lg(mu)  ||d||  lg(rg) alpha_du alpha_pr  ls
 190  9.4159451e+05 3.20e+00 5.99e+01  -6.0 1.11e+00   0.4 1.19e-01 3.56e-02h  1
 191  9.4179612e+05 3.18e+00 5.22e+01  -6.0 1.38e+00  -0.1 9.39e-02 6.33e-03h  1
 192  9.4346414e+05 3.02e+00 5.02e+01  -6.0 1.13e+00   0.3 7.52e-02 5.06e-02h  1
 193  9.4501678e+05 2.87e+00 4.18e+01  -6.0 9.49e-01   0.8 1.71e-02 4.85e-02h  1
 194  9.4511251e+05 2.86e+00 4.16e+01  -6.0 1.08e+00   0.3 5.06e-02 3.23e-03h  1
 195  9.4650362e+05 2.73e+00 3.97e+01  -6.0 9.33e-01   0.7 1.97e-03 4.57e-02h  1
 196  9.4670181e+05 2.71e+00 3.94e+01  -6.0 1.19e+00   0.2 1.74e-01 7.04e-03h  1
 197  9.4698896e+05 2.68e+00 3.90e+01  -6.0 9.08e-01   0.7 4.06e-02 9.98e-03h  1
 198  9.4810555e+05 2.58e+00 3.75e+01  -6.0 8.20e-01   1.1 3.60e-02 3.86e-02h  1
 199  9.4995255e+05 2.41e+00 3.50e+01  -6.0 8.80e-01   0.6 1.16e-01 6.74e-02h  1
iter    objective    inf_pr   inf_du lg(mu)  ||d||  lg(rg) alpha_du alpha_pr  ls
 200  9.5118604e+05 2.29e+00 3.34e+01  -6.0 7.48e-01   1.0 4.45e-02 4.74e-02h  1
 201  9.5260829e+05 2.16e+00 3.14e+01  -6.0 8.28e-01   0.6 1.60e-01 5.87e-02h  1
 202  9.5274083e+05 2.15e+00 3.12e+01  -6.0 6.91e-01   1.0 3.16e-02 5.65e-03h  1
 203  9.5423853e+05 2.00e+00 2.92e+01  -6.0 1.56e+00   0.5 4.08e-02 6.59e-02h  1
 204  9.5465947e+05 1.97e+00 2.86e+01  -6.0 8.74e-01   0.9 2.92e-02 1.92e-02h  1
 205  9.5521534e+05 1.91e+00 2.78e+01  -6.0 1.12e+00   0.5 1.66e-02 2.69e-02h  1
 206  9.5609448e+05 1.83e+00 2.80e+01  -6.0 8.53e-01   0.9 6.84e-02 4.21e-02h  1
 207  9.5633109e+05 1.81e+00 2.63e+01  -6.0 9.96e-01   0.4 6.31e-02 1.24e-02h  1
 208  9.5754140e+05 1.70e+00 2.47e+01  -6.0 8.21e-01   0.8 3.33e-02 6.15e-02h  1
 209  9.5754580e+05 1.70e+00 2.47e+01  -6.0 9.56e-01   0.4 1.08e-01 2.51e-04h  1
iter    objective    inf_pr   inf_du lg(mu)  ||d||  lg(rg) alpha_du alpha_pr  ls
 210  9.5878133e+05 1.58e+00 2.30e+01  -6.0 7.90e-01   0.8 8.56e-02 6.72e-02h  1
 211  9.5898833e+05 1.56e+00 2.28e+01  -6.0 1.05e+00   0.3 2.05e-02 1.28e-02h  1
 212  9.6134899e+05 1.34e+00 1.96e+01  -6.0 7.48e-01   0.7 6.50e-02 1.40e-01h  1
 213  9.6151052e+05 1.33e+00 1.93e+01  -6.0 8.48e-01   0.2 1.99e-03 1.21e-02h  1
 214  9.6151830e+05 1.33e+00 1.94e+01  -6.0 6.75e-01   0.7 2.94e-02 5.45e-04h  1
 215  9.6174889e+05 1.30e+00 1.90e+01  -6.0 8.68e-01   0.2 3.94e-03 1.77e-02h  1
 216  9.6176169e+05 1.30e+00 2.47e+01  -6.0 6.77e-01   0.6 2.75e-01 9.24e-04h  1
 217  9.6253119e+05 1.23e+00 1.97e+01  -6.0 5.82e-01   1.0 1.11e-01 5.40e-02h  1
 218  9.6253297e+05 1.23e+00 3.23e+01  -6.0 6.65e-01   0.6 3.55e-01 1.37e-04h  1
 219  9.6273290e+05 1.21e+00 3.23e+01  -6.0 5.64e-01   1.0 1.03e-02 1.48e-02h  1
iter    objective    inf_pr   inf_du lg(mu)  ||d||  lg(rg) alpha_du alpha_pr  ls
 220  9.6273309e+05 1.21e+00 5.55e+01  -6.0 6.80e-01   0.5 3.38e-01 1.44e-05h  1
 221  9.6381738e+05 1.11e+00 4.43e+01  -6.0 5.67e-01   0.9 1.47e-01 8.18e-02h  1
 222  9.6408306e+05 1.09e+00 6.17e+01  -6.0 6.59e-01   0.5 2.62e-01 2.29e-02h  1
 223  9.6704382e+05 8.18e-01 6.10e+01  -6.0 5.32e-01   0.9 9.96e-03 2.49e-01h  1
 224  9.6722529e+05 8.00e-01 8.50e+01  -6.0 5.68e-01   0.4 3.26e-01 2.19e-02h  1
 225  9.6819410e+05 7.11e-01 6.31e+01  -6.0 4.27e-01   0.8 7.41e-01 1.12e-01h  1
 226  9.6827353e+05 7.03e-01 7.90e+01  -6.0 5.44e-01   0.4 2.15e-01 1.13e-02h  1
 227  9.7151950e+05 3.99e-01 4.42e+01  -6.0 3.98e-01   0.8 9.69e-01 4.32e-01h  1
 228  9.7157402e+05 3.93e-01 5.43e+01  -6.0 4.49e-01   0.3 1.64e-01 1.58e-02h  1
 229  9.7173481e+05 3.77e-01 6.92e+01  -6.0 2.86e-01   0.7 5.47e-01 4.04e-02h  1
iter    objective    inf_pr   inf_du lg(mu)  ||d||  lg(rg) alpha_du alpha_pr  ls
 230  9.7200968e+05 3.44e-01 6.27e+01  -6.0 4.67e-01   0.3 7.99e-02 8.79e-02h  1
 231  9.7225325e+05 3.19e-01 5.97e+01  -6.0 2.80e-01   0.7 1.41e-01 7.16e-02h  1
 232  9.7248097e+05 2.89e-01 5.45e+01  -6.0 4.76e-01   0.2 1.05e-01 9.47e-02h  1
 233  9.7277356e+05 2.58e-01 5.16e+01  -6.0 2.72e-01   0.6 2.49e-01 1.06e-01h  1
 234  9.7298297e+05 2.26e-01 4.35e+01  -6.0 4.98e-01   0.2 7.94e-02 1.25e-01h  1
 235  9.7309777e+05 2.13e-01 7.13e+01  -6.0 3.04e-01   0.6 5.49e-01 5.46e-02h  1
 236  9.7326265e+05 1.86e-01 6.06e+01  -6.0 7.09e-01   0.1 8.13e-02 1.29e-01h  1
 237  9.7349743e+05 1.59e-01 5.38e+01  -6.0 3.14e-01   0.5 2.22e-01 1.45e-01h  1
 238  9.7354329e+05 1.49e-01 5.67e+01  -6.0 8.18e-01   0.1 2.71e-01 6.21e-02h  1
 239  9.7382692e+05 1.15e-01 4.57e+01  -6.0 3.60e-01   0.5 3.14e-01 2.26e-01h  1
iter    objective    inf_pr   inf_du lg(mu)  ||d||  lg(rg) alpha_du alpha_pr  ls
 240  9.7383772e+05 1.09e-01 4.77e+01  -6.0 8.78e-01   0.0 3.71e-01 5.46e-02h  1
 241  9.7387976e+05 1.03e-01 4.73e+01  -6.0 3.72e-01   0.4 4.07e-01 5.42e-02h  1
 242  9.7389179e+05 8.03e-02 3.68e+01  -6.0 8.82e-01  -0.0 2.98e-01 2.18e-01h  1
 243  9.7383336e+05 7.68e-02 3.26e+01  -6.0 1.69e+00  -0.5 1.68e-01 4.31e-02f  1
 244  9.7382623e+05 7.45e-02 3.14e+01  -6.0 9.10e-01  -0.1 1.00e-01 3.05e-02h  1
 245  9.7378547e+05 7.16e-02 3.00e+01  -6.0 1.86e+00  -0.6 4.70e-02 3.86e-02f  1
 246  9.7378169e+05 6.96e-02 2.94e+01  -6.0 1.00e+00  -0.1 1.17e-01 2.86e-02h  1
 247  9.7376200e+05 6.84e-02 2.85e+01  -6.0 2.32e+00  -0.6 4.04e-02 1.62e-02f  1
 248  9.7376001e+05 6.78e-02 2.82e+01  -6.0 1.08e+00  -0.2 1.89e-02 9.65e-03h  1
 249  9.7377001e+05 6.57e-02 2.83e+01  -6.0 5.05e-01   0.2 1.05e-01 3.05e-02h  1
iter    objective    inf_pr   inf_du lg(mu)  ||d||  lg(rg) alpha_du alpha_pr  ls
 250  9.7373658e+05 5.80e-02 2.50e+01  -6.0 1.17e+00  -0.2 2.77e-02 1.17e-01f  1
 251  9.7374834e+05 5.47e-02 2.46e+01  -6.0 5.40e-01   0.2 1.66e-01 5.69e-02h  1
 252  9.7373050e+05 5.22e-02 2.33e+01  -6.0 1.23e+00  -0.3 9.67e-02 4.48e-02h  1
 253  9.7374421e+05 4.69e-02 2.70e+01  -6.0 5.85e-01   0.1 6.08e-01 1.02e-01h  1
 254  9.7372587e+05 4.52e-02 2.68e+01  -6.0 1.30e+00  -0.3 9.38e-02 3.60e-02h  1
 255  9.7375238e+05 2.05e-02 1.73e+01  -6.0 6.30e-01   0.1 9.83e-01 5.40e-01h  1
 256  9.7371549e+05 1.95e-02 1.64e+01  -6.0 1.31e+00  -0.4 2.58e-01 5.25e-02f  1
 257  9.7370934e+05 1.94e-02 1.64e+01  -6.0 4.94e+00  -0.9 3.36e-02 3.21e-03f  1
 258  9.7369064e+05 1.87e-02 1.50e+01  -6.0 1.45e+00  -0.5 4.47e-01 3.36e-02f  1
 259  9.7364745e+05 1.80e-02 1.45e+01  -6.0 2.42e+00  -0.9 7.63e-02 3.95e-02f  1
iter    objective    inf_pr   inf_du lg(mu)  ||d||  lg(rg) alpha_du alpha_pr  ls
 260  9.7361463e+05 1.69e-02 1.36e+01  -6.0 1.51e+00  -0.5 9.76e-02 5.80e-02f  1
 261  9.7359055e+05 1.47e-02 2.37e+01  -6.0 7.55e-01  -0.1 1.00e+00 1.34e-01h  1
 262  9.7351140e+05 1.25e-02 2.06e+01  -6.0 1.56e+00  -0.6 4.44e-01 1.39e-01f  1
 263  9.7350078e+05 1.17e-02 1.95e+01  -6.0 5.11e+00  -1.0 1.52e-01 6.47e-02h  1
 264  9.7350052e+05 1.16e-02 2.26e+01  -6.0 2.76e-01  -0.6 1.84e-01 1.32e-02h  1
 265  9.7347441e+05 8.89e-03 1.48e+01  -6.0 7.38e-01  -1.1 4.81e-02 2.31e-01h  1
 266  9.7347369e+05 8.11e-03 2.47e+01  -6.0 2.69e-01  -0.7 5.08e-01 8.76e-02h  1
 267  9.7346741e+05 7.54e-03 2.24e+01  -6.0 6.55e-01  -1.1 4.25e-02 7.08e-02h  1
 268  9.7346629e+05 6.72e-03 3.56e+01  -6.0 2.79e-01  -0.7 1.00e+00 1.08e-01h  1
 269  9.7346263e+05 6.41e-03 3.39e+01  -6.0 6.85e-01  -1.2 6.70e-02 4.68e-02h  1
iter    objective    inf_pr   inf_du lg(mu)  ||d||  lg(rg) alpha_du alpha_pr  ls
 270  9.7346190e+05 5.96e-03 3.13e+01  -6.0 2.85e-01  -0.8 4.72e-01 7.00e-02h  1
 271  9.7345888e+05 5.68e-03 2.97e+01  -6.0 7.53e-01  -1.2 7.41e-02 4.72e-02h  1
 272  9.7345807e+05 5.10e-03 2.64e+01  -6.0 3.02e-01  -0.8 3.44e-01 1.01e-01h  1
 273  9.7345320e+05 4.70e-03 2.42e+01  -6.0 7.99e-01  -1.3 1.50e-01 7.99e-02h  1
 274  9.7345232e+05 4.17e-03 9.38e+01  -6.0 3.07e-01  -0.9 1.00e+00 1.13e-01h  1
 275  9.7344608e+05 3.64e-03 8.22e+01  -6.0 6.32e-01  -1.3 1.48e-01 1.27e-01h  1
 276  9.7344587e+05 3.48e-03 7.43e+01  -6.0 3.05e-01  -0.9 5.15e-01 4.40e-02h  1
 277  9.7344182e+05 3.10e-03 6.76e+01  -6.0 7.54e-01  -1.4 1.50e-01 1.08e-01h  1
 278  9.7344254e+05 2.41e-03 5.25e+01  -6.0 1.83e-01  -1.0 4.52e-01 2.23e-01h  1
 279  9.7344094e+05 2.17e-03 4.73e+01  -6.0 5.25e-01  -1.4 1.66e-01 1.00e-01h  1
iter    objective    inf_pr   inf_du lg(mu)  ||d||  lg(rg) alpha_du alpha_pr  ls
 280  9.7344113e+05 1.94e-03 4.20e+01  -6.0 1.78e-01  -1.0 1.00e+00 1.04e-01h  1
 281  9.7343939e+05 1.65e-03 3.55e+01  -6.0 4.24e-01  -1.5 3.25e-01 1.52e-01h  1
 282  9.7344096e+05 8.34e-04 1.78e+01  -6.0 1.88e-01  -1.1 1.00e+00 4.93e-01h  1
 283  9.7343085e+05 5.08e-03 1.18e+01  -6.0 1.73e+00    -  1.37e-01 3.47e-01h  1
 284  9.7343044e+05 4.73e-03 1.10e+01  -6.0 1.40e+00    -  6.73e-02 6.77e-02h  1
 285  9.7342999e+05 4.22e-03 9.53e+00  -6.0 1.37e+00    -  4.54e-01 1.09e-01h  1
 286  9.7342908e+05 2.54e-03 5.71e+00  -6.0 1.29e+00    -  3.15e-01 4.05e-01h  1
 287  9.7342949e+05 1.82e-03 3.99e+00  -6.0 9.72e-01    -  7.26e-01 2.86e-01h  1
 288  9.7342992e+05 1.40e-03 3.07e+00  -6.0 7.61e-01    -  1.00e+00 2.31e-01h  1
 289  9.7343154e+05 5.35e-04 5.02e-01  -6.0 6.04e-01    -  1.00e+00 8.36e-01h  1
iter    objective    inf_pr   inf_du lg(mu)  ||d||  lg(rg) alpha_du alpha_pr  ls
 290  9.7343247e+05 8.83e-05 9.21e-03  -6.0 1.89e-01    -  1.00e+00 1.00e+00h  1
 291  9.7343251e+05 1.90e-07 4.98e-08  -6.0 1.21e-02    -  1.00e+00 1.00e+00h  1
 292  9.7343247e+05 4.16e-08 1.10e-06  -7.1 1.79e-03    -  1.00e+00 1.00e+00h  1
 293  9.7343247e+05 6.39e-10 2.05e-08  -7.1 1.77e-04    -  1.00e+00 1.00e+00h  1

Number of Iterations....: 293

                                   (scaled)                 (unscaled)
Objective...............:   8.0048956324371202e+03    9.7343247411384515e+05
Dual infeasibility......:   2.0457827965084847e-08    2.4877668623625724e-06
Constraint violation....:   2.6139329589724980e-10    6.3856175902543555e-10
Variable bound violation:   1.0402856887026246e-07    1.0402856887026246e-07
Complementarity.........:   7.6897650181788205e-08    9.3511112832846883e-06
Overall NLP error.......:   7.6897650181788205e-08    9.3511112832846883e-06


Number of objective function evaluations             = 324
Number of objective gradient evaluations             = 288
Number of equality constraint evaluations            = 324
Number of inequality constraint evaluations          = 325
Number of equality constraint Jacobian evaluations   = 297
Number of inequality constraint Jacobian evaluations = 297
Number of Lagrangian Hessian evaluations             = 293
Total seconds in IPOPT                               = 20.455

EXIT: Optimal Solution Found.

