Solver command line: ['/opt/homebrew/bin/ipopt', '/var/folders/6y/bvynbx6n3zv7z3lwg6vd724r0000gn/T/tmpxdk5o1wo.pyomo.nl', '-AMPL', 'tol=1e-06', 'max_iter=300', 'print_level=5']

Ipopt 3.14.19: tol=1e-06
max_iter=300
print_level=5


******************************************************************************
This program contains Ipopt, a library for large-scale nonlinear optimization.
 Ipopt is released as open source code under the Eclipse Public License (EPL).
         For more information visit https://github.com/coin-or/Ipopt
******************************************************************************

This is Ipopt version 3.14.19, running with linear solver MUMPS 5.6.2.

Number of nonzeros in equality constraint Jacobian...:    30918
Number of nonzeros in inequality constraint Jacobian.:    29064
Number of nonzeros in Lagrangian Hessian.............:    17346

Total number of variables............................:     4469
                     variables with only lower bounds:        0
                variables with lower and upper bounds:     4469
                     variables with only upper bounds:        0
Total number of equality constraints.................:     4001
Total number of inequality constraints...............:     7266
        inequality constraints with only lower bounds:        0
   inequality constraints with lower and upper bounds:        0
        inequality constraints with only upper bounds:     7266

iter    objective    inf_pr   inf_du lg(mu)  ||d||  lg(rg) alpha_du alpha_pr  ls
   0  9.7055406e+05 3.78e-01 1.37e+01  -1.0 0.00e+00    -  0.00e+00 0.00e+00   0
   1  9.7076987e+05 3.61e-01 1.22e+02  -1.0 2.01e-01   2.0 9.66e-01 4.35e-02f  1
   2  9.7139997e+05 2.79e-01 8.61e+01  -1.0 1.79e-01   1.5 3.00e-01 2.28e-01f  1
   3  9.7220077e+05 2.06e-01 4.98e+01  -1.0 2.28e-01   1.0 4.27e-01 2.64e-01f  1
   4  9.7472329e+05 4.36e-02 4.41e+01  -1.0 1.52e-01   1.5 6.47e-01 7.95e-01f  1
   5  9.7623612e+05 6.56e-03 2.86e+01  -1.0 2.04e-01   1.0 7.64e-01 1.00e+00f  1
   6  9.7700176e+05 8.76e-03 3.70e+01  -1.0 1.62e+00    -  7.54e-01 7.35e-01f  1
   7  9.7722159e+05 9.91e-03 2.58e+01  -1.0 1.53e+00    -  5.25e-01 2.87e-01f  1
   8  9.7787305e+05 2.14e-02 1.01e+01  -1.0 9.54e-01    -  8.33e-01 1.00e+00f  1
   9  9.7789911e+05 1.27e-02 9.40e-02  -1.0 5.29e-01    -  9.94e-01 1.00e+00h  1
iter    objective    inf_pr   inf_du lg(mu)  ||d||  lg(rg) alpha_du alpha_pr  ls
  10  9.7641096e+05 3.41e-03 4.25e+01  -1.7 3.59e-01    -  9.93e-01 7.34e-01f  1
  11  9.7466819e+05 1.85e-02 1.32e+00  -1.7 3.88e-01    -  1.00e+00 1.00e+00f  1
  12  9.7479323e+05 1.41e-04 6.49e-03  -1.7 5.39e-02    -  1.00e+00 1.00e+00h  1
  13  9.7404752e+05 2.87e-03 1.01e+01  -3.8 4.45e-01    -  7.52e-01 5.03e-01f  1
  14  9.7401393e+05 2.77e-03 2.37e+01  -3.8 6.69e-01    -  2.66e-01 3.94e-02f  1
  15  9.7378526e+05 3.14e-03 3.12e+01  -3.8 7.38e-01    -  5.16e-01 2.84e-01f  1
  16  9.7368573e+05 2.94e-03 3.13e+01  -3.8 7.17e-01    -  6.00e-01 1.89e-01f  1
  17  9.7364090e+05 2.68e-03 4.18e+01  -3.8 4.96e-01    -  8.37e-01 1.30e-01f  1
  18  9.7356470e+05 2.33e-03 2.58e+01  -3.8 3.17e-01    -  2.56e-01 3.18e-01f  1
  19  9.7350181e+05 1.97e-03 1.35e+01  -3.8 5.57e-01    -  4.89e-01 3.49e-01f  1
iter    objective    inf_pr   inf_du lg(mu)  ||d||  lg(rg) alpha_du alpha_pr  ls
  20  9.7344885e+05 7.82e-04 1.36e+01  -3.8 2.24e-01    -  5.01e-01 7.07e-01h  1
  21  9.7344629e+05 6.54e-04 8.67e+00  -3.8 1.01e-01    -  5.08e-01 1.70e-01h  1
  22  9.7344327e+05 4.83e-04 2.89e+00  -3.8 8.67e-02    -  1.00e+00 2.71e-01h  1
  23  9.7343689e+05 3.22e-05 6.51e-01  -3.8 5.93e-02    -  9.69e-01 1.00e+00h  1
  24  9.7343704e+05 4.34e-06 3.53e-04  -3.8 1.05e-02    -  1.00e+00 1.00e+00h  1
  25  9.7343388e+05 1.16e-05 2.64e+00  -5.7 4.50e-02    -  8.75e-01 6.92e-01h  1
  26  9.7343289e+05 7.57e-06 1.33e+00  -5.7 3.37e-02    -  1.00e+00 7.22e-01h  1
  27  9.7343252e+05 2.43e-06 7.16e-05  -5.7 2.04e-02    -  1.00e+00 1.00e+00h  1
  28  9.7343253e+05 1.21e-07 4.52e-06  -5.7 3.57e-03    -  1.00e+00 1.00e+00h  1
  29  9.7343247e+05 1.19e-07 3.69e-06  -7.1 2.98e-03    -  1.00e+00 1.00e+00h  1
iter    objective    inf_pr   inf_du lg(mu)  ||d||  lg(rg) alpha_du alpha_pr  ls
  30  9.7343247e+05 4.62e-09 1.72e-07  -7.1 4.77e-04    -  1.00e+00 1.00e+00h  1

Number of Iterations....: 30

                                   (scaled)                 (unscaled)
Objective...............:   9.3305453787090555e+03    9.7343247411693458e+05
Dual infeasibility......:   1.7240531232459577e-07    1.7986615242232903e-05
Constraint violation....:   1.8901907261614781e-09    4.6180265167450329e-09
Variable bound violation:   1.0402856887026246e-07    1.0402856887026246e-07
Complementarity.........:   1.0517239874066902e-07    1.0972373442237836e-05
Overall NLP error.......:   1.7240531232459577e-07    1.7986615242232903e-05


Number of objective function evaluations             = 31
Number of objective gradient evaluations             = 31
Number of equality constraint evaluations            = 31
Number of inequality constraint evaluations          = 31
Number of equality constraint Jacobian evaluations   = 31
Number of inequality constraint Jacobian evaluations = 31
Number of Lagrangian Hessian evaluations             = 30
Total seconds in IPOPT                               = 2.214

EXIT: Optimal Solution Found.

