Solver command line: ['/opt/homebrew/bin/ipopt', '/var/folders/6y/bvynbx6n3zv7z3lwg6vd724r0000gn/T/tmpj8635v8l.pyomo.nl', '-AMPL', 'tol=1e-06', 'max_iter=300', 'print_level=5', 'warm_start_init_point=yes', 'warm_start_bound_push=1e-06', 'warm_start_bound_frac=1e-06', 'warm_start_mult_bound_push=1e-06', 'mu_init=1e-06', 'least_square_init_duals=no']

Ipopt 3.14.19: tol=1e-06
max_iter=300
print_level=5
warm_start_init_point=yes
warm_start_bound_push=1e-06
warm_start_bound_frac=1e-06
warm_start_mult_bound_push=1e-06
mu_init=1e-06
least_square_init_duals=no


******************************************************************************
This program contains Ipopt, a library for large-scale nonlinear optimization.
 Ipopt is released as open source code under the Eclipse Public License (EPL).
         For more information visit https://github.com/coin-or/Ipopt
******************************************************************************

This is Ipopt version 3.14.19, running with linear solver MUMPS 5.6.2.

Number of nonzeros in equality constraint Jacobian...:    30918
Number of nonzeros in inequality constraint Jacobian.:    29064
Number of nonzeros in Lagrangian Hessian.............:    17346

Total number of variables............................:     4469
                     variables with only lower bounds:        0
                variables with lower and upper bounds:     4469
                     variables with only upper bounds:        0
Total number of equality constraints.................:     4001
Total number of inequality constraints...............:     7266
        inequality constraints with only lower bounds:        0
   inequality constraints with lower and upper bounds:        0
        inequality constraints with only upper bounds:     7266

iter    objective    inf_pr   inf_du lg(mu)  ||d||  lg(rg) alpha_du alpha_pr  ls
   0  9.7343219e+05 2.18e+01 9.85e+01  -6.0 0.00e+00    -  0.00e+00 0.00e+00   0
   1  9.7048254e+05 3.11e+00 1.88e+01  -6.0 7.89e+00    -  6.93e-03 8.16e-01f  1
   2  9.7319584e+05 1.37e-01 9.49e-01  -6.0 5.00e+00    -  1.00e+00 9.43e-01h  1
   3  9.7343242e+05 1.17e-04 7.66e-04  -6.0 3.93e-01    -  1.00e+00 1.00e+00h  1
   4  9.7343250e+05 5.34e-09 1.44e-07  -6.0 1.44e-03    -  1.00e+00 1.00e+00h  1
   5  9.7343247e+05 3.21e-08 9.94e-07  -7.1 1.55e-03    -  1.00e+00 1.00e+00h  1

Number of Iterations....: 5

                                   (scaled)                 (unscaled)
Objective...............:   9.3305453787964343e+03    9.7343247412605060e+05
Dual infeasibility......:   9.9402923847369905e-07    1.0370458549614836e-04
Constraint violation....:   1.1322627280208053e-08    3.2062331012383538e-08
Variable bound violation:   1.0402858308111718e-07    1.0402858308111718e-07
Complementarity.........:   1.8109957440724221e-07    1.8893665870703513e-05
Overall NLP error.......:   9.9402923847369905e-07    1.0370458549614836e-04


Number of objective function evaluations             = 6
Number of objective gradient evaluations             = 6
Number of equality constraint evaluations            = 6
Number of inequality constraint evaluations          = 7
Number of equality constraint Jacobian evaluations   = 6
Number of inequality constraint Jacobian evaluations = 6
Number of Lagrangian Hessian evaluations             = 5
Total seconds in IPOPT                               = 0.515

EXIT: Optimal Solution Found.

