Solver command line: ['/opt/homebrew/bin/ipopt', '/var/folders/6y/bvynbx6n3zv7z3lwg6vd724r0000gn/T/tmpnt5f4ngt.pyomo.nl', '-AMPL', 'tol=1e-06', 'max_iter=300', 'print_level=5', 'warm_start_init_point=yes', 'warm_start_bound_push=1e-06', 'warm_start_bound_frac=1e-06', 'warm_start_mult_bound_push=1e-06', 'mu_init=1e-06', 'least_square_init_duals=no']

Ipopt 3.14.19: tol=1e-06
max_iter=300
print_level=5
warm_start_init_point=yes
warm_start_bound_push=1e-06
warm_start_bound_frac=1e-06
warm_start_mult_bound_push=1e-06
mu_init=1e-06
least_square_init_duals=no


******************************************************************************
This program contains Ipopt, a library for large-scale nonlinear optimization.
 Ipopt is released as open source code under the Eclipse Public License (EPL).
         For more information visit https://github.com/coin-or/Ipopt
******************************************************************************

This is Ipopt version 3.14.19, running with linear solver MUMPS 5.6.2.

Number of nonzeros in equality constraint Jacobian...:    30918
Number of nonzeros in inequality constraint Jacobian.:    29064
Number of nonzeros in Lagrangian Hessian.............:    17346

Total number of variables............................:     4469
                     variables with only lower bounds:        0
                variables with lower and upper bounds:     4469
                     variables with only upper bounds:        0
Total number of equality constraints.................:     4001
Total number of inequality constraints...............:     7266
        inequality constraints with only lower bounds:        0
   inequality constraints with lower and upper bounds:        0
        inequality constraints with only upper bounds:     7266

iter    objective    inf_pr   inf_du lg(mu)  ||d||  lg(rg) alpha_du alpha_pr  ls
   0  9.3844110e+05 2.21e+01 2.18e+02  -6.0 0.00e+00    -  0.00e+00 0.00e+00   0
   1  9.3765937e+05 2.21e+01 2.18e+02  -6.0 1.38e+01   0.0 1.49e-03 1.50e-03f  1
   2  9.3687864e+05 2.21e+01 2.18e+02  -6.0 2.45e+01  -0.5 3.76e-03 1.10e-03f  1
   3  9.3568185e+05 2.20e+01 2.17e+02  -6.0 3.16e+01  -1.0 7.72e-03 1.65e-03f  1
   4  9.3161623e+05 2.19e+01 2.05e+02  -6.0 3.78e+01  -1.4 6.90e-03 6.27e-03f  1
   5  9.2862325e+05 2.17e+01 1.91e+02  -6.0 3.18e+01  -1.0 2.00e-02 6.94e-03f  1
   6  9.2571846e+05 2.16e+01 1.80e+02  -6.0 5.25e+01  -1.5 2.41e-02 7.18e-03f  1
   7  9.2096072e+05 2.12e+01 1.51e+02  -6.0 2.93e+01  -1.1 3.01e-02 1.71e-02f  1
   8  9.1664115e+05 2.09e+01 1.49e+02  -6.0 4.54e+01  -1.5 2.00e-02 1.61e-02f  1
   9  9.1380678e+05 2.06e+01 1.47e+02  -6.0 6.46e+01  -2.0 3.33e-02 1.09e-02f  1
iter    objective    inf_pr   inf_du lg(mu)  ||d||  lg(rg) alpha_du alpha_pr  ls
  10  9.0997970e+05 2.03e+01 1.45e+02  -6.0 8.30e+01  -2.5 1.19e-02 1.49e-02f  1
  11  9.0804756e+05 2.02e+01 1.44e+02  -6.0 1.04e+02  -3.0 4.28e-02 7.76e-03f  1
  12  9.0549505e+05 1.99e+01 1.42e+02  -6.0 1.01e+02  -2.5 2.76e-02 1.19e-02f  1
  13  9.0338866e+05 1.97e+01 1.40e+02  -6.0 1.23e+02  -3.0 1.24e-02 1.02e-02f  1
  14  9.0269169e+05 1.96e+01 1.40e+02  -6.0 1.17e+02  -2.6 2.19e-02 3.97e-03f  1
  15  8.9796680e+05 1.91e+01 1.36e+02  -6.0 1.37e+02  -3.1 5.02e-03 2.55e-02f  1
  16  8.9755422e+05 1.91e+01 1.35e+02  -6.0 1.79e+02    -  3.21e-02 2.25e-03f  1
  17  8.9634339e+05 1.89e+01 1.34e+02  -6.0 1.36e+02  -2.6 1.12e-02 8.66e-03f  1
  18  8.9433735e+05 1.85e+01 1.27e+02  -6.0 9.69e+01  -2.2 3.45e-02 2.10e-02f  1
  19  8.9414489e+05 1.85e+01 1.27e+02  -6.0 1.43e+02  -2.7 9.26e-02 1.79e-03f  1
iter    objective    inf_pr   inf_du lg(mu)  ||d||  lg(rg) alpha_du alpha_pr  ls
  20  8.9256311e+05 1.80e+01 1.23e+02  -6.0 1.02e+02  -2.3 4.17e-04 2.45e-02f  1
  21  8.9248100e+05 1.80e+01 1.23e+02  -6.0 1.49e+02  -2.7 7.54e-02 1.01e-03f  1
  22  8.9113751e+05 1.73e+01 1.18e+02  -6.0 1.08e+02  -2.3 8.25e-02 4.05e-02f  1
  23  8.9079290e+05 1.70e+01 1.16e+02  -6.0 1.56e+02  -2.8 1.60e-01 1.72e-02f  1
  24  8.9222362e+05 1.59e+01 1.39e+02  -6.0 1.16e+02  -2.4 2.13e-02 6.18e-02h  1
  25  8.9255759e+05 1.53e+01 1.39e+02  -6.0 1.67e+02  -2.8 2.88e-01 4.07e-02h  1
  26  8.9182617e+05 1.41e+01 9.65e+01  -6.0 2.45e+02    -  5.18e-02 8.03e-02f  1
  27  8.9179708e+05 1.40e+01 9.61e+01  -6.0 3.16e+02    -  9.76e-06 4.07e-03h  1
  28  8.9475958e+05 1.34e+01 9.18e+01  -6.0 1.19e+02  -2.4 9.20e-02 4.55e-02h  1
  29  8.9587374e+05 1.30e+01 8.92e+01  -6.0 1.91e+02  -2.9 1.26e-02 2.87e-02h  1
iter    objective    inf_pr   inf_du lg(mu)  ||d||  lg(rg) alpha_du alpha_pr  ls
  30  8.9803501e+05 1.26e+01 8.64e+01  -6.0 1.23e+02  -2.5 1.17e-01 3.22e-02h  1
  31  9.0083148e+05 1.17e+01 8.06e+01  -6.0 1.98e+02  -2.9 9.85e-02 6.83e-02h  1
  32  9.0172873e+05 1.13e+01 7.79e+01  -6.0 2.76e+02  -3.4 1.59e-01 3.47e-02h  1
  33  9.0418191e+05 1.01e+01 1.58e+02  -6.0 3.67e+02    -  7.75e-02 1.06e-01H  1
  34  9.0515354e+05 9.56e+00 1.83e+02  -6.0 4.59e+02    -  1.40e-01 5.35e-02h  1
  35  9.0568049e+05 9.34e+00 1.85e+02  -6.0 5.12e+02    -  1.91e-01 2.34e-02h  1
  36  9.0836003e+05 8.26e+00 3.09e+02  -6.0 5.29e+02    -  2.30e-01 1.15e-01h  1
  37  9.0876123e+05 8.19e+00 3.07e+02  -6.0 2.31e+02    -  3.74e-01 9.16e-03h  1
  38  9.1854913e+05 6.60e+00 3.24e+02  -6.0 1.51e+02    -  4.63e-01 1.93e-01h  1
  39  9.2279691e+05 5.96e+00 3.05e+02  -6.0 1.74e+02    -  9.57e-02 9.68e-02h  1
iter    objective    inf_pr   inf_du lg(mu)  ||d||  lg(rg) alpha_du alpha_pr  ls
  40  9.2507834e+05 5.63e+00 2.91e+02  -6.0 1.73e+02    -  3.72e-01 5.49e-02h  1
  41  9.2840863e+05 5.18e+00 2.74e+02  -6.0 1.56e+02    -  3.36e-01 7.95e-02h  1
  42  9.3012154e+05 4.96e+00 2.64e+02  -6.0 1.50e+02    -  1.89e-01 4.29e-02h  1
  43  9.3654646e+05 4.15e+00 2.40e+02  -6.0 1.97e+02    -  9.93e-02 1.64e-01h  1
  44  9.3737420e+05 4.04e+00 2.35e+02  -6.0 1.91e+02    -  1.90e-01 2.46e-02h  1
  45  9.4321385e+05 3.33e+00 2.08e+02  -6.0 1.84e+02    -  2.48e-01 1.76e-01h  1
  46  9.4733330e+05 2.84e+00 1.85e+02  -6.0 1.62e+02    -  3.91e-01 1.47e-01h  1
  47  9.5025135e+05 2.50e+00 1.66e+02  -6.0 1.33e+02    -  4.94e-01 1.19e-01h  1
  48  9.5130648e+05 2.38e+00 1.58e+02  -6.0 1.13e+02    -  3.85e-01 4.83e-02h  1
  49  9.5278400e+05 2.21e+00 1.48e+02  -6.0 5.30e+01    -  1.21e-01 6.90e-02h  1
iter    objective    inf_pr   inf_du lg(mu)  ||d||  lg(rg) alpha_du alpha_pr  ls
  50  9.5470740e+05 2.00e+00 1.35e+02  -6.0 4.98e+01    -  3.19e-01 9.58e-02h  1
  51  9.5812718e+05 1.63e+00 1.14e+02  -6.0 4.55e+01    -  1.42e-01 1.87e-01h  1
  52  9.5938230e+05 1.49e+00 1.05e+02  -6.0 3.78e+01    -  1.15e-01 8.36e-02h  1
  53  9.6166546e+05 1.24e+00 8.94e+01  -6.0 3.48e+01    -  1.88e-01 1.65e-01h  1
  54  9.6190759e+05 1.22e+00 8.75e+01  -6.0 2.97e+01    -  1.88e-01 2.09e-02h  1
  55  9.6392286e+05 1.00e+00 7.31e+01  -6.0 2.91e+01    -  7.55e-01 1.77e-01h  1
  56  9.6575388e+05 8.06e-01 5.97e+01  -6.0 2.46e+01    -  3.97e-01 1.95e-01h  1
  57  9.6994439e+05 3.61e-01 3.06e+01  -6.0 2.05e+01    -  8.38e-01 5.50e-01h  1
  58  9.7132764e+05 2.17e-01 1.84e+01  -6.0 1.13e+01    -  9.99e-01 3.99e-01h  1
  59  9.7280612e+05 6.41e-02 7.08e+00  -6.0 6.75e+00    -  1.00e+00 7.04e-01h  1
iter    objective    inf_pr   inf_du lg(mu)  ||d||  lg(rg) alpha_du alpha_pr  ls
  60  9.7334091e+05 9.33e-03 1.04e+00  -6.0 1.54e+00    -  1.00e+00 8.54e-01h  1
  61  9.7343252e+05 3.57e-05 2.68e-02  -6.0 4.74e-01    -  1.00e+00 1.00e+00h  1
  62  9.7343251e+05 4.38e-06 6.17e-05  -6.0 8.17e-02    -  1.00e+00 1.00e+00h  1
  63  9.7343251e+05 6.54e-08 9.40e-07  -6.0 9.99e-03    -  1.00e+00 1.00e+00h  1
  64  9.7343247e+05 4.16e-08 1.10e-06  -7.1 8.76e-03    -  1.00e+00 1.00e+00h  1
  65  9.7343247e+05 6.39e-10 2.05e-08  -7.1 1.28e-03    -  1.00e+00 1.00e+00h  1

Number of Iterations....: 65

                                   (scaled)                 (unscaled)
Objective...............:   8.0048956324371329e+03    9.7343247411384678e+05
Dual infeasibility......:   2.0457756549171401e-08    2.4877581778559267e-06
Constraint violation....:   2.6139485020948428e-10    6.3888128121192267e-10
Variable bound violation:   1.0402856887026246e-07    1.0402856887026246e-07
Complementarity.........:   7.6897796470344828e-08    9.3511290726523625e-06
Overall NLP error.......:   7.6897796470344828e-08    9.3511290726523625e-06


Number of objective function evaluations             = 67
Number of objective gradient evaluations             = 66
Number of equality constraint evaluations            = 67
Number of inequality constraint evaluations          = 67
Number of equality constraint Jacobian evaluations   = 66
Number of inequality constraint Jacobian evaluations = 66
Number of Lagrangian Hessian evaluations             = 65
Total seconds in IPOPT                               = 4.980

EXIT: Optimal Solution Found.

