Solver command line: ['/opt/homebrew/bin/ipopt', '/var/folders/6y/bvynbx6n3zv7z3lwg6vd724r0000gn/T/tmpwjt4pi9t.pyomo.nl', '-AMPL', 'tol=1e-06', 'max_iter=300', 'print_level=5', 'warm_start_init_point=yes', 'warm_start_bound_push=1e-06', 'warm_start_bound_frac=1e-06', 'warm_start_mult_bound_push=1e-06', 'mu_init=1e-06', 'least_square_init_duals=no']

Ipopt 3.14.19: tol=1e-06
max_iter=300
print_level=5
warm_start_init_point=yes
warm_start_bound_push=1e-06
warm_start_bound_frac=1e-06
warm_start_mult_bound_push=1e-06
mu_init=1e-06
least_square_init_duals=no


******************************************************************************
This program contains Ipopt, a library for large-scale nonlinear optimization.
 Ipopt is released as open source code under the Eclipse Public License (EPL).
         For more information visit https://github.com/coin-or/Ipopt
******************************************************************************

This is Ipopt version 3.14.19, running with linear solver MUMPS 5.6.2.

Number of nonzeros in equality constraint Jacobian...:    30918
Number of nonzeros in inequality constraint Jacobian.:    29064
Number of nonzeros in Lagrangian Hessian.............:    17346

Total number of variables............................:     4469
                     variables with only lower bounds:        0
                variables with lower and upper bounds:     4469
                     variables with only upper bounds:        0
Total number of equality constraints.................:     4001
Total number of inequality constraints...............:     7266
        inequality constraints with only lower bounds:        0
   inequality constraints with lower and upper bounds:        0
        inequality constraints with only upper bounds:     7266

iter    objective    inf_pr   inf_du lg(mu)  ||d||  lg(rg) alpha_du alpha_pr  ls
   0  9.3844110e+05 2.18e+01 9.43e+01  -6.0 0.00e+00    -  0.00e+00 0.00e+00   0
   1  9.3604825e+05 2.18e+01 9.41e+01  -6.0 6.97e+01    -  2.03e-03 2.04e-03f  1
   2  9.3541475e+05 2.18e+01 9.41e+01  -6.0 6.77e+01    -  7.12e-03 7.22e-04f  1
   3  9.3169470e+05 2.16e+01 9.36e+01  -6.0 6.66e+01    -  2.38e-03 4.90e-03f  1
   4  9.2710919e+05 2.15e+01 9.30e+01  -6.0 6.27e+01    -  1.85e-02 6.48e-03f  1
   5  9.2258063e+05 2.14e+01 9.23e+01  -6.0 6.42e+01    -  7.96e-03 7.15e-03f  1
   6  9.2009552e+05 2.13e+01 9.19e+01  -6.0 6.58e+01    -  1.44e-02 4.30e-03f  1
   7  9.1065650e+05 2.09e+01 9.03e+01  -6.0 5.96e+01    -  8.60e-03 1.75e-02f  1
   8  9.0852908e+05 2.08e+01 8.99e+01  -6.0 7.63e+01    -  6.65e-03 4.83e-03f  1
   9  9.0182040e+05 2.05e+01 8.84e+01  -6.0 8.22e+01    -  2.42e-02 1.56e-02f  1
iter    objective    inf_pr   inf_du lg(mu)  ||d||  lg(rg) alpha_du alpha_pr  ls
  10  8.9893746e+05 2.03e+01 8.78e+01  -6.0 9.86e+01    -  3.08e-03 7.16e-03f  1
  11  8.9593270e+05 2.02e+01 8.71e+01  -6.0 1.05e+02    -  3.22e-03 7.72e-03f  1
  12  8.9176731e+05 1.99e+01 8.61e+01  -6.0 1.09e+02    -  2.57e-03 1.11e-02f  1
  13  8.8930299e+05 1.98e+01 8.55e+01  -6.0 1.11e+02    -  4.37e-03 7.06e-03f  1
  14  8.8733790e+05 1.97e+01 8.50e+01  -6.0 1.04e+02    -  1.76e-02 6.06e-03f  1
  15  8.8448891e+05 1.95e+01 8.42e+01  -6.0 9.21e+01    -  9.71e-03 1.01e-02f  1
  16  8.8091682e+05 1.92e+01 8.29e+01  -6.0 8.35e+01    -  1.29e-02 1.47e-02f  1
  17  8.7984938e+05 1.91e+01 8.24e+01  -6.0 2.53e+01    -  3.68e-02 6.45e-03f  1
  18  8.7967792e+05 1.90e+01 8.23e+01  -6.0 3.09e+01    -  3.55e-02 1.39e-03f  1
  19  8.7885813e+05 1.89e+01 8.17e+01  -6.0 2.92e+01    -  1.05e-02 6.84e-03f  1
iter    objective    inf_pr   inf_du lg(mu)  ||d||  lg(rg) alpha_du alpha_pr  ls
  20  8.7738627e+05 1.87e+01 8.06e+01  -6.0 3.01e+01    -  1.25e-02 1.28e-02f  1
  21  8.7611192e+05 1.84e+01 7.97e+01  -6.0 3.15e+01    -  1.89e-02 1.18e-02f  1
  22  8.7584210e+05 1.84e+01 7.95e+01  -6.0 3.53e+01    -  2.14e-02 2.75e-03f  1
  23  8.7552367e+05 1.83e+01 7.92e+01  -6.0 3.11e+01    -  7.97e-03 3.39e-03f  1
  24  8.7539827e+05 1.83e+01 7.91e+01  -6.0 2.94e+01    -  5.12e-03 1.40e-03f  1
  25  8.7449478e+05 1.81e+01 7.82e+01  -6.0 2.82e+01    -  1.36e-02 1.05e-02f  1
  26  8.7447124e+05 1.81e+01 7.82e+01  -6.0 2.31e+01    -  2.32e-02 3.11e-04h  1
  27  8.7334295e+05 1.78e+01 7.69e+01  -6.0 2.33e+01    -  2.40e-02 1.71e-02f  1
  28  8.7229544e+05 1.73e+01 7.49e+01  -6.0 2.35e+01    -  1.00e-02 2.57e-02f  1
  29  8.7230606e+05 1.72e+01 7.44e+01  -6.0 2.18e+01    -  5.32e-02 5.58e-03h  1
iter    objective    inf_pr   inf_du lg(mu)  ||d||  lg(rg) alpha_du alpha_pr  ls
  30  8.7236435e+05 1.71e+01 7.39e+01  -6.0 2.14e+01    -  5.72e-02 5.80e-03h  1
  31  8.7247970e+05 1.70e+01 7.34e+01  -6.0 2.11e+01    -  3.03e-02 7.00e-03h  1
  32  8.7322748e+05 1.64e+01 7.04e+01  -6.0 2.01e+01    -  7.68e-02 3.85e-02h  1
  33  8.7353531e+05 1.62e+01 6.96e+01  -6.0 1.81e+01    -  6.29e-02 9.34e-03h  1
  34  8.7492353e+05 1.56e+01 6.73e+01  -6.0 1.61e+01    -  8.50e-03 3.53e-02h  1
  35  8.7695845e+05 1.49e+01 6.41e+01  -6.0 1.44e+01    -  4.28e-02 4.68e-02h  1
  36  8.7816512e+05 1.45e+01 6.26e+01  -6.0 1.28e+01    -  4.93e-02 2.32e-02h  1
  37  8.8048754e+05 1.40e+01 6.01e+01  -6.0 1.20e+01    -  9.18e-03 4.04e-02h  1
  38  8.8192276e+05 1.36e+01 5.86e+01  -6.0 1.34e+01    -  3.69e-02 2.41e-02h  1
  39  8.8418316e+05 1.31e+01 5.65e+01  -6.0 1.17e+01    -  2.68e-02 3.64e-02h  1
iter    objective    inf_pr   inf_du lg(mu)  ||d||  lg(rg) alpha_du alpha_pr  ls
  40  8.8589067e+05 1.28e+01 5.50e+01  -6.0 8.95e+00    -  3.90e-02 2.68e-02h  1
  41  8.8856993e+05 1.22e+01 5.27e+01  -6.0 8.15e+00    -  5.65e-02 4.18e-02h  1
  42  8.9002525e+05 1.20e+01 5.15e+01  -6.0 7.31e+00    -  2.01e-02 2.28e-02h  1
  43  8.9178348e+05 1.16e+01 5.01e+01  -6.0 6.98e+00    -  6.26e-02 2.76e-02h  1
  44  8.9232085e+05 1.15e+01 4.96e+01  -6.0 1.20e+01    -  3.77e-02 8.50e-03h  1
  45  8.9615454e+05 1.08e+01 4.67e+01  -6.0 6.68e+00    -  1.50e-02 6.00e-02h  1
  46  8.9773813e+05 1.06e+01 4.55e+01  -6.0 7.76e+00    -  1.29e-01 2.55e-02h  1
  47  9.0210021e+05 9.83e+00 4.23e+01  -6.0 5.70e+00    -  9.90e-03 6.98e-02h  1
  48  9.0555571e+05 9.26e+00 3.98e+01  -6.0 8.41e+00    -  4.11e-02 5.79e-02h  1
  49  9.0976118e+05 8.58e+00 3.69e+01  -6.0 7.21e+00    -  6.38e-02 7.31e-02h  1
iter    objective    inf_pr   inf_du lg(mu)  ||d||  lg(rg) alpha_du alpha_pr  ls
  50  9.1119001e+05 8.36e+00 3.59e+01  -6.0 3.24e+00    -  1.31e-01 2.63e-02h  1
  51  9.1386891e+05 7.94e+00 3.41e+01  -6.0 3.45e+00    -  7.04e-02 4.98e-02h  1
  52  9.1613089e+05 7.59e+00 3.26e+01  -6.0 3.55e+00    -  4.32e-02 4.35e-02h  1
  53  9.1800398e+05 7.31e+00 3.14e+01  -6.0 3.56e+00    -  2.70e-02 3.73e-02h  1
  54  9.1800634e+05 7.31e+00 3.14e+01  -6.0 4.59e+00    -  6.78e-05 4.87e-05h  1
  55  9.2083658e+05 6.89e+00 2.96e+01  -6.0 4.59e+00    -  5.61e-02 5.79e-02h  1
  56  9.2311463e+05 6.55e+00 2.82e+01  -6.0 6.37e+00    -  5.85e-02 4.88e-02h  1
  57  9.2581741e+05 6.16e+00 2.64e+01  -6.0 3.78e+00    -  1.48e-01 6.00e-02h  1
  58  9.2876767e+05 5.74e+00 2.45e+01  -6.0 4.41e+00    -  3.11e-01 6.85e-02h  1
  59  9.3325928e+05 5.13e+00 2.19e+01  -6.0 5.45e+00    -  6.84e-02 1.06e-01h  1
iter    objective    inf_pr   inf_du lg(mu)  ||d||  lg(rg) alpha_du alpha_pr  ls
  60  9.3490899e+05 4.90e+00 2.09e+01  -6.0 3.99e+00  -2.0 8.27e-02 4.33e-02h  1
  61  9.3880663e+05 4.38e+00 1.88e+01  -6.0 5.97e+00    -  2.34e-02 1.06e-01h  1
  62  9.4075863e+05 4.12e+00 1.86e+01  -6.0 2.88e+00    -  2.72e-01 5.90e-02h  1
  63  9.4664777e+05 3.35e+00 1.43e+01  -6.0 3.13e+00    -  6.30e-02 1.88e-01h  1
  64  9.4924632e+05 3.01e+00 1.41e+01  -6.0 3.25e+00    -  2.58e-01 1.01e-01h  1
  65  9.5104095e+05 2.78e+00 1.44e+01  -6.0 3.49e+00    -  2.15e-01 7.75e-02h  1
  66  9.5116359e+05 2.76e+00 1.47e+01  -6.0 3.41e+00    -  1.79e-02 5.73e-03h  1
  67  9.5368111e+05 2.43e+00 1.49e+01  -6.0 3.37e+00    -  3.83e-01 1.18e-01h  1
  68  9.5628212e+05 2.10e+00 1.28e+01  -6.0 2.99e+00    -  1.18e-01 1.38e-01h  1
  69  9.5679068e+05 2.03e+00 9.35e+00  -6.0 1.44e+00    -  2.83e-01 3.10e-02h  1
iter    objective    inf_pr   inf_du lg(mu)  ||d||  lg(rg) alpha_du alpha_pr  ls
  70  9.5711483e+05 1.99e+00 1.79e+01  -6.0 1.95e+00    -  2.26e-01 2.02e-02h  1
  71  9.5938194e+05 1.71e+00 1.42e+01  -6.0 2.22e+00    -  1.31e-01 1.43e-01h  1
  72  9.6112498e+05 1.49e+00 1.54e+01  -6.0 1.81e+00    -  1.64e-01 1.27e-01h  1
  73  9.6380391e+05 1.16e+00 8.47e+00  -6.0 1.47e+00    -  1.71e-01 2.22e-01h  1
  74  9.6574611e+05 9.23e-01 9.87e+00  -6.0 6.58e-01    -  2.80e-01 2.04e-01h  1
  75  9.6617893e+05 8.70e-01 1.40e+01  -6.0 4.84e-01    -  2.13e-01 5.70e-02h  1
  76  9.6715011e+05 7.52e-01 2.30e+01  -6.0 4.36e-01    -  5.83e-01 1.35e-01h  1
  77  9.6739341e+05 7.23e-01 5.44e+01  -6.0 3.19e-01    -  5.99e-01 3.91e-02h  1
  78  9.7315304e+05 3.01e-02 1.31e+01  -6.0 3.09e-01    -  3.08e-01 9.56e-01h  1
  79  9.7343252e+05 1.73e-05 2.18e+00  -6.0 3.85e-02    -  5.54e-01 1.00e+00h  1
iter    objective    inf_pr   inf_du lg(mu)  ||d||  lg(rg) alpha_du alpha_pr  ls
  80  9.7343251e+05 1.05e-06 5.78e-05  -6.0 1.45e-02    -  1.00e+00 1.00e+00h  1
  81  9.7343251e+05 1.74e-08 1.08e-06  -6.0 1.81e-03    -  1.00e+00 1.00e+00h  1
  82  9.7343247e+05 4.02e-08 1.09e-06  -7.1 1.80e-03    -  1.00e+00 1.00e+00h  1
  83  9.7343247e+05 6.40e-10 2.05e-08  -7.1 1.78e-04    -  1.00e+00 1.00e+00h  1

Number of Iterations....: 83

                                   (scaled)                 (unscaled)
Objective...............:   8.0048956324371293e+03    9.7343247411384631e+05
Dual infeasibility......:   2.0523366454647802e-08    2.4957366469761824e-06
Constraint violation....:   2.6206575798326526e-10    6.4032579238926246e-10
Variable bound violation:   1.0402856887026246e-07    1.0402856887026246e-07
Complementarity.........:   7.6903917696260608e-08    9.3518734421434114e-06
Overall NLP error.......:   7.6903917696260608e-08    9.3518734421434114e-06


Number of objective function evaluations             = 84
Number of objective gradient evaluations             = 84
Number of equality constraint evaluations            = 84
Number of inequality constraint evaluations          = 85
Number of equality constraint Jacobian evaluations   = 84
Number of inequality constraint Jacobian evaluations = 84
Number of Lagrangian Hessian evaluations             = 83
Total seconds in IPOPT                               = 5.857

EXIT: Optimal Solution Found.

