Solver command line: ['/opt/homebrew/bin/ipopt', '/var/folders/6y/bvynbx6n3zv7z3lwg6vd724r0000gn/T/tmpfjmlynls.pyomo.nl', '-AMPL', 'tol=1e-06', 'max_iter=300', 'print_level=5', 'warm_start_init_point=yes', 'warm_start_bound_push=1e-06', 'warm_start_bound_frac=1e-06', 'warm_start_mult_bound_push=1e-06', 'mu_init=1e-06', 'least_square_init_duals=no']

Ipopt 3.14.19: tol=1e-06
max_iter=300
print_level=5
warm_start_init_point=yes
warm_start_bound_push=1e-06
warm_start_bound_frac=1e-06
warm_start_mult_bound_push=1e-06
mu_init=1e-06
least_square_init_duals=no


******************************************************************************
This program contains Ipopt, a library for large-scale nonlinear optimization.
 Ipopt is released as open source code under the Eclipse Public License (EPL).
         For more information visit https://github.com/coin-or/Ipopt
******************************************************************************

This is Ipopt version 3.14.19, running with linear solver MUMPS 5.6.2.

Number of nonzeros in equality constraint Jacobian...:    30918
Number of nonzeros in inequality constraint Jacobian.:    29064
Number of nonzeros in Lagrangian Hessian.............:    17346

Total number of variables............................:     4469
                     variables with only lower bounds:        0
                variables with lower and upper bounds:     4469
                     variables with only upper bounds:        0
Total number of equality constraints.................:     4001
Total number of inequality constraints...............:     7266
        inequality constraints with only lower bounds:        0
   inequality constraints with lower and upper bounds:        0
        inequality constraints with only upper bounds:     7266

iter    objective    inf_pr   inf_du lg(mu)  ||d||  lg(rg) alpha_du alpha_pr  ls
   0  9.7343219e+05 1.99e-04 1.24e+02  -6.0 0.00e+00    -  0.00e+00 0.00e+00   0
   1  9.7343216e+05 1.99e-04 2.87e+01  -6.0 8.86e-02    -  8.01e-01 8.43e-05h  1
   2  9.7343391e+05 3.91e-05 1.24e-01  -6.0 9.69e-03    -  9.98e-01 8.03e-01h  1
   3  9.7343263e+05 1.79e-07 7.51e-04  -6.0 5.84e-03    -  1.00e+00 1.00e+00h  1
   4  9.7343250e+05 1.63e-09 6.78e-06  -6.0 5.58e-04    -  1.00e+00 1.00e+00h  1
   5  9.7343247e+05 3.17e-08 9.84e-07  -7.1 1.53e-03    -  1.00e+00 1.00e+00h  1

Number of Iterations....: 5

                                   (scaled)                 (unscaled)
Objective...............:   9.3305453787965944e+03    9.7343247412606725e+05
Dual infeasibility......:   9.8368268337364865e-07    1.0262515526770626e-04
Constraint violation....:   1.1252277332118865e-08    3.1741348549552129e-08
Variable bound violation:   1.0402858485747402e-07    1.0402858485747402e-07
Complementarity.........:   1.8009254816600853e-07    1.8788605340400361e-05
Overall NLP error.......:   9.8368268337364865e-07    1.0262515526770626e-04


Number of objective function evaluations             = 6
Number of objective gradient evaluations             = 6
Number of equality constraint evaluations            = 6
Number of inequality constraint evaluations          = 7
Number of equality constraint Jacobian evaluations   = 6
Number of inequality constraint Jacobian evaluations = 6
Number of Lagrangian Hessian evaluations             = 5
Total seconds in IPOPT                               = 0.515

EXIT: Optimal Solution Found.

