Solver command line: ['/opt/homebrew/bin/ipopt', '/var/folders/6y/bvynbx6n3zv7z3lwg6vd724r0000gn/T/tmp2gcngp49.pyomo.nl', '-AMPL', 'tol=1e-06', 'max_iter=300', 'print_level=5', 'warm_start_init_point=yes', 'warm_start_bound_push=1e-06', 'warm_start_bound_frac=1e-06', 'warm_start_mult_bound_push=1e-06', 'mu_init=1e-06', 'least_square_init_duals=no']

Ipopt 3.14.19: tol=1e-06
max_iter=300
print_level=5
warm_start_init_point=yes
warm_start_bound_push=1e-06
warm_start_bound_frac=1e-06
warm_start_mult_bound_push=1e-06
mu_init=1e-06
least_square_init_duals=no


******************************************************************************
This program contains Ipopt, a library for large-scale nonlinear optimization.
 Ipopt is released as open source code under the Eclipse Public License (EPL).
         For more information visit https://github.com/coin-or/Ipopt
******************************************************************************

This is Ipopt version 3.14.19, running with linear solver MUMPS 5.6.2.

Number of nonzeros in equality constraint Jacobian...:    30918
Number of nonzeros in inequality constraint Jacobian.:    29064
Number of nonzeros in Lagrangian Hessian.............:    17346

Total number of variables............................:     4469
                     variables with only lower bounds:        0
                variables with lower and upper bounds:     4469
                     variables with only upper bounds:        0
Total number of equality constraints.................:     4001
Total number of inequality constraints...............:     7266
        inequality constraints with only lower bounds:        0
   inequality constraints with lower and upper bounds:        0
        inequality constraints with only upper bounds:     7266

iter    objective    inf_pr   inf_du lg(mu)  ||d||  lg(rg) alpha_du alpha_pr  ls
   0  9.3844110e+05 2.18e+01 9.43e+01  -6.0 0.00e+00    -  0.00e+00 0.00e+00   0
   1  9.3812334e+05 2.18e+01 9.43e+01  -6.0 2.86e+05    -  8.29e-07 8.29e-07f  1
   2  9.3796596e+05 2.18e+01 9.43e+01  -6.0 1.32e+05    -  3.74e-06 9.04e-07f  1
   3  9.3783063e+05 2.18e+01 9.43e+01  -6.0 3.94e+04    -  1.11e-05 3.26e-06f  1
   4  9.3775291e+05 2.18e+01 9.43e+01  -6.0 8.61e+03    -  3.64e-05 1.18e-05f  1
   5  9.3769310e+05 2.18e+01 9.43e+01  -6.0 7.90e+02    -  2.14e-04 3.25e-05f  1
   6  9.3750815e+05 2.18e+01 9.43e+01  -6.0 3.71e+02    -  3.11e-04 1.18e-04f  1
   7  9.3741642e+05 2.18e+01 9.43e+01  -6.0 2.40e+02    -  1.90e-04 6.12e-05f  1
   8  9.3694806e+05 2.18e+01 9.43e+01  -6.0 1.14e+02    -  2.07e-05 3.25e-04f  1
   9  9.3683813e+05 2.18e+01 9.43e+01  -6.0 3.32e+02    -  1.07e-03 7.37e-05f  1
iter    objective    inf_pr   inf_du lg(mu)  ||d||  lg(rg) alpha_du alpha_pr  ls
  10  9.3653903e+05 2.18e+01 9.42e+01  -6.0 3.25e+02    -  2.22e-04 2.05e-04f  1
  11  9.3621640e+05 2.18e+01 9.42e+01  -6.0 2.64e+02    -  1.30e-03 2.30e-04f  1
  12  9.3585989e+05 2.18e+01 9.42e+01  -6.0 1.03e+02    -  2.57e-03 2.70e-04f  1
  13  9.3584891e+05 2.18e+01 9.42e+01  -6.0 9.75e+01    -  1.42e-05 9.84e-06f  1
  14  9.3556148e+05 2.18e+01 9.42e+01  -6.0 9.57e+01    -  1.63e-03 2.59e-04f  1
  15  9.3554481e+05 2.18e+01 9.42e+01  -6.0 7.18e+01    -  3.46e-04 1.92e-05f  1
  16  9.3528139e+05 2.18e+01 9.41e+01  -6.0 7.18e+01    -  6.02e-03 3.06e-04f  1
  17  9.3511835e+05 2.18e+01 9.41e+01  -6.0 7.14e+01    -  6.03e-04 2.12e-04f  1
  18  9.3370161e+05 2.17e+01 9.39e+01  -6.0 7.12e+01    -  2.45e-03 1.85e-03f  1
  19  9.3332739e+05 2.17e+01 9.39e+01  -6.0 6.93e+01    -  2.84e-03 4.92e-04f  1
iter    objective    inf_pr   inf_du lg(mu)  ||d||  lg(rg) alpha_du alpha_pr  ls
  20  9.3191832e+05 2.17e+01 9.37e+01  -6.0 6.91e+01    -  1.73e-03 2.01e-03f  1
  21  9.3173201e+05 2.17e+01 9.37e+01  -6.0 6.64e+01    -  2.61e-03 2.48e-04f  1
  22  9.3161667e+05 2.17e+01 9.37e+01  -6.0 6.62e+01    -  2.83e-04 1.57e-04f  1
  23  9.3139472e+05 2.17e+01 9.36e+01  -6.0 6.62e+01    -  5.56e-03 3.02e-04f  1
  24  9.3087267e+05 2.16e+01 9.36e+01  -6.0 6.63e+01    -  5.82e-04 7.18e-04f  1
  25  9.3043684e+05 2.16e+01 9.35e+01  -6.0 6.67e+01    -  2.04e-03 6.02e-04f  1
  26  9.2999451e+05 2.16e+01 9.35e+01  -6.0 6.69e+01    -  8.69e-04 6.16e-04f  1
  27  9.2890796e+05 2.16e+01 9.33e+01  -6.0 6.72e+01    -  3.21e-03 1.53e-03f  1
  28  9.2880755e+05 2.16e+01 9.33e+01  -6.0 6.79e+01    -  4.00e-03 1.42e-04f  1
  29  9.2796899e+05 2.16e+01 9.32e+01  -6.0 6.83e+01    -  1.71e-04 1.20e-03f  1
iter    objective    inf_pr   inf_du lg(mu)  ||d||  lg(rg) alpha_du alpha_pr  ls
  30  9.2780270e+05 2.15e+01 9.32e+01  -6.0 6.88e+01    -  1.04e-02 2.40e-04f  1
  31  9.2761010e+05 2.15e+01 9.31e+01  -6.0 6.89e+01    -  1.79e-03 2.83e-04f  1
  32  9.2691227e+05 2.15e+01 9.31e+01  -6.0 6.91e+01    -  8.27e-03 1.04e-03f  1
  33  9.2620454e+05 2.15e+01 9.30e+01  -6.0 6.99e+01    -  3.70e-03 1.07e-03f  1
  34  9.2532984e+05 2.15e+01 9.28e+01  -6.0 7.51e+01    -  1.04e-03 1.44e-03f  1
  35  9.2466482e+05 2.14e+01 9.27e+01  -6.0 7.59e+01    -  1.50e-03 1.10e-03f  1
  36  9.2360387e+05 2.14e+01 9.26e+01  -6.0 7.19e+01    -  9.30e-03 1.63e-03f  1
  37  9.2264437e+05 2.14e+01 9.24e+01  -6.0 7.26e+01    -  1.66e-03 1.48e-03f  1
  38  9.2214766e+05 2.14e+01 9.24e+01  -6.0 7.33e+01    -  7.71e-04 7.70e-04f  1
  39  9.2189720e+05 2.13e+01 9.23e+01  -6.0 7.36e+01    -  2.82e-03 3.89e-04f  1
iter    objective    inf_pr   inf_du lg(mu)  ||d||  lg(rg) alpha_du alpha_pr  ls
  40  9.2058447e+05 2.13e+01 9.21e+01  -6.0 7.38e+01    -  4.45e-04 2.06e-03f  1
  41  9.2014774e+05 2.13e+01 9.21e+01  -6.0 7.96e+01    -  1.87e-02 7.43e-04f  1
  42  9.1889589e+05 2.12e+01 9.19e+01  -6.0 7.99e+01    -  3.41e-03 2.13e-03f  1
  43  9.1634671e+05 2.12e+01 9.15e+01  -6.0 8.10e+01    -  2.22e-03 4.38e-03f  1
  44  9.1538515e+05 2.11e+01 9.13e+01  -6.0 8.07e+01    -  2.31e-02 1.68e-03f  1
  45  9.1366494e+05 2.11e+01 9.10e+01  -6.0 8.10e+01    -  1.11e-02 3.05e-03f  1
  46  9.1254712e+05 2.10e+01 9.08e+01  -6.0 7.37e+01    -  9.03e-03 2.18e-03f  1
  47  9.1190083e+05 2.10e+01 9.07e+01  -6.0 7.49e+01    -  8.37e-03 1.42e-03f  1
  48  9.0840055e+05 2.08e+01 9.00e+01  -6.0 7.68e+01    -  1.61e-03 7.72e-03f  1
  49  9.0748912e+05 2.08e+01 8.98e+01  -6.0 8.84e+01    -  7.81e-03 2.05e-03f  1
iter    objective    inf_pr   inf_du lg(mu)  ||d||  lg(rg) alpha_du alpha_pr  ls
  50  9.0581731e+05 2.07e+01 8.95e+01  -6.0 9.14e+01    -  3.24e-03 3.77e-03f  1
  51  9.0529729e+05 2.07e+01 8.94e+01  -6.0 9.70e+01    -  1.61e-02 1.18e-03f  1
  52  9.0126974e+05 2.05e+01 8.85e+01  -6.0 9.89e+01    -  1.07e-02 9.24e-03f  1
  53  9.0049376e+05 2.04e+01 8.84e+01  -6.0 1.12e+02    -  3.45e-02 1.81e-03f  1
  54  9.0042458e+05 2.04e+01 8.84e+01  -6.0 1.13e+02    -  1.84e-02 1.64e-04f  1
  55  8.9849389e+05 2.03e+01 8.79e+01  -6.0 1.13e+02    -  1.26e-02 4.61e-03f  1
  56  8.9751335e+05 2.03e+01 8.77e+01  -6.0 1.19e+02    -  4.90e-03 2.37e-03f  1
  57  8.9408854e+05 2.01e+01 8.70e+01  -6.0 1.22e+02    -  4.02e-03 8.43e-03f  1
  58  8.9384999e+05 2.01e+01 8.69e+01  -6.0 1.34e+02    -  1.11e-02 5.94e-04f  1
  59  8.9319847e+05 2.01e+01 8.68e+01  -6.0 1.37e+02    -  1.33e-02 1.64e-03f  1
iter    objective    inf_pr   inf_du lg(mu)  ||d||  lg(rg) alpha_du alpha_pr  ls
  60  8.9248825e+05 2.00e+01 8.66e+01  -6.0 1.39e+02    -  8.07e-03 1.80e-03f  1
  61  8.9112310e+05 2.00e+01 8.63e+01  -6.0 1.41e+02    -  4.21e-03 3.53e-03f  1
  62  8.9092482e+05 2.00e+01 8.63e+01  -6.0 1.41e+02    -  1.04e-02 5.14e-04f  1
  63  8.8989004e+05 1.99e+01 8.60e+01  -6.0 1.23e+02    -  1.15e-03 2.82e-03f  1
  64  8.8732094e+05 1.97e+01 8.54e+01  -6.0 7.97e+01    -  4.30e-03 7.69e-03f  1
  65  8.8725518e+05 1.97e+01 8.54e+01  -6.0 9.71e+01    -  1.65e-02 2.25e-04f  1
  66  8.8607043e+05 1.97e+01 8.50e+01  -6.0 9.70e+01    -  3.16e-03 4.08e-03f  1
  67  8.8401909e+05 1.95e+01 8.44e+01  -6.0 9.91e+01    -  4.61e-02 7.14e-03f  1
  68  8.8387017e+05 1.95e+01 8.44e+01  -6.0 1.01e+02    -  1.42e-02 5.36e-04f  1
  69  8.8278941e+05 1.94e+01 8.40e+01  -6.0 1.01e+02    -  3.20e-02 3.91e-03f  1
iter    objective    inf_pr   inf_du lg(mu)  ||d||  lg(rg) alpha_du alpha_pr  ls
  70  8.8091186e+05 1.93e+01 8.34e+01  -6.0 9.93e+01    -  3.41e-02 7.21e-03f  1
  71  8.8062667e+05 1.93e+01 8.33e+01  -6.0 2.96e+01    -  3.02e-02 1.81e-03f  1
  72  8.7913190e+05 1.90e+01 8.24e+01  -6.0 2.98e+01    -  6.76e-03 1.08e-02f  1
  73  8.7870824e+05 1.90e+01 8.21e+01  -6.0 2.97e+01    -  2.74e-02 3.15e-03f  1
  74  8.7858130e+05 1.90e+01 8.20e+01  -6.0 3.28e+01    -  2.50e-02 1.00e-03f  1
  75  8.7762007e+05 1.88e+01 8.14e+01  -6.0 3.37e+01    -  1.13e-02 7.71e-03f  1
  76  8.7514243e+05 1.84e+01 7.97e+01  -6.0 2.97e+01    -  2.17e-02 2.02e-02f  1
  77  8.7494614e+05 1.84e+01 7.96e+01  -6.0 3.09e+01    -  2.24e-02 1.69e-03f  1
  78  8.7482237e+05 1.84e+01 7.95e+01  -6.0 3.03e+01    -  3.74e-02 1.08e-03f  1
  79  8.7418188e+05 1.83e+01 7.90e+01  -6.0 3.08e+01    -  5.57e-02 5.73e-03f  1
iter    objective    inf_pr   inf_du lg(mu)  ||d||  lg(rg) alpha_du alpha_pr  ls
  80  8.7384459e+05 1.82e+01 7.88e+01  -6.0 4.95e+01    -  1.33e-02 3.19e-03f  1
  81  8.7367318e+05 1.82e+01 7.86e+01  -6.0 6.30e+01    -  2.75e-02 1.66e-03f  1
  82  8.7273003e+05 1.80e+01 7.79e+01  -6.0 8.00e+01    -  7.78e-07 9.40e-03f  1
  83  8.7215743e+05 1.79e+01 7.74e+01  -6.0 8.97e+01    -  8.83e-02 5.97e-03f  1
  84  8.7210468e+05 1.79e+01 7.73e+01  -6.0 4.20e+01    -  5.44e-05 8.17e-04f  1
  85  8.7171560e+05 1.78e+01 7.68e+01  -6.0 4.22e+01    -  1.79e-02 6.12e-03f  1
  86  8.7142735e+05 1.77e+01 7.64e+01  -6.0 4.63e+01    -  7.57e-03 5.41e-03f  1
  87  8.7136341e+05 1.77e+01 7.63e+01  -6.0 3.26e+01    -  2.56e-02 1.34e-03f  1
  88  8.7105555e+05 1.75e+01 7.58e+01  -6.0 2.29e+01    -  9.61e-07 7.28e-03f  1
  89  8.7098948e+05 1.75e+01 7.56e+01  -6.0 2.25e+01    -  4.59e-02 2.20e-03h  1
iter    objective    inf_pr   inf_du lg(mu)  ||d||  lg(rg) alpha_du alpha_pr  ls
  90  8.7100308e+05 1.73e+01 7.46e+01  -6.0 2.20e+01    -  4.85e-03 1.31e-02h  1
  91  8.7100960e+05 1.73e+01 7.45e+01  -6.0 2.19e+01    -  2.87e-02 1.10e-03h  1
  92  8.7112581e+05 1.71e+01 7.40e+01  -6.0 2.27e+01    -  5.37e-03 7.52e-03h  1
  93  8.7122686e+05 1.70e+01 7.35e+01  -6.0 2.24e+01    -  7.23e-02 5.54e-03h  1
  94  8.7157059e+05 1.68e+01 7.24e+01  -6.0 2.13e+01    -  6.98e-03 1.56e-02h  1
  95  8.7178297e+05 1.66e+01 7.18e+01  -6.0 2.07e+01    -  1.21e-01 8.72e-03h  1
  96  8.7192727e+05 1.65e+01 7.14e+01  -6.0 1.93e+01    -  2.51e-02 4.82e-03h  1
  97  8.7234885e+05 1.63e+01 7.05e+01  -6.0 1.91e+01    -  2.26e-02 1.33e-02h  1
  98  8.7278346e+05 1.61e+01 6.95e+01  -6.0 1.86e+01    -  1.36e-02 1.37e-02h  1
  99  8.7312906e+05 1.59e+01 6.89e+01  -6.0 1.77e+01    -  1.48e-02 8.96e-03h  1
iter    objective    inf_pr   inf_du lg(mu)  ||d||  lg(rg) alpha_du alpha_pr  ls
 100  8.7346240e+05 1.58e+01 6.83e+01  -6.0 1.81e+01    -  5.33e-02 8.30e-03h  1
 101  8.7436911e+05 1.55e+01 6.69e+01  -6.0 1.71e+01    -  8.34e-02 2.08e-02h  1
 102  8.7440988e+05 1.55e+01 6.68e+01  -6.0 1.57e+01    -  1.29e-03 9.17e-04h  1
 103  8.7468429e+05 1.54e+01 6.64e+01  -6.0 1.57e+01    -  1.29e-03 6.11e-03h  1
 104  8.7516101e+05 1.52e+01 6.57e+01  -6.0 1.54e+01    -  3.03e-02 1.05e-02h  1
 105  8.7564365e+05 1.51e+01 6.50e+01  -6.0 1.32e+01    -  2.08e-02 1.04e-02h  1
 106  8.7573522e+05 1.50e+01 6.49e+01  -6.0 1.39e+01    -  2.13e-02 1.88e-03h  1
 107  8.7609412e+05 1.49e+01 6.44e+01  -6.0 1.34e+01    -  7.25e-02 7.01e-03h  1
 108  8.7680931e+05 1.47e+01 6.36e+01  -6.0 1.25e+01    -  2.08e-02 1.29e-02h  1
 109  8.7762396e+05 1.45e+01 6.27e+01  -6.0 1.57e+01    -  3.04e-02 1.43e-02h  1
iter    objective    inf_pr   inf_du lg(mu)  ||d||  lg(rg) alpha_du alpha_pr  ls
 110  8.7837939e+05 1.43e+01 6.19e+01  -6.0 1.19e+01    -  3.15e-02 1.30e-02h  1
 111  8.7964233e+05 1.40e+01 6.06e+01  -6.0 1.13e+01    -  1.49e-03 2.12e-02h  1
 112  8.7981869e+05 1.40e+01 6.04e+01  -6.0 1.09e+01    -  4.95e-02 2.98e-03h  1
 113  8.8085174e+05 1.37e+01 5.94e+01  -6.0 1.08e+01    -  4.30e-03 1.71e-02h  1
 114  8.8102215e+05 1.37e+01 5.92e+01  -6.0 9.64e+00    -  3.55e-02 2.75e-03h  1
 115  8.8154736e+05 1.36e+01 5.87e+01  -6.0 9.62e+00    -  1.46e-02 8.34e-03h  1
 116  8.8181972e+05 1.35e+01 5.85e+01  -6.0 1.08e+01    -  4.09e-02 4.17e-03h  1
 117  8.8300068e+05 1.33e+01 5.74e+01  -6.0 1.22e+01    -  3.50e-02 1.80e-02h  1
 118  8.8513409e+05 1.29e+01 5.55e+01  -6.0 9.04e+00    -  2.28e-02 3.25e-02h  1
 119  8.8573991e+05 1.27e+01 5.50e+01  -6.0 8.28e+00    -  3.60e-02 9.42e-03h  1
iter    objective    inf_pr   inf_du lg(mu)  ||d||  lg(rg) alpha_du alpha_pr  ls
 120  8.8686666e+05 1.25e+01 5.41e+01  -6.0 7.85e+00    -  1.41e-02 1.74e-02h  1
 121  8.8745541e+05 1.24e+01 5.36e+01  -6.0 7.71e+00    -  7.17e-02 9.12e-03h  1
 122  8.8925208e+05 1.21e+01 5.21e+01  -6.0 7.51e+00    -  1.11e-01 2.76e-02h  1
 123  8.8989935e+05 1.19e+01 5.16e+01  -6.0 6.93e+00    -  4.17e-02 1.01e-02h  1
 124  8.9227192e+05 1.15e+01 4.97e+01  -6.0 6.85e+00    -  6.56e-02 3.67e-02h  1
 125  8.9301366e+05 1.14e+01 4.91e+01  -6.0 6.36e+00    -  5.25e-02 1.17e-02h  1
 126  8.9406794e+05 1.12e+01 4.83e+01  -6.0 6.24e+00    -  1.72e-02 1.67e-02h  1
 127  8.9434941e+05 1.11e+01 4.80e+01  -6.0 6.09e+00    -  2.12e-01 4.50e-03h  1
 128  8.9533419e+05 1.10e+01 4.73e+01  -6.0 5.98e+00    -  6.73e-02 1.56e-02h  1
 129  8.9635880e+05 1.08e+01 4.79e+01  -6.0 5.88e+00    -  5.57e-02 1.62e-02h  1
iter    objective    inf_pr   inf_du lg(mu)  ||d||  lg(rg) alpha_du alpha_pr  ls
 130  8.9742099e+05 1.06e+01 5.48e+01  -6.0 5.67e+00    -  2.54e-01 1.69e-02h  1
 131  8.9983463e+05 1.02e+01 5.53e+01  -6.0 5.42e+00    -  1.49e-01 3.84e-02h  1
 132  9.0209825e+05 9.81e+00 5.35e+01  -6.0 7.49e+00    -  4.70e-02 3.69e-02h  1
 133  9.0553392e+05 9.25e+00 5.21e+01  -6.0 4.75e+00    -  1.34e-01 5.72e-02h  1
 134  9.0743846e+05 8.94e+00 5.35e+01  -6.0 4.17e+00    -  2.11e-01 3.31e-02h  1
 135  9.0937017e+05 8.64e+00 5.19e+01  -6.0 3.83e+00    -  5.04e-02 3.44e-02h  1
 136  9.0948061e+05 8.62e+00 5.31e+01  -6.0 3.52e+00    -  9.26e-02 2.02e-03h  1
 137  9.1097404e+05 8.38e+00 5.38e+01  -6.0 3.57e+00    -  1.89e-01 2.73e-02h  1
 138  9.1302100e+05 8.07e+00 5.25e+01  -6.0 3.75e+00    -  1.15e-01 3.78e-02h  1
 139  9.1571352e+05 7.66e+00 4.95e+01  -6.0 3.76e+00    -  1.96e-02 5.09e-02h  1
iter    objective    inf_pr   inf_du lg(mu)  ||d||  lg(rg) alpha_du alpha_pr  ls
 140  9.1697172e+05 7.47e+00 4.95e+01  -6.0 3.82e+00    -  1.55e-01 2.48e-02h  1
 141  9.1877653e+05 7.19e+00 4.80e+01  -6.0 3.79e+00    -  7.89e-02 3.63e-02h  1
 142  9.2141887e+05 6.80e+00 4.72e+01  -6.0 3.76e+00    -  2.77e-01 5.47e-02h  1
 143  9.2263755e+05 6.62e+00 4.65e+01  -6.0 3.63e+00    -  1.08e-01 2.63e-02h  1
 144  9.2330496e+05 6.53e+00 4.59e+01  -6.0 3.60e+00    -  4.37e-02 1.47e-02h  1
 145  9.2566158e+05 6.18e+00 4.46e+01  -6.0 3.58e+00    -  2.05e-01 5.24e-02h  1
 146  9.2726389e+05 5.95e+00 4.28e+01  -6.0 3.47e+00    -  1.57e-02 3.73e-02h  1
 147  9.2818975e+05 5.82e+00 4.22e+01  -6.0 3.73e+00    -  9.02e-02 2.22e-02h  1
 148  9.2885048e+05 5.73e+00 4.17e+01  -6.0 5.85e+00    -  5.75e-02 1.55e-02h  1
 149  9.3110845e+05 5.42e+00 3.95e+01  -6.0 7.04e+00    -  1.10e-01 5.38e-02h  1
iter    objective    inf_pr   inf_du lg(mu)  ||d||  lg(rg) alpha_du alpha_pr  ls
 150  9.3272481e+05 5.20e+00 3.82e+01  -6.0 7.00e+00    -  2.98e-01 4.04e-02h  1
 151  9.3357085e+05 5.09e+00 3.76e+01  -6.0 6.97e+00    -  1.97e-01 2.19e-02h  1
 152  9.3472841e+05 4.93e+00 3.66e+01  -6.0 6.44e+00    -  2.13e-01 3.05e-02h  1
 153  9.3782387e+05 4.52e+00 3.35e+01  -6.0 2.91e+00    -  1.35e-01 8.37e-02h  1
 154  9.4318932e+05 3.81e+00 2.83e+01  -6.0 2.74e+00    -  2.31e-01 1.57e-01h  1
 155  9.4530660e+05 3.53e+00 2.62e+01  -6.0 2.30e+00    -  4.11e-01 7.32e-02h  1
 156  9.4545845e+05 3.51e+00 2.61e+01  -6.0 3.97e+00    -  4.84e-01 5.64e-03h  1
 157  9.4672436e+05 3.35e+00 2.49e+01  -6.0 4.19e+00    -  8.14e-01 4.73e-02h  1
 158  9.4926578e+05 3.01e+00 2.25e+01  -6.0 4.27e+00    -  2.82e-01 9.93e-02h  1
 159  9.5080742e+05 2.81e+00 2.18e+01  -6.0 4.02e+00    -  6.60e-01 6.66e-02h  1
iter    objective    inf_pr   inf_du lg(mu)  ||d||  lg(rg) alpha_du alpha_pr  ls
 160  9.5198904e+05 2.66e+00 2.11e+01  -6.0 3.84e+00    -  5.94e-01 5.45e-02h  1
 161  9.5311836e+05 2.51e+00 2.00e+01  -6.0 3.71e+00    -  8.67e-02 5.50e-02h  1
 162  9.5527418e+05 2.23e+00 1.84e+01  -6.0 3.57e+00    -  1.00e+00 1.11e-01h  1
 163  9.5692838e+05 2.02e+00 1.67e+01  -6.0 3.37e+00    -  1.32e-01 9.54e-02h  1
 164  9.5709147e+05 2.00e+00 9.31e+00  -6.0 1.38e+00    -  1.50e-01 1.03e-02h  1
 165  9.5748277e+05 1.95e+00 9.08e+00  -6.0 1.86e+00    -  7.66e-02 2.48e-02h  1
 166  9.5896514e+05 1.76e+00 8.21e+00  -6.0 2.12e+00    -  3.77e-02 9.57e-02h  1
 167  9.5943100e+05 1.71e+00 1.31e+01  -6.0 1.86e+00    -  1.96e-01 3.31e-02h  1
 168  9.6188314e+05 1.40e+00 6.69e+00  -6.0 1.83e+00    -  3.37e-02 1.79e-01h  1
 169  9.6336277e+05 1.22e+00 1.18e+01  -6.0 1.39e+00    -  2.91e-01 1.30e-01h  1
iter    objective    inf_pr   inf_du lg(mu)  ||d||  lg(rg) alpha_du alpha_pr  ls
 170  9.6539098e+05 9.68e-01 8.15e+00  -6.0 1.07e+00    -  9.63e-02 2.04e-01h  1
 171  9.6624300e+05 8.64e-01 3.42e+01  -6.0 4.45e-01    -  8.38e-01 1.07e-01h  1
 172  9.6653456e+05 8.29e-01 3.52e+01  -6.0 5.27e-01    -  1.92e-01 4.10e-02h  1
 173  9.6804720e+05 6.45e-01 3.84e+01  -6.0 3.40e-01    -  4.30e-01 2.21e-01h  1
 174  9.7063018e+05 3.33e-01 1.89e+01  -6.0 2.74e-01    -  4.50e-01 4.82e-01h  1
 175  9.7337039e+05 6.67e-03 3.26e-01  -6.0 1.51e-01    -  1.00e+00 9.79e-01h  1
 176  9.7343249e+05 4.19e-06 4.45e-04  -6.0 3.04e-02    -  1.00e+00 1.00e+00h  1
 177  9.7343250e+05 5.39e-07 3.35e-05  -6.0 9.93e-03    -  1.00e+00 1.00e+00h  1
 178  9.7343251e+05 2.38e-08 1.48e-06  -6.0 2.09e-03    -  1.00e+00 1.00e+00h  1
 179  9.7343247e+05 3.96e-08 1.08e-06  -7.1 1.79e-03    -  1.00e+00 1.00e+00h  1
iter    objective    inf_pr   inf_du lg(mu)  ||d||  lg(rg) alpha_du alpha_pr  ls
 180  9.7343247e+05 6.41e-10 2.05e-08  -7.1 1.78e-04    -  1.00e+00 1.00e+00h  1

Number of Iterations....: 180

                                   (scaled)                 (unscaled)
Objective...............:   8.0048956324371338e+03    9.7343247411384690e+05
Dual infeasibility......:   2.0541712008886819e-08    2.4979675515465694e-06
Constraint violation....:   2.6236895989129039e-10    6.4125071919107778e-10
Variable bound violation:   1.0402856887026246e-07    1.0402856887026246e-07
Complementarity.........:   7.6906370986429576e-08    9.3521717736181172e-06
Overall NLP error.......:   7.6906370986429576e-08    9.3521717736181172e-06


Number of objective function evaluations             = 181
Number of objective gradient evaluations             = 181
Number of equality constraint evaluations            = 181
Number of inequality constraint evaluations          = 182
Number of equality constraint Jacobian evaluations   = 181
Number of inequality constraint Jacobian evaluations = 181
Number of Lagrangian Hessian evaluations             = 180
Total seconds in IPOPT                               = 12.502

EXIT: Optimal Solution Found.

