Solver command line: ['/opt/homebrew/bin/ipopt', '/var/folders/6y/bvynbx6n3zv7z3lwg6vd724r0000gn/T/tmpe2ewrh2d.pyomo.nl', '-AMPL', 'tol=1e-06', 'max_iter=300', 'print_level=5']

Ipopt 3.14.19: tol=1e-06
max_iter=300
print_level=5


******************************************************************************
This program contains Ipopt, a library for large-scale nonlinear optimization.
 Ipopt is released as open source code under the Eclipse Public License (EPL).
         For more information visit https://github.com/coin-or/Ipopt
******************************************************************************

This is Ipopt version 3.14.19, running with linear solver MUMPS 5.6.2.

Number of nonzeros in equality constraint Jacobian...:    30918
Number of nonzeros in inequality constraint Jacobian.:    29064
Number of nonzeros in Lagrangian Hessian.............:    17346

Total number of variables............................:     4469
                     variables with only lower bounds:        0
                variables with lower and upper bounds:     4469
                     variables with only upper bounds:        0
Total number of equality constraints.................:     4001
Total number of inequality constraints...............:     7266
        inequality constraints with only lower bounds:        0
   inequality constraints with lower and upper bounds:        0
        inequality constraints with only upper bounds:     7266

iter    objective    inf_pr   inf_du lg(mu)  ||d||  lg(rg) alpha_du alpha_pr  ls
   0  9.7055406e+05 1.80e+00 1.37e+01  -1.0 0.00e+00    -  0.00e+00 0.00e+00   0
   1  9.7110266e+05 1.69e+00 2.03e+01  -1.0 1.29e+00   2.0 4.91e-02 6.13e-02f  1
   2  9.7166823e+05 1.48e+00 7.33e+01  -1.0 1.10e+00   1.5 4.25e-01 1.19e-01f  1
   3  9.7269778e+05 1.17e+00 1.65e+02  -1.0 9.01e-01   1.9 2.20e-01 2.09e-01f  1
   4  9.7323825e+05 1.02e+00 1.39e+02  -1.0 5.33e-01   1.5 9.42e-01 1.34e-01f  1
   5  9.7497771e+05 5.78e-01 3.00e+02  -1.0 4.33e-01   1.9 7.48e-01 4.28e-01h  1
   6  9.7506956e+05 5.72e-01 2.96e+02  -1.0 2.28e+01   1.4 5.34e-02 1.15e-02h  3
   7  9.7595219e+05 2.92e-01 1.83e+02  -1.0 3.98e-01   1.8 9.90e-01 4.89e-01h  1
   8  9.7647562e+05 9.93e-02 1.04e+02  -1.0 3.20e-01   1.4 8.03e-01 6.60e-01f  1
   9  9.7651557e+05 6.73e-02 6.24e+01  -1.0 6.30e-01   0.9 8.71e-01 3.22e-01f  1
iter    objective    inf_pr   inf_du lg(mu)  ||d||  lg(rg) alpha_du alpha_pr  ls
  10  9.7641959e+05 5.79e-02 1.42e+02  -1.0 5.75e+00   0.4 2.02e-01 1.24e-01f  1
  11  9.7735729e+05 4.07e-03 3.26e+01  -1.0 3.39e-01   0.8 5.04e-01 9.74e-01f  1
  12  9.7761499e+05 4.68e-03 1.02e+01  -1.0 3.78e-01   0.4 8.66e-01 8.06e-01f  1
  13  9.7784650e+05 1.92e-02 4.94e+01  -1.0 9.71e-01  -0.1 1.00e+00 1.00e+00f  1
  14  9.7780416e+05 3.24e-02 8.12e+00  -1.0 3.57e+00   0.3 4.85e-01 2.00e-01f  1
  15  9.7779861e+05 3.05e-02 7.25e+00  -1.0 2.49e+00    -  1.00e+00 5.74e-02h  1
  16  9.7788822e+05 2.35e-02 5.86e+00  -1.0 1.62e+00    -  1.00e+00 1.00e+00f  1
  17  9.7790036e+05 7.28e-03 1.15e-01  -1.0 8.78e-01    -  1.00e+00 1.00e+00h  1
  18  9.7640143e+05 3.56e-03 4.29e+01  -2.5 4.43e-01    -  8.24e-01 6.08e-01f  1
  19  9.7390383e+05 3.57e-02 5.34e+00  -2.5 5.75e-01    -  7.32e-01 9.48e-01f  1
iter    objective    inf_pr   inf_du lg(mu)  ||d||  lg(rg) alpha_du alpha_pr  ls
  20  9.7386632e+05 3.38e-02 2.30e+01  -2.5 5.45e-01    -  8.64e-01 5.28e-02h  1
  21  9.7374905e+05 2.50e-02 1.91e+01  -2.5 6.46e-01    -  2.97e-01 2.61e-01h  1
  22  9.7363296e+05 1.52e-02 2.48e+01  -2.5 5.40e-01    -  1.00e+00 3.92e-01h  1
  23  9.7359076e+05 9.79e-03 1.49e+01  -2.5 3.38e-01    -  1.00e+00 3.57e-01h  1
  24  9.7355153e+05 7.08e-04 2.27e-02  -2.5 1.24e-01    -  1.00e+00 1.00e+00h  1
  25  9.7353133e+05 6.30e-04 8.21e+00  -3.8 1.97e-01    -  8.37e-02 1.67e-01h  1
  26  9.7349804e+05 5.53e-04 1.43e+01  -3.8 3.15e-01    -  5.67e-01 3.00e-01h  1
  27  9.7344491e+05 8.23e-04 4.47e+00  -3.8 2.47e-01    -  3.87e-01 7.51e-01h  1
  28  9.7344324e+05 6.98e-04 3.51e+00  -3.8 9.94e-02    -  6.04e-01 1.57e-01h  1
  29  9.7343980e+05 4.35e-04 6.10e+00  -3.8 9.56e-02    -  1.00e+00 4.12e-01h  1
iter    objective    inf_pr   inf_du lg(mu)  ||d||  lg(rg) alpha_du alpha_pr  ls
  30  9.7343694e+05 5.34e-05 2.74e-03  -3.8 6.46e-02    -  1.00e+00 1.00e+00h  1
  31  9.7343706e+05 4.40e-07 2.04e-05  -3.8 5.71e-03    -  1.00e+00 1.00e+00h  1
  32  9.7343380e+05 1.37e-05 5.02e-01  -5.7 4.59e-02    -  7.60e-01 7.11e-01f  1
  33  9.7343289e+05 8.60e-06 3.32e-01  -5.7 3.18e-02    -  9.58e-01 7.12e-01h  1
  34  9.7343252e+05 2.83e-06 7.74e-05  -5.7 2.09e-02    -  1.00e+00 1.00e+00h  1
  35  9.7343253e+05 1.53e-07 5.66e-06  -5.7 4.34e-03    -  1.00e+00 1.00e+00h  1
  36  9.7343247e+05 1.27e-07 3.95e-06  -7.1 3.07e-03    -  1.00e+00 1.00e+00h  1
  37  9.7343247e+05 5.23e-09 1.95e-07  -7.1 5.08e-04    -  1.00e+00 1.00e+00h  1

Number of Iterations....: 37

                                   (scaled)                 (unscaled)
Objective...............:   9.3305453787136157e+03    9.7343247411741037e+05
Dual infeasibility......:   1.9545431361407458e-07    2.0391259927026885e-05
Constraint violation....:   2.1435837549432790e-09    5.2347036705313599e-09
Variable bound violation:   1.0402856887026246e-07    1.0402856887026246e-07
Complementarity.........:   1.0758581931562180e-07    1.1224159577560833e-05
Overall NLP error.......:   1.9545431361407458e-07    2.0391259927026885e-05


Number of objective function evaluations             = 42
Number of objective gradient evaluations             = 38
Number of equality constraint evaluations            = 42
Number of inequality constraint evaluations          = 42
Number of equality constraint Jacobian evaluations   = 38
Number of inequality constraint Jacobian evaluations = 38
Number of Lagrangian Hessian evaluations             = 37
Total seconds in IPOPT                               = 2.844

EXIT: Optimal Solution Found.

