Solver command line: ['/opt/homebrew/bin/ipopt', '/var/folders/6y/bvynbx6n3zv7z3lwg6vd724r0000gn/T/tmp1m8dfefc.pyomo.nl', '-AMPL', 'tol=1e-06', 'max_iter=300', 'print_level=5']

Ipopt 3.14.19: tol=1e-06
max_iter=300
print_level=5


******************************************************************************
This program contains Ipopt, a library for large-scale nonlinear optimization.
 Ipopt is released as open source code under the Eclipse Public License (EPL).
         For more information visit https://github.com/coin-or/Ipopt
******************************************************************************

This is Ipopt version 3.14.19, running with linear solver MUMPS 5.6.2.

Number of nonzeros in equality constraint Jacobian...:    30918
Number of nonzeros in inequality constraint Jacobian.:    29064
Number of nonzeros in Lagrangian Hessian.............:    17346

Total number of variables............................:     4469
                     variables with only lower bounds:        0
                variables with lower and upper bounds:     4469
                     variables with only upper bounds:        0
Total number of equality constraints.................:     4001
Total number of inequality constraints...............:     7266
        inequality constraints with only lower bounds:        0
   inequality constraints with lower and upper bounds:        0
        inequality constraints with only upper bounds:     7266

iter    objective    inf_pr   inf_du lg(mu)  ||d||  lg(rg) alpha_du alpha_pr  ls
   0  9.3844110e+05 2.21e+01 7.16e+01  -1.0 0.00e+00    -  0.00e+00 0.00e+00   0
   1  9.3659651e+05 2.10e+01 1.12e+02  -1.0 2.21e+01    -  3.66e-02 5.06e-02f  1
   2  9.3602687e+05 2.01e+01 1.78e+02  -1.0 1.27e+01    -  4.87e-02 4.26e-02f  1
   3  9.3650713e+05 1.85e+01 3.95e+02  -1.0 2.00e+01    -  7.85e-02 7.98e-02h  1
   4  9.3859533e+05 1.71e+01 5.42e+02  -1.0 3.75e+01    -  1.08e-01 7.33e-02h  1
   5  9.4297782e+05 1.55e+01 7.22e+02  -1.0 4.87e+01    -  3.27e-01 9.25e-02h  1
   6  9.5452144e+05 1.30e+01 1.04e+03  -1.0 5.85e+01    -  4.18e-01 1.62e-01H  1
   7  9.7031135e+05 1.02e+01 1.59e+03  -1.0 8.72e+01    -  2.93e-01 2.14e-01H  1
   8  9.8202701e+05 7.92e+00 1.83e+03  -1.0 1.20e+02    -  3.41e-01 2.21e-01h  1
   9  9.9053531e+05 5.61e+00 2.07e+03  -1.0 1.50e+02    -  3.87e-01 2.88e-01h  1
iter    objective    inf_pr   inf_du lg(mu)  ||d||  lg(rg) alpha_du alpha_pr  ls
  10  9.9037560e+05 4.29e+00 1.92e+03  -1.0 1.81e+02    -  3.10e-01 2.33e-01h  1
  11  9.8820506e+05 3.74e+00 1.74e+03  -1.0 2.46e+02    -  6.50e-01 1.27e-01f  1
  12  9.8509868e+05 3.00e+00 1.46e+03  -1.0 3.02e+02    -  6.40e-01 1.96e-01f  1
  13  9.7780672e+05 1.96e+00 1.52e+03  -1.0 3.93e+02    -  7.23e-01 3.39e-01f  1
  14  9.7711841e+05 1.86e+00 1.45e+03  -1.0 2.59e+02    -  3.30e-01 4.94e-02f  1
  15  9.7641098e+05 1.12e+00 9.07e+02  -1.0 1.28e+02    -  3.89e-01 3.94e-01h  1
  16  9.7600991e+05 1.03e+00 8.29e+02  -1.0 1.45e+02    -  5.55e-01 8.63e-02h  1
  17  9.7613381e+05 5.00e-01 5.05e+02  -1.0 1.60e+02    -  3.75e-01 5.06e-01h  1
  18  9.7537599e+05 3.27e-01 4.03e+02  -1.0 2.57e+02    -  5.93e-01 3.42e-01h  1
  19  9.7537045e+05 3.01e-01 3.72e+02  -1.0 1.79e+02    -  9.91e-01 8.00e-02h  1
iter    objective    inf_pr   inf_du lg(mu)  ||d||  lg(rg) alpha_du alpha_pr  ls
  20  9.7775809e+05 3.75e-02 5.15e+01  -1.0 2.48e+01    -  8.41e-01 8.74e-01h  1
  21  9.7831877e+05 7.83e-04 2.51e+00  -1.0 3.26e+00    -  1.00e+00 1.00e+00h  1
  22  9.7831749e+05 3.75e-05 1.10e-03  -1.0 4.14e-01    -  1.00e+00 1.00e+00h  1
  23  9.7670781e+05 2.83e-03 4.87e+01  -2.5 7.37e+00    -  8.39e-01 5.95e-01f  1
  24  9.7408906e+05 3.71e-02 3.22e+00  -2.5 1.06e+01    -  7.41e-01 9.36e-01f  1
  25  9.7389542e+05 2.96e-02 4.54e+00  -2.5 7.86e+00    -  9.52e-01 2.05e-01h  1
  26  9.7380613e+05 2.36e-02 1.08e+01  -2.5 2.23e+00    -  3.33e-01 2.06e-01h  1
  27  9.7367094e+05 1.38e-02 2.21e+01  -2.5 1.73e+00    -  1.00e+00 4.16e-01h  1
  28  9.7361798e+05 8.31e-03 1.26e+01  -2.5 1.15e+00    -  1.00e+00 3.96e-01h  1
  29  9.7358901e+05 3.22e-03 1.13e+01  -2.5 7.73e-01    -  1.00e+00 6.13e-01h  1
iter    objective    inf_pr   inf_du lg(mu)  ||d||  lg(rg) alpha_du alpha_pr  ls
  30  9.7357735e+05 8.13e-05 2.42e-03  -2.5 2.69e-01    -  1.00e+00 1.00e+00h  1
  31  9.7354131e+05 1.68e-04 1.91e-01  -3.8 1.16e+00    -  2.49e-01 2.46e-01f  1
  32  9.7349966e+05 2.77e-04 1.44e+01  -3.8 9.95e-01    -  5.69e-01 3.45e-01h  1
  33  9.7344714e+05 7.40e-04 2.99e+00  -3.8 8.13e-01    -  4.52e-01 7.38e-01h  1
  34  9.7344475e+05 6.03e-04 3.48e+00  -3.8 2.41e-01    -  6.14e-01 1.94e-01h  1
  35  9.7344122e+05 3.79e-04 3.47e+00  -3.8 2.30e-01    -  1.00e+00 4.00e-01h  1
  36  9.7343773e+05 4.72e-05 2.33e-03  -3.8 1.64e-01    -  1.00e+00 1.00e+00h  1
  37  9.7343783e+05 6.43e-07 2.63e-05  -3.8 1.88e-02    -  1.00e+00 1.00e+00h  1
  38  9.7343428e+05 1.41e-05 1.36e+00  -5.7 1.46e-01    -  7.84e-01 6.61e-01h  1
  39  9.7343304e+05 1.05e-05 5.71e-01  -5.7 1.09e-01    -  9.56e-01 7.06e-01h  1
iter    objective    inf_pr   inf_du lg(mu)  ||d||  lg(rg) alpha_du alpha_pr  ls
  40  9.7343253e+05 3.78e-06 8.61e-05  -5.7 7.24e-02    -  1.00e+00 1.00e+00h  1
  41  9.7343254e+05 1.94e-07 6.16e-06  -5.7 2.23e-02    -  1.00e+00 1.00e+00h  1
  42  9.7343254e+05 8.56e-09 2.75e-07  -5.7 4.68e-03    -  1.00e+00 1.00e+00h  1
  43  9.7343247e+05 1.15e-07 2.97e-06  -7.1 1.42e-02    -  1.00e+00 1.00e+00h  1
  44  9.7343247e+05 3.98e-09 1.27e-07  -7.1 3.18e-03    -  1.00e+00 1.00e+00h  1

Number of Iterations....: 44

                                   (scaled)                 (unscaled)
Objective...............:   8.0048956324582186e+03    9.7343247411641083e+05
Dual infeasibility......:   1.2732356081821048e-07    1.5483136134595798e-05
Constraint violation....:   1.6231256894094770e-09    3.9813219387951904e-09
Variable bound violation:   1.0402856887026246e-07    1.0402856887026246e-07
Complementarity.........:   8.8063999024641800e-08    1.0708991145811756e-05
Overall NLP error.......:   1.2732356081821048e-07    1.5483136134595798e-05


Number of objective function evaluations             = 47
Number of objective gradient evaluations             = 45
Number of equality constraint evaluations            = 47
Number of inequality constraint evaluations          = 47
Number of equality constraint Jacobian evaluations   = 45
Number of inequality constraint Jacobian evaluations = 45
Number of Lagrangian Hessian evaluations             = 44
Total seconds in IPOPT                               = 3.042

EXIT: Optimal Solution Found.

