Solver command line: ['/opt/homebrew/bin/ipopt', '/var/folders/6y/bvynbx6n3zv7z3lwg6vd724r0000gn/T/tmp9uftst3l.pyomo.nl', '-AMPL', 'tol=1e-06', 'max_iter=300', 'print_level=5']

Ipopt 3.14.19: tol=1e-06
max_iter=300
print_level=5


******************************************************************************
This program contains Ipopt, a library for large-scale nonlinear optimization.
 Ipopt is released as open source code under the Eclipse Public License (EPL).
         For more information visit https://github.com/coin-or/Ipopt
******************************************************************************

This is Ipopt version 3.14.19, running with linear solver MUMPS 5.6.2.

Number of nonzeros in equality constraint Jacobian...:    30918
Number of nonzeros in inequality constraint Jacobian.:    29064
Number of nonzeros in Lagrangian Hessian.............:    17346

Total number of variables............................:     4469
                     variables with only lower bounds:        0
                variables with lower and upper bounds:     4469
                     variables with only upper bounds:        0
Total number of equality constraints.................:     4001
Total number of inequality constraints...............:     7266
        inequality constraints with only lower bounds:        0
   inequality constraints with lower and upper bounds:        0
        inequality constraints with only upper bounds:     7266

iter    objective    inf_pr   inf_du lg(mu)  ||d||  lg(rg) alpha_du alpha_pr  ls
   0  9.7055406e+05 2.21e+01 6.81e+01  -1.0 0.00e+00    -  0.00e+00 0.00e+00   0
   1  9.7089108e+05 2.17e+01 6.68e+01  -1.0 2.19e+01    -  1.56e-02 2.09e-02h  1
   2  9.7273668e+05 2.08e+01 9.61e+01  -1.0 1.89e+01    -  1.53e-02 4.01e-02h  1
   3  9.7985077e+05 1.82e+01 6.88e+02  -1.0 1.86e+01    -  3.33e-02 1.23e-01H  1
   4  9.8862389e+05 1.55e+01 1.23e+03  -1.0 4.97e+01    -  9.53e-02 1.48e-01h  1
   5  9.9343925e+05 1.40e+01 1.32e+03  -1.0 8.01e+01    -  1.44e-01 9.78e-02h  1
   6  1.0009721e+06 1.15e+01 1.69e+03  -1.0 9.60e+01    -  3.24e-01 1.78e-01h  1
   7  1.0054761e+06 1.10e+01 1.59e+03  -1.0 3.15e+01   0.0 3.21e-02 4.21e-02h  1
   8  1.0157723e+06 9.78e+00 1.08e+03  -1.0 2.99e+01  -0.5 1.34e-01 1.08e-01h  1
   9  1.0387594e+06 6.68e+00 1.69e+03  -1.0 4.02e+01  -1.0 4.39e-01 3.10e-01h  1
iter    objective    inf_pr   inf_du lg(mu)  ||d||  lg(rg) alpha_du alpha_pr  ls
  10  1.0452230e+06 4.25e+00 4.51e+03  -1.0 7.38e+01    -  1.63e-01 3.58e-01h  1
  11  1.0365340e+06 1.03e+00 1.45e+04  -1.0 8.60e+01    -  4.20e-01 7.32e-01f  1
  12  1.0222683e+06 8.21e-01 1.20e+04  -1.0 3.12e+02    -  1.08e-01 1.90e-01f  1
  13  1.0062324e+06 6.29e-01 9.76e+03  -1.0 3.99e+02    -  2.00e-01 2.12e-01f  1
  14  1.0035987e+06 6.05e-01 9.40e+03  -1.0 4.72e+02    -  1.83e-01 3.78e-02f  1
  15  1.0009933e+06 5.79e-01 8.99e+03  -1.0 4.91e+02    -  2.04e-01 4.32e-02f  1
  16  9.9434168e+05 5.05e-01 7.91e+03  -1.0 4.89e+02    -  1.90e-01 1.21e-01f  1
  17  9.9186132e+05 4.71e-01 7.39e+03  -1.0 2.83e+02    -  3.07e-01 6.66e-02f  1
  18  9.8462489e+05 2.92e-01 4.79e+03  -1.0 1.26e+02    -  3.00e-01 3.60e-01f  1
  19  9.8396394e+05 2.76e-01 4.52e+03  -1.0 1.59e+02    -  4.39e-01 5.56e-02f  1
iter    objective    inf_pr   inf_du lg(mu)  ||d||  lg(rg) alpha_du alpha_pr  ls
  20  9.7971146e+05 1.43e-01 2.51e+03  -1.0 1.72e+02    -  2.26e-01 4.52e-01f  1
  21  9.7758217e+05 8.48e-02 1.54e+03  -1.0 2.25e+02    -  6.59e-01 3.89e-01f  1
  22  9.7754467e+05 8.00e-02 1.45e+03  -1.0 5.33e+01    -  9.90e-01 5.67e-02h  1
  23  9.7775514e+05 5.11e-03 8.57e+01  -1.0 1.85e+01    -  9.93e-01 9.44e-01h  1
  24  9.7791849e+05 1.13e-03 3.08e+00  -1.0 3.19e+00    -  1.00e+00 1.00e+00h  1
  25  9.7790474e+05 2.66e-05 8.14e-02  -1.0 1.03e+00    -  1.00e+00 1.00e+00h  1
  26  9.7634511e+05 3.58e-03 3.81e+01  -2.5 6.57e+00    -  8.24e-01 6.32e-01f  1
  27  9.7388462e+05 3.54e-02 5.91e+00  -2.5 1.08e+01    -  7.33e-01 9.53e-01f  1
  28  9.7385937e+05 3.40e-02 3.37e+01  -2.5 5.63e+00    -  8.41e-01 3.90e-02h  1
  29  9.7371895e+05 2.33e-02 2.25e+01  -2.5 3.19e+00    -  3.02e-01 3.16e-01h  1
iter    objective    inf_pr   inf_du lg(mu)  ||d||  lg(rg) alpha_du alpha_pr  ls
  30  9.7362880e+05 1.52e-02 2.46e+01  -2.5 1.86e+00    -  1.00e+00 3.49e-01h  1
  31  9.7358927e+05 9.90e-03 1.47e+01  -2.5 1.43e+00    -  1.00e+00 3.48e-01h  1
  32  9.7355147e+05 7.14e-04 2.30e-02  -2.5 8.41e-01    -  1.00e+00 1.00e+00h  1
  33  9.7355456e+05 2.68e-05 2.88e-03  -2.5 1.38e-01    -  1.00e+00 1.00e+00h  1
  34  9.7351457e+05 1.43e-04 1.67e+00  -3.8 1.06e+00    -  2.88e-01 3.11e-01f  1
  35  9.7349731e+05 1.34e-04 2.38e+01  -3.8 7.86e-01    -  6.54e-01 1.87e-01h  1
  36  9.7344685e+05 7.21e-04 6.28e+00  -3.8 8.39e-01    -  6.21e-01 7.07e-01h  1
  37  9.7344178e+05 4.40e-04 3.75e+00  -3.8 2.60e-01    -  4.78e-01 4.24e-01h  1
  38  9.7343713e+05 4.47e-05 3.96e-03  -3.8 1.67e-01    -  1.00e+00 1.00e+00h  1
  39  9.7343707e+05 3.88e-06 1.70e-04  -3.8 4.29e-02    -  1.00e+00 1.00e+00h  1
iter    objective    inf_pr   inf_du lg(mu)  ||d||  lg(rg) alpha_du alpha_pr  ls
  40  9.7343378e+05 1.50e-05 1.14e+00  -5.7 1.38e-01    -  8.20e-01 7.13e-01h  1
  41  9.7343289e+05 9.02e-06 4.82e-01  -5.7 9.80e-02    -  9.70e-01 7.09e-01h  1
  42  9.7343252e+05 2.78e-06 7.68e-05  -5.7 6.47e-02    -  1.00e+00 1.00e+00h  1
  43  9.7343253e+05 1.40e-07 5.22e-06  -5.7 1.90e-02    -  1.00e+00 1.00e+00h  1
  44  9.7343253e+05 5.17e-09 1.93e-07  -5.7 3.64e-03    -  1.00e+00 1.00e+00h  1
  45  9.7343247e+05 9.04e-08 2.73e-06  -7.1 1.27e-02    -  1.00e+00 1.00e+00h  1
  46  9.7343247e+05 2.60e-09 9.71e-08  -7.1 2.57e-03    -  1.00e+00 1.00e+00h  1

Number of Iterations....: 46

                                   (scaled)                 (unscaled)
Objective...............:   9.3305453786939543e+03    9.7343247411535913e+05
Dual infeasibility......:   9.7106679020778219e-08    1.0130897067193042e-05
Constraint violation....:   1.0627775881566492e-09    2.6033695199600966e-09
Variable bound violation:   1.0402856887026246e-07    1.0402856887026246e-07
Complementarity.........:   9.7288804390128270e-08    1.0149897751685765e-05
Overall NLP error.......:   9.7288804390128270e-08    1.0149897751685765e-05


Number of objective function evaluations             = 48
Number of objective gradient evaluations             = 47
Number of equality constraint evaluations            = 48
Number of inequality constraint evaluations          = 48
Number of equality constraint Jacobian evaluations   = 47
Number of inequality constraint Jacobian evaluations = 47
Number of Lagrangian Hessian evaluations             = 46
Total seconds in IPOPT                               = 3.196

EXIT: Optimal Solution Found.

