Solver command line: ['/opt/homebrew/bin/ipopt', '/var/folders/6y/bvynbx6n3zv7z3lwg6vd724r0000gn/T/tmpds2s9v1q.pyomo.nl', '-AMPL', 'tol=1e-06', 'max_iter=300', 'print_level=5', 'warm_start_init_point=yes', 'warm_start_bound_push=1e-06', 'warm_start_bound_frac=1e-06', 'warm_start_mult_bound_push=1e-06', 'mu_init=1e-06', 'least_square_init_duals=no']

Ipopt 3.14.19: tol=1e-06
max_iter=300
print_level=5
warm_start_init_point=yes
warm_start_bound_push=1e-06
warm_start_bound_frac=1e-06
warm_start_mult_bound_push=1e-06
mu_init=1e-06
least_square_init_duals=no


******************************************************************************
This program contains Ipopt, a library for large-scale nonlinear optimization.
 Ipopt is released as open source code under the Eclipse Public License (EPL).
         For more information visit https://github.com/coin-or/Ipopt
******************************************************************************

This is Ipopt version 3.14.19, running with linear solver MUMPS 5.6.2.

Number of nonzeros in equality constraint Jacobian...:    30918
Number of nonzeros in inequality constraint Jacobian.:    29064
Number of nonzeros in Lagrangian Hessian.............:    17346

Total number of variables............................:     4469
                     variables with only lower bounds:        0
                variables with lower and upper bounds:     4469
                     variables with only upper bounds:        0
Total number of equality constraints.................:     4001
Total number of inequality constraints...............:     7266
        inequality constraints with only lower bounds:        0
   inequality constraints with lower and upper bounds:        0
        inequality constraints with only upper bounds:     7266

iter    objective    inf_pr   inf_du lg(mu)  ||d||  lg(rg) alpha_du alpha_pr  ls
   0  9.3844110e+05 2.18e+01 8.45e+01  -6.0 0.00e+00    -  0.00e+00 0.00e+00   0
   1  9.6010488e+05 3.05e+00 1.57e+01  -6.0 7.89e+00    -  6.95e-03 8.18e-01h  1
   2  9.7257682e+05 1.30e-01 8.01e-01  -6.0 5.00e+00    -  1.00e+00 9.44e-01h  1
   3  9.7343006e+05 2.33e-04 1.74e-03  -6.0 3.92e-01    -  1.00e+00 9.97e-01h  1
   4  9.7343251e+05 5.70e-09 1.50e-07  -6.0 1.85e-03    -  1.00e+00 1.00e+00h  1
   5  9.7343247e+05 4.21e-08 1.11e-06  -7.1 1.81e-03    -  1.00e+00 1.00e+00h  1
   6  9.7343247e+05 6.51e-10 2.09e-08  -7.1 1.79e-04    -  1.00e+00 1.00e+00h  1

Number of Iterations....: 6

                                   (scaled)                 (unscaled)
Objective...............:   8.0048956324371638e+03    9.7343247411385051e+05
Dual infeasibility......:   2.0858045198512592e-08    2.5364351360799594e-06
Constraint violation....:   2.6647228867915373e-10    6.5080096867120574e-10
Variable bound violation:   1.0402856887026246e-07    1.0402856887026246e-07
Complementarity.........:   7.6939036802988382e-08    9.3561440885728483e-06
Overall NLP error.......:   7.6939036802988382e-08    9.3561440885728483e-06


Number of objective function evaluations             = 7
Number of objective gradient evaluations             = 7
Number of equality constraint evaluations            = 7
Number of inequality constraint evaluations          = 7
Number of equality constraint Jacobian evaluations   = 7
Number of inequality constraint Jacobian evaluations = 7
Number of Lagrangian Hessian evaluations             = 6
Total seconds in IPOPT                               = 0.567

EXIT: Optimal Solution Found.

