Solver command line: ['/opt/homebrew/bin/ipopt', '/var/folders/6y/bvynbx6n3zv7z3lwg6vd724r0000gn/T/tmpppvkw8e3.pyomo.nl', '-AMPL', 'tol=1e-06', 'max_iter=300', 'print_level=5', 'warm_start_init_point=yes', 'warm_start_bound_push=1e-06', 'warm_start_bound_frac=1e-06', 'warm_start_mult_bound_push=1e-06', 'mu_init=1e-06', 'least_square_init_duals=no']

Ipopt 3.14.19: tol=1e-06
max_iter=300
print_level=5
warm_start_init_point=yes
warm_start_bound_push=1e-06
warm_start_bound_frac=1e-06
warm_start_mult_bound_push=1e-06
mu_init=1e-06
least_square_init_duals=no


******************************************************************************
This program contains Ipopt, a library for large-scale nonlinear optimization.
 Ipopt is released as open source code under the Eclipse Public License (EPL).
         For more information visit https://github.com/coin-or/Ipopt
******************************************************************************

This is Ipopt version 3.14.19, running with linear solver MUMPS 5.6.2.

Number of nonzeros in equality constraint Jacobian...:    30918
Number of nonzeros in inequality constraint Jacobian.:    29064
Number of nonzeros in Lagrangian Hessian.............:    17346

Total number of variables............................:     4469
                     variables with only lower bounds:        0
                variables with lower and upper bounds:     4469
                     variables with only upper bounds:        0
Total number of equality constraints.................:     4001
Total number of inequality constraints...............:     7266
        inequality constraints with only lower bounds:        0
   inequality constraints with lower and upper bounds:        0
        inequality constraints with only upper bounds:     7266

iter    objective    inf_pr   inf_du lg(mu)  ||d||  lg(rg) alpha_du alpha_pr  ls
   0  9.3844110e+05 4.56e+00 1.06e+02  -6.0 0.00e+00    -  0.00e+00 0.00e+00   0
   1  9.3674711e+05 4.56e+00 1.06e+02  -6.0 2.13e+06    -  8.29e-08 8.29e-08f  1
   2  9.3670615e+05 4.56e+00 1.06e+02  -6.0 3.11e+04  -4.0 1.63e-06 9.79e-08f  1
   3  9.3620737e+05 4.56e+00 1.06e+02  -6.0 7.00e+04  -4.5 1.15e-06 8.23e-07f  1
   4  9.3483939e+05 4.56e+00 1.06e+02  -6.0 2.01e+06    -  2.90e-07 1.65e-07f  1
   5  9.3415972e+05 4.56e+00 1.06e+02  -6.0 9.51e+05    -  3.92e-07 3.33e-07f  1
   6  9.3389287e+05 4.56e+00 1.06e+02  -6.0 5.69e+04  -5.0 5.63e-06 7.81e-07f  1
   7  9.3261839e+05 4.56e+00 1.06e+02  -6.0 8.71e+05    -  8.10e-07 1.63e-06f  1
   8  9.3215503e+05 4.56e+00 1.06e+02  -6.0 6.88e+05    -  2.38e-06 1.00e-06f  1
   9  9.3181230e+05 4.56e+00 1.06e+02  -6.0 5.23e+05    -  4.91e-06 1.29e-06f  1
iter    objective    inf_pr   inf_du lg(mu)  ||d||  lg(rg) alpha_du alpha_pr  ls
  10  9.3178363e+05 4.56e+00 1.06e+02  -6.0 4.05e+05    -  2.20e-06 1.96e-07f  1
  11  9.3164033e+05 4.56e+00 1.06e+02  -6.0 3.50e+05    -  7.77e-06 1.35e-06f  1
  12  9.3147830e+05 4.56e+00 1.06e+02  -6.0 2.85e+03  -4.1 3.16e-07 2.15e-05f  1
  13  9.3147693e+05 4.56e+00 1.06e+02  -6.0 7.33e+03  -4.6 9.54e-05 2.60e-07f  1
  14  9.3125221e+05 4.56e+00 1.06e+02  -6.0 1.71e+04  -5.1 3.41e-05 3.34e-05f  1
  15  9.3118477e+05 4.56e+00 1.06e+02  -6.0 2.24e+04  -5.5 6.22e-05 1.21e-05f  1
  16  9.3100057e+05 4.56e+00 1.06e+02  -6.0 2.46e+04  -6.0 9.21e-06 4.05e-05f  1
  17  9.3086866e+05 4.56e+00 1.06e+02  -6.0 1.71e+04    -  5.98e-05 5.28e-05f  1
  18  9.3075729e+05 4.56e+00 1.06e+02  -6.0 7.68e+03    -  1.49e-05 8.72e-05f  1
  19  9.3063953e+05 4.56e+00 1.06e+02  -6.0 3.96e+03    -  5.92e-05 1.13e-04f  1
iter    objective    inf_pr   inf_du lg(mu)  ||d||  lg(rg) alpha_du alpha_pr  ls
  20  9.3060094e+05 4.56e+00 1.06e+02  -6.0 4.74e+03    -  1.88e-05 3.86e-05f  1
  21  9.3059973e+05 4.56e+00 1.06e+02  -6.0 1.03e+03    -  4.66e-04 1.48e-06f  1
  22  9.3025605e+05 4.56e+00 1.06e+02  -6.0 7.68e+02    -  7.17e-04 4.33e-04f  1
  23  9.2982508e+05 4.55e+00 1.06e+02  -6.0 9.68e+01    -  4.23e-03 5.60e-04f  1
  24  9.2803464e+05 4.54e+00 1.06e+02  -6.0 9.71e+01    -  2.12e-02 2.34e-03f  1
  25  9.2663587e+05 4.53e+00 1.06e+02  -6.0 1.03e+02    -  1.16e-02 1.85e-03f  1
  26  9.2521503e+05 4.52e+00 1.05e+02  -6.0 9.95e+01    -  3.68e-03 1.91e-03f  1
  27  9.2245352e+05 4.51e+00 1.05e+02  -6.0 1.03e+02    -  3.81e-03 3.78e-03f  1
  28  9.2228315e+05 4.51e+00 1.05e+02  -6.0 1.12e+02    -  5.41e-03 2.40e-04f  1
  29  9.2186885e+05 4.50e+00 1.05e+02  -6.0 1.14e+02    -  1.96e-04 5.86e-04f  1
iter    objective    inf_pr   inf_du lg(mu)  ||d||  lg(rg) alpha_du alpha_pr  ls
  30  9.2170886e+05 4.50e+00 1.05e+02  -6.0 1.21e+02    -  1.41e-03 2.27e-04f  1
  31  9.2005230e+05 4.49e+00 1.05e+02  -6.0 1.21e+02    -  2.91e-04 2.36e-03f  1
  32  9.1816952e+05 4.48e+00 1.04e+02  -6.0 1.25e+02    -  1.16e-02 2.73e-03f  1
  33  9.1407860e+05 4.45e+00 1.04e+02  -6.0 1.29e+02    -  3.29e-04 6.07e-03f  1
  34  9.1407754e+05 4.45e+00 1.04e+02  -6.0 8.50e+01    -  4.72e-03 2.10e-06f  1
  35  9.1352129e+05 4.45e+00 1.03e+02  -6.0 8.50e+01    -  9.31e-04 1.10e-03f  1
  36  9.0876485e+05 4.41e+00 1.04e+02  -6.0 8.56e+01    -  2.15e-03 9.51e-03f  1
  37  9.0800545e+05 4.40e+00 1.01e+02  -6.0 9.13e+01    -  1.13e-02 1.58e-03f  1
  38  9.0648220e+05 4.39e+00 1.01e+02  -6.0 9.22e+01    -  6.49e-03 3.19e-03f  1
  39  9.0414688e+05 4.36e+00 9.99e+01  -6.0 9.78e+01    -  5.67e-03 4.98e-03f  1
iter    objective    inf_pr   inf_du lg(mu)  ||d||  lg(rg) alpha_du alpha_pr  ls
  40  9.0409457e+05 4.36e+00 9.84e+01  -6.0 1.01e+02    -  5.66e-03 1.14e-04f  1
  41  9.0376317e+05 4.36e+00 9.84e+01  -6.0 1.01e+02    -  5.86e-04 7.23e-04f  1
  42  9.0371172e+05 4.36e+00 9.79e+01  -6.0 1.07e+02    -  2.11e-03 1.13e-04f  1
  43  9.0287848e+05 4.35e+00 9.80e+01  -6.0 9.92e+01    -  8.33e-04 1.83e-03f  1
  44  9.0029347e+05 4.33e+00 9.81e+01  -6.0 2.17e+02    -  3.38e-03 5.79e-03f  1
  45  9.0010189e+05 4.33e+00 9.67e+01  -6.0 2.03e+02    -  4.42e-03 4.89e-04f  1
  46  8.9971121e+05 4.32e+00 9.59e+01  -6.0 1.60e+02    -  1.06e-02 1.01e-03f  1
  47  8.9565771e+05 4.27e+00 9.55e+01  -6.0 7.70e+01    -  1.09e-03 1.11e-02f  1
  48  8.9487178e+05 4.26e+00 9.35e+01  -6.0 8.15e+01    -  3.86e-02 2.23e-03f  1
  49  8.9482287e+05 4.26e+00 9.35e+01  -6.0 9.98e+01    -  2.53e-03 1.74e-04f  1
iter    objective    inf_pr   inf_du lg(mu)  ||d||  lg(rg) alpha_du alpha_pr  ls
  50  8.9203769e+05 4.23e+00 9.29e+01  -6.0 1.80e+02    -  3.68e-06 8.37e-03f  1
  51  8.9127055e+05 4.21e+00 9.30e+01  -6.0 1.28e+02    -  1.76e-03 2.69e-03f  1
  52  8.9086543e+05 4.21e+00 9.23e+01  -6.0 1.29e+02    -  5.73e-03 1.52e-03f  1
  53  8.8965140e+05 4.37e+00 9.22e+01  -6.0 1.28e+02    -  9.30e-04 4.62e-03f  1
  54  8.8965114e+05 4.37e+00 9.21e+01  -6.0 1.11e+02    -  1.22e-03 1.21e-06h  1
  55  8.8907733e+05 4.36e+00 9.19e+01  -6.0 1.41e+02    -  2.48e-03 2.42e-03f  1
  56  8.8852657e+05 4.35e+00 9.16e+01  -6.0 1.40e+02    -  2.40e-03 2.35e-03f  1
  57  8.8773018e+05 4.33e+00 9.11e+01  -6.0 1.27e+02    -  3.31e-04 3.61e-03f  1
  58  8.8757619e+05 4.33e+00 9.10e+01  -6.0 1.37e+02    -  4.26e-03 6.72e-04f  1
  59  8.8729192e+05 4.33e+00 9.09e+01  -6.0 1.36e+02    -  7.60e-04 1.25e-03f  1
iter    objective    inf_pr   inf_du lg(mu)  ||d||  lg(rg) alpha_du alpha_pr  ls
  60  8.8710044e+05 4.32e+00 9.08e+01  -6.0 1.35e+02    -  1.71e-03 8.44e-04f  1
  61  8.8670224e+05 4.31e+00 9.07e+01  -6.0 1.34e+02    -  3.72e-03 1.76e-03f  1
  62  8.8625525e+05 4.30e+00 9.05e+01  -6.0 1.30e+02    -  4.18e-03 2.53e-03f  1
  63  8.8547268e+05 4.28e+00 9.00e+01  -6.0 7.92e+01    -  6.14e-03 4.49e-03f  1
  64  8.8467440e+05 4.26e+00 8.96e+01  -6.0 7.82e+01    -  6.34e-03 4.69e-03f  1
  65  8.8407541e+05 4.25e+00 8.93e+01  -6.0 7.59e+01    -  2.67e-03 3.61e-03f  1
  66  8.8394431e+05 4.25e+00 8.92e+01  -6.0 6.63e+01    -  2.18e-03 8.08e-04f  1
  67  8.8340658e+05 4.23e+00 8.89e+01  -6.0 1.27e+02    -  1.30e-03 3.35e-03f  1
  68  8.8314535e+05 4.22e+00 8.88e+01  -6.0 1.26e+02    -  4.75e-03 1.66e-03f  1
  69  8.8231086e+05 4.20e+00 8.83e+01  -6.0 1.25e+02    -  1.11e-02 5.37e-03f  1
iter    objective    inf_pr   inf_du lg(mu)  ||d||  lg(rg) alpha_du alpha_pr  ls
  70  8.8056198e+05 4.15e+00 8.73e+01  -6.0 1.24e+02    -  1.22e-03 1.17e-02f  1
  71  8.8027379e+05 4.15e+00 8.71e+01  -6.0 1.33e+02    -  4.09e-03 2.05e-03f  1
  72  8.7988195e+05 4.13e+00 8.69e+01  -6.0 1.36e+02    -  8.92e-03 2.82e-03f  1
  73  8.7940324e+05 4.12e+00 8.65e+01  -6.0 1.40e+02    -  1.20e-02 3.57e-03f  1
  74  8.7920488e+05 4.11e+00 8.64e+01  -6.0 1.45e+02    -  7.02e-03 1.50e-03f  1
  75  8.7914898e+05 4.11e+00 8.64e+01  -6.0 1.46e+02    -  2.10e-02 4.30e-04f  1
  76  8.7874532e+05 4.10e+00 8.61e+01  -6.0 1.36e+02    -  3.26e-03 3.25e-03f  1
  77  8.7824371e+05 4.08e+00 8.57e+01  -6.0 1.34e+02    -  5.87e-04 4.14e-03f  1
  78  8.7824156e+05 4.08e+00 8.57e+01  -6.0 9.47e+01    -  3.43e-03 2.49e-05h  1
  79  8.7810386e+05 4.07e+00 8.56e+01  -6.0 4.35e+01    -  3.84e-04 1.63e-03f  1
iter    objective    inf_pr   inf_du lg(mu)  ||d||  lg(rg) alpha_du alpha_pr  ls
  80  8.7795030e+05 4.07e+00 8.54e+01  -6.0 4.37e+01    -  3.15e-03 1.87e-03f  1
  81  8.7753688e+05 4.04e+00 8.49e+01  -6.0 3.24e+01    -  2.32e-03 5.71e-03f  1
  82  8.7746061e+05 4.04e+00 8.48e+01  -6.0 2.36e+01    -  9.51e-04 1.20e-03f  1
  83  8.7739528e+05 4.03e+00 8.48e+01  -6.0 2.30e+01    -  1.99e-03 1.02e-03f  1
  84  8.7713788e+05 4.02e+00 8.45e+01  -6.0 3.34e+01    -  1.19e-03 3.56e-03f  1
  85  8.7700407e+05 4.01e+00 8.43e+01  -6.0 3.26e+01    -  3.79e-03 1.91e-03f  1
  86  8.7679639e+05 4.00e+00 8.40e+01  -6.0 3.24e+01    -  7.69e-03 3.05e-03f  1
  87  8.7677174e+05 4.00e+00 8.40e+01  -6.0 3.18e+01    -  8.38e-03 3.74e-04f  1
  88  8.7650840e+05 3.98e+00 8.36e+01  -6.0 2.41e+01    -  8.29e-03 5.33e-03f  1
  89  8.7638713e+05 3.97e+00 8.34e+01  -6.0 8.70e+01    -  1.85e-06 1.38e-03f  1
iter    objective    inf_pr   inf_du lg(mu)  ||d||  lg(rg) alpha_du alpha_pr  ls
  90  8.7637905e+05 3.97e+00 8.34e+01  -6.0 8.72e+01    -  6.78e-03 9.45e-05f  1
  91  8.7618687e+05 3.96e+00 8.32e+01  -6.0 8.71e+01    -  1.84e-03 2.26e-03f  1
  92  8.7609822e+05 3.95e+00 8.31e+01  -6.0 1.71e+01    -  8.18e-03 2.16e-03f  1
  93  8.7605097e+05 3.95e+00 8.30e+01  -6.0 1.67e+01    -  1.38e-03 1.25e-03f  1
  94  8.7599705e+05 3.94e+00 8.28e+01  -6.0 1.65e+01    -  1.31e-03 1.43e-03f  1
  95  8.7599704e+05 3.94e+00 8.28e+01  -6.0 1.02e+03    -  7.46e-07 2.44e-08h  1
  96  8.7598396e+05 3.94e+00 8.28e+01  -6.0 1.62e+01    -  1.60e-03 3.67e-04f  1
  97  8.7571036e+05 3.91e+00 8.21e+01  -6.0 1.61e+01    -  3.82e-04 8.53e-03f  1
  98  8.7567575e+05 3.90e+00 8.20e+01  -6.0 1.47e+01    -  7.17e-03 1.17e-03f  1
  99  8.7535859e+05 3.86e+00 8.12e+01  -6.0 1.38e+01    -  2.38e-05 1.04e-02f  1
iter    objective    inf_pr   inf_du lg(mu)  ||d||  lg(rg) alpha_du alpha_pr  ls
 100  8.7525191e+05 3.85e+00 8.09e+01  -6.0 8.36e+00    -  1.32e-03 3.75e-03f  1
 101  8.7518925e+05 3.84e+00 8.07e+01  -6.0 8.42e+00    -  3.37e-03 2.27e-03f  1
 102  8.7500848e+05 3.81e+00 8.01e+01  -6.0 8.45e+00    -  5.32e-03 6.72e-03f  1
 103  8.7500848e+05 3.81e+00 8.00e+01  -6.0 3.92e+01    -  1.76e-03 3.60e-06h  1
 104  8.7500602e+05 3.81e+00 8.00e+01  -6.0 3.42e+01    -  1.19e-05 5.53e-04f  1
 105  8.7495545e+05 3.77e+00 7.97e+01  -6.0 3.51e+01    -  5.84e-04 1.07e-02h  1
 106  8.7495329e+05 3.77e+00 7.97e+01  -6.0 3.40e+01    -  7.72e-04 7.65e-04h  1
 107  8.7494638e+05 3.76e+00 7.91e+01  -6.0 4.10e+01    -  8.80e-03 1.61e-03h  1
 108  8.7495129e+05 3.76e+00 7.86e+01  -6.0 1.92e+01    -  9.20e-03 5.04e-04h  1
 109  8.7498088e+05 3.74e+00 7.84e+01  -6.0 2.14e+01    -  1.91e-03 5.14e-03h  1
iter    objective    inf_pr   inf_du lg(mu)  ||d||  lg(rg) alpha_du alpha_pr  ls
 110  8.7501600e+05 3.72e+00 7.82e+01  -6.0 1.69e+01    -  7.47e-04 4.40e-03h  1
 111  8.7502358e+05 3.72e+00 7.78e+01  -6.0 2.85e+01    -  7.58e-03 7.86e-04h  1
 112  8.7509934e+05 3.69e+00 7.74e+01  -6.0 1.85e+01    -  3.55e-03 7.74e-03h  1
 113  8.7510022e+05 3.69e+00 7.69e+01  -6.0 2.06e+01    -  1.04e-02 8.10e-05h  1
 114  8.7510859e+05 3.69e+00 7.68e+01  -6.0 5.46e+01    -  4.60e-04 7.45e-04h  1
 115  8.7543828e+05 3.61e+00 7.63e+01  -6.0 3.32e+01    -  5.49e-04 2.15e-02h  1
 116  8.7544905e+05 3.61e+00 7.45e+01  -6.0 3.05e+01    -  3.38e-02 5.90e-04h  1
 117  8.7605639e+05 3.50e+00 7.35e+01  -6.0 3.03e+01    -  4.24e-03 3.08e-02h  1
 118r 8.7605639e+05 3.50e+00 9.99e+02   0.4 0.00e+00    -  0.00e+00 1.59e-08R  2
 119r 8.7611721e+05 3.49e+00 9.99e+02   0.4 1.19e+04    -  3.99e-06 1.03e-05f  1
iter    objective    inf_pr   inf_du lg(mu)  ||d||  lg(rg) alpha_du alpha_pr  ls
 120r 8.7643423e+05 3.49e+00 9.99e+02   0.4 3.15e+03    -  3.68e-05 1.68e-05f  1
 121r 8.7703822e+05 3.48e+00 9.99e+02   0.4 3.09e+03    -  4.45e-05 3.42e-05f  1
 122r 8.7833547e+05 3.46e+00 9.99e+02   0.4 3.05e+03    -  2.39e-05 9.67e-05f  1
 123r 8.7926136e+05 3.44e+00 9.99e+02   0.4 2.99e+03    -  1.75e-04 6.54e-05f  1
 124r 8.8347534e+05 3.37e+00 9.98e+02   0.4 2.75e+03    -  2.08e-04 3.47e-04f  1
 125r 8.8921034e+05 3.33e+00 9.98e+02   0.4 2.12e+03    -  7.80e-05 5.75e-04f  1
 126r 8.9039439e+05 3.33e+00 9.98e+02   0.4 1.24e+03    -  7.03e-04 1.46e-04f  1
 127r 8.9887550e+05 3.32e+00 9.98e+02   0.4 8.48e+02    -  1.13e-04 1.17e-03f  1
 128r 9.0989977e+05 3.31e+00 9.97e+02   0.4 6.15e+02    -  6.73e-04 1.74e-03f  1
 129r 9.1288510e+05 3.31e+00 9.96e+02   0.4 6.64e+02    -  5.22e-04 6.44e-04f  1
iter    objective    inf_pr   inf_du lg(mu)  ||d||  lg(rg) alpha_du alpha_pr  ls
 130r 9.1648980e+05 3.30e+00 9.96e+02   0.4 2.60e+02    -  5.81e-04 9.20e-04f  1
 131r 9.3103893e+05 3.26e+00 9.95e+02   0.4 2.27e+02    -  1.09e-03 3.70e-03f  1
 132r 9.4464510e+05 3.18e+00 9.94e+02   0.4 4.87e+02    -  2.79e-04 3.42e-03f  1
 133  9.4459159e+05 3.18e+00 8.16e+01  -6.0 4.70e+04    -  6.10e-06 2.28e-05f  1
 134  9.4457488e+05 3.18e+00 8.16e+01  -6.0 3.72e+03    -  3.95e-05 3.44e-05f  1
 135  9.4456103e+05 3.18e+00 8.16e+01  -6.0 2.03e+03    -  1.09e-05 8.13e-05f  1
 136  9.4455787e+05 3.18e+00 8.15e+01  -6.0 9.99e+02    -  4.90e-04 2.15e-05f  1
 137  9.4447198e+05 3.17e+00 8.15e+01  -6.0 4.01e+02    -  8.74e-05 6.20e-04f  1
 138  9.4440996e+05 3.17e+00 8.14e+01  -6.0 1.24e+02    -  1.27e-03 5.35e-04f  1
 139  9.4427815e+05 3.17e+00 8.13e+01  -6.0 1.25e+02    -  2.35e-03 1.28e-03f  1
iter    objective    inf_pr   inf_du lg(mu)  ||d||  lg(rg) alpha_du alpha_pr  ls
 140  9.4416386e+05 3.16e+00 8.10e+01  -6.0 7.58e+01  -3.8 4.84e-03 1.29e-03f  1
 141  9.4375570e+05 3.15e+00 8.07e+01  -6.0 7.70e+01  -3.4 2.61e-03 4.98e-03f  1
 142  9.4366741e+05 3.14e+00 7.96e+01  -6.0 6.07e+01  -2.9 2.11e-02 1.25e-03f  1
 143  9.4348513e+05 3.14e+00 7.92e+01  -6.0 7.51e+01  -3.4 6.59e-03 2.52e-03f  1
 144  9.4329633e+05 3.13e+00 7.88e+01  -6.0 2.76e+02  -3.9 6.86e-03 2.73e-03f  1
 145  9.4305887e+05 3.12e+00 7.76e+01  -6.0 1.57e+02    -  2.11e-02 3.57e-03f  1
 146  9.4285475e+05 3.11e+00 7.68e+01  -6.0 3.33e+01    -  1.64e-02 3.62e-03f  1
 147  9.4195278e+05 3.05e+00 7.56e+01  -6.0 3.00e+01    -  1.45e-02 1.66e-02f  1
 148  9.4075255e+05 2.98e+00 7.39e+01  -6.0 2.66e+01    -  2.22e-02 2.38e-02f  1
 149  9.4044261e+05 2.96e+00 7.19e+01  -6.0 2.58e+01    -  4.03e-02 7.09e-03f  1
iter    objective    inf_pr   inf_du lg(mu)  ||d||  lg(rg) alpha_du alpha_pr  ls
 150  9.4019445e+05 2.94e+00 6.98e+01  -6.0 1.93e+01    -  4.46e-02 6.06e-03f  1
 151  9.3939809e+05 2.88e+00 6.86e+01  -6.0 1.61e+01    -  1.55e-02 1.97e-02f  1
 152  9.3917957e+05 2.86e+00 6.71e+01  -6.0 1.29e+01    -  1.10e-01 6.22e-03f  1
 153  9.3906648e+05 2.85e+00 6.69e+01  -6.0 1.25e+01    -  6.55e-02 3.70e-03f  1
 154  9.3893440e+05 2.84e+00 6.65e+01  -6.0 1.23e+01    -  1.30e-01 5.48e-03f  1
 155  9.3873432e+05 2.81e+00 6.59e+01  -6.0 1.19e+01    -  7.29e-02 9.53e-03f  1
 156  9.3854474e+05 2.78e+00 6.51e+01  -6.0 1.14e+01    -  2.18e-01 1.11e-02f  1
 157  9.3817099e+05 2.70e+00 6.32e+01  -6.0 1.08e+01    -  1.18e-01 2.95e-02f  1
 158  9.3802887e+05 2.65e+00 9.03e+01  -6.0 9.33e+00    -  3.55e-01 1.60e-02f  1
 159  9.3798284e+05 2.59e+00 9.08e+01  -6.0 1.04e+01    -  7.15e-02 2.47e-02h  1
iter    objective    inf_pr   inf_du lg(mu)  ||d||  lg(rg) alpha_du alpha_pr  ls
 160  9.3798436e+05 2.56e+00 9.57e+01  -6.0 9.46e+00    -  1.21e-01 1.17e-02h  1
 161  9.3806141e+05 2.47e+00 9.93e+01  -6.0 8.75e+00    -  2.01e-01 3.62e-02h  1
 162  9.3817579e+05 2.42e+00 1.00e+02  -6.0 8.00e+00    -  1.51e-01 2.02e-02h  1
 163  9.3831674e+05 2.38e+00 1.02e+02  -6.0 7.71e+00    -  1.69e-01 1.58e-02h  1
 164  9.3871313e+05 2.30e+00 1.03e+02  -6.0 7.50e+00    -  2.73e-01 3.30e-02h  1
 165  9.3912671e+05 2.23e+00 1.02e+02  -6.0 6.95e+00    -  1.66e-01 2.89e-02h  1
 166  9.3955591e+05 2.17e+00 1.08e+02  -6.0 6.65e+00    -  5.51e-01 2.75e-02h  1
 167  9.4048768e+05 2.05e+00 1.04e+02  -6.0 6.64e+00    -  2.86e-01 5.54e-02h  1
 168  9.4107976e+05 1.98e+00 1.04e+02  -6.0 6.43e+00    -  3.35e-01 3.36e-02h  1
 169  9.4179683e+05 1.90e+00 1.04e+02  -6.0 6.31e+00    -  5.70e-01 3.92e-02h  1
iter    objective    inf_pr   inf_du lg(mu)  ||d||  lg(rg) alpha_du alpha_pr  ls
 170  9.4342635e+05 1.74e+00 9.85e+01  -6.0 6.14e+00    -  7.15e-01 8.46e-02h  1
 171  9.4425119e+05 1.67e+00 9.48e+01  -6.0 4.31e+00    -  1.49e-01 4.00e-02h  1
 172  9.4589438e+05 1.54e+00 8.73e+01  -6.0 1.14e+01    -  7.36e-02 7.94e-02h  1
 173  9.4633941e+05 1.51e+00 8.72e+01  -6.0 4.86e+00    -  4.38e-01 2.23e-02h  1
 174  9.4797323e+05 1.38e+00 8.13e+01  -6.0 3.82e+00    -  5.13e-01 8.03e-02h  1
 175  9.4909900e+05 1.30e+00 7.68e+01  -6.0 1.15e+01  -2.6 1.22e-01 5.76e-02h  1
 176  9.5000781e+05 1.24e+00 7.54e+01  -6.0 3.06e+00  -2.1 7.98e-01 4.79e-02h  1
 177  9.5132482e+05 1.15e+00 7.02e+01  -6.0 3.61e+00  -2.6 7.23e-01 7.07e-02h  1
 178  9.5165652e+05 1.13e+00 6.89e+01  -6.0 4.40e+00  -3.1 9.08e-02 1.74e-02h  1
 179  9.5174781e+05 1.13e+00 6.85e+01  -6.0 1.59e+02  -3.6 9.51e-03 4.74e-03h  1
iter    objective    inf_pr   inf_du lg(mu)  ||d||  lg(rg) alpha_du alpha_pr  ls
 180  9.5426222e+05 9.81e-01 5.93e+01  -6.0 4.44e+00    -  3.53e-01 1.30e-01h  1
 181  9.5470859e+05 9.54e-01 5.77e+01  -6.0 7.82e+01  -3.1 8.73e-03 2.61e-02h  1
 182  9.5625961e+05 8.66e-01 5.24e+01  -6.0 5.90e+00    -  1.04e-05 9.22e-02h  1
 183  9.5669715e+05 8.41e-01 5.10e+01  -6.0 5.22e+01    -  1.33e-02 2.85e-02h  1
 184  9.5723455e+05 8.11e-01 4.91e+01  -6.0 3.59e+00    -  7.31e-02 3.57e-02h  1
 185  9.5843391e+05 7.43e-01 4.51e+01  -6.0 1.42e+01    -  1.79e-01 8.21e-02h  1
 186  9.5855798e+05 7.36e-01 3.19e+01  -6.0 4.18e+00    -  4.70e-01 9.05e-03h  1
 187  9.5944337e+05 6.90e-01 2.78e+01  -6.0 5.50e+00    -  8.58e-02 6.22e-02h  1
 188  9.6071831e+05 6.25e-01 2.62e+01  -6.0 3.64e+00    -  8.27e-02 9.44e-02h  1
 189  9.6130721e+05 5.95e-01 1.97e+01  -6.0 2.23e+00    -  4.22e-01 4.78e-02h  1
iter    objective    inf_pr   inf_du lg(mu)  ||d||  lg(rg) alpha_du alpha_pr  ls
 190  9.6252847e+05 5.34e-01 1.78e+01  -6.0 1.73e+00    -  1.78e-01 1.03e-01h  1
 191  9.6284632e+05 5.18e-01 2.45e+01  -6.0 1.06e+00    -  3.81e-01 2.99e-02h  1
 192  9.6504046e+05 4.09e-01 3.04e+01  -6.0 8.42e-01    -  6.29e-01 2.11e-01h  1
 193  9.6728735e+05 2.98e-01 2.30e+01  -6.0 4.33e-01    -  3.60e-01 2.71e-01h  1
 194  9.6749866e+05 2.87e-01 2.78e+01  -6.0 2.93e-01    -  8.93e-01 3.48e-02h  1
 195  9.6915590e+05 2.06e-01 2.03e+01  -6.0 2.74e-01    -  7.04e-01 2.82e-01h  1
 196  9.7250624e+05 4.37e-02 4.41e+00  -6.0 2.08e-01    -  1.00e+00 7.86e-01h  1
 197  9.7297283e+05 2.16e-02 2.18e+00  -6.0 8.72e-02    -  4.88e-01 5.04e-01h  1
 198  9.7324798e+05 8.66e-03 9.55e+00  -6.0 5.80e-02    -  9.68e-01 5.99e-01h  1
 199  9.7342744e+05 2.21e-04 8.42e-01  -6.0 3.93e-02    -  1.00e+00 9.73e-01h  1
iter    objective    inf_pr   inf_du lg(mu)  ||d||  lg(rg) alpha_du alpha_pr  ls
 200  9.7343249e+05 6.26e-06 3.91e-04  -6.0 1.18e-02    -  1.00e+00 1.00e+00h  1
 201  9.7343250e+05 1.03e-06 6.36e-05  -6.0 4.89e-03    -  1.00e+00 1.00e+00h  1
 202  9.7343251e+05 7.43e-08 4.61e-06  -6.0 1.32e-03    -  1.00e+00 1.00e+00h  1
 203  9.7343247e+05 3.55e-08 1.04e-06  -7.1 1.76e-03    -  1.00e+00 1.00e+00h  1
 204  9.7343247e+05 6.43e-10 2.07e-08  -7.1 1.79e-04    -  1.00e+00 1.00e+00h  1

Number of Iterations....: 204

                                   (scaled)                 (unscaled)
Objective...............:   8.0048956324371875e+03    9.7343247411385342e+05
Dual infeasibility......:   2.0675385704681475e-08    2.5142228935767713e-06
Constraint violation....:   2.6655427864952230e-10    6.4252680953558173e-10
Variable bound violation:   1.0402856887026246e-07    1.0402856887026246e-07
Complementarity.........:   7.6925224328640195e-08    9.3544644275634139e-06
Overall NLP error.......:   7.6925224328640195e-08    9.3544644275634139e-06


Number of objective function evaluations             = 207
Number of objective gradient evaluations             = 192
Number of equality constraint evaluations            = 207
Number of inequality constraint evaluations          = 208
Number of equality constraint Jacobian evaluations   = 206
Number of inequality constraint Jacobian evaluations = 206
Number of Lagrangian Hessian evaluations             = 204
Total seconds in IPOPT                               = 13.956

EXIT: Optimal Solution Found.

