Solver command line: ['/opt/homebrew/bin/ipopt', '/var/folders/6y/bvynbx6n3zv7z3lwg6vd724r0000gn/T/tmppqcf1ykp.pyomo.nl', '-AMPL', 'tol=1e-06', 'max_iter=300', 'print_level=5', 'warm_start_init_point=yes', 'warm_start_bound_push=1e-06', 'warm_start_bound_frac=1e-06', 'warm_start_mult_bound_push=1e-06', 'mu_init=1e-06', 'least_square_init_duals=no']

Ipopt 3.14.19: tol=1e-06
max_iter=300
print_level=5
warm_start_init_point=yes
warm_start_bound_push=1e-06
warm_start_bound_frac=1e-06
warm_start_mult_bound_push=1e-06
mu_init=1e-06
least_square_init_duals=no


******************************************************************************
This program contains Ipopt, a library for large-scale nonlinear optimization.
 Ipopt is released as open source code under the Eclipse Public License (EPL).
         For more information visit https://github.com/coin-or/Ipopt
******************************************************************************

This is Ipopt version 3.14.19, running with linear solver MUMPS 5.6.2.

Number of nonzeros in equality constraint Jacobian...:    30918
Number of nonzeros in inequality constraint Jacobian.:    29064
Number of nonzeros in Lagrangian Hessian.............:    17346

Total number of variables............................:     4469
                     variables with only lower bounds:        0
                variables with lower and upper bounds:     4469
                     variables with only upper bounds:        0
Total number of equality constraints.................:     4001
Total number of inequality constraints...............:     7266
        inequality constraints with only lower bounds:        0
   inequality constraints with lower and upper bounds:        0
        inequality constraints with only upper bounds:     7266

iter    objective    inf_pr   inf_du lg(mu)  ||d||  lg(rg) alpha_du alpha_pr  ls
   0  9.7343219e+05 1.80e+00 1.24e+02  -6.0 0.00e+00    -  0.00e+00 0.00e+00   0
   1  9.7323126e+05 1.80e+00 1.24e+02  -6.0 1.60e+03    -  1.91e-04 1.67e-04f  1
   2  9.7314579e+05 1.79e+00 1.24e+02  -6.0 4.23e+03    -  1.31e-04 7.28e-05f  1
   3  9.7309835e+05 1.79e+00 1.24e+02  -6.0 6.59e+03    -  1.33e-04 4.28e-05f  1
   4  9.7307549e+05 1.79e+00 1.24e+02  -6.0 3.88e+03    -  1.14e-04 2.88e-05f  1
   5  9.7305821e+05 1.79e+00 1.24e+02  -6.0 4.22e+03    -  1.77e-04 4.92e-05f  1
   6  9.7305157e+05 1.79e+00 1.24e+02  -6.0 2.62e+03    -  5.77e-04 1.22e-04f  1
   7  9.7304847e+05 1.79e+00 1.23e+02  -6.0 5.72e+02    -  9.10e-04 6.05e-04h  1
   8  9.7304747e+05 1.79e+00 1.22e+02  -6.0 1.33e+02    -  7.58e-03 1.51e-03h  1
   9  9.7304600e+05 1.78e+00 1.21e+02  -6.0 3.32e+01    -  1.22e-02 7.69e-03h  1
iter    objective    inf_pr   inf_du lg(mu)  ||d||  lg(rg) alpha_du alpha_pr  ls
  10  9.7303778e+05 1.77e+00 1.19e+02  -6.0 6.92e+01    -  1.27e-02 1.39e-03h  1
  11  9.7303201e+05 1.71e+00 1.17e+02  -6.0 1.25e+01    -  2.25e-02 3.69e-02h  1
  12  9.7302135e+05 1.70e+00 1.16e+02  -6.0 1.72e+01    -  5.99e-03 7.74e-03h  1
  13  9.7300969e+05 1.67e+00 1.15e+02  -6.0 2.56e+01    -  9.40e-03 1.45e-02h  1
  14  9.7300845e+05 1.66e+00 1.15e+02  -6.0 7.01e+00    -  4.11e-03 3.98e-03h  1
  15  9.7300712e+05 1.66e+00 1.13e+02  -6.0 5.78e+00    -  1.33e-02 4.64e-03h  1
  16  9.7300253e+05 1.63e+00 1.12e+02  -6.0 5.18e+00    -  6.98e-03 1.90e-02h  1
  17  9.7299659e+05 1.55e+00 1.11e+02  -6.0 2.93e+00    -  1.44e-02 4.79e-02h  1
  18  9.7299583e+05 1.53e+00 1.09e+02  -6.0 1.65e+00    -  1.58e-02 1.18e-02h  1
  19  9.7296160e+05 1.52e+00 1.08e+02  -6.0 1.56e+01    -  7.04e-03 6.61e-03h  1
iter    objective    inf_pr   inf_du lg(mu)  ||d||  lg(rg) alpha_du alpha_pr  ls
  20  9.7293751e+05 1.51e+00 1.08e+02  -6.0 1.44e+01    -  2.12e-03 5.19e-03h  1
  21  9.7293142e+05 1.51e+00 1.08e+02  -6.0 1.35e+01    -  2.13e-03 1.42e-03h  1
  22  9.7293108e+05 1.51e+00 1.07e+02  -6.0 1.37e+01    -  1.52e-02 8.46e-05h  1
  23  9.7292095e+05 1.50e+00 1.06e+02  -6.0 1.53e+01    -  3.76e-03 3.50e-03h  1
  24  9.7290069e+05 1.49e+00 1.06e+02  -6.0 1.38e+01    -  7.51e-03 6.09e-03f  1
  25  9.7286069e+05 1.48e+00 1.04e+02  -6.0 1.22e+01    -  2.03e-02 1.27e-02h  1
  26  9.7285987e+05 1.47e+00 1.02e+02  -6.0 1.15e+01    -  1.62e-02 4.39e-04h  1
  27  9.7285972e+05 1.47e+00 1.01e+02  -6.0 1.14e+01    -  8.70e-03 8.26e-05h  1
  28  9.7283870e+05 1.46e+00 1.01e+02  -6.0 1.14e+01    -  2.19e-03 1.15e-02f  1
  29  9.7283194e+05 1.45e+00 1.00e+02  -6.0 9.74e+00    -  2.32e-03 4.46e-03h  1
iter    objective    inf_pr   inf_du lg(mu)  ||d||  lg(rg) alpha_du alpha_pr  ls
  30  9.7282631e+05 1.44e+00 1.00e+02  -6.0 9.91e+00    -  2.44e-03 6.08e-03h  1
  31  9.7282400e+05 1.44e+00 9.94e+01  -6.0 8.98e+00    -  8.10e-03 2.64e-03h  1
  32  9.7281851e+05 1.43e+00 9.91e+01  -6.0 8.63e+00    -  3.76e-03 6.75e-03h  1
  33  9.7281645e+05 1.42e+00 9.49e+01  -6.0 6.06e+00    -  2.77e-02 3.31e-03h  1
  34  9.7281490e+05 1.42e+00 9.13e+01  -6.0 5.21e+00    -  2.05e-02 3.10e-03h  1
  35  9.7280717e+05 1.39e+00 8.54e+01  -6.0 4.03e+00    -  3.76e-02 1.85e-02h  1
  36  9.7278115e+05 1.29e+00 8.45e+01  -6.0 6.55e+00    -  2.79e-02 6.86e-02h  1
  37  9.7278120e+05 1.28e+00 6.35e+01  -6.0 3.95e+00    -  1.44e-01 1.28e-02h  1
  38  9.7278405e+05 1.25e+00 6.24e+01  -6.0 4.99e+00    -  1.86e-02 1.99e-02h  1
  39  9.7278673e+05 1.23e+00 6.08e+01  -6.0 4.93e+00    -  2.02e-02 1.60e-02h  1
iter    objective    inf_pr   inf_du lg(mu)  ||d||  lg(rg) alpha_du alpha_pr  ls
  40  9.7279031e+05 1.21e+00 4.63e+01  -6.0 4.81e+00    -  1.24e-01 2.01e-02h  1
  41  9.7279323e+05 1.19e+00 4.56e+01  -6.0 5.36e+00    -  6.81e-02 1.54e-02h  1
  42  9.7279786e+05 1.16e+00 4.46e+01  -6.0 1.23e+01    -  4.00e-02 2.27e-02h  1
  43  9.7281319e+05 1.08e+00 4.15e+01  -6.0 1.05e+01    -  1.97e-01 6.80e-02h  1
  44  9.7280634e+05 1.05e+00 4.04e+01  -6.0 7.10e+00    -  2.41e-05 2.60e-02h  1
  45  9.7280626e+05 1.05e+00 4.04e+01  -6.0 6.47e+00    -  3.40e-03 5.27e-04h  1
  46  9.7280633e+05 1.05e+00 4.04e+01  -6.0 1.29e+01    -  9.46e-02 4.25e-04h  1
  47  9.7281276e+05 1.02e+00 3.90e+01  -6.0 1.40e+01    -  6.12e-02 3.32e-02h  1
  48  9.7282807e+05 9.62e-01 3.69e+01  -6.0 3.96e+00    -  6.80e-02 5.47e-02h  1
  49  9.7282813e+05 9.05e-01 3.52e+01  -6.0 3.56e+00    -  1.01e-02 5.92e-02h  1
iter    objective    inf_pr   inf_du lg(mu)  ||d||  lg(rg) alpha_du alpha_pr  ls
  50  9.7282926e+05 8.96e-01 3.46e+01  -6.0 3.22e+00    -  7.64e-02 1.06e-02h  1
  51  9.7284247e+05 8.57e-01 3.48e+01  -6.0 3.17e+00    -  2.76e-01 4.31e-02h  1
  52  9.7289302e+05 7.15e-01 3.06e+01  -6.0 2.95e+00    -  4.21e-01 1.64e-01h  1
  53  9.7290213e+05 6.94e-01 3.33e+01  -6.0 2.19e+00    -  6.56e-01 2.94e-02h  1
  54  9.7293660e+05 6.16e-01 3.06e+01  -6.0 2.09e+00    -  4.56e-01 1.12e-01h  1
  55  9.7295303e+05 5.83e-01 3.06e+01  -6.0 1.73e+00    -  4.25e-01 5.49e-02h  1
  56  9.7297512e+05 5.39e-01 2.83e+01  -6.0 2.12e+00    -  2.23e-01 7.54e-02h  1
  57  9.7299693e+05 4.98e-01 2.63e+01  -6.0 1.41e+00    -  1.11e-01 7.58e-02h  1
  58  9.7301798e+05 4.60e-01 2.43e+01  -6.0 1.58e+00    -  7.41e-02 7.57e-02h  1
  59  9.7302080e+05 4.55e-01 2.01e+01  -6.0 3.09e+00    -  1.30e-02 1.04e-02h  1
iter    objective    inf_pr   inf_du lg(mu)  ||d||  lg(rg) alpha_du alpha_pr  ls
  60  9.7302554e+05 4.48e-01 1.96e+01  -6.0 4.97e+00    -  3.60e-02 1.66e-02h  1
  61  9.7304105e+05 4.23e-01 2.83e+01  -6.0 4.39e+00    -  2.52e-02 5.48e-02h  1
  62  9.7304368e+05 4.19e-01 2.01e+01  -6.0 5.07e+00    -  4.09e-02 8.74e-03h  1
  63  9.7304520e+05 4.17e-01 3.93e+01  -6.0 1.83e+00    -  2.94e-02 4.93e-03h  1
  64  9.7305492e+05 4.04e-01 1.92e+01  -6.0 1.80e+00    -  6.18e-03 3.12e-02h  1
  65  9.7310180e+05 3.42e-01 1.69e+01  -6.0 1.00e+00    -  2.11e-01 1.52e-01h  1
  66  9.7311860e+05 3.22e-01 1.64e+01  -6.0 8.38e-01    -  8.84e-02 5.97e-02h  1
  67  9.7313235e+05 3.06e-01 1.51e+01  -6.0 7.27e-01    -  2.30e-03 5.05e-02h  1
  68  9.7314357e+05 2.93e-01 1.47e+01  -6.0 6.72e-01    -  6.16e-02 4.27e-02h  1
  69  9.7317365e+05 2.58e-01 1.24e+01  -6.0 6.41e-01    -  5.16e-02 1.18e-01h  1
iter    objective    inf_pr   inf_du lg(mu)  ||d||  lg(rg) alpha_du alpha_pr  ls
  70  9.7319075e+05 2.39e-01 1.26e+01  -6.0 5.73e-01    -  2.30e-01 7.42e-02h  1
  71  9.7321399e+05 2.13e-01 1.34e+01  -6.0 5.34e-01    -  4.81e-01 1.07e-01h  1
  72  9.7324635e+05 1.78e-01 1.09e+01  -6.0 4.96e-01    -  5.11e-03 1.64e-01h  1
  73  9.7324787e+05 1.77e-01 1.30e+01  -6.0 4.13e-01    -  9.53e-01 8.95e-03h  1
  74  9.7327081e+05 1.53e-01 1.13e+01  -6.0 4.13e-01    -  1.15e-01 1.35e-01h  1
  75  9.7331291e+05 1.10e-01 8.16e+00  -6.0 3.59e-01    -  1.00e+00 2.82e-01h  1
  76  9.7333137e+05 9.17e-02 7.06e+00  -6.0 1.87e-01    -  1.99e-01 1.64e-01h  1
  77  9.7334564e+05 7.81e-02 6.03e+00  -6.0 1.61e-01    -  1.52e-01 1.48e-01h  1
  78  9.7335604e+05 6.83e-02 9.32e+00  -6.0 1.37e-01    -  1.00e+00 1.25e-01h  1
  79  9.7338026e+05 4.59e-02 6.25e+00  -6.0 1.20e-01    -  2.65e-01 3.29e-01h  1
iter    objective    inf_pr   inf_du lg(mu)  ||d||  lg(rg) alpha_du alpha_pr  ls
  80  9.7339039e+05 3.67e-02 5.00e+00  -6.0 8.21e-02    -  3.78e-01 1.99e-01h  1
  81  9.7340310e+05 2.54e-02 3.36e+00  -6.0 6.63e-02    -  1.00e+00 3.08e-01h  1
  82  9.7343211e+05 1.30e-04 2.76e-02  -6.0 4.62e-02    -  1.00e+00 1.00e+00h  1
  83  9.7343250e+05 3.34e-10 6.09e-08  -6.0 4.90e-03    -  1.00e+00 1.00e+00h  1
  84  9.7343247e+05 3.17e-08 9.83e-07  -7.1 1.53e-03    -  1.00e+00 1.00e+00h  1

Number of Iterations....: 84

                                   (scaled)                 (unscaled)
Objective...............:   9.3305453787964107e+03    9.7343247412604815e+05
Dual infeasibility......:   9.8307851885034332e-07    1.0256212429332863e-04
Constraint violation....:   1.1266788613184531e-08    3.1725247096048292e-08
Variable bound violation:   1.0402858308111718e-07    1.0402858308111718e-07
Complementarity.........:   1.8004292843827718e-07    1.8783428638249518e-05
Overall NLP error.......:   9.8307851885034332e-07    1.0256212429332863e-04


Number of objective function evaluations             = 85
Number of objective gradient evaluations             = 85
Number of equality constraint evaluations            = 85
Number of inequality constraint evaluations          = 86
Number of equality constraint Jacobian evaluations   = 85
Number of inequality constraint Jacobian evaluations = 85
Number of Lagrangian Hessian evaluations             = 84
Total seconds in IPOPT                               = 5.603

EXIT: Optimal Solution Found.

