Solver command line: ['/opt/homebrew/bin/ipopt', '/var/folders/6y/bvynbx6n3zv7z3lwg6vd724r0000gn/T/tmps0b00a6w.pyomo.nl', '-AMPL', 'tol=1e-06', 'max_iter=300', 'print_level=5', 'warm_start_init_point=yes', 'warm_start_bound_push=1e-06', 'warm_start_bound_frac=1e-06', 'warm_start_mult_bound_push=1e-06', 'mu_init=1e-06', 'least_square_init_duals=no']

Ipopt 3.14.19: tol=1e-06
max_iter=300
print_level=5
warm_start_init_point=yes
warm_start_bound_push=1e-06
warm_start_bound_frac=1e-06
warm_start_mult_bound_push=1e-06
mu_init=1e-06
least_square_init_duals=no


******************************************************************************
This program contains Ipopt, a library for large-scale nonlinear optimization.
 Ipopt is released as open source code under the Eclipse Public License (EPL).
         For more information visit https://github.com/coin-or/Ipopt
******************************************************************************

This is Ipopt version 3.14.19, running with linear solver MUMPS 5.6.2.

Number of nonzeros in equality constraint Jacobian...:    30918
Number of nonzeros in inequality constraint Jacobian.:    29064
Number of nonzeros in Lagrangian Hessian.............:    17346

Total number of variables............................:     4469
                     variables with only lower bounds:        0
                variables with lower and upper bounds:     4469
                     variables with only upper bounds:        0
Total number of equality constraints.................:     4001
Total number of inequality constraints...............:     7266
        inequality constraints with only lower bounds:        0
   inequality constraints with lower and upper bounds:        0
        inequality constraints with only upper bounds:     7266

iter    objective    inf_pr   inf_du lg(mu)  ||d||  lg(rg) alpha_du alpha_pr  ls
   0  9.3844110e+05 6.57e+00 2.54e+02  -6.0 0.00e+00    -  0.00e+00 0.00e+00   0
   1  9.3812324e+05 6.57e+00 2.54e+02  -6.0 2.86e+05    -  8.29e-07 8.29e-07f  1
   2  9.3796578e+05 6.57e+00 2.54e+02  -6.0 1.32e+05    -  3.74e-06 9.04e-07f  1
   3  9.3783000e+05 6.57e+00 2.54e+02  -6.0 3.94e+04    -  1.11e-05 3.26e-06f  1
   4  9.3775086e+05 6.57e+00 2.54e+02  -6.0 8.66e+03    -  3.65e-05 1.18e-05f  1
   5  9.3768688e+05 6.57e+00 2.54e+02  -6.0 8.17e+02    -  2.14e-04 3.26e-05f  1
   6  9.3750663e+05 6.57e+00 2.54e+02  -6.0 4.29e+02    -  3.05e-04 1.06e-04f  1
   7  9.3742739e+05 6.57e+00 2.54e+02  -6.0 1.96e+02    -  1.26e-04 5.02e-05f  1
   8  9.3679667e+05 6.57e+00 2.53e+02  -6.0 3.89e+02    -  5.93e-05 3.86e-04f  1
   9  9.3678062e+05 6.57e+00 2.53e+02  -6.0 3.82e+02    -  4.74e-04 1.01e-05f  1
iter    objective    inf_pr   inf_du lg(mu)  ||d||  lg(rg) alpha_du alpha_pr  ls
  10  9.3664857e+05 6.57e+00 2.53e+02  -6.0 3.34e+02    -  3.43e-04 8.59e-05f  1
  11  9.3652886e+05 6.57e+00 2.53e+02  -6.0 2.84e+02    -  2.36e-04 7.95e-05f  1
  12  9.3599493e+05 6.57e+00 2.53e+02  -6.0 1.23e+02    -  1.93e-03 3.75e-04f  1
  13  9.3599000e+05 6.57e+00 2.53e+02  -6.0 1.19e+02    -  1.91e-04 3.90e-06f  1
  14  9.3573997e+05 6.57e+00 2.53e+02  -6.0 1.12e+02    -  1.31e-03 2.12e-04f  1
  15  9.3560863e+05 6.56e+00 2.53e+02  -6.0 7.17e+01    -  3.34e-04 1.17e-04f  1
  16  9.3558832e+05 6.56e+00 2.53e+02  -6.0 7.17e+01    -  3.52e-03 2.26e-05f  1
  17  9.3535008e+05 6.56e+00 2.53e+02  -6.0 7.17e+01    -  3.37e-04 2.83e-04f  1
  18  9.3426929e+05 6.55e+00 2.53e+02  -6.0 7.18e+01    -  5.93e-04 1.36e-03f  1
  19  9.3392035e+05 6.55e+00 2.53e+02  -6.0 7.18e+01    -  3.28e-03 4.41e-04f  1
iter    objective    inf_pr   inf_du lg(mu)  ||d||  lg(rg) alpha_du alpha_pr  ls
  20  9.3348319e+05 6.55e+00 2.53e+02  -6.0 7.17e+01    -  2.74e-03 5.52e-04f  1
  21  9.3237642e+05 6.54e+00 2.52e+02  -6.0 7.02e+01    -  1.23e-03 1.52e-03f  1
  22  9.3217770e+05 6.54e+00 2.52e+02  -6.0 7.06e+01    -  7.85e-05 2.70e-04f  1
  23  9.3176555e+05 6.53e+00 2.52e+02  -6.0 6.65e+01    -  5.02e-03 5.36e-04f  1
  24  9.3164065e+05 6.53e+00 2.52e+02  -6.0 6.65e+01    -  6.22e-04 1.64e-04f  1
  25  9.3118950e+05 6.53e+00 2.52e+02  -6.0 6.65e+01    -  2.86e-04 5.96e-04f  1
  26  9.3068848e+05 6.52e+00 2.52e+02  -6.0 6.65e+01    -  5.52e-03 6.70e-04f  1
  27  9.3036732e+05 6.52e+00 2.51e+02  -6.0 6.65e+01    -  1.44e-03 4.29e-04f  1
  28  9.2973300e+05 6.51e+00 2.51e+02  -6.0 6.65e+01    -  4.48e-04 8.59e-04f  1
  29  9.2933167e+05 6.51e+00 2.51e+02  -6.0 6.77e+01    -  1.00e-02 5.52e-04f  1
iter    objective    inf_pr   inf_du lg(mu)  ||d||  lg(rg) alpha_du alpha_pr  ls
  30  9.2828415e+05 6.50e+00 2.51e+02  -6.0 6.77e+01    -  2.11e-03 1.44e-03f  1
  31  9.2824477e+05 6.50e+00 2.51e+02  -6.0 6.78e+01    -  4.68e-03 5.51e-05f  1
  32  9.2772542e+05 6.50e+00 2.51e+02  -6.0 6.95e+01    -  6.57e-03 7.36e-04f  1
  33  9.2707362e+05 6.49e+00 2.50e+02  -6.0 7.00e+01    -  7.65e-04 9.34e-04f  1
  34  9.2695864e+05 6.49e+00 2.50e+02  -6.0 6.76e+01    -  1.08e-02 1.66e-04f  1
  35  9.2533571e+05 6.47e+00 2.50e+02  -6.0 6.34e+01    -  1.87e-03 2.55e-03f  1
  36  9.2388357e+05 6.46e+00 2.49e+02  -6.0 7.01e+01    -  3.26e-04 2.12e-03f  1
  37  9.2292130e+05 6.45e+00 2.49e+02  -6.0 7.86e+01    -  4.16e-03 1.43e-03f  1
  38  9.2166990e+05 6.44e+00 2.48e+02  -6.0 8.43e+01    -  2.85e-03 1.87e-03f  1
  39  9.2166717e+05 6.44e+00 2.48e+02  -6.0 9.78e+01    -  3.50e-02 4.47e-06f  1
iter    objective    inf_pr   inf_du lg(mu)  ||d||  lg(rg) alpha_du alpha_pr  ls
  40  9.1989306e+05 6.42e+00 2.48e+02  -6.0 9.77e+01    -  4.28e-04 2.90e-03f  1
  41  9.1769491e+05 6.39e+00 2.47e+02  -6.0 1.11e+02    -  3.41e-03 3.62e-03f  1
  42  9.1683126e+05 6.39e+00 2.46e+02  -6.0 1.26e+02    -  2.02e-02 1.45e-03f  1
  43  9.1513705e+05 6.37e+00 2.46e+02  -6.0 1.29e+02    -  1.42e-03 2.88e-03f  1
  44  9.1451324e+05 6.36e+00 2.45e+02  -6.0 1.39e+02    -  6.66e-03 1.07e-03f  1
  45  9.1297030e+05 6.34e+00 2.45e+02  -6.0 1.13e+02    -  1.11e-03 2.90e-03f  1
  46  9.1283582e+05 6.34e+00 2.45e+02  -6.0 8.26e+01    -  3.01e-03 2.86e-04f  1
  47  9.1200221e+05 6.33e+00 2.44e+02  -6.0 8.32e+01    -  2.44e-02 1.78e-03f  1
  48  9.1041371e+05 6.31e+00 2.43e+02  -6.0 8.67e+01    -  1.04e-02 3.41e-03f  1
  49  9.0959695e+05 6.30e+00 2.43e+02  -6.0 9.37e+01    -  2.87e-03 1.77e-03f  1
iter    objective    inf_pr   inf_du lg(mu)  ||d||  lg(rg) alpha_du alpha_pr  ls
  50  9.0953945e+05 6.29e+00 2.43e+02  -6.0 9.71e+01    -  3.66e-03 1.26e-04f  1
  51  9.0721275e+05 6.26e+00 2.42e+02  -6.0 9.73e+01    -  1.27e-03 5.12e-03f  1
  52  9.0706449e+05 6.26e+00 2.42e+02  -6.0 1.07e+02    -  6.27e-02 3.31e-04f  1
  53  9.0429499e+05 6.22e+00 2.40e+02  -6.0 1.06e+02    -  3.11e-03 6.21e-03f  1
  54  9.0355151e+05 6.21e+00 2.40e+02  -6.0 1.33e+02    -  6.43e-03 1.70e-03f  1
  55  9.0340970e+05 6.21e+00 2.40e+02  -6.0 1.59e+02    -  2.80e-03 3.27e-04f  1
  56  8.9872225e+05 6.14e+00 2.37e+02  -6.0 1.65e+02    -  1.09e-02 1.10e-02f  1
  57  8.9806137e+05 6.13e+00 2.37e+02  -6.0 2.40e+02    -  5.82e-03 1.58e-03f  1
  58  8.9785228e+05 6.13e+00 2.36e+02  -6.0 2.48e+02    -  2.25e-03 5.01e-04f  1
  59  8.9561518e+05 6.09e+00 2.35e+02  -6.0 2.51e+02    -  1.02e-03 5.39e-03f  1
iter    objective    inf_pr   inf_du lg(mu)  ||d||  lg(rg) alpha_du alpha_pr  ls
  60  8.9539815e+05 6.09e+00 2.35e+02  -6.0 2.64e+02    -  1.96e-02 5.33e-04f  1
  61  8.9347269e+05 6.06e+00 2.34e+02  -6.0 1.13e+02    -  7.05e-03 5.40e-03f  1
  62  8.9285192e+05 6.05e+00 2.33e+02  -6.0 1.18e+02    -  2.48e-03 1.76e-03f  1
  63  8.9223689e+05 6.04e+00 2.33e+02  -6.0 1.19e+02    -  3.29e-03 1.77e-03f  1
  64  8.9105192e+05 6.02e+00 2.32e+02  -6.0 1.21e+02    -  1.97e-03 3.44e-03f  1
  65  8.9030970e+05 6.00e+00 2.32e+02  -6.0 1.25e+02    -  6.87e-03 2.17e-03f  1
  66  8.8995609e+05 6.00e+00 2.31e+02  -6.0 1.27e+02    -  2.67e-03 1.04e-03f  1
  67  8.8974579e+05 5.99e+00 2.31e+02  -6.0 1.28e+02    -  1.22e-03 6.24e-04f  1
  68  8.8933405e+05 5.99e+00 2.31e+02  -6.0 1.30e+02    -  1.83e-02 1.25e-03f  1
  69  8.8732264e+05 5.95e+00 2.30e+02  -6.0 1.30e+02    -  5.42e-03 6.23e-03f  1
iter    objective    inf_pr   inf_du lg(mu)  ||d||  lg(rg) alpha_du alpha_pr  ls
  70  8.8718214e+05 5.95e+00 2.30e+02  -6.0 8.80e+01    -  1.98e-02 5.01e-04f  1
  71  8.8085466e+05 5.81e+00 2.24e+02  -6.0 8.83e+01    -  6.43e-03 2.29e-02f  1
  72  8.7945528e+05 5.78e+00 2.23e+02  -6.0 1.03e+02    -  9.95e-03 5.20e-03f  1
  73  8.7940252e+05 5.78e+00 2.23e+02  -6.0 9.72e+01    -  2.73e-03 2.05e-04f  1
  74  8.7927728e+05 5.77e+00 2.23e+02  -6.0 8.52e+01    -  4.80e-03 5.89e-04f  1
  75  8.7921440e+05 5.77e+00 2.23e+02  -6.0 5.23e+01    -  9.58e-04 4.21e-04f  1
  76  8.7823913e+05 5.73e+00 2.21e+02  -6.0 6.06e+01    -  3.25e-02 7.13e-03f  1
  77  8.7666815e+05 5.66e+00 2.19e+02  -6.0 6.81e+01    -  9.61e-03 1.18e-02f  1
  78  8.7653658e+05 5.66e+00 2.19e+02  -6.0 7.74e+01    -  1.36e-02 1.02e-03f  1
  79  8.7554206e+05 5.61e+00 2.17e+02  -6.0 7.87e+01    -  4.87e-02 7.82e-03f  1
iter    objective    inf_pr   inf_du lg(mu)  ||d||  lg(rg) alpha_du alpha_pr  ls
  80  8.7547565e+05 5.61e+00 2.17e+02  -6.0 8.82e+01    -  2.80e-02 5.37e-04f  1
  81  8.7499432e+05 5.59e+00 2.16e+02  -6.0 9.38e+01    -  1.79e-02 4.03e-03f  1
  82  8.7401964e+05 5.54e+00 2.14e+02  -6.0 9.87e+01    -  3.93e-02 8.59e-03f  1
  83  8.7332474e+05 5.51e+00 2.13e+02  -6.0 1.02e+02    -  1.51e-02 6.31e-03f  1
  84  8.7304712e+05 5.49e+00 2.12e+02  -6.0 1.65e+02    -  2.91e-02 2.81e-03f  1
  85  8.7129712e+05 5.39e+00 2.08e+02  -6.0 2.17e+02    -  9.50e-03 1.83e-02f  1
  86  8.7118680e+05 5.38e+00 2.08e+02  -6.0 2.70e+02    -  2.41e-02 1.24e-03f  1
  87  8.7117446e+05 5.38e+00 2.08e+02  -6.0 1.24e+02    -  1.13e-03 1.65e-04h  1
  88  8.7063403e+05 5.34e+00 2.06e+02  -6.0 8.52e+01    -  1.67e-04 7.78e-03f  1
  89  8.7055264e+05 5.33e+00 2.06e+02  -6.0 8.06e+01    -  1.77e-02 1.20e-03f  1
iter    objective    inf_pr   inf_du lg(mu)  ||d||  lg(rg) alpha_du alpha_pr  ls
  90  8.7020767e+05 5.31e+00 2.05e+02  -6.0 7.53e+01    -  1.78e-02 4.87e-03f  1
  91  8.6984859e+05 5.27e+00 2.04e+02  -6.0 7.42e+01    -  4.50e-03 6.19e-03f  1
  92  8.6984536e+05 5.27e+00 2.04e+02  -6.0 6.76e+01    -  4.05e-02 2.21e-04h  1
  93  8.6974340e+05 5.23e+00 2.02e+02  -6.0 6.81e+01    -  1.47e-02 7.41e-03h  1
  94  8.6972343e+05 5.22e+00 2.02e+02  -6.0 6.87e+01    -  3.07e-02 2.11e-03h  1
  95  8.6971037e+05 5.19e+00 2.01e+02  -6.0 5.76e+01    -  8.72e-02 5.94e-03h  1
  96  8.6978110e+05 5.12e+00 1.98e+02  -6.0 7.13e+01    -  1.66e-03 1.33e-02h  1
  97  8.6980979e+05 5.11e+00 1.97e+02  -6.0 6.09e+01    -  4.21e-02 2.55e-03h  1
  98  8.6997005e+05 5.06e+00 1.95e+02  -6.0 5.81e+01    -  4.47e-03 9.99e-03h  1
  99  8.7024386e+05 4.98e+00 1.92e+02  -6.0 5.80e+01    -  1.96e-02 1.58e-02h  1
iter    objective    inf_pr   inf_du lg(mu)  ||d||  lg(rg) alpha_du alpha_pr  ls
 100  8.7047523e+05 4.91e+00 1.90e+02  -6.0 5.93e+01    -  1.80e-02 1.45e-02h  1
 101  8.7058199e+05 4.88e+00 1.88e+02  -6.0 6.13e+01    -  1.47e-02 6.21e-03h  1
 102  8.7099349e+05 4.79e+00 1.85e+02  -6.0 6.26e+01    -  1.11e-02 1.73e-02h  1
 103  8.7111383e+05 4.77e+00 1.84e+02  -6.0 6.41e+01    -  5.10e-02 4.76e-03h  1
 104  8.7134660e+05 4.73e+00 1.83e+02  -6.0 6.47e+01    -  3.93e-02 8.99e-03h  1
 105  8.7166343e+05 4.67e+00 1.81e+02  -6.0 6.49e+01    -  5.54e-02 1.12e-02h  1
 106  8.7187876e+05 4.64e+00 1.79e+02  -6.0 5.97e+01    -  3.42e-02 7.47e-03h  1
 107  8.7201569e+05 4.62e+00 1.78e+02  -6.0 6.18e+01    -  1.22e-02 4.52e-03h  1
 108  8.7264052e+05 4.53e+00 1.75e+02  -6.0 6.09e+01    -  1.08e-01 1.96e-02h  1
 109  8.7274611e+05 4.51e+00 1.74e+02  -6.0 6.24e+01    -  1.88e-02 2.76e-03h  1
iter    objective    inf_pr   inf_du lg(mu)  ||d||  lg(rg) alpha_du alpha_pr  ls
 110  8.7298182e+05 4.49e+00 1.73e+02  -6.0 6.36e+01    -  1.94e-02 5.79e-03h  1
 111  8.7366953e+05 4.42e+00 1.71e+02  -6.0 6.27e+01    -  1.87e-02 1.55e-02h  1
 112  8.7379885e+05 4.40e+00 1.70e+02  -6.0 6.99e+01    -  5.23e-02 2.86e-03h  1
 113  8.7469272e+05 4.32e+00 1.67e+02  -6.0 7.05e+01    -  7.99e-03 1.93e-02h  1
 114  8.7543142e+05 4.25e+00 1.64e+02  -6.0 7.02e+01    -  3.25e-02 1.52e-02h  1
 115  8.7681835e+05 4.13e+00 1.60e+02  -6.0 7.17e+01    -  2.84e-02 2.80e-02h  1
 116  8.7686972e+05 4.13e+00 1.60e+02  -6.0 7.38e+01    -  3.13e-02 9.92e-04h  1
 117  8.7711830e+05 4.11e+00 1.59e+02  -6.0 7.47e+01    -  8.96e-02 4.71e-03h  1
 118  8.7788325e+05 4.05e+00 1.57e+02  -6.0 7.48e+01    -  6.47e-02 1.38e-02h  1
 119  8.7876781e+05 3.99e+00 1.54e+02  -6.0 7.49e+01    -  7.67e-02 1.57e-02h  1
iter    objective    inf_pr   inf_du lg(mu)  ||d||  lg(rg) alpha_du alpha_pr  ls
 120  8.7959131e+05 3.93e+00 1.52e+02  -6.0 7.43e+01    -  2.18e-01 1.45e-02h  1
 121  8.8169219e+05 3.79e+00 1.46e+02  -6.0 7.17e+01    -  9.65e-02 3.64e-02h  1
 122  8.8358247e+05 3.66e+00 1.42e+02  -6.0 7.05e+01    -  9.89e-01 3.28e-02h  1
 123  8.8424068e+05 3.62e+00 1.40e+02  -6.0 6.13e+01    -  1.48e-01 1.13e-02h  1
 124  8.8569073e+05 3.53e+00 1.37e+02  -6.0 5.93e+01    -  5.79e-01 2.46e-02h  1
 125  8.8647156e+05 3.49e+00 1.35e+02  -6.0 5.10e+01    -  2.08e-01 1.30e-02h  1
 126  8.9046584e+05 3.26e+00 1.26e+02  -6.0 4.78e+01    -  3.53e-01 6.45e-02h  1
 127  8.9295385e+05 3.13e+00 1.21e+02  -6.0 3.98e+01    -  3.74e-01 4.03e-02h  1
 128  8.9503502e+05 3.03e+00 1.17e+02  -6.0 3.95e+01    -  3.08e-01 3.38e-02h  1
 129  8.9841154e+05 2.86e+00 1.11e+02  -6.0 3.92e+01    -  2.35e-01 5.51e-02h  1
iter    objective    inf_pr   inf_du lg(mu)  ||d||  lg(rg) alpha_du alpha_pr  ls
 130  9.0345949e+05 2.62e+00 1.01e+02  -6.0 3.79e+01    -  1.38e-01 8.40e-02h  1
 131  9.0636560e+05 2.49e+00 9.61e+01  -6.0 3.62e+01    -  1.02e-01 5.09e-02h  1
 132  9.0774054e+05 2.42e+00 9.37e+01  -6.0 3.52e+01    -  4.86e-02 2.49e-02h  1
 133  9.1033536e+05 2.31e+00 8.93e+01  -6.0 3.68e+01    -  2.22e-01 4.74e-02h  1
 134  9.1187459e+05 2.24e+00 8.67e+01  -6.0 3.57e+01    -  6.46e-02 2.91e-02h  1
 135  9.1636549e+05 2.05e+00 7.92e+01  -6.0 3.49e+01    -  5.96e-02 8.60e-02h  1
 136  9.1743326e+05 2.00e+00 7.75e+01  -6.0 3.30e+01    -  1.61e-01 2.18e-02h  1
 137  9.1772685e+05 1.99e+00 7.70e+01  -6.0 3.21e+01    -  7.52e-02 6.09e-03h  1
 138  9.2031186e+05 1.88e+00 7.29e+01  -6.0 3.17e+01    -  3.93e-01 5.37e-02h  1
 139  9.2203005e+05 1.81e+00 7.02e+01  -6.0 3.02e+01    -  1.18e-01 3.72e-02h  1
iter    objective    inf_pr   inf_du lg(mu)  ||d||  lg(rg) alpha_du alpha_pr  ls
 140  9.2297524e+05 1.78e+00 6.87e+01  -6.0 2.87e+01    -  6.57e-02 2.09e-02h  1
 141  9.2377770e+05 1.75e+00 6.75e+01  -6.0 2.66e+01    -  4.04e-01 1.74e-02h  1
 142  9.2436629e+05 1.72e+00 6.67e+01  -6.0 2.61e+01    -  2.41e-01 1.29e-02h  1
 143  9.2957695e+05 1.52e+00 5.90e+01  -6.0 2.54e+01    -  4.24e-01 1.15e-01h  1
 144  9.3147201e+05 1.45e+00 5.62e+01  -6.0 2.40e+01    -  1.47e-02 4.65e-02h  1
 145  9.3184984e+05 1.44e+00 5.57e+01  -6.0 2.90e+01    -  1.04e-01 9.66e-03h  1
 146  9.3600995e+05 1.29e+00 4.97e+01  -6.0 3.21e+01    -  6.33e-02 1.07e-01h  1
 147  9.3754612e+05 1.23e+00 4.76e+01  -6.0 3.74e+01    -  1.59e-01 4.38e-02h  1
 148  9.4295238e+05 1.03e+00 4.00e+01  -6.0 4.14e+01    -  1.35e-01 1.60e-01h  1
 149  9.4427497e+05 9.85e-01 3.81e+01  -6.0 4.29e+01    -  2.53e-01 4.59e-02h  1
iter    objective    inf_pr   inf_du lg(mu)  ||d||  lg(rg) alpha_du alpha_pr  ls
 150  9.4985348e+05 7.86e-01 3.04e+01  -6.0 4.21e+01    -  5.24e-01 2.02e-01h  1
 151  9.5006241e+05 7.79e-01 3.02e+01  -6.0 3.76e+01    -  3.07e-01 9.35e-03h  1
 152  9.5009560e+05 7.78e-01 3.01e+01  -6.0 3.34e+01    -  9.39e-02 1.50e-03h  1
 153  9.5061324e+05 7.60e-01 2.94e+01  -6.0 1.44e+01    -  1.91e-02 2.30e-02h  1
 154  9.5153314e+05 7.28e-01 2.82e+01  -6.0 1.41e+01    -  1.48e-01 4.18e-02h  1
 155  9.5154731e+05 7.28e-01 2.82e+01  -6.0 1.37e+01    -  9.49e-02 6.68e-04h  1
 156  9.5255712e+05 6.93e-01 2.68e+01  -6.0 1.37e+01    -  2.97e-02 4.76e-02h  1
 157  9.5347513e+05 6.62e-01 2.56e+01  -6.0 1.32e+01    -  9.13e-02 4.51e-02h  1
 158  9.5529620e+05 6.00e-01 2.32e+01  -6.0 1.27e+01    -  3.00e-02 9.34e-02h  1
 159  9.5676280e+05 5.50e-01 2.13e+01  -6.0 1.17e+01    -  2.42e-01 8.26e-02h  1
iter    objective    inf_pr   inf_du lg(mu)  ||d||  lg(rg) alpha_du alpha_pr  ls
 160  9.5842841e+05 4.94e-01 1.91e+01  -6.0 1.09e+01    -  2.46e-01 1.02e-01h  1
 161  9.6237967e+05 3.62e-01 1.40e+01  -6.0 1.07e+01    -  1.50e-01 2.67e-01h  1
 162  9.6410577e+05 3.05e-01 1.17e+01  -6.0 8.15e+00    -  3.56e-01 1.58e-01h  1
 163  9.6517791e+05 2.70e-01 1.04e+01  -6.0 7.08e+00    -  2.23e-01 1.16e-01h  1
 164  9.6587529e+05 2.47e-01 2.57e+01  -6.0 6.83e+00    -  8.68e-01 8.53e-02h  1
 165  9.6623186e+05 2.35e-01 2.68e+01  -6.0 6.23e+00    -  3.70e-01 4.77e-02h  1
 166  9.6921188e+05 1.37e-01 1.86e+01  -6.0 6.20e+00    -  1.00e+00 4.17e-01h  1
 167  9.7295939e+05 1.51e-02 1.95e+00  -6.0 3.77e+00    -  8.21e-01 8.91e-01h  1
 168  9.7343238e+05 2.07e-05 1.50e-02  -6.0 4.65e-01    -  1.00e+00 1.00e+00h  1
 169  9.7343251e+05 1.02e-08 3.18e-07  -6.0 8.07e-04    -  1.00e+00 1.00e+00h  1
iter    objective    inf_pr   inf_du lg(mu)  ||d||  lg(rg) alpha_du alpha_pr  ls
 170  9.7343247e+05 4.36e-08 1.16e-06  -7.1 1.86e-03    -  1.00e+00 1.00e+00h  1
 171  9.7343247e+05 7.07e-10 2.27e-08  -7.1 1.87e-04    -  1.00e+00 1.00e+00h  1

Number of Iterations....: 171

                                   (scaled)                 (unscaled)
Objective...............:   8.0048956324375649e+03    9.7343247411389928e+05
Dual infeasibility......:   2.2656180541367641e-08    2.7550967421718849e-06
Constraint violation....:   2.8952951147687145e-10    7.0713668254285267e-10
Variable bound violation:   1.0402856887026246e-07    1.0402856887026246e-07
Complementarity.........:   7.7127960110187738e-08    9.3791180398633091e-06
Overall NLP error.......:   7.7127960110187738e-08    9.3791180398633091e-06


Number of objective function evaluations             = 172
Number of objective gradient evaluations             = 172
Number of equality constraint evaluations            = 172
Number of inequality constraint evaluations          = 173
Number of equality constraint Jacobian evaluations   = 172
Number of inequality constraint Jacobian evaluations = 172
Number of Lagrangian Hessian evaluations             = 171
Total seconds in IPOPT                               = 12.071

EXIT: Optimal Solution Found.

