Solver command line: ['/opt/homebrew/bin/ipopt', '/var/folders/6y/bvynbx6n3zv7z3lwg6vd724r0000gn/T/tmpfnutpb17.pyomo.nl', '-AMPL', 'tol=1e-06', 'max_iter=300', 'print_level=5', 'warm_start_init_point=yes', 'warm_start_bound_push=1e-06', 'warm_start_bound_frac=1e-06', 'warm_start_mult_bound_push=1e-06', 'mu_init=1e-06', 'least_square_init_duals=no']

Ipopt 3.14.19: tol=1e-06
max_iter=300
print_level=5
warm_start_init_point=yes
warm_start_bound_push=1e-06
warm_start_bound_frac=1e-06
warm_start_mult_bound_push=1e-06
mu_init=1e-06
least_square_init_duals=no


******************************************************************************
This program contains Ipopt, a library for large-scale nonlinear optimization.
 Ipopt is released as open source code under the Eclipse Public License (EPL).
         For more information visit https://github.com/coin-or/Ipopt
******************************************************************************

This is Ipopt version 3.14.19, running with linear solver MUMPS 5.6.2.

Number of nonzeros in equality constraint Jacobian...:    30918
Number of nonzeros in inequality constraint Jacobian.:    29064
Number of nonzeros in Lagrangian Hessian.............:    17346

Total number of variables............................:     4469
                     variables with only lower bounds:        0
                variables with lower and upper bounds:     4469
                     variables with only upper bounds:        0
Total number of equality constraints.................:     4001
Total number of inequality constraints...............:     7266
        inequality constraints with only lower bounds:        0
   inequality constraints with lower and upper bounds:        0
        inequality constraints with only upper bounds:     7266

iter    objective    inf_pr   inf_du lg(mu)  ||d||  lg(rg) alpha_du alpha_pr  ls
   0  9.7343219e+05 2.18e+01 1.10e+02  -6.0 0.00e+00    -  0.00e+00 0.00e+00   0
   1  9.7343028e+05 2.18e+01 1.10e+02  -6.0 8.05e+00    -  5.70e-03 1.56e-04h  1
   2  9.7335674e+05 2.17e+01 1.09e+02  -6.0 8.04e+00    -  4.57e-03 6.16e-03h  1
   3  9.7319292e+05 2.14e+01 1.08e+02  -6.0 7.92e+00    -  1.90e-03 1.39e-02h  1
   4  9.7266635e+05 2.04e+01 1.03e+02  -6.0 7.66e+00    -  1.30e-03 4.61e-02f  1
   5  9.7245790e+05 2.00e+01 1.00e+02  -6.0 6.89e+00    -  3.02e-02 2.03e-02h  1
   6  9.7196682e+05 1.89e+01 9.52e+01  -6.0 6.61e+00    -  2.35e-02 5.07e-02f  1
   7  9.7175716e+05 1.84e+01 9.28e+01  -6.0 6.04e+00    -  1.16e-02 2.53e-02h  1
   8  9.7158472e+05 1.80e+01 9.07e+01  -6.0 5.79e+00    -  4.56e-03 2.28e-02h  1
   9  9.7135646e+05 1.74e+01 8.77e+01  -6.0 5.57e+00    -  1.71e-02 3.21e-02h  1
iter    objective    inf_pr   inf_du lg(mu)  ||d||  lg(rg) alpha_du alpha_pr  ls
  10  9.7090284e+05 1.62e+01 8.13e+01  -6.0 5.26e+00    -  4.07e-02 7.12e-02f  1
  11  9.7090198e+05 1.62e+01 8.12e+01  -6.0 4.63e+00    -  2.12e-02 3.45e-04h  1
  12  9.7086825e+05 1.59e+01 7.99e+01  -6.0 4.63e+00    -  1.13e-01 1.45e-02h  1
  13  9.7085979e+05 1.55e+01 7.79e+01  -6.0 4.55e+00    -  1.13e-01 2.43e-02h  1
  14  9.7086505e+05 1.47e+01 7.37e+01  -6.0 4.35e+00    -  6.65e-02 5.43e-02h  1
  15  9.7089322e+05 1.34e+01 6.71e+01  -6.0 3.92e+00    -  4.67e-02 8.91e-02h  1
  16  9.7094313e+05 1.23e+01 6.18e+01  -6.0 3.29e+00    -  7.66e-02 7.88e-02h  1
  17  9.7103194e+05 1.13e+01 5.67e+01  -6.0 2.81e+00    -  2.30e-01 8.27e-02h  1
  18  9.7120688e+05 9.65e+00 4.83e+01  -6.0 2.78e+00    -  2.88e-01 1.47e-01h  1
  19  9.7122593e+05 9.52e+00 4.74e+01  -6.0 2.77e+00    -  3.78e-01 1.44e-02h  1
iter    objective    inf_pr   inf_du lg(mu)  ||d||  lg(rg) alpha_du alpha_pr  ls
  20  9.7136983e+05 8.50e+00 4.24e+01  -6.0 2.71e+00    -  8.44e-02 1.07e-01h  1
  21  9.7149767e+05 7.72e+00 3.85e+01  -6.0 2.66e+00    -  2.94e-02 9.20e-02h  1
  22  9.7163943e+05 6.93e+00 3.44e+01  -6.0 2.60e+00    -  2.57e-01 1.03e-01h  1
  23  9.7169179e+05 6.66e+00 3.30e+01  -6.0 2.42e+00    -  1.00e-01 3.89e-02h  1
  24  9.7184359e+05 5.90e+00 2.93e+01  -6.0 2.41e+00    -  5.27e-02 1.14e-01h  1
  25  9.7187973e+05 5.73e+00 2.84e+01  -6.0 2.56e+00    -  7.58e-02 2.85e-02h  1
  26  9.7203201e+05 5.03e+00 2.51e+01  -6.0 2.74e+00    -  5.68e-02 1.21e-01h  1
  27  9.7219382e+05 4.34e+00 2.13e+01  -6.0 2.31e+00    -  2.06e-01 1.39e-01h  1
  28  9.7230569e+05 3.88e+00 1.85e+01  -6.0 2.08e+00    -  1.60e-01 1.05e-01h  1
  29  9.7240404e+05 3.49e+00 1.58e+01  -6.0 1.89e+00    -  2.81e-01 1.00e-01h  1
iter    objective    inf_pr   inf_du lg(mu)  ||d||  lg(rg) alpha_du alpha_pr  ls
  30  9.7250986e+05 3.09e+00 1.40e+01  -6.0 1.51e+00    -  6.55e-02 1.16e-01h  1
  31  9.7258040e+05 2.82e+00 1.28e+01  -6.0 1.09e+00    -  1.45e-01 8.51e-02h  1
  32  9.7258047e+05 2.82e+00 2.99e+01  -6.0 7.75e+00    -  1.63e-03 9.50e-05h  1
  33  9.7291242e+05 1.62e+00 2.65e+01  -6.0 1.00e+00    -  1.52e-01 4.25e-01h  1
  34  9.7305153e+05 1.17e+00 1.91e+01  -6.0 5.85e-01    -  2.88e-01 2.81e-01h  1
  35  9.7308968e+05 1.05e+00 1.85e+01  -6.0 4.37e-01    -  4.55e-01 1.04e-01h  1
  36  9.7329628e+05 3.96e-01 2.88e+01  -6.0 6.33e-01    -  2.16e-01 6.22e-01h  1
  37  9.7333040e+05 2.96e-01 5.17e+00  -6.0 2.48e-01    -  6.54e-01 2.53e-01h  1
  38  9.7343165e+05 7.30e-05 1.98e+00  -6.0 9.21e-02    -  9.01e-01 1.00e+00h  1
  39  9.7343248e+05 6.72e-06 4.85e-04  -6.0 3.50e-02    -  1.00e+00 1.00e+00h  1
iter    objective    inf_pr   inf_du lg(mu)  ||d||  lg(rg) alpha_du alpha_pr  ls
  40  9.7343250e+05 9.90e-07 7.16e-05  -6.0 1.35e-02    -  1.00e+00 1.00e+00h  1
  41  9.7343250e+05 6.99e-08 5.05e-06  -6.0 3.58e-03    -  1.00e+00 1.00e+00h  1
  42  9.7343247e+05 2.67e-08 9.22e-07  -7.1 1.52e-03    -  1.00e+00 1.00e+00h  1

Number of Iterations....: 42

                                   (scaled)                 (unscaled)
Objective...............:   9.3305453788006362e+03    9.7343247412648890e+05
Dual infeasibility......:   9.2221056123435996e-07    9.6211922437842965e-05
Constraint violation....:   1.0612521972319655e-08    2.6675702313738725e-08
Variable bound violation:   1.0402859373925821e-07    1.0402859373925821e-07
Complementarity.........:   1.8073815946628712e-07    1.8855960353407652e-05
Overall NLP error.......:   9.2221056123435996e-07    9.6211922437842965e-05


Number of objective function evaluations             = 43
Number of objective gradient evaluations             = 43
Number of equality constraint evaluations            = 43
Number of inequality constraint evaluations          = 44
Number of equality constraint Jacobian evaluations   = 43
Number of inequality constraint Jacobian evaluations = 43
Number of Lagrangian Hessian evaluations             = 42
Total seconds in IPOPT                               = 3.035

EXIT: Optimal Solution Found.

