Solver command line: ['/opt/homebrew/bin/ipopt', '/var/folders/6y/bvynbx6n3zv7z3lwg6vd724r0000gn/T/tmpnk6cjw4f.pyomo.nl', '-AMPL', 'tol=1e-06', 'max_iter=300', 'print_level=5', 'warm_start_init_point=yes', 'warm_start_bound_push=1e-06', 'warm_start_bound_frac=1e-06', 'warm_start_mult_bound_push=1e-06', 'mu_init=1e-06', 'least_square_init_duals=no']

Ipopt 3.14.19: tol=1e-06
max_iter=300
print_level=5
warm_start_init_point=yes
warm_start_bound_push=1e-06
warm_start_bound_frac=1e-06
warm_start_mult_bound_push=1e-06
mu_init=1e-06
least_square_init_duals=no


******************************************************************************
This program contains Ipopt, a library for large-scale nonlinear optimization.
 Ipopt is released as open source code under the Eclipse Public License (EPL).
         For more information visit https://github.com/coin-or/Ipopt
******************************************************************************

This is Ipopt version 3.14.19, running with linear solver MUMPS 5.6.2.

Number of nonzeros in equality constraint Jacobian...:    30918
Number of nonzeros in inequality constraint Jacobian.:    29064
Number of nonzeros in Lagrangian Hessian.............:    17346

Total number of variables............................:     4469
                     variables with only lower bounds:        0
                variables with lower and upper bounds:     4469
                     variables with only upper bounds:        0
Total number of equality constraints.................:     4001
Total number of inequality constraints...............:     7266
        inequality constraints with only lower bounds:        0
   inequality constraints with lower and upper bounds:        0
        inequality constraints with only upper bounds:     7266

iter    objective    inf_pr   inf_du lg(mu)  ||d||  lg(rg) alpha_du alpha_pr  ls
   0  9.3844110e+05 6.57e+00 1.06e+02  -6.0 0.00e+00    -  0.00e+00 0.00e+00   0
   1  9.3804250e+05 6.57e+00 1.06e+02  -6.0 1.73e+05  -4.0 1.22e-07 1.22e-07f  1
   2  9.3757723e+05 6.57e+00 1.06e+02  -6.0 3.42e+05  -4.5 2.72e-07 8.54e-08f  1
   3  9.3566872e+05 6.57e+00 1.06e+02  -6.0 2.03e+06    -  2.08e-07 1.51e-07f  1
   4  9.3480271e+05 6.57e+00 1.06e+02  -6.0 7.05e+05    -  9.00e-07 2.25e-07f  1
   5  9.3375538e+05 6.57e+00 1.06e+02  -6.0 4.54e+05    -  2.14e-06 1.09e-06f  1
   6  9.3341615e+05 6.57e+00 1.06e+02  -6.0 1.41e+05    -  5.47e-06 2.72e-06f  1
   7  9.3339230e+05 6.57e+00 1.06e+02  -6.0 9.46e+02  -3.2 1.03e-04 8.44e-06f  1
   8  9.3332850e+05 6.57e+00 1.06e+02  -6.0 2.97e+02  -2.8 1.25e-04 6.05e-05f  1
   9  9.3324714e+05 6.57e+00 1.06e+02  -6.0 6.05e+02  -3.3 8.01e-05 7.54e-05f  1
iter    objective    inf_pr   inf_du lg(mu)  ||d||  lg(rg) alpha_du alpha_pr  ls
  10  9.3322400e+05 6.57e+00 1.06e+02  -6.0 1.31e+03  -3.7 2.55e-04 2.02e-05f  1
  11  9.3314416e+05 6.57e+00 1.06e+02  -6.0 1.88e+03  -4.2 2.20e-04 6.59e-05f  1
  12  9.3299791e+05 6.57e+00 1.06e+02  -6.0 1.72e+03  -4.7 2.50e-04 1.19e-04f  1
  13  9.3293641e+05 6.57e+00 1.06e+02  -6.0 1.91e+03  -5.2 3.38e-04 5.67e-05f  1
  14  9.3281937e+05 6.57e+00 1.06e+02  -6.0 2.18e+03  -5.6 5.25e-04 1.18e-04f  1
  15  9.3255932e+05 6.57e+00 1.06e+02  -6.0 8.36e+02  -5.2 1.46e-03 2.98e-04f  1
  16  9.3211021e+05 6.56e+00 1.05e+02  -6.0 5.94e+02  -5.7 3.28e-03 5.48e-04f  1
  17  9.3059963e+05 6.55e+00 1.05e+02  -6.0 4.88e+02    -  5.54e-03 1.87e-03f  1
  18  9.2866674e+05 6.54e+00 1.04e+02  -6.0 1.62e+02    -  6.49e-03 2.42e-03f  1
  19  9.2783869e+05 6.53e+00 1.03e+02  -6.0 9.41e+01    -  8.94e-03 1.04e-03f  1
iter    objective    inf_pr   inf_du lg(mu)  ||d||  lg(rg) alpha_du alpha_pr  ls
  20  9.2651695e+05 6.52e+00 1.00e+02  -6.0 9.39e+01    -  2.20e-02 1.67e-03f  1
  21  9.2011966e+05 6.47e+00 9.99e+01  -6.0 9.36e+01    -  5.50e-03 8.16e-03f  1
  22  9.1935201e+05 6.46e+00 9.83e+01  -6.0 1.77e+02    -  2.55e-02 1.00e-03f  1
  23  9.1536925e+05 6.43e+00 9.77e+01  -6.0 1.69e+02    -  3.69e-03 5.25e-03f  1
  24  9.1536507e+05 6.43e+00 9.77e+01  -6.0 1.45e+02    -  2.66e-03 7.24e-06f  1
  25  9.1413637e+05 6.41e+00 9.75e+01  -6.0 1.52e+02    -  2.01e-02 2.13e-03f  1
  26  9.0854701e+05 6.35e+00 9.66e+01  -6.0 2.15e+02    -  3.05e-03 9.81e-03f  1
  27  9.0605772e+05 6.32e+00 9.61e+01  -6.0 4.21e+02    -  4.23e-03 4.49e-03f  1
  28  9.0495408e+05 6.31e+00 9.59e+01  -6.0 4.88e+02    -  7.86e-04 2.02e-03f  1
  29  9.0473116e+05 6.31e+00 9.59e+01  -6.0 1.33e+02    -  7.50e-03 4.19e-04f  1
iter    objective    inf_pr   inf_du lg(mu)  ||d||  lg(rg) alpha_du alpha_pr  ls
  30  9.0292178e+05 6.28e+00 9.56e+01  -6.0 1.34e+02    -  6.06e-04 3.41e-03f  1
  31  9.0247115e+05 6.28e+00 9.55e+01  -6.0 1.43e+02    -  6.06e-03 8.62e-04f  1
  32  9.0038419e+05 6.25e+00 9.51e+01  -6.0 1.49e+02    -  9.81e-03 4.01e-03f  1
  33  8.9953357e+05 6.24e+00 9.50e+01  -6.0 1.84e+02    -  2.17e-02 1.66e-03f  1
  34  8.9297855e+05 6.16e+00 9.37e+01  -6.0 1.98e+02    -  6.51e-03 1.30e-02f  1
  35  8.9249180e+05 6.16e+00 9.36e+01  -6.0 2.96e+02    -  6.70e-03 1.02e-03f  1
  36  8.9108302e+05 6.14e+00 9.33e+01  -6.0 3.02e+02    -  2.86e-02 2.96e-03f  1
  37  8.9100147e+05 6.14e+00 9.33e+01  -6.0 2.31e+02    -  9.36e-03 2.08e-04f  1
  38  8.8818788e+05 6.09e+00 9.27e+01  -6.0 2.31e+02    -  3.91e-03 7.20e-03f  1
  39  8.8392849e+05 6.02e+00 9.16e+01  -6.0 2.51e+02    -  8.77e-03 1.12e-02f  1
iter    objective    inf_pr   inf_du lg(mu)  ||d||  lg(rg) alpha_du alpha_pr  ls
  40  8.8392518e+05 6.02e+00 9.16e+01  -6.0 1.41e+02    -  9.96e-03 1.14e-05h  1
  41  8.8374887e+05 6.02e+00 9.16e+01  -6.0 1.02e+02    -  5.60e-04 6.54e-04f  1
  42  8.8298369e+05 6.00e+00 9.12e+01  -6.0 3.65e+01    -  2.46e-02 3.63e-03f  1
  43  8.8054025e+05 5.93e+00 9.01e+01  -6.0 3.91e+01    -  5.47e-03 1.18e-02f  1
  44  8.8033736e+05 5.92e+00 9.01e+01  -6.0 4.33e+01    -  1.29e-02 1.02e-03f  1
  45  8.8026338e+05 5.92e+00 9.00e+01  -6.0 6.43e+01    -  5.34e-02 3.69e-04f  1
  46  8.7883538e+05 5.88e+00 8.94e+01  -6.0 6.52e+01    -  4.11e-04 7.19e-03f  1
  47  8.7797560e+05 5.85e+00 8.90e+01  -6.0 7.01e+01    -  1.97e-02 4.55e-03f  1
  48  8.7526020e+05 5.76e+00 8.76e+01  -6.0 8.21e+01    -  2.07e-02 1.52e-02f  1
  49  8.7510433e+05 5.76e+00 8.75e+01  -6.0 1.04e+02    -  1.40e-02 9.01e-04f  1
iter    objective    inf_pr   inf_du lg(mu)  ||d||  lg(rg) alpha_du alpha_pr  ls
  50  8.7380173e+05 5.71e+00 8.69e+01  -6.0 1.04e+02    -  9.29e-04 7.60e-03f  1
  51  8.7350719e+05 5.70e+00 8.67e+01  -6.0 1.18e+02    -  1.13e-02 1.79e-03f  1
  52  8.7332889e+05 5.70e+00 8.66e+01  -6.0 1.29e+02    -  2.19e-02 1.09e-03f  1
  53  8.7294542e+05 5.68e+00 8.64e+01  -6.0 1.40e+02    -  1.64e-02 2.40e-03f  1
  54  8.7181890e+05 5.64e+00 8.58e+01  -6.0 1.77e+02    -  5.56e-03 7.20e-03f  1
  55  8.7107825e+05 5.61e+00 8.54e+01  -6.0 3.56e+02    -  1.99e-03 4.89e-03f  1
  56  8.7047215e+05 5.59e+00 8.50e+01  -6.0 4.23e+02    -  3.67e-02 4.21e-03f  1
  57  8.7038178e+05 5.59e+00 8.50e+01  -6.0 5.16e+02    -  4.65e-03 6.67e-04f  1
  58  8.7015123e+05 5.57e+00 8.48e+01  -6.0 1.12e+02    -  1.62e-03 2.12e-03f  1
  59  8.6926678e+05 5.54e+00 8.42e+01  -6.0 1.08e+02    -  1.08e-02 6.49e-03f  1
iter    objective    inf_pr   inf_du lg(mu)  ||d||  lg(rg) alpha_du alpha_pr  ls
  60  8.6926668e+05 5.54e+00 8.42e+01  -6.0 1.10e+02    -  1.45e-02 1.00e-06h  1
  61  8.6837534e+05 5.49e+00 8.35e+01  -6.0 1.10e+02    -  1.97e-04 8.72e-03f  1
  62  8.6830967e+05 5.49e+00 8.34e+01  -6.0 1.01e+02    -  3.05e-03 7.23e-04f  1
  63  8.6791955e+05 5.46e+00 8.31e+01  -6.0 5.41e+01    -  8.37e-03 3.85e-03f  1
  64  8.6742250e+05 5.44e+00 8.27e+01  -6.0 2.47e+02    -  4.68e-06 4.64e-03f  1
  65  8.6741865e+05 5.44e+00 8.27e+01  -6.0 2.17e+02    -  3.61e-03 3.72e-05h  1
  66  8.6688037e+05 5.41e+00 8.23e+01  -6.0 2.22e+02    -  9.64e-03 5.26e-03f  1
  67  8.6686744e+05 5.41e+00 8.23e+01  -6.0 2.27e+02    -  8.65e-03 1.33e-04h  1
  68  8.6674267e+05 5.40e+00 8.22e+01  -6.0 2.96e+02    -  2.22e-02 1.43e-03f  1
  69  8.6597818e+05 5.35e+00 8.14e+01  -6.0 3.03e+02    -  7.55e-04 8.88e-03f  1
iter    objective    inf_pr   inf_du lg(mu)  ||d||  lg(rg) alpha_du alpha_pr  ls
  70  8.6586963e+05 5.35e+00 8.13e+01  -6.0 1.97e+02    -  2.78e-02 1.24e-03f  1
  71  8.6558681e+05 5.33e+00 8.10e+01  -6.0 1.94e+02    -  1.37e-03 3.54e-03f  1
  72  8.6541636e+05 5.32e+00 8.08e+01  -6.0 1.95e+02    -  1.68e-02 2.24e-03f  1
  73  8.6537705e+05 5.31e+00 7.99e+01  -6.0 2.91e+02    -  2.93e-02 9.70e-04h  1
  74  8.6514938e+05 5.24e+00 7.85e+01  -6.0 2.82e+02    -  1.92e-02 1.40e-02f  1
  75  8.6509081e+05 5.21e+00 7.81e+01  -6.0 2.90e+02    -  4.80e-03 5.50e-03h  1
  76  8.6507730e+05 5.20e+00 7.63e+01  -6.0 2.93e+02    -  3.30e-02 1.55e-03h  1
  77  8.6500260e+05 5.15e+00 7.53e+01  -6.0 2.94e+02    -  1.41e-02 9.64e-03h  1
  78  8.6493959e+05 5.07e+00 7.13e+01  -6.0 2.99e+02    -  6.93e-02 1.58e-02h  1
  79  8.6494037e+05 5.06e+00 6.99e+01  -6.0 3.06e+02    -  2.83e-02 1.40e-03h  1
iter    objective    inf_pr   inf_du lg(mu)  ||d||  lg(rg) alpha_du alpha_pr  ls
  80  8.6495153e+05 5.03e+00 6.96e+01  -6.0 3.10e+02    -  2.02e-03 6.73e-03h  1
  81  8.6497074e+05 5.01e+00 6.92e+01  -6.0 3.32e+02    -  1.01e-01 3.63e-03h  1
  82  8.6504584e+05 4.96e+00 6.85e+01  -6.0 3.34e+02    -  1.44e-02 1.05e-02h  1
  83  8.6516731e+05 4.90e+00 6.77e+01  -6.0 3.28e+02    -  2.19e-02 1.08e-02h  1
  84  8.6525050e+05 4.88e+00 6.74e+01  -6.0 3.25e+02    -  2.70e-02 5.43e-03h  1
  85  8.6542874e+05 4.83e+00 6.67e+01  -6.0 3.15e+02    -  7.61e-02 9.23e-03h  1
  86  8.6590061e+05 4.75e+00 6.56e+01  -6.0 3.14e+02    -  7.08e-02 1.73e-02h  1
  87  8.6611051e+05 4.72e+00 6.51e+01  -6.0 3.03e+02    -  3.03e-02 6.75e-03h  1
  88  8.6638135e+05 4.68e+00 6.46e+01  -6.0 2.36e+02    -  1.65e-02 7.97e-03h  1
  89  8.6712905e+05 4.58e+00 6.33e+01  -6.0 2.34e+02    -  8.62e-03 2.04e-02h  1
iter    objective    inf_pr   inf_du lg(mu)  ||d||  lg(rg) alpha_du alpha_pr  ls
  90  8.6773775e+05 4.51e+00 6.23e+01  -6.0 2.74e+02    -  3.21e-02 1.53e-02h  1
  91  8.6795880e+05 4.49e+00 6.20e+01  -6.0 2.64e+02    -  9.81e-02 5.36e-03h  1
  92  8.6902400e+05 4.39e+00 6.06e+01  -6.0 2.62e+02    -  4.34e-03 2.31e-02h  1
  93  8.6917162e+05 4.37e+00 6.04e+01  -6.0 2.44e+02    -  1.89e-01 3.02e-03h  1
  94  8.6987285e+05 4.31e+00 5.96e+01  -6.0 2.45e+02    -  2.88e-02 1.38e-02h  1
  95  8.6996036e+05 4.30e+00 5.95e+01  -6.0 2.15e+02    -  2.17e-01 1.68e-03h  1
  96  8.7224935e+05 4.14e+00 5.71e+01  -6.0 4.33e+01    -  3.62e-07 3.92e-02h  1
  97  8.7246915e+05 4.12e+00 5.69e+01  -6.0 3.77e+01    -  6.40e-02 3.69e-03h  1
  98  8.7311085e+05 4.08e+00 5.63e+01  -6.0 3.76e+01    -  8.08e-02 1.04e-02h  1
  99  8.7391389e+05 4.03e+00 5.56e+01  -6.0 3.75e+01    -  9.16e-02 1.25e-02h  1
iter    objective    inf_pr   inf_du lg(mu)  ||d||  lg(rg) alpha_du alpha_pr  ls
 100  8.7466841e+05 3.98e+00 5.50e+01  -6.0 3.45e+01    -  1.64e-02 1.16e-02h  1
 101  8.7518966e+05 3.95e+00 5.45e+01  -6.0 3.46e+01    -  1.25e-02 7.94e-03h  1
 102  8.7653160e+05 3.87e+00 5.34e+01  -6.0 3.45e+01    -  6.35e-02 2.04e-02h  1
 103  8.7907993e+05 3.72e+00 5.14e+01  -6.0 3.43e+01    -  6.95e-03 3.84e-02h  1
 104  8.7968711e+05 3.69e+00 5.09e+01  -6.0 3.38e+01    -  4.73e-02 9.21e-03h  1
 105  8.8097997e+05 3.61e+00 4.99e+01  -6.0 3.37e+01    -  1.44e-01 1.96e-02h  1
 106  8.8179389e+05 3.57e+00 4.93e+01  -6.0 3.32e+01    -  1.15e-01 1.23e-02h  1
 107  8.8299030e+05 3.50e+00 4.84e+01  -6.0 3.31e+01    -  2.12e-02 1.80e-02h  1
 108  8.8326091e+05 3.49e+00 4.82e+01  -6.0 3.28e+01    -  1.10e-01 4.10e-03h  1
 109  8.8561478e+05 3.37e+00 4.65e+01  -6.0 3.28e+01    -  4.04e-02 3.55e-02h  1
iter    objective    inf_pr   inf_du lg(mu)  ||d||  lg(rg) alpha_du alpha_pr  ls
 110  8.8713185e+05 3.29e+00 4.54e+01  -6.0 3.21e+01    -  2.84e-02 2.32e-02h  1
 111  8.8800295e+05 3.24e+00 4.49e+01  -6.0 3.19e+01    -  3.09e-02 1.34e-02h  1
 112  8.8821979e+05 3.23e+00 5.67e+01  -6.0 3.19e+01    -  1.97e-01 3.36e-03h  1
 113  8.9356072e+05 2.97e+00 5.15e+01  -6.0 3.20e+01    -  6.98e-02 8.15e-02h  1
 114  8.9437345e+05 2.93e+00 6.07e+01  -6.0 3.16e+01    -  2.12e-01 1.31e-02h  1
 115  8.9589619e+05 2.86e+00 5.98e+01  -6.0 3.16e+01    -  3.96e-02 2.45e-02h  1
 116  8.9603873e+05 2.85e+00 7.75e+01  -6.0 3.14e+01    -  4.47e-01 2.31e-03h  1
 117  8.9801524e+05 2.76e+00 7.89e+01  -6.0 3.15e+01    -  1.99e-01 3.19e-02h  1
 118  9.0018927e+05 2.66e+00 7.88e+01  -6.0 3.14e+01    -  1.56e-01 3.55e-02h  1
 119  9.0103540e+05 2.63e+00 8.47e+01  -6.0 3.11e+01    -  3.43e-01 1.41e-02h  1
iter    objective    inf_pr   inf_du lg(mu)  ||d||  lg(rg) alpha_du alpha_pr  ls
 120  9.0362840e+05 2.51e+00 8.35e+01  -6.0 3.10e+01    -  2.06e-01 4.35e-02h  1
 121  9.0926451e+05 2.27e+00 7.47e+01  -6.0 3.05e+01    -  4.51e-02 9.67e-02h  1
 122  9.0952029e+05 2.26e+00 7.45e+01  -6.0 2.91e+01    -  1.50e-02 4.75e-03h  1
 123  9.1029671e+05 2.23e+00 7.38e+01  -6.0 2.90e+01    -  4.00e-02 1.44e-02h  1
 124  9.1175243e+05 2.16e+00 7.17e+01  -6.0 2.86e+01    -  2.48e-02 2.73e-02h  1
 125  9.1226009e+05 2.14e+00 7.09e+01  -6.0 2.75e+01    -  5.18e-03 9.71e-03h  1
 126  9.1275565e+05 2.12e+00 7.11e+01  -6.0 2.64e+01    -  5.99e-02 9.54e-03h  1
 127  9.1366256e+05 2.09e+00 6.98e+01  -6.0 2.62e+01    -  1.16e-02 1.76e-02h  1
 128  9.1421700e+05 2.06e+00 7.27e+01  -6.0 2.77e+01    -  2.24e-01 1.08e-02h  1
 129  9.1565205e+05 2.01e+00 7.10e+01  -6.0 2.77e+01    -  5.43e-02 2.81e-02h  1
iter    objective    inf_pr   inf_du lg(mu)  ||d||  lg(rg) alpha_du alpha_pr  ls
 130  9.1818872e+05 1.90e+00 6.72e+01  -6.0 2.71e+01    -  3.04e-02 5.06e-02h  1
 131  9.1937014e+05 1.86e+00 6.81e+01  -6.0 2.60e+01    -  2.12e-01 2.46e-02h  1
 132  9.2028380e+05 1.82e+00 6.83e+01  -6.0 2.49e+01    -  1.63e-01 1.93e-02h  1
 133  9.2207063e+05 1.75e+00 6.63e+01  -6.0 2.49e+01    -  1.13e-01 3.68e-02h  1
 134  9.2302585e+05 1.72e+00 7.16e+01  -6.0 2.50e+01    -  9.36e-01 2.03e-02h  1
 135  9.2499985e+05 1.65e+00 6.86e+01  -6.0 3.55e+01    -  5.67e-02 4.25e-02h  1
 136  9.2747403e+05 1.55e+00 6.69e+01  -6.0 4.56e+01    -  8.18e-01 5.53e-02h  1
 137  9.3380138e+05 1.32e+00 5.71e+01  -6.0 4.04e+01    -  1.54e-01 1.47e-01h  1
 138  9.3442053e+05 1.30e+00 5.62e+01  -6.0 3.72e+01    -  4.87e-02 1.67e-02h  1
 139  9.3491442e+05 1.29e+00 5.12e+01  -6.0 1.73e+01    -  9.56e-02 1.35e-02h  1
iter    objective    inf_pr   inf_du lg(mu)  ||d||  lg(rg) alpha_du alpha_pr  ls
 140  9.3794400e+05 1.18e+00 4.95e+01  -6.0 1.71e+01    -  2.80e-02 8.35e-02h  1
 141  9.3811608e+05 1.17e+00 4.41e+01  -6.0 1.59e+01    -  1.11e-01 5.14e-03h  1
 142  9.3876203e+05 1.15e+00 4.06e+01  -6.0 1.61e+01    -  1.71e-01 1.93e-02h  1
 143  9.3887801e+05 1.14e+00 4.11e+01  -6.0 1.63e+01    -  8.59e-02 3.52e-03h  1
 144  9.4105878e+05 1.07e+00 3.84e+01  -6.0 1.63e+01    -  7.10e-02 6.62e-02h  1
 145  9.4464975e+05 9.45e-01 3.38e+01  -6.0 1.54e+01    -  9.79e-02 1.16e-01h  1
 146  9.4739009e+05 8.52e-01 3.01e+01  -6.0 1.40e+01    -  4.99e-02 9.89e-02h  1
 147  9.4872982e+05 8.06e-01 2.86e+01  -6.0 1.28e+01    -  7.07e-02 5.33e-02h  1
 148  9.4891053e+05 8.00e-01 3.07e+01  -6.0 1.20e+01    -  2.77e-01 7.56e-03h  1
 149  9.5045967e+05 7.48e-01 2.84e+01  -6.0 1.21e+01    -  1.16e-02 6.52e-02h  1
iter    objective    inf_pr   inf_du lg(mu)  ||d||  lg(rg) alpha_du alpha_pr  ls
 150  9.5203704e+05 6.95e-01 2.89e+01  -6.0 1.14e+01    -  5.19e-01 7.07e-02h  1
 151  9.5523627e+05 5.88e-01 2.45e+01  -6.0 1.16e+01    -  1.62e-01 1.53e-01h  1
 152  9.5595463e+05 5.65e-01 2.65e+01  -6.0 9.94e+00    -  1.00e+00 4.04e-02h  1
 153  9.5683723e+05 5.35e-01 2.80e+01  -6.0 9.33e+00    -  3.14e-01 5.16e-02h  1
 154  9.5984850e+05 4.36e-01 2.41e+01  -6.0 8.84e+00    -  4.22e-01 1.85e-01h  1
 155  9.6036839e+05 4.19e-01 2.51e+01  -6.0 7.32e+00    -  6.38e-01 3.89e-02h  1
 156  9.6135564e+05 3.87e-01 2.44e+01  -6.0 7.09e+00    -  1.00e+00 7.68e-02h  1
 157  9.6476218e+05 2.77e-01 1.76e+01  -6.0 7.27e+00    -  7.67e-01 2.86e-01h  1
 158  9.6632807e+05 2.26e-01 1.43e+01  -6.0 5.51e+00    -  1.00e+00 1.82e-01h  1
 159  9.6666688e+05 2.15e-01 1.36e+01  -6.0 4.57e+00    -  5.39e-01 4.81e-02h  1
iter    objective    inf_pr   inf_du lg(mu)  ||d||  lg(rg) alpha_du alpha_pr  ls
 160  9.6717047e+05 1.99e-01 1.27e+01  -6.0 4.56e+00    -  1.00e+00 7.50e-02h  1
 161  9.7340805e+05 2.37e-03 1.96e-01  -6.0 4.22e+00    -  9.44e-01 1.00e+00h  1
 162  9.7343251e+05 4.14e-07 3.39e-05  -6.0 6.89e-02    -  1.00e+00 1.00e+00h  1
 163  9.7343251e+05 7.69e-12 2.92e-11  -6.0 4.18e-05    -  1.00e+00 1.00e+00h  1
 164  9.7343247e+05 4.16e-08 1.10e-06  -7.1 1.86e-03    -  1.00e+00 1.00e+00f  1
 165  9.7343247e+05 6.39e-10 2.05e-08  -7.1 1.77e-04    -  1.00e+00 1.00e+00h  1

Number of Iterations....: 165

                                   (scaled)                 (unscaled)
Objective...............:   8.0048956324371293e+03    9.7343247411384631e+05
Dual infeasibility......:   2.0458598402855655e-08    2.4878605511724988e-06
Constraint violation....:   2.6136814934574204e-10    6.3858751619960685e-10
Variable bound violation:   1.0402856887026246e-07    1.0402856887026246e-07
Complementarity.........:   7.6897682416396833e-08    9.3511152031627552e-06
Overall NLP error.......:   7.6897682416396833e-08    9.3511152031627552e-06


Number of objective function evaluations             = 166
Number of objective gradient evaluations             = 166
Number of equality constraint evaluations            = 166
Number of inequality constraint evaluations          = 167
Number of equality constraint Jacobian evaluations   = 166
Number of inequality constraint Jacobian evaluations = 166
Number of Lagrangian Hessian evaluations             = 165
Total seconds in IPOPT                               = 11.159

EXIT: Optimal Solution Found.

