Solver command line: ['/opt/homebrew/bin/ipopt', '/var/folders/6y/bvynbx6n3zv7z3lwg6vd724r0000gn/T/tmpkqpezqst.pyomo.nl', '-AMPL', 'tol=1e-06', 'max_iter=300', 'print_level=5', 'warm_start_init_point=yes', 'warm_start_bound_push=1e-06', 'warm_start_bound_frac=1e-06', 'warm_start_mult_bound_push=1e-06', 'mu_init=1e-06', 'least_square_init_duals=no']

Ipopt 3.14.19: tol=1e-06
max_iter=300
print_level=5
warm_start_init_point=yes
warm_start_bound_push=1e-06
warm_start_bound_frac=1e-06
warm_start_mult_bound_push=1e-06
mu_init=1e-06
least_square_init_duals=no


******************************************************************************
This program contains Ipopt, a library for large-scale nonlinear optimization.
 Ipopt is released as open source code under the Eclipse Public License (EPL).
         For more information visit https://github.com/coin-or/Ipopt
******************************************************************************

This is Ipopt version 3.14.19, running with linear solver MUMPS 5.6.2.

Number of nonzeros in equality constraint Jacobian...:    43679
Number of nonzeros in inequality constraint Jacobian.:    33080
Number of nonzeros in Lagrangian Hessian.............:    24644

Total number of variables............................:     6698
                     variables with only lower bounds:        0
                variables with lower and upper bounds:     6698
                     variables with only upper bounds:        0
Total number of equality constraints.................:     6045
Total number of inequality constraints...............:     8270
        inequality constraints with only lower bounds:        0
   inequality constraints with lower and upper bounds:        0
        inequality constraints with only upper bounds:     8270

iter    objective    inf_pr   inf_du lg(mu)  ||d||  lg(rg) alpha_du alpha_pr  ls
   0  6.0138414e+05 4.86e+02 6.86e+03  -6.0 0.00e+00    -  0.00e+00 0.00e+00   0
   1  6.0137592e+05 4.86e+02 6.86e+03  -6.0 2.28e+01  -2.0 4.58e-04 2.44e-04h  1
   2  6.0134840e+05 4.86e+02 6.85e+03  -6.0 7.29e+01  -2.5 2.63e-04 4.28e-04h  1
   3  6.0131946e+05 4.85e+02 6.85e+03  -6.0 1.78e+02  -3.0 4.82e-04 2.64e-04h  1
   4  6.0127153e+05 4.85e+02 6.85e+03  -6.0 2.46e+02  -3.4 1.02e-04 3.95e-04h  1
   5  6.0125918e+05 4.85e+02 6.85e+03  -6.0 1.82e+02  -3.0 7.64e-04 1.16e-04h  1
   6  6.0103136e+05 4.84e+02 6.84e+03  -6.0 3.00e+02  -3.5 8.99e-05 1.48e-03f  1
   7  6.0094376e+05 4.83e+02 6.83e+03  -6.0 3.64e+02  -4.0 7.93e-04 5.18e-04h  1
   8  6.0083951e+05 4.83e+02 6.83e+03  -6.0 5.20e+02  -4.4 4.85e-04 4.06e-04f  1
   9  6.0078301e+05 4.82e+02 6.83e+03  -6.0 2.34e+02  -3.1 7.66e-04 4.45e-04h  1
iter    objective    inf_pr   inf_du lg(mu)  ||d||  lg(rg) alpha_du alpha_pr  ls
  10  6.0068764e+05 4.82e+02 6.82e+03  -6.0 3.55e+02  -3.6 1.36e-04 5.41e-04h  1
  11  6.0068319e+05 4.81e+02 6.82e+03  -6.0 1.03e+02  -3.2 1.10e-03 4.66e-05h  1
  12  6.0059161e+05 4.81e+02 6.82e+03  -6.0 1.52e+02  -3.6 1.08e-03 7.84e-04h  1
  13  6.0047870e+05 4.79e+02 6.81e+03  -6.0 8.23e+01  -3.2 1.01e-04 1.40e-03h  1
  14  6.0047007e+05 4.79e+02 6.81e+03  -6.0 1.03e+02  -3.7 2.10e-03 9.02e-05h  1
  15  6.0044590e+05 4.79e+02 6.81e+03  -6.0 7.55e+01  -3.3 2.21e-03 3.30e-04h  1
  16  6.0034377e+05 4.78e+02 6.80e+03  -6.0 1.14e+02  -3.7 4.73e-04 1.24e-03h  1
  17  6.0033232e+05 4.78e+02 6.80e+03  -6.0 1.16e+03  -4.2 4.10e-04 1.19e-04h  1
  18  6.0031669e+05 4.77e+02 6.80e+03  -6.0 7.66e+01  -4.7 2.50e-03 2.23e-04h  1
  19  6.0027236e+05 4.77e+02 6.79e+03  -6.0 8.38e+01  -4.3 2.47e-04 6.36e-04h  1
iter    objective    inf_pr   inf_du lg(mu)  ||d||  lg(rg) alpha_du alpha_pr  ls
  20  6.0026624e+05 4.77e+02 6.79e+03  -6.0 8.91e+01  -4.7 5.93e-04 8.92e-05h  1
  21  6.0025622e+05 4.76e+02 6.79e+03  -6.0 7.57e+01  -4.3 1.19e-04 1.64e-04h  1
  22  6.0025016e+05 4.76e+02 6.79e+03  -6.0 6.96e+01  -3.9 3.32e-04 1.11e-04h  1
  23  6.0023515e+05 4.76e+02 6.79e+03  -6.0 6.91e+01  -4.4 2.04e-03 2.81e-04h  1
  24  6.0019185e+05 4.75e+02 6.78e+03  -6.0 6.54e+01  -3.9 4.98e-04 9.50e-04h  1
  25  6.0015852e+05 4.74e+02 6.78e+03  -6.0 6.81e+01  -4.4 2.80e-04 7.24e-04h  1
  26  6.0014459e+05 4.74e+02 6.77e+03  -6.0 6.78e+01  -4.0 5.72e-03 3.12e-04h  1
  27  6.0009976e+05 4.73e+02 6.77e+03  -6.0 7.97e+01  -4.5 4.87e-04 9.49e-04h  1
  28  5.9998013e+05 4.70e+02 6.75e+03  -6.0 7.98e+01  -4.0 3.61e-04 2.62e-03h  1
  29  5.9996400e+05 4.70e+02 6.75e+03  -6.0 6.43e+01  -4.5 5.67e-04 4.52e-04h  1
iter    objective    inf_pr   inf_du lg(mu)  ||d||  lg(rg) alpha_du alpha_pr  ls
  30  5.9994356e+05 4.69e+02 6.74e+03  -6.0 5.26e+01  -4.1 7.43e-04 5.77e-04h  1
  31  5.9989126e+05 4.68e+02 6.73e+03  -6.0 6.43e+01  -4.6 5.77e-04 1.45e-03h  1
  32  5.9986955e+05 4.67e+02 6.73e+03  -6.0 5.92e+01  -4.1 3.73e-03 6.15e-04h  1
  33  5.9981095e+05 4.65e+02 6.72e+03  -6.0 7.54e+01  -4.6 5.58e-04 1.63e-03h  1
  34  5.9971252e+05 4.62e+02 6.70e+03  -6.0 5.75e+01  -4.2 2.15e-03 2.99e-03h  1
  35  5.9970280e+05 4.62e+02 6.69e+03  -6.0 7.02e+01  -4.7 7.83e-04 2.92e-04h  1
  36  5.9968509e+05 4.61e+02 6.69e+03  -6.0 5.49e+01  -4.2 4.71e-04 6.88e-04h  1
  37  5.9967281e+05 4.61e+02 6.69e+03  -6.0 6.78e+01  -4.7 2.72e-04 4.70e-04h  1
  38  5.9966267e+05 4.60e+02 6.68e+03  -6.0 5.46e+01  -4.3 1.22e-03 3.79e-04h  1
  39  5.9960544e+05 4.58e+02 6.67e+03  -6.0 4.95e+01  -3.9 5.51e-04 2.20e-03h  1
iter    objective    inf_pr   inf_du lg(mu)  ||d||  lg(rg) alpha_du alpha_pr  ls
  40  5.9959388e+05 4.57e+02 6.67e+03  -6.0 5.42e+01  -4.4 5.52e-03 4.34e-04h  1
  41  5.9956612e+05 4.56e+02 6.66e+03  -6.0 4.65e+01  -3.9 2.54e-03 1.25e-03h  1
  42  5.9950744e+05 4.53e+02 6.64e+03  -6.0 5.10e+01  -4.4 3.74e-04 2.62e-03h  1
  43  5.9950728e+05 4.53e+02 6.64e+03  -6.0 3.51e+01  -4.0 2.26e-03 7.87e-06h  1
  44  5.9950188e+05 4.53e+02 6.64e+03  -6.0 4.68e+01  -4.5 9.07e-05 3.00e-04h  1
  45  5.9949599e+05 4.53e+02 6.64e+03  -6.0 5.16e+01  -4.0 5.70e-03 3.43e-04h  1
  46  5.9945012e+05 4.50e+02 6.62e+03  -6.0 7.69e+01  -4.5 6.01e-04 2.62e-03h  1
  47  5.9944136e+05 4.49e+02 6.62e+03  -6.0 7.07e+01  -4.1 8.96e-04 5.14e-04h  1
  48  5.9938262e+05 4.46e+02 6.59e+03  -6.0 8.21e+01  -4.6 1.89e-04 3.34e-03h  1
  49  5.9937267e+05 4.45e+02 6.59e+03  -6.0 7.02e+01  -4.1 2.25e-04 6.04e-04h  1
iter    objective    inf_pr   inf_du lg(mu)  ||d||  lg(rg) alpha_du alpha_pr  ls
  50  5.9934564e+05 4.43e+02 6.58e+03  -6.0 8.43e+01  -4.6 1.14e-02 1.52e-03h  1
  51  5.9934081e+05 4.43e+02 6.58e+03  -6.0 7.54e+01  -4.2 1.81e-03 2.79e-04h  1
  52  5.9929787e+05 4.41e+02 6.56e+03  -6.0 8.49e+01  -4.7 4.68e-03 2.47e-03h  1
  53  5.9927666e+05 4.39e+02 6.55e+03  -6.0 7.77e+01  -4.2 8.22e-03 1.26e-03h  1
  54  5.9921290e+05 4.35e+02 6.53e+03  -6.0 6.25e+01  -3.8 1.77e-02 3.95e-03h  1
  55  5.9915126e+05 4.31e+02 6.50e+03  -6.0 7.94e+01  -4.3 1.96e-03 4.32e-03h  1
  56  5.9914002e+05 4.30e+02 6.49e+03  -6.0 6.45e+01  -3.9 2.21e-03 8.54e-04h  1
  57  5.9912468e+05 4.29e+02 6.49e+03  -6.0 7.97e+01  -4.3 3.42e-03 1.17e-03h  1
  58  5.9908878e+05 4.26e+02 6.47e+03  -6.0 6.68e+01  -3.9 1.39e-03 2.82e-03h  1
  59  5.9904102e+05 4.22e+02 6.44e+03  -6.0 7.66e+01  -4.4 7.40e-04 3.91e-03h  1
iter    objective    inf_pr   inf_du lg(mu)  ||d||  lg(rg) alpha_du alpha_pr  ls
  60  5.9903089e+05 4.21e+02 6.44e+03  -6.0 6.54e+01  -4.0 9.14e-04 8.41e-04h  1
  61  5.9901626e+05 4.20e+02 6.43e+03  -6.0 7.71e+01  -4.4 3.70e-03 1.18e-03h  1
  62  5.9898946e+05 4.17e+02 6.42e+03  -6.0 6.64e+01  -4.0 3.64e-03 2.21e-03h  1
  63  5.9897462e+05 4.16e+02 6.41e+03  -6.0 7.51e+01  -4.5 1.88e-03 1.21e-03h  1
  64  5.9895296e+05 4.14e+02 6.40e+03  -6.0 6.53e+01  -4.1 4.38e-04 1.59e-03h  1
  65  5.9892258e+05 4.12e+02 6.38e+03  -6.0 7.19e+01  -4.5 1.63e-03 2.22e-03h  1
  66  5.9889771e+05 4.10e+02 6.37e+03  -6.0 3.21e+01  -4.1 3.02e-03 1.92e-03h  1
  67  5.9885556e+05 4.07e+02 6.35e+03  -6.0 2.39e+01  -4.6 2.93e-03 3.20e-03h  1
  68  5.9875057e+05 3.99e+02 6.30e+03  -6.0 2.33e+01  -4.2 2.06e-03 8.03e-03h  1
  69  5.9872388e+05 3.97e+02 6.29e+03  -6.0 2.00e+01  -3.7 9.65e-03 2.10e-03h  1
iter    objective    inf_pr   inf_du lg(mu)  ||d||  lg(rg) alpha_du alpha_pr  ls
  70  5.9868242e+05 3.93e+02 6.26e+03  -6.0 2.88e+01  -4.2 3.19e-03 3.84e-03h  1
  71  5.9864182e+05 3.89e+02 6.24e+03  -6.0 2.47e+01  -3.8 4.25e-03 4.34e-03h  1
  72  5.9863523e+05 3.88e+02 6.23e+03  -6.0 2.93e+01  -4.3 9.68e-04 6.86e-04h  1
  73  5.9860815e+05 3.85e+02 6.21e+03  -6.0 2.52e+01  -3.8 5.10e-03 2.87e-03h  1
  74  5.9860179e+05 3.85e+02 6.21e+03  -6.0 2.95e+01  -4.3 4.62e-03 6.65e-04h  1
  75  5.9859980e+05 3.85e+02 6.21e+03  -6.0 2.60e+01  -3.9 6.39e-03 2.25e-04h  1
  76  5.9852059e+05 3.76e+02 6.16e+03  -6.0 2.99e+01  -4.4 8.17e-04 8.48e-03h  1
  77  5.9845602e+05 3.70e+02 6.11e+03  -6.0 2.73e+01  -3.9 9.08e-03 6.83e-03h  1
  78  5.9842139e+05 3.67e+02 6.09e+03  -6.0 3.16e+01  -4.4 3.46e-03 3.55e-03h  1
  79  5.9838175e+05 3.63e+02 6.07e+03  -6.0 2.60e+01  -4.0 3.80e-03 4.09e-03h  1
iter    objective    inf_pr   inf_du lg(mu)  ||d||  lg(rg) alpha_du alpha_pr  ls
  80  5.9837903e+05 3.63e+02 6.07e+03  -6.0 2.98e+01  -4.5 8.58e-03 2.75e-04h  1
  81  5.9833649e+05 3.59e+02 6.04e+03  -6.0 2.68e+01  -4.0 7.79e-04 4.00e-03h  1
  82  5.9832370e+05 3.58e+02 6.03e+03  -6.0 3.07e+01  -4.5 1.14e-03 1.19e-03h  1
  83  5.9827060e+05 3.54e+02 6.00e+03  -6.0 2.87e+01  -4.1 3.28e-03 5.06e-03h  1
  84  5.9823326e+05 3.50e+02 5.98e+03  -6.0 3.24e+01  -4.6 3.05e-03 3.51e-03h  1
  85  5.9813379e+05 3.42e+02 5.93e+03  -6.0 2.99e+01  -4.1 7.01e-03 9.38e-03h  1
  86  5.9802617e+05 3.34e+02 5.87e+03  -6.0 3.40e+01  -4.6 6.53e-03 1.00e-02h  1
  87  5.9798686e+05 3.31e+02 5.85e+03  -6.0 3.19e+01  -4.2 6.53e-03 3.57e-03h  1
  88  5.9795188e+05 3.28e+02 5.83e+03  -6.0 3.58e+01  -4.7 4.07e-03 3.16e-03h  1
  89  5.9793741e+05 3.27e+02 5.82e+03  -6.0 3.30e+01  -4.3 9.39e-03 1.34e-03h  1
iter    objective    inf_pr   inf_du lg(mu)  ||d||  lg(rg) alpha_du alpha_pr  ls
  90  5.9793367e+05 3.27e+02 5.82e+03  -6.0 2.69e+01  -3.8 6.99e-03 3.59e-04h  1
  91  5.9787370e+05 3.22e+02 5.79e+03  -6.0 3.36e+01  -4.3 3.55e-03 5.77e-03h  1
  92  5.9781769e+05 3.17e+02 5.75e+03  -6.0 2.80e+01  -3.9 6.71e-03 5.49e-03h  1
  93  5.9779099e+05 3.15e+02 5.74e+03  -6.0 3.48e+01  -4.4 3.28e-02 2.57e-03h  1
  94  5.9770384e+05 3.08e+02 5.69e+03  -6.0 2.92e+01  -3.9 5.84e-03 8.48e-03h  1
  95  5.9755764e+05 2.97e+02 5.61e+03  -6.0 3.60e+01  -4.4 2.41e-02 1.41e-02h  1
  96  5.9753969e+05 2.96e+02 5.60e+03  -6.0 3.11e+01  -4.0 1.76e-02 1.75e-03h  1
  97  5.9750565e+05 2.94e+02 5.58e+03  -6.0 3.77e+01  -4.5 2.12e-02 3.25e-03h  1
  98  5.9721210e+05 2.72e+02 5.42e+03  -6.0 3.20e+01  -4.0 1.34e-02 2.91e-02h  1
  99  5.9705101e+05 2.62e+02 5.35e+03  -6.0 3.99e+01  -4.5 1.60e-02 1.43e-02h  1
iter    objective    inf_pr   inf_du lg(mu)  ||d||  lg(rg) alpha_du alpha_pr  ls
 100  5.9691313e+05 2.53e+02 5.28e+03  -6.0 3.68e+01  -4.1 3.48e-03 1.29e-02h  1
 101  5.9678613e+05 2.45e+02 5.22e+03  -6.0 4.20e+01  -4.6 1.10e-02 1.20e-02h  1
 102  5.9664058e+05 2.36e+02 5.14e+03  -6.0 3.94e+01  -4.1 7.25e-03 1.43e-02h  1
 103  5.9655006e+05 2.30e+02 5.09e+03  -6.0 4.06e+01  -3.7 2.78e-02 9.37e-03h  1
 104  5.9643216e+05 2.23e+02 5.03e+03  -6.0 4.16e+01  -4.2 1.79e-02 1.19e-02h  1
 105  5.9617869e+05 2.07e+02 4.90e+03  -6.0 4.25e+01  -3.8 5.46e-02 2.69e-02h  1
 106  5.9603864e+05 1.98e+02 4.83e+03  -6.0 4.49e+01  -4.2 3.85e-02 1.48e-02h  1
 107  5.9590392e+05 1.90e+02 4.76e+03  -6.0 4.61e+01  -3.8 7.50e-03 1.50e-02h  1
 108  5.9583405e+05 1.86e+02 4.72e+03  -6.0 4.72e+01  -4.3 1.98e-03 7.77e-03h  1
 109  5.9581249e+05 1.85e+02 4.71e+03  -6.0 4.75e+01  -3.9 1.37e-02 2.51e-03h  1
iter    objective    inf_pr   inf_du lg(mu)  ||d||  lg(rg) alpha_du alpha_pr  ls
 110  5.9561269e+05 1.73e+02 4.60e+03  -6.0 4.78e+01  -4.3 5.23e-03 2.25e-02h  1
 111  5.9544219e+05 1.63e+02 4.51e+03  -6.0 4.90e+01  -3.9 3.82e-02 2.08e-02h  1
 112  5.9541975e+05 1.62e+02 4.49e+03  -6.0 5.02e+01  -4.4 4.06e-02 2.75e-03h  1
 113  5.9539220e+05 1.60e+02 4.48e+03  -6.0 5.02e+01  -4.0 3.82e-02 3.53e-03h  1
 114  5.9491797e+05 1.33e+02 4.21e+03  -6.0 5.04e+01  -4.4 5.55e-03 6.06e-02h  1
 115  5.9477335e+05 1.24e+02 4.12e+03  -6.0 5.30e+01  -4.0 5.94e-02 2.26e-02h  1
 116  5.9438298e+05 9.87e+01 3.83e+03  -6.0 5.32e+01  -3.6 2.22e-03 6.99e-02h  1
 117  5.9437473e+05 9.81e+01 3.83e+03  -6.0 3.37e+01  -4.1 4.04e-02 1.79e-03h  1
 118  5.9398314e+05 7.37e+01 3.52e+03  -6.0 4.71e+01  -4.5 4.98e-03 8.05e-02h  1
 119  5.9389779e+05 6.68e+01 3.43e+03  -6.0 3.52e+01  -4.1 4.00e-02 2.68e-02h  1
iter    objective    inf_pr   inf_du lg(mu)  ||d||  lg(rg) alpha_du alpha_pr  ls
 120  5.9377229e+05 5.67e+01 3.28e+03  -6.0 4.96e+01  -4.6 8.03e-02 4.23e-02h  1
 121  5.9355046e+05 3.40e+01 2.92e+03  -6.0 3.66e+01  -4.2 2.05e-02 1.11e-01h  1
 122  5.9351231e+05 2.55e+01 2.77e+03  -6.0 5.10e+01  -4.6 9.83e-02 5.33e-02h  1
 123  5.9352219e+05 1.93e+01 2.64e+03  -6.0 3.71e+01  -4.2 4.40e-02 4.39e-02h  1
 124  5.9353393e+05 1.63e+01 2.58e+03  -6.0 5.22e+01  -4.7 1.10e-02 2.42e-02h  1
 125  5.9356570e+05 1.20e+01 2.49e+03  -6.0 3.83e+01  -4.3 5.49e-02 3.60e-02h  1
 126  5.9359184e+05 9.54e+00 2.43e+03  -6.0 5.33e+01  -4.7 5.91e-03 2.24e-02h  1
 127  5.9360305e+05 8.78e+00 2.41e+03  -6.0 3.96e+01  -4.3 2.56e-02 7.22e-03h  1
 128  5.9362169e+05 7.70e+00 2.38e+03  -6.0 5.42e+01  -4.8 6.98e-03 1.26e-02h  1
 129  5.9368586e+05 7.41e+00 2.29e+03  -6.0 4.13e+01  -4.4 2.74e-02 3.77e-02h  1
iter    objective    inf_pr   inf_du lg(mu)  ||d||  lg(rg) alpha_du alpha_pr  ls
 130  5.9378002e+05 7.08e+00 2.19e+03  -6.0 2.51e+01  -3.9 3.87e-02 4.43e-02h  1
 131  5.9391753e+05 6.64e+00 2.05e+03  -6.0 4.24e+01  -4.4 4.97e-03 6.30e-02h  1
 132  5.9393112e+05 6.61e+00 2.04e+03  -6.0 2.60e+01  -4.0 3.52e-02 5.11e-03h  1
 133  5.9397958e+05 6.48e+00 2.00e+03  -6.0 4.34e+01  -4.5 8.51e-02 1.91e-02h  1
 134  5.9426482e+05 5.86e+00 1.81e+03  -6.0 2.78e+01  -4.0 1.04e-02 9.66e-02h  1
 135  5.9430222e+05 5.78e+00 1.79e+03  -6.0 4.38e+01  -4.5 9.78e-02 1.25e-02h  1
 136  5.9441352e+05 5.59e+00 1.73e+03  -6.0 2.87e+01  -4.1 1.52e-02 3.32e-02h  1
 137  5.9467086e+05 5.16e+00 1.59e+03  -6.0 4.49e+01  -4.6 4.78e-02 7.85e-02h  1
 138  5.9486120e+05 4.88e+00 1.50e+03  -6.0 2.92e+01  -4.1 6.88e-03 5.33e-02h  1
 139  5.9490085e+05 4.83e+00 1.49e+03  -6.0 4.40e+01  -4.6 4.88e-02 1.16e-02h  1
iter    objective    inf_pr   inf_du lg(mu)  ||d||  lg(rg) alpha_du alpha_pr  ls
 140  5.9523306e+05 4.39e+00 1.35e+03  -6.0 3.03e+01  -4.2 2.76e-02 9.18e-02h  1
 141  5.9530159e+05 4.30e+00 1.32e+03  -6.0 4.51e+01  -4.7 2.02e-02 1.97e-02h  1
 142  5.9578945e+05 3.72e+00 1.14e+03  -6.0 3.06e+01  -4.3 2.73e-02 1.37e-01h  1
 143  5.9585382e+05 3.65e+00 1.12e+03  -6.0 4.60e+01  -4.7 2.34e-02 1.91e-02h  1
 144  5.9607173e+05 3.41e+00 1.04e+03  -6.0 2.99e+01  -4.3 2.42e-02 6.45e-02h  1
 145  5.9625040e+05 3.22e+00 9.87e+02  -6.0 4.70e+01  -4.8 1.02e-02 5.50e-02h  1
 146  5.9629398e+05 3.18e+00 9.74e+02  -6.0 3.03e+01  -4.4 2.54e-02 1.34e-02h  1
 147  5.9639065e+05 3.08e+00 9.44e+02  -6.0 4.79e+01  -4.8 1.35e-02 3.09e-02h  1
 148  5.9646076e+05 3.02e+00 9.23e+02  -6.0 3.18e+01  -4.4 9.48e-03 2.21e-02h  1
 149  5.9657879e+05 2.90e+00 8.87e+02  -6.0 4.78e+01  -4.9 6.20e-03 3.81e-02h  1
iter    objective    inf_pr   inf_du lg(mu)  ||d||  lg(rg) alpha_du alpha_pr  ls
 150  5.9668695e+05 2.80e+00 8.57e+02  -6.0 3.29e+01  -4.5 5.33e-03 3.41e-02h  1
 151  5.9672177e+05 2.77e+00 8.47e+02  -6.0 4.81e+01  -4.9 8.33e-02 1.15e-02h  1
 152  5.9689123e+05 2.62e+00 8.02e+02  -6.0 3.38e+01  -4.5 3.47e-02 5.36e-02h  1
 153  5.9696196e+05 2.56e+00 7.83e+02  -6.0 4.71e+01  -5.0 2.01e-02 2.31e-02h  1
 154  5.9697434e+05 2.55e+00 7.80e+02  -6.0 3.42e+01  -4.6 1.81e-02 4.02e-03h  1
 155  5.9699882e+05 2.53e+00 7.74e+02  -6.0 4.77e+01  -5.0 1.22e-02 7.88e-03h  1
 156  5.9704203e+05 2.50e+00 7.63e+02  -6.0 3.58e+01  -4.6 1.84e-02 1.39e-02h  1
 157  5.9706390e+05 2.48e+00 7.58e+02  -6.0 4.81e+01  -5.1 9.82e-03 7.11e-03h  1
 158  5.9713685e+05 2.42e+00 7.40e+02  -6.0 3.70e+01  -4.7 2.69e-02 2.35e-02h  1
 159  5.9723975e+05 2.34e+00 7.15e+02  -6.0 4.80e+01  -5.1 2.28e-02 3.37e-02h  1
iter    objective    inf_pr   inf_du lg(mu)  ||d||  lg(rg) alpha_du alpha_pr  ls
 160  5.9733588e+05 2.26e+00 6.92e+02  -6.0 3.69e+01  -4.7 4.35e-03 3.17e-02h  1
 161  5.9783820e+05 1.88e+00 5.73e+02  -6.0 4.61e+01  -5.2 2.65e-02 1.70e-01h  1
 162  5.9784689e+05 1.88e+00 5.71e+02  -6.0 4.53e+01  -5.7 1.24e-02 3.29e-03h  1
 163  5.9786513e+05 1.86e+00 5.67e+02  -6.0 4.59e+01  -6.1 8.91e-03 7.04e-03h  1
 164  5.9790758e+05 1.83e+00 5.57e+02  -6.0 4.44e+01  -5.7 6.89e-03 1.64e-02h  1
 165  5.9794030e+05 1.81e+00 5.50e+02  -6.0 4.65e+01  -6.2 4.68e-03 1.29e-02h  1
 166  5.9798795e+05 1.78e+00 5.40e+02  -6.0 4.37e+01  -5.8 8.91e-03 1.89e-02h  1
 167  5.9802616e+05 1.75e+00 5.32e+02  -6.0 4.46e+01  -6.2 1.01e-02 1.51e-02h  1
 168  5.9808321e+05 1.71e+00 5.20e+02  -6.0 4.59e+01  -6.7 2.03e-02 2.24e-02h  1
 169  5.9813012e+05 1.68e+00 5.10e+02  -6.0 4.64e+01  -7.2 7.28e-03 1.86e-02h  1
iter    objective    inf_pr   inf_du lg(mu)  ||d||  lg(rg) alpha_du alpha_pr  ls
 170  5.9824580e+05 1.60e+00 4.86e+02  -6.0 4.67e+01    -  7.52e-03 4.64e-02h  1
 171  5.9827567e+05 1.58e+00 4.80e+02  -6.0 4.66e+01    -  1.75e-02 1.24e-02h  1
 172  5.9828027e+05 1.58e+00 4.79e+02  -6.0 4.65e+01    -  3.09e-02 1.88e-03h  1
 173  5.9833935e+05 1.54e+00 4.68e+02  -6.0 4.54e+01    -  1.49e-03 2.38e-02h  1
 174  5.9845917e+05 1.46e+00 4.45e+02  -6.0 4.54e+01    -  1.54e-03 4.89e-02h  1
 175  5.9848708e+05 1.45e+00 4.40e+02  -6.0 4.55e+01    -  5.38e-03 1.17e-02h  1
 176  5.9872809e+05 1.30e+00 3.95e+02  -6.0 4.51e+01    -  5.91e-02 1.02e-01h  1
 177  5.9884721e+05 1.23e+00 3.74e+02  -6.0 3.95e+01    -  1.97e-02 5.37e-02h  1
 178  5.9887257e+05 1.22e+00 3.69e+02  -6.0 3.59e+01    -  2.02e-02 1.18e-02h  1
 179  5.9888513e+05 1.21e+00 3.67e+02  -6.0 3.44e+01    -  1.17e-02 5.86e-03h  1
iter    objective    inf_pr   inf_du lg(mu)  ||d||  lg(rg) alpha_du alpha_pr  ls
 180  5.9890614e+05 1.20e+00 3.64e+02  -6.0 3.34e+01    -  4.59e-03 9.80e-03h  1
 181  5.9892564e+05 1.19e+00 3.60e+02  -6.0 3.27e+01    -  4.01e-03 9.33e-03h  1
 182  5.9897805e+05 1.16e+00 3.51e+02  -6.0 3.21e+01    -  8.31e-03 2.56e-02h  1
 183  5.9903624e+05 1.12e+00 3.41e+02  -6.0 3.04e+01    -  4.31e-02 2.89e-02h  1
 184  5.9931646e+05 9.63e-01 2.92e+02  -6.0 2.74e+01    -  4.40e-02 1.41e-01h  1
 185  5.9932545e+05 9.59e-01 2.91e+02  -6.0 1.79e+01    -  8.17e-02 5.07e-03h  1
 186  5.9956254e+05 8.31e-01 2.52e+02  -6.0 1.58e+01    -  1.21e-02 1.33e-01h  1
 187  5.9958757e+05 8.18e-01 2.48e+02  -6.0 8.18e+00  -3.2 1.24e-02 1.57e-02h  1
 188  5.9959177e+05 8.16e-01 2.48e+02  -6.0 4.75e+00  -2.7 2.83e-02 2.65e-03h  1
 189  5.9960053e+05 8.12e-01 2.46e+02  -6.0 1.73e+01  -3.2 4.43e-03 5.47e-03h  1
iter    objective    inf_pr   inf_du lg(mu)  ||d||  lg(rg) alpha_du alpha_pr  ls
 190  5.9960287e+05 8.10e-01 2.46e+02  -6.0 4.66e+01    -  2.36e-03 1.49e-03h  1
 191  5.9964963e+05 7.87e-01 2.39e+02  -6.0 1.60e+01    -  1.42e-02 2.95e-02h  1
 192  5.9970957e+05 7.56e-01 2.29e+02  -6.0 2.62e+01    -  7.33e-03 3.92e-02h  1
 193  5.9985411e+05 6.82e-01 2.07e+02  -6.0 1.01e+01    -  6.02e-02 9.71e-02h  1
 194  6.0001098e+05 6.05e-01 1.83e+02  -6.0 7.51e+00    -  1.30e-02 1.14e-01h  1
 195  6.0011354e+05 5.55e-01 1.68e+02  -6.0 5.93e+00    -  5.74e-02 8.21e-02h  1
 196  6.0026712e+05 4.82e-01 1.46e+02  -6.0 5.45e+00    -  3.71e-02 1.32e-01h  1
 197  6.0031445e+05 4.60e-01 1.39e+02  -6.0 4.75e+00    -  3.94e-02 4.57e-02h  1
 198  6.0036950e+05 4.34e-01 1.32e+02  -6.0 4.55e+00    -  4.90e-02 5.51e-02h  1
 199  6.0043128e+05 4.06e-01 1.23e+02  -6.0 4.33e+00    -  1.31e-02 6.45e-02h  1
iter    objective    inf_pr   inf_du lg(mu)  ||d||  lg(rg) alpha_du alpha_pr  ls
 200  6.0043707e+05 4.04e-01 1.22e+02  -6.0 4.08e+00    -  2.32e-02 6.44e-03h  1
 201  6.0047050e+05 3.88e-01 1.18e+02  -6.0 4.06e+00    -  1.14e-02 3.74e-02h  1
 202  6.0050442e+05 3.73e-01 1.13e+02  -6.0 3.92e+00    -  2.39e-02 3.91e-02h  1
 203  6.0060160e+05 3.30e-01 1.00e+02  -6.0 3.76e+00    -  1.65e-02 1.16e-01h  1
 204  6.0068013e+05 2.95e-01 8.95e+01  -6.0 3.35e+00    -  8.21e-02 1.06e-01h  1
 205  6.0071848e+05 2.78e-01 8.44e+01  -6.0 3.00e+00    -  5.42e-02 5.66e-02h  1
 206  6.0086687e+05 2.14e-01 6.50e+01  -6.0 3.38e+00    -  2.03e-02 2.30e-01h  1
 207  6.0087919e+05 2.09e-01 6.34e+01  -6.0 2.57e+00    -  3.36e-02 2.47e-02h  1
 208  6.0090992e+05 1.95e-01 5.93e+01  -6.0 4.38e+00    -  6.86e-03 6.50e-02h  1
 209  6.0091844e+05 1.92e-01 5.82e+01  -6.0 3.38e+00    -  6.41e-02 1.90e-02h  1
iter    objective    inf_pr   inf_du lg(mu)  ||d||  lg(rg) alpha_du alpha_pr  ls
 210  6.0095146e+05 1.77e-01 5.38e+01  -6.0 3.15e+00    -  1.82e-02 7.44e-02h  1
 211  6.0096197e+05 1.73e-01 5.25e+01  -6.0 2.98e+00    -  5.59e-02 2.55e-02h  1
 212  6.0098556e+05 1.63e-01 4.93e+01  -6.0 3.16e+00    -  3.30e-02 5.96e-02h  1
 213  6.0100172e+05 1.56e-01 4.72e+01  -6.0 2.97e+00    -  3.27e-02 4.29e-02h  1
 214  6.0102636e+05 1.45e-01 4.40e+01  -6.0 2.83e+00    -  9.08e-02 6.79e-02h  1
 215  6.0105955e+05 1.31e-01 3.98e+01  -6.0 2.62e+00    -  8.37e-02 9.70e-02h  1
 216  6.0107259e+05 1.26e-01 3.81e+01  -6.0 2.20e+00    -  1.50e-02 4.18e-02h  1
 217  6.0108266e+05 1.21e-01 3.69e+01  -6.0 2.08e+00    -  2.19e-02 3.33e-02h  1
 218  6.0115774e+05 8.99e-02 2.74e+01  -6.0 1.87e+00    -  6.40e-02 2.59e-01h  1
 219  6.0118171e+05 8.04e-02 2.45e+01  -6.0 1.06e+00    -  4.60e-02 1.06e-01h  1
iter    objective    inf_pr   inf_du lg(mu)  ||d||  lg(rg) alpha_du alpha_pr  ls
 220  6.0118845e+05 7.77e-02 2.37e+01  -6.0 1.06e+00    -  5.72e-02 3.30e-02h  1
 221  6.0121279e+05 6.81e-02 2.08e+01  -6.0 1.32e+00    -  1.96e-02 1.24e-01h  1
 222  6.0121428e+05 6.75e-02 2.06e+01  -6.0 1.10e+00    -  5.67e-02 8.61e-03h  1
 223  6.0122590e+05 6.27e-02 1.91e+01  -6.0 1.02e+00    -  1.90e-02 7.06e-02h  1
 224  6.0124483e+05 5.45e-02 1.66e+01  -6.0 2.76e+00    -  7.09e-02 1.32e-01h  1
 225  6.0126122e+05 5.81e-02 1.45e+01  -6.0 2.35e+00    -  1.04e-01 1.28e-01h  1
 226  6.0127143e+05 4.33e-02 1.32e+01  -6.0 2.03e+00    -  3.45e-02 8.92e-02h  1
 227  6.0127650e+05 4.12e-02 1.26e+01  -6.0 1.84e+00    -  9.56e-02 4.82e-02h  1
 228  6.0128192e+05 3.90e-02 1.19e+01  -6.0 1.66e+00    -  3.71e-02 5.42e-02h  1
 229  6.0130017e+05 3.15e-02 9.65e+00  -6.0 1.54e+00    -  7.68e-02 1.91e-01h  1
iter    objective    inf_pr   inf_du lg(mu)  ||d||  lg(rg) alpha_du alpha_pr  ls
 230  6.0130905e+05 2.80e-02 8.57e+00  -6.0 1.23e+00    -  1.53e-01 1.12e-01h  1
 231  6.0133565e+05 1.76e-02 5.41e+00  -6.0 1.07e+00    -  1.38e-01 3.73e-01h  1
 232  6.0135725e+05 9.46e-03 2.93e+00  -6.0 8.63e-01    -  3.56e-02 4.61e-01h  1
 233  6.0136426e+05 6.93e-03 2.15e+00  -6.0 4.85e-01    -  4.13e-01 2.67e-01h  1
 234  6.0137156e+05 4.35e-03 1.35e+00  -6.0 3.54e-01    -  6.01e-01 3.73e-01h  1
 235  6.0137268e+05 3.95e-03 1.23e+00  -6.0 3.53e+00    -  3.07e-02 9.07e-02h  2
 236  6.0138325e+05 2.47e-04 3.45e-01  -6.0 5.47e-02  -3.7 2.93e-01 9.37e-01h  1
 237  6.0138398e+05 4.09e-05 1.88e-01  -6.0 2.04e-01    -  3.67e-01 1.00e+00h  1
 238  6.0138399e+05 1.51e-06 9.92e-02  -6.0 4.33e-02    -  5.11e-01 1.00e+00h  1
 239  6.0138399e+05 2.21e-05 1.02e-03  -6.0 4.88e-02    -  1.00e+00 1.00e+00h  1
iter    objective    inf_pr   inf_du lg(mu)  ||d||  lg(rg) alpha_du alpha_pr  ls
 240  6.0138399e+05 5.54e-07 2.64e-05  -6.0 7.71e-03    -  1.00e+00 1.00e+00h  1
 241  6.0138399e+05 1.07e-08 5.08e-07  -6.0 1.07e-03    -  1.00e+00 1.00e+00h  1
 242  6.0138388e+05 3.15e-05 1.49e-02  -7.5 6.95e-02    -  8.33e-01 7.63e-01h  1
 243  6.0138386e+05 1.54e-05 7.41e-02  -7.5 3.50e-02    -  1.00e+00 5.57e-01h  1
 244  6.0138385e+05 5.31e-06 2.42e-04  -7.5 2.25e-02    -  1.00e+00 1.00e+00f  1
 245  6.0138385e+05 1.22e-07 7.47e-07  -7.5 3.19e-03    -  1.00e+00 1.00e+00h  1

Number of Iterations....: 245

                                   (scaled)                 (unscaled)
Objective...............:   2.2044862438336399e+03    6.0138384731781692e+05
Dual infeasibility......:   7.4733490782288798e-07    2.0387296285408386e-04
Constraint violation....:   1.2241717795881402e-07    1.2241717795881402e-07
Variable bound violation:   9.6392477125228915e-09    9.6392477125228915e-09
Complementarity.........:   3.5494812591073806e-08    9.6829848748449334e-06
Overall NLP error.......:   7.4733490782288798e-07    2.0387296285408386e-04


Number of objective function evaluations             = 249
Number of objective gradient evaluations             = 246
Number of equality constraint evaluations            = 249
Number of inequality constraint evaluations          = 250
Number of equality constraint Jacobian evaluations   = 246
Number of inequality constraint Jacobian evaluations = 246
Number of Lagrangian Hessian evaluations             = 245
Total seconds in IPOPT                               = 23.240

EXIT: Optimal Solution Found.

