Solver command line: ['/opt/homebrew/bin/ipopt', '/var/folders/6y/bvynbx6n3zv7z3lwg6vd724r0000gn/T/tmp7bnvizp7.pyomo.nl', '-AMPL', 'tol=1e-06', 'max_iter=300', 'print_level=5', 'warm_start_init_point=yes', 'warm_start_bound_push=1e-06', 'warm_start_bound_frac=1e-06', 'warm_start_mult_bound_push=1e-06', 'mu_init=1e-06', 'least_square_init_duals=no']

Ipopt 3.14.19: tol=1e-06
max_iter=300
print_level=5
warm_start_init_point=yes
warm_start_bound_push=1e-06
warm_start_bound_frac=1e-06
warm_start_mult_bound_push=1e-06
mu_init=1e-06
least_square_init_duals=no


******************************************************************************
This program contains Ipopt, a library for large-scale nonlinear optimization.
 Ipopt is released as open source code under the Eclipse Public License (EPL).
         For more information visit https://github.com/coin-or/Ipopt
******************************************************************************

This is Ipopt version 3.14.19, running with linear solver MUMPS 5.6.2.

Number of nonzeros in equality constraint Jacobian...:    43679
Number of nonzeros in inequality constraint Jacobian.:    33080
Number of nonzeros in Lagrangian Hessian.............:    24644

Total number of variables............................:     6698
                     variables with only lower bounds:        0
                variables with lower and upper bounds:     6698
                     variables with only upper bounds:        0
Total number of equality constraints.................:     6045
Total number of inequality constraints...............:     8270
        inequality constraints with only lower bounds:        0
   inequality constraints with lower and upper bounds:        0
        inequality constraints with only upper bounds:     8270

iter    objective    inf_pr   inf_du lg(mu)  ||d||  lg(rg) alpha_du alpha_pr  ls
   0  9.0899627e+05 1.00e+01 6.76e+02  -6.0 0.00e+00    -  0.00e+00 0.00e+00   0
   1  9.0138853e+05 1.00e+01 6.76e+02  -6.0 1.90e+03    -  7.08e-04 4.42e-04f  1
   2  8.9389551e+05 1.00e+01 6.76e+02  -6.0 1.86e+03    -  2.14e-04 5.33e-04f  1
   3  8.9388386e+05 1.00e+01 6.76e+02  -6.0 9.06e+02    -  2.20e-03 1.22e-06f  1
   4  8.8653783e+05 1.00e+01 6.75e+02  -6.0 7.00e+02    -  1.02e-04 1.01e-03f  1
   5  8.8555449e+05 1.00e+01 6.75e+02  -6.0 6.64e+02    -  1.93e-03 1.73e-04f  1
   6  8.8381702e+05 1.00e+01 6.75e+02  -6.0 5.78e+02    -  1.35e-03 4.67e-04f  1
   7  8.8267533e+05 1.00e+01 6.74e+02  -6.0 5.46e+02    -  2.77e-03 3.61e-04f  1
   8  8.7974974e+05 1.00e+01 6.74e+02  -6.0 4.99e+02    -  1.83e-03 1.07e-03f  1
   9  8.7746135e+05 1.00e+01 6.73e+02  -6.0 4.77e+02    -  7.80e-03 9.18e-04f  1
iter    objective    inf_pr   inf_du lg(mu)  ||d||  lg(rg) alpha_du alpha_pr  ls
  10  8.7508190e+05 9.99e+00 6.72e+02  -6.0 3.95e+02    -  1.26e-02 1.17e-03f  1
  11  8.6883697e+05 9.95e+00 6.70e+02  -6.0 2.90e+02    -  4.93e-03 3.57e-03f  1
  12  8.6496377e+05 9.93e+00 6.68e+02  -6.0 2.47e+02    -  1.52e-03 2.40e-03f  1
  13  8.6257752e+05 9.91e+00 6.67e+02  -6.0 2.30e+02    -  3.65e-03 1.53e-03f  1
  14  8.5890798e+05 9.89e+00 6.66e+02  -6.0 2.06e+02    -  1.13e-03 2.42e-03f  1
  15  8.5541832e+05 9.86e+00 6.64e+02  -6.0 1.93e+02    -  3.70e-03 2.35e-03f  1
  16  8.5307126e+05 9.85e+00 6.63e+02  -6.0 1.69e+02    -  1.74e-02 1.63e-03f  1
  17  8.4840963e+05 9.81e+00 6.61e+02  -6.0 1.19e+02    -  1.23e-04 3.41e-03f  1
  18  8.4298018e+05 9.77e+00 6.58e+02  -6.0 1.23e+02    -  4.92e-03 4.04e-03f  1
  19  8.4184010e+05 9.77e+00 6.57e+02  -6.0 1.19e+02    -  4.16e-03 8.69e-04f  1
iter    objective    inf_pr   inf_du lg(mu)  ||d||  lg(rg) alpha_du alpha_pr  ls
  20  8.3970400e+05 9.75e+00 6.56e+02  -6.0 1.14e+02    -  6.31e-03 1.65e-03f  1
  21  8.3344833e+05 9.70e+00 6.53e+02  -6.0 1.02e+02    -  1.59e-02 5.22e-03f  1
  22  8.3173780e+05 9.69e+00 6.52e+02  -6.0 8.93e+01    -  2.07e-02 1.49e-03f  1
  23  8.1941019e+05 9.58e+00 6.45e+02  -6.0 7.51e+01    -  1.44e-03 1.11e-02f  1
  24  8.1822145e+05 9.57e+00 6.44e+02  -6.0 8.05e+01    -  2.71e-02 1.11e-03f  1
  25  8.1478006e+05 9.54e+00 6.42e+02  -6.0 7.94e+01    -  3.28e-03 3.31e-03f  1
  26  8.1100417e+05 9.50e+00 6.39e+02  -6.0 8.39e+01    -  2.80e-02 3.69e-03f  1
  27  8.0259154e+05 9.42e+00 6.34e+02  -6.0 8.60e+01    -  1.62e-02 8.47e-03f  1
  28  7.9133705e+05 9.31e+00 6.26e+02  -6.0 9.39e+01    -  1.16e-03 1.18e-02f  1
  29  7.9007340e+05 9.30e+00 6.25e+02  -6.0 1.03e+02    -  3.68e-02 1.36e-03f  1
iter    objective    inf_pr   inf_du lg(mu)  ||d||  lg(rg) alpha_du alpha_pr  ls
  30  7.8092708e+05 9.20e+00 6.19e+02  -6.0 8.67e+01    -  4.53e-03 1.02e-02f  1
  31  7.7869746e+05 9.18e+00 6.17e+02  -6.0 9.83e+01    -  5.18e-03 2.60e-03f  1
  32  7.7408256e+05 9.13e+00 6.14e+02  -6.0 1.11e+02    -  1.71e-02 5.47e-03f  1
  33  7.6088125e+05 8.98e+00 6.04e+02  -6.0 1.38e+02    -  3.14e-03 1.66e-02f  1
  34  7.5709635e+05 8.93e+00 6.00e+02  -6.0 2.17e+02    -  7.74e-03 5.40e-03f  1
  35  7.5184877e+05 8.85e+00 5.95e+02  -6.0 2.41e+02    -  9.45e-03 8.45e-03f  1
  36  7.5094367e+05 8.84e+00 5.94e+02  -6.0 2.64e+02    -  2.58e-03 1.79e-03f  1
  37  7.4708170e+05 8.76e+00 5.89e+02  -6.0 2.68e+02    -  2.27e-03 8.12e-03f  1
  38  7.4609610e+05 8.74e+00 5.88e+02  -6.0 2.90e+02    -  3.48e-02 2.34e-03f  1
  39  7.3937588e+05 8.58e+00 5.77e+02  -6.0 2.92e+02    -  1.89e-02 1.90e-02f  1
iter    objective    inf_pr   inf_du lg(mu)  ||d||  lg(rg) alpha_du alpha_pr  ls
  40  7.3547667e+05 8.47e+00 5.69e+02  -6.0 3.30e+02    -  1.94e-03 1.28e-02f  1
  41  7.3486459e+05 8.45e+00 5.68e+02  -6.0 3.49e+02    -  1.99e-02 2.12e-03f  1
  42  7.3301319e+05 8.39e+00 5.64e+02  -6.0 3.27e+02    -  2.87e-02 6.75e-03f  1
  43  7.3123360e+05 8.33e+00 5.60e+02  -6.0 2.90e+02    -  2.51e-02 7.02e-03f  1
  44  7.2317374e+05 8.05e+00 5.41e+02  -6.0 2.53e+02    -  1.47e-04 3.41e-02f  1
  45  7.2287999e+05 8.04e+00 5.40e+02  -6.0 2.03e+02    -  9.49e-04 1.42e-03f  1
  46  7.2089823e+05 7.96e+00 5.35e+02  -6.0 1.96e+02    -  2.44e-03 9.67e-03f  1
  47  7.2019662e+05 7.93e+00 5.33e+02  -6.0 1.74e+02    -  1.96e-02 3.56e-03f  1
  48  7.1555723e+05 7.74e+00 5.20e+02  -6.0 1.43e+02    -  4.61e-02 2.44e-02f  1
  49  7.1230794e+05 7.60e+00 5.10e+02  -6.0 8.89e+01    -  3.37e-02 1.84e-02f  1
iter    objective    inf_pr   inf_du lg(mu)  ||d||  lg(rg) alpha_du alpha_pr  ls
  50  7.0921824e+05 7.46e+00 5.01e+02  -6.0 7.50e+01    -  1.41e-02 1.82e-02f  1
  51  7.0789839e+05 7.40e+00 4.97e+02  -6.0 6.90e+01    -  2.47e-02 8.09e-03f  1
  52  7.0460658e+05 7.24e+00 4.86e+02  -6.0 6.30e+01    -  1.17e-02 2.07e-02f  1
  53  7.0333244e+05 7.18e+00 4.82e+02  -6.0 5.49e+01    -  2.20e-02 8.34e-03f  1
  54  7.0163356e+05 7.10e+00 4.77e+02  -6.0 4.82e+01    -  5.26e-02 1.13e-02f  1
  55  7.0026734e+05 7.04e+00 4.72e+02  -6.0 2.19e+01    -  2.33e-02 9.43e-03f  1
  56  6.9833201e+05 6.94e+00 4.66e+02  -6.0 2.10e+01    -  8.21e-03 1.37e-02f  1
  57  6.9515601e+05 6.78e+00 4.55e+02  -6.0 2.27e+01    -  2.56e-02 2.31e-02f  1
  58  6.9471568e+05 6.76e+00 4.53e+02  -6.0 9.14e+01    -  6.33e-03 3.43e-03f  1
  59  6.8935411e+05 6.47e+00 4.34e+02  -6.0 1.12e+02    -  3.67e-03 4.22e-02f  1
iter    objective    inf_pr   inf_du lg(mu)  ||d||  lg(rg) alpha_du alpha_pr  ls
  60  6.8886266e+05 6.44e+00 4.32e+02  -6.0 2.30e+02    -  1.14e-02 4.23e-03f  1
  61  6.8758749e+05 6.37e+00 4.27e+02  -6.0 2.46e+02    -  3.18e-03 1.11e-02f  1
  62  6.8715317e+05 6.35e+00 4.26e+02  -6.0 2.59e+02    -  2.38e-02 3.84e-03f  1
  63  6.8540820e+05 6.25e+00 4.19e+02  -6.0 2.93e+02    -  1.08e-02 1.56e-02f  1
  64  6.8269047e+05 6.09e+00 4.08e+02  -6.0 3.01e+02    -  6.14e-03 2.48e-02f  1
  65  6.8219074e+05 6.06e+00 4.07e+02  -6.0 2.87e+02    -  2.76e-02 4.72e-03f  1
  66  6.7936204e+05 5.90e+00 3.95e+02  -6.0 2.97e+02    -  2.76e-02 2.70e-02f  1
  67  6.7759503e+05 5.80e+00 3.88e+02  -6.0 2.52e+02    -  2.64e-02 1.75e-02f  1
  68  6.7625644e+05 5.72e+00 3.83e+02  -6.0 1.98e+02    -  1.18e-02 1.36e-02f  1
  69  6.7495638e+05 5.64e+00 3.78e+02  -6.0 1.68e+02    -  2.92e-02 1.35e-02f  1
iter    objective    inf_pr   inf_du lg(mu)  ||d||  lg(rg) alpha_du alpha_pr  ls
  70  6.7079994e+05 5.39e+00 3.61e+02  -6.0 1.43e+02    -  1.05e-02 4.40e-02f  1
  71  6.6825085e+05 5.24e+00 3.51e+02  -6.0 6.34e+01    -  5.72e-02 2.86e-02f  1
  72  6.6614064e+05 5.11e+00 3.42e+02  -6.0 2.46e+01    -  2.64e-02 2.47e-02f  1
  73  6.6597698e+05 5.10e+00 3.41e+02  -6.0 2.14e+01    -  2.69e-02 1.97e-03f  1
  74  6.6408039e+05 4.98e+00 3.34e+02  -6.0 1.88e+01    -  1.42e-02 2.30e-02f  1
  75  6.6289115e+05 4.91e+00 3.29e+02  -6.0 1.79e+01    -  3.83e-03 1.49e-02f  1
  76  6.6183373e+05 4.84e+00 3.24e+02  -6.0 2.35e+01    -  1.58e-02 1.35e-02f  1
  77  6.6044047e+05 4.75e+00 3.18e+02  -6.0 2.47e+01    -  3.15e-03 1.82e-02f  1
  78r 6.6044047e+05 4.75e+00 9.99e+02   0.8 0.00e+00    -  0.00e+00 9.20e-10R  6
  79r 6.6055564e+05 4.75e+00 9.99e+02   0.8 9.03e+05    -  8.79e-08 7.95e-07f  1
iter    objective    inf_pr   inf_du lg(mu)  ||d||  lg(rg) alpha_du alpha_pr  ls
  80r 6.6026963e+05 4.60e+00 9.99e+02   0.8 1.08e+04    -  2.54e-06 5.49e-05f  1
  81r 6.6027191e+05 4.60e+00 9.99e+02   0.8 6.17e+02   2.0 8.11e-05 1.29e-04f  1
  82r 6.5945861e+05 4.58e+00 9.99e+02   0.8 2.97e+01   1.5 5.77e-05 1.80e-03f  1
  83r 6.5712800e+05 4.49e+00 9.99e+02   0.8 8.76e+01   1.0 1.82e-03 1.91e-03f  1
  84r 6.5428029e+05 4.31e+00 9.99e+02   0.8 2.55e+02   0.6 4.88e-03 1.40e-03f  1
  85  6.5337287e+05 4.29e+00 8.17e+01  -6.0 2.70e+02    -  3.31e-03 3.15e-03f  1
  86  6.5245251e+05 4.26e+00 8.12e+01  -6.0 1.28e+02    -  6.07e-03 6.88e-03f  1
  87  6.5216990e+05 4.25e+00 8.09e+01  -6.0 3.08e+01    -  2.93e-04 3.47e-03f  1
  88  6.5203916e+05 4.24e+00 8.08e+01  -6.0 2.70e+01    -  2.39e-02 1.80e-03h  1
  89  6.5128875e+05 4.20e+00 7.99e+01  -6.0 2.42e+01    -  2.78e-03 1.07e-02f  1
iter    objective    inf_pr   inf_du lg(mu)  ||d||  lg(rg) alpha_du alpha_pr  ls
  90  6.5051082e+05 4.15e+00 7.95e+01  -6.0 2.01e+01    -  9.34e-02 1.16e-02f  1
  91  6.4825136e+05 4.00e+00 7.66e+01  -6.0 2.12e+01    -  5.25e-03 3.51e-02f  1
  92  6.4659948e+05 3.89e+00 7.53e+01  -6.0 1.83e+01    -  1.04e-01 2.71e-02f  1
  93  6.4238509e+05 3.61e+00 6.97e+01  -6.0 1.60e+01    -  5.05e-02 7.26e-02f  1
  94  6.4087954e+05 3.51e+00 6.77e+01  -6.0 1.58e+01    -  7.58e-02 2.86e-02f  1
  95  6.3748984e+05 3.27e+00 6.31e+01  -6.0 2.18e+01    -  3.09e-02 6.73e-02f  1
  96  6.3607496e+05 3.17e+00 6.08e+01  -6.0 7.45e+00  -2.0 1.11e-01 3.06e-02f  1
  97  6.3538747e+05 3.12e+00 5.99e+01  -6.0 8.76e+00  -2.5 3.76e-02 1.55e-02f  1
  98  6.3444113e+05 3.06e+00 5.86e+01  -6.0 8.02e+00  -2.1 4.12e-02 2.18e-02f  1
  99  6.3346926e+05 2.98e+00 5.72e+01  -6.0 6.40e+00  -1.6 5.72e-03 2.32e-02f  1
iter    objective    inf_pr   inf_du lg(mu)  ||d||  lg(rg) alpha_du alpha_pr  ls
 100  6.3279418e+05 2.93e+00 5.67e+01  -6.0 6.09e+00  -1.2 4.58e-02 1.68e-02f  1
 101  6.3232480e+05 2.90e+00 5.61e+01  -6.0 9.53e+00  -1.7 5.10e-02 1.20e-02f  1
 102  6.3201150e+05 2.88e+00 5.59e+01  -6.0 6.09e+00  -1.3 4.30e-02 8.27e-03f  1
 103  6.3139432e+05 2.83e+00 5.50e+01  -6.0 9.13e+00  -1.7 4.05e-02 1.65e-02f  1
 104  6.3011729e+05 2.73e+00 5.31e+01  -6.0 5.33e+00  -1.3 5.96e-02 3.55e-02f  1
 105  6.2790069e+05 2.55e+00 4.95e+01  -6.0 4.19e+00  -0.9 2.96e-02 6.64e-02f  1
 106  6.2769042e+05 2.53e+00 4.93e+01  -6.0 4.13e+00  -1.4 5.45e-02 6.83e-03h  1
 107  6.2734678e+05 2.50e+00 4.89e+01  -6.0 4.07e+00  -0.9 2.86e-02 1.14e-02f  1
 108  6.2706816e+05 2.48e+00 4.87e+01  -6.0 5.30e+00  -1.4 4.97e-02 9.28e-03f  1
 109  6.2475431e+05 2.28e+00 4.47e+01  -6.0 4.02e+00  -1.0 6.22e-02 7.89e-02f  1
iter    objective    inf_pr   inf_du lg(mu)  ||d||  lg(rg) alpha_du alpha_pr  ls
 110  6.2441970e+05 2.25e+00 4.42e+01  -6.0 1.74e+01  -1.5 2.09e-02 1.24e-02f  1
 111  6.2204290e+05 2.05e+00 4.02e+01  -6.0 3.65e+00  -1.0 1.41e-02 9.08e-02f  1
 112  6.2201382e+05 2.04e+00 3.95e+01  -6.0 3.25e+00  -0.6 1.28e-01 1.24e-03h  1
 113  6.2087914e+05 1.94e+00 3.78e+01  -6.0 3.14e+00  -1.1 5.26e-03 4.87e-02f  1
 114  6.2018339e+05 1.88e+00 3.66e+01  -6.0 3.83e+00  -0.7 2.82e-02 3.23e-02f  1
 115  6.1896894e+05 1.77e+00 3.47e+01  -6.0 3.10e+00  -1.1 1.64e-02 5.79e-02f  1
 116  6.1889560e+05 1.77e+00 3.36e+01  -6.0 2.67e+00  -0.7 6.47e-02 3.79e-03h  1
 117  6.1777789e+05 1.66e+00 3.18e+01  -6.0 3.17e+00  -1.2 2.74e-02 5.72e-02f  1
 118  6.1777755e+05 1.66e+00 3.17e+01  -6.0 2.95e+00  -0.8 7.09e-03 1.90e-05h  1
 119  6.1751247e+05 1.64e+00 3.12e+01  -6.0 3.69e+00  -1.2 1.22e-02 1.46e-02f  1
iter    objective    inf_pr   inf_du lg(mu)  ||d||  lg(rg) alpha_du alpha_pr  ls
 120  6.1749992e+05 1.64e+00 3.06e+01  -6.0 4.36e+00  -0.8 7.85e-03 7.26e-04h  1
 121  6.1731115e+05 1.62e+00 3.03e+01  -6.0 8.12e+00  -1.3 1.18e-02 1.09e-02f  1
 122  6.1724855e+05 1.61e+00 3.13e+01  -6.0 5.37e+00  -0.9 1.68e-02 3.77e-03h  1
 123  6.1719121e+05 1.61e+00 3.18e+01  -6.0 1.03e+01  -1.3 1.88e-02 3.45e-03h  1
 124  6.1695559e+05 1.58e+00 3.11e+01  -6.0 3.03e+00  -0.9 9.59e-03 1.49e-02h  1
 125  6.1680277e+05 1.57e+00 3.07e+01  -6.0 2.87e+00  -0.5 9.22e-03 1.00e-02h  1
 126  6.1651922e+05 1.54e+00 3.00e+01  -6.0 3.06e+00  -1.0 1.04e-02 1.87e-02h  1
 127  6.1628797e+05 1.51e+00 2.93e+01  -6.0 2.90e+00  -0.5 8.81e-03 1.59e-02h  1
 128  6.1624639e+05 1.51e+00 2.95e+01  -6.0 3.06e+00  -1.0 3.59e-02 2.88e-03h  1
 129  6.1608504e+05 1.49e+00 2.91e+01  -6.0 2.83e+00  -0.6 5.12e-03 1.14e-02h  1
iter    objective    inf_pr   inf_du lg(mu)  ||d||  lg(rg) alpha_du alpha_pr  ls
 130  6.1594643e+05 1.48e+00 2.88e+01  -6.0 2.88e+00  -1.1 3.56e-03 9.79e-03h  1
 131  6.1579846e+05 1.46e+00 2.86e+01  -6.0 2.81e+00  -0.6 3.95e-02 1.07e-02h  1
 132  6.1558371e+05 1.44e+00 2.82e+01  -6.0 2.86e+00  -1.1 1.54e-02 1.55e-02h  1
 133  6.1531165e+05 1.41e+00 2.76e+01  -6.0 2.79e+00  -0.7 7.66e-04 2.04e-02h  1
 134  6.1529122e+05 1.41e+00 2.75e+01  -6.0 3.36e+00  -1.2 6.92e-02 1.52e-03h  1
 135  6.1413301e+05 1.28e+00 2.51e+01  -6.0 2.76e+00  -0.7 2.38e-03 8.89e-02f  1
 136  6.1407477e+05 1.28e+00 2.50e+01  -6.0 6.37e+00  -1.2 4.85e-02 4.78e-03h  1
 137  6.1388844e+05 1.26e+00 2.46e+01  -6.0 2.59e+00  -0.8 2.52e-03 1.58e-02h  1
 138  6.1371959e+05 1.24e+00 2.42e+01  -6.0 2.53e+00  -0.4 6.34e-03 1.48e-02h  1
 139  6.1367560e+05 1.23e+00 2.41e+01  -6.0 2.54e+00  -0.8 4.02e-02 3.86e-03h  1
iter    objective    inf_pr   inf_du lg(mu)  ||d||  lg(rg) alpha_du alpha_pr  ls
 140  6.1355441e+05 1.22e+00 2.38e+01  -6.0 2.50e+00  -0.4 1.94e-02 1.09e-02h  1
 141  6.1299400e+05 1.16e+00 2.25e+01  -6.0 2.52e+00  -0.9 9.51e-02 5.02e-02f  1
 142  6.1231694e+05 1.08e+00 2.11e+01  -6.0 2.40e+00  -0.5 4.97e-02 6.58e-02f  1
 143  6.1193349e+05 1.04e+00 2.01e+01  -6.0 2.31e+00  -0.9 1.80e-01 3.89e-02h  1
 144  6.1148430e+05 9.88e-01 1.91e+01  -6.0 2.23e+00  -0.5 3.04e-02 4.90e-02h  1
 145  6.1084682e+05 9.19e-01 1.77e+01  -6.0 2.16e+00  -1.0 2.89e-02 7.06e-02f  1
 146  6.1081820e+05 9.15e-01 1.77e+01  -6.0 2.03e+00  -0.6 7.51e-02 3.54e-03h  1
 147  6.1055765e+05 8.85e-01 1.71e+01  -6.0 1.99e+00  -0.1 2.43e-02 3.31e-02h  1
 148  6.1028308e+05 8.54e-01 1.65e+01  -6.0 1.92e+00  -0.6 1.20e-02 3.54e-02h  1
 149  6.1016004e+05 8.39e-01 1.62e+01  -6.0 1.87e+00  -0.2 1.58e-02 1.69e-02h  1
iter    objective    inf_pr   inf_du lg(mu)  ||d||  lg(rg) alpha_du alpha_pr  ls
 150  6.0983785e+05 8.03e-01 1.55e+01  -6.0 1.62e+00  -0.7 3.56e-02 4.37e-02h  1
 151  6.0974906e+05 7.93e-01 1.54e+01  -6.0 1.84e+00  -0.2 3.35e-02 1.30e-02h  1
 152  6.0948076e+05 7.62e-01 1.48e+01  -6.0 1.82e+00  -0.7 7.47e-02 3.84e-02h  1
 153  6.0900941e+05 7.07e-01 1.36e+01  -6.0 1.76e+00  -0.3 2.49e-02 7.26e-02h  1
 154  6.0858937e+05 6.59e-01 1.27e+01  -6.0 1.64e+00  -0.8 1.54e-01 6.69e-02h  1
 155  6.0848317e+05 6.47e-01 1.25e+01  -6.0 1.55e+00  -0.3 3.81e-03 1.89e-02h  1
 156  6.0841961e+05 6.40e-01 1.24e+01  -6.0 1.52e+00  -0.8 1.65e-02 1.10e-02h  1
 157  6.0793668e+05 5.83e-01 1.13e+01  -6.0 1.51e+00  -0.4 1.15e-01 8.85e-02f  1
 158  6.0783191e+05 5.72e-01 1.11e+01  -6.0 1.38e+00  -0.9 5.12e-02 1.98e-02h  1
 159  6.0765398e+05 5.51e-01 1.07e+01  -6.0 1.36e+00  -0.5 4.68e-02 3.65e-02h  1
iter    objective    inf_pr   inf_du lg(mu)  ||d||  lg(rg) alpha_du alpha_pr  ls
 160  6.0744538e+05 5.28e-01 1.02e+01  -6.0 1.31e+00  -0.9 3.32e-02 4.16e-02h  1
 161  6.0711950e+05 4.89e-01 9.53e+00  -6.0 1.26e+00  -0.5 7.93e-02 7.26e-02h  1
 162  6.0709766e+05 4.87e-01 9.78e+00  -6.0 1.22e+00  -1.0 7.85e-02 4.82e-03h  1
 163  6.0671469e+05 4.42e-01 8.60e+00  -6.0 1.17e+00  -0.6 2.27e-02 9.24e-02h  1
 164  6.0661899e+05 4.32e-01 8.80e+00  -6.0 2.15e+00  -1.0 1.15e-01 2.28e-02h  1
 165  6.0644289e+05 4.11e-01 8.32e+00  -6.0 1.05e+00  -0.6 2.28e-02 4.75e-02h  1
 166  6.0642871e+05 4.10e-01 8.58e+00  -6.0 5.83e+00  -1.1 4.70e-02 3.42e-03h  1
 167  6.0619605e+05 3.83e-01 7.87e+00  -6.0 9.98e-01  -0.7 3.46e-04 6.55e-02f  1
 168  6.0593780e+05 3.52e-01 7.40e+00  -6.0 9.35e-01  -0.2 1.18e-01 8.19e-02h  1
 169  6.0586088e+05 3.43e-01 7.30e+00  -6.0 8.63e-01  -0.7 7.24e-02 2.46e-02h  1
iter    objective    inf_pr   inf_du lg(mu)  ||d||  lg(rg) alpha_du alpha_pr  ls
 170  6.0566473e+05 3.19e-01 7.04e+00  -6.0 8.42e-01  -0.3 1.43e-01 6.91e-02f  1
 171  6.0549732e+05 3.01e-01 6.58e+00  -6.0 7.88e-01  -0.8 1.96e-02 5.81e-02h  1
 172  6.0546658e+05 2.97e-01 6.60e+00  -6.0 7.44e-01  -0.3 5.79e-02 1.22e-02h  1
 173  6.0542794e+05 2.93e-01 6.77e+00  -6.0 7.35e-01  -0.8 2.07e-01 1.41e-02h  1
 174  6.0496432e+05 2.38e-01 5.33e+00  -6.0 7.25e-01  -0.4 1.21e-01 1.88e-01h  1
 175  6.0492534e+05 2.34e-01 5.40e+00  -6.0 7.40e-01  -0.9 1.34e-01 1.70e-02h  1
 176  6.0467053e+05 2.04e-01 4.74e+00  -6.0 5.84e-01  -0.4 1.44e-01 1.27e-01h  1
 177  6.0450508e+05 1.88e-01 4.27e+00  -6.0 8.55e-01  -0.9 1.48e-02 8.01e-02h  1
 178  6.0445781e+05 1.82e-01 4.52e+00  -6.0 4.73e-01  -0.5 4.51e-01 2.87e-02h  1
 179  6.0440716e+05 1.77e-01 4.40e+00  -6.0 1.06e+00  -1.0 2.14e-02 2.64e-02h  1
iter    objective    inf_pr   inf_du lg(mu)  ||d||  lg(rg) alpha_du alpha_pr  ls
 180  6.0434728e+05 1.71e-01 4.86e+00  -6.0 4.48e-01  -0.5 3.08e-01 3.80e-02h  1
 181  6.0426476e+05 1.63e-01 4.35e+00  -6.0 1.34e+00  -1.0 3.03e-02 4.44e-02h  1
 182  6.0415962e+05 1.51e-01 5.27e+00  -6.0 4.13e-01  -0.6 2.02e-01 7.13e-02h  1
 183  6.0407183e+05 1.44e-01 4.10e+00  -6.0 1.90e+00  -1.1 6.06e-03 4.92e-02h  1
 184  6.0392544e+05 1.28e-01 3.41e+00  -6.0 4.54e-01  -0.6 8.52e-02 1.09e-01h  1
 185  6.0387081e+05 1.24e-01 3.09e+00  -6.0 2.87e+00  -1.1 9.37e-03 3.17e-02h  1
 186  6.0386544e+05 1.24e-01 4.72e+00  -6.0 5.15e-01  -0.7 1.57e-01 4.43e-03f  1
 187  6.0371742e+05 1.14e-01 2.85e+00  -6.0 5.02e+00  -1.2 2.58e-02 7.73e-02h  1
 188  6.0361066e+05 1.04e-01 2.60e+00  -6.0 6.93e-01  -0.7 7.63e-02 9.13e-02h  1
 189  6.0354612e+05 1.00e-01 6.36e+00  -6.0 6.25e+00  -1.2 1.06e-01 3.24e-02h  1
iter    objective    inf_pr   inf_du lg(mu)  ||d||  lg(rg) alpha_du alpha_pr  ls
 190  6.0348720e+05 9.48e-02 6.73e+00  -6.0 7.88e-01  -0.8 9.40e-02 5.54e-02h  1
 191  6.0342228e+05 9.21e-02 4.58e+00  -6.0 9.91e+00  -1.3 8.53e-03 2.84e-02h  1
 192  6.0336233e+05 8.68e-02 3.59e+00  -6.0 9.35e-01  -0.8 2.91e-02 5.80e-02h  1
 193  6.0334538e+05 8.64e-02 3.71e+00  -6.0 2.55e+01  -1.3 4.80e-03 4.24e-03h  1
 194  6.0330378e+05 9.62e-02 4.71e+00  -6.0 1.09e+00  -0.9 8.17e-02 4.05e-02h  1
 195  6.0316206e+05 9.98e-02 2.52e+00  -6.0 3.43e+00  -1.4 4.02e-02 9.07e-02h  1
 196  6.0314108e+05 9.93e-02 5.27e+00  -6.0 7.28e-01  -0.9 1.44e-01 2.32e-02h  1
 197  6.0310286e+05 9.89e-02 7.35e+00  -6.0 4.31e+00  -1.4 5.55e-02 2.43e-02h  1
 198  6.0299482e+05 8.80e-02 5.76e+00  -6.0 7.92e-01  -1.0 1.07e-01 1.30e-01h  1
 199  6.0296722e+05 8.41e-02 9.75e+00  -6.0 3.11e-01  -0.6 2.56e-01 4.65e-02h  1
iter    objective    inf_pr   inf_du lg(mu)  ||d||  lg(rg) alpha_du alpha_pr  ls
 200  6.0288857e+05 7.70e-02 7.48e+00  -6.0 8.73e-01  -1.0 6.27e-02 1.06e-01h  1
 201  6.0287193e+05 7.46e-02 1.02e+01  -6.0 3.46e-01  -0.6 1.83e-01 3.19e-02h  1
 202  6.0284999e+05 7.23e-02 1.05e+01  -6.0 9.78e-01  -1.1 5.40e-02 3.21e-02h  1
 203  6.0281906e+05 6.79e-02 1.13e+01  -6.0 3.87e-01  -0.7 1.49e-01 6.15e-02h  1
 204  6.0280729e+05 6.68e-02 1.15e+01  -6.0 1.05e+00  -1.1 3.08e-02 1.78e-02h  1
 205  6.0278688e+05 6.40e-02 1.15e+01  -6.0 4.22e-01  -0.7 8.76e-02 4.29e-02h  1
 206  6.0271585e+05 5.96e-02 1.29e+01  -6.0 1.18e+00  -1.2 3.28e-02 1.10e-01h  1
 207  6.0268881e+05 5.58e-02 1.12e+01  -6.0 4.71e-01  -0.8 9.40e-02 6.41e-02h  1
 208  6.0265258e+05 5.36e-02 9.50e+00  -6.0 1.30e+00  -1.3 9.49e-02 5.93e-02h  1
 209  6.0263423e+05 5.11e-02 9.53e+00  -6.0 5.23e-01  -0.8 2.58e-02 4.67e-02h  1
iter    objective    inf_pr   inf_du lg(mu)  ||d||  lg(rg) alpha_du alpha_pr  ls
 210  6.0259218e+05 4.96e-02 1.02e+01  -6.0 1.48e+00  -1.3 3.01e-02 6.92e-02h  1
 211  6.0257647e+05 4.75e-02 6.89e+00  -6.0 5.91e-01  -0.9 1.55e-01 4.24e-02h  1
 212  6.0254353e+05 4.71e-02 6.02e+00  -6.0 1.62e+00  -1.4 7.29e-02 5.40e-02h  1
 213  6.0248773e+05 4.07e-02 5.97e+00  -6.0 6.53e-01  -0.9 1.14e-01 1.57e-01h  1
 214  6.0247839e+05 4.03e-02 4.79e+00  -6.0 1.85e+00  -1.4 6.30e-02 1.57e-02h  1
 215  6.0246761e+05 3.90e-02 2.76e+00  -6.0 7.22e-01  -1.0 1.87e-01 3.29e-02h  1
 216  6.0244019e+05 3.91e-02 2.48e+00  -6.0 1.97e+00  -1.5 1.16e-02 4.40e-02h  1
 217  6.0242660e+05 3.75e-02 2.55e+00  -6.0 8.01e-01  -1.0 1.11e-01 4.15e-02h  1
 218  6.0241420e+05 3.74e-02 2.70e+00  -6.0 2.56e+00  -1.5 5.72e-02 1.90e-02h  1
 219  6.0239479e+05 3.53e-02 2.72e+00  -6.0 8.92e-01  -1.1 1.46e-01 5.87e-02h  1
iter    objective    inf_pr   inf_du lg(mu)  ||d||  lg(rg) alpha_du alpha_pr  ls
 220  6.0234525e+05 4.53e-02 2.60e+00  -6.0 3.30e+00  -1.6 1.05e-02 6.99e-02h  1
 221  6.0234167e+05 4.48e-02 2.58e+00  -6.0 9.88e-01  -1.1 1.04e-01 1.09e-02h  1
 222  6.0233190e+05 4.52e-02 2.55e+00  -6.0 5.60e+00  -1.6 5.24e-02 1.23e-02h  1
 223  6.0231896e+05 4.36e-02 2.44e+00  -6.0 1.10e+00  -1.2 1.81e-02 3.78e-02h  1
 224  6.0231158e+05 4.38e-02 2.42e+00  -6.0 6.35e+00  -1.7 8.12e-03 8.78e-03h  1
 225  6.0228669e+05 4.11e-02 2.44e+00  -6.0 1.22e+00  -1.2 1.76e-01 7.01e-02f  1
 226  6.0226668e+05 4.72e-02 2.34e+00  -6.0 8.76e+00  -1.7 1.19e-02 2.13e-02h  1
 227  6.0226353e+05 4.68e-02 2.73e+00  -6.0 1.36e+00  -1.3 3.65e-02 8.76e-03h  1
 228  6.0225209e+05 5.19e-02 2.32e+00  -6.0 1.76e+01  -1.8 2.33e-02 9.89e-03h  1
 229  6.0223218e+05 4.91e-02 2.22e+00  -6.0 1.51e+00  -1.3 6.84e-03 5.38e-02f  1
iter    objective    inf_pr   inf_du lg(mu)  ||d||  lg(rg) alpha_du alpha_pr  ls
 230  6.0221841e+05 4.55e-02 2.80e+00  -6.0 5.97e-01  -0.9 2.71e-01 6.79e-02f  1
 231  6.0220249e+05 4.32e-02 2.21e+00  -6.0 1.68e+00  -1.4 1.60e-02 4.21e-02h  1
 232  6.0217412e+05 3.52e-02 1.97e+00  -6.0 6.69e-01  -1.0 1.53e-01 1.42e-01h  1
 233  6.0213735e+05 2.62e-02 1.36e+00  -6.0 1.86e+00  -1.4 2.87e-02 9.66e-02h  1
 234  6.0213605e+05 2.61e-02 1.83e+00  -6.0 7.43e-01  -1.0 1.55e-01 7.01e-03h  1
 235  6.0211319e+05 2.51e-02 1.28e+00  -6.0 2.08e+00  -1.5 4.04e-02 5.72e-02h  1
 236  6.0207569e+05 2.13e-02 9.45e-01  -6.0 8.43e-01  -1.1 1.82e-01 2.01e-01h  1
 237  6.0205838e+05 2.05e-02 2.08e+00  -6.0 2.32e+00  -1.5 8.76e-02 4.55e-02h  1
 238  6.0204047e+05 1.87e-02 1.53e+00  -6.0 9.33e-01  -1.1 6.88e-02 1.02e-01h  1
 239  6.0203321e+05 1.84e-02 1.58e+00  -6.0 2.55e+00  -1.6 2.08e-02 1.85e-02h  1
iter    objective    inf_pr   inf_du lg(mu)  ||d||  lg(rg) alpha_du alpha_pr  ls
 240  6.0202696e+05 1.77e-02 1.82e+00  -6.0 1.04e+00  -1.2 6.00e-02 3.46e-02h  1
 241  6.0202163e+05 1.75e-02 1.55e+00  -6.0 2.82e+00  -1.6 6.45e-03 1.27e-02h  1
 242  6.0201798e+05 1.72e-02 5.03e+00  -6.0 1.16e+00  -1.2 2.92e-01 2.00e-02h  1
 243  6.0199278e+05 1.64e-02 2.84e+00  -6.0 3.11e+00  -1.7 1.48e-02 5.73e-02h  1
 244  6.0195879e+05 1.39e-02 1.43e+00  -6.0 1.28e+00  -1.3 1.13e-01 1.80e-01h  1
 245  6.0195563e+05 1.38e-02 4.29e+00  -6.0 3.38e+00  -1.7 6.91e-02 7.01e-03h  1
 246  6.0193588e+05 1.25e-02 4.05e+00  -6.0 1.42e+00  -1.3 1.21e-01 1.05e-01h  1
 247  6.0191798e+05 1.21e-02 3.11e+00  -6.0 3.71e+00  -1.8 2.16e-02 3.71e-02h  1
 248  6.0191221e+05 1.18e-02 4.20e+00  -6.0 1.56e+00  -1.4 1.22e-01 3.00e-02h  1
 249  6.0190499e+05 1.08e-02 4.00e+00  -6.0 6.16e-01  -0.9 1.20e-01 7.97e-02h  1
iter    objective    inf_pr   inf_du lg(mu)  ||d||  lg(rg) alpha_du alpha_pr  ls
 250  6.0189880e+05 1.05e-02 4.70e+00  -6.0 1.73e+00  -1.4 9.57e-02 3.07e-02h  1
 251  6.0188336e+05 8.83e-03 3.75e+00  -6.0 6.87e-01  -1.0 1.21e-01 1.68e-01h  1
 252  6.0187296e+05 8.40e-03 5.31e+00  -6.0 1.92e+00  -1.5 1.82e-01 5.03e-02h  1
 253  6.0184353e+05 5.98e-03 5.63e+00  -6.0 7.63e-01  -1.0 9.75e-01 3.20e-01h  1
 254  6.0181769e+05 5.32e-03 6.46e+00  -6.0 2.10e+00  -1.5 2.54e-01 1.23e-01h  1
 255  6.0181160e+05 4.96e-03 7.56e+00  -6.0 8.37e-01  -1.1 7.55e-01 6.97e-02h  1
 256  6.0178856e+05 4.49e-03 7.00e+00  -6.0 2.31e+00  -1.6 1.76e-01 1.03e-01h  1
 257  6.0178152e+05 4.44e-03 6.85e+00  -6.0 8.55e+00  -2.1 6.09e-03 1.15e-02h  1
 258  6.0177859e+05 4.38e-03 7.17e+00  -6.0 2.52e+00  -1.6 8.14e-02 1.30e-02h  1
 259  6.0175954e+05 4.24e-03 6.76e+00  -6.0 6.06e+00  -2.1 2.08e-02 3.39e-02f  1
iter    objective    inf_pr   inf_du lg(mu)  ||d||  lg(rg) alpha_du alpha_pr  ls
 260  6.0175690e+05 4.23e-03 7.17e+00  -6.0 1.17e+01  -2.6 1.95e-02 1.97e-03h  1
 261  6.0175325e+05 4.20e-03 7.29e+00  -6.0 6.23e+00  -2.2 1.89e-02 6.75e-03h  1
 262  6.0175023e+05 4.76e-03 7.58e+00  -6.0 1.50e+01  -2.6 1.06e-02 2.67e-03h  1
 263  6.0173848e+05 4.51e-03 8.30e+00  -6.0 2.54e+00  -2.2 1.70e-01 4.45e-02h  1
 264  6.0172850e+05 4.49e-03 8.25e+00  -6.0 3.43e+01  -2.7 6.38e-03 6.34e-03h  1
 265  6.0171817e+05 4.34e-03 8.29e+00  -6.0 3.47e+00  -2.3 8.45e-02 3.57e-02h  1
 266  6.0170736e+05 3.95e-03 7.59e+00  -6.0 1.01e+00  -1.8 1.42e-01 9.27e-02h  1
 267  6.0169371e+05 4.07e-03 7.58e+00  -6.0 4.94e+00  -2.3 9.01e-02 4.13e-02h  1
 268  6.0168720e+05 4.04e-03 7.30e+00  -6.0 1.33e+00  -1.9 1.31e-01 5.29e-02h  1
 269  6.0168220e+05 4.03e-03 7.49e+00  -6.0 7.61e+00  -2.4 5.62e-02 1.27e-02h  1
iter    objective    inf_pr   inf_du lg(mu)  ||d||  lg(rg) alpha_du alpha_pr  ls
 270  6.0167674e+05 3.98e-03 7.17e+00  -6.0 1.62e+00  -1.9 4.75e-02 4.29e-02h  1
 271  6.0166006e+05 4.18e-03 7.10e+00  -6.0 1.14e+01  -2.4 5.60e-02 3.36e-02h  1
 272  6.0165659e+05 7.56e-03 7.88e+00  -6.0 2.12e+00  -2.0 2.44e-01 2.58e-02h  1
 273  6.0164815e+05 1.32e-02 7.46e+00  -6.0 2.49e+00  -2.5 4.07e-02 5.02e-02h  1
 274  6.0163558e+05 1.23e-02 7.31e+00  -6.0 2.72e+01  -2.9 2.61e-02 2.46e-02h  1
 275  6.0162967e+05 1.21e-02 7.03e+00  -6.0 2.50e+00  -2.5 3.55e-02 3.68e-02h  1
 276  6.0162300e+05 1.19e-02 7.23e+00  -6.0 3.68e+01  -3.0 3.46e-02 1.39e-02h  1
 277  6.0162259e+05 1.18e-02 7.63e+00  -6.0 2.81e+00  -2.6 6.98e-02 2.66e-03h  1
 278  6.0161655e+05 1.07e-02 6.93e+00  -6.0 1.01e+00  -2.1 1.25e-02 8.42e-02h  1
 279  6.0161449e+05 1.06e-02 7.10e+00  -6.0 3.16e+00  -2.6 6.31e-02 1.24e-02h  1
iter    objective    inf_pr   inf_du lg(mu)  ||d||  lg(rg) alpha_du alpha_pr  ls
 280  6.0160726e+05 9.42e-03 6.29e+00  -6.0 1.14e+00  -2.2 3.62e-02 9.97e-02h  1
 281  6.0160434e+05 9.23e-03 6.23e+00  -6.0 3.61e+00  -2.7 2.62e-02 1.68e-02h  1
 282  6.0159725e+05 8.22e-03 6.17e+00  -6.0 1.28e+00  -2.2 3.19e-01 9.54e-02h  1
 283  6.0159588e+05 8.15e-03 6.20e+00  -6.0 4.11e+00  -2.7 2.33e-02 7.51e-03h  1
 284  6.0159184e+05 7.67e-03 5.87e+00  -6.0 1.44e+00  -2.3 5.27e-02 5.32e-02f  1
 285  6.0158152e+05 7.67e-03 5.52e+00  -6.0 4.94e+00  -2.8 4.28e-02 5.14e-02h  1
 286  6.0158088e+05 7.61e-03 5.63e+00  -6.0 1.63e+00  -2.3 4.68e-02 8.25e-03h  1
 287  6.0157267e+05 7.95e-03 6.35e+00  -6.0 8.63e+00  -2.8 1.37e-01 3.97e-02h  1
 288  6.0157055e+05 7.75e-03 6.54e+00  -6.0 1.79e+00  -2.4 2.03e-01 2.77e-02h  1
 289  6.0156478e+05 6.80e-03 5.35e+00  -6.0 6.43e-01  -2.0 3.54e-01 1.75e-01h  1
iter    objective    inf_pr   inf_du lg(mu)  ||d||  lg(rg) alpha_du alpha_pr  ls
 290  6.0156097e+05 6.88e-03 5.60e+00  -6.0 2.03e+00  -2.4 3.05e-01 4.91e-02h  1
 291  6.0155754e+05 6.83e-03 5.49e+00  -6.0 6.07e+01  -2.9 8.88e-03 1.17e-02h  1
 292  6.0154978e+05 6.84e-03 4.98e+00  -6.0 2.32e+00  -2.5 1.02e-01 9.53e-02h  1
 293  6.0154849e+05 6.81e-03 5.14e+00  -6.0 8.94e+00  -3.0 3.48e-02 5.74e-03h  1
 294  6.0154371e+05 6.50e-03 4.84e+00  -6.0 2.69e+00  -2.5 5.19e-02 5.75e-02f  1
 295  6.0153678e+05 5.44e-03 3.97e+00  -6.0 9.52e-01  -2.1 2.59e-02 2.10e-01h  1
 296  6.0153644e+05 5.42e-03 3.97e+00  -6.0 6.00e+00  -2.6 1.64e-02 3.66e-03h  1
 297  6.0153396e+05 5.07e-03 3.61e+00  -6.0 1.08e+00  -2.2 3.14e-01 6.99e-02h  1
 298  6.0153170e+05 4.98e-03 3.57e+00  -6.0 3.57e+00  -2.7 5.06e-02 2.32e-02h  1
 299  6.0152613e+05 1.48e-02 3.04e+00  -6.0 1.22e+00  -2.2 1.49e-01 1.48e-01h  1
iter    objective    inf_pr   inf_du lg(mu)  ||d||  lg(rg) alpha_du alpha_pr  ls
 300  6.0152304e+05 1.28e-02 3.03e+00  -6.0 3.60e+00  -2.7 1.24e-02 3.11e-02h  1

Number of Iterations....: 300

                                   (scaled)                 (unscaled)
Objective...............:   2.2049964884955803e+03    6.0152304206159431e+05
Dual infeasibility......:   3.0343162635424150e+00    8.2776147669437080e+02
Constraint violation....:   4.3383819277993396e-03    1.2827576764233420e-02
Variable bound violation:   0.0000000000000000e+00    0.0000000000000000e+00
Complementarity.........:   3.2939187270823642e-05    8.9858102874806889e-03
Overall NLP error.......:   3.0343162635424150e+00    8.2776147669437080e+02


Number of objective function evaluations             = 307
Number of objective gradient evaluations             = 296
Number of equality constraint evaluations            = 307
Number of inequality constraint evaluations          = 308
Number of equality constraint Jacobian evaluations   = 302
Number of inequality constraint Jacobian evaluations = 302
Number of Lagrangian Hessian evaluations             = 300
Total seconds in IPOPT                               = 29.870

EXIT: Maximum Number of Iterations Exceeded.

