Solver command line: ['/opt/homebrew/bin/ipopt', '/var/folders/6y/bvynbx6n3zv7z3lwg6vd724r0000gn/T/tmpui5_abyu.pyomo.nl', '-AMPL', 'tol=1e-06', 'max_iter=300', 'print_level=5', 'warm_start_init_point=yes', 'warm_start_bound_push=1e-06', 'warm_start_bound_frac=1e-06', 'warm_start_mult_bound_push=1e-06', 'mu_init=1e-06', 'least_square_init_duals=no']

Ipopt 3.14.19: tol=1e-06
max_iter=300
print_level=5
warm_start_init_point=yes
warm_start_bound_push=1e-06
warm_start_bound_frac=1e-06
warm_start_mult_bound_push=1e-06
mu_init=1e-06
least_square_init_duals=no


******************************************************************************
This program contains Ipopt, a library for large-scale nonlinear optimization.
 Ipopt is released as open source code under the Eclipse Public License (EPL).
         For more information visit https://github.com/coin-or/Ipopt
******************************************************************************

This is Ipopt version 3.14.19, running with linear solver MUMPS 5.6.2.

Number of nonzeros in equality constraint Jacobian...:    43679
Number of nonzeros in inequality constraint Jacobian.:    33080
Number of nonzeros in Lagrangian Hessian.............:    24644

Total number of variables............................:     6698
                     variables with only lower bounds:        0
                variables with lower and upper bounds:     6698
                     variables with only upper bounds:        0
Total number of equality constraints.................:     6045
Total number of inequality constraints...............:     8270
        inequality constraints with only lower bounds:        0
   inequality constraints with lower and upper bounds:        0
        inequality constraints with only upper bounds:     8270

iter    objective    inf_pr   inf_du lg(mu)  ||d||  lg(rg) alpha_du alpha_pr  ls
   0  6.0138414e+05 4.86e+02 1.31e+01  -6.0 0.00e+00    -  0.00e+00 0.00e+00   0
   1  5.9459055e+05 4.86e+02 1.31e+01  -6.0 1.01e+07    -  2.19e-07 2.85e-07f  1
   2  5.9447605e+05 4.87e+02 1.31e+01  -6.0 8.16e+05    -  4.65e-06 2.19e-07f  1
   3  5.9160257e+05 4.87e+02 1.31e+01  -6.0 6.67e+05    -  4.93e-06 5.95e-06f  1
   4  5.9087014e+05 4.87e+02 1.31e+01  -6.0 4.63e+05    -  8.61e-06 8.35e-06f  1
   5  5.9020170e+05 4.87e+02 1.31e+01  -6.0 2.96e+05    -  1.92e-05 1.55e-05f  1
   6  5.8992989e+05 4.87e+02 1.31e+01  -6.0 2.02e+05    -  2.29e-05 1.36e-05f  1
   7  5.8980739e+05 4.87e+02 1.31e+01  -6.0 1.61e+05    -  3.45e-05 9.52e-06f  1
   8  5.8954602e+05 4.87e+02 1.31e+01  -6.0 1.35e+05    -  5.24e-05 2.77e-05f  1
   9  5.8935293e+05 4.87e+02 1.31e+01  -6.0 9.82e+04    -  8.98e-05 3.45e-05f  1
iter    objective    inf_pr   inf_du lg(mu)  ||d||  lg(rg) alpha_du alpha_pr  ls
  10  5.8930615e+05 4.87e+02 1.31e+01  -6.0 2.32e+02  -4.0 2.46e-04 2.36e-04h  1
  11  5.8923604e+05 4.86e+02 1.31e+01  -6.0 4.18e+02  -4.5 2.63e-04 2.76e-04h  1
  12  5.8918947e+05 4.86e+02 1.31e+01  -6.0 8.40e+02  -5.0 1.75e-04 1.41e-04h  1
  13  5.8908697e+05 4.86e+02 1.31e+01  -6.0 2.03e+03  -5.4 4.26e-04 2.19e-04f  1
  14  5.8898565e+05 4.86e+02 1.31e+01  -6.0 2.15e+03  -5.5 3.57e-04 2.69e-04f  1
  15  5.8892351e+05 4.86e+02 1.31e+01  -6.0 8.55e+02  -5.1 1.68e-03 2.79e-04h  1
  16  5.8880102e+05 4.86e+02 1.31e+01  -6.0 9.26e+02  -5.1 8.87e-05 6.21e-04f  1
  17  5.8876848e+05 4.86e+02 1.31e+01  -6.0 2.37e+03  -5.6 3.33e-04 1.33e-04h  1
  18  5.8875484e+05 4.86e+02 1.31e+01  -6.0 1.34e+04  -6.1 1.68e-05 4.12e-05h  1
  19  5.8863637e+05 4.85e+02 1.30e+01  -6.0 2.57e+03  -5.6 1.22e-03 4.99e-04h  1
iter    objective    inf_pr   inf_du lg(mu)  ||d||  lg(rg) alpha_du alpha_pr  ls
  20  5.8856622e+05 4.85e+02 1.30e+01  -6.0 5.60e+03  -6.1 6.73e-04 2.54e-04h  1
  21  5.8845995e+05 4.85e+02 1.30e+01  -6.0 2.62e+03  -5.7 3.95e-04 5.35e-04h  1
  22  5.8835979e+05 4.85e+02 1.30e+01  -6.0 1.28e+04    -  5.34e-04 2.96e-04f  1
  23  5.8819581e+05 4.85e+02 1.30e+01  -6.0 1.09e+04    -  9.01e-04 6.08e-04f  1
  24  5.8810939e+05 4.84e+02 1.30e+01  -6.0 8.18e+03    -  3.97e-04 4.32e-04h  1
  25  5.8800677e+05 4.84e+02 1.30e+01  -6.0 7.62e+03    -  2.33e-04 5.67e-04h  1
  26  5.8796901e+05 4.84e+02 1.30e+01  -6.0 6.99e+03    -  9.65e-04 2.25e-04h  1
  27  5.8794886e+05 4.84e+02 1.30e+01  -6.0 6.21e+03    -  1.61e-03 1.29e-04h  1
  28  5.8781544e+05 4.83e+02 1.30e+01  -6.0 5.11e+03    -  5.76e-04 1.06e-03h  1
  29  5.8773580e+05 4.83e+02 1.30e+01  -6.0 4.41e+03    -  3.83e-04 6.80e-04h  1
iter    objective    inf_pr   inf_du lg(mu)  ||d||  lg(rg) alpha_du alpha_pr  ls
  30  5.8758445e+05 4.82e+02 1.30e+01  -6.0 3.83e+03    -  2.21e-04 1.34e-03h  1
  31  5.8751736e+05 4.82e+02 1.29e+01  -6.0 3.09e+03    -  2.44e-03 6.35e-04h  1
  32  5.8736571e+05 4.81e+02 1.29e+01  -6.0 2.49e+03    -  3.47e-04 1.51e-03h  1
  33  5.8720656e+05 4.81e+02 1.29e+01  -6.0 1.89e+03    -  2.47e-03 1.64e-03h  1
  34  5.8694503e+05 4.79e+02 1.28e+01  -6.0 1.35e+03    -  3.29e-03 2.76e-03h  1
  35  5.8674969e+05 4.78e+02 1.28e+01  -6.0 7.80e+02    -  3.66e-03 2.11e-03h  1
  36  5.8667415e+05 4.78e+02 1.28e+01  -6.0 4.04e+02    -  4.98e-04 8.30e-04h  1
  37  5.8651732e+05 4.77e+02 1.28e+01  -6.0 3.98e+02    -  2.73e-03 1.73e-03h  1
  38  5.8637959e+05 4.76e+02 1.27e+01  -6.0 3.97e+02    -  6.95e-04 1.53e-03h  1
  39  5.8618240e+05 4.75e+02 1.27e+01  -6.0 3.63e+02    -  5.12e-04 2.21e-03h  1
iter    objective    inf_pr   inf_du lg(mu)  ||d||  lg(rg) alpha_du alpha_pr  ls
  40  5.8615295e+05 4.75e+02 1.27e+01  -6.0 3.53e+02    -  3.69e-03 3.33e-04h  1
  41  5.8604042e+05 4.74e+02 1.27e+01  -6.0 4.96e+02    -  2.34e-03 1.28e-03h  1
  42  5.8585179e+05 4.73e+02 1.27e+01  -6.0 7.76e+02    -  2.30e-04 2.15e-03h  1
  43  5.8576198e+05 4.73e+02 1.26e+01  -6.0 5.80e+02    -  1.34e-03 1.03e-03h  1
  44  5.8569084e+05 4.73e+02 1.26e+01  -6.0 5.34e+02    -  9.36e-04 8.23e-04h  1
  45  5.8563780e+05 4.72e+02 1.26e+01  -6.0 5.29e+02    -  7.69e-04 6.16e-04h  1
  46  5.8536583e+05 4.71e+02 1.26e+01  -6.0 9.07e+02    -  6.17e-04 3.17e-03h  1
  47  5.8519810e+05 4.70e+02 1.26e+01  -6.0 2.14e+03    -  7.09e-03 1.98e-03h  1
  48  5.8489705e+05 4.68e+02 1.25e+01  -6.0 2.49e+03    -  3.41e-03 3.59e-03h  1
  49  5.8484098e+05 4.68e+02 1.25e+01  -6.0 2.30e+03    -  9.69e-04 6.75e-04h  1
iter    objective    inf_pr   inf_du lg(mu)  ||d||  lg(rg) alpha_du alpha_pr  ls
  50  5.8468249e+05 4.67e+02 1.25e+01  -6.0 2.25e+03    -  1.52e-03 2.19e-03h  1
  51  5.8462111e+05 4.66e+02 1.25e+01  -6.0 2.25e+03    -  8.89e-04 1.06e-03h  1
  52  5.8459756e+05 4.66e+02 1.25e+01  -6.0 1.41e+03    -  6.92e-04 4.07e-04h  1
  53  5.8450530e+05 4.65e+02 1.24e+01  -6.0 1.31e+03    -  3.92e-04 1.60e-03h  1
  54  5.8444477e+05 4.65e+02 1.24e+01  -6.0 1.25e+03    -  2.91e-03 1.05e-03h  1
  55  5.8436272e+05 4.64e+02 1.24e+01  -6.0 1.24e+03    -  3.62e-03 1.43e-03h  1
  56  5.8434150e+05 4.64e+02 1.24e+01  -6.0 1.80e+03    -  7.03e-04 4.21e-04h  1
  57  5.8431618e+05 4.64e+02 1.24e+01  -6.0 2.02e+03    -  7.68e-05 5.33e-04h  1
  58  5.8416164e+05 4.62e+02 1.24e+01  -6.0 1.66e+03    -  1.06e-04 3.04e-03h  1
  59  5.8410711e+05 4.62e+02 1.23e+01  -6.0 1.35e+03    -  9.35e-04 1.07e-03h  1
iter    objective    inf_pr   inf_du lg(mu)  ||d||  lg(rg) alpha_du alpha_pr  ls
  60  5.8398841e+05 4.61e+02 1.23e+01  -6.0 1.26e+03    -  2.22e-03 2.31e-03h  1
  61  5.8398138e+05 4.61e+02 1.23e+01  -6.0 1.13e+03    -  6.07e-04 1.37e-04h  1
  62  5.8397110e+05 4.61e+02 1.23e+01  -6.0 1.11e+03    -  6.79e-04 2.02e-04h  1
  63  5.8395677e+05 4.61e+02 1.23e+01  -6.0 1.13e+03    -  4.00e-04 2.87e-04h  1
  64  5.8392905e+05 4.60e+02 1.23e+01  -6.0 9.45e+02    -  6.64e-04 8.18e-04h  1
  65  5.8390395e+05 4.60e+02 1.23e+01  -6.0 1.00e+03    -  4.86e-04 7.52e-04h  1
  66  5.8387866e+05 4.59e+02 1.23e+01  -6.0 8.44e+02    -  7.04e-04 7.47e-04h  1
  67  5.8384681e+05 4.59e+02 1.23e+01  -6.0 7.57e+02    -  4.13e-04 9.35e-04h  1
  68  5.8383172e+05 4.59e+02 1.23e+01  -6.0 6.95e+02    -  6.07e-04 4.44e-04h  1
  69  5.8382701e+05 4.59e+02 1.23e+01  -6.0 6.71e+02    -  9.57e-04 3.54e-04h  1
iter    objective    inf_pr   inf_du lg(mu)  ||d||  lg(rg) alpha_du alpha_pr  ls
  70  5.8381390e+05 4.58e+02 1.23e+01  -6.0 6.49e+02    -  8.06e-04 9.95e-04h  1
  71  5.8376212e+05 4.56e+02 1.22e+01  -6.0 6.20e+02    -  4.50e-04 3.91e-03h  1
  72  5.8374318e+05 4.56e+02 1.22e+01  -6.0 4.85e+02    -  9.65e-04 1.47e-03h  1
  73  5.8371316e+05 4.55e+02 1.22e+01  -6.0 3.68e+02    -  1.31e-03 2.37e-03h  1
  74  5.8371136e+05 4.55e+02 1.22e+01  -6.0 2.52e+02    -  2.54e-03 1.44e-04h  1
  75  5.8366983e+05 4.53e+02 1.21e+01  -6.0 2.46e+02    -  1.63e-03 3.33e-03h  1
  76  5.8360193e+05 4.51e+02 1.21e+01  -6.0 2.22e+02    -  9.52e-04 5.47e-03h  1
  77  5.8357876e+05 4.50e+02 1.21e+01  -6.0 2.24e+02    -  1.65e-03 1.89e-03h  1
  78  5.8356624e+05 4.49e+02 1.21e+01  -6.0 2.33e+02  -5.3 1.87e-03 1.04e-03h  1
  79  5.8355655e+05 4.49e+02 1.21e+01  -6.0 2.34e+02  -4.8 1.70e-03 8.32e-04h  1
iter    objective    inf_pr   inf_du lg(mu)  ||d||  lg(rg) alpha_du alpha_pr  ls
  80  5.8353666e+05 4.48e+02 1.20e+01  -6.0 2.32e+02  -5.3 2.29e-03 1.70e-03h  1
  81  5.8352003e+05 4.48e+02 1.20e+01  -6.0 2.50e+02    -  2.01e-03 1.41e-03h  1
  82  5.8351395e+05 4.47e+02 1.20e+01  -6.0 3.56e+02    -  5.52e-04 5.03e-04h  1
  83  5.8348732e+05 4.45e+02 1.20e+01  -6.0 2.23e+02    -  1.87e-03 2.26e-03h  1
  84  5.8341286e+05 4.38e+02 1.20e+01  -6.0 1.55e+02    -  5.37e-04 6.46e-03h  1
  85  5.8340231e+05 4.37e+02 1.19e+01  -6.0 1.56e+02    -  4.52e-03 9.29e-04h  1
  86  5.8338050e+05 4.35e+02 1.19e+01  -6.0 1.55e+02    -  2.00e-03 1.93e-03h  1
  87  5.8333534e+05 4.31e+02 1.19e+01  -6.0 1.84e+02    -  8.79e-04 4.02e-03h  1
  88  5.8333330e+05 4.31e+02 1.19e+01  -6.0 1.62e+02    -  5.28e-04 1.95e-04h  1
  89  5.8332702e+05 4.31e+02 1.19e+01  -6.0 1.60e+02    -  2.07e-03 5.96e-04h  1
iter    objective    inf_pr   inf_du lg(mu)  ||d||  lg(rg) alpha_du alpha_pr  ls
  90  5.8327991e+05 4.26e+02 1.19e+01  -6.0 1.40e+02    -  5.34e-05 4.38e-03h  1
  91  5.8324326e+05 4.23e+02 1.18e+01  -6.0 1.26e+02    -  9.43e-04 3.52e-03h  1
  92  5.8322982e+05 4.22e+02 1.18e+01  -6.0 1.26e+02    -  2.17e-03 1.29e-03h  1
  93  5.8318723e+05 4.18e+02 1.18e+01  -6.0 1.58e+02    -  1.26e-03 4.08e-03h  1
  94  5.8316113e+05 4.15e+02 1.18e+01  -6.0 1.50e+02    -  3.67e-03 2.53e-03h  1
  95  5.8316184e+05 4.14e+02 1.17e+01  -6.0 1.21e+02    -  2.96e-03 1.81e-03h  1
  96  5.8316259e+05 4.11e+02 1.17e+01  -6.0 1.20e+02    -  4.01e-03 3.01e-03h  1
  97  5.8316260e+05 4.10e+02 1.16e+01  -6.0 1.70e+02    -  4.12e-03 6.41e-04h  1
  98  5.8316261e+05 4.04e+02 1.16e+01  -6.0 1.67e+02    -  8.04e-04 5.88e-03h  1
  99  5.8316297e+05 4.00e+02 1.16e+01  -6.0 2.03e+02    -  4.57e-03 4.21e-03h  1
iter    objective    inf_pr   inf_du lg(mu)  ||d||  lg(rg) alpha_du alpha_pr  ls
 100  5.8316330e+05 3.96e+02 1.16e+01  -6.0 2.99e+02    -  7.39e-04 3.33e-03h  1
 101  5.8316401e+05 3.90e+02 1.15e+01  -6.0 4.71e+02    -  1.49e-03 6.57e-03h  1
 102  5.8316400e+05 3.89e+02 1.15e+01  -6.0 5.05e+02    -  2.36e-03 4.22e-04h  1
 103  5.8316407e+05 3.85e+02 1.15e+01  -6.0 4.66e+02    -  1.05e-03 4.17e-03h  1
 104  5.8316435e+05 3.81e+02 1.14e+01  -6.0 3.62e+02    -  4.03e-03 4.64e-03h  1
 105  5.8316449e+05 3.79e+02 1.14e+01  -6.0 2.80e+02    -  2.89e-03 1.95e-03h  1
 106  5.8316480e+05 3.75e+02 1.14e+01  -6.0 2.63e+02    -  1.21e-03 3.94e-03h  1
 107  5.8316532e+05 3.72e+02 1.13e+01  -6.0 2.86e+02    -  6.93e-03 3.38e-03h  1
 108  5.8316555e+05 3.71e+02 1.13e+01  -6.0 3.00e+02    -  4.32e-03 1.03e-03h  1
 109  5.8316663e+05 3.67e+02 1.13e+01  -6.0 3.08e+02    -  2.14e-03 4.79e-03h  1
iter    objective    inf_pr   inf_du lg(mu)  ||d||  lg(rg) alpha_du alpha_pr  ls
 110  5.8316740e+05 3.64e+02 1.12e+01  -6.0 3.18e+02    -  1.92e-03 2.62e-03h  1
 111  5.8317002e+05 3.57e+02 1.12e+01  -6.0 3.24e+02    -  2.72e-03 7.84e-03h  1
 112  5.8317017e+05 3.57e+02 1.12e+01  -6.0 3.47e+02    -  3.70e-03 2.69e-04h  1
 113  5.8317126e+05 3.56e+02 1.11e+01  -6.0 3.46e+02    -  1.70e-03 1.87e-03h  1
 114  5.8317517e+05 3.52e+02 1.11e+01  -6.0 2.75e+02    -  9.19e-04 4.58e-03h  1
 115  5.8317619e+05 3.51e+02 1.11e+01  -6.0 2.37e+02    -  4.35e-04 9.79e-04h  1
 116  5.8317729e+05 3.50e+02 1.11e+01  -6.0 2.57e+02    -  1.23e-03 1.01e-03h  1
 117  5.8318234e+05 3.47e+02 1.11e+01  -6.0 2.69e+02    -  1.20e-03 4.82e-03h  1
 118  5.8318346e+05 3.46e+02 1.11e+01  -6.0 8.48e+01  -4.0 4.95e-04 8.14e-04h  1
 119  5.8318407e+05 3.46e+02 1.11e+01  -6.0 7.97e+01  -3.6 1.01e-03 4.71e-04h  1
iter    objective    inf_pr   inf_du lg(mu)  ||d||  lg(rg) alpha_du alpha_pr  ls
 120  5.8318499e+05 3.45e+02 1.11e+01  -6.0 2.01e+02  -4.0 4.35e-04 9.60e-04h  1
 121  5.8318664e+05 3.44e+02 1.11e+01  -6.0 8.74e+01  -3.6 8.07e-04 1.51e-03h  1
 122  5.8318697e+05 3.43e+02 1.10e+01  -6.0 8.67e+01  -3.2 1.09e-03 2.51e-04h  1
 123  5.8318794e+05 3.43e+02 1.10e+01  -6.0 9.53e+01  -3.7 2.16e-03 9.19e-04h  1
 124  5.8318944e+05 3.42e+02 1.10e+01  -6.0 8.51e+01  -3.2 1.10e-04 1.15e-03h  1
 125  5.8319332e+05 3.39e+02 1.10e+01  -6.0 1.27e+02  -3.7 1.27e-03 3.31e-03h  1
 126  5.8319498e+05 3.38e+02 1.10e+01  -6.0 9.15e+01  -3.3 1.21e-03 1.21e-03h  1
 127  5.8319555e+05 3.38e+02 1.10e+01  -6.0 9.25e+01  -2.9 9.70e-04 3.68e-04h  1
 128  5.8320082e+05 3.34e+02 1.10e+01  -6.0 9.45e+01  -3.3 8.26e-04 4.22e-03h  1
 129  5.8320505e+05 3.32e+02 1.10e+01  -6.0 9.68e+01  -2.9 1.29e-03 2.80e-03h  1
iter    objective    inf_pr   inf_du lg(mu)  ||d||  lg(rg) alpha_du alpha_pr  ls
 130  5.8320559e+05 3.32e+02 1.10e+01  -6.0 8.55e+01  -2.5 9.76e-05 3.04e-04h  1
 131  5.8321181e+05 3.28e+02 1.09e+01  -6.0 9.10e+01  -3.0 5.77e-04 3.79e-03h  1
 132  5.8321275e+05 3.28e+02 1.09e+01  -6.0 7.85e+01  -2.5 4.84e-04 4.74e-04h  1
 133  5.8321599e+05 3.27e+02 1.09e+01  -6.0 6.23e+01  -2.1 8.47e-04 1.29e-03h  1
 134  5.8322589e+05 3.23e+02 1.09e+01  -6.0 6.40e+01  -2.6 1.55e-03 4.45e-03h  1
 135  5.8323322e+05 3.21e+02 1.09e+01  -6.0 6.06e+01  -2.2 4.41e-04 2.90e-03h  1
 136  5.8323670e+05 3.20e+02 1.09e+01  -6.0 6.31e+01  -2.6 1.79e-03 1.52e-03h  1
 137  5.8324198e+05 3.18e+02 1.09e+01  -6.0 5.94e+01  -2.2 5.45e-04 2.06e-03h  1
 138  5.8324395e+05 3.18e+02 1.08e+01  -6.0 6.31e+01  -2.7 1.86e-03 8.61e-04h  1
 139  5.8324987e+05 3.16e+02 1.08e+01  -6.0 5.89e+01  -2.3 1.58e-03 2.31e-03h  1
iter    objective    inf_pr   inf_du lg(mu)  ||d||  lg(rg) alpha_du alpha_pr  ls
 140  5.8325194e+05 3.15e+02 1.08e+01  -6.0 5.45e+01  -1.8 1.23e-03 7.08e-04h  1
 141  5.8325263e+05 3.15e+02 1.08e+01  -6.0 5.71e+01  -2.3 1.95e-03 2.72e-04h  1
 142  5.8325557e+05 3.14e+02 1.08e+01  -6.0 5.31e+01  -1.9 2.40e-04 1.02e-03h  1
 143  5.8325623e+05 3.14e+02 1.08e+01  -6.0 5.70e+01  -2.4 2.23e-04 2.60e-04h  1
 144  5.8325965e+05 3.13e+02 1.08e+01  -6.0 5.36e+01  -1.9 2.48e-05 1.16e-03h  1
 145  5.8326016e+05 3.13e+02 1.08e+01  -6.0 5.68e+01  -2.4 2.02e-03 1.96e-04h  1
 146  5.8326116e+05 3.13e+02 1.08e+01  -6.0 5.26e+01  -2.0 5.96e-04 3.41e-04h  1
 147  5.8326902e+05 3.11e+02 1.07e+01  -6.0 3.83e+01  -2.5 6.78e-04 2.48e-03h  1
 148  5.8327132e+05 3.10e+02 1.07e+01  -6.0 3.15e+01  -2.0 1.30e-03 6.48e-04h  1
 149  5.8328702e+05 3.06e+02 1.07e+01  -6.0 3.81e+01  -2.5 1.31e-03 4.80e-03h  1
iter    objective    inf_pr   inf_du lg(mu)  ||d||  lg(rg) alpha_du alpha_pr  ls
 150  5.8330115e+05 3.03e+02 1.07e+01  -6.0 3.14e+01  -2.1 1.44e-03 3.99e-03h  1
 151  5.8330905e+05 3.01e+02 1.07e+01  -6.0 3.58e+01  -2.6 2.58e-03 2.51e-03h  1
 152  5.8331339e+05 3.00e+02 1.07e+01  -6.0 3.16e+01  -2.1 1.52e-03 1.21e-03h  1
 153  5.8332390e+05 2.98e+02 1.06e+01  -6.0 4.10e+01  -2.6 2.08e-03 3.43e-03h  1
 154  5.8333248e+05 2.96e+02 1.06e+01  -6.0 3.14e+01  -2.2 3.81e-04 2.40e-03h  1
 155  5.8333733e+05 2.95e+02 1.06e+01  -6.0 4.89e+01  -2.7 2.98e-03 1.56e-03h  1
 156  5.8334769e+05 2.93e+02 1.06e+01  -6.0 3.11e+01  -2.2 1.31e-03 2.84e-03h  1
 157  5.8335096e+05 2.92e+02 1.06e+01  -6.0 3.15e+01  -1.8 1.11e-03 8.03e-04h  1
 158  5.8336292e+05 2.90e+02 1.05e+01  -6.0 3.07e+01  -2.3 3.32e-03 3.31e-03h  1
 159  5.8336979e+05 2.88e+02 1.05e+01  -6.0 2.91e+01  -1.9 4.44e-04 1.69e-03h  1
iter    objective    inf_pr   inf_du lg(mu)  ||d||  lg(rg) alpha_du alpha_pr  ls
 160  5.8337906e+05 2.86e+02 1.05e+01  -6.0 2.76e+01  -2.3 4.21e-04 2.58e-03h  1
 161  5.8338444e+05 2.85e+02 1.05e+01  -6.0 2.90e+01  -1.9 5.59e-04 1.31e-03h  1
 162  5.8338455e+05 2.85e+02 1.05e+01  -6.0 3.20e+01  -2.4 9.61e-04 2.95e-05h  1
 163  5.8338734e+05 2.85e+02 1.05e+01  -6.0 3.28e+01  -2.0 5.42e-04 6.83e-04h  1
 164  5.8340036e+05 2.82e+02 1.05e+01  -6.0 4.42e+01  -2.5 2.97e-03 3.69e-03h  1
 165  5.8341556e+05 2.79e+02 1.05e+01  -6.0 3.25e+01  -2.0 1.05e-03 3.76e-03h  1
 166  5.8341617e+05 2.79e+02 1.04e+01  -6.0 5.05e+02  -2.5 5.87e-04 1.53e-04h  1
 167  5.8342520e+05 2.77e+02 1.04e+01  -6.0 3.02e+01  -2.1 2.21e-04 2.25e-03h  1
 168  5.8342670e+05 2.77e+02 1.04e+01  -6.0 3.02e+01  -1.6 2.54e-03 3.33e-04h  1
 169  5.8343457e+05 2.76e+02 1.04e+01  -6.0 2.99e+01  -2.1 7.02e-04 1.99e-03h  1
iter    objective    inf_pr   inf_du lg(mu)  ||d||  lg(rg) alpha_du alpha_pr  ls
 170  5.8345623e+05 2.72e+02 1.04e+01  -6.0 3.06e+01  -1.7 5.58e-04 5.04e-03h  1
 171  5.8346743e+05 2.70e+02 1.04e+01  -6.0 3.00e+01  -2.2 1.82e-04 2.92e-03h  1
 172  5.8346842e+05 2.70e+02 1.04e+01  -6.0 3.01e+01  -1.8 2.10e-03 2.23e-04h  1
 173  5.8348044e+05 2.68e+02 1.04e+01  -6.0 3.00e+01  -2.2 1.74e-03 3.10e-03h  1
 174  5.8348379e+05 2.67e+02 1.03e+01  -6.0 3.02e+01  -1.8 1.84e-03 7.57e-04h  1
 175  5.8349137e+05 2.66e+02 1.03e+01  -6.0 3.02e+01  -2.3 1.38e-03 1.97e-03h  1
 176  5.8350406e+05 2.64e+02 1.03e+01  -6.0 3.05e+01  -1.9 9.58e-04 2.71e-03h  1
 177  5.8353121e+05 2.59e+02 1.03e+01  -6.0 3.16e+01  -2.3 1.36e-03 6.79e-03h  1
 178  5.8354422e+05 2.57e+02 1.03e+01  -6.0 3.15e+01  -1.9 2.62e-03 2.78e-03h  1
 179  5.8357373e+05 2.52e+02 1.02e+01  -6.0 3.48e+01  -2.4 4.47e-03 7.59e-03h  1
iter    objective    inf_pr   inf_du lg(mu)  ||d||  lg(rg) alpha_du alpha_pr  ls
 180  5.8357980e+05 2.51e+02 1.02e+01  -6.0 3.10e+01  -2.0 8.96e-04 1.30e-03h  1
 181  5.8358457e+05 2.50e+02 1.02e+01  -6.0 3.03e+01  -1.5 1.02e-03 9.15e-04h  1
 182  5.8360160e+05 2.48e+02 1.02e+01  -6.0 3.11e+01  -2.0 1.05e-03 3.58e-03h  1
 183  5.8360206e+05 2.48e+02 1.02e+01  -6.0 3.01e+01  -1.6 4.65e-04 8.78e-05h  1
 184  5.8360499e+05 2.47e+02 1.02e+01  -6.0 3.11e+01  -2.1 2.51e-03 5.96e-04h  1
 185  5.8360644e+05 2.47e+02 1.01e+01  -6.0 3.01e+01  -1.6 6.06e-04 2.66e-04h  1
 186  5.8362230e+05 2.45e+02 1.01e+01  -6.0 3.08e+01  -2.1 1.09e-03 3.24e-03h  1
 187  5.8362650e+05 2.44e+02 1.01e+01  -6.0 2.98e+01  -1.7 6.18e-04 7.50e-04h  1
 188  5.8365004e+05 2.42e+02 1.01e+01  -6.0 2.86e+01  -2.2 1.30e-03 4.03e-03h  1
 189  5.8366445e+05 2.40e+02 1.01e+01  -6.0 2.72e+01  -1.7 4.03e-04 2.14e-03h  1
iter    objective    inf_pr   inf_du lg(mu)  ||d||  lg(rg) alpha_du alpha_pr  ls
 190  5.8369826e+05 2.36e+02 1.01e+01  -6.0 2.90e+01  -2.2 2.33e-03 6.05e-03h  1
 191  5.8370748e+05 2.35e+02 1.01e+01  -6.0 2.66e+01  -1.8 2.07e-04 1.39e-03h  1
 192  5.8370807e+05 2.35e+02 1.01e+01  -6.0 3.69e+01  -2.3 2.07e-03 1.16e-04h  1
 193  5.8375520e+05 2.31e+02 1.00e+01  -6.0 2.66e+01  -1.8 3.93e-04 7.20e-03h  1
 194  5.8376290e+05 2.30e+02 1.00e+01  -6.0 2.56e+01  -1.4 2.20e-03 1.08e-03h  1
 195  5.8380231e+05 2.26e+02 1.00e+01  -6.0 2.61e+01  -1.9 2.80e-03 6.06e-03h  1
 196  5.8381014e+05 2.25e+02 9.99e+00  -6.0 1.94e+01  -1.5 5.47e-04 1.10e-03h  1
 197  5.8382194e+05 2.24e+02 9.98e+00  -6.0 2.00e+01  -1.9 1.52e-03 1.84e-03h  1
 198  5.8382649e+05 2.24e+02 9.97e+00  -6.0 1.98e+01  -1.5 5.25e-04 6.50e-04h  1
 199  5.8383709e+05 2.23e+02 9.91e+00  -6.0 2.07e+01  -2.0 6.65e-03 1.71e-03h  1
iter    objective    inf_pr   inf_du lg(mu)  ||d||  lg(rg) alpha_du alpha_pr  ls
 200  5.8384488e+05 2.22e+02 9.90e+00  -6.0 1.96e+01  -1.6 1.74e-04 1.13e-03h  1
 201  5.8385446e+05 2.21e+02 9.89e+00  -6.0 2.24e+01  -2.0 1.97e-03 1.59e-03h  1
 202  5.8386508e+05 2.20e+02 9.86e+00  -6.0 1.96e+01  -1.6 2.64e-03 1.56e-03h  1
 203  5.8387314e+05 2.19e+02 9.84e+00  -6.0 3.30e+01  -2.1 2.51e-03 1.39e-03h  1
 204  5.8387995e+05 2.18e+02 9.83e+00  -6.0 1.95e+01  -1.7 8.29e-04 1.01e-03h  1
 205  5.8390521e+05 2.16e+02 9.81e+00  -6.0 1.92e+01  -1.2 7.18e-04 3.47e-03h  1
 206  5.8392123e+05 2.15e+02 9.81e+00  -6.0 2.00e+01  -1.7 6.28e-04 2.38e-03h  1
 207  5.8393632e+05 2.14e+02 9.79e+00  -6.0 1.88e+01  -1.3 1.33e-03 2.08e-03h  1
 208  5.8394101e+05 2.13e+02 9.79e+00  -6.0 2.35e+01  -1.8 2.52e-04 6.84e-04h  1
 209  5.8399810e+05 2.08e+02 9.76e+00  -6.0 1.80e+01  -1.3 1.96e-03 7.89e-03h  1
iter    objective    inf_pr   inf_du lg(mu)  ||d||  lg(rg) alpha_du alpha_pr  ls
 210  5.8403437e+05 2.05e+02 9.76e+00  -6.0 3.67e+01  -1.8 5.62e-04 5.14e-03h  1
 211  5.8408056e+05 2.01e+02 9.74e+00  -6.0 1.78e+01  -1.4 1.59e-03 6.39e-03h  1
 212  5.8409445e+05 2.00e+02 9.73e+00  -6.0 1.79e+01  -1.0 7.31e-04 1.83e-03h  1
 213  5.8412443e+05 1.98e+02 9.71e+00  -6.0 2.58e+01  -1.4 1.10e-03 3.95e-03h  1
 214  5.8413482e+05 1.97e+02 9.71e+00  -6.0 1.81e+01  -1.0 4.47e-04 1.36e-03h  1
 215  5.8415306e+05 1.96e+02 9.70e+00  -6.0 1.01e+02  -1.5 8.79e-04 1.66e-03h  1
 216  5.8419568e+05 1.93e+02 1.12e+01  -6.0 2.61e+01  -1.1 1.06e-03 5.29e-03h  1
 217  5.8421504e+05 1.92e+02 1.26e+01  -6.0 1.91e+01  -0.6 1.22e-03 2.38e-03h  1
 218  5.8422137e+05 1.92e+02 1.22e+01  -6.0 2.68e+01  -1.1 1.85e-03 7.85e-04h  1
 219  5.8424107e+05 1.90e+02 1.40e+01  -6.0 1.84e+01  -0.7 6.45e-04 2.43e-03h  1
iter    objective    inf_pr   inf_du lg(mu)  ||d||  lg(rg) alpha_du alpha_pr  ls
 220  5.8428415e+05 1.87e+02 1.47e+01  -6.0 2.50e+01  -1.2 3.15e-03 5.38e-03h  1
 221  5.8428804e+05 1.87e+02 1.47e+01  -6.0 1.49e+03  -1.7 4.20e-05 4.22e-05h  3
 222  5.8429943e+05 1.86e+02 1.48e+01  -6.0 1.92e+01  -1.2 1.16e-03 1.47e-03h  1
 223  5.8431364e+05 1.85e+02 1.42e+01  -6.0 1.62e+01  -0.8 2.44e-03 1.74e-03h  1
 224  5.8433239e+05 1.84e+02 1.43e+01  -6.0 1.90e+01  -1.3 1.98e-03 2.43e-03h  1
 225  5.8434125e+05 1.84e+02 1.46e+01  -6.0 1.67e+01  -0.8 6.63e-04 1.10e-03h  1
 226  5.8434295e+05 1.83e+02 1.39e+01  -6.0 1.87e+01  -1.3 2.96e-03 2.26e-04h  1
 227  5.8436224e+05 1.82e+02 1.52e+01  -6.0 1.69e+01  -0.9 2.33e-04 2.39e-03h  1
 228  5.8436865e+05 1.82e+02 1.53e+01  -6.0 1.78e+01  -1.4 3.08e-04 8.46e-04h  1
 229  5.8437548e+05 1.81e+02 1.54e+01  -6.0 1.67e+01  -1.0 6.37e-04 8.29e-04h  1
iter    objective    inf_pr   inf_du lg(mu)  ||d||  lg(rg) alpha_du alpha_pr  ls
 230  5.8440183e+05 1.79e+02 1.57e+01  -6.0 2.24e+01  -1.4 1.55e-03 3.27e-03h  1
 231  5.8440632e+05 1.79e+02 1.55e+01  -6.0 1.59e+01  -1.0 8.66e-04 5.43e-04h  1
 232  5.8441037e+05 1.79e+02 1.53e+01  -6.0 3.11e+01  -1.5 1.77e-03 5.06e-04h  1
 233  5.8441725e+05 1.78e+02 1.51e+01  -6.0 1.65e+01  -1.1 1.46e-03 8.27e-04h  1
 234  5.8444430e+05 1.77e+02 1.52e+01  -6.0 4.04e+01  -1.5 2.20e-03 3.42e-03h  1
 235  5.8445447e+05 1.76e+02 1.56e+01  -6.0 1.94e+01  -1.1 8.65e-07 1.26e-03h  1
 236  5.8446109e+05 1.76e+02 1.42e+01  -6.0 1.60e+01  -0.7 2.12e-03 7.63e-04h  1
 237  5.8451072e+05 1.72e+02 1.54e+01  -6.0 1.82e+01  -1.2 2.59e-03 6.19e-03h  1
 238  5.8451980e+05 1.72e+02 1.40e+01  -6.0 3.01e+01  -1.6 1.27e-02 1.34e-03h  1
 239  5.8452290e+05 1.71e+02 1.40e+01  -6.0 1.62e+01  -1.2 5.09e-04 3.95e-04h  1
iter    objective    inf_pr   inf_du lg(mu)  ||d||  lg(rg) alpha_du alpha_pr  ls
 240  5.8452592e+05 1.71e+02 1.41e+01  -6.0 1.60e+01  -0.8 2.17e-04 3.45e-04h  1
 241  5.8453285e+05 1.71e+02 1.42e+01  -6.0 1.62e+01  -1.3 4.36e-04 8.76e-04h  1
 242  5.8453830e+05 1.71e+02 1.42e+01  -6.0 1.60e+01  -0.8 6.50e-04 6.32e-04h  1
 243  5.8455450e+05 1.69e+02 1.44e+01  -6.0 1.62e+01  -1.3 1.25e-03 2.06e-03h  1
 244  5.8455864e+05 1.69e+02 1.45e+01  -6.0 1.62e+01  -0.9 2.85e-04 4.83e-04h  1
 245  5.8455906e+05 1.69e+02 1.42e+01  -6.0 1.71e+01  -1.4 1.08e-03 5.28e-05h  1
 246  5.8458903e+05 1.67e+02 1.61e+01  -6.0 1.62e+01  -0.9 2.91e-04 3.49e-03h  1
 247  5.8460977e+05 1.66e+02 1.63e+01  -6.0 1.86e+01  -1.4 1.60e-03 2.68e-03h  1
 248  5.8461733e+05 1.66e+02 1.55e+01  -6.0 1.61e+01  -1.0 2.46e-03 8.94e-04h  1
 249  5.8462855e+05 1.65e+02 1.55e+01  -6.0 2.20e+01  -1.5 8.90e-04 1.48e-03h  1
iter    objective    inf_pr   inf_du lg(mu)  ||d||  lg(rg) alpha_du alpha_pr  ls
 250  5.8470166e+05 1.61e+02 1.88e+01  -6.0 1.61e+01  -1.0 1.66e-03 8.68e-03h  1
 251  5.8471368e+05 1.60e+02 1.87e+01  -6.0 2.77e+01  -1.5 1.49e-03 1.45e-03h  1
 252  5.8471887e+05 1.60e+02 1.89e+01  -6.0 1.59e+01  -1.1 2.11e-04 5.92e-04h  1
 253  5.8472231e+05 1.59e+02 1.88e+01  -6.0 4.60e+01  -1.6 1.27e-03 4.83e-04h  1
 254  5.8473811e+05 1.58e+02 1.90e+01  -6.0 1.59e+01  -1.1 1.11e-03 1.87e-03h  1
 255  5.8474731e+05 1.58e+02 1.88e+01  -6.0 1.59e+01  -0.7 1.17e-03 9.88e-04h  1
 256  5.8476121e+05 1.57e+02 1.90e+01  -6.0 1.58e+01  -1.2 8.59e-04 1.63e-03h  1
 257  5.8476562e+05 1.57e+02 1.79e+01  -6.0 1.68e+01  -0.8 1.84e-03 4.74e-04h  1
 258  5.8479051e+05 1.55e+02 1.85e+01  -6.0 1.69e+01  -1.2 3.92e-04 2.97e-03h  1
 259  5.8480394e+05 1.55e+02 1.86e+01  -6.0 1.94e+01  -0.8 1.27e-03 1.46e-03h  1
iter    objective    inf_pr   inf_du lg(mu)  ||d||  lg(rg) alpha_du alpha_pr  ls
 260  5.8483443e+05 1.53e+02 1.83e+01  -6.0 1.70e+01  -1.3 4.90e-03 3.48e-03h  1
 261  5.8484609e+05 1.53e+02 1.88e+01  -6.0 1.69e+01  -0.9 3.08e-04 1.22e-03h  1
 262  5.8485133e+05 1.52e+02 1.84e+01  -6.0 3.68e+01  -1.3 2.72e-03 6.53e-04h  1
 263  5.8487376e+05 1.51e+02 1.91e+01  -6.0 1.69e+01  -0.9 1.14e-03 2.46e-03h  1
 264  5.8488844e+05 1.50e+02 1.90e+01  -6.0 8.10e+01  -1.4 2.44e-03 2.14e-03h  1
 265  5.8489901e+05 1.49e+02 1.86e+01  -6.0 1.75e+01  -1.0 1.91e-03 1.19e-03h  1
 266  5.8494280e+05 1.48e+02 2.39e+01  -6.0 1.68e+01  -0.5 1.68e-04 4.22e-03h  1
 267  5.8496087e+05 1.47e+02 2.30e+01  -6.0 2.24e+01  -1.0 4.01e-03 2.03e-03h  1
 268  5.8500068e+05 1.45e+02 2.62e+01  -6.0 1.67e+01  -0.6 1.03e-03 3.94e-03h  1
 269  5.8501975e+05 1.44e+02 2.56e+01  -6.0 3.64e+01  -1.1 3.83e-03 2.33e-03h  1
iter    objective    inf_pr   inf_du lg(mu)  ||d||  lg(rg) alpha_du alpha_pr  ls
 270  5.8502952e+05 1.43e+02 2.53e+01  -6.0 1.67e+01  -0.6 1.30e-03 1.00e-03h  1
 271  5.8503036e+05 1.43e+02 2.51e+01  -6.0 3.99e+01  -1.1 6.87e-04 1.07e-04h  1
 272  5.8503370e+05 1.43e+02 2.51e+01  -6.0 1.80e+01  -0.7 3.10e-04 3.45e-04h  1
 273  5.8505183e+05 1.42e+02 2.58e+01  -6.0 7.03e+01  -1.2 1.13e-04 2.54e-03h  1
 274  5.8506176e+05 1.42e+02 2.61e+01  -6.0 1.80e+01  -0.7 6.64e-04 1.07e-03h  1
 275  5.8506501e+05 1.41e+02 2.47e+01  -6.0 1.80e+01  -0.3 9.88e-04 3.01e-04h  1
 276  5.8510887e+05 1.39e+02 2.69e+01  -6.0 1.87e+01  -0.8 1.36e-03 4.68e-03h  1
 277  5.8513813e+05 1.38e+02 2.98e+01  -6.0 1.80e+01  -0.4 1.04e-03 2.71e-03h  1
 278  5.8515543e+05 1.37e+02 2.82e+01  -6.0 3.34e+01  -0.9 4.26e-03 1.62e-03h  1
 279  5.8520960e+05 1.36e+02 3.40e+01  -6.0 2.20e+01  -0.4 1.65e-03 4.38e-03h  1
iter    objective    inf_pr   inf_du lg(mu)  ||d||  lg(rg) alpha_du alpha_pr  ls
 280  5.8522296e+05 1.35e+02 3.38e+01  -6.0 9.21e+01  -0.9 2.01e-03 1.83e-03h  1
 281  5.8523691e+05 1.34e+02 3.50e+01  -6.0 2.16e+01  -0.5 6.55e-04 1.16e-03h  1
 282  5.8524065e+05 1.34e+02 3.28e+01  -6.0 2.16e+01  -0.0 6.11e-04 2.65e-04h  1
 283  5.8526252e+05 1.33e+02 3.51e+01  -6.0 2.16e+01  -0.5 6.84e-04 1.85e-03h  1
 284  5.8526653e+05 1.33e+02 3.26e+01  -6.0 2.15e+01  -0.1 7.32e-04 2.87e-04h  1
 285  5.8528295e+05 1.33e+02 3.10e+01  -6.0 2.15e+01  -0.6 2.30e-03 1.42e-03h  1
 286  5.8532372e+05 1.31e+02 4.07e+01  -6.0 2.14e+01  -0.2 1.01e-03 2.97e-03h  1
 287  5.8535777e+05 1.30e+02 4.19e+01  -6.0 2.13e+01  -0.6 2.15e-03 3.00e-03h  1
 288  5.8541955e+05 1.28e+02 6.05e+01  -6.0 2.11e+01  -0.2 2.83e-04 4.57e-03h  1
 289  5.8546379e+05 1.27e+02 6.41e+01  -6.0 2.09e+01  -0.7 1.14e-03 3.92e-03h  1
iter    objective    inf_pr   inf_du lg(mu)  ||d||  lg(rg) alpha_du alpha_pr  ls
 290  5.8547150e+05 1.26e+02 6.22e+01  -6.0 2.07e+01  -0.3 1.08e-03 5.82e-04h  1
 291  5.8550304e+05 1.25e+02 5.81e+01  -6.0 2.06e+01  -0.7 6.01e-03 2.82e-03h  1
 292  5.8551095e+05 1.25e+02 5.79e+01  -6.0 2.05e+01  -0.3 6.77e-04 6.07e-04h  1
 293  5.8551375e+05 1.25e+02 5.42e+01  -6.0 2.05e+01  -0.8 3.61e-03 2.53e-04h  1
 294  5.8553979e+05 1.24e+02 5.96e+01  -6.0 2.04e+01  -0.4 2.26e-04 2.03e-03h  1
 295  5.8555253e+05 1.24e+02 5.86e+01  -6.0 2.03e+01  -0.8 2.12e-03 1.16e-03h  1
 296  5.8560604e+05 1.22e+02 6.80e+01  -6.0 2.03e+01  -0.4 6.39e-04 4.22e-03h  1
 297  5.8562079e+05 1.21e+02 6.79e+01  -6.0 2.01e+01  -0.9 1.36e-03 1.37e-03h  1
 298  5.8562801e+05 1.21e+02 6.81e+01  -6.0 2.00e+01  -0.5 4.71e-04 5.88e-04h  1
 299  5.8563225e+05 1.21e+02 6.75e+01  -6.0 2.00e+01  -0.9 1.19e-03 3.95e-04h  1
iter    objective    inf_pr   inf_du lg(mu)  ||d||  lg(rg) alpha_du alpha_pr  ls
 300  5.8564046e+05 1.21e+02 6.76e+01  -6.0 2.00e+01  -0.5 6.10e-04 6.84e-04h  1

Number of Iterations....: 300

                                   (scaled)                 (unscaled)
Objective...............:   2.1467758924482373e+03    5.8564046345987904e+05
Dual infeasibility......:   6.7635436712012719e+01    1.8450947135037070e+04
Constraint violation....:   1.1005789080986206e+01    1.2072422150767810e+02
Variable bound violation:   9.8740656762075218e-09    9.8740656762075218e-09
Complementarity.........:   7.5319652592237100e-04    2.0547201227162279e-01
Overall NLP error.......:   6.7635436712012719e+01    1.8450947135037070e+04


Number of objective function evaluations             = 304
Number of objective gradient evaluations             = 301
Number of equality constraint evaluations            = 304
Number of inequality constraint evaluations          = 305
Number of equality constraint Jacobian evaluations   = 301
Number of inequality constraint Jacobian evaluations = 301
Number of Lagrangian Hessian evaluations             = 300
Total seconds in IPOPT                               = 27.828

EXIT: Maximum Number of Iterations Exceeded.

