Solver command line: ['/opt/homebrew/bin/ipopt', '/var/folders/6y/bvynbx6n3zv7z3lwg6vd724r0000gn/T/tmpfyd9hqz4.pyomo.nl', '-AMPL', 'tol=1e-06', 'max_iter=300', 'print_level=5', 'warm_start_init_point=yes', 'warm_start_bound_push=1e-06', 'warm_start_bound_frac=1e-06', 'warm_start_mult_bound_push=1e-06', 'mu_init=1e-06', 'least_square_init_duals=no']

Ipopt 3.14.19: tol=1e-06
max_iter=300
print_level=5
warm_start_init_point=yes
warm_start_bound_push=1e-06
warm_start_bound_frac=1e-06
warm_start_mult_bound_push=1e-06
mu_init=1e-06
least_square_init_duals=no


******************************************************************************
This program contains Ipopt, a library for large-scale nonlinear optimization.
 Ipopt is released as open source code under the Eclipse Public License (EPL).
         For more information visit https://github.com/coin-or/Ipopt
******************************************************************************

This is Ipopt version 3.14.19, running with linear solver MUMPS 5.6.2.

Number of nonzeros in equality constraint Jacobian...:    43679
Number of nonzeros in inequality constraint Jacobian.:    33080
Number of nonzeros in Lagrangian Hessian.............:    24644

Total number of variables............................:     6698
                     variables with only lower bounds:        0
                variables with lower and upper bounds:     6698
                     variables with only upper bounds:        0
Total number of equality constraints.................:     6045
Total number of inequality constraints...............:     8270
        inequality constraints with only lower bounds:        0
   inequality constraints with lower and upper bounds:        0
        inequality constraints with only upper bounds:     8270

iter    objective    inf_pr   inf_du lg(mu)  ||d||  lg(rg) alpha_du alpha_pr  ls
   0  6.0138414e+05 4.86e+02 6.86e+03  -6.0 0.00e+00    -  0.00e+00 0.00e+00   0
   1  6.0138304e+05 4.86e+02 6.86e+03  -6.0 6.48e+01    -  1.07e-04 3.06e-05h  1
   2  6.0137707e+05 4.86e+02 6.86e+03  -6.0 6.35e+01    -  3.70e-06 1.66e-04h  1
   3  6.0136866e+05 4.86e+02 6.85e+03  -6.0 6.14e+01    -  2.39e-05 2.30e-04h  1
   4  6.0135437e+05 4.85e+02 6.85e+03  -6.0 5.29e+01    -  6.78e-05 5.18e-04h  1
   5  6.0135152e+05 4.85e+02 6.85e+03  -6.0 5.86e+01    -  3.44e-05 9.50e-05f  1
   6  6.0133762e+05 4.85e+02 6.85e+03  -6.0 9.73e+01    -  4.17e-05 2.97e-04h  1
   7  6.0130198e+05 4.84e+02 6.84e+03  -6.0 9.92e+01    -  6.50e-05 7.23e-04f  1
   8  6.0128075e+05 4.84e+02 6.84e+03  -6.0 7.49e+01    -  5.27e-05 4.66e-04h  1
   9  6.0127809e+05 4.84e+02 6.84e+03  -6.0 2.32e+02    -  1.58e-04 3.24e-05h  1
iter    objective    inf_pr   inf_du lg(mu)  ||d||  lg(rg) alpha_du alpha_pr  ls
  10  6.0127408e+05 4.83e+02 6.84e+03  -6.0 2.31e+01  -2.0 1.54e-04 1.66e-04h  1
  11  6.0127030e+05 4.83e+02 6.84e+03  -6.0 1.04e+02  -2.5 4.28e-05 5.48e-05h  1
  12  6.0125722e+05 4.83e+02 6.84e+03  -6.0 2.57e+01  -2.1 4.96e-04 3.76e-04f  1
  13  6.0120426e+05 4.82e+02 6.83e+03  -6.0 1.69e+02  -2.5 1.47e-05 6.05e-04f  1
  14  6.0118254e+05 4.82e+02 6.83e+03  -6.0 3.50e+01  -2.1 4.88e-04 5.42e-04f  1
  15  6.0112954e+05 4.81e+02 6.83e+03  -6.0 5.66e+02  -2.6 1.17e-04 2.62e-04h  1
  16  6.0110815e+05 4.81e+02 6.82e+03  -6.0 4.55e+01  -2.2 9.76e-04 4.71e-04f  1
  17  6.0101214e+05 4.77e+02 6.80e+03  -6.0 2.22e+01  -1.7 4.79e-04 4.01e-03h  1
  18  6.0096154e+05 4.75e+02 6.79e+03  -6.0 5.80e+01  -2.2 9.09e-04 9.88e-04h  1
  19  6.0092036e+05 4.74e+02 6.78e+03  -6.0 2.21e+01  -1.8 1.05e-03 1.60e-03h  1
iter    objective    inf_pr   inf_du lg(mu)  ||d||  lg(rg) alpha_du alpha_pr  ls
  20  6.0054181e+05 4.67e+02 6.74e+03  -6.0 8.16e+01  -2.3 5.57e-05 6.02e-03f  1
  21  6.0050865e+05 4.66e+02 6.73e+03  -6.0 2.21e+01  -1.8 3.22e-03 1.17e-03h  1
  22  6.0031760e+05 4.62e+02 6.71e+03  -6.0 9.15e+01  -2.3 2.26e-03 3.07e-03h  1
  23  6.0030525e+05 4.62e+02 6.71e+03  -6.0 1.66e+03  -2.8 5.56e-06 4.05e-05h  1
  24  6.0030512e+05 4.62e+02 6.71e+03  -6.0 5.72e+01  -2.4 3.42e-04 2.48e-06h  1
  25  6.0022799e+05 4.62e+02 6.71e+03  -6.0 1.31e+03  -2.8 2.91e-06 2.89e-04f  1
  26  6.0017040e+05 4.61e+02 6.70e+03  -6.0 4.60e+01  -2.4 3.15e-04 1.17e-03h  1
  27  6.0008834e+05 4.60e+02 6.69e+03  -6.0 1.42e+02  -2.9 2.72e-03 1.15e-03h  1
  28  6.0004134e+05 4.59e+02 6.69e+03  -6.0 2.59e+02  -3.4 1.61e-04 6.34e-04h  1
  29  6.0000203e+05 4.58e+02 6.68e+03  -6.0 8.14e+02    -  8.85e-04 3.97e-04h  1
iter    objective    inf_pr   inf_du lg(mu)  ||d||  lg(rg) alpha_du alpha_pr  ls
  30  5.9991627e+05 4.56e+02 6.67e+03  -6.0 1.03e+02    -  1.09e-03 2.04e-03h  1
  31  5.9986145e+05 4.54e+02 6.66e+03  -6.0 5.78e+01    -  1.24e-03 1.59e-03f  1
  32  5.9980244e+05 4.53e+02 6.65e+03  -6.0 5.44e+01    -  2.78e-03 1.45e-03h  1
  33  5.9975711e+05 4.51e+02 6.64e+03  -6.0 6.14e+01    -  1.82e-03 1.57e-03h  1
  34  5.9973345e+05 4.50e+02 6.63e+03  -6.0 5.02e+01    -  1.25e-03 1.40e-03h  1
  35  5.9970356e+05 4.48e+02 6.62e+03  -6.0 4.69e+01    -  3.96e-04 1.29e-03h  1
  36  5.9968504e+05 4.47e+02 6.62e+03  -6.0 4.55e+01    -  1.04e-03 7.28e-04h  1
  37  5.9960217e+05 4.44e+02 6.59e+03  -6.0 4.42e+01    -  7.65e-04 3.31e-03h  1
  38  5.9954619e+05 4.41e+02 6.58e+03  -6.0 4.96e+01    -  5.07e-03 2.35e-03h  1
  39  5.9949448e+05 4.39e+02 6.56e+03  -6.0 5.02e+01    -  2.87e-03 2.30e-03h  1
iter    objective    inf_pr   inf_du lg(mu)  ||d||  lg(rg) alpha_du alpha_pr  ls
  40  5.9935412e+05 4.31e+02 6.52e+03  -6.0 4.87e+01    -  6.83e-03 7.28e-03h  1
  41  5.9925751e+05 4.26e+02 6.48e+03  -6.0 3.32e+01    -  1.78e-03 5.08e-03h  1
  42  5.9920387e+05 4.23e+02 6.46e+03  -6.0 3.80e+01    -  5.83e-03 3.02e-03h  1
  43  5.9910420e+05 4.17e+02 6.43e+03  -6.0 3.29e+01    -  5.70e-03 5.71e-03h  1
  44  5.9901583e+05 4.11e+02 6.39e+03  -6.0 3.32e+01    -  4.75e-03 5.28e-03h  1
  45  5.9894429e+05 4.06e+02 6.36e+03  -6.0 3.07e+01    -  3.20e-03 5.30e-03h  1
  46  5.9891917e+05 4.04e+02 6.35e+03  -6.0 2.85e+01    -  7.81e-04 2.16e-03h  1
  47  5.9881547e+05 3.96e+02 6.29e+03  -6.0 2.73e+01    -  9.30e-03 8.13e-03h  1
  48  5.9879340e+05 3.94e+02 6.28e+03  -6.0 2.37e+01    -  8.29e-03 1.91e-03h  1
  49  5.9866595e+05 3.82e+02 6.21e+03  -6.0 2.37e+01    -  3.56e-03 1.20e-02h  1
iter    objective    inf_pr   inf_du lg(mu)  ||d||  lg(rg) alpha_du alpha_pr  ls
  50  5.9850150e+05 3.66e+02 6.10e+03  -6.0 2.53e+01    -  6.18e-03 1.71e-02h  1
  51  5.9844778e+05 3.61e+02 6.07e+03  -6.0 2.76e+01    -  3.39e-04 5.53e-03h  1
  52  5.9841597e+05 3.58e+02 6.05e+03  -6.0 4.24e+01    -  1.39e-03 2.69e-03h  1
  53  5.9831461e+05 3.51e+02 6.00e+03  -6.0 4.22e+01    -  3.04e-03 8.63e-03h  1
  54  5.9828851e+05 3.49e+02 5.99e+03  -6.0 4.09e+01    -  3.90e-03 2.32e-03h  1
  55  5.9822090e+05 3.43e+02 5.95e+03  -6.0 3.99e+01    -  1.75e-02 6.12e-03h  1
  56  5.9814726e+05 3.37e+02 5.91e+03  -6.0 3.71e+01    -  6.44e-03 6.88e-03h  1
  57  5.9793533e+05 3.20e+02 5.79e+03  -6.0 3.52e+01    -  1.10e-02 2.00e-02h  1
  58  5.9782628e+05 3.12e+02 5.73e+03  -6.0 3.52e+01    -  4.12e-02 1.06e-02h  1
  59  5.9771206e+05 3.02e+02 5.66e+03  -6.0 3.66e+01    -  1.75e-02 1.18e-02h  1
iter    objective    inf_pr   inf_du lg(mu)  ||d||  lg(rg) alpha_du alpha_pr  ls
  60  5.9757296e+05 2.91e+02 5.58e+03  -6.0 3.82e+01    -  1.76e-02 1.47e-02h  1
  61  5.9752103e+05 2.87e+02 5.55e+03  -6.0 4.02e+01    -  1.11e-02 5.56e-03h  1
  62  5.9746152e+05 2.82e+02 5.52e+03  -6.0 4.09e+01    -  4.21e-03 6.32e-03h  1
  63  5.9740985e+05 2.77e+02 5.48e+03  -6.0 1.59e+01  -2.9 2.87e-03 6.47e-03h  1
  64  5.9708570e+05 2.50e+02 5.28e+03  -6.0 1.98e+01  -3.4 2.28e-03 3.73e-02h  1
  65  5.9697336e+05 2.40e+02 5.21e+03  -6.0 1.82e+01  -3.0 8.12e-03 1.42e-02h  1
  66  5.9685529e+05 2.31e+02 5.13e+03  -6.0 2.02e+01  -3.5 9.99e-03 1.39e-02h  1
  67  5.9667097e+05 2.16e+02 5.01e+03  -6.0 1.94e+01  -3.0 1.33e-02 2.38e-02h  1
  68  5.9660231e+05 2.11e+02 4.97e+03  -6.0 2.07e+01  -3.5 7.92e-03 8.51e-03h  1
  69  5.9650822e+05 2.04e+02 4.91e+03  -6.0 2.07e+01  -3.1 1.00e-02 1.28e-02h  1
iter    objective    inf_pr   inf_du lg(mu)  ||d||  lg(rg) alpha_du alpha_pr  ls
  70  5.9640884e+05 1.96e+02 4.85e+03  -6.0 2.15e+01  -3.6 2.78e-02 1.27e-02h  1
  71  5.9615417e+05 1.79e+02 4.69e+03  -6.0 3.06e+01  -4.0 7.69e-03 3.15e-02h  1
  72  5.9600085e+05 1.69e+02 4.60e+03  -6.0 4.13e+01    -  1.37e-02 1.97e-02h  1
  73  5.9571603e+05 1.51e+02 4.43e+03  -6.0 4.31e+01    -  2.32e-02 3.83e-02h  1
  74  5.9544707e+05 1.34e+02 4.25e+03  -6.0 4.65e+01    -  1.10e-02 4.02e-02h  1
  75  5.9526740e+05 1.22e+02 4.12e+03  -6.0 4.97e+01    -  6.70e-02 3.10e-02h  1
  76  5.9488752e+05 9.61e+01 3.82e+03  -6.0 5.21e+01    -  4.03e-02 7.28e-02h  1
  77  5.9473772e+05 8.44e+01 3.68e+03  -6.0 5.68e+01    -  5.55e-02 3.87e-02h  1
  78  5.9455571e+05 6.89e+01 3.47e+03  -6.0 5.88e+01    -  9.72e-02 5.66e-02h  1
  79  5.9446729e+05 5.92e+01 3.33e+03  -6.0 6.08e+01    -  1.65e-02 3.99e-02h  1
iter    objective    inf_pr   inf_du lg(mu)  ||d||  lg(rg) alpha_du alpha_pr  ls
  80  5.9443801e+05 5.52e+01 3.27e+03  -6.0 6.17e+01    -  4.74e-02 1.80e-02h  1
  81  5.9432793e+05 3.96e+01 3.02e+03  -6.0 6.24e+01    -  4.18e-03 7.66e-02h  1
  82  5.9430660e+05 3.17e+01 2.88e+03  -6.0 6.33e+01    -  3.27e-02 4.58e-02h  1
  83  5.9430632e+05 1.52e+01 2.56e+03  -6.0 6.58e+01    -  1.87e-02 1.13e-01h  1
  84  5.9433507e+05 1.18e+01 2.48e+03  -6.0 6.94e+01    -  1.16e-02 2.99e-02h  1
  85  5.9436642e+05 8.43e+00 2.40e+03  -6.0 7.04e+01    -  4.44e-02 3.17e-02h  1
  86  5.9441237e+05 7.46e+00 2.31e+03  -6.0 7.16e+01    -  4.29e-02 3.91e-02h  1
  87  5.9442352e+05 7.40e+00 2.29e+03  -6.0 7.25e+01    -  4.10e-02 7.81e-03h  1
  88  5.9446078e+05 7.23e+00 2.23e+03  -6.0 7.37e+01    -  4.16e-02 2.34e-02h  1
  89  5.9454556e+05 6.88e+00 2.12e+03  -6.0 7.43e+01    -  2.19e-02 4.86e-02h  1
iter    objective    inf_pr   inf_du lg(mu)  ||d||  lg(rg) alpha_du alpha_pr  ls
  90  5.9458933e+05 6.72e+00 2.08e+03  -6.0 7.35e+01    -  9.97e-03 2.31e-02h  1
  91  5.9465368e+05 6.51e+00 2.01e+03  -6.0 7.30e+01    -  2.91e-02 3.20e-02h  1
  92  5.9473695e+05 6.26e+00 1.93e+03  -6.0 7.27e+01    -  9.65e-02 3.88e-02h  1
  93  5.9476734e+05 6.18e+00 1.91e+03  -6.0 7.26e+01    -  5.09e-02 1.28e-02h  1
  94  5.9493894e+05 5.80e+00 1.79e+03  -6.0 7.17e+01    -  2.60e-02 6.16e-02h  1
  95  5.9497928e+05 5.72e+00 1.76e+03  -6.0 6.95e+01    -  7.82e-03 1.37e-02h  1
  96  5.9499208e+05 5.69e+00 1.76e+03  -6.0 6.86e+01    -  1.66e-03 4.36e-03h  1
  97  5.9502754e+05 5.62e+00 1.73e+03  -6.0 6.82e+01    -  6.17e-03 1.19e-02h  1
  98  5.9504954e+05 5.58e+00 1.72e+03  -6.0 4.31e+01    -  2.27e-02 7.29e-03h  1
  99  5.9512476e+05 5.45e+00 1.68e+03  -6.0 4.41e+01    -  2.15e-02 2.47e-02h  1
iter    objective    inf_pr   inf_du lg(mu)  ||d||  lg(rg) alpha_du alpha_pr  ls
 100  5.9517878e+05 5.35e+00 1.65e+03  -6.0 4.31e+01    -  1.08e-02 1.75e-02h  1
 101  5.9546520e+05 4.86e+00 1.50e+03  -6.0 4.26e+01    -  3.01e-02 9.20e-02h  1
 102  5.9562156e+05 4.62e+00 1.42e+03  -6.0 4.00e+01    -  3.81e-02 4.89e-02h  1
 103  5.9572534e+05 4.48e+00 1.38e+03  -6.0 3.87e+01    -  3.18e-02 3.21e-02h  1
 104  5.9600094e+05 4.09e+00 1.26e+03  -6.0 3.78e+01    -  7.05e-03 8.74e-02h  1
 105  5.9602389e+05 4.06e+00 1.25e+03  -6.0 3.54e+01    -  8.10e-02 7.37e-03h  1
 106  5.9610072e+05 3.96e+00 1.22e+03  -6.0 3.52e+01    -  3.12e-03 2.41e-02h  1
 107  5.9624548e+05 3.78e+00 1.16e+03  -6.0 3.46e+01    -  7.08e-02 4.58e-02h  1
 108  5.9632899e+05 3.68e+00 1.13e+03  -6.0 3.37e+01    -  3.70e-02 2.63e-02h  1
 109  5.9638836e+05 3.61e+00 1.11e+03  -6.0 3.30e+01    -  7.54e-02 1.87e-02h  1
iter    objective    inf_pr   inf_du lg(mu)  ||d||  lg(rg) alpha_du alpha_pr  ls
 110  5.9658466e+05 3.40e+00 1.04e+03  -6.0 3.23e+01    -  2.38e-02 5.95e-02h  1
 111  5.9665881e+05 3.32e+00 1.02e+03  -6.0 3.09e+01    -  1.86e-02 2.30e-02h  1
 112  5.9682096e+05 3.15e+00 9.67e+02  -6.0 3.03e+01    -  2.28e-02 5.05e-02h  1
 113  5.9690227e+05 3.07e+00 9.42e+02  -6.0 2.91e+01    -  1.04e-02 2.58e-02h  1
 114  5.9695991e+05 3.02e+00 9.24e+02  -6.0 2.85e+01    -  1.54e-02 1.85e-02h  1
 115  5.9696989e+05 3.01e+00 9.21e+02  -6.0 2.81e+01    -  3.49e-03 3.20e-03h  1
 116  5.9698219e+05 2.99e+00 9.18e+02  -6.0 2.81e+01    -  1.24e-02 3.95e-03h  1
 117  5.9703071e+05 2.95e+00 9.03e+02  -6.0 2.80e+01    -  8.31e-03 1.56e-02h  1
 118  5.9715886e+05 2.83e+00 8.66e+02  -6.0 2.76e+01    -  1.79e-02 4.15e-02h  1
 119  5.9721231e+05 2.78e+00 8.50e+02  -6.0 2.67e+01    -  2.07e-02 1.76e-02h  1
iter    objective    inf_pr   inf_du lg(mu)  ||d||  lg(rg) alpha_du alpha_pr  ls
 120  5.9739367e+05 2.61e+00 7.99e+02  -6.0 2.63e+01    -  4.62e-02 6.01e-02h  1
 121  5.9745863e+05 2.55e+00 7.81e+02  -6.0 2.50e+01    -  3.11e-02 2.21e-02h  1
 122  5.9747697e+05 2.54e+00 7.76e+02  -6.0 2.45e+01    -  1.23e-02 6.28e-03h  1
 123  5.9751924e+05 2.50e+00 7.65e+02  -6.0 2.44e+01    -  4.62e-03 1.47e-02h  1
 124  5.9753777e+05 2.48e+00 7.60e+02  -6.0 2.41e+01    -  3.86e-03 6.34e-03h  1
 125  5.9764953e+05 2.39e+00 7.31e+02  -6.0 2.39e+01    -  7.80e-03 3.80e-02h  1
 126  5.9771225e+05 2.34e+00 7.15e+02  -6.0 2.32e+01    -  5.91e-02 2.18e-02h  1
 127  5.9780376e+05 2.26e+00 6.92e+02  -6.0 2.28e+01    -  4.93e-02 3.17e-02h  1
 128  5.9820191e+05 1.95e+00 5.98e+02  -6.0 2.21e+01    -  5.29e-03 1.36e-01h  1
 129  5.9822766e+05 1.93e+00 5.92e+02  -6.0 1.94e+01    -  1.89e-02 9.95e-03h  1
iter    objective    inf_pr   inf_du lg(mu)  ||d||  lg(rg) alpha_du alpha_pr  ls
 130  5.9826271e+05 1.91e+00 5.84e+02  -6.0 1.92e+01    -  1.69e-02 1.36e-02h  1
 131  5.9835034e+05 1.84e+00 5.64e+02  -6.0 1.89e+01    -  1.58e-02 3.42e-02h  1
 132  5.9840267e+05 1.80e+00 5.52e+02  -6.0 1.83e+01    -  2.57e-02 2.09e-02h  1
 133  5.9843294e+05 1.78e+00 5.45e+02  -6.0 1.79e+01    -  3.06e-02 1.22e-02h  1
 134  5.9861422e+05 1.65e+00 5.05e+02  -6.0 1.77e+01    -  1.95e-02 7.35e-02h  1
 135  5.9867149e+05 1.61e+00 4.93e+02  -6.0 1.65e+01    -  4.79e-02 2.46e-02h  1
 136  5.9878231e+05 1.53e+00 4.69e+02  -6.0 1.61e+01    -  1.47e-02 4.83e-02h  1
 137  5.9884878e+05 1.49e+00 4.55e+02  -6.0 1.54e+01    -  2.64e-02 3.00e-02h  1
 138  5.9908704e+05 1.32e+00 4.05e+02  -6.0 1.50e+01    -  5.09e-03 1.10e-01h  1
 139  5.9911147e+05 1.31e+00 3.99e+02  -6.0 1.35e+01    -  1.92e-01 1.24e-02h  1
iter    objective    inf_pr   inf_du lg(mu)  ||d||  lg(rg) alpha_du alpha_pr  ls
 140  5.9912149e+05 1.30e+00 3.97e+02  -6.0 1.33e+01    -  6.76e-02 5.05e-03h  1
 141  5.9921910e+05 1.24e+00 3.78e+02  -6.0 1.32e+01    -  3.33e-02 4.92e-02h  1
 142  5.9944628e+05 1.09e+00 3.32e+02  -6.0 1.26e+01    -  6.89e-02 1.20e-01h  1
 143  5.9951785e+05 1.04e+00 3.18e+02  -6.0 1.11e+01    -  2.07e-02 4.18e-02h  1
 144  5.9957421e+05 1.01e+00 3.08e+02  -6.0 1.04e+01    -  3.60e-02 3.41e-02h  1
 145  5.9967190e+05 9.46e-01 2.89e+02  -6.0 1.01e+01    -  1.07e-02 6.06e-02h  1
 146  5.9969991e+05 9.29e-01 2.84e+02  -6.0 9.50e+00    -  2.51e-02 1.84e-02h  1
 147  5.9980125e+05 8.66e-01 2.65e+02  -6.0 9.34e+00    -  2.65e-02 6.71e-02h  1
 148  5.9984263e+05 8.41e-01 2.57e+02  -6.0 8.73e+00    -  4.75e-02 2.95e-02h  1
 149  5.9989122e+05 8.11e-01 2.48e+02  -6.0 8.22e+00    -  2.30e-02 3.54e-02h  1
iter    objective    inf_pr   inf_du lg(mu)  ||d||  lg(rg) alpha_du alpha_pr  ls
 150  5.9995196e+05 7.74e-01 2.36e+02  -6.0 7.95e+00    -  3.10e-02 4.56e-02h  1
 151  6.0004273e+05 7.19e-01 2.20e+02  -6.0 7.59e+00    -  4.08e-02 7.08e-02h  1
 152  6.0023218e+05 6.07e-01 1.85e+02  -6.0 7.07e+00    -  1.45e-02 1.57e-01h  1
 153  6.0037542e+05 5.23e-01 1.60e+02  -6.0 6.00e+00    -  2.01e-01 1.38e-01h  1
 154  6.0058509e+05 4.04e-01 1.24e+02  -6.0 5.19e+00    -  9.22e-02 2.26e-01h  1
 155  6.0065231e+05 3.68e-01 1.12e+02  -6.0 4.05e+00    -  7.68e-03 9.06e-02h  1
 156  6.0069427e+05 3.45e-01 1.06e+02  -6.0 3.71e+00    -  2.75e-02 6.10e-02h  1
 157  6.0070161e+05 3.41e-01 1.04e+02  -6.0 3.51e+00    -  3.27e-02 1.14e-02h  1
 158  6.0074683e+05 3.17e-01 9.71e+01  -6.0 3.49e+00    -  2.01e-02 7.02e-02h  1
 159  6.0076181e+05 3.09e-01 9.47e+01  -6.0 3.27e+00    -  4.25e-02 2.49e-02h  1
iter    objective    inf_pr   inf_du lg(mu)  ||d||  lg(rg) alpha_du alpha_pr  ls
 160  6.0078572e+05 2.97e-01 9.08e+01  -6.0 3.21e+00    -  2.84e-02 4.05e-02h  1
 161  6.0095173e+05 2.10e-01 6.44e+01  -6.0 3.09e+00    -  6.59e-02 2.91e-01h  1
 162  6.0099275e+05 1.90e-01 5.80e+01  -6.0 2.30e+00    -  1.75e-02 9.84e-02h  1
 163  6.0100453e+05 1.84e-01 5.62e+01  -6.0 2.02e+00    -  1.69e-01 3.18e-02h  1
 164  6.0107051e+05 1.50e-01 4.59e+01  -6.0 2.35e+00    -  4.68e-02 1.84e-01h  1
 165  6.0112610e+05 1.22e-01 3.74e+01  -6.0 1.90e+00    -  7.12e-02 1.86e-01h  1
 166  6.0114194e+05 1.14e-01 3.50e+01  -6.0 1.50e+00    -  8.20e-02 6.44e-02h  1
 167  6.0117932e+05 9.56e-02 2.93e+01  -6.0 1.42e+00    -  7.06e-02 1.61e-01h  1
 168  6.0126399e+05 5.45e-02 1.68e+01  -6.0 1.19e+00    -  1.74e-01 4.29e-01h  1
 169  6.0128608e+05 4.42e-02 1.36e+01  -6.0 1.12e+00    -  9.90e-02 1.89e-01h  1
iter    objective    inf_pr   inf_du lg(mu)  ||d||  lg(rg) alpha_du alpha_pr  ls
 170  6.0130582e+05 3.51e-02 1.08e+01  -6.0 9.69e-01    -  3.38e-01 2.07e-01h  1
 171  6.0132364e+05 2.70e-02 8.32e+00  -6.0 8.12e-01    -  2.78e-01 2.31e-01h  1
 172  6.0135560e+05 1.26e-02 3.88e+00  -6.0 7.74e-01    -  5.38e-01 5.34e-01h  1
 173  6.0137661e+05 3.23e-03 9.96e-01  -6.0 2.61e-01    -  2.32e-01 7.43e-01h  1
 174  6.0138342e+05 2.40e-04 2.81e-01  -6.0 8.93e-02    -  3.64e-01 9.26e-01h  1
 175  6.0138370e+05 1.20e-04 1.24e-01  -6.0 1.14e-02    -  5.50e-01 5.00e-01h  2
 176  6.0138398e+05 4.06e-05 1.98e-03  -6.0 6.58e-02    -  1.00e+00 1.00e+00h  1
 177  6.0138399e+05 2.51e-06 1.18e-04  -6.0 8.24e-02    -  1.00e+00 1.00e+00h  1
 178  6.0138399e+05 1.71e-07 8.10e-06  -6.0 4.28e-03    -  1.00e+00 1.00e+00h  1
 179  6.0138388e+05 3.15e-05 1.49e-02  -7.5 6.95e-02    -  8.33e-01 7.63e-01h  1
iter    objective    inf_pr   inf_du lg(mu)  ||d||  lg(rg) alpha_du alpha_pr  ls
 180  6.0138386e+05 1.54e-05 7.41e-02  -7.5 3.50e-02    -  1.00e+00 5.57e-01h  1
 181  6.0138385e+05 5.31e-06 2.42e-04  -7.5 2.25e-02    -  1.00e+00 1.00e+00f  1
 182  6.0138385e+05 1.22e-07 7.48e-07  -7.5 3.19e-03    -  1.00e+00 1.00e+00h  1

Number of Iterations....: 182

                                   (scaled)                 (unscaled)
Objective...............:   2.2044862438336459e+03    6.0138384731781855e+05
Dual infeasibility......:   7.4776316537918231e-07    2.0398979151544093e-04
Constraint violation....:   1.2241612968710153e-07    1.2241612968710153e-07
Variable bound violation:   9.6392477125228915e-09    9.6392477125228915e-09
Complementarity.........:   3.5494787960204129e-08    9.6829781555436858e-06
Overall NLP error.......:   7.4776316537918231e-07    2.0398979151544093e-04


Number of objective function evaluations             = 184
Number of objective gradient evaluations             = 183
Number of equality constraint evaluations            = 184
Number of inequality constraint evaluations          = 185
Number of equality constraint Jacobian evaluations   = 183
Number of inequality constraint Jacobian evaluations = 183
Number of Lagrangian Hessian evaluations             = 182
Total seconds in IPOPT                               = 16.748

EXIT: Optimal Solution Found.

