Solver command line: ['/opt/homebrew/bin/ipopt', '/var/folders/6y/bvynbx6n3zv7z3lwg6vd724r0000gn/T/tmpl9b1s2cn.pyomo.nl', '-AMPL', 'tol=1e-06', 'max_iter=300', 'print_level=5', 'warm_start_init_point=yes', 'warm_start_bound_push=1e-06', 'warm_start_bound_frac=1e-06', 'warm_start_mult_bound_push=1e-06', 'mu_init=1e-06', 'least_square_init_duals=no']

Ipopt 3.14.19: tol=1e-06
max_iter=300
print_level=5
warm_start_init_point=yes
warm_start_bound_push=1e-06
warm_start_bound_frac=1e-06
warm_start_mult_bound_push=1e-06
mu_init=1e-06
least_square_init_duals=no


******************************************************************************
This program contains Ipopt, a library for large-scale nonlinear optimization.
 Ipopt is released as open source code under the Eclipse Public License (EPL).
         For more information visit https://github.com/coin-or/Ipopt
******************************************************************************

This is Ipopt version 3.14.19, running with linear solver MUMPS 5.6.2.

Number of nonzeros in equality constraint Jacobian...:    43679
Number of nonzeros in inequality constraint Jacobian.:    33080
Number of nonzeros in Lagrangian Hessian.............:    24644

Total number of variables............................:     6698
                     variables with only lower bounds:        0
                variables with lower and upper bounds:     6698
                     variables with only upper bounds:        0
Total number of equality constraints.................:     6045
Total number of inequality constraints...............:     8270
        inequality constraints with only lower bounds:        0
   inequality constraints with lower and upper bounds:        0
        inequality constraints with only upper bounds:     8270

iter    objective    inf_pr   inf_du lg(mu)  ||d||  lg(rg) alpha_du alpha_pr  ls
   0  9.0899627e+05 5.31e+02 6.43e+03  -6.0 0.00e+00    -  0.00e+00 0.00e+00   0
   1  9.0824664e+05 5.31e+02 6.43e+03  -6.0 4.92e+01   0.0 1.28e-04 2.83e-04f  1
   2  9.0767804e+05 5.31e+02 6.43e+03  -6.0 2.53e+01   0.4 4.96e-04 3.60e-04f  1
   3  9.0601381e+05 5.30e+02 6.42e+03  -6.0 5.29e+01  -0.1 5.29e-05 5.85e-04f  1
   4  9.0387133e+05 5.29e+02 6.41e+03  -6.0 2.73e+01   0.4 1.53e-04 1.29e-03f  1
   5  9.0303978e+05 5.29e+02 6.41e+03  -6.0 5.57e+01  -0.1 7.34e-04 2.75e-04f  1
   6  8.9820887e+05 5.26e+02 6.39e+03  -6.0 2.90e+01   0.3 1.08e-03 2.78e-03f  1
   7  8.9820882e+05 5.26e+02 6.39e+03  -6.0 1.56e+01  -0.2 8.77e-05 2.86e-08h  1
   8  8.9308320e+05 5.22e+02 6.36e+03  -6.0 1.30e+01   0.3 6.01e-06 5.00e-03f  1
   9  8.9293193e+05 5.22e+02 6.36e+03  -6.0 1.69e+01  -0.2 1.27e-03 8.99e-05f  1
iter    objective    inf_pr   inf_du lg(mu)  ||d||  lg(rg) alpha_du alpha_pr  ls
  10  8.8210330e+05 5.11e+02 6.29e+03  -6.0 1.43e+01   0.2 1.83e-03 1.06e-02f  1
  11  8.7911858e+05 5.09e+02 6.28e+03  -6.0 1.99e+01  -0.3 1.61e-03 1.95e-03f  1
  12  8.7799400e+05 5.08e+02 6.27e+03  -6.0 1.69e+01   0.2 1.11e-03 1.25e-03f  1
  13  8.7607648e+05 5.07e+02 6.26e+03  -6.0 2.04e+01  -0.3 4.90e-04 1.28e-03f  1
  14  8.7436873e+05 5.05e+02 6.25e+03  -6.0 1.75e+01   0.1 1.32e-03 1.88e-03f  1
  15  8.7360835e+05 5.04e+02 6.25e+03  -6.0 2.11e+01  -0.4 4.52e-04 4.96e-04f  1
  16  8.7261996e+05 5.03e+02 6.24e+03  -6.0 1.81e+01   0.1 1.99e-03 1.08e-03f  1
  17  8.7242001e+05 5.03e+02 6.24e+03  -6.0 2.15e+01  -0.4 8.68e-04 1.25e-04f  1
  18  8.7060209e+05 5.01e+02 6.23e+03  -6.0 1.82e+01   0.0 3.14e-04 1.95e-03f  1
  19  8.7003889e+05 5.00e+02 6.23e+03  -6.0 2.11e+01  -0.5 1.29e-03 3.45e-04f  1
iter    objective    inf_pr   inf_du lg(mu)  ||d||  lg(rg) alpha_du alpha_pr  ls
  20  8.6882485e+05 4.99e+02 6.22e+03  -6.0 1.87e+01  -0.0 1.43e-03 1.30e-03f  1
  21  8.6767463e+05 4.98e+02 6.22e+03  -6.0 2.58e+01  -0.5 9.49e-04 6.44e-04f  1
  22  8.6682837e+05 4.97e+02 6.21e+03  -6.0 1.92e+01  -0.1 2.90e-05 8.83e-04f  1
  23  8.6676406e+05 4.97e+02 6.21e+03  -6.0 3.29e+01  -0.6 2.47e-04 3.32e-05f  1
  24  8.6651794e+05 4.97e+02 6.21e+03  -6.0 1.96e+01  -0.1 2.08e-03 2.50e-04f  1
  25  8.6621633e+05 4.97e+02 6.21e+03  -6.0 6.14e+01  -0.6 1.46e-04 1.14e-04f  1
  26  8.6523665e+05 4.96e+02 6.20e+03  -6.0 2.00e+01  -0.2 3.23e-03 9.51e-04f  1
  27  8.6520235e+05 4.96e+02 6.20e+03  -6.0 1.61e+02  -0.7 4.35e-05 7.21e-06f  1
  28  8.6409398e+05 4.95e+02 6.20e+03  -6.0 2.04e+01  -0.2 6.89e-05 1.04e-03f  1
  29  8.5677558e+05 4.84e+02 6.13e+03  -6.0 1.76e+01   0.2 5.23e-04 1.02e-02f  1
iter    objective    inf_pr   inf_du lg(mu)  ||d||  lg(rg) alpha_du alpha_pr  ls
  30  8.5635656e+05 4.84e+02 6.13e+03  -6.0 2.15e+01  -0.3 6.27e-03 4.19e-04f  1
  31  8.5627411e+05 4.84e+02 6.13e+03  -6.0 1.25e+02  -0.8 4.84e-04 2.54e-05f  1
  32  8.5531002e+05 4.83e+02 6.12e+03  -6.0 2.19e+01  -0.3 5.15e-04 9.33e-04f  1
  33  8.5498727e+05 4.83e+02 6.12e+03  -6.0 2.07e+03  -0.8 3.06e-06 9.57e-06f  1
  34  8.5456031e+05 4.82e+02 6.12e+03  -6.0 2.22e+01  -0.4 1.02e-02 4.00e-04f  1
  35  8.5395307e+05 4.81e+02 6.11e+03  -6.0 1.93e+01   0.0 7.94e-04 8.44e-04f  1
  36  8.4862473e+05 4.76e+02 6.08e+03  -6.0 2.26e+01  -0.4 3.54e-04 4.80e-03f  1
  37  8.4797935e+05 4.75e+02 6.08e+03  -6.0 1.95e+01  -0.0 6.89e-04 9.06e-04f  1
  38  8.4591481e+05 4.73e+02 6.07e+03  -6.0 2.28e+01  -0.5 4.24e-03 1.87e-03f  1
  39  8.4548228e+05 4.72e+02 6.06e+03  -6.0 1.98e+01  -0.1 6.71e-04 5.95e-04f  1
iter    objective    inf_pr   inf_du lg(mu)  ||d||  lg(rg) alpha_du alpha_pr  ls
  40  8.4540578e+05 4.72e+02 6.06e+03  -6.0 2.30e+01  -0.5 6.89e-03 6.82e-05f  1
  41  8.4490484e+05 4.71e+02 6.06e+03  -6.0 2.02e+01  -0.1 9.78e-04 6.70e-04f  1
  42  8.4447599e+05 4.71e+02 6.06e+03  -6.0 2.35e+01  -0.6 1.13e-03 3.73e-04f  1
  43  8.4302853e+05 4.69e+02 6.05e+03  -6.0 2.05e+01  -0.2 1.89e-03 1.88e-03f  1
  44  8.4203189e+05 4.68e+02 6.04e+03  -6.0 2.39e+01  -0.6 8.44e-04 8.66e-04f  1
  45  8.4042854e+05 4.65e+02 6.03e+03  -6.0 2.08e+01  -0.2 9.46e-04 2.03e-03f  1
  46  8.3989296e+05 4.65e+02 6.03e+03  -6.0 2.43e+01  -0.7 1.74e-02 4.65e-04f  1
  47  8.3923462e+05 4.64e+02 6.02e+03  -6.0 2.12e+01  -0.3 3.60e-03 8.21e-04f  1
  48  8.3847201e+05 4.63e+02 6.02e+03  -6.0 2.57e+01  -0.8 2.87e-03 6.53e-04f  1
  49  8.3564451e+05 4.59e+02 6.00e+03  -6.0 2.15e+01  -0.3 1.45e-02 3.44e-03f  1
iter    objective    inf_pr   inf_du lg(mu)  ||d||  lg(rg) alpha_du alpha_pr  ls
  50  8.3437782e+05 4.58e+02 5.99e+03  -6.0 2.76e+01  -0.8 3.48e-03 1.09e-03f  1
  51  8.3411307e+05 4.58e+02 5.99e+03  -6.0 2.16e+01  -0.4 6.66e-04 3.22e-04f  1
  52  8.3302894e+05 4.57e+02 5.98e+03  -6.0 3.25e+01  -0.9 9.85e-03 9.19e-04f  1
  53  8.3102593e+05 4.54e+02 5.97e+03  -6.0 2.19e+01  -0.4 1.74e-03 2.37e-03f  1
  54  8.2941216e+05 4.52e+02 5.96e+03  -6.0 5.39e+01  -0.9 6.53e-03 1.37e-03f  1
  55  8.2578892e+05 4.47e+02 5.93e+03  -6.0 2.21e+01  -0.5 2.23e-02 4.32e-03f  1
  56  8.2352147e+05 4.45e+02 5.92e+03  -6.0 5.48e+01  -1.0 5.37e-03 2.02e-03f  1
  57  8.2115932e+05 4.42e+02 5.90e+03  -6.0 2.22e+01  -0.5 1.36e-02 2.86e-03f  1
  58  8.2047644e+05 4.41e+02 5.90e+03  -6.0 5.05e+01  -1.0 4.43e-03 6.35e-04f  1
  59  8.1767511e+05 4.37e+02 5.88e+03  -6.0 2.23e+01  -0.6 2.64e-03 3.38e-03f  1
iter    objective    inf_pr   inf_du lg(mu)  ||d||  lg(rg) alpha_du alpha_pr  ls
  60  8.1600788e+05 4.35e+02 5.87e+03  -6.0 7.91e+01  -1.1 6.21e-03 1.55e-03f  1
  61  8.1487897e+05 4.33e+02 5.86e+03  -6.0 2.24e+01  -0.6 7.32e-05 1.37e-03f  1
  62  8.1342672e+05 4.32e+02 5.86e+03  -6.0 8.88e+01  -1.1 1.77e-03 1.35e-03f  1
  63  8.1090960e+05 4.28e+02 5.84e+03  -6.0 2.24e+01  -0.7 2.51e-03 2.99e-03f  1
  64  8.1081271e+05 4.28e+02 5.84e+03  -6.0 4.91e+01  -1.2 1.83e-03 9.05e-05f  1
  65  8.0803614e+05 4.25e+02 5.82e+03  -6.0 2.38e+01  -0.7 2.29e-03 3.25e-03f  1
  66  8.0799896e+05 4.24e+02 5.82e+03  -6.0 1.16e+02  -1.2 3.68e-04 3.61e-05f  1
  67  8.0527497e+05 4.21e+02 5.80e+03  -6.0 2.28e+01  -0.8 1.85e-04 3.23e-03f  1
  68  8.0448689e+05 4.19e+02 5.79e+03  -6.0 1.97e+01  -0.4 3.68e-03 1.28e-03f  1
  69  8.0372371e+05 4.18e+02 5.79e+03  -6.0 2.40e+01  -0.8 6.69e-03 9.04e-04f  1
iter    objective    inf_pr   inf_du lg(mu)  ||d||  lg(rg) alpha_du alpha_pr  ls
  70  8.0240793e+05 4.16e+02 5.78e+03  -6.0 1.99e+01  -0.4 2.44e-03 2.08e-03f  1
  71  7.9854597e+05 4.11e+02 5.75e+03  -6.0 2.53e+01  -0.9 1.45e-02 4.61e-03f  1
  72  7.8947959e+05 3.96e+02 5.66e+03  -6.0 1.97e+01  -0.5 9.88e-03 1.45e-02f  1
  73  7.8534707e+05 3.90e+02 5.64e+03  -6.0 2.61e+01  -0.9 2.58e-02 5.22e-03f  1
  74  7.8227888e+05 3.86e+02 5.62e+03  -6.0 3.78e+01  -1.4 5.61e-03 3.29e-03f  1
  75  7.7919850e+05 3.82e+02 5.59e+03  -6.0 2.68e+01  -1.0 1.87e-04 3.94e-03f  1
  76  7.7845153e+05 3.81e+02 5.59e+03  -6.0 3.82e+01  -1.5 6.10e-03 8.08e-04f  1
  77  7.7442589e+05 3.75e+02 5.56e+03  -6.0 2.78e+01  -1.0 1.77e-03 5.23e-03f  1
  78  7.7274884e+05 3.73e+02 5.55e+03  -6.0 3.86e+01  -1.5 4.75e-03 1.90e-03f  1
  79  7.7066319e+05 3.70e+02 5.54e+03  -6.0 2.84e+01  -1.1 4.40e-02 2.78e-03f  1
iter    objective    inf_pr   inf_du lg(mu)  ||d||  lg(rg) alpha_du alpha_pr  ls
  80  7.6995401e+05 3.69e+02 5.53e+03  -6.0 1.83e+01  -0.7 2.88e-02 1.27e-03f  1
  81  7.6814686e+05 3.66e+02 5.51e+03  -6.0 3.02e+01  -1.1 9.27e-03 2.52e-03f  1
  82  7.6603273e+05 3.63e+02 5.49e+03  -6.0 2.01e+01  -0.7 8.00e-03 3.98e-03f  1
  83  7.6504820e+05 3.61e+02 5.48e+03  -6.0 3.51e+01  -1.2 1.73e-02 1.46e-03f  1
  84  7.6099048e+05 3.53e+02 5.44e+03  -6.0 2.19e+01  -0.8 5.85e-03 7.85e-03f  1
  85  7.6019078e+05 3.52e+02 5.43e+03  -6.0 2.58e+01  -1.2 2.36e-03 1.23e-03f  1
  86  7.5858675e+05 3.49e+02 5.42e+03  -6.0 1.71e+01  -0.8 5.84e-03 3.33e-03f  1
  87  7.5596291e+05 3.45e+02 5.39e+03  -6.0 1.87e+01  -1.3 2.28e-03 4.29e-03f  1
  88  7.5399675e+05 3.41e+02 5.37e+03  -6.0 1.67e+01  -0.9 5.36e-02 4.12e-03f  1
  89  7.5014648e+05 3.35e+02 5.34e+03  -6.0 2.05e+01  -1.3 9.18e-03 6.39e-03f  1
iter    objective    inf_pr   inf_du lg(mu)  ||d||  lg(rg) alpha_du alpha_pr  ls
  90  7.4964384e+05 3.33e+02 5.33e+03  -6.0 1.60e+01  -0.9 9.21e-03 1.10e-03f  1
  91  7.4791925e+05 3.31e+02 5.31e+03  -6.0 2.13e+01  -1.4 2.87e-02 3.02e-03f  1
  92  7.4408348e+05 3.23e+02 5.27e+03  -6.0 1.59e+01  -1.0 1.35e-02 8.61e-03f  1
  93  7.3976768e+05 3.15e+02 5.23e+03  -6.0 2.23e+01  -1.4 3.99e-02 7.99e-03f  1
  94  7.3930306e+05 3.14e+02 5.22e+03  -6.0 1.49e+01  -1.0 3.00e-02 1.13e-03f  1
  95  7.3634917e+05 3.09e+02 5.19e+03  -6.0 2.27e+01  -1.5 1.78e-03 5.73e-03f  1
  96  7.3534858e+05 3.07e+02 5.18e+03  -6.0 1.56e+01  -1.1 3.85e-02 2.48e-03f  1
  97  7.3249490e+05 3.01e+02 5.15e+03  -6.0 2.30e+01  -1.6 1.08e-02 5.85e-03f  1
  98  7.3099328e+05 2.98e+02 5.13e+03  -6.0 1.53e+01  -1.1 1.74e-02 3.96e-03f  1
  99  7.2978946e+05 2.96e+02 5.11e+03  -6.0 1.69e+01  -1.6 3.01e-02 2.77e-03f  1
iter    objective    inf_pr   inf_du lg(mu)  ||d||  lg(rg) alpha_du alpha_pr  ls
 100  7.2673902e+05 2.88e+02 5.07e+03  -6.0 1.39e+01  -1.2 2.14e-02 9.12e-03f  1
 101  7.2429933e+05 2.83e+02 5.04e+03  -6.0 1.71e+01  -1.7 4.32e-02 6.26e-03f  1
 102  7.2244493e+05 2.79e+02 5.01e+03  -6.0 3.81e+01  -2.1 1.15e-02 4.50e-03f  1
 103  7.1905627e+05 2.72e+02 4.97e+03  -6.0 1.73e+01  -1.7 5.25e-02 9.25e-03f  1
 104  7.1839860e+05 2.71e+02 4.96e+03  -6.0 3.61e+01  -2.2 1.04e-02 1.70e-03f  1
 105  7.1681785e+05 2.68e+02 4.94e+03  -6.0 1.06e+02  -2.7 3.37e-02 3.86e-03f  1
 106  7.1654688e+05 2.68e+02 4.94e+03  -6.0 1.70e+05    -  3.56e-05 1.44e-05f  1
 107  7.1643182e+05 2.68e+02 4.94e+03  -6.0 1.18e+05    -  9.07e-05 4.68e-05f  1
 108  7.1637238e+05 2.68e+02 4.94e+03  -6.0 4.81e+03    -  8.13e-04 1.35e-04f  1
 109  7.1599212e+05 2.67e+02 4.93e+03  -6.0 2.34e+02    -  6.62e-03 9.61e-04f  1
iter    objective    inf_pr   inf_du lg(mu)  ||d||  lg(rg) alpha_du alpha_pr  ls
 110  7.1526865e+05 2.66e+02 4.92e+03  -6.0 3.83e+01    -  4.64e-02 1.88e-03f  1
 111  7.0991089e+05 2.55e+02 4.85e+03  -6.0 3.67e+01    -  3.56e-02 1.53e-02f  1
 112  7.0871265e+05 2.52e+02 4.83e+03  -6.0 3.16e+01    -  7.28e-03 3.94e-03f  1
 113  7.0730940e+05 2.48e+02 4.81e+03  -6.0 3.04e+01    -  5.15e-02 4.98e-03f  1
 114  7.0618424e+05 2.45e+02 4.79e+03  -6.0 2.96e+01    -  9.16e-03 4.33e-03f  1
 115  7.0576678e+05 2.44e+02 4.78e+03  -6.0 2.99e+01    -  9.57e-03 1.63e-03f  1
 116  7.0268914e+05 2.36e+02 4.72e+03  -6.0 2.99e+01    -  3.70e-02 1.22e-02f  1
 117  6.9880670e+05 2.25e+02 4.65e+03  -6.0 3.02e+01    -  5.64e-03 1.57e-02f  1
 118  6.9770985e+05 2.22e+02 4.63e+03  -6.0 3.07e+01    -  5.06e-02 4.57e-03f  1
 119  6.9690263e+05 2.20e+02 4.61e+03  -6.0 3.13e+01    -  2.39e-02 3.63e-03f  1
iter    objective    inf_pr   inf_du lg(mu)  ||d||  lg(rg) alpha_du alpha_pr  ls
 120  6.9396345e+05 2.11e+02 4.55e+03  -6.0 3.15e+01    -  4.63e-03 1.38e-02f  1
 121  6.9334119e+05 2.09e+02 4.53e+03  -6.0 3.19e+01    -  1.81e-02 3.01e-03f  1
 122  6.9208345e+05 2.05e+02 4.50e+03  -6.0 3.20e+01    -  1.29e-02 6.28e-03f  1
 123  6.9097051e+05 2.02e+02 4.48e+03  -6.0 3.22e+01    -  7.16e-03 5.84e-03f  1
 124  6.8961979e+05 1.98e+02 4.45e+03  -6.0 3.23e+01    -  2.83e-02 7.15e-03f  1
 125  6.8723758e+05 1.90e+02 4.39e+03  -6.0 3.25e+01    -  3.28e-02 1.27e-02f  1
 126  6.8472516e+05 1.82e+02 4.33e+03  -6.0 3.27e+01    -  3.84e-02 1.36e-02f  1
 127  6.8389431e+05 1.80e+02 4.31e+03  -6.0 3.29e+01    -  1.38e-01 4.63e-03f  1
 128  6.8150679e+05 1.72e+02 4.25e+03  -6.0 3.21e+01    -  2.36e-02 1.41e-02f  1
 129  6.8123282e+05 1.71e+02 4.24e+03  -6.0 2.31e+01    -  2.14e-02 1.79e-03f  1
iter    objective    inf_pr   inf_du lg(mu)  ||d||  lg(rg) alpha_du alpha_pr  ls
 130  6.7805630e+05 1.60e+02 4.15e+03  -6.0 2.31e+01    -  2.97e-02 2.25e-02f  1
 131  6.7769780e+05 1.58e+02 4.13e+03  -6.0 2.24e+01    -  3.86e-03 2.97e-03f  1
 132  6.7705046e+05 1.56e+02 4.11e+03  -6.0 2.25e+01    -  5.27e-02 5.33e-03f  1
 133  6.7578824e+05 1.51e+02 4.07e+03  -6.0 2.27e+01    -  7.94e-03 1.05e-02f  1
 134  6.7430697e+05 1.45e+02 4.02e+03  -6.0 2.29e+01    -  4.79e-02 1.26e-02f  1
 135  6.7261221e+05 1.38e+02 3.96e+03  -6.0 2.26e+01    -  2.19e-02 1.54e-02f  1
 136  6.7058337e+05 1.29e+02 3.88e+03  -6.0 2.29e+01    -  3.19e-02 1.90e-02f  1
 137  6.6596025e+05 1.11e+02 3.70e+03  -6.0 2.32e+01    -  2.55e-02 4.50e-02f  1
 138  6.6555485e+05 1.09e+02 3.69e+03  -6.0 2.42e+01    -  5.00e-02 4.10e-03f  1
 139  6.6496725e+05 1.07e+02 3.67e+03  -6.0 2.43e+01    -  4.60e-02 6.05e-03f  1
iter    objective    inf_pr   inf_du lg(mu)  ||d||  lg(rg) alpha_du alpha_pr  ls
 140  6.6360185e+05 1.02e+02 3.61e+03  -6.0 2.44e+01    -  8.10e-03 1.43e-02f  1
 141  6.6007618e+05 8.88e+01 3.48e+03  -6.0 2.47e+01    -  1.31e-01 3.76e-02f  1
 142  6.5879927e+05 8.42e+01 3.43e+03  -6.0 2.54e+01    -  1.94e-02 1.42e-02f  1
 143  6.5837969e+05 8.27e+01 3.41e+03  -6.0 2.57e+01    -  3.29e-02 4.77e-03f  1
 144  6.5649148e+05 7.61e+01 3.34e+03  -6.0 2.58e+01    -  6.10e-02 2.17e-02f  1
 145  6.5525511e+05 7.19e+01 3.29e+03  -6.0 2.62e+01    -  6.44e-02 1.46e-02f  1
 146  6.5484376e+05 7.04e+01 3.27e+03  -6.0 2.56e+01    -  3.83e-03 5.17e-03f  1
 147  6.5450045e+05 6.92e+01 3.26e+03  -6.0 2.57e+01    -  2.57e-02 4.34e-03f  1
 148  6.5349945e+05 6.57e+01 3.21e+03  -6.0 2.57e+01    -  5.79e-03 1.27e-02f  1
 149  6.5250633e+05 6.23e+01 3.17e+03  -6.0 2.59e+01    -  2.71e-02 1.29e-02f  1
iter    objective    inf_pr   inf_du lg(mu)  ||d||  lg(rg) alpha_du alpha_pr  ls
 150  6.5182533e+05 6.01e+01 3.15e+03  -6.0 2.70e+01    -  2.31e-02 8.67e-03f  1
 151  6.5107423e+05 5.77e+01 3.11e+03  -6.0 2.71e+01    -  8.75e-03 9.68e-03f  1
 152  6.4961375e+05 5.30e+01 3.05e+03  -6.0 2.73e+01    -  1.09e-02 1.92e-02f  1
 153  6.4957156e+05 5.29e+01 3.05e+03  -6.0 2.69e+01    -  3.33e-02 5.79e-04h  1
 154  6.4870670e+05 5.00e+01 3.01e+03  -6.0 2.64e+01    -  3.07e-02 1.22e-02f  1
 155  6.4795229e+05 4.76e+01 2.98e+03  -6.0 2.66e+01    -  1.47e-02 1.09e-02f  1
 156  6.4734722e+05 4.56e+01 2.95e+03  -6.0 2.68e+01    -  2.41e-02 8.98e-03f  1
 157  6.4653505e+05 4.30e+01 2.92e+03  -6.0 2.69e+01    -  3.57e-02 1.22e-02f  1
 158  6.4629101e+05 4.22e+01 2.91e+03  -6.0 2.58e+01    -  2.35e-02 3.93e-03h  1
 159  6.4481727e+05 3.73e+01 2.84e+03  -6.0 2.58e+01    -  4.21e-02 2.40e-02f  1
iter    objective    inf_pr   inf_du lg(mu)  ||d||  lg(rg) alpha_du alpha_pr  ls
 160  6.4442798e+05 3.61e+01 2.82e+03  -6.0 2.60e+01    -  4.20e-02 6.53e-03f  1
 161  6.4400797e+05 3.47e+01 2.80e+03  -6.0 2.60e+01    -  5.33e-02 7.20e-03f  1
 162  6.4135115e+05 2.61e+01 2.66e+03  -6.0 2.57e+01    -  5.75e-02 4.80e-02f  1
 163  6.4087622e+05 2.46e+01 2.64e+03  -6.0 2.60e+01    -  7.35e-02 9.02e-03f  1
 164  6.4015169e+05 2.24e+01 2.60e+03  -6.0 2.66e+01    -  1.95e-02 1.40e-02f  1
 165  6.3953324e+05 2.06e+01 2.57e+03  -6.0 2.69e+01    -  1.06e-02 1.20e-02f  1
 166  6.3938873e+05 2.02e+01 2.56e+03  -6.0 2.68e+01    -  2.47e-02 2.91e-03h  1
 167  6.3857107e+05 1.77e+01 2.52e+03  -6.0 2.67e+01    -  1.44e-02 1.66e-02f  1
 168  6.3844456e+05 1.74e+01 2.51e+03  -6.0 2.65e+01    -  8.16e-03 2.67e-03h  1
 169  6.3810473e+05 1.64e+01 2.49e+03  -6.0 2.63e+01    -  3.26e-02 7.39e-03h  1
iter    objective    inf_pr   inf_du lg(mu)  ||d||  lg(rg) alpha_du alpha_pr  ls
 170  6.3778505e+05 1.54e+01 2.47e+03  -6.0 2.63e+01    -  1.31e-02 7.08e-03h  1
 171  6.3683249e+05 1.26e+01 2.42e+03  -6.0 2.63e+01    -  4.45e-02 2.14e-02f  1
 172  6.3428600e+05 8.22e+00 2.28e+03  -6.0 2.64e+01    -  3.23e-02 5.86e-02f  1
 173  6.3355088e+05 8.08e+00 2.24e+03  -6.0 2.67e+01    -  3.99e-02 1.78e-02f  1
 174  6.3233156e+05 7.83e+00 2.17e+03  -6.0 2.68e+01    -  4.43e-02 3.01e-02f  1
 175  6.3204517e+05 7.78e+00 2.15e+03  -6.0 2.69e+01    -  1.19e-02 7.30e-03h  1
 176  6.3147571e+05 7.66e+00 2.12e+03  -6.0 2.70e+01    -  1.54e-02 1.46e-02f  1
 177  6.3122234e+05 7.61e+00 2.11e+03  -6.0 2.70e+01    -  4.61e-02 6.60e-03h  1
 178  6.3000037e+05 7.37e+00 2.04e+03  -6.0 2.70e+01    -  1.49e-02 3.22e-02f  1
 179  6.2949804e+05 7.26e+00 2.01e+03  -6.0 2.72e+01    -  8.34e-02 1.41e-02f  1
iter    objective    inf_pr   inf_du lg(mu)  ||d||  lg(rg) alpha_du alpha_pr  ls
 180  6.2901065e+05 7.16e+00 1.98e+03  -6.0 2.72e+01    -  2.09e-03 1.40e-02f  1
 181  6.2873800e+05 7.10e+00 1.97e+03  -6.0 2.72e+01    -  1.67e-02 8.01e-03h  1
 182  6.2831089e+05 7.01e+00 1.94e+03  -6.0 2.73e+01    -  1.06e-02 1.27e-02f  1
 183  6.2808861e+05 6.97e+00 1.93e+03  -6.0 2.74e+01    -  2.28e-02 6.68e-03h  1
 184  6.2777993e+05 6.90e+00 1.91e+03  -6.0 2.74e+01    -  3.11e-02 9.40e-03h  1
 185  6.2720124e+05 6.78e+00 1.88e+03  -6.0 2.75e+01    -  9.54e-03 1.79e-02f  1
 186  6.2706598e+05 6.75e+00 1.87e+03  -6.0 2.76e+01    -  9.73e-03 4.25e-03h  1
 187  6.2666547e+05 6.66e+00 1.84e+03  -6.0 2.77e+01    -  7.82e-03 1.27e-02h  1
 188  6.2538897e+05 6.39e+00 1.77e+03  -6.0 2.79e+01    -  3.25e-02 4.12e-02f  1
 189  6.2446294e+05 6.19e+00 1.71e+03  -6.0 2.96e+01    -  3.07e-02 3.11e-02f  1
iter    objective    inf_pr   inf_du lg(mu)  ||d||  lg(rg) alpha_du alpha_pr  ls
 190  6.2373935e+05 6.04e+00 1.67e+03  -6.0 3.10e+01    -  2.70e-02 2.50e-02f  1
 191  6.2361890e+05 6.01e+00 1.66e+03  -6.0 3.23e+01    -  1.71e-02 4.33e-03h  1
 192  6.2350986e+05 5.99e+00 1.66e+03  -6.0 3.26e+01    -  1.72e-03 3.96e-03h  1
 193  6.2330544e+05 5.94e+00 1.64e+03  -6.0 3.28e+01    -  2.70e-02 7.48e-03h  1
 194  6.2304097e+05 5.88e+00 1.63e+03  -6.0 3.31e+01    -  1.58e-02 9.78e-03h  1
 195  6.2264377e+05 5.80e+00 1.60e+03  -6.0 3.37e+01    -  5.10e-02 1.49e-02h  1
 196  6.2182567e+05 5.61e+00 1.55e+03  -6.0 3.45e+01    -  2.49e-02 3.13e-02f  1
 197  6.2179143e+05 5.61e+00 1.55e+03  -6.0 3.61e+01    -  4.95e-02 1.35e-03h  1
 198  6.2105995e+05 5.44e+00 1.51e+03  -6.0 3.62e+01    -  3.44e-03 2.93e-02f  1
 199  6.2065114e+05 5.35e+00 1.48e+03  -6.0 3.79e+01    -  3.43e-02 1.67e-02h  1
iter    objective    inf_pr   inf_du lg(mu)  ||d||  lg(rg) alpha_du alpha_pr  ls
 200  6.2061043e+05 5.34e+00 1.48e+03  -6.0 3.89e+01    -  1.92e-02 1.72e-03h  1
 201  6.2033234e+05 5.28e+00 1.46e+03  -6.0 3.90e+01    -  5.31e-02 1.18e-02h  1
 202  6.2011257e+05 5.23e+00 1.45e+03  -6.0 3.98e+01    -  1.20e-02 9.57e-03h  1
 203  6.1973437e+05 5.14e+00 1.42e+03  -6.0 4.04e+01    -  2.38e-02 1.67e-02h  1
 204  6.1936624e+05 5.06e+00 1.40e+03  -6.0 4.14e+01    -  1.96e-02 1.65e-02h  1
 205  6.1907128e+05 4.99e+00 1.38e+03  -6.0 4.25e+01    -  1.87e-02 1.31e-02h  1
 206  6.1873572e+05 4.92e+00 1.36e+03  -6.0 4.34e+01    -  9.92e-03 1.51e-02h  1
 207  6.1867859e+05 4.90e+00 1.36e+03  -6.0 4.44e+01    -  1.57e-02 2.59e-03h  1
 208  6.1819165e+05 4.79e+00 1.33e+03  -6.0 4.46e+01    -  3.25e-03 2.24e-02h  1
 209  6.1805596e+05 4.76e+00 1.32e+03  -6.0 4.60e+01    -  8.02e-03 6.32e-03h  1
iter    objective    inf_pr   inf_du lg(mu)  ||d||  lg(rg) alpha_du alpha_pr  ls
 210  6.1801666e+05 4.75e+00 1.31e+03  -6.0 4.65e+01    -  9.33e-03 1.86e-03h  1
 211  6.1787653e+05 4.72e+00 1.31e+03  -6.0 4.66e+01    -  2.91e-03 6.64e-03h  1
 212  6.1783260e+05 4.71e+00 1.30e+03  -6.0 4.71e+01    -  1.70e-03 2.11e-03h  1
 213  6.1781385e+05 4.71e+00 1.30e+03  -6.0 4.72e+01    -  1.00e-03 9.10e-04h  1
 214  6.1772182e+05 4.69e+00 1.30e+03  -6.0 4.73e+01    -  7.59e-03 4.47e-03h  1
 215  6.1763018e+05 4.67e+00 1.29e+03  -6.0 4.76e+01    -  5.26e-03 4.47e-03h  1
 216  6.1748736e+05 4.63e+00 1.28e+03  -6.0 4.74e+01    -  4.69e-04 7.31e-03h  1
 217  6.1742487e+05 4.62e+00 1.28e+03  -6.0 4.85e+01    -  2.39e-03 3.13e-03h  1
 218  6.1736597e+05 4.60e+00 1.27e+03  -6.0 4.87e+01    -  6.52e-03 2.98e-03h  1
 219  6.1718839e+05 4.56e+00 1.26e+03  -6.0 4.89e+01    -  6.82e-03 9.02e-03h  1
iter    objective    inf_pr   inf_du lg(mu)  ||d||  lg(rg) alpha_du alpha_pr  ls
 220  6.1681344e+05 4.47e+00 1.24e+03  -6.0 4.96e+01    -  2.36e-02 1.92e-02h  1
 221  6.1653216e+05 4.41e+00 1.22e+03  -6.0 5.05e+01    -  1.75e-03 1.54e-02h  1
 222  6.1651129e+05 4.40e+00 1.22e+03  -6.0 5.23e+01    -  1.10e-02 1.10e-03h  1
 223  6.1644832e+05 4.39e+00 1.21e+03  -6.0 5.24e+01    -  1.18e-03 3.34e-03h  1
 224  6.1644194e+05 4.38e+00 1.21e+03  -6.0 5.19e+01    -  3.66e-02 3.57e-04h  1
 225  6.1603836e+05 4.28e+00 1.18e+03  -6.0 5.20e+01    -  9.98e-04 2.27e-02h  1
 226  6.1586158e+05 4.24e+00 1.17e+03  -6.0 5.44e+01    -  1.60e-03 9.69e-03h  1
 227  6.1577343e+05 4.22e+00 1.17e+03  -6.0 5.52e+01    -  4.04e-02 4.90e-03h  1
 228  6.1563493e+05 4.19e+00 1.16e+03  -6.0 5.49e+01    -  9.30e-03 8.17e-03h  1
 229  6.1546761e+05 4.15e+00 1.15e+03  -6.0 5.56e+01    -  2.28e-02 9.90e-03h  1
iter    objective    inf_pr   inf_du lg(mu)  ||d||  lg(rg) alpha_du alpha_pr  ls
 230  6.1497351e+05 4.02e+00 1.11e+03  -6.0 5.64e+01    -  1.37e-02 2.95e-02h  1
 231  6.1482270e+05 3.99e+00 1.10e+03  -6.0 5.88e+01    -  1.77e-02 9.18e-03h  1
 232  6.1430903e+05 3.86e+00 1.07e+03  -6.0 4.45e+01    -  7.68e-03 3.24e-02h  1
 233  6.1418741e+05 3.83e+00 1.06e+03  -6.0 4.64e+01    -  3.15e-02 7.84e-03h  1
 234  6.1402866e+05 3.79e+00 1.05e+03  -6.0 4.65e+01    -  1.03e-02 1.03e-02h  1
 235  6.1398411e+05 3.78e+00 1.04e+03  -6.0 4.71e+01    -  3.27e-02 2.93e-03h  1
 236  6.1383339e+05 3.74e+00 1.03e+03  -6.0 4.72e+01    -  9.83e-03 1.01e-02h  1
 237  6.1310329e+05 3.56e+00 9.83e+02  -6.0 4.77e+01    -  5.09e-02 4.92e-02f  1
 238  6.1299063e+05 3.53e+00 9.76e+02  -6.0 5.02e+01    -  2.24e-02 7.83e-03h  1
 239  6.1260677e+05 3.43e+00 9.49e+02  -6.0 5.06e+01    -  9.31e-02 2.71e-02h  1
iter    objective    inf_pr   inf_du lg(mu)  ||d||  lg(rg) alpha_du alpha_pr  ls
 240  6.1249025e+05 3.40e+00 9.41e+02  -6.0 5.12e+01    -  7.52e-02 8.63e-03h  1
 241  6.1217001e+05 3.32e+00 9.18e+02  -6.0 5.11e+01    -  1.11e-02 2.44e-02h  1
 242  6.1193542e+05 3.26e+00 9.02e+02  -6.0 5.20e+01    -  5.51e-02 1.81e-02h  1
 243  6.1186307e+05 3.24e+00 8.97e+02  -6.0 5.26e+01    -  2.54e-02 5.65e-03h  1
 244  6.1166710e+05 3.19e+00 8.82e+02  -6.0 5.24e+01    -  9.56e-03 1.60e-02h  1
 245  6.1159248e+05 3.17e+00 8.77e+02  -6.0 5.28e+01    -  3.26e-02 6.16e-03h  1
 246  6.1136127e+05 3.11e+00 8.60e+02  -6.0 5.25e+01    -  7.27e-03 1.92e-02h  1
 247  6.1126064e+05 3.08e+00 8.53e+02  -6.0 5.29e+01    -  3.28e-02 8.46e-03h  1
 248  6.1115701e+05 3.05e+00 8.45e+02  -6.0 5.22e+01    -  2.26e-02 8.87e-03h  1
 249  6.1113383e+05 3.05e+00 8.44e+02  -6.0 4.74e+01    -  1.51e-02 2.01e-03h  1
iter    objective    inf_pr   inf_du lg(mu)  ||d||  lg(rg) alpha_du alpha_pr  ls
 250  6.1095557e+05 3.00e+00 8.30e+02  -6.0 3.74e+01    -  3.94e-03 1.60e-02h  1
 251  6.1081029e+05 2.96e+00 8.19e+02  -6.0 3.56e+01    -  6.10e-02 1.38e-02h  1
 252  6.1037664e+05 2.83e+00 7.84e+02  -6.0 3.50e+01    -  2.88e-03 4.18e-02h  1
 253  6.1034435e+05 2.83e+00 7.82e+02  -6.0 3.46e+01    -  1.50e-02 3.21e-03h  1
 254  6.1033969e+05 2.82e+00 7.82e+02  -6.0 3.33e+01    -  5.50e-04 4.90e-04h  1
 255  6.1020983e+05 2.78e+00 7.71e+02  -6.0 3.33e+01    -  4.24e-04 1.41e-02h  1
 256  6.1019960e+05 2.78e+00 7.70e+02  -6.0 3.41e+01    -  2.33e-02 1.12e-03h  1
 257  6.1008549e+05 2.75e+00 7.60e+02  -6.0 3.41e+01    -  1.97e-02 1.26e-02h  1
 258  6.0995928e+05 2.71e+00 7.49e+02  -6.0 3.50e+01    -  2.16e-02 1.44e-02h  1
 259  6.0981237e+05 2.66e+00 7.36e+02  -6.0 3.55e+01    -  1.64e-02 1.75e-02h  1
iter    objective    inf_pr   inf_du lg(mu)  ||d||  lg(rg) alpha_du alpha_pr  ls
 260  6.0973398e+05 2.63e+00 7.29e+02  -6.0 3.19e+01    -  1.96e-02 9.38e-03h  1
 261  6.0946725e+05 2.55e+00 7.06e+02  -6.0 3.25e+01    -  1.83e-03 3.20e-02h  1
 262  6.0935260e+05 2.52e+00 6.96e+02  -6.0 3.47e+01    -  3.36e-02 1.39e-02h  1
 263  6.0917617e+05 2.46e+00 6.81e+02  -6.0 3.59e+01    -  1.22e-02 2.19e-02h  1
 264  6.0911465e+05 2.44e+00 6.76e+02  -6.0 3.79e+01    -  8.88e-04 7.81e-03h  1
 265  6.0910387e+05 2.44e+00 6.75e+02  -6.0 3.97e+01    -  2.18e-02 1.30e-03h  1
 266  6.0900809e+05 2.41e+00 6.67e+02  -6.0 3.98e+01    -  1.63e-03 1.16e-02h  1
 267  6.0885113e+05 2.36e+00 6.54e+02  -6.0 4.07e+01    -  6.11e-02 1.91e-02h  1
 268  6.0873798e+05 2.33e+00 6.45e+02  -6.0 4.22e+01    -  3.22e-02 1.40e-02h  1
 269  6.0851652e+05 2.27e+00 6.27e+02  -6.0 4.33e+01    -  2.87e-02 2.78e-02h  1
iter    objective    inf_pr   inf_du lg(mu)  ||d||  lg(rg) alpha_du alpha_pr  ls
 270  6.0833716e+05 2.21e+00 6.13e+02  -6.0 4.55e+01    -  3.07e-02 2.29e-02h  1
 271  6.0826386e+05 2.19e+00 6.07e+02  -6.0 4.73e+01    -  1.02e-01 9.74e-03h  1
 272  6.0795551e+05 2.10e+00 5.82e+02  -6.0 4.87e+01    -  9.89e-02 4.17e-02h  1
 273  6.0792967e+05 2.09e+00 5.80e+02  -6.0 5.13e+01    -  1.28e-02 3.60e-03h  1
 274  6.0745782e+05 1.95e+00 5.41e+02  -6.0 4.95e+01    -  1.34e-02 6.68e-02h  1
 275  6.0733227e+05 1.92e+00 5.31e+02  -6.0 5.55e+01    -  2.16e-02 1.83e-02h  1
 276  6.0724807e+05 1.89e+00 5.25e+02  -6.0 5.72e+01    -  1.32e-02 1.23e-02h  1
 277  6.0710181e+05 1.85e+00 5.13e+02  -6.0 5.84e+01    -  1.23e-02 2.18e-02h  1
 278  6.0701377e+05 1.83e+00 5.06e+02  -6.0 6.05e+01    -  3.48e-02 1.33e-02h  1
 279  6.0680568e+05 1.77e+00 4.91e+02  -6.0 6.19e+01    -  6.25e-03 3.01e-02h  1
iter    objective    inf_pr   inf_du lg(mu)  ||d||  lg(rg) alpha_du alpha_pr  ls
 280  6.0677652e+05 1.77e+00 4.89e+02  -6.0 6.50e+01    -  2.86e-03 4.37e-03h  1
 281  6.0676378e+05 1.76e+00 4.88e+02  -6.0 6.54e+01    -  3.15e-03 1.93e-03h  1
 282  6.0669628e+05 1.74e+00 4.83e+02  -6.0 6.56e+01    -  8.69e-03 1.03e-02h  1
 283  6.0659333e+05 1.72e+00 4.76e+02  -6.0 6.67e+01    -  2.91e-03 1.56e-02f  1
 284  6.0649641e+05 1.69e+00 4.69e+02  -6.0 6.85e+01    -  6.62e-03 1.44e-02h  1
 285  6.0644799e+05 1.68e+00 4.65e+02  -6.0 7.02e+01    -  3.26e-02 7.25e-03h  1
 286  6.0623160e+05 1.62e+00 4.50e+02  -6.0 7.10e+01    -  2.08e-02 3.24e-02h  1
 287  6.0611766e+05 1.60e+00 4.42e+02  -6.0 7.49e+01    -  1.25e-02 1.78e-02h  1
 288  6.0603446e+05 1.58e+00 4.36e+02  -6.0 7.72e+01    -  3.22e-03 1.31e-02h  1
 289  6.0600362e+05 1.57e+00 4.34e+02  -6.0 7.93e+01    -  5.67e-03 4.86e-03h  1
iter    objective    inf_pr   inf_du lg(mu)  ||d||  lg(rg) alpha_du alpha_pr  ls
 290  6.0596345e+05 1.56e+00 4.32e+02  -6.0 7.99e+01    -  2.73e-02 6.36e-03h  1
 291  6.0573671e+05 1.50e+00 4.16e+02  -6.0 8.05e+01    -  1.86e-02 3.66e-02h  1
 292  6.0566150e+05 1.48e+00 4.11e+02  -6.0 8.55e+01    -  1.59e-02 1.25e-02h  1
 293  6.0556142e+05 1.46e+00 4.04e+02  -6.0 8.69e+01    -  1.69e-03 1.68e-02h  1
 294  6.0540644e+05 1.42e+00 3.94e+02  -6.0 8.94e+01    -  6.42e-03 2.55e-02h  1
 295  6.0513216e+05 1.35e+00 3.76e+02  -6.0 9.33e+01    -  2.61e-02 4.58e-02h  1
 296  6.0505028e+05 1.33e+00 3.70e+02  -6.0 1.01e+02    -  6.21e-02 1.53e-02h  1
 297  6.0504343e+05 1.33e+00 3.69e+02  -6.0 1.03e+02    -  1.71e-02 1.31e-03h  1
 298  6.0472466e+05 1.25e+00 3.46e+02  -6.0 1.03e+02    -  1.23e-02 6.43e-02h  1
 299  6.0470111e+05 1.24e+00 3.44e+02  -6.0 1.15e+02    -  5.34e-02 5.02e-03h  1
iter    objective    inf_pr   inf_du lg(mu)  ||d||  lg(rg) alpha_du alpha_pr  ls
 300  6.0445390e+05 2.60e+00 4.32e+03  -6.0 1.16e+02    -  1.66e-04 5.42e-02h  1

Number of Iterations....: 300

                                   (scaled)                 (unscaled)
Objective...............:   2.2157400864544306e+03    6.0445389558476862e+05
Dual infeasibility......:   4.3187124944632778e+03    1.1781447684895822e+06
Constraint violation....:   2.5995395547605997e+00    2.5995395547605997e+00
Variable bound violation:   0.0000000000000000e+00    0.0000000000000000e+00
Complementarity.........:   5.9639948765073458e-01    1.6269778023112039e+02
Overall NLP error.......:   4.3187124944632778e+03    1.1781447684895822e+06


Number of objective function evaluations             = 301
Number of objective gradient evaluations             = 301
Number of equality constraint evaluations            = 301
Number of inequality constraint evaluations          = 302
Number of equality constraint Jacobian evaluations   = 301
Number of inequality constraint Jacobian evaluations = 301
Number of Lagrangian Hessian evaluations             = 300
Total seconds in IPOPT                               = 25.593

EXIT: Maximum Number of Iterations Exceeded.

