Solver command line: ['/opt/homebrew/bin/ipopt', '/var/folders/6y/bvynbx6n3zv7z3lwg6vd724r0000gn/T/tmpiy9p5_1t.pyomo.nl', '-AMPL', 'tol=1e-06', 'max_iter=300', 'print_level=5', 'warm_start_init_point=yes', 'warm_start_bound_push=1e-06', 'warm_start_bound_frac=1e-06', 'warm_start_mult_bound_push=1e-06', 'mu_init=1e-06', 'least_square_init_duals=no']

Ipopt 3.14.19: tol=1e-06
max_iter=300
print_level=5
warm_start_init_point=yes
warm_start_bound_push=1e-06
warm_start_bound_frac=1e-06
warm_start_mult_bound_push=1e-06
mu_init=1e-06
least_square_init_duals=no


******************************************************************************
This program contains Ipopt, a library for large-scale nonlinear optimization.
 Ipopt is released as open source code under the Eclipse Public License (EPL).
         For more information visit https://github.com/coin-or/Ipopt
******************************************************************************

This is Ipopt version 3.14.19, running with linear solver MUMPS 5.6.2.

Number of nonzeros in equality constraint Jacobian...:    43679
Number of nonzeros in inequality constraint Jacobian.:    33080
Number of nonzeros in Lagrangian Hessian.............:    24644

Total number of variables............................:     6698
                     variables with only lower bounds:        0
                variables with lower and upper bounds:     6698
                     variables with only upper bounds:        0
Total number of equality constraints.................:     6045
Total number of inequality constraints...............:     8270
        inequality constraints with only lower bounds:        0
   inequality constraints with lower and upper bounds:        0
        inequality constraints with only upper bounds:     8270

iter    objective    inf_pr   inf_du lg(mu)  ||d||  lg(rg) alpha_du alpha_pr  ls
   0  9.0899627e+05 1.00e+01 1.00e+02  -6.0 0.00e+00    -  0.00e+00 0.00e+00   0
   1  9.0171849e+05 1.00e+01 1.00e+02  -6.0 6.18e+06    -  2.99e-08 2.99e-08f  1
   2  8.9999101e+05 1.00e+01 1.00e+02  -6.0 4.43e+06    -  1.95e-07 2.19e-08f  1
   3  8.8886947e+05 1.00e+01 1.00e+02  -6.0 2.76e+06    -  3.94e-07 1.85e-07f  1
   4  8.8572420e+05 1.00e+01 1.00e+02  -6.0 2.18e+06    -  6.65e-07 1.64e-07f  1
   5  8.8079799e+05 1.00e+01 1.00e+02  -6.0 1.99e+06    -  5.16e-07 4.79e-07f  1
   6  8.7614853e+05 1.00e+01 1.00e+02  -6.0 2.00e+06    -  5.41e-07 7.79e-07f  1
   7  8.7261788e+05 1.00e+01 1.00e+02  -6.0 1.80e+06    -  3.34e-06 9.63e-07f  1
   8  8.6877226e+05 1.00e+01 1.00e+02  -6.0 6.75e+05    -  2.62e-06 2.64e-06f  1
   9  8.6685816e+05 1.00e+01 1.00e+02  -6.0 4.28e+05    -  5.04e-06 3.93e-06f  1
iter    objective    inf_pr   inf_du lg(mu)  ||d||  lg(rg) alpha_du alpha_pr  ls
  10  8.6662979e+05 1.00e+01 1.00e+02  -6.0 4.42e+05    -  7.36e-06 1.03e-06f  1
  11  8.6508255e+05 1.00e+01 1.00e+02  -6.0 3.36e+05    -  1.25e-06 9.44e-06f  1
  12  8.6493160e+05 1.00e+01 1.00e+02  -6.0 2.84e+05    -  5.20e-06 1.56e-06f  1
  13  8.6481732e+05 1.00e+01 1.00e+02  -6.0 2.32e+05    -  1.06e-05 1.42e-06f  1
  14  8.6408687e+05 1.00e+01 1.00e+02  -6.0 1.71e+05    -  2.03e-05 1.15e-05f  1
  15  8.6399121e+05 1.00e+01 1.00e+02  -6.0 1.32e+03  -4.0 2.53e-04 1.70e-05f  1
  16  8.6372256e+05 1.00e+01 1.00e+02  -6.0 1.86e+03  -4.5 1.27e-04 6.01e-05f  1
  17  8.6346419e+05 1.00e+01 9.99e+01  -6.0 4.32e+03  -5.0 1.62e-04 4.92e-05f  1
  18  8.6290378e+05 1.00e+01 9.99e+01  -6.0 8.84e+03  -5.4 1.80e-05 9.12e-05f  1
  19  8.6278709e+05 1.00e+01 9.99e+01  -6.0 2.11e+04  -5.9 1.23e-04 1.74e-05f  1
iter    objective    inf_pr   inf_du lg(mu)  ||d||  lg(rg) alpha_du alpha_pr  ls
  20  8.6233791e+05 1.00e+01 9.99e+01  -6.0 6.41e+03  -5.5 3.17e-04 1.09e-04f  1
  21  8.6204618e+05 1.00e+01 9.99e+01  -6.0 1.25e+04  -6.0 3.82e-05 7.43e-05f  1
  22  8.6192865e+05 1.00e+01 9.99e+01  -6.0 5.97e+03  -5.5 2.17e-04 4.07e-05f  1
  23  8.6158863e+05 1.00e+01 9.99e+01  -6.0 9.66e+03  -6.0 2.49e-05 1.05e-04f  1
  24  8.6150502e+05 1.00e+01 9.99e+01  -6.0 1.39e+04  -6.5 1.39e-04 2.48e-05f  1
  25  8.6107101e+05 1.00e+01 9.98e+01  -6.0 8.41e+03  -6.1 4.05e-04 1.57e-04f  1
  26  8.6073760e+05 1.00e+01 9.98e+01  -6.0 9.41e+03  -6.5 1.87e-04 1.34e-04f  1
  27  8.6032020e+05 1.00e+01 9.98e+01  -6.0 1.11e+04    -  2.69e-05 1.76e-04f  1
  28  8.6026038e+05 1.00e+01 9.98e+01  -6.0 9.52e+03    -  2.94e-04 2.76e-05f  1
  29  8.6003025e+05 1.00e+01 9.97e+01  -6.0 7.91e+03    -  2.44e-04 1.13e-04f  1
iter    objective    inf_pr   inf_du lg(mu)  ||d||  lg(rg) alpha_du alpha_pr  ls
  30  8.5947551e+05 1.00e+01 9.97e+01  -6.0 6.33e+03    -  3.97e-04 2.90e-04f  1
  31  8.5926323e+05 1.00e+01 9.97e+01  -6.0 6.13e+03    -  4.21e-04 1.20e-04f  1
  32  8.5856313e+05 1.00e+01 9.96e+01  -6.0 5.75e+03    -  6.89e-04 4.07e-04f  1
  33  8.5775494e+05 1.00e+01 9.96e+01  -6.0 4.81e+03    -  8.68e-05 4.87e-04f  1
  34  8.5745629e+05 1.00e+01 9.95e+01  -6.0 4.25e+03    -  7.19e-04 1.85e-04f  1
  35  8.5714869e+05 1.00e+01 9.95e+01  -6.0 3.98e+03    -  1.47e-04 1.94e-04f  1
  36  8.5639394e+05 1.00e+01 9.95e+01  -6.0 3.91e+03    -  2.64e-04 4.78e-04f  1
  37  8.5605849e+05 1.00e+01 9.94e+01  -6.0 3.73e+03    -  2.61e-04 2.15e-04f  1
  38  8.5545344e+05 1.00e+01 9.94e+01  -6.0 3.59e+03    -  3.60e-04 3.91e-04f  1
  39  8.5523050e+05 1.00e+01 9.94e+01  -6.0 3.37e+03    -  4.02e-04 1.45e-04f  1
iter    objective    inf_pr   inf_du lg(mu)  ||d||  lg(rg) alpha_du alpha_pr  ls
  40  8.5441830e+05 1.00e+01 9.93e+01  -6.0 3.22e+03    -  9.52e-04 5.29e-04f  1
  41  8.5405255e+05 1.00e+01 9.92e+01  -6.0 2.75e+03    -  2.96e-04 2.40e-04f  1
  42  8.5347004e+05 1.00e+01 9.92e+01  -6.0 2.58e+03    -  3.42e-05 3.86e-04f  1
  43  8.5342071e+05 1.00e+01 9.92e+01  -6.0 2.40e+03    -  4.47e-05 3.34e-05f  1
  44  8.5300350e+05 9.99e+00 9.92e+01  -6.0 2.38e+03    -  3.46e-04 2.83e-04f  1
  45  8.5284709e+05 9.99e+00 9.92e+01  -6.0 2.22e+03    -  5.22e-04 1.07e-04f  1
  46  8.5215937e+05 9.99e+00 9.91e+01  -6.0 2.12e+03    -  1.33e-04 4.71e-04f  1
  47  8.5154799e+05 9.98e+00 9.91e+01  -6.0 1.93e+03    -  3.97e-04 4.29e-04f  1
  48  8.5100167e+05 9.98e+00 9.91e+01  -6.0 1.78e+03    -  3.14e-04 3.88e-04f  1
  49  8.5052644e+05 9.98e+00 9.90e+01  -6.0 1.64e+03    -  2.25e-04 3.40e-04f  1
iter    objective    inf_pr   inf_du lg(mu)  ||d||  lg(rg) alpha_du alpha_pr  ls
  50  8.5038427e+05 9.97e+00 9.90e+01  -6.0 1.53e+03    -  3.49e-04 1.03e-04f  1
  51  8.5008632e+05 9.97e+00 9.90e+01  -6.0 1.56e+03    -  5.83e-04 2.18e-04f  1
  52  8.4977920e+05 9.97e+00 9.89e+01  -6.0 1.60e+03    -  2.93e-04 2.26e-04f  1
  53  8.4926617e+05 9.97e+00 9.89e+01  -6.0 1.44e+03    -  6.41e-04 3.77e-04f  1
  54  8.4888657e+05 9.96e+00 9.88e+01  -6.0 1.28e+03    -  5.51e-04 2.81e-04f  1
  55  8.4882676e+05 9.96e+00 9.88e+01  -6.0 9.88e+02    -  1.64e-04 4.49e-05f  1
  56  8.4857713e+05 9.96e+00 9.88e+01  -6.0 8.39e+02    -  1.04e-04 1.87e-04f  1
  57  8.4821454e+05 9.96e+00 9.88e+01  -6.0 1.33e+03    -  2.05e-04 2.65e-04f  1
  58  8.4777166e+05 9.96e+00 9.88e+01  -6.0 1.13e+03    -  7.37e-05 3.24e-04f  1
  59  8.4713263e+05 9.95e+00 9.87e+01  -6.0 1.02e+03    -  5.94e-04 4.68e-04f  1
iter    objective    inf_pr   inf_du lg(mu)  ||d||  lg(rg) alpha_du alpha_pr  ls
  60  8.4618606e+05 9.94e+00 9.87e+01  -6.0 9.59e+02    -  1.03e-04 6.94e-04f  1
  61  8.4601600e+05 9.94e+00 9.86e+01  -6.0 1.43e+03    -  6.93e-04 1.27e-04f  1
  62  8.4525902e+05 9.94e+00 9.86e+01  -6.0 1.43e+03    -  1.96e-04 5.65e-04f  1
  63  8.4501801e+05 9.93e+00 9.86e+01  -6.0 1.52e+03    -  3.27e-04 1.80e-04f  1
  64  8.4449532e+05 9.93e+00 9.85e+01  -6.0 1.47e+03    -  2.74e-04 3.92e-04f  1
  65  8.4402452e+05 9.93e+00 9.85e+01  -6.0 1.50e+03    -  3.04e-04 3.54e-04f  1
  66  8.4371885e+05 9.93e+00 9.85e+01  -6.0 1.51e+03    -  3.38e-04 2.30e-04f  1
  67  8.4349280e+05 9.92e+00 9.84e+01  -6.0 1.45e+03    -  2.91e-04 1.70e-04f  1
  68  8.4281362e+05 9.92e+00 9.84e+01  -6.0 7.29e+02    -  1.30e-04 5.17e-04f  1
  69  8.4272529e+05 9.92e+00 9.84e+01  -6.0 7.83e+02    -  4.33e-04 6.73e-05f  1
iter    objective    inf_pr   inf_du lg(mu)  ||d||  lg(rg) alpha_du alpha_pr  ls
  70  8.4262123e+05 9.92e+00 9.84e+01  -6.0 7.46e+02    -  8.31e-05 7.93e-05f  1
  71  8.4189888e+05 9.91e+00 9.84e+01  -6.0 7.65e+02    -  9.98e-05 5.50e-04f  1
  72  8.4182265e+05 9.91e+00 9.83e+01  -6.0 8.27e+02    -  2.62e-04 5.82e-05f  1
  73  8.4137057e+05 9.91e+00 9.83e+01  -6.0 6.58e+02    -  6.76e-04 3.45e-04f  1
  74  8.4097959e+05 9.90e+00 9.82e+01  -6.0 6.92e+02    -  5.78e-04 2.99e-04f  1
  75  8.3995350e+05 9.90e+00 9.81e+01  -6.0 6.77e+02    -  8.95e-04 7.86e-04f  1
  76  8.3913941e+05 9.89e+00 9.80e+01  -6.0 5.74e+02    -  1.35e-03 6.27e-04f  1
  77  8.3821532e+05 9.88e+00 9.80e+01  -6.0 5.10e+02    -  3.78e-04 7.21e-04f  1
  78  8.3770486e+05 9.88e+00 9.79e+01  -6.0 6.12e+02    -  4.82e-04 3.99e-04f  1
  79  8.3676996e+05 9.87e+00 9.79e+01  -6.0 4.33e+02    -  4.78e-04 7.24e-04f  1
iter    objective    inf_pr   inf_du lg(mu)  ||d||  lg(rg) alpha_du alpha_pr  ls
  80  8.3644917e+05 9.87e+00 9.78e+01  -6.0 5.43e+02    -  4.80e-04 2.51e-04f  1
  81  8.3605198e+05 9.87e+00 9.78e+01  -6.0 6.48e+02    -  2.09e-04 3.13e-04f  1
  82  8.3565750e+05 9.86e+00 9.78e+01  -6.0 6.32e+02    -  5.97e-04 3.11e-04f  1
  83  8.3523686e+05 9.86e+00 9.77e+01  -6.0 5.59e+02    -  2.35e-04 3.31e-04f  1
  84  8.3350962e+05 9.85e+00 9.77e+01  -6.0 5.76e+02    -  1.20e-04 1.37e-03f  1
  85  8.3322145e+05 9.84e+00 9.76e+01  -6.0 4.66e+02    -  1.20e-03 2.27e-04f  1
  86  8.3252187e+05 9.84e+00 9.76e+01  -6.0 4.63e+02    -  2.23e-04 5.53e-04f  1
  87  8.3104351e+05 9.83e+00 9.75e+01  -6.0 3.88e+02    -  6.66e-04 1.17e-03f  1
  88  8.3013806e+05 9.82e+00 9.75e+01  -6.0 5.14e+02    -  4.79e-04 7.24e-04f  1
  89  8.2962621e+05 9.82e+00 9.74e+01  -6.0 6.27e+02    -  6.26e-04 4.11e-04f  1
iter    objective    inf_pr   inf_du lg(mu)  ||d||  lg(rg) alpha_du alpha_pr  ls
  90  8.2902098e+05 9.81e+00 9.74e+01  -6.0 9.46e+02    -  4.47e-04 4.86e-04f  1
  91  8.2856343e+05 9.81e+00 9.73e+01  -6.0 9.22e+02    -  1.00e-03 3.71e-04f  1
  92  8.2845694e+05 9.81e+00 9.72e+01  -6.0 1.15e+03    -  3.90e-04 8.74e-05f  1
  93  8.2793174e+05 9.80e+00 9.71e+01  -6.0 1.14e+03    -  1.79e-03 4.31e-04f  1
  94  8.2768519e+05 9.80e+00 9.69e+01  -6.0 9.86e+02    -  1.59e-03 2.04e-04f  1
  95  8.2691532e+05 9.79e+00 9.69e+01  -6.0 7.85e+02    -  2.37e-04 6.53e-04f  1
  96  8.2661491e+05 9.79e+00 9.68e+01  -6.0 4.19e+02    -  1.25e-03 2.58e-04f  1
  97  8.2521604e+05 9.78e+00 9.67e+01  -6.0 3.93e+02    -  1.04e-03 1.20e-03f  1
  98  8.2507865e+05 9.78e+00 9.66e+01  -6.0 3.79e+02    -  6.87e-04 1.18e-04f  1
  99  8.2497405e+05 9.78e+00 9.66e+01  -6.0 4.16e+02    -  4.12e-05 9.09e-05f  1
iter    objective    inf_pr   inf_du lg(mu)  ||d||  lg(rg) alpha_du alpha_pr  ls
 100  8.2443191e+05 9.77e+00 9.66e+01  -6.0 4.23e+02    -  3.81e-04 4.73e-04f  1
 101  8.2418633e+05 9.77e+00 9.65e+01  -6.0 4.09e+02    -  4.50e-04 2.17e-04f  1
 102  8.2369570e+05 9.77e+00 9.65e+01  -6.0 4.09e+02    -  2.52e-04 4.35e-04f  1
 103  8.2326015e+05 9.76e+00 9.65e+01  -6.0 3.74e+02    -  2.38e-04 3.90e-04f  1
 104  8.2292897e+05 9.76e+00 9.64e+01  -6.0 3.32e+02    -  8.16e-04 2.98e-04f  1
 105  8.2232222e+05 9.76e+00 9.64e+01  -6.0 3.05e+02    -  3.19e-04 5.50e-04f  1
 106  8.2101410e+05 9.74e+00 9.63e+01  -6.0 3.03e+02    -  7.14e-04 1.20e-03f  1
 107  8.1983891e+05 9.73e+00 9.62e+01  -6.0 3.55e+02    -  7.68e-04 1.09e-03f  1
 108  8.1899267e+05 9.73e+00 9.62e+01  -6.0 3.59e+02    -  3.30e-04 7.88e-04f  1
 109  8.1859669e+05 9.72e+00 9.62e+01  -6.0 3.62e+02    -  4.15e-04 3.68e-04f  1
iter    objective    inf_pr   inf_du lg(mu)  ||d||  lg(rg) alpha_du alpha_pr  ls
 110  8.1824520e+05 9.72e+00 9.61e+01  -6.0 3.69e+02    -  4.12e-04 3.27e-04f  1
 111  8.1803564e+05 9.72e+00 9.61e+01  -6.0 4.44e+02    -  4.44e-04 1.96e-04f  1
 112  8.1729106e+05 9.71e+00 9.61e+01  -6.0 1.11e+03  -4.3 1.24e-04 6.89e-04f  1
 113  8.1715641e+05 9.71e+00 9.60e+01  -6.0 6.68e+02  -3.9 4.28e-04 1.26e-04f  1
 114  8.1706466e+05 9.71e+00 9.60e+01  -6.0 4.31e+03  -4.4 1.62e-04 7.57e-05f  1
 115  8.1676070e+05 9.71e+00 9.60e+01  -6.0 3.97e+03    -  1.92e-04 2.41e-04f  1
 116  8.1661162e+05 9.70e+00 9.59e+01  -6.0 1.95e+02    -  1.21e-03 1.42e-04f  1
 117  8.1574364e+05 9.70e+00 9.57e+01  -6.0 2.02e+02    -  1.64e-03 8.29e-04f  1
 118  8.1518533e+05 9.69e+00 9.56e+01  -6.0 1.37e+03    -  1.13e-03 5.16e-04f  1
 119  8.1423228e+05 9.68e+00 9.56e+01  -6.0 8.91e+02    -  1.79e-04 8.94e-04f  1
iter    objective    inf_pr   inf_du lg(mu)  ||d||  lg(rg) alpha_du alpha_pr  ls
 120  8.1279776e+05 9.67e+00 9.55e+01  -6.0 6.21e+02    -  5.54e-04 1.36e-03f  1
 121  8.1262300e+05 9.67e+00 9.55e+01  -6.0 6.17e+02    -  8.00e-04 1.67e-04f  1
 122  8.1204991e+05 9.66e+00 9.54e+01  -6.0 3.41e+02    -  1.16e-03 5.44e-04f  1
 123  8.1162253e+05 9.66e+00 9.53e+01  -6.0 7.99e+02    -  5.56e-04 4.04e-04f  1
 124  8.0963023e+05 9.64e+00 9.52e+01  -6.0 2.69e+02    -  8.50e-04 1.91e-03f  1
 125  8.0879033e+05 9.63e+00 9.51e+01  -6.0 2.67e+02    -  1.33e-03 8.18e-04f  1
 126  8.0732177e+05 9.62e+00 9.50e+01  -6.0 2.53e+02    -  1.01e-03 1.43e-03f  1
 127  8.0664480e+05 9.61e+00 9.49e+01  -6.0 2.48e+02    -  1.09e-03 6.64e-04f  1
 128  8.0648502e+05 9.61e+00 9.48e+01  -6.0 1.33e+02    -  8.48e-04 1.58e-04f  1
 129  8.0604974e+05 9.61e+00 9.48e+01  -6.0 1.90e+02    -  2.60e-04 4.32e-04f  1
iter    objective    inf_pr   inf_du lg(mu)  ||d||  lg(rg) alpha_du alpha_pr  ls
 130  8.0477735e+05 9.59e+00 9.47e+01  -6.0 4.75e+02    -  6.53e-04 1.30e-03f  1
 131  8.0417866e+05 9.59e+00 9.47e+01  -6.0 6.45e+02    -  5.70e-04 6.12e-04f  1
 132  8.0278772e+05 9.57e+00 9.43e+01  -6.0 5.96e+02    -  4.44e-03 1.42e-03f  1
 133  8.0049810e+05 9.55e+00 9.42e+01  -6.0 5.83e+02    -  1.27e-03 2.36e-03f  1
 134  8.0001535e+05 9.55e+00 9.41e+01  -6.0 1.95e+02    -  6.05e-04 4.86e-04f  1
 135  7.9891009e+05 9.54e+00 9.41e+01  -6.0 2.00e+02    -  5.05e-04 1.11e-03f  1
 136  7.9552306e+05 9.50e+00 9.39e+01  -6.0 2.05e+02    -  1.89e-03 3.43e-03f  1
 137  7.9533949e+05 9.50e+00 9.38e+01  -6.0 2.23e+02    -  5.81e-04 1.86e-04f  1
 138  7.9493722e+05 9.50e+00 9.38e+01  -6.0 2.03e+02    -  2.67e-04 4.09e-04f  1
 139  7.9346683e+05 9.48e+00 9.37e+01  -6.0 2.13e+02    -  5.10e-04 1.50e-03f  1
iter    objective    inf_pr   inf_du lg(mu)  ||d||  lg(rg) alpha_du alpha_pr  ls
 140  7.9200286e+05 9.47e+00 9.34e+01  -6.0 2.97e+02    -  3.73e-03 1.52e-03f  1
 141  7.9113898e+05 9.46e+00 9.33e+01  -6.0 3.61e+02    -  1.52e-03 9.00e-04f  1
 142  7.9071283e+05 9.46e+00 9.32e+01  -6.0 3.64e+02    -  3.01e-04 4.45e-04f  1
 143  7.9053481e+05 9.45e+00 9.32e+01  -6.0 4.34e+02    -  2.25e-04 1.86e-04f  1
 144  7.8978097e+05 9.45e+00 9.32e+01  -6.0 4.05e+02    -  1.19e-05 7.83e-04f  1
 145  7.8944433e+05 9.44e+00 9.31e+01  -6.0 3.74e+02    -  1.24e-03 3.49e-04f  1
 146  7.8817382e+05 9.43e+00 9.30e+01  -6.0 3.06e+02    -  8.35e-04 1.33e-03f  1
 147  7.8677407e+05 9.42e+00 9.29e+01  -6.0 2.93e+02    -  1.38e-03 1.47e-03f  1
 148  7.8553946e+05 9.41e+00 9.28e+01  -6.0 2.83e+02    -  8.97e-04 1.29e-03f  1
 149  7.8549195e+05 9.41e+00 9.27e+01  -6.0 2.63e+02    -  7.53e-04 4.98e-05f  1
iter    objective    inf_pr   inf_du lg(mu)  ||d||  lg(rg) alpha_du alpha_pr  ls
 150  7.8457022e+05 9.40e+00 9.26e+01  -6.0 2.53e+02    -  1.44e-03 9.61e-04f  1
 151  7.8394173e+05 9.39e+00 9.25e+01  -6.0 2.49e+02    -  1.64e-03 6.57e-04f  1
 152  7.8245409e+05 9.37e+00 9.23e+01  -6.0 2.13e+02    -  1.20e-03 1.60e-03f  1
 153  7.8172382e+05 9.37e+00 9.22e+01  -6.0 1.94e+02    -  1.54e-03 7.91e-04f  1
 154  7.8127653e+05 9.36e+00 9.22e+01  -6.0 3.71e+02    -  5.53e-04 4.71e-04f  1
 155  7.8011811e+05 9.35e+00 9.21e+01  -6.0 3.02e+02    -  2.32e-04 1.28e-03f  1
 156  7.7972681e+05 9.35e+00 9.21e+01  -6.0 1.76e+02    -  2.08e-04 4.21e-04f  1
 157  7.7885972e+05 9.34e+00 9.21e+01  -6.0 2.37e+02    -  5.26e-04 9.44e-04f  1
 158  7.7785945e+05 9.33e+00 9.20e+01  -6.0 2.36e+02    -  9.81e-04 1.09e-03f  1
 159  7.7541744e+05 9.30e+00 9.19e+01  -6.0 2.34e+02    -  7.70e-04 2.68e-03f  1
iter    objective    inf_pr   inf_du lg(mu)  ||d||  lg(rg) alpha_du alpha_pr  ls
 160  7.7424029e+05 9.29e+00 9.18e+01  -6.0 2.23e+02    -  1.20e-03 1.30e-03f  1
 161  7.7299650e+05 9.28e+00 9.16e+01  -6.0 3.49e+02    -  1.58e-03 1.37e-03f  1
 162  7.7181705e+05 9.27e+00 9.16e+01  -6.0 3.39e+02    -  5.13e-04 1.30e-03f  1
 163  7.7181279e+05 9.27e+00 9.15e+01  -6.0 1.95e+02    -  9.58e-04 4.71e-06h  1
 164  7.7039706e+05 9.25e+00 9.15e+01  -6.0 2.09e+02    -  3.12e-05 1.57e-03f  1
 165  7.6961542e+05 9.24e+00 9.13e+01  -6.0 2.07e+02    -  1.59e-03 8.69e-04f  1
 166  7.6802873e+05 9.23e+00 9.13e+01  -6.0 1.96e+02    -  2.71e-04 1.77e-03f  1
 167  7.6770858e+05 9.22e+00 9.13e+01  -6.0 2.14e+02    -  3.59e-04 3.58e-04f  1
 168  7.6745444e+05 9.22e+00 9.12e+01  -6.0 2.17e+02    -  4.79e-04 2.84e-04f  1
 169  7.6581150e+05 9.20e+00 9.11e+01  -6.0 2.18e+02    -  1.76e-03 1.84e-03f  1
iter    objective    inf_pr   inf_du lg(mu)  ||d||  lg(rg) alpha_du alpha_pr  ls
 170  7.6447648e+05 9.19e+00 9.07e+01  -6.0 2.25e+02    -  4.14e-03 1.50e-03f  1
 171  7.6394821e+05 9.19e+00 9.02e+01  -6.0 2.38e+02    -  6.25e-03 5.95e-04f  1
 172  7.6293576e+05 9.17e+00 9.00e+01  -6.0 2.47e+02    -  2.50e-03 1.14e-03f  1
 173  7.5948387e+05 9.14e+00 8.99e+01  -6.0 2.33e+02    -  4.13e-04 3.92e-03f  1
 174  7.5841705e+05 9.13e+00 8.97e+01  -6.0 2.35e+02    -  2.36e-03 1.22e-03f  1
 175  7.5732645e+05 9.12e+00 8.96e+01  -6.0 2.47e+02    -  1.33e-03 1.25e-03f  1
 176  7.5721351e+05 9.12e+00 8.93e+01  -6.0 2.43e+02    -  4.07e-03 1.30e-04f  1
 177  7.5231311e+05 9.06e+00 8.91e+01  -6.0 2.39e+02    -  1.83e-03 5.63e-03f  1
 178  7.5065929e+05 9.05e+00 8.90e+01  -6.0 2.29e+02    -  8.73e-04 1.92e-03f  1
 179  7.4925723e+05 9.03e+00 8.89e+01  -6.0 2.19e+02    -  7.33e-04 1.63e-03f  1
iter    objective    inf_pr   inf_du lg(mu)  ||d||  lg(rg) alpha_du alpha_pr  ls
 180  7.4886631e+05 9.03e+00 8.89e+01  -6.0 1.83e+02    -  5.86e-04 4.57e-04f  1
 181  7.4863411e+05 9.02e+00 8.85e+01  -6.0 1.76e+02    -  3.88e-03 2.72e-04f  1
 182  7.4789630e+05 9.02e+00 8.85e+01  -6.0 1.78e+02    -  3.59e-04 8.65e-04f  1
 183  7.4726470e+05 9.01e+00 8.85e+01  -6.0 1.85e+02    -  5.66e-04 7.48e-04f  1
 184  7.4671583e+05 9.00e+00 8.84e+01  -6.0 2.28e+02    -  5.37e-04 6.57e-04f  1
 185  7.4455982e+05 8.98e+00 8.83e+01  -6.0 1.87e+02    -  6.21e-04 2.56e-03f  1
 186  7.4265590e+05 8.96e+00 8.81e+01  -6.0 1.97e+02    -  2.32e-03 2.28e-03f  1
 187  7.4127484e+05 8.95e+00 8.78e+01  -6.0 1.99e+02    -  3.91e-03 1.66e-03f  1
 188  7.4086627e+05 8.94e+00 8.74e+01  -6.0 1.92e+02    -  5.29e-03 4.94e-04f  1
 189  7.4060737e+05 8.94e+00 8.73e+01  -6.0 1.73e+02    -  1.13e-03 3.15e-04f  1
iter    objective    inf_pr   inf_du lg(mu)  ||d||  lg(rg) alpha_du alpha_pr  ls
 190  7.4035724e+05 8.94e+00 8.72e+01  -6.0 1.75e+02    -  6.64e-04 3.15e-04f  1
 191  7.4009280e+05 8.93e+00 8.72e+01  -6.0 2.36e+02    -  1.76e-04 3.44e-04f  1
 192  7.3992865e+05 8.93e+00 8.72e+01  -6.0 2.44e+02    -  2.19e-04 2.21e-04f  1
 193  7.3977089e+05 8.93e+00 8.72e+01  -6.0 2.45e+02    -  3.54e-04 2.19e-04f  1
 194  7.3952502e+05 8.93e+00 8.71e+01  -6.0 2.46e+02    -  2.72e-04 3.54e-04f  1
 195  7.3936598e+05 8.92e+00 8.70e+01  -6.0 2.30e+02    -  2.16e-03 2.30e-04f  1
 196  7.3880342e+05 8.92e+00 8.70e+01  -6.0 2.35e+02    -  2.61e-04 8.43e-04f  1
 197  7.3872814e+05 8.92e+00 8.69e+01  -6.0 2.35e+02    -  1.03e-03 1.26e-04f  1
 198  7.3849672e+05 8.91e+00 8.66e+01  -6.0 2.38e+02    -  4.03e-03 4.11e-04f  1
 199  7.3806215e+05 8.90e+00 8.65e+01  -6.0 2.39e+02    -  1.01e-03 8.44e-04f  1
iter    objective    inf_pr   inf_du lg(mu)  ||d||  lg(rg) alpha_du alpha_pr  ls
 200  7.3775776e+05 8.90e+00 8.65e+01  -6.0 2.38e+02    -  1.38e-04 6.28e-04f  1
 201  7.3761886e+05 8.90e+00 8.64e+01  -6.0 2.39e+02    -  7.06e-04 2.98e-04f  1
 202  7.3737618e+05 8.89e+00 8.64e+01  -6.0 2.45e+02    -  3.09e-04 5.29e-04f  1
 203  7.3719849e+05 8.89e+00 8.60e+01  -6.0 2.49e+02    -  5.02e-03 4.08e-04f  1
 204  7.3685952e+05 8.88e+00 8.58e+01  -6.0 2.40e+02    -  1.62e-03 8.14e-04f  1
 205  7.3657812e+05 8.87e+00 8.58e+01  -6.0 2.18e+02    -  9.94e-04 7.13e-04f  1
 206  7.3642073e+05 8.87e+00 8.57e+01  -6.0 2.25e+02    -  5.94e-04 4.20e-04f  1
 207  7.3543886e+05 8.85e+00 8.56e+01  -6.0 2.22e+02    -  4.56e-04 2.67e-03f  1
 208  7.3486918e+05 8.83e+00 8.55e+01  -6.0 2.11e+02    -  1.21e-03 1.59e-03f  1
 209  7.3447855e+05 8.82e+00 8.51e+01  -6.0 2.03e+02    -  6.24e-03 1.10e-03f  1
iter    objective    inf_pr   inf_du lg(mu)  ||d||  lg(rg) alpha_du alpha_pr  ls
 210  7.3298618e+05 8.79e+00 8.50e+01  -6.0 2.11e+02    -  2.42e-04 4.21e-03f  1
 211  7.3283836e+05 8.78e+00 8.48e+01  -6.0 1.85e+02    -  1.94e-03 4.26e-04f  1
 212  7.3214602e+05 8.76e+00 8.44e+01  -6.0 1.86e+02    -  5.40e-03 2.00e-03f  1
 213  7.3152518e+05 8.75e+00 8.42e+01  -6.0 1.92e+02    -  2.90e-03 1.80e-03f  1
 214  7.3123051e+05 8.74e+00 8.40e+01  -6.0 2.02e+02    -  2.42e-03 1.01e-03f  1
 215  7.3067177e+05 8.72e+00 8.39e+01  -6.0 2.06e+02    -  8.97e-04 1.89e-03f  1
 216  7.3038469e+05 8.71e+00 8.37e+01  -6.0 1.88e+02    -  2.38e-03 9.79e-04f  1
 217  7.3001562e+05 8.70e+00 8.35e+01  -6.0 1.96e+02    -  2.94e-03 1.26e-03f  1
 218  7.2897201e+05 8.67e+00 8.33e+01  -6.0 2.04e+02    -  2.19e-03 3.74e-03f  1
 219  7.2875095e+05 8.66e+00 8.32e+01  -6.0 2.47e+02    -  1.15e-03 8.08e-04f  1
iter    objective    inf_pr   inf_du lg(mu)  ||d||  lg(rg) alpha_du alpha_pr  ls
 220  7.2814176e+05 8.64e+00 8.31e+01  -6.0 2.51e+02    -  1.41e-03 2.24e-03f  1
 221  7.2791037e+05 8.64e+00 8.30e+01  -6.0 2.53e+02    -  1.32e-03 8.56e-04f  1
 222  7.2651836e+05 8.59e+00 8.27e+01  -6.0 2.39e+02    -  2.78e-03 5.18e-03f  1
 223  7.2579373e+05 8.57e+00 8.25e+01  -6.0 2.19e+02    -  2.93e-03 2.72e-03f  1
 224  7.2554576e+05 8.56e+00 8.24e+01  -6.0 2.15e+02    -  1.43e-03 9.38e-04f  1
 225  7.2554543e+05 8.56e+00 8.24e+01  -6.0 6.06e+02    -  9.27e-05 1.24e-06h  1
 226  7.2469111e+05 8.53e+00 8.23e+01  -6.0 2.10e+02    -  5.88e-05 3.24e-03f  1
 227  7.2455125e+05 8.53e+00 8.21e+01  -6.0 2.02e+02    -  3.27e-03 5.35e-04f  1
 228  7.2424147e+05 8.52e+00 8.20e+01  -6.0 1.93e+02    -  7.98e-04 1.19e-03f  1
 229  7.2416115e+05 8.52e+00 8.18e+01  -6.0 1.96e+02    -  3.29e-03 3.14e-04f  1
iter    objective    inf_pr   inf_du lg(mu)  ||d||  lg(rg) alpha_du alpha_pr  ls
 230  7.2348567e+05 8.49e+00 8.17e+01  -6.0 1.84e+02    -  7.18e-04 2.65e-03f  1
 231  7.2192997e+05 8.44e+00 8.12e+01  -6.0 1.72e+02    -  5.67e-03 6.13e-03f  1
 232  7.1990574e+05 8.37e+00 8.11e+01  -6.0 1.15e+02    -  1.41e-03 8.07e-03f  1
 233  7.1957139e+05 8.36e+00 8.06e+01  -6.0 1.06e+02    -  6.73e-03 1.35e-03f  1
 234  7.1910670e+05 8.35e+00 8.00e+01  -6.0 1.01e+02    -  7.84e-03 1.97e-03f  1
 235  7.1896613e+05 8.34e+00 7.99e+01  -6.0 1.01e+02    -  1.55e-03 6.01e-04f  1
 236  7.1849814e+05 8.32e+00 7.98e+01  -6.0 1.01e+02    -  7.50e-04 2.09e-03f  1
 237  7.1838566e+05 8.32e+00 7.96e+01  -6.0 1.11e+02    -  2.48e-03 5.28e-04f  1
 238  7.1785466e+05 8.30e+00 7.93e+01  -6.0 1.16e+02    -  3.74e-03 2.61e-03f  1
 239  7.1704696e+05 8.26e+00 7.92e+01  -6.0 1.14e+02    -  1.06e-03 4.00e-03f  1
iter    objective    inf_pr   inf_du lg(mu)  ||d||  lg(rg) alpha_du alpha_pr  ls
 240  7.1571657e+05 8.21e+00 7.89e+01  -6.0 1.10e+02    -  3.48e-03 6.63e-03f  1
 241  7.1528294e+05 8.19e+00 7.86e+01  -6.0 1.05e+02    -  4.41e-03 2.18e-03f  1
 242  7.1520501e+05 8.19e+00 7.85e+01  -6.0 9.76e+01    -  1.56e-03 3.98e-04h  1
 243  7.1507466e+05 8.18e+00 7.83e+01  -6.0 9.95e+01    -  2.47e-03 6.62e-04f  1
 244  7.1441177e+05 8.15e+00 7.82e+01  -6.0 1.42e+02    -  4.94e-04 3.52e-03f  1
 245  7.1428541e+05 8.15e+00 7.81e+01  -6.0 1.15e+02    -  1.11e-03 6.74e-04f  1
 246  7.1379114e+05 8.13e+00 7.79e+01  -6.0 1.25e+02    -  2.79e-03 2.64e-03f  1
 247  7.1293935e+05 8.09e+00 7.78e+01  -6.0 9.84e+01    -  1.51e-03 4.57e-03f  1
 248  7.1283671e+05 8.08e+00 7.77e+01  -6.0 9.66e+01    -  4.72e-04 5.81e-04f  1
 249  7.1275315e+05 8.08e+00 7.72e+01  -6.0 9.61e+01    -  7.33e-03 4.95e-04h  1
iter    objective    inf_pr   inf_du lg(mu)  ||d||  lg(rg) alpha_du alpha_pr  ls
 250  7.1147442e+05 8.02e+00 7.71e+01  -6.0 9.41e+01    -  6.92e-04 7.59e-03f  1
 251  7.1108126e+05 8.00e+00 7.67e+01  -6.0 8.45e+01    -  5.39e-03 2.36e-03f  1
 252  7.1100336e+05 8.00e+00 7.64e+01  -6.0 7.75e+01    -  4.13e-03 4.69e-04h  1
 253  7.1005538e+05 7.95e+00 7.63e+01  -6.0 7.51e+01    -  1.86e-03 5.70e-03f  1
 254  7.0983138e+05 7.94e+00 7.60e+01  -6.0 6.57e+01    -  3.45e-03 1.34e-03f  1
 255  7.0971666e+05 7.94e+00 7.59e+01  -6.0 5.46e+01    -  1.61e-03 6.92e-04f  1
 256  7.0962544e+05 7.93e+00 7.58e+01  -6.0 5.42e+01    -  7.03e-04 5.52e-04h  1
 257  7.0933761e+05 7.92e+00 7.56e+01  -6.0 5.45e+01    -  3.48e-03 1.74e-03f  1
 258  7.0896298e+05 7.90e+00 7.55e+01  -6.0 5.48e+01    -  9.97e-04 2.28e-03f  1
 259  7.0885112e+05 7.89e+00 7.52e+01  -6.0 5.78e+01    -  4.77e-03 6.83e-04f  1
iter    objective    inf_pr   inf_du lg(mu)  ||d||  lg(rg) alpha_du alpha_pr  ls
 260  7.0799736e+05 7.85e+00 7.51e+01  -6.0 6.09e+01    -  9.90e-04 5.33e-03f  1
 261  7.0778716e+05 7.84e+00 7.46e+01  -6.0 5.82e+01    -  6.66e-03 1.32e-03f  1
 262  7.0732738e+05 7.82e+00 7.45e+01  -6.0 5.64e+01    -  8.39e-04 2.89e-03f  1
 263  7.0672841e+05 7.79e+00 7.41e+01  -6.0 6.64e+01    -  5.79e-03 3.77e-03f  1
 264  7.0625026e+05 7.77e+00 7.38e+01  -6.0 5.65e+01    -  4.69e-03 3.03e-03f  1
 265  7.0611349e+05 7.76e+00 7.33e+01  -6.0 1.19e+02    -  7.59e-03 8.96e-04f  1
 266  7.0597575e+05 7.75e+00 7.31e+01  -6.0 1.08e+02    -  2.34e-03 9.17e-04f  1
 267  7.0559061e+05 7.73e+00 7.29e+01  -6.0 1.05e+02    -  3.13e-03 2.57e-03f  1
 268  7.0492605e+05 7.70e+00 7.26e+01  -6.0 7.73e+01    -  3.63e-03 4.46e-03f  1
 269  7.0416832e+05 7.66e+00 7.22e+01  -6.0 7.64e+01    -  5.64e-03 5.12e-03f  1
iter    objective    inf_pr   inf_du lg(mu)  ||d||  lg(rg) alpha_du alpha_pr  ls
 270  7.0314438e+05 7.60e+00 7.18e+01  -6.0 7.29e+01    -  5.22e-03 6.97e-03f  1
 271  7.0247627e+05 7.57e+00 7.17e+01  -6.0 1.40e+02    -  1.12e-03 4.60e-03f  1
 272  7.0232206e+05 7.56e+00 7.16e+01  -6.0 5.90e+01    -  1.84e-03 1.07e-03f  1
 273  7.0205402e+05 7.55e+00 7.15e+01  -6.0 6.81e+01    -  8.67e-04 1.86e-03f  1
 274  7.0145431e+05 7.52e+00 7.13e+01  -6.0 6.91e+01    -  2.62e-03 4.17e-03f  1
 275  7.0113633e+05 7.50e+00 7.12e+01  -6.0 7.14e+01    -  1.98e-03 2.23e-03f  1
 276  7.0077785e+05 7.48e+00 7.08e+01  -6.0 7.25e+01    -  5.46e-03 2.53e-03f  1
 277  6.9990450e+05 7.43e+00 7.06e+01  -6.0 7.08e+01    -  2.07e-03 6.19e-03f  1
 278  6.9973855e+05 7.42e+00 7.06e+01  -6.0 5.22e+01    -  1.07e-03 1.18e-03f  1
 279  6.9872273e+05 7.37e+00 7.04e+01  -6.0 4.76e+01    -  1.21e-03 7.33e-03f  1
iter    objective    inf_pr   inf_du lg(mu)  ||d||  lg(rg) alpha_du alpha_pr  ls
 280  6.9854643e+05 7.36e+00 6.99e+01  -6.0 4.57e+01    -  9.00e-03 1.30e-03f  1
 281  6.9749138e+05 7.30e+00 6.90e+01  -6.0 4.53e+01    -  1.25e-02 7.79e-03f  1
 282  6.9721962e+05 7.29e+00 6.81e+01  -6.0 1.89e+02    -  1.38e-02 2.08e-03f  1
 283  6.9612034e+05 7.23e+00 6.76e+01  -6.0 1.80e+02    -  8.27e-03 8.42e-03f  1
 284  6.9570190e+05 7.20e+00 6.75e+01  -6.0 1.42e+02    -  1.24e-03 3.29e-03f  1
 285  6.9553004e+05 7.19e+00 6.74e+01  -6.0 1.30e+02    -  1.28e-03 1.36e-03f  1
 286  6.9442625e+05 7.13e+00 6.60e+01  -6.0 1.25e+02    -  2.26e-02 8.73e-03f  1
 287  6.9250160e+05 7.02e+00 6.52e+01  -6.0 9.63e+01    -  1.09e-02 1.54e-02f  1
 288  6.9248661e+05 7.02e+00 6.43e+01  -6.0 4.28e+01    -  1.63e-02 1.22e-04h  1
 289  6.9221285e+05 7.00e+00 6.40e+01  -6.0 4.41e+01    -  4.74e-03 2.23e-03f  1
iter    objective    inf_pr   inf_du lg(mu)  ||d||  lg(rg) alpha_du alpha_pr  ls
 290  6.9175558e+05 6.98e+00 6.38e+01  -6.0 4.96e+01    -  2.83e-03 3.78e-03f  1
 291  6.9130317e+05 6.95e+00 6.37e+01  -6.0 3.30e+01    -  4.65e-04 3.78e-03f  1
 292  6.9123328e+05 6.95e+00 6.35e+01  -6.0 1.00e+02    -  4.40e-03 5.87e-04h  1
 293  6.9034925e+05 6.90e+00 6.34e+01  -6.0 9.78e+01    -  6.52e-04 7.43e-03f  1
 294  6.9017121e+05 6.89e+00 6.32e+01  -6.0 1.55e+01  -2.1 3.04e-03 1.51e-03f  1
 295  6.8997863e+05 6.87e+00 6.32e+01  -6.0 1.30e+01  -1.7 7.46e-04 1.64e-03f  1
 296  6.8988453e+05 6.87e+00 6.31e+01  -6.0 1.52e+01  -2.2 1.43e-03 8.01e-04h  1
 297  6.8959624e+05 6.85e+00 6.30e+01  -6.0 1.30e+01  -1.8 5.94e-04 2.53e-03f  1
 298  6.8952018e+05 6.85e+00 6.30e+01  -6.0 2.45e+01  -2.2 4.72e-04 6.62e-04h  1
 299  6.8895898e+05 6.81e+00 6.29e+01  -6.0 1.25e+01  -1.8 1.06e-03 4.95e-03f  1
iter    objective    inf_pr   inf_du lg(mu)  ||d||  lg(rg) alpha_du alpha_pr  ls
 300  6.8893866e+05 6.81e+00 6.28e+01  -6.0 2.92e+01  -2.3 2.14e-03 1.77e-04h  1

Number of Iterations....: 300

                                   (scaled)                 (unscaled)
Objective...............:   2.5254349742690661e+03    6.8893866098060121e+05
Dual infeasibility......:   6.2778664781362387e+01    1.7126019752355660e+04
Constraint violation....:   6.8113377070137116e+00    6.8113377070137116e+00
Variable bound violation:   0.0000000000000000e+00    0.0000000000000000e+00
Complementarity.........:   2.2793655874683022e-04    6.2181093226135284e-02
Overall NLP error.......:   6.2778664781362387e+01    1.7126019752355660e+04


Number of objective function evaluations             = 301
Number of objective gradient evaluations             = 301
Number of equality constraint evaluations            = 301
Number of inequality constraint evaluations          = 301
Number of equality constraint Jacobian evaluations   = 301
Number of inequality constraint Jacobian evaluations = 301
Number of Lagrangian Hessian evaluations             = 300
Total seconds in IPOPT                               = 25.143

EXIT: Maximum Number of Iterations Exceeded.

