Solver command line: ['/opt/homebrew/bin/ipopt', '/var/folders/6y/bvynbx6n3zv7z3lwg6vd724r0000gn/T/tmpyy3s3cf5.pyomo.nl', '-AMPL', 'tol=1e-06', 'max_iter=300', 'print_level=5', 'warm_start_init_point=yes', 'warm_start_bound_push=1e-06', 'warm_start_bound_frac=1e-06', 'warm_start_mult_bound_push=1e-06', 'mu_init=1e-06', 'least_square_init_duals=no']

Ipopt 3.14.19: tol=1e-06
max_iter=300
print_level=5
warm_start_init_point=yes
warm_start_bound_push=1e-06
warm_start_bound_frac=1e-06
warm_start_mult_bound_push=1e-06
mu_init=1e-06
least_square_init_duals=no


******************************************************************************
This program contains Ipopt, a library for large-scale nonlinear optimization.
 Ipopt is released as open source code under the Eclipse Public License (EPL).
         For more information visit https://github.com/coin-or/Ipopt
******************************************************************************

This is Ipopt version 3.14.19, running with linear solver MUMPS 5.6.2.

Number of nonzeros in equality constraint Jacobian...:    43679
Number of nonzeros in inequality constraint Jacobian.:    33080
Number of nonzeros in Lagrangian Hessian.............:    24644

Total number of variables............................:     6698
                     variables with only lower bounds:        0
                variables with lower and upper bounds:     6698
                     variables with only upper bounds:        0
Total number of equality constraints.................:     6045
Total number of inequality constraints...............:     8270
        inequality constraints with only lower bounds:        0
   inequality constraints with lower and upper bounds:        0
        inequality constraints with only upper bounds:     8270

iter    objective    inf_pr   inf_du lg(mu)  ||d||  lg(rg) alpha_du alpha_pr  ls
   0  6.0138414e+05 4.86e+02 6.86e+03  -6.0 0.00e+00    -  0.00e+00 0.00e+00   0
   1  6.0137492e+05 4.86e+02 6.86e+03  -6.0 3.40e+01  -2.0 4.61e-04 2.40e-04h  1
   2  6.0134341e+05 4.86e+02 6.85e+03  -6.0 8.90e+01  -2.5 2.30e-04 3.82e-04h  1
   3  6.0131598e+05 4.86e+02 6.85e+03  -6.0 1.87e+02  -3.0 3.59e-04 1.68e-04h  1
   4  6.0128744e+05 4.86e+02 6.85e+03  -6.0 1.07e+03  -3.4 1.03e-05 1.32e-04h  1
   5  6.0128546e+05 4.86e+02 6.85e+03  -6.0 1.62e+02  -3.0 4.57e-05 1.58e-05h  1
   6  6.0126104e+05 4.86e+02 6.85e+03  -6.0 3.46e+02  -3.5 4.76e-04 9.27e-05h  1
   7  6.0121191e+05 4.85e+02 6.85e+03  -6.0 1.93e+02  -3.1 1.44e-04 2.96e-04h  1
   8  6.0110187e+05 4.85e+02 6.85e+03  -6.0 3.53e+02  -3.5 3.86e-04 4.11e-04f  1
   9  6.0098939e+05 4.85e+02 6.84e+03  -6.0 1.10e+03  -4.0 2.18e-04 1.58e-04f  1
iter    objective    inf_pr   inf_du lg(mu)  ||d||  lg(rg) alpha_du alpha_pr  ls
  10  6.0090684e+05 4.84e+02 6.84e+03  -6.0 5.84e+02  -3.6 1.55e-04 1.93e-04f  1
  11  6.0083966e+05 4.84e+02 6.84e+03  -6.0 2.75e+02  -3.2 5.21e-04 2.75e-04f  1
  12  6.0076952e+05 4.84e+02 6.84e+03  -6.0 6.08e+02  -3.6 5.43e-04 1.70e-04f  1
  13  6.0075999e+05 4.84e+02 6.84e+03  -6.0 3.06e+02  -3.2 1.18e-04 3.84e-05h  1
  14  6.0065650e+05 4.83e+02 6.84e+03  -6.0 5.49e+02  -3.7 1.75e-04 2.91e-04f  1
  15  6.0059118e+05 4.83e+02 6.84e+03  -6.0 3.00e+02  -3.3 8.12e-04 2.94e-04h  1
  16  6.0049522e+05 4.83e+02 6.83e+03  -6.0 5.17e+02  -3.7 1.43e-04 3.04e-04f  1
  17  6.0048495e+05 4.82e+02 6.83e+03  -6.0 8.74e+03  -4.2 2.32e-05 1.86e-05h  1
  18  6.0047682e+05 4.82e+02 6.83e+03  -6.0 4.89e+02  -3.8 3.33e-04 2.79e-05h  1
  19  6.0046654e+05 4.82e+02 6.83e+03  -6.0 1.40e+03  -4.3 3.31e-04 2.81e-05h  1
iter    objective    inf_pr   inf_du lg(mu)  ||d||  lg(rg) alpha_du alpha_pr  ls
  20  6.0044716e+05 4.82e+02 6.83e+03  -6.0 5.84e+02  -4.7 8.03e-04 5.84e-05h  1
  21  6.0034477e+05 4.82e+02 6.83e+03  -6.0 3.07e+02  -4.3 4.00e-04 4.06e-04f  1
  22  6.0027271e+05 4.81e+02 6.83e+03  -6.0 3.06e+02  -4.8 5.01e-04 3.41e-04h  1
  23  6.0024325e+05 4.81e+02 6.83e+03  -6.0 2.78e+02  -4.4 3.09e-04 1.62e-04h  1
  24  6.0023220e+05 4.81e+02 6.83e+03  -6.0 2.03e+02  -4.8 4.93e-04 9.97e-05h  1
  25  6.0021344e+05 4.80e+02 6.82e+03  -6.0 1.69e+02  -4.4 8.54e-04 2.13e-04h  1
  26  6.0018289e+05 4.80e+02 6.82e+03  -6.0 2.13e+02  -4.9 3.20e-04 4.57e-04h  1
  27  6.0015894e+05 4.79e+02 6.82e+03  -6.0 1.70e+02  -4.5 4.87e-04 3.98e-04h  1
  28  6.0015542e+05 4.79e+02 6.82e+03  -6.0 1.87e+02  -4.9 8.39e-04 6.07e-05h  1
  29  6.0014054e+05 4.79e+02 6.82e+03  -6.0 1.53e+02  -4.5 1.04e-04 2.84e-04h  1
iter    objective    inf_pr   inf_du lg(mu)  ||d||  lg(rg) alpha_du alpha_pr  ls
  30  6.0012164e+05 4.78e+02 6.81e+03  -6.0 1.13e+02  -4.1 6.58e-04 3.87e-04h  1
  31  6.0010654e+05 4.78e+02 6.81e+03  -6.0 1.39e+02  -4.6 1.07e-03 3.30e-04h  1
  32  6.0009050e+05 4.78e+02 6.81e+03  -6.0 1.49e+02  -4.1 4.14e-04 3.68e-04h  1
  33  6.0006712e+05 4.77e+02 6.80e+03  -6.0 1.83e+02  -4.6 3.09e-04 5.41e-04h  1
  34  6.0003680e+05 4.76e+02 6.80e+03  -6.0 1.37e+02  -4.2 1.06e-04 7.34e-04h  1
  35  6.0003139e+05 4.76e+02 6.80e+03  -6.0 1.96e+02  -4.7 6.17e-05 1.19e-04h  1
  36  5.9997063e+05 4.74e+02 6.79e+03  -6.0 1.47e+02  -4.2 1.40e-04 1.40e-03h  1
  37  5.9996471e+05 4.74e+02 6.79e+03  -6.0 1.51e+02  -4.7 1.32e-03 1.37e-04h  1
  38  5.9994911e+05 4.74e+02 6.79e+03  -6.0 1.43e+02  -4.3 4.18e-03 3.74e-04h  1
  39  5.9990354e+05 4.73e+02 6.78e+03  -6.0 1.50e+02  -4.8 7.70e-04 1.08e-03h  1
iter    objective    inf_pr   inf_du lg(mu)  ||d||  lg(rg) alpha_du alpha_pr  ls
  40  5.9984261e+05 4.72e+02 6.77e+03  -6.0 1.39e+02  -4.4 1.25e-03 1.47e-03h  1
  41  5.9983252e+05 4.72e+02 6.77e+03  -6.0 8.90e+01  -4.8 1.57e-03 2.62e-04h  1
  42  5.9977403e+05 4.71e+02 6.76e+03  -6.0 8.00e+01  -4.4 1.25e-03 1.67e-03h  1
  43  5.9969695e+05 4.69e+02 6.74e+03  -6.0 8.11e+01  -4.9 1.74e-03 2.25e-03h  1
  44  5.9967534e+05 4.68e+02 6.74e+03  -6.0 6.97e+01  -4.5 1.49e-03 6.58e-04h  1
  45  5.9962229e+05 4.66e+02 6.72e+03  -6.0 6.21e+01  -4.0 1.14e-03 1.74e-03h  1
  46  5.9959651e+05 4.65e+02 6.72e+03  -6.0 6.78e+01  -4.5 3.82e-03 8.35e-04h  1
  47  5.9959517e+05 4.65e+02 6.72e+03  -6.0 5.47e+01  -4.1 4.52e-03 5.31e-05h  1
  48  5.9956742e+05 4.64e+02 6.71e+03  -6.0 5.95e+01  -4.6 1.62e-03 1.22e-03h  1
  49  5.9953056e+05 4.62e+02 6.70e+03  -6.0 5.21e+01  -4.1 6.30e-04 1.76e-03h  1
iter    objective    inf_pr   inf_du lg(mu)  ||d||  lg(rg) alpha_du alpha_pr  ls
  50  5.9951160e+05 4.61e+02 6.69e+03  -6.0 5.63e+01  -4.6 2.94e-03 8.90e-04h  1
  51  5.9948988e+05 4.60e+02 6.69e+03  -6.0 5.12e+01  -4.2 5.53e-04 1.05e-03h  1
  52  5.9946264e+05 4.59e+02 6.68e+03  -6.0 5.45e+01  -4.7 1.31e-03 1.31e-03h  1
  53  5.9944653e+05 4.57e+02 6.67e+03  -6.0 4.28e+01  -4.2 1.48e-03 9.85e-04h  1
  54  5.9942900e+05 4.56e+02 6.66e+03  -6.0 5.53e+01  -4.7 4.90e-03 1.06e-03h  1
  55  5.9940905e+05 4.55e+02 6.65e+03  -6.0 6.88e+01  -4.3 6.03e-03 1.27e-03h  1
  56  5.9938917e+05 4.54e+02 6.65e+03  -6.0 8.81e+01  -4.8 1.90e-03 1.26e-03h  1
  57  5.9937424e+05 4.52e+02 6.64e+03  -6.0 7.80e+01  -4.3 1.29e-03 1.18e-03h  1
  58  5.9935454e+05 4.51e+02 6.63e+03  -6.0 8.68e+01  -4.8 1.56e-03 1.51e-03h  1
  59  5.9932164e+05 4.48e+02 6.61e+03  -6.0 8.00e+01  -4.4 2.08e-03 2.55e-03h  1
iter    objective    inf_pr   inf_du lg(mu)  ||d||  lg(rg) alpha_du alpha_pr  ls
  60  5.9923088e+05 4.40e+02 6.56e+03  -6.0 6.61e+01  -4.0 4.36e-03 7.37e-03h  1
  61  5.9917062e+05 4.35e+02 6.53e+03  -6.0 8.11e+01  -4.4 6.33e-03 4.66e-03h  1
  62  5.9913965e+05 4.33e+02 6.52e+03  -6.0 7.10e+01  -4.0 4.60e-04 2.08e-03h  1
  63  5.9909386e+05 4.30e+02 6.50e+03  -6.0 8.34e+01  -4.5 1.50e-03 2.99e-03h  1
  64  5.9908361e+05 4.29e+02 6.49e+03  -6.0 7.28e+01  -4.1 3.64e-03 6.83e-04h  1
  65  5.9907058e+05 4.28e+02 6.49e+03  -6.0 8.46e+01  -4.5 1.38e-03 8.62e-04h  1
  66  5.9904785e+05 4.27e+02 6.48e+03  -6.0 7.46e+01  -4.1 1.28e-03 1.59e-03h  1
  67  5.9903931e+05 4.26e+02 6.48e+03  -6.0 8.48e+01  -4.6 4.66e-03 5.84e-04h  1
  68  5.9898846e+05 4.23e+02 6.45e+03  -6.0 7.61e+01  -4.2 7.66e-03 3.57e-03h  1
  69  5.9892313e+05 4.18e+02 6.42e+03  -6.0 8.43e+01  -4.6 3.30e-03 4.50e-03h  1
iter    objective    inf_pr   inf_du lg(mu)  ||d||  lg(rg) alpha_du alpha_pr  ls
  70  5.9888256e+05 4.15e+02 6.40e+03  -6.0 7.41e+01  -4.2 4.96e-04 2.85e-03h  1
  71  5.9887765e+05 4.15e+02 6.40e+03  -6.0 2.86e+01  -4.7 1.74e-03 3.56e-04h  1
  72  5.9885610e+05 4.13e+02 6.39e+03  -6.0 2.72e+01  -4.3 1.92e-03 1.59e-03h  1
  73  5.9884769e+05 4.13e+02 6.39e+03  -6.0 2.78e+01  -4.7 7.34e-03 6.36e-04h  1
  74  5.9880621e+05 4.09e+02 6.37e+03  -6.0 3.95e+01  -4.3 1.23e-03 3.41e-03h  1
  75  5.9878372e+05 4.07e+02 6.35e+03  -6.0 3.68e+01  -3.9 2.71e-03 2.18e-03h  1
  76  5.9872530e+05 4.02e+02 6.32e+03  -6.0 3.97e+01  -4.4 2.43e-03 5.59e-03h  1
  77  5.9869723e+05 3.99e+02 6.30e+03  -6.0 2.54e+01  -3.9 1.94e-03 2.65e-03h  1
  78  5.9868542e+05 3.98e+02 6.29e+03  -6.0 2.89e+01  -4.4 2.53e-03 1.29e-03h  1
  79  5.9868172e+05 3.97e+02 6.29e+03  -6.0 2.52e+01  -4.0 1.08e-02 4.09e-04h  1
iter    objective    inf_pr   inf_du lg(mu)  ||d||  lg(rg) alpha_du alpha_pr  ls
  80  5.9865261e+05 3.94e+02 6.27e+03  -6.0 3.72e+01  -4.5 4.34e-04 3.22e-03h  1
  81  5.9863109e+05 3.92e+02 6.25e+03  -6.0 2.85e+01  -4.0 4.61e-03 2.40e-03h  1
  82  5.9859746e+05 3.88e+02 6.23e+03  -6.0 3.86e+01  -4.5 3.41e-03 3.28e-03h  1
  83  5.9858189e+05 3.87e+02 6.22e+03  -6.0 3.04e+01  -4.1 3.55e-03 1.51e-03h  1
  84  5.9854465e+05 3.83e+02 6.20e+03  -6.0 3.34e+01  -4.6 1.20e-03 4.03e-03h  1
  85  5.9853400e+05 3.82e+02 6.19e+03  -6.0 3.11e+01  -4.1 3.91e-03 1.15e-03h  1
  86  5.9851013e+05 3.79e+02 6.18e+03  -6.0 3.46e+01  -4.6 1.44e-03 2.53e-03h  1
  87  5.9846236e+05 3.75e+02 6.15e+03  -6.0 3.07e+01  -4.2 1.64e-03 5.13e-03h  1
  88  5.9844391e+05 3.73e+02 6.13e+03  -6.0 3.40e+01  -4.7 6.37e-03 1.92e-03h  1
  89  5.9840236e+05 3.69e+02 6.11e+03  -6.0 3.16e+01  -4.3 2.20e-03 4.35e-03h  1
iter    objective    inf_pr   inf_du lg(mu)  ||d||  lg(rg) alpha_du alpha_pr  ls
  90  5.9837130e+05 3.66e+02 6.09e+03  -6.0 3.10e+01  -4.7 4.92e-03 3.21e-03h  1
  91  5.9835621e+05 3.64e+02 6.08e+03  -6.0 2.95e+01  -4.3 4.47e-03 1.55e-03h  1
  92  5.9828337e+05 3.57e+02 6.03e+03  -6.0 3.19e+01  -4.8 1.65e-03 7.80e-03h  1
  93  5.9826610e+05 3.56e+02 6.02e+03  -6.0 3.12e+01  -4.4 1.39e-03 1.83e-03h  1
  94  5.9826222e+05 3.55e+02 6.02e+03  -6.0 2.76e+01  -3.9 1.50e-03 4.15e-04h  1
  95  5.9819048e+05 3.49e+02 5.98e+03  -6.0 3.24e+01  -4.4 4.69e-03 6.78e-03h  1
  96  5.9813793e+05 3.45e+02 5.95e+03  -6.0 2.87e+01  -4.0 6.72e-03 5.03e-03h  1
  97  5.9809855e+05 3.42e+02 5.92e+03  -6.0 3.38e+01  -4.5 8.60e-03 3.73e-03h  1
  98  5.9805260e+05 3.38e+02 5.90e+03  -6.0 2.99e+01  -4.0 4.09e-03 4.39e-03h  1
  99  5.9804194e+05 3.37e+02 5.89e+03  -6.0 3.49e+01  -4.5 4.16e-03 1.04e-03h  1
iter    objective    inf_pr   inf_du lg(mu)  ||d||  lg(rg) alpha_du alpha_pr  ls
 100  5.9801365e+05 3.35e+02 5.88e+03  -6.0 3.09e+01  -4.1 3.67e-02 2.79e-03h  1
 101  5.9789265e+05 3.24e+02 5.80e+03  -6.0 3.56e+01  -4.6 1.50e-02 1.25e-02h  1
 102  5.9786905e+05 3.22e+02 5.79e+03  -6.0 3.26e+01  -4.1 4.40e-03 2.42e-03h  1
 103  5.9784841e+05 3.20e+02 5.78e+03  -6.0 3.75e+01  -4.6 4.51e-03 2.04e-03h  1
 104  5.9780548e+05 3.17e+02 5.75e+03  -6.0 3.36e+01  -4.2 2.65e-03 4.26e-03h  1
 105  5.9776196e+05 3.14e+02 5.73e+03  -6.0 3.84e+01  -4.7 3.48e-03 4.24e-03h  1
 106  5.9768006e+05 3.07e+02 5.68e+03  -6.0 3.48e+01  -4.2 1.20e-02 8.04e-03h  1
 107  5.9757999e+05 3.00e+02 5.63e+03  -6.0 3.99e+01  -4.7 2.26e-02 9.66e-03h  1
 108  5.9745184e+05 2.90e+02 5.56e+03  -6.0 3.67e+01  -4.3 3.86e-03 1.24e-02h  1
 109  5.9729949e+05 2.79e+02 5.48e+03  -6.0 4.23e+01  -4.8 3.04e-03 1.46e-02h  1
iter    objective    inf_pr   inf_du lg(mu)  ||d||  lg(rg) alpha_du alpha_pr  ls
 110  5.9724765e+05 2.76e+02 5.45e+03  -6.0 3.91e+01  -4.3 3.33e-02 5.03e-03h  1
 111  5.9712625e+05 2.67e+02 5.39e+03  -6.0 4.46e+01  -4.8 2.27e-02 1.17e-02h  1
 112  5.9692309e+05 2.54e+02 5.28e+03  -6.0 4.10e+01  -4.4 4.33e-03 1.99e-02h  1
 113  5.9685583e+05 2.49e+02 5.25e+03  -6.0 4.75e+01  -4.9 1.58e-02 6.50e-03h  1
 114  5.9661961e+05 2.34e+02 5.13e+03  -6.0 4.31e+01  -4.4 1.70e-03 2.31e-02h  1
 115  5.9655294e+05 2.30e+02 5.09e+03  -6.0 4.09e+01  -4.0 3.25e-02 6.57e-03h  1
 116  5.9639176e+05 2.21e+02 5.01e+03  -6.0 4.51e+01  -4.5 7.27e-03 1.57e-02h  1
 117  5.9627937e+05 2.14e+02 4.96e+03  -6.0 4.28e+01  -4.1 5.44e-02 1.15e-02h  1
 118  5.9599858e+05 1.97e+02 4.82e+03  -6.0 4.69e+01  -4.5 1.46e-02 2.85e-02h  1
 119  5.9582682e+05 1.87e+02 4.73e+03  -6.0 4.59e+01  -4.1 5.50e-03 1.88e-02h  1
iter    objective    inf_pr   inf_du lg(mu)  ||d||  lg(rg) alpha_du alpha_pr  ls
 120  5.9571956e+05 1.81e+02 4.67e+03  -6.0 4.90e+01  -4.6 2.76e-02 1.20e-02h  1
 121  5.9563066e+05 1.76e+02 4.62e+03  -6.0 4.80e+01  -4.2 1.47e-02 1.03e-02h  1
 122  5.9542277e+05 1.64e+02 4.51e+03  -6.0 5.04e+01  -4.6 2.77e-02 2.41e-02h  1
 123  5.9537103e+05 1.61e+02 4.48e+03  -6.0 5.00e+01  -4.2 1.31e-02 6.46e-03h  1
 124  5.9506599e+05 1.43e+02 4.31e+03  -6.0 5.22e+01  -4.7 1.00e-02 3.93e-02h  1
 125  5.9499977e+05 1.39e+02 4.27e+03  -6.0 5.21e+01  -4.3 3.58e-02 9.66e-03h  1
 126  5.9493128e+05 1.35e+02 4.23e+03  -6.0 5.42e+01  -4.7 4.02e-02 9.94e-03h  1
 127  5.9478197e+05 1.26e+02 4.13e+03  -6.0 5.28e+01  -4.3 5.05e-02 2.29e-02h  1
 128  5.9470322e+05 1.21e+02 4.08e+03  -6.0 5.58e+01  -4.8 6.25e-02 1.25e-02h  1
 129  5.9448997e+05 1.08e+02 3.93e+03  -6.0 5.38e+01  -4.4 2.17e-02 3.61e-02h  1
iter    objective    inf_pr   inf_du lg(mu)  ||d||  lg(rg) alpha_du alpha_pr  ls
 130  5.9430975e+05 9.70e+01 3.80e+03  -6.0 5.73e+01  -4.8 5.57e-02 3.34e-02h  1
 131  5.9418689e+05 8.87e+01 3.70e+03  -6.0 5.53e+01  -4.4 9.41e-02 2.66e-02h  1
 132  5.9405298e+05 7.86e+01 3.57e+03  -6.0 5.55e+01  -4.0 7.00e-02 3.47e-02h  1
 133  5.9396672e+05 7.20e+01 3.49e+03  -6.0 5.59e+01  -4.5 9.43e-03 2.45e-02h  1
 134  5.9386667e+05 6.33e+01 3.36e+03  -6.0 5.60e+01  -4.0 1.15e-02 3.46e-02h  1
 135  5.9380026e+05 5.73e+01 3.28e+03  -6.0 5.61e+01  -4.5 1.12e-02 2.56e-02h  1
 136  5.9377176e+05 5.42e+01 3.23e+03  -6.0 5.58e+01  -4.1 2.97e-02 1.42e-02h  1
 137  5.9371533e+05 4.84e+01 3.14e+03  -6.0 5.58e+01  -4.6 2.15e-02 2.73e-02h  1
 138  5.9364779e+05 3.96e+01 3.00e+03  -6.0 5.56e+01  -4.1 1.57e-02 4.54e-02h  1
 139  5.9362372e+05 3.57e+01 2.94e+03  -6.0 5.14e+01  -4.6 5.03e-02 2.21e-02h  1
iter    objective    inf_pr   inf_du lg(mu)  ||d||  lg(rg) alpha_du alpha_pr  ls
 140  5.9359945e+05 2.87e+01 2.81e+03  -6.0 3.63e+01  -4.2 5.94e-03 4.20e-02h  1
 141  5.9358330e+05 2.16e+01 2.68e+03  -6.0 5.20e+01  -4.7 4.92e-02 4.78e-02h  1
 142  5.9358427e+05 2.12e+01 2.67e+03  -6.0 3.70e+01  -4.3 2.58e-02 2.62e-03h  1
 143  5.9360333e+05 1.45e+01 2.53e+03  -6.0 5.27e+01  -4.7 3.05e-02 5.23e-02h  1
 144  5.9360576e+05 1.42e+01 2.52e+03  -6.0 3.80e+01  -4.3 1.78e-02 2.46e-03h  1
 145  5.9364395e+05 9.50e+00 2.42e+03  -6.0 5.30e+01  -4.8 3.50e-03 4.10e-02h  1
 146  5.9365421e+05 8.70e+00 2.40e+03  -6.0 3.91e+01  -4.4 2.46e-02 7.56e-03h  1
 147  5.9367720e+05 7.64e+00 2.36e+03  -6.0 5.32e+01  -4.8 1.79e-02 1.77e-02h  1
 148  5.9368229e+05 7.62e+00 2.35e+03  -6.0 4.05e+01  -4.4 2.74e-02 3.23e-03h  1
 149  5.9377574e+05 7.18e+00 2.22e+03  -6.0 5.47e+01  -4.9 3.83e-02 5.75e-02h  1
iter    objective    inf_pr   inf_du lg(mu)  ||d||  lg(rg) alpha_du alpha_pr  ls
 150  5.9378927e+05 7.13e+00 2.20e+03  -6.0 4.09e+01  -4.5 8.81e-02 6.37e-03h  1
 151  5.9384090e+05 6.97e+00 2.15e+03  -6.0 5.63e+01  -4.9 1.74e-02 2.35e-02h  1
 152  5.9390949e+05 6.77e+00 2.09e+03  -6.0 4.19e+01  -4.5 2.29e-02 2.83e-02h  1
 153  5.9405540e+05 6.38e+00 1.97e+03  -6.0 5.79e+01  -5.0 3.05e-02 5.81e-02h  1
 154  5.9414375e+05 6.17e+00 1.90e+03  -6.0 6.82e+01  -5.5 4.94e-02 3.25e-02h  1
 155  5.9420969e+05 6.03e+00 1.86e+03  -6.0 5.80e+01  -5.0 1.38e-02 2.30e-02h  1
 156  5.9427353e+05 5.89e+00 1.82e+03  -6.0 6.69e+01  -5.5 2.44e-02 2.29e-02h  1
 157  5.9441196e+05 5.61e+00 1.73e+03  -6.0 4.76e+01  -5.1 2.54e-02 4.73e-02h  1
 158  5.9447676e+05 5.50e+00 1.69e+03  -6.0 4.87e+01  -5.6 3.05e-02 2.06e-02h  1
 159  5.9458578e+05 5.31e+00 1.64e+03  -6.0 4.47e+01  -5.1 2.83e-02 3.37e-02h  1
iter    objective    inf_pr   inf_du lg(mu)  ||d||  lg(rg) alpha_du alpha_pr  ls
 160  5.9463533e+05 5.23e+00 1.61e+03  -6.0 4.55e+01  -5.6 7.30e-02 1.50e-02h  1
 161  5.9475760e+05 5.05e+00 1.56e+03  -6.0 4.18e+01  -5.2 1.87e-02 3.56e-02h  1
 162  5.9487377e+05 4.88e+00 1.50e+03  -6.0 4.22e+01  -5.7 8.96e-03 3.36e-02h  1
 163  5.9488772e+05 4.86e+00 1.50e+03  -6.0 3.96e+01  -5.2 1.95e-02 4.01e-03h  1
 164  5.9497000e+05 4.74e+00 1.46e+03  -6.0 4.01e+01  -5.7 1.98e-02 2.37e-02h  1
 165  5.9504478e+05 4.64e+00 1.43e+03  -6.0 3.88e+01  -5.3 2.22e-02 2.13e-02h  1
 166  5.9516358e+05 4.49e+00 1.38e+03  -6.0 3.90e+01  -5.8 1.94e-02 3.38e-02h  1
 167  5.9521570e+05 4.42e+00 1.36e+03  -6.0 3.74e+01  -5.3 1.04e-02 1.50e-02h  1
 168  5.9538095e+05 4.21e+00 1.30e+03  -6.0 3.96e+01  -5.8 1.51e-02 4.78e-02h  1
 169  5.9547652e+05 4.09e+00 1.26e+03  -6.0 4.34e+01  -6.3 1.18e-02 2.78e-02h  1
iter    objective    inf_pr   inf_du lg(mu)  ||d||  lg(rg) alpha_du alpha_pr  ls
 170  5.9579513e+05 3.71e+00 1.14e+03  -6.0 4.50e+01  -6.8 1.45e-02 9.28e-02h  1
 171  5.9587396e+05 3.63e+00 1.11e+03  -6.0 4.45e+01    -  2.84e-03 2.33e-02h  1
 172  5.9603464e+05 3.45e+00 1.06e+03  -6.0 4.48e+01    -  2.07e-02 4.76e-02h  1
 173  5.9617268e+05 3.31e+00 1.02e+03  -6.0 4.16e+01  -6.3 1.76e-02 4.24e-02h  1
 174  5.9618933e+05 3.29e+00 1.01e+03  -6.0 3.58e+01  -5.9 1.11e-02 5.22e-03h  1
 175  5.9624521e+05 3.24e+00 9.94e+02  -6.0 3.90e+01  -6.4 3.99e-02 1.69e-02h  1
 176  5.9629766e+05 3.18e+00 9.78e+02  -6.0 3.58e+01  -6.0 1.90e-02 1.59e-02h  1
 177  5.9635142e+05 3.13e+00 9.62e+02  -6.0 3.76e+01  -6.5 2.24e-02 1.63e-02h  1
 178  5.9643503e+05 3.05e+00 9.38e+02  -6.0 3.48e+01  -6.0 2.11e-02 2.53e-02h  1
 179  5.9645236e+05 3.04e+00 9.33e+02  -6.0 3.57e+01  -6.5 3.18e-02 5.28e-03h  1
iter    objective    inf_pr   inf_du lg(mu)  ||d||  lg(rg) alpha_du alpha_pr  ls
 180  5.9647243e+05 3.02e+00 9.27e+02  -6.0 3.68e+01    -  5.70e-03 5.93e-03h  1
 181  5.9648678e+05 3.01e+00 9.23e+02  -6.0 3.51e+01  -6.1 5.00e-03 4.25e-03h  1
 182  5.9649425e+05 3.00e+00 9.21e+02  -6.0 3.66e+01  -6.6 5.84e-04 2.26e-03h  1
 183  5.9659203e+05 2.91e+00 8.94e+02  -6.0 3.72e+01  -7.0 3.01e-03 2.92e-02h  1
 184  5.9660602e+05 2.90e+00 8.91e+02  -6.0 3.58e+01    -  3.31e-02 4.25e-03h  1
 185  5.9672457e+05 2.80e+00 8.58e+02  -6.0 3.52e+01    -  6.58e-03 3.59e-02h  1
 186  5.9691163e+05 2.64e+00 8.09e+02  -6.0 3.35e+01    -  2.12e-02 5.76e-02h  1
 187  5.9696190e+05 2.59e+00 7.96e+02  -6.0 3.05e+01    -  4.13e-02 1.60e-02h  1
 188  5.9696874e+05 2.59e+00 7.94e+02  -6.0 2.91e+01    -  4.20e-03 2.25e-03h  1
 189  5.9713133e+05 2.45e+00 7.52e+02  -6.0 2.88e+01    -  3.42e-03 5.26e-02h  1
iter    objective    inf_pr   inf_du lg(mu)  ||d||  lg(rg) alpha_du alpha_pr  ls
 190  5.9714470e+05 2.44e+00 7.49e+02  -6.0 2.70e+01    -  1.26e-02 4.46e-03h  1
 191  5.9719496e+05 2.40e+00 7.36e+02  -6.0 2.72e+01    -  1.09e-02 1.68e-02h  1
 192  5.9728285e+05 2.33e+00 7.15e+02  -6.0 2.64e+01    -  1.11e-02 2.91e-02h  1
 193  5.9730337e+05 2.31e+00 7.10e+02  -6.0 2.51e+01    -  3.76e-03 6.95e-03h  1
 194  5.9733749e+05 2.29e+00 7.01e+02  -6.0 2.48e+01    -  2.82e-02 1.16e-02h  1
 195  5.9744715e+05 2.20e+00 6.75e+02  -6.0 2.38e+01    -  1.82e-02 3.73e-02h  1
 196  5.9752230e+05 2.15e+00 6.57e+02  -6.0 2.17e+01    -  1.38e-02 2.60e-02h  1
 197  5.9759338e+05 2.09e+00 6.41e+02  -6.0 2.07e+01    -  2.69e-03 2.50e-02h  1
 198  5.9761203e+05 2.08e+00 6.37e+02  -6.0 2.02e+01    -  3.15e-02 6.67e-03h  1
 199  5.9765079e+05 2.05e+00 6.28e+02  -6.0 2.01e+01    -  2.32e-02 1.38e-02h  1
iter    objective    inf_pr   inf_du lg(mu)  ||d||  lg(rg) alpha_du alpha_pr  ls
 200  5.9766611e+05 2.04e+00 6.24e+02  -6.0 1.98e+01    -  4.29e-03 5.48e-03h  1
 201  5.9769121e+05 2.02e+00 6.19e+02  -6.0 1.97e+01    -  1.85e-02 9.02e-03h  1
 202  5.9774031e+05 1.98e+00 6.08e+02  -6.0 1.96e+01    -  6.16e-03 1.75e-02h  1
 203  5.9787818e+05 1.89e+00 5.78e+02  -6.0 2.15e+01    -  1.21e-02 4.96e-02h  1
 204  5.9795192e+05 1.83e+00 5.62e+02  -6.0 2.20e+01    -  2.29e-02 2.73e-02h  1
 205  5.9803298e+05 1.78e+00 5.45e+02  -6.0 2.21e+01    -  3.81e-02 3.05e-02h  1
 206  5.9813847e+05 1.71e+00 5.23e+02  -6.0 2.23e+01    -  2.09e-02 3.93e-02h  1
 207  5.9816536e+05 1.69e+00 5.18e+02  -6.0 2.19e+01    -  6.40e-03 1.03e-02h  1
 208  5.9825590e+05 1.63e+00 5.00e+02  -6.0 1.67e+01    -  1.12e-02 3.39e-02h  1
 209  5.9834704e+05 1.58e+00 4.83e+02  -6.0 1.62e+01    -  6.20e-03 3.51e-02h  1
iter    objective    inf_pr   inf_du lg(mu)  ||d||  lg(rg) alpha_du alpha_pr  ls
 210  5.9848887e+05 1.49e+00 4.55e+02  -6.0 1.57e+01    -  7.34e-03 5.71e-02h  1
 211  5.9852425e+05 1.46e+00 4.48e+02  -6.0 1.48e+01    -  3.50e-02 1.50e-02h  1
 212  5.9862440e+05 1.40e+00 4.29e+02  -6.0 1.47e+01    -  4.44e-02 4.26e-02h  1
 213  5.9866558e+05 1.38e+00 4.22e+02  -6.0 1.41e+01    -  3.76e-02 1.80e-02h  1
 214  5.9876728e+05 1.32e+00 4.03e+02  -6.0 1.38e+01    -  1.92e-02 4.45e-02h  1
 215  5.9881900e+05 1.28e+00 3.93e+02  -6.0 1.33e+01    -  9.24e-03 2.34e-02h  1
 216  5.9883542e+05 1.28e+00 3.90e+02  -6.0 1.30e+01    -  4.05e-02 7.51e-03h  1
 217  5.9893315e+05 1.22e+00 3.73e+02  -6.0 1.29e+01    -  1.64e-02 4.48e-02h  1
 218  5.9908648e+05 1.13e+00 3.46e+02  -6.0 1.24e+01    -  1.88e-02 7.29e-02h  1
 219  5.9913625e+05 1.10e+00 3.37e+02  -6.0 1.15e+01    -  2.89e-02 2.51e-02h  1
iter    objective    inf_pr   inf_du lg(mu)  ||d||  lg(rg) alpha_du alpha_pr  ls
 220  5.9917187e+05 1.08e+00 3.31e+02  -6.0 1.12e+01    -  2.47e-02 1.83e-02h  1
 221  5.9921139e+05 1.06e+00 3.24e+02  -6.0 1.05e+01    -  1.78e-02 2.06e-02h  1
 222  5.9925977e+05 1.03e+00 3.16e+02  -6.0 1.03e+01    -  5.94e-02 2.57e-02h  1
 223  5.9938492e+05 9.62e-01 2.94e+02  -6.0 1.01e+01    -  2.78e-02 6.76e-02h  1
 224  5.9939277e+05 9.57e-01 2.93e+02  -6.0 9.68e+00  -3.9 3.57e-02 4.48e-03h  1
 225  5.9944072e+05 9.31e-01 2.85e+02  -6.0 9.47e+00  -3.5 1.49e-02 2.73e-02h  1
 226  5.9955823e+05 8.67e-01 2.65e+02  -6.0 9.04e+00  -3.0 3.01e-02 6.85e-02h  1
 227  5.9968834e+05 7.97e-01 2.44e+02  -6.0 7.59e+00  -2.6 4.23e-03 8.08e-02h  1
 228  5.9991202e+05 6.79e-01 2.08e+02  -6.0 4.55e+00  -3.1 3.43e-02 1.48e-01h  1
 229  6.0013290e+05 5.67e-01 1.73e+02  -6.0 3.71e+00  -2.7 4.17e-02 1.65e-01h  1
iter    objective    inf_pr   inf_du lg(mu)  ||d||  lg(rg) alpha_du alpha_pr  ls
 230  6.0015810e+05 5.55e-01 1.69e+02  -6.0 3.50e+00  -3.1 9.48e-02 2.21e-02h  1
 231  6.0027775e+05 4.96e-01 1.52e+02  -6.0 3.29e+00  -2.7 3.07e-02 1.05e-01h  1
 232  6.0028778e+05 4.91e-01 1.50e+02  -6.0 3.26e+00  -3.2 2.07e-03 9.69e-03h  1
 233  6.0031605e+05 4.78e-01 1.46e+02  -6.0 3.07e+00  -2.8 2.46e-02 2.71e-02h  1
 234  6.0034517e+05 4.64e-01 1.42e+02  -6.0 3.23e+00  -3.2 1.64e-02 2.93e-02h  1
 235  6.0043237e+05 4.23e-01 1.29e+02  -6.0 2.89e+00  -2.8 1.36e-02 8.93e-02h  1
 236  6.0064693e+05 3.20e-01 9.79e+01  -6.0 3.32e+00  -3.3 1.58e-02 2.42e-01h  1
 237  6.0069948e+05 2.96e-01 9.05e+01  -6.0 2.24e+00  -2.9 4.82e-02 7.52e-02h  1
 238  6.0083763e+05 2.32e-01 7.10e+01  -6.0 2.66e+00  -3.3 1.93e-02 2.16e-01h  1
 239  6.0084204e+05 2.30e-01 7.04e+01  -6.0 4.44e+00  -3.8 4.92e-02 8.59e-03h  1
iter    objective    inf_pr   inf_du lg(mu)  ||d||  lg(rg) alpha_du alpha_pr  ls
 240  6.0089150e+05 2.08e-01 6.36e+01  -6.0 1.92e+00  -3.4 2.58e-02 9.65e-02h  1
 241  6.0089418e+05 2.07e-01 6.33e+01  -6.0 4.97e+00  -3.9 4.89e-02 5.74e-03h  1
 242  6.0090104e+05 2.04e-01 6.24e+01  -6.0 1.98e+00  -3.5 2.20e-01 1.46e-02h  1
 243  6.0092500e+05 1.93e-01 5.91e+01  -6.0 5.55e+00  -3.9 1.45e-02 5.17e-02h  1
 244  6.0095038e+05 1.82e-01 5.58e+01  -6.0 2.25e+00  -3.5 1.31e-02 5.72e-02h  1
 245  6.0099723e+05 1.62e-01 4.96e+01  -6.0 6.09e+00  -4.0 3.30e-02 1.12e-01h  1
 246  6.0111016e+05 1.13e-01 3.48e+01  -6.0 2.51e+00  -3.6 5.03e-02 3.01e-01h  1
 247  6.0112665e+05 1.06e-01 3.27e+01  -6.0 6.48e+00  -4.0 9.58e-02 6.00e-02h  1
 248  6.0115936e+05 9.29e-02 2.86e+01  -6.0 2.87e+00  -3.6 4.85e-02 1.27e-01h  1
 249  6.0120072e+05 7.53e-02 2.32e+01  -6.0 6.72e+00  -4.1 2.13e-02 1.89e-01h  1
iter    objective    inf_pr   inf_du lg(mu)  ||d||  lg(rg) alpha_du alpha_pr  ls
 250  6.0120554e+05 7.32e-02 2.26e+01  -6.0 1.29e+01  -4.6 2.73e-02 2.78e-02h  1
 251  6.0121668e+05 6.82e-02 2.10e+01  -6.0 6.93e+00  -4.1 8.16e-02 6.86e-02h  1
 252  6.0123019e+05 6.20e-02 1.91e+01  -6.0 1.39e+01  -4.6 4.43e-02 9.09e-02h  1
 253  6.0123273e+05 6.09e-02 1.88e+01  -6.0 7.15e+00  -4.2 4.10e-02 1.81e-02h  1
 254  6.0124753e+05 5.44e-02 1.68e+01  -6.0 2.15e+00  -4.7 1.77e-01 1.06e-01h  1
 255  6.0125375e+05 5.18e-02 1.60e+01  -6.0 1.90e+00  -4.2 1.19e-01 4.88e-02h  1
 256  6.0126221e+05 4.82e-02 1.49e+01  -6.0 1.82e+00  -4.7 1.02e-01 6.94e-02h  1
 257  6.0127177e+05 4.41e-02 1.36e+01  -6.0 1.90e+00  -5.2 1.17e-01 8.32e-02h  1
 258  6.0128796e+05 3.74e-02 1.16e+01  -6.0 1.98e+00  -5.7 8.36e-02 1.52e-01h  1
 259  6.0129519e+05 3.45e-02 1.06e+01  -6.0 1.80e+00    -  3.76e-01 7.93e-02h  1
iter    objective    inf_pr   inf_du lg(mu)  ||d||  lg(rg) alpha_du alpha_pr  ls
 260  6.0132706e+05 2.15e-02 6.69e+00  -6.0 1.61e+00    -  1.18e-01 3.75e-01h  1
 261  6.0134414e+05 1.49e-02 4.63e+00  -6.0 1.26e+00    -  4.98e-01 3.09e-01h  1
 262  6.0134760e+05 1.35e-02 4.21e+00  -6.0 9.61e-01    -  3.46e-01 8.91e-02h  1
 263  6.0135217e+05 1.18e-02 3.68e+00  -6.0 7.40e-01    -  4.76e-01 1.27e-01h  1
 264  6.0137352e+05 3.86e-03 1.20e+00  -6.0 7.12e-01    -  7.41e-01 6.73e-01h  1
 265  6.0138289e+05 3.95e-04 1.31e-01  -6.0 3.34e-01    -  1.00e+00 8.97e-01h  1
 266  6.0138399e+05 1.90e-05 9.85e-04  -6.0 5.50e-02    -  1.00e+00 1.00e+00h  1
 267  6.0138399e+05 5.82e-06 2.72e-04  -6.0 2.50e-02    -  1.00e+00 1.00e+00h  1
 268  6.0138399e+05 6.59e-07 3.12e-05  -6.0 8.40e-03    -  1.00e+00 1.00e+00h  1
 269  6.0138399e+05 1.45e-08 6.88e-07  -6.0 1.25e-03    -  1.00e+00 1.00e+00h  1
iter    objective    inf_pr   inf_du lg(mu)  ||d||  lg(rg) alpha_du alpha_pr  ls
 270  6.0138388e+05 3.15e-05 1.49e-02  -7.5 6.95e-02    -  8.33e-01 7.63e-01h  1
 271  6.0138386e+05 1.54e-05 7.41e-02  -7.5 3.50e-02    -  1.00e+00 5.57e-01h  1
 272  6.0138385e+05 5.31e-06 2.42e-04  -7.5 2.25e-02    -  1.00e+00 1.00e+00f  1
 273  6.0138385e+05 1.22e-07 7.47e-07  -7.5 3.19e-03    -  1.00e+00 1.00e+00h  1

Number of Iterations....: 273

                                   (scaled)                 (unscaled)
Objective...............:   2.2044862438336440e+03    6.0138384731781809e+05
Dual infeasibility......:   7.4734484112164024e-07    2.0387567265798347e-04
Constraint violation....:   1.2241715245577683e-07    1.2241715245577683e-07
Variable bound violation:   9.6392477125228915e-09    9.6392477125228915e-09
Complementarity.........:   3.5494812000405968e-08    9.6829847137107473e-06
Overall NLP error.......:   7.4734484112164024e-07    2.0387567265798347e-04


Number of objective function evaluations             = 274
Number of objective gradient evaluations             = 274
Number of equality constraint evaluations            = 274
Number of inequality constraint evaluations          = 275
Number of equality constraint Jacobian evaluations   = 274
Number of inequality constraint Jacobian evaluations = 274
Number of Lagrangian Hessian evaluations             = 273
Total seconds in IPOPT                               = 25.979

EXIT: Optimal Solution Found.

