Solver command line: ['/opt/homebrew/bin/ipopt', '/var/folders/6y/bvynbx6n3zv7z3lwg6vd724r0000gn/T/tmpg28jmamm.pyomo.nl', '-AMPL', 'tol=1e-06', 'max_iter=300', 'print_level=5', 'warm_start_init_point=yes', 'warm_start_bound_push=1e-06', 'warm_start_bound_frac=1e-06', 'warm_start_mult_bound_push=1e-06', 'mu_init=1e-06', 'least_square_init_duals=no']

Ipopt 3.14.19: tol=1e-06
max_iter=300
print_level=5
warm_start_init_point=yes
warm_start_bound_push=1e-06
warm_start_bound_frac=1e-06
warm_start_mult_bound_push=1e-06
mu_init=1e-06
least_square_init_duals=no


******************************************************************************
This program contains Ipopt, a library for large-scale nonlinear optimization.
 Ipopt is released as open source code under the Eclipse Public License (EPL).
         For more information visit https://github.com/coin-or/Ipopt
******************************************************************************

This is Ipopt version 3.14.19, running with linear solver MUMPS 5.6.2.

Number of nonzeros in equality constraint Jacobian...:    43679
Number of nonzeros in inequality constraint Jacobian.:    33080
Number of nonzeros in Lagrangian Hessian.............:    24644

Total number of variables............................:     6698
                     variables with only lower bounds:        0
                variables with lower and upper bounds:     6698
                     variables with only upper bounds:        0
Total number of equality constraints.................:     6045
Total number of inequality constraints...............:     8270
        inequality constraints with only lower bounds:        0
   inequality constraints with lower and upper bounds:        0
        inequality constraints with only upper bounds:     8270

iter    objective    inf_pr   inf_du lg(mu)  ||d||  lg(rg) alpha_du alpha_pr  ls
   0  6.0138414e+05 5.58e+00 6.76e+02  -6.0 0.00e+00    -  0.00e+00 0.00e+00   0
   1  6.0138394e+05 5.58e+00 6.76e+02  -6.0 7.16e+00    -  2.60e-02 4.08e-05h  1
   2  6.0126917e+05 5.43e+00 6.57e+02  -6.0 6.93e+00    -  2.17e-02 2.79e-02h  1
   3  6.0105254e+05 5.12e+00 6.19e+02  -6.0 7.32e+00    -  1.59e-01 5.78e-02h  1
   4  6.0078493e+05 4.68e+00 5.65e+02  -6.0 1.14e+01    -  1.33e-01 8.54e-02h  1
   5  6.0069469e+05 4.48e+00 5.40e+02  -6.0 1.95e+01    -  2.09e-01 4.34e-02h  1
   6  6.0064179e+05 4.33e+00 5.22e+02  -6.0 1.64e+01    -  2.75e-01 3.33e-02h  1
   7  6.0055851e+05 4.00e+00 4.82e+02  -6.0 7.71e+00    -  1.25e-01 7.72e-02h  1
   8  6.0053235e+05 3.81e+00 4.59e+02  -6.0 6.45e+00    -  5.78e-02 4.63e-02h  1
   9  6.0050503e+05 3.51e+00 4.23e+02  -6.0 6.17e+00    -  1.98e-01 7.96e-02h  1
iter    objective    inf_pr   inf_du lg(mu)  ||d||  lg(rg) alpha_du alpha_pr  ls
  10  6.0049448e+05 3.15e+00 3.80e+02  -6.0 5.73e+00    -  2.27e-01 1.01e-01h  1
  11  6.0051048e+05 2.58e+00 3.10e+02  -6.0 5.35e+00    -  1.44e-01 1.83e-01h  1
  12  6.0057890e+05 2.00e+00 2.40e+02  -6.0 4.92e+00    -  2.43e-01 2.26e-01h  1
  13  6.0063264e+05 1.76e+00 2.10e+02  -6.0 4.11e+00    -  4.76e-01 1.24e-01h  1
  14  6.0067179e+05 1.61e+00 1.92e+02  -6.0 3.59e+00    -  3.16e-01 8.53e-02h  1
  15  6.0068218e+05 1.57e+00 1.88e+02  -6.0 5.07e+00    -  1.13e-01 2.13e-02h  1
  16  6.0070623e+05 1.49e+00 1.79e+02  -6.0 4.09e+00    -  2.73e-02 4.92e-02h  1
  17  6.0086346e+05 1.02e+00 1.22e+02  -6.0 2.81e+00    -  4.28e-01 3.20e-01h  1
  18  6.0091118e+05 9.03e-01 1.08e+02  -6.0 2.11e+00    -  4.04e-02 1.12e-01h  1
  19  6.0093242e+05 8.56e-01 1.02e+02  -6.0 2.36e+00    -  2.54e-01 5.27e-02h  1
iter    objective    inf_pr   inf_du lg(mu)  ||d||  lg(rg) alpha_du alpha_pr  ls
  20  6.0100154e+05 7.04e-01 8.43e+01  -6.0 2.45e+00    -  9.03e-02 1.77e-01h  1
  21  6.0105144e+05 6.01e-01 7.20e+01  -6.0 1.86e+00    -  2.20e-01 1.46e-01h  1
  22  6.0113401e+05 4.37e-01 5.23e+01  -6.0 1.35e+00    -  1.39e-01 2.73e-01h  1
  23  6.0114195e+05 4.22e-01 5.06e+01  -6.0 1.64e+00    -  3.16e-01 3.40e-02h  1
  24  6.0121124e+05 2.94e-01 3.52e+01  -6.0 1.91e+00    -  4.23e-01 3.04e-01h  1
  25  6.0125481e+05 2.17e-01 2.60e+01  -6.0 1.23e+00    -  5.93e-01 2.62e-01h  1
  26  6.0131611e+05 1.11e-01 1.33e+01  -6.0 5.62e-01    -  1.65e-01 4.88e-01h  1
  27  6.0133111e+05 8.64e-02 1.03e+01  -6.0 3.44e-01    -  2.70e-01 2.24e-01h  1
  28  6.0135762e+05 4.27e-02 5.10e+00  -6.0 2.53e-01    -  2.62e-01 5.06e-01h  1
  29  6.0136949e+05 2.34e-02 2.80e+00  -6.0 1.44e-01    -  5.78e-01 4.52e-01h  1
iter    objective    inf_pr   inf_du lg(mu)  ||d||  lg(rg) alpha_du alpha_pr  ls
  30  6.0138360e+05 5.91e-04 6.89e-02  -6.0 8.41e-02    -  1.00e+00 9.75e-01h  1
  31  6.0138399e+05 9.41e-07 1.53e-03  -6.0 1.06e-02    -  1.00e+00 1.00e+00h  1
  32  6.0138399e+05 1.67e-08 5.86e-04  -6.0 9.22e-04    -  1.00e+00 1.00e+00h  1
  33  6.0138399e+05 3.66e-11 6.64e-06  -6.0 5.78e-05    -  1.00e+00 1.00e+00h  1
  34  6.0138388e+05 3.15e-05 3.81e-02  -7.5 1.55e-01    -  8.33e-01 7.63e-01f  1
  35  6.0138386e+05 1.54e-05 1.90e-01  -7.5 4.61e-02    -  1.00e+00 5.57e-01h  1
  36  6.0138385e+05 5.31e-06 2.42e-04  -7.5 2.25e-02    -  1.00e+00 1.00e+00f  1
  37  6.0138385e+05 1.22e-07 7.47e-07  -7.5 3.19e-03    -  1.00e+00 1.00e+00h  1

Number of Iterations....: 37

                                   (scaled)                 (unscaled)
Objective...............:   2.2044862438336440e+03    6.0138384731781809e+05
Dual infeasibility......:   7.4730507772621102e-07    2.0386482520371038e-04
Constraint violation....:   1.2241725727731023e-07    1.2241725727731023e-07
Variable bound violation:   9.6392477125228915e-09    9.6392477125228915e-09
Complementarity.........:   3.5494814258022384e-08    9.6829853295885065e-06
Overall NLP error.......:   7.4730507772621102e-07    2.0386482520371038e-04


Number of objective function evaluations             = 38
Number of objective gradient evaluations             = 38
Number of equality constraint evaluations            = 38
Number of inequality constraint evaluations          = 39
Number of equality constraint Jacobian evaluations   = 38
Number of inequality constraint Jacobian evaluations = 38
Number of Lagrangian Hessian evaluations             = 37
Total seconds in IPOPT                               = 3.164

EXIT: Optimal Solution Found.

