Solver command line: ['/opt/homebrew/bin/ipopt', '/var/folders/6y/bvynbx6n3zv7z3lwg6vd724r0000gn/T/tmp4memqjgz.pyomo.nl', '-AMPL', 'tol=1e-06', 'max_iter=300', 'print_level=5', 'warm_start_init_point=yes', 'warm_start_bound_push=1e-06', 'warm_start_bound_frac=1e-06', 'warm_start_mult_bound_push=1e-06', 'mu_init=1e-06', 'least_square_init_duals=no']

Ipopt 3.14.19: tol=1e-06
max_iter=300
print_level=5
warm_start_init_point=yes
warm_start_bound_push=1e-06
warm_start_bound_frac=1e-06
warm_start_mult_bound_push=1e-06
mu_init=1e-06
least_square_init_duals=no


******************************************************************************
This program contains Ipopt, a library for large-scale nonlinear optimization.
 Ipopt is released as open source code under the Eclipse Public License (EPL).
         For more information visit https://github.com/coin-or/Ipopt
******************************************************************************

This is Ipopt version 3.14.19, running with linear solver MUMPS 5.6.2.

Number of nonzeros in equality constraint Jacobian...:    43679
Number of nonzeros in inequality constraint Jacobian.:    33080
Number of nonzeros in Lagrangian Hessian.............:    24644

Total number of variables............................:     6698
                     variables with only lower bounds:        0
                variables with lower and upper bounds:     6698
                     variables with only upper bounds:        0
Total number of equality constraints.................:     6045
Total number of inequality constraints...............:     8270
        inequality constraints with only lower bounds:        0
   inequality constraints with lower and upper bounds:        0
        inequality constraints with only upper bounds:     8270

iter    objective    inf_pr   inf_du lg(mu)  ||d||  lg(rg) alpha_du alpha_pr  ls
   0  9.0899627e+05 4.86e+02 6.86e+03  -6.0 0.00e+00    -  0.00e+00 0.00e+00   0
   1  9.0891250e+05 4.86e+02 6.86e+03  -6.0 2.50e+01  -2.0 4.83e-04 2.23e-04f  1
   2  9.0875919e+05 4.86e+02 6.85e+03  -6.0 8.66e+01  -2.5 2.85e-04 3.56e-04f  1
   3  9.0865561e+05 4.86e+02 6.85e+03  -6.0 2.33e+02  -3.0 3.40e-04 1.99e-04f  1
   4  9.0850191e+05 4.85e+02 6.85e+03  -6.0 3.23e+02  -3.4 5.62e-05 2.86e-04f  1
   5  9.0846892e+05 4.85e+02 6.85e+03  -6.0 2.34e+02  -3.0 6.88e-04 6.49e-05h  1
   6  9.0783394e+05 4.84e+02 6.84e+03  -6.0 4.28e+02  -3.5 4.64e-05 1.03e-03f  1
   7  9.0750842e+05 4.84e+02 6.84e+03  -6.0 5.43e+02  -4.0 5.24e-04 4.97e-04f  1
   8  9.0730616e+05 4.84e+02 6.84e+03  -6.0 9.68e+02  -4.4 5.45e-04 2.15e-04f  1
   9  9.0695030e+05 4.83e+02 6.83e+03  -6.0 3.16e+02  -3.1 5.52e-04 6.45e-04f  1
iter    objective    inf_pr   inf_du lg(mu)  ||d||  lg(rg) alpha_du alpha_pr  ls
  10  9.0691284e+05 4.83e+02 6.83e+03  -6.0 4.73e+02  -3.6 1.57e-04 5.76e-05f  1
  11  9.0684569e+05 4.83e+02 6.83e+03  -6.0 1.24e+02  -3.2 5.12e-04 1.40e-04f  1
  12  9.0654016e+05 4.82e+02 6.83e+03  -6.0 2.04e+02  -3.6 2.63e-04 5.87e-04f  1
  13  9.0639121e+05 4.82e+02 6.83e+03  -6.0 1.25e+02  -3.2 8.70e-05 3.13e-04f  1
  14  9.0594358e+05 4.81e+02 6.82e+03  -6.0 1.50e+02  -3.7 1.54e-03 9.38e-04f  1
  15  9.0590568e+05 4.81e+02 6.82e+03  -6.0 8.88e+01  -3.3 2.09e-03 8.68e-05h  1
  16  9.0540686e+05 4.80e+02 6.81e+03  -6.0 1.19e+02  -3.7 6.93e-04 1.10e-03f  1
  17  9.0540003e+05 4.80e+02 6.81e+03  -6.0 4.40e+03  -4.2 1.20e-04 1.18e-05h  1
  18  9.0538712e+05 4.80e+02 6.81e+03  -6.0 9.24e+01  -3.8 1.34e-05 2.97e-05f  1
  19  9.0537951e+05 4.80e+02 6.81e+03  -6.0 1.42e+03  -4.3 3.82e-04 1.61e-05h  1
iter    objective    inf_pr   inf_du lg(mu)  ||d||  lg(rg) alpha_du alpha_pr  ls
  20  9.0520970e+05 4.79e+02 6.81e+03  -6.0 8.74e+01  -4.7 4.08e-05 3.93e-04f  1
  21  9.0518464e+05 4.79e+02 6.81e+03  -6.0 9.46e+01  -4.3 9.54e-04 5.87e-05h  1
  22  9.0499821e+05 4.79e+02 6.80e+03  -6.0 1.02e+02  -4.8 1.61e-04 4.38e-04f  1
  23  9.0495257e+05 4.79e+02 6.80e+03  -6.0 8.40e+01  -4.4 4.12e-04 1.10e-04h  1
  24  9.0487141e+05 4.79e+02 6.80e+03  -6.0 9.79e+01  -4.8 5.29e-04 1.97e-04f  1
  25  9.0485283e+05 4.79e+02 6.80e+03  -6.0 7.80e+01  -4.4 3.13e-04 4.66e-05h  1
  26  9.0458807e+05 4.78e+02 6.80e+03  -6.0 9.96e+01  -4.9 6.40e-05 6.66e-04f  1
  27  9.0454287e+05 4.78e+02 6.80e+03  -6.0 7.81e+01  -4.5 1.31e-03 1.14e-04f  1
  28  9.0393608e+05 4.76e+02 6.79e+03  -6.0 7.18e+01  -4.0 4.89e-04 1.54e-03f  1
  29  9.0368490e+05 4.76e+02 6.78e+03  -6.0 1.40e+02  -4.5 7.81e-05 6.36e-04f  1
iter    objective    inf_pr   inf_du lg(mu)  ||d||  lg(rg) alpha_du alpha_pr  ls
  30  9.0357124e+05 4.75e+02 6.78e+03  -6.0 7.46e+01  -4.1 1.39e-03 2.90e-04f  1
  31  9.0305183e+05 4.74e+02 6.77e+03  -6.0 9.81e+01  -4.6 4.78e-04 1.32e-03f  1
  32  9.0279666e+05 4.73e+02 6.77e+03  -6.0 6.76e+01  -4.1 2.68e-03 6.87e-04f  1
  33  9.0272161e+05 4.73e+02 6.77e+03  -6.0 9.32e+01  -4.6 1.38e-03 2.01e-04f  1
  34  9.0165863e+05 4.70e+02 6.75e+03  -6.0 6.78e+01  -4.2 4.97e-04 2.86e-03f  1
  35  9.0095634e+05 4.68e+02 6.73e+03  -6.0 8.26e+01  -4.7 3.19e-03 1.89e-03f  1
  36  9.0068441e+05 4.67e+02 6.73e+03  -6.0 6.38e+01  -4.2 1.23e-03 7.38e-04f  1
  37  9.0061932e+05 4.67e+02 6.73e+03  -6.0 7.64e+01  -4.7 1.09e-03 1.76e-04f  1
  38  9.0047300e+05 4.67e+02 6.72e+03  -6.0 6.52e+01  -4.3 2.34e-04 4.00e-04f  1
  39  9.0035265e+05 4.66e+02 6.72e+03  -6.0 7.51e+01  -4.8 6.84e-04 3.29e-04f  1
iter    objective    inf_pr   inf_du lg(mu)  ||d||  lg(rg) alpha_du alpha_pr  ls
  40  8.9998919e+05 4.65e+02 6.72e+03  -6.0 6.50e+01  -4.4 2.78e-03 9.95e-04f  1
  41  8.9962040e+05 4.64e+02 6.71e+03  -6.0 7.40e+01  -4.8 2.58e-03 1.04e-03f  1
  42  8.9896081e+05 4.62e+02 6.70e+03  -6.0 5.97e+01  -4.4 3.20e-04 1.87e-03f  1
  43  8.9776763e+05 4.58e+02 6.67e+03  -6.0 5.05e+01  -4.0 2.31e-03 3.45e-03f  1
  44  8.9749911e+05 4.57e+02 6.67e+03  -6.0 5.50e+01  -4.5 3.17e-04 7.77e-04f  1
  45  8.9737031e+05 4.57e+02 6.66e+03  -6.0 5.18e+01  -4.0 1.77e-04 3.72e-04f  1
  46  8.9736086e+05 4.57e+02 6.66e+03  -6.0 1.33e+02  -4.5 4.26e-04 2.75e-05h  1
  47  8.9723158e+05 4.57e+02 6.66e+03  -6.0 6.86e+01  -4.1 1.57e-03 3.82e-04f  1
  48  8.9695369e+05 4.56e+02 6.66e+03  -6.0 8.67e+01  -4.6 6.62e-04 8.19e-04f  1
  49  8.9628052e+05 4.54e+02 6.64e+03  -6.0 7.59e+01  -4.1 5.05e-03 1.99e-03f  1
iter    objective    inf_pr   inf_du lg(mu)  ||d||  lg(rg) alpha_du alpha_pr  ls
  50  8.9512718e+05 4.50e+02 6.62e+03  -6.0 8.81e+01  -4.6 2.53e-03 3.41e-03f  1
  51  8.9504456e+05 4.50e+02 6.62e+03  -6.0 7.52e+01  -4.2 1.85e-04 2.47e-04f  1
  52  8.9441792e+05 4.48e+02 6.61e+03  -6.0 8.97e+01  -4.7 1.80e-02 1.86e-03f  1
  53  8.9417997e+05 4.47e+02 6.60e+03  -6.0 8.14e+01  -4.2 2.05e-03 7.10e-04f  1
  54  8.9390367e+05 4.46e+02 6.60e+03  -6.0 9.02e+01  -4.7 7.27e-03 8.25e-04f  1
  55  8.9289904e+05 4.43e+02 6.58e+03  -6.0 8.28e+01  -4.3 2.05e-03 3.01e-03f  1
  56  8.9238394e+05 4.41e+02 6.57e+03  -6.0 9.22e+01  -4.8 7.71e-03 1.55e-03f  1
  57  8.9164154e+05 4.39e+02 6.55e+03  -6.0 8.50e+01  -4.3 2.01e-03 2.24e-03f  1
  58  8.9110124e+05 4.37e+02 6.54e+03  -6.0 7.13e+01  -3.9 9.27e-03 1.63e-03f  1
  59  8.9078165e+05 4.36e+02 6.53e+03  -6.0 8.50e+01  -4.4 6.38e-04 9.77e-04f  1
iter    objective    inf_pr   inf_du lg(mu)  ||d||  lg(rg) alpha_du alpha_pr  ls
  60  8.9059192e+05 4.35e+02 6.53e+03  -6.0 7.24e+01  -4.0 1.67e-03 5.82e-04f  1
  61  8.8941696e+05 4.32e+02 6.51e+03  -6.0 8.54e+01  -4.4 9.34e-04 3.61e-03f  1
  62  8.8859791e+05 4.29e+02 6.49e+03  -6.0 7.41e+01  -4.0 1.77e-03 2.52e-03f  1
  63  8.8788620e+05 4.27e+02 6.48e+03  -6.0 8.57e+01  -4.5 6.98e-04 2.20e-03f  1
  64  8.8660094e+05 4.23e+02 6.45e+03  -6.0 7.48e+01  -4.1 5.15e-04 3.98e-03f  1
  65  8.8632321e+05 4.22e+02 6.45e+03  -6.0 8.43e+01  -4.5 1.34e-03 8.63e-04f  1
  66  8.8616539e+05 4.21e+02 6.44e+03  -6.0 7.37e+01  -4.1 4.31e-03 4.91e-04f  1
  67  8.8566219e+05 4.20e+02 6.43e+03  -6.0 7.46e+01  -4.6 5.33e-03 1.57e-03f  1
  68  8.8539929e+05 4.19e+02 6.43e+03  -6.0 4.39e+01  -4.2 2.09e-03 8.25e-04f  1
  69  8.8506645e+05 4.18e+02 6.42e+03  -6.0 2.59e+01  -4.6 4.82e-04 1.04e-03f  1
iter    objective    inf_pr   inf_du lg(mu)  ||d||  lg(rg) alpha_du alpha_pr  ls
  70  8.8461734e+05 4.16e+02 6.41e+03  -6.0 3.45e+01  -4.2 1.61e-03 1.41e-03f  1
  71  8.8324628e+05 4.12e+02 6.38e+03  -6.0 3.50e+01  -4.7 2.44e-03 4.30e-03f  1
  72  8.8132667e+05 4.06e+02 6.35e+03  -6.0 2.76e+01  -4.3 7.17e-04 6.05e-03f  1
  73  8.7975549e+05 4.01e+02 6.31e+03  -6.0 1.98e+01  -3.8 1.96e-03 4.98e-03f  1
  74  8.7887704e+05 3.98e+02 6.30e+03  -6.0 2.43e+01  -4.3 1.34e-02 2.82e-03f  1
  75  8.7839977e+05 3.97e+02 6.29e+03  -6.0 2.64e+01  -3.9 5.50e-03 1.53e-03f  1
  76  8.7718485e+05 3.93e+02 6.26e+03  -6.0 2.91e+01  -4.4 1.42e-03 3.89e-03f  1
  77  8.7693376e+05 3.92e+02 6.26e+03  -6.0 2.67e+01  -3.9 2.41e-03 8.09e-04f  1
  78  8.7561700e+05 3.88e+02 6.23e+03  -6.0 3.02e+01  -4.4 2.66e-03 4.24e-03f  1
  79  8.7501511e+05 3.86e+02 6.22e+03  -6.0 2.75e+01  -4.0 2.48e-03 1.95e-03f  1
iter    objective    inf_pr   inf_du lg(mu)  ||d||  lg(rg) alpha_du alpha_pr  ls
  80  8.7422089e+05 3.84e+02 6.20e+03  -6.0 3.12e+01  -4.5 6.22e-03 2.57e-03f  1
  81  8.7305926e+05 3.80e+02 6.18e+03  -6.0 2.83e+01  -4.0 3.42e-03 3.77e-03f  1
  82  8.7232416e+05 3.78e+02 6.16e+03  -6.0 3.15e+01  -4.5 4.46e-03 2.40e-03f  1
  83  8.7145576e+05 3.75e+02 6.15e+03  -6.0 2.76e+01  -4.1 3.93e-03 2.85e-03f  1
  84  8.6979522e+05 3.70e+02 6.11e+03  -6.0 2.95e+01  -4.6 1.93e-03 5.46e-03f  1
  85  8.6938502e+05 3.69e+02 6.11e+03  -6.0 2.77e+01  -4.1 1.03e-02 1.36e-03f  1
  86  8.6872930e+05 3.67e+02 6.09e+03  -6.0 3.06e+01  -4.6 1.89e-03 2.17e-03f  1
  87  8.6809094e+05 3.65e+02 6.08e+03  -6.0 2.84e+01  -4.2 3.48e-03 2.12e-03f  1
  88  8.6603785e+05 3.59e+02 6.04e+03  -6.0 3.13e+01  -4.7 1.86e-03 6.85e-03f  1
  89  8.6541562e+05 3.57e+02 6.03e+03  -6.0 2.99e+01  -4.3 3.41e-03 2.09e-03f  1
iter    objective    inf_pr   inf_du lg(mu)  ||d||  lg(rg) alpha_du alpha_pr  ls
  90  8.6502864e+05 3.56e+02 6.02e+03  -6.0 3.27e+01  -4.7 3.64e-03 1.30e-03f  1
  91  8.6400011e+05 3.52e+02 6.00e+03  -6.0 3.07e+01  -4.3 1.60e-03 3.46e-03f  1
  92  8.6186534e+05 3.46e+02 5.95e+03  -6.0 2.64e+01  -3.9 2.59e-03 7.22e-03f  1
  93  8.6131440e+05 3.44e+02 5.94e+03  -6.0 3.28e+01  -4.4 6.00e-03 1.87e-03f  1
  94  8.6071108e+05 3.43e+02 5.93e+03  -6.0 2.81e+01  -3.9 2.41e-04 2.06e-03f  1
  95  8.6062709e+05 3.42e+02 5.93e+03  -6.0 3.35e+01  -4.4 4.29e-03 2.88e-04f  1
  96  8.5867822e+05 3.37e+02 5.89e+03  -6.0 2.89e+01  -4.0 9.77e-04 6.68e-03f  1
  97  8.5835286e+05 3.36e+02 5.88e+03  -6.0 3.44e+01  -4.5 4.00e-02 1.12e-03f  1
  98  8.5660707e+05 3.31e+02 5.85e+03  -6.0 3.00e+01  -4.0 1.05e-02 6.03e-03f  1
  99  8.5500621e+05 3.26e+02 5.81e+03  -6.0 3.53e+01  -4.5 1.28e-02 5.56e-03f  1
iter    objective    inf_pr   inf_du lg(mu)  ||d||  lg(rg) alpha_du alpha_pr  ls
 100  8.5277275e+05 3.19e+02 5.77e+03  -6.0 3.14e+01  -4.1 1.02e-02 7.81e-03f  1
 101  8.5165043e+05 3.16e+02 5.75e+03  -6.0 3.69e+01  -4.6 5.78e-03 3.95e-03f  1
 102  8.5069815e+05 3.14e+02 5.73e+03  -6.0 3.27e+01  -4.1 9.70e-03 3.37e-03f  1
 103  8.4790164e+05 3.06e+02 5.67e+03  -6.0 3.79e+01  -4.6 7.61e-03 9.93e-03f  1
 104  8.4534387e+05 2.98e+02 5.62e+03  -6.0 3.43e+01  -4.2 1.14e-02 9.18e-03f  1
 105  8.4473657e+05 2.97e+02 5.61e+03  -6.0 4.01e+01  -4.7 1.83e-02 2.20e-03f  1
 106  8.3923551e+05 2.82e+02 5.50e+03  -6.0 3.57e+01  -4.2 3.38e-03 2.00e-02f  1
 107  8.2876649e+05 2.54e+02 5.29e+03  -6.0 4.22e+01  -4.7 9.94e-04 3.89e-02f  1
 108  8.2807732e+05 2.52e+02 5.27e+03  -6.0 3.96e+01  -4.3 5.90e-03 2.67e-03f  1
 109  8.2140211e+05 2.35e+02 5.14e+03  -6.0 4.62e+01  -4.8 1.13e-03 2.59e-02f  1
iter    objective    inf_pr   inf_du lg(mu)  ||d||  lg(rg) alpha_du alpha_pr  ls
 110  8.2070721e+05 2.33e+02 5.12e+03  -6.0 4.17e+01  -4.3 1.66e-03 2.77e-03f  1
 111  8.1897295e+05 2.29e+02 5.09e+03  -6.0 4.87e+01  -4.8 5.58e-03 6.92e-03f  1
 112  8.1643801e+05 2.23e+02 5.04e+03  -6.0 4.31e+01  -4.4 1.49e-02 1.02e-02f  1
 113  8.1286338e+05 2.14e+02 4.96e+03  -6.0 5.02e+01  -4.9 5.64e-02 1.45e-02f  1
 114  8.0806372e+05 2.03e+02 4.87e+03  -6.0 4.51e+01  -4.4 7.81e-02 1.99e-02f  1
 115  8.0608313e+05 1.98e+02 4.83e+03  -6.0 5.30e+01  -4.9 5.04e-02 8.39e-03f  1
 116  8.0335488e+05 1.92e+02 4.77e+03  -6.0 4.72e+01  -4.5 2.01e-02 1.17e-02f  1
 117  8.0204123e+05 1.89e+02 4.74e+03  -6.0 5.47e+01  -5.0 1.33e-02 5.69e-03f  1
 118  7.9552233e+05 1.74e+02 4.61e+03  -6.0 4.88e+01  -4.5 1.01e-02 2.85e-02f  1
 119  7.9200156e+05 1.66e+02 4.54e+03  -6.0 5.67e+01  -5.0 1.36e-02 1.59e-02f  1
iter    objective    inf_pr   inf_du lg(mu)  ||d||  lg(rg) alpha_du alpha_pr  ls
 120  7.8939149e+05 1.61e+02 4.48e+03  -6.0 5.09e+01  -4.6 2.95e-02 1.20e-02f  1
 121  7.8348203e+05 1.48e+02 4.36e+03  -6.0 3.90e+01  -4.2 3.44e-02 2.76e-02f  1
 122  7.7445397e+05 1.30e+02 4.17e+03  -6.0 5.24e+01  -4.6 1.22e-02 4.35e-02f  1
 123  7.7091529e+05 1.23e+02 4.10e+03  -6.0 6.05e+01  -5.1 5.92e-02 1.79e-02f  1
 124  7.6822895e+05 1.17e+02 4.04e+03  -6.0 5.43e+01  -4.7 3.41e-02 1.39e-02f  1
 125  7.5775319e+05 9.81e+01 3.82e+03  -6.0 6.20e+01  -5.2 1.17e-01 5.53e-02f  1
 126  7.5491849e+05 9.30e+01 3.76e+03  -6.0 5.62e+01  -4.7 6.38e-02 1.60e-02f  1
 127  7.4365756e+05 7.40e+01 3.51e+03  -6.0 6.40e+01  -5.2 9.28e-02 6.49e-02f  1
 128  7.3420663e+05 5.91e+01 3.31e+03  -6.0 5.70e+01  -4.8 9.41e-02 5.91e-02f  1
 129  7.1735779e+05 3.55e+01 2.93e+03  -6.0 6.40e+01  -5.3 3.15e-02 1.14e-01f  1
iter    objective    inf_pr   inf_du lg(mu)  ||d||  lg(rg) alpha_du alpha_pr  ls
 130  7.1367169e+05 3.08e+01 2.85e+03  -6.0 5.42e+01  -4.8 2.81e-02 2.86e-02f  1
 131  7.1279641e+05 2.97e+01 2.83e+03  -6.0 6.03e+01  -5.3 1.95e-02 7.02e-03f  1
 132  7.0952327e+05 2.57e+01 2.76e+03  -6.0 5.41e+01  -4.9 1.60e-02 2.65e-02f  1
 133  7.0724771e+05 2.29e+01 2.70e+03  -6.0 5.94e+01  -5.4 5.91e-02 1.90e-02f  1
 134  7.0381050e+05 1.90e+01 2.62e+03  -6.0 5.31e+01  -5.0 4.07e-03 2.95e-02f  1
 135  6.9856023e+05 1.31e+01 2.50e+03  -6.0 4.21e+01  -4.5 5.04e-02 4.67e-02f  1
 136  6.9290748e+05 7.59e+00 2.37e+03  -6.0 5.15e+01  -5.0 1.92e-02 5.31e-02f  1
 137  6.8761565e+05 7.19e+00 2.24e+03  -6.0 4.08e+01  -4.6 9.13e-03 5.30e-02f  1
 138  6.8403265e+05 6.92e+00 2.16e+03  -6.0 5.00e+01  -5.1 9.04e-03 3.81e-02f  1
 139  6.8292232e+05 6.83e+00 2.13e+03  -6.0 3.94e+01  -4.6 1.35e-02 1.24e-02f  1
iter    objective    inf_pr   inf_du lg(mu)  ||d||  lg(rg) alpha_du alpha_pr  ls
 140  6.8177568e+05 6.74e+00 2.10e+03  -6.0 5.01e+01  -5.1 4.25e-02 1.29e-02f  1
 141  6.7699103e+05 6.37e+00 1.99e+03  -6.0 4.07e+01  -4.7 1.68e-02 5.49e-02f  1
 142  6.7548443e+05 6.26e+00 1.95e+03  -6.0 5.01e+01  -5.2 2.79e-02 1.84e-02f  1
 143  6.7188579e+05 5.98e+00 1.86e+03  -6.0 4.11e+01  -4.7 3.08e-02 4.50e-02f  1
 144  6.7122080e+05 5.92e+00 1.84e+03  -6.0 4.97e+01  -5.2 8.02e-03 8.75e-03f  1
 145  6.7048264e+05 5.87e+00 1.83e+03  -6.0 4.16e+01  -4.8 2.33e-02 9.83e-03f  1
 146  6.6861808e+05 5.72e+00 1.78e+03  -6.0 5.01e+01  -5.3 1.03e-02 2.51e-02f  1
 147  6.6752748e+05 5.63e+00 1.75e+03  -6.0 4.23e+01  -4.8 2.73e-02 1.51e-02f  1
 148  6.6700236e+05 5.59e+00 1.74e+03  -6.0 5.00e+01  -5.3 4.71e-02 7.40e-03f  1
 149  6.6372414e+05 5.33e+00 1.66e+03  -6.0 4.30e+01  -4.9 8.21e-02 4.67e-02f  1
iter    objective    inf_pr   inf_du lg(mu)  ||d||  lg(rg) alpha_du alpha_pr  ls
 150  6.6246414e+05 5.23e+00 1.63e+03  -6.0 4.94e+01  -5.4 6.74e-02 1.89e-02f  1
 151  6.5735326e+05 4.82e+00 1.50e+03  -6.0 4.27e+01  -4.9 2.36e-02 7.87e-02f  1
 152  6.5593501e+05 4.71e+00 1.46e+03  -6.0 4.74e+01  -5.4 2.88e-02 2.39e-02f  1
 153  6.5429262e+05 4.57e+00 1.42e+03  -6.0 4.93e+01  -5.9 2.28e-02 2.84e-02f  1
 154  6.4728448e+05 4.01e+00 1.24e+03  -6.0 4.63e+01  -5.5 2.86e-02 1.25e-01f  1
 155  6.4475464e+05 3.80e+00 1.18e+03  -6.0 4.61e+01    -  3.76e-03 5.22e-02f  1
 156  6.4362918e+05 3.70e+00 1.15e+03  -6.0 4.45e+01    -  3.40e-02 2.46e-02f  1
 157  6.4304291e+05 3.65e+00 1.13e+03  -6.0 4.35e+01    -  2.47e-02 1.32e-02f  1
 158  6.4216329e+05 3.58e+00 1.11e+03  -6.0 4.29e+01    -  2.44e-02 2.01e-02f  1
 159  6.4162345e+05 3.54e+00 1.10e+03  -6.0 4.21e+01    -  5.06e-02 1.26e-02f  1
iter    objective    inf_pr   inf_du lg(mu)  ||d||  lg(rg) alpha_du alpha_pr  ls
 160  6.3964654e+05 3.37e+00 1.04e+03  -6.0 4.13e+01    -  2.72e-02 4.68e-02f  1
 161  6.3698002e+05 3.15e+00 9.74e+02  -6.0 3.98e+01    -  1.48e-02 6.66e-02f  1
 162  6.3520922e+05 3.00e+00 9.27e+02  -6.0 3.76e+01    -  2.23e-02 4.76e-02f  1
 163  6.3402186e+05 2.90e+00 8.96e+02  -6.0 3.61e+01    -  4.09e-02 3.36e-02f  1
 164  6.3213996e+05 2.74e+00 8.46e+02  -6.0 3.47e+01    -  1.98e-02 5.55e-02f  1
 165  6.3133583e+05 2.67e+00 8.25e+02  -6.0 3.32e+01    -  9.45e-03 2.52e-02f  1
 166  6.3044223e+05 2.59e+00 8.01e+02  -6.0 3.24e+01    -  2.37e-02 2.87e-02f  1
 167  6.2664835e+05 2.27e+00 6.99e+02  -6.0 3.16e+01    -  3.05e-02 1.26e-01f  1
 168  6.2566781e+05 2.18e+00 6.73e+02  -6.0 2.76e+01    -  1.44e-02 3.76e-02f  1
 169  6.2425397e+05 2.06e+00 6.35e+02  -6.0 2.65e+01    -  1.96e-02 5.64e-02f  1
iter    objective    inf_pr   inf_du lg(mu)  ||d||  lg(rg) alpha_du alpha_pr  ls
 170  6.2382795e+05 2.02e+00 6.23e+02  -6.0 2.42e+01    -  1.10e-02 1.81e-02f  1
 171  6.2333177e+05 1.98e+00 6.10e+02  -6.0 2.36e+01    -  1.39e-02 2.14e-02f  1
 172  6.2224817e+05 1.88e+00 5.80e+02  -6.0 2.30e+01    -  3.82e-02 4.78e-02f  1
 173  6.2159118e+05 1.83e+00 5.63e+02  -6.0 2.16e+01    -  7.66e-03 3.06e-02f  1
 174  6.2137193e+05 1.81e+00 5.57e+02  -6.0 2.09e+01    -  3.49e-02 1.05e-02f  1
 175  6.2064027e+05 1.74e+00 5.37e+02  -6.0 2.05e+01    -  3.49e-03 3.56e-02f  1
 176  6.2029901e+05 1.71e+00 5.28e+02  -6.0 1.89e+01    -  1.55e-02 1.72e-02f  1
 177  6.1993357e+05 1.68e+00 5.18e+02  -6.0 1.86e+01    -  5.63e-02 1.88e-02f  1
 178  6.1977216e+05 1.67e+00 5.13e+02  -6.0 1.86e+01    -  1.40e-02 8.49e-03h  1
 179  6.1936276e+05 1.63e+00 5.02e+02  -6.0 2.32e+01    -  2.40e-02 2.18e-02f  1
iter    objective    inf_pr   inf_du lg(mu)  ||d||  lg(rg) alpha_du alpha_pr  ls
 180  6.1892154e+05 1.59e+00 4.90e+02  -6.0 2.25e+01    -  2.46e-04 2.40e-02f  1
 181  6.1820433e+05 1.53e+00 4.70e+02  -6.0 1.65e+01    -  2.60e-03 4.00e-02f  1
 182  6.1774767e+05 1.49e+00 4.58e+02  -6.0 2.65e+01    -  2.74e-02 2.65e-02f  1
 183  6.1718198e+05 1.44e+00 4.42e+02  -6.0 2.50e+01    -  3.86e-02 3.38e-02f  1
 184  6.1692643e+05 1.41e+00 4.35e+02  -6.0 2.52e+01    -  7.18e-03 1.58e-02f  1
 185  6.1632450e+05 1.36e+00 4.19e+02  -6.0 2.58e+01    -  1.55e-02 3.79e-02f  1
 186  6.1567790e+05 1.30e+00 4.01e+02  -6.0 2.48e+01    -  5.26e-03 4.24e-02f  1
 187  6.1416798e+05 1.17e+00 3.59e+02  -6.0 1.45e+01    -  2.05e-03 1.03e-01f  1
 188  6.1284086e+05 1.05e+00 3.23e+02  -6.0 1.28e+01    -  6.21e-02 1.01e-01f  1
 189  6.1266216e+05 1.03e+00 3.18e+02  -6.0 1.14e+01    -  3.48e-02 1.52e-02h  1
iter    objective    inf_pr   inf_du lg(mu)  ||d||  lg(rg) alpha_du alpha_pr  ls
 190  6.1234707e+05 1.01e+00 3.09e+02  -6.0 1.12e+01    -  8.09e-02 2.73e-02f  1
 191  6.1177663e+05 9.55e-01 2.94e+02  -6.0 1.10e+01    -  1.13e-02 5.10e-02f  1
 192  6.1144965e+05 9.25e-01 2.85e+02  -6.0 1.09e+01    -  1.66e-02 3.08e-02f  1
 193  6.1110394e+05 8.94e-01 2.75e+02  -6.0 1.35e+01    -  2.91e-02 3.37e-02f  1
 194  6.1103940e+05 8.88e-01 2.73e+02  -6.0 1.34e+01    -  1.92e-02 6.53e-03h  1
 195  6.1086750e+05 8.73e-01 2.68e+02  -6.0 1.34e+01    -  2.29e-02 1.75e-02h  1
 196  6.1034388e+05 8.25e-01 2.54e+02  -6.0 1.31e+01    -  2.23e-02 5.43e-02f  1
 197  6.0943982e+05 7.43e-01 2.29e+02  -6.0 1.24e+01    -  1.31e-02 9.94e-02f  1
 198  6.0776779e+05 5.91e-01 1.82e+02  -6.0 1.11e+01    -  5.67e-02 2.05e-01f  1
 199  6.0707078e+05 5.27e-01 1.62e+02  -6.0 8.60e+00    -  4.28e-02 1.08e-01f  1
iter    objective    inf_pr   inf_du lg(mu)  ||d||  lg(rg) alpha_du alpha_pr  ls
 200  6.0686184e+05 5.08e-01 1.56e+02  -6.0 7.50e+00    -  3.03e-02 3.64e-02h  1
 201  6.0670415e+05 4.94e-01 1.52e+02  -6.0 7.15e+00    -  4.32e-02 2.85e-02h  1
 202  6.0608786e+05 4.37e-01 1.34e+02  -6.0 6.88e+00    -  3.11e-02 1.15e-01f  1
 203  6.0574591e+05 4.05e-01 1.25e+02  -6.0 5.96e+00    -  5.40e-02 7.24e-02f  1
 204  6.0552822e+05 3.85e-01 1.18e+02  -6.0 5.50e+00    -  8.63e-03 4.96e-02h  1
 205  6.0542231e+05 3.75e-01 1.15e+02  -6.0 5.32e+00    -  2.70e-02 2.55e-02h  1
 206  6.0508671e+05 3.44e-01 1.06e+02  -6.0 4.99e+00    -  4.74e-02 8.25e-02f  1
 207  6.0463600e+05 3.03e-01 9.30e+01  -6.0 4.50e+00    -  8.77e-02 1.21e-01f  1
 208  6.0437689e+05 2.78e-01 8.56e+01  -6.0 3.84e+00    -  1.15e-02 7.95e-02h  1
 209  6.0397435e+05 2.41e-01 7.42e+01  -6.0 3.46e+00    -  2.18e-02 1.34e-01f  1
iter    objective    inf_pr   inf_du lg(mu)  ||d||  lg(rg) alpha_du alpha_pr  ls
 210  6.0370561e+05 2.16e-01 6.65e+01  -6.0 3.01e+00    -  2.61e-02 1.03e-01f  1
 211  6.0364980e+05 2.11e-01 6.49e+01  -6.0 4.59e+00    -  4.07e-02 2.38e-02h  1
 212  6.0355673e+05 2.02e-01 6.23e+01  -6.0 2.74e+00    -  1.04e-01 4.08e-02h  1
 213  6.0329002e+05 1.78e-01 5.47e+01  -6.0 2.32e+00    -  6.81e-02 1.22e-01h  1
 214  6.0309930e+05 1.60e-01 4.93e+01  -6.0 3.32e+00    -  7.89e-02 9.92e-02h  1
 215  6.0285495e+05 1.38e-01 4.24e+01  -6.0 2.75e+00    -  2.77e-02 1.41e-01h  1
 216  6.0272855e+05 1.26e-01 3.88e+01  -6.0 2.02e+00    -  2.92e-02 8.57e-02h  1
 217  6.0258827e+05 1.13e-01 3.47e+01  -6.0 1.75e+00    -  1.24e-02 1.04e-01h  1
 218  6.0247566e+05 1.02e-01 3.15e+01  -6.0 1.50e+00    -  7.18e-02 9.31e-02h  1
 219  6.0242333e+05 9.73e-02 3.00e+01  -6.0 1.12e+00    -  3.70e-02 4.78e-02h  1
iter    objective    inf_pr   inf_du lg(mu)  ||d||  lg(rg) alpha_du alpha_pr  ls
 220  6.0231163e+05 8.68e-02 2.68e+01  -6.0 1.09e+00    -  1.08e-01 1.08e-01h  1
 221  6.0221911e+05 7.81e-02 2.41e+01  -6.0 1.41e+00    -  1.70e-02 1.00e-01h  1
 222  6.0216411e+05 7.29e-02 2.25e+01  -6.0 1.25e+00    -  4.70e-02 6.61e-02h  1
 223  6.0208222e+05 6.53e-02 2.02e+01  -6.0 1.13e+00    -  2.87e-02 1.05e-01h  1
 224  6.0203749e+05 6.12e-02 1.89e+01  -6.0 2.78e+00    -  1.07e-01 6.30e-02h  1
 225  6.0198356e+05 5.62e-02 1.74e+01  -6.0 2.55e+00    -  7.28e-02 8.12e-02h  1
 226  6.0191383e+05 4.98e-02 1.54e+01  -6.0 2.36e+00    -  1.35e-01 1.15e-01h  1
 227  6.0184762e+05 4.37e-02 1.35e+01  -6.0 1.97e+00    -  7.32e-02 1.23e-01h  1
 228  6.0183640e+05 4.26e-02 1.32e+01  -6.0 1.71e+00    -  3.67e-02 2.39e-02h  1
 229  6.0167048e+05 2.72e-02 8.45e+00  -6.0 1.64e+00    -  1.13e-01 3.62e-01f  1
iter    objective    inf_pr   inf_du lg(mu)  ||d||  lg(rg) alpha_du alpha_pr  ls
 230  6.0162612e+05 2.30e-02 7.16e+00  -6.0 9.98e-01    -  1.75e-01 1.53e-01h  1
 231  6.0158490e+05 1.91e-02 5.96e+00  -6.0 8.67e-01    -  2.34e-02 1.69e-01h  1
 232  6.0149146e+05 1.03e-02 3.22e+00  -6.0 7.20e-01    -  2.96e-01 4.62e-01f  1
 233  6.0147016e+05 8.26e-03 2.59e+00  -6.0 3.53e-01    -  7.36e-01 1.98e-01h  1
 234  6.0140437e+05 1.96e-03 6.13e-01  -6.0 4.14e-01    -  2.03e-01 7.63e-01h  1
 235  6.0138433e+05 3.34e-05 1.06e-01  -6.0 6.61e-02    -  7.24e-01 9.83e-01h  1
 236  6.0138398e+05 9.18e-05 4.38e-03  -6.0 9.92e-02    -  1.00e+00 1.00e+00h  1
 237  6.0138399e+05 1.06e-05 4.99e-04  -6.0 3.38e-02    -  1.00e+00 1.00e+00h  1
 238  6.0138399e+05 1.61e-06 7.61e-05  -6.0 1.31e-02    -  1.00e+00 1.00e+00h  1
 239  6.0138399e+05 7.64e-08 3.62e-06  -6.0 2.86e-03    -  1.00e+00 1.00e+00h  1
iter    objective    inf_pr   inf_du lg(mu)  ||d||  lg(rg) alpha_du alpha_pr  ls
 240  6.0138388e+05 3.15e-05 1.49e-02  -7.5 6.95e-02    -  8.33e-01 7.63e-01h  1
 241  6.0138386e+05 1.54e-05 7.41e-02  -7.5 3.50e-02    -  1.00e+00 5.57e-01h  1
 242  6.0138385e+05 5.31e-06 2.42e-04  -7.5 2.25e-02    -  1.00e+00 1.00e+00f  1
 243  6.0138385e+05 1.22e-07 7.48e-07  -7.5 3.19e-03    -  1.00e+00 1.00e+00h  1

Number of Iterations....: 243

                                   (scaled)                 (unscaled)
Objective...............:   2.2044862438336468e+03    6.0138384731781879e+05
Dual infeasibility......:   7.4751254343629176e-07    2.0392142184942039e-04
Constraint violation....:   1.2241674075385428e-07    1.2241674075385428e-07
Variable bound violation:   9.6392477125228915e-09    9.6392477125228915e-09
Complementarity.........:   3.5494802447348967e-08    9.6829821076367975e-06
Overall NLP error.......:   7.4751254343629176e-07    2.0392142184942039e-04


Number of objective function evaluations             = 244
Number of objective gradient evaluations             = 244
Number of equality constraint evaluations            = 244
Number of inequality constraint evaluations          = 245
Number of equality constraint Jacobian evaluations   = 244
Number of inequality constraint Jacobian evaluations = 244
Number of Lagrangian Hessian evaluations             = 243
Total seconds in IPOPT                               = 22.647

EXIT: Optimal Solution Found.

