Solver command line: ['/opt/homebrew/bin/ipopt', '/var/folders/6y/bvynbx6n3zv7z3lwg6vd724r0000gn/T/tmpppwis8cd.pyomo.nl', '-AMPL', 'tol=1e-06', 'max_iter=300', 'print_level=5', 'warm_start_init_point=yes', 'warm_start_bound_push=1e-06', 'warm_start_bound_frac=1e-06', 'warm_start_mult_bound_push=1e-06', 'mu_init=1e-06', 'least_square_init_duals=no']

Ipopt 3.14.19: tol=1e-06
max_iter=300
print_level=5
warm_start_init_point=yes
warm_start_bound_push=1e-06
warm_start_bound_frac=1e-06
warm_start_mult_bound_push=1e-06
mu_init=1e-06
least_square_init_duals=no


******************************************************************************
This program contains Ipopt, a library for large-scale nonlinear optimization.
 Ipopt is released as open source code under the Eclipse Public License (EPL).
         For more information visit https://github.com/coin-or/Ipopt
******************************************************************************

This is Ipopt version 3.14.19, running with linear solver MUMPS 5.6.2.

Number of nonzeros in equality constraint Jacobian...:    43679
Number of nonzeros in inequality constraint Jacobian.:    33080
Number of nonzeros in Lagrangian Hessian.............:    24644

Total number of variables............................:     6698
                     variables with only lower bounds:        0
                variables with lower and upper bounds:     6698
                     variables with only upper bounds:        0
Total number of equality constraints.................:     6045
Total number of inequality constraints...............:     8270
        inequality constraints with only lower bounds:        0
   inequality constraints with lower and upper bounds:        0
        inequality constraints with only upper bounds:     8270

iter    objective    inf_pr   inf_du lg(mu)  ||d||  lg(rg) alpha_du alpha_pr  ls
   0  9.0899627e+05 5.31e+02 1.00e+02  -6.0 0.00e+00    -  0.00e+00 0.00e+00   0
   1  9.0017615e+05 5.31e+02 1.00e+02  -6.0 9.82e+06    -  2.03e-08 2.03e-08f  1
   2  8.9634445e+05 5.31e+02 1.00e+02  -6.0 9.66e+06    -  1.71e-07 2.13e-08f  1
   3  8.7086156e+05 5.31e+02 1.00e+02  -6.0 9.25e+06    -  3.30e-07 1.97e-07f  1
   4  8.5985533e+05 5.31e+02 1.00e+02  -6.0 5.77e+06    -  9.36e-07 4.86e-07f  1
   5  8.5689045e+05 5.32e+02 1.00e+02  -6.0 1.40e+06    -  4.61e-06 6.45e-07f  1
   6  8.5017967e+05 5.32e+02 1.00e+02  -6.0 1.32e+06    -  9.61e-06 4.06e-06f  1
   7  8.4572013e+05 5.32e+02 1.00e+02  -6.0 1.47e+06    -  2.75e-05 1.12e-05f  1
   8  8.4394314e+05 5.31e+02 1.00e+02  -6.0 4.43e+05    -  2.52e-05 1.85e-05f  1
   9  8.4379811e+05 5.31e+02 1.00e+02  -6.0 9.02e+02  -4.0 2.58e-04 3.40e-05f  1
iter    objective    inf_pr   inf_du lg(mu)  ||d||  lg(rg) alpha_du alpha_pr  ls
  10  8.4320855e+05 5.31e+02 1.00e+02  -6.0 1.57e+03  -4.5 7.49e-05 1.58e-04f  1
  11  8.4275527e+05 5.31e+02 9.99e+01  -6.0 3.69e+03  -5.0 4.53e-04 1.14e-04f  1
  12  8.4239460e+05 5.31e+02 9.99e+01  -6.0 5.73e+03  -5.4 2.05e-04 8.06e-05f  1
  13  8.4183380e+05 5.31e+02 9.99e+01  -6.0 2.27e+03  -5.0 2.41e-04 1.88e-04f  1
  14  8.4105527e+05 5.31e+02 9.99e+01  -6.0 5.95e+03  -5.5 1.42e-04 2.09e-04f  1
  15  8.4038683e+05 5.31e+02 9.98e+01  -6.0 2.39e+03  -5.1 1.01e-03 2.54e-04f  1
  16  8.3965005e+05 5.31e+02 9.96e+01  -6.0 4.53e+03  -5.5 1.18e-03 2.47e-04f  1
  17  8.3841757e+05 5.30e+02 9.94e+01  -6.0 1.34e+03  -5.1 1.95e-03 5.32e-04f  1
  18  8.3574452e+05 5.30e+02 9.93e+01  -6.0 3.40e+03  -5.6 1.59e-03 1.06e-03f  1
  19  8.3493732e+05 5.30e+02 9.92e+01  -6.0 2.79e+04    -  6.99e-04 2.57e-04f  1
iter    objective    inf_pr   inf_du lg(mu)  ||d||  lg(rg) alpha_du alpha_pr  ls
  20  8.3421584e+05 5.30e+02 9.91e+01  -6.0 2.26e+04    -  8.84e-04 2.49e-04f  1
  21  8.3305347e+05 5.29e+02 9.91e+01  -6.0 1.59e+04    -  5.06e-04 4.31e-04f  1
  22  8.3206564e+05 5.29e+02 9.90e+01  -6.0 1.27e+04    -  3.06e-04 3.92e-04f  1
  23  8.3153486e+05 5.29e+02 9.90e+01  -6.0 1.08e+04    -  5.71e-04 2.21e-04f  1
  24  8.2990811e+05 5.28e+02 9.90e+01  -6.0 9.96e+03    -  3.14e-04 7.07e-04f  1
  25  8.2846033e+05 5.28e+02 9.89e+01  -6.0 8.18e+03    -  2.25e-04 6.72e-04f  1
  26  8.2753651e+05 5.28e+02 9.89e+01  -6.0 7.83e+03    -  6.90e-04 4.44e-04f  1
  27  8.2696894e+05 5.28e+02 9.85e+01  -6.0 7.44e+03    -  3.79e-03 2.80e-04f  1
  28  8.2400388e+05 5.27e+02 9.84e+01  -6.0 6.71e+03    -  1.37e-03 1.50e-03f  1
  29  8.2232011e+05 5.26e+02 9.84e+01  -6.0 6.50e+03    -  7.14e-05 8.70e-04f  1
iter    objective    inf_pr   inf_du lg(mu)  ||d||  lg(rg) alpha_du alpha_pr  ls
  30  8.2031768e+05 5.25e+02 9.83e+01  -6.0 6.36e+03    -  6.95e-04 1.04e-03f  1
  31  8.1915569e+05 5.25e+02 9.83e+01  -6.0 5.39e+03    -  1.10e-04 6.09e-04f  1
  32  8.1820483e+05 5.25e+02 9.82e+01  -6.0 4.70e+03    -  7.48e-04 5.00e-04f  1
  33  8.1507646e+05 5.24e+02 9.82e+01  -6.0 4.12e+03    -  4.68e-04 1.65e-03f  1
  34  8.1280585e+05 5.23e+02 9.80e+01  -6.0 2.52e+03    -  1.51e-03 1.20e-03f  1
  35  8.1256690e+05 5.23e+02 9.79e+01  -6.0 2.15e+03    -  1.28e-03 1.27e-04f  1
  36  8.0848401e+05 5.22e+02 9.78e+01  -6.0 2.01e+03    -  3.26e-04 2.18e-03f  1
  37  8.0767604e+05 5.22e+02 9.77e+01  -6.0 1.65e+03    -  1.78e-03 4.33e-04f  1
  38  8.0621854e+05 5.22e+02 9.75e+01  -6.0 1.45e+03    -  1.67e-03 7.82e-04f  1
  39  8.0409889e+05 5.21e+02 9.69e+01  -6.0 1.24e+03    -  6.70e-03 1.14e-03f  1
iter    objective    inf_pr   inf_du lg(mu)  ||d||  lg(rg) alpha_du alpha_pr  ls
  40  7.9906880e+05 5.20e+02 9.66e+01  -6.0 8.91e+02    -  2.76e-03 2.72e-03f  1
  41  7.9789584e+05 5.19e+02 9.65e+01  -6.0 7.07e+02    -  1.21e-03 6.38e-04f  1
  42  7.9754650e+05 5.19e+02 9.65e+01  -6.0 6.71e+02    -  2.12e-04 1.90e-04f  1
  43  7.9703336e+05 5.19e+02 9.64e+01  -6.0 6.64e+02    -  2.61e-04 2.80e-04f  1
  44  7.9681818e+05 5.19e+02 9.64e+01  -6.0 6.64e+02    -  3.55e-04 1.17e-04f  1
  45  7.9611114e+05 5.19e+02 9.63e+01  -6.0 6.40e+02    -  6.45e-04 3.86e-04f  1
  46  7.9452309e+05 5.18e+02 9.62e+01  -6.0 6.23e+02    -  1.63e-03 8.68e-04f  1
  47  7.9054945e+05 5.17e+02 9.59e+01  -6.0 5.85e+02    -  2.56e-03 2.18e-03f  1
  48  7.8866609e+05 5.17e+02 9.57e+01  -6.0 1.65e+03    -  2.46e-03 1.04e-03f  1
  49  7.8602143e+05 5.16e+02 9.56e+01  -6.0 1.73e+03    -  6.37e-04 1.46e-03f  1
iter    objective    inf_pr   inf_du lg(mu)  ||d||  lg(rg) alpha_du alpha_pr  ls
  50  7.8423430e+05 5.15e+02 9.56e+01  -6.0 1.62e+03    -  5.96e-04 9.90e-04f  1
  51  7.8236159e+05 5.15e+02 9.55e+01  -6.0 1.52e+03    -  1.29e-03 1.04e-03f  1
  52  7.7969385e+05 5.14e+02 9.52e+01  -6.0 1.40e+03    -  2.21e-03 1.48e-03f  1
  53  7.7841933e+05 5.14e+02 9.51e+01  -6.0 1.24e+03    -  1.48e-03 7.12e-04f  1
  54  7.7751512e+05 5.13e+02 9.51e+01  -6.0 1.05e+03    -  5.08e-04 5.06e-04f  1
  55  7.7615412e+05 5.13e+02 9.50e+01  -6.0 9.79e+02    -  2.91e-04 7.63e-04f  1
  56  7.7484403e+05 5.13e+02 9.50e+01  -6.0 8.78e+02    -  5.68e-04 7.35e-04f  1
  57  7.7387835e+05 5.12e+02 9.49e+01  -6.0 7.63e+02    -  1.06e-03 5.43e-04f  1
  58  7.7181995e+05 5.12e+02 9.48e+01  -6.0 6.71e+02    -  9.45e-04 1.16e-03f  1
  59  7.6793563e+05 5.11e+02 9.48e+01  -6.0 5.30e+02    -  2.53e-04 2.19e-03f  1
iter    objective    inf_pr   inf_du lg(mu)  ||d||  lg(rg) alpha_du alpha_pr  ls
  60  7.6597735e+05 5.10e+02 9.45e+01  -6.0 5.72e+02    -  2.44e-03 1.11e-03f  1
  61  7.6525306e+05 5.10e+02 9.45e+01  -6.0 1.93e+03    -  7.20e-04 4.17e-04f  1
  62  7.6491592e+05 5.10e+02 9.44e+01  -6.0 1.90e+03    -  6.94e-04 1.95e-04f  1
  63  7.6448494e+05 5.10e+02 9.44e+01  -6.0 1.82e+03    -  1.33e-04 2.50e-04f  1
  64  7.6260527e+05 5.09e+02 9.44e+01  -6.0 1.95e+03    -  1.69e-04 1.08e-03f  1
  65  7.6169232e+05 5.09e+02 9.43e+01  -6.0 1.84e+03    -  8.45e-04 5.27e-04f  1
  66  7.6019116e+05 5.08e+02 9.42e+01  -6.0 1.73e+03    -  6.95e-04 8.68e-04f  1
  67  7.5592213e+05 5.07e+02 9.41e+01  -6.0 1.44e+03    -  9.15e-04 2.47e-03f  1
  68  7.5589255e+05 5.07e+02 9.41e+01  -6.0 2.07e+03    -  6.49e-04 1.72e-05f  1
  69  7.5488006e+05 5.07e+02 9.40e+01  -6.0 2.19e+03    -  1.25e-03 5.91e-04f  1
iter    objective    inf_pr   inf_du lg(mu)  ||d||  lg(rg) alpha_du alpha_pr  ls
  70  7.5298666e+05 5.06e+02 9.39e+01  -6.0 2.39e+03    -  8.78e-04 1.11e-03f  1
  71  7.5203536e+05 5.06e+02 9.37e+01  -6.0 2.23e+03    -  1.73e-03 5.59e-04f  1
  72  7.5060277e+05 5.05e+02 9.36e+01  -6.0 2.18e+03    -  1.48e-03 8.45e-04f  1
  73  7.4955681e+05 5.05e+02 9.36e+01  -6.0 2.39e+03    -  2.20e-04 6.22e-04f  1
  74  7.4921580e+05 5.05e+02 9.35e+01  -6.0 1.51e+03    -  3.45e-04 2.05e-04f  1
  75  7.4861223e+05 5.05e+02 9.35e+01  -6.0 1.09e+03    -  2.74e-04 3.53e-04f  1
  76  7.4477399e+05 5.03e+02 9.34e+01  -6.0 1.09e+03    -  1.39e-03 2.25e-03f  1
  77  7.4282041e+05 5.03e+02 9.31e+01  -6.0 1.05e+03    -  2.92e-03 1.15e-03f  1
  78  7.4250072e+05 5.03e+02 9.30e+01  -6.0 1.08e+03    -  5.63e-04 1.89e-04f  1
  79  7.4134686e+05 5.02e+02 9.30e+01  -6.0 1.09e+03    -  3.81e-04 6.83e-04f  1
iter    objective    inf_pr   inf_du lg(mu)  ||d||  lg(rg) alpha_du alpha_pr  ls
  80  7.4047805e+05 5.02e+02 9.29e+01  -6.0 1.08e+03    -  9.57e-04 5.15e-04f  1
  81  7.3985467e+05 5.02e+02 9.29e+01  -6.0 1.07e+03    -  2.52e-04 3.70e-04f  1
  82  7.3929014e+05 5.02e+02 9.29e+01  -6.0 1.06e+03    -  2.02e-04 3.35e-04f  1
  83  7.3903930e+05 5.02e+02 9.28e+01  -6.0 1.52e+03    -  6.67e-04 1.53e-04f  1
  84  7.3842466e+05 5.02e+02 9.28e+01  -6.0 1.64e+03    -  3.62e-05 3.75e-04f  1
  85  7.3702015e+05 5.01e+02 9.27e+01  -6.0 1.71e+03    -  9.16e-04 8.45e-04f  1
  86  7.3520092e+05 5.01e+02 9.27e+01  -6.0 1.61e+03    -  6.26e-04 1.10e-03f  1
  87  7.3500187e+05 5.00e+02 9.25e+01  -6.0 1.47e+03    -  1.94e-03 1.20e-04f  1
  88  7.3325065e+05 5.00e+02 9.25e+01  -6.0 1.47e+03    -  6.54e-05 1.06e-03f  1
  89  7.3208725e+05 5.00e+02 9.24e+01  -6.0 1.33e+03    -  3.40e-04 7.04e-04f  1
iter    objective    inf_pr   inf_du lg(mu)  ||d||  lg(rg) alpha_du alpha_pr  ls
  90  7.3160680e+05 4.99e+02 9.24e+01  -6.0 1.32e+03    -  1.37e-04 2.92e-04f  1
  91  7.3131314e+05 4.99e+02 9.24e+01  -6.0 1.33e+03    -  3.55e-04 1.79e-04f  1
  92  7.3066944e+05 4.99e+02 9.24e+01  -6.0 1.33e+03    -  4.47e-04 3.92e-04f  1
  93  7.3054442e+05 4.99e+02 9.23e+01  -6.0 1.37e+03    -  8.84e-04 7.68e-05f  1
  94  7.3024222e+05 4.99e+02 9.23e+01  -6.0 6.25e+03    -  6.62e-05 2.05e-04f  1
  95  7.2927047e+05 4.99e+02 9.22e+01  -6.0 4.85e+03    -  8.04e-04 6.35e-04f  1
  96  7.2919535e+05 4.99e+02 9.22e+01  -6.0 4.46e+03    -  3.35e-04 4.86e-05f  1
  97  7.2872335e+05 4.99e+02 9.22e+01  -6.0 9.93e+02    -  4.40e-05 2.91e-04f  1
  98  7.2829759e+05 4.98e+02 9.21e+01  -6.0 1.06e+03    -  2.81e-04 2.62e-04f  1
  99  7.2780620e+05 4.98e+02 9.21e+01  -6.0 1.06e+03    -  3.88e-04 3.01e-04f  1
iter    objective    inf_pr   inf_du lg(mu)  ||d||  lg(rg) alpha_du alpha_pr  ls
 100  7.2615771e+05 4.98e+02 9.20e+01  -6.0 1.05e+03    -  5.99e-04 1.01e-03f  1
 101  7.2566137e+05 4.98e+02 9.19e+01  -6.0 1.02e+03    -  1.32e-03 3.04e-04f  1
 102  7.2517911e+05 4.97e+02 9.19e+01  -6.0 1.05e+03    -  3.51e-04 2.96e-04f  1
 103  7.2401389e+05 4.97e+02 9.18e+01  -6.0 1.06e+03    -  1.04e-03 7.16e-04f  1
 104  7.2269735e+05 4.97e+02 9.17e+01  -6.0 1.07e+03    -  8.32e-04 8.10e-04f  1
 105  7.1779462e+05 4.95e+02 9.17e+01  -6.0 1.08e+03    -  5.68e-04 3.03e-03f  1
 106  7.1763795e+05 4.95e+02 9.17e+01  -6.0 1.35e+03    -  9.79e-05 9.91e-05f  1
 107  7.1747166e+05 4.95e+02 9.16e+01  -6.0 1.21e+03    -  2.21e-04 1.05e-04f  1
 108  7.1669866e+05 4.95e+02 9.16e+01  -6.0 1.20e+03    -  2.08e-04 4.88e-04f  1
 109  7.1465381e+05 4.94e+02 9.16e+01  -6.0 1.20e+03    -  4.68e-04 1.29e-03f  1
iter    objective    inf_pr   inf_du lg(mu)  ||d||  lg(rg) alpha_du alpha_pr  ls
 110  7.1437076e+05 4.94e+02 9.14e+01  -6.0 1.29e+03    -  1.92e-03 1.80e-04f  1
 111  7.1269139e+05 4.94e+02 9.14e+01  -6.0 1.33e+03    -  4.19e-05 1.07e-03f  1
 112  7.1046978e+05 4.93e+02 9.14e+01  -6.0 1.25e+03    -  8.64e-05 1.44e-03f  1
 113  7.1026887e+05 4.93e+02 9.14e+01  -6.0 1.09e+03    -  2.62e-04 1.30e-04f  1
 114  7.0965364e+05 4.93e+02 9.13e+01  -6.0 1.22e+03    -  1.02e-03 3.96e-04f  1
 115  7.0727173e+05 4.92e+02 9.12e+01  -6.0 1.22e+03    -  4.30e-04 1.54e-03f  1
 116  7.0709260e+05 4.92e+02 9.12e+01  -6.0 1.21e+03    -  4.43e-04 1.18e-04f  1
 117  7.0666468e+05 4.92e+02 9.12e+01  -6.0 1.14e+03    -  3.99e-04 2.84e-04f  1
 118  7.0585884e+05 4.91e+02 9.11e+01  -6.0 1.08e+03    -  7.54e-05 5.38e-04f  1
 119  7.0502977e+05 4.91e+02 9.11e+01  -6.0 1.03e+03    -  4.01e-04 5.52e-04f  1
iter    objective    inf_pr   inf_du lg(mu)  ||d||  lg(rg) alpha_du alpha_pr  ls
 120  7.0455780e+05 4.91e+02 9.11e+01  -6.0 1.08e+03    -  2.39e-04 3.11e-04f  1
 121  7.0256406e+05 4.90e+02 9.11e+01  -6.0 1.33e+03    -  2.90e-04 1.30e-03f  1
 122  7.0190113e+05 4.90e+02 9.10e+01  -6.0 8.44e+02    -  9.81e-04 4.40e-04f  1
 123  7.0032427e+05 4.90e+02 9.09e+01  -6.0 1.14e+03    -  3.75e-04 1.02e-03f  1
 124  6.9952272e+05 4.89e+02 9.08e+01  -6.0 1.07e+03    -  1.09e-03 5.20e-04f  1
 125  6.9873946e+05 4.89e+02 9.08e+01  -6.0 1.07e+03    -  2.70e-04 5.08e-04f  1
 126  6.9736476e+05 4.89e+02 9.08e+01  -6.0 1.08e+03    -  5.51e-04 8.92e-04f  1
 127  6.9681222e+05 4.88e+02 9.07e+01  -6.0 1.07e+03    -  5.65e-04 3.60e-04f  1
 128  6.9641973e+05 4.88e+02 9.07e+01  -6.0 9.65e+02    -  4.66e-04 2.57e-04f  1
 129  6.9569434e+05 4.88e+02 9.06e+01  -6.0 1.01e+03    -  7.53e-04 4.76e-04f  1
iter    objective    inf_pr   inf_du lg(mu)  ||d||  lg(rg) alpha_du alpha_pr  ls
 130  6.9531637e+05 4.88e+02 9.06e+01  -6.0 9.51e+02    -  1.23e-04 2.49e-04f  1
 131  6.9520531e+05 4.88e+02 9.05e+01  -6.0 1.11e+03    -  9.35e-04 7.31e-05f  1
 132  6.9512213e+05 4.88e+02 9.05e+01  -6.0 9.91e+02    -  3.70e-05 5.82e-05f  1
 133  6.9362735e+05 4.87e+02 9.05e+01  -6.0 9.50e+02    -  1.66e-05 1.03e-03f  1
 134  6.9302517e+05 4.87e+02 9.05e+01  -6.0 9.86e+02    -  3.03e-04 4.02e-04f  1
 135  6.9224632e+05 4.87e+02 9.03e+01  -6.0 9.94e+02    -  1.48e-03 5.25e-04f  1
 136  6.9141514e+05 4.87e+02 9.02e+01  -6.0 1.60e+03    -  1.59e-03 5.74e-04f  1
 137  6.9122444e+05 4.87e+02 9.01e+01  -6.0 2.06e+03    -  1.02e-03 1.37e-04f  1
 138  6.8970937e+05 4.86e+02 9.01e+01  -6.0 1.37e+03    -  1.42e-04 1.06e-03f  1
 139  6.8869455e+05 4.86e+02 9.01e+01  -6.0 8.47e+02    -  1.10e-04 7.15e-04f  1
iter    objective    inf_pr   inf_du lg(mu)  ||d||  lg(rg) alpha_du alpha_pr  ls
 140  6.8850014e+05 4.86e+02 9.01e+01  -6.0 1.24e+03    -  1.09e-04 1.37e-04f  1
 141  6.8805868e+05 4.86e+02 9.01e+01  -6.0 1.33e+03    -  1.20e-04 3.11e-04f  1
 142  6.8771250e+05 4.85e+02 9.00e+01  -6.0 1.44e+03    -  5.93e-04 2.43e-04f  1
 143  6.8748576e+05 4.85e+02 9.00e+01  -6.0 1.87e+03    -  7.24e-05 1.68e-04f  1
 144  6.8735481e+05 4.85e+02 9.00e+01  -6.0 2.04e+03    -  9.81e-05 9.70e-05f  1
 145  6.8732546e+05 4.85e+02 9.00e+01  -6.0 2.07e+03    -  2.49e-04 2.17e-05f  1
 146  6.8576266e+05 4.85e+02 9.00e+01  -6.0 2.02e+03    -  2.68e-05 1.17e-03f  1
 147  6.8548749e+05 4.85e+02 9.00e+01  -6.0 2.50e+03    -  2.24e-04 2.02e-04f  1
 148  6.8489980e+05 4.84e+02 8.99e+01  -6.0 2.68e+03    -  3.47e-05 4.34e-04f  1
 149  6.8484831e+05 4.84e+02 8.99e+01  -6.0 1.57e+03    -  2.78e-04 3.83e-05f  1
iter    objective    inf_pr   inf_du lg(mu)  ||d||  lg(rg) alpha_du alpha_pr  ls
 150  6.8449054e+05 4.84e+02 8.99e+01  -6.0 8.85e+02    -  2.66e-04 2.69e-04f  1
 151  6.8339338e+05 4.84e+02 8.99e+01  -6.0 8.48e+02    -  4.38e-04 8.30e-04f  1
 152  6.8306819e+05 4.84e+02 8.99e+01  -6.0 5.55e+02    -  4.72e-05 2.47e-04f  1
 153  6.8302125e+05 4.84e+02 8.99e+01  -6.0 8.80e+02    -  1.63e-06 3.53e-05f  1
 154  6.8232816e+05 4.83e+02 8.98e+01  -6.0 8.63e+02    -  4.63e-04 5.22e-04f  1
 155  6.8199738e+05 4.83e+02 8.98e+01  -6.0 8.55e+02    -  4.61e-04 2.50e-04f  1
 156  6.8158632e+05 4.83e+02 8.97e+01  -6.0 8.97e+02    -  9.08e-04 3.11e-04f  1
 157  6.8136059e+05 4.83e+02 8.97e+01  -6.0 9.00e+02    -  3.58e-04 1.72e-04f  1
 158  6.8061591e+05 4.83e+02 8.96e+01  -6.0 8.80e+02    -  2.66e-04 5.69e-04f  1
 159  6.8052153e+05 4.83e+02 8.95e+01  -6.0 8.73e+02    -  9.69e-04 7.24e-05f  1
iter    objective    inf_pr   inf_du lg(mu)  ||d||  lg(rg) alpha_du alpha_pr  ls
 160  6.7805502e+05 4.82e+02 8.95e+01  -6.0 1.39e+03    -  3.41e-04 1.81e-03f  1
 161  6.7797866e+05 4.82e+02 8.95e+01  -6.0 1.28e+03    -  4.30e-04 5.96e-05f  1
 162  6.7727893e+05 4.82e+02 8.94e+01  -6.0 1.22e+03    -  9.18e-04 5.45e-04f  1
 163  6.7593640e+05 4.81e+02 8.93e+01  -6.0 1.39e+03    -  7.07e-04 1.06e-03f  1
 164  6.7553929e+05 4.81e+02 8.93e+01  -6.0 1.69e+03    -  3.33e-05 3.16e-04f  1
 165  6.7442918e+05 4.80e+02 8.93e+01  -6.0 3.15e+03    -  4.86e-04 8.85e-04f  1
 166  6.7429203e+05 4.80e+02 8.92e+01  -6.0 3.61e+03    -  4.70e-04 1.10e-04f  1
 167  6.7417064e+05 4.80e+02 8.92e+01  -6.0 3.64e+03    -  2.06e-04 9.82e-05f  1
 168  6.7390615e+05 4.80e+02 8.92e+01  -6.0 3.64e+03    -  1.49e-04 2.15e-04f  1
 169  6.7347613e+05 4.80e+02 8.91e+01  -6.0 2.49e+03    -  7.68e-04 3.96e-04f  1
iter    objective    inf_pr   inf_du lg(mu)  ||d||  lg(rg) alpha_du alpha_pr  ls
 170  6.7337019e+05 4.80e+02 8.91e+01  -6.0 2.50e+03    -  4.45e-04 9.85e-05f  1
 171  6.7323631e+05 4.80e+02 8.91e+01  -6.0 2.30e+03    -  1.50e-04 1.25e-04f  1
 172  6.7282979e+05 4.80e+02 8.90e+01  -6.0 2.22e+03    -  1.07e-03 3.85e-04f  1
 173  6.7185038e+05 4.79e+02 8.89e+01  -6.0 1.88e+03    -  6.38e-04 9.22e-04f  1
 174  6.7167870e+05 4.79e+02 8.89e+01  -6.0 2.65e+03    -  8.39e-05 1.61e-04f  1
 175  6.7155725e+05 4.79e+02 8.89e+01  -6.0 2.93e+03    -  2.14e-04 1.14e-04f  1
 176  6.7145528e+05 4.79e+02 8.89e+01  -6.0 2.91e+03    -  1.99e-04 9.53e-05f  1
 177  6.7110361e+05 4.79e+02 8.89e+01  -6.0 2.84e+03    -  1.00e-04 3.31e-04f  1
 178  6.7094618e+05 4.79e+02 8.88e+01  -6.0 2.68e+03    -  8.90e-04 1.49e-04f  1
 179  6.7055636e+05 4.79e+02 8.87e+01  -6.0 2.35e+03    -  7.37e-04 3.70e-04f  1
iter    objective    inf_pr   inf_du lg(mu)  ||d||  lg(rg) alpha_du alpha_pr  ls
 180  6.6969566e+05 4.78e+02 8.87e+01  -6.0 1.47e+03    -  3.03e-05 8.28e-04f  1
 181  6.6951280e+05 4.78e+02 8.87e+01  -6.0 2.39e+03    -  2.28e-04 1.76e-04f  1
 182  6.6793956e+05 4.78e+02 8.87e+01  -6.0 1.58e+03    -  8.93e-05 1.52e-03f  1
 183  6.6769863e+05 4.77e+02 8.87e+01  -6.0 1.98e+03    -  5.10e-04 2.34e-04f  1
 184  6.6698685e+05 4.77e+02 8.86e+01  -6.0 2.86e+03    -  6.89e-04 6.84e-04f  1
 185  6.6612750e+05 4.77e+02 8.86e+01  -6.0 3.14e+03    -  5.21e-04 8.27e-04f  1
 186  6.6599967e+05 4.77e+02 8.85e+01  -6.0 1.57e+03    -  9.96e-05 1.25e-04f  1
 187  6.6588404e+05 4.77e+02 8.85e+01  -6.0 1.79e+03    -  1.37e-04 1.13e-04f  1
 188  6.6456948e+05 4.76e+02 8.85e+01  -6.0 1.96e+03    -  6.12e-05 1.28e-03f  1
 189  6.6455809e+05 4.76e+02 8.85e+01  -6.0 2.10e+03    -  7.87e-04 1.11e-05h  1
iter    objective    inf_pr   inf_du lg(mu)  ||d||  lg(rg) alpha_du alpha_pr  ls
 190  6.6286828e+05 4.75e+02 8.84e+01  -6.0 2.02e+03    -  1.95e-04 1.63e-03f  1
 191  6.6264748e+05 4.75e+02 8.83e+01  -6.0 1.95e+03    -  1.05e-03 2.06e-04f  1
 192  6.6233709e+05 4.75e+02 8.83e+01  -6.0 2.29e+03    -  2.92e-04 2.88e-04f  1
 193  6.6208062e+05 4.75e+02 8.82e+01  -6.0 1.15e+03    -  9.20e-04 2.41e-04f  1
 194  6.6178842e+05 4.75e+02 8.81e+01  -6.0 9.99e+02    -  1.30e-03 2.75e-04f  1
 195  6.6034725e+05 4.74e+02 8.81e+01  -6.0 1.69e+03    -  2.92e-04 1.32e-03f  1
 196  6.6024971e+05 4.74e+02 8.80e+01  -6.0 2.41e+03    -  9.14e-04 9.30e-05f  1
 197  6.5959545e+05 4.74e+02 8.80e+01  -6.0 1.23e+03    -  7.12e-04 6.30e-04f  1
 198  6.5875077e+05 4.73e+02 8.79e+01  -6.0 1.31e+03    -  3.84e-04 8.13e-04f  1
 199  6.5726873e+05 4.72e+02 8.78e+01  -6.0 1.06e+03    -  8.99e-04 1.42e-03f  1
iter    objective    inf_pr   inf_du lg(mu)  ||d||  lg(rg) alpha_du alpha_pr  ls
 200  6.5674972e+05 4.72e+02 8.78e+01  -6.0 1.00e+03    -  3.70e-05 4.95e-04f  1
 201  6.5615628e+05 4.71e+02 8.78e+01  -6.0 1.69e+03    -  1.26e-04 5.65e-04f  1
 202  6.5609386e+05 4.71e+02 8.78e+01  -6.0 1.94e+03    -  2.96e-04 5.90e-05f  1
 203  6.5570399e+05 4.71e+02 8.78e+01  -6.0 2.00e+03    -  6.15e-04 3.71e-04f  1
 204  6.5566609e+05 4.71e+02 8.77e+01  -6.0 2.02e+03    -  6.39e-04 3.62e-05f  1
 205  6.5545576e+05 4.71e+02 8.77e+01  -6.0 1.77e+03    -  4.51e-04 2.01e-04f  1
 206  6.5532437e+05 4.71e+02 8.76e+01  -6.0 1.81e+03    -  1.18e-04 1.30e-04f  1
 207  6.5514922e+05 4.71e+02 8.76e+01  -6.0 1.33e+03    -  6.41e-04 1.71e-04f  1
 208  6.5499252e+05 4.70e+02 8.76e+01  -6.0 1.30e+03    -  1.94e-04 1.60e-04f  1
 209  6.5478569e+05 4.70e+02 8.75e+01  -6.0 1.43e+03    -  6.98e-04 2.14e-04f  1
iter    objective    inf_pr   inf_du lg(mu)  ||d||  lg(rg) alpha_du alpha_pr  ls
 210  6.5458032e+05 4.70e+02 8.74e+01  -6.0 1.53e+03    -  7.96e-04 2.17e-04f  1
 211  6.5426066e+05 4.70e+02 8.74e+01  -6.0 1.54e+03    -  2.81e-04 3.40e-04f  1
 212  6.5400449e+05 4.69e+02 8.74e+01  -6.0 1.52e+03    -  4.63e-04 2.79e-04f  1
 213  6.5373278e+05 4.69e+02 8.74e+01  -6.0 1.36e+03    -  1.88e-04 3.06e-04f  1
 214  6.5348610e+05 4.69e+02 8.73e+01  -6.0 1.21e+03    -  5.60e-04 2.91e-04f  1
 215  6.5334896e+05 4.69e+02 8.73e+01  -6.0 2.81e+03    -  1.21e-04 1.71e-04f  1
 216  6.5321159e+05 4.69e+02 8.73e+01  -6.0 3.37e+03    -  4.14e-04 1.75e-04f  1
 217  6.5305700e+05 4.68e+02 8.73e+01  -6.0 3.13e+03    -  1.27e-04 1.96e-04f  1
 218  6.5290981e+05 4.68e+02 8.72e+01  -6.0 3.08e+03    -  9.11e-04 1.93e-04f  1
 219  6.5271251e+05 4.68e+02 8.71e+01  -6.0 1.63e+02  -3.4 5.60e-04 3.80e-04f  1
iter    objective    inf_pr   inf_du lg(mu)  ||d||  lg(rg) alpha_du alpha_pr  ls
 220  6.5265901e+05 4.68e+02 8.71e+01  -6.0 1.20e+02  -2.9 1.33e-04 1.08e-04h  1
 221  6.5248814e+05 4.67e+02 8.71e+01  -6.0 1.26e+02  -3.4 7.91e-05 3.21e-04f  1
 222  6.5239427e+05 4.67e+02 8.71e+01  -6.0 1.21e+02  -3.0 9.99e-05 2.00e-04f  1
 223  6.5227427e+05 4.67e+02 8.71e+01  -6.0 1.35e+02  -3.5 4.14e-04 2.42e-04f  1
 224  6.5224895e+05 4.67e+02 8.71e+01  -6.0 1.21e+02  -3.0 1.08e-04 5.68e-05h  1
 225  6.5214259e+05 4.66e+02 8.70e+01  -6.0 2.16e+02  -3.5 9.69e-05 2.21e-04f  1
 226  6.5209672e+05 4.66e+02 8.70e+01  -6.0 1.21e+02  -3.1 4.25e-04 1.08e-04h  1
 227  6.5202983e+05 4.66e+02 8.70e+01  -6.0 1.15e+02  -2.7 3.16e-04 1.77e-04f  1
 228  6.5190136e+05 4.66e+02 8.70e+01  -6.0 1.21e+02  -3.1 6.61e-05 3.09e-04f  1
 229  6.5189464e+05 4.66e+02 8.70e+01  -6.0 1.15e+02  -2.7 2.69e-04 1.87e-05h  1
iter    objective    inf_pr   inf_du lg(mu)  ||d||  lg(rg) alpha_du alpha_pr  ls
 230  6.5149400e+05 4.65e+02 8.70e+01  -6.0 1.21e+02  -3.2 4.03e-05 9.95e-04f  1
 231  6.5147403e+05 4.64e+02 8.69e+01  -6.0 1.16e+02  -2.8 1.26e-04 5.43e-05h  1
 232  6.5146236e+05 4.64e+02 8.69e+01  -6.0 1.22e+02  -3.2 1.16e-05 2.82e-05f  1
 233  6.5145749e+05 4.64e+02 8.69e+01  -6.0 1.17e+02  -2.8 8.60e-05 1.30e-05f  1
 234  6.5140373e+05 4.64e+02 8.69e+01  -6.0 1.21e+02  -3.3 2.04e-05 1.29e-04f  1
 235  6.5139493e+05 4.64e+02 8.69e+01  -6.0 1.16e+02  -2.9 2.19e-04 2.31e-05h  1
 236  6.5132564e+05 4.64e+02 8.69e+01  -6.0 1.17e+02  -3.3 3.87e-05 1.60e-04f  1
 237  6.5132119e+05 4.64e+02 8.69e+01  -6.0 1.14e+02  -2.9 2.88e-05 1.13e-05h  1
 238  6.5088769e+05 4.63e+02 8.69e+01  -6.0 1.25e+02  -3.4 2.03e-05 9.89e-04f  1
 239  6.5085897e+05 4.63e+02 8.68e+01  -6.0 1.15e+02  -3.0 6.98e-04 7.25e-05h  1
iter    objective    inf_pr   inf_du lg(mu)  ||d||  lg(rg) alpha_du alpha_pr  ls
 240  6.5079342e+05 4.63e+02 8.68e+01  -6.0 1.43e+02  -3.4 4.53e-04 1.48e-04f  1
 241  6.5068168e+05 4.62e+02 8.67e+01  -6.0 1.15e+02  -3.0 7.86e-04 2.79e-04f  1
 242  6.5060540e+05 4.62e+02 8.67e+01  -6.0 1.67e+02  -3.5 3.19e-04 1.75e-04h  1
 243  6.5052952e+05 4.62e+02 8.67e+01  -6.0 1.14e+02  -3.1 5.57e-04 2.02e-04f  1
 244  6.5015051e+05 4.61e+02 8.66e+01  -6.0 3.31e+02  -3.5 8.20e-04 8.97e-04f  1
 245  6.4992943e+05 4.60e+02 8.66e+01  -6.0 1.13e+02  -3.1 3.47e-04 5.83e-04f  1
 246  6.4990543e+05 4.60e+02 8.65e+01  -6.0 2.24e+02  -3.6 7.90e-04 5.73e-05h  1
 247  6.4979107e+05 4.60e+02 8.64e+01  -6.0 1.12e+02  -3.2 5.16e-04 3.20e-04h  1
 248  6.4972237e+05 4.59e+02 8.64e+01  -6.0 2.47e+02  -3.6 1.85e-04 1.70e-04h  1
 249  6.4963100e+05 4.59e+02 8.64e+01  -6.0 1.13e+02  -3.2 5.06e-04 2.63e-04h  1
iter    objective    inf_pr   inf_du lg(mu)  ||d||  lg(rg) alpha_du alpha_pr  ls
 250  6.4950972e+05 4.59e+02 8.63e+01  -6.0 4.10e+02  -3.7 5.69e-04 3.04e-04f  1
 251  6.4924991e+05 4.58e+02 8.63e+01  -6.0 1.14e+02  -3.3 5.90e-04 7.55e-04f  1
 252  6.4889209e+05 4.57e+02 8.62e+01  -6.0 3.11e+02  -3.7 7.73e-04 9.29e-04f  1
 253  6.4872609e+05 4.56e+02 8.62e+01  -6.0 1.09e+02  -3.3 1.82e-04 5.40e-04f  1
 254  6.4864630e+05 4.56e+02 8.61e+01  -6.0 1.84e+02  -3.8 1.72e-03 2.45e-04h  1
 255  6.4851300e+05 4.55e+02 8.60e+01  -6.0 1.08e+02  -3.4 7.34e-04 4.49e-04f  1
 256  6.4839188e+05 4.55e+02 8.59e+01  -6.0 1.82e+02  -3.8 6.30e-04 3.90e-04h  1
 257  6.4808323e+05 4.53e+02 8.58e+01  -6.0 1.03e+02  -3.4 1.69e-03 1.11e-03f  1
 258  6.4799925e+05 4.53e+02 8.57e+01  -6.0 1.99e+02  -3.9 6.21e-04 2.83e-04h  1
 259  6.4777974e+05 4.52e+02 8.57e+01  -6.0 1.03e+02  -3.5 2.64e-04 8.10e-04f  1
iter    objective    inf_pr   inf_du lg(mu)  ||d||  lg(rg) alpha_du alpha_pr  ls
 260  6.4776548e+05 4.52e+02 8.57e+01  -6.0 2.14e+02  -3.9 3.65e-04 4.87e-05h  1
 261  6.4771288e+05 4.52e+02 8.57e+01  -6.0 1.09e+02  -3.5 1.06e-04 1.94e-04h  1
 262  6.4763500e+05 4.52e+02 8.56e+01  -6.0 2.26e+02  -4.0 5.47e-04 2.65e-04h  1
 263  6.4726664e+05 4.50e+02 8.56e+01  -6.0 1.18e+02  -3.6 4.74e-04 1.32e-03f  1
 264  6.4716293e+05 4.50e+02 8.56e+01  -6.0 2.57e+02  -4.1 5.06e-04 3.43e-04h  1
 265  6.4711577e+05 4.49e+02 8.54e+01  -6.0 1.25e+02  -3.6 1.77e-03 1.70e-04h  1
 266  6.4705139e+05 4.49e+02 8.54e+01  -6.0 8.39e+01  -3.2 5.44e-04 2.62e-04h  1
 267  6.4688134e+05 4.48e+02 8.53e+01  -6.0 1.74e+02  -3.7 9.71e-04 6.71e-04h  1
 268  6.4665822e+05 4.47e+02 8.52e+01  -6.0 1.03e+02  -3.3 2.99e-04 9.99e-04f  1
 269  6.4661591e+05 4.47e+02 8.52e+01  -6.0 1.55e+02  -3.7 7.99e-05 1.76e-04h  1
iter    objective    inf_pr   inf_du lg(mu)  ||d||  lg(rg) alpha_du alpha_pr  ls
 270  6.4655967e+05 4.47e+02 8.52e+01  -6.0 1.40e+02  -3.3 3.91e-04 2.68e-04h  1
 271  6.4645066e+05 4.46e+02 8.52e+01  -6.0 1.99e+02  -3.8 4.38e-04 4.83e-04h  1
 272  6.4639940e+05 4.46e+02 8.51e+01  -6.0 1.45e+02  -3.4 4.73e-04 2.44e-04h  1
 273  6.4632212e+05 4.45e+02 8.51e+01  -6.0 1.90e+02  -3.8 1.80e-04 3.44e-04h  1
 274  6.4607818e+05 4.44e+02 8.51e+01  -6.0 1.41e+02  -3.4 5.49e-04 1.18e-03f  1
 275  6.4586022e+05 4.43e+02 8.49e+01  -6.0 1.86e+02  -3.9 1.55e-03 9.84e-04f  1
 276  6.4578735e+05 4.43e+02 8.49e+01  -6.0 1.43e+02  -3.5 7.89e-04 3.52e-04h  1
 277  6.4560625e+05 4.41e+02 8.48e+01  -6.0 1.19e+02  -3.0 2.44e-04 9.46e-04h  1
 278  6.4555702e+05 4.41e+02 8.48e+01  -6.0 1.58e+02  -3.5 5.84e-06 2.41e-04f  1
 279  6.4552862e+05 4.41e+02 8.48e+01  -6.0 1.22e+02  -3.1 6.11e-04 1.48e-04h  1
iter    objective    inf_pr   inf_du lg(mu)  ||d||  lg(rg) alpha_du alpha_pr  ls
 280  6.4535166e+05 4.40e+02 8.48e+01  -6.0 1.57e+02  -3.6 6.50e-05 8.54e-04f  1
 281  6.4531252e+05 4.40e+02 8.47e+01  -6.0 1.26e+02  -3.1 1.16e-03 2.02e-04h  1
 282  6.4505808e+05 4.38e+02 8.46e+01  -6.0 1.75e+02  -3.6 1.33e-03 1.23e-03f  1
 283  6.4448316e+05 4.35e+02 8.45e+01  -6.0 1.36e+02  -3.2 1.14e-03 2.89e-03f  1
 284  6.4441506e+05 4.35e+02 8.45e+01  -6.0 1.46e+02  -3.7 3.10e-04 3.27e-04h  1
 285  6.4428603e+05 4.34e+02 8.43e+01  -6.0 1.34e+02  -3.2 1.66e-03 6.64e-04h  1
 286  6.4394366e+05 4.32e+02 8.42e+01  -6.0 1.43e+02  -3.7 1.56e-03 1.70e-03f  1
 287  6.4354537e+05 4.30e+02 8.40e+01  -6.0 1.32e+02  -3.3 2.73e-03 2.08e-03f  1
 288  6.4345002e+05 4.29e+02 8.39e+01  -6.0 5.60e+02  -3.8 1.15e-03 4.74e-04h  1
 289  6.4287945e+05 4.26e+02 8.36e+01  -6.0 1.31e+02  -3.3 3.08e-03 3.00e-03f  1
iter    objective    inf_pr   inf_du lg(mu)  ||d||  lg(rg) alpha_du alpha_pr  ls
 290  6.4262171e+05 4.24e+02 8.34e+01  -6.0 1.58e+02  -3.8 1.96e-03 1.24e-03f  1
 291  6.4240361e+05 4.23e+02 8.33e+01  -6.0 1.18e+02  -3.4 1.67e-03 1.11e-03h  1
 292  6.4211295e+05 4.21e+02 8.31e+01  -6.0 1.71e+02  -3.9 2.70e-03 1.39e-03f  1
 293  6.4109999e+05 4.16e+02 8.27e+01  -6.0 1.17e+02  -3.4 4.13e-03 5.18e-03f  1
 294  6.4003167e+05 4.09e+02 8.26e+01  -6.0 1.09e+02  -3.0 1.22e-03 5.84e-03f  1
 295  6.3992657e+05 4.09e+02 8.25e+01  -6.0 1.15e+02  -3.5 1.84e-03 5.48e-04h  1
 296  6.3987289e+05 4.09e+02 8.24e+01  -6.0 1.12e+02  -3.1 1.42e-03 2.97e-04h  1
 297  6.3978484e+05 4.08e+02 8.23e+01  -6.0 1.15e+02  -3.5 3.60e-04 4.62e-04h  1
 298  6.3946858e+05 4.06e+02 8.23e+01  -6.0 1.13e+02  -3.1 2.18e-04 1.75e-03f  1
 299  6.3891581e+05 4.04e+02 8.22e+01  -6.0 1.15e+02  -3.6 1.81e-03 2.90e-03f  1
iter    objective    inf_pr   inf_du lg(mu)  ||d||  lg(rg) alpha_du alpha_pr  ls
 300  6.3882986e+05 4.03e+02 8.19e+01  -6.0 1.14e+02  -3.2 3.17e-03 4.79e-04h  1

Number of Iterations....: 300

                                   (scaled)                 (unscaled)
Objective...............:   2.3417516951672151e+03    6.3882986244161625e+05
Dual infeasibility......:   8.1901405017025098e+01    2.2342703288644447e+04
Constraint violation....:   1.6569957281656585e+01    4.0307144208266448e+02
Variable bound violation:   9.9932145891656887e-09    9.9932145891656887e-09
Complementarity.........:   9.3837334913892149e-04    2.5598824964509775e-01
Overall NLP error.......:   8.1901405017025098e+01    2.2342703288644447e+04


Number of objective function evaluations             = 301
Number of objective gradient evaluations             = 301
Number of equality constraint evaluations            = 301
Number of inequality constraint evaluations          = 302
Number of equality constraint Jacobian evaluations   = 301
Number of inequality constraint Jacobian evaluations = 301
Number of Lagrangian Hessian evaluations             = 300
Total seconds in IPOPT                               = 26.489

EXIT: Maximum Number of Iterations Exceeded.

