Solver command line: ['/opt/homebrew/bin/ipopt', '/var/folders/6y/bvynbx6n3zv7z3lwg6vd724r0000gn/T/tmpkhm9vvno.pyomo.nl', '-AMPL', 'tol=1e-06', 'max_iter=300', 'print_level=5', 'warm_start_init_point=yes', 'warm_start_bound_push=1e-06', 'warm_start_bound_frac=1e-06', 'warm_start_mult_bound_push=1e-06', 'mu_init=1e-06', 'least_square_init_duals=no']

Ipopt 3.14.19: tol=1e-06
max_iter=300
print_level=5
warm_start_init_point=yes
warm_start_bound_push=1e-06
warm_start_bound_frac=1e-06
warm_start_mult_bound_push=1e-06
mu_init=1e-06
least_square_init_duals=no


******************************************************************************
This program contains Ipopt, a library for large-scale nonlinear optimization.
 Ipopt is released as open source code under the Eclipse Public License (EPL).
         For more information visit https://github.com/coin-or/Ipopt
******************************************************************************

This is Ipopt version 3.14.19, running with linear solver MUMPS 5.6.2.

Number of nonzeros in equality constraint Jacobian...:    43679
Number of nonzeros in inequality constraint Jacobian.:    33080
Number of nonzeros in Lagrangian Hessian.............:    24644

Total number of variables............................:     6698
                     variables with only lower bounds:        0
                variables with lower and upper bounds:     6698
                     variables with only upper bounds:        0
Total number of equality constraints.................:     6045
Total number of inequality constraints...............:     8270
        inequality constraints with only lower bounds:        0
   inequality constraints with lower and upper bounds:        0
        inequality constraints with only upper bounds:     8270

iter    objective    inf_pr   inf_du lg(mu)  ||d||  lg(rg) alpha_du alpha_pr  ls
   0  9.0899627e+05 4.86e+02 6.86e+03  -6.0 0.00e+00    -  0.00e+00 0.00e+00   0
   1  9.0747763e+05 4.86e+02 6.86e+03  -6.0 7.91e+02  -2.0 7.20e-05 8.75e-05f  1
   2  9.0537970e+05 4.85e+02 6.86e+03  -6.0 1.78e+03  -2.5 2.17e-05 6.49e-05f  1
   3  9.0531417e+05 4.85e+02 6.86e+03  -6.0 2.88e+03  -3.0 2.07e-05 1.42e-06f  1
   4  9.0406238e+05 4.85e+02 6.86e+03  -6.0 4.89e+03  -3.4 2.92e-06 1.65e-05f  1
   5  9.0385024e+05 4.85e+02 6.86e+03  -6.0 2.73e+03  -3.0 1.87e-05 4.53e-06f  1
   6  9.0364616e+05 4.85e+02 6.86e+03  -6.0 6.30e+03  -3.5 2.00e-05 3.19e-06f  1
   7  9.0324681e+05 4.85e+02 6.86e+03  -6.0 2.77e+03  -3.1 8.15e-05 9.88e-06f  1
   8  9.0177357e+05 4.84e+02 6.86e+03  -6.0 6.76e+03  -3.5 2.08e-05 2.60e-05f  1
   9  9.0154382e+05 4.84e+02 6.86e+03  -6.0 2.52e+03  -3.1 5.86e-05 7.15e-06f  1
iter    objective    inf_pr   inf_du lg(mu)  ||d||  lg(rg) alpha_du alpha_pr  ls
  10  9.0096487e+05 4.84e+02 6.86e+03  -6.0 6.17e+03  -3.6 6.88e-05 1.39e-05f  1
  11  8.9969156e+05 4.83e+02 6.86e+03  -6.0 2.69e+03  -3.2 2.56e-05 4.41e-05f  1
  12  8.9933921e+05 4.83e+02 6.86e+03  -6.0 5.99e+03  -3.6 1.03e-05 9.29e-06f  1
  13  8.9891058e+05 4.83e+02 6.86e+03  -6.0 2.73e+03  -3.2 9.79e-05 1.74e-05f  1
  14  8.9761343e+05 4.82e+02 6.85e+03  -6.0 6.11e+03  -3.7 1.10e-04 4.23e-05f  1
  15  8.9471787e+05 4.80e+02 6.85e+03  -6.0 2.59e+03  -3.3 1.22e-04 1.34e-04f  1
  16  8.9461785e+05 4.80e+02 6.85e+03  -6.0 3.14e+04  -3.7 1.81e-08 2.73e-06f  1
  17  8.9412498e+05 4.80e+02 6.85e+03  -6.0 2.21e+03  -3.3 5.33e-05 2.91e-05f  1
  18  8.9363097e+05 4.79e+02 6.85e+03  -6.0 4.07e+03  -3.8 1.34e-05 2.32e-05f  1
  19  8.9324724e+05 4.79e+02 6.85e+03  -6.0 2.16e+03  -3.4 2.72e-05 2.23e-05f  1
iter    objective    inf_pr   inf_du lg(mu)  ||d||  lg(rg) alpha_du alpha_pr  ls
  20  8.9288693e+05 4.78e+02 6.85e+03  -6.0 1.21e+04  -3.8 3.96e-06 1.42e-05f  1
  21  8.9165318e+05 4.77e+02 6.85e+03  -6.0 2.31e+03  -3.4 1.45e-05 7.27e-05f  1
  22  8.9139240e+05 4.77e+02 6.85e+03  -6.0 3.67e+03  -3.9 3.52e-05 1.23e-05f  1
  23  8.8934025e+05 4.75e+02 6.85e+03  -6.0 2.19e+03  -3.5 6.53e-05 1.10e-04f  1
  24  8.8790886e+05 4.74e+02 6.85e+03  -6.0 3.74e+03  -3.9 8.36e-05 6.40e-05f  1
  25  8.8741838e+05 4.73e+02 6.85e+03  -6.0 1.96e+03  -3.5 8.49e-05 2.66e-05f  1
  26  8.8595547e+05 4.72e+02 6.85e+03  -6.0 3.57e+03  -4.0 7.36e-08 5.24e-05f  1
  27  8.8474967e+05 4.71e+02 6.85e+03  -6.0 3.00e+03  -3.6 7.74e-05 5.45e-05f  1
  28  8.8339559e+05 4.70e+02 6.85e+03  -6.0 4.94e+03  -4.0 1.75e-05 4.75e-05f  1
  29  8.8337992e+05 4.70e+02 6.85e+03  -6.0 6.83e+02  -2.7 5.88e-05 1.65e-06f  1
iter    objective    inf_pr   inf_du lg(mu)  ||d||  lg(rg) alpha_du alpha_pr  ls
  30  8.8293725e+05 4.70e+02 6.85e+03  -6.0 1.08e+03  -3.2 2.00e-06 3.95e-05f  1
  31  8.8217132e+05 4.69e+02 6.85e+03  -6.0 7.66e+02  -2.8 2.31e-04 7.91e-05f  1
  32  8.8184047e+05 4.69e+02 6.85e+03  -6.0 6.54e+03  -3.2 1.46e-05 2.07e-05f  1
  33  8.8162170e+05 4.69e+02 6.85e+03  -6.0 8.58e+02  -2.8 2.45e-05 2.35e-05f  1
  34  8.8159651e+05 4.69e+02 6.85e+03  -6.0 6.70e+03  -3.3 8.57e-06 1.58e-06f  1
  35  8.8103303e+05 4.68e+02 6.85e+03  -6.0 9.31e+02  -2.9 7.35e-05 5.94e-05f  1
  36  8.8078864e+05 4.68e+02 6.85e+03  -6.0 7.06e+03  -3.3 1.60e-05 1.51e-05f  1
  37  8.7964695e+05 4.67e+02 6.85e+03  -6.0 1.09e+03  -2.9 1.04e-04 1.17e-04f  1
  38  8.7945498e+05 4.67e+02 6.85e+03  -6.0 7.16e+03  -3.4 7.17e-05 1.20e-05f  1
  39  8.7882708e+05 4.66e+02 6.85e+03  -6.0 1.02e+03  -3.0 9.98e-05 6.56e-05f  1
iter    objective    inf_pr   inf_du lg(mu)  ||d||  lg(rg) alpha_du alpha_pr  ls
  40  8.7875847e+05 4.66e+02 6.85e+03  -6.0 3.33e+05    -  8.45e-06 1.17e-06f  1
  41  8.7871492e+05 4.66e+02 6.85e+03  -6.0 1.66e+03  -3.4 1.91e-07 6.66e-06f  1
  42  8.7844526e+05 4.66e+02 6.85e+03  -6.0 3.10e+03  -3.9 3.19e-04 3.24e-05f  1
  43  8.7842623e+05 4.66e+02 6.85e+03  -6.0 1.71e+04  -4.4 3.81e-09 1.00e-06f  1
  44  8.7835271e+05 4.66e+02 6.85e+03  -6.0 1.48e+04  -4.9 3.87e-06 5.64e-06f  1
  45  8.7770533e+05 4.66e+02 6.85e+03  -6.0 6.11e+03  -4.5 2.29e-04 6.12e-05f  1
  46  8.7737326e+05 4.66e+02 6.85e+03  -6.0 1.21e+04  -4.9 2.62e-05 2.85e-05f  1
  47  8.7706819e+05 4.66e+02 6.85e+03  -6.0 4.90e+03  -4.5 7.36e-05 3.27e-05f  1
  48  8.7684103e+05 4.66e+02 6.85e+03  -6.0 1.23e+04  -5.0 1.27e-04 2.16e-05f  1
  49  8.7683076e+05 4.66e+02 6.85e+03  -6.0 8.00e+05  -5.5 1.48e-08 2.48e-07f  1
iter    objective    inf_pr   inf_du lg(mu)  ||d||  lg(rg) alpha_du alpha_pr  ls
  50  8.7629493e+05 4.67e+02 6.85e+03  -6.0 1.23e+04  -5.0 4.11e-05 5.31e-05f  1
  51  8.7544224e+05 4.67e+02 6.84e+03  -6.0 4.56e+03  -4.6 8.12e-05 9.80e-05f  1
  52  8.7510060e+05 4.67e+02 6.84e+03  -6.0 9.70e+03  -5.1 1.15e-04 3.53e-05f  1
  53  8.7508001e+05 4.67e+02 6.84e+03  -6.0 1.10e+05  -5.6 1.98e-05 1.43e-06f  1
  54  8.7492736e+05 4.67e+02 6.84e+03  -6.0 5.45e+04  -6.0 6.13e-05 1.22e-05f  1
  55  8.7479824e+05 4.67e+02 6.84e+03  -6.0 1.04e+05    -  7.35e-05 1.01e-05f  1
  56  8.7424044e+05 4.67e+02 6.84e+03  -6.0 6.57e+04    -  1.60e-04 5.05e-05f  1
  57  8.7324884e+05 4.67e+02 6.84e+03  -6.0 1.73e+04    -  1.69e-04 1.01e-04f  1
  58  8.7217367e+05 4.67e+02 6.84e+03  -6.0 6.61e+03    -  2.98e-04 1.16e-04f  1
  59  8.7168117e+05 4.67e+02 6.84e+03  -6.0 5.16e+03    -  1.37e-04 6.03e-05f  1
iter    objective    inf_pr   inf_du lg(mu)  ||d||  lg(rg) alpha_du alpha_pr  ls
  60  8.7062205e+05 4.67e+02 6.84e+03  -6.0 4.70e+03    -  7.59e-05 1.45e-04f  1
  61  8.6999338e+05 4.67e+02 6.84e+03  -6.0 3.62e+03    -  1.52e-04 1.34e-04f  1
  62  8.6979865e+05 4.67e+02 6.84e+03  -6.0 4.18e+03    -  4.07e-04 4.30e-05f  1
  63  8.6917330e+05 4.67e+02 6.84e+03  -6.0 4.23e+03    -  5.88e-05 1.45e-04f  1
  64  8.6876263e+05 4.67e+02 6.84e+03  -6.0 4.87e+03    -  1.68e-04 9.73e-05f  1
  65  8.6824171e+05 4.67e+02 6.84e+03  -6.0 5.34e+03    -  4.41e-04 1.21e-04f  1
  66  8.6730283e+05 4.68e+02 6.84e+03  -6.0 5.77e+03    -  6.14e-05 2.26e-04f  1
  67  8.6699396e+05 4.68e+02 6.84e+03  -6.0 6.75e+03    -  5.22e-05 7.50e-05f  1
  68  8.6607945e+05 4.68e+02 6.83e+03  -6.0 7.06e+03    -  2.77e-04 2.29e-04f  1
  69  8.6574571e+05 4.68e+02 6.83e+03  -6.0 8.11e+03    -  3.70e-04 8.66e-05f  1
iter    objective    inf_pr   inf_du lg(mu)  ||d||  lg(rg) alpha_du alpha_pr  ls
  70  8.6532786e+05 4.68e+02 6.83e+03  -6.0 8.46e+03    -  3.25e-05 1.14e-04f  1
  71  8.6519653e+05 4.68e+02 6.83e+03  -6.0 8.90e+03    -  8.45e-05 3.62e-05f  1
  72  8.6467257e+05 4.68e+02 6.83e+03  -6.0 8.97e+03    -  2.70e-04 1.54e-04f  1
  73  8.6372861e+05 4.67e+02 6.83e+03  -6.0 9.26e+03    -  2.78e-04 2.82e-04f  1
  74  8.6367525e+05 4.67e+02 6.83e+03  -6.0 9.05e+03    -  5.79e-04 1.68e-05f  1
  75  8.6344468e+05 4.67e+02 6.83e+03  -6.0 7.16e+03    -  3.82e-05 7.54e-05f  1
  76  8.6266651e+05 4.67e+02 6.83e+03  -6.0 6.79e+03    -  3.26e-05 2.57e-04f  1
  77  8.6252872e+05 4.67e+02 6.83e+03  -6.0 5.47e+03    -  1.34e-05 4.65e-05f  1
  78  8.6171793e+05 4.67e+02 6.82e+03  -6.0 5.22e+03    -  5.54e-05 2.79e-04f  1
  79  8.6152338e+05 4.67e+02 6.82e+03  -6.0 3.64e+03    -  1.50e-04 6.85e-05f  1
iter    objective    inf_pr   inf_du lg(mu)  ||d||  lg(rg) alpha_du alpha_pr  ls
  80  8.6034237e+05 4.67e+02 6.82e+03  -6.0 3.20e+03    -  5.97e-04 4.18e-04f  1
  81  8.5993691e+05 4.67e+02 6.82e+03  -6.0 3.21e+03    -  6.99e-04 1.48e-04f  1
  82  8.5945202e+05 4.66e+02 6.82e+03  -6.0 3.04e+03    -  5.33e-04 1.95e-04f  1
  83  8.5923307e+05 4.66e+02 6.82e+03  -6.0 2.78e+03    -  1.53e-04 9.14e-05f  1
  84  8.5815173e+05 4.66e+02 6.81e+03  -6.0 2.68e+03    -  1.42e-04 5.13e-04f  1
  85  8.5773206e+05 4.66e+02 6.81e+03  -6.0 2.33e+03    -  4.68e-04 2.08e-04f  1
  86  8.5770942e+05 4.66e+02 6.81e+03  -6.0 2.00e+03    -  3.60e-04 1.16e-05f  1
  87  8.5679425e+05 4.65e+02 6.81e+03  -6.0 1.84e+03    -  3.52e-05 4.70e-04f  1
  88  8.5663058e+05 4.65e+02 6.81e+03  -6.0 1.56e+03    -  2.64e-04 8.54e-05f  1
  89  8.5627967e+05 4.65e+02 6.81e+03  -6.0 1.42e+03    -  3.07e-04 1.92e-04f  1
iter    objective    inf_pr   inf_du lg(mu)  ||d||  lg(rg) alpha_du alpha_pr  ls
  90  8.5565991e+05 4.65e+02 6.81e+03  -6.0 1.24e+03    -  3.23e-04 3.47e-04f  1
  91  8.5511716e+05 4.65e+02 6.80e+03  -6.0 1.15e+03    -  1.71e-04 3.08e-04f  1
  92  8.5455506e+05 4.64e+02 6.80e+03  -6.0 1.19e+03    -  7.66e-04 3.25e-04f  1
  93  8.5408273e+05 4.64e+02 6.80e+03  -6.0 1.18e+03    -  4.26e-04 2.81e-04f  1
  94  8.5336897e+05 4.64e+02 6.80e+03  -6.0 1.20e+03    -  3.63e-04 4.28e-04f  1
  95  8.5263378e+05 4.63e+02 6.79e+03  -6.0 1.22e+03    -  2.05e-03 4.43e-04f  1
  96  8.5120659e+05 4.62e+02 6.79e+03  -6.0 1.25e+03    -  1.37e-04 8.80e-04f  1
  97  8.5082650e+05 4.62e+02 6.79e+03  -6.0 1.25e+03    -  1.15e-03 2.22e-04f  1
  98  8.4877990e+05 4.61e+02 6.78e+03  -6.0 1.37e+03    -  2.19e-03 1.29e-03f  1
  99  8.4825974e+05 4.61e+02 6.78e+03  -6.0 1.42e+03    -  1.47e-03 3.31e-04f  1
iter    objective    inf_pr   inf_du lg(mu)  ||d||  lg(rg) alpha_du alpha_pr  ls
 100  8.4804928e+05 4.60e+02 6.77e+03  -6.0 1.45e+03    -  4.27e-04 1.36e-04f  1
 101  8.4754964e+05 4.60e+02 6.77e+03  -6.0 1.46e+03    -  5.09e-05 3.27e-04f  1
 102  8.4732669e+05 4.60e+02 6.77e+03  -6.0 1.44e+03    -  2.89e-04 1.45e-04f  1
 103  8.4637441e+05 4.59e+02 6.77e+03  -6.0 1.44e+03    -  1.90e-04 6.22e-04f  1
 104  8.4586884e+05 4.59e+02 6.76e+03  -6.0 1.47e+03    -  1.50e-03 3.31e-04f  1
 105  8.4515834e+05 4.58e+02 6.76e+03  -6.0 1.47e+03    -  8.16e-04 4.65e-04f  1
 106  8.4473814e+05 4.58e+02 6.76e+03  -6.0 1.47e+03    -  3.93e-04 2.76e-04f  1
 107  8.4401936e+05 4.58e+02 6.76e+03  -6.0 1.46e+03    -  3.27e-04 4.73e-04f  1
 108  8.4251248e+05 4.57e+02 6.75e+03  -6.0 1.46e+03    -  5.32e-04 1.00e-03f  1
 109  8.4211939e+05 4.56e+02 6.75e+03  -6.0 1.32e+03    -  1.03e-03 2.63e-04f  1
iter    objective    inf_pr   inf_du lg(mu)  ||d||  lg(rg) alpha_du alpha_pr  ls
 110  8.4181695e+05 4.56e+02 6.75e+03  -6.0 8.99e+02    -  1.56e-03 2.05e-04f  1
 111  8.4069736e+05 4.55e+02 6.74e+03  -6.0 5.70e+02    -  2.01e-03 7.66e-04f  1
 112  8.3974891e+05 4.55e+02 6.74e+03  -6.0 4.27e+02    -  1.50e-03 6.55e-04f  1
 113  8.3921452e+05 4.54e+02 6.73e+03  -6.0 4.33e+02    -  6.83e-04 3.73e-04f  1
 114  8.3885451e+05 4.54e+02 6.73e+03  -6.0 4.32e+02    -  3.48e-04 2.52e-04f  1
 115  8.3795038e+05 4.53e+02 6.73e+03  -6.0 3.90e+02    -  1.35e-03 6.39e-04f  1
 116  8.3650292e+05 4.52e+02 6.72e+03  -6.0 3.96e+02    -  9.88e-04 1.02e-03f  1
 117  8.3387659e+05 4.50e+02 6.71e+03  -6.0 4.05e+02    -  2.09e-03 1.87e-03f  1
 118  8.3240040e+05 4.49e+02 6.70e+03  -6.0 4.60e+02    -  1.77e-04 1.05e-03f  1
 119  8.3165146e+05 4.48e+02 6.70e+03  -6.0 4.38e+02    -  1.95e-03 5.34e-04f  1
iter    objective    inf_pr   inf_du lg(mu)  ||d||  lg(rg) alpha_du alpha_pr  ls
 120  8.3009772e+05 4.47e+02 6.69e+03  -6.0 4.11e+02    -  4.64e-04 1.12e-03f  1
 121  8.2941176e+05 4.47e+02 6.69e+03  -6.0 3.76e+02    -  6.11e-04 4.94e-04f  1
 122  8.2864028e+05 4.46e+02 6.68e+03  -6.0 3.52e+02    -  2.08e-04 5.56e-04f  1
 123  8.2825280e+05 4.46e+02 6.68e+03  -6.0 2.39e+02    -  1.02e-04 2.80e-04f  1
 124  8.2819932e+05 4.46e+02 6.68e+03  -6.0 2.45e+02    -  3.72e-04 3.88e-05f  1
 125  8.2735684e+05 4.45e+02 6.68e+03  -6.0 3.09e+02    -  2.78e-03 6.11e-04f  1
 126  8.2493343e+05 4.43e+02 6.67e+03  -6.0 2.45e+02    -  6.09e-04 1.76e-03f  1
 127  8.2421435e+05 4.43e+02 6.66e+03  -6.0 2.29e+02    -  1.41e-03 5.27e-04f  1
 128  8.2242058e+05 4.41e+02 6.65e+03  -6.0 2.34e+02    -  1.83e-03 1.32e-03f  1
 129  8.2108358e+05 4.40e+02 6.65e+03  -6.0 2.42e+02    -  1.27e-03 9.86e-04f  1
iter    objective    inf_pr   inf_du lg(mu)  ||d||  lg(rg) alpha_du alpha_pr  ls
 130  8.1871998e+05 4.38e+02 6.64e+03  -6.0 2.47e+02    -  1.81e-03 1.75e-03f  1
 131  8.1754492e+05 4.37e+02 6.63e+03  -6.0 2.56e+02    -  2.04e-03 8.75e-04f  1
 132  8.1667603e+05 4.36e+02 6.63e+03  -6.0 1.83e+02    -  4.98e-03 6.52e-04f  1
 133  8.1458358e+05 4.35e+02 6.61e+03  -6.0 1.87e+02    -  1.80e-03 1.57e-03f  1
 134  8.1151263e+05 4.32e+02 6.60e+03  -6.0 1.93e+02    -  7.96e-04 2.32e-03f  1
 135  8.0823919e+05 4.30e+02 6.58e+03  -6.0 2.03e+02    -  3.10e-04 2.48e-03f  1
 136  8.0767896e+05 4.29e+02 6.58e+03  -6.0 2.14e+02    -  2.41e-03 4.29e-04f  1
 137  8.0690678e+05 4.29e+02 6.58e+03  -6.0 2.15e+02    -  2.89e-03 5.92e-04f  1
 138  8.0681812e+05 4.29e+02 6.58e+03  -6.0 2.17e+02    -  4.46e-03 6.80e-05f  1
 139  8.0476481e+05 4.27e+02 6.57e+03  -6.0 2.18e+02    -  2.40e-03 1.58e-03f  1
iter    objective    inf_pr   inf_du lg(mu)  ||d||  lg(rg) alpha_du alpha_pr  ls
 140  8.0354318e+05 4.26e+02 6.56e+03  -6.0 2.23e+02    -  2.26e-03 9.41e-04f  1
 141  8.0130192e+05 4.24e+02 6.55e+03  -6.0 2.25e+02    -  1.06e-04 1.73e-03f  1
 142  8.0066659e+05 4.23e+02 6.54e+03  -6.0 2.33e+02    -  1.87e-03 4.91e-04f  1
 143  7.9859084e+05 4.22e+02 6.53e+03  -6.0 2.33e+02    -  5.17e-04 1.61e-03f  1
 144  7.9801501e+05 4.21e+02 6.53e+03  -6.0 2.38e+02    -  3.26e-04 4.47e-04f  1
 145  7.9681162e+05 4.20e+02 6.53e+03  -6.0 2.39e+02    -  2.98e-03 9.35e-04f  1
 146  7.9446726e+05 4.18e+02 6.51e+03  -6.0 2.41e+02    -  1.24e-03 1.83e-03f  1
 147  7.9258453e+05 4.17e+02 6.50e+03  -6.0 2.44e+02    -  1.89e-03 1.47e-03f  1
 148  7.9142359e+05 4.16e+02 6.50e+03  -6.0 2.38e+02    -  5.12e-04 9.11e-04f  1
 149  7.9126488e+05 4.16e+02 6.50e+03  -6.0 2.42e+02    -  8.44e-03 1.25e-04f  1
iter    objective    inf_pr   inf_du lg(mu)  ||d||  lg(rg) alpha_du alpha_pr  ls
 150  7.8899615e+05 4.14e+02 6.49e+03  -6.0 2.41e+02    -  2.06e-04 1.81e-03f  1
 151  7.8836129e+05 4.13e+02 6.48e+03  -6.0 2.47e+02    -  2.19e-03 5.08e-04f  1
 152  7.8694389e+05 4.12e+02 6.47e+03  -6.0 2.43e+02    -  1.44e-03 1.14e-03f  1
 153  7.8489648e+05 4.10e+02 6.46e+03  -6.0 2.50e+02    -  3.13e-03 1.65e-03f  1
 154  7.8390889e+05 4.09e+02 6.46e+03  -6.0 2.55e+02    -  1.11e-03 8.00e-04f  1
 155  7.8037986e+05 4.06e+02 6.44e+03  -6.0 2.55e+02    -  4.53e-03 2.87e-03f  1
 156  7.7615157e+05 4.02e+02 6.42e+03  -6.0 2.60e+02    -  8.15e-03 3.46e-03f  1
 157  7.7504245e+05 4.01e+02 6.41e+03  -6.0 2.59e+02    -  1.84e-03 9.14e-04f  1
 158  7.7340086e+05 4.00e+02 6.40e+03  -6.0 2.56e+02    -  1.28e-03 1.36e-03f  1
 159  7.6844410e+05 3.95e+02 6.38e+03  -6.0 2.58e+02    -  6.58e-04 4.11e-03f  1
iter    objective    inf_pr   inf_du lg(mu)  ||d||  lg(rg) alpha_du alpha_pr  ls
 160  7.6695958e+05 3.94e+02 6.37e+03  -6.0 2.65e+02    -  3.47e-03 1.24e-03f  1
 161  7.6469365e+05 3.92e+02 6.36e+03  -6.0 2.64e+02    -  1.35e-03 1.90e-03f  1
 162  7.6242759e+05 3.90e+02 6.35e+03  -6.0 2.64e+02    -  3.25e-03 1.90e-03f  1
 163  7.5906774e+05 3.87e+02 6.33e+03  -6.0 2.55e+02    -  5.92e-03 2.84e-03f  1
 164  7.5491611e+05 3.84e+02 6.31e+03  -6.0 2.28e+02    -  7.97e-03 3.53e-03f  1
 165  7.5419178e+05 3.83e+02 6.30e+03  -6.0 2.01e+02    -  2.89e-03 6.20e-04f  1
 166  7.5176767e+05 3.81e+02 6.29e+03  -6.0 1.97e+02    -  3.10e-03 2.08e-03f  1
 167  7.5149324e+05 3.81e+02 6.29e+03  -6.0 1.95e+02    -  2.39e-03 2.37e-04f  1
 168  7.4903761e+05 3.79e+02 6.27e+03  -6.0 1.94e+02    -  7.08e-03 2.13e-03f  1
 169  7.4717635e+05 3.77e+02 6.26e+03  -6.0 1.92e+02    -  7.49e-03 1.62e-03f  1
iter    objective    inf_pr   inf_du lg(mu)  ||d||  lg(rg) alpha_du alpha_pr  ls
 170  7.4414417e+05 3.75e+02 6.25e+03  -6.0 1.92e+02    -  2.44e-02 2.65e-03f  1
 171  7.3904912e+05 3.71e+02 6.22e+03  -6.0 1.94e+02    -  2.34e-03 4.49e-03f  1
 172  7.3734244e+05 3.69e+02 6.21e+03  -6.0 2.00e+02    -  1.99e-02 1.51e-03f  1
 173  7.3626137e+05 3.68e+02 6.20e+03  -6.0 2.05e+02    -  1.05e-03 9.62e-04f  1
 174  7.3353845e+05 3.66e+02 6.19e+03  -6.0 2.06e+02    -  2.76e-03 2.44e-03f  1
 175  7.3042567e+05 3.63e+02 6.17e+03  -6.0 2.09e+02    -  5.42e-03 2.80e-03f  1
 176  7.2701434e+05 3.61e+02 6.15e+03  -6.0 2.12e+02    -  2.81e-03 3.09e-03f  1
 177  7.2535741e+05 3.59e+02 6.14e+03  -6.0 2.15e+02    -  5.21e-04 1.58e-03f  1
 178  7.2478592e+05 3.59e+02 6.14e+03  -6.0 2.17e+02    -  1.79e-03 5.49e-04f  1
 179  7.2084593e+05 3.55e+02 6.12e+03  -6.0 2.18e+02    -  7.98e-04 3.80e-03f  1
iter    objective    inf_pr   inf_du lg(mu)  ||d||  lg(rg) alpha_du alpha_pr  ls
 180  7.1854083e+05 3.53e+02 6.10e+03  -6.0 2.23e+02    -  1.17e-03 2.28e-03f  1
 181  7.1827893e+05 3.53e+02 6.10e+03  -6.0 2.22e+02    -  2.33e-03 2.69e-04f  1
 182  7.1806789e+05 3.53e+02 6.10e+03  -6.0 2.09e+02    -  2.87e-04 2.27e-04f  1
 183  7.1779966e+05 3.52e+02 6.10e+03  -6.0 2.06e+02    -  1.12e-03 2.95e-04f  1
 184  7.1757165e+05 3.52e+02 6.10e+03  -6.0 1.92e+02    -  1.43e-03 2.64e-04f  1
 185  7.1684036e+05 3.51e+02 6.09e+03  -6.0 1.91e+02    -  4.54e-04 8.71e-04f  1
 186  7.1650127e+05 3.51e+02 6.09e+03  -6.0 1.93e+02    -  5.75e-03 4.35e-04f  1
 187  7.1564485e+05 3.50e+02 6.08e+03  -6.0 1.96e+02    -  2.26e-03 1.21e-03f  1
 188  7.1509492e+05 3.49e+02 6.07e+03  -6.0 1.97e+02    -  1.30e-03 8.83e-04f  1
 189  7.1447381e+05 3.48e+02 6.07e+03  -6.0 1.98e+02    -  3.64e-03 1.04e-03f  1
iter    objective    inf_pr   inf_du lg(mu)  ||d||  lg(rg) alpha_du alpha_pr  ls
 190  7.1331073e+05 3.46e+02 6.06e+03  -6.0 2.08e+02    -  3.19e-05 1.97e-03f  1
 191  7.1312607e+05 3.46e+02 6.05e+03  -6.0 2.16e+02    -  1.30e-03 3.27e-04f  1
 192  7.1268455e+05 3.45e+02 6.05e+03  -6.0 2.16e+02    -  1.86e-03 8.07e-04f  1
 193  7.1112545e+05 3.43e+02 6.03e+03  -6.0 2.10e+02    -  1.10e-03 2.90e-03f  1
 194  7.1060882e+05 3.42e+02 6.03e+03  -6.0 2.15e+02    -  1.84e-03 1.00e-03f  1
 195  7.1048235e+05 3.42e+02 6.02e+03  -6.0 2.12e+02    -  9.45e-04 2.48e-04f  1
 196  7.0994294e+05 3.41e+02 6.02e+03  -6.0 1.93e+02    -  7.33e-04 1.10e-03f  1
 197  7.0960324e+05 3.40e+02 6.01e+03  -6.0 1.90e+02    -  2.19e-03 7.97e-04f  1
 198  7.0864505e+05 3.38e+02 6.00e+03  -6.0 1.87e+02    -  4.98e-03 2.26e-03f  1
 199  7.0837317e+05 3.38e+02 6.00e+03  -6.0 1.83e+02    -  1.42e-03 6.53e-04f  1
iter    objective    inf_pr   inf_du lg(mu)  ||d||  lg(rg) alpha_du alpha_pr  ls
 200  7.0824356e+05 3.37e+02 5.99e+03  -6.0 1.93e+02    -  4.51e-03 3.22e-04f  1
 201  7.0749717e+05 3.36e+02 5.98e+03  -6.0 1.88e+02    -  7.05e-04 1.86e-03f  1
 202  7.0596494e+05 3.32e+02 5.96e+03  -6.0 1.93e+02    -  5.99e-03 3.86e-03f  1
 203  7.0562947e+05 3.32e+02 5.95e+03  -6.0 2.09e+02    -  5.71e-03 8.28e-04f  1
 204  7.0481770e+05 3.30e+02 5.94e+03  -6.0 2.10e+02    -  6.18e-04 2.02e-03f  1
 205  7.0344406e+05 3.27e+02 5.92e+03  -6.0 2.34e+02    -  1.48e-03 3.50e-03f  1
 206  7.0334189e+05 3.27e+02 5.92e+03  -6.0 2.05e+02    -  5.67e-03 2.69e-04f  1
 207  7.0289036e+05 3.26e+02 5.91e+03  -6.0 2.00e+02    -  3.90e-03 1.20e-03f  1
 208  7.0288788e+05 3.26e+02 5.91e+03  -6.0 1.98e+02    -  2.69e-03 6.77e-06h  1
 209  7.0058890e+05 3.21e+02 5.88e+03  -6.0 1.98e+02    -  4.65e-03 6.31e-03f  1
iter    objective    inf_pr   inf_du lg(mu)  ||d||  lg(rg) alpha_du alpha_pr  ls
 210  6.9960399e+05 3.18e+02 5.86e+03  -6.0 1.97e+02    -  7.13e-03 2.84e-03f  1
 211  6.9852119e+05 3.16e+02 5.84e+03  -6.0 1.91e+02    -  2.93e-04 3.15e-03f  1
 212  6.9769572e+05 3.14e+02 5.83e+03  -6.0 1.89e+02    -  6.84e-03 2.43e-03f  1
 213  6.9740718e+05 3.13e+02 5.82e+03  -6.0 1.74e+02    -  5.35e-03 8.59e-04f  1
 214  6.9707753e+05 3.12e+02 5.82e+03  -6.0 1.69e+02    -  3.15e-04 1.02e-03f  1
 215  6.9670971e+05 3.11e+02 5.81e+03  -6.0 1.71e+02    -  1.04e-03 1.25e-03f  1
 216  6.9618231e+05 3.10e+02 5.80e+03  -6.0 1.71e+02    -  1.24e-03 1.80e-03f  1
 217  6.9592047e+05 3.09e+02 5.79e+03  -6.0 1.72e+02    -  2.34e-03 8.80e-04f  1
 218  6.9577509e+05 3.09e+02 5.79e+03  -6.0 1.72e+02    -  9.14e-04 5.10e-04f  1
 219  6.9524676e+05 3.07e+02 5.78e+03  -6.0 1.73e+02    -  6.59e-04 1.86e-03f  1
iter    objective    inf_pr   inf_du lg(mu)  ||d||  lg(rg) alpha_du alpha_pr  ls
 220  6.9507158e+05 3.07e+02 5.78e+03  -6.0 1.73e+02    -  3.69e-03 6.23e-04f  1
 221  6.9422187e+05 3.05e+02 5.76e+03  -6.0 1.74e+02    -  2.89e-03 3.02e-03f  1
 222  6.9293541e+05 3.01e+02 5.73e+03  -6.0 1.74e+02    -  1.08e-03 4.62e-03f  1
 223  6.9249262e+05 3.00e+02 5.72e+03  -6.0 1.74e+02    -  8.62e-04 1.60e-03f  1
 224  6.9228463e+05 2.99e+02 5.72e+03  -6.0 1.75e+02    -  1.24e-03 7.54e-04f  1
 225  6.9188179e+05 2.98e+02 5.71e+03  -6.0 1.75e+02    -  5.83e-03 1.47e-03f  1
 226  6.9171572e+05 2.98e+02 5.71e+03  -6.0 1.92e+02    -  1.10e-03 6.01e-04f  1
 227  6.9115432e+05 2.96e+02 5.69e+03  -6.0 1.92e+02    -  6.55e-04 2.11e-03f  1
 228  6.9099611e+05 2.96e+02 5.69e+03  -6.0 1.93e+02    -  1.58e-03 6.23e-04f  1
 229  6.9054427e+05 2.94e+02 5.68e+03  -6.0 2.02e+02    -  4.82e-03 1.84e-03f  1
iter    objective    inf_pr   inf_du lg(mu)  ||d||  lg(rg) alpha_du alpha_pr  ls
 230  6.8979780e+05 2.92e+02 5.66e+03  -6.0 2.00e+02    -  2.88e-03 3.07e-03f  1
 231  6.8945091e+05 2.91e+02 5.65e+03  -6.0 2.04e+02    -  6.48e-03 1.50e-03f  1
 232  6.8882942e+05 2.89e+02 5.64e+03  -6.0 2.08e+02    -  5.77e-03 2.69e-03f  1
 233  6.8711473e+05 2.84e+02 5.60e+03  -6.0 1.98e+02    -  4.33e-03 7.51e-03f  1
 234  6.8661882e+05 2.82e+02 5.58e+03  -6.0 2.00e+02    -  1.35e-02 2.20e-03f  1
 235  6.8609970e+05 2.80e+02 5.57e+03  -6.0 1.96e+02    -  8.55e-04 2.33e-03f  1
 236  6.8605842e+05 2.80e+02 5.57e+03  -6.0 1.83e+02    -  1.54e-03 1.88e-04h  1
 237  6.8532595e+05 2.78e+02 5.55e+03  -6.0 1.83e+02    -  7.10e-03 3.34e-03f  1
 238  6.8500983e+05 2.77e+02 5.54e+03  -6.0 1.81e+02    -  4.20e-03 1.45e-03f  1
 239  6.8429536e+05 2.74e+02 5.52e+03  -6.0 1.80e+02    -  3.04e-03 3.42e-03f  1
iter    objective    inf_pr   inf_du lg(mu)  ||d||  lg(rg) alpha_du alpha_pr  ls
 240  6.8419374e+05 2.74e+02 5.52e+03  -6.0 1.72e+02    -  1.16e-03 5.14e-04h  1
 241  6.8381616e+05 2.72e+02 5.51e+03  -6.0 1.73e+02    -  7.55e-03 1.98e-03f  1
 242  6.8348253e+05 2.71e+02 5.50e+03  -6.0 1.72e+02    -  2.97e-03 1.76e-03f  1
 243  6.8334186e+05 2.71e+02 5.50e+03  -6.0 1.80e+02    -  8.93e-04 7.74e-04f  1
 244  6.8268304e+05 2.68e+02 5.48e+03  -6.0 1.93e+02    -  3.41e-03 3.65e-03f  1
 245  6.8238414e+05 2.67e+02 5.47e+03  -6.0 1.84e+02    -  4.70e-03 1.67e-03f  1
 246  6.8211945e+05 2.66e+02 5.46e+03  -6.0 1.79e+02    -  5.48e-03 1.54e-03f  1
 247  6.8155581e+05 2.64e+02 5.44e+03  -6.0 1.75e+02    -  2.23e-03 3.28e-03f  1
 248  6.8011062e+05 2.58e+02 5.40e+03  -6.0 1.72e+02    -  1.64e-03 8.54e-03f  1
 249  6.7970674e+05 2.57e+02 5.38e+03  -6.0 1.67e+02    -  3.77e-03 2.42e-03f  1
iter    objective    inf_pr   inf_du lg(mu)  ||d||  lg(rg) alpha_du alpha_pr  ls
 250  6.7835665e+05 2.51e+02 5.34e+03  -6.0 1.63e+02    -  7.97e-03 8.13e-03f  1
 251  6.7697457e+05 2.46e+02 5.29e+03  -6.0 1.49e+02    -  2.48e-03 8.43e-03f  1
 252  6.7608690e+05 2.42e+02 5.26e+03  -6.0 1.33e+02    -  1.05e-02 5.49e-03f  1
 253  6.7576791e+05 2.41e+02 5.25e+03  -6.0 1.18e+02    -  6.12e-03 1.99e-03f  1
 254  6.7553894e+05 2.40e+02 5.25e+03  -6.0 1.12e+02    -  1.35e-02 1.49e-03f  1
 255  6.7507044e+05 2.38e+02 5.23e+03  -6.0 1.02e+02    -  1.93e-03 3.06e-03f  1
 256  6.7459697e+05 2.36e+02 5.21e+03  -6.0 1.04e+02    -  2.71e-03 3.09e-03f  1
 257  6.7420682e+05 2.35e+02 5.20e+03  -6.0 1.03e+02    -  1.43e-03 2.56e-03f  1
 258  6.7374790e+05 2.33e+02 5.19e+03  -6.0 9.84e+01    -  1.50e-02 3.04e-03f  1
 259  6.7313416e+05 2.30e+02 5.16e+03  -6.0 9.38e+01    -  3.15e-03 4.27e-03f  1
iter    objective    inf_pr   inf_du lg(mu)  ||d||  lg(rg) alpha_du alpha_pr  ls
 260  6.7294774e+05 2.29e+02 5.16e+03  -6.0 8.44e+01    -  5.41e-03 1.35e-03f  1
 261  6.7228607e+05 2.26e+02 5.13e+03  -6.0 8.41e+01    -  7.28e-03 4.92e-03f  1
 262  6.7172428e+05 2.24e+02 5.11e+03  -6.0 8.41e+01    -  1.32e-02 4.20e-03f  1
 263  6.7094833e+05 2.20e+02 5.08e+03  -6.0 8.42e+01    -  6.21e-03 5.84e-03f  1
 264  6.7072691e+05 2.19e+02 5.07e+03  -6.0 8.41e+01    -  5.98e-03 1.70e-03f  1
 265  6.6998238e+05 2.16e+02 5.04e+03  -6.0 8.41e+01    -  4.82e-03 5.77e-03f  1
 266  6.6923249e+05 2.12e+02 5.01e+03  -6.0 8.43e+01    -  6.58e-03 5.94e-03f  1
 267  6.6837496e+05 2.08e+02 4.98e+03  -6.0 8.45e+01    -  1.60e-02 6.86e-03f  1
 268  6.6815737e+05 2.07e+02 4.97e+03  -6.0 8.46e+01    -  1.10e-02 1.76e-03f  1
 269  6.6597799e+05 1.97e+02 4.88e+03  -6.0 8.45e+01    -  4.33e-03 1.80e-02f  1
iter    objective    inf_pr   inf_du lg(mu)  ||d||  lg(rg) alpha_du alpha_pr  ls
 270  6.6530086e+05 1.94e+02 4.85e+03  -6.0 8.47e+01    -  4.85e-03 5.84e-03f  1
 271  6.6472537e+05 1.91e+02 4.83e+03  -6.0 8.47e+01    -  2.87e-02 5.01e-03f  1
 272  6.6404501e+05 1.88e+02 4.80e+03  -6.0 8.46e+01    -  7.98e-03 5.97e-03f  1
 273  6.6206683e+05 1.79e+02 4.71e+03  -6.0 8.46e+01    -  1.31e-02 1.78e-02f  1
 274  6.6154413e+05 1.77e+02 4.69e+03  -6.0 8.43e+01    -  1.30e-02 4.83e-03f  1
 275  6.6083712e+05 1.74e+02 4.66e+03  -6.0 8.44e+01    -  6.73e-03 6.77e-03f  1
 276  6.6050357e+05 1.72e+02 4.64e+03  -6.0 8.65e+01    -  3.39e-03 3.22e-03f  1
 277  6.5944527e+05 1.68e+02 4.60e+03  -6.0 8.56e+01    -  2.54e-03 1.03e-02f  1
 278  6.5879767e+05 1.65e+02 4.57e+03  -6.0 8.52e+01    -  1.06e-02 6.38e-03f  1
 279  6.5853860e+05 1.64e+02 4.55e+03  -6.0 8.45e+01    -  1.44e-02 2.58e-03f  1
iter    objective    inf_pr   inf_du lg(mu)  ||d||  lg(rg) alpha_du alpha_pr  ls
 280  6.5850174e+05 1.63e+02 4.55e+03  -6.0 8.41e+01    -  2.60e-02 3.74e-04h  1
 281  6.5775362e+05 1.60e+02 4.52e+03  -6.0 7.84e+01    -  1.03e-03 7.68e-03f  1
 282  6.5753897e+05 1.59e+02 4.51e+03  -6.0 8.22e+01    -  2.17e-03 2.23e-03f  1
 283  6.5729816e+05 1.58e+02 4.50e+03  -6.0 8.17e+01    -  2.48e-02 2.56e-03f  1
 284  6.5695129e+05 1.56e+02 4.48e+03  -6.0 8.07e+01    -  1.26e-02 3.71e-03f  1
 285  6.5513767e+05 1.48e+02 4.39e+03  -6.0 8.07e+01    -  1.69e-03 1.95e-02f  1
 286  6.5377188e+05 1.41e+02 4.33e+03  -6.0 7.93e+01    -  3.64e-03 1.51e-02f  1
 287  6.5334400e+05 1.39e+02 4.31e+03  -6.0 7.50e+01    -  1.66e-02 4.84e-03f  1
 288  6.5129044e+05 1.30e+02 4.20e+03  -6.0 6.90e+01    -  9.15e-03 2.35e-02f  1
 289  6.5116607e+05 1.30e+02 4.20e+03  -6.0 6.85e+01    -  8.01e-03 1.47e-03h  1
iter    objective    inf_pr   inf_du lg(mu)  ||d||  lg(rg) alpha_du alpha_pr  ls
 290  6.5033616e+05 1.26e+02 4.16e+03  -6.0 6.85e+01    -  1.47e-02 9.85e-03f  1
 291  6.4939491e+05 1.22e+02 4.11e+03  -6.0 6.92e+01    -  1.16e-02 1.14e-02f  1
 292  6.4831237e+05 1.18e+02 4.05e+03  -6.0 6.84e+01    -  1.64e-02 1.33e-02f  1
 293  6.4743827e+05 1.14e+02 4.01e+03  -6.0 6.48e+01    -  2.18e-02 1.10e-02f  1
 294  6.4592312e+05 1.08e+02 3.93e+03  -6.0 6.44e+01    -  4.22e-04 1.94e-02f  1
 295  6.4559584e+05 1.06e+02 3.92e+03  -6.0 6.35e+01    -  1.49e-02 4.33e-03f  1
 296  6.4494332e+05 1.04e+02 3.88e+03  -6.0 1.40e+02    -  5.90e-02 8.76e-03f  1
 297  6.4439053e+05 1.01e+02 3.85e+03  -6.0 8.72e+01    -  1.71e-02 7.63e-03f  1
 298  6.4386169e+05 9.90e+01 3.82e+03  -6.0 8.64e+01    -  5.88e-03 7.39e-03f  1
 299  6.4365974e+05 9.81e+01 3.81e+03  -6.0 8.69e+01    -  1.15e-02 2.89e-03h  1
iter    objective    inf_pr   inf_du lg(mu)  ||d||  lg(rg) alpha_du alpha_pr  ls
 300  6.4323762e+05 9.62e+01 3.79e+03  -6.0 8.60e+01    -  4.13e-03 6.10e-03f  1

Number of Iterations....: 300

                                   (scaled)                 (unscaled)
Objective...............:   2.3579091576540018e+03    6.4323761820801161e+05
Dual infeasibility......:   3.7885159221862400e+03    1.0335071435724063e+06
Constraint violation....:   1.0646866637172447e+01    9.6172615320754801e+01
Variable bound violation:   3.7212491005300663e-09    3.7212491005300663e-09
Complementarity.........:   7.6304224823620288e+00    2.0815792531883612e+03
Overall NLP error.......:   3.7885159221862400e+03    1.0335071435724063e+06


Number of objective function evaluations             = 301
Number of objective gradient evaluations             = 301
Number of equality constraint evaluations            = 301
Number of inequality constraint evaluations          = 302
Number of equality constraint Jacobian evaluations   = 301
Number of inequality constraint Jacobian evaluations = 301
Number of Lagrangian Hessian evaluations             = 300
Total seconds in IPOPT                               = 25.910

EXIT: Maximum Number of Iterations Exceeded.

