Solver command line: ['/opt/homebrew/bin/ipopt', '/var/folders/6y/bvynbx6n3zv7z3lwg6vd724r0000gn/T/tmp6utkdzz9.pyomo.nl', '-AMPL', 'tol=1e-06', 'max_iter=300', 'print_level=5', 'warm_start_init_point=yes', 'warm_start_bound_push=1e-06', 'warm_start_bound_frac=1e-06', 'warm_start_mult_bound_push=1e-06', 'mu_init=1e-06', 'least_square_init_duals=no']

Ipopt 3.14.19: tol=1e-06
max_iter=300
print_level=5
warm_start_init_point=yes
warm_start_bound_push=1e-06
warm_start_bound_frac=1e-06
warm_start_mult_bound_push=1e-06
mu_init=1e-06
least_square_init_duals=no


******************************************************************************
This program contains Ipopt, a library for large-scale nonlinear optimization.
 Ipopt is released as open source code under the Eclipse Public License (EPL).
         For more information visit https://github.com/coin-or/Ipopt
******************************************************************************

This is Ipopt version 3.14.19, running with linear solver MUMPS 5.6.2.

Number of nonzeros in equality constraint Jacobian...:    43679
Number of nonzeros in inequality constraint Jacobian.:    33080
Number of nonzeros in Lagrangian Hessian.............:    24644

Total number of variables............................:     6698
                     variables with only lower bounds:        0
                variables with lower and upper bounds:     6698
                     variables with only upper bounds:        0
Total number of equality constraints.................:     6045
Total number of inequality constraints...............:     8270
        inequality constraints with only lower bounds:        0
   inequality constraints with lower and upper bounds:        0
        inequality constraints with only upper bounds:     8270

iter    objective    inf_pr   inf_du lg(mu)  ||d||  lg(rg) alpha_du alpha_pr  ls
   0  6.0138414e+05 5.31e+02 6.43e+03  -6.0 0.00e+00    -  0.00e+00 0.00e+00   0
   1  6.0137315e+05 5.31e+02 6.43e+03  -6.0 1.83e+01   0.0 5.77e-04 3.79e-04h  1
   2  6.0014220e+05 5.31e+02 6.42e+03  -6.0 1.71e+02  -0.5 7.23e-04 9.76e-04f  1
   3  6.0009261e+05 5.28e+02 6.40e+03  -6.0 1.85e+01  -0.1 1.17e-03 2.17e-03h  1
   4  5.9985221e+05 5.27e+02 6.39e+03  -6.0 2.58e+01  -0.5 1.84e-03 1.35e-03f  1
   5  5.9985200e+05 5.27e+02 6.39e+03  -6.0 1.86e+01  -0.1 1.40e-03 1.03e-05h  1
   6  5.9945013e+05 5.25e+02 6.38e+03  -6.0 2.91e+01  -0.6 2.06e-02 2.02e-03f  1
   7  5.9937530e+05 5.21e+02 6.36e+03  -6.0 1.88e+01  -0.2 3.09e-04 3.80e-03h  1
   8  5.9936626e+05 5.21e+02 6.36e+03  -6.0 2.19e+01  -0.6 1.56e-03 6.04e-05h  1
   9  5.9928749e+05 5.17e+02 6.33e+03  -6.0 1.94e+01  -0.2 1.96e-04 3.76e-03h  1
iter    objective    inf_pr   inf_du lg(mu)  ||d||  lg(rg) alpha_du alpha_pr  ls
  10  5.9927802e+05 5.17e+02 6.33e+03  -6.0 2.09e+01  -0.7 6.65e-03 6.78e-05h  1
  11  5.9923427e+05 5.14e+02 6.32e+03  -6.0 1.97e+01  -0.3 7.24e-03 2.10e-03h  1
  12  5.9919272e+05 5.14e+02 6.32e+03  -6.0 2.52e+01  -0.7 1.64e-03 2.47e-04h  1
  13  5.9915688e+05 5.12e+02 6.31e+03  -6.0 2.00e+01  -0.3 5.39e-03 1.87e-03h  1
  14  5.9911685e+05 5.11e+02 6.30e+03  -6.0 1.82e+01  -0.8 4.77e-03 5.16e-04h  1
  15  5.9901531e+05 5.11e+02 6.30e+03  -6.0 1.47e+02  -1.3 2.78e-04 1.32e-04f  1
  16  5.9893150e+05 5.09e+02 6.29e+03  -6.0 2.02e+01  -0.8 2.54e-03 2.27e-03h  1
  17  5.9878916e+05 5.08e+02 6.28e+03  -6.0 4.77e+01  -1.3 7.23e-03 1.34e-03h  1
  18  5.9874865e+05 5.05e+02 6.26e+03  -6.0 2.09e+01  -0.9 1.26e-04 2.59e-03h  1
  19  5.9869921e+05 5.01e+02 6.24e+03  -6.0 2.22e+01  -1.4 1.28e-03 3.59e-03h  1
iter    objective    inf_pr   inf_du lg(mu)  ||d||  lg(rg) alpha_du alpha_pr  ls
  20  5.9869837e+05 5.01e+02 6.24e+03  -6.0 2.13e+01  -0.9 2.82e-03 1.36e-04h  1
  21  5.9869191e+05 5.00e+02 6.24e+03  -6.0 2.23e+01  -1.4 1.40e-04 4.94e-04h  1
  22  5.9867082e+05 4.96e+02 6.21e+03  -6.0 2.14e+01  -1.0 1.43e-03 3.46e-03h  1
  23  5.9865308e+05 4.94e+02 6.21e+03  -6.0 2.24e+01  -1.5 9.46e-04 1.36e-03h  1
  24  5.9864508e+05 4.93e+02 6.20e+03  -6.0 2.14e+01  -1.0 1.74e-03 1.32e-03h  1
  25  5.9863887e+05 4.92e+02 6.19e+03  -6.0 2.78e+01  -1.5 1.50e-03 4.44e-04h  1
  26  5.9862709e+05 4.90e+02 6.18e+03  -6.0 2.16e+01  -1.1 1.43e-02 2.42e-03h  1
  27  5.9862589e+05 4.80e+02 6.13e+03  -6.0 2.08e+01  -0.7 5.85e-04 8.58e-03h  1
  28  5.9861975e+05 4.78e+02 6.12e+03  -6.0 2.18e+01  -1.1 2.15e-03 1.66e-03h  1
  29  5.9862123e+05 4.73e+02 6.09e+03  -6.0 2.10e+01  -0.7 2.51e-03 4.36e-03h  1
iter    objective    inf_pr   inf_du lg(mu)  ||d||  lg(rg) alpha_du alpha_pr  ls
  30  5.9861755e+05 4.72e+02 6.08e+03  -6.0 2.17e+01  -1.2 2.78e-03 1.08e-03h  1
  31  5.9862645e+05 4.63e+02 6.04e+03  -6.0 2.10e+01  -0.8 7.63e-03 7.76e-03h  1
  32  5.9862385e+05 4.62e+02 6.03e+03  -6.0 2.15e+01  -1.2 1.67e-02 9.69e-04h  1
  33  5.9863114e+05 4.56e+02 6.00e+03  -6.0 2.09e+01  -0.8 1.03e-02 5.47e-03h  1
  34  5.9862602e+05 4.51e+02 5.97e+03  -6.0 2.14e+01  -1.3 5.67e-03 4.15e-03h  1
  35  5.9864289e+05 4.41e+02 5.92e+03  -6.0 2.06e+01  -0.9 6.04e-03 9.35e-03h  1
  36  5.9864227e+05 4.39e+02 5.91e+03  -6.0 2.06e+01  -1.3 9.66e-03 1.72e-03h  1
  37  5.9864345e+05 4.39e+02 5.90e+03  -6.0 2.02e+01  -0.9 1.53e-03 5.39e-04h  1
  38  5.9864344e+05 4.35e+02 5.88e+03  -6.0 2.38e+01  -1.4 2.60e-02 3.70e-03h  1
  39  5.9866288e+05 4.25e+02 5.83e+03  -6.0 2.00e+01  -1.0 7.49e-03 9.14e-03h  1
iter    objective    inf_pr   inf_du lg(mu)  ||d||  lg(rg) alpha_du alpha_pr  ls
  40  5.9867715e+05 4.23e+02 5.82e+03  -6.0 1.93e+01  -0.5 9.44e-04 2.04e-03h  1
  41  5.9868028e+05 4.21e+02 5.81e+03  -6.0 1.95e+01  -1.0 7.90e-03 1.26e-03h  1
  42  5.9869381e+05 4.19e+02 5.80e+03  -6.0 1.92e+01  -0.6 9.59e-04 1.99e-03h  1
  43  5.9870933e+05 4.13e+02 5.76e+03  -6.0 1.94e+01  -1.1 5.57e-03 6.01e-03h  1
  44  5.9872889e+05 4.10e+02 5.75e+03  -6.0 1.89e+01  -0.6 3.12e-04 2.83e-03h  1
  45  5.9873717e+05 4.06e+02 5.73e+03  -6.0 1.89e+01  -1.1 1.23e-03 3.45e-03h  1
  46  5.9878136e+05 3.99e+02 5.69e+03  -6.0 1.86e+01  -0.7 1.36e-03 6.82e-03h  1
  47  5.9878717e+05 3.97e+02 5.68e+03  -6.0 1.85e+01  -1.2 1.24e-02 2.15e-03h  1
  48  5.9883807e+05 3.89e+02 5.63e+03  -6.0 1.83e+01  -0.8 1.55e-03 7.79e-03h  1
  49  5.9885300e+05 3.85e+02 5.60e+03  -6.0 1.83e+01  -1.2 7.85e-03 4.79e-03h  1
iter    objective    inf_pr   inf_du lg(mu)  ||d||  lg(rg) alpha_du alpha_pr  ls
  50  5.9888242e+05 3.80e+02 5.58e+03  -6.0 1.79e+01  -0.8 3.58e-04 4.51e-03h  1
  51  5.9888425e+05 3.79e+02 5.58e+03  -6.0 1.77e+01  -1.3 2.53e-03 6.56e-04h  1
  52  5.9890355e+05 3.76e+02 5.56e+03  -6.0 1.77e+01  -0.9 1.87e-04 3.18e-03h  1
  53  5.9891454e+05 3.73e+02 5.54e+03  -6.0 1.74e+01  -1.3 3.96e-03 3.74e-03h  1
  54  5.9897687e+05 3.63e+02 5.48e+03  -6.0 1.74e+01  -0.9 2.78e-03 9.65e-03h  1
  55  5.9898260e+05 3.62e+02 5.47e+03  -6.0 1.67e+01  -1.4 5.34e-04 1.64e-03h  1
  56  5.9900645e+05 3.58e+02 5.45e+03  -6.0 1.68e+01  -1.0 7.31e-04 3.58e-03h  1
  57  5.9901284e+05 3.57e+02 5.45e+03  -6.0 1.64e+01  -1.4 7.15e-03 1.72e-03h  1
  58  5.9903607e+05 3.53e+02 5.43e+03  -6.0 1.65e+01  -1.0 2.47e-03 3.64e-03h  1
  59  5.9905644e+05 3.48e+02 5.39e+03  -6.0 2.01e+01  -1.5 8.76e-03 6.04e-03h  1
iter    objective    inf_pr   inf_du lg(mu)  ||d||  lg(rg) alpha_du alpha_pr  ls
  60  5.9908188e+05 3.44e+02 5.37e+03  -6.0 1.59e+01  -1.1 1.30e-02 4.24e-03h  1
  61  5.9909580e+05 3.40e+02 5.35e+03  -6.0 1.56e+01  -1.5 1.47e-03 4.38e-03h  1
  62  5.9918512e+05 3.26e+02 5.27e+03  -6.0 1.54e+01  -1.1 8.86e-04 1.53e-02h  1
  63  5.9919152e+05 3.24e+02 5.25e+03  -6.0 1.44e+01  -1.6 1.63e-02 2.16e-03h  1
  64  5.9924333e+05 3.17e+02 5.21e+03  -6.0 1.44e+01  -1.2 4.14e-03 9.18e-03h  1
  65  5.9932582e+05 3.11e+02 5.17e+03  -6.0 1.40e+01  -0.7 7.31e-04 7.08e-03h  1
  66  5.9933298e+05 3.10e+02 5.16e+03  -6.0 1.34e+01  -1.2 2.12e-03 1.22e-03h  1
  67  5.9934934e+05 3.08e+02 5.16e+03  -6.0 1.34e+01  -0.8 2.94e-03 1.44e-03h  1
  68  5.9935150e+05 3.08e+02 5.15e+03  -6.0 1.32e+01  -1.3 9.10e-03 3.79e-04h  1
  69  5.9937365e+05 3.06e+02 5.14e+03  -6.0 1.33e+01  -0.8 1.51e-03 2.10e-03h  1
iter    objective    inf_pr   inf_du lg(mu)  ||d||  lg(rg) alpha_du alpha_pr  ls
  70  5.9937525e+05 3.06e+02 5.14e+03  -6.0 1.37e+01  -1.3 8.41e-03 3.00e-04h  1
  71  5.9940650e+05 3.03e+02 5.12e+03  -6.0 1.36e+01  -0.9 4.03e-04 3.17e-03h  1
  72  5.9947408e+05 2.92e+02 5.06e+03  -6.0 1.40e+01  -1.4 1.30e-03 1.36e-02h  1
  73  5.9948579e+05 2.92e+02 5.05e+03  -6.0 1.31e+01  -0.9 7.11e-03 1.18e-03h  1
  74  5.9953519e+05 2.84e+02 5.00e+03  -6.0 1.34e+01  -1.4 7.17e-04 9.25e-03h  1
  75  5.9954954e+05 2.83e+02 5.00e+03  -6.0 1.34e+01  -1.0 6.26e-03 1.47e-03h  1
  76  5.9960780e+05 2.75e+02 4.94e+03  -6.0 1.38e+01  -1.5 4.40e-03 1.12e-02h  1
  77  5.9963290e+05 2.73e+02 4.93e+03  -6.0 1.39e+01  -1.0 1.10e-02 2.65e-03h  1
  78  5.9964756e+05 2.71e+02 4.91e+03  -6.0 1.42e+01  -1.5 1.35e-02 2.69e-03h  1
  79  5.9981206e+05 2.58e+02 4.83e+03  -6.0 1.41e+01  -1.1 3.12e-03 1.76e-02h  1
iter    objective    inf_pr   inf_du lg(mu)  ||d||  lg(rg) alpha_du alpha_pr  ls
  80  5.9985567e+05 2.56e+02 4.82e+03  -6.0 1.44e+01  -0.7 1.25e-03 2.47e-03h  1
  81  5.9988725e+05 2.54e+02 4.80e+03  -6.0 1.48e+01  -1.1 4.50e-03 3.38e-03h  1
  82  5.9999310e+05 2.50e+02 4.77e+03  -6.0 1.43e+01  -0.7 9.05e-04 5.43e-03h  1
  83  6.0004237e+05 2.47e+02 4.75e+03  -6.0 1.48e+01  -1.2 1.32e-03 4.39e-03h  1
  84  6.0005144e+05 2.46e+02 4.75e+03  -6.0 1.47e+01  -0.8 1.36e-03 4.88e-04h  1
  85  6.0012414e+05 2.42e+02 4.72e+03  -6.0 1.50e+01  -1.2 2.15e-04 6.80e-03h  1
  86  6.0013266e+05 2.41e+02 4.72e+03  -6.0 1.49e+01  -0.8 2.39e-03 4.79e-04h  1
  87  6.0014140e+05 2.41e+02 4.71e+03  -6.0 1.53e+01  -1.3 1.78e-03 8.68e-04h  1
  88  6.0016116e+05 2.40e+02 4.71e+03  -6.0 1.50e+01  -0.9 1.39e-03 1.18e-03h  1
  89  6.0017471e+05 2.39e+02 4.70e+03  -6.0 1.54e+01  -1.3 1.85e-03 1.40e-03h  1
iter    objective    inf_pr   inf_du lg(mu)  ||d||  lg(rg) alpha_du alpha_pr  ls
  90  6.0020056e+05 2.38e+02 4.69e+03  -6.0 1.52e+01  -0.9 8.82e-04 1.61e-03h  1
  91  6.0021548e+05 2.37e+02 4.68e+03  -6.0 1.55e+01  -1.4 2.84e-03 1.59e-03h  1
  92  6.0054284e+05 2.23e+02 4.58e+03  -6.0 1.53e+01  -1.0 1.80e-03 2.13e-02h  1
  93  6.0056731e+05 2.21e+02 4.57e+03  -6.0 1.61e+01  -1.4 3.69e-03 2.81e-03h  1
  94  6.0056817e+05 2.21e+02 4.57e+03  -6.0 1.59e+01  -1.0 7.20e-04 5.86e-05h  1
  95  6.0064590e+05 2.16e+02 4.53e+03  -6.0 1.63e+01  -1.5 3.89e-04 8.67e-03h  1
  96  6.0065255e+05 2.15e+02 4.53e+03  -6.0 1.64e+01  -1.1 1.83e-03 4.90e-04h  1
  97  6.0067662e+05 2.13e+02 4.51e+03  -6.0 1.66e+01  -1.6 1.33e-02 3.28e-03h  1
  98  6.0103667e+05 1.97e+02 4.39e+03  -6.0 1.65e+01  -1.1 1.62e-03 2.82e-02h  1
  99  6.0104693e+05 1.96e+02 4.38e+03  -6.0 1.73e+01  -1.6 4.44e-03 1.47e-03h  1
iter    objective    inf_pr   inf_du lg(mu)  ||d||  lg(rg) alpha_du alpha_pr  ls
 100  6.0106441e+05 1.95e+02 4.37e+03  -6.0 1.71e+01  -1.2 9.60e-03 1.42e-03h  1
 101  6.0117594e+05 1.92e+02 4.35e+03  -6.0 1.68e+01  -0.8 1.35e-03 5.20e-03h  1
 102  6.0118367e+05 1.92e+02 4.35e+03  -6.0 1.72e+01  -1.2 4.77e-03 6.51e-04h  1
 103  6.0125965e+05 1.90e+02 4.33e+03  -6.0 1.70e+01  -0.8 4.30e-03 3.72e-03h  1
 104  6.0135302e+05 1.85e+02 4.30e+03  -6.0 1.66e+01  -1.3 1.75e-02 8.06e-03h  1
 105  6.0149719e+05 1.81e+02 4.27e+03  -6.0 1.66e+01  -0.9 3.01e-03 7.05e-03h  1
 106  6.0159128e+05 1.78e+02 4.24e+03  -6.0 1.68e+01  -1.3 7.49e-03 7.51e-03h  1
 107  6.0212514e+05 1.65e+02 4.13e+03  -6.0 1.63e+01  -0.9 6.66e-03 2.55e-02h  1
 108  6.0222582e+05 1.61e+02 4.09e+03  -6.0 1.72e+01  -1.4 1.45e-02 8.47e-03h  1
 109  6.0240298e+05 1.57e+02 4.06e+03  -6.0 1.67e+01  -1.0 3.95e-03 8.70e-03h  1
iter    objective    inf_pr   inf_du lg(mu)  ||d||  lg(rg) alpha_du alpha_pr  ls
 110  6.0243920e+05 1.55e+02 4.05e+03  -6.0 1.74e+01  -1.4 9.85e-03 2.67e-03h  1
 111  6.0266598e+05 1.51e+02 4.00e+03  -6.0 1.67e+01  -1.0 7.62e-04 1.01e-02h  1
 112  6.0271883e+05 1.49e+02 3.99e+03  -6.0 1.76e+01  -1.5 1.84e-02 3.81e-03h  1
 113  6.0279312e+05 1.45e+02 3.96e+03  -6.0 1.90e+01  -2.0 2.69e-03 7.93e-03h  1
 114  6.0293253e+05 1.40e+02 3.91e+03  -6.0 1.76e+01  -1.5 8.41e-03 1.08e-02h  1
 115  6.0311223e+05 1.37e+02 3.88e+03  -6.0 1.69e+01  -1.1 4.62e-03 8.57e-03h  1
 116  6.0319423e+05 1.34e+02 3.85e+03  -6.0 1.80e+01  -1.6 4.55e-03 6.96e-03h  1
 117  6.0322981e+05 1.32e+02 3.83e+03  -6.0 2.00e+01  -2.1 9.47e-03 5.21e-03h  1
 118  6.0326651e+05 1.30e+02 3.82e+03  -6.0 1.97e+01  -1.6 1.87e-02 3.43e-03h  1
 119  6.0335435e+05 1.28e+02 3.80e+03  -6.0 1.81e+01  -1.2 2.40e-03 4.77e-03h  1
iter    objective    inf_pr   inf_du lg(mu)  ||d||  lg(rg) alpha_du alpha_pr  ls
 120  6.0338865e+05 1.27e+02 3.79e+03  -6.0 1.91e+01  -1.7 4.85e-03 3.41e-03h  1
 121  6.0348584e+05 1.25e+02 3.77e+03  -6.0 1.83e+01  -1.3 1.33e-03 5.70e-03h  1
 122  6.0357705e+05 1.21e+02 3.73e+03  -6.0 1.92e+01  -1.7 5.39e-03 9.97e-03h  1
 123  6.0360768e+05 1.18e+02 3.71e+03  -6.0 1.96e+01  -2.2 1.49e-02 5.97e-03h  1
 124  6.0365041e+05 1.16e+02 3.69e+03  -6.0 1.94e+01  -1.8 3.27e-02 6.27e-03h  1
 125  6.0387580e+05 1.09e+02 3.62e+03  -6.0 1.88e+01  -1.4 1.77e-03 1.79e-02h  1
 126  6.0390188e+05 1.08e+02 3.60e+03  -6.0 1.96e+01  -1.8 1.02e-02 4.27e-03h  1
 127  6.0395561e+05 1.02e+02 3.54e+03  -6.0 1.99e+01  -2.3 1.18e-02 1.80e-02h  1
 128  6.0405014e+05 9.57e+01 3.48e+03  -6.0 1.98e+01  -1.9 6.29e-03 1.73e-02h  1
 129  6.0405538e+05 9.50e+01 3.47e+03  -6.0 2.01e+01  -2.4 1.35e-02 2.15e-03h  1
iter    objective    inf_pr   inf_du lg(mu)  ||d||  lg(rg) alpha_du alpha_pr  ls
 130  6.0411785e+05 9.08e+01 3.43e+03  -6.0 2.00e+01  -1.9 2.33e-03 1.29e-02h  1
 131  6.0412965e+05 8.90e+01 3.41e+03  -6.0 2.10e+01  -2.4 6.64e-03 5.87e-03h  1
 132  6.0415922e+05 8.68e+01 3.38e+03  -6.0 2.07e+01  -2.0 5.30e-03 6.85e-03h  1
 133  6.0428261e+05 8.28e+01 3.34e+03  -6.0 2.00e+01  -1.6 3.18e-03 1.35e-02h  1
 134  6.0430855e+05 8.08e+01 3.31e+03  -6.0 2.02e+01  -2.0 9.97e-03 6.65e-03h  1
 135  6.0447991e+05 7.49e+01 3.25e+03  -6.0 1.97e+01  -1.6 1.41e-02 2.04e-02h  1
 136  6.0450241e+05 7.30e+01 3.22e+03  -6.0 2.03e+01  -2.1 1.28e-02 6.85e-03h  1
 137  6.0450424e+05 7.25e+01 3.22e+03  -6.0 2.10e+01  -2.6 4.73e-03 1.87e-03h  1
 138  6.0451690e+05 7.13e+01 3.20e+03  -6.0 2.08e+01  -2.1 4.54e-03 4.46e-03h  1
 139  6.0451992e+05 7.02e+01 3.19e+03  -6.0 2.10e+01  -2.6 1.98e-02 3.94e-03h  1
iter    objective    inf_pr   inf_du lg(mu)  ||d||  lg(rg) alpha_du alpha_pr  ls
 140  6.0452965e+05 6.91e+01 3.18e+03  -6.0 2.08e+01  -2.2 1.69e-02 3.94e-03h  1
 141  6.0460149e+05 6.61e+01 3.14e+03  -6.0 2.04e+01  -1.8 5.47e-03 1.16e-02h  1
 142  6.0460845e+05 6.53e+01 3.13e+03  -6.0 2.09e+01  -2.3 1.32e-02 3.20e-03h  1
 143  6.0468972e+05 6.18e+01 3.09e+03  -6.0 2.05e+01  -1.8 1.45e-02 1.38e-02h  1
 144  6.0470993e+05 5.94e+01 3.06e+03  -6.0 2.09e+01  -2.3 6.04e-03 9.75e-03h  1
 145  6.0474692e+05 5.77e+01 3.04e+03  -6.0 2.06e+01  -1.9 7.53e-03 6.92e-03h  1
 146  6.0475142e+05 5.71e+01 3.03e+03  -6.0 2.09e+01  -2.4 1.60e-03 2.64e-03h  1
 147  6.0483944e+05 5.28e+01 2.97e+03  -6.0 2.06e+01  -1.9 9.82e-03 1.84e-02h  1
 148  6.0485481e+05 5.01e+01 2.94e+03  -6.0 2.10e+01  -2.4 6.63e-03 1.23e-02h  1
 149  6.0487396e+05 4.91e+01 2.92e+03  -6.0 2.07e+01  -2.0 2.37e-02 4.65e-03h  1
iter    objective    inf_pr   inf_du lg(mu)  ||d||  lg(rg) alpha_du alpha_pr  ls
 150  6.0489500e+05 4.40e+01 2.85e+03  -6.0 2.10e+01  -2.5 3.68e-03 2.39e-02h  1
 151  6.0493114e+05 4.19e+01 2.82e+03  -6.0 2.07e+01  -2.0 1.29e-02 1.03e-02h  1
 152  6.0493120e+05 4.19e+01 2.82e+03  -6.0 2.10e+01  -2.5 3.54e-02 1.61e-04h  1
 153  6.0502715e+05 3.52e+01 2.73e+03  -6.0 2.07e+01  -2.1 6.21e-02 3.42e-02h  1
 154  6.0502447e+05 3.29e+01 2.69e+03  -6.0 2.09e+01  -2.6 4.12e-02 1.29e-02h  1
 155  6.0510735e+05 2.66e+01 2.59e+03  -6.0 2.06e+01  -2.1 1.25e-02 3.69e-02h  1
 156  6.0524877e+05 2.34e+01 2.54e+03  -6.0 1.98e+01  -1.7 3.28e-02 2.02e-02h  1
 157  6.0533887e+05 1.52e+01 2.39e+03  -6.0 2.04e+01  -2.2 3.95e-02 5.68e-02h  1
 158  6.0548592e+05 1.21e+01 2.34e+03  -6.0 1.94e+01  -1.8 3.03e-03 2.39e-02h  1
 159  6.0548739e+05 1.19e+01 2.33e+03  -6.0 2.00e+01  -2.2 2.41e-03 1.48e-03h  1
iter    objective    inf_pr   inf_du lg(mu)  ||d||  lg(rg) alpha_du alpha_pr  ls
 160  6.0559231e+05 9.72e+00 2.29e+03  -6.0 1.89e+01  -1.8 7.00e-04 1.83e-02h  1
 161  6.0559335e+05 9.50e+00 2.29e+03  -6.0 1.99e+01  -2.3 4.46e-03 1.94e-03h  1
 162  6.0574940e+05 8.03e+00 2.21e+03  -6.0 1.89e+01  -1.9 3.43e-02 3.14e-02h  1
 163  6.0574940e+05 8.00e+00 2.21e+03  -6.0 1.98e+01  -2.3 9.23e-03 2.95e-03h  1
 164  6.0578239e+05 7.94e+00 2.19e+03  -6.0 1.89e+01  -1.9 2.93e-02 7.70e-03h  1
 165  6.0577030e+05 7.61e+00 2.10e+03  -6.0 1.99e+01  -2.4 9.47e-03 4.23e-02h  1
 166  6.0570180e+05 7.41e+00 2.04e+03  -6.0 2.04e+01  -2.9 3.91e-02 2.58e-02h  1
 167  6.0569945e+05 7.39e+00 2.03e+03  -6.0 1.97e+01  -2.4 1.20e-02 3.48e-03h  1
 168  6.0566123e+05 7.29e+00 2.01e+03  -6.0 2.05e+01  -2.9 1.08e-02 1.35e-02h  1
 169  6.0561713e+05 7.18e+00 1.98e+03  -6.0 2.05e+01  -3.4 1.30e-02 1.39e-02h  1
iter    objective    inf_pr   inf_du lg(mu)  ||d||  lg(rg) alpha_du alpha_pr  ls
 170  6.0558816e+05 7.10e+00 1.96e+03  -6.0 2.02e+01  -3.0 2.47e-02 1.13e-02h  1
 171  6.0553281e+05 6.99e+00 1.92e+03  -6.0 2.04e+01  -3.4 5.98e-02 1.65e-02h  1
 172  6.0550473e+05 6.91e+00 1.90e+03  -6.0 2.02e+01  -3.0 2.32e-02 1.09e-02h  1
 173  6.0544014e+05 6.76e+00 1.86e+03  -6.0 2.05e+01  -3.5 1.55e-02 2.13e-02h  1
 174  6.0542085e+05 6.72e+00 1.85e+03  -6.0 2.05e+01  -4.0 4.77e-02 6.01e-03h  1
 175  6.0530874e+05 6.48e+00 1.78e+03  -6.0 2.07e+01  -4.5 1.07e-02 3.60e-02h  1
 176  6.0526692e+05 6.40e+00 1.76e+03  -6.0 2.06e+01    -  9.50e-03 1.30e-02h  1
 177  6.0516974e+05 6.20e+00 1.71e+03  -6.0 2.06e+01    -  3.86e-02 3.00e-02h  1
 178  6.0513738e+05 6.14e+00 1.69e+03  -6.0 2.06e+01    -  1.42e-02 1.01e-02h  1
 179  6.0511012e+05 6.09e+00 1.67e+03  -6.0 2.06e+01    -  4.02e-02 8.90e-03h  1
iter    objective    inf_pr   inf_du lg(mu)  ||d||  lg(rg) alpha_du alpha_pr  ls
 180  6.0506201e+05 5.99e+00 1.65e+03  -6.0 2.06e+01    -  1.19e-02 1.68e-02h  1
 181  6.0502361e+05 5.91e+00 1.62e+03  -6.0 2.05e+01    -  7.28e-03 1.33e-02h  1
 182  6.0495004e+05 5.76e+00 1.58e+03  -6.0 2.05e+01    -  5.29e-03 2.55e-02h  1
 183  6.0491567e+05 5.69e+00 1.56e+03  -6.0 2.05e+01    -  4.69e-02 1.19e-02h  1
 184  6.0487283e+05 5.60e+00 1.54e+03  -6.0 2.05e+01    -  1.35e-02 1.53e-02h  1
 185  6.0481725e+05 5.49e+00 1.51e+03  -6.0 2.04e+01    -  4.49e-03 1.93e-02h  1
 186  6.0479692e+05 5.45e+00 1.50e+03  -6.0 2.04e+01    -  1.56e-02 6.85e-03h  1
 187  6.0465945e+05 5.20e+00 1.43e+03  -6.0 2.04e+01    -  8.57e-03 4.67e-02h  1
 188  6.0459555e+05 5.09e+00 1.40e+03  -6.0 2.03e+01    -  6.71e-02 2.07e-02h  1
 189  6.0454387e+05 5.00e+00 1.37e+03  -6.0 2.04e+01    -  8.47e-03 1.75e-02h  1
iter    objective    inf_pr   inf_du lg(mu)  ||d||  lg(rg) alpha_du alpha_pr  ls
 190  6.0453681e+05 4.99e+00 1.37e+03  -6.0 2.04e+01    -  2.52e-02 2.35e-03h  1
 191  6.0445767e+05 4.89e+00 1.34e+03  -6.0 2.10e+01    -  2.07e-02 2.05e-02h  1
 192  6.0444302e+05 4.87e+00 1.34e+03  -6.0 2.10e+01    -  2.40e-02 3.93e-03h  1
 193  6.0431834e+05 4.71e+00 1.29e+03  -6.0 2.10e+01    -  8.26e-02 3.35e-02h  1
 194  6.0430700e+05 4.69e+00 1.29e+03  -6.0 2.11e+01    -  1.92e-02 3.11e-03h  1
 195  6.0428737e+05 4.66e+00 1.28e+03  -6.0 2.11e+01    -  8.68e-03 5.86e-03h  1
 196  6.0427950e+05 4.65e+00 1.28e+03  -6.0 2.09e+01    -  1.02e-02 2.66e-03h  1
 197  6.0425671e+05 4.61e+00 1.27e+03  -6.0 2.10e+01    -  4.65e-02 7.85e-03h  1
 198  6.0417952e+05 4.49e+00 1.23e+03  -6.0 2.10e+01    -  2.58e-02 2.78e-02h  1
 199  6.0414471e+05 4.43e+00 1.22e+03  -6.0 2.10e+01    -  1.36e-02 1.25e-02h  1
iter    objective    inf_pr   inf_du lg(mu)  ||d||  lg(rg) alpha_du alpha_pr  ls
 200  6.0404491e+05 4.26e+00 1.17e+03  -6.0 2.09e+01    -  8.64e-03 3.91e-02h  1
 201  6.0402191e+05 4.22e+00 1.16e+03  -6.0 2.09e+01    -  3.80e-02 8.95e-03h  1
 202  6.0400386e+05 4.19e+00 1.15e+03  -6.0 2.12e+01    -  4.49e-03 6.88e-03h  1
 203  6.0397477e+05 4.14e+00 1.14e+03  -6.0 2.11e+01    -  7.55e-03 1.13e-02h  1
 204  6.0396951e+05 4.13e+00 1.14e+03  -6.0 2.12e+01    -  1.32e-02 2.30e-03h  1
 205  6.0393765e+05 4.07e+00 1.12e+03  -6.0 2.12e+01    -  8.31e-03 1.46e-02h  1
 206  6.0390005e+05 4.01e+00 1.10e+03  -6.0 2.12e+01    -  1.41e-02 1.63e-02h  1
 207  6.0383692e+05 3.90e+00 1.07e+03  -6.0 2.12e+01    -  3.75e-03 2.72e-02h  1
 208  6.0369976e+05 3.65e+00 1.00e+03  -6.0 2.12e+01    -  3.87e-02 6.34e-02h  1
 209  6.0367868e+05 3.61e+00 9.92e+02  -6.0 2.11e+01    -  2.38e-02 1.09e-02h  1
iter    objective    inf_pr   inf_du lg(mu)  ||d||  lg(rg) alpha_du alpha_pr  ls
 210  6.0363622e+05 3.54e+00 9.71e+02  -6.0 2.12e+01    -  2.55e-02 2.08e-02h  1
 211  6.0357605e+05 3.43e+00 9.43e+02  -6.0 2.13e+01    -  2.16e-02 2.90e-02h  1
 212  6.0356707e+05 3.42e+00 9.39e+02  -6.0 2.14e+01    -  1.41e-03 4.14e-03h  1
 213  6.0352506e+05 3.35e+00 9.21e+02  -6.0 2.13e+01    -  8.69e-02 1.95e-02h  1
 214  6.0338710e+05 3.09e+00 8.48e+02  -6.0 2.15e+01    -  4.57e-03 7.91e-02h  1
 215  6.0337640e+05 3.07e+00 8.44e+02  -6.0 2.13e+01    -  6.73e-03 5.01e-03h  1
 216  6.0334569e+05 3.03e+00 8.32e+02  -6.0 2.13e+01    -  6.22e-03 1.44e-02h  1
 217  6.0333411e+05 3.01e+00 8.27e+02  -6.0 2.14e+01    -  3.31e-02 5.29e-03h  1
 218  6.0328789e+05 2.95e+00 8.10e+02  -6.0 2.15e+01    -  7.16e-04 2.08e-02h  1
 219  6.0326762e+05 2.92e+00 8.01e+02  -6.0 2.09e+01    -  1.89e-02 1.05e-02h  1
iter    objective    inf_pr   inf_du lg(mu)  ||d||  lg(rg) alpha_du alpha_pr  ls
 220  6.0325940e+05 2.91e+00 7.98e+02  -6.0 2.09e+01    -  5.47e-02 4.23e-03h  1
 221  6.0322723e+05 2.86e+00 7.84e+02  -6.0 2.09e+01    -  6.29e-02 1.73e-02h  1
 222  6.0322397e+05 2.85e+00 7.83e+02  -6.0 2.24e+01    -  3.27e-02 1.79e-03h  1
 223  6.0315092e+05 2.73e+00 7.49e+02  -6.0 2.26e+01    -  7.75e-03 4.28e-02h  1
 224  6.0313799e+05 2.71e+00 7.44e+02  -6.0 2.80e+01    -  1.17e-02 6.72e-03h  1
 225  6.0311704e+05 2.68e+00 7.36e+02  -6.0 2.89e+01    -  8.80e-03 1.08e-02h  1
 226  6.0310713e+05 2.65e+00 7.29e+02  -6.0 2.09e+01    -  1.15e-02 1.02e-02h  1
 227  6.0309531e+05 2.62e+00 7.20e+02  -6.0 2.09e+01    -  4.12e-02 1.17e-02h  1
 228  6.0307723e+05 2.57e+00 7.07e+02  -6.0 2.09e+01    -  2.41e-02 1.81e-02h  1
 229  6.0306913e+05 2.55e+00 7.02e+02  -6.0 2.09e+01    -  3.76e-03 7.74e-03h  1
iter    objective    inf_pr   inf_du lg(mu)  ||d||  lg(rg) alpha_du alpha_pr  ls
 230  6.0306697e+05 2.55e+00 7.00e+02  -6.0 2.10e+01    -  1.08e-02 2.00e-03h  1
 231  6.0305572e+05 2.52e+00 6.93e+02  -6.0 2.10e+01    -  3.79e-03 1.10e-02h  1
 232  6.0303914e+05 2.48e+00 6.80e+02  -6.0 2.10e+01    -  5.81e-03 1.82e-02h  1
 233  6.0303279e+05 2.46e+00 6.76e+02  -6.0 2.10e+01    -  3.26e-02 6.46e-03h  1
 234  6.0302040e+05 2.43e+00 6.67e+02  -6.0 2.10e+01    -  2.31e-02 1.28e-02h  1
 235  6.0301356e+05 2.41e+00 6.62e+02  -6.0 2.11e+01    -  1.51e-03 7.04e-03h  1
 236  6.0297925e+05 2.33e+00 6.40e+02  -6.0 2.12e+01    -  2.41e-02 3.34e-02h  1
 237  6.0296373e+05 2.30e+00 6.32e+02  -6.0 2.11e+01    -  3.94e-02 1.35e-02h  1
 238  6.0295375e+05 2.28e+00 6.26e+02  -6.0 2.10e+01    -  7.99e-02 8.85e-03h  1
 239  6.0288359e+05 2.13e+00 5.86e+02  -6.0 2.13e+01    -  9.44e-03 6.40e-02h  1
iter    objective    inf_pr   inf_du lg(mu)  ||d||  lg(rg) alpha_du alpha_pr  ls
 240  6.0281454e+05 2.01e+00 5.54e+02  -6.0 2.33e+01    -  5.65e-02 5.54e-02h  1
 241  6.0279450e+05 1.98e+00 5.44e+02  -6.0 2.53e+01    -  6.13e-02 1.70e-02h  1
 242  6.0277237e+05 1.94e+00 5.35e+02  -6.0 2.61e+01    -  5.31e-02 1.82e-02h  1
 243  6.0276339e+05 1.93e+00 5.30e+02  -6.0 2.70e+01    -  4.03e-02 9.25e-03h  1
 244  6.0274088e+05 1.88e+00 5.17e+02  -6.0 2.75e+01    -  1.44e-02 2.45e-02h  1
 245  6.0272237e+05 1.85e+00 5.07e+02  -6.0 2.89e+01    -  1.19e-02 1.82e-02h  1
 246  6.0268400e+05 1.78e+00 4.90e+02  -6.0 3.00e+01    -  2.43e-02 3.33e-02h  1
 247  6.0265565e+05 1.75e+00 4.81e+02  -6.0 3.21e+01    -  6.34e-03 1.87e-02h  1
 248  6.0264456e+05 1.74e+00 4.78e+02  -6.0 3.31e+01    -  1.92e-02 6.98e-03h  1
 249  6.0263129e+05 1.72e+00 4.74e+02  -6.0 3.31e+01    -  1.58e-02 8.29e-03h  1
iter    objective    inf_pr   inf_du lg(mu)  ||d||  lg(rg) alpha_du alpha_pr  ls
 250  6.0256727e+05 1.65e+00 4.54e+02  -6.0 3.33e+01    -  1.32e-02 4.25e-02h  1
 251  6.0254636e+05 1.63e+00 4.47e+02  -6.0 3.56e+01    -  7.09e-02 1.41e-02h  1
 252  6.0248014e+05 1.56e+00 4.28e+02  -6.0 3.62e+01    -  1.83e-02 4.41e-02h  1
 253  6.0239269e+05 1.47e+00 4.05e+02  -6.0 3.86e+01    -  1.70e-02 5.27e-02h  1
 254  6.0236746e+05 1.45e+00 4.00e+02  -6.0 4.15e+01    -  3.06e-03 1.33e-02h  1
 255  6.0236072e+05 1.45e+00 3.98e+02  -6.0 4.23e+01    -  6.00e-03 3.40e-03h  1
 256  6.0235510e+05 1.44e+00 3.97e+02  -6.0 4.29e+01    -  2.48e-02 2.91e-03h  1
 257  6.0233548e+05 1.42e+00 3.91e+02  -6.0 4.29e+01    -  1.65e-02 1.53e-02h  1
 258  6.0231303e+05 1.40e+00 3.85e+02  -6.0 4.38e+01    -  1.44e-02 1.69e-02h  1
 259  6.0228616e+05 1.37e+00 3.77e+02  -6.0 4.48e+01    -  1.09e-02 1.96e-02h  1
iter    objective    inf_pr   inf_du lg(mu)  ||d||  lg(rg) alpha_du alpha_pr  ls
 260  6.0221747e+05 1.30e+00 3.59e+02  -6.0 4.59e+01    -  2.62e-02 4.82e-02h  1
 261  6.0209991e+05 1.21e+00 3.32e+02  -6.0 4.88e+01    -  3.30e-02 7.53e-02h  1
 262  6.0207338e+05 1.19e+00 3.27e+02  -6.0 5.34e+01    -  2.37e-02 1.53e-02h  1
 263  6.0204554e+05 1.17e+00 3.22e+02  -6.0 5.47e+01    -  6.67e-03 1.60e-02h  1
 264  6.0203634e+05 1.16e+00 3.20e+02  -6.0 5.63e+01    -  1.02e-02 5.63e-03h  1
 265  6.0201840e+05 1.15e+00 3.16e+02  -6.0 5.64e+01    -  1.55e-02 1.09e-02h  1
 266  6.0198400e+05 1.13e+00 3.10e+02  -6.0 5.70e+01    -  6.77e-03 2.07e-02h  1
 267  6.0196369e+05 1.11e+00 3.06e+02  -6.0 5.81e+01    -  6.63e-03 1.18e-02h  1
 268  6.0195018e+05 1.10e+00 3.04e+02  -6.0 5.81e+01    -  1.18e-02 8.38e-03h  1
 269  6.0194239e+05 1.10e+00 3.02e+02  -6.0 5.85e+01    -  2.58e-02 4.81e-03h  1
iter    objective    inf_pr   inf_du lg(mu)  ||d||  lg(rg) alpha_du alpha_pr  ls
 270  6.0192702e+05 1.09e+00 2.99e+02  -6.0 5.88e+01    -  2.87e-02 9.95e-03h  1
 271  6.0187843e+05 1.05e+00 2.89e+02  -6.0 5.06e+01    -  3.79e-02 3.50e-02h  1
 272  6.0182595e+05 1.01e+00 2.78e+02  -6.0 5.29e+01    -  1.66e-02 3.73e-02h  1
 273  6.0178741e+05 9.85e-01 2.71e+02  -6.0 5.62e+01    -  2.47e-02 2.49e-02h  1
 274  6.0176580e+05 9.71e-01 2.67e+02  -6.0 5.80e+01    -  2.60e-02 1.40e-02h  1
 275  6.0174446e+05 9.58e-01 2.64e+02  -6.0 5.90e+01    -  4.19e-02 1.40e-02h  1
 276  6.0173147e+05 9.47e-01 2.61e+02  -6.0 5.99e+01    -  3.99e-03 1.08e-02h  1
 277  6.0172631e+05 9.43e-01 2.60e+02  -6.0 6.08e+01    -  2.10e-02 4.28e-03h  1
 278  6.0171066e+05 9.31e-01 2.56e+02  -6.0 6.11e+01    -  2.02e-02 1.33e-02h  1
 279  6.0170165e+05 9.23e-01 2.54e+02  -6.0 6.21e+01    -  3.94e-02 7.82e-03h  1
iter    objective    inf_pr   inf_du lg(mu)  ||d||  lg(rg) alpha_du alpha_pr  ls
 280  6.0167009e+05 8.97e-01 2.47e+02  -6.0 6.26e+01    -  2.09e-02 2.88e-02h  1
 281  6.0165576e+05 8.85e-01 2.44e+02  -6.0 6.49e+01    -  1.11e-02 1.33e-02h  1
 282  6.0162100e+05 8.56e-01 2.36e+02  -6.0 6.58e+01    -  6.70e-03 3.24e-02h  1
 283  6.0161825e+05 8.54e-01 2.35e+02  -6.0 6.92e+01    -  3.87e-02 2.58e-03h  1
 284  6.0161178e+05 8.48e-01 2.33e+02  -6.0 6.93e+01    -  9.26e-03 6.55e-03h  1
 285  6.0160703e+05 8.42e-01 2.32e+02  -6.0 7.38e+01    -  4.21e-04 7.06e-03h  1
 286  6.0158554e+05 8.25e-01 2.27e+02  -6.0 7.05e+01    -  8.53e-03 2.10e-02h  1
 287  6.0158232e+05 8.22e-01 2.26e+02  -6.0 7.29e+01    -  3.34e-03 3.29e-03h  1
 288  6.0157704e+05 8.18e-01 2.25e+02  -6.0 7.34e+01    -  2.26e-03 5.26e-03h  1
 289  6.0155371e+05 7.99e-01 2.20e+02  -6.0 7.41e+01    -  3.49e-03 2.27e-02h  1
iter    objective    inf_pr   inf_du lg(mu)  ||d||  lg(rg) alpha_du alpha_pr  ls
 290  6.0153832e+05 7.87e-01 2.17e+02  -6.0 7.66e+01    -  1.93e-02 1.48e-02h  1
 291  6.0151737e+05 7.71e-01 2.12e+02  -6.0 7.81e+01    -  5.04e-02 2.08e-02h  1
 292  6.0148945e+05 7.48e-01 2.06e+02  -6.0 8.00e+01    -  3.87e-02 2.96e-02f  1
 293  6.0145689e+05 7.00e-01 1.93e+02  -6.0 5.49e+01    -  3.19e-02 6.35e-02h  1
 294  6.0144147e+05 6.77e-01 1.86e+02  -6.0 6.00e+01    -  5.81e-02 3.33e-02h  1
 295  6.0143197e+05 6.61e-01 1.82e+02  -6.0 6.29e+01    -  1.85e-02 2.33e-02h  1
 296  6.0142313e+05 6.46e-01 1.78e+02  -6.0 6.50e+01    -  1.14e-02 2.31e-02h  1
 297  6.0141774e+05 6.37e-01 1.75e+02  -6.0 6.73e+01    -  2.40e-02 1.39e-02h  1
 298  6.0141118e+05 6.26e-01 1.72e+02  -6.0 6.86e+01    -  2.46e-02 1.75e-02h  1
 299  6.0139827e+05 6.04e-01 1.66e+02  -6.0 7.04e+01    -  1.20e-02 3.54e-02h  1
iter    objective    inf_pr   inf_du lg(mu)  ||d||  lg(rg) alpha_du alpha_pr  ls
 300  6.0138498e+05 5.83e-01 1.60e+02  -6.0 7.41e+01    -  7.93e-03 3.50e-02h  1

Number of Iterations....: 300

                                   (scaled)                 (unscaled)
Objective...............:   2.2044903998938003e+03    6.0138498109102866e+05
Dual infeasibility......:   1.6041171478134731e+02    4.3760315792351546e+04
Constraint violation....:   4.9541877562072983e-01    5.8263355457572863e-01
Variable bound violation:   0.0000000000000000e+00    0.0000000000000000e+00
Complementarity.........:   3.0875582609845564e-01    8.4228589359658699e+01
Overall NLP error.......:   1.6041171478134731e+02    4.3760315792351546e+04


Number of objective function evaluations             = 301
Number of objective gradient evaluations             = 301
Number of equality constraint evaluations            = 301
Number of inequality constraint evaluations          = 302
Number of equality constraint Jacobian evaluations   = 301
Number of inequality constraint Jacobian evaluations = 301
Number of Lagrangian Hessian evaluations             = 300
Total seconds in IPOPT                               = 28.009

EXIT: Maximum Number of Iterations Exceeded.

