Solver command line: ['/opt/homebrew/bin/ipopt', '/var/folders/6y/bvynbx6n3zv7z3lwg6vd724r0000gn/T/tmp7t9b_q8b.pyomo.nl', '-AMPL', 'tol=1e-06', 'max_iter=300', 'print_level=5', 'warm_start_init_point=yes', 'warm_start_bound_push=1e-06', 'warm_start_bound_frac=1e-06', 'warm_start_mult_bound_push=1e-06', 'mu_init=1e-06', 'least_square_init_duals=no']

Ipopt 3.14.19: tol=1e-06
max_iter=300
print_level=5
warm_start_init_point=yes
warm_start_bound_push=1e-06
warm_start_bound_frac=1e-06
warm_start_mult_bound_push=1e-06
mu_init=1e-06
least_square_init_duals=no


******************************************************************************
This program contains Ipopt, a library for large-scale nonlinear optimization.
 Ipopt is released as open source code under the Eclipse Public License (EPL).
         For more information visit https://github.com/coin-or/Ipopt
******************************************************************************

This is Ipopt version 3.14.19, running with linear solver MUMPS 5.6.2.

Number of nonzeros in equality constraint Jacobian...:    43679
Number of nonzeros in inequality constraint Jacobian.:    33080
Number of nonzeros in Lagrangian Hessian.............:    24644

Total number of variables............................:     6698
                     variables with only lower bounds:        0
                variables with lower and upper bounds:     6698
                     variables with only upper bounds:        0
Total number of equality constraints.................:     6045
Total number of inequality constraints...............:     8270
        inequality constraints with only lower bounds:        0
   inequality constraints with lower and upper bounds:        0
        inequality constraints with only upper bounds:     8270

iter    objective    inf_pr   inf_du lg(mu)  ||d||  lg(rg) alpha_du alpha_pr  ls
   0  9.0899627e+05 9.86e+00 9.24e+01  -6.0 0.00e+00    -  0.00e+00 0.00e+00   0
   1  9.0805972e+05 9.86e+00 9.24e+01  -6.0 2.17e+04  -4.0 1.19e-05 8.69e-06f  1
   2  9.0774681e+05 9.86e+00 9.24e+01  -6.0 5.48e+04  -4.5 1.26e-05 1.96e-06f  1
   3  9.0657720e+05 9.86e+00 9.24e+01  -6.0 1.72e+04  -4.1 4.82e-05 1.16e-05f  1
   4  9.0541949e+05 9.86e+00 9.24e+01  -6.0 2.35e+04  -4.5 4.75e-05 1.09e-05f  1
   5  9.0415666e+05 9.86e+00 9.24e+01  -6.0 9.22e+03  -4.1 6.62e-05 1.55e-05f  1
   6  9.0322324e+05 9.86e+00 9.24e+01  -6.0 1.84e+04  -4.6 7.79e-05 1.15e-05f  1
   7  9.0223966e+05 9.86e+00 9.24e+01  -6.0 5.00e+04  -5.1 2.95e-05 1.45e-05f  1
   8  9.0157766e+05 9.86e+00 9.24e+01  -6.0 3.12e+05    -  1.06e-05 6.66e-06f  1
   9  9.0077667e+05 9.86e+00 9.24e+01  -6.0 1.13e+05    -  4.63e-05 1.38e-05f  1
iter    objective    inf_pr   inf_du lg(mu)  ||d||  lg(rg) alpha_du alpha_pr  ls
  10  9.0006518e+05 9.86e+00 9.24e+01  -6.0 8.47e+04    -  8.73e-06 1.41e-05f  1
  11  8.9917542e+05 9.86e+00 9.24e+01  -6.0 6.82e+04    -  1.55e-04 1.86e-05f  1
  12  8.9850583e+05 9.86e+00 9.24e+01  -6.0 2.27e+04    -  2.12e-05 2.31e-05f  1
  13  8.9795356e+05 9.86e+00 9.24e+01  -6.0 1.88e+04    -  1.41e-04 2.64e-05f  1
  14  8.9740299e+05 9.86e+00 9.24e+01  -6.0 1.08e+04    -  9.82e-06 2.78e-05f  1
  15  8.9635391e+05 9.86e+00 9.24e+01  -6.0 9.74e+03    -  3.36e-05 5.38e-05f  1
  16  8.9507079e+05 9.86e+00 9.23e+01  -6.0 7.72e+03    -  7.16e-05 7.18e-05f  1
  17  8.9449084e+05 9.86e+00 9.23e+01  -6.0 5.55e+03    -  1.26e-04 3.31e-05f  1
  18  8.9269801e+05 9.86e+00 9.23e+01  -6.0 4.34e+03    -  5.31e-05 1.05e-04f  1
  19  8.9234737e+05 9.86e+00 9.23e+01  -6.0 4.24e+03    -  3.44e-05 2.09e-05f  1
iter    objective    inf_pr   inf_du lg(mu)  ||d||  lg(rg) alpha_du alpha_pr  ls
  20  8.9167787e+05 9.86e+00 9.23e+01  -6.0 4.21e+03    -  1.90e-05 4.03e-05f  1
  21  8.9137437e+05 9.86e+00 9.23e+01  -6.0 4.17e+03    -  1.48e-04 1.91e-05f  1
  22  8.9012788e+05 9.86e+00 9.23e+01  -6.0 4.12e+03    -  1.28e-04 9.16e-05f  1
  23  8.8816263e+05 9.85e+00 9.23e+01  -6.0 3.97e+03    -  1.07e-04 1.46e-04f  1
  24  8.8783920e+05 9.85e+00 9.23e+01  -6.0 3.84e+03    -  3.06e-04 2.48e-05f  1
  25  8.8584436e+05 9.85e+00 9.23e+01  -6.0 3.72e+03    -  1.16e-04 1.54e-04f  1
  26  8.8537351e+05 9.85e+00 9.23e+01  -6.0 3.35e+03    -  5.19e-04 3.88e-05f  1
  27  8.8487125e+05 9.85e+00 9.23e+01  -6.0 3.33e+03    -  1.03e-04 4.36e-05f  1
  28  8.8402793e+05 9.85e+00 9.23e+01  -6.0 3.31e+03    -  5.45e-04 7.42e-05f  1
  29  8.8277989e+05 9.85e+00 9.23e+01  -6.0 3.27e+03    -  2.11e-04 1.19e-04f  1
iter    objective    inf_pr   inf_du lg(mu)  ||d||  lg(rg) alpha_du alpha_pr  ls
  30  8.8132445e+05 9.85e+00 9.22e+01  -6.0 3.69e+03    -  1.40e-04 1.79e-04f  1
  31  8.8001113e+05 9.85e+00 9.22e+01  -6.0 4.34e+03    -  6.81e-04 1.67e-04f  1
  32  8.7903853e+05 9.84e+00 9.22e+01  -6.0 4.77e+03    -  3.01e-04 1.34e-04f  1
  33  8.7807739e+05 9.84e+00 9.22e+01  -6.0 5.22e+03    -  2.72e-04 1.48e-04f  1
  34  8.7714139e+05 9.84e+00 9.22e+01  -6.0 5.17e+03    -  9.86e-05 1.56e-04f  1
  35  8.7705401e+05 9.84e+00 9.22e+01  -6.0 4.88e+03    -  6.34e-05 1.58e-05f  1
  36  8.7639027e+05 9.84e+00 9.22e+01  -6.0 4.64e+03    -  3.57e-04 1.88e-04f  1
  37  8.7512634e+05 9.84e+00 9.21e+01  -6.0 3.01e+03    -  4.18e-04 3.76e-04f  1
  38  8.7380932e+05 9.83e+00 9.20e+01  -6.0 2.57e+03    -  1.06e-03 4.17e-04f  1
  39  8.7347578e+05 9.83e+00 9.20e+01  -6.0 1.76e+03    -  7.41e-04 1.23e-04f  1
iter    objective    inf_pr   inf_du lg(mu)  ||d||  lg(rg) alpha_du alpha_pr  ls
  40  8.7244269e+05 9.83e+00 9.19e+01  -6.0 1.74e+03    -  1.51e-04 4.00e-04f  1
  41  8.7195504e+05 9.82e+00 9.19e+01  -6.0 1.77e+03    -  7.93e-04 1.92e-04f  1
  42  8.7133896e+05 9.82e+00 9.18e+01  -6.0 1.81e+03    -  1.91e-04 2.46e-04f  1
  43  8.7047159e+05 9.82e+00 9.18e+01  -6.0 1.94e+03    -  6.83e-05 3.47e-04f  1
  44  8.7043131e+05 9.82e+00 9.18e+01  -6.0 2.04e+03    -  3.97e-04 1.65e-05f  1
  45  8.6981317e+05 9.82e+00 9.17e+01  -6.0 2.10e+03    -  6.39e-04 2.70e-04f  1
  46  8.6855155e+05 9.81e+00 9.17e+01  -6.0 2.03e+03    -  2.06e-04 5.58e-04f  1
  47  8.6796926e+05 9.81e+00 9.17e+01  -6.0 2.01e+03    -  3.55e-04 2.64e-04f  1
  48  8.6716478e+05 9.80e+00 9.17e+01  -6.0 2.02e+03    -  2.78e-04 3.80e-04f  1
  49  8.6667575e+05 9.80e+00 9.15e+01  -6.0 1.98e+03    -  1.48e-03 2.38e-04f  1
iter    objective    inf_pr   inf_du lg(mu)  ||d||  lg(rg) alpha_du alpha_pr  ls
  50  8.6630259e+05 9.80e+00 9.14e+01  -6.0 1.52e+03    -  1.35e-03 1.92e-04f  1
  51  8.6596983e+05 9.80e+00 9.14e+01  -6.0 1.11e+03    -  4.84e-04 1.87e-04f  1
  52  8.6555128e+05 9.80e+00 9.13e+01  -6.0 9.58e+02    -  4.89e-04 2.38e-04f  1
  53  8.6439994e+05 9.79e+00 9.13e+01  -6.0 1.15e+03    -  8.43e-04 6.57e-04f  1
  54  8.6374763e+05 9.79e+00 9.12e+01  -6.0 1.14e+03    -  8.35e-04 3.79e-04f  1
  55  8.6305247e+05 9.78e+00 9.12e+01  -6.0 1.11e+03    -  1.55e-04 4.20e-04f  1
  56  8.6272963e+05 9.78e+00 9.12e+01  -6.0 1.13e+03    -  6.28e-05 2.14e-04f  1
  57  8.6256031e+05 9.78e+00 9.11e+01  -6.0 1.14e+03    -  3.51e-04 1.13e-04f  1
  58  8.6155866e+05 9.77e+00 9.11e+01  -6.0 1.13e+03    -  2.24e-04 6.69e-04f  1
  59  8.6099178e+05 9.77e+00 9.10e+01  -6.0 1.14e+03    -  9.77e-04 3.88e-04f  1
iter    objective    inf_pr   inf_du lg(mu)  ||d||  lg(rg) alpha_du alpha_pr  ls
  60  8.6077635e+05 9.77e+00 9.09e+01  -6.0 1.12e+03    -  1.37e-03 1.48e-04f  1
  61  8.6001928e+05 9.76e+00 9.09e+01  -6.0 1.06e+03    -  5.95e-05 5.23e-04f  1
  62  8.5954081e+05 9.76e+00 9.09e+01  -6.0 1.02e+03    -  4.32e-04 3.32e-04f  1
  63  8.5770287e+05 9.75e+00 9.08e+01  -6.0 9.46e+02    -  9.47e-04 1.32e-03f  1
  64  8.5691409e+05 9.74e+00 9.05e+01  -6.0 7.50e+02    -  2.99e-03 5.80e-04f  1
  65  8.5631088e+05 9.74e+00 9.04e+01  -6.0 8.52e+02    -  1.21e-03 4.47e-04f  1
  66  8.5436460e+05 9.72e+00 9.03e+01  -6.0 8.76e+02    -  5.77e-04 1.46e-03f  1
  67  8.5376812e+05 9.72e+00 9.03e+01  -6.0 9.92e+02    -  8.00e-04 4.52e-04f  1
  68  8.5357807e+05 9.72e+00 9.01e+01  -6.0 1.02e+03    -  1.53e-03 1.46e-04f  1
  69  8.5303697e+05 9.71e+00 9.01e+01  -6.0 9.34e+02    -  1.97e-04 4.19e-04f  1
iter    objective    inf_pr   inf_du lg(mu)  ||d||  lg(rg) alpha_du alpha_pr  ls
  70  8.5244894e+05 9.71e+00 9.00e+01  -6.0 9.56e+02    -  8.84e-04 4.58e-04f  1
  71  8.5203905e+05 9.70e+00 8.98e+01  -6.0 9.78e+02    -  2.35e-03 3.24e-04f  1
  72  8.5181117e+05 9.70e+00 8.98e+01  -6.0 9.23e+02    -  3.36e-04 1.82e-04f  1
  73  8.4987436e+05 9.69e+00 8.97e+01  -6.0 8.74e+02    -  8.84e-04 1.59e-03f  1
  74  8.4932281e+05 9.68e+00 8.96e+01  -6.0 4.97e+02    -  1.24e-03 4.63e-04f  1
  75  8.4884455e+05 9.68e+00 8.96e+01  -6.0 2.37e+02    -  3.25e-04 3.97e-04f  1
  76  8.4842285e+05 9.67e+00 8.96e+01  -6.0 2.34e+02    -  1.72e-04 3.51e-04f  1
  77  8.4813211e+05 9.67e+00 8.95e+01  -6.0 2.27e+02    -  6.32e-04 2.42e-04f  1
  78  8.4710646e+05 9.66e+00 8.94e+01  -6.0 2.26e+02    -  1.02e-03 8.59e-04f  1
  79  8.4596140e+05 9.66e+00 8.94e+01  -6.0 2.20e+02    -  2.79e-04 9.63e-04f  1
iter    objective    inf_pr   inf_du lg(mu)  ||d||  lg(rg) alpha_du alpha_pr  ls
  80  8.4541809e+05 9.65e+00 8.92e+01  -6.0 1.95e+02    -  2.13e-03 4.67e-04f  1
  81  8.4394451e+05 9.64e+00 8.92e+01  -6.0 1.94e+02    -  2.08e-04 1.28e-03f  1
  82  8.4362892e+05 9.64e+00 8.92e+01  -6.0 1.84e+02    -  9.92e-05 2.76e-04f  1
  83  8.4307871e+05 9.63e+00 8.92e+01  -6.0 1.94e+02    -  1.84e-04 4.80e-04f  1
  84  8.4220343e+05 9.62e+00 8.90e+01  -6.0 1.84e+02    -  1.79e-03 7.66e-04f  1
  85  8.4108121e+05 9.61e+00 8.89e+01  -6.0 2.75e+02    -  9.84e-04 9.83e-04f  1
  86  8.4015576e+05 9.61e+00 8.89e+01  -6.0 2.75e+02    -  3.41e-04 8.17e-04f  1
  87  8.3832075e+05 9.59e+00 8.87e+01  -6.0 2.71e+02    -  1.88e-03 1.63e-03f  1
  88  8.3722064e+05 9.58e+00 8.87e+01  -6.0 2.66e+02    -  4.38e-04 9.87e-04f  1
  89  8.3667601e+05 9.58e+00 8.87e+01  -6.0 2.29e+02    -  1.81e-04 4.89e-04f  1
iter    objective    inf_pr   inf_du lg(mu)  ||d||  lg(rg) alpha_du alpha_pr  ls
  90  8.3658941e+05 9.58e+00 8.86e+01  -6.0 2.33e+02    -  6.14e-04 7.88e-05f  1
  91  8.3586577e+05 9.57e+00 8.86e+01  -6.0 2.32e+02    -  3.35e-04 6.60e-04f  1
  92  8.3530270e+05 9.56e+00 8.85e+01  -6.0 2.34e+02    -  1.17e-03 5.14e-04f  1
  93  8.3474791e+05 9.56e+00 8.82e+01  -6.0 2.30e+02    -  2.93e-03 5.07e-04f  1
  94  8.3429430e+05 9.56e+00 8.82e+01  -6.0 2.33e+02    -  6.44e-04 4.15e-04f  1
  95  8.3371627e+05 9.55e+00 8.81e+01  -6.0 2.34e+02    -  4.51e-04 5.29e-04f  1
  96  8.3221493e+05 9.54e+00 8.80e+01  -6.0 2.31e+02    -  1.56e-03 1.38e-03f  1
  97  8.3145218e+05 9.53e+00 8.79e+01  -6.0 2.34e+02    -  1.48e-03 7.02e-04f  1
  98  8.3012427e+05 9.52e+00 8.78e+01  -6.0 2.34e+02    -  1.05e-03 1.23e-03f  1
  99  8.2938481e+05 9.51e+00 8.77e+01  -6.0 2.38e+02    -  8.96e-04 6.85e-04f  1
iter    objective    inf_pr   inf_du lg(mu)  ||d||  lg(rg) alpha_du alpha_pr  ls
 100  8.2848552e+05 9.50e+00 8.72e+01  -6.0 2.36e+02    -  5.95e-03 8.36e-04f  1
 101  8.2644911e+05 9.49e+00 8.71e+01  -6.0 2.37e+02    -  8.29e-04 1.90e-03f  1
 102  8.2566433e+05 9.48e+00 8.69e+01  -6.0 2.39e+02    -  1.93e-03 7.50e-04f  1
 103  8.2402791e+05 9.46e+00 8.68e+01  -6.0 2.40e+02    -  1.14e-03 1.57e-03f  1
 104  8.2248790e+05 9.45e+00 8.68e+01  -6.0 2.53e+02    -  9.50e-04 1.49e-03f  1
 105  8.2214831e+05 9.45e+00 8.66e+01  -6.0 2.54e+02    -  1.89e-03 3.29e-04f  1
 106  8.1905963e+05 9.42e+00 8.65e+01  -6.0 2.47e+02    -  4.32e-04 3.05e-03f  1
 107  8.1840574e+05 9.41e+00 8.65e+01  -6.0 2.39e+02    -  7.26e-04 6.48e-04f  1
 108  8.1812424e+05 9.41e+00 8.64e+01  -6.0 2.14e+02    -  4.21e-04 2.72e-04f  1
 109  8.1773730e+05 9.41e+00 8.64e+01  -6.0 2.17e+02    -  2.68e-04 3.82e-04f  1
iter    objective    inf_pr   inf_du lg(mu)  ||d||  lg(rg) alpha_du alpha_pr  ls
 110  8.1745359e+05 9.40e+00 8.62e+01  -6.0 2.20e+02    -  2.44e-03 2.81e-04f  1
 111  8.1662003e+05 9.40e+00 8.61e+01  -6.0 2.23e+02    -  7.85e-04 8.26e-04f  1
 112  8.1532242e+05 9.38e+00 8.61e+01  -6.0 2.27e+02    -  5.99e-04 1.30e-03f  1
 113  8.1458045e+05 9.38e+00 8.61e+01  -6.0 2.30e+02    -  3.06e-04 7.47e-04f  1
 114  8.1206410e+05 9.35e+00 8.60e+01  -6.0 2.29e+02    -  1.00e-03 2.54e-03f  1
 115  8.1141528e+05 9.35e+00 8.59e+01  -6.0 1.88e+02    -  8.79e-04 6.60e-04f  1
 116  8.1030062e+05 9.34e+00 8.57e+01  -6.0 1.23e+02    -  2.99e-03 1.16e-03f  1
 117  8.0901199e+05 9.32e+00 8.54e+01  -6.0 1.19e+02    -  2.69e-03 1.35e-03f  1
 118  8.0834656e+05 9.32e+00 8.53e+01  -6.0 1.12e+02    -  2.08e-03 6.98e-04f  1
 119  8.0583928e+05 9.29e+00 8.51e+01  -6.0 1.16e+02    -  1.80e-03 2.63e-03f  1
iter    objective    inf_pr   inf_du lg(mu)  ||d||  lg(rg) alpha_du alpha_pr  ls
 120  8.0571989e+05 9.29e+00 8.49e+01  -6.0 1.28e+02    -  2.14e-03 1.26e-04f  1
 121  8.0246384e+05 9.26e+00 8.49e+01  -6.0 1.36e+02    -  5.69e-04 3.42e-03f  1
 122  8.0092526e+05 9.24e+00 8.47e+01  -6.0 8.99e+01    -  1.54e-03 1.63e-03f  1
 123  7.9991507e+05 9.23e+00 8.47e+01  -6.0 1.41e+02    -  1.58e-04 1.06e-03f  1
 124  7.9932768e+05 9.23e+00 8.47e+01  -6.0 1.39e+02    -  3.25e-04 6.16e-04f  1
 125  7.9930674e+05 9.23e+00 8.46e+01  -6.0 1.37e+02    -  8.46e-04 2.20e-05f  1
 126  7.9840974e+05 9.22e+00 8.44e+01  -6.0 1.36e+02    -  2.92e-03 9.42e-04f  1
 127  7.9787953e+05 9.21e+00 8.43e+01  -6.0 1.34e+02    -  7.56e-04 5.58e-04f  1
 128  7.9601805e+05 9.20e+00 8.42e+01  -6.0 1.27e+02    -  1.20e-03 1.97e-03f  1
 129  7.9478557e+05 9.18e+00 8.39e+01  -6.0 1.11e+02    -  3.38e-03 1.31e-03f  1
iter    objective    inf_pr   inf_du lg(mu)  ||d||  lg(rg) alpha_du alpha_pr  ls
 130  7.9355839e+05 9.17e+00 8.39e+01  -6.0 1.11e+02    -  1.39e-04 1.31e-03f  1
 131  7.9272387e+05 9.16e+00 8.38e+01  -6.0 1.11e+02    -  1.17e-03 8.94e-04f  1
 132  7.9150293e+05 9.15e+00 8.37e+01  -6.0 1.12e+02    -  1.51e-03 1.31e-03f  1
 133  7.9038910e+05 9.14e+00 8.36e+01  -6.0 1.15e+02    -  1.40e-03 1.20e-03f  1
 134  7.8594048e+05 9.10e+00 8.35e+01  -6.0 1.32e+02    -  5.74e-04 4.80e-03f  1
 135  7.8427778e+05 9.08e+00 8.34e+01  -6.0 2.02e+02    -  1.40e-03 1.84e-03f  1
 136  7.8385889e+05 9.08e+00 8.32e+01  -6.0 2.43e+02    -  2.82e-03 4.65e-04f  1
 137  7.8239195e+05 9.06e+00 8.31e+01  -6.0 3.21e+02    -  1.21e-03 1.64e-03f  1
 138  7.8199746e+05 9.06e+00 8.26e+01  -6.0 3.62e+02    -  5.78e-03 4.41e-04f  1
 139  7.7630646e+05 9.00e+00 8.26e+01  -6.0 3.72e+02    -  2.56e-04 6.41e-03f  1
iter    objective    inf_pr   inf_du lg(mu)  ||d||  lg(rg) alpha_du alpha_pr  ls
 140  7.7579789e+05 8.99e+00 8.25e+01  -6.0 5.51e+02    -  9.99e-04 5.80e-04f  1
 141  7.7477789e+05 8.98e+00 8.22e+01  -6.0 5.66e+02    -  3.96e-03 1.17e-03f  1
 142  7.7264961e+05 8.96e+00 8.20e+01  -6.0 5.95e+02    -  1.63e-03 2.44e-03f  1
 143  7.7219770e+05 8.96e+00 8.20e+01  -6.0 6.49e+02    -  9.70e-05 5.20e-04f  1
 144  7.7172206e+05 8.95e+00 8.18e+01  -6.0 6.24e+02    -  3.37e-03 5.47e-04f  1
 145  7.7046097e+05 8.94e+00 8.17e+01  -6.0 6.17e+02    -  7.04e-04 1.46e-03f  1
 146  7.7031350e+05 8.94e+00 8.14e+01  -6.0 6.46e+02    -  3.72e-03 1.71e-04f  1
 147  7.6576147e+05 8.89e+00 8.13e+01  -6.0 6.49e+02    -  1.21e-03 5.30e-03f  1
 148  7.6395098e+05 8.87e+00 8.12e+01  -6.0 7.57e+02    -  7.35e-04 2.12e-03f  1
 149  7.6186541e+05 8.85e+00 8.10e+01  -6.0 7.83e+02    -  2.77e-03 2.46e-03f  1
iter    objective    inf_pr   inf_du lg(mu)  ||d||  lg(rg) alpha_du alpha_pr  ls
 150  7.6171219e+05 8.85e+00 8.07e+01  -6.0 8.22e+02    -  3.21e-03 1.81e-04f  1
 151  7.6023765e+05 8.83e+00 8.07e+01  -6.0 8.20e+02    -  5.44e-04 1.76e-03f  1
 152  7.5970198e+05 8.83e+00 8.05e+01  -6.0 8.38e+02    -  2.13e-03 6.42e-04f  1
 153  7.5916656e+05 8.82e+00 8.02e+01  -6.0 8.35e+02    -  3.78e-03 6.42e-04f  1
 154  7.5719654e+05 8.80e+00 7.99e+01  -6.0 8.33e+02    -  4.69e-03 2.36e-03f  1
 155  7.5612350e+05 8.79e+00 7.97e+01  -6.0 8.37e+02    -  1.97e-03 1.29e-03f  1
 156  7.5561639e+05 8.78e+00 7.97e+01  -6.0 7.95e+02    -  4.65e-04 6.21e-04f  1
 157  7.5522834e+05 8.78e+00 7.96e+01  -6.0 7.95e+02    -  6.20e-04 4.76e-04f  1
 158  7.5440050e+05 8.77e+00 7.96e+01  -6.0 7.92e+02    -  9.00e-04 1.02e-03f  1
 159  7.5401646e+05 8.77e+00 7.94e+01  -6.0 7.88e+02    -  1.74e-03 4.86e-04f  1
iter    objective    inf_pr   inf_du lg(mu)  ||d||  lg(rg) alpha_du alpha_pr  ls
 160  7.5391923e+05 8.76e+00 7.88e+01  -6.0 7.77e+02    -  7.70e-03 1.29e-04f  1
 161  7.5335053e+05 8.76e+00 7.86e+01  -6.0 7.02e+02    -  2.25e-03 8.04e-04f  1
 162  7.5279946e+05 8.75e+00 7.82e+01  -6.0 6.86e+02    -  6.35e-03 8.14e-04f  1
 163  7.5203021e+05 8.74e+00 7.78e+01  -6.0 6.47e+02    -  4.82e-03 1.22e-03f  1
 164  7.5132266e+05 8.73e+00 7.78e+01  -6.0 6.33e+02    -  3.88e-04 1.27e-03f  1
 165  7.5084381e+05 8.72e+00 7.77e+01  -6.0 6.34e+02    -  6.72e-04 8.87e-04f  1
 166  7.5027157e+05 8.71e+00 7.75e+01  -6.0 6.26e+02    -  2.41e-03 1.10e-03f  1
 167  7.5008993e+05 8.71e+00 7.75e+01  -6.0 6.17e+02    -  3.06e-04 3.81e-04f  1
 168  7.4994935e+05 8.71e+00 7.75e+01  -6.0 6.14e+02    -  6.32e-04 3.10e-04f  1
 169  7.4964402e+05 8.70e+00 7.74e+01  -6.0 6.14e+02    -  1.30e-03 6.85e-04f  1
iter    objective    inf_pr   inf_du lg(mu)  ||d||  lg(rg) alpha_du alpha_pr  ls
 170  7.4933484e+05 8.69e+00 7.73e+01  -6.0 6.14e+02    -  7.80e-04 7.04e-04f  1
 171  7.4899285e+05 8.69e+00 7.67e+01  -6.0 6.18e+02    -  8.51e-03 8.02e-04f  1
 172  7.4695370e+05 8.64e+00 7.64e+01  -6.0 5.98e+02    -  2.65e-03 4.80e-03f  1
 173  7.4613977e+05 8.63e+00 7.62e+01  -6.0 5.67e+02    -  3.68e-03 1.94e-03f  1
 174  7.4502811e+05 8.60e+00 7.57e+01  -6.0 5.20e+02    -  6.71e-03 2.78e-03f  1
 175  7.4473297e+05 8.60e+00 7.56e+01  -6.0 4.57e+02    -  1.37e-03 8.33e-04f  1
 176  7.4446745e+05 8.59e+00 7.55e+01  -6.0 4.28e+02    -  1.02e-03 7.65e-04f  1
 177  7.4367399e+05 8.57e+00 7.54e+01  -6.0 4.06e+02    -  8.81e-04 2.34e-03f  1
 178  7.4292967e+05 8.55e+00 7.50e+01  -6.0 3.00e+02    -  5.40e-03 2.26e-03f  1
 179  7.4196564e+05 8.53e+00 7.49e+01  -6.0 1.37e+02    -  2.08e-03 3.02e-03f  1
iter    objective    inf_pr   inf_du lg(mu)  ||d||  lg(rg) alpha_du alpha_pr  ls
 180  7.4140585e+05 8.51e+00 7.48e+01  -6.0 8.09e+01    -  5.16e-04 1.76e-03f  1
 181  7.4069283e+05 8.49e+00 7.47e+01  -6.0 7.05e+01    -  1.99e-03 2.61e-03f  1
 182  7.4013110e+05 8.47e+00 7.45e+01  -6.0 6.31e+01    -  2.94e-03 2.08e-03f  1
 183  7.3924714e+05 8.44e+00 7.43e+01  -6.0 6.14e+01    -  1.94e-03 3.29e-03f  1
 184  7.3773523e+05 8.39e+00 7.38e+01  -6.0 5.94e+01    -  7.39e-03 5.66e-03f  1
 185  7.3528510e+05 8.32e+00 7.35e+01  -6.0 5.43e+01    -  2.72e-03 9.23e-03f  1
 186  7.3324803e+05 8.25e+00 7.30e+01  -6.0 5.82e+01    -  7.85e-03 7.79e-03f  1
 187  7.3268603e+05 8.23e+00 7.18e+01  -6.0 5.56e+01    -  1.58e-02 2.17e-03f  1
 188  7.3197253e+05 8.21e+00 7.13e+01  -6.0 8.22e+01    -  7.22e-03 2.78e-03f  1
 189  7.3111117e+05 8.18e+00 7.11e+01  -6.0 8.28e+01    -  3.37e-03 3.52e-03f  1
iter    objective    inf_pr   inf_du lg(mu)  ||d||  lg(rg) alpha_du alpha_pr  ls
 190  7.3033365e+05 8.16e+00 7.09e+01  -6.0 8.90e+01    -  2.41e-03 3.34e-03f  1
 191  7.3014767e+05 8.15e+00 7.08e+01  -6.0 1.33e+02    -  1.97e-03 8.10e-04f  1
 192  7.3011815e+05 8.15e+00 7.07e+01  -6.0 1.01e+02    -  1.42e-03 1.36e-04h  1
 193  7.2959433e+05 8.13e+00 7.07e+01  -6.0 1.00e+02    -  2.65e-04 2.46e-03f  1
 194  7.2933347e+05 8.12e+00 7.06e+01  -6.0 1.04e+02    -  1.03e-03 1.23e-03f  1
 195  7.2924049e+05 8.11e+00 7.06e+01  -6.0 1.07e+02    -  1.49e-04 4.40e-04f  1
 196  7.2917670e+05 8.11e+00 7.05e+01  -6.0 1.05e+02    -  7.63e-04 3.01e-04f  1
 197  7.2897358e+05 8.10e+00 7.05e+01  -6.0 1.03e+02    -  4.01e-04 9.60e-04f  1
 198  7.2885615e+05 8.10e+00 7.05e+01  -6.0 1.29e+02    -  2.33e-04 5.67e-04f  1
 199  7.2844527e+05 8.08e+00 7.04e+01  -6.0 9.44e+01    -  1.15e-03 1.97e-03f  1
iter    objective    inf_pr   inf_du lg(mu)  ||d||  lg(rg) alpha_du alpha_pr  ls
 200  7.2794232e+05 8.06e+00 7.03e+01  -6.0 9.59e+01    -  2.03e-03 2.42e-03f  1
 201  7.2738043e+05 8.04e+00 7.01e+01  -6.0 9.33e+01    -  2.37e-03 2.71e-03f  1
 202  7.2719199e+05 8.03e+00 6.98e+01  -6.0 1.03e+02    -  4.27e-03 9.13e-04f  1
 203  7.2658482e+05 8.01e+00 6.97e+01  -6.0 1.03e+02    -  1.16e-03 2.95e-03f  1
 204  7.2617513e+05 7.99e+00 6.97e+01  -6.0 1.06e+02    -  4.15e-04 2.00e-03f  1
 205  7.2517901e+05 7.96e+00 6.93e+01  -6.0 1.02e+02    -  5.66e-03 4.86e-03f  1
 206  7.2492112e+05 7.95e+00 6.90e+01  -6.0 1.41e+02    -  3.60e-03 1.26e-03f  1
 207  7.2480730e+05 7.94e+00 6.90e+01  -6.0 1.00e+02    -  1.10e-03 5.59e-04f  1
 208  7.2441296e+05 7.93e+00 6.89e+01  -6.0 9.90e+01    -  5.80e-04 2.01e-03f  1
 209  7.2433687e+05 7.92e+00 6.87e+01  -6.0 9.96e+01    -  3.40e-03 4.06e-04f  1
iter    objective    inf_pr   inf_du lg(mu)  ||d||  lg(rg) alpha_du alpha_pr  ls
 210  7.2398177e+05 7.91e+00 6.87e+01  -6.0 9.73e+01    -  3.83e-04 1.90e-03f  1
 211  7.2370924e+05 7.90e+00 6.85e+01  -6.0 8.64e+01    -  1.73e-03 1.46e-03f  1
 212  7.2346590e+05 7.88e+00 6.80e+01  -6.0 6.68e+01    -  7.69e-03 1.35e-03f  1
 213  7.2249139e+05 7.84e+00 6.77e+01  -6.0 6.65e+01    -  4.28e-03 5.44e-03f  1
 214  7.2227881e+05 7.83e+00 6.73e+01  -6.0 7.07e+01    -  5.91e-03 1.19e-03f  1
 215  7.2116735e+05 7.78e+00 6.72e+01  -6.0 6.88e+01    -  2.32e-03 6.26e-03f  1
 216  7.2087128e+05 7.77e+00 6.68e+01  -6.0 6.68e+01    -  5.15e-03 1.68e-03f  1
 217  7.2087128e+05 7.77e+00 6.68e+01  -6.0 1.13e+04    -  1.55e-05 3.47e-08h  1
 218  7.2041297e+05 7.75e+00 6.67e+01  -6.0 6.16e+01    -  1.50e-03 2.63e-03f  1
 219  7.1997469e+05 7.73e+00 6.66e+01  -6.0 5.32e+01    -  2.64e-03 2.52e-03f  1
iter    objective    inf_pr   inf_du lg(mu)  ||d||  lg(rg) alpha_du alpha_pr  ls
 220  7.1947198e+05 7.71e+00 6.63e+01  -6.0 4.98e+01    -  3.97e-03 2.91e-03f  1
 221  7.1921283e+05 7.70e+00 6.58e+01  -6.0 4.84e+01    -  7.25e-03 1.50e-03f  1
 222  7.1842780e+05 7.66e+00 6.57e+01  -6.0 5.19e+01    -  2.07e-03 4.57e-03f  1
 223  7.1731787e+05 7.61e+00 6.50e+01  -6.0 5.15e+01    -  1.07e-02 6.49e-03f  1
 224  7.1654348e+05 7.58e+00 6.49e+01  -6.0 5.07e+01    -  7.93e-04 4.56e-03f  1
 225  7.1605802e+05 7.56e+00 6.47e+01  -6.0 5.24e+01    -  4.14e-03 2.88e-03f  1
 226  7.1519493e+05 7.52e+00 6.44e+01  -6.0 5.23e+01    -  3.58e-03 5.13e-03f  1
 227  7.1417755e+05 7.47e+00 6.43e+01  -6.0 5.23e+01    -  1.89e-03 6.08e-03f  1
 228  7.1413278e+05 7.47e+00 6.43e+01  -6.0 5.29e+01    -  7.63e-04 2.69e-04h  1
 229  7.1379457e+05 7.45e+00 6.41e+01  -6.0 5.80e+01    -  2.50e-03 2.06e-03f  1
iter    objective    inf_pr   inf_du lg(mu)  ||d||  lg(rg) alpha_du alpha_pr  ls
 230  7.1335020e+05 7.43e+00 6.38e+01  -6.0 5.79e+01    -  4.10e-03 2.74e-03f  1
 231  7.1321182e+05 7.43e+00 6.31e+01  -6.0 6.01e+01    -  1.22e-02 8.57e-04f  1
 232  7.1149065e+05 7.35e+00 6.23e+01  -6.0 6.12e+01    -  1.25e-02 1.07e-02f  1
 233  7.1073560e+05 7.31e+00 6.21e+01  -6.0 6.20e+01    -  2.68e-03 4.72e-03f  1
 234  7.1018500e+05 7.29e+00 6.17e+01  -6.0 6.03e+01    -  6.34e-03 3.48e-03f  1
 235  7.0907665e+05 7.24e+00 6.15e+01  -6.0 6.07e+01    -  3.71e-03 7.10e-03f  1
 236  7.0863536e+05 7.21e+00 6.09e+01  -6.0 6.09e+01    -  1.02e-02 2.84e-03f  1
 237  7.0834583e+05 7.20e+00 6.02e+01  -6.0 6.10e+01    -  1.13e-02 1.90e-03f  1
 238  7.0810830e+05 7.19e+00 5.95e+01  -6.0 5.98e+01    -  1.17e-02 1.57e-03f  1
 239  7.0697031e+05 7.14e+00 5.93e+01  -6.0 5.81e+01    -  2.94e-03 7.53e-03f  1
iter    objective    inf_pr   inf_du lg(mu)  ||d||  lg(rg) alpha_du alpha_pr  ls
 240  7.0387686e+05 6.99e+00 5.90e+01  -6.0 5.41e+01    -  5.49e-03 2.07e-02f  1
 241  7.0303304e+05 6.95e+00 5.88e+01  -6.0 5.37e+01    -  3.45e-03 5.76e-03f  1
 242  7.0037792e+05 6.82e+00 5.84e+01  -6.0 5.37e+01    -  6.63e-03 1.82e-02f  1
 243  6.9953982e+05 6.78e+00 5.81e+01  -6.0 5.33e+01    -  5.15e-03 5.87e-03f  1
 244  6.9871463e+05 6.74e+00 5.71e+01  -6.0 5.20e+01    -  1.75e-02 5.82e-03f  1
 245  6.9868895e+05 6.74e+00 5.66e+01  -6.0 5.11e+01    -  9.08e-03 1.82e-04h  1
 246  6.9655576e+05 6.64e+00 5.55e+01  -6.0 5.29e+01    -  1.81e-02 1.55e-02f  1
 247  6.9614913e+05 6.62e+00 5.48e+01  -6.0 4.58e+01    -  1.35e-02 3.00e-03f  1
 248  6.9585383e+05 6.60e+00 5.41e+01  -6.0 5.56e+01    -  1.36e-02 2.20e-03f  1
 249  6.9490834e+05 6.55e+00 5.39e+01  -6.0 4.83e+01    -  3.51e-03 7.08e-03f  1
iter    objective    inf_pr   inf_du lg(mu)  ||d||  lg(rg) alpha_du alpha_pr  ls
 250  6.9412956e+05 6.52e+00 5.34e+01  -6.0 4.77e+01    -  8.60e-03 5.89e-03f  1
 251  6.9329613e+05 6.47e+00 5.33e+01  -6.0 4.78e+01    -  1.84e-03 6.34e-03f  1
 252  6.9303338e+05 6.46e+00 5.17e+01  -6.0 5.28e+01    -  3.09e-02 2.10e-03f  1
 253  6.9240120e+05 6.43e+00 5.14e+01  -6.0 5.34e+01    -  5.67e-03 5.06e-03f  1
 254  6.9237652e+05 6.43e+00 5.14e+01  -6.0 5.18e+01    -  1.19e-03 1.99e-04h  1
 255  6.9213140e+05 6.41e+00 5.10e+01  -6.0 5.16e+01    -  7.61e-03 2.00e-03f  1
 256  6.9105393e+05 6.36e+00 5.08e+01  -6.0 5.04e+01    -  3.29e-03 8.81e-03f  1
 257  6.9012262e+05 6.31e+00 5.06e+01  -6.0 5.84e+01    -  3.93e-03 7.72e-03f  1
 258  6.8999652e+05 6.30e+00 4.95e+01  -6.0 5.40e+01    -  2.23e-02 1.09e-03f  1
 259  6.8951885e+05 6.28e+00 4.94e+01  -6.0 5.55e+01    -  1.80e-03 4.14e-03f  1
iter    objective    inf_pr   inf_du lg(mu)  ||d||  lg(rg) alpha_du alpha_pr  ls
 260  6.8930773e+05 6.26e+00 4.93e+01  -6.0 6.57e+01    -  1.26e-03 1.84e-03f  1
 261  6.8910285e+05 6.25e+00 4.93e+01  -6.0 8.19e+01    -  1.41e-03 1.79e-03f  1
 262  6.8891460e+05 6.24e+00 4.83e+01  -6.0 9.19e+01    -  1.98e-02 1.65e-03f  1
 263  6.8863200e+05 6.23e+00 4.83e+01  -6.0 1.06e+02    -  1.02e-03 2.48e-03f  1
 264  6.8845966e+05 6.22e+00 4.81e+01  -6.0 7.57e+01    -  2.87e-03 1.52e-03f  1
 265  6.8820766e+05 6.20e+00 4.78e+01  -6.0 6.01e+01    -  6.85e-03 2.23e-03f  1
 266  6.8791945e+05 6.19e+00 4.77e+01  -6.0 6.03e+01    -  2.87e-03 2.61e-03f  1
 267  6.8733620e+05 6.16e+00 4.76e+01  -6.0 5.54e+01    -  2.26e-03 5.28e-03f  1
 268  6.8725831e+05 6.15e+00 4.75e+01  -6.0 7.41e+01    -  2.50e-03 7.09e-04f  1
 269  6.8721931e+05 6.15e+00 4.74e+01  -6.0 4.52e+02    -  5.26e-04 3.54e-04h  1
iter    objective    inf_pr   inf_du lg(mu)  ||d||  lg(rg) alpha_du alpha_pr  ls
 270  6.8715561e+05 6.15e+00 4.74e+01  -6.0 1.09e+02    -  6.01e-04 5.81e-04h  1
 271  6.8666108e+05 6.12e+00 4.74e+01  -6.0 7.41e+01    -  6.86e-04 4.52e-03f  1
 272  6.8615365e+05 6.09e+00 4.73e+01  -6.0 6.08e+01    -  5.04e-04 4.67e-03f  1
 273  6.8608780e+05 6.09e+00 4.70e+01  -6.0 5.38e+01    -  6.36e-03 6.09e-04h  1
 274  6.8502736e+05 6.03e+00 4.70e+01  -6.0 5.16e+01    -  7.22e-04 9.83e-03f  1
 275  6.8357882e+05 5.94e+00 4.69e+01  -6.0 7.08e+01    -  9.65e-04 1.37e-02f  1
 276  6.8346504e+05 5.94e+00 4.67e+01  -6.0 6.33e+01    -  4.65e-03 1.09e-03f  1
 277  6.8328607e+05 5.93e+00 4.65e+01  -6.0 4.39e+01    -  5.49e-03 1.72e-03f  1
 278  6.8155659e+05 5.83e+00 4.64e+01  -6.0 4.51e+01    -  5.06e-04 1.66e-02f  1
 279  6.8148633e+05 5.82e+00 4.62e+01  -6.0 4.46e+01    -  4.87e-03 6.91e-04h  1
iter    objective    inf_pr   inf_du lg(mu)  ||d||  lg(rg) alpha_du alpha_pr  ls
 280  6.8119548e+05 5.81e+00 4.57e+01  -6.0 4.50e+01    -  1.20e-02 2.86e-03f  1
 281  6.8076843e+05 5.78e+00 4.55e+01  -6.0 4.70e+01    -  2.93e-03 4.23e-03f  1
 282  6.8058313e+05 5.77e+00 4.55e+01  -6.0 4.60e+01    -  4.74e-04 1.85e-03f  1
 283  6.8002146e+05 5.74e+00 4.54e+01  -6.0 3.69e+02    -  1.46e-03 5.59e-03f  1
 284  6.7985585e+05 5.73e+00 4.52e+01  -6.0 4.76e+02    -  4.43e-03 1.66e-03f  1
 285  6.7852816e+05 5.65e+00 4.51e+01  -6.0 5.30e+02    -  1.89e-03 1.33e-02f  1
 286  6.7765820e+05 5.60e+00 4.48e+01  -6.0 5.83e+02    -  5.95e-03 8.83e-03f  1
 287  6.7763236e+05 5.60e+00 4.45e+01  -6.0 5.20e+02    -  8.54e-03 2.65e-04h  1
 288  6.7711672e+05 5.57e+00 4.43e+01  -6.0 5.48e+02    -  4.09e-03 5.28e-03f  1
 289  6.7634082e+05 5.53e+00 4.40e+01  -6.0 5.15e+02    -  6.28e-03 8.00e-03f  1
iter    objective    inf_pr   inf_du lg(mu)  ||d||  lg(rg) alpha_du alpha_pr  ls
 290  6.7588813e+05 5.50e+00 4.38e+01  -6.0 4.56e+02    -  5.47e-03 4.71e-03f  1
 291  6.7489948e+05 5.45e+00 4.36e+01  -6.0 4.09e+02    -  4.88e-03 1.03e-02f  1
 292  6.7462314e+05 5.43e+00 4.35e+01  -6.0 3.52e+02    -  5.36e-04 2.93e-03f  1
 293  6.7447389e+05 5.42e+00 4.33e+01  -6.0 3.09e+02    -  4.32e-03 1.59e-03f  1
 294  6.7348930e+05 5.36e+00 4.32e+01  -6.0 2.87e+02    -  3.10e-03 1.05e-02f  1
 295  6.7332950e+05 5.35e+00 4.32e+01  -6.0 2.43e+02    -  1.11e-03 1.73e-03f  1
 296  6.7324202e+05 5.35e+00 4.31e+01  -6.0 2.43e+02    -  1.75e-03 9.47e-04f  1
 297  6.7300347e+05 5.34e+00 4.29e+01  -6.0 2.36e+02    -  4.79e-03 2.59e-03f  1
 298  6.7181544e+05 5.27e+00 4.27e+01  -6.0 2.42e+02    -  2.79e-03 1.30e-02f  1
 299  6.7157058e+05 5.25e+00 4.22e+01  -6.0 1.84e+02    -  1.37e-02 2.74e-03f  1
iter    objective    inf_pr   inf_du lg(mu)  ||d||  lg(rg) alpha_du alpha_pr  ls
 300  6.7114952e+05 5.23e+00 4.21e+01  -6.0 1.72e+02    -  1.47e-03 4.72e-03f  1

Number of Iterations....: 300

                                   (scaled)                 (unscaled)
Objective...............:   2.4602255008542288e+03    6.7114951663303364e+05
Dual infeasibility......:   4.2102872925842824e+01    1.1485663734169922e+04
Constraint violation....:   5.2272068229034030e+00    5.2272068229034030e+00
Variable bound violation:   0.0000000000000000e+00    0.0000000000000000e+00
Complementarity.........:   4.8004050553152561e-01    1.3095504990900017e+02
Overall NLP error.......:   4.2102872925842824e+01    1.1485663734169922e+04


Number of objective function evaluations             = 301
Number of objective gradient evaluations             = 301
Number of equality constraint evaluations            = 301
Number of inequality constraint evaluations          = 302
Number of equality constraint Jacobian evaluations   = 301
Number of inequality constraint Jacobian evaluations = 301
Number of Lagrangian Hessian evaluations             = 300
Total seconds in IPOPT                               = 27.366

EXIT: Maximum Number of Iterations Exceeded.

