Solver command line: ['/opt/homebrew/bin/ipopt', '/var/folders/6y/bvynbx6n3zv7z3lwg6vd724r0000gn/T/tmpu7ym248t.pyomo.nl', '-AMPL', 'tol=1e-06', 'max_iter=300', 'print_level=5', 'warm_start_init_point=yes', 'warm_start_bound_push=1e-06', 'warm_start_bound_frac=1e-06', 'warm_start_mult_bound_push=1e-06', 'mu_init=1e-06', 'least_square_init_duals=no']

Ipopt 3.14.19: tol=1e-06
max_iter=300
print_level=5
warm_start_init_point=yes
warm_start_bound_push=1e-06
warm_start_bound_frac=1e-06
warm_start_mult_bound_push=1e-06
mu_init=1e-06
least_square_init_duals=no


******************************************************************************
This program contains Ipopt, a library for large-scale nonlinear optimization.
 Ipopt is released as open source code under the Eclipse Public License (EPL).
         For more information visit https://github.com/coin-or/Ipopt
******************************************************************************

This is Ipopt version 3.14.19, running with linear solver MUMPS 5.6.2.

Number of nonzeros in equality constraint Jacobian...:    43679
Number of nonzeros in inequality constraint Jacobian.:    33080
Number of nonzeros in Lagrangian Hessian.............:    24644

Total number of variables............................:     6698
                     variables with only lower bounds:        0
                variables with lower and upper bounds:     6698
                     variables with only upper bounds:        0
Total number of equality constraints.................:     6045
Total number of inequality constraints...............:     8270
        inequality constraints with only lower bounds:        0
   inequality constraints with lower and upper bounds:        0
        inequality constraints with only upper bounds:     8270

iter    objective    inf_pr   inf_du lg(mu)  ||d||  lg(rg) alpha_du alpha_pr  ls
   0  9.0899627e+05 5.31e+02 6.43e+03  -6.0 0.00e+00    -  0.00e+00 0.00e+00   0
   1  9.0469207e+05 5.30e+02 6.42e+03  -6.0 4.78e+01   0.0 3.16e-04 1.67e-03f  1
   2  9.0262793e+05 5.29e+02 6.41e+03  -6.0 2.45e+01   0.4 1.62e-04 1.33e-03f  1
   3  8.9863800e+05 5.27e+02 6.40e+03  -6.0 4.86e+01  -0.1 4.82e-05 1.50e-03f  1
   4  8.9858806e+05 5.27e+02 6.40e+03  -6.0 1.25e+01   0.4 4.36e-04 5.26e-05f  1
   5  8.8804554e+05 5.20e+02 6.35e+03  -6.0 1.43e+01  -0.1 5.14e-04 7.16e-03f  1
   6  8.8706906e+05 5.19e+02 6.35e+03  -6.0 1.39e+01   0.3 1.17e-03 1.09e-03f  1
   7  8.8242951e+05 5.16e+02 6.33e+03  -6.0 1.65e+01  -0.2 2.85e-04 3.36e-03f  1
   8  8.8238404e+05 5.16e+02 6.33e+03  -6.0 2.36e+02  -0.6 6.40e-05 5.55e-06f  1
   9  8.7837669e+05 5.13e+02 6.31e+03  -6.0 1.72e+01  -0.2 5.30e-06 2.99e-03f  1
iter    objective    inf_pr   inf_du lg(mu)  ||d||  lg(rg) alpha_du alpha_pr  ls
  10  8.7810295e+05 5.13e+02 6.31e+03  -6.0 1.13e+02  -0.7 1.93e-04 5.69e-05f  1
  11  8.7669020e+05 5.12e+02 6.30e+03  -6.0 1.82e+01  -0.3 5.41e-04 1.07e-03f  1
  12  8.7488950e+05 5.11e+02 6.30e+03  -6.0 1.24e+02  -0.7 2.28e-05 3.52e-04f  1
  13  8.7358633e+05 5.10e+02 6.29e+03  -6.0 1.86e+01  -0.3 2.27e-03 1.01e-03f  1
  14  8.7023949e+05 5.09e+02 6.28e+03  -6.0 2.82e+01  -0.8 1.10e-03 1.44e-03f  1
  15  8.6905851e+05 5.08e+02 6.28e+03  -6.0 9.21e+01  -1.3 1.32e-03 3.54e-04f  1
  16  8.6702361e+05 5.07e+02 6.27e+03  -6.0 2.72e+01  -0.8 8.95e-03 1.19e-03f  1
  17  8.5828284e+05 4.99e+02 6.22e+03  -6.0 1.95e+01  -0.4 5.00e-04 7.37e-03f  1
  18  8.5062008e+05 4.92e+02 6.19e+03  -6.0 2.63e+01  -0.9 1.09e-02 5.11e-03f  1
  19  8.4365607e+05 4.85e+02 6.15e+03  -6.0 2.06e+01  -0.5 1.86e-03 6.74e-03f  1
iter    objective    inf_pr   inf_du lg(mu)  ||d||  lg(rg) alpha_du alpha_pr  ls
  20  8.3828605e+05 4.80e+02 6.12e+03  -6.0 2.64e+01  -0.9 3.33e-03 4.18e-03f  1
  21  8.3556584e+05 4.76e+02 6.11e+03  -6.0 2.12e+01  -0.5 2.18e-03 2.86e-03f  1
  22  8.3310901e+05 4.74e+02 6.09e+03  -6.0 2.68e+01  -1.0 1.14e-03 2.03e-03f  1
  23  8.2849750e+05 4.68e+02 6.06e+03  -6.0 2.16e+01  -0.6 2.25e-03 4.93e-03f  1
  24  8.2325520e+05 4.62e+02 6.04e+03  -6.0 2.71e+01  -1.0 8.98e-03 4.51e-03f  1
  25  8.2305160e+05 4.62e+02 6.04e+03  -6.0 2.17e+01  -0.6 5.88e-03 2.31e-04f  1
  26  8.1120409e+05 4.48e+02 5.97e+03  -6.0 2.73e+01  -1.1 4.61e-04 1.06e-02f  1
  27  8.1076815e+05 4.48e+02 5.97e+03  -6.0 2.14e+01  -0.7 4.83e-03 5.23e-04f  1
  28  8.0684430e+05 4.43e+02 5.95e+03  -6.0 2.75e+01  -1.1 4.67e-03 3.71e-03f  1
  29  7.9507960e+05 4.27e+02 5.86e+03  -6.0 2.15e+01  -0.7 5.09e-03 1.41e-02f  1
iter    objective    inf_pr   inf_du lg(mu)  ||d||  lg(rg) alpha_du alpha_pr  ls
  30  7.8290102e+05 4.12e+02 5.79e+03  -6.0 2.91e+01  -1.2 2.15e-02 1.24e-02f  1
  31  7.8230050e+05 4.11e+02 5.79e+03  -6.0 3.94e+01  -1.7 1.67e-02 5.63e-04f  1
  32  7.6616329e+05 3.91e+02 5.68e+03  -6.0 2.93e+01  -1.2 2.61e-02 1.77e-02f  1
  33  7.5952891e+05 3.83e+02 5.64e+03  -6.0 3.15e+01  -1.7 1.49e-02 7.19e-03f  1
  34  7.5764530e+05 3.80e+02 5.63e+03  -6.0 4.33e+01  -2.2 1.39e-02 2.11e-03f  1
  35  7.5649413e+05 3.79e+02 5.62e+03  -6.0 3.14e+01  -1.8 6.44e-03 1.46e-03f  1
  36  7.5238102e+05 3.74e+02 5.60e+03  -6.0 4.36e+01  -2.2 6.62e-03 4.98e-03f  1
  37  7.4283823e+05 3.62e+02 5.53e+03  -6.0 6.54e+01  -2.7 4.69e-03 1.16e-02f  1
  38  7.3990455e+05 3.59e+02 5.51e+03  -6.0 6.84e+02  -3.2 2.50e-03 3.78e-03f  1
  39  7.3406049e+05 3.53e+02 5.47e+03  -6.0 3.35e+02    -  2.18e-02 7.69e-03f  1
iter    objective    inf_pr   inf_du lg(mu)  ||d||  lg(rg) alpha_du alpha_pr  ls
  40  7.2729149e+05 3.44e+02 5.41e+03  -6.0 4.35e+02    -  7.68e-03 1.01e-02f  1
  41  7.2181476e+05 3.36e+02 5.36e+03  -6.0 4.92e+02    -  1.86e-02 9.13e-03f  1
  42  7.1695583e+05 3.28e+02 5.31e+03  -6.0 4.01e+02    -  3.13e-03 9.26e-03f  1
  43  7.1371565e+05 3.22e+02 5.28e+03  -6.0 3.84e+02    -  6.62e-03 6.94e-03f  1
  44  7.1371151e+05 3.22e+02 5.28e+03  -6.0 5.33e+01  -3.7 4.01e-03 9.65e-06h  1
  45  7.1095338e+05 3.17e+02 5.24e+03  -6.0 3.33e+02    -  5.97e-04 6.53e-03f  1
  46  7.1094695e+05 3.17e+02 5.24e+03  -6.0 7.31e+01  -4.2 1.42e-02 1.60e-05h  1
  47  7.0922872e+05 3.13e+02 5.22e+03  -6.0 3.06e+02    -  1.40e-03 4.55e-03f  1
  48  7.0851890e+05 3.12e+02 5.21e+03  -6.0 5.77e+02  -4.6 8.59e-03 1.94e-03f  1
  49  7.0851403e+05 3.12e+02 5.21e+03  -6.0 3.22e+01  -2.4 3.48e-02 1.50e-05h  1
iter    objective    inf_pr   inf_du lg(mu)  ||d||  lg(rg) alpha_du alpha_pr  ls
  50  7.0371900e+05 2.99e+02 5.13e+03  -6.0 3.19e+01  -2.9 3.43e-02 1.55e-02f  1
  51  6.9394865e+05 2.71e+02 4.94e+03  -6.0 2.78e+02    -  1.23e-02 3.61e-02f  1
  52  6.9394847e+05 2.71e+02 4.94e+03  -6.0 7.03e+01  -3.4 9.57e-04 8.41e-07h  1
  53  6.9384805e+05 2.71e+02 4.94e+03  -6.0 1.39e+02    -  9.51e-04 4.55e-04f  1
  54  6.9044507e+05 2.59e+02 4.86e+03  -6.0 2.54e+01  -2.9 1.82e-02 1.60e-02f  1
  55  6.8784828e+05 2.50e+02 4.80e+03  -6.0 1.56e+02    -  2.08e-02 1.30e-02f  1
  56  6.8523013e+05 2.40e+02 4.73e+03  -6.0 2.06e+02    -  4.80e-03 1.42e-02f  1
  57  6.8422836e+05 2.37e+02 4.70e+03  -6.0 5.01e+01  -3.4 2.18e-03 5.80e-03f  1
  58  6.8402933e+05 2.36e+02 4.70e+03  -6.0 1.12e+03    -  1.60e-08 1.18e-03f  1
  59  6.8402372e+05 2.36e+02 4.70e+03  -6.0 1.08e+04  -3.9 3.43e-10 3.46e-05f  1
iter    objective    inf_pr   inf_du lg(mu)  ||d||  lg(rg) alpha_du alpha_pr  ls
  60  6.8401935e+05 2.36e+02 4.70e+03  -6.0 1.84e+04  -4.4 7.61e-11 2.55e-05f  1
  61  6.8401548e+05 2.36e+02 4.70e+03  -6.0 1.62e+04    -  6.63e-11 2.26e-05f  1
  62  6.8401319e+05 2.36e+02 4.70e+03  -6.0 2.49e+04    -  7.45e-11 1.37e-05f  1
  63  6.8400883e+05 2.36e+02 4.70e+03  -6.0 4.47e+03    -  4.19e-10 2.58e-05f  1
  64  6.8400408e+05 2.36e+02 4.70e+03  -6.0 4.02e+03    -  1.46e-09 2.83e-05f  1
  65  6.8399910e+05 2.36e+02 4.70e+03  -6.0 1.11e+03    -  4.98e-09 2.96e-05f  1
  66  6.8399415e+05 2.36e+02 4.70e+03  -6.0 1.23e+03    -  1.65e-08 2.95e-05f  1
  67  6.8398919e+05 2.36e+02 4.70e+03  -6.0 2.72e+02    -  5.57e-08 2.95e-05f  1
  68  6.8398426e+05 2.36e+02 4.70e+03  -6.0 4.27e+02    -  1.87e-07 2.93e-05f  1
  69  6.8397931e+05 2.36e+02 4.70e+03  -6.0 2.80e+01    -  6.50e-07 2.95e-05f  1
iter    objective    inf_pr   inf_du lg(mu)  ||d||  lg(rg) alpha_du alpha_pr  ls
  70  6.8397426e+05 2.36e+02 4.70e+03  -6.0 1.82e+02    -  2.26e-06 3.01e-05f  1
  71  6.8396847e+05 2.36e+02 4.70e+03  -6.0 6.04e+01    -  9.60e-06 3.45e-05f  1
  72  6.8395935e+05 2.36e+02 4.70e+03  -6.0 1.03e+02    -  5.87e-05 5.43e-05f  1
  73  6.8392060e+05 2.35e+02 4.69e+03  -6.0 7.55e+01    -  2.62e-02 2.31e-04f  1
  74  6.8086035e+05 2.23e+02 4.60e+03  -6.0 8.01e+01    -  9.21e-03 1.94e-02f  1
  75  6.7868884e+05 2.14e+02 4.53e+03  -6.0 7.54e+01    -  6.22e-03 1.50e-02f  1
  76  6.7481253e+05 1.97e+02 4.41e+03  -6.0 7.25e+01    -  1.31e-02 2.81e-02f  1
  77  6.7452775e+05 1.96e+02 4.40e+03  -6.0 6.64e+01    -  2.12e-02 2.19e-03f  1
  78  6.7334373e+05 1.91e+02 4.36e+03  -6.0 4.61e+01    -  1.04e-02 9.37e-03f  1
  79  6.7203523e+05 1.85e+02 4.31e+03  -6.0 2.50e+01    -  4.15e-03 1.07e-02f  1
iter    objective    inf_pr   inf_du lg(mu)  ||d||  lg(rg) alpha_du alpha_pr  ls
  80  6.6995382e+05 1.75e+02 4.23e+03  -6.0 2.54e+01    -  1.12e-02 1.74e-02f  1
  81  6.6967013e+05 1.74e+02 4.22e+03  -6.0 2.60e+01    -  5.53e-03 2.43e-03f  1
  82  6.6919802e+05 1.72e+02 4.21e+03  -6.0 2.60e+01    -  2.72e-03 4.07e-03f  1
  83  6.6805112e+05 1.67e+02 4.16e+03  -6.0 2.62e+01    -  2.53e-02 9.97e-03f  1
  84  6.6501456e+05 1.53e+02 4.05e+03  -6.0 2.65e+01    -  7.29e-02 2.73e-02f  1
  85  6.6264201e+05 1.42e+02 3.96e+03  -6.0 2.76e+01    -  3.64e-03 2.30e-02f  1
  86  6.5930150e+05 1.27e+02 3.82e+03  -6.0 2.93e+01    -  4.77e-02 3.45e-02f  1
  87  6.5920748e+05 1.27e+02 3.81e+03  -6.0 3.20e+01    -  2.04e-02 1.08e-03h  1
  88  6.5870730e+05 1.24e+02 3.79e+03  -6.0 3.21e+01    -  1.68e-02 5.79e-03f  1
  89  6.5828243e+05 1.22e+02 3.77e+03  -6.0 3.26e+01    -  6.21e-03 4.98e-03f  1
iter    objective    inf_pr   inf_du lg(mu)  ||d||  lg(rg) alpha_du alpha_pr  ls
  90  6.5823417e+05 1.22e+02 3.77e+03  -6.0 3.30e+01    -  4.74e-04 5.75e-04h  1
  91  6.5667156e+05 1.15e+02 3.70e+03  -6.0 3.30e+01    -  2.03e-03 1.85e-02f  1
  92  6.5576156e+05 1.11e+02 3.66e+03  -6.0 3.45e+01    -  1.89e-02 1.10e-02f  1
  93  6.5467466e+05 1.06e+02 3.61e+03  -6.0 3.54e+01    -  1.18e-02 1.34e-02f  1
  94  6.5206777e+05 9.37e+01 3.49e+03  -6.0 2.67e+01  -3.0 3.38e-02 3.42e-02f  1
  95  6.5203015e+05 9.35e+01 3.48e+03  -6.0 7.81e+02  -3.5 7.63e-04 4.84e-04h  1
  96  6.5188947e+05 9.29e+01 3.48e+03  -6.0 2.73e+01  -3.1 2.96e-03 1.95e-03h  1
  97  6.4855587e+05 7.76e+01 3.31e+03  -6.0 2.52e+01  -2.7 1.40e-02 4.85e-02f  1
  98  6.4662246e+05 6.94e+01 3.21e+03  -6.0 2.77e+01  -3.1 1.09e-02 2.88e-02f  1
  99  6.4630975e+05 6.82e+01 3.20e+03  -6.0 3.73e+01    -  1.12e-02 4.64e-03h  1
iter    objective    inf_pr   inf_du lg(mu)  ||d||  lg(rg) alpha_du alpha_pr  ls
 100  6.4559038e+05 6.53e+01 3.16e+03  -6.0 3.76e+01    -  1.68e-02 1.08e-02f  1
 101  6.4418370e+05 5.97e+01 3.09e+03  -6.0 3.84e+01    -  7.64e-02 2.15e-02f  1
 102  6.4193813e+05 5.10e+01 2.98e+03  -6.0 4.00e+01    -  1.09e-02 3.65e-02f  1
 103  6.4085272e+05 4.68e+01 2.92e+03  -6.0 4.26e+01    -  3.14e-03 1.88e-02f  1
 104  6.3967933e+05 4.24e+01 2.86e+03  -6.0 4.37e+01    -  1.04e-02 2.09e-02f  1
 105  6.3907390e+05 4.01e+01 2.83e+03  -6.0 4.51e+01    -  3.32e-02 1.12e-02f  1
 106  6.3879028e+05 3.91e+01 2.81e+03  -6.0 4.57e+01    -  6.41e-03 5.37e-03h  1
 107  6.3809546e+05 3.65e+01 2.78e+03  -6.0 4.61e+01    -  1.52e-02 1.33e-02f  1
 108  6.3662606e+05 3.12e+01 2.69e+03  -6.0 4.68e+01    -  1.41e-02 2.88e-02f  1
 109  6.3494880e+05 2.53e+01 2.60e+03  -6.0 4.82e+01    -  1.27e-02 3.46e-02f  1
iter    objective    inf_pr   inf_du lg(mu)  ||d||  lg(rg) alpha_du alpha_pr  ls
 110  6.3437586e+05 2.33e+01 2.57e+03  -6.0 4.93e+01    -  2.05e-02 1.26e-02f  1
 111  6.3329767e+05 1.97e+01 2.51e+03  -6.0 4.89e+01    -  5.94e-03 2.41e-02f  1
 112  6.3254203e+05 1.72e+01 2.46e+03  -6.0 4.87e+01    -  2.44e-02 1.75e-02f  1
 113  6.3182600e+05 1.48e+01 2.42e+03  -6.0 4.71e+01    -  3.20e-02 1.70e-02f  1
 114  6.3093112e+05 1.20e+01 2.37e+03  -6.0 4.56e+01    -  4.77e-02 2.20e-02f  1
 115  6.2922226e+05 8.16e+00 2.26e+03  -6.0 4.67e+01    -  8.96e-03 4.40e-02f  1
 116  6.2830508e+05 7.96e+00 2.21e+03  -6.0 4.96e+01    -  8.26e-02 2.52e-02f  1
 117  6.2718261e+05 7.70e+00 2.13e+03  -6.0 4.92e+01    -  2.52e-02 3.23e-02f  1
 118  6.2707303e+05 7.68e+00 2.13e+03  -6.0 4.95e+01    -  1.05e-02 3.31e-03h  1
 119  6.2638109e+05 7.52e+00 2.08e+03  -6.0 4.92e+01    -  3.75e-02 2.09e-02f  1
iter    objective    inf_pr   inf_du lg(mu)  ||d||  lg(rg) alpha_du alpha_pr  ls
 120  6.2587711e+05 7.40e+00 2.05e+03  -6.0 4.77e+01    -  3.52e-02 1.58e-02h  1
 121  6.2526474e+05 7.25e+00 2.01e+03  -6.0 4.57e+01    -  6.47e-02 1.97e-02f  1
 122  6.2262974e+05 6.61e+00 1.83e+03  -6.0 4.18e+01    -  2.96e-02 8.81e-02f  1
 123  6.2174386e+05 6.39e+00 1.77e+03  -6.0 3.79e+01    -  3.33e-02 3.34e-02f  1
 124  6.2057785e+05 6.10e+00 1.69e+03  -6.0 3.63e+01    -  1.59e-02 4.60e-02f  1
 125  6.2015922e+05 5.99e+00 1.66e+03  -6.0 3.45e+01    -  8.92e-03 1.74e-02h  1
 126  6.1869333e+05 5.62e+00 1.56e+03  -6.0 3.38e+01    -  4.67e-02 6.18e-02f  1
 127  6.1840918e+05 5.55e+00 1.54e+03  -6.0 3.13e+01    -  1.08e-02 1.31e-02h  1
 128  6.1742501e+05 5.29e+00 1.47e+03  -6.0 3.08e+01    -  3.18e-03 4.64e-02f  1
 129  6.1728241e+05 5.25e+00 1.46e+03  -6.0 3.21e+01    -  8.34e-03 7.09e-03h  1
iter    objective    inf_pr   inf_du lg(mu)  ||d||  lg(rg) alpha_du alpha_pr  ls
 130  6.1708874e+05 5.20e+00 1.44e+03  -6.0 3.25e+01    -  3.16e-02 9.74e-03h  1
 131  6.1647361e+05 5.04e+00 1.40e+03  -6.0 3.32e+01    -  1.24e-03 3.14e-02h  1
 132  6.1615367e+05 4.96e+00 1.37e+03  -6.0 5.99e+02    -  5.84e-04 1.65e-02h  1
 133  6.1614714e+05 4.95e+00 1.37e+03  -6.0 2.54e+01  -3.6 2.79e-02 3.90e-04h  1
 134  6.1560555e+05 4.80e+00 1.33e+03  -6.0 2.94e+01  -4.1 1.53e-02 3.15e-02h  1
 135  6.1533612e+05 4.72e+00 1.31e+03  -6.0 7.96e+01  -4.6 1.48e-02 1.61e-02h  1
 136  6.1518770e+05 4.68e+00 1.30e+03  -6.0 2.43e+02  -5.0 7.66e-03 8.87e-03h  1
 137  6.1517759e+05 4.68e+00 1.30e+03  -6.0 2.43e+04    -  5.64e-04 1.64e-04h  1
 138  6.1499951e+05 4.63e+00 1.28e+03  -6.0 6.08e+02    -  4.15e-03 1.03e-02h  1
 139  6.1486997e+05 4.59e+00 1.27e+03  -6.0 3.40e+02    -  1.04e-02 7.79e-03h  1
iter    objective    inf_pr   inf_du lg(mu)  ||d||  lg(rg) alpha_du alpha_pr  ls
 140  6.1459962e+05 4.52e+00 1.25e+03  -6.0 2.73e+02    -  8.04e-03 1.66e-02h  1
 141  6.1452447e+05 4.50e+00 1.25e+03  -6.0 2.02e+02    -  3.72e-03 4.74e-03h  1
 142  6.1424927e+05 4.42e+00 1.22e+03  -6.0 1.86e+02    -  4.84e-04 1.75e-02h  1
 143  6.1411405e+05 4.38e+00 1.21e+03  -6.0 1.60e+02    -  3.26e-03 8.31e-03h  1
 144  6.1361857e+05 4.25e+00 1.18e+03  -6.0 9.56e+01    -  1.50e-03 3.09e-02h  1
 145  6.1356370e+05 4.23e+00 1.17e+03  -6.0 8.93e+01    -  2.24e-02 3.54e-03h  1
 146  6.1341381e+05 4.19e+00 1.16e+03  -6.0 7.31e+01    -  8.86e-03 9.81e-03h  1
 147  6.1325526e+05 4.14e+00 1.15e+03  -6.0 6.65e+01    -  1.62e-02 1.06e-02h  1
 148  6.1307640e+05 4.09e+00 1.13e+03  -6.0 6.06e+01    -  1.87e-02 1.21e-02f  1
 149  6.1285067e+05 4.03e+00 1.12e+03  -6.0 5.58e+01    -  7.66e-03 1.55e-02h  1
iter    objective    inf_pr   inf_du lg(mu)  ||d||  lg(rg) alpha_du alpha_pr  ls
 150  6.1225351e+05 3.86e+00 1.07e+03  -6.0 5.67e+01    -  2.45e-02 4.18e-02h  1
 151  6.1191765e+05 3.77e+00 1.04e+03  -6.0 5.93e+01    -  3.38e-02 2.47e-02h  1
 152  6.1184591e+05 3.75e+00 1.04e+03  -6.0 6.06e+01    -  2.81e-02 5.47e-03h  1
 153  6.1139399e+05 3.62e+00 1.00e+03  -6.0 6.05e+01    -  1.54e-02 3.50e-02h  1
 154  6.1136588e+05 3.61e+00 1.00e+03  -6.0 6.23e+01    -  3.10e-02 2.27e-03h  1
 155  6.1098877e+05 3.50e+00 9.69e+02  -6.0 5.90e+01    -  6.60e-03 3.08e-02h  1
 156  6.1091592e+05 3.47e+00 9.63e+02  -6.0 6.09e+01    -  5.24e-03 6.52e-03h  1
 157  6.1085701e+05 3.45e+00 9.58e+02  -6.0 6.14e+01    -  1.52e-02 5.30e-03f  1
 158  6.1067102e+05 3.40e+00 9.42e+02  -6.0 6.19e+01    -  2.23e-03 1.69e-02h  1
 159  6.1035285e+05 3.30e+00 9.14e+02  -6.0 6.35e+01    -  7.10e-03 2.97e-02h  1
iter    objective    inf_pr   inf_du lg(mu)  ||d||  lg(rg) alpha_du alpha_pr  ls
 160  6.1025764e+05 3.27e+00 9.05e+02  -6.0 6.62e+01    -  8.33e-03 9.15e-03h  1
 161  6.1008135e+05 3.21e+00 8.90e+02  -6.0 6.70e+01    -  1.19e-02 1.71e-02h  1
 162  6.0954996e+05 3.04e+00 8.43e+02  -6.0 6.86e+01    -  2.09e-03 5.25e-02h  1
 163  6.0922524e+05 2.94e+00 8.15e+02  -6.0 7.37e+01    -  1.23e-02 3.34e-02h  1
 164  6.0877392e+05 2.80e+00 7.76e+02  -6.0 7.83e+01    -  6.32e-02 4.76e-02h  1
 165  6.0847506e+05 2.71e+00 7.51e+02  -6.0 8.52e+01    -  3.78e-03 3.30e-02h  1
 166  6.0828904e+05 2.65e+00 7.35e+02  -6.0 8.95e+01    -  7.18e-02 2.14e-02h  1
 167  6.0773711e+05 2.48e+00 6.87e+02  -6.0 9.23e+01    -  2.32e-02 6.56e-02h  1
 168  6.0744753e+05 2.38e+00 6.61e+02  -6.0 1.00e+02    -  2.50e-02 3.74e-02h  1
 169  6.0726050e+05 2.32e+00 6.44e+02  -6.0 1.04e+02    -  7.49e-03 2.52e-02h  1
iter    objective    inf_pr   inf_du lg(mu)  ||d||  lg(rg) alpha_du alpha_pr  ls
 170  6.0703989e+05 2.25e+00 6.25e+02  -6.0 1.06e+02    -  4.78e-02 3.06e-02h  1
 171  6.0674840e+05 2.16e+00 5.98e+02  -6.0 1.07e+02    -  9.55e-02 4.22e-02h  1
 172  6.0664340e+05 2.12e+00 5.89e+02  -6.0 1.08e+02    -  1.18e-01 1.62e-02h  1
 173  6.0653344e+05 2.08e+00 5.78e+02  -6.0 1.09e+02    -  2.82e-02 1.78e-02h  1
 174  6.0633238e+05 2.01e+00 5.59e+02  -6.0 1.11e+02    -  4.87e-02 3.34e-02h  1
 175  6.0602646e+05 1.91e+00 5.29e+02  -6.0 1.14e+02    -  3.62e-02 5.29e-02h  1
 176  6.0585888e+05 1.85e+00 5.13e+02  -6.0 1.20e+02    -  2.19e-02 3.06e-02h  1
 177  6.0568830e+05 1.79e+00 4.97e+02  -6.0 1.24e+02    -  3.93e-02 3.23e-02h  1
 178  6.0548020e+05 1.72e+00 4.76e+02  -6.0 1.28e+02    -  3.74e-02 4.12e-02h  1
 179  6.0545104e+05 1.71e+00 4.73e+02  -6.0 1.32e+02    -  3.72e-02 6.05e-03h  1
iter    objective    inf_pr   inf_du lg(mu)  ||d||  lg(rg) alpha_du alpha_pr  ls
 180  6.0537857e+05 1.68e+00 4.66e+02  -6.0 1.43e+02    -  1.24e-02 1.52e-02h  1
 181  6.0499070e+05 1.54e+00 4.27e+02  -6.0 1.45e+02    -  1.59e-02 8.32e-02h  1
 182  6.0486632e+05 1.50e+00 4.15e+02  -6.0 1.57e+02    -  4.39e-03 2.91e-02h  1
 183  6.0466415e+05 1.42e+00 3.95e+02  -6.0 1.61e+02    -  8.25e-02 4.86e-02h  1
 184  6.0455371e+05 1.38e+00 3.84e+02  -6.0 1.63e+02    -  4.19e-03 2.83e-02h  1
 185  6.0453294e+05 1.38e+00 3.82e+02  -6.0 1.66e+02    -  7.74e-03 5.38e-03h  1
 186  6.0448001e+05 1.36e+00 3.76e+02  -6.0 1.65e+02    -  1.45e-02 1.38e-02h  1
 187  6.0419609e+05 1.25e+00 3.48e+02  -6.0 1.66e+02    -  7.54e-03 7.53e-02h  1
 188  6.0415571e+05 1.24e+00 3.44e+02  -6.0 1.70e+02    -  1.41e-02 1.18e-02h  1
 189  6.0415469e+05 1.24e+00 3.44e+02  -6.0 6.35e+00  -1.9 1.51e-02 4.75e-04h  1
iter    objective    inf_pr   inf_du lg(mu)  ||d||  lg(rg) alpha_du alpha_pr  ls
 190  6.0409316e+05 1.22e+00 3.37e+02  -6.0 1.69e+02    -  4.19e-02 1.82e-02f  1
 191  6.0385413e+05 1.13e+00 3.13e+02  -6.0 1.67e+02    -  4.57e-02 7.31e-02h  1
 192  6.0384505e+05 1.12e+00 3.12e+02  -6.0 1.61e+02    -  1.75e-02 3.05e-03h  1
 193  6.0371029e+05 1.07e+00 2.98e+02  -6.0 1.60e+02    -  1.90e-02 4.57e-02f  1
 194  6.0370892e+05 1.07e+00 2.97e+02  -6.0 1.55e+02    -  1.96e-02 4.94e-04h  1
 195  6.0366947e+05 1.06e+00 2.93e+02  -6.0 1.52e+02    -  3.58e-03 1.43e-02h  1
 196  6.0366043e+05 1.05e+00 2.92e+02  -6.0 1.51e+02    -  3.82e-02 3.31e-03h  1
 197  6.0358404e+05 1.02e+00 2.84e+02  -6.0 1.45e+02    -  4.91e-03 2.83e-02h  1
 198  6.0355086e+05 1.01e+00 2.80e+02  -6.0 1.40e+02    -  8.54e-04 1.27e-02h  1
 199  6.0347582e+05 9.81e-01 2.72e+02  -6.0 1.38e+02    -  1.62e-02 2.91e-02h  1
iter    objective    inf_pr   inf_du lg(mu)  ||d||  lg(rg) alpha_du alpha_pr  ls
 200  6.0345059e+05 9.71e-01 2.69e+02  -6.0 1.32e+02    -  3.60e-04 1.03e-02h  1
 201  6.0343192e+05 9.64e-01 2.67e+02  -6.0 1.30e+02    -  7.08e-03 7.61e-03h  1
 202  6.0341215e+05 9.56e-01 2.65e+02  -6.0 1.28e+02    -  6.46e-04 8.29e-03h  1
 203  6.0333648e+05 9.26e-01 2.57e+02  -6.0 1.26e+02    -  1.07e-02 3.15e-02f  1
 204  6.0306349e+05 8.17e-01 2.27e+02  -6.0 1.32e+02    -  1.80e-02 1.18e-01h  1
 205  6.0306147e+05 8.16e-01 2.26e+02  -6.0 5.54e+00  -1.5 4.31e-03 1.53e-03h  1
 206  6.0304092e+05 8.03e-01 2.23e+02  -6.0 3.03e+00  -2.0 1.30e-03 1.54e-02f  1
 207  6.0303325e+05 7.98e-01 2.21e+02  -6.0 2.57e+00  -0.6 7.00e-03 6.93e-03h  1
 208  6.0302268e+05 7.91e-01 2.19e+02  -6.0 2.59e+00  -1.1 1.17e-02 8.77e-03h  1
 209  6.0299398e+05 7.70e-01 2.14e+02  -6.0 2.43e+00  -0.7 3.22e-03 2.62e-02h  1
iter    objective    inf_pr   inf_du lg(mu)  ||d||  lg(rg) alpha_du alpha_pr  ls
 210  6.0294364e+05 7.37e-01 2.04e+02  -6.0 2.38e+00  -1.2 9.37e-03 4.34e-02f  1
 211  6.0294257e+05 7.36e-01 2.04e+02  -6.0 2.04e+00  -0.7 3.88e-03 1.07e-03h  1
 212  6.0290667e+05 7.12e-01 1.97e+02  -6.0 2.37e+00  -1.2 2.62e-03 3.27e-02h  1
 213  6.0290434e+05 7.10e-01 1.97e+02  -6.0 2.10e+00  -0.8 1.02e-02 2.43e-03h  1
 214  6.0285855e+05 6.79e-01 1.88e+02  -6.0 2.31e+00  -1.3 8.48e-03 4.35e-02h  1
 215  6.0284547e+05 6.70e-01 1.86e+02  -6.0 2.11e+00  -0.8 3.91e-03 1.44e-02h  1
 216  6.0284352e+05 6.68e-01 1.85e+02  -6.0 2.23e+00  -1.3 3.88e-02 1.97e-03h  1
 217  6.0281279e+05 6.45e-01 1.79e+02  -6.0 2.11e+00  -0.9 5.89e-03 3.41e-02h  1
 218  6.0280964e+05 6.43e-01 1.78e+02  -6.0 2.20e+00  -1.4 3.36e-02 3.30e-03h  1
 219  6.0274607e+05 5.96e-01 1.65e+02  -6.0 2.06e+00  -0.9 9.14e-03 7.36e-02h  1
iter    objective    inf_pr   inf_du lg(mu)  ||d||  lg(rg) alpha_du alpha_pr  ls
 220  6.0271351e+05 5.74e-01 1.59e+02  -6.0 2.10e+00  -1.4 6.42e-02 3.71e-02h  1
 221  6.0265416e+05 5.29e-01 1.47e+02  -6.0 1.89e+00  -1.0 1.24e-02 7.79e-02h  1
 222  6.0265234e+05 5.28e-01 1.46e+02  -6.0 2.16e+00  -1.5 5.89e-02 2.34e-03h  1
 223  6.0263329e+05 5.14e-01 1.42e+02  -6.0 1.78e+00  -1.0 1.03e-02 2.76e-02h  1
 224  6.0257525e+05 4.74e-01 1.31e+02  -6.0 2.29e+00  -1.5 2.65e-02 7.67e-02h  1
 225  6.0255726e+05 4.60e-01 1.27e+02  -6.0 1.61e+00  -1.1 1.09e-02 2.99e-02h  1
 226  6.0244601e+05 3.82e-01 1.06e+02  -6.0 1.73e+00  -1.6 7.78e-02 1.69e-01h  1
 227  6.0239672e+05 3.41e-01 9.44e+01  -6.0 1.32e+00  -1.1 1.19e-01 1.08e-01h  1
 228  6.0235280e+05 3.12e-01 8.63e+01  -6.0 1.35e+00  -1.6 2.27e-02 8.58e-02h  1
 229  6.0233556e+05 2.98e-01 8.24e+01  -6.0 1.09e+00  -1.2 9.32e-02 4.50e-02h  1
iter    objective    inf_pr   inf_du lg(mu)  ||d||  lg(rg) alpha_du alpha_pr  ls
 230  6.0230590e+05 2.79e-01 7.73e+01  -6.0 1.28e+00  -1.7 8.01e-02 6.29e-02h  1
 231  6.0228037e+05 2.59e-01 7.16e+01  -6.0 1.00e+00  -1.2 2.14e-02 7.27e-02h  1
 232  6.0226930e+05 2.52e-01 6.98e+01  -6.0 1.40e+00  -1.7 7.24e-02 2.52e-02h  1
 233  6.0225846e+05 2.44e-01 6.75e+01  -6.0 1.04e+00  -1.3 1.21e-01 3.29e-02h  1
 234  6.0222670e+05 2.27e-01 6.27e+01  -6.0 1.54e+00  -1.8 3.04e-02 7.14e-02h  1
 235  6.0219597e+05 2.04e-01 5.65e+01  -6.0 9.54e-01  -1.3 1.31e-01 9.89e-02h  1
 236  6.0215886e+05 1.71e-01 4.72e+01  -6.0 7.98e-01  -0.9 1.36e-01 1.64e-01h  1
 237  6.0212394e+05 1.48e-01 4.09e+01  -6.0 7.60e-01  -1.4 9.72e-02 1.33e-01h  1
 238  6.0209597e+05 1.24e-01 3.44e+01  -6.0 5.99e-01  -1.0 6.23e-02 1.60e-01h  1
 239  6.0206728e+05 1.08e-01 2.99e+01  -6.0 7.61e-01  -1.4 3.99e-02 1.29e-01h  1
iter    objective    inf_pr   inf_du lg(mu)  ||d||  lg(rg) alpha_du alpha_pr  ls
 240  6.0205560e+05 9.94e-02 2.75e+01  -6.0 4.57e-01  -1.0 2.02e-02 8.09e-02h  1
 241  6.0203829e+05 9.10e-02 2.52e+01  -6.0 8.30e-01  -1.5 2.16e-02 8.51e-02h  1
 242  6.0202946e+05 8.48e-02 2.35e+01  -6.0 4.00e-01  -1.1 1.29e-01 6.84e-02h  1
 243  6.0202234e+05 8.17e-02 2.26e+01  -6.0 9.15e-01  -1.6 2.21e-01 3.62e-02h  1
 244  6.0201009e+05 7.36e-02 2.04e+01  -6.0 3.78e-01  -1.1 1.19e-01 9.95e-02h  1
 245  6.0199482e+05 6.77e-02 1.87e+01  -6.0 1.01e+00  -1.6 4.88e-01 7.97e-02h  1
 246  6.0196121e+05 4.75e-02 1.31e+01  -6.0 4.12e-01  -1.2 2.15e-01 2.98e-01h  1
 247  6.0194956e+05 4.43e-02 1.22e+01  -6.0 1.13e+00  -1.7 2.58e-01 6.77e-02h  1
 248  6.0193989e+05 3.97e-02 1.10e+01  -6.0 4.47e-01  -1.2 2.08e-01 1.04e-01h  1
 249  6.0192610e+05 3.66e-02 1.01e+01  -6.0 1.26e+00  -1.7 1.33e-01 7.90e-02h  1
iter    objective    inf_pr   inf_du lg(mu)  ||d||  lg(rg) alpha_du alpha_pr  ls
 250  6.0192027e+05 3.37e-02 9.31e+00  -6.0 2.96e-01  -1.3 9.28e-01 7.86e-02h  1
 251  6.0190334e+05 2.89e-02 8.00e+00  -6.0 6.02e-01  -1.8 1.72e-01 1.41e-01h  1
 252  6.0188886e+05 2.25e-02 6.22e+00  -6.0 2.80e-01  -1.3 2.10e-01 2.23e-01h  1
 253  6.0186952e+05 1.85e-02 5.12e+00  -6.0 6.38e-01  -1.8 1.57e-01 1.76e-01h  1
 254  6.0185896e+05 1.49e-02 4.12e+00  -6.0 2.70e-01  -1.4 1.77e-01 1.96e-01h  1
 255  6.0185072e+05 1.37e-02 3.78e+00  -6.0 6.60e-01  -1.9 8.40e-02 8.06e-02h  1
 256  6.0184089e+05 1.10e-02 3.04e+00  -6.0 2.83e-01  -1.4 2.63e-01 1.97e-01h  1
 257  6.0183508e+05 1.03e-02 2.86e+00  -6.0 7.03e-01  -1.9 9.68e-02 6.00e-02h  1
 258  6.0183155e+05 9.53e-03 2.64e+00  -6.0 2.97e-01  -1.5 2.47e-01 7.71e-02h  1
 259  6.0182903e+05 9.27e-03 2.57e+00  -6.0 7.62e-01  -2.0 2.10e-01 2.68e-02h  1
iter    objective    inf_pr   inf_du lg(mu)  ||d||  lg(rg) alpha_du alpha_pr  ls
 260  6.0182701e+05 8.85e-03 2.45e+00  -6.0 3.21e-01  -1.5 3.02e-01 4.58e-02h  1
 261  6.0181396e+05 7.63e-03 2.11e+00  -6.0 8.38e-01  -2.0 7.24e-02 1.38e-01h  1
 262  6.0180171e+05 5.45e-03 1.51e+00  -6.0 3.46e-01  -1.6 2.19e-01 2.85e-01h  1
 263  6.0179880e+05 5.27e-03 1.46e+00  -6.0 9.02e-01  -2.1 1.14e-01 3.37e-02h  1
 264  6.0179762e+05 5.11e-03 2.38e+00  -6.0 3.70e-01  -1.6 4.36e-01 3.02e-02h  1
 265  6.0178962e+05 4.61e-03 2.28e+00  -6.0 9.92e-01  -2.1 1.51e-01 9.76e-02h  1
 266  6.0178194e+05 3.63e-03 2.39e+00  -6.0 4.03e-01  -1.7 4.55e-01 2.14e-01h  1
 267  6.0177924e+05 3.50e-03 2.46e+00  -6.0 1.06e+00  -2.2 2.06e-01 3.62e-02h  1
 268  6.0177386e+05 2.94e-03 2.10e+00  -6.0 4.30e-01  -1.7 1.94e-01 1.59e-01h  1
 269  6.0177010e+05 2.79e-03 2.02e+00  -6.0 1.16e+00  -2.2 8.85e-02 5.02e-02h  1
iter    objective    inf_pr   inf_du lg(mu)  ||d||  lg(rg) alpha_du alpha_pr  ls
 270  6.0176600e+05 2.52e-03 1.78e+00  -6.0 4.69e-01  -1.8 1.31e-01 1.22e-01h  1
 271  6.0176102e+05 2.68e-03 1.79e+00  -6.0 1.27e+00  -2.3 1.87e-01 6.41e-02h  1
 272  6.0175869e+05 2.53e-03 1.66e+00  -6.0 5.15e-01  -1.8 6.58e-02 7.06e-02h  1
 273  6.0175661e+05 2.43e-03 1.62e+00  -6.0 1.40e+00  -2.3 4.69e-02 3.11e-02h  1
 274  6.0175484e+05 2.18e-03 1.52e+00  -6.0 5.67e-01  -1.9 5.13e-02 5.81e-02h  1
 275  6.0175364e+05 2.13e-03 1.54e+00  -6.0 1.49e+00  -2.4 8.09e-02 1.72e-02h  1
 276  6.0174953e+05 2.12e-03 1.32e+00  -6.0 5.26e-01  -1.9 1.01e-01 1.35e-01h  1
 277  6.0174566e+05 2.11e-03 1.30e+00  -6.0 1.35e+00  -2.4 2.18e-01 5.81e-02h  1
 278  6.0174170e+05 2.03e-03 1.11e+00  -6.0 4.00e-01  -2.0 4.36e-01 1.55e-01h  1
 279  6.0173491e+05 2.48e-03 9.52e-01  -6.0 9.23e-01  -2.5 1.47e-01 1.22e-01h  1
iter    objective    inf_pr   inf_du lg(mu)  ||d||  lg(rg) alpha_du alpha_pr  ls
 280  6.0173120e+05 2.21e-03 8.17e-01  -6.0 3.66e-01  -2.0 2.52e-01 1.53e-01h  1
 281  6.0172969e+05 1.99e-03 1.45e+00  -6.0 1.03e+00  -2.5 1.78e-01 2.82e-02h  1
 282  6.0172419e+05 1.61e-03 9.62e-01  -6.0 3.99e-01  -2.1 1.43e-01 2.30e-01h  1
 283  6.0171643e+05 1.96e-03 7.29e-01  -6.0 1.15e+00  -2.6 7.05e-02 1.48e-01h  1
 284  6.0171595e+05 1.93e-03 7.83e-01  -6.0 1.10e+01  -3.1 1.17e-02 3.93e-03h  1
 285  6.0171117e+05 7.01e-03 1.13e+00  -6.0 1.29e+00  -2.6 2.17e-01 9.21e-02f  1
 286  6.0170919e+05 4.36e-03 1.35e+00  -6.0 4.98e-01  -2.2 2.37e-01 9.05e-02h  1
 287  6.0170416e+05 4.60e-03 9.69e-01  -6.0 1.44e+00  -2.7 3.16e-02 9.63e-02h  1
 288  6.0170349e+05 4.56e-03 1.21e+00  -6.0 5.71e-01  -2.3 1.74e-01 3.10e-02h  1
 289  6.0169675e+05 4.40e-03 7.48e-01  -6.0 1.65e+00  -2.7 5.36e-02 1.30e-01h  1
iter    objective    inf_pr   inf_du lg(mu)  ||d||  lg(rg) alpha_du alpha_pr  ls
 290  6.0169464e+05 4.11e-03 8.57e-01  -6.0 6.34e-01  -2.3 1.83e-01 9.71e-02h  1
 291  6.0169047e+05 3.86e-03 9.41e-01  -6.0 1.85e+00  -2.8 1.21e-01 7.83e-02h  1
 292  6.0169014e+05 3.81e-03 1.34e+00  -6.0 7.20e-01  -2.4 2.71e-01 1.45e-02h  1
 293  6.0168404e+05 3.44e-03 9.67e-01  -6.0 2.09e+00  -2.8 6.46e-02 1.27e-01h  1
 294  6.0168180e+05 3.37e-03 9.43e-01  -6.0 1.14e+01  -3.3 1.99e-02 2.06e-02h  1
 295  6.0167883e+05 3.15e-03 1.21e+00  -6.0 2.16e+00  -2.9 1.56e-01 6.68e-02h  1
 296  6.0167621e+05 3.07e-03 1.42e+00  -6.0 6.11e+00  -3.4 6.44e-02 2.59e-02h  1
 297  6.0167362e+05 2.91e-03 1.49e+00  -6.0 2.42e+00  -2.9 9.58e-02 5.18e-02h  1
 298  6.0166692e+05 2.73e-03 1.15e+00  -6.0 6.80e+00  -3.4 1.74e-02 5.91e-02h  1
 299  6.0166631e+05 2.70e-03 1.51e+00  -6.0 2.70e+00  -3.0 1.13e-01 1.21e-02h  1
iter    objective    inf_pr   inf_du lg(mu)  ||d||  lg(rg) alpha_du alpha_pr  ls
 300  6.0166242e+05 2.60e-03 1.66e+00  -6.0 7.61e+00  -3.5 6.67e-02 3.38e-02h  1

Number of Iterations....: 300

                                   (scaled)                 (unscaled)
Objective...............:   2.2055074095995551e+03    6.0166242133875855e+05
Dual infeasibility......:   1.6554161236064919e+00    4.5159751851985101e+02
Constraint violation....:   2.6028910450310860e-03    2.6028910450310860e-03
Variable bound violation:   1.0317243059887460e-08    1.0317243059887460e-08
Complementarity.........:   1.0804555367437532e-04    2.9474827042369586e-02
Overall NLP error.......:   1.6554161236064919e+00    4.5159751851985101e+02


Number of objective function evaluations             = 301
Number of objective gradient evaluations             = 301
Number of equality constraint evaluations            = 301
Number of inequality constraint evaluations          = 302
Number of equality constraint Jacobian evaluations   = 301
Number of inequality constraint Jacobian evaluations = 301
Number of Lagrangian Hessian evaluations             = 300
Total seconds in IPOPT                               = 27.238

EXIT: Maximum Number of Iterations Exceeded.

