Solver command line: ['/opt/homebrew/bin/ipopt', '/var/folders/6y/bvynbx6n3zv7z3lwg6vd724r0000gn/T/tmpykvwtwri.pyomo.nl', '-AMPL', 'tol=1e-06', 'max_iter=300', 'print_level=5']

Ipopt 3.14.19: tol=1e-06
max_iter=300
print_level=5


******************************************************************************
This program contains Ipopt, a library for large-scale nonlinear optimization.
 Ipopt is released as open source code under the Eclipse Public License (EPL).
         For more information visit https://github.com/coin-or/Ipopt
******************************************************************************

This is Ipopt version 3.14.19, running with linear solver MUMPS 5.6.2.

Number of nonzeros in equality constraint Jacobian...:    43679
Number of nonzeros in inequality constraint Jacobian.:    33080
Number of nonzeros in Lagrangian Hessian.............:    24644

Total number of variables............................:     6698
                     variables with only lower bounds:        0
                variables with lower and upper bounds:     6698
                     variables with only upper bounds:        0
Total number of equality constraints.................:     6045
Total number of inequality constraints...............:     8270
        inequality constraints with only lower bounds:        0
   inequality constraints with lower and upper bounds:        0
        inequality constraints with only upper bounds:     8270

iter    objective    inf_pr   inf_du lg(mu)  ||d||  lg(rg) alpha_du alpha_pr  ls
   0  6.0439056e+05 5.54e+00 2.34e+01  -1.0 0.00e+00    -  0.00e+00 0.00e+00   0
   1  6.0440114e+05 5.44e+00 2.17e+01  -1.0 6.78e+00    -  3.24e-02 1.73e-02f  1
   2  6.0583110e+05 4.30e+00 5.08e+01  -1.0 5.38e+00    -  1.62e-01 2.09e-01f  1
   3  6.0671582e+05 3.24e+00 6.12e+01  -1.0 3.04e+00    -  3.15e-01 2.46e-01f  1
   4  6.0696627e+05 2.88e+00 1.46e+02  -1.0 3.14e+01    -  5.52e-02 1.11e-01f  1
   5  6.0963844e+05 6.29e-01 3.90e+02  -1.0 3.55e+00    -  4.35e-01 1.00e+00f  1
   6  6.1078282e+05 3.59e-02 1.04e+02  -1.0 2.05e+00    -  4.71e-01 1.00e+00f  1
   7  6.1216761e+05 2.31e-02 6.98e+01  -1.0 2.91e+00    -  5.06e-01 1.00e+00f  1
   8  6.1311671e+05 7.50e-02 3.68e+01  -1.0 5.73e+00    -  6.88e-01 1.00e+00f  1
   9  6.1388124e+05 1.22e-01 9.60e+00  -1.0 9.11e+00    -  1.00e+00 1.00e+00h  1
iter    objective    inf_pr   inf_du lg(mu)  ||d||  lg(rg) alpha_du alpha_pr  ls
  10  6.1406922e+05 6.68e-02 1.06e+00  -1.0 9.90e+00    -  1.00e+00 1.00e+00h  1
  11  6.1407578e+05 4.17e-04 1.20e-01  -1.0 2.95e+00    -  1.00e+00 1.00e+00h  1
  12  6.0976718e+05 9.64e-03 6.03e+01  -2.5 5.07e+00    -  5.19e-01 4.31e-01f  1
  13  6.0749359e+05 1.80e-02 8.34e+01  -2.5 7.64e+00    -  4.46e-01 3.54e-01f  1
  14  6.0525065e+05 5.65e-02 8.42e+01  -2.5 2.12e+01    -  3.33e-01 4.55e-01f  1
  15  6.0392899e+05 1.24e-01 5.27e+01  -2.5 3.53e+01    -  5.16e-01 4.18e-01f  1
  16  6.0289406e+05 1.81e-01 3.08e+01  -2.5 1.61e+01    -  6.37e-01 5.13e-01h  1
  17  6.0231420e+05 1.84e+00 1.66e+01  -2.5 1.54e+01    -  8.37e-01 5.64e-01h  1
  18  6.0209828e+05 1.88e-01 9.53e+00  -2.5 7.14e+00    -  1.00e+00 4.97e-01h  1
  19  6.0190841e+05 1.00e-02 3.09e+00  -2.5 1.80e+00    -  1.00e+00 1.00e+00h  1
iter    objective    inf_pr   inf_du lg(mu)  ||d||  lg(rg) alpha_du alpha_pr  ls
  20  6.0191451e+05 4.58e-04 1.81e-02  -2.5 1.03e+00    -  1.00e+00 1.00e+00h  1
  21  6.0170083e+05 5.14e-03 1.22e+00  -3.8 3.18e+00    -  5.50e-01 4.58e-01f  1
  22  6.0160498e+05 3.30e-02 4.32e+00  -3.8 2.22e+00    -  7.71e-01 3.63e-01h  1
  23  6.0148924e+05 1.84e-02 2.25e+00  -3.8 2.26e+00    -  7.29e-01 5.93e-01h  1
  24  6.0145153e+05 1.71e-02 2.82e+00  -3.8 1.79e+00    -  1.00e+00 4.59e-01h  1
  25  6.0142457e+05 5.85e-03 1.32e+00  -3.8 8.24e-01    -  9.86e-01 6.92e-01h  1
  26  6.0141520e+05 1.39e-03 1.25e-01  -3.8 3.06e-01    -  1.00e+00 1.00e+00h  1
  27  6.0141539e+05 2.89e-05 3.17e-04  -3.8 4.06e-02    -  1.00e+00 1.00e+00h  1
  28  6.0140378e+05 1.43e-03 9.42e-01  -5.7 8.03e-01    -  5.92e-01 3.59e-01f  1
  29  6.0139666e+05 2.25e-03 8.59e-01  -5.7 8.28e-01    -  4.21e-01 3.32e-01h  1
iter    objective    inf_pr   inf_du lg(mu)  ||d||  lg(rg) alpha_du alpha_pr  ls
  30  6.0139060e+05 2.64e-03 2.06e-01  -5.7 1.77e+00    -  2.76e-01 4.27e-01h  1
  31  6.0138995e+05 2.47e-03 9.26e-01  -5.7 2.72e+00    -  4.97e-01 8.68e-02h  1
  32  6.0138804e+05 2.48e-03 8.02e-01  -5.7 2.70e+00    -  4.12e-01 2.84e-01h  1
  33  6.0138605e+05 2.64e-03 3.80e-01  -5.7 1.94e+00    -  3.47e-01 4.41e-01h  1
  34  6.0138536e+05 2.08e-03 5.81e-01  -5.7 8.29e-01    -  1.00e+00 3.25e-01h  1
  35  6.0138462e+05 1.53e-03 2.66e-01  -5.7 4.10e-01    -  6.80e-01 5.47e-01h  1
  36  6.0138409e+05 4.98e-04 7.88e-02  -5.7 2.11e-01    -  8.03e-01 1.00e+00h  1
  37  6.0138411e+05 4.05e-06 3.26e-04  -5.7 2.59e-02    -  1.00e+00 1.00e+00h  1
  38  6.0138411e+05 1.20e-07 1.68e-06  -5.7 4.01e-03    -  1.00e+00 1.00e+00h  1
  39  6.0138392e+05 8.24e-05 4.99e-02  -7.5 1.19e-01    -  8.01e-01 7.17e-01h  1
iter    objective    inf_pr   inf_du lg(mu)  ||d||  lg(rg) alpha_du alpha_pr  ls
  40  6.0138387e+05 3.68e-05 2.70e-01  -7.5 7.40e-02    -  1.00e+00 6.77e-01h  1
  41  6.0138385e+05 1.03e-05 6.82e-04  -7.5 3.12e-02    -  1.00e+00 1.00e+00h  1
  42  6.0138385e+05 4.28e-07 7.35e-06  -7.5 6.59e-03    -  1.00e+00 1.00e+00h  1
  43  6.0138385e+05 1.59e-08 7.63e-08  -7.5 8.63e-04    -  1.00e+00 1.00e+00h  1

Number of Iterations....: 43

                                   (scaled)                 (unscaled)
Objective...............:   2.2044862438346290e+03    6.0138384731808677e+05
Dual infeasibility......:   7.6274608126873486e-08    2.0807713097011086e-05
Constraint violation....:   1.5866363137391482e-08    1.5866363137391482e-08
Variable bound violation:   9.6392477125228915e-09    9.6392477125228915e-09
Complementarity.........:   3.3610746351977786e-08    9.1690116048195391e-06
Overall NLP error.......:   7.6274608126873486e-08    2.0807713097011086e-05


Number of objective function evaluations             = 44
Number of objective gradient evaluations             = 44
Number of equality constraint evaluations            = 44
Number of inequality constraint evaluations          = 44
Number of equality constraint Jacobian evaluations   = 44
Number of inequality constraint Jacobian evaluations = 44
Number of Lagrangian Hessian evaluations             = 43
Total seconds in IPOPT                               = 3.563

EXIT: Optimal Solution Found.

