Solver command line: ['/opt/homebrew/bin/ipopt', '/var/folders/6y/bvynbx6n3zv7z3lwg6vd724r0000gn/T/tmpk00kcw6d.pyomo.nl', '-AMPL', 'tol=1e-06', 'max_iter=300', 'print_level=5']

Ipopt 3.14.19: tol=1e-06
max_iter=300
print_level=5


******************************************************************************
This program contains Ipopt, a library for large-scale nonlinear optimization.
 Ipopt is released as open source code under the Eclipse Public License (EPL).
         For more information visit https://github.com/coin-or/Ipopt
******************************************************************************

This is Ipopt version 3.14.19, running with linear solver MUMPS 5.6.2.

Number of nonzeros in equality constraint Jacobian...:   408340
Number of nonzeros in inequality constraint Jacobian.:   283144
Number of nonzeros in Lagrangian Hessian.............:   231304

Total number of variables............................:    66475
                     variables with only lower bounds:        0
                variables with lower and upper bounds:    66475
                     variables with only upper bounds:        0
Total number of equality constraints.................:    60001
Total number of inequality constraints...............:    70786
        inequality constraints with only lower bounds:        0
   inequality constraints with lower and upper bounds:        0
        inequality constraints with only upper bounds:    70786

iter    objective    inf_pr   inf_du lg(mu)  ||d||  lg(rg) alpha_du alpha_pr  ls
   0  2.3409309e+06 6.72e+01 1.00e+02  -1.0 0.00e+00    -  0.00e+00 0.00e+00   0
   1  1.9378314e+06 6.03e+01 9.03e+01  -1.0 1.58e+01    -  4.14e-02 1.02e-01f  1
   2  1.7805001e+06 5.64e+01 8.39e+01  -1.0 4.38e+02    -  1.23e-01 6.48e-02f  1
   3  1.6747301e+06 5.20e+01 7.76e+01  -1.0 4.71e+02    -  7.00e-02 7.74e-02f  1
   4  1.6033335e+06 4.82e+01 7.54e+01  -1.0 4.97e+02    -  1.87e-01 7.30e-02f  1
   5  1.5226928e+06 4.28e+01 1.22e+02  -1.0 4.98e+02    -  1.99e-01 1.14e-01f  1
   6  1.4160232e+06 3.38e+01 2.23e+02  -1.0 5.10e+02    -  2.93e-01 2.11e-01f  1
   7  1.3824294e+06 2.99e+01 2.10e+02  -1.0 4.86e+02    -  1.42e-01 1.17e-01f  1
   8  1.3337475e+06 2.35e+01 1.84e+02  -1.0 4.46e+02    -  3.94e-01 2.15e-01f  1
   9  1.2924694e+06 1.75e+01 1.28e+02  -1.0 4.44e+02    -  2.40e-01 2.52e-01f  1
iter    objective    inf_pr   inf_du lg(mu)  ||d||  lg(rg) alpha_du alpha_pr  ls
  10  1.2786661e+06 1.54e+01 1.08e+02  -1.0 4.32e+02    -  1.40e-01 1.22e-01f  1
  11  1.2659791e+06 1.34e+01 9.07e+01  -1.0 4.50e+02    -  1.29e-01 1.29e-01f  1
  12  1.2653387e+06 1.28e+01 2.42e+02  -1.0 1.02e+01   0.0 4.01e-02 4.10e-02h  1
  13  1.2654591e+06 1.25e+01 2.35e+02  -1.0 1.53e+01  -0.5 5.06e-02 2.85e-02h  1
  14  1.2657495e+06 1.23e+01 2.35e+02  -1.0 1.44e+01  -0.1 1.31e-02 1.36e-02h  1
  15  1.2661774e+06 1.21e+01 2.31e+02  -1.0 2.78e+01  -0.5 2.08e-02 1.70e-02h  1
  16  1.2679262e+06 1.16e+01 3.88e+02  -1.0 1.89e+01  -0.1 8.96e-03 4.38e-02h  1
  17  1.2684427e+06 1.14e+01 3.88e+02  -1.0 2.81e+01  -0.6 2.49e-02 1.06e-02h  1
  18  1.2717543e+06 1.09e+01 5.24e+02  -1.0 1.58e+01  -0.2 1.10e-02 4.57e-02h  1
  19  1.2739986e+06 1.06e+01 5.14e+02  -1.0 2.13e+01  -0.6 7.97e-02 3.38e-02h  1
iter    objective    inf_pr   inf_du lg(mu)  ||d||  lg(rg) alpha_du alpha_pr  ls
  20  1.2751300e+06 1.04e+01 5.13e+02  -1.0 1.85e+01  -0.2 2.29e-02 1.47e-02h  1
  21  1.2804304e+06 9.59e+00 8.74e+02  -1.0 2.28e+01  -0.7 4.42e-02 7.72e-02h  1
  22  1.2820156e+06 9.39e+00 9.33e+02  -1.0 1.98e+01  -0.3 4.18e-02 2.07e-02h  1
  23  1.2839170e+06 9.10e+00 9.03e+02  -1.0 3.45e+01  -0.7 2.68e-02 3.13e-02h  1
  24  1.2855774e+06 8.68e+00 8.62e+02  -1.0 4.41e+01  -1.2 4.19e-02 4.57e-02h  1
  25  1.2855881e+06 8.37e+00 8.31e+02  -1.0 7.30e+01  -1.7 2.84e-02 3.60e-02h  1
  26  1.2878509e+06 7.76e+00 7.70e+02  -1.0 4.28e+01  -1.3 3.72e-02 7.30e-02h  1
  27  1.2873807e+06 7.45e+00 7.39e+02  -1.0 7.54e+01  -1.7 2.97e-01 4.00e-02h  1
  28  1.2885556e+06 7.30e+00 7.25e+02  -1.0 3.69e+01  -0.4 1.18e-02 1.98e-02h  1
  29  1.2908406e+06 6.97e+00 6.92e+02  -1.0 3.99e+01  -0.9 1.34e-02 4.58e-02h  1
iter    objective    inf_pr   inf_du lg(mu)  ||d||  lg(rg) alpha_du alpha_pr  ls
  30  1.2909515e+06 6.95e+00 6.91e+02  -1.0 4.88e+01  -0.5 3.77e-02 2.06e-03h  1
  31  1.2930565e+06 6.75e+00 6.71e+02  -1.0 3.13e+01  -0.0 2.61e-03 2.91e-02h  1
  32  1.2958778e+06 6.48e+00 6.44e+02  -1.0 3.31e+01  -0.5 2.15e-02 4.07e-02h  1
  33  1.2981990e+06 6.28e+00 6.24e+02  -1.0 2.87e+01  -0.1 4.87e-02 3.09e-02h  1
  34  1.2986869e+06 6.23e+00 6.19e+02  -1.0 4.16e+01  -0.6 7.10e-02 7.78e-03h  1
  35  1.2995691e+06 6.14e+00 6.10e+02  -1.0 5.61e+01  -0.1 2.28e-02 1.48e-02h  1
  36  1.3054719e+06 5.50e+00 1.05e+03  -1.0 5.72e+01  -0.6 2.06e-03 1.03e-01h  1
  37  1.3073266e+06 5.35e+00 1.17e+03  -1.0 4.59e+01  -0.2 9.07e-02 2.82e-02h  1
  38  1.3126505e+06 4.81e+00 1.28e+03  -1.0 5.06e+01  -0.7 3.58e-02 1.00e-01h  1
  39  1.3148063e+06 4.64e+00 1.29e+03  -1.0 4.33e+01  -0.2 5.33e-02 3.54e-02h  1
iter    objective    inf_pr   inf_du lg(mu)  ||d||  lg(rg) alpha_du alpha_pr  ls
  40  1.3200438e+06 4.09e+00 1.18e+03  -1.0 4.69e+01  -0.7 1.26e-01 1.20e-01h  1
  41  1.3258574e+06 3.63e+00 1.24e+03  -1.0 3.78e+01  -0.3 1.42e-01 1.12e-01h  1
  42  1.3296196e+06 3.11e+00 1.04e+03  -1.0 4.05e+01  -0.8 3.14e-01 1.43e-01h  1
  43  1.3302220e+06 3.06e+00 1.02e+03  -1.0 3.57e+01  -0.3 1.55e-01 1.79e-02h  1
  44  1.3337332e+06 2.20e+00 1.70e+03  -1.0 4.15e+01  -0.8 4.18e-01 2.78e-01h  1
  45  1.3395319e+06 1.55e+00 2.13e+03  -1.0 2.98e+01  -0.4 3.64e-01 2.96e-01h  1
  46  1.3363614e+06 1.00e+00 1.18e+03  -1.0 2.61e+01  -0.9 4.64e-01 3.55e-01f  1
  47  1.3386535e+06 9.85e-02 1.48e+03  -1.0 1.59e+01  -0.4 9.90e-01 9.01e-01h  1
  48  1.3307034e+06 6.74e-02 1.23e+03  -1.0 6.32e+00  -0.9 1.63e-01 3.15e-01f  1
  49  1.3240563e+06 5.90e-02 1.12e+03  -1.0 1.59e+01  -1.4 1.90e-01 1.25e-01f  1
iter    objective    inf_pr   inf_du lg(mu)  ||d||  lg(rg) alpha_du alpha_pr  ls
  50  1.3165076e+06 5.40e-02 1.05e+03  -1.0 3.75e+01  -1.9 8.37e-02 8.58e-02f  1
  51  1.3124390e+06 4.90e-02 9.83e+02  -1.0 1.65e+01  -1.4 7.98e-02 9.22e-02f  1
  52  1.3093310e+06 4.69e-02 9.47e+02  -1.0 3.30e+01  -1.9 1.17e-01 4.23e-02f  1
  53  1.3047862e+06 4.18e-02 8.74e+02  -1.0 1.90e+01  -1.5 2.08e-01 1.09e-01f  1
  54  1.2998560e+06 3.88e-02 8.27e+02  -1.0 3.87e+01  -2.0 3.19e-02 7.11e-02f  1
  55  1.2974164e+06 3.79e-02 8.09e+02  -1.0 7.67e+01  -2.5 3.01e-02 2.42e-02f  1
  56  1.2944055e+06 3.62e-02 1.09e+03  -1.0 4.23e+01  -2.0 1.84e-01 4.47e-02f  1
  57  1.2886577e+06 2.99e-02 7.26e+02  -1.0 1.97e+01  -1.6 3.05e-02 1.73e-01f  1
  58  1.2816105e+06 2.66e-02 7.24e+02  -1.0 4.73e+01  -2.1 1.68e-01 1.09e-01f  1
  59  1.2780133e+06 2.57e-02 7.09e+02  -1.0 7.97e+01  -2.6 3.14e-02 3.51e-02f  1
iter    objective    inf_pr   inf_du lg(mu)  ||d||  lg(rg) alpha_du alpha_pr  ls
  60  1.2737748e+06 2.36e-02 6.64e+02  -1.0 3.93e+01  -2.1 9.98e-02 8.30e-02f  1
  61  1.2706222e+06 2.27e-02 6.53e+02  -1.0 8.55e+01  -2.6 2.66e-02 3.52e-02f  1
  62  1.2674084e+06 2.13e-02 6.32e+02  -1.0 5.03e+01  -2.2 9.80e-02 6.13e-02f  1
  63  1.2648110e+06 2.05e-02 6.15e+02  -1.0 9.23e+01  -2.7 3.49e-02 3.82e-02f  1
  64  1.2622995e+06 1.98e-02 6.78e+02  -1.0 1.27e+02  -3.1 7.02e-02 3.42e-02f  1
  65  1.2576741e+06 1.87e-02 5.72e+02  -1.0 2.06e+02  -3.6 2.78e-02 5.36e-02f  1
  66  1.2545063e+06 1.83e-02 5.70e+02  -1.0 7.72e+02  -4.1 1.46e-02 2.22e-02f  1
  67  1.2509075e+06 1.80e-02 5.61e+02  -1.0 3.25e+03  -4.6 1.37e-02 2.79e-02f  1
  68  1.2491181e+06 1.94e-02 7.43e+02  -1.0 1.90e+03    -  1.02e-01 1.72e-02f  1
  69  1.2408154e+06 2.01e-02 6.08e+02  -1.0 2.58e+02    -  9.76e-02 1.13e-01f  1
iter    objective    inf_pr   inf_du lg(mu)  ||d||  lg(rg) alpha_du alpha_pr  ls
  70  1.2313616e+06 2.10e-02 4.34e+02  -1.0 2.98e+02    -  1.20e-01 1.47e-01f  1
  71  1.2287843e+06 2.04e-02 4.30e+02  -1.0 6.60e+02    -  4.42e-03 3.38e-02f  1
  72  1.2185722e+06 2.67e-02 3.57e+02  -1.0 3.51e+02    -  1.43e-01 2.11e-01f  1
  73  1.2153159e+06 2.63e-02 3.59e+02  -1.0 6.18e+02    -  3.52e-03 3.98e-02f  1
  74  1.2136145e+06 2.59e-02 3.49e+02  -1.0 4.71e+02    -  4.90e-02 3.43e-02f  1
  75  1.2112009e+06 2.55e-02 3.48e+02  -1.0 7.90e+02    -  2.01e-02 2.82e-02f  1
  76  1.2094485e+06 2.52e-02 3.43e+02  -1.0 5.93e+02    -  3.45e-02 2.83e-02f  1
  77  1.2073839e+06 2.48e-02 3.41e+02  -1.0 7.82e+02    -  1.60e-02 2.18e-02f  1
  78  1.2034022e+06 2.63e-02 3.20e+02  -1.0 4.93e+02    -  7.59e-02 8.81e-02f  1
  79  1.1976202e+06 3.15e-02 2.96e+02  -1.0 5.15e+02    -  6.10e-02 1.32e-01f  1
iter    objective    inf_pr   inf_du lg(mu)  ||d||  lg(rg) alpha_du alpha_pr  ls
  80  1.1960733e+06 3.12e-02 2.88e+02  -1.0 5.15e+02    -  4.23e-02 3.39e-02f  1
  81  1.1943613e+06 3.07e-02 2.79e+02  -1.0 5.08e+02    -  6.20e-02 4.30e-02f  1
  82  1.1919930e+06 2.39e-02 5.35e+02  -1.0 3.34e+01  -2.3 5.71e-02 2.42e-01f  1
  83  1.1910481e+06 2.31e-02 3.52e+02  -1.0 1.17e+02  -2.8 1.10e-01 3.55e-02f  1
  84  1.1904122e+06 2.24e-02 3.38e+02  -1.0 1.32e+02  -3.3 3.99e-02 3.97e-02f  1
  85  1.1904415e+06 3.28e-02 3.47e+02  -1.0 1.88e+03    -  2.14e-03 8.70e-03f  1
  86  1.1899407e+06 3.23e-02 2.29e+02  -1.0 5.21e+02    -  1.04e-01 2.85e-02f  1
  87  1.1890225e+06 3.14e-02 2.23e+02  -1.0 5.76e+02    -  1.39e-01 3.58e-02f  1
  88  1.1861740e+06 3.21e-02 1.76e+02  -1.0 5.39e+02    -  2.28e-01 2.11e-01f  1
  89  1.1844571e+06 2.76e-02 2.83e+02  -1.0 5.68e+02    -  3.94e-01 1.78e-01f  1
iter    objective    inf_pr   inf_du lg(mu)  ||d||  lg(rg) alpha_du alpha_pr  ls
  90  1.1836636e+06 2.37e-02 4.68e+02  -1.0 5.43e+02    -  4.42e-01 1.50e-01f  1
  91  1.1832273e+06 1.54e-02 3.06e+02  -1.0 4.52e+02    -  4.22e-01 3.83e-01f  1
  92  1.1825748e+06 1.84e-02 3.88e+02  -1.0 6.15e+02    -  1.00e+00 3.35e-01f  1
  93  1.1824870e+06 6.33e-02 1.21e+02  -1.0 5.81e+02    -  1.00e+00 1.00e+00f  1
  94  1.1824311e+06 2.39e-03 2.19e-01  -1.0 1.78e+02    -  1.00e+00 1.00e+00h  1
  95  1.1824258e+06 3.91e-05 7.99e-04  -1.0 8.28e+00    -  1.00e+00 1.00e+00h  1
  96  1.1770561e+06 4.58e-03 1.18e+03  -2.5 9.31e+01    -  2.94e-01 2.09e-01f  1
  97  1.1727847e+06 9.00e-03 8.93e+02  -2.5 1.16e+02    -  1.78e-01 1.85e-01f  1
  98  1.1709872e+06 1.03e-02 9.43e+02  -2.5 1.53e+02    -  1.01e-01 8.48e-02f  1
  99  1.1681651e+06 1.99e-02 7.77e+02  -2.5 1.64e+02    -  1.43e-01 1.47e-01f  1
iter    objective    inf_pr   inf_du lg(mu)  ||d||  lg(rg) alpha_du alpha_pr  ls
 100  1.1677533e+06 1.99e-02 6.99e+02  -2.5 3.15e+02    -  3.54e-03 1.43e-02f  1
 101  1.1660252e+06 2.13e-02 5.45e+02  -2.5 2.23e+02    -  8.10e-02 9.53e-02f  1
 102  1.1643531e+06 2.13e-02 5.39e+02  -2.5 2.59e+02    -  1.11e-01 1.02e-01f  1
 103  1.1623983e+06 2.08e-02 4.37e+02  -2.5 1.91e+02    -  1.27e-01 1.33e-01f  1
 104  1.1608311e+06 1.93e-02 2.52e+02  -2.5 1.42e+02    -  8.80e-02 1.19e-01f  1
 105  1.1593678e+06 1.73e-02 3.65e+02  -2.5 8.03e+01    -  1.63e-01 1.27e-01f  1
 106  1.1564193e+06 1.35e-02 1.58e+02  -2.5 4.07e+01    -  1.57e-01 2.83e-01f  1
 107  1.1552766e+06 1.16e-02 1.76e+02  -2.5 2.12e+01    -  1.22e-01 1.36e-01f  1
 108  1.1541919e+06 9.82e-03 1.41e+02  -2.5 2.99e+01    -  1.47e-01 1.43e-01f  1
 109  1.1534733e+06 8.91e-03 2.11e+02  -2.5 5.16e+01    -  5.21e-02 9.15e-02f  1
iter    objective    inf_pr   inf_du lg(mu)  ||d||  lg(rg) alpha_du alpha_pr  ls
 110  1.1517655e+06 6.50e-03 3.42e+02  -2.5 5.67e+01    -  1.76e-01 2.70e-01f  1
 111  1.1508455e+06 4.73e-03 5.73e+02  -2.5 1.20e+00  -1.1 7.54e-02 2.73e-01f  1
 112  1.1507202e+06 4.61e-03 4.19e+02  -2.5 5.99e+01    -  1.18e-01 2.54e-02f  1
 113  1.1500257e+06 5.55e-03 1.78e+02  -2.5 5.78e+01    -  2.80e-01 1.46e-01f  1
 114  1.1493720e+06 4.97e-03 1.18e+02  -2.5 1.25e+01    -  1.88e-01 1.55e-01f  1
 115  1.1486307e+06 4.72e-03 1.38e+02  -2.5 1.59e+01    -  1.40e-01 1.94e-01f  1
 116  1.1481451e+06 4.63e-03 6.29e+01  -2.5 1.41e+02    -  2.50e-01 1.75e-01f  1
 117  1.1474182e+06 3.40e-03 1.18e+02  -2.5 6.63e+01    -  1.28e-01 2.68e-01f  1
 118  1.1471321e+06 2.94e-03 2.08e+01  -2.5 1.17e+02    -  4.07e-01 1.38e-01h  1
 119  1.1466415e+06 5.46e-03 1.98e+01  -2.5 2.32e+02    -  2.88e-01 2.71e-01f  1
iter    objective    inf_pr   inf_du lg(mu)  ||d||  lg(rg) alpha_du alpha_pr  ls
 120  1.1463450e+06 4.50e-03 5.85e+00  -2.5 1.19e+02    -  1.44e-01 2.18e-01h  1
 121  1.1458136e+06 3.76e-03 4.82e+01  -2.5 7.48e+01    -  1.82e-01 4.57e-01h  1
 122  1.1456033e+06 2.68e-03 1.63e+01  -2.5 9.73e+01    -  5.19e-01 3.30e-01h  1
 123  1.1453185e+06 5.56e-03 9.19e+00  -2.5 4.68e+01    -  7.86e-01 6.38e-01h  1
 124  1.1451433e+06 8.41e-04 8.71e-02  -2.5 1.08e+01    -  1.00e+00 1.00e+00h  1
 125  1.1451433e+06 7.29e-05 5.20e-04  -2.5 2.54e+00    -  1.00e+00 1.00e+00h  1
 126  1.1446668e+06 2.31e-03 2.86e+01  -3.8 2.20e+02    -  1.29e-01 1.95e-01f  1
 127  1.1444508e+06 2.78e-03 4.09e+00  -3.8 2.22e+02    -  1.76e-01 1.06e-01f  1
 128  1.1442725e+06 2.88e-03 7.79e+00  -3.8 3.58e+02    -  6.34e-02 9.16e-02f  1
 129  1.1441310e+06 3.07e-03 4.53e+01  -3.8 3.41e+02    -  2.49e-01 8.06e-02f  1
iter    objective    inf_pr   inf_du lg(mu)  ||d||  lg(rg) alpha_du alpha_pr  ls
 130  1.1439445e+06 1.08e-02 4.92e+01  -3.8 4.33e+02    -  1.48e-01 1.10e-01f  1
 131  1.1436776e+06 2.01e-02 3.28e+01  -3.8 3.10e+02    -  1.37e-01 1.75e-01h  1
 132  1.1436227e+06 1.93e-02 5.65e+01  -3.8 1.27e+02    -  1.83e-01 4.54e-02h  1
 133  1.1432966e+06 1.52e-02 9.13e+00  -3.8 1.47e+02    -  6.08e-02 2.73e-01h  1
 134  1.1432499e+06 1.45e-02 2.14e+01  -3.8 1.87e+02    -  1.39e-01 5.00e-02h  1
 135  1.1431144e+06 1.21e-02 8.58e+00  -3.8 2.33e+02    -  6.62e-02 1.68e-01h  1
 136  1.1430588e+06 1.12e-02 8.37e+00  -3.8 2.15e+02    -  5.97e-02 7.72e-02h  1
 137  1.1430324e+06 1.07e-02 8.20e+00  -3.8 1.72e+02    -  6.31e-02 3.86e-02h  1
 138  1.1429801e+06 9.80e-03 7.53e+00  -3.8 8.99e+01    -  9.71e-02 8.78e-02h  1
 139  1.1428953e+06 8.32e-03 5.96e+00  -3.8 1.16e+02    -  8.45e-02 1.52e-01h  1
iter    objective    inf_pr   inf_du lg(mu)  ||d||  lg(rg) alpha_du alpha_pr  ls
 140  1.1428387e+06 7.55e-03 6.71e+00  -3.8 2.45e+02    -  3.63e-02 9.87e-02h  1
 141  1.1428069e+06 7.32e-03 5.07e+00  -3.8 2.29e+02    -  1.23e-01 5.97e-02h  1
 142  1.1427174e+06 9.55e-03 4.17e+00  -3.8 2.35e+02    -  2.08e-01 1.87e-01h  1
 143  1.1426447e+06 1.17e-02 6.80e+00  -3.8 2.00e+02    -  2.82e-01 1.75e-01h  1
 144  1.1426270e+06 1.10e-02 9.99e+00  -3.8 9.10e+01    -  1.51e-01 6.51e-02h  1
 145  1.1425839e+06 9.16e-03 8.93e+00  -3.8 8.45e+01    -  2.10e-01 1.87e-01h  1
 146  1.1425597e+06 7.86e-03 1.03e+01  -3.8 6.59e+01    -  2.40e-01 1.47e-01h  1
 147  1.1425218e+06 5.65e-03 5.56e+00  -3.8 8.14e+01    -  2.04e-01 2.86e-01h  1
 148  1.1424881e+06 8.91e-03 6.76e+00  -3.8 4.17e+01    -  1.28e-01 3.63e-01h  1
 149  1.1424702e+06 4.84e-03 4.16e+00  -3.8 8.75e-01  -1.5 4.50e-01 4.73e-01h  1
iter    objective    inf_pr   inf_du lg(mu)  ||d||  lg(rg) alpha_du alpha_pr  ls
 150  1.1424680e+06 4.59e-03 4.11e+00  -3.8 8.51e+00    -  5.15e-01 5.26e-02h  1
 151  1.1424493e+06 2.20e-03 5.62e+00  -3.8 8.46e+00    -  1.00e+00 5.26e-01h  1
 152  1.1424331e+06 3.16e-03 2.50e+00  -3.8 6.12e+00    -  1.00e+00 9.65e-01h  1
 153  1.1424327e+06 2.22e-03 1.72e+00  -3.8 4.53e+00    -  1.00e+00 3.12e-01h  1
 154  1.1424318e+06 1.53e-03 1.17e-01  -3.8 3.13e+00    -  1.00e+00 1.00e+00h  1
 155  1.1424318e+06 3.28e-05 7.51e-06  -3.8 6.86e-01    -  1.00e+00 1.00e+00h  1
 156  1.1424318e+06 1.83e-07 1.23e-08  -3.8 2.41e-02    -  1.00e+00 1.00e+00h  1
 157  1.1424169e+06 4.79e-04 5.88e+00  -5.7 1.98e+01    -  3.12e-01 1.40e-01f  1
 158  1.1424067e+06 6.43e-04 4.50e+00  -5.7 3.25e+01    -  8.56e-02 1.19e-01h  1
 159  1.1423973e+06 1.15e-03 3.29e+00  -5.7 3.61e+01    -  8.42e-02 1.22e-01h  1
iter    objective    inf_pr   inf_du lg(mu)  ||d||  lg(rg) alpha_du alpha_pr  ls
 160  1.1423890e+06 1.09e-03 3.37e+00  -5.7 4.25e+01    -  1.69e-01 1.27e-01h  1
 161  1.1423774e+06 1.21e-03 2.26e+00  -5.7 7.58e+01    -  1.52e-01 2.03e-01h  1
 162  1.1423697e+06 2.56e-03 2.60e+00  -5.7 1.15e+02    -  5.54e-02 1.59e-01h  1
 163  1.1423633e+06 3.61e-03 1.86e+00  -5.7 8.05e+01    -  3.00e-01 1.66e-01h  1
 164  1.1423588e+06 5.35e-03 2.35e+00  -5.7 7.71e+01    -  2.04e-01 1.42e-01h  1
 165  1.1423497e+06 1.87e-02 6.48e-01  -5.7 6.28e+01    -  2.10e-01 3.33e-01h  1
 166  1.1423465e+06 1.97e-02 6.53e-01  -5.7 3.42e+01    -  7.21e-02 1.68e-01h  1
 167  1.1423451e+06 1.85e-02 1.20e+00  -5.7 4.71e+01    -  3.58e-01 9.41e-02h  1
 168  1.1423433e+06 1.62e-02 1.22e+00  -5.7 3.67e+01    -  1.89e-01 1.36e-01h  1
 169  1.1423399e+06 1.10e-02 8.26e-01  -5.7 1.29e+01    -  3.22e-01 3.23e-01h  1
iter    objective    inf_pr   inf_du lg(mu)  ||d||  lg(rg) alpha_du alpha_pr  ls
 170  1.1423380e+06 8.57e-03 7.60e-01  -5.7 1.25e+01    -  3.29e-01 2.53e-01h  1
 171  1.1423375e+06 7.66e-03 1.45e+00  -5.7 5.81e+00    -  4.68e-01 1.05e-01h  1
 172  1.1423352e+06 4.08e-03 4.78e-01  -5.7 5.13e+00    -  2.50e-01 4.68e-01h  1
 173  1.1423329e+06 3.60e-04 6.70e-01  -5.7 2.78e+00    -  3.44e-01 9.32e-01h  1
 174  1.1423328e+06 6.38e-04 2.23e-01  -5.7 2.37e+00    -  5.68e-01 2.45e-01h  1
 175  1.1423327e+06 4.66e-04 6.58e-02  -5.7 3.19e+00    -  8.45e-01 7.18e-01h  1
 176  1.1423327e+06 1.76e-04 2.47e-06  -5.7 2.14e+00    -  1.00e+00 1.00e+00h  1
 177  1.1423327e+06 3.41e-05 2.63e-07  -5.7 7.01e-01    -  1.00e+00 1.00e+00h  1
 178  1.1423327e+06 6.85e-09 4.72e-10  -5.7 4.74e-02    -  1.00e+00 1.00e+00h  1
 179  1.1423323e+06 1.31e-04 1.45e-02  -7.0 4.14e+00    -  3.91e-01 4.13e-01f  1
iter    objective    inf_pr   inf_du lg(mu)  ||d||  lg(rg) alpha_du alpha_pr  ls
 180  1.1423321e+06 1.29e-04 9.91e-02  -7.0 8.59e+00    -  4.17e-01 2.22e-01h  1
 181  1.1423318e+06 2.06e-04 7.49e-02  -7.0 9.59e+00    -  7.29e-01 6.22e-01h  1
 182  1.1423317e+06 1.25e-03 1.08e-01  -7.0 2.22e+01    -  4.93e-01 7.69e-01h  1
 183  1.1423316e+06 1.13e-04 2.35e-06  -7.0 1.29e+00    -  1.00e+00 1.00e+00h  1
 184  1.1423316e+06 3.89e-04 7.82e-03  -7.0 1.03e+00    -  1.00e+00 4.77e-01H  1
 185  1.1423316e+06 4.17e-04 3.33e-07  -7.0 4.37e-01    -  1.00e+00 1.00e+00f  1
 186  1.1423316e+06 1.85e-05 3.59e-08  -7.0 1.47e-01    -  1.00e+00 1.00e+00h  1
 187  1.1423316e+06 3.63e-06 1.42e-09  -7.0 4.02e-02    -  1.00e+00 1.00e+00h  1
 188  1.1423316e+06 4.68e-09 1.19e-10  -7.0 1.76e-03    -  1.00e+00 1.00e+00h  1

Number of Iterations....: 188

                                   (scaled)                 (unscaled)
Objective...............:   1.1242845193893825e+04    1.1423316226385271e+06
Dual infeasibility......:   1.1886069096853390e-10    1.2076865209863897e-08
Constraint violation....:   4.6836821088191982e-09    4.6836821088191982e-09
Variable bound violation:   1.2401500271153054e-07    1.2401500271153054e-07
Complementarity.........:   8.9474623363307063e-08    9.0910877032345333e-06
Overall NLP error.......:   8.9474623363307063e-08    9.0910877032345333e-06


Number of objective function evaluations             = 190
Number of objective gradient evaluations             = 189
Number of equality constraint evaluations            = 190
Number of inequality constraint evaluations          = 190
Number of equality constraint Jacobian evaluations   = 189
Number of inequality constraint Jacobian evaluations = 189
Number of Lagrangian Hessian evaluations             = 188
Total seconds in IPOPT                               = 144.336

EXIT: Optimal Solution Found.

