Solver command line: ['/opt/homebrew/bin/ipopt', '/var/folders/6y/bvynbx6n3zv7z3lwg6vd724r0000gn/T/tmpfjqfnyx2.pyomo.nl', '-AMPL', 'tol=1e-06', 'max_iter=300', 'print_level=5', 'warm_start_init_point=yes', 'warm_start_bound_push=1e-06', 'warm_start_bound_frac=1e-06', 'warm_start_mult_bound_push=1e-06', 'mu_init=1e-06', 'least_square_init_duals=no']

Ipopt 3.14.19: tol=1e-06
max_iter=300
print_level=5
warm_start_init_point=yes
warm_start_bound_push=1e-06
warm_start_bound_frac=1e-06
warm_start_mult_bound_push=1e-06
mu_init=1e-06
least_square_init_duals=no


******************************************************************************
This program contains Ipopt, a library for large-scale nonlinear optimization.
 Ipopt is released as open source code under the Eclipse Public License (EPL).
         For more information visit https://github.com/coin-or/Ipopt
******************************************************************************

This is Ipopt version 3.14.19, running with linear solver MUMPS 5.6.2.

Number of nonzeros in equality constraint Jacobian...:   408340
Number of nonzeros in inequality constraint Jacobian.:   283144
Number of nonzeros in Lagrangian Hessian.............:   231304

Total number of variables............................:    66475
                     variables with only lower bounds:        0
                variables with lower and upper bounds:    66475
                     variables with only upper bounds:        0
Total number of equality constraints.................:    60001
Total number of inequality constraints...............:    70786
        inequality constraints with only lower bounds:        0
   inequality constraints with lower and upper bounds:        0
        inequality constraints with only upper bounds:    70786

iter    objective    inf_pr   inf_du lg(mu)  ||d||  lg(rg) alpha_du alpha_pr  ls
   0  2.3409309e+06 5.22e+00 4.02e+01  -6.0 0.00e+00    -  0.00e+00 0.00e+00   0
   1  2.2409950e+06 4.82e+00 3.72e+01  -6.0 5.18e+00  -2.0 3.15e-02 7.54e-02f  1
   2  1.7927455e+06 2.98e+00 2.30e+01  -6.0 4.82e+00  -2.5 3.31e-01 3.83e-01f  1
   3  1.5134635e+06 1.75e+00 1.35e+01  -6.0 2.98e+00  -3.0 5.92e-01 4.13e-01f  1
   4  1.3304111e+06 9.04e-01 6.97e+00  -6.0 2.53e+00  -3.4 5.40e-01 4.83e-01f  1
   5  1.2350578e+06 4.51e-01 3.48e+00  -6.0 2.03e+00  -3.9 1.00e+00 5.01e-01f  1
   6  1.1757370e+06 1.64e-01 1.26e+00  -6.0 6.91e-01  -4.4 1.00e+00 6.37e-01f  1
   7  1.1645924e+06 1.09e-01 8.41e-01  -6.0 2.01e-01  -4.9 1.00e+00 3.33e-01f  1
   8  1.1425215e+06 9.31e-04 7.18e-03  -6.0 1.09e-01  -4.4 1.00e+00 9.91e-01f  1
   9  1.1423322e+06 2.36e-04 8.22e-06  -6.0 3.11e-01    -  1.00e+00 1.00e+00f  1
iter    objective    inf_pr   inf_du lg(mu)  ||d||  lg(rg) alpha_du alpha_pr  ls
  10  1.1423322e+06 8.34e-04 2.38e-06  -6.0 5.83e-01    -  1.00e+00 1.00e+00h  1
  11  1.1423322e+06 2.60e-05 2.14e-08  -6.0 1.04e-01    -  1.00e+00 1.00e+00h  1
  12  1.1423322e+06 1.93e-08 1.32e-10  -6.0 2.82e-03    -  1.00e+00 1.00e+00h  1
  13  1.1423320e+06 4.94e-05 6.18e-02  -7.0 3.60e-01    -  5.43e-01 3.94e-01f  1
  14  1.1423317e+06 3.00e-04 4.39e-02  -7.0 4.26e-01    -  6.20e-01 8.06e-01h  1
  15  1.1423316e+06 1.23e-03 5.26e-03  -7.0 3.39e-01    -  9.84e-01 1.00e+00h  1
  16  1.1423316e+06 2.41e-05 2.41e-07  -7.0 9.95e-02    -  1.00e+00 1.00e+00h  1
  17  1.1423316e+06 1.37e-04 2.78e-08  -7.0 1.15e-01    -  1.00e+00 1.00e+00h  1
  18  1.1423316e+06 7.57e-07 1.03e-09  -7.0 1.64e-02    -  1.00e+00 1.00e+00h  1

Number of Iterations....: 18

                                   (scaled)                 (unscaled)
Objective...............:   1.1242845193893478e+04    1.1423316226384919e+06
Dual infeasibility......:   1.0329187069996079e-09    1.0494991990651922e-07
Constraint violation....:   7.5716752467869242e-07    7.5716752467869242e-07
Variable bound violation:   1.2401500271153054e-07    1.2401500271153054e-07
Complementarity.........:   9.0045506552104657e-08    9.1490924082846748e-06
Overall NLP error.......:   7.5716752467869242e-07    9.1490924082846748e-06


Number of objective function evaluations             = 19
Number of objective gradient evaluations             = 19
Number of equality constraint evaluations            = 19
Number of inequality constraint evaluations          = 20
Number of equality constraint Jacobian evaluations   = 19
Number of inequality constraint Jacobian evaluations = 19
Number of Lagrangian Hessian evaluations             = 18
Total seconds in IPOPT                               = 22.460

EXIT: Optimal Solution Found.

