Solver command line: ['/opt/homebrew/bin/ipopt', '/var/folders/6y/bvynbx6n3zv7z3lwg6vd724r0000gn/T/tmp930xplk9.pyomo.nl', '-AMPL', 'tol=1e-06', 'max_iter=300', 'print_level=5']

Ipopt 3.14.19: tol=1e-06
max_iter=300
print_level=5


******************************************************************************
This program contains Ipopt, a library for large-scale nonlinear optimization.
 Ipopt is released as open source code under the Eclipse Public License (EPL).
         For more information visit https://github.com/coin-or/Ipopt
******************************************************************************

This is Ipopt version 3.14.19, running with linear solver MUMPS 5.6.2.

Number of nonzeros in equality constraint Jacobian...:   408340
Number of nonzeros in inequality constraint Jacobian.:   283144
Number of nonzeros in Lagrangian Hessian.............:   231304

Total number of variables............................:    66475
                     variables with only lower bounds:        0
                variables with lower and upper bounds:    66475
                     variables with only upper bounds:        0
Total number of equality constraints.................:    60001
Total number of inequality constraints...............:    70786
        inequality constraints with only lower bounds:        0
   inequality constraints with lower and upper bounds:        0
        inequality constraints with only upper bounds:    70786

iter    objective    inf_pr   inf_du lg(mu)  ||d||  lg(rg) alpha_du alpha_pr  ls
   0  2.3409309e+06 6.72e+01 1.00e+02  -1.0 0.00e+00    -  0.00e+00 0.00e+00   0
   1  2.3004257e+06 6.65e+01 9.89e+01  -1.0 2.07e+01    -  1.63e-02 1.01e-02f  1
   2  2.1964296e+06 6.48e+01 9.64e+01  -1.0 6.32e+01    -  1.46e-02 2.62e-02f  1
   3  1.9346444e+06 6.01e+01 8.99e+01  -1.0 2.19e+02    -  2.15e-02 7.16e-02f  1
   4  1.8003042e+06 5.68e+01 8.50e+01  -1.0 5.01e+02    -  4.79e-02 5.56e-02f  1
   5  1.6923428e+06 5.29e+01 7.96e+01  -1.0 5.15e+02    -  3.89e-02 6.81e-02f  1
   6  1.6320234e+06 5.01e+01 7.47e+01  -1.0 5.14e+02    -  7.54e-02 5.38e-02f  1
   7  1.5704410e+06 4.65e+01 7.73e+01  -1.0 5.01e+02    -  9.00e-02 7.12e-02f  1
   8  1.5135021e+06 4.25e+01 1.00e+02  -1.0 4.90e+02    -  2.12e-01 8.62e-02f  1
   9  1.4477875e+06 3.69e+01 1.37e+02  -1.0 4.98e+02    -  1.26e-01 1.32e-01f  1
iter    objective    inf_pr   inf_du lg(mu)  ||d||  lg(rg) alpha_du alpha_pr  ls
  10  1.4066513e+06 3.27e+01 1.41e+02  -1.0 4.67e+02    -  1.24e-01 1.15e-01f  1
  11  1.3936645e+06 3.11e+01 1.37e+02  -1.0 4.38e+02    -  5.41e-02 4.88e-02f  1
  12  1.3898866e+06 3.06e+01 1.35e+02  -1.0 4.15e+02    -  2.93e-02 1.57e-02f  1
  13  1.3588005e+06 2.65e+01 1.30e+02  -1.0 4.11e+02    -  2.32e-01 1.33e-01f  1
  14  1.3301229e+06 2.24e+01 1.14e+02  -1.0 3.95e+02    -  1.48e-01 1.57e-01f  1
  15  1.2919080e+06 1.63e+01 7.97e+01  -1.0 3.62e+02    -  1.80e-01 2.69e-01f  1
  16  1.2902101e+06 1.57e+01 7.65e+01  -1.0 7.58e+01  -2.0 9.99e-02 3.73e-02f  1
  17  1.2719644e+06 1.27e+01 6.21e+01  -1.0 3.41e+02    -  2.00e-01 1.88e-01f  1
  18  1.2706576e+06 1.25e+01 6.09e+01  -1.0 3.67e+02    -  1.04e-02 1.85e-02f  1
  19  1.2679855e+06 1.20e+01 5.84e+01  -1.0 3.60e+02    -  3.00e-02 3.66e-02f  1
iter    objective    inf_pr   inf_du lg(mu)  ||d||  lg(rg) alpha_du alpha_pr  ls
  20  1.2472549e+06 8.64e+00 3.53e+01  -1.0 3.55e+02    -  2.00e-01 2.81e-01f  1
  21  1.2445663e+06 8.18e+00 3.39e+01  -1.0 3.87e+02    -  3.26e-01 5.27e-02f  1
  22  1.2268003e+06 5.81e+00 3.56e+01  -1.0 5.13e+02    -  2.17e-01 2.89e-01f  1
  23  1.2240586e+06 5.55e+00 3.42e+01  -1.0 6.09e+02    -  3.15e-02 4.39e-02f  1
  24  1.2231590e+06 4.89e+00 8.74e+01  -1.0 2.44e+01  -1.6 5.96e-02 1.18e-01h  1
  25  1.2230301e+06 4.43e+00 7.82e+01  -1.0 1.44e+01  -1.1 6.43e-02 9.47e-02h  1
  26  1.2224230e+06 3.81e+00 7.02e+01  -1.0 3.53e+01  -1.6 3.50e-01 1.40e-01h  1
  27  1.2219703e+06 3.77e+00 6.94e+01  -1.0 2.88e+02  -2.1 3.82e-03 1.16e-02f  1
  28  1.2217218e+06 3.74e+00 6.89e+01  -1.0 1.97e+02  -2.6 8.35e-03 6.72e-03f  1
  29  1.2213024e+06 3.66e+00 6.75e+01  -1.0 1.10e+02  -2.2 1.23e-02 2.13e-02f  1
iter    objective    inf_pr   inf_du lg(mu)  ||d||  lg(rg) alpha_du alpha_pr  ls
  30  1.2210693e+06 3.65e+00 6.73e+01  -1.0 5.82e+02    -  5.55e-03 2.20e-03f  1
  31  1.2202797e+06 3.55e+00 6.53e+01  -1.0 1.15e+02  -2.6 9.55e-03 2.91e-02f  1
  32  1.2200979e+06 3.54e+00 6.52e+01  -1.0 1.07e+03    -  1.76e-03 1.67e-03f  1
  33  1.2194326e+06 3.36e+00 6.20e+01  -1.0 5.37e+01  -2.2 3.87e-02 5.21e-02f  1
  34  1.2161878e+06 3.16e+00 5.80e+01  -1.0 6.26e+02    -  4.71e-02 5.97e-02f  1
  35  1.2156569e+06 3.08e+00 5.65e+01  -1.0 1.66e+02  -2.7 6.07e-03 2.32e-02f  1
  36  1.2158930e+06 2.17e+00 1.58e+02  -1.0 2.45e+01  -1.4 8.32e-02 2.98e-01h  1
  37  1.2154777e+06 2.15e+00 1.57e+02  -1.0 5.58e+02    -  2.36e-02 5.99e-03f  1
  38  1.2147128e+06 2.12e+00 1.54e+02  -1.0 5.57e+02    -  5.61e-02 1.38e-02f  1
  39  1.2101587e+06 1.94e+00 1.29e+02  -1.0 5.71e+02    -  9.89e-02 8.81e-02f  1
iter    objective    inf_pr   inf_du lg(mu)  ||d||  lg(rg) alpha_du alpha_pr  ls
  40  1.2030537e+06 1.65e+00 9.43e+01  -1.0 6.19e+02    -  8.56e-02 1.47e-01f  1
  41  1.1979809e+06 1.44e+00 8.41e+01  -1.0 6.69e+02    -  1.47e-01 1.23e-01f  1
  42  1.1955320e+06 1.33e+00 8.04e+01  -1.0 6.70e+02    -  8.31e-02 7.89e-02f  1
  43  1.1952528e+06 1.33e+00 8.04e+01  -1.0 7.45e+04    -  4.02e-05 6.68e-05f  1
  44  1.1924281e+06 2.36e-03 3.08e+02  -1.0 2.18e+01  -1.8 3.48e-01 1.00e+00f  1
  45  1.1911149e+06 1.09e-02 4.33e+02  -1.0 4.12e+02    -  3.72e-02 4.69e-02f  1
  46  1.1882283e+06 6.86e-03 1.16e+03  -1.0 2.05e+01  -2.3 6.06e-01 5.07e-01f  1
  47  1.1880569e+06 1.25e-02 1.16e+03  -1.0 6.70e+02    -  1.53e-02 1.34e-02f  1
  48  1.1875755e+06 1.29e-02 7.67e+02  -1.0 3.95e+01  -2.8 2.52e-02 8.49e-02f  1
  49  1.1858661e+06 2.00e-02 7.26e+02  -1.0 6.08e+02    -  1.53e-01 1.40e-01f  1
iter    objective    inf_pr   inf_du lg(mu)  ||d||  lg(rg) alpha_du alpha_pr  ls
  50  1.1849231e+06 2.04e-02 9.30e+02  -1.0 6.27e+02    -  1.91e-01 1.19e-01f  1
  51  1.1834702e+06 1.79e-02 2.04e+03  -1.0 6.40e+02    -  6.15e-01 2.11e-01f  1
  52  1.1832395e+06 1.34e-02 1.35e+03  -1.0 5.18e+02    -  4.38e-01 3.75e-01f  1
  53  1.1825970e+06 1.77e-02 1.34e+03  -1.0 6.47e+02    -  9.90e-01 3.36e-01f  1
  54  1.1824898e+06 3.86e-02 3.55e+01  -1.0 4.83e+02    -  1.00e+00 1.00e+00h  1
  55  1.1824320e+06 7.31e-04 9.01e-02  -1.0 7.43e+01    -  1.00e+00 1.00e+00h  1
  56  1.1770990e+06 4.50e-03 1.17e+03  -1.7 7.82e+01    -  3.55e-01 2.52e-01f  1
  57  1.1728911e+06 8.59e-03 9.17e+02  -1.7 9.04e+01    -  2.37e-01 2.34e-01f  1
  58  1.1710899e+06 9.93e-03 1.21e+03  -1.7 1.11e+02    -  1.87e-01 1.16e-01f  1
  59  1.1677433e+06 2.30e-02 6.42e+02  -1.7 1.21e+02    -  1.81e-01 2.42e-01f  1
iter    objective    inf_pr   inf_du lg(mu)  ||d||  lg(rg) alpha_du alpha_pr  ls
  60  1.1650391e+06 1.65e-02 1.30e+02  -1.7 9.14e+00  -2.4 1.24e-01 2.83e-01f  1
  61  1.1630687e+06 1.70e-02 5.18e+01  -1.7 1.45e+02    -  2.37e-01 2.22e-01f  1
  62  1.1611993e+06 1.61e-02 1.20e+01  -1.7 9.31e+01    -  2.79e-01 2.69e-01f  1
  63  1.1596941e+06 1.31e-02 8.81e+01  -1.7 6.55e+01    -  2.40e-01 2.85e-01f  1
  64  1.1585654e+06 9.78e-03 2.88e+02  -1.7 2.73e+01    -  5.54e-01 2.96e-01f  1
  65  1.1572736e+06 5.61e-03 3.80e+02  -1.7 1.71e+01    -  8.09e-01 4.45e-01f  1
  66  1.1567732e+06 4.49e-03 3.08e+02  -1.7 8.10e-01  -1.9 1.00e+00 3.77e-01h  1
  67  1.1555888e+06 8.14e-04 6.82e-01  -1.7 5.45e+00    -  1.00e+00 1.00e+00h  1
  68  1.1556032e+06 1.56e-04 1.49e-03  -1.7 4.29e-01    -  1.00e+00 1.00e+00h  1
  69  1.1533974e+06 2.33e-03 4.03e+02  -3.8 2.64e+01    -  9.03e-02 2.34e-01f  1
iter    objective    inf_pr   inf_du lg(mu)  ||d||  lg(rg) alpha_du alpha_pr  ls
  70  1.1529721e+06 2.67e-03 4.05e+01  -3.8 4.84e+01    -  1.87e-01 5.30e-02f  1
  71  1.1512233e+06 1.58e-03 3.06e+02  -3.8 7.19e-01  -0.6 2.73e-01 4.09e-01f  1
  72  1.1506097e+06 1.69e-03 3.80e+01  -3.8 1.50e+00  -1.1 3.56e-01 1.61e-01f  1
  73  1.1494448e+06 1.25e-03 2.03e+01  -3.8 3.23e+00  -1.6 2.54e-01 2.62e-01f  1
  74  1.1481006e+06 1.60e-03 3.57e+01  -3.8 5.91e+00  -2.0 1.98e-01 2.66e-01f  1
  75  1.1476582e+06 1.60e-03 9.44e+00  -3.8 9.97e+00  -2.5 1.20e-01 8.25e-02f  1
  76  1.1473006e+06 2.65e-03 6.96e+00  -3.8 5.58e+02    -  6.61e-02 5.83e-02f  1
  77  1.1469304e+06 2.45e-03 2.81e+01  -3.8 1.33e+01  -3.0 3.01e-02 7.54e-02f  1
  78  1.1465718e+06 1.76e-02 3.26e+01  -3.8 4.75e+02    -  4.79e-02 5.99e-02f  1
  79  1.1463112e+06 3.18e-02 2.33e+01  -3.8 2.26e+02    -  6.73e-02 5.21e-02f  1
iter    objective    inf_pr   inf_du lg(mu)  ||d||  lg(rg) alpha_du alpha_pr  ls
  80  1.1460553e+06 2.92e-02 1.20e+01  -3.8 5.38e+00  -2.6 1.31e-01 7.96e-02f  1
  81  1.1459407e+06 2.90e-02 1.19e+01  -3.8 2.51e+02    -  4.70e-02 2.98e-02f  1
  82  1.1455313e+06 2.53e-02 1.81e+01  -3.8 9.11e+00  -3.0 5.31e-02 1.20e-01f  1
  83  1.1453437e+06 2.41e-02 1.95e+01  -3.8 1.36e+03    -  4.43e-02 5.04e-02f  1
  84  1.1452461e+06 2.33e-02 1.60e+01  -3.8 2.93e+02    -  1.26e-01 3.21e-02f  1
  85  1.1450148e+06 2.16e-02 1.55e+01  -3.8 6.63e+02    -  7.86e-02 7.64e-02f  1
  86  1.1448664e+06 2.04e-02 1.04e+01  -3.8 1.07e+01  -3.5 4.30e-02 5.66e-02h  1
  87  1.1446844e+06 1.90e-02 7.36e+00  -3.8 2.08e+01  -4.0 5.62e-02 6.78e-02f  1
  88  1.1444866e+06 1.75e-02 6.60e+00  -3.8 3.74e+01  -4.5 4.93e-02 7.71e-02f  1
  89  1.1443488e+06 1.65e-02 2.07e+01  -3.8 5.67e+01  -4.9 1.42e-01 5.92e-02f  1
iter    objective    inf_pr   inf_du lg(mu)  ||d||  lg(rg) alpha_du alpha_pr  ls
  90  1.1441376e+06 1.49e-02 3.22e+01  -3.8 1.59e+02  -5.4 1.56e-01 9.90e-02f  1
  91  1.1438504e+06 1.26e-02 2.18e+01  -3.8 7.48e+01  -5.0 1.21e-01 1.49e-01f  1
  92  1.1437110e+06 1.16e-02 4.37e+01  -3.8 2.83e+02  -5.5 2.16e-01 8.51e-02h  1
  93  1.1435548e+06 1.03e-02 3.65e+01  -3.8 7.12e+01  -5.1 9.60e-02 1.12e-01h  1
  94  1.1435375e+06 1.01e-02 3.62e+01  -3.8 3.40e+01  -4.6 1.73e-02 1.50e-02h  1
  95  1.1434510e+06 9.36e-03 3.98e+01  -3.8 8.66e+01  -5.1 1.23e-01 7.43e-02h  1
  96  1.1433388e+06 8.40e-03 3.08e+01  -3.8 2.19e+01  -4.7 5.98e-02 1.02e-01h  1
  97  1.1432039e+06 7.38e-03 2.15e+01  -3.8 1.21e+02  -5.2 6.97e-02 1.21e-01h  1
  98  1.1431575e+06 6.99e-03 2.32e+01  -3.8 2.71e+01  -4.7 8.01e-02 5.24e-02h  1
  99  1.1431124e+06 1.97e-02 2.06e+01  -3.8 6.20e+02  -5.2 4.18e-02 5.58e-02h  1
iter    objective    inf_pr   inf_du lg(mu)  ||d||  lg(rg) alpha_du alpha_pr  ls
 100  1.1430869e+06 1.95e-02 2.88e+01  -3.8 9.52e+02    -  1.27e-01 2.97e-02h  1
 101  1.1430004e+06 1.74e-02 2.08e+01  -3.8 5.49e+02    -  4.84e-02 1.09e-01h  1
 102  1.1429751e+06 1.67e-02 2.53e+01  -3.8 1.42e+01  -4.8 1.08e-01 3.87e-02h  1
 103  1.1428740e+06 1.38e-02 1.94e+01  -3.8 1.58e+01  -5.3 1.50e-01 1.73e-01h  1
 104  1.1427759e+06 1.11e-02 6.63e+00  -3.8 1.04e+01  -4.8 4.15e-02 1.96e-01h  1
 105  1.1427637e+06 1.09e-02 1.08e+01  -3.8 2.51e+01  -5.3 9.97e-02 2.30e-02h  1
 106  1.1427117e+06 9.62e-03 1.09e+01  -3.8 4.06e+01  -5.8 1.42e-01 1.16e-01h  1
 107  1.1426410e+06 1.17e-02 5.93e+00  -3.8 1.08e+03    -  1.01e-01 1.72e-01h  1
 108  1.1426324e+06 1.15e-02 7.66e+00  -3.8 7.59e+02    -  7.60e-02 2.74e-02h  1
 109  1.1426314e+06 1.14e-02 8.16e+00  -3.8 7.61e+02  -5.4 1.74e-02 3.05e-03h  1
iter    objective    inf_pr   inf_du lg(mu)  ||d||  lg(rg) alpha_du alpha_pr  ls
 110  1.1426120e+06 1.10e-02 1.07e+01  -3.8 7.55e+01  -5.8 1.58e-01 7.03e-02h  1
 111  1.1425882e+06 9.73e-03 1.12e+01  -3.8 1.10e+01  -4.5 1.85e-01 1.24e-01h  1
 112  1.1425694e+06 1.01e-02 8.38e+00  -3.8 1.79e+01  -5.0 5.02e-02 1.14e-01h  1
 113  1.1425594e+06 9.52e-03 6.79e+00  -3.8 1.03e+03    -  1.51e-02 6.12e-02h  1
 114  1.1425347e+06 7.67e-03 8.78e+00  -3.8 1.96e+01  -5.5 3.40e-01 1.96e-01h  1
 115  1.1425150e+06 6.33e-03 8.71e+00  -3.8 6.79e+01  -5.9 2.99e-01 1.93e-01h  1
 116  1.1424692e+06 4.57e-03 1.33e+00  -3.8 2.74e+00  -3.7 4.91e-01 6.69e-01h  1
 117  1.1424554e+06 1.14e-03 2.09e+00  -3.8 6.66e-01  -2.4 1.00e+00 7.52e-01h  1
 118  1.1424490e+06 1.01e-02 2.37e+00  -3.8 8.05e+02    -  8.68e-02 1.94e-01h  1
 119  1.1424454e+06 2.15e-02 2.20e+00  -3.8 7.68e+02    -  7.36e-02 7.60e-02h  1
iter    objective    inf_pr   inf_du lg(mu)  ||d||  lg(rg) alpha_du alpha_pr  ls
 120  1.1424411e+06 2.84e-02 1.71e+00  -3.8 2.50e+02    -  1.83e-01 1.59e-01h  1
 121  1.1424385e+06 2.76e-02 1.70e+00  -3.8 7.96e+01    -  5.42e-01 1.60e-01h  1
 122  1.1424356e+06 1.74e-02 1.38e+00  -3.8 1.28e+01    -  8.45e-01 3.74e-01h  1
 123  1.1424347e+06 1.40e-02 1.31e+00  -3.8 1.07e+01    -  1.00e+00 1.95e-01h  1
 124  1.1424318e+06 1.90e-03 1.45e-01  -3.8 6.78e+00    -  6.41e-01 1.00e+00h  1
 125  1.1424318e+06 3.03e-05 1.05e-02  -3.8 6.81e-02  -2.9 1.00e+00 1.00e+00h  1
 126  1.1424318e+06 7.17e-06 5.49e-03  -3.8 6.35e-02  -3.3 1.00e+00 1.00e+00h  1
 127  1.1424318e+06 3.20e-05 1.06e-03  -3.8 1.51e-01  -3.8 1.00e+00 1.00e+00h  1
 128  1.1424318e+06 2.87e-04 1.46e-03  -3.8 4.58e-01  -4.3 1.00e+00 1.00e+00h  1
 129  1.1424318e+06 2.59e-03 1.39e-01  -3.8 4.71e+00  -4.8 5.07e-01 2.77e-01h  2
iter    objective    inf_pr   inf_du lg(mu)  ||d||  lg(rg) alpha_du alpha_pr  ls
 130  1.1424318e+06 2.34e-03 1.76e-01  -3.8 1.50e+00  -4.3 1.00e+00 3.27e-01h  2
 131  1.1424318e+06 2.25e-03 8.93e-01  -3.8 8.04e+00    -  6.54e-01 1.00e-01h  2
 132  1.1424318e+06 9.86e-04 3.20e-01  -3.8 3.02e+00    -  1.00e+00 5.75e-01H  1
 133  1.1424318e+06 2.27e-05 1.10e-03  -3.8 3.31e-01    -  1.00e+00 1.00e+00h  1
 134  1.1424318e+06 2.53e-06 3.49e-06  -3.8 5.69e-02    -  1.00e+00 1.00e+00h  1
 135  1.1424169e+06 4.79e-04 5.88e+00  -5.7 1.98e+01    -  3.12e-01 1.40e-01f  1
 136  1.1424067e+06 6.43e-04 4.50e+00  -5.7 3.25e+01    -  8.56e-02 1.19e-01h  1
 137  1.1423973e+06 1.15e-03 3.29e+00  -5.7 3.61e+01    -  8.42e-02 1.22e-01h  1
 138  1.1423890e+06 1.09e-03 3.37e+00  -5.7 4.25e+01    -  1.69e-01 1.27e-01h  1
 139  1.1423774e+06 1.21e-03 2.26e+00  -5.7 7.58e+01    -  1.52e-01 2.03e-01h  1
iter    objective    inf_pr   inf_du lg(mu)  ||d||  lg(rg) alpha_du alpha_pr  ls
 140  1.1423697e+06 2.57e-03 2.60e+00  -5.7 1.15e+02    -  5.55e-02 1.59e-01h  1
 141  1.1423633e+06 3.61e-03 1.86e+00  -5.7 8.05e+01    -  3.00e-01 1.66e-01h  1
 142  1.1423588e+06 5.35e-03 2.35e+00  -5.7 7.71e+01    -  2.04e-01 1.42e-01h  1
 143  1.1423497e+06 1.87e-02 6.48e-01  -5.7 6.28e+01    -  2.10e-01 3.33e-01h  1
 144  1.1423465e+06 1.97e-02 6.53e-01  -5.7 3.42e+01    -  7.21e-02 1.68e-01h  1
 145  1.1423450e+06 1.85e-02 1.20e+00  -5.7 4.71e+01    -  3.58e-01 9.41e-02h  1
 146  1.1423433e+06 1.62e-02 1.22e+00  -5.7 3.67e+01    -  1.89e-01 1.36e-01h  1
 147  1.1423399e+06 1.10e-02 8.26e-01  -5.7 1.29e+01    -  3.22e-01 3.23e-01h  1
 148  1.1423380e+06 8.57e-03 7.60e-01  -5.7 1.25e+01    -  3.29e-01 2.53e-01h  1
 149  1.1423375e+06 7.66e-03 1.45e+00  -5.7 5.81e+00    -  4.68e-01 1.05e-01h  1
iter    objective    inf_pr   inf_du lg(mu)  ||d||  lg(rg) alpha_du alpha_pr  ls
 150  1.1423352e+06 4.08e-03 4.80e-01  -5.7 5.13e+00    -  2.51e-01 4.67e-01h  1
 151  1.1423329e+06 3.62e-04 6.69e-01  -5.7 2.78e+00    -  3.43e-01 9.31e-01h  1
 152  1.1423328e+06 6.38e-04 2.22e-01  -5.7 2.36e+00    -  5.68e-01 2.45e-01h  1
 153  1.1423327e+06 4.69e-04 6.59e-02  -5.7 3.20e+00    -  8.48e-01 7.19e-01h  1
 154  1.1423327e+06 1.72e-04 2.43e-06  -5.7 2.13e+00    -  1.00e+00 1.00e+00h  1
 155  1.1423327e+06 3.33e-05 2.58e-07  -5.7 6.94e-01    -  1.00e+00 1.00e+00h  1
 156  1.1423327e+06 6.45e-09 4.53e-10  -5.7 4.59e-02    -  1.00e+00 1.00e+00h  1
 157  1.1423323e+06 1.31e-04 1.45e-02  -7.0 4.14e+00    -  3.91e-01 4.13e-01f  1
 158  1.1423321e+06 1.29e-04 9.91e-02  -7.0 8.59e+00    -  4.17e-01 2.22e-01h  1
 159  1.1423318e+06 2.06e-04 7.49e-02  -7.0 9.59e+00    -  7.29e-01 6.22e-01h  1
iter    objective    inf_pr   inf_du lg(mu)  ||d||  lg(rg) alpha_du alpha_pr  ls
 160  1.1423317e+06 1.25e-03 1.08e-01  -7.0 2.22e+01    -  4.93e-01 7.69e-01h  1
 161  1.1423316e+06 1.13e-04 2.35e-06  -7.0 1.29e+00    -  1.00e+00 1.00e+00h  1
 162  1.1423316e+06 3.89e-04 7.82e-03  -7.0 1.03e+00    -  1.00e+00 4.77e-01H  1
 163  1.1423316e+06 4.17e-04 3.33e-07  -7.0 4.37e-01    -  1.00e+00 1.00e+00f  1
 164  1.1423316e+06 1.85e-05 3.59e-08  -7.0 1.47e-01    -  1.00e+00 1.00e+00h  1
 165  1.1423316e+06 3.63e-06 1.42e-09  -7.0 4.02e-02    -  1.00e+00 1.00e+00h  1
 166  1.1423316e+06 4.68e-09 6.97e-11  -7.0 1.76e-03    -  1.00e+00 1.00e+00h  1

Number of Iterations....: 166

                                   (scaled)                 (unscaled)
Objective...............:   1.1242845193893900e+04    1.1423316226385348e+06
Dual infeasibility......:   6.9685323121286871e-11    7.0803917391359094e-09
Constraint violation....:   4.6841563960953181e-09    4.6841563960953181e-09
Variable bound violation:   1.2401500271153054e-07    1.2401500271153054e-07
Complementarity.........:   8.9474623541426790e-08    9.0910877213324256e-06
Overall NLP error.......:   8.9474623541426790e-08    9.0910877213324256e-06


Number of objective function evaluations             = 178
Number of objective gradient evaluations             = 167
Number of equality constraint evaluations            = 178
Number of inequality constraint evaluations          = 178
Number of equality constraint Jacobian evaluations   = 167
Number of inequality constraint Jacobian evaluations = 167
Number of Lagrangian Hessian evaluations             = 166
Total seconds in IPOPT                               = 128.141

EXIT: Optimal Solution Found.

