Solver command line: ['/opt/homebrew/bin/ipopt', '/var/folders/6y/bvynbx6n3zv7z3lwg6vd724r0000gn/T/tmpee9ay06d.pyomo.nl', '-AMPL', 'tol=1e-06', 'max_iter=300', 'print_level=5', 'warm_start_init_point=yes', 'warm_start_bound_push=1e-06', 'warm_start_bound_frac=1e-06', 'warm_start_mult_bound_push=1e-06', 'mu_init=1e-06', 'least_square_init_duals=no']

Ipopt 3.14.19: tol=1e-06
max_iter=300
print_level=5
warm_start_init_point=yes
warm_start_bound_push=1e-06
warm_start_bound_frac=1e-06
warm_start_mult_bound_push=1e-06
mu_init=1e-06
least_square_init_duals=no


******************************************************************************
This program contains Ipopt, a library for large-scale nonlinear optimization.
 Ipopt is released as open source code under the Eclipse Public License (EPL).
         For more information visit https://github.com/coin-or/Ipopt
******************************************************************************

This is Ipopt version 3.14.19, running with linear solver MUMPS 5.6.2.

Number of nonzeros in equality constraint Jacobian...:   408340
Number of nonzeros in inequality constraint Jacobian.:   283144
Number of nonzeros in Lagrangian Hessian.............:   231304

Total number of variables............................:    66475
                     variables with only lower bounds:        0
                variables with lower and upper bounds:    66475
                     variables with only upper bounds:        0
Total number of equality constraints.................:    60001
Total number of inequality constraints...............:    70786
        inequality constraints with only lower bounds:        0
   inequality constraints with lower and upper bounds:        0
        inequality constraints with only upper bounds:    70786

iter    objective    inf_pr   inf_du lg(mu)  ||d||  lg(rg) alpha_du alpha_pr  ls
   0  1.1423329e+06 6.72e+01 1.78e+04  -6.0 0.00e+00    -  0.00e+00 0.00e+00   0
   1  1.1423527e+06 6.72e+01 1.78e+04  -6.0 1.21e+01   0.0 4.36e-04 1.45e-04h  1
   2  1.1424154e+06 6.71e+01 1.78e+04  -6.0 1.16e+01  -0.5 1.22e-04 6.00e-04h  1
   3  1.1423758e+06 6.71e+01 1.78e+04  -6.0 4.74e+01  -1.0 8.89e-06 4.28e-04h  1
   4  1.1424766e+06 6.70e+01 1.78e+04  -6.0 1.58e+01  -0.5 5.98e-05 1.06e-03h  1
   5  1.1424070e+06 6.70e+01 1.78e+04  -6.0 7.25e+01  -1.0 3.22e-05 3.70e-04f  1
   6  1.1425526e+06 6.69e+01 1.77e+04  -6.0 1.64e+01  -0.6 2.42e-04 1.75e-03h  1
   7  1.1424484e+06 6.69e+01 1.77e+04  -6.0 1.21e+02  -1.1 3.45e-05 2.76e-04f  1
   8  1.1424603e+06 6.69e+01 1.77e+04  -6.0 1.74e+01   1.2 2.99e-05 7.79e-05h  1
   9  1.1425223e+06 6.68e+01 1.77e+04  -6.0 9.92e+00   0.7 1.04e-05 4.27e-04h  1
iter    objective    inf_pr   inf_du lg(mu)  ||d||  lg(rg) alpha_du alpha_pr  ls
  10  1.1425354e+06 6.68e+01 1.77e+04  -6.0 7.19e+00   1.1 1.51e-05 8.60e-05h  1
  11  1.1425409e+06 6.68e+01 1.77e+04  -6.0 7.52e+00   0.6 4.86e-05 3.82e-05h  1
  12  1.1425806e+06 6.68e+01 1.77e+04  -6.0 9.02e+00   1.1 3.24e-05 2.31e-04h  1
  13  1.1425929e+06 6.68e+01 1.77e+04  -6.0 8.23e+00   0.6 7.53e-05 7.50e-05h  1
  14  1.1426572e+06 6.68e+01 1.77e+04  -6.0 9.07e+00   1.0 4.87e-05 3.62e-04h  1
  15  1.1426739e+06 6.68e+01 1.77e+04  -6.0 8.13e+00   0.5 1.77e-04 1.03e-04h  1
  16  1.1427709e+06 6.68e+01 1.77e+04  -6.0 9.14e+00   1.0 1.03e-04 5.44e-04h  1
  17  1.1428085e+06 6.67e+01 1.77e+04  -6.0 1.97e+01   0.5 1.23e-04 2.49e-04h  1
  18  1.1429097e+06 6.67e+01 1.77e+04  -6.0 7.73e+00   0.9 1.28e-05 5.57e-04h  1
  19  1.1429098e+06 6.67e+01 1.77e+04  -6.0 2.54e+02   0.4 3.37e-05 4.12e-05h  1
iter    objective    inf_pr   inf_du lg(mu)  ||d||  lg(rg) alpha_du alpha_pr  ls
  20  1.1430232e+06 6.67e+01 1.77e+04  -6.0 8.27e+00   0.9 2.18e-04 6.15e-04h  1
  21  1.1433115e+06 6.65e+01 1.76e+04  -6.0 9.00e+00   0.4 2.42e-04 1.74e-03h  1
  22  1.1434096e+06 6.65e+01 1.76e+04  -6.0 1.09e+01   0.8 6.79e-05 5.25e-04h  1
  23  1.1435987e+06 6.64e+01 1.76e+04  -6.0 1.15e+01   0.3 1.95e-04 1.12e-03h  1
  24  1.1437172e+06 6.64e+01 1.76e+04  -6.0 1.28e+01   0.8 8.11e-05 6.27e-04h  1
  25  1.1438161e+06 6.63e+01 1.76e+04  -6.0 1.35e+01   0.3 2.57e-04 5.88e-04h  1
  26  1.1438924e+06 6.63e+01 1.76e+04  -6.0 1.41e+01   0.7 1.79e-04 4.00e-04h  1
  27  1.1440307e+06 6.63e+01 1.76e+04  -6.0 1.46e+01   0.2 2.03e-04 8.32e-04h  1
  28  1.1440665e+06 6.62e+01 1.76e+04  -6.0 1.79e+01  -0.2 3.72e-04 3.51e-04h  1
  29  1.1442259e+06 6.62e+01 1.75e+04  -6.0 1.59e+01   0.2 4.39e-04 9.69e-04h  1
iter    objective    inf_pr   inf_du lg(mu)  ||d||  lg(rg) alpha_du alpha_pr  ls
  30  1.1442459e+06 6.62e+01 1.75e+04  -6.0 1.69e+01  -0.3 9.56e-05 2.02e-04h  1
  31  1.1444405e+06 6.61e+01 1.75e+04  -6.0 1.71e+01   0.1 1.61e-04 1.22e-03h  1
  32  1.1446225e+06 6.60e+01 1.75e+04  -6.0 1.84e+01   0.6 7.92e-05 9.42e-04h  1
  33  1.1449053e+06 6.59e+01 1.75e+04  -6.0 1.93e+01   0.1 1.51e-04 1.73e-03h  1
  34  1.1450737e+06 6.59e+01 1.75e+04  -6.0 1.62e+01   0.5 5.76e-04 7.63e-04h  1
  35  1.1452253e+06 6.58e+01 1.74e+04  -6.0 1.73e+01   0.0 5.18e-05 8.24e-04h  1
  36  1.1455420e+06 6.57e+01 1.74e+04  -6.0 1.60e+01   0.5 5.71e-05 1.36e-03h  1
  37  1.1455622e+06 6.57e+01 1.74e+04  -6.0 2.08e+01  -0.0 9.86e-04 1.12e-04h  1
  38  1.1458544e+06 6.56e+01 1.74e+04  -6.0 1.87e+01   0.4 4.39e-05 1.24e-03h  1
  39  1.1458766e+06 6.56e+01 1.74e+04  -6.0 1.93e+01  -0.1 4.59e-04 1.13e-04h  1
iter    objective    inf_pr   inf_du lg(mu)  ||d||  lg(rg) alpha_du alpha_pr  ls
  40  1.1460653e+06 6.56e+01 1.74e+04  -6.0 1.82e+01   0.4 1.78e-05 7.68e-04h  1
  41  1.1460880e+06 6.56e+01 1.74e+04  -6.0 1.91e+01  -0.1 4.80e-04 1.17e-04h  1
  42  1.1470044e+06 6.53e+01 1.73e+04  -6.0 1.82e+01   0.3 1.28e-05 3.69e-03h  1
  43  1.1472931e+06 6.52e+01 1.73e+04  -6.0 1.97e+01  -0.2 1.39e-03 1.42e-03h  1
  44  1.1479150e+06 6.51e+01 1.73e+04  -6.0 1.90e+01   0.3 1.08e-04 2.35e-03h  1
  45  1.1481064e+06 6.50e+01 1.72e+04  -6.0 2.02e+01  -0.2 4.85e-04 9.07e-04h  1
  46  1.1486365e+06 6.49e+01 1.72e+04  -6.0 1.93e+01   0.2 3.51e-04 1.95e-03h  1
  47  1.1487815e+06 6.48e+01 1.72e+04  -6.0 2.68e+01  -0.3 3.25e-04 6.98e-04h  1
  48  1.1492477e+06 6.47e+01 1.72e+04  -6.0 1.98e+01   0.2 4.64e-04 1.69e-03h  1
  49  1.1495200e+06 6.47e+01 1.71e+04  -6.0 1.88e+01   0.6 1.05e-04 8.57e-04h  1
iter    objective    inf_pr   inf_du lg(mu)  ||d||  lg(rg) alpha_du alpha_pr  ls
  50  1.1498195e+06 6.46e+01 1.71e+04  -6.0 1.99e+01   0.1 1.49e-04 1.01e-03h  1
  51  1.1503282e+06 6.45e+01 1.71e+04  -6.0 1.80e+01   0.5 4.75e-04 1.47e-03h  1
  52  1.1509004e+06 6.44e+01 1.71e+04  -6.0 1.98e+01   0.1 3.55e-04 1.87e-03h  1
  53  1.1511259e+06 6.44e+01 1.71e+04  -6.0 1.72e+01   0.5 2.67e-04 6.19e-04h  1
  54  1.1517284e+06 6.42e+01 1.70e+04  -6.0 1.94e+01  -0.0 5.75e-04 1.91e-03h  1
  55  1.1524341e+06 6.41e+01 1.70e+04  -6.0 1.75e+01   0.4 1.31e-04 1.91e-03h  1
  56  1.1534649e+06 6.39e+01 1.69e+04  -6.0 2.05e+01  -0.1 1.80e-03 3.26e-03h  1
  57  1.1541263e+06 6.38e+01 1.69e+04  -6.0 1.93e+01   0.4 6.35e-04 1.80e-03h  1
  58  1.1549673e+06 6.36e+01 1.69e+04  -6.0 2.22e+01  -0.1 3.71e-04 2.68e-03h  1
  59  1.1552679e+06 6.36e+01 1.69e+04  -6.0 2.06e+01   0.3 5.58e-04 8.18e-04h  1
iter    objective    inf_pr   inf_du lg(mu)  ||d||  lg(rg) alpha_du alpha_pr  ls
  60  1.1555406e+06 6.35e+01 1.68e+04  -6.0 2.32e+01  -0.2 1.38e-03 8.72e-04h  1
  61  1.1565375e+06 6.33e+01 1.68e+04  -6.0 2.13e+01   0.3 3.32e-04 2.74e-03h  1
  62  1.1570340e+06 6.33e+01 1.68e+04  -6.0 2.10e+01   0.7 2.89e-04 1.26e-03h  1
  63  1.1574790e+06 6.32e+01 1.67e+04  -6.0 2.31e+01   0.2 4.05e-04 1.23e-03h  1
  64  1.1576623e+06 6.31e+01 1.67e+04  -6.0 2.22e+01   0.6 9.81e-05 4.55e-04h  1
  65  1.1588145e+06 6.29e+01 1.67e+04  -6.0 2.40e+01   0.2 2.72e-04 3.16e-03h  1
  66  1.1591291e+06 6.29e+01 1.67e+04  -6.0 2.37e+01   0.6 2.75e-04 7.73e-04h  1
  67  1.1600071e+06 6.27e+01 1.66e+04  -6.0 2.56e+01   0.1 6.99e-04 2.41e-03h  1
  68  1.1602634e+06 6.27e+01 1.66e+04  -6.0 2.50e+01   0.5 2.78e-04 6.29e-04h  1
  69  1.1604181e+06 6.27e+01 1.66e+04  -6.0 2.68e+01   0.1 4.37e-04 4.28e-04h  1
iter    objective    inf_pr   inf_du lg(mu)  ||d||  lg(rg) alpha_du alpha_pr  ls
  70  1.1606985e+06 6.26e+01 1.66e+04  -6.0 2.55e+01   0.5 1.17e-04 6.92e-04h  1
  71  1.1607954e+06 6.26e+01 1.66e+04  -6.0 2.72e+01   0.0 2.25e-04 2.70e-04h  1
  72  1.1619324e+06 6.25e+01 1.66e+04  -6.0 2.45e+01   0.4 5.17e-06 2.74e-03h  1
  73  1.1626745e+06 6.23e+01 1.65e+04  -6.0 2.67e+01  -0.0 1.42e-03 2.01e-03h  1
  74  1.1634373e+06 6.22e+01 1.65e+04  -6.0 2.53e+01   0.4 1.57e-04 1.75e-03h  1
  75  1.1639394e+06 6.22e+01 1.65e+04  -6.0 2.47e+01   0.8 9.98e-05 1.03e-03h  1
  76  1.1644411e+06 6.21e+01 1.65e+04  -6.0 2.62e+01   0.3 3.43e-04 1.08e-03h  1
  77  1.1650297e+06 6.20e+01 1.64e+04  -6.0 2.53e+01   0.8 3.05e-04 1.12e-03h  1
  78  1.1654660e+06 6.20e+01 1.64e+04  -6.0 2.69e+01   0.3 2.05e-04 9.05e-04h  1
  79  1.1661519e+06 6.19e+01 1.64e+04  -6.0 2.56e+01   0.7 2.70e-04 1.25e-03h  1
iter    objective    inf_pr   inf_du lg(mu)  ||d||  lg(rg) alpha_du alpha_pr  ls
  80  1.1674615e+06 6.17e+01 1.64e+04  -6.0 2.68e+01   0.2 2.48e-04 2.65e-03h  1
  81  1.1681739e+06 6.16e+01 1.63e+04  -6.0 2.57e+01   0.7 6.48e-04 1.27e-03h  1
  82  1.1696271e+06 6.15e+01 1.63e+04  -6.0 2.77e+01   0.2 9.02e-04 2.96e-03h  1
  83  1.1704197e+06 6.14e+01 1.63e+04  -6.0 2.66e+01   0.6 1.38e-04 1.39e-03h  1
  84  1.1712527e+06 6.13e+01 1.62e+04  -6.0 2.87e+01   0.1 1.02e-03 1.67e-03h  1
  85  1.1722806e+06 6.12e+01 1.62e+04  -6.0 2.73e+01   0.6 4.92e-04 1.81e-03h  1
  86  1.1739746e+06 6.10e+01 1.62e+04  -6.0 2.95e+01   0.1 3.04e-04 3.39e-03h  1
  87  1.1745705e+06 6.09e+01 1.61e+04  -6.0 2.86e+01   0.5 8.19e-04 1.04e-03h  1
  88  1.1749903e+06 6.08e+01 1.61e+04  -6.0 2.77e+01   0.9 1.43e-04 6.71e-04h  1
  89  1.1756267e+06 6.08e+01 1.61e+04  -6.0 2.92e+01   0.5 9.75e-05 1.11e-03h  1
iter    objective    inf_pr   inf_du lg(mu)  ||d||  lg(rg) alpha_du alpha_pr  ls
  90  1.1758526e+06 6.08e+01 1.61e+04  -6.0 2.83e+01   0.9 3.04e-04 3.52e-04h  1
  91  1.1763130e+06 6.07e+01 1.61e+04  -6.0 2.97e+01   0.4 6.62e-04 7.95e-04h  1
  92  1.1776272e+06 6.06e+01 1.61e+04  -6.0 2.87e+01   0.8 4.02e-04 2.03e-03h  1
  93  1.1800618e+06 6.03e+01 1.60e+04  -6.0 3.06e+01   0.4 1.40e-04 4.24e-03h  1
  94  1.1802154e+06 6.03e+01 1.60e+04  -6.0 3.09e+01   0.8 3.02e-04 2.34e-04h  1
  95  1.1811433e+06 6.02e+01 1.60e+04  -6.0 3.25e+01   0.3 6.10e-04 1.62e-03h  1
  96  1.1819128e+06 6.01e+01 1.59e+04  -6.0 3.14e+01   0.7 8.56e-05 1.16e-03h  1
  97  1.1820856e+06 6.01e+01 1.59e+04  -6.0 3.33e+01   0.3 6.22e-04 3.00e-04h  1
  98  1.1826353e+06 6.01e+01 1.59e+04  -6.0 3.19e+01   0.7 2.31e-04 8.24e-04h  1
  99  1.1832453e+06 6.00e+01 1.59e+04  -6.0 3.38e+01   0.2 1.33e-03 1.06e-03h  1
iter    objective    inf_pr   inf_du lg(mu)  ||d||  lg(rg) alpha_du alpha_pr  ls
 100  1.1840814e+06 5.99e+01 1.59e+04  -6.0 3.26e+01   0.6 1.92e-04 1.25e-03h  1
 101  1.1841510e+06 5.99e+01 1.59e+04  -6.0 3.35e+01   1.1 1.20e-04 9.51e-05h  1
 102  1.1847934e+06 5.99e+01 1.59e+04  -6.0 3.46e+01   0.6 4.78e-04 9.66e-04h  1
 103  1.1851859e+06 5.98e+01 1.59e+04  -6.0 3.38e+01   1.0 1.89e-04 5.37e-04h  1
 104  1.1853561e+06 5.98e+01 1.59e+04  -6.0 3.53e+01   0.5 2.26e-04 2.58e-04h  1
 105  1.1858682e+06 5.98e+01 1.58e+04  -6.0 3.42e+01   1.0 1.99e-04 6.97e-04h  1
 106  1.1862684e+06 5.98e+01 1.58e+04  -6.0 3.57e+01   0.5 4.53e-04 6.12e-04h  1
 107  1.1869699e+06 5.97e+01 1.58e+04  -6.0 3.46e+01   0.9 5.80e-04 9.60e-04h  1
 108  1.1877849e+06 5.96e+01 1.58e+04  -6.0 3.64e+01   0.4 1.37e-03 1.28e-03h  1
 109  1.1883030e+06 5.96e+01 1.58e+04  -6.0 3.54e+01   0.9 2.43e-04 7.28e-04h  1
iter    objective    inf_pr   inf_du lg(mu)  ||d||  lg(rg) alpha_du alpha_pr  ls
 110  1.1896570e+06 5.94e+01 1.58e+04  -6.0 3.72e+01   0.4 2.05e-04 2.18e-03h  1
 111  1.1905827e+06 5.94e+01 1.57e+04  -6.0 3.64e+01   0.8 3.03e-04 1.32e-03h  1
 112  1.1911182e+06 5.93e+01 1.57e+04  -6.0 3.84e+01   0.3 5.78e-04 8.78e-04h  1
 113  1.1916662e+06 5.93e+01 1.57e+04  -6.0 3.72e+01   0.7 4.15e-04 7.89e-04h  1
 114  1.1922469e+06 5.92e+01 1.57e+04  -6.0 3.89e+01   0.3 1.49e-03 9.65e-04h  1
 115  1.1924902e+06 5.92e+01 1.57e+04  -6.0 3.76e+01   0.7 2.31e-04 3.50e-04h  1
 116  1.1934713e+06 5.91e+01 1.57e+04  -6.0 3.66e+01   1.1 1.73e-05 1.29e-03h  1
 117  1.1939981e+06 5.91e+01 1.57e+04  -6.0 3.82e+01   0.6 7.63e-04 7.61e-04h  1
 118  1.1947217e+06 5.90e+01 1.56e+04  -6.0 3.72e+01   1.1 3.41e-04 9.54e-04h  1
 119  1.1964433e+06 5.89e+01 1.56e+04  -6.0 3.89e+01   0.6 7.94e-04 2.53e-03h  1
iter    objective    inf_pr   inf_du lg(mu)  ||d||  lg(rg) alpha_du alpha_pr  ls
 120  1.1971197e+06 5.88e+01 1.56e+04  -6.0 3.83e+01   1.0 4.94e-04 9.06e-04h  1
 121  1.1978184e+06 5.87e+01 1.56e+04  -6.0 4.02e+01   0.5 3.64e-04 1.05e-03h  1
 122  1.1979134e+06 5.87e+01 1.56e+04  -6.0 4.08e+01   1.0 7.80e-05 1.27e-04h  1
 123  1.1986578e+06 5.87e+01 1.56e+04  -6.0 4.25e+01   0.5 4.36e-04 1.12e-03h  1
 124  1.1990154e+06 5.86e+01 1.55e+04  -6.0 4.13e+01   0.9 5.22e-04 4.82e-04h  1
 125  1.2001612e+06 5.85e+01 1.55e+04  -6.0 4.32e+01   0.4 1.08e-03 1.76e-03h  1
 126  1.2012050e+06 5.85e+01 1.55e+04  -6.0 4.21e+01   0.9 1.42e-04 1.42e-03h  1
 127  1.2014871e+06 5.84e+01 1.55e+04  -6.0 4.44e+01   0.4 1.27e-03 4.40e-04h  1
 128  1.2030433e+06 5.83e+01 1.55e+04  -6.0 4.29e+01   0.8 2.32e-04 2.14e-03h  1
 129  1.2031723e+06 5.83e+01 1.55e+04  -6.0 4.25e+01   1.2 1.70e-04 1.66e-04h  1
iter    objective    inf_pr   inf_du lg(mu)  ||d||  lg(rg) alpha_du alpha_pr  ls
 130  1.2037289e+06 5.83e+01 1.54e+04  -6.0 4.39e+01   0.8 1.17e-04 7.80e-04h  1
 131  1.2042567e+06 5.82e+01 1.54e+04  -6.0 4.30e+01   1.2 6.01e-04 6.85e-04h  1
 132  1.2046692e+06 5.82e+01 1.54e+04  -6.0 4.26e+01   1.6 3.79e-05 5.16e-04h  1
 133  1.2052095e+06 5.81e+01 1.54e+04  -6.0 4.37e+01   1.1 2.47e-04 7.08e-04h  1
 134  1.2053226e+06 5.81e+01 1.54e+04  -6.0 4.31e+01   1.6 9.30e-05 1.39e-04h  1
 135  1.2063844e+06 5.81e+01 1.54e+04  -6.0 4.41e+01   1.1 1.83e-04 1.38e-03h  1
 136  1.2068096e+06 5.80e+01 1.54e+04  -6.0 4.70e+01   0.6 6.28e-04 6.19e-04h  1
 137  1.2072036e+06 5.80e+01 1.54e+04  -6.0 4.60e+01   1.0 2.16e-04 5.18e-04h  1
 138  1.2074410e+06 5.80e+01 1.54e+04  -6.0 4.87e+01   0.6 6.15e-04 3.50e-04h  1
 139  1.2077981e+06 5.79e+01 1.54e+04  -6.0 4.80e+01   1.0 2.77e-04 4.71e-04h  1
iter    objective    inf_pr   inf_du lg(mu)  ||d||  lg(rg) alpha_du alpha_pr  ls
 140  1.2091309e+06 5.78e+01 1.53e+04  -6.0 4.99e+01   0.5 7.40e-04 1.99e-03h  1
 141  1.2094526e+06 5.78e+01 1.53e+04  -6.0 4.90e+01   0.9 5.22e-04 4.27e-04h  1
 142  1.2105389e+06 5.77e+01 1.53e+04  -6.0 5.09e+01   0.5 1.45e-04 1.64e-03h  1
 143  1.2108378e+06 5.77e+01 1.53e+04  -6.0 4.98e+01   0.9 3.69e-04 3.96e-04h  1
 144  1.2110626e+06 5.77e+01 1.53e+04  -6.0 4.89e+01   1.3 2.36e-04 2.76e-04h  1
 145  1.2115601e+06 5.76e+01 1.53e+04  -6.0 5.03e+01   0.8 3.57e-04 6.65e-04h  1
 146  1.2116990e+06 5.76e+01 1.53e+04  -6.0 4.94e+01   1.3 5.23e-05 1.71e-04h  1
 147  1.2125618e+06 5.76e+01 1.53e+04  -6.0 5.08e+01   0.8 9.06e-04 1.17e-03h  1
 148  1.2130508e+06 5.75e+01 1.52e+04  -6.0 5.00e+01   1.2 2.42e-04 6.10e-04h  1
 149  1.2143929e+06 5.74e+01 1.52e+04  -6.0 5.16e+01   0.7 5.99e-04 1.85e-03h  1
iter    objective    inf_pr   inf_du lg(mu)  ||d||  lg(rg) alpha_du alpha_pr  ls
 150  1.2144500e+06 5.74e+01 1.52e+04  -6.0 5.10e+01   1.2 3.37e-04 7.22e-05h  1
 151  1.2152678e+06 5.73e+01 1.52e+04  -6.0 5.25e+01   0.7 2.78e-04 1.14e-03h  1
 152  1.2159086e+06 5.73e+01 1.52e+04  -6.0 5.15e+01   1.1 1.89e-04 8.13e-04h  1
 153  1.2162752e+06 5.73e+01 1.52e+04  -6.0 5.34e+01   0.6 5.50e-04 5.21e-04h  1
 154  1.2166871e+06 5.72e+01 1.52e+04  -6.0 5.22e+01   1.1 4.19e-04 5.28e-04h  1
 155  1.2174721e+06 5.72e+01 1.52e+04  -6.0 5.39e+01   0.6 3.48e-04 1.13e-03h  1
 156  1.2176982e+06 5.72e+01 1.52e+04  -6.0 5.29e+01   1.0 4.34e-04 2.93e-04h  1
 157  1.2182309e+06 5.71e+01 1.51e+04  -6.0 5.46e+01   0.5 4.57e-04 7.83e-04h  1
 158  1.2188008e+06 5.71e+01 1.51e+04  -6.0 5.34e+01   1.0 8.28e-05 7.45e-04h  1
 159  1.2204199e+06 5.69e+01 1.51e+04  -6.0 5.53e+01   0.5 4.92e-04 2.42e-03h  1
iter    objective    inf_pr   inf_du lg(mu)  ||d||  lg(rg) alpha_du alpha_pr  ls
 160  1.2212113e+06 5.69e+01 1.51e+04  -6.0 5.46e+01   0.9 4.35e-04 1.05e-03h  1
 161  1.2215400e+06 5.68e+01 1.51e+04  -6.0 5.40e+01   1.3 4.02e-04 4.07e-04h  1
 162  1.2233297e+06 5.67e+01 1.50e+04  -6.0 5.53e+01   0.8 1.01e-04 2.40e-03h  1
 163  1.2240457e+06 5.67e+01 1.50e+04  -6.0 5.51e+01   1.3 2.73e-04 8.91e-04h  1
 164  1.2255174e+06 5.65e+01 1.50e+04  -6.0 5.67e+01   0.8 4.67e-04 2.00e-03h  1
 165  1.2261981e+06 5.65e+01 1.50e+04  -6.0 5.62e+01   1.2 3.20e-04 8.54e-04h  1
 166  1.2270226e+06 5.64e+01 1.50e+04  -6.0 5.80e+01   0.7 9.41e-04 1.14e-03h  1
 167  1.2273470e+06 5.64e+01 1.50e+04  -6.0 5.74e+01   1.2 2.28e-04 4.12e-04h  1
 168  1.2275565e+06 5.64e+01 1.49e+04  -6.0 5.95e+01   0.7 9.16e-04 2.95e-04h  1
 169  1.2280643e+06 5.64e+01 1.49e+04  -6.0 5.84e+01   1.1 2.88e-04 6.51e-04h  1
iter    objective    inf_pr   inf_du lg(mu)  ||d||  lg(rg) alpha_du alpha_pr  ls
 170  1.2293912e+06 5.62e+01 1.49e+04  -6.0 6.02e+01   0.6 9.67e-04 1.89e-03h  1
 171  1.2295582e+06 5.62e+01 1.49e+04  -6.0 6.13e+01   1.1 3.52e-05 2.19e-04h  1
 172  1.2305104e+06 5.62e+01 1.49e+04  -6.0 6.26e+01   0.6 1.16e-03 1.39e-03h  1
 173  1.2312074e+06 5.61e+01 1.49e+04  -6.0 6.19e+01   1.0 5.84e-05 9.20e-04h  1
 174  1.2316158e+06 5.61e+01 1.49e+04  -6.0 6.15e+01   1.4 1.48e-04 5.05e-04h  1
 175  1.2321813e+06 5.60e+01 1.49e+04  -6.0 6.26e+01   1.0 4.68e-04 7.50e-04h  1
 176  1.2327033e+06 5.60e+01 1.48e+04  -6.0 6.21e+01   1.4 2.29e-04 6.49e-04h  1
 177  1.2340794e+06 5.59e+01 1.48e+04  -6.0 6.34e+01   0.9 5.43e-04 1.84e-03h  1
 178  1.2343723e+06 5.59e+01 1.48e+04  -6.0 6.32e+01   1.3 3.98e-04 3.68e-04h  1
 179  1.2357907e+06 5.58e+01 1.48e+04  -6.0 6.44e+01   0.9 3.35e-04 1.93e-03h  1
iter    objective    inf_pr   inf_du lg(mu)  ||d||  lg(rg) alpha_du alpha_pr  ls
 180  1.2358248e+06 5.58e+01 1.48e+04  -6.0 6.83e+01   1.3 4.09e-04 4.41e-05h  1
 181  1.2361551e+06 5.57e+01 1.48e+04  -6.0 6.93e+01   0.8 1.85e-04 4.64e-04h  1
 182  1.2367184e+06 5.57e+01 1.48e+04  -6.0 6.86e+01   1.2 3.14e-04 7.34e-04h  1
 183  1.2371586e+06 5.57e+01 1.48e+04  -6.0 6.99e+01   0.8 1.21e-03 6.24e-04h  1
 184  1.2378645e+06 5.56e+01 1.47e+04  -6.0 6.92e+01   1.2 1.74e-04 9.27e-04h  1
 185  1.2383906e+06 5.56e+01 1.47e+04  -6.0 6.89e+01   1.6 1.24e-04 6.62e-04h  1
 186  1.2393945e+06 5.55e+01 1.47e+04  -6.0 7.00e+01   1.1 6.30e-04 1.33e-03h  1
 187  1.2400591e+06 5.55e+01 1.47e+04  -6.0 6.99e+01   1.6 2.24e-04 8.40e-04h  1
 188  1.2404243e+06 5.54e+01 1.47e+04  -6.0 7.10e+01   1.1 4.39e-04 4.88e-04h  1
 189  1.2408492e+06 5.54e+01 1.47e+04  -6.0 7.05e+01   1.5 1.37e-04 5.40e-04h  1
iter    objective    inf_pr   inf_du lg(mu)  ||d||  lg(rg) alpha_du alpha_pr  ls
 190  1.2412237e+06 5.54e+01 1.47e+04  -6.0 7.15e+01   1.0 1.32e-03 5.05e-04h  1
 191  1.2420234e+06 5.53e+01 1.47e+04  -6.0 7.10e+01   1.5 2.41e-05 1.02e-03h  1
 192  1.2429904e+06 5.52e+01 1.46e+04  -6.0 7.23e+01   1.0 4.04e-04 1.31e-03h  1
 193  1.2431517e+06 5.52e+01 1.46e+04  -6.0 7.24e+01   1.4 4.53e-04 2.07e-04h  1
 194  1.2432428e+06 5.52e+01 1.46e+04  -6.0 7.99e+01   0.9 5.73e-04 1.26e-04h  1
 195  1.2436285e+06 5.52e+01 1.46e+04  -6.0 7.91e+01   1.4 2.68e-04 5.01e-04h  1
 196  1.2436779e+06 5.52e+01 1.46e+04  -6.0 8.44e+02   0.9 5.93e-05 5.21e-05h  1
 197  1.2437610e+06 5.52e+01 1.46e+04  -6.0 7.94e+01   1.3 2.53e-04 1.09e-04h  1
 198  1.2438263e+06 5.52e+01 1.46e+04  -6.0 8.05e+01   0.8 1.86e-04 9.05e-05h  1
 199  1.2443521e+06 5.51e+01 1.46e+04  -6.0 7.96e+01   1.3 2.35e-04 6.91e-04h  1
iter    objective    inf_pr   inf_du lg(mu)  ||d||  lg(rg) alpha_du alpha_pr  ls
 200  1.2447445e+06 5.51e+01 1.46e+04  -6.0 7.92e+01   1.7 2.09e-04 4.94e-04h  1
 201  1.2456796e+06 5.50e+01 1.46e+04  -6.0 8.03e+01   1.2 1.77e-04 1.24e-03h  1
 202  1.2460750e+06 5.50e+01 1.46e+04  -6.0 8.01e+01   1.6 1.81e-04 4.99e-04h  1
 203  1.2462237e+06 5.50e+01 1.46e+04  -6.0 8.12e+01   1.2 1.20e-03 1.98e-04h  1
 204  1.2468626e+06 5.50e+01 1.46e+04  -6.0 8.05e+01   1.6 2.71e-04 8.09e-04h  1
 205  1.2487359e+06 5.48e+01 1.45e+04  -6.0 8.17e+01   1.1 7.17e-04 2.51e-03h  1
 206  1.2492333e+06 5.48e+01 1.45e+04  -6.0 8.20e+01   1.5 2.51e-04 6.34e-04h  1
 207  1.2494827e+06 5.48e+01 1.45e+04  -6.0 8.32e+01   1.1 7.77e-04 3.36e-04h  1
 208  1.2500289e+06 5.47e+01 1.45e+04  -6.0 8.25e+01   1.5 1.59e-04 6.97e-04h  1
 209  1.2508518e+06 5.47e+01 1.45e+04  -6.0 8.38e+01   1.0 5.65e-04 1.11e-03h  1
iter    objective    inf_pr   inf_du lg(mu)  ||d||  lg(rg) alpha_du alpha_pr  ls
 210  1.2508605e+06 5.47e+01 1.45e+04  -6.0 8.34e+01   1.4 8.62e-04 1.12e-05h  1
 211  1.2522332e+06 5.46e+01 1.45e+04  -6.0 8.44e+01   1.0 6.60e-04 1.89e-03h  1
 212  1.2538209e+06 5.45e+01 1.44e+04  -6.0 8.43e+01   1.4 4.27e-04 2.05e-03h  1
 213  1.2540788e+06 5.44e+01 1.44e+04  -6.0 8.61e+01   0.9 9.32e-05 3.51e-04h  1
 214  1.2553819e+06 5.43e+01 1.44e+04  -6.0 8.54e+01   1.3 5.64e-04 1.69e-03h  1
 215  1.2558194e+06 5.43e+01 1.44e+04  -6.0 8.55e+01   1.8 2.24e-04 5.49e-04h  1
 216  1.2566136e+06 5.43e+01 1.44e+04  -6.0 8.66e+01   1.3 3.13e-04 1.04e-03h  1
 217  1.2566222e+06 5.43e+01 1.44e+04  -6.0 9.00e+01   1.7 1.54e-04 1.08e-05h  1
 218  1.2574605e+06 5.42e+01 1.44e+04  -6.0 9.08e+01   1.2 6.87e-04 1.11e-03h  1
 219  1.2578994e+06 5.42e+01 1.44e+04  -6.0 9.06e+01   1.6 2.81e-04 5.58e-04h  1
iter    objective    inf_pr   inf_du lg(mu)  ||d||  lg(rg) alpha_du alpha_pr  ls
 220  1.2590055e+06 5.41e+01 1.43e+04  -6.0 9.17e+01   1.2 4.15e-04 1.48e-03h  1
 221  1.2590982e+06 5.41e+01 1.43e+04  -6.0 9.16e+01   1.6 4.13e-04 1.18e-04h  1
 222  1.2607027e+06 5.40e+01 1.43e+04  -6.0 9.25e+01   1.1 4.72e-04 2.16e-03h  1
 223  1.2608656e+06 5.40e+01 1.43e+04  -6.0 9.27e+01   1.5 4.13e-04 2.09e-04h  1
 224  1.2616673e+06 5.39e+01 1.43e+04  -6.0 9.36e+01   1.1 3.22e-05 1.08e-03h  1
 225  1.2620948e+06 5.39e+01 1.43e+04  -6.0 9.33e+01   1.5 3.25e-04 5.48e-04h  1
 226  1.2627888e+06 5.38e+01 1.43e+04  -6.0 9.44e+01   1.0 1.32e-04 8.79e-04h  1
 227  1.2631795e+06 5.38e+01 1.43e+04  -6.0 9.40e+01   1.4 1.23e-04 5.03e-04h  1
 228  1.2632254e+06 5.38e+01 1.43e+04  -6.0 9.35e+01   1.9 1.22e-04 5.74e-05h  1
 229  1.2642592e+06 5.37e+01 1.42e+04  -6.0 9.43e+01   1.4 3.17e-04 1.35e-03h  1
iter    objective    inf_pr   inf_du lg(mu)  ||d||  lg(rg) alpha_du alpha_pr  ls
 230  1.2643615e+06 5.37e+01 1.42e+04  -6.0 9.42e+01   1.8 3.03e-04 1.29e-04h  1
 231  1.2653560e+06 5.36e+01 1.42e+04  -6.0 9.50e+01   1.3 1.29e-04 1.30e-03h  1
 232  1.2658040e+06 5.36e+01 1.42e+04  -6.0 9.49e+01   1.8 1.40e-04 5.67e-04h  1
 233  1.2666040e+06 5.36e+01 1.42e+04  -6.0 9.59e+01   1.3 6.70e-04 1.05e-03h  1
 234  1.2669837e+06 5.35e+01 1.42e+04  -6.0 9.57e+01   1.7 1.85e-04 4.82e-04h  1
 235  1.2673848e+06 5.35e+01 1.42e+04  -6.0 9.67e+01   1.2 6.24e-04 5.30e-04h  1
 236  1.2679034e+06 5.35e+01 1.42e+04  -6.0 9.62e+01   1.7 3.33e-04 6.63e-04h  1
 237  1.2680537e+06 5.35e+01 1.42e+04  -6.0 9.73e+01   1.2 4.05e-04 1.97e-04h  1
 238  1.2685846e+06 5.34e+01 1.42e+04  -6.0 9.66e+01   1.6 1.35e-04 6.83e-04h  1
 239  1.2687246e+06 5.34e+01 1.42e+04  -6.0 9.78e+01   1.1 3.06e-04 1.57e-04h  1
iter    objective    inf_pr   inf_du lg(mu)  ||d||  lg(rg) alpha_du alpha_pr  ls
 240  1.2692169e+06 5.34e+01 1.42e+04  -6.0 9.71e+01   1.6 2.48e-04 6.33e-04h  1
 241  1.2695898e+06 5.34e+01 1.41e+04  -6.0 9.67e+01   2.0 1.81e-04 4.70e-04h  1
 242  1.2699820e+06 5.33e+01 1.41e+04  -6.0 9.76e+01   1.5 1.60e-04 5.05e-04h  1
 243  1.2702841e+06 5.33e+01 1.41e+04  -6.0 9.72e+01   1.9 2.07e-04 3.80e-04h  1
 244  1.2707679e+06 5.33e+01 1.41e+04  -6.0 9.82e+01   1.5 4.10e-04 6.17e-04h  1
 245  1.2711736e+06 5.32e+01 1.41e+04  -6.0 9.78e+01   1.9 1.43e-04 5.09e-04h  1
 246  1.2713949e+06 5.32e+01 1.41e+04  -6.0 9.87e+01   1.4 5.26e-04 2.57e-04h  1
 247  1.2716954e+06 5.32e+01 1.41e+04  -6.0 9.82e+01   1.8 1.98e-04 3.76e-04h  1
 248  1.2718258e+06 5.32e+01 1.41e+04  -6.0 9.78e+01   2.3 1.17e-04 1.61e-04h  1
 249  1.2722718e+06 5.32e+01 1.41e+04  -6.0 9.85e+01   1.8 1.88e-04 5.57e-04h  1
iter    objective    inf_pr   inf_du lg(mu)  ||d||  lg(rg) alpha_du alpha_pr  ls
 250  1.2725017e+06 5.32e+01 1.41e+04  -6.0 9.82e+01   2.2 8.64e-05 2.83e-04h  1
 251  1.2730082e+06 5.31e+01 1.41e+04  -6.0 9.89e+01   1.7 1.59e-04 6.26e-04h  1
 252  1.2735080e+06 5.31e+01 1.41e+04  -6.0 9.86e+01   2.2 2.13e-04 6.11e-04h  1
 253  1.2738775e+06 5.31e+01 1.41e+04  -6.0 9.96e+01   1.7 2.81e-04 4.46e-04h  1
 254  1.2742045e+06 5.30e+01 1.41e+04  -6.0 9.92e+01   2.1 3.90e-05 3.99e-04h  1
 255  1.2748236e+06 5.30e+01 1.41e+04  -6.0 1.00e+02   1.6 2.96e-04 7.06e-04h  1
 256  1.2751800e+06 5.30e+01 1.40e+04  -6.0 9.97e+01   2.1 3.09e-04 4.36e-04h  1
 257  1.2757563e+06 5.30e+01 1.40e+04  -6.0 1.01e+02   1.6 4.22e-05 6.31e-04h  1
 258  1.2759279e+06 5.29e+01 1.40e+04  -6.0 1.00e+02   2.0 2.72e-04 2.13e-04h  1
 259  1.2762162e+06 5.29e+01 1.40e+04  -6.0 1.01e+02   1.5 5.98e-05 3.61e-04h  1
iter    objective    inf_pr   inf_du lg(mu)  ||d||  lg(rg) alpha_du alpha_pr  ls
 260  1.2766246e+06 5.29e+01 1.40e+04  -6.0 1.01e+02   2.0 3.00e-04 5.08e-04h  1
 261  1.2769503e+06 5.29e+01 1.40e+04  -6.0 1.01e+02   1.5 4.62e-04 4.11e-04h  1
 262  1.2772294e+06 5.29e+01 1.40e+04  -6.0 1.01e+02   1.9 2.87e-04 3.49e-04h  1
 263  1.2781581e+06 5.28e+01 1.40e+04  -6.0 1.02e+02   1.4 8.04e-05 1.17e-03h  1
 264  1.2783930e+06 5.28e+01 1.40e+04  -6.0 1.02e+02   1.9 2.78e-04 2.95e-04h  1
 265  1.2785596e+06 5.28e+01 1.40e+04  -6.0 1.03e+02   1.4 3.17e-04 2.11e-04h  1
 266  1.2794615e+06 5.27e+01 1.40e+04  -6.0 1.02e+02   1.8 2.74e-04 1.14e-03h  1
 267  1.2795903e+06 5.27e+01 1.40e+04  -6.0 1.02e+02   2.2 1.87e-04 1.60e-04h  1
 268  1.2807533e+06 5.26e+01 1.39e+04  -6.0 1.03e+02   1.8 1.80e-04 1.47e-03h  1
 269  1.2808145e+06 5.26e+01 1.39e+04  -6.0 1.03e+02   2.2 2.50e-04 7.59e-05h  1
iter    objective    inf_pr   inf_du lg(mu)  ||d||  lg(rg) alpha_du alpha_pr  ls
 270  1.2817812e+06 5.26e+01 1.39e+04  -6.0 1.03e+02   1.7 5.22e-04 1.22e-03h  1
 271  1.2819722e+06 5.25e+01 1.39e+04  -6.0 1.03e+02   2.1 2.12e-04 2.37e-04h  1
 272  1.2825752e+06 5.25e+01 1.39e+04  -6.0 1.04e+02   1.6 1.23e-04 7.65e-04h  1
 273  1.2831267e+06 5.25e+01 1.39e+04  -6.0 1.04e+02   2.1 2.22e-04 6.85e-04h  1
 274  1.2833656e+06 5.24e+01 1.39e+04  -6.0 1.05e+02   1.6 2.44e-04 3.04e-04h  1
 275  1.2835990e+06 5.24e+01 1.39e+04  -6.0 1.04e+02   2.0 1.70e-04 2.91e-04h  1
 276  1.2838716e+06 5.24e+01 1.39e+04  -6.0 1.05e+02   1.5 5.82e-05 3.49e-04h  1
 277  1.2839799e+06 5.24e+01 1.39e+04  -6.0 1.04e+02   2.0 2.09e-04 1.35e-04h  1
 278  1.2843865e+06 5.24e+01 1.39e+04  -6.0 1.05e+02   1.5 7.24e-04 5.22e-04h  1
 279  1.2848429e+06 5.24e+01 1.39e+04  -6.0 1.05e+02   1.9 4.55e-06 5.72e-04h  1
iter    objective    inf_pr   inf_du lg(mu)  ||d||  lg(rg) alpha_du alpha_pr  ls
 280  1.2850114e+06 5.23e+01 1.39e+04  -6.0 1.06e+02   1.4 8.17e-04 2.14e-04h  1
 281  1.2853323e+06 5.23e+01 1.39e+04  -6.0 1.05e+02   1.9 6.68e-06 4.03e-04h  1
 282  1.2855338e+06 5.23e+01 1.39e+04  -6.0 1.05e+02   2.3 3.06e-04 2.49e-04h  1
 283  1.2857928e+06 5.23e+01 1.39e+04  -6.0 1.05e+02   1.8 4.80e-04 3.27e-04h  1
 284  1.2862567e+06 5.23e+01 1.39e+04  -6.0 1.05e+02   2.2 1.45e-04 5.75e-04h  1
 285  1.2867583e+06 5.22e+01 1.38e+04  -6.0 1.06e+02   1.8 9.00e-05 6.35e-04h  1
 286  1.2869746e+06 5.22e+01 1.38e+04  -6.0 1.06e+02   2.2 2.80e-04 2.69e-04h  1
 287  1.2870785e+06 5.22e+01 1.38e+04  -6.0 1.06e+02   1.7 3.94e-04 1.32e-04h  1
 288  1.2877370e+06 5.22e+01 1.38e+04  -6.0 1.06e+02   2.1 1.57e-04 8.19e-04h  1
 289  1.2882463e+06 5.21e+01 1.38e+04  -6.0 1.07e+02   1.7 8.31e-04 6.49e-04h  1
iter    objective    inf_pr   inf_du lg(mu)  ||d||  lg(rg) alpha_du alpha_pr  ls
 290  1.2885475e+06 5.21e+01 1.38e+04  -6.0 1.06e+02   2.1 8.37e-05 3.76e-04h  1
 291  1.2888440e+06 5.21e+01 1.38e+04  -6.0 1.07e+02   1.6 2.54e-04 3.78e-04h  1
 292  1.2889198e+06 5.21e+01 1.38e+04  -6.0 1.07e+02   2.0 1.86e-04 9.44e-05h  1
 293  1.2893341e+06 5.21e+01 1.38e+04  -6.0 1.07e+02   1.6 4.35e-04 5.27e-04h  1
 294  1.2897667e+06 5.20e+01 1.38e+04  -6.0 1.07e+02   2.0 4.47e-04 5.40e-04h  1
 295  1.2900954e+06 5.20e+01 1.38e+04  -6.0 1.08e+02   1.5 1.92e-04 4.10e-04h  1
 296  1.2905345e+06 5.20e+01 1.38e+04  -6.0 1.08e+02   1.9 1.67e-04 5.50e-04h  1
 297  1.2906245e+06 5.20e+01 1.38e+04  -6.0 1.07e+02   2.4 2.80e-04 1.11e-04h  1
 298  1.2907466e+06 5.20e+01 1.38e+04  -6.0 1.08e+02   1.9 1.27e-04 1.53e-04h  1
 299  1.2915554e+06 5.19e+01 1.38e+04  -6.0 1.09e+02   1.4 2.88e-04 1.06e-03h  1
iter    objective    inf_pr   inf_du lg(mu)  ||d||  lg(rg) alpha_du alpha_pr  ls
 300  1.2915826e+06 5.19e+01 1.38e+04  -6.0 1.08e+02   1.8 1.39e-04 3.45e-05h  1

Number of Iterations....: 300

                                   (scaled)                 (unscaled)
Objective...............:   1.5506472408598325e+04    1.2915825861957774e+06
Dual infeasibility......:   1.3760770175293779e+04    1.1461775871858806e+06
Constraint violation....:   7.7924625406161381e+00    5.1906803193965288e+01
Variable bound violation:   4.0767988984669046e-08    4.0767988984669046e-08
Complementarity.........:   7.2835199176607625e+02    6.0666715446154099e+04
Overall NLP error.......:   8.5402514554090776e+03    1.1461775871858806e+06


Number of objective function evaluations             = 301
Number of objective gradient evaluations             = 301
Number of equality constraint evaluations            = 301
Number of inequality constraint evaluations          = 302
Number of equality constraint Jacobian evaluations   = 301
Number of inequality constraint Jacobian evaluations = 301
Number of Lagrangian Hessian evaluations             = 300
Total seconds in IPOPT                               = 282.735

EXIT: Maximum Number of Iterations Exceeded.

