Solver command line: ['/opt/homebrew/bin/ipopt', '/var/folders/6y/bvynbx6n3zv7z3lwg6vd724r0000gn/T/tmp27k3cxb6.pyomo.nl', '-AMPL', 'tol=1e-06', 'max_iter=300', 'print_level=5', 'warm_start_init_point=yes', 'warm_start_bound_push=1e-06', 'warm_start_bound_frac=1e-06', 'warm_start_mult_bound_push=1e-06', 'mu_init=1e-06', 'least_square_init_duals=no']

Ipopt 3.14.19: tol=1e-06
max_iter=300
print_level=5
warm_start_init_point=yes
warm_start_bound_push=1e-06
warm_start_bound_frac=1e-06
warm_start_mult_bound_push=1e-06
mu_init=1e-06
least_square_init_duals=no


******************************************************************************
This program contains Ipopt, a library for large-scale nonlinear optimization.
 Ipopt is released as open source code under the Eclipse Public License (EPL).
         For more information visit https://github.com/coin-or/Ipopt
******************************************************************************

This is Ipopt version 3.14.19, running with linear solver MUMPS 5.6.2.

Number of nonzeros in equality constraint Jacobian...:   408340
Number of nonzeros in inequality constraint Jacobian.:   283144
Number of nonzeros in Lagrangian Hessian.............:   231304

Total number of variables............................:    66475
                     variables with only lower bounds:        0
                variables with lower and upper bounds:    66475
                     variables with only upper bounds:        0
Total number of equality constraints.................:    60001
Total number of inequality constraints...............:    70786
        inequality constraints with only lower bounds:        0
   inequality constraints with lower and upper bounds:        0
        inequality constraints with only upper bounds:    70786

iter    objective    inf_pr   inf_du lg(mu)  ||d||  lg(rg) alpha_du alpha_pr  ls
   0  2.3409309e+06 1.40e+01 1.65e+04  -6.0 0.00e+00    -  0.00e+00 0.00e+00   0
   1  2.3370535e+06 1.39e+01 1.65e+04  -6.0 8.29e+00   0.0 1.18e-03 3.28e-03f  1
   2  2.3358334e+06 1.39e+01 1.64e+04  -6.0 1.17e+01  -0.5 3.29e-03 9.69e-04f  1
   3  2.3345552e+06 1.39e+01 1.64e+04  -6.0 2.35e+01  -1.0 4.12e-03 9.37e-04f  1
   4  2.3338081e+06 1.39e+01 1.64e+04  -6.0 1.05e+02  -1.4 9.68e-04 4.44e-04f  1
   5  2.3333469e+06 1.39e+01 1.64e+04  -6.0 2.69e+01  -1.0 1.92e-03 3.35e-04f  1
   6  2.3329645e+06 1.39e+01 1.64e+04  -6.0 1.62e+02  -1.5 8.17e-04 2.08e-04f  1
   7  2.3314902e+06 1.39e+01 1.64e+04  -6.0 3.08e+01  -1.1 2.89e-04 1.06e-03f  1
   8  2.3312867e+06 1.39e+01 1.64e+04  -6.0 2.02e+02  -1.5 4.69e-04 1.06e-04f  1
   9  2.3292368e+06 1.39e+01 1.64e+04  -6.0 3.44e+01  -1.1 8.68e-05 1.46e-03f  1
iter    objective    inf_pr   inf_du lg(mu)  ||d||  lg(rg) alpha_du alpha_pr  ls
  10  2.3290803e+06 1.39e+01 1.64e+04  -6.0 2.73e+02  -1.6 1.35e-04 7.45e-05f  1
  11  2.3278991e+06 1.38e+01 1.64e+04  -6.0 3.92e+01  -1.2 3.81e-04 8.37e-04f  1
  12  2.3276819e+06 1.38e+01 1.63e+04  -6.0 3.77e+02  -1.6 2.33e-04 9.17e-05f  1
  13  2.3272083e+06 1.38e+01 1.63e+04  -6.0 4.58e+01  -1.2 4.17e-03 3.32e-04f  1
  14  2.3271406e+06 1.38e+01 1.63e+04  -6.0 7.43e+02  -1.7 1.84e-04 2.05e-05f  1
  15  2.3263170e+06 1.38e+01 1.63e+04  -6.0 5.29e+01  -1.3 3.95e-05 5.69e-04f  1
  16  2.3261864e+06 1.38e+01 1.63e+04  -6.0 6.53e+02  -1.7 2.60e-05 4.31e-05f  1
  17  2.3257564e+06 1.38e+01 1.63e+04  -6.0 5.88e+01  -1.3 2.75e-03 2.94e-04f  1
  18  2.3256863e+06 1.38e+01 1.63e+04  -6.0 9.27e+02  -1.8 9.08e-07 1.90e-05f  1
  19  2.3256829e+06 1.38e+01 1.63e+04  -6.0 6.83e+01  -1.4 9.21e-04 2.32e-06f  1
iter    objective    inf_pr   inf_du lg(mu)  ||d||  lg(rg) alpha_du alpha_pr  ls
  20  2.3255339e+06 1.38e+01 1.63e+04  -6.0 1.68e+03  -1.8 1.37e-05 2.67e-05f  1
  21  2.3240100e+06 1.38e+01 1.63e+04  -6.0 8.10e+01  -1.4 2.42e-04 1.00e-03f  1
  22  2.3239983e+06 1.38e+01 1.63e+04  -6.0 1.81e+03  -1.9 2.65e-05 1.99e-06f  1
  23  2.3239885e+06 1.38e+01 1.63e+04  -6.0 3.92e+01  -1.5 1.05e-03 6.98e-06f  1
  24  2.3225869e+06 1.38e+01 1.63e+04  -6.0 6.70e+01  -1.9 5.77e-04 9.16e-04f  1
  25  2.3225791e+06 1.38e+01 1.63e+04  -6.0 4.08e+01  -1.5 2.12e-03 5.57e-06f  1
  26  2.3204189e+06 1.38e+01 1.63e+04  -6.0 6.18e+01  -2.0 1.50e-03 1.44e-03f  1
  27  2.3197830e+06 1.38e+01 1.63e+04  -6.0 4.00e+01  -1.6 7.07e-04 4.63e-04f  1
  28  2.3189902e+06 1.38e+01 1.63e+04  -6.0 4.90e+01  -2.0 3.30e-04 5.54e-04f  1
  29  2.3183899e+06 1.38e+01 1.62e+04  -6.0 4.30e+01  -1.6 1.80e-03 4.36e-04f  1
iter    objective    inf_pr   inf_du lg(mu)  ||d||  lg(rg) alpha_du alpha_pr  ls
  30  2.3173478e+06 1.37e+01 1.62e+04  -6.0 3.39e+01  -1.2 1.16e-03 7.96e-04f  1
  31  2.3155092e+06 1.37e+01 1.62e+04  -6.0 4.58e+01  -1.7 4.74e-03 1.33e-03f  1
  32  2.3124037e+06 1.37e+01 1.62e+04  -6.0 3.74e+01  -1.2 5.92e-04 2.37e-03f  1
  33  2.3107705e+06 1.37e+01 1.62e+04  -6.0 5.21e+01  -1.7 2.66e-03 1.19e-03f  1
  34  2.3089842e+06 1.37e+01 1.61e+04  -6.0 4.18e+01  -1.3 1.56e-03 1.37e-03f  1
  35  2.3076294e+06 1.36e+01 1.61e+04  -6.0 5.68e+01  -1.8 7.45e-03 9.86e-04f  1
  36  2.3069037e+06 1.36e+01 1.61e+04  -6.0 4.55e+01  -1.3 5.60e-03 5.54e-04f  1
  37  2.3058519e+06 1.36e+01 1.61e+04  -6.0 6.06e+01  -1.8 1.12e-03 7.63e-04f  1
  38  2.3054660e+06 1.36e+01 1.61e+04  -6.0 4.81e+01  -1.4 4.76e-03 2.95e-04f  1
  39  2.3029291e+06 1.36e+01 1.61e+04  -6.0 6.27e+01  -1.9 8.28e-04 1.85e-03f  1
iter    objective    inf_pr   inf_du lg(mu)  ||d||  lg(rg) alpha_du alpha_pr  ls
  40  2.3018194e+06 1.36e+01 1.60e+04  -6.0 5.12e+01  -1.4 6.79e-03 8.50e-04f  1
  41  2.3003676e+06 1.36e+01 1.60e+04  -6.0 6.79e+01  -1.9 2.71e-03 1.06e-03f  1
  42  2.2997927e+06 1.36e+01 1.60e+04  -6.0 5.62e+01  -1.5 1.18e-04 4.39e-04f  1
  43  2.2994475e+06 1.36e+01 1.60e+04  -6.0 9.16e+01  -2.0 6.28e-05 2.47e-04f  1
  44  2.2988574e+06 1.36e+01 1.60e+04  -6.0 6.26e+01  -1.6 7.49e-04 4.47e-04f  1
  45  2.2979025e+06 1.35e+01 1.60e+04  -6.0 4.08e+01  -1.1 1.33e-03 7.69e-04f  1
  46  2.2948110e+06 1.35e+01 1.60e+04  -6.0 6.60e+01  -1.6 3.81e-04 2.33e-03f  1
  47  2.2943761e+06 1.35e+01 1.60e+04  -6.0 4.39e+01  -1.2 2.23e-04 3.50e-04f  1
  48  2.2938746e+06 1.35e+01 1.60e+04  -6.0 7.09e+01  -1.7 4.30e-04 3.79e-04f  1
  49  2.2934868e+06 1.35e+01 1.59e+04  -6.0 4.66e+01  -1.2 1.44e-03 3.11e-04f  1
iter    objective    inf_pr   inf_du lg(mu)  ||d||  lg(rg) alpha_du alpha_pr  ls
  50  2.2924953e+06 1.35e+01 1.59e+04  -6.0 7.44e+01  -1.7 6.20e-04 7.45e-04f  1
  51  2.2917431e+06 1.35e+01 1.59e+04  -6.0 4.93e+01  -1.3 1.86e-04 6.01e-04f  1
  52  2.2916096e+06 1.35e+01 1.59e+04  -6.0 7.14e+01  -1.8 1.81e-04 1.01e-04f  1
  53  2.2907623e+06 1.35e+01 1.59e+04  -6.0 4.92e+01  -1.3 3.93e-04 6.76e-04f  1
  54  2.2900887e+06 1.35e+01 1.59e+04  -6.0 6.87e+01  -1.8 6.40e-04 5.12e-04f  1
  55  2.2894594e+06 1.35e+01 1.59e+04  -6.0 5.18e+01  -1.4 2.76e-03 5.01e-04f  1
  56  2.2893672e+06 1.35e+01 1.59e+04  -6.0 7.14e+01  -1.9 3.41e-04 6.99e-05f  1
  57  2.2887937e+06 1.35e+01 1.59e+04  -6.0 5.42e+01  -1.4 1.80e-04 4.54e-04f  1
  58  2.2871267e+06 1.34e+01 1.59e+04  -6.0 7.34e+01  -1.9 1.21e-04 1.26e-03f  1
  59  2.2866856e+06 1.34e+01 1.59e+04  -6.0 5.72e+01  -1.5 1.28e-03 3.49e-04f  1
iter    objective    inf_pr   inf_du lg(mu)  ||d||  lg(rg) alpha_du alpha_pr  ls
  60  2.2852677e+06 1.34e+01 1.58e+04  -6.0 7.67e+01  -2.0 3.65e-04 1.07e-03f  1
  61  2.2848343e+06 1.34e+01 1.58e+04  -6.0 6.02e+01  -1.5 4.74e-04 3.42e-04f  1
  62  2.2841254e+06 1.34e+01 1.58e+04  -6.0 4.04e+01  -1.1 2.24e-03 5.89e-04f  1
  63  2.2837796e+06 1.34e+01 1.58e+04  -6.0 6.27e+01  -1.6 5.89e-04 2.72e-04f  1
  64  2.2824840e+06 1.34e+01 1.58e+04  -6.0 4.26e+01  -1.2 2.35e-04 1.07e-03f  1
  65  2.2819859e+06 1.34e+01 1.58e+04  -6.0 6.51e+01  -1.6 3.16e-04 3.91e-04f  1
  66  2.2814517e+06 1.34e+01 1.58e+04  -6.0 4.51e+01  -1.2 1.78e-04 4.41e-04f  1
  67  2.2797101e+06 1.34e+01 1.58e+04  -6.0 6.77e+01  -1.7 4.07e-04 1.36e-03f  1
  68  2.2795653e+06 1.34e+01 1.58e+04  -6.0 4.78e+01  -1.3 1.11e-03 1.19e-04f  1
  69  2.2788903e+06 1.34e+01 1.58e+04  -6.0 7.07e+01  -1.7 2.14e-03 5.26e-04f  1
iter    objective    inf_pr   inf_du lg(mu)  ||d||  lg(rg) alpha_du alpha_pr  ls
  70  2.2783593e+06 1.33e+01 1.58e+04  -6.0 5.04e+01  -1.3 1.82e-03 4.35e-04f  1
  71  2.2775749e+06 1.33e+01 1.58e+04  -6.0 7.35e+01  -1.8 1.52e-04 6.10e-04f  1
  72  2.2772835e+06 1.33e+01 1.57e+04  -6.0 5.32e+01  -1.4 7.15e-04 2.38e-04f  1
  73  2.2766657e+06 1.33e+01 1.57e+04  -6.0 7.61e+01  -1.8 5.75e-05 4.79e-04f  1
  74  2.2765402e+06 1.33e+01 1.57e+04  -6.0 5.59e+01  -1.4 4.66e-04 1.02e-04f  1
  75  2.2758102e+06 1.33e+01 1.57e+04  -6.0 7.87e+01  -1.9 1.35e-03 5.64e-04f  1
  76  2.2752896e+06 1.33e+01 1.57e+04  -6.0 5.87e+01  -1.5 6.07e-04 4.21e-04f  1
  77  2.2738493e+06 1.33e+01 1.57e+04  -6.0 8.15e+01  -1.9 6.32e-04 1.11e-03f  1
  78  2.2728147e+06 1.33e+01 1.57e+04  -6.0 6.17e+01  -1.5 1.73e-03 8.35e-04f  1
  79  2.2727886e+06 1.33e+01 1.57e+04  -6.0 8.45e+01  -2.0 6.35e-04 2.02e-05f  1
iter    objective    inf_pr   inf_du lg(mu)  ||d||  lg(rg) alpha_du alpha_pr  ls
  80  2.2722796e+06 1.33e+01 1.57e+04  -6.0 6.42e+01  -1.6 8.58e-05 4.10e-04f  1
  81  2.2713976e+06 1.33e+01 1.57e+04  -6.0 8.67e+01  -2.0 1.20e-03 6.79e-04f  1
  82  2.2713953e+06 1.33e+01 1.57e+04  -6.0 6.67e+01  -1.6 3.26e-04 1.89e-06f  1
  83  2.2707120e+06 1.33e+01 1.57e+04  -6.0 8.88e+01  -2.1 1.59e-04 5.30e-04f  1
  84  2.2684622e+06 1.32e+01 1.56e+04  -6.0 7.02e+01  -1.7 2.84e-05 1.80e-03f  1
  85  2.2674849e+06 1.32e+01 1.56e+04  -6.0 9.28e+01  -2.1 1.12e-03 7.50e-04f  1
  86  2.2666001e+06 1.32e+01 1.56e+04  -6.0 7.37e+01  -1.7 1.11e-03 7.06e-04f  1
  87  2.2649006e+06 1.32e+01 1.56e+04  -6.0 2.38e+02  -2.2 6.75e-04 1.30e-03f  1
  88  2.2648972e+06 1.32e+01 1.56e+04  -6.0 7.75e+01  -1.8 3.88e-03 2.73e-06f  1
  89  2.2646163e+06 1.32e+01 1.56e+04  -6.0 5.33e+01  -1.3 2.74e-04 2.35e-04f  1
iter    objective    inf_pr   inf_du lg(mu)  ||d||  lg(rg) alpha_du alpha_pr  ls
  90  2.2645837e+06 1.32e+01 1.56e+04  -6.0 8.01e+01  -1.8 6.13e-04 2.61e-05f  1
  91  2.2629854e+06 1.32e+01 1.56e+04  -6.0 5.59e+01  -1.4 3.37e-06 1.34e-03f  1
  92  2.2600359e+06 1.32e+01 1.55e+04  -6.0 8.31e+01  -1.9 4.36e-04 2.34e-03f  1
  93  2.2584414e+06 1.31e+01 1.55e+04  -6.0 5.94e+01  -1.4 5.85e-04 1.33e-03f  1
  94  2.2583255e+06 1.31e+01 1.55e+04  -6.0 8.72e+01  -1.9 5.03e-04 9.23e-05f  1
  95  2.2577220e+06 1.31e+01 1.55e+04  -6.0 6.26e+01  -1.5 1.77e-04 5.02e-04f  1
  96  2.2571848e+06 1.31e+01 1.55e+04  -6.0 9.00e+01  -2.0 5.40e-04 4.26e-04f  1
  97  2.2564671e+06 1.31e+01 1.55e+04  -6.0 6.59e+01  -1.6 3.27e-03 5.95e-04f  1
  98  2.2564062e+06 1.31e+01 1.55e+04  -6.0 1.44e+02  -2.0 3.90e-04 4.81e-05f  1
  99  2.2555046e+06 1.31e+01 1.55e+04  -6.0 6.92e+01  -1.6 3.13e-04 7.44e-04f  1
iter    objective    inf_pr   inf_du lg(mu)  ||d||  lg(rg) alpha_du alpha_pr  ls
 100  2.2552072e+06 1.31e+01 1.55e+04  -6.0 9.60e+01  -2.1 8.01e-04 2.34e-04f  1
 101  2.2549892e+06 1.31e+01 1.55e+04  -6.0 7.25e+01  -1.7 1.12e-03 1.79e-04f  1
 102  2.2542147e+06 1.31e+01 1.55e+04  -6.0 9.87e+01  -2.1 1.25e-03 6.09e-04f  1
 103  2.2537286e+06 1.31e+01 1.55e+04  -6.0 7.57e+01  -1.7 3.96e-04 3.98e-04f  1
 104  2.2511007e+06 1.31e+01 1.54e+04  -6.0 1.01e+02  -2.2 1.53e-04 2.06e-03f  1
 105  2.2502030e+06 1.30e+01 1.54e+04  -6.0 7.97e+01  -1.8 2.69e-04 7.35e-04f  1
 106  2.2486144e+06 1.30e+01 1.54e+04  -6.0 1.06e+02  -2.2 5.16e-04 1.25e-03f  1
 107  2.2467070e+06 1.30e+01 1.54e+04  -6.0 7.35e+01  -1.8 1.97e-03 1.57e-03f  1
 108  2.2454738e+06 1.30e+01 1.54e+04  -6.0 9.05e+01  -2.3 5.10e-03 9.87e-04f  1
 109  2.2452648e+06 1.30e+01 1.53e+04  -6.0 7.64e+01  -1.9 3.47e-03 1.73e-04f  1
iter    objective    inf_pr   inf_du lg(mu)  ||d||  lg(rg) alpha_du alpha_pr  ls
 110  2.2434106e+06 1.30e+01 1.53e+04  -6.0 9.24e+01  -2.3 1.28e-03 1.49e-03f  1
 111  2.2419693e+06 1.30e+01 1.53e+04  -6.0 7.98e+01  -1.9 3.70e-04 1.19e-03f  1
 112  2.2410236e+06 1.30e+01 1.53e+04  -6.0 5.85e+01  -1.5 4.76e-04 8.16e-04f  1
 113  2.2399388e+06 1.29e+01 1.53e+04  -6.0 8.23e+01  -2.0 4.65e-03 8.95e-04f  1
 114  2.2390956e+06 1.29e+01 1.53e+04  -6.0 6.19e+01  -1.5 1.50e-03 7.24e-04f  1
 115  2.2377867e+06 1.29e+01 1.53e+04  -6.0 8.51e+01  -2.0 7.13e-04 1.08e-03f  1
 116  2.2365376e+06 1.29e+01 1.52e+04  -6.0 6.49e+01  -1.6 1.74e-03 1.07e-03f  1
 117  2.2303056e+06 1.28e+01 1.52e+04  -6.0 8.77e+01  -2.1 2.96e-03 5.14e-03f  1
 118  2.2283566e+06 1.28e+01 1.51e+04  -6.0 6.86e+01  -1.6 5.45e-03 1.68e-03f  1
 119  2.2281989e+06 1.28e+01 1.51e+04  -6.0 9.26e+01  -2.1 1.74e-03 1.31e-04f  1
iter    objective    inf_pr   inf_du lg(mu)  ||d||  lg(rg) alpha_du alpha_pr  ls
 120  2.2267942e+06 1.28e+01 1.51e+04  -6.0 7.16e+01  -1.7 2.12e-04 1.21e-03f  1
 121  2.2264022e+06 1.28e+01 1.51e+04  -6.0 9.49e+01  -2.2 9.25e-04 3.25e-04f  1
 122  2.2255099e+06 1.28e+01 1.51e+04  -6.0 7.48e+01  -1.7 1.05e-03 7.67e-04f  1
 123  2.2244697e+06 1.28e+01 1.51e+04  -6.0 9.73e+01  -2.2 8.75e-04 8.61e-04f  1
 124  2.2217630e+06 1.27e+01 1.50e+04  -6.0 7.80e+01  -1.8 9.49e-04 2.32e-03f  1
 125  2.2212452e+06 1.27e+01 1.50e+04  -6.0 5.25e+01  -1.4 1.08e-03 4.67e-04f  1
 126  2.2185044e+06 1.27e+01 1.50e+04  -6.0 8.12e+01  -1.8 1.16e-03 2.35e-03f  1
 127  2.2174236e+06 1.27e+01 1.50e+04  -6.0 5.56e+01  -1.4 1.45e-03 9.74e-04f  1
 128  2.2151330e+06 1.27e+01 1.50e+04  -6.0 8.44e+01  -1.9 2.36e-03 1.97e-03f  1
 129  2.2142159e+06 1.27e+01 1.50e+04  -6.0 5.88e+01  -1.5 2.83e-03 8.26e-04f  1
iter    objective    inf_pr   inf_du lg(mu)  ||d||  lg(rg) alpha_du alpha_pr  ls
 130  2.2136375e+06 1.27e+01 1.49e+04  -6.0 8.76e+01  -1.9 1.14e-03 4.97e-04f  1
 131  2.2115195e+06 1.26e+01 1.49e+04  -6.0 6.21e+01  -1.5 1.46e-04 1.90e-03f  1
 132  2.2099075e+06 1.26e+01 1.49e+04  -6.0 9.05e+01  -2.0 1.82e-03 1.38e-03f  1
 133  2.2085689e+06 1.26e+01 1.49e+04  -6.0 6.54e+01  -1.6 9.27e-04 1.20e-03f  1
 134  2.2077973e+06 1.26e+01 1.49e+04  -6.0 9.34e+01  -2.0 1.64e-03 6.64e-04f  1
 135  2.2060641e+06 1.26e+01 1.48e+04  -6.0 6.86e+01  -1.6 9.12e-04 1.56e-03f  1
 136  2.2048849e+06 1.26e+01 1.48e+04  -6.0 9.63e+01  -2.1 2.47e-03 1.01e-03f  1
 137  2.2045012e+06 1.26e+01 1.48e+04  -6.0 7.20e+01  -1.7 7.15e-03 3.44e-04f  1
 138  2.2033028e+06 1.25e+01 1.48e+04  -6.0 4.45e+01  -1.2 1.62e-04 1.13e-03f  1
 139  2.2028171e+06 1.25e+01 1.48e+04  -6.0 7.51e+01  -1.7 7.16e-04 4.34e-04f  1
iter    objective    inf_pr   inf_du lg(mu)  ||d||  lg(rg) alpha_du alpha_pr  ls
 140  2.2019511e+06 1.25e+01 1.48e+04  -6.0 4.75e+01  -1.3 7.60e-04 8.12e-04f  1
 141  2.1989674e+06 1.25e+01 1.47e+04  -6.0 7.77e+01  -1.8 9.92e-04 2.67e-03f  1
 142  2.1979104e+06 1.25e+01 1.47e+04  -6.0 5.02e+01  -1.3 7.40e-04 9.95e-04f  1
 143  2.1958291e+06 1.25e+01 1.47e+04  -6.0 8.09e+01  -1.8 3.61e-04 1.87e-03f  1
 144  2.1954976e+06 1.24e+01 1.47e+04  -6.0 5.36e+01  -1.4 1.68e-03 3.11e-04f  1
 145  2.1931960e+06 1.24e+01 1.47e+04  -6.0 8.48e+01  -1.9 2.76e-04 2.05e-03f  1
 146  2.1924588e+06 1.24e+01 1.47e+04  -6.0 5.68e+01  -1.5 7.87e-04 6.90e-04f  1
 147  2.1919765e+06 1.24e+01 1.47e+04  -6.0 3.11e+01  -1.0 8.75e-04 4.74e-04f  1
 148  2.1896857e+06 1.24e+01 1.46e+04  -6.0 6.00e+01  -1.5 1.35e-03 2.14e-03f  1
 149  2.1869256e+06 1.23e+01 1.46e+04  -6.0 3.35e+01  -1.1 9.63e-04 2.71e-03f  1
iter    objective    inf_pr   inf_du lg(mu)  ||d||  lg(rg) alpha_du alpha_pr  ls
 150  2.1859377e+06 1.23e+01 1.46e+04  -6.0 6.29e+01  -1.6 1.15e-04 9.24e-04f  1
 151  2.1852161e+06 1.23e+01 1.46e+04  -6.0 3.61e+01  -1.1 8.59e-04 7.08e-04f  1
 152  2.1849708e+06 1.23e+01 1.46e+04  -6.0 6.60e+01  -1.6 1.68e-04 2.28e-04f  1
 153  2.1847135e+06 1.23e+01 1.46e+04  -6.0 3.87e+01  -1.2 3.11e-04 2.51e-04f  1
 154  2.1841355e+06 1.23e+01 1.45e+04  -6.0 6.94e+01  -1.7 3.63e-04 5.35e-04f  1
 155  2.1835372e+06 1.23e+01 1.45e+04  -6.0 4.17e+01  -1.2 2.68e-04 5.82e-04f  1
 156  2.1832830e+06 1.23e+01 1.45e+04  -6.0 7.25e+01  -1.7 1.44e-03 2.35e-04f  1
 157  2.1826449e+06 1.23e+01 1.45e+04  -6.0 4.46e+01  -1.3 7.43e-04 6.18e-04f  1
 158  2.1817865e+06 1.23e+01 1.45e+04  -6.0 7.58e+01  -1.8 1.39e-04 7.89e-04f  1
 159  2.1810953e+06 1.23e+01 1.45e+04  -6.0 4.77e+01  -1.3 1.57e-03 6.67e-04f  1
iter    objective    inf_pr   inf_du lg(mu)  ||d||  lg(rg) alpha_du alpha_pr  ls
 160  2.1797633e+06 1.23e+01 1.45e+04  -6.0 2.43e+01  -0.9 5.50e-04 1.35e-03f  1
 161  2.1793617e+06 1.23e+01 1.45e+04  -6.0 5.05e+01  -1.4 7.63e-04 3.87e-04f  1
 162  2.1786439e+06 1.22e+01 1.45e+04  -6.0 2.66e+01  -1.0 2.67e-04 7.25e-04f  1
 163  2.1780561e+06 1.22e+01 1.45e+04  -6.0 5.39e+01  -1.4 5.86e-04 5.63e-04f  1
 164  2.1776167e+06 1.22e+01 1.45e+04  -6.0 2.90e+01  -1.0 5.46e-04 4.42e-04f  1
 165  2.1767420e+06 1.22e+01 1.44e+04  -6.0 5.71e+01  -1.5 1.23e-03 8.35e-04f  1
 166  2.1764369e+06 1.22e+01 1.44e+04  -6.0 3.14e+01  -1.1 6.30e-04 3.06e-04f  1
 167  2.1757399e+06 1.22e+01 1.44e+04  -6.0 6.02e+01  -1.5 3.66e-04 6.63e-04f  1
 168  2.1752078e+06 1.22e+01 1.44e+04  -6.0 3.39e+01  -1.1 5.51e-04 5.32e-04f  1
 169  2.1749383e+06 1.22e+01 1.44e+04  -6.0 6.34e+01  -1.6 1.76e-03 2.55e-04f  1
iter    objective    inf_pr   inf_du lg(mu)  ||d||  lg(rg) alpha_du alpha_pr  ls
 170  2.1739962e+06 1.22e+01 1.44e+04  -6.0 3.66e+01  -1.2 3.97e-04 9.37e-04f  1
 171  2.1734145e+06 1.22e+01 1.44e+04  -6.0 6.68e+01  -1.6 6.52e-04 5.49e-04f  1
 172  2.1728367e+06 1.22e+01 1.44e+04  -6.0 3.96e+01  -1.2 4.86e-04 5.73e-04f  1
 173  2.1720994e+06 1.22e+01 1.44e+04  -6.0 7.02e+01  -1.7 2.65e-03 6.94e-04f  1
 174  2.1711750e+06 1.22e+01 1.44e+04  -6.0 4.20e+01  -1.3 2.31e-04 9.13e-04f  1
 175  2.1694581e+06 1.21e+01 1.43e+04  -6.0 7.28e+01  -1.7 1.03e-03 1.61e-03f  1
 176  2.1694389e+06 1.21e+01 1.43e+04  -6.0 4.49e+01  -1.3 1.09e-03 1.89e-05f  1
 177  2.1674717e+06 1.21e+01 1.43e+04  -6.0 7.60e+01  -1.8 6.31e-04 1.84e-03f  1
 178  2.1668116e+06 1.21e+01 1.43e+04  -6.0 4.80e+01  -1.4 5.31e-04 6.49e-04f  1
 179  2.1664236e+06 1.21e+01 1.43e+04  -6.0 7.92e+01  -1.8 4.55e-04 3.63e-04f  1
iter    objective    inf_pr   inf_du lg(mu)  ||d||  lg(rg) alpha_du alpha_pr  ls
 180  2.1659523e+06 1.21e+01 1.43e+04  -6.0 5.10e+01  -1.4 1.05e-03 4.62e-04f  1
 181  2.1653476e+06 1.21e+01 1.43e+04  -6.0 8.23e+01  -1.9 5.45e-04 5.64e-04f  1
 182  2.1640456e+06 1.21e+01 1.43e+04  -6.0 5.42e+01  -1.5 8.53e-04 1.27e-03f  1
 183  2.1632510e+06 1.21e+01 1.43e+04  -6.0 8.54e+01  -1.9 2.00e-03 7.40e-04f  1
 184  2.1626224e+06 1.21e+01 1.42e+04  -6.0 5.73e+01  -1.5 6.50e-04 6.12e-04f  1
 185  2.1588643e+06 1.20e+01 1.42e+04  -6.0 8.83e+01  -2.0 6.31e-04 3.49e-03f  1
 186  2.1587965e+06 1.20e+01 1.42e+04  -6.0 6.06e+01  -1.6 8.80e-04 6.61e-05f  1
 187  2.1577450e+06 1.20e+01 1.42e+04  -6.0 9.13e+01  -2.0 3.77e-03 9.78e-04f  1
 188  2.1573494e+06 1.20e+01 1.42e+04  -6.0 6.40e+01  -1.6 3.02e-04 3.84e-04f  1
 189  2.1562590e+06 1.20e+01 1.42e+04  -6.0 3.66e+01  -1.2 2.01e-04 1.11e-03f  1
iter    objective    inf_pr   inf_du lg(mu)  ||d||  lg(rg) alpha_du alpha_pr  ls
 190  2.1553692e+06 1.20e+01 1.41e+04  -6.0 6.72e+01  -1.7 8.10e-04 8.62e-04f  1
 191  2.1548334e+06 1.20e+01 1.41e+04  -6.0 3.94e+01  -1.2 3.50e-04 5.45e-04f  1
 192  2.1539911e+06 1.20e+01 1.41e+04  -6.0 7.06e+01  -1.7 5.21e-04 8.13e-04f  1
 193  2.1521923e+06 1.19e+01 1.41e+04  -6.0 4.24e+01  -1.3 1.74e-04 1.82e-03f  1
 194  2.1498763e+06 1.19e+01 1.41e+04  -6.0 7.39e+01  -1.8 2.75e-03 2.23e-03f  1
 195  2.1494549e+06 1.19e+01 1.41e+04  -6.0 4.53e+01  -1.3 6.58e-04 4.27e-04f  1
 196  2.1482136e+06 1.19e+01 1.40e+04  -6.0 7.72e+01  -1.8 5.67e-04 1.20e-03f  1
 197  2.1474598e+06 1.19e+01 1.40e+04  -6.0 4.83e+01  -1.4 1.15e-03 7.62e-04f  1
 198  2.1458832e+06 1.19e+01 1.40e+04  -6.0 8.04e+01  -1.9 5.95e-03 1.52e-03f  1
 199  2.1438566e+06 1.18e+01 1.40e+04  -6.0 5.15e+01  -1.5 3.25e-03 2.05e-03f  1
iter    objective    inf_pr   inf_du lg(mu)  ||d||  lg(rg) alpha_du alpha_pr  ls
 200  2.1437488e+06 1.18e+01 1.40e+04  -6.0 2.68e+01  -1.0 5.72e-04 1.14e-04f  1
 201  2.1434985e+06 1.18e+01 1.40e+04  -6.0 5.43e+01  -1.5 3.60e-04 2.52e-04f  1
 202  2.1429790e+06 1.18e+01 1.40e+04  -6.0 2.89e+01  -1.1 4.54e-03 5.49e-04f  1
 203  2.1418919e+06 1.18e+01 1.40e+04  -6.0 5.75e+01  -1.6 1.15e-03 1.09e-03f  1
 204  2.1393892e+06 1.18e+01 1.39e+04  -6.0 3.14e+01  -1.1 2.02e-03 2.64e-03f  1
 205  2.1391064e+06 1.18e+01 1.39e+04  -6.0 6.07e+01  -1.6 2.26e-03 2.84e-04f  1
 206  2.1366324e+06 1.18e+01 1.39e+04  -6.0 3.40e+01  -1.2 6.05e-04 2.61e-03f  1
 207  2.1333724e+06 1.17e+01 1.38e+04  -6.0 6.38e+01  -1.7 3.32e-03 3.27e-03f  1
 208  2.1318117e+06 1.17e+01 1.38e+04  -6.0 3.62e+01  -1.2 5.47e-03 1.65e-03f  1
 209  2.1301987e+06 1.17e+01 1.38e+04  -6.0 6.67e+01  -1.7 6.83e-03 1.62e-03f  1
iter    objective    inf_pr   inf_du lg(mu)  ||d||  lg(rg) alpha_du alpha_pr  ls
 210  2.1299309e+06 1.17e+01 1.38e+04  -6.0 3.87e+01  -1.3 3.34e-03 2.83e-04f  1
 211  2.1261942e+06 1.16e+01 1.37e+04  -6.0 7.02e+01  -1.8 5.30e-04 3.75e-03f  1
 212  2.1258148e+06 1.16e+01 1.37e+04  -6.0 4.18e+01  -1.3 3.93e-04 4.01e-04f  1
 213  2.1223338e+06 1.16e+01 1.37e+04  -6.0 7.33e+01  -1.8 8.67e-04 3.50e-03f  1
 214  2.1198224e+06 1.16e+01 1.36e+04  -6.0 4.45e+01  -1.4 1.94e-03 2.66e-03f  1
 215  2.1196865e+06 1.16e+01 1.36e+04  -6.0 7.66e+01  -1.9 9.84e-04 1.37e-04f  1
 216  2.1188265e+06 1.15e+01 1.36e+04  -6.0 4.77e+01  -1.4 4.05e-04 9.08e-04f  1
 217  2.1185757e+06 1.15e+01 1.36e+04  -6.0 7.99e+01  -1.9 9.22e-04 2.52e-04f  1
 218  2.1183789e+06 1.15e+01 1.36e+04  -6.0 5.13e+01  -1.5 6.90e-04 2.07e-04f  1
 219  2.1163879e+06 1.15e+01 1.36e+04  -6.0 8.38e+01  -2.0 1.11e-03 1.99e-03f  1
iter    objective    inf_pr   inf_du lg(mu)  ||d||  lg(rg) alpha_du alpha_pr  ls
 220  2.1157285e+06 1.15e+01 1.36e+04  -6.0 5.47e+01  -1.5 1.26e-03 6.93e-04f  1
 221  2.1152733e+06 1.15e+01 1.36e+04  -6.0 2.88e+01  -1.1 1.36e-04 5.02e-04f  1
 222  2.1140719e+06 1.15e+01 1.36e+04  -6.0 5.82e+01  -1.6 9.23e-04 1.26e-03f  1
 223  2.1133537e+06 1.15e+01 1.36e+04  -6.0 3.14e+01  -1.2 3.60e-03 7.91e-04f  1
 224  2.1115591e+06 1.15e+01 1.35e+04  -6.0 6.17e+01  -1.6 4.83e-03 1.88e-03f  1
 225  2.1093083e+06 1.14e+01 1.35e+04  -6.0 3.41e+01  -1.2 5.96e-04 2.48e-03f  1
 226  2.1084973e+06 1.14e+01 1.35e+04  -6.0 6.50e+01  -1.7 2.62e-03 8.49e-04f  1
 227  2.1068251e+06 1.14e+01 1.35e+04  -6.0 3.69e+01  -1.3 3.55e-03 1.84e-03f  1
 228  2.1062559e+06 1.14e+01 1.35e+04  -6.0 6.84e+01  -1.7 6.16e-03 5.95e-04f  1
 229  2.1050334e+06 1.14e+01 1.34e+04  -6.0 3.96e+01  -1.3 1.13e-02 1.34e-03f  1
iter    objective    inf_pr   inf_du lg(mu)  ||d||  lg(rg) alpha_du alpha_pr  ls
 230  2.1027419e+06 1.13e+01 1.34e+04  -6.0 7.11e+01  -1.8 1.59e-07 2.39e-03f  1
 231  2.1024694e+06 1.13e+01 1.34e+04  -6.0 4.22e+01  -1.4 2.57e-03 2.99e-04f  1
 232  2.0998947e+06 1.13e+01 1.34e+04  -6.0 7.48e+01  -1.8 6.04e-04 2.68e-03f  1
 233  2.0991519e+06 1.13e+01 1.34e+04  -6.0 4.56e+01  -1.4 2.87e-03 8.14e-04f  1
 234  2.0966776e+06 1.13e+01 1.33e+04  -6.0 2.34e+01  -1.0 5.00e-06 2.85e-03f  1
 235  2.0940815e+06 1.12e+01 1.33e+04  -6.0 4.85e+01  -1.5 1.73e-03 2.84e-03f  1
 236  2.0938751e+06 1.12e+01 1.33e+04  -6.0 2.40e+01  -1.0 1.32e-03 2.38e-04f  1
 237  2.0924936e+06 1.12e+01 1.33e+04  -6.0 5.17e+01  -1.5 2.53e-03 1.51e-03f  1
 238  2.0901320e+06 1.12e+01 1.32e+04  -6.0 2.61e+01  -1.1 1.38e-05 2.72e-03f  1
 239  2.0901125e+06 1.12e+01 1.32e+04  -6.0 5.48e+01  -1.6 3.24e-03 2.14e-05f  1
iter    objective    inf_pr   inf_du lg(mu)  ||d||  lg(rg) alpha_du alpha_pr  ls
 240  2.0891871e+06 1.12e+01 1.32e+04  -6.0 2.85e+01  -1.1 2.22e-03 1.06e-03f  1
 241  2.0873358e+06 1.12e+01 1.32e+04  -6.0 5.83e+01  -1.6 6.63e-03 2.02e-03f  1
 242  2.0867339e+06 1.11e+01 1.32e+04  -6.0 3.10e+01  -1.2 7.30e-03 6.90e-04f  1
 243  2.0857205e+06 1.11e+01 1.32e+04  -6.0 6.17e+01  -1.7 9.15e-04 1.10e-03f  1
 244  2.0840002e+06 1.11e+01 1.31e+04  -6.0 3.39e+01  -1.2 6.82e-04 1.97e-03f  1
 245  2.0828505e+06 1.11e+01 1.31e+04  -6.0 6.52e+01  -1.7 1.30e-03 1.25e-03f  1
 246  2.0800100e+06 1.11e+01 1.31e+04  -6.0 3.66e+01  -1.3 1.46e-03 3.24e-03f  1
 247  2.0778917e+06 1.10e+01 1.30e+04  -6.0 2.25e+01  -0.9 1.63e-03 2.55e-03f  1
 248  2.0760281e+06 1.10e+01 1.30e+04  -6.0 3.95e+01  -1.4 2.14e-04 2.13e-03f  1
 249  2.0752776e+06 1.10e+01 1.30e+04  -6.0 2.31e+01  -0.9 6.99e-04 9.06e-04f  1
iter    objective    inf_pr   inf_du lg(mu)  ||d||  lg(rg) alpha_du alpha_pr  ls
 250  2.0747861e+06 1.10e+01 1.30e+04  -6.0 4.25e+01  -1.4 1.95e-03 5.62e-04f  1
 251  2.0741361e+06 1.10e+01 1.30e+04  -6.0 2.37e+01  -1.0 4.78e-04 7.82e-04f  1
 252  2.0733227e+06 1.10e+01 1.30e+04  -6.0 4.45e+01  -1.5 7.71e-04 9.26e-04f  1
 253  2.0732011e+06 1.10e+01 1.30e+04  -6.0 2.43e+01  -1.0 5.17e-03 1.46e-04f  1
 254  2.0696008e+06 1.09e+01 1.29e+04  -6.0 4.79e+01  -1.5 2.53e-03 4.08e-03f  1
 255  2.0688724e+06 1.09e+01 1.29e+04  -6.0 2.50e+01  -1.1 2.28e-03 8.73e-04f  1
 256  2.0664846e+06 1.09e+01 1.29e+04  -6.0 5.08e+01  -1.6 4.50e-04 2.71e-03f  1
 257  2.0661225e+06 1.09e+01 1.29e+04  -6.0 2.59e+01  -1.1 2.33e-03 4.34e-04f  1
 258  2.0654937e+06 1.09e+01 1.28e+04  -6.0 2.09e+01  -0.7 3.81e-04 7.93e-04f  1
 259  2.0647710e+06 1.09e+01 1.28e+04  -6.0 2.72e+01  -1.2 1.69e-03 8.63e-04f  1
iter    objective    inf_pr   inf_du lg(mu)  ||d||  lg(rg) alpha_du alpha_pr  ls
 260  2.0639646e+06 1.09e+01 1.28e+04  -6.0 2.16e+01  -0.8 1.65e-03 1.01e-03f  1
 261  2.0624535e+06 1.08e+01 1.28e+04  -6.0 2.98e+01  -1.2 4.46e-04 1.80e-03f  1
 262  2.0603543e+06 1.08e+01 1.28e+04  -6.0 2.22e+01  -0.8 1.93e-03 2.63e-03f  1
 263  2.0591866e+06 1.08e+01 1.27e+04  -6.0 3.24e+01  -1.3 1.41e-03 1.39e-03f  1
 264  2.0589022e+06 1.08e+01 1.27e+04  -6.0 2.29e+01  -0.9 3.30e-04 3.57e-04f  1
 265  2.0570618e+06 1.08e+01 1.27e+04  -6.0 3.50e+01  -1.3 1.72e-03 2.19e-03f  1
 266  2.0561011e+06 1.08e+01 1.27e+04  -6.0 2.35e+01  -0.9 8.94e-04 1.20e-03f  1
 267  2.0526647e+06 1.07e+01 1.26e+04  -6.0 3.55e+01  -1.4 1.54e-03 4.08e-03f  1
 268  2.0518652e+06 1.07e+01 1.26e+04  -6.0 2.42e+01  -1.0 4.07e-04 1.00e-03f  1
 269  2.0506242e+06 1.07e+01 1.26e+04  -6.0 3.83e+01  -1.4 7.74e-03 1.48e-03f  1
iter    objective    inf_pr   inf_du lg(mu)  ||d||  lg(rg) alpha_du alpha_pr  ls
 270  2.0502076e+06 1.07e+01 1.26e+04  -6.0 2.48e+01  -1.0 1.06e-03 5.21e-04f  1
 271  2.0500658e+06 1.07e+01 1.26e+04  -6.0 1.93e+01  -0.6 2.37e-03 1.86e-04f  1
 272  2.0495259e+06 1.07e+01 1.26e+04  -6.0 2.56e+01  -1.1 2.68e-04 6.71e-04f  1
 273  2.0488316e+06 1.07e+01 1.26e+04  -6.0 2.01e+01  -0.6 3.98e-04 9.12e-04f  1
 274  2.0473665e+06 1.06e+01 1.26e+04  -6.0 2.62e+01  -1.1 7.44e-04 1.82e-03f  1
 275  2.0468627e+06 1.06e+01 1.26e+04  -6.0 2.08e+01  -0.7 1.66e-03 6.61e-04f  1
 276  2.0465226e+06 1.06e+01 1.26e+04  -6.0 2.69e+01  -1.2 3.51e-03 4.22e-04f  1
 277  2.0454961e+06 1.06e+01 1.25e+04  -6.0 2.16e+01  -0.7 4.94e-05 1.33e-03f  1
 278  2.0450165e+06 1.06e+01 1.25e+04  -6.0 2.78e+01  -1.2 1.07e-03 5.93e-04f  1
 279  2.0445683e+06 1.06e+01 1.25e+04  -6.0 2.23e+01  -0.8 7.26e-04 5.83e-04f  1
iter    objective    inf_pr   inf_du lg(mu)  ||d||  lg(rg) alpha_du alpha_pr  ls
 280  2.0439261e+06 1.06e+01 1.25e+04  -6.0 2.97e+01  -1.3 9.59e-04 7.91e-04f  1
 281  2.0434165e+06 1.06e+01 1.25e+04  -6.0 2.30e+01  -0.8 2.35e-03 6.61e-04f  1
 282  2.0404145e+06 1.05e+01 1.25e+04  -6.0 3.16e+01  -1.3 1.12e-03 3.68e-03f  1
 283  2.0391708e+06 1.05e+01 1.24e+04  -6.0 2.36e+01  -0.9 4.65e-03 1.61e-03f  1
 284  2.0385230e+06 1.05e+01 1.24e+04  -6.0 1.78e+01  -0.5 2.16e-03 8.91e-04f  1
 285  2.0379017e+06 1.05e+01 1.24e+04  -6.0 2.43e+01  -0.9 2.04e-04 8.05e-04f  1
 286  2.0375312e+06 1.05e+01 1.24e+04  -6.0 1.85e+01  -0.5 8.47e-04 5.08e-04f  1
 287  2.0366904e+06 1.05e+01 1.24e+04  -6.0 2.49e+01  -1.0 5.34e-04 1.08e-03f  1
 288  2.0365603e+06 1.05e+01 1.24e+04  -6.0 1.92e+01  -0.6 1.48e-03 1.78e-04f  1
 289  2.0358312e+06 1.05e+01 1.24e+04  -6.0 2.55e+01  -1.0 6.43e-03 9.37e-04f  1
iter    objective    inf_pr   inf_du lg(mu)  ||d||  lg(rg) alpha_du alpha_pr  ls
 290  2.0342421e+06 1.05e+01 1.24e+04  -6.0 1.99e+01  -0.6 1.31e-03 2.16e-03f  1
 291  2.0330618e+06 1.04e+01 1.23e+04  -6.0 2.61e+01  -1.1 2.73e-03 1.52e-03f  1
 292  2.0326842e+06 1.04e+01 1.23e+04  -6.0 2.06e+01  -0.7 4.85e-03 5.13e-04f  1
 293  2.0296053e+06 1.04e+01 1.23e+04  -6.0 2.73e+01  -1.1 5.77e-04 3.94e-03f  1
 294  2.0291246e+06 1.04e+01 1.23e+04  -6.0 2.19e+01  -0.7 6.66e-03 6.54e-04f  1
 295  2.0275336e+06 1.04e+01 1.22e+04  -6.0 2.80e+01  -1.2 1.19e-02 2.04e-03f  1
 296  2.0236504e+06 1.03e+01 1.22e+04  -6.0 2.29e+01  -0.8 2.03e-03 5.27e-03f  1
 297  2.0234977e+06 1.03e+01 1.22e+04  -6.0 1.67e+01  -0.3 6.43e-03 2.24e-04f  1
 298  2.0219414e+06 1.03e+01 1.22e+04  -6.0 2.37e+01  -0.8 1.20e-04 2.12e-03f  1
 299  2.0213861e+06 1.03e+01 1.21e+04  -6.0 1.74e+01  -0.4 5.30e-03 8.10e-04f  1
iter    objective    inf_pr   inf_du lg(mu)  ||d||  lg(rg) alpha_du alpha_pr  ls
 300  2.0206316e+06 1.03e+01 1.21e+04  -6.0 2.44e+01  -0.9 8.22e-04 1.02e-03f  1

Number of Iterations....: 300

                                   (scaled)                 (unscaled)
Objective...............:   1.9887087051625516e+04    2.0206316132125834e+06
Dual infeasibility......:   1.2133775861118849e+04    1.2328548182529556e+06
Constraint violation....:   4.5703611587510267e+00    1.0273396959067762e+01
Variable bound violation:   1.0021370178137090e-08    1.0021370178137090e-08
Complementarity.........:   4.2185872869528083e+02    4.2863043808202179e+04
Overall NLP error.......:   1.2133775861118849e+04    1.2328548182529556e+06


Number of objective function evaluations             = 301
Number of objective gradient evaluations             = 301
Number of equality constraint evaluations            = 301
Number of inequality constraint evaluations          = 302
Number of equality constraint Jacobian evaluations   = 301
Number of inequality constraint Jacobian evaluations = 301
Number of Lagrangian Hessian evaluations             = 300
Total seconds in IPOPT                               = 273.324

EXIT: Maximum Number of Iterations Exceeded.

