Solver command line: ['/opt/homebrew/bin/ipopt', '/var/folders/6y/bvynbx6n3zv7z3lwg6vd724r0000gn/T/tmp16guva7a.pyomo.nl', '-AMPL', 'tol=1e-06', 'max_iter=300', 'print_level=5', 'warm_start_init_point=yes', 'warm_start_bound_push=1e-06', 'warm_start_bound_frac=1e-06', 'warm_start_mult_bound_push=1e-06', 'mu_init=1e-06', 'least_square_init_duals=no']

Ipopt 3.14.19: tol=1e-06
max_iter=300
print_level=5
warm_start_init_point=yes
warm_start_bound_push=1e-06
warm_start_bound_frac=1e-06
warm_start_mult_bound_push=1e-06
mu_init=1e-06
least_square_init_duals=no


******************************************************************************
This program contains Ipopt, a library for large-scale nonlinear optimization.
 Ipopt is released as open source code under the Eclipse Public License (EPL).
         For more information visit https://github.com/coin-or/Ipopt
******************************************************************************

This is Ipopt version 3.14.19, running with linear solver MUMPS 5.6.2.

Number of nonzeros in equality constraint Jacobian...:   408340
Number of nonzeros in inequality constraint Jacobian.:   283144
Number of nonzeros in Lagrangian Hessian.............:   231304

Total number of variables............................:    66475
                     variables with only lower bounds:        0
                variables with lower and upper bounds:    66475
                     variables with only upper bounds:        0
Total number of equality constraints.................:    60001
Total number of inequality constraints...............:    70786
        inequality constraints with only lower bounds:        0
   inequality constraints with lower and upper bounds:        0
        inequality constraints with only upper bounds:    70786

iter    objective    inf_pr   inf_du lg(mu)  ||d||  lg(rg) alpha_du alpha_pr  ls
   0  1.1423329e+06 6.72e+01 1.78e+04  -6.0 0.00e+00    -  0.00e+00 0.00e+00   0
   1r 1.1423329e+06 6.72e+01 9.99e+02   1.0 0.00e+00   2.0 0.00e+00 3.09e-07R  6
   2r 1.1438774e+06 6.71e+01 9.99e+02   1.0 4.00e+04    -  6.98e-07 1.22e-06f  1
   3r 1.1483441e+06 6.70e+01 9.99e+02   1.0 8.72e+03    -  1.29e-05 3.75e-06f  1
   4r 1.1576776e+06 6.57e+01 9.99e+02   1.0 4.82e+04    -  6.33e-05 3.29e-05f  1
   5r 1.1717493e+06 5.97e+01 9.99e+02   1.0 1.14e+04    -  6.07e-05 1.57e-04f  1
   6  1.1555465e+06 5.97e+01 1.02e+02  -6.0 1.02e+03    -  5.48e-04 4.05e-04f  1
   7  1.1525974e+06 5.97e+01 1.02e+02  -6.0 3.17e+02    -  1.74e-04 1.08e-04f  1
   8  1.1482350e+06 5.97e+01 1.02e+02  -6.0 4.52e+02    -  1.41e-04 1.63e-04f  1
   9  1.1472083e+06 5.97e+01 1.02e+02  -6.0 6.30e+02    -  2.15e-04 4.21e-05f  1
iter    objective    inf_pr   inf_du lg(mu)  ||d||  lg(rg) alpha_du alpha_pr  ls
  10  1.1472048e+06 5.97e+01 1.02e+02  -6.0 8.00e+03    -  2.31e-06 1.08e-07f  1
  11  1.1435943e+06 5.97e+01 1.02e+02  -6.0 6.54e+02    -  2.20e-04 1.66e-04f  1
  12  1.1399683e+06 5.97e+01 1.02e+02  -6.0 7.25e+02    -  5.14e-04 2.04e-04f  1
  13  1.1322370e+06 5.96e+01 1.02e+02  -6.0 7.06e+02    -  6.38e-04 5.94e-04f  1
  14  1.1237135e+06 5.96e+01 1.02e+02  -6.0 7.20e+02    -  3.57e-04 9.71e-04f  1
  15  1.1164187e+06 5.95e+01 1.02e+02  -6.0 7.27e+02    -  1.66e-03 1.14e-03f  1
  16  1.1122366e+06 5.95e+01 1.01e+02  -6.0 6.33e+02    -  2.36e-03 9.77e-04f  1
  17  1.1066100e+06 5.94e+01 1.01e+02  -6.0 5.94e+02    -  6.89e-04 1.67e-03f  1
  18  1.1035540e+06 5.93e+01 1.01e+02  -6.0 5.82e+02    -  2.92e-03 1.10e-03f  1
  19  1.1021350e+06 5.93e+01 1.01e+02  -6.0 5.66e+02    -  2.69e-03 6.11e-04f  1
iter    objective    inf_pr   inf_du lg(mu)  ||d||  lg(rg) alpha_du alpha_pr  ls
  20  1.0944298e+06 5.90e+01 1.01e+02  -6.0 5.39e+02    -  1.43e-03 3.72e-03f  1
  21  1.0899561e+06 5.89e+01 1.01e+02  -6.0 5.71e+02    -  3.52e-03 2.80e-03f  1
  22  1.0894422e+06 5.88e+01 1.01e+02  -6.0 6.80e+02    -  7.35e-04 3.78e-04f  1
  23  1.0884113e+06 5.88e+01 1.01e+02  -6.0 6.25e+02    -  2.40e-03 7.93e-04f  1
  24  1.0843818e+06 5.86e+01 1.00e+02  -6.0 6.38e+02    -  3.15e-03 3.27e-03f  1
  25  1.0838468e+06 5.86e+01 1.00e+02  -6.0 7.31e+02    -  2.71e-03 4.97e-04f  1
  26  1.0777832e+06 5.82e+01 9.96e+01  -6.0 6.48e+02    -  3.30e-03 5.95e-03f  1
  27  1.0751188e+06 5.80e+01 9.95e+01  -6.0 6.38e+02    -  5.19e-03 3.25e-03f  1
  28  1.0721657e+06 5.78e+01 9.89e+01  -6.0 7.59e+02    -  2.16e-03 3.98e-03f  1
  29  1.0720684e+06 5.78e+01 9.92e+01  -6.0 7.32e+02    -  3.51e-03 1.47e-04f  1
iter    objective    inf_pr   inf_du lg(mu)  ||d||  lg(rg) alpha_du alpha_pr  ls
  30  1.0714625e+06 5.78e+01 9.92e+01  -6.0 8.60e+02    -  1.54e-03 9.15e-04f  1
  31  1.0707927e+06 5.77e+01 9.90e+01  -6.0 6.15e+02    -  1.09e-03 1.09e-03f  1
  32  1.0704049e+06 5.76e+01 9.90e+01  -6.0 5.23e+02    -  7.14e-04 6.59e-04f  1
  33  1.0693100e+06 5.75e+01 9.88e+01  -6.0 4.93e+02    -  1.73e-03 1.89e-03f  1
  34  1.0673781e+06 5.73e+01 9.84e+01  -6.0 4.66e+02    -  2.90e-03 3.56e-03f  1
  35  1.0642865e+06 5.70e+01 9.74e+01  -6.0 5.53e+02    -  2.47e-03 6.27e-03f  1
  36  1.0624522e+06 5.67e+01 9.68e+01  -6.0 7.28e+02    -  2.02e-03 4.28e-03f  1
  37  1.0616778e+06 5.66e+01 9.66e+01  -6.0 8.51e+02    -  2.00e-03 2.01e-03f  1
  38  1.0598066e+06 5.63e+01 9.60e+01  -6.0 9.04e+02    -  3.10e-03 5.03e-03f  1
  39  1.0578471e+06 5.60e+01 9.51e+01  -6.0 1.05e+03    -  2.16e-03 5.96e-03f  1
iter    objective    inf_pr   inf_du lg(mu)  ||d||  lg(rg) alpha_du alpha_pr  ls
  40  1.0565291e+06 5.57e+01 9.45e+01  -6.0 1.18e+03    -  2.23e-03 4.75e-03f  1
  41  1.0556646e+06 5.55e+01 9.44e+01  -6.0 1.27e+03    -  6.10e-03 3.29e-03f  1
  42  1.0549497e+06 5.54e+01 9.42e+01  -6.0 1.32e+03    -  5.09e-03 2.96e-03f  1
  43  1.0543763e+06 5.52e+01 9.39e+01  -6.0 1.34e+03    -  1.15e-03 2.61e-03f  1
  44  1.0537224e+06 5.51e+01 9.37e+01  -6.0 1.38e+03    -  5.00e-03 3.05e-03f  1
  45  1.0528742e+06 5.48e+01 9.31e+01  -6.0 1.38e+03    -  1.64e-03 4.43e-03f  1
  46  1.0523403e+06 5.47e+01 9.28e+01  -6.0 1.43e+03    -  2.35e-03 3.06e-03f  1
  47  1.0514575e+06 5.44e+01 9.24e+01  -6.0 1.47e+03    -  4.98e-03 5.01e-03f  1
  48  1.0510549e+06 5.42e+01 9.21e+01  -6.0 1.48e+03    -  2.91e-03 2.72e-03f  1
  49  1.0507126e+06 5.41e+01 9.19e+01  -6.0 1.49e+03    -  1.74e-03 2.40e-03f  1
iter    objective    inf_pr   inf_du lg(mu)  ||d||  lg(rg) alpha_du alpha_pr  ls
  50  1.0494786e+06 5.36e+01 9.10e+01  -6.0 1.52e+03    -  6.31e-03 8.39e-03f  1
  51  1.0488982e+06 5.34e+01 9.06e+01  -6.0 1.54e+03    -  4.31e-03 4.61e-03f  1
  52  1.0486762e+06 5.33e+01 9.06e+01  -6.0 1.54e+03    -  6.25e-03 1.94e-03f  1
  53  1.0479060e+06 5.29e+01 8.98e+01  -6.0 1.54e+03    -  4.18e-03 6.93e-03f  1
  54  1.0473407e+06 5.26e+01 8.95e+01  -6.0 1.55e+03    -  1.06e-03 5.97e-03f  1
  55  1.0471566e+06 5.25e+01 8.91e+01  -6.0 1.57e+03    -  3.83e-03 2.18e-03f  1
  56  1.0471054e+06 5.25e+01 8.92e+01  -6.0 1.57e+03    -  1.05e-02 6.34e-04h  1
  57  1.0470778e+06 5.24e+01 8.93e+01  -6.0 1.53e+03    -  4.69e-03 3.47e-04h  1
  58  1.0470090e+06 5.24e+01 8.92e+01  -6.0 1.52e+03    -  1.67e-03 8.90e-04f  1
  59  1.0466993e+06 5.22e+01 8.88e+01  -6.0 1.52e+03    -  2.41e-03 4.09e-03f  1
iter    objective    inf_pr   inf_du lg(mu)  ||d||  lg(rg) alpha_du alpha_pr  ls
  60  1.0465371e+06 5.21e+01 8.86e+01  -6.0 1.49e+03    -  1.44e-03 2.53e-03f  1
  61  1.0464447e+06 5.20e+01 8.85e+01  -6.0 1.50e+03    -  4.19e-03 1.49e-03f  1
  62  1.0461701e+06 5.17e+01 8.81e+01  -6.0 1.50e+03    -  4.17e-03 4.61e-03f  1
  63  1.0460795e+06 5.16e+01 8.80e+01  -6.0 1.52e+03    -  9.88e-03 1.67e-03h  1
  64  1.0460057e+06 5.16e+01 8.79e+01  -6.0 1.48e+03    -  1.91e-03 1.48e-03h  1
  65  1.0459091e+06 5.15e+01 8.81e+01  -6.0 1.50e+03    -  1.48e-02 1.76e-03f  1
  66  1.0453239e+06 5.09e+01 8.69e+01  -6.0 1.47e+03    -  3.37e-03 1.18e-02f  1
  67  1.0449456e+06 5.04e+01 8.61e+01  -6.0 1.51e+03    -  1.28e-02 9.63e-03f  1
  68  1.0449066e+06 5.03e+01 8.60e+01  -6.0 1.57e+03    -  8.73e-03 1.19e-03h  1
  69  1.0447909e+06 5.01e+01 8.62e+01  -6.0 1.49e+03    -  3.05e-02 3.91e-03h  1
iter    objective    inf_pr   inf_du lg(mu)  ||d||  lg(rg) alpha_du alpha_pr  ls
  70  1.0442447e+06 4.90e+01 8.40e+01  -6.0 1.45e+03    -  1.39e-02 2.28e-02f  1
  71  1.0438806e+06 4.76e+01 8.16e+01  -6.0 1.49e+03    -  2.08e-02 2.79e-02h  1
  72  1.0438580e+06 4.70e+01 8.07e+01  -6.0 1.51e+03    -  1.81e-02 1.22e-02h  1
  73  1.0438670e+06 4.69e+01 8.06e+01  -6.0 1.51e+03    -  7.27e-03 2.13e-03h  1
  74  1.0438594e+06 4.67e+01 8.02e+01  -6.0 1.52e+03    -  8.17e-03 5.49e-03h  1
  75  1.0438675e+06 4.63e+01 7.98e+01  -6.0 1.52e+03    -  1.68e-02 7.55e-03h  1
  76  1.0439250e+06 4.60e+01 7.92e+01  -6.0 1.50e+03    -  2.80e-03 6.05e-03h  1
  77  1.0440836e+06 4.48e+01 7.69e+01  -6.0 1.52e+03    -  1.08e-02 2.58e-02h  1
  78  1.0442277e+06 4.45e+01 7.63e+01  -6.0 1.53e+03    -  7.13e-03 7.48e-03h  1
  79  1.0443163e+06 4.44e+01 7.62e+01  -6.0 1.53e+03    -  2.96e-02 3.48e-03h  1
iter    objective    inf_pr   inf_du lg(mu)  ||d||  lg(rg) alpha_du alpha_pr  ls
  80  1.0445387e+06 4.38e+01 7.51e+01  -6.0 1.52e+03    -  9.86e-03 1.29e-02h  1
  81  1.0445647e+06 4.37e+01 7.51e+01  -6.0 1.52e+03    -  4.52e-03 8.58e-04h  1
  82  1.0445822e+06 4.37e+01 7.51e+01  -6.0 1.52e+03    -  9.00e-03 5.79e-04h  1
  83  1.0447027e+06 4.35e+01 7.48e+01  -6.0 1.52e+03    -  5.22e-03 3.80e-03h  1
  84  1.0447172e+06 4.35e+01 7.48e+01  -6.0 1.54e+03    -  2.42e-02 4.30e-04h  1
  85  1.0448747e+06 4.33e+01 7.46e+01  -6.0 1.52e+03    -  2.24e-02 4.91e-03h  1
  86  1.0449056e+06 4.33e+01 7.47e+01  -6.0 1.51e+03    -  3.88e-02 9.27e-04h  1
  87  1.0451245e+06 4.30e+01 7.42e+01  -6.0 1.52e+03    -  2.36e-03 6.24e-03h  1
  88  1.0455879e+06 4.22e+01 7.26e+01  -6.0 1.54e+03    -  6.92e-03 1.79e-02h  1
  89  1.0456227e+06 4.22e+01 7.26e+01  -6.0 1.55e+03    -  1.04e-02 8.90e-04h  1
iter    objective    inf_pr   inf_du lg(mu)  ||d||  lg(rg) alpha_du alpha_pr  ls
  90  1.0459112e+06 4.19e+01 7.21e+01  -6.0 1.52e+03    -  1.40e-02 6.44e-03h  1
  91  1.0459936e+06 4.18e+01 7.20e+01  -6.0 1.53e+03    -  4.59e-03 1.97e-03h  1
  92  1.0460171e+06 4.18e+01 7.20e+01  -6.0 1.56e+03    -  5.23e-03 8.02e-04h  1
  93  1.0461117e+06 4.17e+01 7.19e+01  -6.0 1.54e+03    -  5.31e-03 2.24e-03h  1
  94  1.0463346e+06 4.15e+01 7.15e+01  -6.0 1.55e+03    -  8.97e-03 4.92e-03h  1
  95  1.0463974e+06 4.14e+01 7.14e+01  -6.0 1.55e+03    -  1.59e-03 1.92e-03h  1
  96  1.0465623e+06 4.13e+01 7.11e+01  -6.0 1.54e+03    -  4.15e-03 3.66e-03h  1
  97  1.0467523e+06 4.11e+01 7.08e+01  -6.0 1.54e+03    -  1.33e-02 3.90e-03h  1
  98  1.0470316e+06 4.09e+01 7.04e+01  -6.0 1.55e+03    -  8.48e-03 5.90e-03h  1
  99  1.0472067e+06 4.07e+01 7.01e+01  -6.0 1.55e+03    -  4.30e-03 3.54e-03h  1
iter    objective    inf_pr   inf_du lg(mu)  ||d||  lg(rg) alpha_du alpha_pr  ls
 100  1.0473543e+06 4.06e+01 6.98e+01  -6.0 1.55e+03    -  2.89e-02 2.94e-03h  1
 101  1.0474659e+06 4.05e+01 6.97e+01  -6.0 1.58e+03    -  6.43e-04 2.18e-03h  1
 102  1.0478229e+06 4.02e+01 6.92e+01  -6.0 1.59e+03    -  5.39e-03 7.23e-03h  1
 103  1.0481516e+06 4.00e+01 6.87e+01  -6.0 1.60e+03    -  1.32e-02 6.57e-03h  1
 104  1.0487641e+06 3.95e+01 6.79e+01  -6.0 1.61e+03    -  8.53e-03 1.23e-02h  1
 105r 1.0487641e+06 3.95e+01 9.99e+02   1.1 0.00e+00    -  0.00e+00 4.73e-07R  5
 106r 1.0479957e+06 3.95e+01 9.99e+02   1.1 3.64e+06    -  1.43e-06 1.73e-07f  1
 107r 1.0480248e+06 3.95e+01 9.99e+02   1.1 4.61e+05    -  4.57e-05 2.48e-07f  1
 108r 1.0477546e+06 3.94e+01 9.99e+02   1.1 3.91e+05    -  5.49e-05 2.70e-06f  1
 109r 1.0478569e+06 3.94e+01 9.99e+02   1.1 3.44e+05    -  3.16e-05 2.26e-06f  1
iter    objective    inf_pr   inf_du lg(mu)  ||d||  lg(rg) alpha_du alpha_pr  ls
 110r 1.0493021e+06 3.79e+01 9.99e+02   1.1 3.23e+05    -  3.42e-05 1.38e-04f  1
 111r 1.0540485e+06 3.26e+01 9.99e+02   1.1 2.74e+05    -  1.12e-04 4.95e-04f  1
 112r 1.0586845e+06 2.69e+01 9.98e+02   1.1 1.57e+05    -  3.55e-04 6.12e-04f  1
 113  1.0589112e+06 2.69e+01 1.15e+02  -6.0 9.12e+00   1.5 8.65e-04 8.78e-04h  1
 114  1.0589353e+06 2.69e+01 1.15e+02  -6.0 1.27e+01   1.0 1.32e-03 9.53e-05h  1
 115  1.0592354e+06 2.68e+01 1.14e+02  -6.0 1.89e+01   0.6 1.52e-03 1.34e-03h  1
 116  1.0592424e+06 2.68e+01 1.14e+02  -6.0 2.51e+01   0.1 2.40e-03 3.53e-05h  1
 117  1.0592977e+06 2.68e+01 1.14e+02  -6.0 1.41e+01   0.5 8.90e-04 2.22e-04h  1
 118  1.0593651e+06 2.68e+01 1.14e+02  -6.0 2.00e+01   0.0 1.18e-03 3.14e-04h  1
 119  1.0594952e+06 2.68e+01 1.14e+02  -6.0 1.39e+01   0.5 8.01e-04 5.08e-04h  1
iter    objective    inf_pr   inf_du lg(mu)  ||d||  lg(rg) alpha_du alpha_pr  ls
 120  1.0596494e+06 2.68e+01 1.14e+02  -6.0 1.03e+01   0.9 2.51e-04 5.15e-04h  1
 121  1.0597322e+06 2.68e+01 1.13e+02  -6.0 1.49e+01   0.4 2.12e-03 3.15e-04h  1
 122  1.0598835e+06 2.68e+01 1.13e+02  -6.0 1.08e+01   0.8 1.78e-03 4.88e-04h  1
 123  1.0601234e+06 2.68e+01 1.13e+02  -6.0 1.36e+01   0.4 1.20e-03 8.42e-04h  1
 124  1.0601453e+06 2.68e+01 1.13e+02  -6.0 1.25e+01   0.8 2.70e-03 6.74e-05h  1
 125  1.0605519e+06 2.67e+01 1.13e+02  -6.0 1.42e+01   0.3 1.32e-04 1.35e-03h  1
 126  1.0606827e+06 2.67e+01 1.13e+02  -6.0 1.31e+01   0.7 2.09e-03 3.87e-04h  1
 127  1.0607957e+06 2.67e+01 1.12e+02  -6.0 1.55e+01   0.3 2.90e-03 3.62e-04h  1
 128  1.0608179e+06 2.67e+01 1.12e+02  -6.0 1.50e+01   0.7 2.19e-03 6.33e-05h  1
 129  1.0613209e+06 2.67e+01 1.12e+02  -6.0 1.43e+01   1.1 9.86e-04 1.30e-03h  1
iter    objective    inf_pr   inf_du lg(mu)  ||d||  lg(rg) alpha_du alpha_pr  ls
 130  1.0615584e+06 2.66e+01 1.12e+02  -6.0 1.59e+01   0.6 3.05e-03 6.53e-04h  1
 131  1.0619338e+06 2.66e+01 1.11e+02  -6.0 1.58e+01   1.1 3.03e-03 9.23e-04h  1
 132  1.0623291e+06 2.66e+01 1.11e+02  -6.0 1.73e+01   0.6 2.78e-03 1.02e-03h  1
 133  1.0628070e+06 2.66e+01 1.11e+02  -6.0 1.68e+01   1.0 6.49e-04 1.08e-03h  1
 134  1.0631297e+06 2.65e+01 1.11e+02  -6.0 1.79e+01   0.5 8.03e-04 7.62e-04h  1
 135  1.0632894e+06 2.65e+01 1.10e+02  -6.0 1.72e+01   1.0 3.39e-03 3.43e-04h  1
 136  1.0637973e+06 2.65e+01 1.10e+02  -6.0 1.78e+01   0.5 2.02e-03 1.14e-03h  1
 137  1.0638145e+06 2.65e+01 1.10e+02  -6.0 1.61e+01   0.9 5.99e-04 3.62e-05h  1
 138  1.0639215e+06 2.65e+01 1.10e+02  -6.0 1.41e+01   1.3 6.67e-04 2.08e-04h  1
 139  1.0644059e+06 2.65e+01 1.10e+02  -6.0 1.50e+01   0.9 1.53e-03 9.85e-04h  1
iter    objective    inf_pr   inf_du lg(mu)  ||d||  lg(rg) alpha_du alpha_pr  ls
 140  1.0645155e+06 2.65e+01 1.10e+02  -6.0 1.39e+01   1.3 1.33e-03 2.08e-04h  1
 141  1.0653347e+06 2.64e+01 1.09e+02  -6.0 1.43e+01   0.8 2.63e-03 1.63e-03h  1
 142  1.0653739e+06 2.64e+01 1.09e+02  -6.0 1.42e+01   1.2 1.12e-03 7.31e-05h  1
 143  1.0660952e+06 2.64e+01 1.09e+02  -6.0 1.44e+01   0.8 2.73e-03 1.40e-03h  1
 144  1.0665313e+06 2.64e+01 1.09e+02  -6.0 1.43e+01   1.2 3.11e-03 7.95e-04h  1
 145  1.0668609e+06 2.63e+01 1.08e+02  -6.0 1.61e+01   0.7 3.03e-03 6.12e-04h  1
 146  1.0672291e+06 2.63e+01 1.08e+02  -6.0 1.54e+01   1.1 1.51e-03 6.36e-04h  1
 147  1.0677787e+06 2.63e+01 1.08e+02  -6.0 1.65e+01   0.7 1.19e-03 9.79e-04h  1
 148  1.0682671e+06 2.63e+01 1.08e+02  -6.0 1.59e+01   1.1 2.53e-03 8.35e-04h  1
 149  1.0684790e+06 2.63e+01 1.07e+02  -6.0 1.79e+01   0.6 4.42e-03 3.78e-04h  1
iter    objective    inf_pr   inf_du lg(mu)  ||d||  lg(rg) alpha_du alpha_pr  ls
 150  1.0691066e+06 2.62e+01 1.07e+02  -6.0 1.85e+01   1.0 2.13e-03 1.05e-03h  1
 151  1.0698652e+06 2.62e+01 1.07e+02  -6.0 2.05e+01   0.6 1.32e-03 1.32e-03h  1
 152  1.0701465e+06 2.62e+01 1.07e+02  -6.0 1.84e+01   1.0 6.48e-04 4.51e-04h  1
 153  1.0703043e+06 2.62e+01 1.07e+02  -6.0 1.76e+01   1.4 2.85e-03 2.53e-04h  1
 154  1.0707721e+06 2.62e+01 1.06e+02  -6.0 1.90e+01   0.9 4.12e-04 7.48e-04h  1
 155  1.0708215e+06 2.62e+01 1.06e+02  -6.0 1.85e+01   1.4 3.23e-03 7.70e-05h  1
 156  1.0721317e+06 2.61e+01 1.06e+02  -6.0 1.99e+01   0.9 8.15e-04 2.04e-03h  1
 157  1.0732273e+06 2.61e+01 1.06e+02  -6.0 1.93e+01   1.3 3.60e-03 1.67e-03h  1
 158  1.0736891e+06 2.61e+01 1.05e+02  -6.0 2.00e+01   0.8 3.46e-03 7.16e-04h  1
 159  1.0746599e+06 2.60e+01 1.22e+02  -6.0 1.99e+01   1.2 1.56e-03 1.45e-03h  1
iter    objective    inf_pr   inf_du lg(mu)  ||d||  lg(rg) alpha_du alpha_pr  ls
 160  1.0760808e+06 2.60e+01 1.34e+02  -6.0 2.03e+01   0.8 2.47e-03 2.20e-03h  1
 161  1.0760945e+06 2.60e+01 1.34e+02  -6.0 2.03e+01   1.2 6.03e-03 2.06e-05h  1
 162  1.0787325e+06 2.59e+01 1.66e+02  -6.0 2.06e+01   0.7 5.61e-03 4.11e-03h  1
 163  1.0787433e+06 2.59e+01 1.66e+02  -6.0 2.41e+01   1.1 6.19e-03 1.59e-05h  1
 164  1.0796411e+06 2.58e+01 2.39e+02  -6.0 2.39e+01   1.6 2.24e-03 1.31e-03h  1
 165  1.0812626e+06 2.58e+01 3.44e+02  -6.0 2.55e+01   1.1 3.32e-03 2.35e-03h  1
 166  1.0816637e+06 2.57e+01 3.63e+02  -6.0 2.58e+01   1.5 4.52e-03 5.79e-04h  1
 167  1.0827715e+06 2.57e+01 4.12e+02  -6.0 2.73e+01   1.0 1.62e-03 1.59e-03h  1
 168  1.0832777e+06 2.57e+01 4.43e+02  -6.0 2.72e+01   1.5 4.18e-03 7.18e-04h  1
 169  1.0838955e+06 2.57e+01 4.57e+02  -6.0 2.88e+01   1.0 2.93e-03 8.80e-04h  1
iter    objective    inf_pr   inf_du lg(mu)  ||d||  lg(rg) alpha_du alpha_pr  ls
 170  1.0840290e+06 2.57e+01 4.59e+02  -6.0 2.79e+01   1.4 1.72e-03 1.86e-04h  1
 171  1.0863706e+06 2.56e+01 6.26e+02  -6.0 2.86e+01   0.9 5.52e-04 3.30e-03h  1
 172  1.0869228e+06 2.56e+01 6.54e+02  -6.0 2.86e+01   1.4 1.91e-03 7.66e-04h  1
 173  1.0872435e+06 2.55e+01 6.79e+02  -6.0 2.81e+01   1.8 5.16e-03 4.52e-04h  1
 174  1.0888203e+06 2.55e+01 8.76e+02  -6.0 2.93e+01   1.3 1.38e-03 2.17e-03h  1
 175  1.0889091e+06 2.55e+01 8.78e+02  -6.0 3.17e+01   1.7 2.64e-03 1.22e-04h  1
 176  1.0901332e+06 2.54e+01 1.00e+03  -6.0 3.12e+01   1.3 2.24e-03 1.66e-03h  1
 177  1.0904919e+06 2.54e+01 1.03e+03  -6.0 3.30e+01   1.7 4.44e-04 4.88e-04h  1
 178  1.0910023e+06 2.54e+01 1.05e+03  -6.0 3.20e+01   1.2 2.48e-03 6.97e-04h  1
 179  1.0923327e+06 2.54e+01 1.41e+03  -6.0 3.30e+01   1.6 1.18e-03 1.80e-03h  1
iter    objective    inf_pr   inf_du lg(mu)  ||d||  lg(rg) alpha_du alpha_pr  ls
 180  1.0927452e+06 2.53e+01 1.42e+03  -6.0 3.30e+01   1.2 1.34e-03 5.61e-04h  1
 181  1.0931023e+06 2.53e+01 1.44e+03  -6.0 3.24e+01   1.6 1.02e-03 4.76e-04h  1
 182  1.0935300e+06 2.53e+01 1.44e+03  -6.0 3.27e+01   1.1 1.08e-03 5.72e-04h  1
 183  1.0939085e+06 2.53e+01 1.46e+03  -6.0 3.22e+01   1.5 1.48e-03 5.00e-04h  1
 184  1.0947419e+06 2.53e+01 1.48e+03  -6.0 3.25e+01   1.1 3.04e-03 1.11e-03h  1
 185  1.0954411e+06 2.53e+01 1.53e+03  -6.0 3.25e+01   1.5 3.91e-03 9.20e-04h  1
 186  1.0960813e+06 2.52e+01 1.66e+03  -6.0 3.32e+01   1.9 1.39e-03 8.55e-04h  1
 187  1.0962624e+06 2.52e+01 1.66e+03  -6.0 3.30e+01   1.4 2.34e-03 2.36e-04h  1
 188  1.0970748e+06 2.52e+01 1.85e+03  -6.0 3.30e+01   1.9 4.15e-03 1.07e-03h  1
 189  1.0977631e+06 2.52e+01 1.88e+03  -6.0 3.34e+01   1.4 3.09e-03 8.88e-04h  1
iter    objective    inf_pr   inf_du lg(mu)  ||d||  lg(rg) alpha_du alpha_pr  ls
 190  1.0979318e+06 2.52e+01 1.88e+03  -6.0 3.33e+01   1.8 5.07e-03 2.21e-04h  1
 191  1.0993548e+06 2.51e+01 2.00e+03  -6.0 3.39e+01   1.3 1.38e-03 1.85e-03h  1
 192  1.0993921e+06 2.51e+01 2.00e+03  -6.0 3.50e+01   1.8 3.75e-03 4.81e-05h  1
 193  1.1023948e+06 2.50e+01 2.47e+03  -6.0 3.54e+01   1.3 2.22e-03 3.83e-03h  1
 194  1.1030477e+06 2.50e+01 2.55e+03  -6.0 3.56e+01   1.7 6.84e-03 8.39e-04h  1
 195  1.1037346e+06 2.50e+01 2.57e+03  -6.0 3.65e+01   1.2 5.10e-04 8.84e-04h  1
 196  1.1044971e+06 2.50e+01 2.66e+03  -6.0 3.62e+01   1.7 4.65e-03 9.77e-04h  1
 197  1.1050930e+06 2.49e+01 2.84e+03  -6.0 3.75e+01   2.1 5.00e-03 7.78e-04h  1
 198  1.1060438e+06 2.49e+01 2.96e+03  -6.0 3.79e+01   1.6 4.75e-03 1.23e-03h  1
 199  1.1068655e+06 2.49e+01 3.26e+03  -6.0 3.81e+01   2.0 3.60e-03 1.07e-03h  1
iter    objective    inf_pr   inf_du lg(mu)  ||d||  lg(rg) alpha_du alpha_pr  ls
 200  1.1084163e+06 2.48e+01 3.52e+03  -6.0 3.96e+01   1.6 4.27e-03 2.01e-03h  1
 201  1.1091962e+06 2.48e+01 3.75e+03  -6.0 3.88e+01   2.0 3.55e-03 1.02e-03h  1
 202  1.1098431e+06 2.48e+01 3.78e+03  -6.0 4.07e+01   1.5 6.37e-04 8.33e-04h  1
 203  1.1105897e+06 2.48e+01 3.96e+03  -6.0 3.96e+01   1.9 2.46e-03 9.71e-04h  1
 204  1.1123553e+06 2.47e+01 4.15e+03  -6.0 4.07e+01   1.5 3.06e-03 2.26e-03h  1
 205  1.1127154e+06 2.47e+01 4.18e+03  -6.0 4.03e+01   1.9 4.58e-03 4.67e-04h  1
 206  1.1135220e+06 2.47e+01 4.72e+03  -6.0 3.96e+01   2.3 3.22e-03 1.07e-03h  1
 207  1.1144888e+06 2.46e+01 4.91e+03  -6.0 4.11e+01   1.8 4.87e-03 1.25e-03h  1
 208  1.1153131e+06 2.46e+01 5.36e+03  -6.0 4.05e+01   2.3 1.96e-03 1.09e-03h  1
 209  1.1154569e+06 2.46e+01 5.36e+03  -6.0 4.18e+01   1.8 4.43e-03 1.85e-04h  1
iter    objective    inf_pr   inf_du lg(mu)  ||d||  lg(rg) alpha_du alpha_pr  ls
 210  1.1180968e+06 2.45e+01 9.26e+03  -6.0 4.10e+01   2.2 2.25e-04 3.45e-03h  1
 211  1.1182645e+06 2.45e+01 9.26e+03  -6.0 4.25e+01   1.7 4.62e-03 2.17e-04h  1
 212  1.1192809e+06 2.45e+01 9.70e+03  -6.0 4.17e+01   2.2 3.93e-03 1.33e-03h  1
 213  1.1199961e+06 2.45e+01 9.74e+03  -6.0 4.29e+01   1.7 3.06e-03 9.22e-04h  1
 214  1.1205197e+06 2.44e+01 9.83e+03  -6.0 4.21e+01   2.1 5.41e-03 6.80e-04h  1
 215  1.1236299e+06 2.44e+01 1.05e+04  -6.0 4.31e+01   1.6 5.13e-03 4.00e-03h  1
 216  1.1246687e+06 2.43e+01 1.08e+04  -6.0 4.25e+01   2.0 3.39e-03 1.35e-03h  1
 217  1.1267737e+06 2.43e+01 1.09e+04  -6.0 4.29e+01   1.6 3.63e-03 2.72e-03h  1
 218  1.1267840e+06 2.43e+01 1.09e+04  -6.0 4.29e+01   2.0 4.12e-03 1.33e-05h  1
 219  1.1285683e+06 2.42e+01 1.10e+04  -6.0 4.26e+01   1.5 1.95e-03 2.30e-03h  1
iter    objective    inf_pr   inf_du lg(mu)  ||d||  lg(rg) alpha_du alpha_pr  ls
 220  1.1297348e+06 2.42e+01 1.13e+04  -6.0 4.31e+01   1.9 6.82e-03 1.51e-03h  1
 221  1.1308106e+06 2.41e+01 1.13e+04  -6.0 4.26e+01   1.5 4.92e-03 1.40e-03h  1
 222  1.1315063e+06 2.41e+01 1.14e+04  -6.0 4.36e+01   1.9 1.96e-03 9.04e-04h  1
 223  1.1318853e+06 2.41e+01 1.14e+04  -6.0 4.27e+01   1.4 1.16e-03 4.92e-04h  1
 224  1.1328135e+06 2.41e+01 1.14e+04  -6.0 4.39e+01   1.8 2.74e-03 1.20e-03h  1
 225  1.1340302e+06 2.40e+01 1.14e+04  -6.0 4.29e+01   1.4 1.89e-03 1.58e-03h  1
 226  1.1359172e+06 2.40e+01 1.18e+04  -6.0 4.46e+01   1.8 3.77e-03 2.45e-03h  1
 227  1.1377831e+06 2.39e+01 1.17e+04  -6.0 4.47e+01   1.3 5.99e-04 2.45e-03h  1
 228  1.1379877e+06 2.39e+01 1.17e+04  -6.0 4.69e+01   1.7 8.91e-03 2.68e-04h  1
 229  1.1381421e+06 2.39e+01 1.17e+04  -6.0 4.70e+01   2.2 4.09e-03 2.03e-04h  1
iter    objective    inf_pr   inf_du lg(mu)  ||d||  lg(rg) alpha_du alpha_pr  ls
 230  1.1394018e+06 2.39e+01 1.17e+04  -6.0 4.97e+01   1.7 3.26e-04 1.63e-03h  1
 231  1.1397528e+06 2.38e+01 1.17e+04  -6.0 4.90e+01   2.1 2.69e-03 4.56e-04h  1
 232  1.1409707e+06 2.38e+01 1.17e+04  -6.0 5.05e+01   1.6 1.04e-03 1.57e-03h  1
 233  1.1422386e+06 2.38e+01 1.17e+04  -6.0 5.04e+01   2.1 2.71e-03 1.64e-03h  1
 234  1.1425667e+06 2.38e+01 1.17e+04  -6.0 5.13e+01   1.6 8.89e-03 4.27e-04h  1
 235  1.1427222e+06 2.38e+01 1.17e+04  -6.0 5.19e+01   2.0 2.73e-04 2.02e-04h  1
 236  1.1441108e+06 2.37e+01 1.17e+04  -6.0 5.21e+01   1.5 1.26e-03 1.82e-03h  1
 237  1.1445293e+06 2.37e+01 1.17e+04  -6.0 5.34e+01   2.0 3.18e-03 5.47e-04h  1
 238  1.1450387e+06 2.37e+01 1.17e+04  -6.0 5.52e+01   1.5 1.05e-03 6.77e-04h  1
 239  1.1473722e+06 2.36e+01 1.16e+04  -6.0 5.51e+01   1.9 1.97e-03 3.06e-03h  1
iter    objective    inf_pr   inf_du lg(mu)  ||d||  lg(rg) alpha_du alpha_pr  ls
 240  1.1477261e+06 2.36e+01 1.16e+04  -6.0 5.79e+01   1.4 2.11e-03 4.80e-04h  1
 241  1.1485034e+06 2.36e+01 1.16e+04  -6.0 5.82e+01   1.9 4.86e-03 1.03e-03h  1
 242  1.1501153e+06 2.35e+01 1.16e+04  -6.0 5.80e+01   2.3 8.06e-04 2.15e-03h  1
 243r 1.1501153e+06 2.35e+01 1.00e+03   0.8 0.00e+00   1.8 0.00e+00 1.07e-08R  2
 244r 1.1501871e+06 2.35e+01 1.00e+03   0.8 8.39e+06    -  5.53e-07 1.48e-08f  1
 245r 1.1501442e+06 2.35e+01 9.99e+02   0.8 7.63e+04    -  1.41e-03 9.91e-06f  1
 246r 1.1287059e+06 1.49e+01 9.98e+02   0.8 1.20e+05    -  6.94e-04 1.82e-03f  1
 247r 1.1176239e+06 1.13e+01 9.90e+02   0.8 9.39e+04    -  8.75e-03 2.02e-03f  1
 248r 1.1167656e+06 9.84e+00 9.64e+02   0.8 3.52e+04    -  2.87e-02 3.89e-03f  1
 249r 1.1225908e+06 8.51e+00 9.23e+02   0.8 3.92e+03    -  4.50e-02 8.86e-03f  1
iter    objective    inf_pr   inf_du lg(mu)  ||d||  lg(rg) alpha_du alpha_pr  ls
 250r 1.1760153e+06 3.34e+00 7.50e+02   0.8 8.43e+02    -  5.48e-01 8.20e-02f  1
 251r 1.2138983e+06 2.54e+00 5.83e+02   0.8 3.06e+02    -  4.94e-01 1.48e-01f  1
 252r 1.3227922e+06 1.40e+00 5.61e+02   0.8 2.33e+02    -  8.59e-01 3.91e-01f  1
 253r 1.6899917e+06 9.21e-01 2.26e+03   0.8 1.48e+02    -  1.00e+00 1.00e+00f  1
 254r 1.8125364e+06 9.93e-01 7.94e+01   0.8 5.99e+01    -  1.00e+00 1.00e+00f  1
 255r 1.7828217e+06 4.63e-01 7.87e+02   0.1 1.62e+02    -  7.15e-01 7.85e-01f  1
 256r 1.8255710e+06 1.98e-01 4.54e+02   0.1 4.12e+02    -  4.02e-01 8.04e-01f  1
 257r 1.8341850e+06 1.68e-01 2.20e+02   0.1 7.99e+01    -  8.13e-01 5.11e-01f  1
 258r 1.8202686e+06 1.22e-01 9.67e+00   0.1 1.55e+01    -  1.00e+00 1.00e+00f  1
 259  1.6668047e+06 1.16e-01 1.13e+02  -6.0 6.47e+02    -  6.04e-02 5.43e-02f  1
iter    objective    inf_pr   inf_du lg(mu)  ||d||  lg(rg) alpha_du alpha_pr  ls
 260  1.5897606e+06 1.12e-01 1.10e+02  -6.0 5.45e+02    -  7.50e-02 3.14e-02f  1
 261  1.4817884e+06 1.05e-01 1.03e+02  -6.0 4.21e+02    -  1.07e-01 6.20e-02f  1
 262  1.3785878e+06 9.46e-02 1.18e+02  -6.0 3.39e+02    -  1.62e-01 9.94e-02f  1
 263  1.3309204e+06 8.65e-02 1.15e+02  -6.0 3.08e+02    -  1.99e-01 8.60e-02f  1
 264  1.2715283e+06 7.21e-02 9.76e+01  -6.0 2.88e+02    -  1.37e-01 1.66e-01f  1
 265  1.2489093e+06 6.44e-02 8.67e+01  -6.0 2.41e+02    -  1.88e-01 1.07e-01f  1
 266  1.2245669e+06 5.38e-02 8.85e+01  -6.0 2.31e+02    -  2.38e-01 1.63e-01f  1
 267  1.2056120e+06 4.44e-02 8.08e+01  -6.0 2.17e+02    -  1.41e-01 1.74e-01f  1
 268  1.1865488e+06 3.82e-02 6.57e+01  -6.0 1.98e+02    -  1.55e-01 2.28e-01f  1
 269  1.1839301e+06 3.69e-02 6.28e+01  -6.0 1.75e+02    -  2.78e-01 4.19e-02f  1
iter    objective    inf_pr   inf_du lg(mu)  ||d||  lg(rg) alpha_du alpha_pr  ls
 270  1.1719334e+06 3.45e-02 4.53e+01  -6.0 2.47e+02    -  1.68e-01 1.87e-01f  1
 271  1.1718622e+06 3.39e-02 4.48e+01  -6.0 6.60e-01   1.3 7.62e-02 1.73e-02h  1
 272  1.1682552e+06 3.20e-02 4.21e+01  -6.0 1.95e+02    -  1.57e-01 6.71e-02f  1
 273  1.1673165e+06 3.13e-02 4.12e+01  -6.0 1.68e+02    -  1.28e-02 2.08e-02f  1
 274  1.1640442e+06 2.92e-02 3.80e+01  -6.0 1.55e+02    -  3.70e-02 7.68e-02f  1
 275  1.1639845e+06 2.92e-02 3.79e+01  -6.0 1.39e+02    -  5.09e-02 1.89e-03f  1
 276  1.1625009e+06 2.83e-02 3.67e+01  -6.0 2.99e+02    -  2.65e-03 3.27e-02f  1
 277  1.1624803e+06 2.83e-02 3.66e+01  -6.0 1.32e+02    -  4.06e-02 7.25e-04h  1
 278  1.1618273e+06 2.76e-02 3.58e+01  -6.0 1.31e+02    -  1.74e-02 2.29e-02f  1
 279  1.1615734e+06 2.74e-02 3.54e+01  -6.0 1.28e+02    -  1.96e-02 9.23e-03f  1
iter    objective    inf_pr   inf_du lg(mu)  ||d||  lg(rg) alpha_du alpha_pr  ls
 280  1.1613911e+06 2.72e-02 3.52e+01  -6.0 2.10e+02    -  8.20e-04 5.39e-03f  1
 281  1.1612959e+06 2.71e-02 3.51e+01  -6.0 1.25e+02    -  6.65e-03 3.24e-03f  1
 282  1.1611062e+06 2.69e-02 3.49e+01  -6.0 1.25e+02    -  6.52e-03 7.32e-03f  1
 283  1.1610118e+06 2.69e-02 3.48e+01  -6.0 1.24e+02    -  1.91e-03 3.28e-03f  1
 284  1.1609154e+06 2.68e-02 3.46e+01  -6.0 1.23e+02    -  2.00e-02 3.69e-03f  1
 285  1.1603438e+06 2.62e-02 3.38e+01  -6.0 1.23e+02    -  2.17e-02 2.27e-02f  1
 286  1.1594934e+06 2.62e-02 3.25e+01  -6.0 1.19e+02    -  3.25e-02 3.53e-02f  1
 287  1.1591253e+06 2.63e-02 3.20e+01  -6.0 1.14e+02    -  4.53e-02 1.55e-02f  1
 288  1.1588501e+06 2.61e-02 3.17e+01  -6.0 2.61e+02    -  1.02e-03 8.72e-03f  1
 289  1.1583590e+06 2.61e-02 3.10e+01  -6.0 1.09e+02    -  5.48e-02 2.30e-02f  1
iter    objective    inf_pr   inf_du lg(mu)  ||d||  lg(rg) alpha_du alpha_pr  ls
 290  1.1578819e+06 2.59e-02 3.02e+01  -6.0 1.06e+02    -  4.78e-02 2.31e-02f  1
 291  1.1567849e+06 2.53e-02 2.84e+01  -6.0 1.02e+02    -  2.15e-02 5.47e-02f  1
 292  1.1556434e+06 2.44e-02 2.63e+01  -6.0 9.47e+01    -  5.80e-02 6.31e-02f  1
 293  1.1550411e+06 2.39e-02 2.55e+01  -6.0 1.51e+02    -  1.14e-02 2.94e-02f  1
 294  1.1544616e+06 2.33e-02 2.48e+01  -6.0 2.45e+02    -  2.44e-02 2.56e-02f  1
 295  1.1543898e+06 2.33e-02 2.47e+01  -6.0 7.89e+01    -  5.42e-02 4.58e-03f  1
 296  1.1541863e+06 2.30e-02 2.44e+01  -6.0 7.67e+01    -  2.98e-03 1.21e-02f  1
 297  1.1541086e+06 2.30e-02 2.43e+01  -6.0 1.57e+02    -  3.23e-03 4.14e-03f  1
 298  1.1539273e+06 2.28e-02 2.41e+01  -6.0 1.62e+02    -  1.07e-02 9.66e-03f  1
 299  1.1537717e+06 2.26e-02 2.39e+01  -6.0 2.51e+02    -  5.24e-03 7.41e-03f  1
iter    objective    inf_pr   inf_du lg(mu)  ||d||  lg(rg) alpha_du alpha_pr  ls
 300  1.1534866e+06 2.23e-02 2.35e+01  -6.0 2.15e+02    -  1.81e-02 1.44e-02f  1

Number of Iterations....: 300

                                   (scaled)                 (unscaled)
Objective...............:   1.3848521027668092e+04    1.1534866301367232e+06
Dual infeasibility......:   2.3525343226794032e+01    1.9594994171051785e+03
Constraint violation....:   2.2326364115009767e-02    2.2326364115009767e-02
Variable bound violation:   2.3864721754307539e-08    2.3864721754307539e-08
Complementarity.........:   4.9739477179788480e+02    4.1429566234725680e+04
Overall NLP error.......:   4.9739477179788480e+02    4.1429566234725680e+04


Number of objective function evaluations             = 314
Number of objective gradient evaluations             = 278
Number of equality constraint evaluations            = 314
Number of inequality constraint evaluations          = 315
Number of equality constraint Jacobian evaluations   = 304
Number of inequality constraint Jacobian evaluations = 304
Number of Lagrangian Hessian evaluations             = 300
Total seconds in IPOPT                               = 259.577

EXIT: Maximum Number of Iterations Exceeded.

