Solver command line: ['/opt/homebrew/bin/ipopt', '/var/folders/6y/bvynbx6n3zv7z3lwg6vd724r0000gn/T/tmp7ey1sahk.pyomo.nl', '-AMPL', 'tol=1e-06', 'max_iter=300', 'print_level=5', 'warm_start_init_point=yes', 'warm_start_bound_push=1e-06', 'warm_start_bound_frac=1e-06', 'warm_start_mult_bound_push=1e-06', 'mu_init=1e-06', 'least_square_init_duals=no']

Ipopt 3.14.19: tol=1e-06
max_iter=300
print_level=5
warm_start_init_point=yes
warm_start_bound_push=1e-06
warm_start_bound_frac=1e-06
warm_start_mult_bound_push=1e-06
mu_init=1e-06
least_square_init_duals=no


******************************************************************************
This program contains Ipopt, a library for large-scale nonlinear optimization.
 Ipopt is released as open source code under the Eclipse Public License (EPL).
         For more information visit https://github.com/coin-or/Ipopt
******************************************************************************

This is Ipopt version 3.14.19, running with linear solver MUMPS 5.6.2.

Number of nonzeros in equality constraint Jacobian...:   408340
Number of nonzeros in inequality constraint Jacobian.:   283144
Number of nonzeros in Lagrangian Hessian.............:   231304

Total number of variables............................:    66475
                     variables with only lower bounds:        0
                variables with lower and upper bounds:    66475
                     variables with only upper bounds:        0
Total number of equality constraints.................:    60001
Total number of inequality constraints...............:    70786
        inequality constraints with only lower bounds:        0
   inequality constraints with lower and upper bounds:        0
        inequality constraints with only upper bounds:    70786

iter    objective    inf_pr   inf_du lg(mu)  ||d||  lg(rg) alpha_du alpha_pr  ls
   0  1.1423329e+06 1.00e+02 2.07e+03  -6.0 0.00e+00    -  0.00e+00 0.00e+00   0
   1  1.1423208e+06 1.00e+02 2.07e+03  -6.0 1.54e+02  -2.0 2.83e-05 5.02e-05f  1
   2  1.1422679e+06 9.96e+01 2.07e+03  -6.0 3.94e+01  -1.6 1.40e-03 7.85e-04f  1
   3  1.1421905e+06 9.95e+01 2.07e+03  -6.0 2.21e+02  -2.1 9.16e-05 2.23e-04f  1
   4  1.1421612e+06 9.93e+01 2.07e+03  -6.0 3.92e+01  -1.6 4.94e-04 4.19e-04h  1
   5  1.1421151e+06 9.92e+01 2.07e+03  -6.0 2.32e+02  -2.1 6.36e-04 1.37e-04f  1
   6  1.1420601e+06 9.89e+01 2.07e+03  -6.0 4.47e+01  -1.7 1.01e-03 6.93e-04f  1
   7  1.1419249e+06 9.87e+01 2.07e+03  -6.0 3.07e+02  -2.2 2.56e-04 3.12e-04f  1
   8  1.1419168e+06 9.86e+01 2.07e+03  -6.0 4.98e+01  -1.7 7.36e-04 9.54e-05h  1
   9  1.1418925e+06 9.86e+01 2.07e+03  -6.0 4.00e+02  -2.2 2.38e-05 4.56e-05f  1
iter    objective    inf_pr   inf_du lg(mu)  ||d||  lg(rg) alpha_du alpha_pr  ls
  10  1.1418062e+06 9.81e+01 2.06e+03  -6.0 5.86e+01  -1.8 1.98e-04 8.95e-04f  1
  11  1.1417992e+06 9.80e+01 2.06e+03  -6.0 2.30e+01  -1.4 5.10e-04 2.02e-04h  1
  12  1.1417361e+06 9.78e+01 2.06e+03  -6.0 8.82e+01  -1.8 5.19e-05 4.49e-04f  1
  13  1.1416851e+06 9.71e+01 2.06e+03  -6.0 2.55e+01  -1.4 8.82e-04 1.32e-03h  1
  14  1.1416272e+06 9.69e+01 2.06e+03  -6.0 1.01e+02  -1.9 9.46e-04 3.61e-04f  1
  15  1.1414896e+06 9.53e+01 2.05e+03  -6.0 2.88e+01  -1.5 8.33e-04 3.10e-03f  1
  16  1.1414191e+06 9.51e+01 2.05e+03  -6.0 1.21e+02  -1.9 1.55e-03 3.72e-04f  1
  17  1.1413028e+06 9.40e+01 2.05e+03  -6.0 3.25e+01  -1.5 1.03e-03 2.32e-03f  1
  18  1.1411975e+06 9.37e+01 2.05e+03  -6.0 1.47e+02  -2.0 5.70e-04 4.66e-04f  1
  19  1.1410812e+06 9.27e+01 2.04e+03  -6.0 3.68e+01  -1.6 3.22e-03 2.04e-03f  1
iter    objective    inf_pr   inf_du lg(mu)  ||d||  lg(rg) alpha_du alpha_pr  ls
  20  1.1410280e+06 9.26e+01 2.04e+03  -6.0 1.81e+02  -2.0 3.46e-04 1.93e-04f  1
  21  1.1408717e+06 9.14e+01 2.04e+03  -6.0 4.20e+01  -1.6 5.24e-04 2.44e-03f  1
  22  1.1407889e+06 9.13e+01 2.04e+03  -6.0 2.28e+02  -2.1 1.43e-03 2.46e-04f  1
  23  1.1407206e+06 9.08e+01 2.03e+03  -6.0 4.78e+01  -1.7 1.20e-03 9.42e-04f  1
  24  1.1407124e+06 9.06e+01 2.03e+03  -6.0 1.73e+01  -1.2 5.00e-04 3.73e-04h  1
  25  1.1406149e+06 9.01e+01 2.03e+03  -6.0 5.52e+01  -1.7 3.68e-05 1.16e-03f  1
  26  1.1405898e+06 8.96e+01 2.03e+03  -6.0 1.92e+01  -1.3 4.66e-04 9.85e-04h  1
  27  1.1405689e+06 8.95e+01 2.03e+03  -6.0 6.38e+01  -1.8 6.14e-04 2.16e-04f  1
  28  1.1405246e+06 8.87e+01 2.03e+03  -6.0 2.15e+01  -1.3 1.01e-03 1.51e-03f  1
  29  1.1405082e+06 8.87e+01 2.03e+03  -6.0 7.93e+01  -1.8 3.93e-04 1.42e-04h  1
iter    objective    inf_pr   inf_du lg(mu)  ||d||  lg(rg) alpha_du alpha_pr  ls
  30  1.1404749e+06 8.82e+01 2.02e+03  -6.0 2.42e+01  -1.4 1.22e-03 9.88e-04h  1
  31  1.1404734e+06 8.82e+01 2.02e+03  -6.0 4.28e+02  -1.9 9.46e-05 9.91e-06h  1
  32  1.1404363e+06 8.77e+01 2.02e+03  -6.0 2.72e+01  -1.4 1.37e-03 9.59e-04f  1
  33  1.1404327e+06 8.75e+01 2.02e+03  -6.0 1.16e+01  -1.0 5.30e-04 3.93e-04h  1
  34  1.1403477e+06 8.66e+01 2.02e+03  -6.0 3.08e+01  -1.5 1.24e-03 1.93e-03f  1
  35  1.1403218e+06 8.55e+01 2.01e+03  -6.0 1.27e+01  -1.1 2.23e-03 2.28e-03h  1
  36  1.1402257e+06 8.46e+01 2.01e+03  -6.0 3.48e+01  -1.5 1.06e-03 1.93e-03f  1
  37  1.1401939e+06 8.34e+01 2.00e+03  -6.0 1.39e+01  -1.1 9.45e-04 2.30e-03h  1
  38  1.1401743e+06 8.33e+01 2.00e+03  -6.0 3.92e+01  -1.6 2.58e-03 3.49e-04h  1
  39  1.1401369e+06 8.22e+01 2.00e+03  -6.0 1.53e+01  -1.2 7.17e-04 2.27e-03h  1
iter    objective    inf_pr   inf_du lg(mu)  ||d||  lg(rg) alpha_du alpha_pr  ls
  40  1.1400545e+06 8.16e+01 2.00e+03  -6.0 4.45e+01  -1.6 8.47e-04 1.28e-03f  1
  41  1.1400225e+06 8.15e+01 2.00e+03  -6.0 2.16e+02  -2.1 1.93e-04 1.04e-04f  1
  42  1.1399082e+06 8.08e+01 1.99e+03  -6.0 5.06e+01  -1.7 1.68e-03 1.57e-03f  1
  43  1.1399068e+06 8.08e+01 1.99e+03  -6.0 1.88e+01  -1.3 1.68e-03 6.38e-05h  1
  44  1.1397521e+06 8.00e+01 1.99e+03  -6.0 5.90e+01  -1.7 6.54e-04 1.79e-03f  1
  45  1.1397341e+06 7.96e+01 1.99e+03  -6.0 2.10e+01  -1.3 9.07e-04 6.87e-04h  1
  46  1.1396593e+06 7.93e+01 1.99e+03  -6.0 6.76e+01  -1.8 5.61e-04 7.61e-04f  1
  47  1.1396204e+06 7.93e+01 1.99e+03  -6.0 6.17e+02  -2.3 3.39e-05 4.49e-05f  1
  48  1.1395827e+06 7.92e+01 1.99e+03  -6.0 7.82e+01  -1.8 1.50e-03 3.32e-04f  1
  49  1.1395672e+06 7.92e+01 1.99e+03  -6.0 1.21e+03  -2.3 4.02e-07 9.13e-06f  1
iter    objective    inf_pr   inf_du lg(mu)  ||d||  lg(rg) alpha_du alpha_pr  ls
  50  1.1394106e+06 7.87e+01 1.98e+03  -6.0 9.14e+01  -1.9 1.37e-03 1.18e-03f  1
  51  1.1393569e+06 7.87e+01 1.98e+03  -6.0 4.07e+03  -2.4 3.33e-05 9.43e-06f  1
  52  1.1392088e+06 7.83e+01 1.98e+03  -6.0 1.07e+02  -1.9 2.32e-03 9.64e-04f  1
  53  1.1392068e+06 7.83e+01 1.98e+03  -6.0 5.85e+02  -2.4 9.59e-05 2.59e-06f  1
  54  1.1390695e+06 7.79e+01 1.98e+03  -6.0 8.64e+01  -2.0 2.35e-04 1.03e-03f  1
  55  1.1390559e+06 7.78e+01 1.98e+03  -6.0 2.83e+01  -1.6 3.84e-05 3.29e-04h  1
  56  1.1390549e+06 7.77e+01 1.98e+03  -6.0 1.32e+01  -1.1 8.47e-04 8.29e-05h  1
  57  1.1390565e+06 7.74e+01 1.98e+03  -6.0 7.68e+00  -0.7 6.12e-04 5.90e-04h  1
  58  1.1390216e+06 7.63e+01 1.97e+03  -6.0 1.43e+01  -1.2 5.93e-04 2.40e-03h  1
  59  1.1390236e+06 7.56e+01 1.97e+03  -6.0 8.09e+00  -0.8 1.11e-03 1.53e-03h  1
iter    objective    inf_pr   inf_du lg(mu)  ||d||  lg(rg) alpha_du alpha_pr  ls
  60  1.1389971e+06 7.49e+01 1.97e+03  -6.0 1.55e+01  -1.3 1.98e-03 1.56e-03h  1
  61  1.1389968e+06 7.40e+01 1.96e+03  -6.0 8.54e+00  -0.8 1.97e-03 1.91e-03h  1
  62  1.1389670e+06 7.32e+01 1.96e+03  -6.0 1.69e+01  -1.3 2.16e-03 1.50e-03h  1
  63  1.1389653e+06 7.28e+01 1.96e+03  -6.0 9.05e+00  -0.9 2.21e-04 9.38e-04h  1
  64  1.1389311e+06 7.21e+01 1.95e+03  -6.0 1.84e+01  -1.4 3.59e-03 1.52e-03h  1
  65  1.1389301e+06 7.19e+01 1.95e+03  -6.0 9.62e+00  -0.9 1.75e-03 3.39e-04h  1
  66  1.1388869e+06 7.12e+01 1.95e+03  -6.0 2.02e+01  -1.4 2.91e-03 1.69e-03h  1
  67  1.1388837e+06 7.11e+01 1.95e+03  -6.0 5.48e+01  -1.9 3.21e-04 3.87e-05h  1
  68  1.1388562e+06 7.11e+01 1.95e+03  -6.0 2.57e+02  -2.4 2.19e-04 8.89e-05f  1
  69  1.1388268e+06 7.10e+01 1.95e+03  -6.0 6.11e+01  -1.9 2.46e-03 3.23e-04f  1
iter    objective    inf_pr   inf_du lg(mu)  ||d||  lg(rg) alpha_du alpha_pr  ls
  70  1.1387605e+06 7.01e+01 1.95e+03  -6.0 2.44e+01  -1.5 6.36e-04 2.01e-03h  1
  71  1.1387592e+06 7.01e+01 1.95e+03  -6.0 7.13e+01  -2.0 1.42e-03 1.32e-05h  1
  72  1.1386992e+06 6.94e+01 1.94e+03  -6.0 3.03e+01  -1.6 9.01e-04 1.49e-03f  1
  73  1.1386979e+06 6.94e+01 1.94e+03  -6.0 9.89e+01  -2.0 3.91e-04 9.69e-06h  1
  74  1.1385438e+06 6.89e+01 1.94e+03  -6.0 3.37e+01  -1.6 8.94e-04 3.39e-03f  1
  75  1.1385346e+06 6.89e+01 1.94e+03  -6.0 1.15e+02  -2.1 1.44e-03 5.65e-05h  1
  76  1.1384261e+06 6.88e+01 1.93e+03  -6.0 3.76e+01  -1.7 8.00e-04 2.13e-03f  1
  77  1.1384064e+06 6.88e+01 1.93e+03  -6.0 1.33e+02  -2.1 8.25e-04 1.05e-04f  1
  78  1.1383609e+06 6.87e+01 1.93e+03  -6.0 4.20e+01  -1.7 2.77e-04 7.90e-04f  1
  79  1.1383122e+06 6.87e+01 1.93e+03  -6.0 1.18e+02  -2.2 6.58e-04 3.03e-04f  1
iter    objective    inf_pr   inf_du lg(mu)  ||d||  lg(rg) alpha_du alpha_pr  ls
  80  1.1382651e+06 6.86e+01 1.93e+03  -6.0 4.23e+01  -1.8 3.13e-03 8.25e-04f  1
  81  1.1381665e+06 6.86e+01 1.93e+03  -6.0 1.35e+02  -2.2 7.07e-04 5.46e-04f  1
  82  1.1381349e+06 6.86e+01 1.93e+03  -6.0 4.66e+01  -1.8 2.31e-04 4.99e-04h  1
  83  1.1380997e+06 6.86e+01 1.93e+03  -6.0 1.48e+02  -2.3 3.66e-04 1.77e-04f  1
  84  1.1379933e+06 6.84e+01 1.92e+03  -6.0 5.05e+01  -1.9 3.18e-04 1.54e-03f  1
  85  1.1379524e+06 6.84e+01 1.92e+03  -6.0 2.50e+02  -2.3 3.31e-04 1.85e-04f  1
  86  1.1377987e+06 6.83e+01 1.92e+03  -6.0 5.60e+01  -1.9 1.51e-03 2.00e-03f  1
  87  1.1377963e+06 6.83e+01 1.92e+03  -6.0 2.35e+01  -1.5 1.41e-03 8.36e-05h  1
  88  1.1377357e+06 6.82e+01 1.92e+03  -6.0 6.12e+01  -2.0 1.38e-04 7.25e-04f  1
  89  1.1377092e+06 6.82e+01 1.92e+03  -6.0 2.56e+01  -1.5 1.16e-03 8.39e-04h  1
iter    objective    inf_pr   inf_du lg(mu)  ||d||  lg(rg) alpha_du alpha_pr  ls
  90  1.1376972e+06 6.82e+01 1.92e+03  -6.0 7.48e+01  -2.0 1.08e-03 1.15e-04h  1
  91  1.1376618e+06 6.81e+01 1.91e+03  -6.0 2.95e+01  -1.6 3.44e-04 9.34e-04h  1
  92  1.1376367e+06 6.81e+01 1.91e+03  -6.0 8.23e+01  -2.1 1.48e-03 2.18e-04f  1
  93  1.1376207e+06 6.81e+01 1.91e+03  -6.0 3.27e+01  -1.6 9.88e-04 6.69e-04h  1
  94  1.1375280e+06 6.80e+01 1.91e+03  -6.0 8.74e+01  -2.1 1.06e-03 7.94e-04f  1
  95  1.1374977e+06 6.80e+01 1.91e+03  -6.0 3.56e+01  -1.7 1.93e-03 6.87e-04h  1
  96  1.1374338e+06 6.79e+01 1.91e+03  -6.0 9.62e+01  -2.2 1.99e-03 5.03e-04f  1
  97  1.1373528e+06 6.78e+01 1.91e+03  -6.0 3.92e+01  -1.7 1.41e-03 1.67e-03f  1
  98  1.1372542e+06 6.78e+01 1.90e+03  -6.0 1.05e+02  -2.2 6.04e-04 7.15e-04f  1
  99  1.1371889e+06 6.77e+01 1.90e+03  -6.0 4.27e+01  -1.8 7.52e-04 1.23e-03f  1
iter    objective    inf_pr   inf_du lg(mu)  ||d||  lg(rg) alpha_du alpha_pr  ls
 100  1.1371762e+06 6.77e+01 1.90e+03  -6.0 1.10e+02  -2.3 1.45e-03 8.56e-05h  1
 101  1.1371717e+06 6.77e+01 1.90e+03  -6.0 3.66e+01  -1.8 3.13e-04 8.73e-05h  1
 102  1.1371443e+06 6.76e+01 1.90e+03  -6.0 1.91e+01  -1.4 4.16e-04 1.37e-03f  1
 103  1.1370870e+06 6.75e+01 1.90e+03  -6.0 4.99e+01  -1.9 3.79e-04 8.85e-04f  1
 104  1.1370670e+06 6.75e+01 1.90e+03  -6.0 2.27e+01  -1.5 2.06e-03 8.27e-04h  1
 105  1.1370352e+06 6.74e+01 1.89e+03  -6.0 5.49e+01  -2.0 1.08e-03 4.50e-04h  1
 106  1.1370233e+06 6.74e+01 1.89e+03  -6.0 2.36e+01  -1.5 1.40e-05 4.51e-04h  1
 107  1.1369504e+06 6.73e+01 1.89e+03  -6.0 5.95e+01  -2.0 1.37e-04 9.22e-04f  1
 108  1.1369479e+06 6.73e+01 1.89e+03  -6.0 2.50e+01  -1.6 6.82e-05 8.75e-05h  1
 109  1.1369304e+06 6.73e+01 1.89e+03  -6.0 6.55e+01  -2.1 4.09e-04 2.00e-04f  1
iter    objective    inf_pr   inf_du lg(mu)  ||d||  lg(rg) alpha_du alpha_pr  ls
 110  1.1368990e+06 6.72e+01 1.89e+03  -6.0 2.79e+01  -1.6 5.80e-04 9.76e-04h  1
 111  1.1368692e+06 6.72e+01 1.89e+03  -6.0 6.56e+01  -2.1 7.96e-04 3.53e-04f  1
 112  1.1368382e+06 6.72e+01 1.89e+03  -6.0 3.05e+01  -1.7 1.52e-03 8.72e-04h  1
 113  1.1368052e+06 6.71e+01 1.89e+03  -6.0 7.17e+01  -2.2 1.69e-03 3.57e-04f  1
 114  1.1367821e+06 6.71e+01 1.89e+03  -6.0 3.34e+01  -1.7 1.41e-03 5.88e-04h  1
 115  1.1367259e+06 6.71e+01 1.88e+03  -6.0 7.77e+01  -2.2 1.96e-04 5.61e-04f  1
 116  1.1367125e+06 6.70e+01 1.88e+03  -6.0 3.62e+01  -1.8 1.10e-03 3.10e-04f  1
 117  1.1366951e+06 6.70e+01 1.88e+03  -6.0 8.25e+01  -2.3 3.13e-04 1.64e-04h  1
 118  1.1366773e+06 6.70e+01 1.88e+03  -6.0 3.23e+01  -1.8 3.60e-04 4.28e-04h  1
 119  1.1366446e+06 6.69e+01 1.88e+03  -6.0 1.94e+01  -1.4 1.35e-03 1.84e-03h  1
iter    objective    inf_pr   inf_du lg(mu)  ||d||  lg(rg) alpha_du alpha_pr  ls
 120  1.1366078e+06 6.68e+01 1.88e+03  -6.0 4.17e+01  -1.9 6.35e-04 7.27e-04h  1
 121  1.1365705e+06 6.67e+01 1.87e+03  -6.0 2.06e+01  -1.5 4.44e-04 1.89e-03h  1
 122  1.1365484e+06 6.67e+01 1.87e+03  -6.0 4.30e+01  -1.9 2.71e-04 4.20e-04h  1
 123  1.1365229e+06 6.66e+01 1.87e+03  -6.0 2.22e+01  -1.5 2.17e-03 1.16e-03h  1
 124  1.1364619e+06 6.65e+01 1.87e+03  -6.0 4.64e+01  -2.0 1.77e-04 1.07e-03f  1
 125  1.1364663e+06 6.65e+01 1.87e+03  -6.0 7.83e+00   0.2 2.17e-06 2.31e-04h  1
 126  1.1364673e+06 6.65e+01 1.87e+03  -6.0 8.33e+00  -0.2 7.05e-04 7.86e-05h  1
 127  1.1364819e+06 6.63e+01 1.86e+03  -6.0 9.32e+00  -0.7 2.43e-05 2.98e-03h  1
 128  1.1364833e+06 6.63e+01 1.86e+03  -6.0 8.49e+00  -0.3 9.76e-04 1.13e-04h  1
 129  1.1364895e+06 6.62e+01 1.86e+03  -6.0 9.62e+00  -0.8 1.63e-06 1.68e-03h  1
iter    objective    inf_pr   inf_du lg(mu)  ||d||  lg(rg) alpha_du alpha_pr  ls
 130  1.1364952e+06 6.62e+01 1.86e+03  -6.0 7.82e+00   0.6 1.52e-04 2.73e-04h  1
 131  1.1365088e+06 6.61e+01 1.86e+03  -6.0 8.17e+00   0.1 1.78e-04 7.80e-04h  1
 132  1.1365163e+06 6.61e+01 1.86e+03  -6.0 7.79e+00   0.5 2.21e-04 3.65e-04h  1
 133  1.1365359e+06 6.60e+01 1.85e+03  -6.0 5.07e+00   0.0 5.99e-04 1.18e-03h  1
 134  1.1365629e+06 6.58e+01 1.85e+03  -6.0 6.33e+00  -0.4 2.22e-04 2.77e-03h  1
 135  1.1365954e+06 6.57e+01 1.85e+03  -6.0 5.14e+00  -0.0 7.03e-04 2.06e-03h  1
 136  1.1366073e+06 6.57e+01 1.84e+03  -6.0 4.99e+00   0.4 4.81e-04 6.00e-04h  1
 137  1.1366405e+06 6.55e+01 1.84e+03  -6.0 5.22e+00  -0.1 5.20e-04 2.18e-03h  1
 138  1.1366545e+06 6.54e+01 1.84e+03  -6.0 6.80e+00  -0.5 1.31e-03 1.78e-03h  1
 139  1.1366527e+06 6.54e+01 1.84e+03  -6.0 1.13e+01  -1.0 1.09e-03 5.41e-04h  1
iter    objective    inf_pr   inf_du lg(mu)  ||d||  lg(rg) alpha_du alpha_pr  ls
 140  1.1366189e+06 6.53e+01 1.83e+03  -6.0 2.43e+01  -1.5 1.75e-03 1.44e-03h  1
 141r 1.1366189e+06 6.53e+01 9.99e+02   0.8 0.00e+00  -0.2 0.00e+00 3.82e-07R  4
 142r 1.1366008e+06 6.53e+01 9.99e+02   0.8 1.09e+06    -  1.97e-07 1.22e-08f  1
 143r 1.1366234e+06 6.51e+01 9.99e+02   0.8 2.23e+04    -  1.84e-08 2.14e-06f  1
 144r 1.1366247e+06 6.51e+01 9.99e+02   0.8 1.66e+04    -  3.29e-06 4.77e-07f  1
 145r 1.1366517e+06 6.45e+01 9.99e+02   0.8 1.30e+04    -  2.52e-06 1.09e-05f  1
 146r 1.1367033e+06 6.33e+01 9.99e+02   0.8 5.69e+03    -  1.60e-05 2.15e-05f  1
 147r 1.1368326e+06 6.06e+01 9.99e+02   0.8 5.49e+03    -  7.54e-05 5.44e-05f  1
 148r 1.1372716e+06 5.28e+01 9.99e+02   0.8 4.86e+03    -  1.72e-04 1.82e-04f  1
 149  1.1373072e+06 5.20e+01 1.53e+02  -6.0 6.16e+00  -0.6 1.22e-02 1.37e-02h  1
iter    objective    inf_pr   inf_du lg(mu)  ||d||  lg(rg) alpha_du alpha_pr  ls
 150  1.1372610e+06 5.19e+01 1.52e+02  -6.0 1.19e+01  -1.1 1.50e-02 3.44e-03h  1
 151  1.1372367e+06 5.18e+01 1.52e+02  -6.0 2.91e+01  -1.6 3.28e-04 4.86e-04h  1
 152  1.1371658e+06 5.18e+01 1.52e+02  -6.0 7.36e+01  -2.1 4.51e-03 5.07e-04f  1
 153  1.1369771e+06 5.16e+01 1.51e+02  -6.0 3.11e+01  -1.6 4.00e-03 3.44e-03f  1
 154  1.1367923e+06 5.16e+01 1.51e+02  -6.0 8.27e+01  -2.1 7.62e-03 1.24e-03f  1
 155  1.1366971e+06 5.15e+01 1.51e+02  -6.0 3.44e+01  -1.7 1.51e-02 1.63e-03f  1
 156  1.1366034e+06 5.15e+01 1.51e+02  -6.0 1.02e+02  -2.2 1.36e-03 6.25e-04f  1
 157  1.1363955e+06 5.13e+01 1.51e+02  -6.0 4.01e+01  -1.7 4.06e-03 3.44e-03f  1
 158  1.1362176e+06 5.12e+01 1.51e+02  -6.0 9.97e+01  -2.2 3.99e-03 1.09e-03f  1
 159  1.1360963e+06 5.11e+01 1.50e+02  -6.0 4.19e+01  -1.8 1.31e-02 1.85e-03f  1
iter    objective    inf_pr   inf_du lg(mu)  ||d||  lg(rg) alpha_du alpha_pr  ls
 160  1.1359197e+06 5.11e+01 1.50e+02  -6.0 4.91e+02  -2.3 2.08e-04 1.01e-03f  1
 161  1.1357251e+06 5.09e+01 1.50e+02  -6.0 4.57e+01  -1.8 8.26e-03 2.73e-03f  1
 162  1.1354590e+06 5.09e+01 1.50e+02  -6.0 1.15e+02  -2.3 3.01e-03 1.43e-03f  1
 163  1.1354018e+06 5.08e+01 1.50e+02  -6.0 4.94e+01  -1.9 7.57e-03 7.45e-04f  1
 164  1.1352228e+06 5.08e+01 1.50e+02  -6.0 1.20e+02  -2.4 2.00e-03 9.14e-04f  1
 165  1.1351695e+06 5.07e+01 1.50e+02  -6.0 5.29e+01  -2.0 1.04e-02 6.51e-04f  1
 166  1.1350106e+06 5.05e+01 1.49e+02  -6.0 2.26e+01  -1.5 1.09e-02 5.19e-03f  1
 167  1.1349928e+06 5.05e+01 1.49e+02  -6.0 6.23e+01  -2.0 5.23e-03 2.37e-04h  1
 168  1.1348694e+06 5.03e+01 1.48e+02  -6.0 2.54e+01  -1.6 6.58e-04 4.20e-03f  1
 169  1.1347936e+06 5.02e+01 1.48e+02  -6.0 5.94e+01  -2.1 3.24e-03 1.04e-03f  1
iter    objective    inf_pr   inf_du lg(mu)  ||d||  lg(rg) alpha_du alpha_pr  ls
 170  1.1347568e+06 5.01e+01 1.48e+02  -6.0 2.60e+01  -1.6 3.11e-03 1.28e-03h  1
 171  1.1346304e+06 5.00e+01 1.48e+02  -6.0 5.53e+01  -2.1 3.86e-03 1.90e-03f  1
 172  1.1346180e+06 5.00e+01 1.48e+02  -6.0 2.82e+01  -1.7 2.68e-03 4.20e-04h  1
 173  1.1345801e+06 5.00e+01 1.48e+02  -6.0 5.80e+01  -2.2 2.51e-04 5.58e-04f  1
 174  1.1345579e+06 5.00e+01 1.48e+02  -6.0 3.02e+01  -1.7 3.65e-03 6.95e-04h  1
 175  1.1345327e+06 4.99e+01 1.48e+02  -6.0 5.95e+01  -2.2 4.94e-03 3.55e-04h  1
 176  1.1345001e+06 4.99e+01 1.48e+02  -6.0 2.53e+01  -1.8 1.53e-03 1.05e-03h  1
 177  1.1344322e+06 4.98e+01 1.47e+02  -6.0 4.98e+01  -2.3 3.11e-03 1.02e-03f  1
 178  1.1343813e+06 4.98e+01 1.47e+02  -6.0 2.65e+01  -1.8 4.90e-03 1.56e-03h  1
 179  1.1343120e+06 4.97e+01 1.47e+02  -6.0 4.84e+01  -2.3 4.00e-03 1.04e-03f  1
iter    objective    inf_pr   inf_du lg(mu)  ||d||  lg(rg) alpha_du alpha_pr  ls
 180  1.1342464e+06 4.96e+01 1.47e+02  -6.0 2.70e+01  -1.9 3.77e-03 1.92e-03h  1
 181  1.1342080e+06 4.95e+01 1.47e+02  -6.0 1.44e+01  -1.5 1.29e-02 2.82e-03h  1
 182  1.1340650e+06 4.93e+01 1.46e+02  -6.0 2.54e+01  -1.9 4.80e-03 4.24e-03f  1
 183  1.1340418e+06 4.92e+01 1.46e+02  -6.0 1.33e+01  -1.5 1.31e-02 1.73e-03h  1
 184  1.1339901e+06 4.91e+01 1.46e+02  -6.0 2.58e+01  -2.0 3.14e-03 1.59e-03h  1
 185  1.1339729e+06 4.90e+01 1.46e+02  -6.0 1.24e+01  -1.6 3.27e-03 1.09e-03h  1
 186  1.1339541e+06 4.90e+01 1.46e+02  -6.0 2.57e+01  -2.0 8.49e-04 4.88e-04h  1
 187  1.1339505e+06 4.90e+01 1.46e+02  -6.0 1.27e+01  -1.6 1.17e-03 2.07e-04h  1
 188  1.1339199e+06 4.90e+01 1.45e+02  -6.0 2.75e+01  -2.1 6.12e-04 7.51e-04h  1
 189  1.1339141e+06 4.90e+01 1.45e+02  -6.0 1.48e+01  -1.7 1.09e-02 4.06e-04h  1
iter    objective    inf_pr   inf_du lg(mu)  ||d||  lg(rg) alpha_du alpha_pr  ls
 190  1.1338178e+06 4.88e+01 1.45e+02  -6.0 3.15e+01  -2.1 2.82e-03 2.93e-03f  1
 191  1.1337939e+06 4.87e+01 1.45e+02  -6.0 1.59e+01  -1.7 1.03e-02 1.68e-03h  1
 192  1.1337542e+06 4.87e+01 1.45e+02  -6.0 3.32e+01  -2.2 3.55e-03 1.20e-03h  1
 193  1.1337266e+06 4.86e+01 1.45e+02  -6.0 1.72e+01  -1.8 6.27e-03 1.94e-03h  1
 194  1.1337204e+06 4.86e+01 1.45e+02  -6.0 3.46e+01  -2.2 5.30e-03 2.35e-04h  1
 195  1.1336768e+06 4.84e+01 1.44e+02  -6.0 1.83e+01  -1.8 2.10e-03 2.96e-03h  1
 196  1.1336713e+06 4.84e+01 1.44e+02  -6.0 8.20e+00  -1.4 1.99e-03 1.00e-03h  1
 197  1.1335989e+06 4.81e+01 1.43e+02  -6.0 1.96e+01  -1.9 5.93e-04 4.64e-03h  1
 198  1.1335956e+06 4.81e+01 1.43e+02  -6.0 9.23e+00  -1.4 4.47e-03 7.39e-04h  1
 199  1.1335929e+06 4.81e+01 1.43e+02  -6.0 2.06e+01  -1.9 7.84e-03 1.68e-04h  1
iter    objective    inf_pr   inf_du lg(mu)  ||d||  lg(rg) alpha_du alpha_pr  ls
 200  1.1335763e+06 4.80e+01 1.43e+02  -6.0 9.33e+00  -1.5 6.23e-03 2.59e-03h  1
 201  1.1335328e+06 4.79e+01 1.43e+02  -6.0 2.88e+01  -2.0 3.08e-03 2.71e-03h  1
 202  1.1335264e+06 4.78e+01 1.43e+02  -6.0 1.03e+01  -1.5 1.33e-02 1.33e-03h  1
 203  1.1334793e+06 4.76e+01 1.42e+02  -6.0 2.28e+01  -2.0 7.28e-03 3.86e-03h  1
 204  1.1334601e+06 4.73e+01 1.41e+02  -6.0 1.11e+01  -1.6 3.33e-03 6.26e-03h  1
 205  1.1334504e+06 4.73e+01 1.41e+02  -6.0 2.29e+01  -2.1 4.68e-04 9.21e-04h  1
 206  1.1334431e+06 4.71e+01 1.41e+02  -6.0 1.37e+01  -1.6 5.15e-03 2.49e-03h  1
 207  1.1334339e+06 4.71e+01 1.41e+02  -6.0 2.88e+01  -2.1 1.34e-03 8.25e-04h  1
 208  1.1334045e+06 4.67e+01 1.39e+02  -6.0 1.44e+01  -1.7 7.23e-04 8.59e-03h  1
 209  1.1334019e+06 4.67e+01 1.40e+02  -6.0 5.72e+01  -2.2 1.65e-02 2.17e-04h  1
iter    objective    inf_pr   inf_du lg(mu)  ||d||  lg(rg) alpha_du alpha_pr  ls
 210  1.1333933e+06 4.66e+01 1.39e+02  -6.0 1.51e+01  -1.7 6.78e-03 2.44e-03h  1
 211  1.1333973e+06 4.65e+01 1.39e+02  -6.0 1.18e+01  -1.3 4.39e-03 2.21e-03h  1
 212  1.1333612e+06 4.60e+01 1.38e+02  -6.0 1.57e+01  -1.8 1.37e-02 9.39e-03h  1
 213  1.1333930e+06 4.53e+01 1.35e+02  -6.0 1.23e+01  -1.4 1.87e-03 1.65e-02h  1
 214  1.1333864e+06 4.52e+01 1.36e+02  -6.0 1.66e+01  -1.9 3.80e-02 2.17e-03h  1
 215  1.1334143e+06 4.46e+01 1.34e+02  -6.0 1.28e+01  -1.4 4.87e-03 1.19e-02h  1
 216  1.1334112e+06 4.46e+01 1.34e+02  -6.0 3.05e+01  -1.9 1.14e-02 1.10e-03h  1
 217  1.1334297e+06 4.45e+01 1.33e+02  -6.0 8.52e+00  -0.6 8.09e-03 1.97e-03h  1
 218  1.1334559e+06 4.43e+01 1.33e+02  -6.0 1.04e+01  -1.0 4.05e-03 4.49e-03h  1
 219  1.1334591e+06 4.42e+01 1.33e+02  -6.0 1.36e+01  -1.5 5.75e-03 1.58e-03h  1
iter    objective    inf_pr   inf_du lg(mu)  ||d||  lg(rg) alpha_du alpha_pr  ls
 220  1.1334833e+06 4.40e+01 1.32e+02  -6.0 1.06e+01  -1.1 1.19e-03 4.48e-03h  1
 221  1.1334843e+06 4.40e+01 1.32e+02  -6.0 1.41e+01  -1.6 9.81e-03 3.48e-04h  1
 222  1.1334968e+06 4.39e+01 1.32e+02  -6.0 1.08e+01  -1.2 1.54e-02 2.08e-03h  1
 223  1.1335245e+06 4.34e+01 1.30e+02  -6.0 1.34e+01  -1.6 4.01e-03 1.18e-02h  1
 224  1.1335431e+06 4.33e+01 1.30e+02  -6.0 1.01e+01  -1.2 7.18e-03 3.14e-03h  1
 225  1.1335539e+06 4.31e+01 1.29e+02  -6.0 1.40e+01  -1.7 2.91e-03 4.66e-03h  1
 226  1.1335822e+06 4.29e+01 1.28e+02  -6.0 1.03e+01  -1.3 9.05e-03 4.90e-03h  1
 227  1.1335870e+06 4.28e+01 1.28e+02  -6.0 1.55e+01  -1.7 9.28e-03 1.96e-03h  1
 228  1.1336196e+06 4.25e+01 1.27e+02  -6.0 1.23e+01  -1.3 5.21e-03 5.83e-03h  1
 229  1.1336403e+06 4.22e+01 1.27e+02  -6.0 1.56e+01  -1.8 1.56e-02 7.65e-03h  1
iter    objective    inf_pr   inf_du lg(mu)  ||d||  lg(rg) alpha_du alpha_pr  ls
 230  1.1336603e+06 4.20e+01 1.26e+02  -6.0 1.28e+01  -1.4 9.77e-03 3.90e-03h  1
 231  1.1336744e+06 4.18e+01 1.25e+02  -6.0 1.60e+01  -1.8 1.29e-02 6.25e-03h  1
 232  1.1337109e+06 4.15e+01 1.24e+02  -6.0 1.30e+01  -1.4 1.17e-02 7.44e-03h  1
 233  1.1337180e+06 4.12e+01 1.24e+02  -6.0 1.65e+01  -1.9 8.92e-03 5.27e-03h  1
 234  1.1337450e+06 4.10e+01 1.23e+02  -6.0 1.34e+01  -1.5 1.18e-02 6.09e-03h  1
 235  1.1337479e+06 4.08e+01 1.23e+02  -6.0 8.27e+01  -1.9 8.10e-03 4.15e-03h  1
 236  1.1337506e+06 4.08e+01 1.22e+02  -6.0 1.40e+01  -1.5 5.49e-03 6.05e-04h  1
 237  1.1338021e+06 4.05e+01 1.22e+02  -6.0 1.13e+01  -1.1 2.32e-04 7.47e-03h  1
 238  1.1338301e+06 4.02e+01 1.21e+02  -6.0 1.45e+01  -1.6 5.90e-03 6.27e-03h  1
 239  1.1338758e+06 4.00e+01 1.20e+02  -6.0 1.16e+01  -1.1 4.07e-03 6.82e-03h  1
iter    objective    inf_pr   inf_du lg(mu)  ||d||  lg(rg) alpha_du alpha_pr  ls
 240  1.1339184e+06 3.96e+01 1.19e+02  -6.0 1.48e+01  -1.6 1.64e-02 9.57e-03h  1
 241  1.1339424e+06 3.94e+01 1.18e+02  -6.0 1.20e+01  -1.2 8.75e-03 3.70e-03h  1
 242  1.1339474e+06 3.94e+01 1.18e+02  -6.0 1.57e+01  -1.7 6.91e-03 1.19e-03h  1
 243  1.1339808e+06 3.92e+01 1.18e+02  -6.0 1.25e+01  -1.2 8.12e-03 5.19e-03h  1
 244  1.1340104e+06 3.89e+01 1.17e+02  -6.0 1.61e+01  -1.7 1.15e-02 7.14e-03h  1
 245  1.1340301e+06 3.88e+01 1.17e+02  -6.0 1.29e+01  -1.3 2.02e-02 3.13e-03h  1
 246  1.1340547e+06 3.85e+01 1.16e+02  -6.0 1.65e+01  -1.8 3.99e-03 6.09e-03h  1
 247  1.1341280e+06 3.81e+01 1.14e+02  -6.0 1.33e+01  -1.3 1.86e-02 1.22e-02h  1
 248  1.1341395e+06 3.80e+01 1.14e+02  -6.0 1.72e+01  -1.8 1.99e-02 3.01e-03h  1
 249  1.1341964e+06 3.76e+01 1.13e+02  -6.0 1.39e+01  -1.4 1.85e-02 9.69e-03h  1
iter    objective    inf_pr   inf_du lg(mu)  ||d||  lg(rg) alpha_du alpha_pr  ls
 250  1.1342092e+06 3.75e+01 1.13e+02  -6.0 1.83e+01  -1.9 1.54e-02 3.39e-03h  1
 251  1.1342117e+06 3.75e+01 1.13e+02  -6.0 1.64e+01  -1.4 1.38e-02 4.31e-04h  1
 252  1.1342647e+06 3.70e+01 1.11e+02  -6.0 2.12e+01  -1.9 1.98e-03 1.34e-02h  1
 253  1.1342703e+06 3.69e+01 1.11e+02  -6.0 1.74e+01  -1.5 1.68e-03 9.61e-04h  1
 254  1.1342865e+06 3.68e+01 1.10e+02  -6.0 7.45e+01  -2.0 1.36e-03 4.47e-03h  1
 255  1.1343253e+06 3.65e+01 1.10e+02  -6.0 1.78e+01  -1.5 3.71e-03 6.84e-03h  1
 256  1.1343808e+06 3.62e+01 1.09e+02  -6.0 1.41e+01  -1.1 1.16e-02 7.55e-03h  1
 257  1.1343964e+06 3.61e+01 1.09e+02  -6.0 1.84e+01  -1.6 5.70e-03 2.81e-03h  1
 258  1.1344158e+06 3.60e+01 1.08e+02  -6.0 1.45e+01  -1.2 8.57e-03 2.71e-03h  1
 259  1.1344736e+06 3.56e+01 1.07e+02  -6.0 1.90e+01  -1.6 2.95e-03 1.07e-02h  1
iter    objective    inf_pr   inf_du lg(mu)  ||d||  lg(rg) alpha_du alpha_pr  ls
 260  1.1344991e+06 3.55e+01 1.07e+02  -6.0 1.46e+01  -1.2 2.75e-04 3.61e-03h  1
 261  1.1345100e+06 3.54e+01 1.06e+02  -6.0 1.96e+01  -1.7 5.40e-03 2.06e-03h  1
 262  1.1345310e+06 3.53e+01 1.06e+02  -6.0 1.47e+01  -1.3 2.27e-03 3.01e-03h  1
 263  1.1345529e+06 3.52e+01 1.06e+02  -6.0 1.96e+01  -1.7 4.50e-03 4.16e-03h  1
 264  1.1345643e+06 3.51e+01 1.05e+02  -6.0 1.52e+01  -1.3 7.29e-03 1.68e-03h  1
 265  1.1345951e+06 3.49e+01 1.05e+02  -6.0 2.03e+01  -1.8 9.18e-03 5.99e-03h  1
 266  1.1346091e+06 3.48e+01 1.05e+02  -6.0 1.59e+01  -1.4 4.23e-03 2.07e-03h  1
 267  1.1346486e+06 3.46e+01 1.04e+02  -6.0 2.11e+01  -1.9 1.81e-03 7.97e-03h  1
 268  1.1346618e+06 3.45e+01 1.04e+02  -6.0 1.68e+01  -1.4 4.53e-03 2.06e-03h  1
 269  1.1347170e+06 3.41e+01 1.02e+02  -6.0 2.17e+01  -1.9 2.61e-03 1.15e-02h  1
iter    objective    inf_pr   inf_du lg(mu)  ||d||  lg(rg) alpha_du alpha_pr  ls
 270  1.1347662e+06 3.38e+01 1.02e+02  -6.0 1.74e+01  -1.5 3.83e-03 7.92e-03h  1
 271  1.1347934e+06 3.37e+01 1.01e+02  -6.0 1.25e+01  -1.1 2.72e-03 3.45e-03h  1
 272  1.1347999e+06 3.37e+01 1.01e+02  -6.0 1.61e+01  -1.5 6.18e-03 1.02e-03h  1
 273  1.1348343e+06 3.35e+01 1.01e+02  -6.0 1.29e+01  -1.1 3.48e-04 4.36e-03h  1
 274  1.1348902e+06 3.32e+01 9.98e+01  -6.0 1.65e+01  -1.6 7.92e-03 9.01e-03h  1
 275  1.1349221e+06 3.31e+01 9.94e+01  -6.0 1.31e+01  -1.2 3.75e-03 4.23e-03h  1
 276  1.1350117e+06 3.26e+01 9.79e+01  -6.0 1.70e+01  -1.6 3.99e-03 1.50e-02h  1
 277  1.1350206e+06 3.25e+01 9.77e+01  -6.0 1.35e+01  -1.2 8.63e-05 1.25e-03h  1
 278  1.1350480e+06 3.24e+01 9.73e+01  -6.0 1.75e+01  -1.7 1.09e-03 4.86e-03h  1
 279  1.1350548e+06 3.24e+01 9.72e+01  -6.0 1.38e+01  -1.3 2.80e-03 9.65e-04h  1
iter    objective    inf_pr   inf_du lg(mu)  ||d||  lg(rg) alpha_du alpha_pr  ls
 280  1.1350684e+06 3.23e+01 9.69e+01  -6.0 1.80e+01  -1.7 6.83e-03 2.44e-03h  1
 281  1.1350762e+06 3.22e+01 9.68e+01  -6.0 1.42e+01  -1.3 3.89e-03 1.13e-03h  1
 282  1.1351246e+06 3.20e+01 9.59e+01  -6.0 1.85e+01  -1.8 4.47e-03 8.91e-03h  1
 283  1.1351648e+06 3.18e+01 9.54e+01  -6.0 1.47e+01  -1.4 4.14e-03 5.98e-03h  1
 284  1.1352358e+06 3.13e+01 9.40e+01  -6.0 2.09e+01  -1.8 1.21e-02 1.41e-02h  1
 285  1.1352792e+06 3.11e+01 9.34e+01  -6.0 1.64e+01  -1.4 1.42e-02 6.80e-03h  1
 286  1.1353275e+06 3.09e+01 9.28e+01  -6.0 1.26e+01  -1.0 3.01e-03 6.25e-03h  1
 287  1.1353741e+06 3.07e+01 9.21e+01  -6.0 1.69e+01  -1.5 1.29e-03 7.59e-03h  1
 288  1.1354020e+06 3.06e+01 9.18e+01  -6.0 1.29e+01  -1.0 5.16e-03 3.75e-03h  1
 289  1.1354274e+06 3.04e+01 9.14e+01  -6.0 1.74e+01  -1.5 6.94e-03 4.29e-03h  1
iter    objective    inf_pr   inf_du lg(mu)  ||d||  lg(rg) alpha_du alpha_pr  ls
 290  1.1354936e+06 3.02e+01 9.06e+01  -6.0 1.33e+01  -1.1 1.56e-03 9.13e-03h  1
 291  1.1355273e+06 3.00e+01 9.01e+01  -6.0 1.79e+01  -1.6 1.03e-02 5.88e-03h  1
 292  1.1356010e+06 2.97e+01 8.92e+01  -6.0 1.37e+01  -1.1 4.73e-03 1.05e-02h  1
 293  1.1356728e+06 2.93e+01 8.80e+01  -6.0 1.86e+01  -1.6 1.35e-02 1.30e-02h  1
 294  1.1357147e+06 2.91e+01 8.75e+01  -6.0 1.42e+01  -1.2 6.21e-03 6.18e-03h  1
 295  1.1357392e+06 2.90e+01 8.71e+01  -6.0 1.90e+01  -1.7 1.74e-03 4.61e-03h  1
 296  1.1357533e+06 2.89e+01 8.68e+01  -6.0 1.45e+01  -1.2 8.60e-03 2.15e-03h  1
 297  1.1357746e+06 2.88e+01 8.65e+01  -6.0 1.96e+01  -1.7 1.62e-02 4.12e-03h  1
 298  1.1358131e+06 2.86e+01 8.59e+01  -6.0 1.50e+01  -1.3 1.31e-02 6.00e-03h  1
 299  1.1358571e+06 2.84e+01 8.55e+01  -6.0 1.14e+01  -0.9 2.10e-03 5.69e-03h  1
iter    objective    inf_pr   inf_du lg(mu)  ||d||  lg(rg) alpha_du alpha_pr  ls
 300  1.1358922e+06 2.83e+01 8.50e+01  -6.0 1.55e+01  -1.3 2.62e-02 5.62e-03h  1

Number of Iterations....: 300

                                   (scaled)                 (unscaled)
Objective...............:   1.3637285952702288e+04    1.1358922000671022e+06
Dual infeasibility......:   8.4958999143290484e+01    6.0166086661929430e+03
Constraint violation....:   2.6152593954558809e+00    2.8282043768163124e+01
Variable bound violation:   1.0962911911605033e-08    1.0962911911605033e-08
Complementarity.........:   8.6451019266134409e+01    7.2007757858002733e+03
Overall NLP error.......:   8.6451019266134409e+01    7.2007757858002733e+03


Number of objective function evaluations             = 305
Number of objective gradient evaluations             = 295
Number of equality constraint evaluations            = 305
Number of inequality constraint evaluations          = 306
Number of equality constraint Jacobian evaluations   = 302
Number of inequality constraint Jacobian evaluations = 302
Number of Lagrangian Hessian evaluations             = 300
Total seconds in IPOPT                               = 279.529

EXIT: Maximum Number of Iterations Exceeded.

