Solver command line: ['/opt/homebrew/bin/ipopt', '/var/folders/6y/bvynbx6n3zv7z3lwg6vd724r0000gn/T/tmp7atcfrak.pyomo.nl', '-AMPL', 'tol=1e-06', 'max_iter=300', 'print_level=5', 'warm_start_init_point=yes', 'warm_start_bound_push=1e-06', 'warm_start_bound_frac=1e-06', 'warm_start_mult_bound_push=1e-06', 'mu_init=1e-06', 'least_square_init_duals=no']

Ipopt 3.14.19: tol=1e-06
max_iter=300
print_level=5
warm_start_init_point=yes
warm_start_bound_push=1e-06
warm_start_bound_frac=1e-06
warm_start_mult_bound_push=1e-06
mu_init=1e-06
least_square_init_duals=no


******************************************************************************
This program contains Ipopt, a library for large-scale nonlinear optimization.
 Ipopt is released as open source code under the Eclipse Public License (EPL).
         For more information visit https://github.com/coin-or/Ipopt
******************************************************************************

This is Ipopt version 3.14.19, running with linear solver MUMPS 5.6.2.

Number of nonzeros in equality constraint Jacobian...:   408340
Number of nonzeros in inequality constraint Jacobian.:   283144
Number of nonzeros in Lagrangian Hessian.............:   231304

Total number of variables............................:    66475
                     variables with only lower bounds:        0
                variables with lower and upper bounds:    66475
                     variables with only upper bounds:        0
Total number of equality constraints.................:    60001
Total number of inequality constraints...............:    70786
        inequality constraints with only lower bounds:        0
   inequality constraints with lower and upper bounds:        0
        inequality constraints with only upper bounds:    70786

iter    objective    inf_pr   inf_du lg(mu)  ||d||  lg(rg) alpha_du alpha_pr  ls
   0  1.1423329e+06 1.00e+02 4.69e+01  -6.0 0.00e+00    -  0.00e+00 0.00e+00   0
   1  1.1403445e+06 1.00e+02 4.69e+01  -6.0 1.72e+06    -  1.31e-07 2.71e-07f  1
   2  1.1402950e+06 1.00e+02 4.69e+01  -6.0 1.41e+04  -4.0 6.74e-06 6.92e-07f  1
   3  1.1392461e+06 1.00e+02 4.69e+01  -6.0 1.84e+06    -  7.41e-08 1.55e-07f  1
   4  1.1389255e+06 1.00e+02 4.69e+01  -6.0 1.02e+06    -  2.71e-07 1.12e-07f  1
   5  1.1388920e+06 1.00e+02 4.69e+01  -6.0 3.46e+04    -  2.76e-06 2.54e-07f  1
   6  1.1388798e+06 1.00e+02 4.69e+01  -6.0 1.73e+03    -  1.17e-05 3.07e-06f  1
   7  1.1388480e+06 1.00e+02 4.69e+01  -6.0 5.94e+04    -  7.42e-09 2.95e-07f  1
   8  1.1388456e+06 1.00e+02 4.69e+01  -6.0 4.10e+01    -  5.52e-04 1.48e-05h  1
   9  1.1383740e+06 1.00e+02 4.69e+01  -6.0 1.57e+04    -  5.55e-10 1.56e-05f  1
iter    objective    inf_pr   inf_du lg(mu)  ||d||  lg(rg) alpha_du alpha_pr  ls
  10  1.1383740e+06 1.00e+02 4.68e+01  -6.0 4.19e+01    -  1.86e-03 5.32e-08h  1
  11  1.1376959e+06 9.99e+01 4.68e+01  -6.0 1.08e+03    -  1.86e-09 3.03e-04f  1
  12  1.1376959e+06 9.99e+01 4.67e+01  -6.0 4.31e+01    -  6.30e-04 4.97e-08h  1
  13  1.1365668e+06 9.98e+01 4.67e+01  -6.0 3.99e+03    -  6.32e-10 1.53e-04f  1
  14  1.1365668e+06 9.98e+01 4.67e+01  -6.0 4.36e+01    -  1.21e-04 4.97e-08h  1
  15  1.1364447e+06 9.98e+01 4.67e+01  -6.0 4.41e+04    -  1.28e-10 1.66e-06f  1
  16  1.1364447e+06 9.98e+01 4.67e+01  -6.0 3.94e+01    -  8.63e-04 2.43e-07h  1
  17  1.1363866e+06 9.98e+01 4.67e+01  -6.0 1.91e+03    -  8.74e-10 1.51e-05f  1
  18  1.1357783e+06 9.89e+01 4.67e+01  -6.0 3.94e+01    -  9.97e-04 4.08e-03f  1
  19  1.1357642e+06 9.89e+01 4.67e+01  -6.0 3.91e+03    -  1.59e-09 1.85e-06f  1
iter    objective    inf_pr   inf_du lg(mu)  ||d||  lg(rg) alpha_du alpha_pr  ls
  20  1.1356159e+06 9.87e+01 4.67e+01  -6.0 3.96e+01    -  1.05e-04 9.97e-04f  1
  21  1.1351412e+06 9.87e+01 4.67e+01  -6.0 5.08e+05    -  1.28e-10 5.38e-07f  1
  22  1.1351412e+06 9.87e+01 4.66e+01  -6.0 4.14e+01    -  5.72e-04 5.90e-08h  1
  23  1.1351031e+06 9.87e+01 4.66e+01  -6.0 1.39e+04    -  6.85e-10 1.55e-06f  1
  24  1.1350029e+06 9.85e+01 4.66e+01  -6.0 3.95e+01    -  5.69e-04 6.78e-04f  1
  25  1.1349556e+06 9.85e+01 4.66e+01  -6.0 1.69e+04    -  6.56e-10 1.58e-06f  1
  26  1.1348714e+06 9.84e+01 4.66e+01  -6.0 3.96e+01    -  2.45e-04 5.70e-04f  1
  27  1.1338743e+06 9.84e+01 4.66e+01  -6.0 1.77e+05    -  2.57e-10 5.66e-06f  1
  28  1.1338743e+06 9.84e+01 4.66e+01  -6.0 4.57e+01    -  4.39e-04 4.87e-08h  1
  29  1.1338498e+06 9.84e+01 4.66e+01  -6.0 1.26e+04    -  7.06e-10 1.06e-06f  1
iter    objective    inf_pr   inf_du lg(mu)  ||d||  lg(rg) alpha_du alpha_pr  ls
  30  1.1337485e+06 9.82e+01 4.66e+01  -6.0 4.03e+01    -  3.10e-05 6.85e-04f  1
  31  1.1335492e+06 9.82e+01 4.66e+01  -6.0 1.06e+06    -  1.81e-10 9.79e-08f  1
  32  1.1335491e+06 9.82e+01 4.65e+01  -6.0 4.14e+01    -  1.72e-03 8.28e-08h  1
  33  1.1333231e+06 9.82e+01 4.65e+01  -6.0 1.91e+03    -  1.73e-09 6.16e-05f  1
  34  1.1333231e+06 9.82e+01 4.65e+01  -6.0 4.16e+01    -  1.70e-04 7.81e-08h  1
  35  1.1333156e+06 9.82e+01 4.65e+01  -6.0 2.99e+03    -  1.70e-09 1.49e-06f  1
  36  1.1330321e+06 9.77e+01 4.65e+01  -6.0 4.09e+01    -  3.53e-04 1.93e-03f  1
  37  1.1329322e+06 9.77e+01 4.65e+01  -6.0 4.43e+04    -  3.91e-10 1.15e-06f  1
  38  1.1329322e+06 9.77e+01 4.64e+01  -6.0 4.13e+01    -  1.67e-03 5.96e-07h  1
  39  1.1321597e+06 9.77e+01 4.64e+01  -6.0 1.63e+03    -  1.68e-09 2.30e-04f  1
iter    objective    inf_pr   inf_du lg(mu)  ||d||  lg(rg) alpha_du alpha_pr  ls
  40  1.1321597e+06 9.77e+01 4.63e+01  -6.0 4.77e+01    -  1.56e-03 4.86e-08h  1
  41  1.1317501e+06 9.76e+01 4.63e+01  -6.0 1.33e+03    -  1.56e-09 1.44e-04f  1
  42  1.1315472e+06 9.76e+01 4.63e+01  -6.0 1.50e+06    -  7.20e-08 6.59e-08f  1
  43  1.1312385e+06 9.76e+01 4.63e+01  -6.0 2.05e+06    -  2.07e-07 7.32e-08f  1
  44  1.1312384e+06 9.76e+01 4.63e+01  -6.0 4.39e+01    -  6.37e-04 3.09e-07h  1
  45  1.1310480e+06 9.76e+01 4.63e+01  -6.0 2.83e+03    -  6.39e-10 3.42e-05f  1
  46  1.1310480e+06 9.76e+01 4.62e+01  -6.0 4.41e+01    -  7.34e-04 9.85e-08h  1
  47  1.1303417e+06 9.75e+01 4.62e+01  -6.0 2.20e+03    -  7.36e-10 1.77e-04f  1
  48  1.1303417e+06 9.75e+01 4.62e+01  -6.0 4.87e+01    -  5.82e-04 5.56e-08h  1
  49  1.1303080e+06 9.75e+01 4.62e+01  -6.0 2.54e+03    -  6.12e-10 6.68e-06f  1
iter    objective    inf_pr   inf_du lg(mu)  ||d||  lg(rg) alpha_du alpha_pr  ls
  50  1.1295007e+06 9.62e+01 4.61e+01  -6.0 4.48e+01    -  1.73e-03 5.53e-03f  1
  51  1.1287648e+06 9.61e+01 4.61e+01  -6.0 2.81e+03    -  1.74e-09 1.35e-04f  1
  52  1.1287648e+06 9.61e+01 4.61e+01  -6.0 5.06e+01    -  4.17e-04 5.11e-08h  1
  53  1.1287198e+06 9.61e+01 4.61e+01  -6.0 1.01e+04    -  4.58e-10 2.63e-06f  1
  54  1.1284083e+06 9.55e+01 4.61e+01  -6.0 4.65e+01    -  1.27e-04 2.15e-03f  1
  55  1.1281095e+06 9.55e+01 4.61e+01  -6.0 3.74e+05    -  1.76e-10 4.18e-07f  1
  56  1.1281095e+06 9.55e+01 4.61e+01  -6.0 4.84e+01    -  7.67e-04 6.58e-08h  1
  57  1.1265742e+06 9.55e+01 4.61e+01  -6.0 5.66e+04    -  7.79e-10 2.91e-05f  1
  58  1.1265742e+06 9.55e+01 4.60e+01  -6.0 5.56e+01    -  6.83e-04 4.79e-08h  1
  59  1.1260315e+06 9.54e+01 4.60e+01  -6.0 6.77e+03    -  6.87e-10 4.03e-05f  1
iter    objective    inf_pr   inf_du lg(mu)  ||d||  lg(rg) alpha_du alpha_pr  ls
  60  1.1260315e+06 9.54e+01 4.60e+01  -6.0 6.32e+01    -  4.11e-04 5.25e-08h  1
  61  1.1260174e+06 9.54e+01 4.60e+01  -6.0 5.53e+03    -  8.13e-10 1.54e-06f  1
  62  1.1257498e+06 9.50e+01 4.60e+01  -6.0 6.11e+01    -  8.43e-04 1.86e-03f  1
  63  1.1257172e+06 9.50e+01 4.60e+01  -6.0 7.80e+03    -  9.98e-10 2.18e-06f  1
  64  1.1257171e+06 9.50e+01 4.60e+01  -6.0 6.73e+01    -  7.41e-04 9.61e-07h  1
  65  1.1256785e+06 9.50e+01 4.60e+01  -6.0 5.77e+03    -  8.01e-10 3.93e-06f  1
  66  1.1254954e+06 9.46e+01 4.60e+01  -6.0 7.32e+01    -  4.37e-06 1.37e-03f  1
  67  1.1247706e+06 9.46e+01 4.60e+01  -6.0 1.12e+06    -  3.71e-09 3.77e-07f  1
  68  1.1247705e+06 9.46e+01 4.59e+01  -6.0 1.73e+02    -  1.08e-03 5.17e-08h  1
  69  1.1241664e+06 9.47e+01 4.59e+01  -6.0 2.26e+04    -  1.09e-09 2.37e-05f  1
iter    objective    inf_pr   inf_du lg(mu)  ||d||  lg(rg) alpha_du alpha_pr  ls
  70  1.1239222e+06 9.47e+01 4.59e+01  -6.0 1.28e+06    -  1.77e-06 2.00e-07f  1
  71  1.1234831e+06 9.49e+01 4.59e+01  -6.0 4.67e+05    -  7.85e-07 9.34e-07f  1
  72  1.1234830e+06 9.49e+01 4.59e+01  -6.0 1.45e+02    -  4.13e-04 4.10e-07h  1
  73  1.1229934e+06 9.50e+01 4.59e+01  -6.0 2.53e+04    -  4.32e-10 2.31e-05f  1
  74  1.1229934e+06 9.50e+01 4.59e+01  -6.0 8.03e+01    -  7.03e-04 6.13e-08h  1
  75  1.1229573e+06 9.50e+01 4.59e+01  -6.0 3.95e+03    -  7.65e-10 4.99e-06f  1
  76  1.1229332e+06 9.49e+01 4.58e+01  -6.0 5.91e+01    -  1.83e-04 2.09e-04f  1
  77  1.1228564e+06 9.49e+01 4.58e+01  -6.0 2.86e+04    -  2.34e-10 1.64e-06f  1
  78  1.1228351e+06 9.49e+01 4.58e+01  -6.0 5.57e+01    -  2.78e-06 1.83e-04f  1
  79  1.1227942e+06 9.49e+01 4.58e+01  -6.0 6.22e+04    -  1.41e-08 3.80e-07f  1
iter    objective    inf_pr   inf_du lg(mu)  ||d||  lg(rg) alpha_du alpha_pr  ls
  80  1.1227938e+06 9.49e+01 4.58e+01  -6.0 5.43e+01    -  4.28e-05 2.97e-06h  1
  81  1.1226214e+06 9.49e+01 4.58e+01  -6.0 2.36e+05    -  4.19e-10 5.80e-07f  1
  82  1.1221864e+06 9.49e+01 4.58e+01  -6.0 2.24e+05    -  2.07e-06 1.39e-06f  1
  83  1.1217574e+06 9.47e+01 4.58e+01  -6.0 4.09e+05    -  2.68e-07 1.25e-06f  1
  84  1.1217574e+06 9.47e+01 4.58e+01  -6.0 1.19e+02    -  5.59e-04 1.26e-07h  1
  85  1.1216619e+06 9.47e+01 4.58e+01  -6.0 1.05e+04    -  5.87e-10 8.44e-06f  1
  86  1.1216618e+06 9.47e+01 4.58e+01  -6.0 1.03e+02    -  1.35e-04 9.61e-07h  1
  87  1.1215172e+06 9.47e+01 4.58e+01  -6.0 3.48e+04    -  1.60e-10 3.71e-06f  1
  88  1.1215171e+06 9.47e+01 4.58e+01  -6.0 8.71e+01    -  1.05e-03 1.77e-07h  1
  89  1.1211403e+06 9.44e+01 4.58e+01  -6.0 2.27e+03    -  1.06e-09 1.12e-04f  1
iter    objective    inf_pr   inf_du lg(mu)  ||d||  lg(rg) alpha_du alpha_pr  ls
  90  1.1211403e+06 9.44e+01 4.57e+01  -6.0 5.17e+01    -  1.32e-03 6.90e-08h  1
  91  1.1211313e+06 9.44e+01 4.57e+01  -6.0 7.93e+02    -  1.75e-09 5.51e-06f  1
  92  1.1207369e+06 9.35e+01 4.57e+01  -6.0 5.13e+01    -  3.78e-06 3.56e-03f  1
  93  1.1205060e+06 9.34e+01 4.57e+01  -6.0 1.05e+05    -  3.81e-08 1.28e-06f  1
  94  1.1205060e+06 9.34e+01 4.57e+01  -6.0 7.70e+01    -  4.09e-04 9.08e-08h  1
  95  1.1204600e+06 9.34e+01 4.57e+01  -6.0 1.97e+04    -  6.63e-10 1.31e-06f  1
  96  1.1204148e+06 9.33e+01 4.57e+01  -6.0 5.98e+01    -  1.15e-04 4.14e-04f  1
  97  1.1199780e+06 9.29e+01 4.57e+01  -6.0 9.09e+04    -  7.38e-10 2.68e-06f  1
  98  1.1198901e+06 9.29e+01 4.57e+01  -6.0 8.44e+04    -  1.17e-05 5.30e-07f  1
  99  1.1198879e+06 9.29e+01 4.57e+01  -6.0 6.91e+01    -  6.86e-05 2.03e-05h  1
iter    objective    inf_pr   inf_du lg(mu)  ||d||  lg(rg) alpha_du alpha_pr  ls
 100  1.1191995e+06 9.22e+01 4.57e+01  -6.0 7.43e+04    -  9.21e-10 5.09e-06f  1
 101  1.1191995e+06 9.22e+01 4.56e+01  -6.0 8.17e+01    -  1.82e-03 5.18e-08h  1
 102  1.1191725e+06 9.22e+01 4.56e+01  -6.0 1.48e+03    -  1.95e-09 1.00e-05f  1
 103  1.1190636e+06 9.19e+01 4.56e+01  -6.0 7.55e+01    -  2.59e-04 1.01e-03f  1
 104  1.1190556e+06 9.19e+01 4.56e+01  -6.0 3.17e+03    -  4.83e-09 1.58e-06f  1
 105  1.1190295e+06 9.19e+01 4.56e+01  -6.0 7.27e+01    -  2.90e-04 2.60e-04f  1
 106  1.1185206e+06 9.13e+01 4.56e+01  -6.0 3.72e+04    -  6.97e-10 7.83e-06f  1
 107  1.1182919e+06 9.11e+01 4.56e+01  -6.0 5.85e+04    -  4.14e-06 2.33e-06f  1
 108  1.1182918e+06 9.11e+01 4.56e+01  -6.0 8.76e+01    -  2.33e-04 2.09e-07h  1
 109  1.1177732e+06 9.11e+01 4.56e+01  -6.0 5.56e+04    -  2.54e-10 6.69e-06f  1
iter    objective    inf_pr   inf_du lg(mu)  ||d||  lg(rg) alpha_du alpha_pr  ls
 110  1.1177732e+06 9.11e+01 4.55e+01  -6.0 9.13e+01    -  7.72e-04 5.69e-08h  1
 111  1.1175359e+06 9.11e+01 4.55e+01  -6.0 2.60e+04    -  7.98e-10 8.50e-06f  1
 112  1.1175228e+06 9.10e+01 4.55e+01  -6.0 6.82e+04    -  9.00e-06 1.70e-07f  1
 113  1.1167481e+06 9.01e+01 4.55e+01  -6.0 6.10e+04    -  5.90e-06 1.13e-05f  1
 114  1.1163881e+06 8.97e+01 4.55e+01  -6.0 4.94e+04    -  1.02e-05 7.20e-06f  1
 115  1.1163881e+06 8.97e+01 4.55e+01  -6.0 9.41e+01    -  1.60e-04 3.17e-07h  1
 116  1.1158414e+06 8.91e+01 4.55e+01  -6.0 2.03e+04    -  3.81e-10 2.03e-05f  1
 117  1.1158010e+06 8.91e+01 4.55e+01  -6.0 2.86e+04    -  4.26e-06 1.09e-06f  1
 118  1.1157782e+06 8.91e+01 4.55e+01  -6.0 7.73e+04    -  6.53e-08 2.27e-07f  1
 119  1.1156326e+06 8.89e+01 4.55e+01  -6.0 9.40e+01    -  1.45e-04 1.47e-03f  1
iter    objective    inf_pr   inf_du lg(mu)  ||d||  lg(rg) alpha_du alpha_pr  ls
 120  1.1153664e+06 8.89e+01 4.55e+01  -6.0 1.74e+05    -  4.03e-10 1.36e-06f  1
 121  1.1152092e+06 8.89e+01 4.55e+01  -6.0 3.01e+05    -  1.83e-06 6.27e-07f  1
 122  1.1152092e+06 8.89e+01 4.55e+01  -6.0 1.46e+02    -  4.08e-04 4.35e-07h  1
 123  1.1151849e+06 8.89e+01 4.55e+01  -6.0 2.30e+04    -  8.11e-10 1.28e-06f  1
 124  1.1151295e+06 8.88e+01 4.55e+01  -6.0 1.34e+02    -  3.30e-04 5.54e-04f  1
 125  1.1151016e+06 8.88e+01 4.55e+01  -6.0 1.88e+04    -  8.50e-10 9.09e-07f  1
 126  1.1149819e+06 8.87e+01 4.55e+01  -6.0 2.90e+04    -  4.61e-06 3.66e-06f  1
 127  1.1149511e+06 8.87e+01 4.55e+01  -6.0 2.77e+04    -  6.98e-06 1.13e-06f  1
 128  1.1149181e+06 8.86e+01 4.55e+01  -6.0 1.10e+02    -  2.56e-04 3.32e-04f  1
 129  1.1146684e+06 8.85e+01 4.55e+01  -6.0 2.79e+04    -  2.39e-09 1.03e-05f  1
iter    objective    inf_pr   inf_du lg(mu)  ||d||  lg(rg) alpha_du alpha_pr  ls
 130  1.1145817e+06 8.84e+01 4.55e+01  -6.0 3.16e+04    -  8.05e-06 3.67e-06f  1
 131  1.1143724e+06 8.83e+01 4.55e+01  -6.0 3.12e+04    -  7.63e-06 9.89e-06f  1
 132  1.1143724e+06 8.83e+01 4.55e+01  -6.0 1.69e+02    -  1.07e-04 2.36e-07h  1
 133  1.1143383e+06 8.83e+01 4.55e+01  -6.0 2.42e+04    -  1.85e-09 2.45e-06f  1
 134  1.1143020e+06 8.83e+01 4.55e+01  -6.0 1.70e+02    -  4.50e-05 3.66e-04f  1
 135  1.1141133e+06 8.82e+01 4.55e+01  -6.0 2.95e+04    -  1.39e-08 1.16e-05f  1
 136  1.1141133e+06 8.82e+01 4.54e+01  -6.0 1.96e+02    -  1.83e-03 1.09e-07h  1
 137  1.1139614e+06 8.82e+01 4.54e+01  -6.0 5.59e+03    -  2.30e-09 5.63e-05f  1
 138  1.1139357e+06 8.82e+01 4.54e+01  -6.0 2.61e+04    -  3.47e-05 2.36e-06f  1
 139  1.1137772e+06 8.83e+01 4.54e+01  -6.0 2.10e+04    -  2.04e-05 1.81e-05f  1
iter    objective    inf_pr   inf_du lg(mu)  ||d||  lg(rg) alpha_du alpha_pr  ls
 140  1.1137700e+06 8.83e+01 4.54e+01  -6.0 1.26e+04    -  1.36e-05 1.38e-06f  1
 141  1.1137514e+06 8.83e+01 4.54e+01  -6.0 8.71e+01    -  1.14e-04 1.89e-04h  1
 142  1.1136362e+06 8.83e+01 4.54e+01  -6.0 1.43e+04    -  6.06e-09 1.80e-05f  1
 143  1.1136187e+06 8.83e+01 4.54e+01  -6.0 1.18e+04    -  2.95e-06 2.50e-06f  1
 144  1.1136049e+06 8.83e+01 4.54e+01  -6.0 1.06e+04    -  4.98e-06 1.75e-06f  1
 145  1.1134607e+06 8.83e+01 4.54e+01  -6.0 4.04e+04    -  6.79e-08 2.80e-06f  1
 146  1.1133234e+06 8.83e+01 4.54e+01  -6.0 3.59e+04    -  7.67e-06 3.02e-06f  1
 147  1.1131511e+06 8.83e+01 4.54e+01  -6.0 4.15e+04    -  3.67e-06 4.63e-06f  1
 148  1.1131435e+06 8.83e+01 4.54e+01  -6.0 1.64e+04    -  6.71e-06 4.57e-07f  1
 149  1.1131313e+06 8.83e+01 4.54e+01  -6.0 9.65e+01    -  1.17e-04 1.24e-04h  1
iter    objective    inf_pr   inf_du lg(mu)  ||d||  lg(rg) alpha_du alpha_pr  ls
 150  1.1131190e+06 8.82e+01 4.53e+01  -6.0 1.00e+02    -  3.17e-04 1.24e-04h  1
 151  1.1130754e+06 8.82e+01 4.53e+01  -6.0 1.48e+04    -  7.31e-10 3.04e-06f  1
 152  1.1128812e+06 8.80e+01 4.53e+01  -6.0 1.08e+02    -  2.17e-04 1.97e-03f  1
 153  1.1128596e+06 8.80e+01 4.53e+01  -6.0 1.39e+02    -  1.69e-04 2.17e-04h  1
 154  1.1128138e+06 8.79e+01 4.53e+01  -6.0 1.49e+02    -  1.27e-04 4.65e-04f  1
 155  1.1128026e+06 8.79e+01 4.53e+01  -6.0 1.57e+02    -  4.60e-04 1.15e-04h  1
 156  1.1127660e+06 8.79e+01 4.53e+01  -6.0 2.28e+04    -  2.31e-09 2.38e-06f  1
 157  1.1127116e+06 8.78e+01 4.53e+01  -6.0 1.56e+02    -  3.33e-04 5.56e-04f  1
 158  1.1126788e+06 8.78e+01 4.53e+01  -6.0 1.78e+02    -  2.24e-04 3.33e-04f  1
 159  1.1126552e+06 8.78e+01 4.53e+01  -6.0 3.04e+04    -  4.04e-09 1.40e-06f  1
iter    objective    inf_pr   inf_du lg(mu)  ||d||  lg(rg) alpha_du alpha_pr  ls
 160  1.1126319e+06 8.77e+01 4.53e+01  -6.0 1.93e+02    -  2.02e-05 2.30e-04h  1
 161  1.1125423e+06 8.77e+01 4.53e+01  -6.0 3.82e+04    -  4.56e-08 4.24e-06f  1
 162  1.1125388e+06 8.77e+01 4.53e+01  -6.0 3.97e+04    -  3.55e-06 1.75e-07f  1
 163  1.1124931e+06 8.77e+01 4.53e+01  -6.0 4.91e+04    -  3.79e-06 1.96e-06f  1
 164  1.1124910e+06 8.77e+01 4.52e+01  -6.0 2.24e+02    -  7.12e-04 2.16e-05h  1
 165  1.1124134e+06 8.77e+01 4.52e+01  -6.0 3.90e+04    -  2.49e-09 4.42e-06f  1
 166  1.1123051e+06 8.77e+01 4.52e+01  -6.0 4.74e+04    -  2.43e-06 5.29e-06f  1
 167  1.1122567e+06 8.77e+01 4.52e+01  -6.0 5.94e+04    -  3.16e-06 2.13e-06f  1
 168  1.1122268e+06 8.77e+01 4.52e+01  -6.0 5.09e+04    -  2.57e-06 1.54e-06f  1
 169  1.1121574e+06 8.77e+01 4.52e+01  -6.0 5.17e+04    -  1.96e-06 3.63e-06f  1
iter    objective    inf_pr   inf_du lg(mu)  ||d||  lg(rg) alpha_du alpha_pr  ls
 170  1.1121377e+06 8.77e+01 4.52e+01  -6.0 5.18e+04    -  4.01e-06 1.09e-06f  1
 171  1.1120702e+06 8.77e+01 4.52e+01  -6.0 5.14e+04    -  3.83e-06 3.80e-06f  1
 172  1.1119688e+06 8.77e+01 4.52e+01  -6.0 5.56e+04    -  4.07e-06 5.67e-06f  1
 173  1.1119057e+06 8.77e+01 4.52e+01  -6.0 6.00e+04    -  2.62e-06 3.61e-06f  1
 174  1.1118693e+06 8.77e+01 4.52e+01  -6.0 6.34e+04    -  1.93e-06 2.09e-06f  1
 175  1.1117922e+06 8.77e+01 4.52e+01  -6.0 5.63e+04    -  5.34e-06 5.00e-06f  1
 176  1.1117871e+06 8.77e+01 4.52e+01  -6.0 8.26e+02    -  6.96e-05 5.22e-05h  1
 177  1.1117793e+06 8.77e+01 4.52e+01  -6.0 3.56e+02    -  1.72e-05 7.97e-05h  1
 178  1.1117225e+06 8.76e+01 4.52e+01  -6.0 3.91e+02    -  9.15e-04 5.83e-04f  1
 179  1.1116438e+06 8.77e+01 4.52e+01  -6.0 4.61e+04    -  3.18e-09 6.20e-06f  1
iter    objective    inf_pr   inf_du lg(mu)  ||d||  lg(rg) alpha_du alpha_pr  ls
 180  1.1116230e+06 8.77e+01 4.52e+01  -6.0 3.12e+04    -  2.89e-06 2.09e-06f  1
 181  1.1116218e+06 8.77e+01 4.52e+01  -6.0 1.05e+04    -  1.52e-05 3.99e-07f  1
 182  1.1115444e+06 8.77e+01 4.52e+01  -6.0 8.08e+03    -  1.75e-06 2.10e-05f  1
 183  1.1114821e+06 8.77e+01 4.52e+01  -6.0 2.73e+04    -  3.73e-07 3.21e-06f  1
 184  1.1114562e+06 8.77e+01 4.52e+01  -6.0 2.06e+04    -  4.88e-06 1.74e-06f  1
 185  1.1113765e+06 8.77e+01 4.52e+01  -6.0 1.99e+04    -  1.54e-06 5.37e-06f  1
 186  1.1112968e+06 8.78e+01 4.52e+01  -6.0 1.82e+04    -  6.62e-06 5.87e-06f  1
 187  1.1112924e+06 8.78e+01 4.52e+01  -6.0 6.80e+03    -  6.15e-06 7.69e-07f  1
 188  1.1112822e+06 8.78e+01 4.52e+01  -6.0 7.68e+03    -  8.99e-06 4.72e-06f  1
 189  1.1112173e+06 8.78e+01 4.52e+01  -6.0 6.83e+03    -  1.66e-05 3.18e-05f  1
iter    objective    inf_pr   inf_du lg(mu)  ||d||  lg(rg) alpha_du alpha_pr  ls
 190  1.1112017e+06 8.78e+01 4.52e+01  -6.0 3.43e+03    -  2.04e-05 9.45e-06f  1
 191  1.1111530e+06 8.78e+01 4.52e+01  -6.0 1.45e+04    -  1.46e-07 4.74e-06f  1
 192  1.1111357e+06 8.78e+01 4.52e+01  -6.0 1.31e+04    -  6.41e-08 2.12e-06f  1
 193  1.1110930e+06 8.78e+01 4.52e+01  -6.0 1.26e+04    -  1.31e-06 5.32e-06f  1
 194  1.1110817e+06 8.78e+01 4.52e+01  -6.0 1.15e+04    -  7.09e-07 1.47e-06f  1
 195  1.1110539e+06 8.78e+01 4.52e+01  -6.0 1.12e+04    -  6.70e-08 3.51e-06f  1
 196  1.1110269e+06 8.78e+01 4.52e+01  -6.0 1.02e+04    -  1.67e-06 3.34e-06f  1
 197  1.1109868e+06 8.78e+01 4.52e+01  -6.0 1.09e+04    -  4.37e-06 8.48e-06f  1
 198  1.1109618e+06 8.78e+01 4.52e+01  -6.0 1.11e+04    -  2.88e-06 4.99e-06f  1
 199  1.1109371e+06 8.78e+01 4.52e+01  -6.0 1.07e+04    -  7.44e-06 6.21e-06f  1
iter    objective    inf_pr   inf_du lg(mu)  ||d||  lg(rg) alpha_du alpha_pr  ls
 200  1.1108973e+06 8.79e+01 4.52e+01  -6.0 9.75e+03    -  3.33e-06 1.05e-05f  1
 201  1.1108579e+06 8.79e+01 4.52e+01  -6.0 9.74e+03    -  7.02e-06 1.07e-05f  1
 202  1.1108441e+06 8.79e+01 4.52e+01  -6.0 9.77e+03    -  7.35e-06 3.83e-06f  1
 203  1.1108358e+06 8.79e+01 4.52e+01  -6.0 8.53e+03    -  1.82e-05 2.88e-06f  1
 204  1.1108338e+06 8.79e+01 4.52e+01  -6.0 2.56e+02    -  1.33e-04 2.70e-05h  1
 205  1.1108218e+06 8.78e+01 4.52e+01  -6.0 2.31e+02    -  1.12e-04 1.61e-04f  1
 206  1.1108052e+06 8.78e+01 4.52e+01  -6.0 2.07e+02    -  2.43e-05 2.21e-04f  1
 207  1.1108008e+06 8.78e+01 4.52e+01  -6.0 6.12e+03    -  1.20e-05 1.66e-06f  1
 208  1.1107990e+06 8.78e+01 4.52e+01  -6.0 4.57e+03    -  2.66e-06 9.49e-07f  1
 209  1.1107966e+06 8.78e+01 4.52e+01  -6.0 3.17e+03    -  2.84e-05 1.79e-06f  1
iter    objective    inf_pr   inf_du lg(mu)  ||d||  lg(rg) alpha_du alpha_pr  ls
 210  1.1107884e+06 8.78e+01 4.52e+01  -6.0 1.21e+03    -  1.48e-05 1.96e-05f  1
 211  1.1107611e+06 8.78e+01 4.52e+01  -6.0 2.60e+02    -  1.14e-04 3.67e-04h  1
 212  1.1107491e+06 8.78e+01 4.52e+01  -6.0 2.88e+02    -  1.27e-04 1.60e-04h  1
 213  1.1107303e+06 8.78e+01 4.52e+01  -6.0 8.42e+03    -  1.25e-07 7.11e-06f  1
 214  1.1107276e+06 8.78e+01 4.52e+01  -6.0 2.47e+03    -  3.52e-06 2.67e-06f  1
 215  1.1107189e+06 8.78e+01 4.52e+01  -6.0 1.37e+04    -  2.22e-05 2.44e-06f  1
 216  1.1107047e+06 8.78e+01 4.52e+01  -6.0 1.36e+04    -  3.62e-06 4.30e-06f  1
 217  1.1106541e+06 8.78e+01 4.52e+01  -6.0 1.40e+04    -  1.44e-06 1.51e-05f  1
 218  1.1106303e+06 8.78e+01 4.52e+01  -6.0 1.37e+04    -  3.56e-06 7.46e-06f  1
 219  1.1106110e+06 8.78e+01 4.52e+01  -6.0 8.36e+03    -  2.86e-05 6.24e-06f  1
iter    objective    inf_pr   inf_du lg(mu)  ||d||  lg(rg) alpha_du alpha_pr  ls
 220  1.1105720e+06 8.79e+01 4.52e+01  -6.0 1.39e+04    -  8.13e-06 1.24e-05f  1
 221  1.1105320e+06 8.79e+01 4.52e+01  -6.0 1.48e+04    -  5.77e-06 1.33e-05f  1
 222  1.1105158e+06 8.79e+01 4.52e+01  -6.0 1.18e+04    -  4.62e-07 6.91e-06f  1
 223  1.1105156e+06 8.79e+01 4.52e+01  -6.0 1.22e+04    -  8.42e-07 8.22e-08h  1
 224  1.1105002e+06 8.79e+01 4.52e+01  -6.0 1.41e+04    -  1.18e-05 5.54e-06f  1
 225  1.1104898e+06 8.79e+01 4.52e+01  -6.0 1.72e+04    -  5.14e-06 3.79e-06f  1
 226  1.1104843e+06 8.79e+01 4.52e+01  -6.0 1.63e+04    -  2.68e-06 2.64e-06f  1
 227  1.1104663e+06 8.79e+01 4.52e+01  -6.0 1.95e+04    -  3.99e-06 6.95e-06f  1
 228  1.1104466e+06 8.79e+01 4.52e+01  -6.0 1.83e+04    -  6.93e-06 8.77e-06f  1
 229  1.1104400e+06 8.79e+01 4.52e+01  -6.0 1.35e+04    -  1.50e-05 3.89e-06f  1
iter    objective    inf_pr   inf_du lg(mu)  ||d||  lg(rg) alpha_du alpha_pr  ls
 230  1.1104352e+06 8.79e+01 4.52e+01  -6.0 1.45e+04    -  5.08e-06 3.35e-06f  1
 231  1.1104258e+06 8.80e+01 4.52e+01  -6.0 1.43e+04    -  1.04e-05 6.75e-06f  1
 232  1.1104143e+06 8.80e+01 4.52e+01  -6.0 3.51e+03    -  6.63e-06 1.20e-05f  1
 233  1.1104044e+06 8.80e+01 4.52e+01  -6.0 3.51e+03    -  8.30e-06 1.04e-05f  1
 234  1.1103918e+06 8.80e+01 4.52e+01  -6.0 3.89e+03    -  4.63e-06 1.17e-05f  1
 235  1.1103856e+06 8.80e+01 4.52e+01  -6.0 9.74e+03    -  7.25e-06 5.47e-06f  1
 236  1.1103767e+06 8.80e+01 4.52e+01  -6.0 8.14e+03    -  8.56e-06 8.94e-06f  1
 237  1.1103723e+06 8.80e+01 4.52e+01  -6.0 2.44e+03    -  1.30e-05 8.42e-06f  1
 238  1.1103581e+06 8.80e+01 4.52e+01  -6.0 1.03e+04    -  7.04e-06 1.05e-05f  1
 239  1.1103466e+06 8.80e+01 4.51e+01  -6.0 1.20e+04    -  9.13e-06 9.38e-06f  1
iter    objective    inf_pr   inf_du lg(mu)  ||d||  lg(rg) alpha_du alpha_pr  ls
 240  1.1103292e+06 8.80e+01 4.51e+01  -6.0 4.20e+03    -  3.91e-06 1.14e-05f  1
 241  1.1103175e+06 8.80e+01 4.51e+01  -6.0 3.64e+03    -  1.64e-05 8.21e-06f  1
 242  1.1103105e+06 8.80e+01 4.51e+01  -6.0 8.74e+03    -  5.08e-05 6.09e-06f  1
 243  1.1102940e+06 8.80e+01 4.51e+01  -6.0 1.27e+04    -  2.54e-06 2.07e-05f  1
 244  1.1102895e+06 8.80e+01 4.51e+01  -6.0 1.70e+04    -  3.21e-05 5.68e-06f  1
 245  1.1102800e+06 8.80e+01 4.51e+01  -6.0 9.58e+03    -  7.04e-06 1.12e-05f  1
 246  1.1102790e+06 8.80e+01 4.51e+01  -6.0 5.65e+03    -  9.02e-06 2.83e-06h  1
 247  1.1102572e+06 8.81e+01 4.51e+01  -6.0 8.67e+03    -  3.18e-06 2.91e-05f  1
 248  1.1102490e+06 8.81e+01 4.51e+01  -6.0 9.12e+03    -  1.89e-05 1.37e-05f  1
 249  1.1102376e+06 8.81e+01 4.51e+01  -6.0 4.55e+03    -  4.67e-05 1.95e-05f  1
iter    objective    inf_pr   inf_du lg(mu)  ||d||  lg(rg) alpha_du alpha_pr  ls
 250  1.1102247e+06 8.81e+01 4.51e+01  -6.0 5.42e+03    -  2.44e-05 2.53e-05f  1
 251  1.1102228e+06 8.81e+01 4.51e+01  -6.0 9.25e+03    -  1.21e-05 5.19e-06h  1
 252  1.1102157e+06 8.82e+01 4.51e+01  -6.0 4.07e+03    -  9.34e-06 3.37e-05h  1
 253  1.1102093e+06 8.82e+01 4.51e+01  -6.0 9.04e+03    -  1.36e-05 1.93e-05f  1
 254  1.1102074e+06 8.82e+01 4.51e+01  -6.0 5.99e+03    -  2.90e-05 5.83e-06h  1
 255  1.1102036e+06 8.82e+01 4.51e+01  -6.0 9.88e+02    -  5.48e-06 1.86e-05h  1
 256  1.1101896e+06 8.82e+01 4.51e+01  -6.0 7.69e+02    -  1.79e-04 2.29e-04h  1
 257  1.1101867e+06 8.82e+01 4.51e+01  -6.0 1.73e+03    -  1.69e-04 5.53e-05h  1
 258  1.1101782e+06 8.83e+01 4.51e+01  -6.0 8.85e+02    -  4.73e-05 2.06e-04h  1
 259  1.1101738e+06 8.83e+01 4.51e+01  -6.0 1.49e+03    -  1.09e-04 9.54e-05h  1
iter    objective    inf_pr   inf_du lg(mu)  ||d||  lg(rg) alpha_du alpha_pr  ls
 260  1.1101712e+06 8.83e+01 4.51e+01  -6.0 3.80e+02    -  1.83e-05 4.92e-05h  1
 261  1.1101646e+06 8.84e+01 4.51e+01  -6.0 7.10e+02    -  3.66e-05 1.98e-04h  1
 262  1.1101585e+06 8.84e+01 4.51e+01  -6.0 3.94e+02    -  5.83e-05 1.23e-04h  1
 263  1.1101559e+06 8.84e+01 4.51e+01  -6.0 7.94e+02    -  1.92e-05 8.14e-05h  1
 264  1.1101517e+06 8.84e+01 4.51e+01  -6.0 3.91e+02    -  7.64e-05 9.20e-05h  1
 265  1.1101516e+06 8.84e+01 4.51e+01  -6.0 3.89e+02    -  4.93e-05 3.09e-06h  1
 266  1.1101447e+06 8.85e+01 4.51e+01  -6.0 3.87e+02    -  5.20e-05 1.63e-04f  1
 267  1.1101445e+06 8.85e+01 4.51e+01  -6.0 4.98e+02    -  1.59e-04 3.89e-06h  1
 268  1.1101439e+06 8.85e+01 4.51e+01  -6.0 7.35e+02    -  9.17e-05 1.78e-05h  1
 269  1.1101413e+06 8.85e+01 4.51e+01  -6.0 8.30e+02    -  5.13e-05 7.94e-05h  1
iter    objective    inf_pr   inf_du lg(mu)  ||d||  lg(rg) alpha_du alpha_pr  ls
 270  1.1101387e+06 8.85e+01 4.51e+01  -6.0 5.32e+02    -  5.77e-05 9.05e-05h  1
 271  1.1101367e+06 8.85e+01 4.51e+01  -6.0 1.81e+03    -  3.87e-05 4.15e-05h  1
 272  1.1101355e+06 8.85e+01 4.51e+01  -6.0 8.23e+02    -  4.00e-05 4.53e-05h  1
 273  1.1101303e+06 8.84e+01 4.51e+01  -6.0 1.56e+03    -  2.88e-05 1.21e-04h  1
 274  1.1101297e+06 8.84e+01 4.51e+01  -6.0 5.27e+02    -  6.14e-05 2.09e-05h  1
 275  1.1101241e+06 8.85e+01 4.51e+01  -6.0 4.20e+02    -  1.57e-04 1.30e-04f  1
 276  1.1101197e+06 8.85e+01 4.51e+01  -6.0 4.72e+02    -  1.69e-05 1.02e-04h  1
 277  1.1101194e+06 8.85e+01 4.51e+01  -6.0 6.01e+02    -  3.98e-05 3.54e-05h  1
 278  1.1101184e+06 8.85e+01 4.51e+01  -6.0 7.52e+02    -  1.70e-06 2.36e-05f  1
 279  1.1101174e+06 8.85e+01 4.51e+01  -6.0 5.78e+02    -  4.78e-05 1.69e-04h  1
iter    objective    inf_pr   inf_du lg(mu)  ||d||  lg(rg) alpha_du alpha_pr  ls
 280  1.1101160e+06 8.85e+01 4.51e+01  -6.0 7.73e+02    -  4.11e-05 3.27e-05h  1
 281  1.1101156e+06 8.85e+01 4.50e+01  -6.0 2.94e+02    -  8.37e-05 1.73e-05h  1
 282  1.1101153e+06 8.86e+01 4.50e+01  -6.0 6.21e+02    -  1.03e-04 2.16e-04h  1
 283  1.1101129e+06 8.85e+01 4.50e+01  -6.0 3.06e+02    -  1.07e-08 1.17e-04f  1
 284  1.1101123e+06 8.85e+01 4.50e+01  -6.0 6.05e+02    -  1.28e-04 1.01e-04h  1
 285  1.1101122e+06 8.85e+01 4.50e+01  -6.0 1.47e+03    -  2.35e-05 1.78e-05h  1
 286  1.1101105e+06 8.86e+01 4.50e+01  -6.0 1.49e+03    -  1.02e-04 2.31e-04h  1
 287  1.1101103e+06 8.86e+01 4.50e+01  -6.0 1.08e+03    -  1.65e-04 1.43e-05h  1
 288  1.1101101e+06 8.87e+01 4.50e+01  -6.0 1.04e+03    -  8.07e-06 2.18e-05h  1
 289  1.1101101e+06 8.87e+01 4.50e+01  -6.0 9.90e+02    -  4.43e-05 5.05e-05h  1
iter    objective    inf_pr   inf_du lg(mu)  ||d||  lg(rg) alpha_du alpha_pr  ls
 290  1.1101101e+06 8.87e+01 4.50e+01  -6.0 9.88e+02    -  2.10e-04 9.34e-05h  1
 291  1.1101108e+06 8.89e+01 4.50e+01  -6.0 9.90e+02    -  1.59e-04 2.68e-04h  1
 292  1.1101104e+06 8.89e+01 4.50e+01  -6.0 6.32e+02    -  3.86e-04 5.20e-05h  1
 293  1.1101104e+06 8.89e+01 4.50e+01  -6.0 4.67e+02    -  8.27e-05 3.48e-05h  1
 294  1.1101126e+06 8.89e+01 4.50e+01  -6.0 4.20e+02    -  1.58e-04 2.21e-04h  1
 295  1.1101149e+06 8.89e+01 4.50e+01  -6.0 6.81e+02    -  3.83e-05 2.07e-04h  1
 296  1.1101149e+06 8.89e+01 4.50e+01  -6.0 5.58e+02    -  2.05e-04 7.49e-05h  1
 297  1.1101152e+06 8.90e+01 4.50e+01  -6.0 4.93e+02    -  9.05e-05 1.47e-04h  1
 298  1.1101193e+06 8.90e+01 4.49e+01  -6.0 4.90e+02    -  4.99e-05 3.21e-04h  1
 299  1.1101200e+06 8.90e+01 4.49e+01  -6.0 3.41e+02    -  1.13e-04 6.16e-05h  1
iter    objective    inf_pr   inf_du lg(mu)  ||d||  lg(rg) alpha_du alpha_pr  ls
 300  1.1101202e+06 8.90e+01 4.49e+01  -6.0 4.36e+02    -  3.22e-04 3.09e-05h  1

Number of Iterations....: 300

                                   (scaled)                 (unscaled)
Objective...............:   1.3327872476111337e+04    1.1101201838554994e+06
Dual infeasibility......:   4.4944499324444820e+01    3.7435679207446560e+03
Constraint violation....:   7.4569245710397345e+00    8.9002806265823082e+01
Variable bound violation:   9.7741485599600608e-09    9.7741485599600608e-09
Complementarity.........:   9.5861316987154810e-01    7.9845889153840389e+01
Overall NLP error.......:   4.4944499324444820e+01    3.7435679207446560e+03


Number of objective function evaluations             = 301
Number of objective gradient evaluations             = 301
Number of equality constraint evaluations            = 301
Number of inequality constraint evaluations          = 302
Number of equality constraint Jacobian evaluations   = 301
Number of inequality constraint Jacobian evaluations = 301
Number of Lagrangian Hessian evaluations             = 300
Total seconds in IPOPT                               = 218.220

EXIT: Maximum Number of Iterations Exceeded.

