Solver command line: ['/opt/homebrew/bin/ipopt', '/var/folders/6y/bvynbx6n3zv7z3lwg6vd724r0000gn/T/tmp9qq7rrwz.pyomo.nl', '-AMPL', 'tol=1e-06', 'max_iter=300', 'print_level=5', 'warm_start_init_point=yes', 'warm_start_bound_push=1e-06', 'warm_start_bound_frac=1e-06', 'warm_start_mult_bound_push=1e-06', 'mu_init=1e-06', 'least_square_init_duals=no']

Ipopt 3.14.19: tol=1e-06
max_iter=300
print_level=5
warm_start_init_point=yes
warm_start_bound_push=1e-06
warm_start_bound_frac=1e-06
warm_start_mult_bound_push=1e-06
mu_init=1e-06
least_square_init_duals=no


******************************************************************************
This program contains Ipopt, a library for large-scale nonlinear optimization.
 Ipopt is released as open source code under the Eclipse Public License (EPL).
         For more information visit https://github.com/coin-or/Ipopt
******************************************************************************

This is Ipopt version 3.14.19, running with linear solver MUMPS 5.6.2.

Number of nonzeros in equality constraint Jacobian...:   408340
Number of nonzeros in inequality constraint Jacobian.:   283144
Number of nonzeros in Lagrangian Hessian.............:   231304

Total number of variables............................:    66475
                     variables with only lower bounds:        0
                variables with lower and upper bounds:    66475
                     variables with only upper bounds:        0
Total number of equality constraints.................:    60001
Total number of inequality constraints...............:    70786
        inequality constraints with only lower bounds:        0
   inequality constraints with lower and upper bounds:        0
        inequality constraints with only upper bounds:    70786

iter    objective    inf_pr   inf_du lg(mu)  ||d||  lg(rg) alpha_du alpha_pr  ls
   0  1.1423329e+06 1.00e+02 2.07e+03  -6.0 0.00e+00    -  0.00e+00 0.00e+00   0
   1r 1.1423329e+06 1.00e+02 9.99e+02   0.9 0.00e+00   2.0 0.00e+00 2.99e-07R  6
   2r 1.1439874e+06 9.88e+01 9.99e+02   0.9 3.72e+04    -  7.58e-07 1.58e-06f  1
   3r 1.1496276e+06 9.54e+01 9.99e+02   0.9 9.70e+03    -  3.66e-05 4.47e-06f  1
   4r 1.1659820e+06 6.87e+01 9.99e+02   0.9 7.10e+03    -  3.20e-05 8.88e-05f  1
   5r 1.1831874e+06 6.14e+01 9.98e+02   0.9 6.28e+03    -  1.06e-03 1.43e-04f  1
   6  1.1679017e+06 6.13e+01 1.56e+02  -6.0 5.58e+02    -  5.71e-04 4.17e-04f  1
   7  1.1654712e+06 6.13e+01 1.56e+02  -6.0 4.67e+02    -  1.84e-04 1.08e-04f  1
   8  1.1651071e+06 6.13e+01 1.56e+02  -6.0 5.01e+02    -  1.66e-04 1.78e-05f  1
   9  1.1642361e+06 6.13e+01 1.56e+02  -6.0 5.31e+02    -  1.46e-04 4.50e-05f  1
iter    objective    inf_pr   inf_du lg(mu)  ||d||  lg(rg) alpha_du alpha_pr  ls
  10  1.1641310e+06 6.13e+01 1.56e+02  -6.0 5.65e+02    -  3.09e-05 5.71e-06f  1
  11  1.1634145e+06 6.13e+01 1.56e+02  -6.0 5.68e+02    -  1.33e-04 4.06e-05f  1
  12  1.1612319e+06 6.13e+01 1.56e+02  -6.0 5.92e+02    -  2.42e-04 1.33e-04f  1
  13  1.1543903e+06 6.13e+01 1.56e+02  -6.0 6.03e+02    -  4.38e-04 4.88e-04f  1
  14  1.1463410e+06 6.12e+01 1.56e+02  -6.0 5.00e+02    -  9.97e-04 8.98e-04f  1
  15  1.1439111e+06 6.12e+01 1.56e+02  -6.0 3.22e+02    -  2.79e-03 5.47e-04f  1
  16  1.1404303e+06 6.11e+01 1.56e+02  -6.0 2.23e+02    -  1.76e-03 1.24e-03f  1
  17  1.1369765e+06 6.10e+01 1.55e+02  -6.0 1.86e+02    -  4.24e-03 1.60e-03f  1
  18  1.1342677e+06 6.09e+01 1.55e+02  -6.0 1.60e+02    -  3.77e-03 1.76e-03f  1
  19  1.1317626e+06 6.08e+01 1.55e+02  -6.0 1.50e+02    -  4.99e-03 2.19e-03f  1
iter    objective    inf_pr   inf_du lg(mu)  ||d||  lg(rg) alpha_du alpha_pr  ls
  20  1.1297862e+06 6.06e+01 1.55e+02  -6.0 1.37e+02    -  8.34e-03 2.53e-03f  1
  21  1.1283040e+06 6.05e+01 1.54e+02  -6.0 1.19e+02    -  8.72e-03 2.85e-03f  1
  22  1.1277363e+06 6.04e+01 1.54e+02  -6.0 1.06e+02    -  2.72e-03 1.48e-03f  1
  23  1.1273704e+06 6.03e+01 1.54e+02  -6.0 1.01e+02    -  3.51e-03 1.06e-03f  1
  24  1.1262565e+06 6.01e+01 1.53e+02  -6.0 9.42e+01    -  1.19e-02 3.65e-03f  1
  25  1.1242441e+06 5.95e+01 1.52e+02  -6.0 8.21e+01    -  9.41e-03 9.15e-03f  1
  26  1.1242423e+06 5.95e+01 1.52e+02  -6.0 6.41e+01    -  1.15e-02 1.19e-05h  1
  27  1.1238319e+06 5.93e+01 1.52e+02  -6.0 5.88e+01    -  2.42e-02 3.08e-03f  1
  28  1.1237774e+06 5.93e+01 1.52e+02  -6.0 4.53e+01    -  5.26e-03 7.42e-04f  1
  29  1.1233207e+06 5.89e+01 1.51e+02  -6.0 4.76e+01    -  6.03e-03 6.32e-03f  1
iter    objective    inf_pr   inf_du lg(mu)  ||d||  lg(rg) alpha_du alpha_pr  ls
  30  1.1232313e+06 5.88e+01 1.51e+02  -6.0 3.73e+01    -  7.69e-03 1.50e-03f  1
  31  1.1230331e+06 5.86e+01 1.50e+02  -6.0 3.82e+01    -  3.23e-03 3.49e-03f  1
  32  1.1228784e+06 5.85e+01 1.50e+02  -6.0 3.86e+01    -  7.00e-03 2.84e-03f  1
  33  1.1224340e+06 5.79e+01 1.49e+02  -6.0 3.57e+01    -  6.50e-03 8.94e-03f  1
  34  1.1223147e+06 5.78e+01 1.48e+02  -6.0 3.72e+01    -  1.21e-02 2.61e-03f  1
  35  1.1222358e+06 5.77e+01 1.48e+02  -6.0 3.29e+01    -  5.05e-03 1.96e-03f  1
  36  1.1220047e+06 5.73e+01 1.47e+02  -6.0 3.16e+01    -  9.79e-03 6.09e-03f  1
  37  1.1219158e+06 5.72e+01 1.47e+02  -6.0 3.29e+01    -  1.60e-02 2.49e-03f  1
  38  1.1218432e+06 5.71e+01 1.47e+02  -6.0 3.66e+01    -  8.44e-03 2.10e-03h  1
  39  1.1216471e+06 5.67e+01 1.46e+02  -6.0 3.25e+01    -  8.15e-03 7.01e-03f  1
iter    objective    inf_pr   inf_du lg(mu)  ||d||  lg(rg) alpha_du alpha_pr  ls
  40  1.1215393e+06 5.64e+01 1.45e+02  -6.0 3.31e+01    -  5.84e-03 4.35e-03h  1
  41  1.1214913e+06 5.63e+01 1.45e+02  -6.0 3.34e+01    -  1.96e-02 2.11e-03h  1
  42  1.1214446e+06 5.62e+01 1.45e+02  -6.0 3.34e+01    -  5.15e-03 2.08e-03h  1
  43  1.1213487e+06 5.59e+01 1.44e+02  -6.0 3.35e+01    -  8.19e-03 4.65e-03h  1
  44  1.1211971e+06 5.54e+01 1.43e+02  -6.0 3.39e+01    -  2.74e-02 8.70e-03h  1
  45  1.1209223e+06 5.44e+01 1.40e+02  -6.0 3.42e+01    -  5.72e-03 1.92e-02f  1
  46  1.1205326e+06 5.26e+01 1.35e+02  -6.0 3.50e+01    -  2.16e-02 3.32e-02f  1
  47  1.1204983e+06 5.23e+01 1.35e+02  -6.0 3.56e+01    -  3.25e-02 4.72e-03h  1
  48  1.1204937e+06 5.22e+01 1.35e+02  -6.0 3.56e+01    -  4.18e-02 1.07e-03h  1
  49  1.1204854e+06 5.21e+01 1.35e+02  -6.0 3.53e+01    -  4.33e-02 3.09e-03h  1
iter    objective    inf_pr   inf_du lg(mu)  ||d||  lg(rg) alpha_du alpha_pr  ls
  50  1.1204718e+06 5.15e+01 1.33e+02  -6.0 3.50e+01    -  3.74e-03 1.07e-02h  1
  51  1.1204701e+06 5.15e+01 1.33e+02  -6.0 3.51e+01    -  2.13e-02 1.53e-03h  1
  52  1.1204785e+06 4.98e+01 1.29e+02  -6.0 3.51e+01    -  5.25e-02 3.26e-02h  1
  53  1.1204866e+06 4.96e+01 1.28e+02  -6.0 3.46e+01    -  2.62e-02 4.22e-03h  1
  54  1.1205583e+06 4.82e+01 1.25e+02  -6.0 3.45e+01    -  4.22e-02 2.66e-02h  1
  55  1.1206012e+06 4.76e+01 1.24e+02  -6.0 3.41e+01    -  3.34e-02 1.21e-02h  1
  56  1.1206573e+06 4.70e+01 1.22e+02  -6.0 3.38e+01    -  1.67e-02 1.33e-02h  1
  57  1.1206873e+06 4.67e+01 1.21e+02  -6.0 3.35e+01    -  1.81e-02 6.03e-03h  1
  58  1.1207349e+06 4.63e+01 1.20e+02  -6.0 3.36e+01    -  1.55e-03 8.64e-03h  1
  59  1.1207452e+06 4.62e+01 1.20e+02  -6.0 3.35e+01    -  3.98e-02 1.86e-03h  1
iter    objective    inf_pr   inf_du lg(mu)  ||d||  lg(rg) alpha_du alpha_pr  ls
  60  1.1207965e+06 4.58e+01 1.19e+02  -6.0 3.33e+01    -  1.51e-02 8.85e-03h  1
  61  1.1208835e+06 4.52e+01 1.17e+02  -6.0 3.31e+01    -  1.40e-02 1.45e-02h  1
  62  1.1209386e+06 4.48e+01 1.16e+02  -6.0 3.29e+01    -  1.33e-02 8.85e-03h  1
  63  1.1209580e+06 4.46e+01 1.16e+02  -6.0 3.24e+01    -  2.65e-02 2.77e-03h  1
  64  1.1210621e+06 4.39e+01 1.14e+02  -6.0 3.25e+01    -  1.60e-02 1.59e-02h  1
  65  1.1211609e+06 4.33e+01 1.13e+02  -6.0 3.22e+01    -  6.34e-02 1.45e-02h  1
  66  1.1213654e+06 4.21e+01 1.10e+02  -6.0 3.19e+01    -  2.54e-02 2.76e-02h  1
  67  1.1215980e+06 4.08e+01 1.06e+02  -6.0 3.28e+01    -  5.83e-02 3.00e-02h  1
  68  1.1216348e+06 4.06e+01 1.06e+02  -6.0 3.37e+01    -  3.54e-02 4.41e-03h  1
  69  1.1217855e+06 3.99e+01 1.04e+02  -6.0 3.37e+01    -  4.15e-02 1.76e-02h  1
iter    objective    inf_pr   inf_du lg(mu)  ||d||  lg(rg) alpha_du alpha_pr  ls
  70  1.1219158e+06 3.93e+01 1.03e+02  -6.0 3.45e+01    -  1.34e-02 1.44e-02h  1
  71  1.1221879e+06 3.82e+01 9.97e+01  -6.0 3.39e+01    -  3.75e-02 3.00e-02h  1
  72  1.1222544e+06 3.79e+01 9.90e+01  -6.0 3.41e+01    -  1.18e-02 7.09e-03h  1
  73  1.1222616e+06 3.79e+01 9.90e+01  -6.0 3.41e+01    -  3.11e-02 7.77e-04h  1
  74  1.1223705e+06 3.74e+01 9.78e+01  -6.0 3.39e+01    -  8.19e-03 1.16e-02h  1
  75  1.1224117e+06 3.73e+01 9.75e+01  -6.0 3.47e+01    -  3.87e-02 3.87e-03h  1
  76  1.1224621e+06 3.71e+01 9.70e+01  -6.0 3.39e+01    -  1.46e-02 5.27e-03h  1
  77  1.1225110e+06 3.69e+01 9.67e+01  -6.0 3.41e+01    -  3.74e-02 4.77e-03h  1
  78  1.1225316e+06 3.68e+01 9.65e+01  -6.0 3.37e+01    -  6.93e-03 2.09e-03h  1
  79  1.1226215e+06 3.65e+01 9.57e+01  -6.0 3.39e+01    -  1.58e-02 8.51e-03h  1
iter    objective    inf_pr   inf_du lg(mu)  ||d||  lg(rg) alpha_du alpha_pr  ls
  80  1.1227641e+06 3.61e+01 9.47e+01  -6.0 3.53e+01    -  3.66e-07 1.11e-02h  1
  81  1.1228817e+06 3.58e+01 9.38e+01  -6.0 3.54e+01    -  2.17e-02 9.12e-03h  1
  82  1.1231535e+06 3.50e+01 9.18e+01  -6.0 3.54e+01    -  1.86e-02 2.10e-02h  1
  83  1.1233014e+06 3.46e+01 9.05e+01  -6.0 3.54e+01    -  1.38e-01 1.15e-02h  1
  84  1.1236322e+06 3.38e+01 8.83e+01  -6.0 3.48e+01    -  2.46e-02 2.48e-02h  1
  85  1.1241004e+06 3.26e+01 8.51e+01  -6.0 3.48e+01    -  6.58e-02 3.55e-02h  1
  86  1.1246842e+06 3.11e+01 8.13e+01  -6.0 3.44e+01    -  4.38e-02 4.48e-02h  1
  87  1.1249021e+06 3.06e+01 7.98e+01  -6.0 3.40e+01    -  6.33e-02 1.70e-02h  1
  88  1.1250573e+06 3.02e+01 7.88e+01  -6.0 3.37e+01    -  3.55e-02 1.21e-02h  1
  89  1.1252349e+06 2.98e+01 7.76e+01  -6.0 3.36e+01    -  9.14e-02 1.40e-02h  1
iter    objective    inf_pr   inf_du lg(mu)  ||d||  lg(rg) alpha_du alpha_pr  ls
  90  1.1255822e+06 2.90e+01 7.55e+01  -6.0 3.34e+01    -  2.47e-02 2.72e-02h  1
  91  1.1257093e+06 2.87e+01 7.47e+01  -6.0 3.33e+01    -  4.23e-02 1.01e-02h  1
  92  1.1259621e+06 2.81e+01 7.31e+01  -6.0 3.32e+01    -  4.79e-02 2.02e-02h  1
  93  1.1261038e+06 2.78e+01 7.22e+01  -6.0 3.32e+01    -  5.16e-02 1.14e-02h  1
  94  1.1262130e+06 2.75e+01 7.15e+01  -6.0 3.18e+01    -  4.00e-02 8.86e-03h  1
  95  1.1265225e+06 2.68e+01 6.96e+01  -6.0 3.17e+01    -  6.77e-02 2.52e-02h  1
  96  1.1266562e+06 2.65e+01 6.87e+01  -6.0 3.13e+01    -  5.74e-02 1.10e-02h  1
  97  1.1268707e+06 2.61e+01 6.75e+01  -6.0 3.12e+01    -  4.56e-02 1.77e-02h  1
  98  1.1271140e+06 2.55e+01 6.61e+01  -6.0 3.09e+01    -  1.64e-02 2.03e-02h  1
  99  1.1272515e+06 2.52e+01 6.53e+01  -6.0 3.05e+01    -  3.52e-02 1.16e-02h  1
iter    objective    inf_pr   inf_du lg(mu)  ||d||  lg(rg) alpha_du alpha_pr  ls
 100  1.1273722e+06 2.50e+01 6.45e+01  -6.0 3.04e+01    -  9.41e-02 1.03e-02h  1
 101  1.1274484e+06 2.48e+01 6.41e+01  -6.0 2.99e+01    -  6.13e-03 6.48e-03h  1
 102  1.1275031e+06 2.47e+01 6.38e+01  -6.0 2.98e+01    -  1.20e-02 4.67e-03h  1
 103  1.1275785e+06 2.45e+01 6.34e+01  -6.0 2.95e+01    -  2.37e-02 6.45e-03h  1
 104  1.1277017e+06 2.43e+01 6.27e+01  -6.0 2.97e+01    -  5.26e-02 1.06e-02h  1
 105  1.1281713e+06 2.33e+01 6.02e+01  -6.0 2.93e+01    -  3.49e-02 4.04e-02h  1
 106  1.1282360e+06 2.32e+01 5.98e+01  -6.0 2.87e+01    -  1.32e-02 5.73e-03h  1
 107  1.1283048e+06 2.30e+01 5.94e+01  -6.0 2.85e+01    -  5.28e-02 6.10e-03h  1
 108  1.1286246e+06 2.24e+01 5.77e+01  -6.0 2.83e+01    -  1.72e-02 2.84e-02h  1
 109  1.1288590e+06 2.19e+01 5.64e+01  -6.0 2.78e+01    -  6.44e-02 2.12e-02h  1
iter    objective    inf_pr   inf_du lg(mu)  ||d||  lg(rg) alpha_du alpha_pr  ls
 110  1.1288846e+06 2.18e+01 5.62e+01  -6.0 2.73e+01    -  4.63e-02 2.34e-03h  1
 111  1.1291002e+06 2.14e+01 5.50e+01  -6.0 2.72e+01    -  9.03e-02 1.97e-02h  1
 112  1.1292568e+06 2.11e+01 5.42e+01  -6.0 2.67e+01    -  4.83e-02 1.45e-02h  1
 113  1.1295510e+06 2.05e+01 5.27e+01  -6.0 2.62e+01    -  3.78e-02 2.74e-02h  1
 114  1.1299178e+06 1.98e+01 5.09e+01  -6.0 2.55e+01    -  8.77e-03 3.49e-02h  1
 115  1.1299565e+06 1.97e+01 5.07e+01  -6.0 2.50e+01    -  2.12e-02 3.78e-03h  1
 116  1.1300439e+06 1.96e+01 5.02e+01  -6.0 2.50e+01    -  2.90e-02 8.54e-03h  1
 117  1.1301384e+06 1.94e+01 4.98e+01  -6.0 2.48e+01    -  1.24e-02 9.29e-03h  1
 118  1.1303073e+06 1.91e+01 4.89e+01  -6.0 2.44e+01    -  1.26e-02 1.67e-02h  1
 119  1.1304522e+06 1.88e+01 4.82e+01  -6.0 2.41e+01    -  2.05e-02 1.45e-02h  1
iter    objective    inf_pr   inf_du lg(mu)  ||d||  lg(rg) alpha_du alpha_pr  ls
 120  1.1307206e+06 1.83e+01 4.69e+01  -6.0 2.39e+01    -  2.41e-02 2.72e-02h  1
 121  1.1310421e+06 1.77e+01 4.53e+01  -6.0 2.34e+01    -  3.86e-02 3.32e-02h  1
 122  1.1311539e+06 1.75e+01 4.48e+01  -6.0 2.31e+01    -  3.66e-02 1.18e-02h  1
 123  1.1311709e+06 1.74e+01 4.47e+01  -6.0 2.27e+01    -  5.56e-02 1.81e-03h  1
 124  1.1312891e+06 1.72e+01 4.41e+01  -6.0 2.25e+01    -  1.35e-02 1.26e-02h  1
 125  1.1312939e+06 1.72e+01 4.40e+01  -6.0 1.85e+00   1.5 7.89e-04 4.08e-04h  1
 126  1.1313463e+06 1.71e+01 4.36e+01  -6.0 2.03e+00   1.0 7.25e-03 4.57e-03h  1
 127  1.1314421e+06 1.70e+01 4.37e+01  -6.0 2.19e+00   0.6 8.50e-04 8.58e-03h  1
 128  1.1315089e+06 1.69e+01 4.33e+01  -6.0 2.54e+00   0.1 1.03e-02 6.32e-03h  1
 129  1.1315527e+06 1.68e+01 4.29e+01  -6.0 3.00e+00  -0.4 1.75e-02 4.38e-03h  1
iter    objective    inf_pr   inf_du lg(mu)  ||d||  lg(rg) alpha_du alpha_pr  ls
 130  1.1315829e+06 1.67e+01 4.27e+01  -6.0 3.48e+00  -0.9 5.08e-03 3.15e-03h  1
 131  1.1316738e+06 1.66e+01 4.23e+01  -6.0 3.84e+00  -1.3 7.98e-03 9.71e-03h  1
 132  1.1317146e+06 1.65e+01 4.21e+01  -6.0 3.50e+00  -0.9 1.42e-02 4.29e-03h  1
 133  1.1317337e+06 1.65e+01 4.19e+01  -6.0 3.83e+00  -1.4 5.47e-02 2.07e-03h  1
 134  1.1318898e+06 1.62e+01 4.12e+01  -6.0 3.51e+00  -1.0 1.98e-02 1.66e-02h  1
 135  1.1319721e+06 1.61e+01 4.08e+01  -6.0 3.81e+00  -1.4 3.07e-02 9.04e-03h  1
 136  1.1320042e+06 1.60e+01 4.06e+01  -6.0 3.45e+00  -1.0 2.06e-02 3.48e-03h  1
 137  1.1323238e+06 1.54e+01 3.91e+01  -6.0 3.79e+00  -1.5 3.50e-02 3.54e-02h  1
 138  1.1325052e+06 1.51e+01 3.83e+01  -6.0 3.39e+00  -1.1 1.89e-02 2.03e-02h  1
 139  1.1327456e+06 1.47e+01 3.72e+01  -6.0 3.66e+00  -1.5 5.75e-02 2.78e-02h  1
iter    objective    inf_pr   inf_du lg(mu)  ||d||  lg(rg) alpha_du alpha_pr  ls
 140  1.1328821e+06 1.45e+01 3.67e+01  -6.0 3.30e+00  -1.1 7.86e-03 1.59e-02h  1
 141  1.1329269e+06 1.44e+01 3.62e+01  -6.0 2.81e+00  -0.7 3.53e-02 5.16e-03h  1
 142  1.1329886e+06 1.43e+01 3.59e+01  -6.0 3.22e+00  -1.2 2.38e-02 7.32e-03h  1
 143  1.1330858e+06 1.41e+01 3.56e+01  -6.0 2.65e+00  -0.7 4.86e-03 1.13e-02h  1
 144  1.1333983e+06 1.36e+01 3.42e+01  -6.0 3.26e+00  -1.2 4.14e-02 3.76e-02h  1
 145  1.1334458e+06 1.35e+01 3.40e+01  -6.0 2.65e+00  -0.8 8.96e-03 5.75e-03h  1
 146  1.1336223e+06 1.32e+01 3.32e+01  -6.0 3.21e+00  -1.3 3.95e-02 2.21e-02h  1
 147  1.1336376e+06 1.32e+01 3.29e+01  -6.0 2.64e+00  -0.8 3.75e-02 1.91e-03h  1
 148  1.1338740e+06 1.28e+01 3.20e+01  -6.0 3.32e+00  -1.3 1.29e-03 3.04e-02h  1
 149  1.1338889e+06 1.28e+01 3.17e+01  -6.0 2.85e+00  -0.9 4.91e-02 1.90e-03h  1
iter    objective    inf_pr   inf_du lg(mu)  ||d||  lg(rg) alpha_du alpha_pr  ls
 150  1.1340228e+06 1.25e+01 3.11e+01  -6.0 3.84e+00  -1.4 1.35e-03 1.77e-02h  1
 151  1.1340296e+06 1.25e+01 3.09e+01  -6.0 3.03e+00  -0.9 6.40e-02 9.02e-04h  1
 152  1.1340575e+06 1.25e+01 3.08e+01  -6.0 3.67e+00  -1.4 4.91e-03 3.75e-03h  1
 153  1.1342384e+06 1.22e+01 3.01e+01  -6.0 3.23e+00  -1.0 5.25e-02 2.38e-02h  1
 154  1.1344603e+06 1.18e+01 2.92e+01  -6.0 2.67e+00  -0.6 1.26e-02 2.87e-02h  1
 155  1.1346630e+06 1.15e+01 2.84e+01  -6.0 3.44e+00  -1.1 5.67e-02 2.80e-02h  1
 156  1.1347578e+06 1.13e+01 2.99e+01  -6.0 2.88e+00  -0.6 6.06e-02 1.29e-02h  1
 157  1.1352141e+06 1.06e+01 2.86e+01  -6.0 3.63e+00  -1.1 1.11e-01 6.56e-02h  1
 158  1.1352990e+06 1.05e+01 3.05e+01  -6.0 3.06e+00  -0.7 8.51e-02 1.24e-02h  1
 159  1.1355718e+06 1.00e+01 2.97e+01  -6.0 3.66e+00  -1.2 9.22e-02 4.20e-02h  1
iter    objective    inf_pr   inf_du lg(mu)  ||d||  lg(rg) alpha_du alpha_pr  ls
 160  1.1359024e+06 9.53e+00 2.81e+01  -6.0 2.94e+00  -0.7 4.74e-02 5.00e-02h  1
 161  1.1360651e+06 9.27e+00 2.76e+01  -6.0 3.33e+00  -1.2 6.63e-02 2.70e-02h  1
 162  1.1360786e+06 9.25e+00 2.78e+01  -6.0 2.95e+00  -0.8 2.10e-02 2.17e-03h  1
 163  1.1361147e+06 9.20e+00 2.78e+01  -6.0 3.44e+00  -1.3 3.19e-02 6.14e-03h  1
 164  1.1364613e+06 8.68e+00 2.56e+01  -6.0 3.03e+00  -0.8 1.51e-02 5.65e-02h  1
 165  1.1364883e+06 8.64e+00 2.57e+01  -6.0 4.83e+00  -1.3 4.58e-02 4.82e-03h  1
 166  1.1366031e+06 8.47e+00 2.50e+01  -6.0 2.88e+00  -0.9 8.34e-03 1.97e-02h  1
 167  1.1366402e+06 8.41e+00 2.49e+01  -6.0 5.18e+00  -1.4 9.22e-03 6.80e-03h  1
 168  1.1366768e+06 8.35e+00 2.51e+01  -6.0 2.90e+00  -0.9 5.06e-02 6.40e-03h  1
 169  1.1368131e+06 8.14e+00 2.45e+01  -6.0 6.00e+00  -1.4 1.61e-02 2.52e-02h  1
iter    objective    inf_pr   inf_du lg(mu)  ||d||  lg(rg) alpha_du alpha_pr  ls
 170  1.1371547e+06 7.64e+00 2.26e+01  -6.0 3.34e+00  -1.0 1.90e-02 6.14e-02h  1
 171  1.1373566e+06 7.33e+00 2.16e+01  -6.0 6.57e+00  -1.5 1.08e-02 4.07e-02h  1
 172  1.1375035e+06 7.12e+00 2.17e+01  -6.0 3.51e+00  -1.0 1.45e-01 2.92e-02h  1
 173  1.1376291e+06 6.92e+00 2.12e+01  -6.0 7.03e+00  -1.5 4.97e-02 2.72e-02h  1
 174  1.1377423e+06 6.76e+00 2.09e+01  -6.0 3.71e+00  -1.1 4.72e-02 2.37e-02h  1
 175  1.1377914e+06 6.69e+00 2.16e+01  -6.0 2.04e+00  -0.7 4.41e-02 1.00e-02h  1
 176  1.1378317e+06 6.63e+00 2.20e+01  -6.0 4.11e+00  -1.1 6.18e-02 8.76e-03h  1
 177  1.1379587e+06 6.46e+00 2.15e+01  -6.0 2.04e+00  -0.7 3.08e-02 2.64e-02h  1
 178  1.1381296e+06 6.21e+00 2.11e+01  -6.0 4.46e+00  -1.2 1.19e-01 3.85e-02h  1
 179  1.1382024e+06 6.11e+00 2.11e+01  -6.0 2.18e+00  -0.8 4.10e-02 1.62e-02h  1
iter    objective    inf_pr   inf_du lg(mu)  ||d||  lg(rg) alpha_du alpha_pr  ls
 180  1.1382554e+06 6.03e+00 2.12e+01  -6.0 4.82e+00  -1.2 5.63e-02 1.26e-02h  1
 181  1.1383934e+06 5.84e+00 2.04e+01  -6.0 2.33e+00  -0.8 2.30e-02 3.16e-02h  1
 182  1.1385603e+06 5.60e+00 1.94e+01  -6.0 4.78e+00  -1.3 2.27e-02 4.18e-02h  1
 183  1.1387401e+06 5.35e+00 1.85e+01  -6.0 2.57e+00  -0.9 4.10e-02 4.44e-02h  1
 184  1.1388567e+06 5.18e+00 1.78e+01  -6.0 5.56e+00  -1.3 1.80e-02 3.23e-02h  1
 185  1.1388789e+06 5.15e+00 1.82e+01  -6.0 2.80e+00  -0.9 3.89e-02 5.93e-03h  1
 186  1.1390295e+06 4.92e+00 1.80e+01  -6.0 6.12e+00  -1.4 1.03e-01 4.38e-02h  1
 187  1.1391122e+06 4.81e+00 1.73e+01  -6.0 3.02e+00  -1.0 1.07e-02 2.33e-02h  1
 188  1.1391569e+06 4.74e+00 1.71e+01  -6.0 6.49e+00  -1.4 1.32e-02 1.41e-02h  1
 189  1.1391876e+06 4.70e+00 1.76e+01  -6.0 3.27e+00  -1.0 4.21e-02 9.04e-03h  1
iter    objective    inf_pr   inf_du lg(mu)  ||d||  lg(rg) alpha_du alpha_pr  ls
 190  1.1392366e+06 4.62e+00 2.83e+01  -6.0 6.94e+00  -1.5 9.85e-02 1.59e-02h  1
 191  1.1393288e+06 4.49e+00 3.10e+01  -6.0 3.53e+00  -1.1 6.49e-02 2.81e-02h  1
 192  1.1394526e+06 4.30e+00 3.01e+01  -6.0 7.36e+00  -1.5 7.39e-02 4.28e-02h  1
 193  1.1396327e+06 4.04e+00 2.83e+01  -6.0 3.76e+00  -1.1 8.90e-02 5.95e-02h  1
 194  1.1397107e+06 3.92e+00 2.75e+01  -6.0 7.64e+00  -1.6 2.78e-02 3.05e-02h  1
 195  1.1397382e+06 3.88e+00 2.72e+01  -6.0 3.97e+00  -1.2 1.07e-01 1.01e-02h  1
 196  1.1397463e+06 3.87e+00 2.71e+01  -6.0 2.05e+01  -1.6 2.55e-03 3.33e-03h  1
 197  1.1400106e+06 3.48e+00 2.45e+01  -6.0 4.31e+00  -1.2 2.61e-02 9.88e-02h  1
 198  1.1400365e+06 3.44e+00 2.39e+01  -6.0 8.34e+00  -1.7 6.37e-02 1.23e-02h  1
 199  1.1401624e+06 3.26e+00 2.24e+01  -6.0 4.53e+00  -1.3 1.48e-01 5.36e-02h  1
iter    objective    inf_pr   inf_du lg(mu)  ||d||  lg(rg) alpha_du alpha_pr  ls
 200  1.1401694e+06 3.25e+00 2.22e+01  -6.0 8.67e+00  -1.7 2.36e-02 3.67e-03h  1
 201  1.1402386e+06 3.14e+00 2.15e+01  -6.0 4.84e+00  -1.3 1.08e-01 3.17e-02h  1
 202  1.1403022e+06 3.06e+00 2.08e+01  -6.0 2.29e+00  -0.9 1.86e-02 2.76e-02h  1
 203  1.1404145e+06 2.89e+00 2.04e+01  -6.0 5.15e+00  -1.4 9.24e-02 5.55e-02h  1
 204  1.1404952e+06 2.78e+00 1.94e+01  -6.0 2.43e+00  -0.9 1.67e-02 3.84e-02h  1
 205  1.1405606e+06 2.67e+00 2.10e+01  -6.0 5.38e+00  -1.4 1.59e-01 3.64e-02h  1
 206  1.1406404e+06 2.56e+00 2.00e+01  -6.0 2.58e+00  -1.0 2.48e-02 4.13e-02h  1
 207  1.1407302e+06 2.42e+00 1.90e+01  -6.0 5.45e+00  -1.5 6.52e-02 5.47e-02h  1
 208  1.1407537e+06 2.39e+00 1.89e+01  -6.0 2.51e+00  -1.1 3.82e-02 1.33e-02h  1
 209  1.1407794e+06 2.35e+00 1.85e+01  -6.0 5.12e+00  -1.5 1.28e-03 1.65e-02h  1
iter    objective    inf_pr   inf_du lg(mu)  ||d||  lg(rg) alpha_du alpha_pr  ls
 210  1.1408002e+06 2.32e+00 1.83e+01  -6.0 2.68e+00  -1.1 3.08e-02 1.23e-02h  1
 211  1.1408724e+06 2.21e+00 1.70e+01  -6.0 5.60e+00  -1.6 1.25e-02 4.86e-02h  1
 212  1.1408904e+06 2.18e+00 1.70e+01  -6.0 2.87e+00  -1.2 4.50e-02 1.14e-02h  1
 213  1.1408947e+06 2.18e+00 1.76e+01  -6.0 5.81e+00  -1.6 4.79e-02 3.14e-03h  1
 214  1.1409787e+06 2.06e+00 1.64e+01  -6.0 3.07e+00  -1.2 1.12e-02 5.48e-02h  1
 215  1.1409886e+06 2.04e+00 1.59e+01  -6.0 5.80e+00  -1.7 6.45e-02 7.80e-03h  1
 216  1.1410049e+06 2.02e+00 1.95e+01  -6.0 3.19e+00  -1.3 4.94e-02 1.15e-02h  1
 217  1.1410678e+06 1.92e+00 1.74e+01  -6.0 6.06e+00  -1.7 2.89e-02 5.12e-02h  1
 218  1.1411149e+06 1.85e+00 1.61e+01  -6.0 3.37e+00  -1.3 2.71e-02 3.58e-02h  1
 219  1.1411749e+06 1.77e+00 1.99e+01  -6.0 1.62e+00  -0.9 7.91e-02 4.36e-02h  1
iter    objective    inf_pr   inf_du lg(mu)  ||d||  lg(rg) alpha_du alpha_pr  ls
 220  1.1413094e+06 1.57e+00 1.38e+01  -6.0 3.70e+00  -1.4 4.56e-02 1.13e-01h  1
 221  1.1413854e+06 1.46e+00 2.42e+01  -6.0 1.70e+00  -0.9 1.85e-01 6.59e-02h  1
 222  1.1414152e+06 1.42e+00 2.29e+01  -6.0 3.91e+00  -1.4 9.50e-03 3.15e-02h  1
 223  1.1414858e+06 1.32e+00 2.14e+01  -6.0 1.85e+00  -1.0 7.07e-02 6.87e-02h  1
 224  1.1415113e+06 1.28e+00 2.12e+01  -6.0 4.14e+00  -1.5 5.87e-02 3.09e-02h  1
 225  1.1415903e+06 1.17e+00 2.14e+01  -6.0 1.99e+00  -1.0 1.34e-01 8.67e-02h  1
 226  1.1416142e+06 1.13e+00 2.07e+01  -6.0 4.32e+00  -1.5 1.10e-01 3.42e-02h  1
 227  1.1416215e+06 1.11e+00 1.92e+01  -6.0 7.10e+00  -2.0 5.64e-02 1.40e-02h  1
 228  1.1416607e+06 1.05e+00 1.81e+01  -6.0 4.52e+00  -1.6 6.60e-02 6.03e-02h  1
 229  1.1416626e+06 1.04e+00 1.78e+01  -6.0 6.14e+00  -2.0 8.46e-03 3.66e-03h  1
iter    objective    inf_pr   inf_du lg(mu)  ||d||  lg(rg) alpha_du alpha_pr  ls
 230  1.1416738e+06 1.02e+00 1.70e+01  -6.0 4.74e+00  -1.6 7.27e-02 1.90e-02h  1
 231  1.1416883e+06 9.87e-01 1.73e+01  -6.0 7.73e+00  -2.1 1.22e-02 3.37e-02h  1
 232  1.1417026e+06 9.61e-01 1.82e+01  -6.0 4.92e+00  -1.7 1.63e-01 2.59e-02h  1
 233  1.1417120e+06 9.39e-01 1.77e+01  -6.0 7.45e+00  -2.1 2.26e-02 2.30e-02h  1
 234  1.1417239e+06 9.22e-01 1.98e+01  -6.0 2.18e+00  -1.7 1.02e-01 1.87e-02h  1
 235  1.1417325e+06 9.08e-01 1.94e+01  -6.0 3.22e+00  -2.2 1.25e-02 1.44e-02h  1
 236  1.1417846e+06 8.32e-01 1.74e+01  -6.0 2.10e+00  -1.8 7.07e-02 8.45e-02h  1
 237  1.1417938e+06 8.17e-01 1.67e+01  -6.0 2.43e+00  -2.2 4.66e-03 1.71e-02h  1
 238  1.1418220e+06 7.76e-01 1.75e+01  -6.0 1.96e+00  -1.8 1.10e-01 5.09e-02h  1
 239  1.1418255e+06 7.70e-01 1.83e+01  -6.0 5.58e+00  -2.3 3.69e-02 7.14e-03h  1
iter    objective    inf_pr   inf_du lg(mu)  ||d||  lg(rg) alpha_du alpha_pr  ls
 240  1.1418384e+06 7.51e-01 1.99e+01  -6.0 1.91e+00  -1.9 1.03e-01 2.46e-02h  1
 241  1.1418514e+06 7.31e-01 1.91e+01  -6.0 2.59e+00  -2.3 1.61e-02 2.68e-02h  1
 242  1.1418665e+06 7.09e-01 1.80e+01  -6.0 1.88e+00  -1.9 9.74e-03 3.06e-02h  1
 243  1.1418781e+06 6.91e-01 1.82e+01  -6.0 3.30e+00  -2.4 5.64e-02 2.57e-02h  1
 244  1.1419046e+06 6.51e-01 1.63e+01  -6.0 2.01e+00  -2.0 8.60e-03 5.72e-02h  1
 245  1.1419180e+06 6.30e-01 1.65e+01  -6.0 4.27e+00  -2.4 6.90e-02 3.20e-02h  1
 246  1.1419376e+06 6.01e-01 1.63e+01  -6.0 1.88e+00  -2.0 7.54e-02 4.61e-02h  1
 247  1.1419514e+06 5.80e-01 1.58e+01  -6.0 5.75e+00  -2.5 4.34e-02 3.59e-02h  1
 248  1.1419623e+06 5.63e-01 1.70e+01  -6.0 1.87e+00  -2.1 6.35e-02 2.80e-02h  1
 249  1.1419764e+06 5.41e-01 1.75e+01  -6.0 8.25e+00  -2.6 6.38e-02 3.93e-02h  1
iter    objective    inf_pr   inf_du lg(mu)  ||d||  lg(rg) alpha_du alpha_pr  ls
 250  1.1419920e+06 5.18e-01 2.17e+01  -6.0 1.77e+00  -2.1 1.87e-01 4.29e-02h  1
 251  1.1420011e+06 5.05e-01 2.11e+01  -6.0 1.39e+00  -1.7 1.59e-02 2.48e-02h  1
 252  1.1420241e+06 4.72e-01 1.95e+01  -6.0 1.49e+00  -2.2 3.62e-02 6.61e-02h  1
 253  1.1420437e+06 4.44e-01 1.83e+01  -6.0 1.15e+00  -1.8 7.60e-02 5.81e-02h  1
 254  1.1420614e+06 4.19e-01 1.72e+01  -6.0 1.59e+00  -2.2 4.26e-02 5.77e-02h  1
 255  1.1421136e+06 3.46e-01 1.41e+01  -6.0 1.13e+00  -1.8 4.54e-03 1.74e-01h  1
 256  1.1421221e+06 3.33e-01 1.46e+01  -6.0 1.62e+00  -2.3 1.36e-01 3.61e-02h  1
 257  1.1421386e+06 3.10e-01 1.40e+01  -6.0 1.03e+00  -1.9 1.63e-01 6.92e-02h  1
 258  1.1421409e+06 3.07e-01 1.40e+01  -6.0 1.71e+00  -2.3 2.14e-02 1.12e-02h  1
 259  1.1421502e+06 2.94e-01 1.33e+01  -6.0 9.35e-01  -1.9 8.80e-02 4.23e-02h  1
iter    objective    inf_pr   inf_du lg(mu)  ||d||  lg(rg) alpha_du alpha_pr  ls
 260  1.1421565e+06 2.85e-01 1.30e+01  -6.0 1.91e+00  -2.4 8.29e-02 3.13e-02h  1
 261  1.1421727e+06 2.62e-01 1.19e+01  -6.0 8.82e-01  -2.0 2.10e-01 7.99e-02h  1
 262  1.1421835e+06 2.46e-01 1.08e+01  -6.0 1.90e+00  -2.4 2.67e-02 6.06e-02h  1
 263  1.1421974e+06 2.26e-01 1.10e+01  -6.0 9.25e-01  -2.0 1.98e-01 7.94e-02h  1
 264  1.1422020e+06 2.20e-01 1.09e+01  -6.0 2.05e+00  -2.5 5.19e-02 2.97e-02h  1
 265  1.1422034e+06 2.18e-01 1.09e+01  -6.0 1.58e+00  -2.1 1.03e-01 9.47e-03h  1
 266  1.1422186e+06 1.93e-01 9.93e+00  -6.0 4.31e+00  -2.5 7.86e-02 1.12e-01h  1
 267  1.1422240e+06 1.86e-01 9.67e+00  -6.0 9.50e-01  -2.1 5.01e-02 3.90e-02h  1
 268  1.1422303e+06 1.76e-01 9.22e+00  -6.0 2.40e+00  -2.6 5.49e-02 5.08e-02h  1
 269  1.1422438e+06 1.57e-01 8.00e+00  -6.0 1.04e+00  -2.2 8.15e-02 1.07e-01h  1
iter    objective    inf_pr   inf_du lg(mu)  ||d||  lg(rg) alpha_du alpha_pr  ls
 270  1.1422529e+06 1.44e-01 7.37e+00  -6.0 2.59e+00  -2.6 9.35e-02 8.70e-02h  1
 271  1.1422602e+06 1.33e-01 7.56e+00  -6.0 1.12e+00  -2.2 1.69e-01 7.12e-02h  1
 272  1.1422635e+06 1.29e-01 7.71e+00  -6.0 5.02e-01  -1.8 1.52e-01 3.41e-02h  1
 273  1.1422724e+06 1.16e-01 6.55e+00  -6.0 1.24e+00  -2.3 4.76e-02 9.79e-02h  1
 274  1.1422830e+06 1.02e-01 6.41e+00  -6.0 4.96e-01  -1.8 2.45e-01 1.25e-01h  1
 275  1.1422903e+06 9.14e-02 6.05e+00  -6.0 1.36e+00  -2.3 1.40e-01 1.01e-01h  1
 276  1.1423084e+06 6.66e-02 5.58e+00  -6.0 5.45e-01  -1.9 5.07e-01 2.71e-01h  1
 277  1.1423144e+06 5.78e-02 4.72e+00  -6.0 1.47e+00  -2.4 1.07e-01 1.33e-01h  1
 278  1.1423158e+06 5.56e-02 4.81e+00  -6.0 3.41e+00  -2.8 9.47e-02 3.87e-02h  1
 279  1.1423197e+06 4.95e-02 6.21e+00  -6.0 1.89e+00  -2.4 5.08e-01 1.09e-01h  1
iter    objective    inf_pr   inf_du lg(mu)  ||d||  lg(rg) alpha_du alpha_pr  ls
 280  1.1423218e+06 4.57e-02 5.61e+00  -6.0 3.60e+00  -2.9 1.37e-01 7.63e-02h  1
 281  1.1423222e+06 4.44e-02 5.48e+00  -6.0 6.23e+00  -3.4 2.59e-02 3.01e-02h  1
 282  1.1423230e+06 4.27e-02 5.35e+00  -6.0 3.74e+00  -2.9 1.01e-01 3.65e-02h  1
 283  1.1423232e+06 4.19e-02 5.26e+00  -6.0 8.97e+00  -3.4 2.36e-02 2.03e-02h  2
 284  1.1423252e+06 3.73e-02 4.92e+00  -6.0 4.60e+00  -3.0 1.80e-01 1.08e-01h  1
 285  1.1423273e+06 3.39e-02 6.11e+00  -6.0 1.98e+00  -2.6 1.00e+00 9.28e-02h  1
 286  1.1423294e+06 2.83e-02 5.06e+00  -6.0 5.00e+00  -3.0 1.38e-01 1.63e-01h  1
 287  1.1423339e+06 2.05e-02 3.75e+00  -6.0 2.15e+00  -2.6 4.01e-01 2.74e-01h  1
 288  1.1423341e+06 1.95e-02 3.63e+00  -6.0 5.38e+00  -3.1 1.13e-01 4.97e-02h  1
 289  1.1423338e+06 1.86e-02 3.57e+00  -6.0 1.11e+01  -3.6 2.12e-01 4.38e-02h  1
iter    objective    inf_pr   inf_du lg(mu)  ||d||  lg(rg) alpha_du alpha_pr  ls
 290  1.1423347e+06 1.32e-02 2.27e+00  -6.0 5.78e+00  -3.1 5.03e-01 2.86e-01H  1
 291  1.1423362e+06 9.78e-03 1.67e+00  -6.0 2.43e+00  -2.7 2.71e-01 2.59e-01h  1
 292  1.1423359e+06 8.76e-03 3.76e+00  -6.0 6.01e+00  -3.2 6.83e-01 1.02e-01h  1
 293  1.1423372e+06 4.37e-03 1.77e+00  -6.0 2.59e+00  -2.8 1.00e+00 4.93e-01h  1
 294  1.1423369e+06 4.16e-03 1.98e+00  -6.0 6.25e+00  -3.3 9.82e-02 4.72e-02h  1
 295  1.1423368e+06 3.45e-03 2.18e+00  -6.0 2.74e+00  -2.8 6.65e-01 1.68e-01h  1
 296  1.1423376e+06 1.31e-03 3.57e-01  -6.0 1.08e+00  -2.4 1.00e+00 6.18e-01h  1
 297  1.1423374e+06 1.23e-03 3.13e-01  -6.0 2.91e+00  -2.9 2.04e-02 6.20e-02h  1
 298  1.1423373e+06 1.12e-03 3.57e-01  -6.0 1.17e+00  -2.5 2.69e-01 8.99e-02h  1
 299  1.1423373e+06 1.12e-03 3.46e-01  -6.0 6.83e+02  -2.9 8.85e-05 1.18e-04h  1
iter    objective    inf_pr   inf_du lg(mu)  ||d||  lg(rg) alpha_du alpha_pr  ls
 300  1.1423368e+06 1.05e-03 1.38e+00  -6.0 7.65e+00  -3.4 2.56e-01 6.25e-02h  1

Number of Iterations....: 300

                                   (scaled)                 (unscaled)
Objective...............:   1.3714658659558108e+04    1.1423368148181911e+06
Dual infeasibility......:   1.3806765872164704e+00    1.1500087126380812e+02
Constraint violation....:   3.1661714702002630e-04    1.0497655520744908e-03
Variable bound violation:   2.0477310513911107e-08    2.0477310513911107e-08
Complementarity.........:   3.1674289540910309e-03    2.6382506429043312e-01
Overall NLP error.......:   1.3806765872164704e+00    1.1500087126380812e+02


Number of objective function evaluations             = 310
Number of objective gradient evaluations             = 298
Number of equality constraint evaluations            = 310
Number of inequality constraint evaluations          = 311
Number of equality constraint Jacobian evaluations   = 302
Number of inequality constraint Jacobian evaluations = 302
Number of Lagrangian Hessian evaluations             = 300
Total seconds in IPOPT                               = 263.126

EXIT: Maximum Number of Iterations Exceeded.

