Solver command line: ['/opt/homebrew/bin/ipopt', '/var/folders/6y/bvynbx6n3zv7z3lwg6vd724r0000gn/T/tmpah7k8lwu.pyomo.nl', '-AMPL', 'tol=1e-06', 'max_iter=300', 'print_level=5', 'warm_start_init_point=yes', 'warm_start_bound_push=1e-06', 'warm_start_bound_frac=1e-06', 'warm_start_mult_bound_push=1e-06', 'mu_init=1e-06', 'least_square_init_duals=no']

Ipopt 3.14.19: tol=1e-06
max_iter=300
print_level=5
warm_start_init_point=yes
warm_start_bound_push=1e-06
warm_start_bound_frac=1e-06
warm_start_mult_bound_push=1e-06
mu_init=1e-06
least_square_init_duals=no


******************************************************************************
This program contains Ipopt, a library for large-scale nonlinear optimization.
 Ipopt is released as open source code under the Eclipse Public License (EPL).
         For more information visit https://github.com/coin-or/Ipopt
******************************************************************************

This is Ipopt version 3.14.19, running with linear solver MUMPS 5.6.2.

Number of nonzeros in equality constraint Jacobian...:   408340
Number of nonzeros in inequality constraint Jacobian.:   283144
Number of nonzeros in Lagrangian Hessian.............:   231304

Total number of variables............................:    66475
                     variables with only lower bounds:        0
                variables with lower and upper bounds:    66475
                     variables with only upper bounds:        0
Total number of equality constraints.................:    60001
Total number of inequality constraints...............:    70786
        inequality constraints with only lower bounds:        0
   inequality constraints with lower and upper bounds:        0
        inequality constraints with only upper bounds:    70786

iter    objective    inf_pr   inf_du lg(mu)  ||d||  lg(rg) alpha_du alpha_pr  ls
   0  1.1423329e+06 3.16e+00 1.61e-03  -6.0 0.00e+00    -  0.00e+00 0.00e+00   0
   1  1.1423327e+06 1.90e+00 1.16e-01  -6.0 3.16e+00    -  5.94e-01 3.99e-01h  1
   2  1.1423323e+06 2.68e-01 3.56e-02  -6.0 1.90e+00    -  1.00e+00 8.59e-01h  1
   3  1.1423322e+06 1.92e-01 1.10e-01  -6.0 2.97e-01    -  1.00e+00 2.82e-01h  1
   4  1.1423321e+06 2.35e-02 2.16e-02  -6.0 2.28e-01    -  1.00e+00 8.78e-01h  1
   5  1.1423321e+06 1.89e-02 2.79e-02  -6.0 2.40e+00    -  3.69e-01 1.96e-01h  1
   6  1.1423321e+06 1.10e-02 6.09e-02  -6.0 9.71e-01    -  8.67e-01 4.19e-01h  1
   7  1.1423321e+06 2.28e-04 1.39e-06  -6.0 1.27e-01    -  1.00e+00 1.00e+00h  1
   8  1.1423321e+06 8.29e-05 2.18e-05  -6.0 5.10e-02    -  1.00e+00 1.00e+00h  1
   9  1.1423321e+06 9.06e-08 1.27e-06  -6.0 3.76e-03    -  1.00e+00 1.00e+00h  1
iter    objective    inf_pr   inf_du lg(mu)  ||d||  lg(rg) alpha_du alpha_pr  ls
  10  1.1423319e+06 7.87e-05 6.95e-02  -7.0 3.73e-01    -  6.28e-01 4.80e-01f  1
  11  1.1423316e+06 4.23e-04 1.55e-01  -7.0 4.20e-01    -  4.18e-01 9.87e-01h  1
  12  1.1423316e+06 8.96e-04 1.88e-05  -7.0 3.18e-01    -  1.00e+00 1.00e+00h  1
  13  1.1423316e+06 1.13e-05 1.40e-07  -7.0 6.91e-02    -  1.00e+00 1.00e+00h  1
  14  1.1423316e+06 1.14e-04 1.47e-08  -7.0 1.05e-01    -  1.00e+00 1.00e+00h  1
  15  1.1423316e+06 1.40e-07 2.87e-10  -7.0 3.72e-03    -  1.00e+00 1.00e+00h  1

Number of Iterations....: 15

                                   (scaled)                 (unscaled)
Objective...............:   1.3714596213414708e+04    1.1423316134835959e+06
Dual infeasibility......:   2.8739748842857092e-10    2.3938235698592281e-08
Constraint violation....:   1.3958942601810520e-07    1.3958942601810520e-07
Variable bound violation:   1.2673905658289186e-07    1.2673905658289186e-07
Complementarity.........:   9.1065571992191612e-08    7.5851363151978476e-06
Overall NLP error.......:   1.3958942601810520e-07    7.5851363151978476e-06


Number of objective function evaluations             = 16
Number of objective gradient evaluations             = 16
Number of equality constraint evaluations            = 16
Number of inequality constraint evaluations          = 17
Number of equality constraint Jacobian evaluations   = 16
Number of inequality constraint Jacobian evaluations = 16
Number of Lagrangian Hessian evaluations             = 15
Total seconds in IPOPT                               = 19.409

EXIT: Optimal Solution Found.

