Solver command line: ['/opt/homebrew/bin/ipopt', '/var/folders/6y/bvynbx6n3zv7z3lwg6vd724r0000gn/T/tmp_akmazh0.pyomo.nl', '-AMPL', 'tol=1e-06', 'max_iter=300', 'print_level=5', 'warm_start_init_point=yes', 'warm_start_bound_push=1e-06', 'warm_start_bound_frac=1e-06', 'warm_start_mult_bound_push=1e-06', 'mu_init=1e-06', 'least_square_init_duals=no']

Ipopt 3.14.19: tol=1e-06
max_iter=300
print_level=5
warm_start_init_point=yes
warm_start_bound_push=1e-06
warm_start_bound_frac=1e-06
warm_start_mult_bound_push=1e-06
mu_init=1e-06
least_square_init_duals=no


******************************************************************************
This program contains Ipopt, a library for large-scale nonlinear optimization.
 Ipopt is released as open source code under the Eclipse Public License (EPL).
         For more information visit https://github.com/coin-or/Ipopt
******************************************************************************

This is Ipopt version 3.14.19, running with linear solver MUMPS 5.6.2.

Number of nonzeros in equality constraint Jacobian...:   408340
Number of nonzeros in inequality constraint Jacobian.:   283144
Number of nonzeros in Lagrangian Hessian.............:   231304

Total number of variables............................:    66475
                     variables with only lower bounds:        0
                variables with lower and upper bounds:    66475
                     variables with only upper bounds:        0
Total number of equality constraints.................:    60001
Total number of inequality constraints...............:    70786
        inequality constraints with only lower bounds:        0
   inequality constraints with lower and upper bounds:        0
        inequality constraints with only upper bounds:    70786

iter    objective    inf_pr   inf_du lg(mu)  ||d||  lg(rg) alpha_du alpha_pr  ls
   0  1.1423329e+06 2.63e-04 2.19e+02  -6.0 0.00e+00    -  0.00e+00 0.00e+00   0
   1  1.1422740e+06 1.78e-02 2.19e+02  -6.0 9.52e+04    -  1.48e-06 9.00e-07f  1
   2  1.1421963e+06 4.90e-02 2.19e+02  -6.0 4.12e+04    -  1.90e-06 1.98e-06f  1
   3  1.1420956e+06 6.69e-02 2.19e+02  -6.0 1.64e+05    -  1.28e-06 2.52e-06f  1
   4  1.1420152e+06 8.03e-02 2.19e+02  -6.0 7.38e+04    -  3.57e-06 2.95e-06f  1
   5  1.1419867e+06 9.62e-02 2.19e+02  -6.0 2.67e+04    -  1.57e-05 3.75e-06f  1
   6  1.1419685e+06 1.09e-01 2.19e+02  -6.0 2.71e+04    -  1.86e-05 3.96e-06f  1
   7  1.1419332e+06 1.10e-01 2.19e+02  -6.0 2.49e+04    -  3.33e-05 1.22e-05f  1
   8  1.1419215e+06 1.10e-01 2.19e+02  -6.0 1.58e+04    -  6.02e-05 9.08e-06f  1
   9  1.1418951e+06 1.12e-01 2.19e+02  -6.0 6.88e+03    -  1.15e-05 6.99e-05f  1
iter    objective    inf_pr   inf_du lg(mu)  ||d||  lg(rg) alpha_du alpha_pr  ls
  10  1.1418417e+06 1.14e-01 2.19e+02  -6.0 4.90e+03    -  1.87e-05 2.49e-05f  1
  11  1.1418192e+06 1.14e-01 2.19e+02  -6.0 6.90e+03    -  2.11e-05 9.13e-06f  1
  12  1.1418141e+06 1.14e-01 2.19e+02  -6.0 3.53e+03    -  7.27e-06 1.04e-05f  1
  13  1.1416825e+06 1.14e-01 2.19e+02  -6.0 3.84e+04    -  7.80e-08 4.92e-06f  1
  14  1.1416808e+06 1.14e-01 2.19e+02  -6.0 1.10e+04    -  5.39e-06 2.49e-07f  1
  15  1.1416769e+06 1.15e-01 2.19e+02  -6.0 3.21e+03    -  6.84e-05 2.51e-05f  1
  16  1.1416674e+06 1.15e-01 2.19e+02  -6.0 7.24e+03    -  9.02e-06 2.34e-05f  1
  17  1.1416577e+06 1.15e-01 2.19e+02  -6.0 3.00e+03    -  2.16e-05 4.05e-05f  1
  18  1.1416560e+06 1.15e-01 2.19e+02  -6.0 2.28e+03    -  2.00e-05 1.13e-05f  1
  19  1.1416520e+06 1.15e-01 2.19e+02  -6.0 1.62e+03    -  1.48e-05 3.85e-05f  1
iter    objective    inf_pr   inf_du lg(mu)  ||d||  lg(rg) alpha_du alpha_pr  ls
  20  1.1416486e+06 1.15e-01 2.19e+02  -6.0 1.55e+03    -  3.62e-05 2.86e-05f  1
  21  1.1416470e+06 1.15e-01 2.19e+02  -6.0 1.00e+03    -  1.33e-04 4.44e-05f  1
  22  1.1416403e+06 1.16e-01 2.19e+02  -6.0 8.11e+02    -  7.64e-05 2.40e-04f  1
  23  1.1416392e+06 1.16e-01 2.19e+02  -6.0 2.45e+02    -  1.80e-04 4.37e-04h  1
  24  1.1416322e+06 1.17e-01 2.19e+02  -6.0 2.08e+02  -4.0 1.40e-04 4.96e-04f  1
  25  1.1416225e+06 1.17e-01 2.19e+02  -6.0 6.36e+02  -4.5 1.47e-04 2.71e-04f  1
  26  1.1416210e+06 1.17e-01 2.18e+02  -6.0 2.38e+02  -5.0 2.07e-04 8.17e-04h  1
  27  1.1416175e+06 1.17e-01 2.18e+02  -6.0 8.57e+02  -4.5 1.57e-04 8.17e-05f  1
  28  1.1416160e+06 1.17e-01 2.18e+02  -6.0 9.44e+02  -5.0 2.94e-05 6.42e-05f  1
  29  1.1416145e+06 1.17e-01 2.18e+02  -6.0 1.28e+03  -4.6 7.20e-06 2.56e-05f  1
iter    objective    inf_pr   inf_du lg(mu)  ||d||  lg(rg) alpha_du alpha_pr  ls
  30  1.1415934e+06 1.17e-01 2.18e+02  -6.0 2.72e+03  -5.1 5.15e-06 2.04e-04f  1
  31  1.1415883e+06 1.18e-01 2.18e+02  -6.0 2.75e+03  -5.5 1.27e-04 4.91e-05f  1
  32  1.1415877e+06 1.18e-01 2.18e+02  -6.0 2.58e+04  -6.0 2.02e-05 4.58e-06f  1
  33  1.1415864e+06 1.18e-01 2.18e+02  -6.0 4.34e+03  -5.6 6.06e-05 1.43e-05f  1
  34  1.1415816e+06 1.18e-01 2.18e+02  -6.0 5.95e+03  -6.1 1.22e-04 4.64e-05f  1
  35  1.1415816e+06 1.18e-01 2.18e+02  -6.0 3.52e+02  -5.6 6.66e-04 2.35e-05h  7
  36  1.1415816e+06 1.18e-01 2.18e+02  -6.0 2.65e+02  -5.2 2.73e-04 4.41e-05h  5
  37  1.1415816e+06 1.18e-01 2.18e+02  -6.0 1.72e+02  -4.8 1.72e-04 1.24e-04h  4
  38  1.1415815e+06 1.18e-01 2.18e+02  -6.0 2.60e+02  -5.3 1.15e-04 1.22e-03h  1
  39  1.1415816e+06 1.18e-01 2.18e+02  -6.0 1.39e+02  -4.8 1.47e-03 1.17e-04h  5
iter    objective    inf_pr   inf_du lg(mu)  ||d||  lg(rg) alpha_du alpha_pr  ls
  40  1.1415816e+06 1.18e-01 2.18e+02  -6.0 4.84e+02  -5.3 1.13e-04 3.13e-05h  6
  41  1.1415816e+06 1.18e-01 2.18e+02  -6.0 1.57e+02  -4.9 5.65e-05 1.08e-04h  5
  42  1.1415815e+06 1.17e-01 2.18e+02  -6.0 6.81e+02  -5.4 5.38e-04 9.59e-04h  1
  43  1.1415815e+06 1.17e-01 2.18e+02  -6.0 1.18e+02  -4.9 2.03e-03 5.93e-05h  4
  44  1.1415815e+06 1.17e-01 2.18e+02  -6.0 2.54e+02  -5.4 9.40e-04 2.40e-05h  5
  45  1.1415815e+06 1.17e-01 2.18e+02  -6.0 3.77e+01  -5.0 1.80e-03 1.04e-05h  8
  46  1.1415821e+06 1.17e-01 2.17e+02  -6.0 1.73e+02  -5.5 1.34e-03 1.34e-03s 13
  47  1.1415831e+06 1.17e-01 2.17e+02  -6.0 5.17e+01  -5.0 1.81e-03 1.81e-03s 13
  48  1.1415835e+06 1.17e-01 2.17e+02  -6.0 3.92e+02  -5.5 6.30e-04 6.30e-04s 13
  49  1.1415838e+06 1.17e-01 2.17e+02  -6.0 1.38e+02  -5.1 7.33e-04 7.33e-04s 13
iter    objective    inf_pr   inf_du lg(mu)  ||d||  lg(rg) alpha_du alpha_pr  ls
  50  1.1415838e+06 1.17e-01 2.17e+02  -6.0 1.09e+03  -5.6 1.05e-04 1.05e-04s 13
  51r 1.1415838e+06 1.17e-01 9.99e+02  -0.3 0.00e+00  -5.1 0.00e+00 0.00e+00R  1
  52r 1.1415849e+06 1.17e-01 9.99e+02  -0.3 5.67e+03    -  2.41e-07 1.06e-06f  1
  53r 1.1415863e+06 1.17e-01 9.99e+02  -0.3 2.98e+03    -  3.86e-06 2.22e-06f  1
  54r 1.1415939e+06 1.17e-01 9.99e+02  -0.3 1.82e+03    -  1.03e-05 1.11e-05f  1
  55r 1.1416157e+06 1.16e-01 9.99e+02  -0.3 7.99e+02    -  1.20e-05 3.34e-05f  1
  56r 1.1416405e+06 1.16e-01 9.99e+02  -0.3 6.26e+02    -  2.42e-05 3.75e-05f  1
  57r 1.1416825e+06 1.14e-01 9.99e+02  -0.3 5.85e+02    -  4.73e-05 6.50e-05f  1
  58r 1.1417343e+06 1.13e-01 9.99e+02  -0.3 5.27e+02    -  4.17e-05 8.59e-05f  1
  59r 1.1417543e+06 1.12e-01 9.99e+02  -0.3 4.84e+02    -  3.68e-05 3.57e-05f  1
iter    objective    inf_pr   inf_du lg(mu)  ||d||  lg(rg) alpha_du alpha_pr  ls
  60r 1.1419260e+06 1.06e-01 9.99e+02  -0.3 5.15e+02    -  1.02e-04 2.17e-04f  1
  61r 1.1420629e+06 9.86e-02 9.99e+02  -0.3 4.20e+02    -  1.10e-04 2.06e-04f  1
  62r 1.1421571e+06 9.13e-02 9.99e+02  -0.3 4.25e+02    -  6.13e-05 1.47e-04f  1
  63r 1.1423187e+06 7.43e-02 9.98e+02  -0.3 6.43e+02    -  1.05e-04 3.00e-04f  1
  64r 1.1425117e+06 5.03e-02 9.98e+02  -0.3 4.53e+02    -  6.27e-05 3.10e-04f  1
  65r 1.1427953e+06 3.82e-02 9.98e+02  -0.3 3.67e+02    -  1.67e-04 4.36e-04f  1
  66r 1.1432695e+06 2.82e-02 9.98e+02  -0.3 3.91e+02    -  1.00e-04 5.09e-04f  1
  67r 1.1442017e+06 3.05e-02 9.98e+02  -0.3 3.72e+02    -  2.14e-04 7.54e-04f  1
  68r 1.1444014e+06 2.94e-02 9.98e+02  -0.3 4.27e+02    -  1.90e-04 1.37e-04f  1
  69r 1.1450481e+06 2.60e-02 9.97e+02  -0.3 4.83e+02    -  3.12e-04 3.68e-04f  1
iter    objective    inf_pr   inf_du lg(mu)  ||d||  lg(rg) alpha_du alpha_pr  ls
  70r 1.1452393e+06 2.51e-02 9.97e+02  -0.3 3.64e+02    -  3.15e-04 1.21e-04f  1
  71r 1.1460495e+06 2.17e-02 9.97e+02  -0.3 3.05e+02    -  2.41e-04 5.85e-04f  1
  72r 1.1471245e+06 1.88e-02 9.96e+02  -0.3 3.89e+02    -  4.22e-04 6.54e-04f  1
  73r 1.1498933e+06 1.24e-02 9.96e+02  -0.3 3.41e+02    -  5.09e-04 1.86e-03f  1
  74r 1.1505813e+06 1.10e-02 9.94e+02  -0.3 2.54e+02    -  1.56e-03 5.74e-04f  1
  75r 1.1548096e+06 1.19e-02 9.94e+02  -0.3 2.54e+02    -  8.60e-04 4.25e-03f  1
  76r 1.1567874e+06 1.30e-02 9.92e+02  -0.3 1.60e+02    -  1.41e-03 2.62e-03f  1
  77r 1.1595918e+06 1.48e-02 9.88e+02  -0.3 1.19e+02    -  4.01e-03 4.29e-03f  1
  78r 1.1605329e+06 1.50e-02 9.86e+02  -0.3 9.70e+01    -  2.58e-03 2.17e-03f  1
  79r 1.1655484e+06 1.84e-02 9.84e+02  -0.3 7.35e+01    -  1.92e-03 1.13e-02f  1
iter    objective    inf_pr   inf_du lg(mu)  ||d||  lg(rg) alpha_du alpha_pr  ls
  80r 1.1720523e+06 2.14e-02 9.80e+02  -0.3 5.72e+01    -  3.73e-03 2.05e-02f  1
  81r 1.1797675e+06 2.20e-02 9.53e+02  -0.3 4.71e+01    -  2.78e-02 3.72e-02f  1
  82r 1.1816234e+06 2.19e-02 9.49e+02  -0.3 6.14e+01    -  3.71e-03 1.10e-02f  1
  83r 1.1875975e+06 2.74e-02 8.96e+02  -0.3 2.75e+01    -  5.57e-02 3.94e-02f  1
  84r 1.1957527e+06 3.31e-02 7.89e+02  -0.3 2.83e+01    -  1.20e-01 5.69e-02f  1
  85r 1.2149167e+06 4.69e-02 6.33e+02  -0.3 1.23e+01    -  2.08e-01 1.53e-01f  1
  86r 1.2352151e+06 5.57e-02 5.32e+02  -0.3 1.18e+01    -  1.49e-01 1.70e-01f  1
  87r 1.2502460e+06 6.06e-02 4.21e+02  -0.3 1.51e+01    -  4.07e-01 1.25e-01f  1
  88r 1.3322725e+06 7.71e-02 2.19e+02  -0.3 2.85e+00    -  3.07e-01 5.52e-01f  1
  89r 1.3610813e+06 1.62e-01 1.77e+02  -0.3 3.61e+01    -  1.91e-01 1.86e-01f  1
iter    objective    inf_pr   inf_du lg(mu)  ||d||  lg(rg) alpha_du alpha_pr  ls
  90r 1.4112250e+06 8.69e-02 1.35e+02  -0.3 2.12e+00   0.0 8.61e-01 4.84e-01f  1
  91r 1.5230027e+06 1.98e-01 1.37e+02  -0.3 2.83e+01    -  6.61e-02 3.02e-01f  1
  92r 1.5976640e+06 1.50e-01 1.34e+02  -0.3 7.54e+00    -  2.13e-01 3.74e-01f  1
  93r 1.6814495e+06 1.36e-01 9.44e+01  -0.3 9.05e+00    -  3.29e-01 4.76e-01f  1
  94r 1.7719440e+06 7.17e-02 3.75e+01  -0.3 4.53e+00    -  7.84e-01 1.00e+00f  1
  95r 1.7754176e+06 7.17e-02 2.67e+00  -0.3 6.53e-01  -0.5 1.00e+00 1.00e+00h  1
  96  1.7752287e+06 7.17e-02 2.19e+02  -6.0 6.21e+04    -  2.54e-06 3.40e-06f  1
  97  1.7751984e+06 7.17e-02 2.19e+02  -6.0 7.66e+04    -  6.83e-06 8.52e-07f  1
  98  1.7751849e+06 7.17e-02 2.19e+02  -6.0 1.23e+05    -  5.43e-06 4.23e-07f  1
  99  1.7749889e+06 7.17e-02 2.19e+02  -6.0 3.14e+04    -  3.52e-06 6.67e-06f  1
iter    objective    inf_pr   inf_du lg(mu)  ||d||  lg(rg) alpha_du alpha_pr  ls
 100  1.7749271e+06 7.17e-02 2.19e+02  -6.0 3.57e+04    -  2.55e-05 2.33e-06f  1
 101  1.7747632e+06 7.17e-02 2.19e+02  -6.0 3.86e+04    -  1.21e-05 7.06e-06f  1
 102  1.7746391e+06 7.17e-02 2.19e+02  -6.0 4.15e+04    -  1.79e-05 6.82e-06f  1
 103  1.7745570e+06 7.17e-02 2.19e+02  -6.0 3.65e+04    -  3.77e-05 5.72e-06f  1
 104  1.7745011e+06 7.17e-02 2.19e+02  -6.0 2.88e+04    -  3.75e-05 4.80e-06f  3
 105  1.7744720e+06 7.17e-02 2.19e+02  -6.0 2.01e+04    -  7.53e-05 2.80e-06f  5
 106  1.7744559e+06 7.17e-02 2.19e+02  -6.0 1.21e+04    -  3.17e-05 1.70e-06f  6
 107  1.7744406e+06 7.17e-02 2.19e+02  -6.0 1.06e+04    -  5.16e-05 1.67e-06f  6
 108  1.7744254e+06 7.17e-02 2.19e+02  -6.0 9.31e+03    -  7.77e-05 1.72e-06f  6
 109  1.7738877e+06 7.17e-02 2.19e+02  -6.0 9.01e+03    -  8.71e-05 6.39e-05f  1
iter    objective    inf_pr   inf_du lg(mu)  ||d||  lg(rg) alpha_du alpha_pr  ls
 110  1.7738409e+06 7.17e-02 2.19e+02  -6.0 5.39e+03    -  1.85e-04 6.74e-06f  1
 111  1.7737438e+06 7.17e-02 2.19e+02  -6.0 3.84e+03    -  2.05e-04 1.45e-05f  1
 112  1.7737110e+06 7.17e-02 2.19e+02  -6.0 1.04e+03    -  1.44e-04 7.97e-06f  1
 113  1.7731263e+06 7.16e-02 2.19e+02  -6.0 2.57e+03    -  8.29e-10 1.15e-04f  1
 114  1.7727619e+06 7.16e-02 2.19e+02  -6.0 1.94e+03    -  2.85e-04 7.45e-05f  1
 115  1.7726043e+06 7.16e-02 2.19e+02  -6.0 1.07e+03    -  9.06e-05 4.34e-05f  1
 116  1.7722996e+06 7.16e-02 2.19e+02  -6.0 1.03e+03    -  4.69e-04 8.65e-05f  1
 117  1.7722849e+06 7.16e-02 2.19e+02  -6.0 5.58e+03    -  1.16e-04 3.28e-06f  1
 118  1.7721241e+06 7.16e-02 2.19e+02  -6.0 2.44e+03    -  2.91e-05 2.98e-05f  1
 119  1.7719437e+06 7.16e-02 2.19e+02  -6.0 2.97e+03    -  1.99e-04 5.83e-05f  1
iter    objective    inf_pr   inf_du lg(mu)  ||d||  lg(rg) alpha_du alpha_pr  ls
 120  1.7716309e+06 7.16e-02 2.19e+02  -6.0 3.24e+03    -  2.27e-04 1.02e-04f  1
 121  1.7712293e+06 7.16e-02 2.19e+02  -6.0 2.04e+03    -  1.12e-04 1.32e-04f  1
 122  1.7710143e+06 7.16e-02 2.19e+02  -6.0 1.80e+03    -  1.24e-04 7.14e-05f  1
 123  1.7708360e+06 7.16e-02 2.19e+02  -6.0 1.88e+03    -  1.46e-04 5.96e-05f  1
 124  1.7708074e+06 7.16e-02 2.19e+02  -6.0 3.05e+03    -  2.91e-04 9.66e-06f  1
 125  1.7705662e+06 7.16e-02 2.19e+02  -6.0 1.17e+03    -  1.12e-03 8.27e-05f  1
 126  1.7704126e+06 7.16e-02 2.19e+02  -6.0 2.14e+03    -  2.02e-04 5.10e-05f  1
 127  1.7702361e+06 7.16e-02 2.19e+02  -6.0 1.62e+03    -  4.02e-05 6.23e-05f  1
 128  1.7696700e+06 7.16e-02 2.19e+02  -6.0 1.62e+03    -  5.27e-04 2.01e-04f  1
 129  1.7693464e+06 7.16e-02 2.19e+02  -6.0 1.39e+03    -  5.51e-04 1.19e-04f  1
iter    objective    inf_pr   inf_du lg(mu)  ||d||  lg(rg) alpha_du alpha_pr  ls
 130  1.7691204e+06 7.16e-02 2.19e+02  -6.0 1.42e+03    -  5.08e-04 8.16e-05f  1
 131  1.7690020e+06 7.16e-02 2.19e+02  -6.0 1.49e+03    -  4.25e-04 3.97e-05f  1
 132  1.7685957e+06 7.15e-02 2.19e+02  -6.0 1.30e+03    -  5.86e-04 1.67e-04f  1
 133  1.7685926e+06 7.15e-02 2.19e+02  -6.0 4.98e+03    -  4.37e-04 1.30e-06f  1
 134  1.7685108e+06 7.15e-02 2.19e+02  -6.0 2.12e+04    -  7.71e-05 3.48e-05f  1
 135  1.7683306e+06 7.15e-02 2.19e+02  -6.0 3.72e+03    -  2.51e-04 7.65e-05f  1
 136  1.7683303e+06 7.15e-02 2.19e+02  -6.0 1.66e+04    -  3.68e-05 1.21e-07f  1
 137  1.7683088e+06 7.15e-02 2.19e+02  -6.0 4.22e+04    -  3.11e-05 9.19e-06f  1
 138  1.7680680e+06 7.15e-02 2.19e+02  -6.0 7.46e+03    -  2.76e-05 1.03e-04f  1
 139  1.7680269e+06 7.15e-02 2.19e+02  -6.0 1.05e+04    -  1.11e-04 1.77e-05f  1
iter    objective    inf_pr   inf_du lg(mu)  ||d||  lg(rg) alpha_du alpha_pr  ls
 140  1.7680149e+06 7.15e-02 2.19e+02  -6.0 2.21e+03    -  1.07e-05 5.32e-06f  1
 141  1.7678235e+06 7.15e-02 2.19e+02  -6.0 1.43e+04    -  2.30e-05 8.20e-05f  1
 142  1.7677936e+06 7.15e-02 2.19e+02  -6.0 1.35e+04    -  7.79e-06 1.29e-05f  1
 143  1.7677760e+06 7.15e-02 2.19e+02  -6.0 2.97e+03    -  2.30e-04 7.89e-06f  1
 144  1.7674992e+06 7.15e-02 2.19e+02  -6.0 3.41e+03    -  8.58e-06 1.25e-04f  1
 145  1.7671467e+06 7.15e-02 2.19e+02  -6.0 3.22e+03    -  4.78e-05 1.60e-04f  1
 146  1.7671014e+06 7.15e-02 2.19e+02  -6.0 3.34e+03    -  1.63e-04 2.08e-05f  1
 147  1.7668502e+06 7.15e-02 2.19e+02  -6.0 2.58e+03    -  9.39e-04 1.17e-04f  1
 148  1.7666168e+06 7.15e-02 2.19e+02  -6.0 1.38e+03  -5.6 2.74e-05 1.11e-04f  1
 149  1.7661387e+06 7.15e-02 2.18e+02  -6.0 1.21e+03  -5.2 1.07e-04 2.29e-04f  1
iter    objective    inf_pr   inf_du lg(mu)  ||d||  lg(rg) alpha_du alpha_pr  ls
 150  1.7654996e+06 7.14e-02 2.18e+02  -6.0 1.68e+03  -5.7 1.02e-03 3.09e-04f  1
 151  1.7651631e+06 7.14e-02 2.19e+02  -6.0 1.15e+03  -5.2 1.32e-03 1.68e-04f  1
 152  1.7650133e+06 7.14e-02 2.19e+02  -6.0 6.69e+02  -4.8 8.43e-04 7.33e-05f  1
 153  1.7645753e+06 7.14e-02 2.19e+02  -6.0 9.17e+02  -5.3 5.90e-04 2.25e-04f  1
 154  1.7640929e+06 7.14e-02 2.18e+02  -6.0 6.55e+02  -4.9 3.84e-04 2.55e-04f  1
 155  1.7636658e+06 7.14e-02 2.18e+02  -6.0 5.20e+02  -4.4 7.90e-04 2.37e-04f  1
 156  1.7631489e+06 7.13e-02 2.18e+02  -6.0 8.14e+02  -4.9 2.98e-05 2.90e-04f  1
 157  1.7628793e+06 7.13e-02 2.18e+02  -6.0 4.54e+02  -4.5 8.18e-04 1.56e-04f  1
 158  1.7624727e+06 7.13e-02 2.18e+02  -6.0 1.03e+03  -5.0 4.72e-04 2.39e-04f  1
 159  1.7623613e+06 7.13e-02 2.18e+02  -6.0 5.35e+03  -5.4 1.55e-05 6.59e-05f  1
iter    objective    inf_pr   inf_du lg(mu)  ||d||  lg(rg) alpha_du alpha_pr  ls
 160  1.7623611e+06 7.13e-02 2.18e+02  -6.0 1.57e+03  -5.0 7.76e-04 8.55e-08f  1
 161  1.7616164e+06 7.13e-02 2.18e+02  -6.0 3.10e+03    -  1.75e-04 4.45e-04f  1
 162  1.7615546e+06 7.13e-02 2.18e+02  -6.0 5.93e+02    -  9.80e-04 3.75e-05f  1
 163  1.7611852e+06 7.13e-02 2.18e+02  -6.0 1.14e+03    -  7.99e-04 2.25e-04f  1
 164  1.7608763e+06 7.13e-02 2.18e+02  -6.0 9.16e+02    -  3.04e-04 1.94e-04f  1
 165  1.7600856e+06 7.12e-02 2.18e+02  -6.0 3.23e+02    -  1.76e-03 4.99e-04f  1
 166  1.7596943e+06 7.12e-02 2.18e+02  -6.0 2.91e+02    -  5.86e-04 2.54e-04f  1
 167  1.7594253e+06 7.12e-02 2.18e+02  -6.0 2.92e+02    -  3.41e-03 1.76e-04f  1
 168  1.7588769e+06 7.12e-02 2.18e+02  -6.0 6.47e+02    -  1.57e-03 3.62e-04f  1
 169  1.7569055e+06 7.11e-02 2.18e+02  -6.0 4.01e+02    -  3.87e-04 1.36e-03f  1
iter    objective    inf_pr   inf_du lg(mu)  ||d||  lg(rg) alpha_du alpha_pr  ls
 170  1.7568927e+06 7.11e-02 2.18e+02  -6.0 3.13e+03    -  2.04e-03 9.08e-06f  1
 171  1.7563726e+06 7.10e-02 2.18e+02  -6.0 5.11e+02    -  1.73e-04 3.73e-04f  1
 172  1.7561452e+06 7.10e-02 2.18e+02  -6.0 2.20e+03    -  2.90e-03 1.64e-04f  1
 173  1.7556463e+06 7.10e-02 2.18e+02  -6.0 3.42e+02    -  1.88e-04 3.74e-04f  1
 174  1.7556309e+06 7.10e-02 2.18e+02  -6.0 2.14e+03    -  1.56e-03 1.18e-05f  1
 175  1.7552441e+06 7.10e-02 2.18e+02  -6.0 6.11e+02    -  5.63e-05 3.00e-04f  1
 176  1.7550506e+06 7.10e-02 2.18e+02  -6.0 1.26e+03    -  9.24e-04 1.51e-04f  1
 177  1.7550487e+06 7.10e-02 2.18e+02  -6.0 1.49e+04    -  4.76e-05 1.44e-06f  1
 178  1.7545743e+06 7.09e-02 2.18e+02  -6.0 1.16e+03    -  2.12e-05 3.71e-04f  1
 179  1.7543539e+06 7.09e-02 2.18e+02  -6.0 7.66e+02    -  8.77e-05 1.73e-04f  1
iter    objective    inf_pr   inf_du lg(mu)  ||d||  lg(rg) alpha_du alpha_pr  ls
 180  1.7543051e+06 7.09e-02 2.18e+02  -6.0 1.38e+03    -  7.08e-04 3.84e-05f  1
 181  1.7543026e+06 7.09e-02 2.18e+02  -6.0 1.18e+03    -  7.41e-04 1.95e-06f  1
 182  1.7532866e+06 7.09e-02 2.18e+02  -6.0 5.66e+02    -  1.34e-04 7.99e-04f  1
 183  1.7531738e+06 7.09e-02 2.18e+02  -6.0 7.32e+02    -  2.73e-03 8.98e-05f  1
 184  1.7528346e+06 7.08e-02 2.17e+02  -6.0 3.89e+02    -  6.90e-05 2.70e-04f  1
 185  1.7516982e+06 7.08e-02 2.17e+02  -6.0 4.63e+02    -  2.39e-03 9.14e-04f  1
 186  1.7516721e+06 7.08e-02 2.17e+02  -6.0 4.23e+02    -  2.79e-04 2.25e-05f  1
 187  1.7512744e+06 7.07e-02 2.17e+02  -6.0 4.39e+02    -  1.28e-03 3.44e-04f  1
 188  1.7512008e+06 7.07e-02 2.17e+02  -6.0 4.47e+03    -  3.54e-05 6.63e-05f  1
 189  1.7504317e+06 7.07e-02 2.17e+02  -6.0 4.81e+02    -  4.44e-04 6.93e-04f  1
iter    objective    inf_pr   inf_du lg(mu)  ||d||  lg(rg) alpha_du alpha_pr  ls
 190  1.7503946e+06 7.07e-02 2.17e+02  -6.0 9.90e+02    -  3.05e-03 3.61e-05f  1
 191  1.7494483e+06 7.06e-02 2.17e+02  -6.0 6.30e+02    -  3.55e-04 9.40e-04f  1
 192  1.7493537e+06 7.06e-02 2.17e+02  -6.0 5.71e+02    -  5.08e-03 9.61e-05f  1
 193  1.7478597e+06 7.05e-02 2.17e+02  -6.0 2.64e+02    -  1.21e-03 1.58e-03f  1
 194  1.7472455e+06 7.05e-02 2.17e+02  -6.0 1.84e+02    -  4.14e-04 6.64e-04f  1
 195  1.7470676e+06 7.04e-02 2.17e+02  -6.0 3.20e+02    -  5.86e-03 1.95e-04f  1
 196  1.7458431e+06 7.04e-02 2.16e+02  -6.0 1.31e+02    -  6.11e-04 1.40e-03f  1
 197  1.7451589e+06 7.03e-02 2.16e+02  -6.0 3.08e+02    -  5.23e-03 7.93e-04f  1
 198  1.7439575e+06 7.02e-02 2.16e+02  -6.0 3.15e+02    -  3.26e-03 1.43e-03f  1
 199  1.7439533e+06 7.02e-02 2.16e+02  -6.0 2.46e+02    -  2.11e-03 5.02e-06f  1
iter    objective    inf_pr   inf_du lg(mu)  ||d||  lg(rg) alpha_du alpha_pr  ls
 200  1.7422434e+06 7.00e-02 2.15e+02  -6.0 2.16e+02    -  2.16e-05 2.09e-03f  1
 201  1.7407444e+06 6.99e-02 2.15e+02  -6.0 1.81e+02    -  2.53e-04 1.85e-03f  1
 202  1.7403365e+06 6.99e-02 2.15e+02  -6.0 1.43e+02    -  1.71e-03 5.11e-04f  1
 203  1.7394211e+06 6.98e-02 2.15e+02  -6.0 2.35e+02    -  6.53e-03 1.16e-03f  1
 204  1.7392296e+06 6.98e-02 2.15e+02  -6.0 7.23e+01    -  1.20e-03 2.47e-04f  1
 205  1.7382650e+06 6.97e-02 2.14e+02  -6.0 3.47e+01    -  1.71e-04 1.25e-03f  1
 206  1.7366859e+06 6.96e-02 2.14e+02  -6.0 2.00e+02    -  5.59e-03 2.05e-03f  1
 207  1.7352911e+06 6.94e-02 2.14e+02  -6.0 3.40e+01    -  9.63e-03 1.85e-03f  1
 208  1.7333229e+06 6.92e-02 2.13e+02  -6.0 4.50e+01    -  4.95e-03 2.67e-03f  1
 209  1.7308768e+06 6.90e-02 2.12e+02  -6.0 5.28e+01    -  7.25e-03 3.36e-03f  1
iter    objective    inf_pr   inf_du lg(mu)  ||d||  lg(rg) alpha_du alpha_pr  ls
 210  1.7269710e+06 6.86e-02 2.11e+02  -6.0 6.45e+01    -  3.99e-03 5.47e-03f  1
 211  1.7211952e+06 6.81e-02 2.09e+02  -6.0 6.47e+01    -  5.16e-03 8.22e-03f  1
 212  1.7211493e+06 6.81e-02 2.09e+02  -6.0 5.90e+01    -  1.99e-03 6.68e-05f  1
 213  1.7205075e+06 6.80e-02 2.09e+02  -6.0 7.50e+01    -  1.39e-03 9.35e-04f  1
 214  1.7192471e+06 6.79e-02 2.09e+02  -6.0 5.87e+01    -  3.32e-03 1.84e-03f  1
 215  1.7168823e+06 6.76e-02 2.08e+02  -6.0 5.65e+01    -  1.32e-02 3.48e-03f  1
 216  1.7168672e+06 6.76e-02 2.08e+02  -6.0 9.44e+02    -  4.16e-03 2.26e-05f  1
 217  1.7155604e+06 6.75e-02 2.07e+02  -6.0 7.02e+01    -  7.15e-04 1.95e-03f  1
 218  1.7143828e+06 6.74e-02 2.07e+02  -6.0 7.15e+02    -  2.65e-03 1.77e-03f  1
 219  1.7110986e+06 6.70e-02 2.06e+02  -6.0 5.67e+01    -  3.62e-03 4.95e-03f  1
iter    objective    inf_pr   inf_du lg(mu)  ||d||  lg(rg) alpha_du alpha_pr  ls
 220  1.7109436e+06 6.70e-02 2.06e+02  -6.0 2.20e+03  -5.5 6.94e-04 2.35e-04f  1
 221  1.7109266e+06 6.70e-02 2.06e+02  -6.0 2.99e+02  -5.1 4.90e-03 2.58e-05f  1
 222  1.7107494e+06 6.70e-02 2.06e+02  -6.0 2.98e+03    -  1.00e-05 2.70e-04f  1
 223  1.7107486e+06 6.70e-02 2.06e+02  -6.0 3.56e+02    -  1.77e-04 1.17e-06f  1
 224  1.7107043e+06 6.70e-02 2.06e+02  -6.0 3.31e+04    -  1.17e-04 6.95e-05f  1
 225  1.7106828e+06 6.70e-02 2.06e+02  -6.0 9.92e+03    -  1.57e-04 3.22e-05f  1
 226  1.7099992e+06 6.69e-02 2.06e+02  -6.0 7.70e+02    -  4.15e-04 1.04e-03f  1
 227  1.7099150e+06 6.69e-02 2.06e+02  -6.0 5.42e+01    -  5.59e-03 1.29e-04f  1
 228  1.7097866e+06 6.69e-02 2.06e+02  -6.0 2.26e+03    -  8.30e-04 1.96e-04f  1
 229  1.7087188e+06 6.68e-02 2.05e+02  -6.0 2.89e+02  -5.6 3.42e-03 1.64e-03f  1
iter    objective    inf_pr   inf_du lg(mu)  ||d||  lg(rg) alpha_du alpha_pr  ls
 230  1.7063973e+06 6.66e-02 2.05e+02  -6.0 1.06e+02    -  2.78e-03 3.58e-03f  1
 231  1.7061076e+06 6.65e-02 2.04e+02  -6.0 1.02e+03    -  1.83e-03 4.48e-04f  1
 232  1.7060877e+06 6.65e-02 2.04e+02  -6.0 3.15e+04  -5.1 5.71e-10 3.07e-05f  1
 233  1.7042764e+06 6.63e-02 2.04e+02  -6.0 1.79e+02  -4.7 2.31e-04 2.81e-03f  1
 234  1.7040407e+06 6.63e-02 2.04e+02  -6.0 4.85e+01  -4.3 1.58e-02 3.67e-04f  1
 235  1.7039270e+06 6.63e-02 2.04e+02  -6.0 1.39e+03    -  3.95e-05 1.78e-04f  1
 236  1.7026129e+06 6.62e-02 2.03e+02  -6.0 3.07e+02    -  1.62e-03 2.06e-03f  1
 237  1.7009100e+06 6.60e-02 2.03e+02  -6.0 3.45e+02  -4.8 1.96e-03 2.68e-03f  1
 238  1.6982029e+06 6.57e-02 2.02e+02  -6.0 5.30e+01  -4.3 1.23e-02 4.27e-03f  1
 239  1.6947368e+06 6.54e-02 2.01e+02  -6.0 8.67e+01  -4.8 2.78e-03 5.52e-03f  1
iter    objective    inf_pr   inf_du lg(mu)  ||d||  lg(rg) alpha_du alpha_pr  ls
 240  1.6926149e+06 6.51e-02 2.00e+02  -6.0 4.23e+02    -  5.31e-05 3.40e-03f  1
 241  1.6924470e+06 6.51e-02 2.00e+02  -6.0 1.02e+02  -5.3 1.51e-02 2.71e-04f  1
 242  1.6895592e+06 6.48e-02 1.99e+02  -6.0 1.13e+02    -  1.13e-02 4.67e-03f  1
 243  1.6886373e+06 6.47e-02 1.98e+02  -6.0 3.90e+01    -  1.48e-02 1.50e-03f  1
 244  1.6806818e+06 6.39e-02 1.96e+02  -6.0 5.80e+01    -  1.59e-02 1.30e-02f  1
 245  1.6765373e+06 6.34e-02 1.94e+02  -6.0 3.15e+01    -  1.60e-02 6.91e-03f  1
 246  1.6727911e+06 6.30e-02 1.93e+02  -6.0 2.92e+01    -  1.56e-02 6.31e-03f  1
 247  1.6716744e+06 6.29e-02 1.92e+02  -6.0 2.76e+01    -  1.71e-02 1.90e-03f  1
 248  1.6670409e+06 6.24e-02 1.91e+02  -6.0 2.71e+01    -  1.15e-02 7.91e-03f  1
 249  1.6642161e+06 6.21e-02 1.90e+02  -6.0 2.65e+01    -  3.59e-03 4.87e-03f  1
iter    objective    inf_pr   inf_du lg(mu)  ||d||  lg(rg) alpha_du alpha_pr  ls
 250  1.6613914e+06 6.18e-02 1.89e+02  -6.0 2.60e+01    -  6.84e-03 4.90e-03f  1
 251  1.6596570e+06 6.16e-02 1.88e+02  -6.0 2.45e+01    -  1.16e-02 3.03e-03f  1
 252  1.6527382e+06 6.09e-02 1.86e+02  -6.0 2.85e+01    -  1.83e-02 1.21e-02f  1
 253  1.6413007e+06 5.96e-02 1.82e+02  -6.0 2.46e+01    -  7.45e-03 2.04e-02f  1
 254  1.6353577e+06 5.90e-02 1.80e+02  -6.0 2.24e+01    -  4.38e-03 1.09e-02f  1
 255  1.6300596e+06 5.84e-02 1.78e+02  -6.0 1.18e+01  -2.1 1.43e-02 9.87e-03f  1
 256  1.6254262e+06 5.79e-02 1.76e+02  -6.0 1.17e+01  -2.6 4.95e-02 8.71e-03f  1
 257  1.6250683e+06 5.78e-02 1.76e+02  -6.0 1.16e+01  -2.2 7.93e-03 6.82e-04f  1
 258  1.6224918e+06 5.76e-02 1.75e+02  -6.0 1.16e+01  -2.7 1.38e-03 4.90e-03f  1
 259  1.6183201e+06 5.71e-02 1.74e+02  -6.0 1.42e+01  -3.1 5.65e-03 7.98e-03f  1
iter    objective    inf_pr   inf_du lg(mu)  ||d||  lg(rg) alpha_du alpha_pr  ls
 260  1.6182051e+06 5.71e-02 1.74e+02  -6.0 1.09e+01  -1.8 6.97e-03 2.24e-04f  1
 261  1.6104508e+06 5.62e-02 1.71e+02  -6.0 1.13e+01  -2.3 9.73e-03 1.50e-02f  1
 262  1.6026722e+06 5.54e-02 1.69e+02  -6.0 1.14e+01  -2.8 4.36e-03 1.53e-02f  1
 263  1.5896631e+06 5.39e-02 1.64e+02  -6.0 1.52e+01  -3.3 8.66e-03 2.61e-02f  1
 264  1.5883328e+06 5.38e-02 1.64e+02  -6.0 1.02e+01  -1.9 9.43e-03 2.77e-03f  1
 265  1.5713003e+06 5.19e-02 1.58e+02  -6.0 1.07e+01  -2.4 1.17e-02 3.54e-02f  1
 266  1.5636447e+06 5.10e-02 1.56e+02  -6.0 1.43e+01  -2.9 1.54e-03 1.66e-02f  1
 267  1.5601571e+06 5.06e-02 1.55e+02  -6.0 9.73e+00  -2.5 4.49e-03 7.70e-03f  1
 268  1.5508359e+06 4.95e-02 1.52e+02  -6.0 9.49e+00  -2.0 5.14e-03 2.09e-02f  1
 269  1.5485348e+06 4.93e-02 1.51e+02  -6.0 9.47e+00  -2.5 1.73e-02 5.28e-03f  1
iter    objective    inf_pr   inf_du lg(mu)  ||d||  lg(rg) alpha_du alpha_pr  ls
 270  1.5404171e+06 4.84e-02 1.48e+02  -6.0 9.23e+00  -2.1 1.91e-02 1.88e-02f  1
 271  1.5325323e+06 4.75e-02 1.45e+02  -6.0 9.12e+00  -2.6 9.37e-03 1.86e-02f  1
 272  1.5242388e+06 4.65e-02 1.42e+02  -6.0 1.04e+01  -3.0 1.89e-02 2.00e-02f  1
 273  1.5229162e+06 4.64e-02 1.42e+02  -6.0 2.51e+02  -3.5 8.02e-04 3.25e-03f  1
 274  1.4985170e+06 4.35e-02 1.33e+02  -6.0 8.57e+00  -3.1 9.77e-03 6.05e-02f  1
 275  1.4967630e+06 4.33e-02 1.33e+02  -6.0 8.86e+00  -2.7 4.78e-04 4.65e-03f  1
 276  1.4843314e+06 4.19e-02 1.28e+02  -6.0 7.92e+00  -3.1 4.22e-03 3.32e-02f  1
 277  1.4644413e+06 3.96e-02 1.21e+02  -6.0 7.64e+00  -3.6 1.07e-02 5.52e-02f  1
 278  1.4619749e+06 3.93e-02 1.20e+02  -6.0 7.26e+00  -3.2 1.22e-03 7.28e-03f  1
 279  1.4607662e+06 3.92e-02 1.20e+02  -6.0 7.19e+00  -3.7 1.17e-02 3.59e-03f  1
iter    objective    inf_pr   inf_du lg(mu)  ||d||  lg(rg) alpha_du alpha_pr  ls
 280  1.4452968e+06 3.73e-02 1.14e+02  -6.0 7.22e+00  -3.2 1.51e-02 4.63e-02f  1
 281  1.4445145e+06 3.72e-02 1.14e+02  -6.0 7.71e+00  -2.8 4.26e-03 2.46e-03f  1
 282  1.4407532e+06 3.68e-02 1.12e+02  -6.0 6.14e+00  -1.5 2.41e-02 1.20e-02f  1
 283  1.4366606e+06 3.63e-02 1.11e+02  -6.0 6.52e+00  -2.0 2.19e-04 1.31e-02f  1
 284  1.4306166e+06 3.56e-02 1.09e+02  -6.0 7.22e+00  -2.4 3.85e-02 1.96e-02f  1
 285  1.4200778e+06 3.44e-02 1.05e+02  -6.0 7.64e+00  -2.9 1.60e-02 3.50e-02f  1
 286  1.4057558e+06 3.26e-02 9.97e+01  -6.0 6.99e+00  -2.5 1.09e-02 4.95e-02f  1
 287  1.4010798e+06 3.21e-02 9.80e+01  -6.0 7.21e+00  -3.0 4.74e-03 1.71e-02f  1
 288  1.3961157e+06 3.15e-02 9.62e+01  -6.0 7.00e+00  -2.5 2.06e-02 1.85e-02f  1
 289  1.3875533e+06 3.05e-02 9.30e+01  -6.0 7.33e+00  -3.0 4.94e-03 3.25e-02f  1
iter    objective    inf_pr   inf_du lg(mu)  ||d||  lg(rg) alpha_du alpha_pr  ls
 290  1.3780819e+06 2.93e-02 8.95e+01  -6.0 6.72e+00  -2.6 3.44e-02 3.72e-02f  1
 291  1.3686632e+06 2.82e-02 8.61e+01  -6.0 6.94e+00  -3.1 2.90e-02 3.86e-02f  1
 292  1.3547939e+06 2.65e-02 8.08e+01  -6.0 6.54e+00  -2.6 1.89e-02 5.93e-02f  1
 293  1.3480034e+06 2.57e-02 7.83e+01  -6.0 5.70e+00  -2.2 7.97e-03 3.10e-02f  1
 294  1.3392118e+06 2.46e-02 7.50e+01  -6.0 5.05e+00  -2.7 1.21e-02 4.15e-02f  1
 295  1.3362779e+06 2.43e-02 7.39e+01  -6.0 4.68e+00  -2.3 1.94e-02 1.45e-02f  1
 296  1.3345385e+06 2.41e-02 7.33e+01  -6.0 5.20e+00  -2.7 4.40e-03 8.69e-03f  1
 297  1.3329316e+06 2.39e-02 7.27e+01  -6.0 5.26e+00  -2.3 4.82e-03 8.11e-03f  1
 298  1.3313509e+06 2.37e-02 7.21e+01  -6.0 6.17e+00  -2.8 4.90e-03 8.04e-03f  1
 299  1.3257761e+06 2.30e-02 6.99e+01  -6.0 5.37e+00  -2.4 6.08e-03 2.86e-02f  1
iter    objective    inf_pr   inf_du lg(mu)  ||d||  lg(rg) alpha_du alpha_pr  ls
 300  1.3217103e+06 2.25e-02 6.85e+01  -6.0 6.32e+00  -2.8 4.50e-02 2.15e-02f  1

Number of Iterations....: 300

                                   (scaled)                 (unscaled)
Objective...............:   1.5868180009581389e+04    1.3217103435872863e+06
Dual infeasibility......:   6.8534855685065793e+01    5.7084824851065587e+03
Constraint violation....:   1.1797018597268116e-02    2.2511331726160211e-02
Variable bound violation:   8.5334865979058705e-09    8.5334865979058705e-09
Complementarity.........:   7.7105552814599378e+01    6.4223626554234097e+03
Overall NLP error.......:   7.7105552814599378e+01    6.4223626554234097e+03


Number of objective function evaluations             = 390
Number of objective gradient evaluations             = 258
Number of equality constraint evaluations            = 390
Number of inequality constraint evaluations          = 391
Number of equality constraint Jacobian evaluations   = 302
Number of inequality constraint Jacobian evaluations = 302
Number of Lagrangian Hessian evaluations             = 300
Total seconds in IPOPT                               = 248.747

EXIT: Maximum Number of Iterations Exceeded.

