Solver command line: ['/opt/homebrew/bin/ipopt', '/var/folders/6y/bvynbx6n3zv7z3lwg6vd724r0000gn/T/tmpo_ybwy46.pyomo.nl', '-AMPL', 'tol=1e-06', 'max_iter=300', 'print_level=5']

Ipopt 3.14.19: tol=1e-06
max_iter=300
print_level=5


******************************************************************************
This program contains Ipopt, a library for large-scale nonlinear optimization.
 Ipopt is released as open source code under the Eclipse Public License (EPL).
         For more information visit https://github.com/coin-or/Ipopt
******************************************************************************

This is Ipopt version 3.14.19, running with linear solver MUMPS 5.6.2.

Number of nonzeros in equality constraint Jacobian...:   408340
Number of nonzeros in inequality constraint Jacobian.:   283144
Number of nonzeros in Lagrangian Hessian.............:   231304

Total number of variables............................:    66475
                     variables with only lower bounds:        0
                variables with lower and upper bounds:    66475
                     variables with only upper bounds:        0
Total number of equality constraints.................:    60001
Total number of inequality constraints...............:    70786
        inequality constraints with only lower bounds:        0
   inequality constraints with lower and upper bounds:        0
        inequality constraints with only upper bounds:    70786

iter    objective    inf_pr   inf_du lg(mu)  ||d||  lg(rg) alpha_du alpha_pr  ls
   0  1.1554473e+06 1.40e+01 1.00e+02  -1.0 0.00e+00    -  0.00e+00 0.00e+00   0
   1  1.1565514e+06 1.38e+01 9.76e+01  -1.0 9.75e+00    -  3.96e-02 1.03e-02f  1
   2  1.1604838e+06 1.32e+01 9.18e+01  -1.0 1.00e+01    -  6.30e-02 4.38e-02f  1
   3  1.1738909e+06 1.11e+01 8.82e+01  -1.0 4.05e+01    -  1.91e-02 1.58e-01f  1
   4  1.1784213e+06 1.03e+01 7.94e+01  -1.0 1.30e+02    -  1.02e-01 7.94e-02f  1
   5  1.1850950e+06 8.78e+00 7.31e+01  -1.0 1.61e+02    -  7.03e-02 1.45e-01f  1
   6  1.1907512e+06 7.41e+00 5.98e+01  -1.0 2.23e+02    -  1.85e-01 1.57e-01f  1
   7  1.1940675e+06 5.96e+00 5.31e+01  -1.0 3.00e+02    -  1.03e-01 1.98e-01f  1
   8  1.1976783e+06 4.29e+00 6.02e+01  -1.0 3.29e+02    -  1.77e-01 2.84e-01f  1
   9  1.1987895e+06 3.67e+00 5.39e+01  -1.0 3.06e+02    -  3.48e-01 1.46e-01h  1
iter    objective    inf_pr   inf_du lg(mu)  ||d||  lg(rg) alpha_du alpha_pr  ls
  10  1.2024345e+06 3.51e+00 5.24e+01  -1.0 1.42e+01   0.0 2.33e-02 4.24e-02h  1
  11  1.2053417e+06 3.39e+00 5.23e+01  -1.0 1.87e+01  -0.5 5.82e-02 3.41e-02h  1
  12  1.2084199e+06 3.26e+00 5.06e+01  -1.0 2.38e+01  -1.0 1.48e-02 3.80e-02h  1
  13  1.2107956e+06 3.13e+00 1.21e+02  -1.0 3.09e+01  -1.4 1.69e-02 4.01e-02h  1
  14  1.2094978e+06 2.99e+00 1.16e+02  -1.0 3.31e+02    -  9.75e-02 4.50e-02f  1
  15  1.2089545e+06 2.92e+00 1.13e+02  -1.0 3.34e+02    -  6.63e-02 2.36e-02f  1
  16  1.2110496e+06 2.86e+00 1.11e+02  -1.0 1.16e+01  -0.1 3.11e-03 2.26e-02h  1
  17  1.2150156e+06 2.72e+00 1.46e+02  -1.0 1.86e+01  -0.6 2.96e-02 4.67e-02h  1
  18  1.2240926e+06 2.35e+00 1.59e+02  -1.0 2.27e+01  -1.1 1.06e-01 1.38e-01h  1
  19  1.2332775e+06 1.78e+00 1.26e+02  -1.0 2.92e+01  -1.5 2.24e-01 2.44e-01h  1
iter    objective    inf_pr   inf_du lg(mu)  ||d||  lg(rg) alpha_du alpha_pr  ls
  20  1.2375250e+06 1.59e+00 6.21e+01  -1.0 2.07e+01  -1.1 2.66e-01 1.04e-01h  1
  21  1.2391439e+06 1.44e+00 5.87e+01  -1.0 3.88e+01  -1.6 1.78e-01 9.58e-02h  1
  22  1.2385895e+06 1.37e+00 5.82e+01  -1.0 7.05e+01  -2.1 8.57e-02 5.11e-02f  1
  23  1.2403065e+06 1.17e+00 5.02e+01  -1.0 3.96e+01  -1.6 1.21e-01 1.47e-01h  1
  24  1.2487943e+06 7.27e-01 5.21e+01  -1.0 1.52e+01  -1.2 2.59e-01 3.82e-01h  1
  25  1.2482600e+06 6.39e-01 6.43e+01  -1.0 3.77e+01  -1.7 2.51e-01 1.21e-01f  1
  26  1.2514517e+06 3.63e-01 6.71e+01  -1.0 1.63e+01  -1.3 6.91e-01 4.35e-01h  1
  27  1.2490552e+06 2.76e-01 4.41e+01  -1.0 3.87e+01  -1.7 2.23e-01 2.41e-01f  1
  28  1.2476011e+06 2.57e-01 4.99e+01  -1.0 9.02e+01  -2.2 8.51e-02 6.71e-02f  1
  29  1.2465782e+06 2.24e-01 5.60e+01  -1.0 4.12e+01  -1.8 1.53e-01 1.30e-01f  1
iter    objective    inf_pr   inf_du lg(mu)  ||d||  lg(rg) alpha_du alpha_pr  ls
  30  1.2443258e+06 2.01e-01 4.00e+01  -1.0 9.71e+01  -2.3 8.55e-02 1.03e-01f  1
  31  1.2426243e+06 1.62e-01 1.60e+02  -1.0 4.44e+01  -1.8 3.86e-01 1.92e-01f  1
  32  1.2416492e+06 1.54e-01 2.57e+02  -1.0 1.03e+02  -2.3 1.82e-01 4.83e-02f  1
  33  1.2394489e+06 1.22e-01 2.96e+02  -1.0 4.84e+01  -1.9 3.20e-01 2.08e-01f  1
  34  1.2276342e+06 6.28e-02 8.78e+01  -1.0 1.12e+02  -2.4 4.21e-01 4.86e-01f  1
  35  1.2223653e+06 5.77e-02 1.06e+02  -1.0 3.77e+02    -  9.58e-02 8.17e-02f  1
  36  1.2194989e+06 5.52e-02 2.49e+02  -1.0 4.66e+02    -  1.23e-01 4.36e-02f  1
  37  1.2142562e+06 4.90e-02 1.52e+02  -1.0 3.01e+02    -  7.48e-02 1.11e-01f  1
  38  1.2049832e+06 3.80e-02 1.84e+02  -1.0 2.84e+02    -  7.98e-02 2.25e-01f  1
  39  1.1983743e+06 3.39e-02 2.30e+02  -1.0 2.64e+02    -  1.62e-01 1.94e-01f  1
iter    objective    inf_pr   inf_du lg(mu)  ||d||  lg(rg) alpha_du alpha_pr  ls
  40  1.1966863e+06 3.40e-02 2.92e+02  -1.0 4.08e+02    -  1.84e-02 4.30e-02f  1
  41  1.1945672e+06 2.88e-02 1.39e+02  -1.0 1.36e+02  -2.8 1.95e-01 1.59e-01f  1
  42  1.1944944e+06 2.83e-02 1.22e+02  -1.0 6.59e+01  -2.4 2.20e-02 1.74e-02f  1
  43  1.1936832e+06 2.63e-02 1.44e+02  -1.0 1.49e+02  -2.9 6.28e-02 7.23e-02f  1
  44  1.1916696e+06 3.25e-02 2.92e+02  -1.0 3.79e+02    -  2.42e-02 7.15e-02f  1
  45  1.1915437e+06 3.16e-02 1.61e+03  -1.0 6.27e+01  -2.5 5.72e-01 3.03e-02f  1
  46  1.1886853e+06 3.09e-02 1.39e+03  -1.0 3.97e+02    -  5.03e-02 8.07e-02f  1
  47  1.1864058e+06 2.91e-02 1.53e+03  -1.0 3.33e+02    -  1.59e-01 7.70e-02f  1
  48  1.1827410e+06 3.42e-02 1.21e+03  -1.0 2.60e+02    -  1.52e-01 1.72e-01f  1
  49  1.1794140e+06 4.47e-02 1.34e+03  -1.0 1.88e+02    -  3.64e-01 2.33e-01f  1
iter    objective    inf_pr   inf_du lg(mu)  ||d||  lg(rg) alpha_du alpha_pr  ls
  50  1.1784010e+06 4.36e-02 2.16e+03  -1.0 1.30e+02    -  4.42e-01 1.25e-01f  1
  51  1.1780687e+06 7.14e-02 5.18e+02  -1.0 1.08e+02    -  3.39e-01 7.47e-01h  1
  52  1.1775732e+06 5.97e-02 2.21e+03  -1.0 8.61e+01    -  9.93e-01 2.09e-01f  1
  53  1.1775198e+06 2.63e-02 8.59e+02  -1.0 5.56e+01    -  9.20e-01 6.82e-01h  1
  54  1.1774834e+06 1.88e-03 2.84e-01  -1.0 2.00e+01    -  1.00e+00 1.00e+00h  1
  55  1.1710010e+06 9.58e-03 2.80e+02  -1.7 3.02e+01    -  3.26e-01 3.50e-01f  1
  56  1.1692630e+06 1.07e-02 4.21e+02  -1.7 4.51e+01    -  2.07e-01 1.20e-01f  1
  57  1.1657357e+06 2.69e-02 3.20e+02  -1.7 4.74e+01    -  1.61e-01 2.65e-01f  1
  58  1.1653464e+06 2.59e-02 3.63e+02  -1.7 2.56e+01  -2.0 2.55e-02 3.62e-02f  1
  59  1.1638636e+06 2.45e-02 2.09e+02  -1.7 5.02e+01    -  1.62e-01 1.42e-01f  1
iter    objective    inf_pr   inf_du lg(mu)  ||d||  lg(rg) alpha_du alpha_pr  ls
  60  1.1620959e+06 2.21e-02 5.27e+01  -1.7 4.74e+01    -  2.23e-01 1.95e-01f  1
  61  1.1603896e+06 1.85e-02 2.76e+01  -1.7 3.81e+01    -  2.34e-01 2.30e-01f  1
  62  1.1595828e+06 1.62e-02 3.77e+02  -1.7 3.26e+01    -  2.96e-01 1.34e-01f  1
  63  1.1576002e+06 1.07e-02 9.19e+01  -1.7 2.71e+01    -  2.96e-01 3.78e-01f  1
  64  1.1560341e+06 5.93e-03 4.27e+01  -1.7 1.75e+01    -  4.43e-01 4.49e-01f  1
  65  1.1556089e+06 4.72e-03 1.62e+02  -1.7 1.14e+01    -  3.90e-01 2.01e-01h  1
  66  1.1549198e+06 5.33e-03 2.65e+02  -1.7 8.32e+00    -  7.33e-01 3.50e-01h  1
  67  1.1538170e+06 1.06e-03 5.88e-01  -1.7 5.57e+00    -  1.00e+00 1.00e+00h  1
  68  1.1537813e+06 5.36e-04 3.94e-02  -1.7 6.59e-01    -  1.00e+00 1.00e+00h  1
  69  1.1527232e+06 2.12e-03 1.12e+02  -2.5 1.65e+00  -0.7 1.77e-01 2.23e-01f  1
iter    objective    inf_pr   inf_du lg(mu)  ||d||  lg(rg) alpha_du alpha_pr  ls
  70  1.1518284e+06 1.84e-03 9.38e+01  -2.5 3.37e+01    -  1.34e-01 1.32e-01f  1
  71  1.1510489e+06 5.42e-03 2.16e+02  -2.5 2.68e+01    -  2.94e-01 1.22e-01f  1
  72  1.1494720e+06 3.90e-03 2.11e+01  -2.5 2.35e+01    -  1.39e-01 2.82e-01f  1
  73  1.1489073e+06 3.39e-03 3.73e+01  -2.5 1.46e+01    -  1.84e-01 1.31e-01f  1
  74  1.1482617e+06 3.36e-03 6.08e+01  -2.5 3.04e+01    -  2.25e-01 1.89e-01f  1
  75  1.1474046e+06 3.05e-03 3.76e+01  -2.5 1.31e+01    -  1.42e-01 2.63e-01f  1
  76  1.1471945e+06 2.99e-03 7.91e+01  -2.5 2.07e+01    -  2.75e-01 8.40e-02f  1
  77  1.1467790e+06 4.70e-03 9.00e+01  -2.5 5.78e+01    -  2.42e-01 1.84e-01f  1
  78  1.1464255e+06 3.94e-03 4.46e+01  -2.5 3.19e+01    -  1.03e-01 1.87e-01f  1
  79  1.1458612e+06 4.51e-03 2.43e+01  -2.5 1.44e+01    -  1.68e-01 3.42e-01f  1
iter    objective    inf_pr   inf_du lg(mu)  ||d||  lg(rg) alpha_du alpha_pr  ls
  80  1.1455721e+06 3.87e-03 1.73e+01  -2.5 3.32e+01    -  3.74e-01 2.54e-01h  1
  81  1.1452834e+06 4.66e-03 1.14e+01  -2.5 2.57e+01    -  3.24e-01 3.35e-01h  1
  82  1.1449253e+06 2.44e-03 5.28e+00  -2.5 1.86e+01    -  6.12e-01 5.92e-01h  1
  83  1.1448144e+06 1.54e-03 3.06e+01  -2.5 1.32e+01    -  1.00e+00 4.21e-01h  1
  84  1.1446642e+06 5.81e-04 1.38e-01  -2.5 9.84e+00    -  1.00e+00 1.00e+00h  1
  85  1.1446648e+06 7.99e-07 8.10e-06  -2.5 2.31e-01    -  1.00e+00 1.00e+00h  1
  86  1.1443497e+06 1.46e-03 3.57e+00  -3.8 1.01e+02    -  1.41e-01 1.49e-01f  1
  87  1.1441801e+06 1.86e-03 1.25e+01  -3.8 1.13e+02    -  1.30e-01 9.00e-02f  1
  88  1.1439784e+06 3.63e-03 4.56e+01  -3.8 1.76e+02    -  2.17e-01 1.18e-01f  1
  89  1.1436701e+06 2.62e-03 2.03e+01  -3.8 1.09e+00  -1.2 2.29e-01 2.75e-01f  1
iter    objective    inf_pr   inf_du lg(mu)  ||d||  lg(rg) alpha_du alpha_pr  ls
  90  1.1435617e+06 2.34e-03 3.31e+01  -3.8 1.94e+00  -1.7 1.76e-01 1.08e-01f  1
  91  1.1433124e+06 3.15e-03 1.17e+01  -3.8 3.80e+00  -2.1 1.79e-01 2.49e-01f  1
  92  1.1432500e+06 3.21e-03 3.06e+01  -3.8 3.35e+00  -2.6 2.03e-01 7.54e-02h  1
  93  1.1430952e+06 3.41e-03 7.23e+00  -3.8 2.22e+00  -2.2 7.47e-02 2.10e-01f  1
  94  1.1430378e+06 3.08e-03 2.32e+01  -3.8 1.08e+00  -1.8 2.46e-01 1.03e-01h  1
  95  1.1429671e+06 2.88e-03 2.25e+01  -3.8 2.62e+00  -2.2 1.59e-01 1.32e-01h  1
  96  1.1429181e+06 2.57e-03 2.82e+01  -3.8 1.22e+00  -1.8 2.25e-01 1.14e-01h  1
  97  1.1428453e+06 2.43e-03 2.61e+01  -3.8 3.03e+00  -2.3 2.09e-01 1.66e-01h  1
  98  1.1427479e+06 4.25e-03 1.39e+01  -3.8 7.83e+00  -2.8 9.06e-02 2.26e-01h  1
  99  1.1427437e+06 4.18e-03 2.80e+01  -3.8 3.40e+00  -2.4 3.55e-01 1.64e-02h  1
iter    objective    inf_pr   inf_du lg(mu)  ||d||  lg(rg) alpha_du alpha_pr  ls
 100  1.1426981e+06 3.76e-03 2.58e+01  -3.8 8.89e+00  -2.8 2.15e-01 1.47e-01h  1
 101  1.1426787e+06 3.42e-03 2.91e+01  -3.8 3.61e+00  -2.4 3.53e-01 9.07e-02h  1
 102  1.1426531e+06 3.58e-03 2.57e+01  -3.8 7.44e+00  -2.9 1.41e-01 1.26e-01h  1
 103  1.1426162e+06 2.75e-03 1.70e+01  -3.8 2.61e+00  -2.5 5.50e-02 2.46e-01h  1
 104  1.1426046e+06 2.64e-03 1.69e+01  -3.8 7.33e+00  -2.9 2.16e-01 9.13e-02h  1
 105  1.1425774e+06 1.92e-03 1.09e+01  -3.8 3.17e+00  -2.5 1.63e-01 2.89e-01h  1
 106  1.1425496e+06 1.39e-03 8.91e+00  -3.8 9.19e+00  -3.0 4.24e-01 2.81e-01h  1
 107  1.1425341e+06 9.70e-04 7.23e+00  -3.8 3.50e+00  -2.6 5.28e-01 3.01e-01h  1
 108  1.1425178e+06 1.01e-03 5.83e+00  -3.8 9.35e+00  -3.0 3.29e-01 2.65e-01h  1
 109  1.1425150e+06 9.70e-04 6.77e+00  -3.8 9.31e+00  -3.5 1.26e-01 4.75e-02h  1
iter    objective    inf_pr   inf_du lg(mu)  ||d||  lg(rg) alpha_du alpha_pr  ls
 110  1.1425078e+06 9.48e-04 6.20e+00  -3.8 3.24e+00  -3.1 3.91e-01 2.54e-01h  1
 111  1.1425019e+06 1.17e-03 5.15e+00  -3.8 5.81e+00  -3.6 1.72e-01 1.71e-01h  1
 112  1.1424960e+06 9.05e-04 2.78e+00  -3.8 2.92e+00  -3.1 1.51e-01 3.11e-01h  1
 113  1.1424909e+06 1.87e-03 3.20e+00  -3.8 7.54e+00  -3.6 3.24e-01 1.83e-01h  1
 114  1.1424834e+06 9.48e-04 7.08e+00  -3.8 2.66e+00  -3.2 2.53e-01 6.47e-01h  1
 115  1.1424799e+06 1.49e-03 6.06e+00  -3.8 6.62e+00  -3.7 1.67e-01 2.10e-01h  1
 116  1.1424744e+06 4.30e-03 3.33e+00  -3.8 3.20e+00  -3.2 5.82e-01 6.89e-01h  1
 117  1.1424726e+06 4.13e-03 2.68e+00  -3.8 6.98e+00  -3.7 1.92e-01 1.28e-01h  1
 118  1.1424698e+06 4.41e-03 2.36e+01  -3.8 2.01e+01  -4.2 5.29e-01 1.16e-01h  1
 119  1.1424645e+06 7.01e-03 1.28e+01  -3.8 7.47e+00  -3.8 4.91e-01 4.74e-01h  1
iter    objective    inf_pr   inf_du lg(mu)  ||d||  lg(rg) alpha_du alpha_pr  ls
 120  1.1424572e+06 5.36e-03 5.30e+00  -3.8 2.34e+01  -4.2 5.86e-01 3.95e-01h  1
 121  1.1424521e+06 2.11e-03 2.03e+00  -3.8 9.35e+00  -3.8 9.10e-01 7.96e-01h  1
 122  1.1424472e+06 2.06e-03 1.73e+00  -3.8 2.60e+01  -4.3 6.08e-01 3.89e-01h  1
 123  1.1424444e+06 1.17e-03 5.84e-01  -3.8 1.02e+01  -3.9 1.00e+00 6.10e-01h  1
 124  1.1424370e+06 5.54e-03 1.96e-01  -3.8 2.68e+01  -4.3 7.03e-01 6.98e-01h  1
 125  1.1424352e+06 2.91e-03 6.28e-01  -3.8 9.89e+00  -3.9 1.00e+00 5.44e-01h  1
 126  1.1424333e+06 6.64e-03 9.95e-01  -3.8 2.32e+01  -4.4 3.58e-01 2.25e-01h  1
 127  1.1424324e+06 4.91e-03 8.65e-01  -3.8 9.58e+00  -4.0 7.74e-01 2.98e-01h  1
 128  1.1424293e+06 1.21e-02 1.55e+00  -3.8 2.27e+01  -4.4 6.96e-01 4.00e-01h  1
 129  1.1424284e+06 6.24e-03 5.44e-01  -3.8 9.20e+00  -4.0 1.00e+00 5.07e-01h  1
iter    objective    inf_pr   inf_du lg(mu)  ||d||  lg(rg) alpha_du alpha_pr  ls
 130  1.1424260e+06 3.09e-03 1.72e+00  -3.8 2.17e+01  -4.5 1.00e+00 5.14e-01h  1
 131  1.1424241e+06 5.99e-03 1.49e+00  -3.8 4.26e+01  -5.0 3.04e-01 2.56e-01h  1
 132  1.1424220e+06 8.40e-03 1.39e+00  -3.8 7.15e+01  -5.5 2.15e-01 1.86e-01h  1
 133  1.1424200e+06 8.98e-03 1.57e+00  -3.8 3.93e+01  -5.0 6.06e-01 3.64e-01h  1
 134  1.1424195e+06 1.08e-02 1.50e+00  -3.8 1.37e+02  -5.5 3.51e-02 3.02e-02h  1
 135  1.1424186e+06 1.47e-02 1.39e+00  -3.8 4.63e+01  -5.1 2.96e-01 1.75e-01h  1
 136  1.1424185e+06 8.62e-03 6.13e-01  -3.8 2.77e+00  -2.8 1.00e+00 4.26e-01h  1
 137  1.1424171e+06 7.60e-03 3.75e-01  -3.8 7.38e+01    -  1.73e-01 1.62e-01h  1
 138  1.1424170e+06 5.43e-04 4.75e-02  -3.8 8.86e-01  -3.3 1.00e+00 1.00e+00h  1
 139  1.1424147e+06 3.18e-02 9.02e-01  -3.8 9.74e+01    -  3.07e-02 2.21e-01h  1
iter    objective    inf_pr   inf_du lg(mu)  ||d||  lg(rg) alpha_du alpha_pr  ls
 140  1.1424141e+06 2.33e-02 1.30e+00  -3.8 3.11e+01    -  1.90e-01 3.64e-01h  1
 141  1.1424138e+06 2.62e-02 1.20e+00  -3.8 5.14e+02    -  2.76e-02 1.22e-02h  1
 142  1.1424139e+06 2.25e-02 1.05e+00  -3.8 1.77e+01  -3.8 1.16e-01 1.42e-01h  1
 143  1.1424138e+06 2.14e-02 7.97e-01  -3.8 1.81e+01    -  1.08e-01 5.04e-02h  1
 144  1.1424135e+06 1.42e-02 1.25e+00  -3.8 2.98e+01    -  7.53e-02 3.39e-01f  1
 145  1.1424134e+06 1.37e-02 1.32e+00  -3.8 5.12e+01    -  5.55e-03 3.77e-02h  2
 146  1.1424134e+06 1.29e-04 8.95e-02  -3.8 3.27e+00  -4.3 9.39e-01 1.00e+00h  1
 147  1.1424131e+06 1.10e-03 5.39e-01  -3.8 1.74e+01    -  1.00e+00 5.27e-01h  1
 148  1.1424131e+06 2.02e-03 7.61e-02  -3.8 9.41e+00    -  6.28e-01 1.00e+00h  1
 149  1.1424131e+06 3.33e-03 1.86e-01  -3.8 2.93e+00  -4.8 9.28e-01 5.00e-01h  2
iter    objective    inf_pr   inf_du lg(mu)  ||d||  lg(rg) alpha_du alpha_pr  ls
 150  1.1424131e+06 3.35e-03 1.10e-01  -3.8 2.10e+00  -4.3 6.42e-01 2.08e-01h  2
 151  1.1424130e+06 3.95e-03 1.14e+00  -3.8 3.10e+01  -4.8 2.39e-01 2.77e-02h  2
 152  1.1424130e+06 3.78e-03 4.11e-01  -3.8 1.93e+00  -4.4 8.24e-01 4.39e-02h  2
 153  1.1424130e+06 2.86e-03 5.05e-01  -3.8 7.09e+00    -  7.52e-01 4.13e-01h  1
 154  1.1424130e+06 2.23e-03 1.24e+00  -3.8 9.16e+00    -  1.00e+00 2.51e-01H  1
 155  1.1424130e+06 1.72e-05 3.60e-03  -3.8 2.61e-01    -  1.00e+00 1.00e+00h  1
 156  1.1424130e+06 9.27e-06 1.30e-05  -3.8 3.65e-01    -  1.00e+00 1.00e+00h  1
 157  1.1424130e+06 8.48e-09 1.89e-08  -3.8 1.06e-02    -  1.00e+00 1.00e+00h  1
 158  1.1423969e+06 5.73e-04 1.20e+00  -5.7 2.80e+01    -  1.56e-01 1.96e-01f  1
 159  1.1423915e+06 6.01e-04 9.96e-01  -5.7 2.61e+01    -  8.78e-02 8.22e-02h  1
iter    objective    inf_pr   inf_du lg(mu)  ||d||  lg(rg) alpha_du alpha_pr  ls
 160  1.1423865e+06 6.15e-04 4.73e-01  -5.7 2.40e+01    -  1.11e-01 8.41e-02h  1
 161  1.1423736e+06 9.29e-04 1.51e+00  -5.7 2.33e+01    -  1.73e-01 2.38e-01h  1
 162  1.1423640e+06 2.57e-03 3.44e+00  -5.7 1.61e+01    -  1.11e-01 2.24e-01h  1
 163  1.1423615e+06 2.57e-03 2.57e+00  -5.7 1.76e+01    -  1.02e-01 7.64e-02h  1
 164  1.1423580e+06 2.76e-03 2.76e+00  -5.7 2.16e+01    -  2.89e-01 1.21e-01h  1
 165  1.1423503e+06 1.20e-02 9.93e-01  -5.7 2.35e+01    -  2.08e-01 2.91e-01h  1
 166  1.1423448e+06 2.26e-02 2.50e+00  -5.7 2.00e+01    -  7.76e-02 2.90e-01h  1
 167  1.1423433e+06 2.17e-02 1.96e+00  -5.7 1.54e+01    -  1.39e-01 1.01e-01h  1
 168  1.1423423e+06 2.03e-02 8.29e-01  -5.7 1.09e+01    -  3.64e-01 8.58e-02h  1
 169  1.1423413e+06 1.82e-02 1.39e+00  -5.7 8.63e+00    -  2.39e-01 1.03e-01h  1
iter    objective    inf_pr   inf_du lg(mu)  ||d||  lg(rg) alpha_du alpha_pr  ls
 170  1.1423375e+06 1.03e-02 1.20e+00  -5.7 1.17e+01    -  2.04e-01 4.35e-01h  1
 171  1.1423361e+06 7.96e-03 7.59e-01  -5.7 7.87e+00    -  3.47e-01 2.81e-01h  1
 172  1.1423344e+06 4.28e-03 7.66e-01  -5.7 5.16e+00    -  3.08e-01 4.64e-01h  1
 173  1.1423336e+06 2.32e-03 3.98e-01  -5.7 3.19e+00    -  5.23e-01 4.59e-01h  1
 174  1.1423333e+06 1.67e-03 2.84e-01  -5.7 2.40e+00    -  3.24e-01 2.78e-01h  1
 175  1.1423329e+06 9.66e-04 1.57e-01  -5.7 1.78e+00    -  5.35e-01 4.22e-01h  1
 176  1.1423326e+06 1.35e-03 1.58e-01  -5.7 1.98e+00    -  8.82e-01 6.30e-01h  1
 177  1.1423325e+06 9.59e-05 5.81e-06  -5.7 2.53e-01    -  1.00e+00 1.00e+00h  1
 178  1.1423325e+06 1.09e-05 1.25e-07  -5.7 1.17e-01    -  1.00e+00 1.00e+00h  1
 179  1.1423325e+06 2.10e-08 1.09e-09  -5.7 2.92e-03    -  1.00e+00 1.00e+00h  1
iter    objective    inf_pr   inf_du lg(mu)  ||d||  lg(rg) alpha_du alpha_pr  ls
 180  1.1423321e+06 5.60e-05 7.20e-02  -7.0 1.94e+00    -  3.08e-01 4.16e-01f  1
 181  1.1423319e+06 1.15e-04 6.01e-02  -7.0 1.36e+00    -  5.66e-01 4.63e-01h  1
 182  1.1423316e+06 3.85e-04 1.17e-01  -7.0 9.51e-01    -  5.66e-01 9.06e-01h  1
 183  1.1423316e+06 1.47e-03 4.32e-02  -7.0 1.46e+00    -  9.05e-01 1.00e+00h  1
 184  1.1423316e+06 2.76e-05 2.62e-07  -7.0 1.56e-01    -  1.00e+00 1.00e+00h  1
 185  1.1423316e+06 2.05e-04 2.62e-08  -7.0 1.40e-01    -  1.00e+00 1.00e+00h  1
 186  1.1423316e+06 1.94e-08 2.57e-10  -7.0 1.04e-02    -  1.00e+00 1.00e+00h  1

Number of Iterations....: 186

                                   (scaled)                 (unscaled)
Objective...............:   1.3714596213414685e+04    1.1423316134835938e+06
Dual infeasibility......:   2.5739647417397462e-10    2.1439357387754689e-08
Constraint violation....:   1.4829875671251655e-08    1.9374056137166917e-08
Variable bound violation:   1.2673905658289186e-07    1.2673905658289186e-07
Complementarity.........:   9.1053039366982077e-08    7.5840924336461048e-06
Overall NLP error.......:   9.1053039366982077e-08    7.5840924336461048e-06


Number of objective function evaluations             = 201
Number of objective gradient evaluations             = 187
Number of equality constraint evaluations            = 201
Number of inequality constraint evaluations          = 201
Number of equality constraint Jacobian evaluations   = 187
Number of inequality constraint Jacobian evaluations = 187
Number of Lagrangian Hessian evaluations             = 186
Total seconds in IPOPT                               = 156.526

EXIT: Optimal Solution Found.

