Solver command line: ['/opt/homebrew/bin/ipopt', '/var/folders/6y/bvynbx6n3zv7z3lwg6vd724r0000gn/T/tmpcwjxs6ub.pyomo.nl', '-AMPL', 'tol=1e-06', 'max_iter=300', 'print_level=5']

Ipopt 3.14.19: tol=1e-06
max_iter=300
print_level=5


******************************************************************************
This program contains Ipopt, a library for large-scale nonlinear optimization.
 Ipopt is released as open source code under the Eclipse Public License (EPL).
         For more information visit https://github.com/coin-or/Ipopt
******************************************************************************

This is Ipopt version 3.14.19, running with linear solver MUMPS 5.6.2.

Number of nonzeros in equality constraint Jacobian...:   408340
Number of nonzeros in inequality constraint Jacobian.:   283144
Number of nonzeros in Lagrangian Hessian.............:   231304

Total number of variables............................:    66475
                     variables with only lower bounds:        0
                variables with lower and upper bounds:    66475
                     variables with only upper bounds:        0
Total number of equality constraints.................:    60001
Total number of inequality constraints...............:    70786
        inequality constraints with only lower bounds:        0
   inequality constraints with lower and upper bounds:        0
        inequality constraints with only upper bounds:    70786

iter    objective    inf_pr   inf_du lg(mu)  ||d||  lg(rg) alpha_du alpha_pr  ls
   0  2.3409309e+06 5.22e+00 1.00e+02  -1.0 0.00e+00    -  0.00e+00 0.00e+00   0
   1  2.3042031e+06 5.16e+00 9.90e+01  -1.0 2.31e+01    -  8.27e-03 1.01e-02f  1
   2  2.2098221e+06 5.03e+00 9.60e+01  -1.0 2.12e+01    -  7.20e-02 2.65e-02f  1
   3  1.9044029e+06 4.55e+00 8.66e+01  -1.0 1.83e+01    -  1.48e-01 9.46e-02f  1
   4  1.6792591e+06 3.99e+00 7.60e+01  -1.0 1.74e+01    -  1.19e-01 1.22e-01f  1
   5  1.5893146e+06 3.64e+00 6.94e+01  -1.0 1.89e+01    -  8.91e-02 8.61e-02f  1
   6  1.5418813e+06 3.41e+00 5.55e+01  -1.0 2.03e+01    -  3.91e-01 6.19e-02f  1
   7  1.3979374e+06 2.50e+00 4.33e+01  -1.0 2.05e+01    -  1.19e-01 2.64e-01f  1
   8  1.3594079e+06 2.18e+00 3.54e+01  -1.0 1.47e+01    -  2.07e-01 1.31e-01f  1
   9  1.3104157e+06 1.69e+00 2.53e+01  -1.0 1.16e+01    -  4.93e-01 2.24e-01f  1
iter    objective    inf_pr   inf_du lg(mu)  ||d||  lg(rg) alpha_du alpha_pr  ls
  10  1.2685566e+06 1.19e+00 1.86e+01  -1.0 1.07e+01    -  4.40e-01 2.95e-01f  1
  11  1.2299517e+06 6.97e-01 1.80e+01  -1.0 1.00e+01    -  6.90e-01 4.21e-01f  1
  12  1.2154017e+06 4.91e-01 6.41e+01  -1.0 8.01e+00    -  9.90e-01 2.98e-01f  1
  13  1.1935725e+06 1.73e-01 5.70e+01  -1.0 4.71e+00    -  9.90e-01 6.58e-01f  1
  14  1.1823940e+06 1.55e-03 3.59e-01  -1.0 1.19e+00    -  1.00e+00 1.00e+00f  1
  15  1.1770446e+06 4.58e-03 2.33e+02  -1.7 1.86e+01    -  3.48e-01 2.53e-01f  1
  16  1.1729836e+06 8.31e-03 2.07e+02  -1.7 1.98e+01    -  2.44e-01 2.27e-01f  1
  17  1.1711763e+06 9.96e-03 2.57e+02  -1.7 2.29e+01    -  1.77e-01 1.16e-01f  1
  18  1.1679657e+06 2.19e-02 1.54e+02  -1.7 1.74e+01    -  1.87e-01 2.32e-01f  1
  19  1.1668350e+06 2.02e-02 8.60e+01  -1.7 1.74e+01  -2.0 2.93e-02 9.55e-02f  1
iter    objective    inf_pr   inf_du lg(mu)  ||d||  lg(rg) alpha_du alpha_pr  ls
  20  1.1652008e+06 1.97e-02 1.23e+02  -1.7 1.15e+01    -  2.17e-01 1.52e-01f  1
  21  1.1634594e+06 1.82e-02 1.27e+02  -1.7 7.20e+00    -  2.35e-01 1.90e-01f  1
  22  1.1616314e+06 1.56e-02 8.15e+01  -1.7 6.27e+00    -  2.12e-01 2.43e-01f  1
  23  1.1603337e+06 1.26e-02 9.70e+01  -1.7 4.34e+00    -  3.21e-01 2.26e-01f  1
  24  1.1575018e+06 6.11e-03 7.92e+00  -1.7 2.08e+00    -  5.29e-01 6.40e-01f  1
  25  1.1564581e+06 2.59e-03 3.30e+01  -1.7 7.63e-01    -  8.32e-01 5.68e-01f  1
  26  1.1556064e+06 3.38e-04 2.26e-01  -1.7 3.93e-01    -  1.00e+00 1.00e+00h  1
  27  1.1556056e+06 7.10e-05 5.28e-04  -1.7 5.37e-02    -  1.00e+00 1.00e+00h  1
  28  1.1532615e+06 2.57e-03 4.42e+02  -3.8 6.77e+00    -  9.14e-02 2.49e-01f  1
  29  1.1528483e+06 2.75e-03 8.80e+01  -3.8 5.99e+00    -  1.82e-01 5.24e-02f  1
iter    objective    inf_pr   inf_du lg(mu)  ||d||  lg(rg) alpha_du alpha_pr  ls
  30  1.1525027e+06 3.64e-03 1.33e+02  -3.8 7.10e+00  -0.7 2.45e-02 4.77e-02f  1
  31  1.1509805e+06 4.22e-03 3.90e+02  -3.8 2.89e+00    -  6.75e-02 2.08e-01f  1
  32  1.1502707e+06 5.84e-03 9.89e+01  -3.8 5.15e+00    -  2.43e-01 1.12e-01f  1
  33  1.1489354e+06 4.52e-03 1.95e+02  -3.8 2.77e+00    -  1.44e-01 2.26e-01f  1
  34  1.1487982e+06 4.39e-03 4.22e+01  -3.8 3.56e+00    -  1.78e-01 3.07e-02f  1
  35  1.1477871e+06 3.91e-03 3.37e+01  -3.8 4.22e+00    -  1.97e-01 2.03e-01f  1
  36  1.1476246e+06 3.76e-03 6.22e+01  -3.8 1.84e+01    -  1.25e-01 3.75e-02f  1
  37  1.1468775e+06 6.98e-03 4.45e+01  -3.8 9.52e+00    -  5.29e-02 1.82e-01f  1
  38  1.1465420e+06 6.59e-03 2.73e+01  -3.8 5.76e+00    -  1.33e-01 9.74e-02f  1
  39  1.1461016e+06 5.74e-03 7.76e+01  -3.8 5.39e+00    -  2.62e-02 1.30e-01f  1
iter    objective    inf_pr   inf_du lg(mu)  ||d||  lg(rg) alpha_du alpha_pr  ls
  40  1.1458906e+06 5.35e-03 6.86e+01  -3.8 7.54e+00    -  7.42e-02 6.82e-02f  1
  41  1.1455489e+06 4.73e-03 3.41e+01  -3.8 1.21e+01    -  1.62e-01 1.16e-01f  1
  42  1.1452329e+06 4.91e-03 7.28e+01  -3.8 1.49e+01    -  3.22e-02 1.18e-01f  1
  43  1.1450009e+06 5.06e-03 2.78e+01  -3.8 2.77e+00    -  1.73e-01 9.50e-02f  1
  44  1.1448071e+06 5.06e-03 3.23e+01  -3.8 4.07e+00    -  6.65e-02 8.29e-02f  1
  45  1.1445943e+06 5.15e-03 1.16e+01  -3.8 4.13e+00    -  1.61e-01 9.77e-02f  1
  46  1.1443291e+06 5.81e-03 1.72e+01  -3.8 5.87e+00    -  8.93e-02 1.30e-01f  1
  47  1.1442192e+06 5.65e-03 9.70e+00  -3.8 6.72e+00    -  8.06e-02 5.87e-02f  1
  48  1.1440518e+06 5.71e-03 2.16e+01  -3.8 9.85e+00    -  1.99e-01 9.52e-02f  1
  49  1.1438070e+06 1.74e-02 2.58e+01  -3.8 1.59e+01    -  1.82e-01 1.51e-01f  1
iter    objective    inf_pr   inf_du lg(mu)  ||d||  lg(rg) alpha_du alpha_pr  ls
  50  1.1436070e+06 1.81e-02 2.60e+01  -3.8 3.61e+00    -  1.63e-01 1.43e-01f  1
  51  1.1435331e+06 1.70e-02 3.79e+01  -3.8 5.22e+00    -  1.45e-01 6.48e-02h  1
  52  1.1434272e+06 1.54e-02 2.71e+01  -3.8 6.44e+00    -  4.51e-02 9.46e-02h  1
  53  1.1432382e+06 1.28e-02 5.94e+00  -3.8 7.26e+00    -  6.01e-02 1.81e-01f  1
  54  1.1431213e+06 1.09e-02 1.02e+01  -3.8 7.43e+00    -  7.23e-02 1.51e-01h  1
  55  1.1430827e+06 1.03e-02 1.01e+01  -3.8 5.44e+00    -  1.02e-01 5.52e-02h  1
  56  1.1430356e+06 9.68e-03 9.57e+00  -3.8 9.74e+00    -  8.87e-02 6.38e-02h  1
  57  1.1429931e+06 9.02e-03 8.91e+00  -3.8 2.03e+00    -  6.86e-02 6.87e-02h  1
  58  1.1429419e+06 8.19e-03 8.14e+00  -3.8 1.09e+00    -  1.24e-01 9.11e-02h  1
  59  1.1428544e+06 7.89e-03 6.91e+00  -3.8 1.23e+01    -  6.11e-02 1.36e-01h  1
iter    objective    inf_pr   inf_du lg(mu)  ||d||  lg(rg) alpha_du alpha_pr  ls
  60  1.1428331e+06 7.67e-03 6.73e+00  -3.8 4.36e+00    -  9.95e-02 3.84e-02h  1
  61  1.1427177e+06 1.08e-02 5.15e+00  -3.8 3.41e+00    -  1.77e-01 2.27e-01h  1
  62  1.1426636e+06 1.05e-02 9.02e+00  -3.8 4.79e+00    -  2.95e-01 1.30e-01h  1
  63  1.1426193e+06 9.15e-03 9.14e+00  -3.8 1.57e+00    -  1.80e-01 1.46e-01h  1
  64  1.1425758e+06 7.52e-03 1.54e+01  -3.8 1.86e+00    -  4.25e-01 1.93e-01h  1
  65  1.1425605e+06 6.79e-03 1.65e+01  -3.8 8.82e+00    -  2.26e-01 9.76e-02h  1
  66  1.1425306e+06 5.33e-03 1.56e+01  -3.8 3.25e+00    -  3.91e-01 2.20e-01h  1
  67  1.1424846e+06 2.34e-03 6.98e+00  -3.8 1.12e-01  -1.1 5.86e-01 5.65e-01h  1
  68  1.1424624e+06 2.54e-03 4.34e+00  -3.8 4.30e+00    -  3.56e-01 3.70e-01h  1
  69  1.1424493e+06 1.25e-03 4.63e+00  -3.8 9.24e-02  -1.6 1.00e+00 5.14e-01h  1
iter    objective    inf_pr   inf_du lg(mu)  ||d||  lg(rg) alpha_du alpha_pr  ls
  70  1.1424407e+06 9.27e-03 2.61e+00  -3.8 4.73e+00    -  4.17e-01 4.35e-01h  1
  71  1.1424332e+06 3.38e-03 6.33e-01  -3.8 1.12e+00    -  1.00e+00 7.63e-01h  1
  72  1.1424319e+06 7.22e-04 2.89e-03  -3.8 2.62e-01    -  1.00e+00 1.00e+00h  1
  73  1.1424318e+06 3.62e-06 4.34e-05  -3.8 5.95e-02    -  1.00e+00 1.00e+00h  1
  74  1.1424168e+06 4.94e-04 5.83e+00  -5.7 2.12e+00    -  3.12e-01 1.41e-01f  1
  75  1.1424068e+06 6.43e-04 4.54e+00  -5.7 1.25e+00    -  8.60e-02 1.16e-01h  1
  76  1.1423973e+06 1.14e-03 3.31e+00  -5.7 1.36e+00    -  8.32e-02 1.22e-01h  1
  77  1.1423891e+06 1.09e-03 3.37e+00  -5.7 9.87e-01    -  1.69e-01 1.28e-01h  1
  78  1.1423774e+06 1.20e-03 2.26e+00  -5.7 1.20e+00    -  1.53e-01 2.03e-01h  1
  79  1.1423697e+06 2.57e-03 2.60e+00  -5.7 8.04e+00    -  5.54e-02 1.59e-01h  1
iter    objective    inf_pr   inf_du lg(mu)  ||d||  lg(rg) alpha_du alpha_pr  ls
  80  1.1423633e+06 3.59e-03 1.87e+00  -5.7 7.85e+00    -  3.00e-01 1.66e-01h  1
  81  1.1423588e+06 5.34e-03 2.36e+00  -5.7 7.23e+00    -  2.04e-01 1.43e-01h  1
  82  1.1423497e+06 1.87e-02 6.53e-01  -5.7 6.00e+00    -  2.10e-01 3.33e-01h  1
  83  1.1423465e+06 1.97e-02 6.51e-01  -5.7 3.57e+00    -  7.21e-02 1.68e-01h  1
  84  1.1423451e+06 1.85e-02 1.21e+00  -5.7 2.40e+00    -  3.59e-01 9.41e-02h  1
  85  1.1423433e+06 1.62e-02 1.23e+00  -5.7 1.53e+00    -  1.89e-01 1.36e-01h  1
  86  1.1423399e+06 1.10e-02 8.30e-01  -5.7 8.73e-01    -  3.22e-01 3.23e-01h  1
  87  1.1423380e+06 8.57e-03 7.63e-01  -5.7 1.06e+00    -  3.29e-01 2.53e-01h  1
  88  1.1423375e+06 7.66e-03 1.45e+00  -5.7 4.45e-01    -  4.68e-01 1.06e-01h  1
  89  1.1423352e+06 4.08e-03 4.82e-01  -5.7 4.10e-01    -  2.51e-01 4.67e-01h  1
iter    objective    inf_pr   inf_du lg(mu)  ||d||  lg(rg) alpha_du alpha_pr  ls
  90  1.1423329e+06 3.65e-04 6.71e-01  -5.7 2.20e-01    -  3.43e-01 9.32e-01h  1
  91  1.1423328e+06 6.36e-04 2.22e-01  -5.7 5.24e-01    -  5.69e-01 2.44e-01h  1
  92  1.1423327e+06 4.70e-04 6.60e-02  -5.7 1.88e-01    -  8.49e-01 7.19e-01h  1
  93  1.1423327e+06 1.71e-04 2.42e-06  -5.7 8.34e-02    -  1.00e+00 1.00e+00h  1
  94  1.1423327e+06 3.30e-05 2.56e-07  -5.7 3.74e-02    -  1.00e+00 1.00e+00h  1
  95  1.1423327e+06 6.25e-09 4.73e-10  -5.7 8.22e-04    -  1.00e+00 1.00e+00h  1
  96  1.1423323e+06 1.31e-04 1.45e-02  -7.0 2.93e-01    -  3.91e-01 4.13e-01f  1
  97  1.1423321e+06 1.29e-04 9.91e-02  -7.0 3.70e-01    -  4.17e-01 2.22e-01h  1
  98  1.1423318e+06 2.06e-04 7.49e-02  -7.0 4.45e-01    -  7.29e-01 6.22e-01h  1
  99  1.1423317e+06 1.25e-03 1.08e-01  -7.0 4.19e-01    -  4.93e-01 7.69e-01h  1
iter    objective    inf_pr   inf_du lg(mu)  ||d||  lg(rg) alpha_du alpha_pr  ls
 100  1.1423316e+06 1.13e-04 2.35e-06  -7.0 2.15e-01    -  1.00e+00 1.00e+00h  1
 101  1.1423316e+06 1.88e-04 1.14e-02  -7.0 5.62e-01    -  1.00e+00 2.39e-01h  2
 102  1.1423316e+06 4.32e-06 1.59e-08  -7.0 4.22e-02    -  1.00e+00 1.00e+00h  1
 103  1.1423316e+06 1.97e-07 1.35e-10  -7.0 5.28e-03    -  1.00e+00 1.00e+00h  1

Number of Iterations....: 103

                                   (scaled)                 (unscaled)
Objective...............:   1.1242845193893863e+04    1.1423316226385310e+06
Dual infeasibility......:   1.3492975600673827e-10    1.3709565902865129e-08
Constraint violation....:   1.5079214409364996e-07    1.9698797570910642e-07
Variable bound violation:   1.2401500271153054e-07    1.2401500271153054e-07
Complementarity.........:   8.9546748579809709e-08    9.0984160008477898e-06
Overall NLP error.......:   1.5079214409364996e-07    9.0984160008477898e-06


Number of objective function evaluations             = 107
Number of objective gradient evaluations             = 104
Number of equality constraint evaluations            = 107
Number of inequality constraint evaluations          = 107
Number of equality constraint Jacobian evaluations   = 104
Number of inequality constraint Jacobian evaluations = 104
Number of Lagrangian Hessian evaluations             = 103
Total seconds in IPOPT                               = 79.861

EXIT: Optimal Solution Found.

