Solver command line: ['/opt/homebrew/bin/ipopt', '/var/folders/6y/bvynbx6n3zv7z3lwg6vd724r0000gn/T/tmpuvitjvbn.pyomo.nl', '-AMPL', 'tol=1e-06', 'max_iter=300', 'print_level=5', 'warm_start_init_point=yes', 'warm_start_bound_push=1e-06', 'warm_start_bound_frac=1e-06', 'warm_start_mult_bound_push=1e-06', 'mu_init=1e-06', 'least_square_init_duals=no']

Ipopt 3.14.19: tol=1e-06
max_iter=300
print_level=5
warm_start_init_point=yes
warm_start_bound_push=1e-06
warm_start_bound_frac=1e-06
warm_start_mult_bound_push=1e-06
mu_init=1e-06
least_square_init_duals=no


******************************************************************************
This program contains Ipopt, a library for large-scale nonlinear optimization.
 Ipopt is released as open source code under the Eclipse Public License (EPL).
         For more information visit https://github.com/coin-or/Ipopt
******************************************************************************

This is Ipopt version 3.14.19, running with linear solver MUMPS 5.6.2.

Number of nonzeros in equality constraint Jacobian...:   408340
Number of nonzeros in inequality constraint Jacobian.:   283144
Number of nonzeros in Lagrangian Hessian.............:   231304

Total number of variables............................:    66475
                     variables with only lower bounds:        0
                variables with lower and upper bounds:    66475
                     variables with only upper bounds:        0
Total number of equality constraints.................:    60001
Total number of inequality constraints...............:    70786
        inequality constraints with only lower bounds:        0
   inequality constraints with lower and upper bounds:        0
        inequality constraints with only upper bounds:    70786

iter    objective    inf_pr   inf_du lg(mu)  ||d||  lg(rg) alpha_du alpha_pr  ls
   0  1.1423329e+06 1.00e+02 2.07e+03  -6.0 0.00e+00    -  0.00e+00 0.00e+00   0
   1  1.1423337e+06 1.00e+02 2.07e+03  -6.0 4.98e+00   2.0 2.81e-05 3.67e-05h  1
   2  1.1423347e+06 1.00e+02 2.07e+03  -6.0 4.95e+00   1.5 4.65e-05 4.64e-05h  1
   3  1.1423354e+06 1.00e+02 2.07e+03  -6.0 4.92e+00   1.9 5.82e-05 3.36e-05h  1
   4  1.1423361e+06 1.00e+02 2.07e+03  -6.0 4.96e+00   2.4 1.66e-05 3.02e-05h  1
   5  1.1423376e+06 9.99e+01 2.07e+03  -6.0 4.99e+00   1.9 4.46e-05 6.77e-05h  1
   6  1.1423384e+06 9.99e+01 2.07e+03  -6.0 4.99e+00   2.3 3.64e-05 3.56e-05h  1
   7  1.1423400e+06 9.99e+01 2.07e+03  -6.0 4.99e+00   1.8 1.27e-04 7.71e-05h  1
   8  1.1423411e+06 9.99e+01 2.07e+03  -6.0 4.98e+00   2.3 5.05e-05 4.69e-05h  1
   9  1.1423436e+06 9.98e+01 2.07e+03  -6.0 4.98e+00   1.8 4.52e-05 1.15e-04h  1
iter    objective    inf_pr   inf_du lg(mu)  ||d||  lg(rg) alpha_du alpha_pr  ls
  10  1.1423445e+06 9.98e+01 2.07e+03  -6.0 4.98e+00   2.2 3.50e-05 4.08e-05h  1
  11  1.1423476e+06 9.97e+01 2.07e+03  -6.0 4.98e+00   1.7 1.04e-04 1.44e-04h  1
  12  1.1423491e+06 9.97e+01 2.07e+03  -6.0 4.98e+00   2.2 3.88e-05 6.84e-05h  1
  13  1.1423529e+06 9.96e+01 2.07e+03  -6.0 4.97e+00   1.7 7.38e-05 1.70e-04h  1
  14  1.1423546e+06 9.95e+01 2.07e+03  -6.0 4.97e+00   2.1 1.32e-04 7.63e-05h  1
  15  1.1423641e+06 9.93e+01 2.07e+03  -6.0 4.97e+00   1.6 4.92e-05 4.22e-04h  1
  16  1.1423679e+06 9.92e+01 2.07e+03  -6.0 4.97e+00   2.1 1.23e-04 1.68e-04h  1
  17  1.1423759e+06 9.90e+01 2.07e+03  -6.0 4.97e+00   1.6 2.41e-04 3.55e-04h  1
  18  1.1423786e+06 9.90e+01 2.07e+03  -6.0 4.97e+00   2.0 8.08e-05 1.18e-04h  1
  19  1.1423809e+06 9.89e+01 2.07e+03  -6.0 4.97e+00   1.5 5.52e-05 1.01e-04h  1
iter    objective    inf_pr   inf_du lg(mu)  ||d||  lg(rg) alpha_du alpha_pr  ls
  20  1.1423819e+06 9.89e+01 2.07e+03  -6.0 4.97e+00   2.0 1.57e-04 4.32e-05h  1
  21  1.1423856e+06 9.88e+01 2.07e+03  -6.0 4.97e+00   1.5 3.71e-05 1.65e-04h  1
  22  1.1423873e+06 9.88e+01 2.07e+03  -6.0 4.97e+00   1.9 3.66e-05 7.40e-05h  1
  23  1.1423880e+06 9.88e+01 2.07e+03  -6.0 4.96e+00   2.3 4.24e-05 3.16e-05h  1
  24  1.1423948e+06 9.86e+01 2.07e+03  -6.0 4.97e+00   1.9 4.94e-04 2.93e-04h  1
  25  1.1423952e+06 9.86e+01 2.07e+03  -6.0 4.96e+00   2.3 1.19e-04 1.62e-05h  1
  26  1.1423991e+06 9.85e+01 2.07e+03  -6.0 4.96e+00   1.8 2.41e-05 1.70e-04h  1
  27  1.1423994e+06 9.85e+01 2.07e+03  -6.0 4.96e+00   2.2 1.22e-04 1.36e-05h  1
  28  1.1424087e+06 9.83e+01 2.06e+03  -6.0 4.96e+00   1.8 1.08e-04 4.00e-04h  1
  29  1.1424140e+06 9.82e+01 2.06e+03  -6.0 4.96e+00   2.2 8.30e-05 2.28e-04h  1
iter    objective    inf_pr   inf_du lg(mu)  ||d||  lg(rg) alpha_du alpha_pr  ls
  30  1.1424148e+06 9.82e+01 2.06e+03  -6.0 4.96e+00   1.7 1.40e-04 3.25e-05h  1
  31  1.1424155e+06 9.81e+01 2.06e+03  -6.0 4.96e+00   2.1 7.79e-05 3.17e-05h  1
  32  1.1424207e+06 9.80e+01 2.06e+03  -6.0 4.96e+00   1.7 4.39e-05 2.28e-04h  1
  33  1.1424212e+06 9.80e+01 2.06e+03  -6.0 4.96e+00   2.1 4.64e-05 1.94e-05h  1
  34  1.1424256e+06 9.79e+01 2.06e+03  -6.0 4.96e+00   1.6 8.76e-05 1.89e-04h  1
  35  1.1424283e+06 9.79e+01 2.06e+03  -6.0 4.96e+00   2.0 2.81e-05 1.16e-04h  1
  36  1.1424305e+06 9.78e+01 2.06e+03  -6.0 4.96e+00   1.6 2.61e-04 9.54e-05h  1
  37  1.1424309e+06 9.78e+01 2.06e+03  -6.0 4.95e+00   2.0 1.72e-04 1.45e-05h  1
  38  1.1424322e+06 9.78e+01 2.06e+03  -6.0 4.96e+00   1.5 4.34e-04 5.75e-05h  1
  39  1.1424331e+06 9.77e+01 2.06e+03  -6.0 4.95e+00   1.9 1.47e-04 3.78e-05h  1
iter    objective    inf_pr   inf_du lg(mu)  ||d||  lg(rg) alpha_du alpha_pr  ls
  40  1.1424341e+06 9.77e+01 2.06e+03  -6.0 4.95e+00   2.4 2.56e-05 4.39e-05h  1
  41  1.1424374e+06 9.76e+01 2.06e+03  -6.0 4.96e+00   1.9 5.29e-05 1.39e-04h  1
  42  1.1424407e+06 9.76e+01 2.06e+03  -6.0 4.95e+00   2.3 9.21e-05 1.40e-04h  1
  43  1.1424412e+06 9.76e+01 2.06e+03  -6.0 4.95e+00   1.8 8.99e-05 2.06e-05h  1
  44  1.1424447e+06 9.75e+01 2.06e+03  -6.0 4.95e+00   2.3 4.39e-05 1.46e-04h  1
  45  1.1424478e+06 9.74e+01 2.06e+03  -6.0 4.96e+00   1.8 1.15e-04 1.31e-04h  1
  46  1.1424494e+06 9.74e+01 2.06e+03  -6.0 4.95e+00   2.2 1.37e-04 7.03e-05h  1
  47  1.1424505e+06 9.74e+01 2.06e+03  -6.0 4.96e+00   1.7 2.50e-04 4.48e-05h  1
  48  1.1424514e+06 9.73e+01 2.06e+03  -6.0 4.95e+00   2.2 6.37e-05 3.85e-05h  1
  49  1.1424535e+06 9.73e+01 2.06e+03  -6.0 4.96e+00   1.7 2.75e-04 9.22e-05h  1
iter    objective    inf_pr   inf_du lg(mu)  ||d||  lg(rg) alpha_du alpha_pr  ls
  50  1.1424598e+06 9.72e+01 2.06e+03  -6.0 4.95e+00   2.1 7.22e-06 2.64e-04h  1
  51  1.1424618e+06 9.71e+01 2.06e+03  -6.0 4.96e+00   1.6 2.88e-04 8.43e-05h  1
  52  1.1424649e+06 9.70e+01 2.06e+03  -6.0 4.95e+00   2.1 5.71e-05 1.30e-04h  1
  53  1.1424697e+06 9.69e+01 2.06e+03  -6.0 4.96e+00   1.6 2.53e-04 1.95e-04h  1
  54  1.1424731e+06 9.69e+01 2.06e+03  -6.0 4.95e+00   2.0 4.81e-05 1.39e-04h  1
  55  1.1424767e+06 9.68e+01 2.06e+03  -6.0 4.96e+00   1.5 8.81e-05 1.46e-04h  1
  56  1.1424776e+06 9.68e+01 2.06e+03  -6.0 4.95e+00   1.9 1.33e-04 3.86e-05h  1
  57  1.1424791e+06 9.67e+01 2.06e+03  -6.0 4.95e+00   2.4 5.56e-05 5.92e-05h  1
  58  1.1424884e+06 9.66e+01 2.06e+03  -6.0 4.95e+00   1.9 1.51e-04 3.72e-04h  1
  59  1.1424902e+06 9.65e+01 2.06e+03  -6.0 4.95e+00   2.3 1.48e-04 7.08e-05h  1
iter    objective    inf_pr   inf_du lg(mu)  ||d||  lg(rg) alpha_du alpha_pr  ls
  60  1.1424975e+06 9.64e+01 2.06e+03  -6.0 4.95e+00   1.8 8.82e-05 2.83e-04h  1
  61  1.1424986e+06 9.63e+01 2.06e+03  -6.0 4.94e+00   2.3 1.01e-04 4.31e-05h  1
  62  1.1425057e+06 9.62e+01 2.06e+03  -6.0 4.95e+00   1.8 6.80e-05 2.67e-04h  1
  63  1.1425071e+06 9.62e+01 2.06e+03  -6.0 4.94e+00   2.2 1.35e-04 5.37e-05h  1
  64  1.1425128e+06 9.61e+01 2.06e+03  -6.0 4.95e+00   1.7 3.56e-05 2.12e-04h  1
  65  1.1425136e+06 9.61e+01 2.06e+03  -6.0 4.94e+00   2.2 1.07e-04 2.72e-05h  1
  66  1.1425237e+06 9.59e+01 2.06e+03  -6.0 4.95e+00   1.7 1.80e-04 3.75e-04h  1
  67  1.1425243e+06 9.58e+01 2.06e+03  -6.0 4.94e+00   2.1 1.74e-04 1.89e-05h  1
  68  1.1425317e+06 9.57e+01 2.05e+03  -6.0 4.95e+00   1.6 1.75e-04 2.75e-04h  1
  69  1.1425364e+06 9.56e+01 2.05e+03  -6.0 4.94e+00   2.1 6.21e-05 1.67e-04h  1
iter    objective    inf_pr   inf_du lg(mu)  ||d||  lg(rg) alpha_du alpha_pr  ls
  70  1.1425369e+06 9.56e+01 2.05e+03  -6.0 4.95e+00   1.6 2.09e-04 2.03e-05h  1
  71  1.1425399e+06 9.56e+01 2.05e+03  -6.0 4.94e+00   2.0 9.81e-05 1.06e-04h  1
  72  1.1425520e+06 9.53e+01 2.05e+03  -6.0 4.95e+00   1.5 9.25e-05 4.45e-04h  1
  73  1.1425522e+06 9.53e+01 2.05e+03  -6.0 4.94e+00   2.0 4.91e-04 1.03e-05h  1
  74  1.1425562e+06 9.52e+01 2.05e+03  -6.0 4.95e+00   1.5 4.66e-05 1.46e-04h  1
  75  1.1425695e+06 9.50e+01 2.05e+03  -6.0 4.94e+00   1.9 1.29e-04 4.78e-04h  1
  76  1.1425698e+06 9.50e+01 2.05e+03  -6.0 4.93e+00   2.3 2.06e-04 1.24e-05h  1
  77  1.1425731e+06 9.49e+01 2.05e+03  -6.0 4.94e+00   1.9 3.33e-05 1.19e-04h  1
  78  1.1425736e+06 9.49e+01 2.05e+03  -6.0 4.93e+00   2.3 4.70e-05 1.50e-05h  1
  79  1.1425778e+06 9.48e+01 2.05e+03  -6.0 4.94e+00   1.8 5.94e-05 1.52e-04h  1
iter    objective    inf_pr   inf_du lg(mu)  ||d||  lg(rg) alpha_du alpha_pr  ls
  80  1.1425823e+06 9.48e+01 2.05e+03  -6.0 4.93e+00   2.2 1.67e-04 1.55e-04h  1
  81  1.1425834e+06 9.47e+01 2.05e+03  -6.0 4.94e+00   1.8 1.29e-04 3.94e-05h  1
  82  1.1425852e+06 9.47e+01 2.05e+03  -6.0 4.93e+00   2.2 4.23e-05 6.13e-05h  1
  83  1.1425907e+06 9.46e+01 2.05e+03  -6.0 4.94e+00   1.7 3.21e-04 1.93e-04h  1
  84  1.1425950e+06 9.45e+01 2.05e+03  -6.0 4.93e+00   2.1 3.90e-04 1.46e-04h  1
  85  1.1425965e+06 9.45e+01 2.05e+03  -6.0 4.94e+00   1.7 2.22e-04 5.17e-05h  1
  86  1.1425980e+06 9.45e+01 2.05e+03  -6.0 4.93e+00   2.1 4.74e-05 5.23e-05h  1
  87  1.1426053e+06 9.43e+01 2.05e+03  -6.0 4.94e+00   1.6 1.72e-04 2.54e-04h  1
  88  1.1426072e+06 9.43e+01 2.05e+03  -6.0 4.93e+00   2.0 4.07e-05 6.39e-05h  1
  89  1.1426203e+06 9.41e+01 2.05e+03  -6.0 4.95e+00   1.6 1.57e-04 4.55e-04h  1
iter    objective    inf_pr   inf_du lg(mu)  ||d||  lg(rg) alpha_du alpha_pr  ls
  90  1.1426216e+06 9.41e+01 2.05e+03  -6.0 4.93e+00   2.0 1.58e-04 4.28e-05h  1
  91  1.1426241e+06 9.40e+01 2.05e+03  -6.0 4.95e+00   1.5 2.70e-04 8.72e-05h  1
  92  1.1426255e+06 9.40e+01 2.05e+03  -6.0 4.93e+00   1.9 5.01e-05 4.75e-05h  1
  93  1.1426269e+06 9.40e+01 2.05e+03  -6.0 4.92e+00   2.4 8.43e-05 4.76e-05h  1
  94  1.1426325e+06 9.39e+01 2.05e+03  -6.0 4.93e+00   1.9 2.03e-04 1.92e-04h  1
  95  1.1426341e+06 9.38e+01 2.05e+03  -6.0 4.92e+00   2.3 6.22e-05 5.28e-05h  1
  96  1.1426544e+06 9.35e+01 2.05e+03  -6.0 4.93e+00   1.8 2.40e-04 6.86e-04h  1
  97  1.1426580e+06 9.34e+01 2.05e+03  -6.0 4.92e+00   2.3 4.21e-05 1.20e-04h  1
  98  1.1426584e+06 9.34e+01 2.05e+03  -6.0 4.93e+00   1.8 2.92e-04 1.31e-05h  1
  99  1.1426597e+06 9.34e+01 2.05e+03  -6.0 4.92e+00   2.2 6.60e-05 4.33e-05h  1
iter    objective    inf_pr   inf_du lg(mu)  ||d||  lg(rg) alpha_du alpha_pr  ls
 100  1.1426624e+06 9.33e+01 2.05e+03  -6.0 4.93e+00   1.7 1.75e-04 9.09e-05h  1
 101  1.1426633e+06 9.33e+01 2.05e+03  -6.0 4.92e+00   2.2 1.94e-04 3.18e-05h  1
 102  1.1426699e+06 9.32e+01 2.04e+03  -6.0 4.93e+00   1.7 1.11e-04 2.22e-04h  1
 103  1.1426722e+06 9.32e+01 2.04e+03  -6.0 4.92e+00   2.1 6.61e-05 7.68e-05h  1
 104  1.1426773e+06 9.31e+01 2.04e+03  -6.0 4.93e+00   1.6 1.56e-04 1.70e-04h  1
 105  1.1426783e+06 9.31e+01 2.04e+03  -6.0 4.92e+00   2.0 1.49e-04 3.33e-05h  1
 106  1.1426807e+06 9.30e+01 2.04e+03  -6.0 4.94e+00   1.6 2.49e-04 7.93e-05h  1
 107  1.1426870e+06 9.29e+01 2.04e+03  -6.0 4.92e+00   2.0 9.46e-05 2.07e-04h  1
 108  1.1426903e+06 9.29e+01 2.04e+03  -6.0 4.94e+00   1.5 1.47e-04 1.14e-04h  1
 109  1.1426923e+06 9.28e+01 2.04e+03  -6.0 4.92e+00   1.9 1.54e-04 6.47e-05h  1
iter    objective    inf_pr   inf_du lg(mu)  ||d||  lg(rg) alpha_du alpha_pr  ls
 110  1.1426976e+06 9.27e+01 2.04e+03  -6.0 8.66e+00   1.5 1.09e-04 1.77e-04h  1
 111  1.1427007e+06 9.27e+01 2.04e+03  -6.0 4.92e+00   1.9 9.39e-05 1.02e-04h  1
 112  1.1427020e+06 9.27e+01 2.04e+03  -6.0 4.91e+00   2.3 1.19e-04 4.38e-05h  1
 113  1.1427069e+06 9.26e+01 2.04e+03  -6.0 4.92e+00   1.8 5.33e-05 1.61e-04h  1
 114  1.1427097e+06 9.25e+01 2.04e+03  -6.0 4.91e+00   2.3 2.64e-04 8.82e-05h  1
 115  1.1427135e+06 9.25e+01 2.04e+03  -6.0 4.92e+00   1.8 7.51e-05 1.22e-04h  1
 116  1.1427151e+06 9.25e+01 2.04e+03  -6.0 4.91e+00   2.2 3.37e-04 5.19e-05h  1
 117  1.1427250e+06 9.23e+01 2.04e+03  -6.0 4.92e+00   1.7 1.13e-04 3.16e-04h  1
 118  1.1427288e+06 9.22e+01 2.04e+03  -6.0 4.91e+00   2.2 1.42e-04 1.20e-04h  1
 119  1.1427304e+06 9.22e+01 2.04e+03  -6.0 4.92e+00   1.7 1.30e-04 5.11e-05h  1
iter    objective    inf_pr   inf_du lg(mu)  ||d||  lg(rg) alpha_du alpha_pr  ls
 120  1.1427339e+06 9.21e+01 2.04e+03  -6.0 4.91e+00   2.1 4.31e-04 1.09e-04h  1
 121  1.1427400e+06 9.20e+01 2.04e+03  -6.0 4.93e+00   1.6 2.19e-04 1.97e-04h  1
 122  1.1427440e+06 9.20e+01 2.04e+03  -6.0 4.91e+00   2.1 3.65e-05 1.24e-04h  1
 123  1.1427482e+06 9.19e+01 2.04e+03  -6.0 4.93e+00   1.6 3.64e-04 1.32e-04h  1
 124  1.1427512e+06 9.19e+01 2.04e+03  -6.0 4.91e+00   2.0 1.49e-04 9.33e-05h  1
 125  1.1427680e+06 9.16e+01 2.04e+03  -6.0 4.93e+00   1.5 1.96e-04 5.36e-04h  1
 126  1.1427700e+06 9.16e+01 2.04e+03  -6.0 4.90e+00   2.0 3.87e-04 6.20e-05h  1
 127  1.1427781e+06 9.14e+01 2.04e+03  -6.0 4.93e+00   1.5 6.25e-05 2.57e-04h  1
 128  1.1427800e+06 9.14e+01 2.04e+03  -6.0 4.90e+00   1.9 7.86e-04 5.87e-05h  1
 129  1.1427834e+06 9.13e+01 2.04e+03  -6.0 4.89e+00   2.3 5.01e-05 1.04e-04h  1
iter    objective    inf_pr   inf_du lg(mu)  ||d||  lg(rg) alpha_du alpha_pr  ls
 130  1.1427855e+06 9.13e+01 2.04e+03  -6.0 4.91e+00   1.9 1.18e-04 6.47e-05h  1
 131  1.1427877e+06 9.13e+01 2.04e+03  -6.0 4.89e+00   2.3 7.98e-05 6.72e-05h  1
 132  1.1427964e+06 9.11e+01 2.04e+03  -6.0 4.91e+00   1.8 1.57e-04 2.68e-04h  1
 133  1.1427977e+06 9.11e+01 2.04e+03  -6.0 4.89e+00   2.2 4.83e-05 3.72e-05h  1
 134  1.1428009e+06 9.11e+01 2.04e+03  -6.0 4.91e+00   1.8 1.12e-04 9.97e-05h  1
 135  1.1428031e+06 9.10e+01 2.04e+03  -6.0 4.89e+00   2.2 3.42e-04 6.62e-05h  1
 136  1.1428057e+06 9.10e+01 2.04e+03  -6.0 4.91e+00   1.7 4.05e-04 8.12e-05h  1
 137  1.1428085e+06 9.09e+01 2.04e+03  -6.0 4.89e+00   2.1 3.38e-04 8.66e-05h  1
 138  1.1428191e+06 9.08e+01 2.04e+03  -6.0 4.91e+00   1.7 6.17e-04 3.19e-04h  1
 139  1.1428228e+06 9.07e+01 2.03e+03  -6.0 4.89e+00   2.1 3.04e-04 1.10e-04h  1
iter    objective    inf_pr   inf_du lg(mu)  ||d||  lg(rg) alpha_du alpha_pr  ls
 140  1.1428297e+06 9.06e+01 2.03e+03  -6.0 4.92e+00   1.6 3.20e-04 2.10e-04h  1
 141  1.1428375e+06 9.05e+01 2.03e+03  -6.0 4.89e+00   2.0 8.45e-05 2.33e-04h  1
 142  1.1428433e+06 9.04e+01 2.03e+03  -6.0 4.92e+00   1.6 2.30e-04 1.76e-04h  1
 143  1.1428462e+06 9.04e+01 2.03e+03  -6.0 4.89e+00   2.0 2.09e-04 8.62e-05h  1
 144  1.1428629e+06 9.01e+01 2.03e+03  -6.0 4.92e+00   1.5 4.74e-04 5.11e-04h  1
 145  1.1428677e+06 9.00e+01 2.03e+03  -6.0 4.89e+00   1.9 1.19e-04 1.43e-04h  1
 146  1.1428688e+06 9.00e+01 2.03e+03  -6.0 4.88e+00   2.4 1.30e-04 3.20e-05h  1
 147  1.1428788e+06 8.99e+01 2.03e+03  -6.0 4.89e+00   1.9 6.99e-05 2.97e-04h  1
 148  1.1428823e+06 8.98e+01 2.03e+03  -6.0 4.88e+00   2.3 8.46e-05 1.01e-04h  1
 149  1.1428881e+06 8.97e+01 2.03e+03  -6.0 4.89e+00   1.8 9.26e-05 1.73e-04h  1
iter    objective    inf_pr   inf_du lg(mu)  ||d||  lg(rg) alpha_du alpha_pr  ls
 150  1.1428902e+06 8.97e+01 2.03e+03  -6.0 4.88e+00   2.3 1.19e-04 5.96e-05h  1
 151  1.1428954e+06 8.96e+01 2.03e+03  -6.0 4.89e+00   1.8 1.18e-04 1.52e-04h  1
 152  1.1428982e+06 8.96e+01 2.03e+03  -6.0 4.88e+00   2.2 1.24e-04 8.08e-05h  1
 153  1.1429062e+06 8.95e+01 2.03e+03  -6.0 4.90e+00   1.7 4.02e-04 2.32e-04h  1
 154  1.1429125e+06 8.94e+01 2.03e+03  -6.0 4.88e+00   2.2 2.62e-04 1.81e-04h  1
 155  1.1429153e+06 8.93e+01 2.03e+03  -6.0 4.90e+00   1.7 2.74e-04 8.20e-05h  1
 156  1.1429176e+06 8.93e+01 2.03e+03  -6.0 4.88e+00   2.1 1.27e-05 6.51e-05h  1
 157  1.1429250e+06 8.92e+01 2.03e+03  -6.0 4.90e+00   1.6 5.12e-04 2.17e-04h  1
 158  1.1429287e+06 8.91e+01 2.03e+03  -6.0 4.88e+00   2.0 3.06e-04 1.06e-04h  1
 159  1.1429411e+06 8.89e+01 2.03e+03  -6.0 4.91e+00   1.6 1.07e-03 3.62e-04h  1
iter    objective    inf_pr   inf_du lg(mu)  ||d||  lg(rg) alpha_du alpha_pr  ls
 160  1.1429453e+06 8.89e+01 2.03e+03  -6.0 4.88e+00   2.0 1.45e-04 1.22e-04h  1
 161  1.1429518e+06 8.88e+01 2.03e+03  -6.0 4.91e+00   1.5 7.74e-04 1.91e-04h  1
 162  1.1429580e+06 8.87e+01 2.03e+03  -6.0 4.88e+00   1.9 1.55e-04 1.76e-04h  1
 163  1.1429599e+06 8.87e+01 2.03e+03  -6.0 4.92e+00   1.5 7.00e-05 5.55e-05h  1
 164  1.1429674e+06 8.86e+01 2.03e+03  -6.0 4.88e+00   1.9 3.48e-04 2.14e-04h  1
 165  1.1429706e+06 8.85e+01 2.03e+03  -6.0 4.86e+00   2.3 9.24e-05 9.02e-05h  1
 166  1.1429749e+06 8.84e+01 2.03e+03  -6.0 4.88e+00   1.8 2.37e-04 1.21e-04h  1
 167  1.1429787e+06 8.84e+01 2.03e+03  -6.0 4.86e+00   2.3 1.27e-04 1.06e-04h  1
 168  1.1429833e+06 8.83e+01 2.03e+03  -6.0 4.88e+00   1.8 1.46e-04 1.28e-04h  1
 169  1.1429860e+06 8.83e+01 2.03e+03  -6.0 4.86e+00   2.2 4.24e-04 7.57e-05h  1
iter    objective    inf_pr   inf_du lg(mu)  ||d||  lg(rg) alpha_du alpha_pr  ls
 170  1.1430010e+06 8.81e+01 2.02e+03  -6.0 4.89e+00   1.7 4.75e-04 4.21e-04h  1
 171  1.1430057e+06 8.80e+01 2.02e+03  -6.0 4.86e+00   2.2 1.67e-04 1.31e-04h  1
 172  1.1430148e+06 8.79e+01 2.02e+03  -6.0 4.89e+00   1.7 5.55e-05 2.55e-04h  1
 173  1.1430261e+06 8.77e+01 2.02e+03  -6.0 4.97e+00   1.2 6.42e-04 3.33e-04h  1
 174  1.1430332e+06 8.76e+01 2.02e+03  -6.0 4.89e+00   1.6 9.71e-04 1.99e-04h  1
 175  1.1430495e+06 8.74e+01 2.02e+03  -6.0 4.98e+00   1.2 3.17e-04 4.88e-04h  1
 176  1.1430546e+06 8.73e+01 2.02e+03  -6.0 4.89e+00   1.6 1.53e-03 1.43e-04h  1
 177  1.1430641e+06 8.71e+01 2.02e+03  -6.0 5.00e+00   1.1 2.32e-04 2.75e-04h  1
 178  1.1430712e+06 8.70e+01 2.02e+03  -6.0 4.90e+00   1.5 2.77e-04 1.94e-04h  1
 179  1.1430889e+06 8.68e+01 2.02e+03  -6.0 5.01e+00   1.1 8.24e-04 5.25e-04h  1
iter    objective    inf_pr   inf_du lg(mu)  ||d||  lg(rg) alpha_du alpha_pr  ls
 180  1.1431020e+06 8.66e+01 2.02e+03  -6.0 4.90e+00   1.5 1.67e-03 3.60e-04h  1
 181  1.1431343e+06 8.61e+01 2.02e+03  -6.0 7.04e+00   1.0 4.97e-04 9.66e-04h  1
 182  1.1431393e+06 8.60e+01 2.02e+03  -6.0 4.91e+00   1.4 4.62e-04 1.39e-04h  1
 183  1.1431503e+06 8.59e+01 2.02e+03  -6.0 4.86e+00   1.9 3.09e-04 2.94e-04h  1
 184  1.1431596e+06 8.57e+01 2.02e+03  -6.0 4.91e+00   1.4 9.01e-04 2.59e-04h  1
 185  1.1431654e+06 8.57e+01 2.01e+03  -6.0 4.86e+00   1.8 4.03e-04 1.56e-04h  1
 186  1.1431821e+06 8.54e+01 2.01e+03  -6.0 4.92e+00   1.3 4.80e-04 4.68e-04h  1
 187  1.1431918e+06 8.53e+01 2.01e+03  -6.0 4.86e+00   1.8 2.82e-04 2.60e-04h  1
 188  1.1432139e+06 8.50e+01 2.01e+03  -6.0 4.93e+00   1.3 8.44e-04 6.23e-04h  1
 189  1.1432300e+06 8.47e+01 2.01e+03  -6.0 4.86e+00   1.7 5.31e-04 4.34e-04h  1
iter    objective    inf_pr   inf_du lg(mu)  ||d||  lg(rg) alpha_du alpha_pr  ls
 190  1.1432514e+06 8.44e+01 2.01e+03  -6.0 4.94e+00   1.2 4.42e-04 5.97e-04h  1
 191  1.1432624e+06 8.43e+01 2.01e+03  -6.0 4.86e+00   1.7 1.51e-04 2.91e-04h  1
 192  1.1432702e+06 8.42e+01 2.01e+03  -6.0 4.95e+00   1.2 6.56e-04 2.19e-04h  1
 193  1.1432786e+06 8.41e+01 2.01e+03  -6.0 4.87e+00   1.6 1.06e-04 2.24e-04h  1
 194  1.1432885e+06 8.39e+01 2.01e+03  -6.0 4.97e+00   1.1 1.49e-03 2.79e-04h  1
 195  1.1432940e+06 8.39e+01 2.01e+03  -6.0 4.87e+00   1.6 3.05e-04 1.47e-04h  1
 196  1.1433136e+06 8.36e+01 2.01e+03  -6.0 4.99e+00   1.1 3.53e-03 5.61e-04h  1
 197  1.1433385e+06 8.32e+01 2.01e+03  -6.0 4.87e+00   1.5 8.00e-04 6.65e-04h  1
 198  1.1433458e+06 8.31e+01 2.00e+03  -6.0 1.09e+01   1.0 9.04e-04 2.11e-04h  1
 199  1.1433620e+06 8.29e+01 2.00e+03  -6.0 4.88e+00   1.5 2.10e-04 4.32e-04h  1
iter    objective    inf_pr   inf_du lg(mu)  ||d||  lg(rg) alpha_du alpha_pr  ls
 200  1.1433685e+06 8.28e+01 2.00e+03  -6.0 4.83e+00   1.9 2.94e-04 1.70e-04h  1
 201  1.1434025e+06 8.24e+01 2.00e+03  -6.0 4.89e+00   1.4 3.38e-03 9.10e-04h  1
 202  1.1434261e+06 8.21e+01 2.00e+03  -6.0 4.83e+00   1.8 3.00e-04 6.14e-04h  1
 203  1.1434623e+06 8.16e+01 2.00e+03  -6.0 4.89e+00   1.3 3.18e-04 9.74e-04h  1
 204  1.1434777e+06 8.14e+01 2.00e+03  -6.0 4.82e+00   1.8 1.67e-04 4.00e-04h  1
 205  1.1434893e+06 8.12e+01 2.00e+03  -6.0 4.90e+00   1.3 2.46e-03 3.15e-04h  1
 206  1.1434935e+06 8.11e+01 2.00e+03  -6.0 4.83e+00   1.7 4.39e-04 1.09e-04h  1
 207  1.1435168e+06 8.08e+01 2.00e+03  -6.0 4.91e+00   1.2 1.46e-03 6.37e-04h  1
 208  1.1435396e+06 8.05e+01 1.99e+03  -6.0 4.83e+00   1.7 3.67e-05 5.97e-04h  1
 209  1.1435577e+06 8.03e+01 1.99e+03  -6.0 4.92e+00   1.2 1.75e-03 5.02e-04h  1
iter    objective    inf_pr   inf_du lg(mu)  ||d||  lg(rg) alpha_du alpha_pr  ls
 210  1.1435689e+06 8.01e+01 1.99e+03  -6.0 4.83e+00   1.6 6.77e-04 2.92e-04h  1
 211  1.1435944e+06 7.98e+01 1.99e+03  -6.0 4.94e+00   1.1 3.29e-03 7.14e-04h  1
 212  1.1436192e+06 7.94e+01 1.99e+03  -6.0 4.83e+00   1.6 5.18e-04 6.52e-04h  1
 213  1.1436440e+06 7.91e+01 1.99e+03  -6.0 5.20e+00   1.1 7.96e-04 7.02e-04h  1
 214  1.1436601e+06 7.89e+01 1.99e+03  -6.0 4.83e+00   1.5 7.84e-04 4.25e-04h  1
 215  1.1436886e+06 7.85e+01 1.99e+03  -6.0 4.98e+01   1.0 2.33e-03 8.13e-04h  1
 216  1.1437112e+06 7.82e+01 1.99e+03  -6.0 4.83e+00   1.5 5.92e-04 5.98e-04h  1
 217  1.1437235e+06 7.80e+01 1.98e+03  -6.0 4.78e+00   1.9 3.87e-04 3.16e-04h  1
 218  1.1437291e+06 7.79e+01 1.98e+03  -6.0 4.84e+00   1.4 4.25e-04 1.48e-04h  1
 219  1.1437417e+06 7.78e+01 1.98e+03  -6.0 4.78e+00   1.8 2.18e-04 3.23e-04h  1
iter    objective    inf_pr   inf_du lg(mu)  ||d||  lg(rg) alpha_du alpha_pr  ls
 220  1.1437719e+06 7.74e+01 1.98e+03  -6.0 4.85e+00   1.4 1.17e-03 8.00e-04h  1
 221  1.1437806e+06 7.73e+01 1.98e+03  -6.0 4.78e+00   1.8 3.84e-04 2.22e-04h  1
 222  1.1438075e+06 7.69e+01 1.98e+03  -6.0 4.86e+00   1.3 8.65e-05 7.17e-04h  1
 223  1.1438234e+06 7.67e+01 1.98e+03  -6.0 4.78e+00   1.7 1.59e-03 4.03e-04h  1
 224  1.1438457e+06 7.64e+01 1.98e+03  -6.0 4.87e+00   1.3 1.93e-04 5.96e-04h  1
 225  1.1438530e+06 7.63e+01 1.98e+03  -6.0 4.78e+00   1.7 1.09e-04 1.83e-04h  1
 226  1.1438653e+06 7.62e+01 1.98e+03  -6.0 4.88e+00   1.2 2.20e-04 3.31e-04h  1
 227  1.1438769e+06 7.60e+01 1.98e+03  -6.0 4.78e+00   1.6 4.64e-04 2.95e-04h  1
 228  1.1438952e+06 7.58e+01 1.98e+03  -6.0 4.90e+00   1.2 8.11e-04 4.96e-04h  1
 229  1.1439149e+06 7.55e+01 1.97e+03  -6.0 4.79e+00   1.6 1.33e-03 5.01e-04h  1
iter    objective    inf_pr   inf_du lg(mu)  ||d||  lg(rg) alpha_du alpha_pr  ls
 230  1.1439451e+06 7.51e+01 1.97e+03  -6.0 4.92e+00   1.1 4.97e-03 7.71e-04h  1
 231  1.1439644e+06 7.49e+01 1.97e+03  -6.0 4.79e+00   1.5 6.62e-04 4.57e-04h  1
 232  1.1440080e+06 7.43e+01 1.97e+03  -6.0 1.03e+01   1.1 2.07e-03 1.13e-03h  1
 233  1.1440398e+06 7.40e+01 1.97e+03  -6.0 4.79e+00   1.5 3.45e-03 7.56e-04h  1
 234  1.1440602e+06 7.37e+01 1.97e+03  -6.0 4.73e+00   1.9 2.08e-05 4.68e-04h  1
 235  1.1440671e+06 7.36e+01 1.97e+03  -6.0 4.80e+00   1.4 4.48e-04 1.64e-04h  1
 236  1.1440769e+06 7.35e+01 1.97e+03  -6.0 4.74e+00   1.9 3.20e-04 2.22e-04h  1
 237  1.1440791e+06 7.35e+01 1.97e+03  -6.0 4.71e+00   2.3 1.51e-04 5.05e-05h  1
 238  1.1441062e+06 7.32e+01 1.97e+03  -6.0 4.74e+00   1.8 2.15e-04 6.22e-04h  1
 239  1.1441134e+06 7.31e+01 1.97e+03  -6.0 4.71e+00   2.2 2.72e-04 1.62e-04h  1
iter    objective    inf_pr   inf_du lg(mu)  ||d||  lg(rg) alpha_du alpha_pr  ls
 240  1.1441311e+06 7.29e+01 1.96e+03  -6.0 4.74e+00   1.8 2.23e-04 4.07e-04h  1
 241  1.1441504e+06 7.27e+01 1.96e+03  -6.0 4.71e+00   2.2 3.08e-04 4.34e-04h  1
 242  1.1441850e+06 7.23e+01 1.96e+03  -6.0 4.74e+00   1.7 5.76e-04 7.96e-04h  1
 243  1.1441975e+06 7.22e+01 1.96e+03  -6.0 4.70e+00   2.1 3.04e-04 2.83e-04h  1
 244  1.1442225e+06 7.19e+01 1.96e+03  -6.0 4.74e+00   1.7 3.66e-04 5.76e-04h  1
 245  1.1442290e+06 7.18e+01 1.96e+03  -6.0 4.70e+00   2.1 6.42e-04 1.46e-04h  1
 246  1.1442453e+06 7.17e+01 1.96e+03  -6.0 4.75e+00   1.6 4.11e-04 3.78e-04h  1
 247  1.1442501e+06 7.16e+01 1.96e+03  -6.0 4.70e+00   2.0 1.17e-04 1.10e-04h  1
 248  1.1442736e+06 7.13e+01 1.96e+03  -6.0 4.76e+00   1.6 9.54e-05 5.46e-04h  1
 249  1.1442756e+06 7.13e+01 1.96e+03  -6.0 4.70e+00   2.0 7.38e-04 4.41e-05h  1
iter    objective    inf_pr   inf_du lg(mu)  ||d||  lg(rg) alpha_du alpha_pr  ls
 250  1.1442927e+06 7.11e+01 1.96e+03  -6.0 4.76e+00   1.5 1.13e-03 4.03e-04h  1
 251  1.1443343e+06 7.07e+01 1.96e+03  -6.0 4.70e+00   1.9 3.33e-04 9.45e-04h  1
 252  1.1443548e+06 7.04e+01 1.95e+03  -6.0 6.16e+00   1.5 2.55e-04 4.78e-04h  1
 253  1.1443646e+06 7.03e+01 1.95e+03  -6.0 4.70e+00   1.9 5.56e-04 2.20e-04h  1
 254  1.1443704e+06 7.03e+01 1.95e+03  -6.0 4.67e+00   2.3 1.38e-04 1.30e-04h  1
 255  1.1443849e+06 7.01e+01 1.95e+03  -6.0 4.70e+00   1.8 1.00e-03 3.25e-04h  1
 256  1.1443965e+06 7.00e+01 1.95e+03  -6.0 4.67e+00   2.3 3.02e-04 2.55e-04h  1
 257  1.1444171e+06 6.98e+01 1.95e+03  -6.0 4.71e+00   1.8 4.70e-04 4.54e-04h  1
 258  1.1444350e+06 6.96e+01 1.95e+03  -6.0 4.67e+00   2.2 2.22e-04 3.88e-04h  1
 259  1.1444394e+06 6.95e+01 1.95e+03  -6.0 4.71e+00   1.7 2.60e-04 9.58e-05h  1
iter    objective    inf_pr   inf_du lg(mu)  ||d||  lg(rg) alpha_du alpha_pr  ls
 260  1.1444484e+06 6.94e+01 1.95e+03  -6.0 4.67e+00   2.1 1.36e-04 1.93e-04h  1
 261  1.1444609e+06 6.94e+01 1.95e+03  -6.0 4.72e+00   1.7 3.83e-04 2.76e-04h  1
 262  1.1444760e+06 6.94e+01 1.95e+03  -6.0 4.67e+00   2.1 5.43e-04 3.26e-04h  1
 263  1.1445192e+06 6.93e+01 1.95e+03  -6.0 4.72e+00   1.6 7.36e-04 9.54e-04h  1
 264  1.1445309e+06 6.93e+01 1.95e+03  -6.0 4.67e+00   2.0 2.47e-04 2.47e-04h  1
 265  1.1445445e+06 6.93e+01 1.95e+03  -6.0 4.73e+00   1.6 3.16e-04 2.96e-04h  1
 266  1.1445631e+06 6.92e+01 1.95e+03  -6.0 4.67e+00   2.0 3.77e-04 3.90e-04h  1
 267  1.1445724e+06 6.92e+01 1.95e+03  -6.0 4.74e+00   1.5 1.00e-03 2.03e-04h  1
 268  1.1445905e+06 6.92e+01 1.94e+03  -6.0 4.67e+00   1.9 4.01e-04 3.79e-04h  1
 269  1.1446480e+06 6.91e+01 1.94e+03  -6.0 4.75e+00   1.5 4.07e-04 1.25e-03h  1
iter    objective    inf_pr   inf_du lg(mu)  ||d||  lg(rg) alpha_du alpha_pr  ls
 270  1.1446583e+06 6.91e+01 1.94e+03  -6.0 4.67e+00   1.9 8.72e-04 2.15e-04h  1
 271  1.1446783e+06 6.91e+01 1.94e+03  -6.0 4.64e+00   2.3 9.82e-05 4.08e-04h  1
 272  1.1446824e+06 6.91e+01 1.94e+03  -6.0 4.67e+00   1.8 4.78e-04 8.25e-05h  1
 273  1.1446955e+06 6.90e+01 1.94e+03  -6.0 4.64e+00   2.3 2.26e-04 2.59e-04h  1
 274  1.1447137e+06 6.90e+01 1.94e+03  -6.0 4.68e+00   1.8 4.80e-04 3.68e-04h  1
 275  1.1447296e+06 6.90e+01 1.94e+03  -6.0 4.64e+00   2.2 2.74e-04 3.14e-04h  1
 276  1.1447419e+06 6.90e+01 1.94e+03  -6.0 4.68e+00   1.7 4.56e-04 2.49e-04h  1
 277  1.1447521e+06 6.90e+01 1.94e+03  -6.0 4.64e+00   2.2 4.43e-04 2.00e-04h  1
 278  1.1447809e+06 6.89e+01 1.94e+03  -6.0 4.69e+00   1.7 3.71e-04 5.82e-04h  1
 279  1.1447908e+06 6.89e+01 1.94e+03  -6.0 4.64e+00   2.1 4.96e-04 1.93e-04h  1
iter    objective    inf_pr   inf_du lg(mu)  ||d||  lg(rg) alpha_du alpha_pr  ls
 280  1.1448051e+06 6.89e+01 1.94e+03  -6.0 4.70e+00   1.6 4.21e-04 2.88e-04h  1
 281  1.1448170e+06 6.89e+01 1.94e+03  -6.0 4.64e+00   2.1 4.15e-04 2.33e-04h  1
 282  1.1448207e+06 6.89e+01 1.94e+03  -6.0 4.70e+00   1.6 2.22e-04 7.41e-05h  1
 283  1.1448354e+06 6.89e+01 1.93e+03  -6.0 4.64e+00   2.0 2.21e-04 2.96e-04h  1
 284  1.1448456e+06 6.88e+01 1.93e+03  -6.0 4.71e+00   1.5 2.36e-04 2.15e-04h  1
 285  1.1448565e+06 6.88e+01 1.93e+03  -6.0 4.64e+00   2.0 2.84e-04 2.19e-04h  1
 286  1.1448627e+06 6.88e+01 1.93e+03  -6.0 4.73e+00   1.5 2.76e-04 1.32e-04h  1
 287  1.1448774e+06 6.88e+01 1.93e+03  -6.0 4.65e+00   1.9 4.44e-04 2.97e-04h  1
 288  1.1448884e+06 6.88e+01 1.93e+03  -6.0 4.62e+00   2.3 3.31e-04 2.19e-04h  1
 289  1.1449290e+06 6.87e+01 1.93e+03  -6.0 4.65e+00   1.9 1.83e-04 8.24e-04h  1
iter    objective    inf_pr   inf_du lg(mu)  ||d||  lg(rg) alpha_du alpha_pr  ls
 290  1.1449436e+06 6.87e+01 1.93e+03  -6.0 4.61e+00   2.3 1.90e-04 2.89e-04h  1
 291  1.1449533e+06 6.87e+01 1.93e+03  -6.0 4.65e+00   1.8 9.12e-04 1.97e-04h  1
 292  1.1449696e+06 6.87e+01 1.93e+03  -6.0 4.61e+00   2.2 7.06e-05 3.25e-04h  1
 293  1.1450304e+06 6.86e+01 1.93e+03  -6.0 4.66e+00   1.8 5.75e-04 1.24e-03h  1
 294  1.1450523e+06 6.86e+01 1.93e+03  -6.0 4.61e+00   2.2 2.99e-04 4.35e-04h  1
 295  1.1450559e+06 6.85e+01 1.93e+03  -6.0 4.66e+00   1.7 3.05e-04 7.39e-05h  1
 296  1.1450651e+06 6.85e+01 1.93e+03  -6.0 4.61e+00   2.1 3.11e-04 1.83e-04h  1
 297  1.1451095e+06 6.85e+01 1.92e+03  -6.0 4.67e+00   1.7 1.94e-04 9.10e-04h  1
 298  1.1451123e+06 6.85e+01 1.92e+03  -6.0 4.61e+00   2.1 2.99e-04 5.59e-05h  1
 299  1.1451279e+06 6.84e+01 1.92e+03  -6.0 4.68e+00   1.6 7.22e-04 3.19e-04h  1
iter    objective    inf_pr   inf_du lg(mu)  ||d||  lg(rg) alpha_du alpha_pr  ls
 300  1.1451528e+06 6.84e+01 1.92e+03  -6.0 4.61e+00   2.0 1.68e-04 4.91e-04h  1

Number of Iterations....: 300

                                   (scaled)                 (unscaled)
Objective...............:   1.3748466777149271e+04    1.1451527986733324e+06
Dual infeasibility......:   1.9221438971690097e+03    1.6010137704623112e+05
Constraint violation....:   7.2096788706940442e+00    6.8414056226675072e+01
Variable bound violation:   1.0365653224653215e-07    1.0365653224653215e-07
Complementarity.........:   1.5754665449536463e+02    1.3122553608439253e+04
Overall NLP error.......:   1.9221438971690097e+03    1.6010137704623112e+05


Number of objective function evaluations             = 301
Number of objective gradient evaluations             = 301
Number of equality constraint evaluations            = 301
Number of inequality constraint evaluations          = 302
Number of equality constraint Jacobian evaluations   = 301
Number of inequality constraint Jacobian evaluations = 301
Number of Lagrangian Hessian evaluations             = 300
Total seconds in IPOPT                               = 276.513

EXIT: Maximum Number of Iterations Exceeded.

