Solver command line: ['/opt/homebrew/bin/ipopt', '/var/folders/6y/bvynbx6n3zv7z3lwg6vd724r0000gn/T/tmp5gwsoqk3.pyomo.nl', '-AMPL', 'tol=1e-06', 'max_iter=300', 'print_level=5', 'warm_start_init_point=yes', 'warm_start_bound_push=1e-06', 'warm_start_bound_frac=1e-06', 'warm_start_mult_bound_push=1e-06', 'mu_init=1e-06', 'least_square_init_duals=no']

Ipopt 3.14.19: tol=1e-06
max_iter=300
print_level=5
warm_start_init_point=yes
warm_start_bound_push=1e-06
warm_start_bound_frac=1e-06
warm_start_mult_bound_push=1e-06
mu_init=1e-06
least_square_init_duals=no


******************************************************************************
This program contains Ipopt, a library for large-scale nonlinear optimization.
 Ipopt is released as open source code under the Eclipse Public License (EPL).
         For more information visit https://github.com/coin-or/Ipopt
******************************************************************************

This is Ipopt version 3.14.19, running with linear solver MUMPS 5.6.2.

Number of nonzeros in equality constraint Jacobian...:   408340
Number of nonzeros in inequality constraint Jacobian.:   283144
Number of nonzeros in Lagrangian Hessian.............:   231304

Total number of variables............................:    66475
                     variables with only lower bounds:        0
                variables with lower and upper bounds:    66475
                     variables with only upper bounds:        0
Total number of equality constraints.................:    60001
Total number of inequality constraints...............:    70786
        inequality constraints with only lower bounds:        0
   inequality constraints with lower and upper bounds:        0
        inequality constraints with only upper bounds:    70786

iter    objective    inf_pr   inf_du lg(mu)  ||d||  lg(rg) alpha_du alpha_pr  ls
   0  1.1423329e+06 2.63e-04 2.19e+02  -6.0 0.00e+00    -  0.00e+00 0.00e+00   0
   1  1.1423327e+06 2.63e-04 2.18e+02  -6.0 2.77e-01    -  2.91e-03 6.87e-05h  1
   2  1.1423327e+06 2.63e-04 1.55e+02  -6.0 4.04e-02    -  2.92e-01 6.89e-06h  1
   3  1.1423326e+06 2.36e-04 1.38e+02  -6.0 4.04e-02    -  1.08e-01 1.00e-01f  1
   4  1.1423323e+06 1.56e-04 2.20e+01  -6.0 3.63e-02    -  8.41e-01 3.38e-01h  1
   5  1.1423321e+06 3.41e-05 2.05e+00  -6.0 2.40e-02    -  9.07e-01 7.82e-01h  1
   6  1.1423321e+06 8.45e-05 1.95e-01  -6.0 5.35e-02    -  9.05e-01 1.00e+00h  1
   7  1.1423321e+06 1.29e-03 2.12e-02  -6.0 2.94e-01    -  9.79e-01 1.00e+00h  1
   8  1.1423321e+06 3.33e-04 8.12e-02  -6.0 3.36e-01    -  1.00e+00 7.60e-01h  1
   9  1.1423321e+06 3.65e-04 2.10e-06  -6.0 3.86e-01    -  1.00e+00 1.00e+00f  1
iter    objective    inf_pr   inf_du lg(mu)  ||d||  lg(rg) alpha_du alpha_pr  ls
  10  1.1423321e+06 8.27e-07 1.95e-09  -6.0 1.87e-02    -  1.00e+00 1.00e+00h  1
  11  1.1423319e+06 7.92e-05 6.68e-02  -7.0 3.73e-01    -  6.28e-01 4.80e-01h  1
  12  1.1423316e+06 4.23e-04 1.48e-01  -7.0 4.20e-01    -  4.18e-01 9.87e-01h  1
  13  1.1423316e+06 8.96e-04 1.88e-05  -7.0 3.17e-01    -  1.00e+00 1.00e+00h  1
  14  1.1423316e+06 1.12e-05 1.40e-07  -7.0 6.89e-02    -  1.00e+00 1.00e+00h  1
  15  1.1423316e+06 1.13e-04 1.46e-08  -7.0 1.05e-01    -  1.00e+00 1.00e+00h  1
  16  1.1423316e+06 1.38e-07 2.84e-10  -7.0 3.69e-03    -  1.00e+00 1.00e+00h  1

Number of Iterations....: 16

                                   (scaled)                 (unscaled)
Objective...............:   1.3714596213414796e+04    1.1423316134836031e+06
Dual infeasibility......:   2.8361355666706530e-10    2.3623060187248784e-08
Constraint violation....:   1.3765222051098647e-07    1.3765222051098647e-07
Variable bound violation:   1.2673905658289186e-07    1.2673905658289186e-07
Complementarity.........:   9.1063560494979670e-08    7.5849687713037457e-06
Overall NLP error.......:   1.3765222051098647e-07    7.5849687713037457e-06


Number of objective function evaluations             = 17
Number of objective gradient evaluations             = 17
Number of equality constraint evaluations            = 17
Number of inequality constraint evaluations          = 18
Number of equality constraint Jacobian evaluations   = 17
Number of inequality constraint Jacobian evaluations = 17
Number of Lagrangian Hessian evaluations             = 16
Total seconds in IPOPT                               = 20.465

EXIT: Optimal Solution Found.

