Solver command line: ['/opt/homebrew/bin/ipopt', '/var/folders/6y/bvynbx6n3zv7z3lwg6vd724r0000gn/T/tmp2yc53kds.pyomo.nl', '-AMPL', 'tol=1e-06', 'max_iter=300', 'print_level=5', 'warm_start_init_point=yes', 'warm_start_bound_push=1e-06', 'warm_start_bound_frac=1e-06', 'warm_start_mult_bound_push=1e-06', 'mu_init=1e-06', 'least_square_init_duals=no']

Ipopt 3.14.19: tol=1e-06
max_iter=300
print_level=5
warm_start_init_point=yes
warm_start_bound_push=1e-06
warm_start_bound_frac=1e-06
warm_start_mult_bound_push=1e-06
mu_init=1e-06
least_square_init_duals=no


******************************************************************************
This program contains Ipopt, a library for large-scale nonlinear optimization.
 Ipopt is released as open source code under the Eclipse Public License (EPL).
         For more information visit https://github.com/coin-or/Ipopt
******************************************************************************

This is Ipopt version 3.14.19, running with linear solver MUMPS 5.6.2.

Number of nonzeros in equality constraint Jacobian...:   408340
Number of nonzeros in inequality constraint Jacobian.:   283144
Number of nonzeros in Lagrangian Hessian.............:   231304

Total number of variables............................:    66475
                     variables with only lower bounds:        0
                variables with lower and upper bounds:    66475
                     variables with only upper bounds:        0
Total number of equality constraints.................:    60001
Total number of inequality constraints...............:    70786
        inequality constraints with only lower bounds:        0
   inequality constraints with lower and upper bounds:        0
        inequality constraints with only upper bounds:    70786

iter    objective    inf_pr   inf_du lg(mu)  ||d||  lg(rg) alpha_du alpha_pr  ls
   0  2.3409309e+06 1.40e+01 1.65e+04  -6.0 0.00e+00    -  0.00e+00 0.00e+00   0
   1  2.3407999e+06 1.40e+01 1.65e+04  -6.0 9.55e+01  -2.0 8.92e-05 9.68e-05f  1
   2  2.3404784e+06 1.40e+01 1.65e+04  -6.0 1.81e+02  -2.5 1.94e-04 2.36e-04f  1
   3  2.3404168e+06 1.40e+01 1.65e+04  -6.0 3.45e+02  -3.0 8.48e-05 4.59e-05f  1
   4  2.3397522e+06 1.40e+01 1.65e+04  -6.0 1.48e+02  -2.5 9.30e-07 4.79e-04f  1
   5  2.3396894e+06 1.40e+01 1.65e+04  -6.0 1.73e+02  -3.0 4.08e-04 4.53e-05f  1
   6  2.3391104e+06 1.40e+01 1.65e+04  -6.0 1.74e+02  -2.6 1.10e-04 4.18e-04f  1
   7  2.3389501e+06 1.40e+01 1.65e+04  -6.0 1.74e+02  -3.1 2.73e-04 1.15e-04f  1
   8  2.3387444e+06 1.40e+01 1.65e+04  -6.0 1.74e+02  -2.6 1.18e-04 1.48e-04f  1
   9  2.3382030e+06 1.40e+01 1.65e+04  -6.0 1.73e+02  -3.1 2.61e-04 3.89e-04f  1
iter    objective    inf_pr   inf_du lg(mu)  ||d||  lg(rg) alpha_du alpha_pr  ls
  10  2.3380310e+06 1.40e+01 1.65e+04  -6.0 1.70e+02  -2.7 9.19e-05 1.24e-04f  1
  11  2.3376870e+06 1.39e+01 1.65e+04  -6.0 1.71e+02  -3.2 2.43e-05 2.43e-04f  1
  12  2.3376207e+06 1.39e+01 1.65e+04  -6.0 1.87e+02  -2.7 1.89e-04 4.79e-05f  1
  13  2.3371573e+06 1.39e+01 1.65e+04  -6.0 6.42e+01  -3.2 1.15e-05 3.13e-04f  1
In iteration 13, 1 Slack too small, adjusting variable bound
  14  2.3371567e+06 1.39e+01 1.65e+04  -6.0 2.93e+02  -2.8 3.38e-05 4.31e-07h  1
  15  2.3369666e+06 1.39e+01 1.65e+04  -6.0 3.22e+02  -3.3 4.66e-05 1.42e-04f  1
  16  2.3368573e+06 1.39e+01 1.65e+04  -6.0 2.93e+02  -2.8 2.95e-04 8.14e-05f  1
  17  2.3366114e+06 1.39e+01 1.65e+04  -6.0 3.22e+02  -3.3 6.07e-06 1.75e-04f  1
  18  2.3365972e+06 1.39e+01 1.65e+04  -6.0 2.09e+02  -2.9 1.13e-04 1.01e-05f  1
  19  2.3362712e+06 1.39e+01 1.65e+04  -6.0 1.48e+02  -3.4 3.53e-05 2.34e-04f  1
iter    objective    inf_pr   inf_du lg(mu)  ||d||  lg(rg) alpha_du alpha_pr  ls
  20  2.3355447e+06 1.39e+01 1.64e+04  -6.0 1.52e+02  -2.9 1.17e-04 5.24e-04f  1
  21  2.3354557e+06 1.39e+01 1.64e+04  -6.0 1.52e+02  -2.5 8.61e-06 6.45e-05f  1
  22  2.3349618e+06 1.39e+01 1.64e+04  -6.0 1.64e+02  -3.0 2.89e-04 3.56e-04f  1
  23  2.3349614e+06 1.39e+01 1.64e+04  -6.0 1.57e+02  -2.6 1.71e-04 2.62e-07h  1
  24  2.3348803e+06 1.39e+01 1.64e+04  -6.0 1.80e+02  -3.0 2.23e-05 5.85e-05f  1
  25  2.3345560e+06 1.39e+01 1.64e+04  -6.0 1.91e+02  -2.6 5.47e-05 2.35e-04f  1
  26  2.3344203e+06 1.39e+01 1.64e+04  -6.0 2.56e+02  -3.1 3.66e-05 9.67e-05f  1
  27  2.3344141e+06 1.39e+01 1.64e+04  -6.0 1.54e+02  -2.7 8.64e-06 4.54e-06f  1
  28  2.3342853e+06 1.39e+01 1.64e+04  -6.0 3.55e+02  -3.1 2.38e-04 9.02e-05f  1
  29  2.3341437e+06 1.39e+01 1.64e+04  -6.0 2.75e+02  -1.8 2.02e-04 9.20e-05f  1
iter    objective    inf_pr   inf_du lg(mu)  ||d||  lg(rg) alpha_du alpha_pr  ls
  30  2.3341333e+06 1.39e+01 1.64e+04  -6.0 6.65e+02  -2.3 2.48e-05 4.63e-06f  1
  31  2.3333367e+06 1.39e+01 1.64e+04  -6.0 2.84e+02  -1.9 3.72e-07 5.10e-04f  1
  32  2.3332938e+06 1.39e+01 1.64e+04  -6.0 7.35e+02  -2.3 2.54e-08 1.80e-05f  1
  33  2.3332584e+06 1.39e+01 1.64e+04  -6.0 2.72e+02  -1.9 1.29e-04 2.27e-05f  1
  34  2.3332303e+06 1.39e+01 1.64e+04  -6.0 6.31e+02  -2.4 4.07e-08 1.28e-05f  1
  35  2.3332270e+06 1.39e+01 1.64e+04  -6.0 3.07e+02  -2.0 1.29e-04 2.01e-06f  1
  36  2.3331807e+06 1.39e+01 1.64e+04  -6.0 7.14e+02  -2.4 3.33e-07 1.99e-05f  1
  37  2.3331795e+06 1.39e+01 1.64e+04  -6.0 3.25e+02  -2.0 2.02e-04 7.04e-07f  1
  38  2.3331639e+06 1.39e+01 1.64e+04  -6.0 7.98e+02  -2.5 2.98e-06 6.35e-06f  1
  39  2.3330906e+06 1.39e+01 1.64e+04  -6.0 1.63e+03  -3.0 9.74e-06 2.84e-05f  1
iter    objective    inf_pr   inf_du lg(mu)  ||d||  lg(rg) alpha_du alpha_pr  ls
  40  2.3330812e+06 1.39e+01 1.64e+04  -6.0 2.70e+02  -2.5 1.30e-04 5.36e-06f  1
  41  2.3330044e+06 1.39e+01 1.64e+04  -6.0 1.84e+02  -2.1 8.27e-05 5.06e-05f  1
  42  2.3329451e+06 1.39e+01 1.64e+04  -6.0 3.72e+02  -2.6 1.24e-04 3.33e-05f  1
  43  2.3328499e+06 1.39e+01 1.64e+04  -6.0 1.81e+02  -2.2 3.08e-05 6.25e-05f  1
  44  2.3328227e+06 1.39e+01 1.64e+04  -6.0 4.13e+02  -2.6 1.30e-05 1.53e-05f  1
  45  2.3327754e+06 1.39e+01 1.64e+04  -6.0 1.83e+02  -2.2 2.90e-05 3.07e-05f  1
  46  2.3327427e+06 1.39e+01 1.64e+04  -6.0 4.94e+02  -2.7 3.82e-05 1.78e-05f  1
  47  2.3325962e+06 1.39e+01 1.64e+04  -6.0 1.83e+02  -2.3 2.64e-04 9.53e-05f  1
  48  2.3324613e+06 1.39e+01 1.64e+04  -6.0 3.52e+02  -2.8 4.56e-07 7.86e-05f  1
  49  2.3324585e+06 1.39e+01 1.64e+04  -6.0 1.83e+02  -2.3 9.90e-05 1.79e-06f  1
iter    objective    inf_pr   inf_du lg(mu)  ||d||  lg(rg) alpha_du alpha_pr  ls
  50  2.3324541e+06 1.39e+01 1.64e+04  -6.0 3.05e+02  -2.8 7.23e-07 2.46e-06f  1
  51  2.3321686e+06 1.39e+01 1.64e+04  -6.0 1.79e+02  -2.4 5.76e-04 1.81e-04f  1
  52  2.3320560e+06 1.39e+01 1.64e+04  -6.0 1.94e+02  -2.9 2.36e-05 6.80e-05f  1
  53  2.3319045e+06 1.39e+01 1.64e+04  -6.0 1.79e+02  -2.4 2.26e-04 9.59e-05f  1
  54  2.3318748e+06 1.39e+01 1.64e+04  -6.0 2.79e+02  -2.9 8.31e-05 1.70e-05f  1
  55  2.3317715e+06 1.39e+01 1.64e+04  -6.0 1.66e+02  -2.5 7.64e-05 6.72e-05f  1
  56  2.3315974e+06 1.39e+01 1.64e+04  -6.0 1.53e+02  -2.1 6.36e-04 1.20e-04f  1
  57  2.3313504e+06 1.39e+01 1.64e+04  -6.0 1.58e+02  -2.5 5.81e-05 1.64e-04f  1
  58  2.3307188e+06 1.39e+01 1.64e+04  -6.0 1.49e+02  -2.1 3.68e-05 4.39e-04f  1
  59  2.3305147e+06 1.39e+01 1.64e+04  -6.0 1.54e+02  -2.6 4.27e-04 1.36e-04f  1
iter    objective    inf_pr   inf_du lg(mu)  ||d||  lg(rg) alpha_du alpha_pr  ls
  60  2.3302706e+06 1.39e+01 1.64e+04  -6.0 1.47e+02  -2.2 3.16e-04 1.69e-04f  1
  61  2.3300587e+06 1.39e+01 1.64e+04  -6.0 1.53e+02  -2.6 3.79e-04 1.41e-04f  1
  62  2.3299933e+06 1.39e+01 1.64e+04  -6.0 1.46e+02  -2.2 7.89e-05 4.52e-05f  1
  63  2.3296988e+06 1.39e+01 1.64e+04  -6.0 1.57e+02  -2.7 2.90e-05 1.89e-04f  1
  64  2.3295256e+06 1.39e+01 1.64e+04  -6.0 1.46e+02  -2.3 9.18e-05 1.19e-04f  1
  65  2.3293598e+06 1.39e+01 1.64e+04  -6.0 1.59e+02  -2.7 5.29e-05 1.09e-04f  1
  66  2.3285501e+06 1.39e+01 1.64e+04  -6.0 1.47e+02  -2.3 1.58e-04 5.55e-04f  1
  67  2.3284248e+06 1.39e+01 1.64e+04  -6.0 1.66e+02  -1.9 5.63e-04 8.58e-05f  1
  68  2.3283387e+06 1.39e+01 1.64e+04  -6.0 1.94e+02  -2.4 9.96e-05 5.57e-05f  1
  69  2.3276976e+06 1.39e+01 1.64e+04  -6.0 1.70e+02  -1.9 1.69e-04 4.37e-04f  1
In iteration 69, 1 Slack too small, adjusting variable bound
iter    objective    inf_pr   inf_du lg(mu)  ||d||  lg(rg) alpha_du alpha_pr  ls
  70  2.3276975e+06 1.39e+01 1.64e+04  -6.0 2.05e+02  -2.4 1.48e-05 3.25e-08h  1
  71  2.3273516e+06 1.39e+01 1.64e+04  -6.0 1.72e+02  -2.0 6.38e-04 2.35e-04f  1
  72  2.3266020e+06 1.38e+01 1.64e+04  -6.0 1.98e+02  -2.5 2.47e-04 4.84e-04f  1
  73  2.3264835e+06 1.38e+01 1.63e+04  -6.0 1.74e+02  -2.0 5.44e-05 8.05e-05f  1
  74  2.3263788e+06 1.38e+01 1.63e+04  -6.0 1.53e+02  -1.6 3.88e-05 7.51e-05f  1
  75  2.3263501e+06 1.38e+01 1.63e+04  -6.0 1.78e+02  -2.1 2.41e-04 1.93e-05f  1
  76  2.3259432e+06 1.38e+01 1.63e+04  -6.0 1.56e+02  -1.7 2.54e-05 2.89e-04f  1
  77  2.3252124e+06 1.38e+01 1.63e+04  -6.0 3.68e+02  -2.1 6.75e-04 4.89e-04f  1
  78  2.3246940e+06 1.38e+01 1.63e+04  -6.0 1.59e+02  -1.7 4.04e-04 3.65e-04f  1
  79  2.3245387e+06 1.38e+01 1.63e+04  -6.0 1.40e+02  -1.3 2.80e-05 1.15e-04f  1
iter    objective    inf_pr   inf_du lg(mu)  ||d||  lg(rg) alpha_du alpha_pr  ls
  80  2.3240967e+06 1.38e+01 1.63e+04  -6.0 1.62e+02  -1.8 1.68e-04 3.10e-04f  1
  81  2.3239267e+06 1.38e+01 1.63e+04  -6.0 1.42e+02  -1.3 2.34e-04 1.26e-04f  1
  82  2.3224124e+06 1.38e+01 1.63e+04  -6.0 1.63e+02  -1.8 1.65e-04 1.06e-03f  1
  83  2.3213793e+06 1.38e+01 1.63e+04  -6.0 1.44e+02  -1.4 2.16e-04 7.62e-04f  1
  84  2.3209671e+06 1.38e+01 1.63e+04  -6.0 1.17e+02  -1.0 8.55e-05 3.23e-04f  1
  85  2.3208235e+06 1.38e+01 1.63e+04  -6.0 1.41e+02  -1.4 3.29e-05 1.06e-04f  1
  86  2.3208102e+06 1.38e+01 1.63e+04  -6.0 1.20e+02  -1.0 2.96e-04 1.04e-05f  1
  87  2.3208028e+06 1.38e+01 1.63e+04  -6.0 1.44e+02  -1.5 4.73e-05 5.39e-06f  1
  88  2.3206953e+06 1.38e+01 1.63e+04  -6.0 1.13e+02  -1.1 1.44e-06 8.27e-05f  1
  89  2.3206153e+06 1.38e+01 1.63e+04  -6.0 9.46e+01  -1.5 1.06e-04 5.75e-05f  1
iter    objective    inf_pr   inf_du lg(mu)  ||d||  lg(rg) alpha_du alpha_pr  ls
  90  2.3198791e+06 1.38e+01 1.63e+04  -6.0 3.17e+01  -1.1 5.63e-05 5.58e-04f  1
  91  2.3197249e+06 1.38e+01 1.63e+04  -6.0 4.42e+01  -1.6 4.30e-04 1.10e-04f  1
  92  2.3194972e+06 1.38e+01 1.63e+04  -6.0 3.38e+01  -1.2 2.34e-04 1.71e-04f  1
  93  2.3190476e+06 1.38e+01 1.63e+04  -6.0 4.58e+01  -1.6 1.68e-04 3.20e-04f  1
  94  2.3189041e+06 1.38e+01 1.63e+04  -6.0 3.50e+01  -1.2 5.53e-05 1.08e-04f  1
  95  2.3186614e+06 1.38e+01 1.63e+04  -6.0 1.01e+02  -1.7 1.68e-04 1.72e-04f  1
  96  2.3184270e+06 1.38e+01 1.63e+04  -6.0 3.67e+01  -1.3 7.18e-05 1.75e-04f  1
  97  2.3182622e+06 1.38e+01 1.63e+04  -6.0 5.03e+01  -1.7 3.92e-04 1.16e-04f  1
  98  2.3172781e+06 1.38e+01 1.62e+04  -6.0 3.84e+01  -1.3 4.33e-04 7.32e-04f  1
  99  2.3169944e+06 1.37e+01 1.62e+04  -6.0 2.83e+01  -0.9 1.68e-04 2.23e-04f  1
iter    objective    inf_pr   inf_du lg(mu)  ||d||  lg(rg) alpha_du alpha_pr  ls
 100  2.3167208e+06 1.37e+01 1.62e+04  -6.0 4.08e+01  -1.4 5.05e-04 2.03e-04f  1
 101  2.3164295e+06 1.37e+01 1.62e+04  -6.0 2.98e+01  -0.9 2.72e-04 2.28e-04f  1
 102  2.3162525e+06 1.37e+01 1.62e+04  -6.0 4.28e+01  -1.4 2.31e-04 1.30e-04f  1
 103  2.3160678e+06 1.37e+01 1.62e+04  -6.0 3.12e+01  -1.0 1.36e-04 1.44e-04f  1
 104  2.3148169e+06 1.37e+01 1.62e+04  -6.0 4.45e+01  -1.5 3.09e-04 9.17e-04f  1
 105  2.3144119e+06 1.37e+01 1.62e+04  -6.0 3.37e+01  -1.0 3.10e-04 3.14e-04f  1
 106  2.3135529e+06 1.37e+01 1.62e+04  -6.0 4.84e+01  -1.5 2.42e-04 6.27e-04f  1
 107  2.3134328e+06 1.37e+01 1.62e+04  -6.0 3.63e+01  -1.1 1.36e-04 9.26e-05f  1
 108  2.3133125e+06 1.37e+01 1.62e+04  -6.0 5.04e+01  -1.6 4.28e-04 8.76e-05f  1
 109  2.3124908e+06 1.37e+01 1.62e+04  -6.0 3.75e+01  -1.1 9.68e-05 6.30e-04f  1
iter    objective    inf_pr   inf_du lg(mu)  ||d||  lg(rg) alpha_du alpha_pr  ls
 110  2.3121606e+06 1.37e+01 1.62e+04  -6.0 5.16e+01  -1.6 3.24e-04 2.40e-04f  1
 111  2.3110514e+06 1.37e+01 1.62e+04  -6.0 3.88e+01  -1.2 4.59e-04 8.49e-04f  1
 112  2.3097186e+06 1.37e+01 1.61e+04  -6.0 5.41e+01  -1.7 4.84e-04 9.65e-04f  1
 113  2.3095567e+06 1.37e+01 1.61e+04  -6.0 4.16e+01  -1.3 3.33e-04 1.24e-04f  1
 114  2.3095021e+06 1.37e+01 1.61e+04  -6.0 2.96e+01  -0.8 5.66e-05 4.39e-05f  1
 115  2.3093276e+06 1.37e+01 1.61e+04  -6.0 4.56e+01  -1.3 1.44e-05 1.32e-04f  1
In iteration 115, 1 Slack too small, adjusting variable bound
 116  2.3093276e+06 1.37e+01 1.61e+04  -6.0 9.02e+01  -0.9 1.09e-04 5.10e-09h  1
 117  2.3085264e+06 1.37e+01 1.61e+04  -6.0 4.77e+01  -1.4 4.10e-07 6.01e-04f  1
 118  2.3084488e+06 1.37e+01 1.61e+04  -6.0 3.22e+01  -0.9 5.25e-04 6.18e-05f  1
 119  2.3077073e+06 1.37e+01 1.61e+04  -6.0 5.03e+01  -1.4 2.80e-04 5.54e-04f  1
iter    objective    inf_pr   inf_du lg(mu)  ||d||  lg(rg) alpha_du alpha_pr  ls
 120  2.3077073e+06 1.37e+01 1.61e+04  -6.0 7.06e+01  -1.0 1.30e-04 2.07e-08h  1
 121  2.3074832e+06 1.37e+01 1.61e+04  -6.0 8.33e+01  -1.5 7.30e-04 1.73e-04f  1
 122  2.3064362e+06 1.36e+01 1.61e+04  -6.0 7.39e+01  -1.0 7.35e-05 8.57e-04f  1
 123  2.3061762e+06 1.36e+01 1.61e+04  -6.0 8.38e+01  -1.5 6.58e-04 2.00e-04f  1
 124  2.3058984e+06 1.36e+01 1.61e+04  -6.0 7.45e+01  -1.1 2.35e-04 2.26e-04f  1
 125  2.3051985e+06 1.36e+01 1.61e+04  -6.0 1.57e+02  -1.6 1.55e-04 5.33e-04f  1
 126  2.3050931e+06 1.36e+01 1.61e+04  -6.0 7.28e+01  -1.1 2.93e-04 8.53e-05f  1
 127  2.3050112e+06 1.36e+01 1.61e+04  -6.0 6.01e+01  -0.7 1.26e-05 6.98e-05f  1
 128  2.3048776e+06 1.36e+01 1.61e+04  -6.0 7.37e+01  -1.2 6.37e-05 1.07e-04f  1
 129  2.3048567e+06 1.36e+01 1.61e+04  -6.0 6.36e+01  -0.8 1.06e-04 1.77e-05f  1
iter    objective    inf_pr   inf_du lg(mu)  ||d||  lg(rg) alpha_du alpha_pr  ls
 130  2.3046393e+06 1.36e+01 1.61e+04  -6.0 7.26e+01  -1.2 4.51e-06 1.72e-04f  1
 131  2.3044675e+06 1.36e+01 1.61e+04  -6.0 6.01e+01  -0.8 1.17e-04 1.44e-04f  1
 132  2.3042359e+06 1.36e+01 1.61e+04  -6.0 4.29e+01  -1.3 1.11e-05 1.80e-04f  1
 133  2.3024545e+06 1.36e+01 1.61e+04  -6.0 2.96e+01  -0.9 3.76e-04 1.45e-03f  1
 134  2.3016222e+06 1.36e+01 1.60e+04  -6.0 4.44e+01  -1.3 3.27e-04 6.39e-04f  1
 135  2.3015247e+06 1.36e+01 1.60e+04  -6.0 3.23e+01  -0.9 5.26e-04 7.88e-05f  1
 136  2.3008364e+06 1.36e+01 1.60e+04  -6.0 4.91e+01  -1.4 4.30e-05 5.22e-04f  1
 137  2.3007440e+06 1.36e+01 1.60e+04  -6.0 3.41e+01  -1.0 5.79e-04 7.43e-05f  1
 138  2.2999254e+06 1.36e+01 1.60e+04  -6.0 5.16e+01  -1.4 1.42e-04 6.16e-04f  1
 139  2.2998524e+06 1.36e+01 1.60e+04  -6.0 3.62e+01  -1.0 3.61e-04 5.85e-05f  1
iter    objective    inf_pr   inf_du lg(mu)  ||d||  lg(rg) alpha_du alpha_pr  ls
 140  2.2995289e+06 1.36e+01 1.60e+04  -6.0 7.70e+01  -1.5 1.88e-04 2.41e-04f  1
 141  2.2993532e+06 1.36e+01 1.60e+04  -6.0 3.81e+01  -1.1 1.13e-04 1.40e-04f  1
 142  2.2991519e+06 1.36e+01 1.60e+04  -6.0 2.89e+01  -0.6 2.48e-05 1.69e-04f  1
 143  2.2988725e+06 1.36e+01 1.60e+04  -6.0 3.97e+01  -1.1 1.18e-03 2.21e-04f  1
 144  2.2984210e+06 1.36e+01 1.60e+04  -6.0 2.88e+01  -0.7 1.35e-04 3.77e-04f  1
 145  2.2978383e+06 1.35e+01 1.60e+04  -6.0 4.26e+01  -1.2 9.96e-04 4.58e-04f  1
 146  2.2971988e+06 1.35e+01 1.60e+04  -6.0 2.87e+01  -0.7 4.19e-04 5.33e-04f  1
 147  2.2966377e+06 1.35e+01 1.60e+04  -6.0 4.38e+01  -1.2 5.03e-04 4.40e-04f  1
 148  2.2960842e+06 1.35e+01 1.60e+04  -6.0 2.85e+01  -0.8 8.18e-05 4.59e-04f  1
 149  2.2960750e+06 1.35e+01 1.60e+04  -6.0 4.57e+01  -1.3 5.46e-04 7.16e-06f  1
iter    objective    inf_pr   inf_du lg(mu)  ||d||  lg(rg) alpha_du alpha_pr  ls
 150  2.2960106e+06 1.35e+01 1.60e+04  -6.0 3.08e+01  -0.8 1.92e-05 5.40e-05f  1
 151  2.2959276e+06 1.35e+01 1.60e+04  -6.0 4.21e+01  -1.3 6.99e-05 6.53e-05f  1
 152  2.2957446e+06 1.35e+01 1.60e+04  -6.0 3.09e+01  -0.9 1.70e-04 1.52e-04f  1
 153  2.2949532e+06 1.35e+01 1.60e+04  -6.0 6.41e+01  -1.4 5.25e-06 6.04e-04f  1
 154  2.2942242e+06 1.35e+01 1.60e+04  -6.0 3.35e+01  -0.9 1.00e-04 5.96e-04f  1
 155  2.2941729e+06 1.35e+01 1.60e+04  -6.0 3.10e+01  -0.5 1.72e-04 4.43e-05f  1
 156  2.2936864e+06 1.35e+01 1.59e+04  -6.0 3.53e+01  -1.0 3.90e-04 3.96e-04f  1
 157  2.2934785e+06 1.35e+01 1.59e+04  -6.0 3.17e+01  -0.6 6.14e-05 1.78e-04f  1
 158  2.2934460e+06 1.35e+01 1.59e+04  -6.0 7.69e+01  -1.0 1.49e-04 2.61e-05f  1
 159  2.2920195e+06 1.35e+01 1.59e+04  -6.0 3.19e+01  -0.6 2.15e-04 1.22e-03f  1
iter    objective    inf_pr   inf_du lg(mu)  ||d||  lg(rg) alpha_du alpha_pr  ls
 160  2.2920083e+06 1.35e+01 1.59e+04  -6.0 3.84e+01  -1.1 1.25e-03 8.99e-06f  1
 161  2.2914712e+06 1.35e+01 1.59e+04  -6.0 6.76e+01  -0.7 1.20e-05 4.53e-04f  1
 162  2.2908599e+06 1.35e+01 1.59e+04  -6.0 3.88e+01  -1.2 1.31e-04 4.92e-04f  1
 163  2.2896469e+06 1.35e+01 1.59e+04  -6.0 2.53e+01  -0.7 6.74e-04 1.03e-03f  1
 164  2.2892438e+06 1.35e+01 1.59e+04  -6.0 4.20e+01  -1.2 6.06e-04 3.23e-04f  1
 165  2.2890243e+06 1.34e+01 1.59e+04  -6.0 2.67e+01  -0.8 6.59e-04 1.86e-04f  1
 166  2.2889786e+06 1.34e+01 1.59e+04  -6.0 4.35e+01  -1.3 5.99e-05 3.64e-05f  1
 167  2.2889647e+06 1.34e+01 1.59e+04  -6.0 2.78e+01  -0.8 5.25e-05 1.17e-05f  1
 168  2.2886222e+06 1.34e+01 1.59e+04  -6.0 4.43e+01  -1.3 6.24e-06 2.70e-04f  1
In iteration 168, 1 Slack too small, adjusting variable bound
 169  2.2886222e+06 1.34e+01 1.59e+04  -6.0 1.31e+02  -0.9 8.87e-06 3.59e-08h  1
iter    objective    inf_pr   inf_du lg(mu)  ||d||  lg(rg) alpha_du alpha_pr  ls
 170  2.2885799e+06 1.34e+01 1.59e+04  -6.0 6.95e+01  -1.4 3.02e-04 3.30e-05f  1
 171  2.2883017e+06 1.34e+01 1.59e+04  -6.0 2.88e+01  -0.9 3.17e-05 2.34e-04f  1
 172  2.2882733e+06 1.34e+01 1.59e+04  -6.0 1.86e+01  -0.5 2.17e-04 2.52e-05f  1
 173  2.2867022e+06 1.34e+01 1.59e+04  -6.0 3.04e+01  -1.0 1.44e-04 1.32e-03f  1
 174  2.2862654e+06 1.34e+01 1.58e+04  -6.0 1.85e+01  -0.6 3.28e-04 3.85e-04f  1
 175  2.2862466e+06 1.34e+01 1.58e+04  -6.0 3.23e+01  -1.0 3.37e-04 1.57e-05f  1
 176  2.2860671e+06 1.34e+01 1.58e+04  -6.0 1.98e+01  -0.6 2.24e-04 1.57e-04f  1
 177  2.2859371e+06 1.34e+01 1.58e+04  -6.0 3.41e+01  -1.1 7.07e-05 1.08e-04f  1
 178  2.2853957e+06 1.34e+01 1.58e+04  -6.0 2.12e+01  -0.7 1.51e-04 4.72e-04f  1
 179  2.2851196e+06 1.34e+01 1.58e+04  -6.0 3.62e+01  -1.1 2.98e-04 2.28e-04f  1
iter    objective    inf_pr   inf_du lg(mu)  ||d||  lg(rg) alpha_du alpha_pr  ls
 180  2.2849851e+06 1.34e+01 1.58e+04  -6.0 2.25e+01  -0.7 2.77e-04 1.17e-04f  1
 181  2.2843671e+06 1.34e+01 1.58e+04  -6.0 3.79e+01  -1.2 1.85e-04 5.06e-04f  1
 182  2.2822964e+06 1.34e+01 1.58e+04  -6.0 2.38e+01  -0.8 4.20e-04 1.79e-03f  1
 183  2.2811860e+06 1.34e+01 1.58e+04  -6.0 3.97e+01  -1.2 6.52e-04 9.08e-04f  1
 184  2.2810584e+06 1.34e+01 1.58e+04  -6.0 2.56e+01  -0.8 1.42e-04 1.10e-04f  1
 185  2.2806064e+06 1.34e+01 1.58e+04  -6.0 4.51e+01  -1.3 7.02e-04 3.64e-04f  1
 186  2.2798113e+06 1.33e+01 1.58e+04  -6.0 2.93e+01  -0.9 4.35e-04 6.76e-04f  1
 187  2.2797868e+06 1.33e+01 1.58e+04  -6.0 4.73e+01  -1.3 5.71e-05 1.96e-05f  1
 188  2.2793260e+06 1.33e+01 1.58e+04  -6.0 3.16e+01  -0.9 2.56e-04 3.90e-04f  1
 189  2.2785599e+06 1.33e+01 1.57e+04  -6.0 4.93e+01  -1.4 5.78e-04 6.10e-04f  1
iter    objective    inf_pr   inf_du lg(mu)  ||d||  lg(rg) alpha_du alpha_pr  ls
 190  2.2778530e+06 1.33e+01 1.57e+04  -6.0 3.28e+01  -1.0 1.90e-04 5.96e-04f  1
 191  2.2776798e+06 1.33e+01 1.57e+04  -6.0 5.22e+01  -1.4 3.53e-04 1.38e-04f  1
 192  2.2775353e+06 1.33e+01 1.57e+04  -6.0 3.10e+01  -1.0 7.33e-04 1.22e-04f  1
 193  2.2770913e+06 1.33e+01 1.57e+04  -6.0 1.82e+01  -0.6 2.43e-04 3.93e-04f  1
 194  2.2770850e+06 1.33e+01 1.57e+04  -6.0 3.24e+01  -1.1 4.54e-04 5.24e-06f  1
 195  2.2767937e+06 1.33e+01 1.57e+04  -6.0 1.94e+01  -0.6 4.74e-05 2.56e-04f  1
 196  2.2767725e+06 1.33e+01 1.57e+04  -6.0 3.37e+01  -1.1 2.37e-04 1.77e-05f  1
 197  2.2763937e+06 1.33e+01 1.57e+04  -6.0 2.84e+01  -0.7 3.01e-05 3.32e-04f  1
 198  2.2759540e+06 1.33e+01 1.57e+04  -6.0 3.55e+01  -1.2 5.73e-04 3.66e-04f  1
 199  2.2759337e+06 1.33e+01 1.57e+04  -6.0 3.31e+01  -0.7 6.18e-05 1.76e-05f  1
iter    objective    inf_pr   inf_du lg(mu)  ||d||  lg(rg) alpha_du alpha_pr  ls
 200  2.2756149e+06 1.33e+01 1.57e+04  -6.0 3.70e+01  -1.2 5.38e-04 2.64e-04f  1
 201  2.2752432e+06 1.33e+01 1.57e+04  -6.0 3.39e+01  -0.8 2.68e-04 3.22e-04f  1
 202  2.2750094e+06 1.33e+01 1.57e+04  -6.0 3.85e+01  -1.3 6.40e-04 1.93e-04f  1
 203  2.2743100e+06 1.33e+01 1.57e+04  -6.0 3.38e+01  -0.8 4.80e-04 6.04e-04f  1
 204  2.2738106e+06 1.33e+01 1.57e+04  -6.0 4.01e+01  -1.3 1.76e-03 4.10e-04f  1
 205  2.2727456e+06 1.33e+01 1.57e+04  -6.0 3.35e+01  -0.9 3.62e-04 9.16e-04f  1
In iteration 205, 1 Slack too small, adjusting variable bound
 206  2.2727454e+06 1.33e+01 1.57e+04  -6.0 9.07e+01  -1.4 1.43e-04 1.32e-07h  1
 207  2.2721398e+06 1.33e+01 1.57e+04  -6.0 2.91e+01  -0.9 8.39e-05 5.19e-04f  1
 208  2.2713899e+06 1.32e+01 1.56e+04  -6.0 2.42e+01  -0.5 3.46e-05 6.75e-04f  1
 209  2.2712554e+06 1.32e+01 1.56e+04  -6.0 3.05e+01  -1.0 2.19e-04 1.15e-04f  1
iter    objective    inf_pr   inf_du lg(mu)  ||d||  lg(rg) alpha_du alpha_pr  ls
 210  2.2711143e+06 1.32e+01 1.56e+04  -6.0 1.79e+01  -0.6 1.31e-04 1.26e-04f  1
 211  2.2705208e+06 1.32e+01 1.56e+04  -6.0 3.22e+01  -1.0 3.45e-04 5.05e-04f  1
 212  2.2702457e+06 1.32e+01 1.56e+04  -6.0 1.95e+01  -0.6 2.03e-04 2.45e-04f  1
 213  2.2697241e+06 1.32e+01 1.56e+04  -6.0 5.60e+01  -1.1 7.74e-04 4.39e-04f  1
 214  2.2692601e+06 1.32e+01 1.56e+04  -6.0 2.12e+01  -0.7 3.82e-04 4.12e-04f  1
 215  2.2680841e+06 1.32e+01 1.56e+04  -6.0 3.82e+01  -1.2 4.43e-04 9.88e-04f  1
 216  2.2678315e+06 1.32e+01 1.56e+04  -6.0 2.26e+01  -0.7 7.62e-04 2.24e-04f  1
 217  2.2662628e+06 1.32e+01 1.56e+04  -6.0 3.96e+01  -1.2 1.50e-03 1.31e-03f  1
 218  2.2655847e+06 1.32e+01 1.56e+04  -6.0 2.37e+01  -0.8 5.41e-05 5.99e-04f  1
 219  2.2641373e+06 1.32e+01 1.56e+04  -6.0 4.12e+01  -1.3 5.73e-04 1.21e-03f  1
iter    objective    inf_pr   inf_du lg(mu)  ||d||  lg(rg) alpha_du alpha_pr  ls
 220  2.2638036e+06 1.32e+01 1.55e+04  -6.0 2.49e+01  -0.8 9.57e-04 2.94e-04f  1
 221  2.2636166e+06 1.32e+01 1.55e+04  -6.0 4.33e+01  -1.3 1.48e-04 1.56e-04f  1
 222  2.2635725e+06 1.32e+01 1.55e+04  -6.0 2.81e+01  -0.9 2.99e-04 3.87e-05f  1
 223  2.2634644e+06 1.32e+01 1.55e+04  -6.0 2.99e+01  -0.5 2.00e-04 9.95e-05f  1
 224  2.2626542e+06 1.32e+01 1.55e+04  -6.0 3.07e+01  -0.9 1.47e-04 7.06e-04f  1
 225  2.2618674e+06 1.31e+01 1.55e+04  -6.0 2.97e+01  -0.5 2.14e-04 7.21e-04f  1
 226  2.2608609e+06 1.31e+01 1.55e+04  -6.0 3.01e+01  -1.0 2.40e-04 8.75e-04f  1
 227  2.2607654e+06 1.31e+01 1.55e+04  -6.0 1.69e+01  -0.6 3.61e-04 8.74e-05f  1
 228  2.2603790e+06 1.31e+01 1.55e+04  -6.0 3.11e+01  -1.0 6.63e-04 3.35e-04f  1
 229  2.2599936e+06 1.31e+01 1.55e+04  -6.0 1.74e+01  -0.6 2.93e-04 3.51e-04f  1
iter    objective    inf_pr   inf_du lg(mu)  ||d||  lg(rg) alpha_du alpha_pr  ls
 230  2.2594057e+06 1.31e+01 1.55e+04  -6.0 3.29e+01  -1.1 6.69e-04 5.08e-04f  1
 231  2.2589634e+06 1.31e+01 1.55e+04  -6.0 1.88e+01  -0.7 1.27e-04 4.02e-04f  1
 232  2.2587904e+06 1.31e+01 1.55e+04  -6.0 3.50e+01  -1.1 5.03e-04 1.49e-04f  1
 233  2.2585876e+06 1.31e+01 1.55e+04  -6.0 2.06e+01  -0.7 1.95e-04 1.83e-04f  1
 234  2.2584688e+06 1.31e+01 1.55e+04  -6.0 3.69e+01  -1.2 1.12e-03 1.02e-04f  1
 235  2.2573248e+06 1.31e+01 1.55e+04  -6.0 2.22e+01  -0.8 7.91e-05 1.03e-03f  1
 236  2.2565655e+06 1.31e+01 1.54e+04  -6.0 3.96e+01  -1.2 2.46e-04 6.47e-04f  1
 237  2.2563900e+06 1.31e+01 1.54e+04  -6.0 2.38e+01  -0.8 6.34e-04 1.57e-04f  1
 238  2.2555313e+06 1.31e+01 1.54e+04  -6.0 4.09e+01  -1.3 5.01e-04 7.29e-04f  1
 239  2.2549717e+06 1.31e+01 1.54e+04  -6.0 2.52e+01  -0.9 1.01e-03 4.99e-04f  1
iter    objective    inf_pr   inf_du lg(mu)  ||d||  lg(rg) alpha_du alpha_pr  ls
 240  2.2541047e+06 1.31e+01 1.54e+04  -6.0 1.54e+01  -0.4 7.73e-04 8.12e-04f  1
 241  2.2537488e+06 1.30e+01 1.54e+04  -6.0 2.66e+01  -0.9 8.02e-04 3.17e-04f  1
 242  2.2532946e+06 1.30e+01 1.54e+04  -6.0 1.52e+01  -0.5 7.26e-04 4.24e-04f  1
 243  2.2526293e+06 1.30e+01 1.54e+04  -6.0 2.84e+01  -1.0 7.45e-04 5.90e-04f  1
 244  2.2518456e+06 1.30e+01 1.54e+04  -6.0 1.54e+01  -0.5 3.43e-04 7.29e-04f  1
 245  2.2516719e+06 1.30e+01 1.54e+04  -6.0 3.00e+01  -1.0 8.77e-04 1.53e-04f  1
 246  2.2516485e+06 1.30e+01 1.54e+04  -6.0 1.67e+01  -0.6 2.42e-05 2.17e-05f  1
 247  2.2515948e+06 1.30e+01 1.54e+04  -6.0 3.17e+01  -1.1 7.39e-04 4.72e-05f  1
 248  2.2512238e+06 1.30e+01 1.54e+04  -6.0 2.79e+01  -0.6 8.27e-05 3.42e-04f  1
 249  2.2510481e+06 1.30e+01 1.54e+04  -6.0 3.35e+01  -1.1 4.68e-04 1.53e-04f  1
iter    objective    inf_pr   inf_du lg(mu)  ||d||  lg(rg) alpha_du alpha_pr  ls
 250  2.2505644e+06 1.30e+01 1.54e+04  -6.0 2.74e+01  -0.7 2.92e-04 4.43e-04f  1
 251  2.2500369e+06 1.30e+01 1.54e+04  -6.0 3.54e+01  -1.2 3.35e-04 4.59e-04f  1
 252  2.2494451e+06 1.30e+01 1.53e+04  -6.0 2.91e+01  -0.7 1.06e-03 5.40e-04f  1
 253  2.2489172e+06 1.30e+01 1.53e+04  -6.0 3.71e+01  -1.2 3.92e-04 4.57e-04f  1
 254  2.2481448e+06 1.30e+01 1.53e+04  -6.0 2.84e+01  -0.8 1.51e-05 7.02e-04f  1
 255  2.2480689e+06 1.30e+01 1.53e+04  -6.0 2.90e+01  -0.4 2.42e-04 7.25e-05f  1
 256  2.2475737e+06 1.30e+01 1.53e+04  -6.0 2.38e+01  -0.8 1.33e-04 4.49e-04f  1
 257  2.2470751e+06 1.30e+01 1.53e+04  -6.0 1.68e+01  -0.4 4.80e-04 4.74e-04f  1
 258  2.2465886e+06 1.30e+01 1.53e+04  -6.0 2.53e+01  -0.9 9.73e-04 4.39e-04f  1
 259  2.2464436e+06 1.30e+01 1.53e+04  -6.0 1.50e+01  -0.5 1.35e-04 1.37e-04f  1
iter    objective    inf_pr   inf_du lg(mu)  ||d||  lg(rg) alpha_du alpha_pr  ls
 260  2.2459099e+06 1.30e+01 1.53e+04  -6.0 2.74e+01  -0.9 1.78e-04 4.80e-04f  1
 261  2.2457044e+06 1.30e+01 1.53e+04  -6.0 1.48e+01  -0.5 1.45e-04 1.94e-04f  1
 262  2.2452294e+06 1.29e+01 1.53e+04  -6.0 2.91e+01  -1.0 1.95e-04 4.25e-04f  1
 263  2.2446754e+06 1.29e+01 1.53e+04  -6.0 1.60e+01  -0.6 2.26e-04 5.20e-04f  1
 264  2.2445181e+06 1.29e+01 1.53e+04  -6.0 3.08e+01  -1.1 9.36e-04 1.40e-04f  1
 265  2.2438648e+06 1.29e+01 1.53e+04  -6.0 1.73e+01  -0.6 9.62e-04 6.11e-04f  1
 266  2.2433229e+06 1.29e+01 1.53e+04  -6.0 3.27e+01  -1.1 8.88e-04 4.82e-04f  1
 267  2.2423445e+06 1.29e+01 1.52e+04  -6.0 1.87e+01  -0.7 1.11e-04 9.14e-04f  1
 268  2.2421649e+06 1.29e+01 1.52e+04  -6.0 3.48e+01  -1.2 4.11e-04 1.59e-04f  1
 269  2.2419577e+06 1.29e+01 1.52e+04  -6.0 2.01e+01  -0.7 1.49e-04 1.93e-04f  1
iter    objective    inf_pr   inf_du lg(mu)  ||d||  lg(rg) alpha_du alpha_pr  ls
 270  2.2412552e+06 1.29e+01 1.52e+04  -6.0 3.66e+01  -1.2 2.86e-03 6.19e-04f  1
 271  2.2407770e+06 1.29e+01 1.52e+04  -6.0 2.16e+01  -0.8 6.42e-04 4.42e-04f  1
 272  2.2400791e+06 1.29e+01 1.52e+04  -6.0 3.85e+01  -1.3 3.42e-04 6.11e-04f  1
 273  2.2398627e+06 1.29e+01 1.52e+04  -6.0 2.58e+01  -0.8 7.91e-04 1.99e-04f  1
 274  2.2395686e+06 1.29e+01 1.52e+04  -6.0 2.77e+01  -0.4 6.84e-06 2.83e-04f  1
 275  2.2393594e+06 1.29e+01 1.52e+04  -6.0 2.62e+01  -0.9 2.50e-04 1.91e-04f  1
 276  2.2388726e+06 1.29e+01 1.52e+04  -6.0 2.76e+01  -0.5 7.96e-04 4.67e-04f  1
 277  2.2384092e+06 1.29e+01 1.52e+04  -6.0 2.58e+01  -0.9 5.35e-04 4.22e-04f  1
 278  2.2383390e+06 1.29e+01 1.52e+04  -6.0 2.72e+01  -0.5 3.10e-04 6.70e-05f  1
 279  2.2382985e+06 1.29e+01 1.52e+04  -6.0 2.87e+01  -1.0 4.81e-04 3.67e-05f  1
iter    objective    inf_pr   inf_du lg(mu)  ||d||  lg(rg) alpha_du alpha_pr  ls
 280  2.2381390e+06 1.29e+01 1.52e+04  -6.0 2.53e+01  -0.6 2.79e-05 1.51e-04f  1
 281  2.2373279e+06 1.29e+01 1.52e+04  -6.0 3.03e+01  -1.0 1.12e-03 7.31e-04f  1
 282  2.2368469e+06 1.28e+01 1.52e+04  -6.0 1.85e+01  -0.6 1.59e-04 4.55e-04f  1
 283  2.2359574e+06 1.28e+01 1.52e+04  -6.0 3.18e+01  -1.1 4.99e-04 8.01e-04f  1
 284  2.2357563e+06 1.28e+01 1.52e+04  -6.0 1.87e+01  -0.7 8.15e-05 1.90e-04f  1
 285  2.2350762e+06 1.28e+01 1.51e+04  -6.0 3.34e+01  -1.1 9.48e-04 6.10e-04f  1
 286  2.2342584e+06 1.28e+01 1.51e+04  -6.0 2.01e+01  -0.7 1.95e-04 7.69e-04f  1
 287  2.2341463e+06 1.28e+01 1.51e+04  -6.0 3.50e+01  -1.2 3.77e-04 1.00e-04f  1
 288  2.2334598e+06 1.28e+01 1.51e+04  -6.0 2.16e+01  -0.8 1.54e-04 6.43e-04f  1
 289  2.2334547e+06 1.28e+01 1.51e+04  -6.0 3.66e+01  -1.2 3.85e-04 4.56e-06f  1
iter    objective    inf_pr   inf_du lg(mu)  ||d||  lg(rg) alpha_du alpha_pr  ls
 290  2.2330315e+06 1.28e+01 1.51e+04  -6.0 2.46e+01  -0.8 3.72e-04 3.94e-04f  1
 291  2.2329418e+06 1.28e+01 1.51e+04  -6.0 1.70e+01  -0.4 1.60e-04 8.83e-05f  1
 292  2.2326535e+06 1.28e+01 1.51e+04  -6.0 2.46e+01  -0.9 3.40e-04 2.68e-04f  1
 293  2.2321882e+06 1.28e+01 1.51e+04  -6.0 1.70e+01  -0.4 7.85e-05 4.53e-04f  1
 294  2.2319205e+06 1.28e+01 1.51e+04  -6.0 2.66e+01  -0.9 1.72e-04 2.47e-04f  1
 295  2.2314401e+06 1.28e+01 1.51e+04  -6.0 1.69e+01  -0.5 3.01e-04 4.66e-04f  1
 296  2.2308978e+06 1.28e+01 1.51e+04  -6.0 2.83e+01  -1.0 6.16e-05 4.98e-04f  1
 297  2.2307186e+06 1.28e+01 1.51e+04  -6.0 1.71e+01  -0.5 2.69e-04 1.73e-04f  1
 298  2.2303601e+06 1.28e+01 1.51e+04  -6.0 3.02e+01  -1.0 1.08e-03 3.28e-04f  1
 299  2.2295524e+06 1.28e+01 1.51e+04  -6.0 2.30e+01  -0.6 8.48e-05 7.75e-04f  1
iter    objective    inf_pr   inf_du lg(mu)  ||d||  lg(rg) alpha_du alpha_pr  ls
 300  2.2294532e+06 1.28e+01 1.51e+04  -6.0 3.17e+01  -1.1 5.80e-04 9.04e-05f  1

Number of Iterations....: 300

                                   (scaled)                 (unscaled)
Objective...............:   2.1942311981342835e+04    2.2294531693544607e+06
Dual infeasibility......:   1.5068753485248546e+04    1.5310638297584027e+06
Constraint violation....:   5.6766641587402109e+00    1.2758711274464348e+01
Variable bound violation:   1.0982848186458227e-08    1.0982848186458227e-08
Complementarity.........:   6.0596109342975205e+02    6.1568802840883611e+04
Overall NLP error.......:   1.5068753485248546e+04    1.5310638297584027e+06


Number of objective function evaluations             = 301
Number of objective gradient evaluations             = 301
Number of equality constraint evaluations            = 301
Number of inequality constraint evaluations          = 302
Number of equality constraint Jacobian evaluations   = 301
Number of inequality constraint Jacobian evaluations = 301
Number of Lagrangian Hessian evaluations             = 300
Total seconds in IPOPT                               = 283.039

EXIT: Maximum Number of Iterations Exceeded.

