Solver command line: ['/opt/homebrew/bin/ipopt', '/var/folders/6y/bvynbx6n3zv7z3lwg6vd724r0000gn/T/tmpww3j90er.pyomo.nl', '-AMPL', 'tol=1e-06', 'max_iter=300', 'print_level=5']

Ipopt 3.14.19: tol=1e-06
max_iter=300
print_level=5


******************************************************************************
This program contains Ipopt, a library for large-scale nonlinear optimization.
 Ipopt is released as open source code under the Eclipse Public License (EPL).
         For more information visit https://github.com/coin-or/Ipopt
******************************************************************************

This is Ipopt version 3.14.19, running with linear solver MUMPS 5.6.2.

Number of nonzeros in equality constraint Jacobian...:      545
Number of nonzeros in inequality constraint Jacobian.:      368
Number of nonzeros in Lagrangian Hessian.............:      301

Total number of variables............................:       98
                     variables with only lower bounds:        0
                variables with lower and upper bounds:       98
                     variables with only upper bounds:        0
Total number of equality constraints.................:       79
Total number of inequality constraints...............:       92
        inequality constraints with only lower bounds:        0
   inequality constraints with lower and upper bounds:        0
        inequality constraints with only upper bounds:       92

iter    objective    inf_pr   inf_du lg(mu)  ||d||  lg(rg) alpha_du alpha_pr  ls
   0  1.3559238e+05 8.26e+00 1.13e+01  -1.0 0.00e+00    -  0.00e+00 0.00e+00   0
   1  1.3533573e+05 8.00e+00 6.44e+01  -1.0 2.09e+01   0.0 5.62e-02 3.13e-02f  1
   2  1.3536572e+05 7.55e+00 3.63e+01  -1.0 1.35e+01  -0.5 4.16e-01 5.56e-02h  1
   3  1.3543196e+05 7.27e+00 3.28e+01  -1.0 3.02e+01  -1.0 7.95e-02 3.63e-02h  2
   4  1.3638594e+05 4.36e+00 6.41e+01  -1.0 5.27e+00    -  4.27e-01 3.93e-01h  1
   5  1.3708340e+05 2.70e+00 7.68e+01  -1.0 1.87e+00    -  6.02e-01 3.80e-01h  1
   6  1.3716075e+05 2.53e+00 7.27e+01  -1.0 1.90e+00    -  3.56e-02 6.07e-02h  1
   7  1.3813034e+05 6.08e-01 1.08e+02  -1.0 3.14e+00    -  4.74e-01 7.63e-01h  1
   8  1.3850661e+05 2.33e-02 1.43e+01  -1.0 9.50e-01    -  7.56e-01 1.00e+00h  1
   9  1.3850799e+05 4.81e-03 1.51e-01  -1.0 3.06e-01    -  1.00e+00 1.00e+00h  1
iter    objective    inf_pr   inf_du lg(mu)  ||d||  lg(rg) alpha_du alpha_pr  ls
  10  1.3843438e+05 6.08e-03 1.81e+00  -2.5 4.65e-01    -  8.09e-01 9.66e-01f  1
  11  1.3842028e+05 4.05e-03 1.68e+00  -2.5 3.55e-01    -  1.00e+00 5.43e-01h  1
  12  1.3841759e+05 1.86e-03 8.81e+00  -2.5 2.77e-01    -  7.16e-01 1.00e+00h  1
  13  1.3841743e+05 3.40e-05 1.16e-03  -2.5 4.34e-02    -  1.00e+00 1.00e+00h  1
  14  1.3841574e+05 8.20e-05 8.19e-02  -3.8 8.48e-02    -  9.17e-01 9.27e-01h  1
  15  1.3841566e+05 7.24e-06 2.79e-04  -3.8 1.68e-02    -  1.00e+00 1.00e+00h  1
  16  1.3841557e+05 3.31e-06 1.10e-01  -5.7 8.95e-03    -  9.92e-01 9.08e-01h  1
  17  1.3841556e+05 1.56e-07 2.33e-06  -5.7 1.50e-03    -  1.00e+00 1.00e+00h  1
  18  1.3841556e+05 1.37e-10 5.07e-09  -7.0 7.52e-05    -  1.00e+00 1.00e+00h  1

Number of Iterations....: 18

                                   (scaled)                 (unscaled)
Objective...............:   3.9723627699061167e+03    1.3841556258386976e+05
Dual infeasibility......:   5.0715479988326650e-09    1.7671627947668861e-07
Constraint violation....:   1.3739054338657297e-10    1.3739054338657297e-10
Variable bound violation:   1.0382610504677814e-07    1.0382610504677814e-07
Complementarity.........:   9.6672251248921613e-08    3.3685100827749775e-06
Overall NLP error.......:   9.6672251248921613e-08    3.3685100827749775e-06


Number of objective function evaluations             = 21
Number of objective gradient evaluations             = 19
Number of equality constraint evaluations            = 21
Number of inequality constraint evaluations          = 21
Number of equality constraint Jacobian evaluations   = 19
Number of inequality constraint Jacobian evaluations = 19
Number of Lagrangian Hessian evaluations             = 18
Total seconds in IPOPT                               = 0.023

EXIT: Optimal Solution Found.

