Solver command line: ['/opt/homebrew/bin/ipopt', '/var/folders/6y/bvynbx6n3zv7z3lwg6vd724r0000gn/T/tmpv7k6auwc.pyomo.nl', '-AMPL', 'tol=1e-06', 'max_iter=300', 'print_level=5']

Ipopt 3.14.19: tol=1e-06
max_iter=300
print_level=5


******************************************************************************
This program contains Ipopt, a library for large-scale nonlinear optimization.
 Ipopt is released as open source code under the Eclipse Public License (EPL).
         For more information visit https://github.com/coin-or/Ipopt
******************************************************************************

This is Ipopt version 3.14.19, running with linear solver MUMPS 5.6.2.

Number of nonzeros in equality constraint Jacobian...:      545
Number of nonzeros in inequality constraint Jacobian.:      368
Number of nonzeros in Lagrangian Hessian.............:      301

Total number of variables............................:       98
                     variables with only lower bounds:        0
                variables with lower and upper bounds:       98
                     variables with only upper bounds:        0
Total number of equality constraints.................:       79
Total number of inequality constraints...............:       92
        inequality constraints with only lower bounds:        0
   inequality constraints with lower and upper bounds:        0
        inequality constraints with only upper bounds:       92

iter    objective    inf_pr   inf_du lg(mu)  ||d||  lg(rg) alpha_du alpha_pr  ls
   0  8.4942038e+04 5.50e+00 1.10e+01  -1.0 0.00e+00    -  0.00e+00 0.00e+00   0
   1  9.3190883e+04 4.67e+00 3.68e+02  -1.0 4.98e+00   2.0 2.64e-01 1.51e-01h  1
   2  1.0224598e+05 3.74e+00 3.23e+02  -1.0 4.21e+00   1.5 4.34e-01 1.98e-01h  1
   3  1.1423641e+05 2.47e+00 2.09e+02  -1.0 3.30e+00   1.0 7.13e-01 3.40e-01h  1
   4  1.1981426e+05 1.82e+00 1.70e+02  -1.0 2.18e+00   0.6 2.05e-01 2.61e-01h  1
   5  1.2065982e+05 1.68e+00 1.59e+02  -1.0 4.85e+00   0.1 2.66e-01 7.65e-02h  1
   6  1.2074031e+05 1.53e+00 1.50e+02  -1.0 1.19e+01  -0.4 6.35e-02 9.32e-02H  1
   7  1.2076053e+05 1.51e+00 1.48e+02  -1.0 1.60e+01  -0.9 1.68e-01 1.41e-02h  3
   8  1.2077015e+05 1.49e+00 1.47e+02  -1.0 2.49e+01  -1.3 1.21e-01 8.48e-03h  4
   9  1.2332640e+05 1.25e+00 1.36e+02  -1.0 2.97e+00  -0.0 1.43e-01 1.62e-01h  1
iter    objective    inf_pr   inf_du lg(mu)  ||d||  lg(rg) alpha_du alpha_pr  ls
  10  1.2580622e+05 1.02e+00 1.22e+02  -1.0 8.36e+00    -  1.00e-01 1.81e-01H  1
  11  1.2715573e+05 9.03e-01 1.27e+02  -1.0 8.27e+00    -  8.98e-02 1.18e-01h  1
  12  1.2928665e+05 7.08e-01 9.45e+01  -1.0 4.04e+00    -  1.32e-01 2.19e-01h  1
  13  1.3063683e+05 5.85e-01 8.71e+01  -1.0 2.78e+00    -  3.64e-01 1.77e-01h  1
  14  1.3210464e+05 4.63e-01 7.85e+01  -1.0 5.90e+00    -  1.76e-02 2.11e-01H  1
  15  1.3417115e+05 3.09e-01 4.09e+01  -1.0 1.09e+00  -0.5 4.64e-01 3.34e-01h  1
  16  1.3425615e+05 3.03e-01 3.85e+01  -1.0 1.48e+01    -  9.59e-02 2.09e-02h  3
  17  1.3630713e+05 1.58e-01 6.91e+01  -1.0 2.90e+00  -1.0 1.00e+00 4.85e-01h  1
  18  1.3851280e+05 4.51e-03 1.44e+01  -1.0 7.97e-01    -  5.66e-01 1.00e+00h  1
  19  1.3850430e+05 8.81e-03 3.05e+00  -1.0 7.82e-01    -  7.33e-01 1.00e+00h  1
iter    objective    inf_pr   inf_du lg(mu)  ||d||  lg(rg) alpha_du alpha_pr  ls
  20  1.3850972e+05 3.57e-04 6.74e-02  -1.0 1.56e-01    -  1.00e+00 1.00e+00h  1
  21  1.3843436e+05 5.82e-03 1.87e+00  -2.5 5.11e-01    -  8.19e-01 9.67e-01f  1
  22  1.3842018e+05 3.86e-03 1.68e+00  -2.5 2.56e-01    -  1.00e+00 5.42e-01h  1
  23  1.3841760e+05 1.51e-03 8.17e+00  -2.5 1.96e-01    -  7.33e-01 1.00e+00h  1
  24  1.3841744e+05 3.25e-05 1.07e-03  -2.5 3.18e-02    -  1.00e+00 1.00e+00h  1
  25  1.3841573e+05 8.26e-05 1.14e-01  -3.8 6.28e-02    -  9.17e-01 9.32e-01h  1
  26  1.3841566e+05 6.99e-06 2.72e-04  -3.8 1.41e-02    -  1.00e+00 1.00e+00h  1
  27  1.3841557e+05 3.24e-06 1.08e-01  -5.7 7.02e-03    -  9.92e-01 9.08e-01h  1
  28  1.3841556e+05 1.50e-07 2.26e-06  -5.7 1.31e-03    -  1.00e+00 1.00e+00h  1
  29  1.3841556e+05 1.35e-10 5.04e-09  -7.0 5.51e-05    -  1.00e+00 1.00e+00h  1

Number of Iterations....: 29

                                   (scaled)                 (unscaled)
Objective...............:   3.9723627699062604e+03    1.3841556258387477e+05
Dual infeasibility......:   5.0436985889884545e-09    1.7574587673290642e-07
Constraint violation....:   1.3477574611897580e-10    1.3477574611897580e-10
Variable bound violation:   1.0382610682313498e-07    1.0382610682313498e-07
Complementarity.........:   9.6640178295447892e-08    3.3673925121612298e-06
Overall NLP error.......:   9.6640178295447892e-08    3.3673925121612298e-06


Number of objective function evaluations             = 45
Number of objective gradient evaluations             = 30
Number of equality constraint evaluations            = 45
Number of inequality constraint evaluations          = 45
Number of equality constraint Jacobian evaluations   = 30
Number of inequality constraint Jacobian evaluations = 30
Number of Lagrangian Hessian evaluations             = 29
Total seconds in IPOPT                               = 0.026

EXIT: Optimal Solution Found.

