Solver command line: ['/opt/homebrew/bin/ipopt', '/var/folders/6y/bvynbx6n3zv7z3lwg6vd724r0000gn/T/tmp750g16o4.pyomo.nl', '-AMPL', 'tol=1e-06', 'max_iter=300', 'print_level=5', 'warm_start_init_point=yes', 'warm_start_bound_push=1e-06', 'warm_start_bound_frac=1e-06', 'warm_start_mult_bound_push=1e-06', 'mu_init=1e-06', 'least_square_init_duals=no']

Ipopt 3.14.19: tol=1e-06
max_iter=300
print_level=5
warm_start_init_point=yes
warm_start_bound_push=1e-06
warm_start_bound_frac=1e-06
warm_start_mult_bound_push=1e-06
mu_init=1e-06
least_square_init_duals=no


******************************************************************************
This program contains Ipopt, a library for large-scale nonlinear optimization.
 Ipopt is released as open source code under the Eclipse Public License (EPL).
         For more information visit https://github.com/coin-or/Ipopt
******************************************************************************

This is Ipopt version 3.14.19, running with linear solver MUMPS 5.6.2.

Number of nonzeros in equality constraint Jacobian...:      545
Number of nonzeros in inequality constraint Jacobian.:      368
Number of nonzeros in Lagrangian Hessian.............:      301

Total number of variables............................:       98
                     variables with only lower bounds:        0
                variables with lower and upper bounds:       98
                     variables with only upper bounds:        0
Total number of equality constraints.................:       79
Total number of inequality constraints...............:       92
        inequality constraints with only lower bounds:        0
   inequality constraints with lower and upper bounds:        0
        inequality constraints with only upper bounds:       92

iter    objective    inf_pr   inf_du lg(mu)  ||d||  lg(rg) alpha_du alpha_pr  ls
   0  8.4942038e+04 5.50e+00 5.72e+01  -6.0 0.00e+00    -  0.00e+00 0.00e+00   0
   1  8.4892516e+04 5.50e+00 5.72e+01  -6.0 4.10e+02    -  1.00e-04 1.10e-04f  1
   2  8.4727877e+04 5.50e+00 5.72e+01  -6.0 4.11e+02    -  2.61e-03 3.64e-04f  1
   3  8.2495698e+04 5.47e+00 5.69e+01  -6.0 4.15e+02    -  3.80e-04 4.95e-03f  1
   4  8.1530070e+04 5.46e+00 5.68e+01  -6.0 4.57e+02    -  2.89e-03 2.30e-03f  1
   5  7.8719507e+04 5.42e+00 5.64e+01  -6.0 4.54e+02    -  1.55e-02 7.19e-03f  1
   6  7.7205194e+04 5.38e+00 5.59e+01  -6.0 2.91e+02    -  1.93e-02 6.85e-03f  1
   7  7.6642683e+04 5.32e+00 5.53e+01  -6.0 1.04e+02    -  1.04e-02 1.07e-02f  1
   8  7.6511641e+04 5.24e+00 5.24e+01  -6.0 8.21e+01    -  8.02e-02 1.60e-02f  1
   9  7.7357866e+04 5.11e+00 5.14e+01  -6.0 4.24e+01    -  1.50e-02 2.44e-02h  1
iter    objective    inf_pr   inf_du lg(mu)  ||d||  lg(rg) alpha_du alpha_pr  ls
  10  7.8073894e+04 5.03e+00 4.64e+01  -6.0 4.06e+01    -  1.80e-01 1.61e-02h  1
  11  7.9468333e+04 4.87e+00 4.39e+01  -6.0 3.91e+01    -  7.07e-02 3.10e-02h  3
  12  8.1014126e+04 4.70e+00 3.96e+01  -6.0 3.79e+01    -  1.68e-01 3.50e-02h  2
  13  8.2681399e+04 4.51e+00 3.85e+01  -6.0 2.97e+01    -  1.11e-02 4.05e-02h  2
  14  8.5202913e+04 4.24e+00 3.57e+01  -6.0 2.03e+01    -  8.70e-02 6.07e-02h  1
  15  8.6506652e+04 4.11e+00 3.52e+01  -6.0 2.34e+01    -  3.84e-06 3.00e-02h  1
  16  8.8979183e+04 3.87e+00 3.28e+01  -6.0 2.57e+01    -  7.78e-02 5.72e-02h  1
  17  9.0356341e+04 3.74e+00 3.13e+01  -6.0 2.51e+01    -  5.98e-02 3.34e-02h  1
  18r 9.0356341e+04 3.74e+00 9.99e+02   0.6 0.00e+00    -  0.00e+00 2.70e-07R  2
  19r 9.0179109e+04 3.75e+00 9.99e+02   0.6 1.78e+06    -  8.07e-07 1.67e-07f  5
iter    objective    inf_pr   inf_du lg(mu)  ||d||  lg(rg) alpha_du alpha_pr  ls
  20r 9.8509804e+04 2.53e+00 9.98e+02   0.6 5.12e+03    -  6.13e-04 4.33e-04f  1
  21r 9.8923132e+04 2.49e+00 9.98e+02   0.6 3.59e+03    -  1.43e-04 3.35e-05f  1
  22  9.8923862e+04 2.49e+00 8.78e+01  -6.0 2.68e+01    -  1.43e-01 2.34e-05h  1
  23  9.8933643e+04 2.49e+00 8.82e+01  -6.0 7.69e+01    -  2.23e-02 2.92e-04h  1
  24  9.8980301e+04 2.48e+00 8.85e+01  -6.0 7.93e+00    -  2.42e-03 1.39e-03h  1
  25  9.9336166e+04 2.46e+00 8.76e+01  -6.0 2.76e+01    -  3.40e-04 1.03e-02h  1
  26r 9.9336166e+04 2.46e+00 9.99e+02   0.4 0.00e+00    -  0.00e+00 2.08e-08R  2
  27r 9.9238013e+04 2.48e+00 9.99e+02   0.4 4.23e+05    -  1.15e-06 1.85e-07f  3
  28r 9.9430741e+04 2.44e+00 9.99e+02   0.4 4.27e+04    -  1.29e-06 9.46e-06f  1
  29r 1.0548583e+05 1.98e+00 9.99e+02   0.4 3.99e+03    -  4.87e-04 5.84e-04f  1
iter    objective    inf_pr   inf_du lg(mu)  ||d||  lg(rg) alpha_du alpha_pr  ls
  30  1.0548721e+05 1.98e+00 9.09e+01  -6.0 5.36e+01    -  3.01e-03 5.24e-05h  1
  31  1.0552695e+05 1.98e+00 9.25e+01  -6.0 4.54e+01    -  4.56e-03 1.45e-03h  1
  32  1.0556008e+05 1.98e+00 9.24e+01  -6.0 5.26e+01    -  9.22e-04 1.04e-03h  1
  33r 1.0556008e+05 1.98e+00 9.99e+02   0.3 0.00e+00    -  0.00e+00 1.38e-07R  2
  34r 1.0553087e+05 1.98e+00 9.99e+02   0.3 1.33e+05    -  1.35e-05 6.24e-07f  2
  35r 1.0614828e+05 2.21e+00 9.98e+02   0.3 1.70e+03    -  3.12e-03 1.56e-03f  1
  36r 1.0805310e+05 2.13e+00 9.96e+02   0.3 2.14e+02    -  3.28e-04 3.04e-03f  1
  37r 1.1982021e+05 1.33e+00 9.99e+02   0.3 6.48e+02    -  6.90e-04 5.42e-03f  1
  38  1.1981955e+05 1.33e+00 9.35e+01  -6.0 3.10e+02    -  2.03e-04 1.06e-05f  1
  39  1.1986082e+05 1.33e+00 9.33e+01  -6.0 2.77e+01    -  3.73e-02 2.38e-03h  1
iter    objective    inf_pr   inf_du lg(mu)  ||d||  lg(rg) alpha_du alpha_pr  ls
  40  1.2044035e+05 1.29e+00 9.12e+01  -6.0 9.23e+00    -  2.15e-01 3.29e-02h  1
  41  1.2084224e+05 1.26e+00 8.95e+01  -6.0 5.03e+00    -  2.79e-01 2.34e-02h  1
  42r 1.2084224e+05 1.26e+00 9.99e+02   0.1 0.00e+00    -  0.00e+00 1.99e-07R  2
  43r 1.2063757e+05 1.62e+00 9.99e+02   0.1 1.77e+04    -  5.32e-05 7.30e-05f  1
  44r 1.2651433e+05 1.60e+00 9.98e+02   0.1 1.32e+03    -  3.32e-03 1.30e-03f  1
  45r 1.2917503e+05 1.52e+00 9.96e+02   0.1 4.12e+02    -  9.23e-04 1.92e-03f  1
  46r 1.2909647e+05 1.55e+00 9.95e+02   0.1 1.44e+02    -  3.37e-03 5.61e-04f  1
  47r 1.3239175e+05 1.36e+00 9.94e+02   0.1 5.07e+02    -  1.45e-04 4.94e-03f  1
  48r 1.3737045e+05 4.42e-01 9.92e+02   0.1 2.44e+03    -  4.18e-04 1.40e-03f  1
  49r 1.3773120e+05 3.84e-01 9.51e+02   0.1 3.82e+01    -  4.23e-02 5.12e-03f  1
iter    objective    inf_pr   inf_du lg(mu)  ||d||  lg(rg) alpha_du alpha_pr  ls
  50r 1.3812841e+05 1.47e-01 9.25e+02   0.1 5.51e+00    -  2.72e-02 5.17e-02f  1
  51r 1.3832908e+05 1.37e-01 7.60e+02   0.1 6.09e+00    -  1.79e-01 1.04e-01f  1
  52r 1.3901198e+05 7.46e-02 1.56e+02   0.1 5.62e+00    -  7.95e-01 4.77e-01f  1
  53r 1.4270789e+05 4.96e-02 1.22e+02   0.1 4.78e+00    -  2.28e-01 1.00e+00f  1
  54r 1.4347547e+05 4.30e-03 3.26e+01   0.1 1.54e+00    -  9.18e-01 1.00e+00f  1
  55  1.4335230e+05 4.30e-03 9.50e+01  -6.0 1.41e+03    -  1.03e-03 3.52e-04f  1
  56  1.4335228e+05 4.30e-03 9.46e+01  -6.0 3.21e+01    -  2.49e-01 2.41e-06h  1
  57  1.4255318e+05 7.21e-03 8.40e+01  -6.0 3.03e+01    -  3.10e-01 1.09e-01f  1
  58  1.4255314e+05 7.21e-03 8.53e+01  -6.0 8.69e+00    -  5.36e-01 8.52e-06h  1
  59  1.4234455e+05 7.01e-03 8.29e+01  -6.0 7.80e+00    -  6.19e-01 4.33e-02f  1
iter    objective    inf_pr   inf_du lg(mu)  ||d||  lg(rg) alpha_du alpha_pr  ls
  60  1.3924388e+05 3.80e-02 2.18e+02  -6.0 5.31e+00    -  6.96e-01 7.22e-01f  1
  61  1.3880254e+05 2.21e-02 9.86e+01  -6.0 8.42e-01    -  5.94e-01 5.58e-01f  1
  62  1.3855533e+05 1.14e-02 3.47e+01  -6.0 4.38e-01    -  7.58e-01 6.61e-01f  1
  63  1.3843415e+05 2.02e-03 4.58e+00  -6.0 1.63e-01    -  9.25e-01 8.74e-01f  1
  64  1.3842059e+05 6.20e-04 1.41e+00  -6.0 6.59e-02    -  1.00e+00 7.31e-01f  1
  65  1.3841592e+05 9.65e-05 2.55e-01  -6.0 4.19e-02    -  1.00e+00 9.27e-01h  1
  66  1.3841560e+05 2.38e-05 2.86e-01  -6.0 1.50e-02    -  1.00e+00 9.01e-01h  1
  67  1.3841556e+05 3.34e-06 4.47e-05  -6.0 5.92e-03    -  1.00e+00 1.00e+00h  1
  68  1.3841556e+05 1.40e-07 1.90e-06  -6.0 1.21e-03    -  1.00e+00 1.00e+00h  1
  69  1.3841556e+05 9.00e-10 1.07e-08  -7.0 1.06e-04    -  1.00e+00 1.00e+00h  1

Number of Iterations....: 69

                                   (scaled)                 (unscaled)
Objective...............:   3.9723627699225704e+03    1.3841556258444308e+05
Dual infeasibility......:   1.0682172164237867e-08    3.7221647552740581e-07
Constraint violation....:   9.0017415743659512e-10    9.0017415743659512e-10
Variable bound violation:   1.0382612103398969e-07    1.0382612103398969e-07
Complementarity.........:   1.0921079368598822e-07    3.8054111177349129e-06
Overall NLP error.......:   1.0921079368598822e-07    3.8054111177349129e-06


Number of objective function evaluations             = 96
Number of objective gradient evaluations             = 52
Number of equality constraint evaluations            = 96
Number of inequality constraint evaluations          = 97
Number of equality constraint Jacobian evaluations   = 74
Number of inequality constraint Jacobian evaluations = 74
Number of Lagrangian Hessian evaluations             = 69
Total seconds in IPOPT                               = 0.052

EXIT: Optimal Solution Found.

