Solver command line: ['/opt/homebrew/bin/ipopt', '/var/folders/6y/bvynbx6n3zv7z3lwg6vd724r0000gn/T/tmpyw3sia0b.pyomo.nl', '-AMPL', 'tol=1e-06', 'max_iter=300', 'print_level=5', 'warm_start_init_point=yes', 'warm_start_bound_push=1e-06', 'warm_start_bound_frac=1e-06', 'warm_start_mult_bound_push=1e-06', 'mu_init=1e-06', 'least_square_init_duals=no']

Ipopt 3.14.19: tol=1e-06
max_iter=300
print_level=5
warm_start_init_point=yes
warm_start_bound_push=1e-06
warm_start_bound_frac=1e-06
warm_start_mult_bound_push=1e-06
mu_init=1e-06
least_square_init_duals=no


******************************************************************************
This program contains Ipopt, a library for large-scale nonlinear optimization.
 Ipopt is released as open source code under the Eclipse Public License (EPL).
         For more information visit https://github.com/coin-or/Ipopt
******************************************************************************

This is Ipopt version 3.14.19, running with linear solver MUMPS 5.6.2.

Number of nonzeros in equality constraint Jacobian...:      545
Number of nonzeros in inequality constraint Jacobian.:      368
Number of nonzeros in Lagrangian Hessian.............:      301

Total number of variables............................:       98
                     variables with only lower bounds:        0
                variables with lower and upper bounds:       98
                     variables with only upper bounds:        0
Total number of equality constraints.................:       79
Total number of inequality constraints...............:       92
        inequality constraints with only lower bounds:        0
   inequality constraints with lower and upper bounds:        0
        inequality constraints with only upper bounds:       92

iter    objective    inf_pr   inf_du lg(mu)  ||d||  lg(rg) alpha_du alpha_pr  ls
   0  8.4942038e+04 8.26e+00 1.00e+02  -6.0 0.00e+00    -  0.00e+00 0.00e+00   0
   1  7.8099269e+04 8.22e+00 1.00e+02  -6.0 7.05e+07    -  1.18e-07 6.32e-08f  1
   2  7.3366007e+04 8.19e+00 1.00e+02  -6.0 5.00e+07    -  2.66e-07 9.69e-08f  1
   3  7.1134583e+04 8.19e+00 1.00e+02  -6.0 1.07e+07    -  6.47e-07 2.15e-07f  1
   4  6.9832646e+04 8.18e+00 1.00e+02  -6.0 3.09e+06    -  2.39e-06 6.02e-07f  1
   5  6.9549154e+04 8.18e+00 1.00e+02  -6.0 1.62e+06    -  8.63e-06 9.01e-07f  1
   6  6.9208936e+04 8.18e+00 1.00e+02  -6.0 5.03e+05    -  1.19e-05 5.02e-06f  1
   7  6.9056447e+04 8.18e+00 1.00e+02  -6.0 1.42e+05    -  4.63e-05 1.12e-05f  1
   8  6.8963625e+04 8.18e+00 1.00e+02  -6.0 2.53e+04    -  2.12e-04 4.62e-05f  1
   9  6.8957569e+04 8.18e+00 9.99e+01  -6.0 1.28e+03    -  4.49e-03 1.44e-04f  1
iter    objective    inf_pr   inf_du lg(mu)  ||d||  lg(rg) alpha_du alpha_pr  ls
  10r 6.8957569e+04 8.18e+00 9.99e+02   0.7 0.00e+00    -  0.00e+00 4.79e-07R  3
  11r 6.8948745e+04 8.42e+00 9.99e+02   0.7 3.61e+06    -  1.71e-09 1.02e-07f  4
  12r 6.9030084e+04 9.06e+00 9.99e+02   0.7 1.09e+05    -  4.58e-07 2.52e-05f  1
  13r 6.9948191e+04 8.57e+00 9.99e+02   0.7 7.88e+03    -  6.31e-05 6.82e-05f  1
  14r 7.2149468e+04 7.11e+00 9.99e+02   0.7 7.88e+03    -  1.44e-04 2.00e-04f  1
  15r 7.3566411e+04 5.33e+00 9.98e+02   0.7 5.39e+03    -  8.79e-05 3.48e-04f  1
  16r 7.8532507e+04 4.22e+00 9.98e+02   0.7 3.92e+03    -  9.64e-04 5.41e-04f  1
  17r 8.3125842e+04 3.60e+00 9.97e+02   0.7 2.70e+03    -  1.17e-03 7.69e-04f  1
  18r 8.9270685e+04 2.65e+00 9.95e+02   0.7 1.58e+03    -  2.11e-03 1.77e-03f  1
  19r 1.1067201e+05 1.17e+00 9.89e+02   0.7 7.97e+02    -  7.23e-03 5.76e-03f  1
iter    objective    inf_pr   inf_du lg(mu)  ||d||  lg(rg) alpha_du alpha_pr  ls
  20r 1.2254202e+05 8.50e-01 9.68e+02   0.7 6.60e+02    -  2.86e-02 6.83e-03f  1
  21r 1.3211750e+05 1.12e+00 7.21e+02   0.7 1.86e+02    -  9.70e-01 1.94e-02f  1
  22r 1.3329709e+05 1.30e+00 6.89e+02   0.7 4.99e+01    -  4.32e-02 4.61e-02f  1
  23r 1.3944393e+05 2.53e-01 2.17e+02   0.7 1.51e+01    -  7.20e-01 5.02e-01f  1
  24  1.3932939e+05 7.21e-01 9.99e+01  -6.0 6.17e+05    -  9.31e-06 1.20e-06f  1
  25  1.3932938e+05 7.21e-01 9.99e+01  -6.0 9.28e+03    -  1.44e-03 6.74e-10f  1
  26  1.3919082e+05 7.21e-01 9.99e+01  -6.0 6.23e+03    -  2.59e-03 1.05e-04f  1
  27  1.3767424e+05 6.11e-01 9.96e+01  -6.0 3.37e+03    -  5.68e-03 2.68e-03f  1
  28  1.3767413e+05 6.11e-01 9.94e+01  -6.0 9.92e+02    -  2.27e-02 6.55e-07f  1
  29  1.3594594e+05 6.04e-01 9.70e+01  -6.0 5.22e+02    -  6.87e-03 2.52e-02f  1
iter    objective    inf_pr   inf_du lg(mu)  ||d||  lg(rg) alpha_du alpha_pr  ls
  30  1.3594593e+05 6.04e-01 9.65e+01  -6.0 4.66e+01    -  1.03e-01 1.87e-07h  1
  31  1.3593895e+05 6.03e-01 9.58e+01  -6.0 4.01e+01    -  1.11e-01 1.98e-03h  1
  32  1.3592007e+05 5.86e-01 9.31e+01  -6.0 1.61e+01    -  5.32e-02 2.71e-02h  1
  33  1.3592415e+05 5.79e-01 9.01e+01  -6.0 1.26e+01    -  4.50e-01 1.24e-02h  1
  34  1.3625034e+05 4.86e-01 7.63e+01  -6.0 6.37e+00    -  2.45e-01 1.58e-01h  1
  35  1.3625052e+05 4.86e-01 7.64e+01  -6.0 8.94e+00    -  2.49e-02 7.46e-05h  1
  36  1.3684473e+05 3.65e-01 5.32e+01  -6.0 8.90e+00    -  1.19e-03 2.93e-01h  1
  37  1.3777944e+05 1.75e-01 5.60e+01  -6.0 6.31e+00    -  4.73e-01 6.04e-01h  1
  38  1.3830535e+05 5.99e-02 2.34e+01  -6.0 2.66e+00    -  9.25e-01 8.10e-01h  1
  39  1.3837423e+05 2.53e-02 9.53e+00  -6.0 5.28e-01    -  1.00e+00 6.16e-01h  1
iter    objective    inf_pr   inf_du lg(mu)  ||d||  lg(rg) alpha_du alpha_pr  ls
  40  1.3841547e+05 1.23e-03 2.51e-01  -6.0 2.03e-01    -  9.50e-01 1.00e+00h  1
  41  1.3841557e+05 1.14e-05 5.86e-04  -6.0 1.26e-02    -  1.00e+00 9.99e-01h  1
  42  1.3841556e+05 1.20e-06 1.63e-05  -6.0 3.71e-03    -  1.00e+00 1.00e+00h  1
  43  1.3841556e+05 3.58e-08 4.89e-07  -6.0 6.37e-04    -  1.00e+00 1.00e+00h  1
  44  1.3841556e+05 1.61e-10 2.50e-09  -7.0 6.16e-05    -  1.00e+00 1.00e+00h  1

Number of Iterations....: 44

                                   (scaled)                 (unscaled)
Objective...............:   3.9723627699154490e+03    1.3841556258419494e+05
Dual infeasibility......:   2.5023341678037637e-09    8.7192940743824232e-08
Constraint violation....:   1.6119550139137573e-10    1.6119550139137573e-10
Variable bound violation:   1.0382614945569912e-07    1.0382614945569912e-07
Complementarity.........:   9.3644210387897278e-08    3.2629990799831716e-06
Overall NLP error.......:   9.3644210387897278e-08    3.2629990799831716e-06


Number of objective function evaluations             = 52
Number of objective gradient evaluations             = 33
Number of equality constraint evaluations            = 52
Number of inequality constraint evaluations          = 53
Number of equality constraint Jacobian evaluations   = 46
Number of inequality constraint Jacobian evaluations = 46
Number of Lagrangian Hessian evaluations             = 44
Total seconds in IPOPT                               = 0.031

EXIT: Optimal Solution Found.

