Solver command line: ['/opt/homebrew/bin/ipopt', '/var/folders/6y/bvynbx6n3zv7z3lwg6vd724r0000gn/T/tmpvry95yim.pyomo.nl', '-AMPL', 'tol=1e-06', 'max_iter=300', 'print_level=5', 'warm_start_init_point=yes', 'warm_start_bound_push=1e-06', 'warm_start_bound_frac=1e-06', 'warm_start_mult_bound_push=1e-06', 'mu_init=1e-06', 'least_square_init_duals=no']

Ipopt 3.14.19: tol=1e-06
max_iter=300
print_level=5
warm_start_init_point=yes
warm_start_bound_push=1e-06
warm_start_bound_frac=1e-06
warm_start_mult_bound_push=1e-06
mu_init=1e-06
least_square_init_duals=no


******************************************************************************
This program contains Ipopt, a library for large-scale nonlinear optimization.
 Ipopt is released as open source code under the Eclipse Public License (EPL).
         For more information visit https://github.com/coin-or/Ipopt
******************************************************************************

This is Ipopt version 3.14.19, running with linear solver MUMPS 5.6.2.

Number of nonzeros in equality constraint Jacobian...:      545
Number of nonzeros in inequality constraint Jacobian.:      368
Number of nonzeros in Lagrangian Hessian.............:      301

Total number of variables............................:       98
                     variables with only lower bounds:        0
                variables with lower and upper bounds:       98
                     variables with only upper bounds:        0
Total number of equality constraints.................:       79
Total number of inequality constraints...............:       92
        inequality constraints with only lower bounds:        0
   inequality constraints with lower and upper bounds:        0
        inequality constraints with only upper bounds:       92

iter    objective    inf_pr   inf_du lg(mu)  ||d||  lg(rg) alpha_du alpha_pr  ls
   0  1.3841544e+05 8.26e+00 6.85e+02  -6.0 0.00e+00    -  0.00e+00 0.00e+00   0
   1  1.3800605e+05 6.03e+00 4.95e+02  -6.0 6.16e+00    -  4.27e-01 2.53e-01f  1
   2  1.3800605e+05 6.03e+00 4.95e+02  -6.0 2.97e+00    -  9.67e-01 2.49e-07h  2
   3  1.3800285e+05 5.95e+00 4.88e+02  -6.0 2.87e+00    -  1.32e-01 1.31e-02h  1
   4  1.3800166e+05 5.91e+00 4.85e+02  -6.0 2.77e+00    -  3.06e-01 6.73e-03h  1
   5  1.3798277e+05 5.24e+00 4.30e+02  -6.0 2.69e+00    -  4.09e-01 1.14e-01h  1
   6  1.3796435e+05 3.95e+00 3.26e+02  -6.0 2.03e+00    -  1.36e-01 2.45e-01h  1
   7r 1.3796435e+05 3.95e+00 9.99e+02   0.4 0.00e+00    -  0.00e+00 3.61e-07R  5
   8r 1.3802043e+05 4.02e+00 9.99e+02   0.4 5.79e+04    -  9.57e-06 1.04e-05f  1
   9r 1.3774993e+05 3.00e+00 9.99e+02   0.4 1.95e+03    -  6.10e-05 4.26e-04f  1
iter    objective    inf_pr   inf_du lg(mu)  ||d||  lg(rg) alpha_du alpha_pr  ls
  10  1.3772292e+05 3.00e+00 1.00e+02  -6.0 4.89e+05    -  8.97e-07 2.33e-07f  1
  11  1.3771312e+05 3.00e+00 1.00e+02  -6.0 2.10e+04    -  3.04e-10 3.32e-05f  1
  12  1.3771024e+05 3.00e+00 1.00e+02  -6.0 2.07e+04    -  2.11e-05 6.27e-07f  1
  13  1.3769354e+05 3.00e+00 1.00e+02  -6.0 1.03e+04    -  9.91e-06 1.78e-04f  1
  14  1.3769277e+05 3.00e+00 1.00e+02  -6.0 1.77e+03    -  1.11e-06 1.05e-05f  1
  15  1.3764374e+05 3.00e+00 9.99e+01  -6.0 5.77e+03    -  6.25e-05 2.92e-04f  1
  16  1.3764362e+05 3.00e+00 9.99e+01  -6.0 2.16e+02    -  4.26e-06 7.64e-05h  1
  17  1.3763116e+05 2.99e+00 9.97e+01  -6.0 8.01e+02    -  2.26e-03 2.22e-03f  1
  18  1.3762832e+05 2.99e+00 9.95e+01  -6.0 9.89e+01    -  6.98e-06 2.42e-03h  1
  19  1.3759872e+05 2.96e+00 9.87e+01  -6.0 2.10e+02    -  3.37e-03 8.08e-03f  1
iter    objective    inf_pr   inf_du lg(mu)  ||d||  lg(rg) alpha_du alpha_pr  ls
  20  1.3760271e+05 2.94e+00 9.79e+01  -6.0 7.33e+00    -  1.02e-04 7.89e-03h  1
  21  1.3761108e+05 2.85e+00 9.51e+01  -6.0 2.93e+01    -  1.30e-01 2.85e-02h  2
  22  1.3762301e+05 2.80e+00 9.32e+01  -6.0 4.59e+00    -  1.57e-01 2.02e-02h  4
  23  1.3781458e+05 1.91e+00 6.42e+01  -6.0 3.15e+00    -  1.00e+00 3.11e-01h  1
  24  1.3790752e+05 1.58e+00 5.30e+01  -6.0 2.19e+00    -  7.46e-02 1.75e-01h  1
  25  1.3793902e+05 1.47e+00 4.94e+01  -6.0 2.28e+00    -  4.02e-01 6.84e-02h  1
  26  1.3799693e+05 1.27e+00 4.27e+01  -6.0 2.48e+00    -  1.00e+00 1.34e-01h  1
  27  1.3811217e+05 8.86e-01 2.98e+01  -6.0 1.06e+00    -  3.27e-01 3.04e-01h  1
  28  1.3817755e+05 6.81e-01 2.29e+01  -6.0 7.95e-01    -  8.70e-01 2.31e-01h  1
  29  1.3826377e+05 4.19e-01 1.41e+01  -6.0 6.34e-01    -  1.00e+00 3.85e-01h  1
iter    objective    inf_pr   inf_du lg(mu)  ||d||  lg(rg) alpha_du alpha_pr  ls
  30r 1.3826377e+05 4.19e-01 9.99e+02  -0.4 0.00e+00    -  0.00e+00 4.66e-07R  3
  31r 1.3824078e+05 1.07e+00 9.99e+02  -0.4 2.10e+03    -  1.20e-05 2.08e-04f  1
  32r 1.3824057e+05 1.07e+00 9.99e+02  -0.4 3.82e+03    -  1.96e-04 1.27e-06f  1
  33r 1.3818648e+05 9.33e-01 9.99e+02  -0.4 3.88e+02    -  2.06e-05 1.21e-03f  1
  34r 1.3815306e+05 5.93e-01 9.94e+02  -0.4 1.82e+02    -  4.29e-03 1.35e-03f  1
  35  1.3815177e+05 5.92e-01 9.99e+01  -6.0 1.25e+03    -  1.37e-04 1.20e-03h  1
  36  1.3815283e+05 5.89e-01 9.93e+01  -6.0 3.06e+00    -  1.16e-06 5.57e-03h  7
  37  1.3811566e+05 5.83e-01 9.84e+01  -6.0 2.01e+02    -  1.49e-03 9.38e-03f  1
  38  1.3810989e+05 5.74e-01 9.68e+01  -6.0 1.03e+02    -  3.23e-03 1.63e-02f  1
  39  1.3811265e+05 5.36e-01 9.03e+01  -6.0 1.39e+01    -  3.55e-07 6.67e-02h  2
iter    objective    inf_pr   inf_du lg(mu)  ||d||  lg(rg) alpha_du alpha_pr  ls
  40  1.3814656e+05 4.68e-01 7.90e+01  -6.0 3.32e+00    -  4.56e-01 1.26e-01h  2
  41  1.3831662e+05 1.56e-01 2.69e+01  -6.0 1.38e+00    -  8.61e-01 6.60e-01h  1
  42r 1.3831662e+05 1.56e-01 9.99e+02  -0.3 0.00e+00    -  0.00e+00 3.05e-07R  6
  43r 1.3831689e+05 1.71e-01 9.99e+02  -0.3 2.07e+04    -  4.96e-07 5.26e-07f  3
  44r 1.3831967e+05 1.40e-01 9.90e+02  -0.3 4.75e+02    -  9.41e-03 1.00e-03f  1
  45  1.3831824e+05 1.40e-01 1.00e+02  -6.0 2.06e+04    -  5.61e-05 2.63e-05f  1
  46  1.3831911e+05 1.37e-01 9.78e+01  -6.0 8.12e+00    -  1.39e-06 2.23e-02h  2
  47  1.3831959e+05 1.36e-01 9.68e+01  -6.0 1.15e+01    -  3.08e-02 1.01e-02h  4
  48  1.3832856e+05 1.21e-01 8.64e+01  -6.0 4.25e+00    -  2.71e-01 1.08e-01h  1
  49  1.3835043e+05 8.62e-02 6.14e+01  -6.0 2.49e+00    -  3.41e-01 2.89e-01h  1
iter    objective    inf_pr   inf_du lg(mu)  ||d||  lg(rg) alpha_du alpha_pr  ls
  50  1.3838669e+05 3.92e-02 2.60e+01  -6.0 1.98e+00    -  1.46e-01 5.76e-01H  1
  51  1.3839062e+05 3.28e-02 2.15e+01  -6.0 1.12e+00    -  1.00e+00 1.73e-01h  1
  52  1.3840245e+05 1.87e-02 9.65e+00  -6.0 6.72e-01    -  1.00e+00 5.51e-01h  1
  53  1.3840782e+05 1.12e-02 8.69e+00  -6.0 2.27e-01    -  7.62e-01 4.19e-01h  1
  54  1.3841460e+05 1.61e-03 9.60e-01  -6.0 1.27e-01    -  1.00e+00 8.88e-01h  1
  55  1.3841551e+05 9.57e-05 8.84e-02  -6.0 1.51e-02    -  1.00e+00 9.44e-01h  1
  56  1.3841556e+05 3.17e-08 3.62e-06  -6.0 1.14e-03    -  1.00e+00 1.00e+00h  1
  57  1.3841556e+05 4.45e-11 1.10e-09  -7.0 4.13e-05    -  1.00e+00 1.00e+00h  1

Number of Iterations....: 57

                                   (scaled)                 (unscaled)
Objective...............:   3.9723627699145650e+03    1.3841556258416414e+05
Dual infeasibility......:   1.1034690718836767e-09    3.8449985871328051e-08
Constraint violation....:   4.4497738826976274e-11    4.4497738826976274e-11
Variable bound violation:   1.0382616011384016e-07    1.0382616011384016e-07
Complementarity.........:   9.2175475128245956e-08    3.2118215241991091e-06
Overall NLP error.......:   9.2175475128245956e-08    3.2118215241991091e-06


Number of objective function evaluations             = 99
Number of objective gradient evaluations             = 53
Number of equality constraint evaluations            = 99
Number of inequality constraint evaluations          = 100
Number of equality constraint Jacobian evaluations   = 61
Number of inequality constraint Jacobian evaluations = 61
Number of Lagrangian Hessian evaluations             = 57
Total seconds in IPOPT                               = 0.041

EXIT: Optimal Solution Found.

