Solver command line: ['/opt/homebrew/bin/ipopt', '/var/folders/6y/bvynbx6n3zv7z3lwg6vd724r0000gn/T/tmpdbn6bztp.pyomo.nl', '-AMPL', 'tol=1e-06', 'max_iter=300', 'print_level=5', 'warm_start_init_point=yes', 'warm_start_bound_push=1e-06', 'warm_start_bound_frac=1e-06', 'warm_start_mult_bound_push=1e-06', 'mu_init=1e-06', 'least_square_init_duals=no']

Ipopt 3.14.19: tol=1e-06
max_iter=300
print_level=5
warm_start_init_point=yes
warm_start_bound_push=1e-06
warm_start_bound_frac=1e-06
warm_start_mult_bound_push=1e-06
mu_init=1e-06
least_square_init_duals=no


******************************************************************************
This program contains Ipopt, a library for large-scale nonlinear optimization.
 Ipopt is released as open source code under the Eclipse Public License (EPL).
         For more information visit https://github.com/coin-or/Ipopt
******************************************************************************

This is Ipopt version 3.14.19, running with linear solver MUMPS 5.6.2.

Number of nonzeros in equality constraint Jacobian...:      545
Number of nonzeros in inequality constraint Jacobian.:      368
Number of nonzeros in Lagrangian Hessian.............:      301

Total number of variables............................:       98
                     variables with only lower bounds:        0
                variables with lower and upper bounds:       98
                     variables with only upper bounds:        0
Total number of equality constraints.................:       79
Total number of inequality constraints...............:       92
        inequality constraints with only lower bounds:        0
   inequality constraints with lower and upper bounds:        0
        inequality constraints with only upper bounds:       92

iter    objective    inf_pr   inf_du lg(mu)  ||d||  lg(rg) alpha_du alpha_pr  ls
   0  8.4942038e+04 6.72e+00 1.00e+02  -6.0 0.00e+00    -  0.00e+00 0.00e+00   0
   1  6.7789131e+04 6.72e+00 1.00e+02  -6.0 1.06e+08    -  2.42e-08 4.91e-08f  1
   2  6.5840815e+04 6.72e+00 1.00e+02  -6.0 4.28e+07    -  2.93e-08 2.88e-08f  1
   3  6.2888953e+04 6.72e+00 1.00e+02  -6.0 3.19e+07    -  3.58e-07 7.26e-08f  1
   4  6.1052279e+04 6.72e+00 1.00e+02  -6.0 1.22e+07    -  1.30e-06 3.04e-07f  1
   5  6.0495618e+04 6.72e+00 1.00e+02  -6.0 4.56e+06    -  7.15e-06 1.29e-06f  1
   6  6.0315263e+04 6.73e+00 1.00e+02  -6.0 8.86e+05    -  1.51e-05 7.59e-06f  1
   7  6.0314355e+04 6.73e+00 1.00e+02  -6.0 2.57e+04    -  1.13e-04 6.35e-06f  1
   8  6.0313393e+04 6.73e+00 1.00e+02  -6.0 4.01e+04    -  9.41e-05 8.39e-05h  1
   9  6.0307642e+04 6.73e+00 1.00e+02  -6.0 2.14e+04    -  8.13e-05 1.94e-04f  1
iter    objective    inf_pr   inf_du lg(mu)  ||d||  lg(rg) alpha_du alpha_pr  ls
  10r 6.0307642e+04 6.73e+00 9.99e+02   1.4 0.00e+00    -  0.00e+00 1.49e-10R 22
  11r 6.0144340e+04 6.74e+00 9.99e+02   1.4 3.07e+08    -  5.40e-10 8.97e-10f  1
  12r 6.0317231e+04 6.72e+00 9.99e+02   0.7 2.74e+04    -  2.26e-05 9.63e-06f  1
  13r 5.9985818e+04 6.63e+00 9.98e+02   0.7 2.65e+04    -  1.16e-03 1.00e-04f  1
  14  5.9763913e+04 6.63e+00 1.00e+02  -6.0 8.04e+07    -  1.10e-08 1.61e-08f  1
  15  5.9763911e+04 6.63e+00 1.00e+02  -6.0 7.78e+05    -  3.03e-06 6.22e-10h  1
  16  5.9749604e+04 6.63e+00 1.00e+02  -6.0 5.98e+05    -  1.68e-08 7.02e-06f  1
  17  5.9734350e+04 6.64e+00 1.00e+02  -6.0 1.06e+05    -  7.32e-09 2.67e-05f  1
  18  5.9709620e+04 6.64e+00 1.00e+02  -6.0 4.85e+04    -  7.58e-10 5.71e-05f  1
  19  5.9650299e+04 6.64e+00 1.00e+02  -6.0 5.02e+03    -  4.52e-04 2.66e-04f  1
iter    objective    inf_pr   inf_du lg(mu)  ||d||  lg(rg) alpha_du alpha_pr  ls
  20  5.9684824e+04 6.63e+00 9.98e+01  -6.0 5.22e+02    -  3.89e-03 6.21e-04h  1
  21  5.9759141e+04 6.62e+00 9.86e+01  -6.0 1.21e+02    -  3.92e-02 1.15e-03h  3
  22  5.9763232e+04 6.62e+00 9.27e+01  -6.0 8.12e+01    -  2.16e-01 6.33e-05h  9
  23  6.2213584e+04 6.37e+00 8.92e+01  -6.0 8.14e+01    -  3.79e-02 3.79e-02s 18
  24  6.2272804e+04 6.36e+00 8.91e+01  -6.0 7.66e+01    -  9.50e-04 9.50e-04s 18
  25  6.2294377e+04 6.36e+00 8.91e+01  -6.0 1.27e+02    -  3.46e-04 3.46e-04s 18
  26  6.2595953e+04 6.33e+00 8.87e+01  -6.0 1.22e+02    -  4.84e-03 4.84e-03s 18
  27  6.2796062e+04 6.31e+00 8.84e+01  -6.0 7.65e+01    -  3.23e-03 3.23e-03s 18
  28  6.3233147e+04 6.27e+00 8.77e+01  -6.0 7.64e+01    -  7.08e-03 7.08e-03s 18
  29  6.4004480e+04 6.19e+00 8.66e+01  -6.0 7.62e+01    -  1.26e-02 1.26e-02s 18
iter    objective    inf_pr   inf_du lg(mu)  ||d||  lg(rg) alpha_du alpha_pr  ls
  30r 6.4004480e+04 6.19e+00 9.99e+02   1.4 0.00e+00    -  0.00e+00 0.00e+00R  1
  31r 6.4002594e+04 6.19e+00 9.99e+02   1.4 1.14e+07    -  2.03e-10 1.83e-10f  2
  32r 6.4052024e+04 6.18e+00 9.99e+02   1.4 3.13e+05    -  1.54e-08 4.34e-07f  1
  33r 6.3323487e+04 6.18e+00 9.99e+02   1.4 3.64e+04    -  4.47e-05 5.63e-05f  1
  34r 6.3575653e+04 4.97e+00 9.98e+02   1.4 3.03e+04    -  6.14e-04 1.05e-03f  1
  35r 6.3575653e+04 4.97e+00 9.99e+02   0.7 0.00e+00    -  0.00e+00 3.81e-07R  9
  36r 6.4455987e+04 4.21e+00 9.97e+02   0.7 3.84e+04    -  1.55e-03 4.61e-04f  1
  37r 6.4455987e+04 4.21e+00 9.99e+02   0.6 0.00e+00    -  0.00e+00 2.65e-07R 10
  38r 6.3389946e+04 3.90e+00 9.98e+02   0.6 3.62e+04    -  1.28e-03 5.68e-04f  1
  39  6.3370664e+04 3.90e+00 9.60e+01  -6.0 3.08e+06    -  6.91e-06 1.03e-06f  1
iter    objective    inf_pr   inf_du lg(mu)  ||d||  lg(rg) alpha_du alpha_pr  ls
  40r 6.3370664e+04 3.90e+00 9.99e+02   0.6 0.00e+00    -  0.00e+00 3.55e-07R  8
  41r 6.3000584e+04 3.92e+00 9.99e+02   0.6 1.64e+08    -  2.62e-07 4.63e-09f  6
  42r 6.3627644e+04 4.00e+00 9.97e+02   0.6 1.12e+04    -  1.67e-03 4.62e-04f  1
  43  6.3622736e+04 4.00e+00 9.92e+01  -6.0 5.62e+05    -  8.41e-06 2.70e-07f  1
  44r 6.3622736e+04 4.00e+00 9.99e+02   0.3 0.00e+00    -  0.00e+00 2.64e-07R  9
  45r 6.6846469e+04 3.83e+00 9.99e+02   0.3 4.42e+05    -  4.35e-05 1.74e-05f  1
  46r 6.6993193e+04 3.82e+00 9.99e+02   0.3 3.03e+04    -  8.61e-04 3.37e-05f  1
  47r 6.9069395e+04 3.80e+00 9.98e+02   0.3 8.82e+03    -  1.26e-04 1.02e-03f  1
  48r 6.9639905e+04 3.82e+00 9.97e+02   0.3 6.96e+03    -  5.69e-04 3.36e-04f  1
  49r 7.3326126e+04 5.20e+00 9.97e+02   0.3 3.23e+03    -  8.55e-04 1.93e-03f  1
iter    objective    inf_pr   inf_du lg(mu)  ||d||  lg(rg) alpha_du alpha_pr  ls
  50r 8.3760181e+04 7.60e+00 9.96e+02   0.3 2.19e+03    -  9.92e-04 3.46e-03f  1
  51r 8.8706887e+04 8.15e+00 9.88e+02   0.3 2.33e+03    -  2.55e-02 1.87e-03f  1
  52r 1.0323448e+05 6.51e+00 9.77e+02   0.3 7.21e+02    -  5.76e-03 1.08e-02f  1
  53r 1.1533829e+05 3.80e+00 9.70e+02   0.3 6.78e+02    -  2.63e-02 7.90e-03f  1
  54r 1.2458458e+05 1.77e+00 9.62e+02   0.3 6.94e+02    -  4.18e-02 7.02e-03f  1
  55r 1.3005761e+05 1.66e+00 9.51e+02   0.3 6.34e+02    -  5.72e-02 7.62e-03f  1
  56r 1.3863967e+05 1.47e+00 5.35e+02   0.3 1.30e+02    -  5.08e-01 6.75e-02f  1
  57r 1.4368527e+05 2.38e-01 4.87e+02   0.3 3.75e+01    -  7.64e-02 4.88e-01f  1
  58r 1.4415222e+05 1.45e-02 3.90e+01   0.3 5.71e+00    -  1.00e+00 8.11e-01f  1
  59  1.4413046e+05 1.45e-02 9.92e+01  -6.0 4.75e+06    -  5.29e-07 1.38e-07f  1
iter    objective    inf_pr   inf_du lg(mu)  ||d||  lg(rg) alpha_du alpha_pr  ls
  60  1.4411648e+05 1.62e-02 9.92e+01  -6.0 8.02e+04    -  2.97e-05 1.93e-05f  1
  61  1.4410024e+05 1.63e-02 9.92e+01  -6.0 3.60e+03    -  9.59e-05 3.00e-05f  1
  62  1.4398483e+05 5.09e-02 9.92e+01  -6.0 1.16e+04    -  2.54e-04 2.15e-04f  1
  63  1.4383341e+05 6.62e-02 9.92e+01  -6.0 1.49e+04    -  3.62e-09 2.84e-04f  1
  64  1.4369691e+05 6.72e-02 9.91e+01  -6.0 4.18e+03    -  1.86e-03 2.85e-04f  1
  65  1.4325158e+05 6.84e-02 9.89e+01  -6.0 2.33e+03    -  6.44e-03 1.04e-03f  1
  66  1.4310293e+05 2.63e-01 9.84e+01  -6.0 1.39e+03    -  2.00e-02 4.58e-04f  1
  67  1.4305309e+05 2.64e-01 9.83e+01  -6.0 6.65e+02    -  4.47e-03 2.79e-04f  1
  68  1.4284062e+05 2.64e-01 9.80e+01  -6.0 5.24e+02    -  1.99e-02 1.77e-03f  1
  69  1.4122942e+05 2.68e-01 9.58e+01  -6.0 3.33e+02    -  5.82e-02 1.98e-02f  1
iter    objective    inf_pr   inf_du lg(mu)  ||d||  lg(rg) alpha_du alpha_pr  ls
  70  1.3874282e+05 2.06e-01 8.71e+01  -6.0 1.39e+02    -  2.12e-01 8.53e-02f  1
  71  1.3874281e+05 2.06e-01 8.58e+01  -6.0 4.14e+01    -  4.68e-01 2.07e-06h  1
  72  1.3841203e+05 1.67e-01 6.99e+01  -6.0 3.06e+01    -  3.24e-01 1.81e-01f  1
  73  1.3841203e+05 1.67e-01 7.31e+01  -6.0 5.63e+00    -  1.00e+00 5.42e-07h  2
  74  1.3840638e+05 5.29e-03 1.87e+01  -6.0 3.99e+00    -  9.94e-01 9.32e-01h  1
  75  1.3841400e+05 1.09e-03 2.59e+00  -6.0 5.72e-01    -  9.88e-01 8.56e-01h  1
  76  1.3841556e+05 3.03e-05 5.73e-03  -6.0 9.05e-02    -  1.00e+00 9.97e-01h  1
  77  1.3841556e+05 3.72e-06 5.35e-05  -6.0 6.55e-03    -  1.00e+00 1.00e+00h  1
  78  1.3841556e+05 2.86e-07 3.91e-06  -6.0 1.84e-03    -  1.00e+00 1.00e+00h  1
  79  1.3841556e+05 2.94e-09 3.58e-08  -7.0 1.84e-04    -  1.00e+00 1.00e+00h  1

Number of Iterations....: 79

                                   (scaled)                 (unscaled)
Objective...............:   3.9723627699440367e+03    1.3841556258519107e+05
Dual infeasibility......:   3.5785745255978441e-08    1.2469415179335123e-06
Constraint violation....:   2.9378703914062498e-09    2.9378703914062498e-09
Variable bound violation:   1.0382608373049607e-07    1.0382608373049607e-07
Complementarity.........:   1.5387078422208320e-07    5.3615725443485210e-06
Overall NLP error.......:   1.5387078422208320e-07    5.3615725443485210e-06


Number of objective function evaluations             = 180
Number of objective gradient evaluations             = 61
Number of equality constraint evaluations            = 180
Number of inequality constraint evaluations          = 181
Number of equality constraint Jacobian evaluations   = 86
Number of inequality constraint Jacobian evaluations = 86
Number of Lagrangian Hessian evaluations             = 79
Total seconds in IPOPT                               = 0.058

EXIT: Optimal Solution Found.

