Solver command line: ['/opt/homebrew/bin/ipopt', '/var/folders/6y/bvynbx6n3zv7z3lwg6vd724r0000gn/T/tmp331lvr8o.pyomo.nl', '-AMPL', 'tol=1e-06', 'max_iter=300', 'print_level=5', 'warm_start_init_point=yes', 'warm_start_bound_push=1e-06', 'warm_start_bound_frac=1e-06', 'warm_start_mult_bound_push=1e-06', 'mu_init=1e-06', 'least_square_init_duals=no']

Ipopt 3.14.19: tol=1e-06
max_iter=300
print_level=5
warm_start_init_point=yes
warm_start_bound_push=1e-06
warm_start_bound_frac=1e-06
warm_start_mult_bound_push=1e-06
mu_init=1e-06
least_square_init_duals=no


******************************************************************************
This program contains Ipopt, a library for large-scale nonlinear optimization.
 Ipopt is released as open source code under the Eclipse Public License (EPL).
         For more information visit https://github.com/coin-or/Ipopt
******************************************************************************

This is Ipopt version 3.14.19, running with linear solver MUMPS 5.6.2.

Number of nonzeros in equality constraint Jacobian...:      545
Number of nonzeros in inequality constraint Jacobian.:      368
Number of nonzeros in Lagrangian Hessian.............:      301

Total number of variables............................:       98
                     variables with only lower bounds:        0
                variables with lower and upper bounds:       98
                     variables with only upper bounds:        0
Total number of equality constraints.................:       79
Total number of inequality constraints...............:       92
        inequality constraints with only lower bounds:        0
   inequality constraints with lower and upper bounds:        0
        inequality constraints with only upper bounds:       92

iter    objective    inf_pr   inf_du lg(mu)  ||d||  lg(rg) alpha_du alpha_pr  ls
   0  1.3841544e+05 2.00e+00 1.18e+01  -6.0 0.00e+00    -  0.00e+00 0.00e+00   0
   1  1.3840418e+05 1.96e+00 1.15e+01  -6.0 2.64e+00    -  4.48e-01 1.98e-02h  1
   2  1.3833605e+05 1.70e+00 3.35e+01  -6.0 3.40e+00    -  5.34e-01 1.32e-01f  1
   3  1.3833235e+05 1.68e+00 3.83e+01  -6.0 3.08e+00    -  6.14e-02 1.41e-02h  1
   4  1.3832604e+05 1.64e+00 3.76e+01  -6.0 3.69e+00    -  3.57e-04 2.14e-02h  1
   5  1.3829252e+05 1.47e+00 3.37e+01  -6.0 2.06e+00    -  8.83e-03 1.08e-01f  1
   6  1.3820987e+05 9.70e-01 2.41e+01  -6.0 1.83e+00    -  1.11e-01 3.39e-01f  1
   7r 1.3820987e+05 9.70e-01 9.99e+02  -0.0 0.00e+00    -  0.00e+00 2.82e-07R  3
   8r 1.3823196e+05 9.63e-01 9.99e+02  -0.0 1.98e+05    -  1.77e-05 6.38e-07f  3
   9r 1.3831190e+05 6.47e-01 9.98e+02  -0.0 3.23e+03    -  5.87e-04 3.62e-04f  1
iter    objective    inf_pr   inf_du lg(mu)  ||d||  lg(rg) alpha_du alpha_pr  ls
  10r 1.3842746e+05 3.23e-01 9.98e+02  -0.0 2.01e+03    -  5.59e-05 9.97e-04f  1
  11r 1.3846043e+05 3.58e-01 9.98e+02  -0.0 1.62e+03    -  1.25e-04 1.82e-03f  1
  12r 1.3846977e+05 3.50e-01 9.93e+02  -0.0 3.60e+01    -  5.63e-03 2.17e-03f  1
  13r 1.3849639e+05 3.18e-01 9.50e+02  -0.0 1.90e+01    -  4.31e-02 9.38e-03f  1
  14r 1.3858659e+05 2.26e-01 9.26e+02  -0.0 2.08e+01    -  2.54e-02 5.20e-02f  1
  15r 1.3864992e+05 1.24e-01 8.25e+02  -0.0 1.30e+01    -  1.09e-01 1.09e-01f  1
  16r 1.3893589e+05 8.61e-02 2.09e+02  -0.0 4.12e+00    -  7.47e-01 4.07e-01f  1
  17r 1.4102131e+05 2.09e-01 1.11e+02  -0.0 9.82e+00    -  4.70e-01 7.78e-01f  1
  18r 1.4197969e+05 1.25e-01 1.31e+01  -0.0 1.29e+01    -  9.15e-01 7.20e-01f  1
  19r 1.4271564e+05 1.29e-03 5.60e+00  -0.7 8.04e+00    -  1.00e+00 1.00e+00f  1
iter    objective    inf_pr   inf_du lg(mu)  ||d||  lg(rg) alpha_du alpha_pr  ls
  20  1.4249187e+05 5.09e-03 1.00e+02  -6.0 1.27e+06    -  7.93e-07 2.90e-07f  1
  21  1.4244484e+05 9.54e-03 1.00e+02  -6.0 4.13e+05    -  4.30e-06 1.39e-06f  1
  22  1.4243682e+05 9.55e-03 1.00e+02  -6.0 6.81e+04    -  1.45e-05 5.29e-06f  1
  23  1.4242824e+05 1.44e-02 1.00e+02  -6.0 1.84e+04    -  1.18e-04 2.63e-05f  1
  24  1.4242714e+05 1.44e-02 1.00e+02  -6.0 2.73e+02    -  7.39e-03 1.49e-04f  1
  25  1.4203927e+05 1.31e-02 9.19e+01  -6.0 1.21e+01    -  2.83e-02 8.06e-02f  2
  26  1.4181878e+05 1.24e-02 8.71e+01  -6.0 1.15e+01    -  2.19e-01 5.22e-02f  1
  27  1.4109352e+05 1.26e-02 7.07e+01  -6.0 7.72e+00    -  9.81e-01 1.92e-01f  1
  28  1.3910286e+05 3.76e-03 8.97e+01  -6.0 4.54e+00    -  1.35e-01 7.56e-01F  1
  29  1.3867842e+05 7.64e-03 3.38e+01  -6.0 8.76e-01    -  2.38e-01 6.33e-01f  1
iter    objective    inf_pr   inf_du lg(mu)  ||d||  lg(rg) alpha_du alpha_pr  ls
  30  1.3858622e+05 5.10e-03 2.18e+01  -6.0 2.40e-01    -  6.93e-01 3.57e-01f  1
  31  1.3841982e+05 4.02e-03 2.54e+01  -6.0 2.51e-01    -  4.61e-01 1.00e+00f  1
  32  1.3841635e+05 6.36e-04 6.84e+00  -6.0 6.43e-02    -  6.74e-01 7.51e-01h  1
  33  1.3841574e+05 3.64e-04 5.82e-01  -6.0 7.81e-02    -  1.00e+00 6.96e-01h  1
  34  1.3841576e+05 1.98e-04 1.64e+00  -6.0 8.68e-02    -  5.14e-01 4.65e-01h  1
  35  1.3841557e+05 3.00e-05 4.14e-04  -6.0 2.86e-02    -  1.00e+00 1.00e+00f  1
  36  1.3841556e+05 1.62e-06 2.27e-05  -6.0 4.73e-03    -  1.00e+00 1.00e+00h  1
  37  1.3841556e+05 6.61e-08 9.04e-07  -6.0 8.35e-04    -  1.00e+00 1.00e+00h  1
  38  1.3841556e+05 3.17e-10 4.34e-09  -7.0 6.62e-05    -  1.00e+00 1.00e+00h  1

Number of Iterations....: 38

                                   (scaled)                 (unscaled)
Objective...............:   3.9723627699168428e+03    1.3841556258424351e+05
Dual infeasibility......:   4.3380037420559254e-09    1.5115619172460279e-07
Constraint violation....:   3.1662494848205824e-10    3.1662494848205824e-10
Variable bound violation:   1.0382614235027177e-07    1.0382614235027177e-07
Complementarity.........:   9.6811676052812395e-08    3.3733682902918966e-06
Overall NLP error.......:   9.6811676052812395e-08    3.3733682902918966e-06


Number of objective function evaluations             = 49
Number of objective gradient evaluations             = 28
Number of equality constraint evaluations            = 49
Number of inequality constraint evaluations          = 50
Number of equality constraint Jacobian evaluations   = 40
Number of inequality constraint Jacobian evaluations = 40
Number of Lagrangian Hessian evaluations             = 38
Total seconds in IPOPT                               = 0.028

EXIT: Optimal Solution Found.

