Solver command line: ['/opt/homebrew/bin/ipopt', '/var/folders/6y/bvynbx6n3zv7z3lwg6vd724r0000gn/T/tmpetn08n7d.pyomo.nl', '-AMPL', 'tol=1e-06', 'max_iter=300', 'print_level=5', 'warm_start_init_point=yes', 'warm_start_bound_push=1e-06', 'warm_start_bound_frac=1e-06', 'warm_start_mult_bound_push=1e-06', 'mu_init=1e-06', 'least_square_init_duals=no']

Ipopt 3.14.19: tol=1e-06
max_iter=300
print_level=5
warm_start_init_point=yes
warm_start_bound_push=1e-06
warm_start_bound_frac=1e-06
warm_start_mult_bound_push=1e-06
mu_init=1e-06
least_square_init_duals=no


******************************************************************************
This program contains Ipopt, a library for large-scale nonlinear optimization.
 Ipopt is released as open source code under the Eclipse Public License (EPL).
         For more information visit https://github.com/coin-or/Ipopt
******************************************************************************

This is Ipopt version 3.14.19, running with linear solver MUMPS 5.6.2.

Number of nonzeros in equality constraint Jacobian...:      545
Number of nonzeros in inequality constraint Jacobian.:      368
Number of nonzeros in Lagrangian Hessian.............:      301

Total number of variables............................:       98
                     variables with only lower bounds:        0
                variables with lower and upper bounds:       98
                     variables with only upper bounds:        0
Total number of equality constraints.................:       79
Total number of inequality constraints...............:       92
        inequality constraints with only lower bounds:        0
   inequality constraints with lower and upper bounds:        0
        inequality constraints with only upper bounds:       92

iter    objective    inf_pr   inf_du lg(mu)  ||d||  lg(rg) alpha_du alpha_pr  ls
   0  8.4942038e+04 8.31e+00 3.61e+03  -6.0 0.00e+00    -  0.00e+00 0.00e+00   0
   1  9.1376829e+04 7.46e+00 3.40e+03  -6.0 3.64e+00   2.0 9.42e-02 1.04e-01h  1
   2  9.5865321e+04 6.89e+00 8.40e+03  -6.0 6.25e+00   1.5 2.32e-05 7.45e-02h  1
   3  1.0358265e+05 6.10e+00 1.11e+04  -6.0 1.28e+01   1.0 4.99e-05 1.08e-01h  2
   4  1.0907497e+05 5.48e+00 2.38e+04  -6.0 1.05e+01   1.5 1.51e-02 9.22e-02h  1
   5  1.1343450e+05 5.07e+00 2.06e+04  -6.0 1.77e+01    -  1.38e-06 7.40e-02h  1
   6  1.1413258e+05 5.01e+00 1.87e+04  -6.0 6.19e+01    -  1.37e-04 7.80e-03h  1
   7r 1.1413258e+05 5.01e+00 9.99e+02   0.6 0.00e+00    -  0.00e+00 3.12e-07R  2
   8r 1.1241755e+05 5.06e+00 9.99e+02   0.6 2.99e+06    -  2.64e-06 8.08e-07f  4
   9r 1.2249141e+05 2.54e+00 9.98e+02   0.6 7.75e+03    -  8.30e-04 1.04e-03f  1
iter    objective    inf_pr   inf_du lg(mu)  ||d||  lg(rg) alpha_du alpha_pr  ls
  10r 1.3138124e+05 1.73e+00 9.81e+02   0.6 5.50e+03    -  1.85e-02 1.85e-03f  1
  11r 1.4827931e+05 7.27e-01 3.86e+02   0.6 8.58e+02    -  1.00e+00 1.54e-02f  1
  12r 1.5367859e+05 2.38e-01 1.42e+02   0.6 2.23e+01    -  8.81e-01 6.69e-01f  1
  13r 1.5500666e+05 1.53e-02 8.60e+01  -0.1 8.93e+00    -  1.00e+00 9.73e-01f  1
  14  1.5352163e+05 1.93e-02 9.99e+01  -6.0 1.16e+04    -  1.68e-04 5.41e-04f  1
  15  1.5290959e+05 2.19e-02 9.98e+01  -6.0 3.16e+03    -  5.06e-03 7.26e-04f  1
  16  1.5213290e+05 3.87e-02 9.93e+01  -6.0 4.98e+02    -  9.69e-03 5.06e-03f  1
  17  1.5194557e+05 3.87e-02 9.91e+01  -6.0 1.83e+02    -  3.71e-02 2.67e-03f  1
  18  1.5117228e+05 3.81e-02 9.78e+01  -6.0 1.58e+02    -  3.41e-02 1.32e-02f  1
  19  1.5024456e+05 3.72e-02 9.56e+01  -6.0 8.99e+01    -  1.25e-01 2.16e-02f  1
iter    objective    inf_pr   inf_du lg(mu)  ||d||  lg(rg) alpha_du alpha_pr  ls
  20  1.4924041e+05 3.57e-02 9.23e+01  -6.0 6.52e+01    -  5.19e-03 3.49e-02f  1
  21  1.4680859e+05 3.08e-02 8.68e+01  -6.0 5.59e+01    -  3.29e-03 1.08e-01f  1
  22  1.4422049e+05 2.47e-02 1.61e+02  -6.0 3.84e+01    -  4.34e-02 2.05e-01f  1
  23  1.4382998e+05 2.35e-02 1.54e+02  -6.0 2.53e+01    -  4.43e-01 5.77e-02f  1
  24  1.4026084e+05 3.10e-02 2.65e+02  -6.0 2.36e+01    -  1.70e-01 5.82e-01f  1
  25  1.4009676e+05 2.80e-02 2.39e+02  -6.0 9.48e+00    -  7.47e-01 9.82e-02f  1
  26  1.3852934e+05 6.03e-03 4.21e+01  -6.0 9.38e+00    -  8.81e-01 9.39e-01f  1
  27  1.3847006e+05 2.82e-03 1.97e+01  -6.0 9.93e-01    -  1.00e+00 5.33e-01f  1
  28  1.3841549e+05 4.58e-04 3.17e-02  -6.0 4.79e-01    -  1.00e+00 1.00e+00f  1
  29  1.3841556e+05 9.54e-12 6.95e-08  -6.0 2.98e-04    -  1.00e+00 1.00e+00h  1
iter    objective    inf_pr   inf_du lg(mu)  ||d||  lg(rg) alpha_du alpha_pr  ls
  30  1.3841556e+05 4.45e-11 1.10e-09  -7.0 4.13e-05    -  1.00e+00 1.00e+00h  1

Number of Iterations....: 30

                                   (scaled)                 (unscaled)
Objective...............:   3.9723627699145700e+03    1.3841556258416432e+05
Dual infeasibility......:   1.1006089399231977e-09    3.8350325594232269e-08
Constraint violation....:   4.4515502395370277e-11    4.4515502395370277e-11
Variable bound violation:   1.0382616011384016e-07    1.0382616011384016e-07
Complementarity.........:   9.2176904384357467e-08    3.2118713261180701e-06
Overall NLP error.......:   9.2176904384357467e-08    3.2118713261180701e-06


Number of objective function evaluations             = 40
Number of objective gradient evaluations             = 26
Number of equality constraint evaluations            = 40
Number of inequality constraint evaluations          = 40
Number of equality constraint Jacobian evaluations   = 32
Number of inequality constraint Jacobian evaluations = 32
Number of Lagrangian Hessian evaluations             = 30
Total seconds in IPOPT                               = 0.026

EXIT: Optimal Solution Found.

