Solver command line: ['/opt/homebrew/bin/ipopt', '/var/folders/6y/bvynbx6n3zv7z3lwg6vd724r0000gn/T/tmpavzhrjit.pyomo.nl', '-AMPL', 'tol=1e-06', 'max_iter=300', 'print_level=5', 'warm_start_init_point=yes', 'warm_start_bound_push=1e-06', 'warm_start_bound_frac=1e-06', 'warm_start_mult_bound_push=1e-06', 'mu_init=1e-06', 'least_square_init_duals=no']

Ipopt 3.14.19: tol=1e-06
max_iter=300
print_level=5
warm_start_init_point=yes
warm_start_bound_push=1e-06
warm_start_bound_frac=1e-06
warm_start_mult_bound_push=1e-06
mu_init=1e-06
least_square_init_duals=no


******************************************************************************
This program contains Ipopt, a library for large-scale nonlinear optimization.
 Ipopt is released as open source code under the Eclipse Public License (EPL).
         For more information visit https://github.com/coin-or/Ipopt
******************************************************************************

This is Ipopt version 3.14.19, running with linear solver MUMPS 5.6.2.

Number of nonzeros in equality constraint Jacobian...:      545
Number of nonzeros in inequality constraint Jacobian.:      368
Number of nonzeros in Lagrangian Hessian.............:      301

Total number of variables............................:       98
                     variables with only lower bounds:        0
                variables with lower and upper bounds:       98
                     variables with only upper bounds:        0
Total number of equality constraints.................:       79
Total number of inequality constraints...............:       92
        inequality constraints with only lower bounds:        0
   inequality constraints with lower and upper bounds:        0
        inequality constraints with only upper bounds:       92

iter    objective    inf_pr   inf_du lg(mu)  ||d||  lg(rg) alpha_du alpha_pr  ls
   0  1.3841544e+05 2.00e+00 5.72e+01  -6.0 0.00e+00    -  0.00e+00 0.00e+00   0
   1  1.3841513e+05 2.00e+00 4.17e+01  -6.0 2.59e+00    -  3.34e-01 5.03e-04h  1
   2  1.3839844e+05 1.94e+00 4.11e+01  -6.0 2.58e+00    -  3.72e-01 3.04e-02f  1
   3  1.3833445e+05 1.69e+00 3.87e+01  -6.0 2.84e+00    -  2.01e-01 1.30e-01f  1
   4  1.3831223e+05 1.57e+00 3.64e+01  -6.0 2.09e+00    -  1.46e-02 6.98e-02f  1
   5  1.3830137e+05 1.51e+00 3.51e+01  -6.0 1.95e+00    -  6.79e-02 3.94e-02h  1
   6  1.3820982e+05 9.63e-01 2.46e+01  -6.0 1.87e+00    -  4.06e-01 3.61e-01f  1
   7  1.3821149e+05 9.49e-01 2.42e+01  -6.0 1.32e+00    -  1.80e-01 1.39e-02h  1
   8  1.3826288e+05 5.46e-01 1.48e+01  -6.0 1.29e+00    -  6.03e-01 4.25e-01h  1
   9  1.3831073e+05 3.27e-01 9.25e+00  -6.0 5.50e-01    -  6.56e-01 4.01e-01h  1
iter    objective    inf_pr   inf_du lg(mu)  ||d||  lg(rg) alpha_du alpha_pr  ls
  10  1.3834571e+05 2.01e-01 5.76e+00  -6.0 3.87e-01    -  5.42e-01 3.86e-01h  1
  11r 1.3834571e+05 2.01e-01 9.99e+02  -0.7 0.00e+00    -  0.00e+00 3.18e-07R  2
  12r 1.3834529e+05 2.01e-01 9.99e+02  -0.7 7.61e+03    -  3.34e-06 1.50e-07f 10
  13r 1.3839692e+05 1.97e-01 1.00e+03  -0.7 1.16e+04    -  6.96e-06 2.79e-05f  1
  14r 1.3839939e+05 5.34e-02 9.96e+02  -0.7 2.23e+02    -  4.10e-03 9.28e-04f  1
  15  1.3840464e+05 3.56e-02 6.67e+01  -6.0 9.72e-01    -  5.88e-01 3.33e-01h  1
  16  1.3840921e+05 2.10e-02 3.93e+01  -6.0 4.01e-02    -  5.35e-02 4.11e-01h  1
  17  1.3840941e+05 2.00e-02 3.74e+01  -6.0 4.94e-01    -  6.63e-02 4.80e-02h  1
  18  1.3841381e+05 5.30e-03 6.29e+00  -6.0 3.28e-01    -  6.77e-02 8.32e-01h  1
  19  1.3841555e+05 5.46e-05 2.39e-02  -6.0 4.51e-02    -  1.00e+00 9.99e-01h  1
iter    objective    inf_pr   inf_du lg(mu)  ||d||  lg(rg) alpha_du alpha_pr  ls
  20  1.3841556e+05 1.54e-07 2.55e-06  -6.0 2.44e-03    -  1.00e+00 1.00e+00h  1
  21  1.3841556e+05 5.14e-11 1.18e-09  -7.0 3.21e-05    -  1.00e+00 1.00e+00h  1

Number of Iterations....: 21

                                   (scaled)                 (unscaled)
Objective...............:   3.9723627699146059e+03    1.3841556258416557e+05
Dual infeasibility......:   1.1835048701698573e-09    4.1238804689830025e-08
Constraint violation....:   5.1420201430119050e-11    5.1420201430119050e-11
Variable bound violation:   1.0382615833748332e-07    1.0382615833748332e-07
Complementarity.........:   9.2190384084342098e-08    3.2123410214517817e-06
Overall NLP error.......:   9.2190384084342098e-08    3.2123410214517817e-06


Number of objective function evaluations             = 34
Number of objective gradient evaluations             = 20
Number of equality constraint evaluations            = 34
Number of inequality constraint evaluations          = 35
Number of equality constraint Jacobian evaluations   = 23
Number of inequality constraint Jacobian evaluations = 23
Number of Lagrangian Hessian evaluations             = 21
Total seconds in IPOPT                               = 0.014

EXIT: Optimal Solution Found.

