Solver command line: ['/opt/homebrew/bin/ipopt', '/var/folders/6y/bvynbx6n3zv7z3lwg6vd724r0000gn/T/tmpcoj3sg5u.pyomo.nl', '-AMPL', 'tol=1e-06', 'max_iter=300', 'print_level=5', 'warm_start_init_point=yes', 'warm_start_bound_push=1e-06', 'warm_start_bound_frac=1e-06', 'warm_start_mult_bound_push=1e-06', 'mu_init=1e-06', 'least_square_init_duals=no']

Ipopt 3.14.19: tol=1e-06
max_iter=300
print_level=5
warm_start_init_point=yes
warm_start_bound_push=1e-06
warm_start_bound_frac=1e-06
warm_start_mult_bound_push=1e-06
mu_init=1e-06
least_square_init_duals=no


******************************************************************************
This program contains Ipopt, a library for large-scale nonlinear optimization.
 Ipopt is released as open source code under the Eclipse Public License (EPL).
         For more information visit https://github.com/coin-or/Ipopt
******************************************************************************

This is Ipopt version 3.14.19, running with linear solver MUMPS 5.6.2.

Number of nonzeros in equality constraint Jacobian...:      545
Number of nonzeros in inequality constraint Jacobian.:      368
Number of nonzeros in Lagrangian Hessian.............:      301

Total number of variables............................:       98
                     variables with only lower bounds:        0
                variables with lower and upper bounds:       98
                     variables with only upper bounds:        0
Total number of equality constraints.................:       79
Total number of inequality constraints...............:       92
        inequality constraints with only lower bounds:        0
   inequality constraints with lower and upper bounds:        0
        inequality constraints with only upper bounds:       92

iter    objective    inf_pr   inf_du lg(mu)  ||d||  lg(rg) alpha_du alpha_pr  ls
   0  8.4942038e+04 5.50e+00 5.72e+01  -6.0 0.00e+00    -  0.00e+00 0.00e+00   0
   1  8.2028076e+04 5.47e+00 5.69e+01  -6.0 5.71e+02    -  5.72e-03 5.16e-03f  1
   2  7.6847584e+04 5.42e+00 5.64e+01  -6.0 6.88e+02    -  1.44e-03 9.28e-03f  1
   3  7.6847567e+04 5.42e+00 5.64e+01  -6.0 9.29e+02    -  2.68e-02 5.24e-08h  1
   4  7.6704886e+04 5.42e+00 5.64e+01  -6.0 9.26e+02    -  3.30e-02 4.91e-04f  1
   5  7.6693149e+04 5.42e+00 5.62e+01  -6.0 1.31e+02    -  5.75e-03 2.59e-04f  1
   6  7.6522492e+04 5.40e+00 5.54e+01  -6.0 1.31e+02    -  2.16e-02 3.78e-03f  1
   7  7.6066843e+04 5.32e+00 5.44e+01  -6.0 1.28e+02    -  2.03e-02 1.37e-02f  1
   8  7.5807594e+04 5.28e+00 5.19e+01  -6.0 1.45e+02    -  7.91e-02 8.11e-03f  1
   9r 7.5807594e+04 5.28e+00 9.99e+02   0.7 0.00e+00    -  0.00e+00 2.76e-07R  6
iter    objective    inf_pr   inf_du lg(mu)  ||d||  lg(rg) alpha_du alpha_pr  ls
  10r 9.6494513e+04 3.86e+00 9.99e+02   0.7 2.29e+04    -  1.77e-04 2.89e-04f  1
  11r 9.4473642e+04 3.66e+00 9.99e+02   0.7 1.05e+05    -  8.73e-05 7.68e-05f  1
  12r 1.1031364e+05 2.12e+00 9.98e+02   0.7 4.24e+03    -  4.75e-04 1.20e-03f  1
  13r 1.1428574e+05 1.77e+00 9.97e+02   0.7 7.68e+03    -  1.25e-03 7.43e-04f  1
  14r 1.1633049e+05 1.64e+00 9.96e+02   0.7 1.27e+03    -  9.79e-04 3.62e-04f  1
  15r 1.2226289e+05 1.21e+00 9.95e+02   0.7 1.51e+03    -  1.16e-03 1.68e-03f  1
  16r 1.2348864e+05 1.13e+00 9.91e+02   0.7 8.96e+02    -  1.08e-02 1.29e-03f  1
  17r 1.3647562e+05 6.14e-01 9.83e+02   0.7 2.46e+02    -  2.12e-03 1.20e-02f  1
  18r 1.3935673e+05 6.08e-01 9.64e+02   0.7 9.10e+01    -  2.21e-02 8.59e-03f  1
  19r 1.3946282e+05 5.87e-01 4.65e+02   0.7 2.69e+01    -  5.20e-01 3.34e-02f  1
iter    objective    inf_pr   inf_du lg(mu)  ||d||  lg(rg) alpha_du alpha_pr  ls
  20r 1.4186986e+05 2.26e-01 3.81e+02   0.7 1.89e+01    -  1.78e-01 6.12e-01f  1
  21r 1.4435764e+05 1.36e-02 1.50e+02   0.7 7.60e+00    -  6.08e-01 1.00e+00f  1
  22  1.4371639e+05 1.36e-02 1.00e+02  -6.0 2.12e+07    -  8.50e-08 4.75e-08f  1
  23  1.4365773e+05 1.36e-02 1.00e+02  -6.0 7.74e+06    -  4.92e-07 1.66e-08f  1
  24  1.4306466e+05 1.36e-02 1.00e+02  -6.0 2.12e+06    -  3.01e-06 5.07e-07f  1
  25  1.4280518e+05 1.35e-02 1.00e+02  -6.0 9.98e+05    -  6.07e-06 3.16e-06f  1
  26  1.4239106e+05 2.98e-02 1.00e+02  -6.0 6.84e+05    -  3.85e-05 9.91e-06f  1
  27  1.4229643e+05 3.20e-02 1.00e+02  -6.0 1.49e+05    -  1.54e-04 8.50e-06f  1
  28  1.4229643e+05 3.20e-02 1.00e+02  -6.0 1.98e+04    -  1.87e-04 2.57e-10h  2
  29  1.4228071e+05 3.20e-02 1.00e+02  -6.0 1.08e+04    -  3.69e-04 4.49e-05f  1
iter    objective    inf_pr   inf_du lg(mu)  ||d||  lg(rg) alpha_du alpha_pr  ls
  30  1.4222244e+05 3.20e-02 9.99e+01  -6.0 8.38e+02    -  1.40e-03 5.53e-04f  1
  31  1.4218456e+05 3.20e-02 9.98e+01  -6.0 1.44e+02    -  1.36e-02 1.34e-03f  1
  32  1.4189308e+05 4.10e-02 9.82e+01  -6.0 7.09e+01    -  2.38e-02 1.57e-02f  1
  33  1.4150241e+05 4.12e-02 9.49e+01  -6.0 1.76e+01    -  5.09e-02 3.44e-02f  1
  34  1.4088834e+05 3.81e-02 8.61e+01  -6.0 5.16e+00    -  4.11e-01 9.21e-02f  1
  35  1.3942380e+05 1.94e-02 1.21e+02  -6.0 1.91e+00    -  4.56e-01 4.96e-01f  1
  36  1.3873322e+05 8.12e-03 7.11e+01  -6.0 8.65e-01    -  7.45e-01 7.17e-01f  1
  37  1.3844762e+05 3.05e-03 8.67e+00  -6.0 3.12e-01    -  9.95e-01 9.33e-01f  1
  38  1.3842330e+05 1.07e-03 2.31e+00  -6.0 1.23e-01    -  1.00e+00 7.59e-01f  1
  39  1.3841976e+05 6.30e-04 5.01e+00  -6.0 8.37e-02    -  1.00e+00 4.50e-01h  1
iter    objective    inf_pr   inf_du lg(mu)  ||d||  lg(rg) alpha_du alpha_pr  ls
  40  1.3841624e+05 1.38e-04 2.36e+00  -6.0 7.06e-02    -  6.36e-01 8.39e-01h  1
  41  1.3841557e+05 5.19e-05 4.94e-04  -6.0 2.32e-02    -  1.00e+00 1.00e+00h  1
  42  1.3841557e+05 8.31e-06 1.14e-04  -6.0 9.32e-03    -  1.00e+00 1.00e+00h  1
  43  1.3841556e+05 1.02e-06 1.39e-05  -6.0 3.25e-03    -  1.00e+00 1.00e+00h  1
  44  1.3841556e+05 2.64e-08 3.60e-07  -6.0 5.23e-04    -  1.00e+00 1.00e+00h  1
  45  1.3841556e+05 1.24e-10 2.03e-09  -7.0 4.47e-05    -  1.00e+00 1.00e+00h  1

Number of Iterations....: 45

                                   (scaled)                 (unscaled)
Objective...............:   3.9723627699151375e+03    1.3841556258418408e+05
Dual infeasibility......:   2.0304748740223265e-09    7.0751172105777936e-08
Constraint violation....:   1.2360956702650583e-10    1.2360956702650583e-10
Variable bound violation:   1.0382615300841280e-07    1.0382615300841280e-07
Complementarity.........:   9.2903319009321003e-08    3.2371829843949035e-06
Overall NLP error.......:   9.2903319009321003e-08    3.2371829843949035e-06


Number of objective function evaluations             = 53
Number of objective gradient evaluations             = 35
Number of equality constraint evaluations            = 53
Number of inequality constraint evaluations          = 54
Number of equality constraint Jacobian evaluations   = 47
Number of inequality constraint Jacobian evaluations = 47
Number of Lagrangian Hessian evaluations             = 45
Total seconds in IPOPT                               = 0.032

EXIT: Optimal Solution Found.

