Solver command line: ['/opt/homebrew/bin/ipopt', '/var/folders/6y/bvynbx6n3zv7z3lwg6vd724r0000gn/T/tmpe2lhsteg.pyomo.nl', '-AMPL', 'tol=1e-06', 'max_iter=300', 'print_level=5', 'warm_start_init_point=yes', 'warm_start_bound_push=1e-06', 'warm_start_bound_frac=1e-06', 'warm_start_mult_bound_push=1e-06', 'mu_init=1e-06', 'least_square_init_duals=no']

Ipopt 3.14.19: tol=1e-06
max_iter=300
print_level=5
warm_start_init_point=yes
warm_start_bound_push=1e-06
warm_start_bound_frac=1e-06
warm_start_mult_bound_push=1e-06
mu_init=1e-06
least_square_init_duals=no


******************************************************************************
This program contains Ipopt, a library for large-scale nonlinear optimization.
 Ipopt is released as open source code under the Eclipse Public License (EPL).
         For more information visit https://github.com/coin-or/Ipopt
******************************************************************************

This is Ipopt version 3.14.19, running with linear solver MUMPS 5.6.2.

Number of nonzeros in equality constraint Jacobian...:      545
Number of nonzeros in inequality constraint Jacobian.:      368
Number of nonzeros in Lagrangian Hessian.............:      301

Total number of variables............................:       98
                     variables with only lower bounds:        0
                variables with lower and upper bounds:       98
                     variables with only upper bounds:        0
Total number of equality constraints.................:       79
Total number of inequality constraints...............:       92
        inequality constraints with only lower bounds:        0
   inequality constraints with lower and upper bounds:        0
        inequality constraints with only upper bounds:       92

iter    objective    inf_pr   inf_du lg(mu)  ||d||  lg(rg) alpha_du alpha_pr  ls
   0  1.3841544e+05 8.89e+00 4.00e+03  -6.0 0.00e+00    -  0.00e+00 0.00e+00   0
   1  1.3839429e+05 8.79e+00 3.96e+03  -6.0 3.57e+00    -  7.76e-02 1.18e-02h  1
   2  1.3817782e+05 8.02e+00 3.64e+03  -6.0 1.55e+01    -  3.03e-03 8.64e-02f  1
   3  1.3757352e+05 7.07e+00 3.25e+03  -6.0 2.01e+01    -  2.11e-01 1.19e-01f  1
   4  1.3566230e+05 5.17e+00 2.49e+03  -6.0 4.25e+01    -  1.61e-01 2.68e-01f  1
   5  1.3566217e+05 5.17e+00 2.49e+03  -6.0 7.08e+01    -  3.18e-01 2.65e-05h  1
   6  1.3397276e+05 3.36e+00 1.59e+03  -6.0 7.02e+01    -  1.74e-01 3.55e-01f  1
   7  1.3404310e+05 3.14e+00 1.49e+03  -6.0 5.28e+01    -  7.26e-06 6.59e-02h  1
   8  1.3405329e+05 3.11e+00 1.48e+03  -6.0 4.86e+01    -  3.96e-01 7.00e-03h  1
   9  1.3413220e+05 3.01e+00 1.43e+03  -6.0 4.40e+01    -  3.35e-02 3.41e-02h  1
iter    objective    inf_pr   inf_du lg(mu)  ||d||  lg(rg) alpha_du alpha_pr  ls
  10  1.3419190e+05 2.94e+00 1.39e+03  -6.0 4.19e+01    -  7.23e-02 2.39e-02h  1
  11  1.3446184e+05 2.59e+00 1.22e+03  -6.0 4.16e+01    -  6.00e-01 1.18e-01h  1
  12  1.3446191e+05 2.59e+00 1.22e+03  -6.0 3.56e+01    -  3.84e-01 2.41e-05h  1
  13  1.3482416e+05 2.29e+00 1.08e+03  -6.0 3.56e+01    -  1.98e-01 1.16e-01h  1
  14  1.3485627e+05 2.26e+00 1.07e+03  -6.0 3.29e+01    -  3.08e-01 1.08e-02h  1
  15  1.3485883e+05 2.26e+00 1.07e+03  -6.0 3.26e+01    -  6.63e-05 8.75e-04h  1
  16  1.3494164e+05 2.20e+00 1.04e+03  -6.0 3.27e+01    -  1.95e-01 2.60e-02h  1
  17  1.3564236e+05 1.69e+00 7.94e+02  -6.0 3.20e+01    -  2.91e-02 2.31e-01h  1
  18r 1.3564236e+05 1.69e+00 9.99e+02   0.8 0.00e+00    -  0.00e+00 2.48e-07R  2
  19r 1.3562013e+05 1.69e+00 9.99e+02   0.8 1.00e+07    -  5.87e-08 1.20e-08f  2
iter    objective    inf_pr   inf_du lg(mu)  ||d||  lg(rg) alpha_du alpha_pr  ls
  20r 1.3566150e+05 1.66e+00 9.99e+02   0.8 7.74e+03    -  7.23e-05 7.84e-05f  1
  21r 1.3566082e+05 1.65e+00 9.99e+02   0.8 1.14e+04    -  7.75e-05 6.31e-06f  1
  22r 1.3519972e+05 1.53e+00 9.99e+02   0.8 5.82e+03    -  6.52e-05 4.14e-04f  1
  23  1.3519966e+05 1.53e+00 1.00e+02  -6.0 1.20e+04    -  4.33e-05 3.79e-06h  1
  24  1.3519662e+05 1.53e+00 1.00e+02  -6.0 2.28e+04    -  5.77e-05 1.06e-04f  1
  25  1.3519909e+05 1.53e+00 9.99e+01  -6.0 2.47e+01    -  2.69e-06 1.12e-03h  1
  26  1.3519157e+05 1.52e+00 9.98e+01  -6.0 3.47e+03    -  4.66e-04 5.29e-04f  1
  27  1.3518608e+05 1.52e+00 9.95e+01  -6.0 1.10e+03    -  1.10e-03 3.33e-03h  1
  28  1.3518593e+05 1.52e+00 9.93e+01  -6.0 7.01e+02    -  3.35e-03 1.83e-03f  1
  29  1.3619946e+05 9.18e-01 9.22e+01  -6.0 2.43e+01    -  2.30e-03 3.95e-01h  1
iter    objective    inf_pr   inf_du lg(mu)  ||d||  lg(rg) alpha_du alpha_pr  ls
  30  1.3621082e+05 9.13e-01 9.17e+01  -6.0 1.62e+01    -  9.72e-01 5.54e-03h  1
  31  1.3752214e+05 3.49e-01 8.47e+01  -6.0 1.61e+01    -  2.31e-01 6.17e-01h  1
  32  1.3785294e+05 2.21e-01 5.56e+01  -6.0 6.89e+00    -  2.23e-02 3.68e-01h  1
  33  1.3806529e+05 1.38e-01 3.56e+01  -6.0 4.44e+00    -  1.00e+00 3.74e-01h  1
  34  1.3818268e+05 9.16e-02 2.39e+01  -6.0 2.81e+00    -  5.11e-01 3.37e-01h  1
  35  1.3837315e+05 1.64e-02 4.99e+00  -6.0 1.88e+00    -  5.38e-01 8.20e-01h  1
  36  1.3837988e+05 1.38e-02 4.20e+00  -6.0 3.45e-01    -  1.00e+00 1.60e-01h  1
  37  1.3839847e+05 6.60e-03 2.02e+00  -6.0 2.91e-01    -  5.57e-01 5.21e-01h  1
  38  1.3841518e+05 1.47e-04 5.01e-02  -6.0 1.40e-01    -  1.00e+00 9.78e-01h  1
  39  1.3841556e+05 6.44e-10 2.54e-06  -6.0 3.17e-03    -  1.00e+00 1.00e+00h  1
iter    objective    inf_pr   inf_du lg(mu)  ||d||  lg(rg) alpha_du alpha_pr  ls
  40  1.3841556e+05 4.45e-11 1.11e-09  -7.0 3.04e-05    -  1.00e+00 1.00e+00h  1

Number of Iterations....: 40

                                   (scaled)                 (unscaled)
Objective...............:   3.9723627699145695e+03    1.3841556258416429e+05
Dual infeasibility......:   1.1057428100955880e-09    3.8529213467597556e-08
Constraint violation....:   4.4503067897494475e-11    4.4503067897494475e-11
Variable bound violation:   1.0382616011384016e-07    1.0382616011384016e-07
Complementarity.........:   9.2176880507933306e-08    3.2118704941525943e-06
Overall NLP error.......:   9.2176880507933306e-08    3.2118704941525943e-06


Number of objective function evaluations             = 45
Number of objective gradient evaluations             = 38
Number of equality constraint evaluations            = 45
Number of inequality constraint evaluations          = 46
Number of equality constraint Jacobian evaluations   = 42
Number of inequality constraint Jacobian evaluations = 42
Number of Lagrangian Hessian evaluations             = 40
Total seconds in IPOPT                               = 0.028

EXIT: Optimal Solution Found.

