Solver command line: ['/opt/homebrew/bin/ipopt', '/var/folders/6y/bvynbx6n3zv7z3lwg6vd724r0000gn/T/tmpxujj2jzw.pyomo.nl', '-AMPL', 'tol=1e-06', 'max_iter=300', 'print_level=5', 'warm_start_init_point=yes', 'warm_start_bound_push=1e-06', 'warm_start_bound_frac=1e-06', 'warm_start_mult_bound_push=1e-06', 'mu_init=1e-06', 'least_square_init_duals=no']

Ipopt 3.14.19: tol=1e-06
max_iter=300
print_level=5
warm_start_init_point=yes
warm_start_bound_push=1e-06
warm_start_bound_frac=1e-06
warm_start_mult_bound_push=1e-06
mu_init=1e-06
least_square_init_duals=no


******************************************************************************
This program contains Ipopt, a library for large-scale nonlinear optimization.
 Ipopt is released as open source code under the Eclipse Public License (EPL).
         For more information visit https://github.com/coin-or/Ipopt
******************************************************************************

This is Ipopt version 3.14.19, running with linear solver MUMPS 5.6.2.

Number of nonzeros in equality constraint Jacobian...:      545
Number of nonzeros in inequality constraint Jacobian.:      368
Number of nonzeros in Lagrangian Hessian.............:      301

Total number of variables............................:       98
                     variables with only lower bounds:        0
                variables with lower and upper bounds:       98
                     variables with only upper bounds:        0
Total number of equality constraints.................:       79
Total number of inequality constraints...............:       92
        inequality constraints with only lower bounds:        0
   inequality constraints with lower and upper bounds:        0
        inequality constraints with only upper bounds:       92

iter    objective    inf_pr   inf_du lg(mu)  ||d||  lg(rg) alpha_du alpha_pr  ls
   0  8.4942038e+04 6.72e+00 4.00e+03  -6.0 0.00e+00    -  0.00e+00 0.00e+00   0
   1  8.4926944e+04 6.72e+00 4.00e+03  -6.0 1.94e+02    -  8.70e-04 3.02e-05f  1
   2  8.4373094e+04 6.71e+00 4.00e+03  -6.0 1.94e+02    -  1.11e-03 1.11e-03f  1
   3  7.8204923e+04 6.63e+00 3.95e+03  -6.0 1.93e+02    -  1.68e-03 1.24e-02f  1
   4  7.7360119e+04 6.61e+00 3.94e+03  -6.0 6.35e+02    -  3.72e-02 2.23e-03f  1
   5  7.6695368e+04 6.56e+00 3.91e+03  -6.0 1.38e+02    -  6.28e-02 8.25e-03f  1
   6  7.6547573e+04 6.49e+00 3.87e+03  -6.0 1.40e+02    -  6.96e-02 9.91e-03f  1
   7  7.6703087e+04 6.41e+00 3.82e+03  -6.0 7.57e+01    -  1.42e-01 1.18e-02h  3
   8  7.7464910e+04 6.25e+00 3.73e+03  -6.0 6.41e+01    -  1.70e-01 2.49e-02h  3
   9  7.8300601e+04 6.11e+00 3.65e+03  -6.0 8.36e+01    -  2.50e-01 2.32e-02h  3
iter    objective    inf_pr   inf_du lg(mu)  ||d||  lg(rg) alpha_du alpha_pr  ls
  10  7.9706482e+04 5.90e+00 3.53e+03  -6.0 7.83e+01    -  4.17e-01 3.38e-02h  3
  11  8.1284246e+04 5.69e+00 3.41e+03  -6.0 6.46e+01    -  4.11e-01 3.52e-02h  3
  12  8.4396148e+04 5.30e+00 3.18e+03  -6.0 5.79e+01    -  4.25e-01 6.93e-02h  2
  13  8.8597344e+04 4.78e+00 2.90e+03  -6.0 5.46e+01    -  2.99e-01 9.77e-02h  1
  14  9.3606096e+04 4.14e+00 2.55e+03  -6.0 5.46e+01    -  5.08e-02 1.34e-01h  2
  15  9.3621955e+04 4.14e+00 2.55e+03  -6.0 8.33e+01    -  2.08e-01 5.47e-04h  1
  16  9.9601999e+04 3.29e+00 2.11e+03  -6.0 8.30e+01    -  1.61e-01 2.04e-01H  1
  17  1.0603314e+05 2.51e+00 1.55e+03  -6.0 1.13e+02    -  3.34e-01 2.99e-01H  1
  18  1.0620978e+05 2.73e+00 1.54e+03  -6.0 3.82e+01    -  4.30e-01 7.24e-03h  1
  19  1.0638014e+05 2.81e+00 1.53e+03  -6.0 3.83e+01    -  2.15e-02 6.57e-03h  1
iter    objective    inf_pr   inf_du lg(mu)  ||d||  lg(rg) alpha_du alpha_pr  ls
  20  1.0771135e+05 3.06e+00 1.46e+03  -6.0 2.68e+01    -  1.82e-06 4.53e-02h  1
  21  1.0802219e+05 3.07e+00 1.45e+03  -6.0 2.53e+01    -  5.49e-02 1.10e-02h  1
  22  1.1616017e+05 2.56e+00 1.03e+03  -6.0 2.46e+01    -  6.12e-02 2.89e-01h  1
  23  1.1941707e+05 2.24e+00 8.65e+02  -6.0 2.17e+01    -  1.94e-01 1.57e-01h  1
  24  1.2343414e+05 1.79e+00 6.68e+02  -6.0 2.31e+01    -  5.62e-01 2.28e-01h  1
  25  1.2373400e+05 1.75e+00 6.54e+02  -6.0 2.31e+01    -  9.95e-02 2.18e-02h  1
  26  1.2437700e+05 1.65e+00 6.22e+02  -6.0 2.24e+01    -  5.21e-01 4.76e-02h  1
  27  1.2860355e+05 1.07e+00 4.25e+02  -6.0 2.27e+01    -  2.68e-01 3.17e-01h  1
  28  1.2934628e+05 9.88e-01 3.91e+02  -6.0 1.75e+01    -  5.67e-02 8.04e-02h  1
  29r 1.2934628e+05 9.88e-01 9.99e+02   0.4 0.00e+00    -  0.00e+00 3.22e-07R  4
iter    objective    inf_pr   inf_du lg(mu)  ||d||  lg(rg) alpha_du alpha_pr  ls
  30r 1.2864709e+05 1.05e+00 9.99e+02   0.4 1.21e+05    -  4.79e-07 1.35e-05f  1
  31r 1.2865219e+05 1.04e+00 9.99e+02   0.4 7.93e+03    -  2.45e-05 1.67e-05f  1
  32r 1.2879119e+05 9.72e-01 9.99e+02   0.4 5.47e+03    -  4.73e-05 2.20e-04f  1
  33  1.2921298e+05 9.29e-01 9.06e+01  -6.0 1.38e+01    -  2.39e-06 4.70e-02h  1
  34r 1.2921298e+05 9.29e-01 9.99e+02   0.3 0.00e+00    -  0.00e+00 3.69e-08R  2
  35r 1.2904647e+05 9.37e-01 9.99e+02   0.3 8.04e+07    -  1.59e-07 3.32e-09f  7
  36r 1.2904048e+05 4.88e-01 9.97e+02   0.3 2.08e+03    -  4.50e-03 1.00e-03f  1
  37  1.2904109e+05 4.87e-01 9.57e+01  -6.0 5.15e+02    -  2.40e-03 8.53e-05h  1
  38  1.2905246e+05 4.87e-01 9.56e+01  -6.0 1.23e+02    -  5.37e-03 1.44e-03h  4
  39  1.2907331e+05 4.86e-01 9.56e+01  -6.0 6.76e+01    -  1.49e-02 2.56e-03h  2
iter    objective    inf_pr   inf_du lg(mu)  ||d||  lg(rg) alpha_du alpha_pr  ls
  40  1.2914961e+05 4.81e-01 9.83e+01  -6.0 3.20e+01    -  1.71e-01 9.13e-03h  2
  41  1.3164513e+05 3.48e-01 7.06e+01  -6.0 8.25e+00    -  5.36e-02 2.75e-01h  1
  42  1.3395361e+05 2.28e-01 4.63e+01  -6.0 4.49e+00    -  6.17e-02 3.44e-01h  1
  43  1.3596888e+05 1.25e-01 4.23e+01  -6.0 4.06e+00    -  1.32e-01 4.55e-01h  1
  44  1.3770203e+05 3.58e-02 2.13e+01  -6.0 3.34e+00    -  9.82e-01 7.12e-01h  1
  45  1.3791374e+05 2.52e-02 1.13e+01  -6.0 1.51e+00    -  8.32e-01 2.97e-01h  1
  46  1.3834016e+05 3.78e-03 1.88e+00  -6.0 1.14e+00    -  8.66e-01 8.50e-01h  1
  47  1.3841558e+05 1.48e-04 3.22e-02  -6.0 2.24e-01    -  1.00e+00 1.00e+00h  1
  48  1.3841557e+05 1.36e-05 2.85e-04  -6.0 2.83e-02    -  1.00e+00 1.00e+00h  1
  49  1.3841556e+05 2.37e-07 8.06e-06  -6.0 4.83e-03    -  1.00e+00 1.00e+00h  1
iter    objective    inf_pr   inf_du lg(mu)  ||d||  lg(rg) alpha_du alpha_pr  ls
  50  1.3841556e+05 2.57e-10 7.42e-09  -7.0 1.59e-04    -  1.00e+00 1.00e+00h  1

Number of Iterations....: 50

                                   (scaled)                 (unscaled)
Objective...............:   3.9723627699157310e+03    1.3841556258420477e+05
Dual infeasibility......:   7.4170856123600970e-09    2.5844570026312396e-07
Constraint violation....:   2.2284440959197127e-10    2.5698021488551603e-10
Variable bound violation:   1.0382614945569912e-07    1.0382614945569912e-07
Complementarity.........:   9.6119558625979015e-08    3.3492517056398088e-06
Overall NLP error.......:   9.6119558625979015e-08    3.3492517056398088e-06


Number of objective function evaluations             = 99
Number of objective gradient evaluations             = 48
Number of equality constraint evaluations            = 99
Number of inequality constraint evaluations          = 100
Number of equality constraint Jacobian evaluations   = 53
Number of inequality constraint Jacobian evaluations = 53
Number of Lagrangian Hessian evaluations             = 50
Total seconds in IPOPT                               = 0.039

EXIT: Optimal Solution Found.

