Solver command line: ['/opt/homebrew/bin/ipopt', '/var/folders/6y/bvynbx6n3zv7z3lwg6vd724r0000gn/T/tmpi_myldyh.pyomo.nl', '-AMPL', 'tol=1e-06', 'max_iter=300', 'print_level=5']

Ipopt 3.14.19: tol=1e-06
max_iter=300
print_level=5


******************************************************************************
This program contains Ipopt, a library for large-scale nonlinear optimization.
 Ipopt is released as open source code under the Eclipse Public License (EPL).
         For more information visit https://github.com/coin-or/Ipopt
******************************************************************************

This is Ipopt version 3.14.19, running with linear solver MUMPS 5.6.2.

Number of nonzeros in equality constraint Jacobian...:      864
Number of nonzeros in inequality constraint Jacobian.:      640
Number of nonzeros in Lagrangian Hessian.............:      483

Total number of variables............................:      125
                     variables with only lower bounds:        0
                variables with lower and upper bounds:      125
                     variables with only upper bounds:        0
Total number of equality constraints.................:      115
Total number of inequality constraints...............:      160
        inequality constraints with only lower bounds:        0
   inequality constraints with lower and upper bounds:        0
        inequality constraints with only upper bounds:      160

iter    objective    inf_pr   inf_du lg(mu)  ||d||  lg(rg) alpha_du alpha_pr  ls
   0  3.0391064e+04 4.29e+00 3.19e+01  -1.0 0.00e+00    -  0.00e+00 0.00e+00   0
   1  2.9493812e+04 3.67e+00 2.75e+01  -1.0 8.37e+00    -  1.28e-01 1.45e-01f  1
   2  2.9802998e+04 3.51e+00 1.64e+01  -1.0 3.63e+00    -  2.75e-01 4.25e-02h  1
   3  3.3026102e+04 1.97e+00 3.58e+01  -1.0 3.30e+00    -  8.11e-01 4.31e-01h  1
   4  3.6247027e+04 3.30e-01 6.04e+01  -1.0 8.08e+00    -  9.43e-01 7.61e-01h  1
   5  3.7520568e+04 3.82e-02 1.26e+01  -1.0 9.89e+00    -  1.00e+00 1.00e+00h  1
   6  3.7594498e+04 5.49e-03 5.62e+00  -1.0 2.08e+00    -  1.00e+00 8.61e-01h  1
   7  3.7612038e+04 1.80e-04 6.04e-02  -1.0 3.75e-01    -  1.00e+00 1.00e+00h  1
   8  3.7592718e+04 4.41e-04 3.98e+00  -2.5 9.14e-01    -  8.67e-01 1.00e+00f  1
   9  3.7590799e+04 6.47e-05 6.13e-01  -2.5 7.88e-02    -  9.01e-01 8.72e-01h  1
iter    objective    inf_pr   inf_du lg(mu)  ||d||  lg(rg) alpha_du alpha_pr  ls
  10  3.7590155e+04 1.22e-05 9.26e-04  -2.5 1.99e-02    -  1.00e+00 1.00e+00f  1
  11  3.7589398e+04 2.29e-06 2.19e-02  -3.8 2.86e-02    -  9.87e-01 1.00e+00h  1
  12  3.7589383e+04 1.17e-08 2.17e-06  -3.8 5.81e-04    -  1.00e+00 1.00e+00h  1
  13  3.7589339e+04 7.66e-09 1.34e-06  -5.7 1.56e-03    -  1.00e+00 1.00e+00h  1
  14  3.7589338e+04 1.86e-12 2.72e-10  -7.0 1.88e-05    -  1.00e+00 1.00e+00h  1

Number of Iterations....: 14

                                   (scaled)                 (unscaled)
Objective...............:   1.0107655343400104e+03    3.7589338230494432e+04
Dual infeasibility......:   2.7156919833140370e-10    1.0099381213793408e-08
Constraint violation....:   1.8583745653444339e-12    1.8583745653444339e-12
Variable bound violation:   2.2616526873520115e-08    2.2616526873520115e-08
Complementarity.........:   9.1024353992353657e-08    3.3851027891102069e-06
Overall NLP error.......:   9.1024353992353657e-08    3.3851027891102069e-06


Number of objective function evaluations             = 15
Number of objective gradient evaluations             = 15
Number of equality constraint evaluations            = 15
Number of inequality constraint evaluations          = 15
Number of equality constraint Jacobian evaluations   = 15
Number of inequality constraint Jacobian evaluations = 15
Number of Lagrangian Hessian evaluations             = 14
Total seconds in IPOPT                               = 0.021

EXIT: Optimal Solution Found.

