Solver command line: ['/opt/homebrew/bin/ipopt', '/var/folders/6y/bvynbx6n3zv7z3lwg6vd724r0000gn/T/tmpf_y5nbnh.pyomo.nl', '-AMPL', 'tol=1e-06', 'max_iter=300', 'print_level=5']

Ipopt 3.14.19: tol=1e-06
max_iter=300
print_level=5


******************************************************************************
This program contains Ipopt, a library for large-scale nonlinear optimization.
 Ipopt is released as open source code under the Eclipse Public License (EPL).
         For more information visit https://github.com/coin-or/Ipopt
******************************************************************************

This is Ipopt version 3.14.19, running with linear solver MUMPS 5.6.2.

Number of nonzeros in equality constraint Jacobian...:      864
Number of nonzeros in inequality constraint Jacobian.:      640
Number of nonzeros in Lagrangian Hessian.............:      483

Total number of variables............................:      125
                     variables with only lower bounds:        0
                variables with lower and upper bounds:      125
                     variables with only upper bounds:        0
Total number of equality constraints.................:      115
Total number of inequality constraints...............:      160
        inequality constraints with only lower bounds:        0
   inequality constraints with lower and upper bounds:        0
        inequality constraints with only upper bounds:      160

iter    objective    inf_pr   inf_du lg(mu)  ||d||  lg(rg) alpha_du alpha_pr  ls
   0  3.4789029e+04 1.84e+00 2.12e+01  -1.0 0.00e+00    -  0.00e+00 0.00e+00   0
   1  3.4812030e+04 1.78e+00 1.20e+01  -1.0 5.19e+00    -  3.93e-01 3.16e-02h  1
   2  3.5359449e+04 1.31e+00 2.22e+01  -1.0 4.88e+00    -  2.84e-01 2.68e-01h  1
   3  3.5843631e+04 9.79e-01 2.62e+01  -1.0 4.86e+00    -  3.27e-01 2.54e-01h  1
   4  3.6926189e+04 3.45e-01 3.52e+01  -1.0 2.03e+00    -  7.58e-02 6.56e-01h  1
   5  3.7563038e+04 1.16e-02 1.90e+01  -1.0 2.13e+00    -  9.31e-01 1.00e+00h  1
   6  3.7614086e+04 1.03e-03 1.41e-01  -1.0 1.22e-01    -  1.00e+00 1.00e+00h  1
   7  3.7592339e+04 5.66e-04 2.47e+00  -2.5 4.96e-01    -  8.53e-01 1.00e+00f  1
   8  3.7590637e+04 7.24e-05 3.04e+00  -2.5 6.78e-02    -  8.25e-01 1.00e+00h  1
   9  3.7590171e+04 5.94e-06 2.02e-03  -2.5 1.38e-02    -  1.00e+00 1.00e+00h  1
iter    objective    inf_pr   inf_du lg(mu)  ||d||  lg(rg) alpha_du alpha_pr  ls
  10  3.7589398e+04 2.37e-06 1.66e-02  -3.8 1.41e-02    -  9.89e-01 1.00e+00h  1
  11  3.7589383e+04 1.19e-08 1.97e-06  -3.8 5.55e-04    -  1.00e+00 1.00e+00h  1
  12  3.7589339e+04 7.66e-09 1.34e-06  -5.7 7.73e-04    -  1.00e+00 1.00e+00h  1
  13  3.7589338e+04 1.86e-12 2.72e-10  -7.0 9.37e-06    -  1.00e+00 1.00e+00h  1

Number of Iterations....: 13

                                   (scaled)                 (unscaled)
Objective...............:   1.0107655343400112e+03    3.7589338230494461e+04
Dual infeasibility......:   2.7199409806065569e-10    1.0115182800901667e-08
Constraint violation....:   1.8604284779399904e-12    1.8604284779399904e-12
Variable bound violation:   2.2616526873520115e-08    2.2616526873520115e-08
Complementarity.........:   9.1024346231784788e-08    3.3851025005025740e-06
Overall NLP error.......:   9.1024346231784788e-08    3.3851025005025740e-06


Number of objective function evaluations             = 14
Number of objective gradient evaluations             = 14
Number of equality constraint evaluations            = 14
Number of inequality constraint evaluations          = 14
Number of equality constraint Jacobian evaluations   = 14
Number of inequality constraint Jacobian evaluations = 14
Number of Lagrangian Hessian evaluations             = 13
Total seconds in IPOPT                               = 0.015

EXIT: Optimal Solution Found.

