Solver command line: ['/opt/homebrew/bin/ipopt', '/var/folders/6y/bvynbx6n3zv7z3lwg6vd724r0000gn/T/tmpki6kjow_.pyomo.nl', '-AMPL', 'tol=1e-06', 'max_iter=300', 'print_level=5']

Ipopt 3.14.19: tol=1e-06
max_iter=300
print_level=5


******************************************************************************
This program contains Ipopt, a library for large-scale nonlinear optimization.
 Ipopt is released as open source code under the Eclipse Public License (EPL).
         For more information visit https://github.com/coin-or/Ipopt
******************************************************************************

This is Ipopt version 3.14.19, running with linear solver MUMPS 5.6.2.

Number of nonzeros in equality constraint Jacobian...:      864
Number of nonzeros in inequality constraint Jacobian.:      640
Number of nonzeros in Lagrangian Hessian.............:      483

Total number of variables............................:      125
                     variables with only lower bounds:        0
                variables with lower and upper bounds:      125
                     variables with only upper bounds:        0
Total number of equality constraints.................:      115
Total number of inequality constraints...............:      160
        inequality constraints with only lower bounds:        0
   inequality constraints with lower and upper bounds:        0
        inequality constraints with only upper bounds:      160

iter    objective    inf_pr   inf_du lg(mu)  ||d||  lg(rg) alpha_du alpha_pr  ls
   0  3.0391064e+04 2.79e+00 2.18e+01  -1.0 0.00e+00    -  0.00e+00 0.00e+00   0
   1  3.0259253e+04 2.23e+00 3.44e+01  -1.0 5.75e+00    -  1.76e-01 2.03e-01f  1
   2  3.0460326e+04 2.14e+00 3.32e+01  -1.0 2.03e+00    -  6.74e-01 4.00e-02h  1
   3  3.5331068e+04 6.72e-01 5.12e+01  -1.0 2.37e+00    -  5.91e-02 6.86e-01h  1
   4  3.6013867e+04 4.68e-01 3.70e+01  -1.0 6.05e-01    -  9.83e-01 3.03e-01h  1
   5  3.7610088e+04 1.49e-03 6.85e+00  -1.0 6.01e-01    -  1.00e+00 1.00e+00h  1
   6  3.7612632e+04 2.52e-05 1.66e-02  -1.0 5.50e-02    -  1.00e+00 1.00e+00h  1
   7  3.7592691e+04 4.19e-04 3.41e+00  -2.5 4.89e-01    -  8.67e-01 1.00e+00f  1
   8  3.7590890e+04 7.46e-05 9.50e-01  -2.5 6.47e-02    -  8.77e-01 8.40e-01h  1
   9  3.7590154e+04 1.48e-05 1.11e-03  -2.5 2.11e-02    -  1.00e+00 1.00e+00f  1
iter    objective    inf_pr   inf_du lg(mu)  ||d||  lg(rg) alpha_du alpha_pr  ls
  10  3.7589399e+04 2.37e-06 2.40e-02  -3.8 1.73e-02    -  9.86e-01 1.00e+00h  1
  11  3.7589383e+04 1.23e-08 2.24e-06  -3.8 5.89e-04    -  1.00e+00 1.00e+00h  1
  12  3.7589339e+04 7.66e-09 1.34e-06  -5.7 9.57e-04    -  1.00e+00 1.00e+00h  1
  13  3.7589338e+04 1.86e-12 2.72e-10  -7.0 1.18e-05    -  1.00e+00 1.00e+00h  1

Number of Iterations....: 13

                                   (scaled)                 (unscaled)
Objective...............:   1.0107655343400106e+03    3.7589338230494439e+04
Dual infeasibility......:   2.7197099360648091e-10    1.0114323569840554e-08
Constraint violation....:   1.8598178552764466e-12    1.8598178552764466e-12
Variable bound violation:   2.2616526873520115e-08    2.2616526873520115e-08
Complementarity.........:   9.1024374985990345e-08    3.3851035698421207e-06
Overall NLP error.......:   9.1024374985990345e-08    3.3851035698421207e-06


Number of objective function evaluations             = 14
Number of objective gradient evaluations             = 14
Number of equality constraint evaluations            = 14
Number of inequality constraint evaluations          = 14
Number of equality constraint Jacobian evaluations   = 14
Number of inequality constraint Jacobian evaluations = 14
Number of Lagrangian Hessian evaluations             = 13
Total seconds in IPOPT                               = 0.015

EXIT: Optimal Solution Found.

