Solver command line: ['/opt/homebrew/bin/ipopt', '/var/folders/6y/bvynbx6n3zv7z3lwg6vd724r0000gn/T/tmp40gyfonj.pyomo.nl', '-AMPL', 'tol=1e-06', 'max_iter=300', 'print_level=5', 'warm_start_init_point=yes', 'warm_start_bound_push=1e-06', 'warm_start_bound_frac=1e-06', 'warm_start_mult_bound_push=1e-06', 'mu_init=1e-06', 'least_square_init_duals=no']

Ipopt 3.14.19: tol=1e-06
max_iter=300
print_level=5
warm_start_init_point=yes
warm_start_bound_push=1e-06
warm_start_bound_frac=1e-06
warm_start_mult_bound_push=1e-06
mu_init=1e-06
least_square_init_duals=no


******************************************************************************
This program contains Ipopt, a library for large-scale nonlinear optimization.
 Ipopt is released as open source code under the Eclipse Public License (EPL).
         For more information visit https://github.com/coin-or/Ipopt
******************************************************************************

This is Ipopt version 3.14.19, running with linear solver MUMPS 5.6.2.

Number of nonzeros in equality constraint Jacobian...:      864
Number of nonzeros in inequality constraint Jacobian.:      640
Number of nonzeros in Lagrangian Hessian.............:      483

Total number of variables............................:      125
                     variables with only lower bounds:        0
                variables with lower and upper bounds:      125
                     variables with only upper bounds:        0
Total number of equality constraints.................:      115
Total number of inequality constraints...............:      160
        inequality constraints with only lower bounds:        0
   inequality constraints with lower and upper bounds:        0
        inequality constraints with only upper bounds:      160

iter    objective    inf_pr   inf_du lg(mu)  ||d||  lg(rg) alpha_du alpha_pr  ls
   0  3.0391064e+04 2.81e+00 4.83e+01  -6.0 0.00e+00    -  0.00e+00 0.00e+00   0
   1  2.9484499e+04 2.73e+00 4.70e+01  -6.0 2.49e+01    -  2.80e-02 2.63e-02f  1
   2  2.9484496e+04 2.73e+00 4.70e+01  -6.0 1.94e+01    -  9.91e-02 1.21e-07h  1
   3  2.8778437e+04 2.65e+00 4.55e+01  -6.0 1.79e+01    -  1.66e-02 3.18e-02f  1
   4r 2.8778437e+04 2.65e+00 9.99e+02   0.4 0.00e+00    -  0.00e+00 1.26e-07R  2
   5r 2.8850732e+04 2.63e+00 9.99e+02   0.4 7.94e+05    -  4.40e-06 7.03e-07f  1
   6r 2.8922142e+04 2.61e+00 9.99e+02   0.4 5.76e+04    -  2.07e-06 4.77e-06f  1
   7r 2.9677148e+04 2.40e+00 9.98e+02   0.4 3.20e+03    -  7.02e-04 9.87e-05f  1
   8r 2.9987311e+04 2.26e+00 9.98e+02   0.4 1.81e+03    -  1.43e-04 1.00e-04f  1
   9r 3.0734703e+04 2.10e+00 9.98e+02   0.4 1.48e+03    -  1.16e-06 1.34e-04f  1
iter    objective    inf_pr   inf_du lg(mu)  ||d||  lg(rg) alpha_du alpha_pr  ls
  10  3.0421071e+04 2.10e+00 1.00e+02  -6.0 1.19e+05  -4.0 1.46e-07 1.52e-06f  1
  11  3.0421071e+04 2.10e+00 1.00e+02  -6.0 1.83e+05    -  9.02e-11 6.92e-12f  2
  12  3.0421070e+04 2.10e+00 1.00e+02  -6.0 2.11e+05    -  8.78e-11 1.35e-10f  1
  13  3.0413346e+04 2.10e+00 1.00e+02  -6.0 2.52e+05    -  2.07e-08 1.49e-06f  3
  14  3.0406840e+04 2.10e+00 1.00e+02  -6.0 7.29e+04    -  6.36e-06 4.00e-06f  2
  15  3.0404835e+04 2.10e+00 1.00e+02  -6.0 1.00e+04    -  1.96e-05 7.48e-06f  2
  16  3.0403711e+04 2.10e+00 1.00e+02  -6.0 2.46e+03    -  4.96e-04 3.55e-05f  1
  17  3.0407317e+04 2.10e+00 9.99e+01  -6.0 8.85e+02    -  6.23e-04 6.23e-04s 12
  18r 3.0407317e+04 2.10e+00 9.99e+02   0.3 0.00e+00    -  0.00e+00 0.00e+00R  1
  19r 3.0407084e+04 2.10e+00 9.99e+02   0.3 2.00e+07    -  3.80e-07 8.64e-11f  2
iter    objective    inf_pr   inf_du lg(mu)  ||d||  lg(rg) alpha_du alpha_pr  ls
  20r 3.7284214e+04 5.66e-01 9.90e+02   0.3 1.92e+03    -  9.83e-03 1.15e-03f  1
  21  3.7262764e+04 5.66e-01 1.00e+02  -6.0 8.55e+06    -  1.34e-07 1.42e-09f  1
  22  3.7261591e+04 5.61e-01 1.00e+02  -6.0 2.38e+04    -  8.55e-06 9.07e-05f  2
  23  3.7254483e+04 5.61e-01 1.00e+02  -6.0 1.84e+04    -  1.22e-04 8.69e-06f  1
  24  3.7195260e+04 5.54e-01 1.00e+02  -6.0 1.53e+04    -  1.82e-05 9.72e-05f  2
  25  3.7195312e+04 5.54e-01 1.00e+02  -6.0 2.35e+02    -  3.00e-02 2.85e-04h  3
  26  3.7198508e+04 5.49e-01 9.92e+01  -6.0 4.18e+01    -  3.78e-02 7.79e-03h  3
  27  3.7201064e+04 5.42e-01 9.78e+01  -6.0 3.77e+01    -  2.98e-01 1.34e-02h  3
  28  3.7356245e+04 3.53e-01 6.64e+01  -6.0 8.35e+00    -  1.86e-01 3.21e-01H  1
  29  3.7285883e+04 2.62e-01 5.17e+01  -6.0 5.82e+00    -  4.92e-03 2.21e-01F  1
iter    objective    inf_pr   inf_du lg(mu)  ||d||  lg(rg) alpha_du alpha_pr  ls
  30  3.7424830e+04 1.28e-01 2.54e+01  -6.0 2.48e+00    -  1.00e+00 5.09e-01h  1
  31  3.7565845e+04 1.70e-02 3.43e+00  -6.0 1.22e-01    -  1.00e+00 8.65e-01h  1
  32  3.7589110e+04 1.36e-04 3.43e-02  -6.0 3.86e-02    -  1.00e+00 9.92e-01h  1
  33  3.7589338e+04 1.99e-09 2.80e-06  -6.0 1.27e-04    -  1.00e+00 1.00e+00h  1
  34  3.7589338e+04 3.00e-13 4.97e-11  -7.0 5.93e-06    -  1.00e+00 1.00e+00h  1

Number of Iterations....: 34

                                   (scaled)                 (unscaled)
Objective...............:   1.0107655343398893e+03    3.7589338230489928e+04
Dual infeasibility......:   4.9667037399747345e-11    1.8470664108514187e-09
Constraint violation....:   2.9956592761948286e-13    2.9956592761948286e-13
Variable bound violation:   2.2616526873520115e-08    2.2616526873520115e-08
Complementarity.........:   9.0930610863195722e-08    3.3816165778485579e-06
Overall NLP error.......:   9.0930610863195722e-08    3.3816165778485579e-06


Number of objective function evaluations             = 76
Number of objective gradient evaluations             = 30
Number of equality constraint evaluations            = 76
Number of inequality constraint evaluations          = 77
Number of equality constraint Jacobian evaluations   = 37
Number of inequality constraint Jacobian evaluations = 37
Number of Lagrangian Hessian evaluations             = 34
Total seconds in IPOPT                               = 0.060

EXIT: Optimal Solution Found.

