Solver command line: ['/opt/homebrew/bin/ipopt', '/var/folders/6y/bvynbx6n3zv7z3lwg6vd724r0000gn/T/tmp8hpgb1bb.pyomo.nl', '-AMPL', 'tol=1e-06', 'max_iter=300', 'print_level=5', 'warm_start_init_point=yes', 'warm_start_bound_push=1e-06', 'warm_start_bound_frac=1e-06', 'warm_start_mult_bound_push=1e-06', 'mu_init=1e-06', 'least_square_init_duals=no']

Ipopt 3.14.19: tol=1e-06
max_iter=300
print_level=5
warm_start_init_point=yes
warm_start_bound_push=1e-06
warm_start_bound_frac=1e-06
warm_start_mult_bound_push=1e-06
mu_init=1e-06
least_square_init_duals=no


******************************************************************************
This program contains Ipopt, a library for large-scale nonlinear optimization.
 Ipopt is released as open source code under the Eclipse Public License (EPL).
         For more information visit https://github.com/coin-or/Ipopt
******************************************************************************

This is Ipopt version 3.14.19, running with linear solver MUMPS 5.6.2.

Number of nonzeros in equality constraint Jacobian...:      864
Number of nonzeros in inequality constraint Jacobian.:      640
Number of nonzeros in Lagrangian Hessian.............:      483

Total number of variables............................:      125
                     variables with only lower bounds:        0
                variables with lower and upper bounds:      125
                     variables with only upper bounds:        0
Total number of equality constraints.................:      115
Total number of inequality constraints...............:      160
        inequality constraints with only lower bounds:        0
   inequality constraints with lower and upper bounds:        0
        inequality constraints with only upper bounds:      160

iter    objective    inf_pr   inf_du lg(mu)  ||d||  lg(rg) alpha_du alpha_pr  ls
   0  3.0391064e+04 3.92e+00 1.00e+02  -6.0 0.00e+00    -  0.00e+00 0.00e+00   0
   1  2.7897197e+04 3.92e+00 1.00e+02  -6.0 2.19e+07    -  5.58e-08 5.58e-08f  1
   2  2.7701496e+04 3.92e+00 1.00e+02  -6.0 6.80e+06    -  1.35e-07 4.85e-08f  1
   3  2.7440534e+04 3.92e+00 1.00e+02  -6.0 3.73e+06    -  8.97e-07 1.32e-07f  1
   4  2.7263005e+04 3.92e+00 1.00e+02  -6.0 8.00e+05    -  9.82e-07 6.10e-07f  1
   5  2.7162801e+04 3.92e+00 1.00e+02  -6.0 2.33e+05    -  2.51e-06 1.99e-06f  1
   6  2.7147058e+04 3.92e+00 1.00e+02  -6.0 3.33e+04    -  5.63e-05 3.59e-06f  1
   7  2.7141556e+04 3.92e+00 1.00e+02  -6.0 1.30e+03    -  1.74e-03 4.37e-05f  1
   8  2.7162160e+04 3.91e+00 9.98e+01  -6.0 6.82e+00    -  9.81e-03 2.05e-03h  1
   9  2.7142806e+04 3.91e+00 9.98e+01  -6.0 6.68e+02    -  4.82e-08 2.12e-04f  1
iter    objective    inf_pr   inf_du lg(mu)  ||d||  lg(rg) alpha_du alpha_pr  ls
  10  3.2504710e+04 1.75e+00 6.74e+01  -6.0 1.29e+01    -  2.20e-02 5.51e-01H  1
  11  3.2511322e+04 1.75e+00 6.73e+01  -6.0 1.84e+01    -  1.43e-03 1.32e-03h  1
  12  3.2666396e+04 1.69e+00 6.52e+01  -6.0 1.59e+01    -  1.69e-03 3.24e-02h  1
  13  3.2680187e+04 1.69e+00 6.50e+01  -6.0 1.59e+01    -  2.67e-03 2.99e-03h  1
  14  3.2680565e+04 1.69e+00 6.50e+01  -6.0 1.86e+01    -  1.74e-02 7.55e-05h  1
  15  3.2838513e+04 1.63e+00 6.28e+01  -6.0 6.99e+00    -  2.96e-02 3.37e-02h  1
  16  3.4199986e+04 1.14e+00 5.39e+01  -6.0 6.41e+00    -  1.85e-03 2.99e-01h  1
  17  3.4505856e+04 1.04e+00 4.83e+01  -6.0 2.81e+00    -  3.24e-02 9.22e-02h  1
  18  3.4705710e+04 9.69e-01 4.38e+01  -6.0 2.40e+00    -  4.46e-01 6.61e-02h  1
  19  3.4978090e+04 8.76e-01 4.15e+01  -6.0 2.55e+00    -  2.85e-01 9.61e-02h  1
iter    objective    inf_pr   inf_du lg(mu)  ||d||  lg(rg) alpha_du alpha_pr  ls
  20  3.5264376e+04 7.79e-01 4.63e+01  -6.0 2.44e+00    -  1.00e+00 1.11e-01h  1
  21  3.5523330e+04 6.91e-01 4.15e+01  -6.0 2.28e+00    -  2.63e-01 1.13e-01h  1
  22  3.5571348e+04 6.75e-01 4.34e+01  -6.0 2.26e+00    -  7.40e-01 2.35e-02h  1
  23  3.5794839e+04 5.99e-01 2.48e+01  -6.0 2.01e+00    -  1.99e-02 1.12e-01h  1
  24  3.5924356e+04 5.56e-01 2.55e+01  -6.0 1.96e+00    -  1.00e+00 7.27e-02h  1
  25  3.7578495e+04 2.69e-03 3.87e+00  -6.0 1.85e+00    -  2.11e-01 1.00e+00h  1
  26  3.7589301e+04 1.06e-05 1.77e-03  -6.0 1.50e-01    -  1.00e+00 1.00e+00h  1
  27  3.7589339e+04 2.60e-11 9.64e-10  -6.0 7.45e-05    -  1.00e+00 1.00e+00h  1
  28  3.7589338e+04 2.97e-13 5.05e-11  -7.0 9.52e-06    -  1.00e+00 1.00e+00h  1

Number of Iterations....: 28

                                   (scaled)                 (unscaled)
Objective...............:   1.0107655343398887e+03    3.7589338230489906e+04
Dual infeasibility......:   5.0522807485499827e-11    1.8788916265992958e-09
Constraint violation....:   2.9665159217984183e-13    2.9665159217984183e-13
Variable bound violation:   2.2616526873520115e-08    2.2616526873520115e-08
Complementarity.........:   9.0930739517278761e-08    3.3816213623625506e-06
Overall NLP error.......:   9.0930739517278761e-08    3.3816213623625506e-06


Number of objective function evaluations             = 30
Number of objective gradient evaluations             = 29
Number of equality constraint evaluations            = 30
Number of inequality constraint evaluations          = 31
Number of equality constraint Jacobian evaluations   = 29
Number of inequality constraint Jacobian evaluations = 29
Number of Lagrangian Hessian evaluations             = 28
Total seconds in IPOPT                               = 0.032

EXIT: Optimal Solution Found.

