Solver command line: ['/opt/homebrew/bin/ipopt', '/var/folders/6y/bvynbx6n3zv7z3lwg6vd724r0000gn/T/tmp2bjtkntz.pyomo.nl', '-AMPL', 'tol=1e-06', 'max_iter=300', 'print_level=5']

Ipopt 3.14.19: tol=1e-06
max_iter=300
print_level=5


******************************************************************************
This program contains Ipopt, a library for large-scale nonlinear optimization.
 Ipopt is released as open source code under the Eclipse Public License (EPL).
         For more information visit https://github.com/coin-or/Ipopt
******************************************************************************

This is Ipopt version 3.14.19, running with linear solver MUMPS 5.6.2.

Number of nonzeros in equality constraint Jacobian...:      864
Number of nonzeros in inequality constraint Jacobian.:      640
Number of nonzeros in Lagrangian Hessian.............:      483

Total number of variables............................:      125
                     variables with only lower bounds:        0
                variables with lower and upper bounds:      125
                     variables with only upper bounds:        0
Total number of equality constraints.................:      115
Total number of inequality constraints...............:      160
        inequality constraints with only lower bounds:        0
   inequality constraints with lower and upper bounds:        0
        inequality constraints with only upper bounds:      160

iter    objective    inf_pr   inf_du lg(mu)  ||d||  lg(rg) alpha_du alpha_pr  ls
   0  3.7527340e+04 1.84e+00 2.24e+01  -1.0 0.00e+00    -  0.00e+00 0.00e+00   0
   1  3.7470668e+04 1.79e+00 1.11e+01  -1.0 5.25e+00    -  3.96e-01 3.01e-02f  1
   2  3.7349851e+04 1.29e+00 2.97e+01  -1.0 7.61e+00    -  4.20e-01 2.81e-01f  1
   3  3.7383834e+04 1.05e+00 3.11e+01  -1.0 2.21e+00    -  2.48e-01 1.88e-01h  1
   4  3.7421957e+04 4.93e-01 3.09e+01  -1.0 1.41e+00    -  7.42e-01 5.37e-01h  1
   5  3.7528469e+04 1.58e-01 1.76e+01  -1.0 4.98e-01    -  9.96e-01 6.81e-01h  1
   6  3.7606923e+04 2.58e-03 3.88e+00  -1.0 2.42e-01    -  1.00e+00 1.00e+00h  1
   7  3.7612658e+04 1.93e-05 2.86e-02  -1.0 2.45e-02    -  1.00e+00 1.00e+00h  1
   8  3.7592902e+04 4.20e-04 4.37e+00  -2.5 5.80e-01    -  8.48e-01 1.00e+00f  1
   9  3.7591176e+04 1.15e-04 3.84e+00  -2.5 6.23e-02    -  8.85e-01 7.42e-01h  1
iter    objective    inf_pr   inf_du lg(mu)  ||d||  lg(rg) alpha_du alpha_pr  ls
  10  3.7590142e+04 2.66e-05 2.08e-03  -2.5 2.73e-02    -  1.00e+00 1.00e+00f  1
  11  3.7589400e+04 2.53e-06 3.67e-02  -3.8 1.87e-02    -  9.80e-01 1.00e+00h  1
  12  3.7589383e+04 1.38e-08 2.81e-06  -3.8 6.61e-04    -  1.00e+00 1.00e+00h  1
  13  3.7589339e+04 7.67e-09 1.34e-06  -5.7 1.02e-03    -  1.00e+00 1.00e+00h  1
  14  3.7589338e+04 1.85e-12 2.72e-10  -7.0 1.23e-05    -  1.00e+00 1.00e+00h  1

Number of Iterations....: 14

                                   (scaled)                 (unscaled)
Objective...............:   1.0107655343400100e+03    3.7589338230494417e+04
Dual infeasibility......:   2.7161436364285796e-10    1.0101060865612610e-08
Constraint violation....:   1.8529344725237706e-12    1.8529344725237706e-12
Variable bound violation:   2.2616526873520115e-08    2.2616526873520115e-08
Complementarity.........:   9.1024417152848074e-08    3.3851051379845071e-06
Overall NLP error.......:   9.1024417152848074e-08    3.3851051379845071e-06


Number of objective function evaluations             = 15
Number of objective gradient evaluations             = 15
Number of equality constraint evaluations            = 15
Number of inequality constraint evaluations          = 15
Number of equality constraint Jacobian evaluations   = 15
Number of inequality constraint Jacobian evaluations = 15
Number of Lagrangian Hessian evaluations             = 14
Total seconds in IPOPT                               = 0.019

EXIT: Optimal Solution Found.

