Solver command line: ['/opt/homebrew/bin/ipopt', '/var/folders/6y/bvynbx6n3zv7z3lwg6vd724r0000gn/T/tmpx43vbhqr.pyomo.nl', '-AMPL', 'tol=1e-06', 'max_iter=300', 'print_level=5', 'warm_start_init_point=yes', 'warm_start_bound_push=1e-06', 'warm_start_bound_frac=1e-06', 'warm_start_mult_bound_push=1e-06', 'mu_init=1e-06', 'least_square_init_duals=no']

Ipopt 3.14.19: tol=1e-06
max_iter=300
print_level=5
warm_start_init_point=yes
warm_start_bound_push=1e-06
warm_start_bound_frac=1e-06
warm_start_mult_bound_push=1e-06
mu_init=1e-06
least_square_init_duals=no


******************************************************************************
This program contains Ipopt, a library for large-scale nonlinear optimization.
 Ipopt is released as open source code under the Eclipse Public License (EPL).
         For more information visit https://github.com/coin-or/Ipopt
******************************************************************************

This is Ipopt version 3.14.19, running with linear solver MUMPS 5.6.2.

Number of nonzeros in equality constraint Jacobian...:      864
Number of nonzeros in inequality constraint Jacobian.:      640
Number of nonzeros in Lagrangian Hessian.............:      483

Total number of variables............................:      125
                     variables with only lower bounds:        0
                variables with lower and upper bounds:      125
                     variables with only upper bounds:        0
Total number of equality constraints.................:      115
Total number of inequality constraints...............:      160
        inequality constraints with only lower bounds:        0
   inequality constraints with lower and upper bounds:        0
        inequality constraints with only upper bounds:      160

iter    objective    inf_pr   inf_du lg(mu)  ||d||  lg(rg) alpha_du alpha_pr  ls
   0  3.7589332e+04 1.84e+00 5.76e+01  -6.0 0.00e+00    -  0.00e+00 0.00e+00   0
   1  3.7403419e+04 2.48e-01 6.25e+00  -6.0 5.11e+00    -  7.60e-01 8.86e-01f  1
   2  3.7573566e+04 8.71e-03 1.77e-01  -6.0 1.78e+00    -  1.00e+00 9.69e-01h  1
   3  3.7589320e+04 9.00e-06 1.68e-03  -6.0 6.09e-02    -  1.00e+00 1.00e+00h  1
   4  3.7589339e+04 3.69e-10 1.37e-08  -6.0 9.14e-05    -  1.00e+00 1.00e+00h  1
   5  3.7589338e+04 3.00e-13 5.01e-11  -7.0 6.22e-06    -  1.00e+00 1.00e+00h  1

Number of Iterations....: 5

                                   (scaled)                 (unscaled)
Objective...............:   1.0107655343398890e+03    3.7589338230489913e+04
Dual infeasibility......:   5.0068652358238984e-11    1.8620020611088501e-09
Constraint violation....:   3.0034308373672047e-13    3.0034308373672047e-13
Variable bound violation:   2.2616526873520115e-08    2.2616526873520115e-08
Complementarity.........:   9.0930749632844809e-08    3.3816217385501236e-06
Overall NLP error.......:   9.0930749632844809e-08    3.3816217385501236e-06


Number of objective function evaluations             = 6
Number of objective gradient evaluations             = 6
Number of equality constraint evaluations            = 6
Number of inequality constraint evaluations          = 7
Number of equality constraint Jacobian evaluations   = 6
Number of inequality constraint Jacobian evaluations = 6
Number of Lagrangian Hessian evaluations             = 5
Total seconds in IPOPT                               = 0.009

EXIT: Optimal Solution Found.

