Solver command line: ['/opt/homebrew/bin/ipopt', '/var/folders/6y/bvynbx6n3zv7z3lwg6vd724r0000gn/T/tmpkuof4zmz.pyomo.nl', '-AMPL', 'tol=1e-06', 'max_iter=300', 'print_level=5']

Ipopt 3.14.19: tol=1e-06
max_iter=300
print_level=5


******************************************************************************
This program contains Ipopt, a library for large-scale nonlinear optimization.
 Ipopt is released as open source code under the Eclipse Public License (EPL).
         For more information visit https://github.com/coin-or/Ipopt
******************************************************************************

This is Ipopt version 3.14.19, running with linear solver MUMPS 5.6.2.

Number of nonzeros in equality constraint Jacobian...:      864
Number of nonzeros in inequality constraint Jacobian.:      640
Number of nonzeros in Lagrangian Hessian.............:      483

Total number of variables............................:      125
                     variables with only lower bounds:        0
                variables with lower and upper bounds:      125
                     variables with only upper bounds:        0
Total number of equality constraints.................:      115
Total number of inequality constraints...............:      160
        inequality constraints with only lower bounds:        0
   inequality constraints with lower and upper bounds:        0
        inequality constraints with only upper bounds:      160

iter    objective    inf_pr   inf_du lg(mu)  ||d||  lg(rg) alpha_du alpha_pr  ls
   0  3.7527340e+04 6.74e+00 3.15e+01  -1.0 0.00e+00    -  0.00e+00 0.00e+00   0
   1  3.7446776e+04 6.56e+00 1.87e+01  -1.0 1.19e+00    -  3.76e-01 2.74e-02f  1
   2  3.6204460e+04 5.25e-01 1.51e+02  -1.0 9.45e-01    -  4.12e-01 1.00e+00f  1
   3  3.7448564e+04 6.50e-02 1.42e+01  -1.0 1.51e+01    -  6.67e-01 8.88e-01h  1
   4  3.7598568e+04 8.78e-03 7.09e+00  -1.0 3.17e+00    -  9.93e-01 8.96e-01h  1
   5  3.7612701e+04 5.95e-04 3.96e-01  -1.0 1.17e+00    -  1.00e+00 1.00e+00h  1
   6  3.7595796e+04 3.81e-04 1.32e-01  -1.7 8.49e-01    -  1.00e+00 1.00e+00f  1
   7  3.7592284e+04 1.62e-04 9.60e+00  -2.5 2.25e-01    -  1.00e+00 6.11e-01h  1
   8  3.7590196e+04 3.70e-05 1.53e-02  -2.5 9.60e-02    -  1.00e+00 1.00e+00h  1
   9  3.7589399e+04 3.25e-06 4.48e-04  -3.8 3.03e-02    -  1.00e+00 1.00e+00h  1
iter    objective    inf_pr   inf_du lg(mu)  ||d||  lg(rg) alpha_du alpha_pr  ls
  10  3.7589339e+04 4.23e-08 4.33e-06  -5.7 1.82e-03    -  1.00e+00 1.00e+00h  1
  11  3.7589338e+04 3.23e-12 5.23e-10  -7.0 1.99e-05    -  1.00e+00 1.00e+00h  1

Number of Iterations....: 11

                                   (scaled)                 (unscaled)
Objective...............:   1.0107655343400496e+03    3.7589338230495887e+04
Dual infeasibility......:   5.2262533954273932e-10    1.9435902777122803e-08
Constraint violation....:   3.2280011996732583e-12    3.2280011996732583e-12
Variable bound violation:   2.2616525985341696e-08    2.2616525985341696e-08
Complementarity.........:   9.1141634933780389e-08    3.3894643475780257e-06
Overall NLP error.......:   9.1141634933780389e-08    3.3894643475780257e-06


Number of objective function evaluations             = 12
Number of objective gradient evaluations             = 12
Number of equality constraint evaluations            = 12
Number of inequality constraint evaluations          = 12
Number of equality constraint Jacobian evaluations   = 12
Number of inequality constraint Jacobian evaluations = 12
Number of Lagrangian Hessian evaluations             = 11
Total seconds in IPOPT                               = 0.017

EXIT: Optimal Solution Found.

