Solver command line: ['/opt/homebrew/bin/ipopt', '/var/folders/6y/bvynbx6n3zv7z3lwg6vd724r0000gn/T/tmp92a9vio5.pyomo.nl', '-AMPL', 'tol=1e-06', 'max_iter=300', 'print_level=5', 'warm_start_init_point=yes', 'warm_start_bound_push=1e-06', 'warm_start_bound_frac=1e-06', 'warm_start_mult_bound_push=1e-06', 'mu_init=1e-06', 'least_square_init_duals=no']

Ipopt 3.14.19: tol=1e-06
max_iter=300
print_level=5
warm_start_init_point=yes
warm_start_bound_push=1e-06
warm_start_bound_frac=1e-06
warm_start_mult_bound_push=1e-06
mu_init=1e-06
least_square_init_duals=no


******************************************************************************
This program contains Ipopt, a library for large-scale nonlinear optimization.
 Ipopt is released as open source code under the Eclipse Public License (EPL).
         For more information visit https://github.com/coin-or/Ipopt
******************************************************************************

This is Ipopt version 3.14.19, running with linear solver MUMPS 5.6.2.

Number of nonzeros in equality constraint Jacobian...:      864
Number of nonzeros in inequality constraint Jacobian.:      640
Number of nonzeros in Lagrangian Hessian.............:      483

Total number of variables............................:      125
                     variables with only lower bounds:        0
                variables with lower and upper bounds:      125
                     variables with only upper bounds:        0
Total number of equality constraints.................:      115
Total number of inequality constraints...............:      160
        inequality constraints with only lower bounds:        0
   inequality constraints with lower and upper bounds:        0
        inequality constraints with only upper bounds:      160

iter    objective    inf_pr   inf_du lg(mu)  ||d||  lg(rg) alpha_du alpha_pr  ls
   0  3.0391064e+04 2.00e+00 1.00e+02  -6.0 0.00e+00    -  0.00e+00 0.00e+00   0
   1  2.8165115e+04 2.00e+00 1.00e+02  -6.0 2.09e+07    -  5.85e-08 5.85e-08f  1
   2  2.8148193e+04 2.00e+00 1.00e+02  -6.0 1.81e+06    -  5.72e-07 4.55e-08f  1
   3  2.7993329e+04 1.99e+00 1.00e+02  -6.0 1.58e+06    -  9.06e-07 5.42e-07f  1
   4  2.7979180e+04 1.99e+00 1.00e+02  -6.0 6.81e+05    -  2.90e-06 3.53e-07f  1
   5  2.7916584e+04 1.99e+00 1.00e+02  -6.0 4.28e+05    -  5.95e-06 3.17e-06f  1
   6  2.7913863e+04 1.99e+00 1.00e+02  -6.0 3.04e+04    -  2.66e-06 2.18e-06f  1
   7  2.7911325e+04 1.99e+00 1.00e+02  -6.0 2.02e+04    -  8.60e-06 5.80e-06f  1
   8  2.7910596e+04 1.99e+00 1.00e+02  -6.0 3.74e+03    -  1.08e-04 1.33e-05f  1
   9  2.7910905e+04 1.99e+00 1.00e+02  -6.0 5.22e+02    -  1.76e-03 3.92e-05h  3
iter    objective    inf_pr   inf_du lg(mu)  ||d||  lg(rg) alpha_du alpha_pr  ls
  10  2.7929437e+04 1.99e+00 9.98e+01  -6.0 7.26e+01    -  3.24e-03 1.99e-03h  1
  11  2.7952697e+04 1.98e+00 9.95e+01  -6.0 6.87e+01    -  6.22e-04 2.81e-03h  2
  12  2.8173941e+04 1.93e+00 9.71e+01  -6.0 1.07e+01    -  1.54e-02 2.38e-02h  1
  13  2.8217072e+04 1.93e+00 9.67e+01  -6.0 1.30e+01    -  1.11e-01 4.86e-03h  1
  14  2.8343164e+04 1.90e+00 9.53e+01  -6.0 4.57e+00    -  3.15e-02 1.38e-02h  1
  15  2.8499048e+04 1.87e+00 9.37e+01  -6.0 4.91e+00    -  8.72e-03 1.73e-02h  1
  16  2.8569056e+04 1.85e+00 9.29e+01  -6.0 6.44e+00    -  1.23e-02 7.95e-03h  1
  17  3.0481349e+04 1.45e+00 7.27e+01  -6.0 4.32e+00    -  1.65e-02 2.18e-01h  1
  18  3.2139734e+04 1.10e+00 5.53e+01  -6.0 2.51e+00    -  3.00e-01 2.39e-01h  1
  19  3.2516143e+04 1.02e+00 5.14e+01  -6.0 1.43e+00    -  3.86e-01 7.05e-02h  1
iter    objective    inf_pr   inf_du lg(mu)  ||d||  lg(rg) alpha_du alpha_pr  ls
  20  3.3327706e+04 8.57e-01 4.30e+01  -6.0 1.37e+00    -  6.10e-01 1.63e-01h  1
  21  3.4031558e+04 7.13e-01 3.58e+01  -6.0 1.13e+00    -  7.59e-01 1.68e-01h  1
  22  3.4269314e+04 6.64e-01 3.87e+01  -6.0 9.56e-01    -  2.35e-02 6.78e-02h  1
  23  3.4719570e+04 5.73e-01 3.54e+01  -6.0 8.83e-01    -  1.00e+00 1.37e-01h  1
  24  3.5419684e+04 4.31e-01 3.64e+01  -6.0 7.43e-01    -  1.16e-01 2.47e-01h  1
  25  3.5821585e+04 3.51e-01 3.07e+01  -6.0 5.70e-01    -  1.00e+00 1.87e-01h  1
  26  3.7486727e+04 2.08e-02 2.40e+00  -6.0 4.63e-01    -  6.39e-01 9.49e-01h  1
  27  3.7584195e+04 1.04e-03 1.28e-01  -6.0 4.65e-02    -  1.00e+00 9.51e-01h  1
  28  3.7589338e+04 4.15e-08 3.59e-05  -6.0 2.43e-03    -  1.00e+00 1.00e+00h  1
  29  3.7589339e+04 2.33e-14 1.00e-11  -6.0 5.93e-07    -  1.00e+00 1.00e+00h  1
iter    objective    inf_pr   inf_du lg(mu)  ||d||  lg(rg) alpha_du alpha_pr  ls
  30  3.7589338e+04 3.00e-13 5.03e-11  -7.0 6.22e-06    -  1.00e+00 1.00e+00f  1

Number of Iterations....: 30

                                   (scaled)                 (unscaled)
Objective...............:   1.0107655343398885e+03    3.7589338230489899e+04
Dual infeasibility......:   5.0331626880336083e-11    1.8717818150886542e-09
Constraint violation....:   3.0012103913179544e-13    3.0012103913179544e-13
Variable bound violation:   2.2616526873520115e-08    2.2616526873520115e-08
Complementarity.........:   9.0930739562097656e-08    3.3816213640293196e-06
Overall NLP error.......:   9.0930739562097656e-08    3.3816213640293196e-06


Number of objective function evaluations             = 36
Number of objective gradient evaluations             = 31
Number of equality constraint evaluations            = 36
Number of inequality constraint evaluations          = 36
Number of equality constraint Jacobian evaluations   = 31
Number of inequality constraint Jacobian evaluations = 31
Number of Lagrangian Hessian evaluations             = 30
Total seconds in IPOPT                               = 0.032

EXIT: Optimal Solution Found.

