Solver command line: ['/opt/homebrew/bin/ipopt', '/var/folders/6y/bvynbx6n3zv7z3lwg6vd724r0000gn/T/tmpagqhn624.pyomo.nl', '-AMPL', 'tol=1e-06', 'max_iter=300', 'print_level=5', 'warm_start_init_point=yes', 'warm_start_bound_push=1e-06', 'warm_start_bound_frac=1e-06', 'warm_start_mult_bound_push=1e-06', 'mu_init=1e-06', 'least_square_init_duals=no']

Ipopt 3.14.19: tol=1e-06
max_iter=300
print_level=5
warm_start_init_point=yes
warm_start_bound_push=1e-06
warm_start_bound_frac=1e-06
warm_start_mult_bound_push=1e-06
mu_init=1e-06
least_square_init_duals=no


******************************************************************************
This program contains Ipopt, a library for large-scale nonlinear optimization.
 Ipopt is released as open source code under the Eclipse Public License (EPL).
         For more information visit https://github.com/coin-or/Ipopt
******************************************************************************

This is Ipopt version 3.14.19, running with linear solver MUMPS 5.6.2.

Number of nonzeros in equality constraint Jacobian...:      864
Number of nonzeros in inequality constraint Jacobian.:      640
Number of nonzeros in Lagrangian Hessian.............:      483

Total number of variables............................:      125
                     variables with only lower bounds:        0
                variables with lower and upper bounds:      125
                     variables with only upper bounds:        0
Total number of equality constraints.................:      115
Total number of inequality constraints...............:      160
        inequality constraints with only lower bounds:        0
   inequality constraints with lower and upper bounds:        0
        inequality constraints with only upper bounds:      160

iter    objective    inf_pr   inf_du lg(mu)  ||d||  lg(rg) alpha_du alpha_pr  ls
   0  3.7589332e+04 7.10e+00 1.00e+02  -6.0 0.00e+00    -  0.00e+00 0.00e+00   0
   1  3.6645840e+04 7.07e+00 1.00e+02  -6.0 1.22e+07    -  3.10e-07 1.14e-07f  1
   2  3.6645022e+04 7.07e+00 1.00e+02  -6.0 1.19e+05    -  7.76e-06 3.08e-07f  1
   3  3.6634735e+04 7.08e+00 1.00e+02  -6.0 4.24e+04    -  1.70e-05 9.73e-06f  1
   4  3.6620182e+04 7.08e+00 1.00e+02  -6.0 2.74e+04    -  1.49e-06 6.78e-06f  1
   5  3.6612102e+04 7.08e+00 1.00e+02  -6.0 1.36e+04    -  9.32e-05 2.05e-05f  1
   6  3.6612067e+04 7.08e+00 1.00e+02  -6.0 2.98e+02    -  5.70e-05 2.00e-05h  1
   7  3.6611335e+04 7.08e+00 9.99e+01  -6.0 2.34e+02    -  1.24e-04 6.54e-04f  1
   8  3.6610189e+04 7.08e+00 9.99e+01  -6.0 2.46e+02    -  2.24e-05 2.09e-04h  1
   9  3.6607360e+04 7.07e+00 9.98e+01  -6.0 9.60e+01    -  1.10e-03 1.02e-03f  1
iter    objective    inf_pr   inf_du lg(mu)  ||d||  lg(rg) alpha_du alpha_pr  ls
  10  3.6606352e+04 7.06e+00 9.97e+01  -6.0 1.04e+01    -  4.68e-04 1.32e-03h  1
  11  3.6578228e+04 6.80e+00 9.62e+01  -6.0 9.35e+00    -  2.15e-02 3.71e-02f  1
  12  3.6568079e+04 6.69e+00 9.24e+01  -6.0 1.07e+01    -  2.14e-01 1.55e-02h  1
  13  3.6464037e+04 6.15e+00 8.56e+01  -6.0 1.50e+01    -  3.21e-07 8.13e-02f  1
  14  3.6390973e+04 5.79e+00 8.05e+01  -6.0 2.55e+01    -  6.34e-02 5.85e-02f  1
  15  3.6401559e+04 5.34e+00 7.25e+01  -6.0 1.61e+01    -  6.54e-01 7.73e-02h  1
  16  3.6498249e+04 3.52e+00 4.77e+01  -6.0 1.76e+01    -  4.51e-01 3.44e-01h  1
  17  3.6568501e+04 3.21e+00 4.32e+01  -6.0 1.71e+01    -  4.42e-02 8.75e-02h  1
  18  3.6598063e+04 3.08e+00 4.37e+01  -6.0 9.55e+00    -  4.84e-01 4.20e-02h  1
  19  3.6670030e+04 2.77e+00 3.91e+01  -6.0 9.40e+00    -  8.39e-02 1.02e-01h  1
iter    objective    inf_pr   inf_du lg(mu)  ||d||  lg(rg) alpha_du alpha_pr  ls
  20  3.6734595e+04 2.51e+00 3.58e+01  -6.0 9.34e+00    -  1.68e-01 9.11e-02h  1
  21  3.6784517e+04 2.33e+00 3.73e+01  -6.0 8.56e+00    -  3.42e-01 7.24e-02h  1
  22  3.6832794e+04 2.18e+00 3.39e+01  -6.0 6.88e+00    -  1.60e-06 6.56e-02h  1
  23  3.6833530e+04 2.18e+00 3.38e+01  -6.0 4.29e+00    -  9.85e-04 1.11e-03h  1
  24  3.6833595e+04 2.18e+00 4.30e+01  -6.0 5.13e+00    -  1.00e+00 9.24e-05h  1
  25  3.7205215e+04 1.01e+00 3.13e+01  -6.0 4.83e+00    -  6.01e-02 5.34e-01h  1
  26r 3.7205215e+04 1.01e+00 9.99e+02   0.0 0.00e+00    -  0.00e+00 3.63e-07R  4
  27r 3.7167240e+04 1.01e+00 9.99e+02   0.0 6.10e+04    -  5.42e-07 6.32e-06f  2
  28r 3.4507987e+04 2.33e-01 9.90e+02   0.0 1.23e+03    -  8.94e-03 1.01e-03f  1
  29  3.4448005e+04 3.25e-01 1.00e+02  -6.0 9.79e+05    -  9.18e-06 1.92e-05f  1
iter    objective    inf_pr   inf_du lg(mu)  ||d||  lg(rg) alpha_du alpha_pr  ls
  30  3.4333009e+04 3.27e-01 1.00e+02  -6.0 3.02e+05    -  1.85e-07 2.81e-06f  1
  31  3.3519086e+04 4.15e-01 1.00e+02  -6.0 4.04e+05    -  3.33e-07 1.66e-05f  1
  32  3.3519080e+04 4.15e-01 1.00e+02  -6.0 3.97e+04    -  5.02e-08 1.28e-08h  1
  33  3.3432958e+04 4.32e-01 1.00e+02  -6.0 9.06e+04    -  8.04e-07 5.09e-05f  1
  34  3.3413717e+04 4.38e-01 1.00e+02  -6.0 1.40e+04    -  5.97e-07 2.47e-04f  1
  35  3.3276017e+04 4.57e-01 9.99e+01  -6.0 1.81e+04    -  5.29e-04 3.42e-04f  1
  36  3.3254071e+04 4.71e-01 9.97e+01  -6.0 1.80e+03    -  6.02e-06 2.64e-03f  1
  37  3.3253548e+04 4.71e-01 9.97e+01  -6.0 6.24e+02    -  6.38e-07 1.35e-04h  1
  38  3.3198027e+04 4.90e-01 9.87e+01  -6.0 6.72e+02    -  3.10e-07 9.96e-03f  1
  39  3.3245292e+04 4.86e-01 9.70e+01  -6.0 1.47e+02    -  6.31e-07 1.65e-02h  1
iter    objective    inf_pr   inf_du lg(mu)  ||d||  lg(rg) alpha_du alpha_pr  ls
  40  3.3252220e+04 4.85e-01 9.68e+01  -6.0 2.18e+01    -  1.17e-06 1.79e-03h  5
  41  3.3253836e+04 4.84e-01 9.68e+01  -6.0 2.16e+01    -  1.62e-02 4.48e-04h  7
  42  3.3414332e+04 4.64e-01 9.27e+01  -6.0 2.21e+01    -  8.34e-04 4.29e-02h  1
  43  3.5218526e+04 2.54e-01 5.11e+01  -6.0 5.89e+00    -  1.81e-02 4.49e-01h  1
  44  3.6426974e+04 1.24e-01 2.65e+01  -6.0 7.07e+00    -  8.01e-01 5.19e-01h  1
  45  3.6458547e+04 1.20e-01 3.65e+01  -6.0 1.85e+00    -  1.81e-01 2.73e-02h  1
  46  3.7523268e+04 7.19e-03 2.24e+00  -6.0 2.47e+00    -  1.00e+00 9.44e-01h  1
  47  3.7551955e+04 4.06e-03 9.87e+00  -6.0 1.49e-01    -  9.66e-01 4.35e-01h  1
  48  3.7589332e+04 2.78e-06 3.68e-03  -6.0 8.69e-02    -  1.00e+00 1.00e+00h  1
  49  3.7589339e+04 1.26e-10 3.16e-09  -6.0 5.47e-05    -  1.00e+00 1.00e+00h  1
iter    objective    inf_pr   inf_du lg(mu)  ||d||  lg(rg) alpha_du alpha_pr  ls
  50  3.7589338e+04 2.94e-13 5.07e-11  -7.0 9.52e-06    -  1.00e+00 1.00e+00h  1

Number of Iterations....: 50

                                   (scaled)                 (unscaled)
Objective...............:   1.0107655343398893e+03    3.7589338230489928e+04
Dual infeasibility......:   5.0738561604688997e-11    1.8869153020069855e-09
Constraint violation....:   2.9387603461827894e-13    2.9387603461827894e-13
Variable bound violation:   2.2616526873520115e-08    2.2616526873520115e-08
Complementarity.........:   9.0930739180854030e-08    3.3816213498512582e-06
Overall NLP error.......:   9.0930739180854030e-08    3.3816213498512582e-06


Number of objective function evaluations             = 67
Number of objective gradient evaluations             = 50
Number of equality constraint evaluations            = 67
Number of inequality constraint evaluations          = 68
Number of equality constraint Jacobian evaluations   = 52
Number of inequality constraint Jacobian evaluations = 52
Number of Lagrangian Hessian evaluations             = 50
Total seconds in IPOPT                               = 0.053

EXIT: Optimal Solution Found.

