Solver command line: ['/opt/homebrew/bin/ipopt', '/var/folders/6y/bvynbx6n3zv7z3lwg6vd724r0000gn/T/tmph4dvfdj6.pyomo.nl', '-AMPL', 'tol=1e-06', 'max_iter=300', 'print_level=5']

Ipopt 3.14.19: tol=1e-06
max_iter=300
print_level=5


******************************************************************************
This program contains Ipopt, a library for large-scale nonlinear optimization.
 Ipopt is released as open source code under the Eclipse Public License (EPL).
         For more information visit https://github.com/coin-or/Ipopt
******************************************************************************

This is Ipopt version 3.14.19, running with linear solver MUMPS 5.6.2.

Number of nonzeros in equality constraint Jacobian...:      864
Number of nonzeros in inequality constraint Jacobian.:      640
Number of nonzeros in Lagrangian Hessian.............:      483

Total number of variables............................:      125
                     variables with only lower bounds:        0
                variables with lower and upper bounds:      125
                     variables with only upper bounds:        0
Total number of equality constraints.................:      115
Total number of inequality constraints...............:      160
        inequality constraints with only lower bounds:        0
   inequality constraints with lower and upper bounds:        0
        inequality constraints with only upper bounds:      160

iter    objective    inf_pr   inf_du lg(mu)  ||d||  lg(rg) alpha_du alpha_pr  ls
   0  3.0391064e+04 3.93e+00 3.15e+01  -1.0 0.00e+00    -  0.00e+00 0.00e+00   0
   1  2.9567024e+04 3.28e+00 2.64e+01  -1.0 7.09e+00    -  1.48e-01 1.71e-01f  1
   2  2.9852339e+04 3.14e+00 2.17e+01  -1.0 3.98e+00    -  3.73e-01 4.29e-02h  1
   3  3.3665151e+04 1.38e+00 3.69e+01  -1.0 4.78e+00    -  7.89e-01 5.52e-01h  1
   4  3.6655454e+04 2.43e-01 2.36e+01  -1.0 1.16e+01    -  9.93e-01 8.00e-01h  1
   5  3.7598706e+04 5.05e-03 9.69e-01  -1.0 5.40e+00    -  1.00e+00 1.00e+00h  1
   6  3.7594626e+04 5.84e-04 2.72e-01  -1.7 1.19e+00    -  1.00e+00 1.00e+00h  1
   7  3.7594803e+04 1.84e-05 1.07e-02  -1.7 1.08e-01    -  1.00e+00 1.00e+00h  1
   8  3.7590432e+04 3.38e-05 2.58e-01  -3.8 2.06e-01    -  8.48e-01 8.80e-01f  1
   9  3.7589398e+04 1.09e-05 9.18e-04  -3.8 3.08e-02    -  1.00e+00 1.00e+00h  1
iter    objective    inf_pr   inf_du lg(mu)  ||d||  lg(rg) alpha_du alpha_pr  ls
  10  3.7589339e+04 9.51e-08 1.22e-05  -5.7 2.03e-03    -  1.00e+00 1.00e+00h  1
  11  3.7589338e+04 8.77e-12 1.62e-09  -7.0 2.52e-05    -  1.00e+00 1.00e+00h  1

Number of Iterations....: 11

                                   (scaled)                 (unscaled)
Objective...............:   1.0107655343403808e+03    3.7589338230508205e+04
Dual infeasibility......:   1.6218140547715325e-09    6.0313608824803376e-08
Constraint violation....:   8.7728990738611401e-12    8.7728990738611401e-12
Variable bound violation:   2.2616523764895646e-08    2.2616523764895646e-08
Complementarity.........:   9.1679711436390125e-08    3.4094748633339725e-06
Overall NLP error.......:   9.1679711436390125e-08    3.4094748633339725e-06


Number of objective function evaluations             = 12
Number of objective gradient evaluations             = 12
Number of equality constraint evaluations            = 12
Number of inequality constraint evaluations          = 12
Number of equality constraint Jacobian evaluations   = 12
Number of inequality constraint Jacobian evaluations = 12
Number of Lagrangian Hessian evaluations             = 11
Total seconds in IPOPT                               = 0.013

EXIT: Optimal Solution Found.

