Solver command line: ['/opt/homebrew/bin/ipopt', '/var/folders/6y/bvynbx6n3zv7z3lwg6vd724r0000gn/T/tmpsjcfdmlj.pyomo.nl', '-AMPL', 'tol=1e-06', 'max_iter=300', 'print_level=5', 'warm_start_init_point=yes', 'warm_start_bound_push=1e-06', 'warm_start_bound_frac=1e-06', 'warm_start_mult_bound_push=1e-06', 'mu_init=1e-06', 'least_square_init_duals=no']

Ipopt 3.14.19: tol=1e-06
max_iter=300
print_level=5
warm_start_init_point=yes
warm_start_bound_push=1e-06
warm_start_bound_frac=1e-06
warm_start_mult_bound_push=1e-06
mu_init=1e-06
least_square_init_duals=no


******************************************************************************
This program contains Ipopt, a library for large-scale nonlinear optimization.
 Ipopt is released as open source code under the Eclipse Public License (EPL).
         For more information visit https://github.com/coin-or/Ipopt
******************************************************************************

This is Ipopt version 3.14.19, running with linear solver MUMPS 5.6.2.

Number of nonzeros in equality constraint Jacobian...:      864
Number of nonzeros in inequality constraint Jacobian.:      640
Number of nonzeros in Lagrangian Hessian.............:      483

Total number of variables............................:      125
                     variables with only lower bounds:        0
                variables with lower and upper bounds:      125
                     variables with only upper bounds:        0
Total number of equality constraints.................:      115
Total number of inequality constraints...............:      160
        inequality constraints with only lower bounds:        0
   inequality constraints with lower and upper bounds:        0
        inequality constraints with only upper bounds:      160

iter    objective    inf_pr   inf_du lg(mu)  ||d||  lg(rg) alpha_du alpha_pr  ls
   0  3.7589332e+04 7.10e+00 2.17e+02  -6.0 0.00e+00    -  0.00e+00 0.00e+00   0
   1  3.6018086e+04 1.03e+00 3.09e+04  -6.0 5.19e+00   2.0 6.51e-02 8.47e-01f  1
   2r 3.6018086e+04 1.03e+00 9.99e+02   1.1 0.00e+00   1.5 0.00e+00 2.78e-07R  6
   3r 3.5940398e+04 1.05e+00 1.95e+03   1.1 1.94e+06    -  9.84e-06 4.55e-08f  1
   4r 3.5939831e+04 1.04e+00 2.71e+03   1.1 1.34e+04    -  6.84e-03 1.81e-05f  1
   5r 3.8084252e+04 1.02e+00 2.73e+03   1.1 7.07e+03    -  2.00e-03 4.92e-04f  1
   6r 2.9274380e+04 2.16e+00 2.71e+03   1.1 1.27e+03    -  1.62e-02 6.89e-03f  1
   7  2.9003562e+04 2.16e+00 1.00e+02  -6.0 1.26e+07    -  1.38e-06 2.45e-07f  1
   8  2.9001212e+04 2.16e+00 1.00e+02  -6.0 5.38e+04    -  6.80e-06 4.24e-07f  1
   9  2.8994609e+04 2.16e+00 1.00e+02  -6.0 3.77e+04    -  1.06e-05 7.34e-06f  1
iter    objective    inf_pr   inf_du lg(mu)  ||d||  lg(rg) alpha_du alpha_pr  ls
  10  2.8993126e+04 2.16e+00 1.00e+02  -6.0 4.27e+03    -  1.01e-05 1.08e-05f  1
  11  2.8985498e+04 2.16e+00 1.00e+02  -6.0 1.03e+04    -  3.79e-05 2.95e-05f  1
  12  2.8971921e+04 2.16e+00 1.00e+02  -6.0 2.69e+04    -  2.60e-04 2.58e-05f  1
  13  2.8961537e+04 2.16e+00 1.00e+02  -6.0 8.36e+03    -  2.25e-04 1.53e-04f  1
  14  2.8961865e+04 2.16e+00 1.00e+02  -6.0 4.46e+02    -  1.73e-05 1.13e-04h  3
  15  2.8958462e+04 2.16e+00 9.99e+01  -6.0 1.99e+03    -  3.31e-03 5.00e-04f  1
  16  2.8960775e+04 2.16e+00 9.98e+01  -6.0 3.58e+02    -  2.08e-02 3.54e-04h  4
  17  2.9058724e+04 2.14e+00 9.79e+01  -6.0 8.89e+01    -  1.41e-01 1.23e-02h  1
  18  2.9432090e+04 2.03e+00 9.33e+01  -6.0 2.29e+01    -  3.09e-02 4.73e-02h  1
  19r 2.9432090e+04 2.03e+00 9.99e+02   0.7 0.00e+00    -  0.00e+00 7.34e-08R  2
iter    objective    inf_pr   inf_du lg(mu)  ||d||  lg(rg) alpha_du alpha_pr  ls
  20r 2.9709824e+04 1.96e+00 9.99e+02   0.7 4.69e+06    -  8.11e-09 5.02e-07f  1
  21r 2.9783712e+04 1.94e+00 9.99e+02   0.7 4.81e+04    -  2.58e-06 1.01e-05f  1
  22r 2.9876885e+04 1.91e+00 9.99e+02   0.7 7.91e+03    -  8.20e-05 5.58e-05f  1
  23r 3.0219260e+04 1.79e+00 9.98e+02   0.7 6.82e+03    -  9.61e-04 2.89e-04f  1
  24  3.0163916e+04 1.79e+00 9.90e+01  -6.0 7.08e+05    -  2.42e-07 3.28e-06f  1
  25  3.0158587e+04 1.79e+00 9.90e+01  -6.0 1.58e+03    -  8.34e-08 2.49e-04f  1
  26  3.0143409e+04 1.79e+00 9.90e+01  -6.0 4.64e+03    -  1.42e-06 3.04e-04f  2
  27  3.0135473e+04 1.79e+00 9.89e+01  -6.0 5.27e+02    -  8.87e-04 7.59e-04f  1
  28  3.0241718e+04 1.76e+00 9.74e+01  -6.0 3.84e+01    -  5.34e-06 1.61e-02h  2
  29  3.0346524e+04 1.72e+00 9.53e+01  -6.0 2.95e+01    -  2.64e-02 2.12e-02h  2
iter    objective    inf_pr   inf_du lg(mu)  ||d||  lg(rg) alpha_du alpha_pr  ls
  30  3.1064501e+04 1.53e+00 8.53e+01  -6.0 1.07e+01    -  7.00e-02 1.05e-01h  1
  31  3.1239882e+04 1.49e+00 8.28e+01  -6.0 9.90e+00    -  3.29e-01 2.81e-02h  1
  32  3.1958044e+04 1.31e+00 7.30e+01  -6.0 1.64e+01    -  4.49e-02 1.17e-01h  1
  33  3.2130051e+04 1.27e+00 7.07e+01  -6.0 1.47e+01    -  8.54e-06 3.12e-02h  1
  34  3.3451150e+04 9.64e-01 5.27e+01  -6.0 1.57e+01    -  3.95e-02 2.46e-01h  1
  35  3.3611750e+04 9.27e-01 5.16e+01  -6.0 1.33e+01    -  2.10e-01 3.85e-02h  1
  36  3.5432155e+04 5.02e-01 2.77e+01  -6.0 1.65e+00    -  2.02e-03 4.63e-01h  1
  37  3.6467939e+04 2.60e-01 1.60e+01  -6.0 2.06e+00    -  1.00e+00 4.82e-01h  1
  38  3.6498975e+04 2.53e-01 1.65e+01  -6.0 1.10e+00    -  1.00e+00 2.78e-02h  1
  39  3.6522581e+04 2.47e-01 1.36e+01  -6.0 6.71e-01    -  2.31e-01 2.17e-02h  1
iter    objective    inf_pr   inf_du lg(mu)  ||d||  lg(rg) alpha_du alpha_pr  ls
  40  3.6958453e+04 1.46e-01 1.51e+01  -6.0 8.02e-01    -  1.00e+00 4.10e-01h  1
  41  3.7557916e+04 7.09e-03 6.78e-01  -6.0 4.77e-01    -  4.15e-01 9.52e-01h  1
  42  3.7589336e+04 1.62e-06 9.46e-04  -6.0 2.49e-02    -  1.00e+00 1.00e+00h  1
  43  3.7589339e+04 5.36e-14 2.33e-10  -6.0 5.74e-06    -  1.00e+00 1.00e+00h  1
  44  3.7589338e+04 2.86e-13 5.07e-11  -7.0 9.52e-06    -  1.00e+00 1.00e+00f  1

Number of Iterations....: 44

                                   (scaled)                 (unscaled)
Objective...............:   1.0107655343398887e+03    3.7589338230489906e+04
Dual infeasibility......:   5.0656077941167122e-11    1.8838478187764275e-09
Constraint violation....:   2.8607671787028721e-13    2.8607671787028721e-13
Variable bound violation:   2.2616526873520115e-08    2.2616526873520115e-08
Complementarity.........:   9.0930739584576680e-08    3.3816213648652915e-06
Overall NLP error.......:   9.0930739584576680e-08    3.3816213648652915e-06


Number of objective function evaluations             = 66
Number of objective gradient evaluations             = 39
Number of equality constraint evaluations            = 66
Number of inequality constraint evaluations          = 67
Number of equality constraint Jacobian evaluations   = 47
Number of inequality constraint Jacobian evaluations = 47
Number of Lagrangian Hessian evaluations             = 44
Total seconds in IPOPT                               = 0.150

EXIT: Optimal Solution Found.

