Solver command line: ['/opt/homebrew/bin/ipopt', '/var/folders/6y/bvynbx6n3zv7z3lwg6vd724r0000gn/T/tmpeng_3tfr.pyomo.nl', '-AMPL', 'tol=1e-06', 'max_iter=300', 'print_level=5', 'warm_start_init_point=yes', 'warm_start_bound_push=1e-06', 'warm_start_bound_frac=1e-06', 'warm_start_mult_bound_push=1e-06', 'mu_init=1e-06', 'least_square_init_duals=no']

Ipopt 3.14.19: tol=1e-06
max_iter=300
print_level=5
warm_start_init_point=yes
warm_start_bound_push=1e-06
warm_start_bound_frac=1e-06
warm_start_mult_bound_push=1e-06
mu_init=1e-06
least_square_init_duals=no


******************************************************************************
This program contains Ipopt, a library for large-scale nonlinear optimization.
 Ipopt is released as open source code under the Eclipse Public License (EPL).
         For more information visit https://github.com/coin-or/Ipopt
******************************************************************************

This is Ipopt version 3.14.19, running with linear solver MUMPS 5.6.2.

Number of nonzeros in equality constraint Jacobian...:      864
Number of nonzeros in inequality constraint Jacobian.:      640
Number of nonzeros in Lagrangian Hessian.............:      483

Total number of variables............................:      125
                     variables with only lower bounds:        0
                variables with lower and upper bounds:      125
                     variables with only upper bounds:        0
Total number of equality constraints.................:      115
Total number of inequality constraints...............:      160
        inequality constraints with only lower bounds:        0
   inequality constraints with lower and upper bounds:        0
        inequality constraints with only upper bounds:      160

iter    objective    inf_pr   inf_du lg(mu)  ||d||  lg(rg) alpha_du alpha_pr  ls
   0  3.7589332e+04 1.84e+00 9.63e+01  -6.0 0.00e+00    -  0.00e+00 0.00e+00   0
   1  3.7584314e+04 1.84e+00 9.62e+01  -6.0 8.26e+01    -  3.28e-03 5.22e-04f  1
   2  3.7432873e+04 1.81e+00 9.45e+01  -6.0 9.38e+01    -  1.52e-02 1.45e-02f  1
   3  3.7432559e+04 1.81e+00 9.44e+01  -6.0 4.88e+00    -  3.69e-02 9.45e-04h  1
   4  3.7404758e+04 1.66e+00 8.65e+01  -6.0 4.87e+00    -  4.34e-02 8.34e-02f  1
   5  3.7398343e+04 1.62e+00 8.40e+01  -6.0 4.05e+00    -  1.28e-01 2.47e-02h  1
   6  3.7396833e+04 1.60e+00 7.37e+01  -6.0 3.82e+00    -  1.87e-01 8.92e-03h  1
   7  3.7397858e+04 1.58e+00 7.27e+01  -6.0 3.63e+00    -  5.16e-02 1.46e-02h  1
   8  3.7398339e+04 1.21e+00 5.83e+01  -6.0 3.62e+00    -  5.67e-02 2.36e-01h  1
   9  3.7425676e+04 7.52e-01 4.57e+01  -6.0 2.06e+00    -  2.24e-01 3.87e-01h  1
iter    objective    inf_pr   inf_du lg(mu)  ||d||  lg(rg) alpha_du alpha_pr  ls
  10  3.7448432e+04 6.03e-01 3.67e+01  -6.0 6.88e-01    -  1.87e-01 1.99e-01h  1
  11  3.7469138e+04 4.87e-01 2.21e+01  -6.0 5.82e-01    -  6.32e-01 1.92e-01h  1
  12  3.7566902e+04 9.58e-03 2.41e+00  -6.0 4.83e-01    -  6.69e-01 1.00e+00h  1
  13  3.7589294e+04 1.77e-05 4.26e-02  -6.0 1.23e-01    -  9.89e-01 1.00e+00h  1
  14  3.7589338e+04 1.14e-09 2.06e-07  -6.0 2.93e-04    -  1.00e+00 1.00e+00h  1
  15  3.7589338e+04 2.84e-13 5.15e-11  -7.0 6.45e-06    -  1.00e+00 1.00e+00h  1

Number of Iterations....: 15

                                   (scaled)                 (unscaled)
Objective...............:   1.0107655343398885e+03    3.7589338230489899e+04
Dual infeasibility......:   5.1515955986365438e-11    1.9158258053418686e-09
Constraint violation....:   2.8391178297226816e-13    2.8391178297226816e-13
Variable bound violation:   2.2616526873520115e-08    2.2616526873520115e-08
Complementarity.........:   9.0931027216410301e-08    3.3816320615995118e-06
Overall NLP error.......:   9.0931027216410301e-08    3.3816320615995118e-06


Number of objective function evaluations             = 16
Number of objective gradient evaluations             = 16
Number of equality constraint evaluations            = 16
Number of inequality constraint evaluations          = 17
Number of equality constraint Jacobian evaluations   = 16
Number of inequality constraint Jacobian evaluations = 16
Number of Lagrangian Hessian evaluations             = 15
Total seconds in IPOPT                               = 0.016

EXIT: Optimal Solution Found.

