Solver command line: ['/opt/homebrew/bin/ipopt', '/var/folders/6y/bvynbx6n3zv7z3lwg6vd724r0000gn/T/tmpy1q9n3yz.pyomo.nl', '-AMPL', 'tol=1e-06', 'max_iter=300', 'print_level=5']

Ipopt 3.14.19: tol=1e-06
max_iter=300
print_level=5


******************************************************************************
This program contains Ipopt, a library for large-scale nonlinear optimization.
 Ipopt is released as open source code under the Eclipse Public License (EPL).
         For more information visit https://github.com/coin-or/Ipopt
******************************************************************************

This is Ipopt version 3.14.19, running with linear solver MUMPS 5.6.2.

Number of nonzeros in equality constraint Jacobian...:    86425
Number of nonzeros in inequality constraint Jacobian.:    72576
Number of nonzeros in Lagrangian Hessian.............:    48426

Total number of variables............................:    12204
                     variables with only lower bounds:        0
                variables with lower and upper bounds:    12204
                     variables with only upper bounds:        0
Total number of equality constraints.................:    11317
Total number of inequality constraints...............:    18144
        inequality constraints with only lower bounds:        0
   inequality constraints with lower and upper bounds:        0
        inequality constraints with only upper bounds:    18144

iter    objective    inf_pr   inf_du lg(mu)  ||d||  lg(rg) alpha_du alpha_pr  ls
   0  1.6241438e+06 3.11e+01 1.00e+02  -1.0 0.00e+00    -  0.00e+00 0.00e+00   0
   1  1.5178911e+06 3.02e+01 9.73e+01  -1.0 3.90e+01    -  2.65e-02 2.70e-02f  1
   2  1.4707866e+06 2.94e+01 8.84e+01  -1.0 6.52e+01    -  1.12e-01 2.80e-02f  1
   3  1.3700651e+06 2.55e+01 3.45e+02  -1.0 7.68e+01    -  2.28e-01 1.31e-01f  1
   4  1.3099206e+06 1.89e+01 7.33e+02  -1.0 9.41e+01    -  3.62e-01 2.54e-01f  1
   5  1.2802184e+06 1.38e+01 6.17e+02  -1.0 1.29e+02    -  3.34e-01 2.66e-01f  1
   6  1.2621197e+06 1.03e+01 4.53e+02  -1.0 1.26e+02    -  2.66e-01 2.51e-01f  1
   7  1.2507990e+06 7.94e+00 3.64e+02  -1.0 1.20e+02    -  2.60e-01 2.26e-01f  1
   8  1.2338294e+06 4.27e+00 1.74e+02  -1.0 1.05e+02    -  2.79e-01 4.56e-01f  1
   9  1.2239112e+06 2.07e+00 6.45e+01  -1.0 7.77e+01    -  5.29e-01 5.12e-01f  1
iter    objective    inf_pr   inf_du lg(mu)  ||d||  lg(rg) alpha_du alpha_pr  ls
  10  1.2195363e+06 1.13e+00 6.55e+01  -1.0 6.75e+01    -  7.46e-01 4.52e-01f  1
  11  1.2164402e+06 4.84e-01 6.42e+01  -1.0 5.47e+01    -  4.72e-01 5.72e-01f  1
  12  1.2153642e+06 2.91e-01 4.41e+01  -1.0 3.81e+01    -  9.87e-01 4.00e-01h  1
  13  1.2142216e+06 4.73e-03 2.21e+01  -1.0 1.37e+01    -  1.00e+00 1.00e+00h  1
  14  1.2142252e+06 2.16e-04 6.59e-02  -1.0 1.93e+00    -  1.00e+00 1.00e+00h  1
  15  1.2114322e+06 6.99e-04 6.58e+00  -2.5 1.06e+01    -  5.72e-01 5.40e-01f  1
  16  1.2100416e+06 9.97e-04 9.13e+00  -2.5 7.87e+00    -  4.97e-01 5.31e-01f  1
  17  1.2087277e+06 4.99e-03 1.30e+01  -2.5 6.03e+00    -  6.86e-01 9.28e-01f  1
  18  1.2083471e+06 8.94e-03 3.04e+00  -2.5 4.52e+00    -  1.00e+00 8.22e-01h  1
  19  1.2080422e+06 1.29e-02 1.42e+00  -2.5 2.90e+00    -  1.00e+00 5.46e-01h  1
iter    objective    inf_pr   inf_du lg(mu)  ||d||  lg(rg) alpha_du alpha_pr  ls
  20  1.2078621e+06 4.34e-03 8.41e-02  -2.5 1.72e+00    -  9.80e-01 1.00e+00h  1
  21  1.2078607e+06 5.14e-05 2.62e-03  -2.5 2.10e-01    -  1.00e+00 1.00e+00h  1
  22  1.2076515e+06 3.40e-03 8.50e-01  -3.8 3.72e+00    -  4.45e-01 3.26e-01f  1
  23  1.2075865e+06 3.37e-03 4.29e+00  -3.8 1.02e+01    -  7.11e-01 1.30e-01h  1
  24  1.2075141e+06 3.07e-03 8.60e+00  -3.8 1.81e+01    -  5.11e-01 1.72e-01h  1
  25  1.2074502e+06 2.67e-03 4.02e+00  -3.8 2.05e+01    -  3.59e-01 2.33e-01h  1
  26  1.2074288e+06 2.60e-03 9.37e+00  -3.8 1.88e+01    -  1.00e+00 1.27e-01h  1
  27  1.2073584e+06 5.12e-03 5.96e+00  -3.8 1.81e+01    -  6.69e-01 5.25e-01h  1
  28  1.2073490e+06 3.97e-03 3.93e+00  -3.8 6.32e+00    -  1.00e+00 2.39e-01h  1
  29  1.2073279e+06 7.78e-04 7.20e-01  -3.8 2.60e+00    -  1.00e+00 8.30e-01h  1
iter    objective    inf_pr   inf_du lg(mu)  ||d||  lg(rg) alpha_du alpha_pr  ls
  30  1.2073258e+06 2.23e-05 7.56e-03  -3.8 5.91e-01    -  1.00e+00 1.00e+00h  1
  31  1.2073260e+06 3.02e-06 4.68e-05  -3.8 1.10e-01    -  1.00e+00 1.00e+00h  1
  32  1.2073227e+06 1.60e-05 4.53e+00  -5.7 6.41e-01    -  8.19e-01 2.49e-01h  1
  33  1.2073149e+06 1.82e-04 1.69e-01  -5.7 4.35e-01    -  7.78e-01 8.52e-01h  1
  34  1.2073140e+06 3.96e-05 2.90e-02  -5.7 2.94e-01    -  1.00e+00 9.21e-01h  1
  35  1.2073139e+06 3.29e-06 1.15e-02  -5.7 3.40e-02    -  1.00e+00 9.11e-01h  1
  36  1.2073139e+06 1.64e-06 1.12e-02  -5.7 1.37e-02    -  1.00e+00 5.00e-01f  2
  37  1.2073139e+06 1.16e-08 3.06e-07  -5.7 6.74e-03    -  1.00e+00 1.00e+00h  1
  38  1.2073138e+06 1.64e-07 1.16e-02  -7.2 1.20e-02    -  1.00e+00 8.88e-01h  1
  39  1.2073138e+06 3.95e-09 1.17e-06  -7.2 1.53e-03    -  1.00e+00 1.00e+00f  1
iter    objective    inf_pr   inf_du lg(mu)  ||d||  lg(rg) alpha_du alpha_pr  ls
  40  1.2073138e+06 1.15e-11 1.86e-10  -7.2 1.98e-05    -  1.00e+00 1.00e+00h  1

Number of Iterations....: 40

                                   (scaled)                 (unscaled)
Objective...............:   9.2561464105099221e+03    1.2073137850542380e+06
Dual infeasibility......:   1.8592274715904174e-10    2.4250599077105443e-08
Constraint violation....:   5.9997257899114508e-14    1.1500113361595508e-11
Variable bound violation:   1.0344416168095449e-07    1.0344416168095449e-07
Complementarity.........:   6.9697537369739643e-08    9.0909103982273685e-06
Overall NLP error.......:   6.9697537369739643e-08    9.0909103982273685e-06


Number of objective function evaluations             = 42
Number of objective gradient evaluations             = 41
Number of equality constraint evaluations            = 42
Number of inequality constraint evaluations          = 42
Number of equality constraint Jacobian evaluations   = 41
Number of inequality constraint Jacobian evaluations = 41
Number of Lagrangian Hessian evaluations             = 40
Total seconds in IPOPT                               = 10.035

EXIT: Optimal Solution Found.

