Solver command line: ['/opt/homebrew/bin/ipopt', '/var/folders/6y/bvynbx6n3zv7z3lwg6vd724r0000gn/T/tmp4jro8gjo.pyomo.nl', '-AMPL', 'tol=1e-06', 'max_iter=300', 'print_level=5']

Ipopt 3.14.19: tol=1e-06
max_iter=300
print_level=5


******************************************************************************
This program contains Ipopt, a library for large-scale nonlinear optimization.
 Ipopt is released as open source code under the Eclipse Public License (EPL).
         For more information visit https://github.com/coin-or/Ipopt
******************************************************************************

This is Ipopt version 3.14.19, running with linear solver MUMPS 5.6.2.

Number of nonzeros in equality constraint Jacobian...:    86425
Number of nonzeros in inequality constraint Jacobian.:    72576
Number of nonzeros in Lagrangian Hessian.............:    48426

Total number of variables............................:    12204
                     variables with only lower bounds:        0
                variables with lower and upper bounds:    12204
                     variables with only upper bounds:        0
Total number of equality constraints.................:    11317
Total number of inequality constraints...............:    18144
        inequality constraints with only lower bounds:        0
   inequality constraints with lower and upper bounds:        0
        inequality constraints with only upper bounds:    18144

iter    objective    inf_pr   inf_du lg(mu)  ||d||  lg(rg) alpha_du alpha_pr  ls
   0  1.2016794e+06 3.07e+01 1.00e+02  -1.0 0.00e+00    -  0.00e+00 0.00e+00   0
   1  1.2008557e+06 3.03e+01 8.81e+01  -1.0 3.41e+00    -  1.42e-01 1.51e-02f  1
   2  1.2010400e+06 2.40e+01 7.78e+01  -1.0 7.62e+00    -  9.95e-02 2.01e-01f  1
   3  1.2014987e+06 2.24e+01 8.23e+01  -1.0 9.16e+01    -  1.79e-01 6.60e-02h  3
   4  1.2023204e+06 1.99e+01 1.43e+02  -1.0 1.04e+02    -  3.52e-01 1.13e-01h  3
   5  1.2034919e+06 1.69e+01 1.97e+02  -1.0 1.16e+02    -  1.49e-01 1.48e-01h  3
   6  1.2093805e+06 7.74e+00 8.06e+02  -1.0 1.20e+02    -  1.57e-01 5.36e-01H  1
   7  1.2134980e+06 2.82e+00 3.07e+02  -1.0 1.03e+02    -  6.48e-01 6.26e-01h  1
   8  1.2141891e+06 1.55e+00 1.45e+02  -1.0 6.40e+01    -  4.06e-01 4.48e-01h  1
   9  1.2141481e+06 1.29e+00 1.21e+02  -1.0 5.13e+01    -  3.69e-01 1.68e-01h  1
iter    objective    inf_pr   inf_du lg(mu)  ||d||  lg(rg) alpha_du alpha_pr  ls
  10  1.2141637e+06 5.27e-01 7.70e+01  -1.0 5.95e+01    -  3.36e-01 5.89e-01h  1
  11  1.2141863e+06 3.82e-01 6.10e+01  -1.0 3.70e+01    -  6.30e-01 2.74e-01h  1
  12  1.2139875e+06 2.35e-01 4.81e+01  -1.0 3.69e+01    -  9.62e-01 3.86e-01h  1
  13  1.2142050e+06 5.94e-03 2.95e+01  -1.0 1.41e+01    -  1.00e+00 1.00e+00h  1
  14  1.2142265e+06 3.97e-04 1.42e-01  -1.0 2.32e+00    -  1.00e+00 1.00e+00h  1
  15  1.2114288e+06 7.11e-04 6.59e+00  -2.5 1.06e+01    -  5.70e-01 5.41e-01f  1
  16  1.2100451e+06 9.84e-04 9.09e+00  -2.5 7.71e+00    -  5.13e-01 5.29e-01f  1
  17  1.2087172e+06 5.21e-03 1.33e+01  -2.5 6.05e+00    -  7.19e-01 9.32e-01f  1
  18  1.2083273e+06 9.95e-03 3.30e+00  -2.5 4.65e+00    -  1.00e+00 8.01e-01h  1
  19  1.2080414e+06 1.23e-02 1.57e+00  -2.5 2.88e+00    -  1.00e+00 5.37e-01h  1
iter    objective    inf_pr   inf_du lg(mu)  ||d||  lg(rg) alpha_du alpha_pr  ls
  20  1.2078618e+06 4.28e-03 4.02e-02  -2.5 1.74e+00    -  1.00e+00 1.00e+00h  1
  21  1.2078607e+06 4.45e-05 2.33e-03  -2.5 2.03e-01    -  1.00e+00 1.00e+00h  1
  22  1.2076510e+06 3.42e-03 8.27e-01  -3.8 3.72e+00    -  4.42e-01 3.27e-01f  1
  23  1.2075869e+06 3.38e-03 4.36e+00  -3.8 1.02e+01    -  7.12e-01 1.28e-01h  1
  24  1.2075141e+06 3.08e-03 8.69e+00  -3.8 1.81e+01    -  5.19e-01 1.73e-01h  1
  25  1.2074501e+06 2.68e-03 3.95e+00  -3.8 2.05e+01    -  3.56e-01 2.33e-01h  1
  26  1.2074284e+06 2.61e-03 9.35e+00  -3.8 1.88e+01    -  1.00e+00 1.29e-01h  1
  27  1.2073584e+06 5.10e-03 5.97e+00  -3.8 1.81e+01    -  6.69e-01 5.25e-01h  1
  28  1.2073490e+06 3.95e-03 3.95e+00  -3.8 6.29e+00    -  1.00e+00 2.38e-01h  1
  29  1.2073279e+06 7.74e-04 7.17e-01  -3.8 2.60e+00    -  1.00e+00 8.30e-01h  1
iter    objective    inf_pr   inf_du lg(mu)  ||d||  lg(rg) alpha_du alpha_pr  ls
  30  1.2073258e+06 2.22e-05 7.50e-03  -3.8 5.88e-01    -  1.00e+00 1.00e+00h  1
  31  1.2073260e+06 2.99e-06 4.64e-05  -3.8 1.10e-01    -  1.00e+00 1.00e+00h  1
  32  1.2073227e+06 1.60e-05 4.53e+00  -5.7 6.41e-01    -  8.19e-01 2.49e-01h  1
  33  1.2073149e+06 1.82e-04 1.69e-01  -5.7 4.35e-01    -  7.78e-01 8.52e-01h  1
  34  1.2073140e+06 3.96e-05 2.90e-02  -5.7 2.94e-01    -  1.00e+00 9.21e-01h  1
  35  1.2073139e+06 3.31e-06 1.15e-02  -5.7 3.40e-02    -  1.00e+00 9.11e-01h  1
  36  1.2073139e+06 1.65e-06 1.12e-02  -5.7 1.37e-02    -  1.00e+00 5.00e-01f  2
  37  1.2073139e+06 1.16e-08 3.08e-07  -5.7 6.75e-03    -  1.00e+00 1.00e+00h  1
  38  1.2073138e+06 1.64e-07 1.16e-02  -7.2 1.20e-02    -  1.00e+00 8.88e-01h  1
  39  1.2073138e+06 3.95e-09 1.17e-06  -7.2 1.53e-03    -  1.00e+00 1.00e+00f  1
iter    objective    inf_pr   inf_du lg(mu)  ||d||  lg(rg) alpha_du alpha_pr  ls
  40  1.2073138e+06 7.24e-12 1.32e-10  -7.2 1.98e-05    -  1.00e+00 1.00e+00h  1

Number of Iterations....: 40

                                   (scaled)                 (unscaled)
Objective...............:   9.2561464105099421e+03    1.2073137850542408e+06
Dual infeasibility......:   1.3159553017977652e-10    1.7164497037035593e-08
Constraint violation....:   5.8380962680813685e-14    7.2422068342348211e-12
Variable bound violation:   1.0344416168095449e-07    1.0344416168095449e-07
Complementarity.........:   6.9697537374958359e-08    9.0909103989080645e-06
Overall NLP error.......:   6.9697537374958359e-08    9.0909103989080645e-06


Number of objective function evaluations             = 55
Number of objective gradient evaluations             = 41
Number of equality constraint evaluations            = 55
Number of inequality constraint evaluations          = 55
Number of equality constraint Jacobian evaluations   = 41
Number of inequality constraint Jacobian evaluations = 41
Number of Lagrangian Hessian evaluations             = 40
Total seconds in IPOPT                               = 8.571

EXIT: Optimal Solution Found.

