Solver command line: ['/opt/homebrew/bin/ipopt', '/var/folders/6y/bvynbx6n3zv7z3lwg6vd724r0000gn/T/tmp7ngk25jo.pyomo.nl', '-AMPL', 'tol=1e-06', 'max_iter=300', 'print_level=5', 'warm_start_init_point=yes', 'warm_start_bound_push=1e-06', 'warm_start_bound_frac=1e-06', 'warm_start_mult_bound_push=1e-06', 'mu_init=1e-06', 'least_square_init_duals=no']

Ipopt 3.14.19: tol=1e-06
max_iter=300
print_level=5
warm_start_init_point=yes
warm_start_bound_push=1e-06
warm_start_bound_frac=1e-06
warm_start_mult_bound_push=1e-06
mu_init=1e-06
least_square_init_duals=no


******************************************************************************
This program contains Ipopt, a library for large-scale nonlinear optimization.
 Ipopt is released as open source code under the Eclipse Public License (EPL).
         For more information visit https://github.com/coin-or/Ipopt
******************************************************************************

This is Ipopt version 3.14.19, running with linear solver MUMPS 5.6.2.

Number of nonzeros in equality constraint Jacobian...:    86425
Number of nonzeros in inequality constraint Jacobian.:    72576
Number of nonzeros in Lagrangian Hessian.............:    48426

Total number of variables............................:    12204
                     variables with only lower bounds:        0
                variables with lower and upper bounds:    12204
                     variables with only upper bounds:        0
Total number of equality constraints.................:    11317
Total number of inequality constraints...............:    18144
        inequality constraints with only lower bounds:        0
   inequality constraints with lower and upper bounds:        0
        inequality constraints with only upper bounds:    18144

iter    objective    inf_pr   inf_du lg(mu)  ||d||  lg(rg) alpha_du alpha_pr  ls
   0  1.6241438e+06 3.10e+01 7.92e+01  -6.0 0.00e+00    -  0.00e+00 0.00e+00   0
   1  1.6208792e+06 3.10e+01 7.92e+01  -6.0 4.08e+03    -  6.65e-06 8.92e-06f  1
   2  1.6147151e+06 3.10e+01 7.92e+01  -6.0 4.08e+03    -  5.17e-06 1.69e-05f  1
   3  1.6019507e+06 3.10e+01 7.92e+01  -6.0 4.08e+03    -  4.37e-05 3.51e-05f  1
   4  1.5611780e+06 3.10e+01 7.91e+01  -6.0 4.04e+03    -  1.71e-05 1.18e-04f  1
   5  1.5155445e+06 3.10e+01 7.91e+01  -6.0 3.86e+03    -  3.31e-05 1.66e-04f  1
   6  1.4902014e+06 3.10e+01 7.91e+01  -6.0 3.38e+03    -  1.10e-04 1.59e-04f  1
   7  1.4644988e+06 3.10e+01 7.91e+01  -6.0 2.63e+03    -  2.42e-05 2.43e-04f  1
   8  1.4463759e+06 3.10e+01 7.91e+01  -6.0 1.86e+03    -  1.63e-04 2.36e-04f  1
   9  1.4326339e+06 3.10e+01 7.91e+01  -6.0 1.18e+03    -  3.69e-05 2.59e-04f  1
iter    objective    inf_pr   inf_du lg(mu)  ||d||  lg(rg) alpha_du alpha_pr  ls
  10  1.4215390e+06 3.10e+01 7.91e+01  -6.0 1.05e+03    -  1.93e-04 2.67e-04f  1
  11  1.4107726e+06 3.10e+01 7.91e+01  -6.0 8.63e+02    -  2.98e-04 3.66e-04f  1
  12  1.4010841e+06 3.10e+01 7.90e+01  -6.0 6.23e+02    -  7.23e-04 5.07e-04f  1
  13  1.3873398e+06 3.09e+01 7.90e+01  -6.0 3.36e+02    -  2.37e-04 1.24e-03f  1
  14  1.3838687e+06 3.09e+01 7.90e+01  -6.0 2.40e+02    -  8.81e-05 5.59e-04f  1
  15  1.3813493e+06 3.09e+01 7.88e+01  -6.0 2.30e+02    -  1.77e-03 4.89e-04f  1
  16  1.3769364e+06 3.08e+01 7.88e+01  -6.0 1.93e+02    -  9.25e-04 1.30e-03f  1
  17  1.3713550e+06 3.08e+01 7.86e+01  -6.0 1.52e+02    -  1.62e-03 2.21e-03f  1
  18  1.3679695e+06 3.07e+01 7.83e+01  -6.0 1.40e+02    -  4.47e-03 2.00e-03f  1
  19  1.3678216e+06 3.07e+01 7.81e+01  -6.0 1.39e+02    -  2.45e-03 1.30e-04f  1
iter    objective    inf_pr   inf_du lg(mu)  ||d||  lg(rg) alpha_du alpha_pr  ls
  20  1.3638268e+06 3.06e+01 7.79e+01  -6.0 1.36e+02    -  2.70e-03 3.82e-03f  1
  21  1.3595812e+06 3.04e+01 7.75e+01  -6.0 1.65e+02    -  4.79e-03 5.01e-03f  1
  22  1.3575165e+06 3.03e+01 7.70e+01  -6.0 1.88e+02    -  7.31e-03 3.47e-03f  1
  23  1.3547411e+06 3.02e+01 7.63e+01  -6.0 1.92e+02    -  8.43e-03 5.70e-03f  1
  24  1.3514107e+06 2.99e+01 7.61e+01  -6.0 2.05e+02    -  3.07e-03 8.25e-03f  1
  25  1.3499569e+06 2.98e+01 7.47e+01  -6.0 1.76e+02    -  1.87e-02 4.55e-03f  1
  26  1.3474600e+06 2.95e+01 7.38e+01  -6.0 1.34e+02    -  1.27e-02 9.59e-03f  1
  27  1.3464496e+06 2.94e+01 7.35e+01  -6.0 4.59e+01    -  4.06e-03 4.73e-03f  1
  28  1.3453827e+06 2.92e+01 7.22e+01  -6.0 2.99e+01    -  1.75e-02 5.23e-03f  1
  29  1.3427048e+06 2.88e+01 7.16e+01  -6.0 4.14e+01    -  8.69e-03 1.36e-02f  1
iter    objective    inf_pr   inf_du lg(mu)  ||d||  lg(rg) alpha_du alpha_pr  ls
  30  1.3409692e+06 2.85e+01 7.10e+01  -6.0 1.19e+02    -  7.76e-03 8.70e-03f  1
  31  1.3387279e+06 2.82e+01 7.00e+01  -6.0 1.19e+02    -  1.45e-02 1.16e-02f  1
  32  1.3368012e+06 2.79e+01 6.86e+01  -6.0 9.87e+01    -  2.10e-02 1.06e-02f  1
  33  1.3337270e+06 2.74e+01 6.70e+01  -6.0 5.60e+01    -  2.36e-02 1.84e-02f  1
  34  1.3317189e+06 2.70e+01 6.42e+01  -6.0 4.18e+01    -  4.28e-02 1.33e-02f  1
  35  1.3298744e+06 2.67e+01 6.00e+01  -6.0 4.39e+01    -  6.90e-02 1.25e-02f  1
  36  1.3270815e+06 2.62e+01 5.87e+01  -6.0 4.55e+01    -  2.09e-02 1.93e-02f  1
  37  1.3265564e+06 2.61e+01 5.77e+01  -6.0 5.34e+01    -  1.86e-02 3.73e-03f  1
  38  1.3246187e+06 2.57e+01 5.64e+01  -6.0 5.21e+01    -  2.26e-02 1.39e-02f  1
  39  1.3240794e+06 2.56e+01 5.54e+01  -6.0 5.01e+01    -  1.71e-02 3.96e-03f  1
iter    objective    inf_pr   inf_du lg(mu)  ||d||  lg(rg) alpha_du alpha_pr  ls
  40  1.3210070e+06 2.50e+01 5.50e+01  -6.0 4.86e+01    -  6.69e-03 2.28e-02f  1
  41  1.3180694e+06 2.45e+01 5.41e+01  -6.0 4.88e+01    -  1.71e-02 2.25e-02f  1
  42  1.3169403e+06 2.43e+01 5.37e+01  -6.0 4.89e+01    -  7.74e-03 8.91e-03f  1
  43  1.3157615e+06 2.40e+01 5.20e+01  -6.0 4.97e+01    -  4.38e-02 9.46e-03f  1
  44  1.3097402e+06 2.29e+01 5.09e+01  -6.0 7.16e+01    -  6.97e-03 4.87e-02f  1
  45  1.3087515e+06 2.27e+01 5.02e+01  -6.0 7.30e+01    -  1.51e-02 8.46e-03f  1
  46  1.3069419e+06 2.23e+01 4.98e+01  -6.0 5.81e+01    -  7.34e-03 1.57e-02f  1
  47  1.3028029e+06 2.15e+01 4.86e+01  -6.0 5.74e+01    -  2.40e-02 3.66e-02f  1
  48  1.3007375e+06 2.11e+01 4.63e+01  -6.0 4.02e+01    -  4.87e-02 1.92e-02f  1
  49  1.2998012e+06 2.09e+01 4.52e+01  -6.0 5.74e+01    -  2.84e-02 8.87e-03f  1
iter    objective    inf_pr   inf_du lg(mu)  ||d||  lg(rg) alpha_du alpha_pr  ls
  50  1.2963787e+06 2.02e+01 4.42e+01  -6.0 3.51e+01    -  1.56e-02 3.31e-02f  1
  51  1.2962477e+06 2.02e+01 4.38e+01  -6.0 6.03e+01    -  9.14e-03 1.32e-03f  1
  52  1.2952011e+06 2.00e+01 4.32e+01  -6.0 5.93e+01    -  1.37e-02 1.06e-02f  1
  53  1.2927940e+06 1.95e+01 4.30e+01  -6.0 6.04e+01    -  4.10e-03 2.48e-02f  1
  54  1.2904078e+06 1.90e+01 4.10e+01  -6.0 6.17e+01    -  5.57e-02 2.52e-02f  1
  55  1.2888031e+06 1.86e+01 4.03e+01  -6.0 5.96e+01    -  2.51e-02 1.76e-02f  1
  56  1.2852101e+06 1.79e+01 3.93e+01  -6.0 3.62e+01    -  7.57e-03 4.03e-02f  1
  57  1.2851031e+06 1.79e+01 3.86e+01  -6.0 6.37e+01    -  3.52e-02 1.26e-03f  1
  58  1.2825374e+06 1.73e+01 3.77e+01  -6.0 6.40e+01    -  4.80e-03 3.01e-02f  1
  59  1.2800740e+06 1.68e+01 3.72e+01  -6.0 6.37e+01    -  1.15e-02 2.99e-02f  1
iter    objective    inf_pr   inf_du lg(mu)  ||d||  lg(rg) alpha_du alpha_pr  ls
  60  1.2775725e+06 1.63e+01 3.52e+01  -6.0 6.49e+01    -  7.68e-02 3.14e-02f  1
  61  1.2744725e+06 1.56e+01 3.40e+01  -6.0 6.18e+01    -  9.25e-03 4.04e-02f  1
  62  1.2734664e+06 1.54e+01 3.33e+01  -6.0 6.08e+01    -  2.20e-01 1.38e-02f  1
  63  1.2691413e+06 1.45e+01 3.13e+01  -6.0 6.35e+01    -  5.75e-03 6.03e-02f  1
  64  1.2666850e+06 1.40e+01 3.02e+01  -6.0 5.99e+01    -  3.35e-01 3.66e-02f  1
  65  1.2661889e+06 1.38e+01 2.99e+01  -6.0 6.32e+01    -  3.87e-02 7.74e-03f  1
  66  1.2582968e+06 1.21e+01 2.62e+01  -6.0 6.30e+01    -  4.09e-03 1.24e-01f  1
  67  1.2571990e+06 1.19e+01 2.57e+01  -6.0 6.15e+01    -  4.71e-02 2.01e-02f  1
  68  1.2568811e+06 1.18e+01 2.56e+01  -6.0 6.53e+01    -  2.63e-02 5.95e-03f  1
  69  1.2563851e+06 1.17e+01 2.53e+01  -6.0 6.01e+01    -  3.15e-02 9.34e-03f  1
iter    objective    inf_pr   inf_du lg(mu)  ||d||  lg(rg) alpha_du alpha_pr  ls
  70  1.2560936e+06 1.16e+01 2.52e+01  -6.0 6.55e+01    -  9.99e-03 5.55e-03f  1
  71  1.2556099e+06 1.15e+01 2.49e+01  -6.0 5.98e+01    -  8.34e-03 9.25e-03f  1
  72  1.2551095e+06 1.14e+01 2.47e+01  -6.0 5.97e+01    -  8.80e-02 9.67e-03f  1
  73  1.2534247e+06 1.10e+01 2.39e+01  -6.0 5.94e+01    -  1.41e-02 3.29e-02f  1
  74  1.2507316e+06 1.04e+01 2.26e+01  -6.0 5.94e+01    -  3.56e-01 5.54e-02f  1
  75  1.2504379e+06 1.04e+01 2.24e+01  -6.0 5.67e+01    -  2.85e-02 6.35e-03f  1
  76  1.2475399e+06 9.70e+00 2.10e+01  -6.0 5.37e+01    -  1.73e-01 6.38e-02f  1
  77  1.2466851e+06 9.51e+00 2.06e+01  -6.0 5.22e+01    -  7.50e-02 2.02e-02f  1
  78  1.2447829e+06 9.07e+00 1.96e+01  -6.0 5.40e+01    -  2.24e-02 4.57e-02f  1
  79  1.2435717e+06 8.79e+00 1.90e+01  -6.0 5.24e+01    -  8.28e-02 3.07e-02f  1
iter    objective    inf_pr   inf_du lg(mu)  ||d||  lg(rg) alpha_du alpha_pr  ls
  80  1.2413060e+06 8.27e+00 1.79e+01  -6.0 6.77e+01    -  6.17e-01 5.99e-02f  1
  81  1.2392974e+06 7.80e+00 1.69e+01  -6.0 5.63e+01    -  6.75e-03 5.67e-02f  1
  82  1.2383324e+06 7.57e+00 1.64e+01  -6.0 5.75e+01    -  3.61e-02 2.89e-02f  1
  83  1.2354906e+06 6.91e+00 1.49e+01  -6.0 5.49e+01    -  1.82e-01 8.82e-02f  1
  84  1.2339847e+06 6.55e+00 1.42e+01  -6.0 4.46e+01    -  5.42e-02 5.15e-02f  1
  85  1.2332436e+06 6.38e+00 1.38e+01  -6.0 4.30e+01    -  4.42e-02 2.66e-02f  1
  86  1.2319927e+06 6.08e+00 1.32e+01  -6.0 4.20e+01    -  1.06e-01 4.63e-02f  1
  87  1.2304434e+06 5.71e+00 1.24e+01  -6.0 5.59e+01    -  4.14e-01 6.06e-02f  1
  88  1.2264048e+06 4.75e+00 1.03e+01  -6.0 3.88e+01    -  1.91e-01 1.68e-01f  1
  89  1.2245933e+06 4.32e+00 9.36e+00  -6.0 3.37e+01    -  2.90e-02 9.14e-02f  1
iter    objective    inf_pr   inf_du lg(mu)  ||d||  lg(rg) alpha_du alpha_pr  ls
  90  1.2231367e+06 3.96e+00 8.59e+00  -6.0 3.11e+01    -  4.41e-01 8.20e-02f  1
  91  1.2227851e+06 3.88e+00 8.41e+00  -6.0 2.90e+01    -  8.35e-02 2.16e-02f  1
  92  1.2227848e+06 3.88e+00 8.40e+00  -6.0 3.54e+01    -  2.65e-04 2.12e-05h  1
  93  1.2219580e+06 3.68e+00 7.97e+00  -6.0 4.69e+01    -  2.20e-01 5.22e-02f  1
  94  1.2213417e+06 3.53e+00 7.64e+00  -6.0 4.73e+01    -  3.30e-02 4.10e-02f  1
  95  1.2208720e+06 3.41e+00 7.39e+00  -6.0 4.57e+01    -  2.89e-02 3.27e-02f  1
  96  1.2177640e+06 2.64e+00 5.74e+00  -6.0 2.67e+01    -  4.88e-03 2.25e-01f  1
  97  1.2167757e+06 2.40e+00 5.21e+00  -6.0 1.97e+01    -  2.80e-01 9.27e-02f  1
  98  1.2163276e+06 2.29e+00 4.97e+00  -6.0 1.31e+01    -  2.12e-01 4.65e-02f  1
  99  1.2145644e+06 1.85e+00 4.01e+00  -6.0 1.54e+01    -  2.37e-02 1.92e-01f  1
iter    objective    inf_pr   inf_du lg(mu)  ||d||  lg(rg) alpha_du alpha_pr  ls
 100  1.2145041e+06 1.83e+00 3.98e+00  -6.0 1.63e+01    -  1.07e-01 8.16e-03f  1
 101  1.2135125e+06 1.59e+00 3.44e+00  -6.0 1.43e+01    -  4.84e-01 1.35e-01f  1
 102  1.2131604e+06 1.50e+00 3.25e+00  -6.0 1.18e+01    -  6.69e-01 5.57e-02f  1
 103  1.2127967e+06 1.41e+00 3.05e+00  -6.0 1.11e+01    -  4.49e-02 6.09e-02f  1
 104  1.2127967e+06 1.41e+00 3.05e+00  -6.0 1.05e+01    -  2.22e-03 8.93e-07h  1
 105  1.2094426e+06 5.54e-01 1.22e+00  -6.0 1.26e+01    -  1.00e+00 6.06e-01f  1
 106  1.2094426e+06 5.54e-01 1.22e+00  -6.0 5.38e+00    -  2.52e-02 1.59e-06h  1
 107  1.2093294e+06 5.25e-01 1.15e+00  -6.0 4.22e+00    -  6.02e-01 5.27e-02f  1
 108  1.2091865e+06 4.88e-01 1.07e+00  -6.0 4.35e+00    -  3.08e-01 7.06e-02f  1
 109  1.2091865e+06 4.88e-01 1.07e+00  -6.0 3.88e+00    -  4.04e-04 2.57e-06h  1
iter    objective    inf_pr   inf_du lg(mu)  ||d||  lg(rg) alpha_du alpha_pr  ls
 110  1.2082602e+06 2.47e-01 5.46e-01  -6.0 4.08e+00    -  9.91e-01 4.94e-01f  1
 111  1.2073505e+06 9.81e-03 2.59e-02  -6.0 2.09e+00    -  4.94e-01 9.60e-01f  1
 112  1.2073139e+06 3.37e-07 8.09e-06  -6.0 9.10e-02    -  1.00e+00 1.00e+00h  1
 113  1.2073139e+06 3.45e-10 1.08e-09  -6.0 5.13e-05    -  1.00e+00 1.00e+00h  1
 114  1.2073138e+06 5.82e-08 7.40e-04  -7.2 3.31e-03    -  1.00e+00 9.86e-01f  1
 115  1.2073138e+06 4.81e-11 8.37e-09  -7.2 1.03e-04    -  1.00e+00 1.00e+00f  1

Number of Iterations....: 115

                                   (scaled)                 (unscaled)
Objective...............:   9.2561464105098494e+03    1.2073137850542287e+06
Dual infeasibility......:   8.3651343101747225e-09    1.0910957453132749e-06
Constraint violation....:   1.3974590581944391e-11    4.8082426928885980e-11
Variable bound violation:   1.0344416168095449e-07    1.0344416168095449e-07
Complementarity.........:   6.9829825544247690e-08    9.1081652394539369e-06
Overall NLP error.......:   6.9829825544247690e-08    9.1081652394539369e-06


Number of objective function evaluations             = 116
Number of objective gradient evaluations             = 116
Number of equality constraint evaluations            = 116
Number of inequality constraint evaluations          = 117
Number of equality constraint Jacobian evaluations   = 116
Number of inequality constraint Jacobian evaluations = 116
Number of Lagrangian Hessian evaluations             = 115
Total seconds in IPOPT                               = 26.168

EXIT: Optimal Solution Found.

