Solver command line: ['/opt/homebrew/bin/ipopt', '/var/folders/6y/bvynbx6n3zv7z3lwg6vd724r0000gn/T/tmpbuim2bo2.pyomo.nl', '-AMPL', 'tol=1e-06', 'max_iter=300', 'print_level=5']

Ipopt 3.14.19: tol=1e-06
max_iter=300
print_level=5


******************************************************************************
This program contains Ipopt, a library for large-scale nonlinear optimization.
 Ipopt is released as open source code under the Eclipse Public License (EPL).
         For more information visit https://github.com/coin-or/Ipopt
******************************************************************************

This is Ipopt version 3.14.19, running with linear solver MUMPS 5.6.2.

Number of nonzeros in equality constraint Jacobian...:    86425
Number of nonzeros in inequality constraint Jacobian.:    72576
Number of nonzeros in Lagrangian Hessian.............:    48426

Total number of variables............................:    12204
                     variables with only lower bounds:        0
                variables with lower and upper bounds:    12204
                     variables with only upper bounds:        0
Total number of equality constraints.................:    11317
Total number of inequality constraints...............:    18144
        inequality constraints with only lower bounds:        0
   inequality constraints with lower and upper bounds:        0
        inequality constraints with only upper bounds:    18144

iter    objective    inf_pr   inf_du lg(mu)  ||d||  lg(rg) alpha_du alpha_pr  ls
   0  1.2132734e+06 3.07e+01 1.00e+02  -1.0 0.00e+00    -  0.00e+00 0.00e+00   0
   1  1.2122497e+06 3.03e+01 7.93e+01  -1.0 3.38e+00    -  2.47e-01 1.49e-02f  1
   2  1.2105442e+06 2.44e+01 5.54e+01  -1.0 7.54e+00    -  3.72e-01 1.89e-01f  1
   3  1.2096013e+06 1.89e+01 2.78e+02  -1.0 8.81e+01    -  2.34e-01 2.23e-01h  2
   4  1.2096119e+06 1.85e+01 2.74e+02  -1.0 1.30e+02    -  3.41e-01 1.75e-02h  6
   5  1.2096133e+06 1.85e+01 2.74e+02  -1.0 1.28e+02    -  2.40e-01 9.95e-04h 10
   6  1.2146250e+06 2.44e+00 2.44e+03  -1.0 1.25e+02    -  1.30e-01 8.74e-01H  1
   7  1.2149004e+06 3.14e-02 4.11e+02  -1.0 3.49e+01    -  4.19e-01 1.00e+00h  1
   8  1.2144795e+06 1.79e-02 2.02e+02  -1.0 3.26e+01    -  7.56e-01 5.15e-01h  1
   9  1.2142862e+06 7.22e-03 1.03e+02  -1.0 1.99e+01    -  4.89e-01 5.27e-01h  1
iter    objective    inf_pr   inf_du lg(mu)  ||d||  lg(rg) alpha_du alpha_pr  ls
  10  1.2141836e+06 3.81e-03 5.10e+01  -1.0 9.29e+00    -  9.96e-01 5.47e-01h  1
  11  1.2142237e+06 1.56e-03 9.50e+00  -1.0 4.46e+00    -  1.00e+00 1.00e+00h  1
  12  1.2142197e+06 4.84e-05 3.85e-03  -1.0 1.09e+00    -  1.00e+00 1.00e+00h  1
  13  1.2114354e+06 7.00e-04 6.57e+00  -2.5 1.03e+01    -  5.71e-01 5.40e-01f  1
  14  1.2100529e+06 9.84e-04 9.06e+00  -2.5 7.81e+00    -  4.97e-01 5.27e-01f  1
  15  1.2087368e+06 4.96e-03 1.30e+01  -2.5 6.01e+00    -  7.19e-01 9.22e-01f  1
  16  1.2083390e+06 9.73e-03 3.37e+00  -2.5 4.70e+00    -  1.00e+00 8.01e-01h  1
  17  1.2080425e+06 1.27e-02 1.59e+00  -2.5 2.87e+00    -  1.00e+00 5.43e-01h  1
  18  1.2078619e+06 4.26e-03 4.71e-02  -2.5 1.75e+00    -  9.94e-01 1.00e+00h  1
  19  1.2078607e+06 4.73e-05 2.46e-03  -2.5 2.07e-01    -  1.00e+00 1.00e+00h  1
iter    objective    inf_pr   inf_du lg(mu)  ||d||  lg(rg) alpha_du alpha_pr  ls
  20  1.2076513e+06 3.41e-03 8.44e-01  -3.8 3.72e+00    -  4.44e-01 3.27e-01f  1
  21  1.2075867e+06 3.38e-03 4.32e+00  -3.8 1.02e+01    -  7.11e-01 1.29e-01h  1
  22  1.2075141e+06 3.08e-03 8.64e+00  -3.8 1.81e+01    -  5.15e-01 1.73e-01h  1
  23  1.2074502e+06 2.68e-03 3.98e+00  -3.8 2.05e+01    -  3.57e-01 2.33e-01h  1
  24  1.2074286e+06 2.61e-03 9.36e+00  -3.8 1.88e+01    -  1.00e+00 1.28e-01h  1
  25  1.2073584e+06 5.11e-03 5.96e+00  -3.8 1.81e+01    -  6.69e-01 5.25e-01h  1
  26  1.2073490e+06 3.96e-03 3.94e+00  -3.8 6.31e+00    -  1.00e+00 2.39e-01h  1
  27  1.2073279e+06 7.76e-04 7.19e-01  -3.8 2.60e+00    -  1.00e+00 8.30e-01h  1
  28  1.2073258e+06 2.23e-05 7.53e-03  -3.8 5.90e-01    -  1.00e+00 1.00e+00h  1
  29  1.2073260e+06 3.01e-06 4.66e-05  -3.8 1.10e-01    -  1.00e+00 1.00e+00h  1
iter    objective    inf_pr   inf_du lg(mu)  ||d||  lg(rg) alpha_du alpha_pr  ls
  30  1.2073227e+06 1.60e-05 4.53e+00  -5.7 6.41e-01    -  8.19e-01 2.49e-01h  1
  31  1.2073149e+06 1.82e-04 1.69e-01  -5.7 4.35e-01    -  7.78e-01 8.52e-01h  1
  32  1.2073140e+06 3.96e-05 2.90e-02  -5.7 2.94e-01    -  1.00e+00 9.21e-01h  1
  33  1.2073139e+06 3.30e-06 1.15e-02  -5.7 3.40e-02    -  1.00e+00 9.11e-01h  1
  34  1.2073139e+06 1.65e-06 1.12e-02  -5.7 1.37e-02    -  1.00e+00 5.00e-01f  2
  35  1.2073139e+06 1.16e-08 3.07e-07  -5.7 6.74e-03    -  1.00e+00 1.00e+00h  1
  36  1.2073138e+06 1.64e-07 1.16e-02  -7.2 1.20e-02    -  1.00e+00 8.88e-01h  1
  37  1.2073138e+06 3.95e-09 1.17e-06  -7.2 1.53e-03    -  1.00e+00 1.00e+00f  1
  38  1.2073138e+06 1.24e-11 2.12e-10  -7.2 1.98e-05    -  1.00e+00 1.00e+00h  1

Number of Iterations....: 38

                                   (scaled)                 (unscaled)
Objective...............:   9.2561464105099458e+03    1.2073137850542413e+06
Dual infeasibility......:   2.1189465020881101e-10    2.7638211500832351e-08
Constraint violation....:   5.5991613219297346e-14    1.2399040127952786e-11
Variable bound violation:   1.0344416168095449e-07    1.0344416168095449e-07
Complementarity.........:   6.9697537371906367e-08    9.0909103985099811e-06
Overall NLP error.......:   6.9697537371906367e-08    9.0909103985099811e-06


Number of objective function evaluations             = 62
Number of objective gradient evaluations             = 39
Number of equality constraint evaluations            = 62
Number of inequality constraint evaluations          = 62
Number of equality constraint Jacobian evaluations   = 39
Number of inequality constraint Jacobian evaluations = 39
Number of Lagrangian Hessian evaluations             = 38
Total seconds in IPOPT                               = 8.927

EXIT: Optimal Solution Found.

