Solver command line: ['/opt/homebrew/bin/ipopt', '/var/folders/6y/bvynbx6n3zv7z3lwg6vd724r0000gn/T/tmp41xjltqi.pyomo.nl', '-AMPL', 'tol=1e-06', 'max_iter=300', 'print_level=5', 'warm_start_init_point=yes', 'warm_start_bound_push=1e-06', 'warm_start_bound_frac=1e-06', 'warm_start_mult_bound_push=1e-06', 'mu_init=1e-06', 'least_square_init_duals=no']

Ipopt 3.14.19: tol=1e-06
max_iter=300
print_level=5
warm_start_init_point=yes
warm_start_bound_push=1e-06
warm_start_bound_frac=1e-06
warm_start_mult_bound_push=1e-06
mu_init=1e-06
least_square_init_duals=no


******************************************************************************
This program contains Ipopt, a library for large-scale nonlinear optimization.
 Ipopt is released as open source code under the Eclipse Public License (EPL).
         For more information visit https://github.com/coin-or/Ipopt
******************************************************************************

This is Ipopt version 3.14.19, running with linear solver MUMPS 5.6.2.

Number of nonzeros in equality constraint Jacobian...:    86425
Number of nonzeros in inequality constraint Jacobian.:    72576
Number of nonzeros in Lagrangian Hessian.............:    48426

Total number of variables............................:    12204
                     variables with only lower bounds:        0
                variables with lower and upper bounds:    12204
                     variables with only upper bounds:        0
Total number of equality constraints.................:    11317
Total number of inequality constraints...............:    18144
        inequality constraints with only lower bounds:        0
   inequality constraints with lower and upper bounds:        0
        inequality constraints with only upper bounds:    18144

iter    objective    inf_pr   inf_du lg(mu)  ||d||  lg(rg) alpha_du alpha_pr  ls
   0  1.6241438e+06 3.10e+01 7.92e+01  -6.0 0.00e+00    -  0.00e+00 0.00e+00   0
   1  1.5514726e+06 3.10e+01 7.92e+01  -6.0 2.81e+07    -  3.10e-08 3.10e-08f  1
   2  1.5208537e+06 3.10e+01 7.92e+01  -6.0 2.53e+07    -  1.27e-07 2.47e-08f  1
   3  1.4634404e+06 3.10e+01 7.92e+01  -6.0 1.27e+07    -  2.44e-07 1.19e-07f  1
   4  1.4311961e+06 3.10e+01 7.92e+01  -6.0 4.12e+06    -  5.31e-07 2.83e-07f  1
   5  1.4200620e+06 3.10e+01 7.92e+01  -6.0 1.14e+06    -  1.04e-06 5.06e-07f  1
   6  1.4186910e+06 3.10e+01 7.92e+01  -6.0 4.53e+05    -  2.16e-06 2.54e-07f  1
   7  1.4133059e+06 3.10e+01 7.92e+01  -6.0 2.08e+05    -  5.38e-06 2.06e-06f  1
   8  1.4115488e+06 3.10e+01 7.92e+01  -6.0 1.20e+05    -  9.82e-06 1.76e-06f  1
   9  1.4113932e+06 3.10e+01 7.92e+01  -6.0 7.21e+04    -  1.12e-05 4.53e-07f  1
iter    objective    inf_pr   inf_du lg(mu)  ||d||  lg(rg) alpha_du alpha_pr  ls
  10  1.4076374e+06 3.10e+01 7.92e+01  -6.0 4.84e+04    -  9.77e-06 1.37e-05f  1
  11  1.4076201e+06 3.10e+01 7.92e+01  -6.0 2.21e+04    -  2.23e-05 1.24e-07f  1
  12  1.4065922e+06 3.10e+01 7.92e+01  -6.0 1.45e+04    -  8.81e-06 8.62e-06f  1
  13  1.4059083e+06 3.10e+01 7.92e+01  -6.0 1.10e+04    -  3.12e-05 7.67e-06f  1
  14  1.4041889e+06 3.10e+01 7.92e+01  -6.0 7.66e+03    -  2.02e-06 1.96e-05f  1
  15  1.4029338e+06 3.10e+01 7.92e+01  -6.0 7.57e+03    -  1.33e-05 1.44e-05f  1
  16  1.4006143e+06 3.10e+01 7.92e+01  -6.0 7.48e+03    -  7.58e-05 2.73e-05f  1
  17  1.4006078e+06 3.10e+01 7.92e+01  -6.0 2.49e+03    -  7.70e-05 9.62e-08f  1
  18  1.4002620e+06 3.10e+01 7.92e+01  -6.0 2.49e+03    -  2.93e-05 5.79e-06f  1
  19  1.3978756e+06 3.10e+01 7.91e+01  -6.0 2.48e+03    -  9.49e-05 5.00e-05f  1
iter    objective    inf_pr   inf_du lg(mu)  ||d||  lg(rg) alpha_du alpha_pr  ls
  20  1.3953400e+06 3.10e+01 7.91e+01  -6.0 2.46e+03    -  5.29e-05 5.51e-05f  1
  21  1.3952478e+06 3.10e+01 7.91e+01  -6.0 2.46e+03    -  6.00e-05 2.12e-06f  1
  22  1.3932496e+06 3.10e+01 7.91e+01  -6.0 2.44e+03    -  2.27e-04 5.69e-05f  1
  23  1.3925787e+06 3.10e+01 7.91e+01  -6.0 2.01e+03    -  1.72e-04 2.14e-05f  1
  24  1.3915705e+06 3.10e+01 7.91e+01  -6.0 1.03e+03    -  2.39e-04 3.59e-05f  1
  25  1.3912076e+06 3.10e+01 7.91e+01  -6.0 9.30e+02    -  1.04e-04 1.38e-05f  1
  26  1.3898374e+06 3.10e+01 7.91e+01  -6.0 1.59e+03    -  2.56e-05 5.59e-05f  1
  27  1.3898218e+06 3.10e+01 7.91e+01  -6.0 1.27e+03    -  1.56e-04 8.81e-07f  1
  28  1.3875588e+06 3.10e+01 7.91e+01  -6.0 1.30e+03    -  1.58e-04 1.30e-04f  1
  29  1.3863018e+06 3.10e+01 7.91e+01  -6.0 1.32e+03    -  1.69e-04 7.41e-05f  1
iter    objective    inf_pr   inf_du lg(mu)  ||d||  lg(rg) alpha_du alpha_pr  ls
  30  1.3857100e+06 3.10e+01 7.91e+01  -6.0 1.31e+03    -  1.82e-04 3.54e-05f  1
  31  1.3852666e+06 3.10e+01 7.91e+01  -6.0 1.30e+03    -  4.65e-05 3.70e-05f  1
  32  1.3846585e+06 3.10e+01 7.91e+01  -6.0 1.29e+03    -  3.96e-05 5.09e-05f  1
  33  1.3846303e+06 3.10e+01 7.91e+01  -6.0 1.30e+03    -  2.97e-04 3.39e-06f  1
  34  1.3841244e+06 3.10e+01 7.91e+01  -6.0 1.22e+03    -  7.06e-07 4.85e-05f  1
  35  1.3837963e+06 3.10e+01 7.91e+01  -6.0 1.19e+03    -  2.02e-04 3.30e-05f  1
  36  1.3826932e+06 3.10e+01 7.91e+01  -6.0 1.03e+03    -  2.74e-05 1.15e-04f  1
  37  1.3820293e+06 3.10e+01 7.90e+01  -6.0 8.21e+02    -  2.68e-04 7.36e-05f  1
  38  1.3809332e+06 3.10e+01 7.90e+01  -6.0 8.07e+02    -  1.05e-04 1.23e-04f  1
  39  1.3800902e+06 3.10e+01 7.90e+01  -6.0 8.04e+02    -  3.16e-04 9.64e-05f  1
iter    objective    inf_pr   inf_du lg(mu)  ||d||  lg(rg) alpha_du alpha_pr  ls
  40  1.3800898e+06 3.10e+01 7.90e+01  -6.0 7.89e+02    -  3.60e-04 8.17e-08f  1
  41  1.3797875e+06 3.10e+01 7.89e+01  -6.0 7.24e+02    -  5.85e-04 5.39e-05f  1
  42  1.3795293e+06 3.10e+01 7.89e+01  -6.0 5.86e+02    -  3.92e-04 4.87e-05f  1
  43  1.3788698e+06 3.10e+01 7.89e+01  -6.0 6.30e+02    -  5.34e-04 1.28e-04f  1
  44  1.3785126e+06 3.10e+01 7.89e+01  -6.0 7.17e+02    -  2.71e-05 7.44e-05f  1
  45  1.3783661e+06 3.10e+01 7.88e+01  -6.0 8.11e+02    -  8.13e-04 3.13e-05f  1
  46  1.3772080e+06 3.10e+01 7.88e+01  -6.0 8.04e+02    -  7.76e-05 2.67e-04f  1
  47  1.3769578e+06 3.10e+01 7.87e+01  -6.0 7.95e+02    -  1.83e-03 6.13e-05f  1
  48  1.3755890e+06 3.10e+01 7.86e+01  -6.0 8.16e+02    -  3.47e-04 3.74e-04f  1
  49  1.3747900e+06 3.10e+01 7.86e+01  -6.0 8.34e+02    -  5.13e-04 2.16e-04f  1
iter    objective    inf_pr   inf_du lg(mu)  ||d||  lg(rg) alpha_du alpha_pr  ls
  50  1.3740678e+06 3.09e+01 7.86e+01  -6.0 8.36e+02    -  2.14e-04 2.32e-04f  1
  51  1.3735504e+06 3.09e+01 7.86e+01  -6.0 8.33e+02    -  1.26e-04 1.77e-04f  1
  52  1.3734782e+06 3.09e+01 7.86e+01  -6.0 5.54e+02    -  1.86e-04 2.84e-05f  1
  53  1.3734319e+06 3.09e+01 7.84e+01  -6.0 5.53e+02    -  1.57e-03 1.92e-05f  1
  54  1.3730005e+06 3.09e+01 7.84e+01  -6.0 5.30e+02    -  2.31e-04 1.96e-04f  1
  55  1.3722738e+06 3.09e+01 7.84e+01  -6.0 5.12e+02    -  3.16e-04 3.48e-04f  1
  56  1.3718328e+06 3.09e+01 7.83e+01  -6.0 4.84e+02    -  8.11e-04 2.14e-04f  1
  57  1.3716435e+06 3.09e+01 7.83e+01  -6.0 3.06e+02    -  2.18e-04 1.11e-04f  1
  58  1.3714154e+06 3.09e+01 7.83e+01  -6.0 3.07e+02    -  1.90e-04 1.51e-04f  1
  59  1.3711342e+06 3.09e+01 7.83e+01  -6.0 3.07e+02    -  2.36e-04 1.93e-04f  1
iter    objective    inf_pr   inf_du lg(mu)  ||d||  lg(rg) alpha_du alpha_pr  ls
  60  1.3703216e+06 3.09e+01 7.82e+01  -6.0 3.06e+02    -  9.40e-04 5.60e-04f  1
  61  1.3700867e+06 3.09e+01 7.82e+01  -6.0 3.07e+02    -  3.30e-04 1.63e-04f  1
  62  1.3697618e+06 3.09e+01 7.82e+01  -6.0 3.08e+02    -  4.03e-04 2.24e-04f  1
  63  1.3697206e+06 3.09e+01 7.81e+01  -6.0 3.67e+02    -  3.34e-04 2.70e-05f  1
  64  1.3692071e+06 3.09e+01 7.81e+01  -6.0 4.38e+02    -  5.89e-05 2.80e-04f  1
  65  1.3686333e+06 3.09e+01 7.81e+01  -6.0 4.38e+02    -  8.50e-04 3.22e-04f  1
  66  1.3686250e+06 3.09e+01 7.80e+01  -6.0 4.40e+02    -  3.72e-04 4.97e-06f  1
  67  1.3684917e+06 3.08e+01 7.79e+01  -6.0 4.46e+02    -  1.54e-03 8.59e-05f  1
  68  1.3679284e+06 3.08e+01 7.79e+01  -6.0 4.54e+02    -  2.08e-04 3.70e-04f  1
  69  1.3671881e+06 3.08e+01 7.79e+01  -6.0 4.46e+02    -  2.56e-04 4.88e-04f  1
iter    objective    inf_pr   inf_du lg(mu)  ||d||  lg(rg) alpha_du alpha_pr  ls
  70  1.3657781e+06 3.08e+01 7.79e+01  -6.0 4.63e+02    -  4.60e-04 9.37e-04f  1
  71  1.3657390e+06 3.08e+01 7.78e+01  -6.0 4.62e+02    -  9.62e-04 2.63e-05f  1
  72  1.3652989e+06 3.08e+01 7.77e+01  -6.0 4.62e+02    -  1.63e-03 3.12e-04f  1
  73  1.3649259e+06 3.08e+01 7.76e+01  -6.0 4.62e+02    -  9.53e-04 2.71e-04f  1
  74  1.3644596e+06 3.08e+01 7.75e+01  -6.0 4.49e+02    -  1.66e-03 3.42e-04f  1
  75  1.3643295e+06 3.08e+01 7.73e+01  -6.0 4.31e+02    -  2.23e-03 9.62e-05f  1
  76  1.3639927e+06 3.08e+01 7.73e+01  -6.0 2.45e+02    -  1.98e-04 3.47e-04f  1
  77  1.3635721e+06 3.07e+01 7.72e+01  -6.0 2.48e+02    -  1.33e-03 4.46e-04f  1
  78  1.3634510e+06 3.07e+01 7.71e+01  -6.0 2.70e+02    -  2.05e-03 1.23e-04f  1
  79  1.3628632e+06 3.07e+01 7.70e+01  -6.0 2.82e+02    -  4.00e-04 6.50e-04f  1
iter    objective    inf_pr   inf_du lg(mu)  ||d||  lg(rg) alpha_du alpha_pr  ls
  80  1.3627540e+06 3.07e+01 7.69e+01  -6.0 2.65e+02    -  1.50e-03 1.26e-04f  1
  81  1.3623138e+06 3.07e+01 7.68e+01  -6.0 2.22e+02    -  2.38e-03 5.20e-04f  1
  82  1.3614838e+06 3.07e+01 7.67e+01  -6.0 2.22e+02    -  6.40e-04 1.03e-03f  1
  83  1.3613452e+06 3.07e+01 7.62e+01  -6.0 2.22e+02    -  6.85e-03 1.76e-04f  1
  84  1.3610515e+06 3.06e+01 7.61e+01  -6.0 2.22e+02    -  1.72e-03 3.95e-04f  1
  85  1.3608013e+06 3.06e+01 7.61e+01  -6.0 2.22e+02    -  4.70e-04 3.47e-04f  1
  86  1.3603658e+06 3.06e+01 7.60e+01  -6.0 2.22e+02    -  7.96e-04 6.15e-04f  1
  87  1.3593701e+06 3.06e+01 7.58e+01  -6.0 2.21e+02    -  2.19e-03 1.42e-03f  1
  88  1.3590238e+06 3.06e+01 7.58e+01  -6.0 2.52e+02    -  2.93e-05 4.34e-04f  1
  89  1.3582738e+06 3.05e+01 7.57e+01  -6.0 2.50e+02    -  2.29e-03 1.07e-03f  1
iter    objective    inf_pr   inf_du lg(mu)  ||d||  lg(rg) alpha_du alpha_pr  ls
  90  1.3582514e+06 3.05e+01 7.55e+01  -6.0 2.47e+02    -  1.92e-03 3.37e-05f  1
  91  1.3578586e+06 3.05e+01 7.55e+01  -6.0 2.45e+02    -  1.73e-04 6.33e-04f  1
  92  1.3573437e+06 3.05e+01 7.52e+01  -6.0 2.45e+02    -  4.55e-03 8.51e-04f  1
  93  1.3568218e+06 3.05e+01 7.51e+01  -6.0 2.52e+02    -  1.07e-03 8.66e-04f  1
  94  1.3566714e+06 3.04e+01 7.51e+01  -6.0 2.48e+02    -  4.83e-05 2.52e-04f  1
  95  1.3566629e+06 3.04e+01 7.51e+01  -6.0 1.86e+02    -  3.57e-04 1.76e-05f  1
  96  1.3564806e+06 3.04e+01 7.50e+01  -6.0 1.86e+02    -  1.84e-03 3.79e-04f  1
  97  1.3558260e+06 3.04e+01 7.49e+01  -6.0 1.86e+02    -  8.98e-04 1.36e-03f  1
  98  1.3553533e+06 3.04e+01 7.48e+01  -6.0 1.86e+02    -  8.56e-04 9.91e-04f  1
  99  1.3550898e+06 3.03e+01 7.43e+01  -6.0 1.99e+02    -  7.92e-03 5.40e-04f  1
iter    objective    inf_pr   inf_du lg(mu)  ||d||  lg(rg) alpha_du alpha_pr  ls
 100  1.3547172e+06 3.03e+01 7.42e+01  -6.0 2.02e+02    -  5.55e-04 7.85e-04f  1
 101  1.3543899e+06 3.03e+01 7.42e+01  -6.0 2.06e+02    -  9.23e-04 6.93e-04f  1
 102  1.3542046e+06 3.03e+01 7.34e+01  -6.0 2.10e+02    -  1.12e-02 3.97e-04f  1
 103  1.3539698e+06 3.03e+01 7.32e+01  -6.0 2.39e+02    -  2.48e-03 5.83e-04f  1
 104  1.3531752e+06 3.02e+01 7.31e+01  -6.0 2.07e+02    -  1.18e-03 2.15e-03f  1
 105  1.3526375e+06 3.02e+01 7.29e+01  -6.0 2.42e+02    -  4.04e-03 1.44e-03f  1
 106  1.3514423e+06 3.01e+01 7.28e+01  -6.0 2.93e+02    -  6.22e-05 2.90e-03f  1
 107  1.3514351e+06 3.01e+01 7.18e+01  -6.0 3.21e+02    -  1.52e-02 1.80e-05f  1
 108  1.3503066e+06 3.00e+01 7.16e+01  -6.0 2.78e+02    -  2.37e-03 3.16e-03f  1
 109  1.3503033e+06 3.00e+01 7.16e+01  -6.0 3.41e+01    -  6.74e-04 1.46e-05h  1
iter    objective    inf_pr   inf_du lg(mu)  ||d||  lg(rg) alpha_du alpha_pr  ls
 110  1.3499204e+06 2.99e+01 6.90e+01  -6.0 1.45e+02    -  3.73e-02 1.36e-03f  1
 111  1.3498746e+06 2.99e+01 6.90e+01  -6.0 1.52e+02    -  1.43e-03 1.83e-04f  1
 112  1.3489011e+06 2.98e+01 6.81e+01  -6.0 1.57e+02    -  1.36e-02 3.95e-03f  1
 113  1.3474608e+06 2.96e+01 6.76e+01  -6.0 1.63e+02    -  6.49e-03 6.08e-03f  1
 114  1.3472347e+06 2.96e+01 6.75e+01  -6.0 1.72e+02    -  1.86e-03 9.66e-04f  1
 115  1.3466422e+06 2.95e+01 6.72e+01  -6.0 1.82e+02    -  4.53e-03 2.51e-03f  1
 116  1.3455665e+06 2.94e+01 6.71e+01  -6.0 3.29e+01    -  1.69e-03 5.73e-03f  1
 117  1.3453486e+06 2.93e+01 6.70e+01  -6.0 3.23e+01    -  1.22e-03 1.17e-03f  1
 118  1.3447955e+06 2.92e+01 6.67e+01  -6.0 2.98e+01    -  4.48e-03 2.99e-03f  1
 119  1.3447138e+06 2.92e+01 6.64e+01  -6.0 2.98e+01    -  4.59e-03 4.41e-04f  1
iter    objective    inf_pr   inf_du lg(mu)  ||d||  lg(rg) alpha_du alpha_pr  ls
 120  1.3441712e+06 2.91e+01 6.64e+01  -6.0 2.98e+01    -  3.92e-04 2.95e-03f  1
 121  1.3428601e+06 2.89e+01 6.54e+01  -6.0 3.35e+01    -  1.46e-02 7.22e-03f  1
 122  1.3423139e+06 2.88e+01 6.45e+01  -6.0 3.32e+01    -  1.40e-02 3.04e-03f  1
 123  1.3422090e+06 2.88e+01 6.35e+01  -6.0 3.50e+01    -  1.73e-02 5.89e-04f  1
 124  1.3418326e+06 2.88e+01 6.35e+01  -6.0 7.92e+01    -  1.08e-04 2.07e-03f  1
 125  1.3417436e+06 2.88e+01 6.24e+01  -6.0 7.97e+01    -  1.79e-02 4.91e-04f  1
 126  1.3403503e+06 2.85e+01 6.24e+01  -6.0 1.39e+02    -  2.54e-04 7.25e-03f  1
 127  1.3402397e+06 2.85e+01 6.22e+01  -6.0 1.45e+02    -  3.46e-03 5.85e-04f  1
 128  1.3388951e+06 2.83e+01 6.18e+01  -6.0 1.32e+02    -  5.68e-03 7.03e-03f  1
 129  1.3382279e+06 2.82e+01 6.13e+01  -6.0 1.31e+02    -  8.31e-03 3.52e-03f  1
iter    objective    inf_pr   inf_du lg(mu)  ||d||  lg(rg) alpha_du alpha_pr  ls
 130  1.3373946e+06 2.81e+01 6.11e+01  -6.0 1.33e+02    -  3.72e-03 4.43e-03f  1
 131  1.3368288e+06 2.80e+01 6.06e+01  -6.0 1.05e+02    -  1.10e-02 3.12e-03f  1
 132  1.3365190e+06 2.80e+01 6.05e+01  -6.0 1.06e+02    -  1.44e-02 1.72e-03f  1
 133  1.3357991e+06 2.78e+01 6.03e+01  -6.0 5.69e+01    -  3.17e-03 4.22e-03f  1
 134  1.3355790e+06 2.78e+01 6.02e+01  -6.0 5.12e+01    -  4.19e-03 1.32e-03f  1
 135  1.3349735e+06 2.77e+01 6.00e+01  -6.0 8.03e+01    -  3.53e-02 3.60e-03f  1
 136  1.3333012e+06 2.74e+01 5.93e+01  -6.0 6.82e+01    -  3.68e-03 1.06e-02f  1
 137  1.3326475e+06 2.73e+01 5.91e+01  -6.0 4.45e+01    -  5.29e-02 4.42e-03f  1
 138  1.3322575e+06 2.72e+01 5.89e+01  -6.0 4.52e+01    -  3.24e-02 2.66e-03f  1
 139  1.3301108e+06 2.68e+01 5.80e+01  -6.0 4.50e+01    -  2.52e-02 1.47e-02f  1
iter    objective    inf_pr   inf_du lg(mu)  ||d||  lg(rg) alpha_du alpha_pr  ls
 140  1.3267005e+06 2.62e+01 5.67e+01  -6.0 5.11e+01    -  1.34e-01 2.36e-02f  1
 141  1.3264969e+06 2.62e+01 5.66e+01  -6.0 5.84e+01    -  2.32e-02 1.45e-03f  1
 142  1.3262766e+06 2.61e+01 5.65e+01  -6.0 5.74e+01    -  1.73e-03 1.57e-03f  1
 143  1.3261263e+06 2.61e+01 5.64e+01  -6.0 5.53e+01    -  9.09e-03 1.09e-03f  1
 144  1.3251405e+06 2.59e+01 5.60e+01  -6.0 5.33e+01    -  6.82e-03 7.06e-03f  1
 145  1.3236618e+06 2.56e+01 5.54e+01  -6.0 5.22e+01    -  8.44e-03 1.07e-02f  1
 146  1.3236603e+06 2.56e+01 5.54e+01  -6.0 4.26e+01    -  1.37e-02 1.13e-05h  1
 147  1.3225814e+06 2.54e+01 5.50e+01  -6.0 7.10e+01    -  5.12e-05 7.98e-03f  1
 148  1.3199811e+06 2.49e+01 5.39e+01  -6.0 4.44e+01    -  2.54e-03 2.00e-02f  1
 149  1.3199809e+06 2.49e+01 5.39e+01  -6.0 4.93e+01    -  1.40e-02 1.49e-06h  1
iter    objective    inf_pr   inf_du lg(mu)  ||d||  lg(rg) alpha_du alpha_pr  ls
 150  1.3198457e+06 2.49e+01 5.38e+01  -6.0 4.44e+01    -  2.07e-04 1.05e-03f  1
 151  1.3162402e+06 2.42e+01 5.23e+01  -6.0 4.45e+01    -  2.68e-03 2.80e-02f  1
 152  1.3159093e+06 2.41e+01 5.22e+01  -6.0 4.55e+01    -  4.87e-02 2.68e-03f  1
 153  1.3145179e+06 2.38e+01 5.16e+01  -6.0 4.99e+01    -  4.85e-03 1.19e-02f  1
 154  1.3137870e+06 2.37e+01 5.12e+01  -6.0 4.80e+01    -  3.30e-03 6.31e-03f  1
 155  1.3095146e+06 2.28e+01 4.94e+01  -6.0 4.75e+01    -  4.67e-03 3.61e-02f  1
 156  1.3078004e+06 2.25e+01 4.86e+01  -6.0 5.53e+01    -  1.19e-02 1.48e-02f  1
 157  1.3061570e+06 2.22e+01 4.80e+01  -6.0 6.34e+01    -  3.59e-03 1.43e-02f  1
 158  1.3013965e+06 2.12e+01 4.59e+01  -6.0 7.73e+01    -  7.47e-03 4.20e-02f  1
 159  1.3013963e+06 2.12e+01 4.59e+01  -6.0 1.09e+02    -  6.68e-02 1.69e-06h  1
iter    objective    inf_pr   inf_du lg(mu)  ||d||  lg(rg) alpha_du alpha_pr  ls
 160  1.3002041e+06 2.10e+01 4.54e+01  -6.0 1.09e+02    -  3.18e-03 1.11e-02f  1
 161  1.2997741e+06 2.09e+01 4.52e+01  -6.0 1.11e+02    -  4.70e-03 4.05e-03f  1
 162  1.2997611e+06 2.09e+01 4.52e+01  -6.0 6.91e+01    -  8.48e-03 1.27e-04h  1
 163  1.2990030e+06 2.08e+01 4.49e+01  -6.0 6.20e+01    -  1.30e-03 7.45e-03f  1
 164  1.2971515e+06 2.04e+01 4.41e+01  -6.0 3.39e+01    -  3.01e-02 1.80e-02f  1
 165  1.2971513e+06 2.04e+01 4.41e+01  -6.0 6.21e+01    -  2.77e-02 2.69e-06h  1
 166  1.2942691e+06 1.98e+01 4.28e+01  -6.0 3.34e+01    -  5.47e-07 2.88e-02f  1
 167  1.2937584e+06 1.97e+01 4.26e+01  -6.0 3.17e+01    -  2.45e-03 5.29e-03f  1
 168  1.2936273e+06 1.97e+01 4.25e+01  -6.0 6.01e+01    -  1.46e-03 1.39e-03f  1
 169  1.2934802e+06 1.96e+01 4.25e+01  -6.0 5.88e+01    -  3.11e-03 1.56e-03f  1
iter    objective    inf_pr   inf_du lg(mu)  ||d||  lg(rg) alpha_du alpha_pr  ls
 170  1.2900276e+06 1.89e+01 4.09e+01  -6.0 5.94e+01    -  1.68e-03 3.67e-02f  1
 171  1.2900241e+06 1.89e+01 4.09e+01  -6.0 6.37e+01    -  6.46e-03 3.87e-05h  1
 172  1.2895119e+06 1.88e+01 4.07e+01  -6.0 6.35e+01    -  9.78e-03 5.67e-03f  1
 173  1.2865373e+06 1.82e+01 3.93e+01  -6.0 6.44e+01    -  1.35e-02 3.26e-02f  1
 174  1.2858513e+06 1.80e+01 3.90e+01  -6.0 6.53e+01    -  1.36e-02 7.84e-03f  1
 175  1.2856778e+06 1.80e+01 3.90e+01  -6.0 6.47e+01    -  4.66e-02 2.04e-03f  1
 176  1.2827399e+06 1.74e+01 3.76e+01  -6.0 6.42e+01    -  5.48e-03 3.43e-02f  1
 177  1.2809241e+06 1.70e+01 3.68e+01  -6.0 6.53e+01    -  2.03e-03 2.22e-02f  1
 178  1.2796853e+06 1.67e+01 3.62e+01  -6.0 3.34e+01    -  7.70e-02 1.54e-02f  1
 179  1.2782020e+06 1.64e+01 3.55e+01  -6.0 3.92e+01    -  1.87e-02 1.87e-02f  1
iter    objective    inf_pr   inf_du lg(mu)  ||d||  lg(rg) alpha_du alpha_pr  ls
 180  1.2771531e+06 1.62e+01 3.51e+01  -6.0 3.86e+01    -  2.23e-02 1.35e-02f  1
 181  1.2764122e+06 1.61e+01 3.47e+01  -6.0 6.50e+01    -  1.36e-01 9.71e-03f  1
 182  1.2758999e+06 1.59e+01 3.45e+01  -6.0 6.17e+01    -  3.78e-04 6.79e-03f  1
 183  1.2731849e+06 1.54e+01 3.32e+01  -6.0 6.02e+01    -  3.26e-02 3.64e-02f  1
 184  1.2729543e+06 1.53e+01 3.31e+01  -6.0 6.15e+01    -  7.33e-02 3.21e-03f  1
 185  1.2694650e+06 1.46e+01 3.15e+01  -6.0 6.46e+01    -  3.10e-03 4.87e-02f  1
 186  1.2694649e+06 1.46e+01 3.15e+01  -6.0 6.34e+01    -  2.51e-02 1.72e-06h  1
 187  1.2662391e+06 1.39e+01 3.00e+01  -6.0 5.97e+01    -  5.62e-03 4.78e-02f  1
 188  1.2662391e+06 1.39e+01 3.00e+01  -6.0 6.27e+01    -  5.94e-02 9.98e-07h  1
 189  1.2612146e+06 1.28e+01 2.76e+01  -6.0 6.29e+01    -  3.26e-02 7.91e-02f  1
iter    objective    inf_pr   inf_du lg(mu)  ||d||  lg(rg) alpha_du alpha_pr  ls
 190  1.2585486e+06 1.22e+01 2.64e+01  -6.0 6.15e+01    -  7.54e-02 4.61e-02f  1
 191  1.2569017e+06 1.18e+01 2.56e+01  -6.0 6.13e+01    -  3.10e-05 3.00e-02f  1
 192  1.2568358e+06 1.18e+01 2.55e+01  -6.0 5.98e+01    -  4.02e-02 1.24e-03f  1
 193  1.2567269e+06 1.18e+01 2.55e+01  -6.0 7.44e+01    -  2.58e-03 2.04e-03f  1
 194  1.2565322e+06 1.17e+01 2.54e+01  -6.0 5.94e+01    -  1.21e-02 3.65e-03f  1
 195  1.2555592e+06 1.15e+01 2.49e+01  -6.0 5.98e+01    -  5.11e-03 1.84e-02f  1
 196  1.2553268e+06 1.15e+01 2.48e+01  -6.0 6.63e+01    -  2.51e-02 4.50e-03f  1
 197  1.2540576e+06 1.12e+01 2.42e+01  -6.0 5.92e+01    -  2.99e-02 2.47e-02f  1
 198  1.2529954e+06 1.09e+01 2.37e+01  -6.0 6.06e+01    -  2.85e-02 2.13e-02f  1
 199  1.2502993e+06 1.03e+01 2.24e+01  -6.0 5.89e+01    -  7.74e-04 5.60e-02f  1
iter    objective    inf_pr   inf_du lg(mu)  ||d||  lg(rg) alpha_du alpha_pr  ls
 200  1.2502993e+06 1.03e+01 2.24e+01  -6.0 5.68e+01    -  1.46e-02 9.73e-07h  1
 201  1.2482089e+06 9.86e+00 2.13e+01  -6.0 5.33e+01    -  3.76e-02 4.61e-02f  1
 202  1.2468461e+06 9.55e+00 2.07e+01  -6.0 5.16e+01    -  4.37e-02 3.16e-02f  1
 203  1.2463233e+06 9.43e+00 2.04e+01  -6.0 5.37e+01    -  2.36e-03 1.25e-02f  1
 204  1.2461932e+06 9.40e+00 2.03e+01  -6.0 5.32e+01    -  2.38e-01 3.16e-03f  1
 205  1.2451971e+06 9.17e+00 1.98e+01  -6.0 6.45e+01    -  1.23e-06 2.45e-02f  1
 206  1.2401165e+06 7.99e+00 1.73e+01  -6.0 6.73e+01    -  7.40e-02 1.28e-01f  1
 207  1.2378885e+06 7.48e+00 1.62e+01  -6.0 4.87e+01    -  1.21e-01 6.46e-02f  1
 208  1.2370059e+06 7.27e+00 1.57e+01  -6.0 4.70e+01    -  1.19e-02 2.75e-02f  1
 209  1.2340221e+06 6.56e+00 1.42e+01  -6.0 4.63e+01    -  1.42e-01 9.69e-02f  1
iter    objective    inf_pr   inf_du lg(mu)  ||d||  lg(rg) alpha_du alpha_pr  ls
 210  1.2327992e+06 6.28e+00 1.36e+01  -6.0 4.30e+01    -  1.52e-03 4.39e-02f  1
 211  1.2326175e+06 6.23e+00 1.35e+01  -6.0 4.18e+01    -  1.12e-01 6.87e-03f  1
 212  1.2310984e+06 5.87e+00 1.27e+01  -6.0 5.22e+01    -  1.89e-02 5.80e-02f  1
 213  1.2305851e+06 5.75e+00 1.24e+01  -6.0 5.46e+01    -  4.09e-02 2.08e-02f  1
 214  1.2301825e+06 5.65e+00 1.22e+01  -6.0 3.87e+01    -  2.65e-01 1.66e-02f  1
 215  1.2260051e+06 4.66e+00 1.01e+01  -6.0 3.85e+01    -  6.51e-02 1.76e-01f  1
 216  1.2245716e+06 4.32e+00 9.35e+00  -6.0 3.31e+01    -  6.49e-02 7.39e-02f  1
 217  1.2228274e+06 3.89e+00 8.43e+00  -6.0 3.11e+01    -  1.10e-01 9.84e-02f  1
 218  1.2228274e+06 3.89e+00 8.43e+00  -6.0 2.86e+01    -  7.13e-03 9.97e-07h  1
 219  1.2219714e+06 3.68e+00 7.98e+00  -6.0 4.65e+01    -  2.79e-01 5.38e-02f  1
iter    objective    inf_pr   inf_du lg(mu)  ||d||  lg(rg) alpha_du alpha_pr  ls
 220  1.2208439e+06 3.41e+00 7.39e+00  -6.0 4.61e+01    -  4.85e-02 7.48e-02f  1
 221  1.2208439e+06 3.41e+00 7.39e+00  -6.0 3.30e+01    -  4.26e-05 1.78e-07h  1
 222  1.2187949e+06 2.90e+00 6.29e+00  -6.0 2.76e+01    -  2.92e-02 1.48e-01f  1
 223  1.2184290e+06 2.81e+00 6.10e+00  -6.0 2.44e+01    -  3.21e-02 3.13e-02f  1
 224  1.2168207e+06 2.41e+00 5.23e+00  -6.0 2.08e+01    -  2.71e-01 1.42e-01f  1
 225  1.2148731e+06 1.93e+00 4.18e+00  -6.0 1.63e+01    -  2.62e-01 2.01e-01f  1
 226  1.2138792e+06 1.68e+00 3.64e+00  -6.0 1.61e+01    -  5.79e-01 1.29e-01f  1
 227  1.2129760e+06 1.45e+00 3.15e+00  -6.0 1.25e+01    -  5.45e-01 1.35e-01f  1
 228  1.2129092e+06 1.44e+00 3.11e+00  -6.0 1.06e+01    -  9.52e-02 1.16e-02f  1
 229  1.2128895e+06 1.43e+00 3.10e+00  -6.0 8.33e+00    -  4.79e-02 3.44e-03h  1
iter    objective    inf_pr   inf_du lg(mu)  ||d||  lg(rg) alpha_du alpha_pr  ls
 230  1.2094742e+06 5.62e-01 1.24e+00  -6.0 1.26e+01    -  7.66e-01 6.07e-01f  1
 231  1.2093939e+06 5.42e-01 1.19e+00  -6.0 4.15e+00    -  4.05e-01 3.68e-02h  1
 232  1.2092455e+06 5.03e-01 1.11e+00  -6.0 4.44e+00    -  3.12e-01 7.11e-02f  1
 233  1.2092249e+06 4.98e-01 1.09e+00  -6.0 4.48e+00    -  4.76e-03 1.05e-02h  1
 234  1.2078481e+06 1.40e-01 3.13e-01  -6.0 4.13e+00    -  9.95e-01 7.19e-01f  1
 235  1.2073418e+06 7.41e-03 1.75e-02  -6.0 1.19e+00    -  7.21e-01 9.47e-01f  1
 236  1.2073139e+06 1.91e-07 9.20e-07  -6.0 6.57e-02    -  1.00e+00 1.00e+00h  1
 237  1.2073139e+06 2.09e-11 4.01e-10  -6.0 1.92e-05    -  1.00e+00 1.00e+00h  1
 238  1.2073138e+06 5.82e-08 7.35e-04  -7.2 3.31e-03    -  1.00e+00 9.86e-01f  1
 239  1.2073138e+06 4.78e-11 8.29e-09  -7.2 1.03e-04    -  1.00e+00 1.00e+00f  1

Number of Iterations....: 239

                                   (scaled)                 (unscaled)
Objective...............:   9.2561464105099003e+03    1.2073137850542353e+06
Dual infeasibility......:   8.2916103805679266e-09    1.0815057442686876e-06
Constraint violation....:   1.3889309841141895e-11    4.7767789723707210e-11
Variable bound violation:   1.0344416168095449e-07    1.0344416168095449e-07
Complementarity.........:   6.9829569698133577e-08    9.1081318684886644e-06
Overall NLP error.......:   6.9829569698133577e-08    9.1081318684886644e-06


Number of objective function evaluations             = 240
Number of objective gradient evaluations             = 240
Number of equality constraint evaluations            = 240
Number of inequality constraint evaluations          = 241
Number of equality constraint Jacobian evaluations   = 240
Number of inequality constraint Jacobian evaluations = 240
Number of Lagrangian Hessian evaluations             = 239
Total seconds in IPOPT                               = 50.656

EXIT: Optimal Solution Found.

