Solver command line: ['/opt/homebrew/bin/ipopt', '/var/folders/6y/bvynbx6n3zv7z3lwg6vd724r0000gn/T/tmp7rchtcu7.pyomo.nl', '-AMPL', 'tol=1e-06', 'max_iter=300', 'print_level=5', 'warm_start_init_point=yes', 'warm_start_bound_push=1e-06', 'warm_start_bound_frac=1e-06', 'warm_start_mult_bound_push=1e-06', 'mu_init=1e-06', 'least_square_init_duals=no']

Ipopt 3.14.19: tol=1e-06
max_iter=300
print_level=5
warm_start_init_point=yes
warm_start_bound_push=1e-06
warm_start_bound_frac=1e-06
warm_start_mult_bound_push=1e-06
mu_init=1e-06
least_square_init_duals=no


******************************************************************************
This program contains Ipopt, a library for large-scale nonlinear optimization.
 Ipopt is released as open source code under the Eclipse Public License (EPL).
         For more information visit https://github.com/coin-or/Ipopt
******************************************************************************

This is Ipopt version 3.14.19, running with linear solver MUMPS 5.6.2.

Number of nonzeros in equality constraint Jacobian...:    86425
Number of nonzeros in inequality constraint Jacobian.:    72576
Number of nonzeros in Lagrangian Hessian.............:    48426

Total number of variables............................:    12204
                     variables with only lower bounds:        0
                variables with lower and upper bounds:    12204
                     variables with only upper bounds:        0
Total number of equality constraints.................:    11317
Total number of inequality constraints...............:    18144
        inequality constraints with only lower bounds:        0
   inequality constraints with lower and upper bounds:        0
        inequality constraints with only upper bounds:    18144

iter    objective    inf_pr   inf_du lg(mu)  ||d||  lg(rg) alpha_du alpha_pr  ls
   0  1.6241438e+06 1.14e+01 7.92e+01  -6.0 0.00e+00    -  0.00e+00 0.00e+00   0
   1  1.5397892e+06 1.14e+01 7.91e+01  -6.0 4.07e+03    -  2.33e-04 2.33e-04f  1
   2  1.5002511e+06 1.14e+01 7.91e+01  -6.0 3.61e+03    -  9.14e-04 2.05e-04f  1
   3  1.4534811e+06 1.14e+01 7.90e+01  -6.0 1.72e+03    -  1.67e-03 6.08e-04f  1
   4  1.4328469e+06 1.14e+01 7.89e+01  -6.0 6.89e+02    -  1.36e-03 7.72e-04f  1
   5  1.4132816e+06 1.14e+01 7.88e+01  -6.0 3.77e+02    -  1.79e-03 1.35e-03f  1
   6  1.4018556e+06 1.14e+01 7.86e+01  -6.0 2.03e+02    -  2.51e-03 1.45e-03f  1
   7  1.3875099e+06 1.13e+01 7.83e+01  -6.0 1.50e+02    -  4.52e-03 3.00e-03f  1
   8  1.3787392e+06 1.13e+01 7.78e+01  -6.0 1.15e+02    -  6.18e-03 3.51e-03f  1
   9  1.3768023e+06 1.13e+01 7.71e+01  -6.0 1.37e+02    -  9.46e-03 1.29e-03f  1
iter    objective    inf_pr   inf_du lg(mu)  ||d||  lg(rg) alpha_du alpha_pr  ls
  10  1.3710408e+06 1.12e+01 7.69e+01  -6.0 1.51e+02    -  2.04e-03 4.94e-03f  1
  11  1.3689929e+06 1.12e+01 7.65e+01  -6.0 2.01e+02    -  6.38e-03 2.24e-03f  1
  12  1.3638798e+06 1.11e+01 7.60e+01  -6.0 2.18e+02    -  5.49e-03 6.68e-03f  1
  13  1.3597151e+06 1.11e+01 7.54e+01  -6.0 2.64e+02    -  9.03e-03 6.86e-03f  1
  14  1.3563124e+06 1.10e+01 7.51e+01  -6.0 2.69e+02    -  3.38e-03 7.16e-03f  1
  15  1.3535954e+06 1.09e+01 7.43e+01  -6.0 2.16e+02    -  1.13e-02 6.98e-03f  1
  16  1.3520979e+06 1.08e+01 7.39e+01  -6.0 1.71e+02    -  5.48e-03 4.61e-03f  1
  17  1.3500576e+06 1.08e+01 7.30e+01  -6.0 1.30e+02    -  1.13e-02 7.05e-03f  1
  18  1.3440747e+06 1.05e+01 7.20e+01  -6.0 2.21e+01    -  1.33e-02 2.46e-02f  1
  19  1.3436721e+06 1.05e+01 7.06e+01  -6.0 2.26e+01    -  2.02e-02 1.94e-03f  1
iter    objective    inf_pr   inf_du lg(mu)  ||d||  lg(rg) alpha_du alpha_pr  ls
  20  1.3407146e+06 1.03e+01 7.01e+01  -6.0 1.38e+02    -  6.58e-03 1.41e-02f  1
  21  1.3387696e+06 1.02e+01 6.92e+01  -6.0 1.39e+02    -  1.31e-02 9.73e-03f  1
  22  1.3378738e+06 1.02e+01 6.83e+01  -6.0 9.64e+01    -  1.45e-02 4.78e-03f  1
  23  1.3356938e+06 1.01e+01 6.72e+01  -6.0 6.50e+01    -  1.51e-02 1.22e-02f  1
  24  1.3345622e+06 9.99e+00 6.69e+01  -6.0 4.66e+01    -  4.56e-03 6.73e-03f  1
  25  1.3330339e+06 9.90e+00 6.50e+01  -6.0 2.97e+01    -  3.03e-02 9.39e-03f  1
  26  1.3287919e+06 9.62e+00 6.39e+01  -6.0 2.53e+01    -  1.52e-02 2.77e-02f  1
  27  1.3256074e+06 9.41e+00 6.22e+01  -6.0 2.43e+01    -  2.81e-02 2.19e-02f  1
  28  1.3225467e+06 9.21e+00 6.03e+01  -6.0 3.55e+01    -  3.01e-02 2.18e-02f  1
  29  1.3211656e+06 9.11e+00 5.96e+01  -6.0 2.92e+01    -  1.18e-02 1.03e-02f  1
iter    objective    inf_pr   inf_du lg(mu)  ||d||  lg(rg) alpha_du alpha_pr  ls
  30  1.3203637e+06 9.06e+00 5.89e+01  -6.0 2.61e+01    -  1.28e-02 6.09e-03f  1
  31  1.3172698e+06 8.84e+00 5.80e+01  -6.0 2.23e+01    -  1.39e-02 2.42e-02f  1
  32  1.3150491e+06 8.68e+00 5.69e+01  -6.0 2.39e+01    -  1.96e-02 1.78e-02f  1
  33  1.3128129e+06 8.52e+00 5.65e+01  -6.0 2.80e+01    -  6.27e-03 1.82e-02f  1
  34  1.3110848e+06 8.40e+00 5.53e+01  -6.0 2.42e+01    -  2.10e-02 1.46e-02f  1
  35  1.3054321e+06 7.99e+00 5.38e+01  -6.0 2.54e+01    -  2.68e-02 4.80e-02f  1
  36  1.3024554e+06 7.78e+00 5.21e+01  -6.0 1.76e+01    -  3.11e-02 2.67e-02f  1
  37  1.3021183e+06 7.75e+00 5.04e+01  -6.0 2.01e+01    -  3.47e-02 3.17e-03f  1
  38  1.2997543e+06 7.58e+00 4.98e+01  -6.0 2.50e+01    -  9.86e-03 2.22e-02f  1
  39  1.2990899e+06 7.53e+00 4.96e+01  -6.0 1.69e+01    -  5.29e-03 6.52e-03f  1
iter    objective    inf_pr   inf_du lg(mu)  ||d||  lg(rg) alpha_du alpha_pr  ls
  40  1.2964335e+06 7.33e+00 4.91e+01  -6.0 1.69e+01    -  1.04e-02 2.65e-02f  1
  41  1.2930707e+06 7.08e+00 4.85e+01  -6.0 1.62e+01    -  1.05e-02 3.42e-02f  1
  42  1.2919573e+06 7.00e+00 4.61e+01  -6.0 2.66e+01    -  5.07e-02 1.17e-02f  1
  43  1.2886121e+06 6.74e+00 4.39e+01  -6.0 2.11e+01    -  4.82e-02 3.63e-02f  1
  44  1.2879593e+06 6.69e+00 4.37e+01  -6.0 1.28e+01    -  4.83e-03 7.49e-03f  1
  45  1.2865673e+06 6.58e+00 4.16e+01  -6.0 1.76e+01    -  4.88e-02 1.61e-02f  1
  46  1.2839282e+06 6.38e+00 4.10e+01  -6.0 1.71e+01    -  1.36e-02 3.12e-02f  1
  47  1.2825911e+06 6.28e+00 3.90e+01  -6.0 2.30e+01    -  5.16e-02 1.60e-02f  1
  48  1.2806551e+06 6.13e+00 3.76e+01  -6.0 1.86e+01    -  3.61e-02 2.36e-02f  1
  49  1.2799527e+06 6.07e+00 3.73e+01  -6.0 1.19e+01    -  6.59e-03 8.84e-03f  1
iter    objective    inf_pr   inf_du lg(mu)  ||d||  lg(rg) alpha_du alpha_pr  ls
  50  1.2790222e+06 6.00e+00 3.63e+01  -6.0 1.59e+01    -  2.83e-02 1.19e-02f  1
  51  1.2765364e+06 5.81e+00 3.59e+01  -6.0 1.09e+01    -  9.26e-03 3.25e-02f  1
  52  1.2741352e+06 5.62e+00 3.42e+01  -6.0 1.76e+01    -  4.90e-02 3.24e-02f  1
  53  1.2719214e+06 5.44e+00 2.08e+01  -6.0 2.25e+01    -  3.98e-01 3.09e-02f  1
  54  1.2713172e+06 5.40e+00 1.96e+01  -6.0 1.27e+01    -  5.73e-02 8.83e-03f  1
  55  1.2682015e+06 5.15e+00 1.95e+01  -6.0 2.09e+01    -  7.85e-04 4.58e-02f  1
  56  1.2681355e+06 5.14e+00 1.89e+01  -6.0 1.52e+01    -  3.37e-02 1.03e-03f  1
  57  1.2680266e+06 5.13e+00 1.81e+01  -6.0 1.57e+01    -  3.86e-02 1.71e-03f  1
  58  1.2661623e+06 4.98e+00 1.65e+01  -6.0 1.87e+01    -  8.85e-02 2.93e-02f  1
  59  1.2657838e+06 4.95e+00 1.61e+01  -6.0 1.35e+01    -  2.31e-02 6.14e-03f  1
iter    objective    inf_pr   inf_du lg(mu)  ||d||  lg(rg) alpha_du alpha_pr  ls
  60  1.2637613e+06 4.79e+00 1.55e+01  -6.0 1.38e+01    -  3.61e-02 3.31e-02f  1
  61  1.2633557e+06 4.76e+00 1.51e+01  -6.0 1.14e+01    -  2.66e-02 6.88e-03f  1
  62  1.2608819e+06 4.56e+00 1.40e+01  -6.0 1.14e+01    -  7.43e-02 4.23e-02f  1
  63  1.2587674e+06 4.38e+00 1.32e+01  -6.0 1.08e+01    -  5.35e-02 3.79e-02f  1
  64  1.2568890e+06 4.23e+00 1.19e+01  -6.0 1.03e+01    -  9.88e-02 3.50e-02f  1
  65  1.2535132e+06 3.95e+00 1.02e+01  -6.0 1.29e+01    -  5.04e-01 6.57e-02f  1
  66  1.2487906e+06 3.56e+00 9.33e+00  -6.0 1.03e+01    -  7.50e-03 9.87e-02f  1
  67  1.2486287e+06 3.55e+00 9.03e+00  -6.0 7.64e+00    -  1.55e-01 3.75e-03f  1
  68  1.2479155e+06 3.49e+00 8.89e+00  -6.0 1.01e+01    -  9.47e-03 1.66e-02f  1
  69  1.2446227e+06 3.21e+00 7.84e+00  -6.0 1.08e+01    -  2.53e-01 7.90e-02f  1
iter    objective    inf_pr   inf_du lg(mu)  ||d||  lg(rg) alpha_du alpha_pr  ls
  70  1.2431615e+06 3.09e+00 7.30e+00  -6.0 6.47e+00    -  1.51e-01 3.81e-02f  1
  71  1.2410574e+06 2.91e+00 6.89e+00  -6.0 9.96e+00    -  5.24e-02 5.69e-02f  1
  72  1.2391758e+06 2.76e+00 6.56e+00  -6.0 9.17e+00    -  3.69e-02 5.42e-02f  1
  73  1.2367910e+06 2.56e+00 6.22e+00  -6.0 7.51e+00    -  1.01e-02 7.28e-02f  1
  74  1.2356824e+06 2.46e+00 5.94e+00  -6.0 4.93e+00    -  5.85e-02 3.67e-02f  1
  75  1.2329429e+06 2.23e+00 5.21e+00  -6.0 6.38e+00    -  1.85e-01 9.43e-02f  1
  76  1.2313568e+06 2.10e+00 4.89e+00  -6.0 4.71e+00    -  7.54e-01 6.04e-02f  1
  77  1.2278586e+06 1.80e+00 4.20e+00  -6.0 7.29e+00    -  1.89e-01 1.42e-01f  1
  78  1.2251918e+06 1.57e+00 4.16e+00  -6.0 3.59e+00    -  7.15e-01 1.27e-01f  1
  79  1.2234277e+06 1.42e+00 3.86e+00  -6.0 2.96e+00    -  1.53e-01 9.65e-02f  1
iter    objective    inf_pr   inf_du lg(mu)  ||d||  lg(rg) alpha_du alpha_pr  ls
  80  1.2221540e+06 1.31e+00 3.52e+00  -6.0 3.39e+00    -  4.12e-02 7.72e-02f  1
  81  1.2220809e+06 1.30e+00 3.54e+00  -6.0 5.18e+00    -  3.20e-01 4.84e-03f  1
  82  1.2213044e+06 1.24e+00 3.36e+00  -6.0 7.53e+00    -  4.47e-02 5.16e-02f  1
  83  1.2209198e+06 1.20e+00 3.26e+00  -6.0 7.23e+00    -  2.04e-02 2.71e-02f  1
  84  1.2191432e+06 1.05e+00 2.77e+00  -6.0 4.88e+00    -  9.41e-02 1.29e-01f  1
  85  1.2187441e+06 1.01e+00 2.73e+00  -6.0 4.31e+00    -  6.31e-02 3.32e-02f  1
  86  1.2163413e+06 8.02e-01 2.15e+00  -6.0 3.14e+00    -  1.21e-01 2.07e-01f  1
  87  1.2154292e+06 7.22e-01 1.88e+00  -6.0 3.36e+00    -  6.15e-02 9.95e-02f  1
  88  1.2142934e+06 6.23e-01 2.07e+00  -6.0 2.49e+00    -  4.35e-01 1.38e-01f  1
  89  1.2138912e+06 5.88e-01 1.90e+00  -6.0 1.28e+00    -  2.45e-03 5.67e-02f  1
iter    objective    inf_pr   inf_du lg(mu)  ||d||  lg(rg) alpha_du alpha_pr  ls
  90  1.2138603e+06 5.85e-01 2.19e+00  -6.0 2.80e+00    -  3.29e-01 4.61e-03f  1
  91  1.2131260e+06 5.20e-01 1.92e+00  -6.0 1.35e+00    -  6.44e-02 1.10e-01f  1
  92  1.2128290e+06 4.94e-01 2.07e+00  -6.0 2.10e+00    -  5.33e-01 5.02e-02f  1
  93  1.2128290e+06 4.94e-01 1.90e+00  -6.0 6.27e-01    -  6.64e-03 5.24e-06h  1
  94  1.2127137e+06 4.84e-01 1.85e+00  -6.0 1.97e+00    -  2.95e-02 2.08e-02f  1
  95  1.2093732e+06 1.87e-01 4.66e-01  -6.0 1.95e+00    -  1.26e-03 6.15e-01f  1
  96  1.2093572e+06 1.85e-01 4.56e-01  -6.0 1.35e+00    -  2.22e-02 7.69e-03h  1
  97  1.2093488e+06 1.84e-01 4.39e-01  -6.0 1.14e+00    -  4.24e-02 4.06e-03f  1
  98  1.2092031e+06 1.71e-01 4.33e-01  -6.0 7.28e-01    -  3.74e-01 7.14e-02f  1
  99  1.2091751e+06 1.69e-01 5.62e-01  -6.0 6.41e-01    -  3.38e-04 1.48e-02h  1
iter    objective    inf_pr   inf_du lg(mu)  ||d||  lg(rg) alpha_du alpha_pr  ls
 100  1.2089984e+06 1.53e-01 7.16e-01  -6.0 6.65e-01    -  9.89e-01 9.48e-02f  1
 101  1.2080633e+06 6.80e-02 3.16e-01  -6.0 6.03e-01    -  1.04e-01 5.55e-01f  1
 102  1.2073792e+06 5.95e-03 2.80e-02  -6.0 2.68e-01    -  1.00e+00 9.12e-01f  1
 103  1.2073139e+06 7.96e-07 1.27e-05  -6.0 2.34e-02    -  1.00e+00 1.00e+00h  1
 104  1.2073139e+06 3.32e-10 1.14e-09  -6.0 5.85e-05    -  1.00e+00 1.00e+00h  1
 105  1.2073138e+06 5.82e-08 7.40e-04  -7.2 3.31e-03    -  1.00e+00 9.86e-01f  1
 106  1.2073138e+06 4.81e-11 8.37e-09  -7.2 1.03e-04    -  1.00e+00 1.00e+00f  1

Number of Iterations....: 106

                                   (scaled)                 (unscaled)
Objective...............:   9.2561464105098694e+03    1.2073137850542313e+06
Dual infeasibility......:   8.3679897564686335e-09    1.0914681918499033e-06
Constraint violation....:   1.3975810092548002e-11    4.8091308713082981e-11
Variable bound violation:   1.0344416168095449e-07    1.0344416168095449e-07
Complementarity.........:   6.9829821037015495e-08    9.1081646515587886e-06
Overall NLP error.......:   6.9829821037015495e-08    9.1081646515587886e-06


Number of objective function evaluations             = 107
Number of objective gradient evaluations             = 107
Number of equality constraint evaluations            = 107
Number of inequality constraint evaluations          = 108
Number of equality constraint Jacobian evaluations   = 107
Number of inequality constraint Jacobian evaluations = 107
Number of Lagrangian Hessian evaluations             = 106
Total seconds in IPOPT                               = 23.388

EXIT: Optimal Solution Found.

