Solver command line: ['/opt/homebrew/bin/ipopt', '/var/folders/6y/bvynbx6n3zv7z3lwg6vd724r0000gn/T/tmp8ad5mygq.pyomo.nl', '-AMPL', 'tol=1e-06', 'max_iter=300', 'print_level=5', 'warm_start_init_point=yes', 'warm_start_bound_push=1e-06', 'warm_start_bound_frac=1e-06', 'warm_start_mult_bound_push=1e-06', 'mu_init=1e-06', 'least_square_init_duals=no']

Ipopt 3.14.19: tol=1e-06
max_iter=300
print_level=5
warm_start_init_point=yes
warm_start_bound_push=1e-06
warm_start_bound_frac=1e-06
warm_start_mult_bound_push=1e-06
mu_init=1e-06
least_square_init_duals=no


******************************************************************************
This program contains Ipopt, a library for large-scale nonlinear optimization.
 Ipopt is released as open source code under the Eclipse Public License (EPL).
         For more information visit https://github.com/coin-or/Ipopt
******************************************************************************

This is Ipopt version 3.14.19, running with linear solver MUMPS 5.6.2.

Number of nonzeros in equality constraint Jacobian...:    86425
Number of nonzeros in inequality constraint Jacobian.:    72576
Number of nonzeros in Lagrangian Hessian.............:    48426

Total number of variables............................:    12204
                     variables with only lower bounds:        0
                variables with lower and upper bounds:    12204
                     variables with only upper bounds:        0
Total number of equality constraints.................:    11317
Total number of inequality constraints...............:    18144
        inequality constraints with only lower bounds:        0
   inequality constraints with lower and upper bounds:        0
        inequality constraints with only upper bounds:    18144

iter    objective    inf_pr   inf_du lg(mu)  ||d||  lg(rg) alpha_du alpha_pr  ls
   0  1.6241438e+06 7.71e+00 2.66e+01  -6.0 0.00e+00    -  0.00e+00 0.00e+00   0
   1  1.2517858e+06 7.79e-01 3.08e+00  -6.0 3.73e+00    -  5.77e-01 8.88e-01f  1
   2  1.2301820e+06 4.00e-01 1.60e+00  -6.0 3.80e+00    -  1.00e+00 4.86e-01f  1
   3  1.2093813e+06 3.60e-02 1.42e-01  -6.0 1.96e+00    -  1.00e+00 9.10e-01f  1
   4  1.2079624e+06 1.13e-02 4.79e-02  -6.0 1.79e-01    -  1.00e+00 6.86e-01f  1
   5  1.2073139e+06 1.86e-06 4.59e-06  -6.0 5.62e-02    -  1.00e+00 1.00e+00f  1
   6  1.2073138e+06 6.47e-08 1.30e-03  -7.2 3.30e-03    -  1.00e+00 9.76e-01h  1
   7  1.2073138e+06 8.94e-11 2.05e-08  -7.2 2.94e-03    -  1.00e+00 1.00e+00f  1

Number of Iterations....: 7

                                   (scaled)                 (unscaled)
Objective...............:   9.2561464105097384e+03    1.2073137850542141e+06
Dual infeasibility......:   2.0507139739033508e-08    2.6748229123576248e-06
Constraint violation....:   2.6411067777232233e-11    8.9436236194728735e-11
Variable bound violation:   1.0344416168095449e-07    1.0344416168095449e-07
Complementarity.........:   7.1169131196146750e-08    9.2828558832949638e-06
Overall NLP error.......:   7.1169131196146750e-08    9.2828558832949638e-06


Number of objective function evaluations             = 8
Number of objective gradient evaluations             = 8
Number of equality constraint evaluations            = 8
Number of inequality constraint evaluations          = 8
Number of equality constraint Jacobian evaluations   = 8
Number of inequality constraint Jacobian evaluations = 8
Number of Lagrangian Hessian evaluations             = 7
Total seconds in IPOPT                               = 2.226

EXIT: Optimal Solution Found.

