Solver command line: ['/opt/homebrew/bin/ipopt', '/var/folders/6y/bvynbx6n3zv7z3lwg6vd724r0000gn/T/tmpjqd0b7p3.pyomo.nl', '-AMPL', 'tol=1e-06', 'max_iter=300', 'print_level=5', 'warm_start_init_point=yes', 'warm_start_bound_push=1e-06', 'warm_start_bound_frac=1e-06', 'warm_start_mult_bound_push=1e-06', 'mu_init=1e-06', 'least_square_init_duals=no']

Ipopt 3.14.19: tol=1e-06
max_iter=300
print_level=5
warm_start_init_point=yes
warm_start_bound_push=1e-06
warm_start_bound_frac=1e-06
warm_start_mult_bound_push=1e-06
mu_init=1e-06
least_square_init_duals=no


******************************************************************************
This program contains Ipopt, a library for large-scale nonlinear optimization.
 Ipopt is released as open source code under the Eclipse Public License (EPL).
         For more information visit https://github.com/coin-or/Ipopt
******************************************************************************

This is Ipopt version 3.14.19, running with linear solver MUMPS 5.6.2.

Number of nonzeros in equality constraint Jacobian...:    86425
Number of nonzeros in inequality constraint Jacobian.:    72576
Number of nonzeros in Lagrangian Hessian.............:    48426

Total number of variables............................:    12204
                     variables with only lower bounds:        0
                variables with lower and upper bounds:    12204
                     variables with only upper bounds:        0
Total number of equality constraints.................:    11317
Total number of inequality constraints...............:    18144
        inequality constraints with only lower bounds:        0
   inequality constraints with lower and upper bounds:        0
        inequality constraints with only upper bounds:    18144

iter    objective    inf_pr   inf_du lg(mu)  ||d||  lg(rg) alpha_du alpha_pr  ls
   0  1.6241438e+06 9.51e+00 1.00e+02  -6.0 0.00e+00    -  0.00e+00 0.00e+00   0
   1  1.5237179e+06 9.51e+00 1.00e+02  -6.0 3.99e+07    -  2.80e-08 2.80e-08f  1
   2  1.4838460e+06 9.51e+00 1.00e+02  -6.0 3.02e+07    -  1.19e-07 2.64e-08f  1
   3  1.4250908e+06 9.51e+00 1.00e+02  -6.0 1.15e+07    -  2.50e-07 1.02e-07f  1
   4  1.3735667e+06 9.51e+00 1.00e+02  -6.0 5.53e+06    -  3.97e-07 3.24e-07f  1
   5  1.3653207e+06 9.51e+00 1.00e+02  -6.0 5.16e+06    -  1.93e-06 3.17e-07f  1
   6  1.3572386e+06 9.51e+00 1.00e+02  -6.0 1.62e+06    -  1.80e-06 1.52e-06f  1
   7  1.3538978e+06 9.51e+00 1.00e+02  -6.0 4.07e+05    -  5.92e-06 2.52e-06f  1
   8  1.3525836e+06 9.51e+00 1.00e+02  -6.0 1.50e+05    -  5.00e-06 5.07e-06f  1
   9  1.3523810e+06 9.51e+00 1.00e+02  -6.0 5.55e+04    -  1.12e-05 2.23e-06f  1
iter    objective    inf_pr   inf_du lg(mu)  ||d||  lg(rg) alpha_du alpha_pr  ls
  10  1.3517947e+06 9.51e+00 1.00e+02  -6.0 3.02e+04    -  5.48e-05 1.30e-05f  1
  11  1.3513584e+06 9.51e+00 1.00e+02  -6.0 9.03e+03    -  5.58e-05 5.62e-05f  1
  12  1.3512760e+06 9.51e+00 1.00e+02  -6.0 3.18e+03    -  2.91e-04 5.35e-05f  1
  13  1.3511113e+06 9.50e+00 9.99e+01  -6.0 8.16e+02    -  8.16e-04 3.84e-04f  1
  14  1.3509119e+06 9.49e+00 9.95e+01  -6.0 1.47e+02    -  5.10e-03 1.21e-03f  1
  15  1.3499148e+06 9.43e+00 9.88e+01  -6.0 4.88e+01    -  6.86e-03 6.44e-03f  1
  16  1.3477291e+06 9.30e+00 9.49e+01  -6.0 5.81e+01    -  4.83e-02 1.42e-02f  1
  17  1.3475291e+06 9.29e+00 9.40e+01  -6.0 4.12e+01    -  1.13e-02 1.32e-03f  1
  18  1.3474685e+06 9.28e+00 9.38e+01  -6.0 6.27e+01    -  3.13e-03 4.01e-04f  1
  19  1.3437426e+06 9.05e+00 9.31e+01  -6.0 4.19e+01    -  2.36e-03 2.47e-02f  1
iter    objective    inf_pr   inf_du lg(mu)  ||d||  lg(rg) alpha_du alpha_pr  ls
  20  1.3437426e+06 9.05e+00 9.26e+01  -6.0 5.58e+01    -  6.92e-03 2.39e-07h  1
  21  1.3425119e+06 8.98e+00 9.23e+01  -6.0 4.74e+01    -  1.24e-03 8.38e-03f  1
  22  1.3392843e+06 8.78e+00 8.77e+01  -6.0 4.65e+01    -  5.84e-02 2.23e-02f  1
  23  1.3392842e+06 8.78e+00 8.77e+01  -6.0 3.60e+01    -  4.92e-04 3.95e-07h  1
  24  1.3369123e+06 8.63e+00 8.47e+01  -6.0 4.37e+01    -  4.08e-02 1.68e-02f  1
  25  1.3357628e+06 8.56e+00 8.43e+01  -6.0 4.06e+01    -  3.26e-03 8.29e-03f  1
  26  1.3350136e+06 8.51e+00 8.39e+01  -6.0 4.38e+01    -  4.66e-03 5.45e-03f  1
  27  1.3314056e+06 8.29e+00 8.02e+01  -6.0 4.01e+01    -  5.07e-02 2.64e-02f  1
  28  1.3314055e+06 8.29e+00 8.01e+01  -6.0 4.72e+01    -  7.11e-04 8.70e-07h  1
  29  1.3303233e+06 8.22e+00 7.83e+01  -6.0 4.17e+01    -  2.87e-02 8.15e-03f  1
iter    objective    inf_pr   inf_du lg(mu)  ||d||  lg(rg) alpha_du alpha_pr  ls
  30  1.3249014e+06 7.88e+00 6.92e+01  -6.0 4.01e+01    -  1.43e-01 4.12e-02f  1
  31  1.3239272e+06 7.82e+00 6.74e+01  -6.0 3.52e+01    -  3.44e-02 7.73e-03f  1
  32  1.3217877e+06 7.69e+00 6.37e+01  -6.0 3.56e+01    -  6.92e-02 1.71e-02f  1
  33  1.3217873e+06 7.69e+00 6.34e+01  -6.0 4.57e+01    -  7.62e-03 3.15e-06h  1
  34  1.3180419e+06 7.45e+00 6.26e+01  -6.0 3.17e+01    -  4.76e-03 3.06e-02f  1
  35  1.3180419e+06 7.45e+00 6.24e+01  -6.0 4.27e+01    -  3.58e-03 3.44e-07h  1
  36  1.3132124e+06 7.15e+00 5.44e+01  -6.0 3.46e+01    -  1.71e-01 4.08e-02f  1
  37  1.3095759e+06 6.92e+00 5.33e+01  -6.0 3.23e+01    -  1.22e-02 3.20e-02f  1
  38  1.3089196e+06 6.88e+00 5.28e+01  -6.0 2.88e+01    -  1.14e-02 5.98e-03f  1
  39  1.3072999e+06 6.77e+00 5.22e+01  -6.0 2.96e+01    -  9.05e-03 1.48e-02f  1
iter    objective    inf_pr   inf_du lg(mu)  ||d||  lg(rg) alpha_du alpha_pr  ls
  40  1.3064869e+06 6.72e+00 5.15e+01  -6.0 2.69e+01    -  1.61e-02 7.57e-03f  1
  41  1.3061083e+06 6.70e+00 4.80e+01  -6.0 2.88e+01    -  1.08e-01 3.55e-03f  1
  42  1.3057484e+06 6.68e+00 4.77e+01  -6.0 4.33e+01    -  5.79e-03 3.39e-03f  1
  43  1.3050680e+06 6.63e+00 4.75e+01  -6.0 3.43e+01    -  4.26e-03 6.48e-03f  1
  44  1.2995912e+06 6.29e+00 4.27e+01  -6.0 3.17e+01    -  1.35e-01 5.24e-02f  1
  45  1.2963537e+06 6.08e+00 4.08e+01  -6.0 2.88e+01    -  5.46e-02 3.27e-02f  1
  46  1.2963536e+06 6.08e+00 4.04e+01  -6.0 2.99e+01    -  1.54e-02 8.37e-07h  1
  47  1.2953887e+06 6.02e+00 3.95e+01  -6.0 3.11e+01    -  2.69e-02 1.01e-02f  1
  48  1.2953887e+06 6.02e+00 3.95e+01  -6.0 2.25e+01    -  2.20e-06 8.11e-09h  2
  49  1.2922405e+06 5.82e+00 3.84e+01  -6.0 3.08e+01    -  2.35e-02 3.36e-02f  1
iter    objective    inf_pr   inf_du lg(mu)  ||d||  lg(rg) alpha_du alpha_pr  ls
  50  1.2922405e+06 5.82e+00 3.82e+01  -6.0 2.79e+01    -  7.27e-03 4.32e-07h  1
  51  1.2917815e+06 5.79e+00 3.76e+01  -6.0 2.86e+01    -  2.25e-02 5.08e-03f  1
  52  1.2887327e+06 5.59e+00 3.71e+01  -6.0 2.88e+01    -  1.59e-07 3.41e-02f  1
  53  1.2887327e+06 5.59e+00 3.69e+01  -6.0 2.32e+01    -  6.17e-03 2.30e-07h  1
  54  1.2887293e+06 5.59e+00 3.68e+01  -6.0 2.70e+01    -  4.82e-04 3.88e-05f  1
  55  1.2875805e+06 5.51e+00 3.67e+01  -6.0 2.75e+01    -  5.87e-07 1.34e-02f  1
  56  1.2875805e+06 5.51e+00 3.66e+01  -6.0 2.65e+01    -  7.49e-04 6.95e-09h  2
  57  1.2858285e+06 5.40e+00 3.63e+01  -6.0 2.74e+01    -  1.91e-07 2.08e-02f  1
  58  1.2858285e+06 5.40e+00 3.63e+01  -6.0 2.66e+01    -  3.02e-04 1.07e-08h  2
  59  1.2826743e+06 5.19e+00 3.31e+01  -6.0 2.68e+01    -  1.22e-01 3.84e-02f  1
iter    objective    inf_pr   inf_du lg(mu)  ||d||  lg(rg) alpha_du alpha_pr  ls
  60  1.2826743e+06 5.19e+00 3.31e+01  -6.0 2.44e+01    -  6.94e-07 3.87e-07h  1
  61  1.2825948e+06 5.19e+00 3.30e+01  -6.0 2.73e+01    -  2.15e-03 1.01e-03f  1
  62  1.2793789e+06 4.98e+00 3.15e+01  -6.0 2.54e+01    -  5.11e-02 4.08e-02f  1
  63  1.2793789e+06 4.98e+00 3.13e+01  -6.0 2.16e+01    -  6.82e-03 2.39e-07h  1
  64  1.2767252e+06 4.80e+00 3.08e+01  -6.0 2.37e+01    -  6.49e-07 3.52e-02f  1
  65  1.2761202e+06 4.76e+00 2.61e+01  -6.0 2.39e+01    -  2.59e-01 8.34e-03f  1
  66  1.2761202e+06 4.76e+00 2.60e+01  -6.0 1.80e+01    -  1.31e-05 5.52e-09h  2
  67  1.2746297e+06 4.66e+00 2.28e+01  -6.0 2.69e+01    -  2.11e-01 2.08e-02f  1
  68  1.2746272e+06 4.66e+00 2.28e+01  -6.0 2.32e+01    -  1.01e-07 3.56e-05f  1
  69  1.2637077e+06 3.93e+00 2.08e+01  -6.0 2.32e+01    -  2.18e-02 1.57e-01f  1
iter    objective    inf_pr   inf_du lg(mu)  ||d||  lg(rg) alpha_du alpha_pr  ls
  70  1.2622240e+06 3.83e+00 2.01e+01  -6.0 2.20e+01    -  3.86e-02 2.54e-02f  1
  71  1.2619560e+06 3.81e+00 1.87e+01  -6.0 1.54e+01    -  1.23e-01 4.74e-03f  1
  72  1.2582355e+06 3.56e+00 1.80e+01  -6.0 1.68e+01    -  9.24e-03 6.62e-02f  1
  73  1.2582355e+06 3.56e+00 1.79e+01  -6.0 1.18e+01    -  1.10e-02 7.47e-07h  1
  74  1.2581132e+06 3.55e+00 1.79e+01  -6.0 1.27e+01    -  8.66e-05 2.33e-03f  1
  75  1.2570323e+06 3.48e+00 1.77e+01  -6.0 8.70e+00    -  3.45e-03 2.06e-02f  1
  76  1.2568472e+06 3.47e+00 1.76e+01  -6.0 8.42e+00    -  6.68e-03 3.62e-03f  1
  77  1.2566674e+06 3.45e+00 1.73e+01  -6.0 6.11e+00    -  2.81e-02 3.52e-03f  1
  78  1.2560467e+06 3.41e+00 1.66e+01  -6.0 6.32e+00    -  6.40e-02 1.22e-02f  1
  79  1.2550187e+06 3.34e+00 1.64e+01  -6.0 1.11e+01    -  7.77e-03 2.05e-02f  1
iter    objective    inf_pr   inf_du lg(mu)  ||d||  lg(rg) alpha_du alpha_pr  ls
  80  1.2523750e+06 3.16e+00 1.58e+01  -6.0 1.61e+01    -  2.12e-02 5.40e-02f  1
  81  1.2523748e+06 3.16e+00 1.54e+01  -6.0 1.08e+01    -  3.25e-02 3.24e-06h  1
  82  1.2521945e+06 3.15e+00 1.54e+01  -6.0 1.56e+01    -  1.37e-04 3.87e-03f  1
  83  1.2518793e+06 3.13e+00 1.53e+01  -6.0 1.79e+01    -  4.90e-03 6.80e-03f  1
  84  1.2508093e+06 3.05e+00 1.52e+01  -6.0 2.01e+01    -  4.56e-03 2.33e-02f  1
  85  1.2506014e+06 3.04e+00 1.52e+01  -6.0 2.02e+01    -  9.08e-04 4.66e-03f  1
  86  1.2473430e+06 2.82e+00 1.19e+01  -6.0 1.41e+01    -  3.61e-01 7.33e-02f  1
  87  1.2430851e+06 2.52e+00 9.98e+00  -6.0 1.11e+01    -  2.28e-01 1.04e-01f  1
  88  1.2375435e+06 2.14e+00 9.02e+00  -6.0 6.80e+00    -  5.39e-06 1.52e-01f  1
  89  1.2367678e+06 2.09e+00 8.14e+00  -6.0 8.57e+00    -  1.73e-01 2.51e-02f  1
iter    objective    inf_pr   inf_du lg(mu)  ||d||  lg(rg) alpha_du alpha_pr  ls
  90  1.2361182e+06 2.04e+00 7.74e+00  -6.0 8.11e+00    -  8.26e-02 2.16e-02f  1
  91  1.2337233e+06 1.87e+00 6.49e+00  -6.0 8.08e+00    -  2.97e-01 8.17e-02f  1
  92  1.2329043e+06 1.82e+00 6.25e+00  -6.0 5.90e+00    -  5.25e-02 3.05e-02f  1
  93  1.2319077e+06 1.75e+00 6.07e+00  -6.0 3.95e+00    -  1.05e-02 3.82e-02f  1
  94  1.2314876e+06 1.72e+00 5.91e+00  -6.0 3.14e+00    -  4.59e-02 1.68e-02f  1
  95  1.2313988e+06 1.71e+00 5.87e+00  -6.0 4.58e+00    -  1.39e-02 3.60e-03f  1
  96  1.2312395e+06 1.70e+00 5.81e+00  -6.0 7.46e+00    -  1.29e-02 6.48e-03f  1
  97  1.2308960e+06 1.68e+00 5.74e+00  -6.0 7.18e+00    -  1.06e-02 1.41e-02f  1
  98  1.2295978e+06 1.59e+00 5.52e+00  -6.0 7.11e+00    -  1.51e-02 5.39e-02f  1
  99  1.2280991e+06 1.48e+00 4.96e+00  -6.0 6.72e+00    -  1.58e-01 6.58e-02f  1
iter    objective    inf_pr   inf_du lg(mu)  ||d||  lg(rg) alpha_du alpha_pr  ls
 100  1.2250195e+06 1.27e+00 4.14e+00  -6.0 6.28e+00    -  2.06e-01 1.45e-01f  1
 101  1.2245594e+06 1.24e+00 3.77e+00  -6.0 5.35e+00    -  2.21e-01 2.54e-02f  1
 102  1.2244610e+06 1.23e+00 3.07e+00  -6.0 6.12e+00    -  7.67e-01 5.61e-03f  1
 103  1.2242955e+06 1.22e+00 3.16e+00  -6.0 6.02e+00    -  6.60e-04 9.48e-03f  1
 104  1.2234155e+06 1.15e+00 2.93e+00  -6.0 5.72e+00    -  1.91e-01 5.11e-02f  1
 105  1.2219273e+06 1.05e+00 2.55e+00  -6.0 5.83e+00    -  1.00e+00 9.07e-02f  1
 106  1.2219273e+06 1.05e+00 2.55e+00  -6.0 4.61e+00    -  5.74e-05 2.33e-06h  1
 107  1.2212491e+06 1.00e+00 2.47e+00  -6.0 5.16e+00    -  2.27e-02 4.57e-02f  1
 108  1.2209027e+06 9.77e-01 2.39e+00  -6.0 5.26e+00    -  3.13e-02 2.46e-02f  1
 109  1.2200580e+06 9.17e-01 2.16e+00  -6.0 4.60e+00    -  1.85e-01 6.16e-02f  1
iter    objective    inf_pr   inf_du lg(mu)  ||d||  lg(rg) alpha_du alpha_pr  ls
 110  1.2178616e+06 7.61e-01 1.81e+00  -6.0 2.44e+00    -  7.48e-02 1.70e-01f  1
 111  1.2162502e+06 6.46e-01 1.59e+00  -6.0 4.21e+00    -  9.85e-01 1.51e-01f  1
 112  1.2156271e+06 6.02e-01 1.49e+00  -6.0 2.96e+00    -  4.58e-02 6.88e-02f  1
 113  1.2145987e+06 5.28e-01 1.27e+00  -6.0 2.87e+00    -  8.53e-01 1.22e-01f  1
 114  1.2134420e+06 4.46e-01 1.10e+00  -6.0 2.60e+00    -  6.60e-02 1.56e-01f  1
 115  1.2128521e+06 4.04e-01 9.51e-01  -6.0 2.40e+00    -  8.45e-01 9.47e-02f  1
 116  1.2128520e+06 4.04e-01 9.51e-01  -6.0 1.87e+00    -  2.29e-02 1.23e-05h  1
 117  1.2094879e+06 1.60e-01 3.79e-01  -6.0 1.99e+00    -  1.00e+00 6.04e-01f  1
 118  1.2094879e+06 1.60e-01 3.79e-01  -6.0 6.50e-01    -  4.73e-02 2.57e-06h  1
 119  1.2093695e+06 1.51e-01 3.58e-01  -6.0 7.59e-01    -  6.88e-01 5.40e-02f  1
iter    objective    inf_pr   inf_du lg(mu)  ||d||  lg(rg) alpha_du alpha_pr  ls
 120  1.2092233e+06 1.40e-01 3.33e-01  -6.0 7.33e-01    -  3.09e-01 7.09e-02f  1
 121  1.2092166e+06 1.40e-01 3.32e-01  -6.0 5.96e-01    -  2.62e-03 3.44e-03h  1
 122  1.2082667e+06 7.01e-02 1.66e-01  -6.0 6.74e-01    -  6.20e-01 4.99e-01f  1
 123  1.2082664e+06 7.01e-02 1.66e-01  -6.0 2.61e-01    -  4.12e-01 3.24e-04h  1
 124  1.2073887e+06 5.53e-03 3.78e-02  -6.0 3.35e-01    -  5.01e-01 9.21e-01f  1
 125  1.2073139e+06 1.00e-06 3.94e-05  -6.0 2.69e-02    -  1.00e+00 1.00e+00f  1
 126  1.2073139e+06 7.61e-11 2.55e-10  -6.0 7.58e-05    -  1.00e+00 1.00e+00h  1
 127  1.2073138e+06 5.82e-08 7.37e-04  -7.2 3.31e-03    -  1.00e+00 9.86e-01f  1
 128  1.2073138e+06 4.79e-11 8.30e-09  -7.2 1.03e-04    -  1.00e+00 1.00e+00f  1

Number of Iterations....: 128

                                   (scaled)                 (unscaled)
Objective...............:   9.2561464105099312e+03    1.2073137850542392e+06
Dual infeasibility......:   8.3002624628330818e-09    1.0826342677086675e-06
Constraint violation....:   1.3905161744265371e-11    4.7858605967121548e-11
Variable bound violation:   1.0344416168095449e-07    1.0344416168095449e-07
Complementarity.........:   6.9829626055266415e-08    9.1081392193602204e-06
Overall NLP error.......:   6.9829626055266415e-08    9.1081392193602204e-06


Number of objective function evaluations             = 133
Number of objective gradient evaluations             = 129
Number of equality constraint evaluations            = 133
Number of inequality constraint evaluations          = 134
Number of equality constraint Jacobian evaluations   = 129
Number of inequality constraint Jacobian evaluations = 129
Number of Lagrangian Hessian evaluations             = 128
Total seconds in IPOPT                               = 24.915

EXIT: Optimal Solution Found.

