Solver command line: ['/opt/homebrew/bin/ipopt', '/var/folders/6y/bvynbx6n3zv7z3lwg6vd724r0000gn/T/tmpkeoe72rh.pyomo.nl', '-AMPL', 'tol=1e-06', 'max_iter=300', 'print_level=5']

Ipopt 3.14.19: tol=1e-06
max_iter=300
print_level=5


******************************************************************************
This program contains Ipopt, a library for large-scale nonlinear optimization.
 Ipopt is released as open source code under the Eclipse Public License (EPL).
         For more information visit https://github.com/coin-or/Ipopt
******************************************************************************

This is Ipopt version 3.14.19, running with linear solver MUMPS 5.6.2.

Number of nonzeros in equality constraint Jacobian...:    86425
Number of nonzeros in inequality constraint Jacobian.:    72576
Number of nonzeros in Lagrangian Hessian.............:    48426

Total number of variables............................:    12204
                     variables with only lower bounds:        0
                variables with lower and upper bounds:    12204
                     variables with only upper bounds:        0
Total number of equality constraints.................:    11317
Total number of inequality constraints...............:    18144
        inequality constraints with only lower bounds:        0
   inequality constraints with lower and upper bounds:        0
        inequality constraints with only upper bounds:    18144

iter    objective    inf_pr   inf_du lg(mu)  ||d||  lg(rg) alpha_du alpha_pr  ls
   0  1.6241438e+06 1.14e+01 1.00e+02  -1.0 0.00e+00    -  0.00e+00 0.00e+00   0
   1  1.5196781e+06 1.11e+01 9.72e+01  -1.0 3.87e+01    -  2.78e-02 2.76e-02f  1
   2  1.4732846e+06 1.08e+01 8.83e+01  -1.0 3.00e+01    -  1.14e-01 2.79e-02f  1
   3  1.3923726e+06 9.64e+00 7.20e+01  -1.0 1.40e+01    -  2.21e-01 1.06e-01f  1
   4  1.3285504e+06 7.53e+00 5.73e+01  -1.0 1.02e+01    -  1.97e-01 2.17e-01f  1
   5  1.2790970e+06 4.95e+00 9.63e+01  -1.0 4.73e+00    -  4.14e-01 3.40e-01f  1
   6  1.2571048e+06 3.41e+00 9.14e+01  -1.0 3.20e+00    -  4.45e-01 3.10e-01f  1
   7  1.2404517e+06 2.14e+00 7.43e+01  -1.0 3.15e+00    -  3.31e-01 3.72e-01f  1
   8  1.2316026e+06 1.43e+00 5.47e+01  -1.0 1.71e+00    -  5.61e-01 3.29e-01f  1
   9  1.2195841e+06 4.58e-01 2.57e+01  -1.0 2.03e+00    -  9.25e-01 6.81e-01f  1
iter    objective    inf_pr   inf_du lg(mu)  ||d||  lg(rg) alpha_du alpha_pr  ls
  10  1.2153882e+06 1.00e-01 6.34e+00  -1.0 1.26e+00    -  1.00e+00 7.82e-01f  1
  11  1.2142138e+06 4.76e-04 1.70e-01  -1.0 3.52e-01    -  1.00e+00 1.00e+00f  1
  12  1.2114411e+06 7.15e-04 6.50e+00  -2.5 9.46e-01    -  5.70e-01 5.38e-01f  1
  13  1.2100536e+06 1.05e-03 9.06e+00  -2.5 1.23e+00    -  4.85e-01 5.28e-01f  1
  14  1.2087372e+06 4.84e-03 1.29e+01  -2.5 1.32e+00    -  6.31e-01 9.26e-01f  1
  15  1.2083814e+06 7.33e-03 2.94e+00  -2.5 7.00e-01    -  1.00e+00 8.29e-01f  1
  16  1.2080429e+06 1.40e-02 1.34e+00  -2.5 5.12e-01    -  8.62e-01 5.63e-01f  1
  17  1.2078617e+06 4.47e-03 9.39e-01  -2.5 7.47e-01    -  8.51e-01 1.00e+00h  1
  18  1.2078606e+06 7.86e-05 4.21e-03  -2.5 1.45e-01    -  1.00e+00 1.00e+00h  1
  19  1.2076538e+06 3.33e-03 9.00e-01  -3.8 1.26e+00    -  4.47e-01 3.23e-01f  1
iter    objective    inf_pr   inf_du lg(mu)  ||d||  lg(rg) alpha_du alpha_pr  ls
  20  1.2075848e+06 3.34e-03 3.99e+00  -3.8 1.93e+00    -  7.12e-01 1.37e-01f  1
  21  1.2075142e+06 3.03e-03 8.20e+00  -3.8 1.81e+00    -  4.84e-01 1.69e-01f  1
  22  1.2074510e+06 2.62e-03 4.35e+00  -3.8 2.30e+00    -  3.69e-01 2.29e-01f  1
  23  1.2074307e+06 2.54e-03 9.48e+00  -3.8 2.23e+00    -  1.00e+00 1.20e-01h  1
  24  1.2073587e+06 5.23e-03 5.86e+00  -3.8 2.18e+00    -  6.67e-01 5.28e-01f  1
  25  1.2073491e+06 4.05e-03 3.85e+00  -3.8 7.72e-01    -  1.00e+00 2.41e-01h  1
  26  1.2073280e+06 8.07e-04 7.43e-01  -3.8 3.53e-01    -  1.00e+00 8.26e-01h  1
  27  1.2073258e+06 2.33e-05 7.96e-03  -3.8 7.48e-02    -  1.00e+00 1.00e+00h  1
  28  1.2073260e+06 3.19e-06 4.95e-05  -3.8 2.30e-02    -  1.00e+00 1.00e+00h  1
  29  1.2073227e+06 1.62e-05 4.51e+00  -5.7 1.24e-01    -  8.19e-01 2.50e-01f  1
iter    objective    inf_pr   inf_du lg(mu)  ||d||  lg(rg) alpha_du alpha_pr  ls
  30  1.2073149e+06 1.81e-04 1.68e-01  -5.7 1.40e-01    -  7.78e-01 8.52e-01h  1
  31  1.2073140e+06 3.95e-05 2.89e-02  -5.7 5.26e-02    -  1.00e+00 9.21e-01h  1
  32  1.2073139e+06 3.20e-06 1.11e-02  -5.7 3.40e-02    -  1.00e+00 9.14e-01h  1
  33  1.2073139e+06 1.60e-06 1.10e-02  -5.7 1.35e-02    -  1.00e+00 5.00e-01f  2
  34  1.2073139e+06 1.12e-08 2.87e-07  -5.7 6.68e-03    -  1.00e+00 1.00e+00h  1
  35  1.2073138e+06 1.64e-07 1.16e-02  -7.2 6.12e-03    -  1.00e+00 8.88e-01h  1
  36  1.2073138e+06 3.95e-09 1.17e-06  -7.2 9.03e-04    -  1.00e+00 1.00e+00f  1
  37  1.2073138e+06 6.34e-12 5.45e-10  -7.2 1.98e-05    -  1.00e+00 1.00e+00h  1

Number of Iterations....: 37

                                   (scaled)                 (unscaled)
Objective...............:   9.2561464105099494e+03    1.2073137850542418e+06
Dual infeasibility......:   5.4520591934072552e-10    7.1113246584543249e-08
Constraint violation....:   6.4697448204310731e-14    6.3400095169538250e-12
Variable bound violation:   1.0344416168095449e-07    1.0344416168095449e-07
Complementarity.........:   6.9697537337304065e-08    9.0909103939966744e-06
Overall NLP error.......:   6.9697537337304065e-08    9.0909103939966744e-06


Number of objective function evaluations             = 39
Number of objective gradient evaluations             = 38
Number of equality constraint evaluations            = 39
Number of inequality constraint evaluations          = 39
Number of equality constraint Jacobian evaluations   = 38
Number of inequality constraint Jacobian evaluations = 38
Number of Lagrangian Hessian evaluations             = 37
Total seconds in IPOPT                               = 7.838

EXIT: Optimal Solution Found.

