Solver command line: ['/opt/homebrew/bin/ipopt', '/var/folders/6y/bvynbx6n3zv7z3lwg6vd724r0000gn/T/tmpethknqwa.pyomo.nl', '-AMPL', 'tol=1e-06', 'max_iter=300', 'print_level=5', 'warm_start_init_point=yes', 'warm_start_bound_push=1e-06', 'warm_start_bound_frac=1e-06', 'warm_start_mult_bound_push=1e-06', 'mu_init=1e-06', 'least_square_init_duals=no']

Ipopt 3.14.19: tol=1e-06
max_iter=300
print_level=5
warm_start_init_point=yes
warm_start_bound_push=1e-06
warm_start_bound_frac=1e-06
warm_start_mult_bound_push=1e-06
mu_init=1e-06
least_square_init_duals=no


******************************************************************************
This program contains Ipopt, a library for large-scale nonlinear optimization.
 Ipopt is released as open source code under the Eclipse Public License (EPL).
         For more information visit https://github.com/coin-or/Ipopt
******************************************************************************

This is Ipopt version 3.14.19, running with linear solver MUMPS 5.6.2.

Number of nonzeros in equality constraint Jacobian...:    86425
Number of nonzeros in inequality constraint Jacobian.:    72576
Number of nonzeros in Lagrangian Hessian.............:    48426

Total number of variables............................:    12204
                     variables with only lower bounds:        0
                variables with lower and upper bounds:    12204
                     variables with only upper bounds:        0
Total number of equality constraints.................:    11317
Total number of inequality constraints...............:    18144
        inequality constraints with only lower bounds:        0
   inequality constraints with lower and upper bounds:        0
        inequality constraints with only upper bounds:    18144

iter    objective    inf_pr   inf_du lg(mu)  ||d||  lg(rg) alpha_du alpha_pr  ls
   0  1.2073144e+06 3.08e+01 2.39e+01  -6.0 0.00e+00    -  0.00e+00 0.00e+00   0
   1  1.2069103e+06 2.97e+01 2.27e+01  -6.0 4.28e+00    -  1.70e-01 3.41e-02f  1
   2  1.2064550e+06 2.83e+01 2.17e+01  -6.0 1.67e+01    -  6.23e-02 4.28e-02f  1
   3  1.2064550e+06 2.83e+01 2.17e+01  -6.0 3.66e+01    -  1.52e-02 1.90e-06h  1
   4  1.2064550e+06 2.83e+01 2.16e+01  -6.0 7.43e+02    -  2.96e-05 4.26e-06h  1
   5  1.2062190e+06 2.76e+01 2.09e+01  -6.0 3.64e+01    -  1.49e-01 2.51e-02f  1
   6  1.2062033e+06 2.75e+01 2.08e+01  -6.0 4.63e+01    -  1.74e-02 1.84e-03h  1
   7  1.2061352e+06 2.73e+01 2.04e+01  -6.0 4.70e+01    -  1.78e-01 7.99e-03h  1
   8  1.2060690e+06 2.71e+01 2.02e+01  -6.0 4.98e+01    -  4.65e-02 7.98e-03h  1
   9  1.2058034e+06 2.62e+01 1.95e+01  -6.0 5.25e+01    -  9.74e-02 3.28e-02h  1
iter    objective    inf_pr   inf_du lg(mu)  ||d||  lg(rg) alpha_du alpha_pr  ls
  10  1.2056138e+06 2.55e+01 1.89e+01  -6.0 6.33e+01    -  1.38e-01 2.61e-02h  1
  11  1.2053761e+06 2.46e+01 1.82e+01  -6.0 7.10e+01    -  5.10e-02 3.57e-02h  1
  12  1.2053615e+06 2.45e+01 1.81e+01  -6.0 8.09e+01    -  2.76e-02 2.49e-03h  1
  13  1.2053493e+06 2.45e+01 1.81e+01  -6.0 8.15e+01    -  9.83e-03 2.09e-03h  1
  14  1.2053493e+06 2.45e+01 1.80e+01  -6.0 8.65e+01    -  6.12e-06 1.99e-06h  1
  15  1.2052547e+06 2.41e+01 1.77e+01  -6.0 8.24e+01    -  3.75e-02 1.64e-02f  1
  16  1.2050355e+06 2.31e+01 1.70e+01  -6.0 8.63e+01    -  1.71e-02 4.04e-02h  1
  17  1.2049343e+06 2.26e+01 1.67e+01  -6.0 9.54e+01    -  4.64e-02 2.17e-02h  1
  18  1.2047408e+06 2.16e+01 1.59e+01  -6.0 9.93e+01    -  1.87e-02 4.52e-02h  1
  19  1.2046576e+06 2.11e+01 1.55e+01  -6.0 1.07e+02    -  8.52e-02 2.35e-02h  1
iter    objective    inf_pr   inf_du lg(mu)  ||d||  lg(rg) alpha_du alpha_pr  ls
  20  1.2045545e+06 2.04e+01 1.50e+01  -6.0 1.10e+02    -  1.38e-01 3.24e-02h  1
  21  1.2044005e+06 1.93e+01 1.42e+01  -6.0 1.13e+02    -  1.91e-01 5.63e-02h  1
  22  1.2043179e+06 1.85e+01 1.36e+01  -6.0 1.19e+02    -  1.13e-01 4.09e-02h  1
  23  1.2042080e+06 1.72e+01 1.28e+01  -6.0 1.22e+02    -  4.73e-01 7.02e-02h  1
  24  1.2041387e+06 1.58e+01 1.18e+01  -6.0 1.26e+02    -  2.48e-01 7.93e-02h  1
  25  1.2041303e+06 1.52e+01 1.16e+01  -6.0 1.29e+02    -  8.04e-01 3.64e-02h  1
  26  1.2041310e+06 1.34e+01 1.03e+01  -6.0 1.29e+02    -  3.85e-01 1.22e-01h  1
  27  1.2042179e+06 1.17e+01 9.07e+00  -6.0 1.28e+02    -  4.91e-01 1.25e-01h  1
  28  1.2043072e+06 1.08e+01 8.64e+00  -6.0 1.24e+02    -  1.00e+00 7.68e-02h  1
  29  1.2045098e+06 9.18e+00 7.40e+00  -6.0 1.20e+02    -  1.00e+00 1.51e-01h  1
iter    objective    inf_pr   inf_du lg(mu)  ||d||  lg(rg) alpha_du alpha_pr  ls
  30  1.2047994e+06 7.50e+00 6.30e+00  -6.0 1.11e+02    -  4.65e-01 1.83e-01h  1
  31  1.2049681e+06 6.76e+00 6.44e+00  -6.0 9.78e+01    -  7.49e-01 9.93e-02h  1
  32  1.2051892e+06 5.86e+00 5.61e+00  -6.0 9.31e+01    -  1.62e-01 1.33e-01h  1
  33  1.2052669e+06 5.57e+00 5.34e+00  -6.0 8.35e+01    -  4.80e-02 4.82e-02h  1
  34  1.2053853e+06 5.16e+00 4.92e+00  -6.0 8.17e+01    -  5.48e-02 7.50e-02h  1
  35  1.2054409e+06 4.97e+00 4.82e+00  -6.0 7.67e+01    -  1.01e-01 3.64e-02h  1
  36  1.2057656e+06 3.89e+00 3.98e+00  -6.0 7.45e+01    -  3.81e-01 2.17e-01h  1
  37  1.2058775e+06 3.56e+00 3.71e+00  -6.0 6.14e+01    -  1.17e-01 8.50e-02h  1
  38  1.2059998e+06 3.21e+00 3.86e+00  -6.0 5.73e+01    -  6.04e-01 9.86e-02h  1
  39  1.2062658e+06 2.47e+00 2.95e+00  -6.0 5.22e+01    -  1.84e-01 2.30e-01h  1
iter    objective    inf_pr   inf_du lg(mu)  ||d||  lg(rg) alpha_du alpha_pr  ls
  40  1.2062883e+06 2.41e+00 3.50e+00  -6.0 4.17e+01    -  1.00e+00 2.37e-02h  1
  41  1.2063549e+06 2.24e+00 3.25e+00  -6.0 4.08e+01    -  2.75e-01 7.13e-02h  1
  42  1.2064543e+06 1.99e+00 2.89e+00  -6.0 3.82e+01    -  1.03e-01 1.13e-01h  1
  43  1.2066487e+06 1.50e+00 2.28e+00  -6.0 3.49e+01    -  1.00e+00 2.44e-01h  1
  44  1.2068757e+06 9.61e-01 1.45e+00  -6.0 2.71e+01    -  2.36e-01 3.61e-01h  1
  45  1.2070751e+06 5.09e-01 8.53e-01  -6.0 1.78e+01    -  1.00e+00 4.71e-01h  1
  46  1.2073097e+06 2.50e-04 1.82e-02  -6.0 9.68e+00    -  1.00e+00 1.00e+00h  1
  47  1.2073139e+06 6.94e-09 1.65e-07  -6.0 9.29e-02    -  1.00e+00 1.00e+00h  1
  48  1.2073138e+06 5.82e-08 7.33e-04  -7.2 6.40e-03    -  1.00e+00 9.86e-01h  1
  49  1.2073138e+06 4.76e-11 8.26e-09  -7.2 1.57e-04    -  1.00e+00 1.00e+00f  1

Number of Iterations....: 49

                                   (scaled)                 (unscaled)
Objective...............:   9.2561464105098985e+03    1.2073137850542350e+06
Dual infeasibility......:   8.2575425035491491e-09    1.0770621436893364e-06
Constraint violation....:   1.3835406778572867e-11    4.7649884038492019e-11
Variable bound violation:   1.0344416168095449e-07    1.0344416168095449e-07
Complementarity.........:   6.9829437593888515e-08    9.1081146376380425e-06
Overall NLP error.......:   6.9829437593888515e-08    9.1081146376380425e-06


Number of objective function evaluations             = 50
Number of objective gradient evaluations             = 50
Number of equality constraint evaluations            = 50
Number of inequality constraint evaluations          = 51
Number of equality constraint Jacobian evaluations   = 50
Number of inequality constraint Jacobian evaluations = 50
Number of Lagrangian Hessian evaluations             = 49
Total seconds in IPOPT                               = 11.671

EXIT: Optimal Solution Found.

