Solver command line: ['/opt/homebrew/bin/ipopt', '/var/folders/6y/bvynbx6n3zv7z3lwg6vd724r0000gn/T/tmpc1qy3mnv.pyomo.nl', '-AMPL', 'tol=1e-06', 'max_iter=300', 'print_level=5', 'warm_start_init_point=yes', 'warm_start_bound_push=1e-06', 'warm_start_bound_frac=1e-06', 'warm_start_mult_bound_push=1e-06', 'mu_init=1e-06', 'least_square_init_duals=no']

Ipopt 3.14.19: tol=1e-06
max_iter=300
print_level=5
warm_start_init_point=yes
warm_start_bound_push=1e-06
warm_start_bound_frac=1e-06
warm_start_mult_bound_push=1e-06
mu_init=1e-06
least_square_init_duals=no


******************************************************************************
This program contains Ipopt, a library for large-scale nonlinear optimization.
 Ipopt is released as open source code under the Eclipse Public License (EPL).
         For more information visit https://github.com/coin-or/Ipopt
******************************************************************************

This is Ipopt version 3.14.19, running with linear solver MUMPS 5.6.2.

Number of nonzeros in equality constraint Jacobian...:    86425
Number of nonzeros in inequality constraint Jacobian.:    72576
Number of nonzeros in Lagrangian Hessian.............:    48426

Total number of variables............................:    12204
                     variables with only lower bounds:        0
                variables with lower and upper bounds:    12204
                     variables with only upper bounds:        0
Total number of equality constraints.................:    11317
Total number of inequality constraints...............:    18144
        inequality constraints with only lower bounds:        0
   inequality constraints with lower and upper bounds:        0
        inequality constraints with only upper bounds:    18144

iter    objective    inf_pr   inf_du lg(mu)  ||d||  lg(rg) alpha_du alpha_pr  ls
   0  1.6241438e+06 9.51e+00 7.92e+01  -6.0 0.00e+00    -  0.00e+00 0.00e+00   0
   1  1.6205716e+06 9.51e+00 7.92e+01  -6.0 4.08e+03    -  9.34e-06 9.78e-06f  1
   2  1.6131445e+06 9.51e+00 7.92e+01  -6.0 4.08e+03    -  2.89e-05 2.03e-05f  1
   3  1.5900514e+06 9.51e+00 7.92e+01  -6.0 4.07e+03    -  2.58e-05 6.42e-05f  1
   4  1.5536761e+06 9.51e+00 7.91e+01  -6.0 4.00e+03    -  4.26e-05 1.11e-04f  1
   5  1.5076921e+06 9.50e+00 7.91e+01  -6.0 3.76e+03    -  2.40e-05 1.86e-04f  1
   6  1.4823215e+06 9.50e+00 7.91e+01  -6.0 3.20e+03    -  5.75e-05 1.78e-04f  1
   7  1.4615988e+06 9.50e+00 7.91e+01  -6.0 2.49e+03    -  8.99e-05 2.10e-04f  1
   8  1.4428257e+06 9.50e+00 7.91e+01  -6.0 1.68e+03    -  1.34e-04 2.64e-04f  1
   9  1.4301565e+06 9.50e+00 7.91e+01  -6.0 1.15e+03    -  6.32e-05 2.56e-04f  1
iter    objective    inf_pr   inf_du lg(mu)  ||d||  lg(rg) alpha_du alpha_pr  ls
  10  1.4189366e+06 9.49e+00 7.91e+01  -6.0 1.01e+03    -  1.61e-04 2.92e-04f  1
  11  1.4097586e+06 9.49e+00 7.90e+01  -6.0 8.26e+02    -  3.16e-04 3.36e-04f  1
  12  1.3998756e+06 9.49e+00 7.90e+01  -6.0 5.96e+02    -  4.46e-04 5.44e-04f  1
  13  1.3885307e+06 9.48e+00 7.90e+01  -6.0 3.48e+02    -  3.42e-04 9.97e-04f  1
  14  1.3808358e+06 9.46e+00 7.90e+01  -6.0 2.42e+02    -  1.53e-04 1.16e-03f  1
  15  1.3791796e+06 9.46e+00 7.89e+01  -6.0 2.23e+02    -  7.97e-04 3.88e-04f  1
  16  1.3751998e+06 9.45e+00 7.89e+01  -6.0 2.00e+02    -  1.33e-04 1.19e-03f  1
  17  1.3745108e+06 9.45e+00 7.88e+01  -6.0 1.70e+02    -  1.48e-03 2.63e-04f  1
  18  1.3689394e+06 9.42e+00 7.87e+01  -6.0 1.38e+02    -  2.46e-04 2.61e-03f  1
  19  1.3683733e+06 9.42e+00 7.86e+01  -6.0 1.38e+02    -  2.22e-03 3.77e-04f  1
iter    objective    inf_pr   inf_du lg(mu)  ||d||  lg(rg) alpha_du alpha_pr  ls
  20  1.3634869e+06 9.38e+00 7.85e+01  -6.0 1.35e+02    -  9.97e-04 3.88e-03f  1
  21  1.3611152e+06 9.36e+00 7.84e+01  -6.0 1.20e+02    -  6.16e-04 2.65e-03f  1
  22  1.3589930e+06 9.33e+00 7.80e+01  -6.0 1.06e+02    -  5.47e-03 2.79e-03f  1
  23  1.3562206e+06 9.29e+00 7.77e+01  -6.0 1.29e+02    -  3.89e-03 4.81e-03f  1
  24  1.3558828e+06 9.28e+00 7.70e+01  -6.0 1.33e+02    -  9.19e-03 7.57e-04f  1
  25  1.3530851e+06 9.22e+00 7.61e+01  -6.0 1.30e+02    -  1.27e-02 6.86e-03f  1
  26  1.3505169e+06 9.14e+00 7.52e+01  -6.0 8.02e+01    -  1.22e-02 8.18e-03f  1
  27  1.3485474e+06 9.07e+00 7.44e+01  -6.0 5.60e+01    -  9.97e-03 7.79e-03f  1
  28  1.3470599e+06 9.01e+00 7.40e+01  -6.0 3.94e+01    -  6.27e-03 6.81e-03f  1
  29  1.3460752e+06 8.96e+00 7.28e+01  -6.0 2.38e+01    -  1.65e-02 5.11e-03f  1
iter    objective    inf_pr   inf_du lg(mu)  ||d||  lg(rg) alpha_du alpha_pr  ls
  30  1.3419052e+06 8.76e+00 7.23e+01  -6.0 2.33e+01    -  6.34e-03 2.25e-02f  1
  31  1.3407266e+06 8.71e+00 7.18e+01  -6.0 4.57e+01    -  5.90e-03 6.32e-03f  1
  32  1.3391757e+06 8.63e+00 7.14e+01  -6.0 5.33e+01    -  6.01e-03 8.37e-03f  1
  33  1.3388079e+06 8.61e+00 7.06e+01  -6.0 5.22e+01    -  1.13e-02 2.08e-03f  1
  34  1.3365129e+06 8.50e+00 6.90e+01  -6.0 4.80e+01    -  2.39e-02 1.33e-02f  1
  35  1.3340027e+06 8.36e+00 6.60e+01  -6.0 3.31e+01    -  4.51e-02 1.59e-02f  1
  36  1.3332772e+06 8.32e+00 6.52e+01  -6.0 2.12e+01    -  1.19e-02 5.01e-03f  1
  37  1.3295857e+06 8.11e+00 6.33e+01  -6.0 2.97e+01    -  2.85e-02 2.57e-02f  1
  38  1.3290741e+06 8.08e+00 6.15e+01  -6.0 2.65e+01    -  3.07e-02 3.73e-03f  1
  39  1.3241535e+06 7.79e+00 6.10e+01  -6.0 2.43e+01    -  6.80e-03 3.62e-02f  1
iter    objective    inf_pr   inf_du lg(mu)  ||d||  lg(rg) alpha_du alpha_pr  ls
  40  1.3225099e+06 7.69e+00 6.04e+01  -6.0 1.63e+01    -  9.21e-03 1.28e-02f  1
  41  1.3198143e+06 7.52e+00 5.94e+01  -6.0 1.26e+01    -  1.66e-02 2.17e-02f  1
  42  1.3173492e+06 7.37e+00 5.88e+01  -6.0 2.75e+01    -  9.15e-03 2.03e-02f  1
  43  1.3169814e+06 7.34e+00 5.76e+01  -6.0 3.02e+01    -  2.23e-02 3.08e-03f  1
  44  1.3142627e+06 7.18e+00 5.63e+01  -6.0 2.21e+01    -  2.27e-02 2.29e-02f  1
  45  1.3122763e+06 7.05e+00 5.55e+01  -6.0 2.68e+01    -  1.34e-02 1.71e-02f  1
  46  1.3065204e+06 6.70e+00 5.44e+01  -6.0 1.96e+01    -  1.92e-02 5.02e-02f  1
  47  1.3057123e+06 6.65e+00 5.34e+01  -6.0 1.71e+01    -  1.78e-02 7.52e-03f  1
  48  1.3039368e+06 6.54e+00 5.03e+01  -6.0 1.61e+01    -  6.09e-02 1.67e-02f  1
  49  1.3016166e+06 6.39e+00 4.79e+01  -6.0 1.06e+01    -  4.73e-02 2.22e-02f  1
iter    objective    inf_pr   inf_du lg(mu)  ||d||  lg(rg) alpha_du alpha_pr  ls
  50  1.3002701e+06 6.31e+00 4.75e+01  -6.0 1.60e+01    -  9.23e-03 1.32e-02f  1
  51  1.2970754e+06 6.11e+00 4.68e+01  -6.0 2.92e+01    -  1.36e-02 3.17e-02f  1
  52  1.2969172e+06 6.10e+00 4.60e+01  -6.0 1.21e+01    -  1.63e-02 1.65e-03f  1
  53  1.2953207e+06 6.00e+00 4.59e+01  -6.0 1.16e+01    -  2.87e-03 1.67e-02f  1
  54  1.2937763e+06 5.90e+00 4.55e+01  -6.0 1.18e+01    -  9.90e-03 1.66e-02f  1
  55  1.2925539e+06 5.82e+00 4.32e+01  -6.0 2.14e+01    -  5.00e-02 1.33e-02f  1
  56  1.2913923e+06 5.74e+00 4.23e+01  -6.0 2.03e+01    -  2.20e-02 1.29e-02f  1
  57  1.2881226e+06 5.53e+00 4.06e+01  -6.0 2.02e+01    -  4.05e-02 3.65e-02f  1
  58  1.2870790e+06 5.47e+00 3.92e+01  -6.0 2.25e+01    -  3.46e-02 1.22e-02f  1
  59  1.2860765e+06 5.40e+00 3.92e+01  -6.0 1.79e+01    -  1.06e-03 1.22e-02f  1
iter    objective    inf_pr   inf_du lg(mu)  ||d||  lg(rg) alpha_du alpha_pr  ls
  60  1.2852962e+06 5.35e+00 3.81e+01  -6.0 1.79e+01    -  2.59e-02 9.61e-03f  1
  61  1.2844553e+06 5.29e+00 3.78e+01  -6.0 1.68e+01    -  8.53e-03 1.05e-02f  1
  62  1.2820013e+06 5.13e+00 3.74e+01  -6.0 1.75e+01    -  9.88e-03 3.05e-02f  1
  63  1.2816706e+06 5.11e+00 3.70e+01  -6.0 1.20e+01    -  1.21e-02 4.27e-03f  1
  64  1.2775390e+06 4.84e+00 3.56e+01  -6.0 1.64e+01    -  3.81e-02 5.32e-02f  1
  65  1.2762703e+06 4.75e+00 2.83e+01  -6.0 1.85e+01    -  2.08e-01 1.72e-02f  1
  66  1.2737285e+06 4.59e+00 2.77e+01  -6.0 1.90e+01    -  1.94e-02 3.53e-02f  1
  67  1.2720487e+06 4.47e+00 2.74e+01  -6.0 1.95e+01    -  1.31e-02 2.45e-02f  1
  68  1.2664577e+06 4.10e+00 2.73e+01  -6.0 1.18e+01    -  4.77e-03 8.31e-02f  1
  69  1.2663276e+06 4.09e+00 2.59e+01  -6.0 1.83e+01    -  4.95e-02 2.14e-03f  1
iter    objective    inf_pr   inf_du lg(mu)  ||d||  lg(rg) alpha_du alpha_pr  ls
  70  1.2646039e+06 3.98e+00 2.42e+01  -6.0 1.69e+01    -  6.26e-02 2.84e-02f  1
  71  1.2628120e+06 3.86e+00 2.42e+01  -6.0 1.84e+01    -  5.67e-04 3.02e-02f  1
  72  1.2627715e+06 3.85e+00 2.35e+01  -6.0 1.57e+01    -  2.63e-02 7.09e-04f  1
  73  1.2623901e+06 3.83e+00 2.34e+01  -6.0 1.31e+01    -  6.47e-03 6.68e-03f  1
  74  1.2567587e+06 3.45e+00 2.31e+01  -6.0 1.29e+01    -  1.62e-02 9.94e-02f  1
  75  1.2558719e+06 3.39e+00 2.28e+01  -6.0 1.07e+01    -  1.36e-02 1.75e-02f  1
  76  1.2555694e+06 3.37e+00 2.25e+01  -6.0 6.64e+00    -  1.09e-02 6.05e-03f  1
  77  1.2550730e+06 3.33e+00 2.10e+01  -6.0 5.27e+00    -  6.43e-02 1.00e-02f  1
  78  1.2546531e+06 3.30e+00 2.08e+01  -6.0 9.18e+00    -  9.75e-03 8.54e-03f  1
  79  1.2528104e+06 3.18e+00 2.06e+01  -6.0 8.67e+00    -  1.11e-02 3.79e-02f  1
iter    objective    inf_pr   inf_du lg(mu)  ||d||  lg(rg) alpha_du alpha_pr  ls
  80  1.2520293e+06 3.13e+00 2.05e+01  -6.0 7.42e+00    -  5.14e-03 1.67e-02f  1
  81  1.2495188e+06 2.96e+00 1.36e+01  -6.0 1.52e+01    -  3.39e-01 5.46e-02f  1
  82  1.2465467e+06 2.75e+00 1.35e+01  -6.0 1.37e+01    -  8.90e-03 6.86e-02f  1
  83  1.2462634e+06 2.73e+00 1.05e+01  -6.0 1.22e+01    -  2.26e-01 7.03e-03f  1
  84  1.2410190e+06 2.37e+00 9.20e+00  -6.0 1.10e+01    -  1.21e-01 1.32e-01f  1
  85  1.2387897e+06 2.22e+00 7.66e+00  -6.0 7.09e+00    -  1.70e-01 6.48e-02f  1
  86  1.2361551e+06 2.04e+00 7.18e+00  -6.0 7.00e+00    -  6.18e-02 8.20e-02f  1
  87  1.2343041e+06 1.91e+00 6.28e+00  -6.0 9.90e+00    -  1.20e-01 6.29e-02f  1
  88  1.2305157e+06 1.65e+00 6.27e+00  -6.0 7.94e+00    -  1.22e-02 1.38e-01f  1
  89  1.2281776e+06 1.48e+00 5.91e+00  -6.0 6.53e+00    -  5.80e-02 9.87e-02f  1
iter    objective    inf_pr   inf_du lg(mu)  ||d||  lg(rg) alpha_du alpha_pr  ls
  90  1.2272700e+06 1.42e+00 5.52e+00  -6.0 4.89e+00    -  6.59e-02 4.26e-02f  1
  91  1.2260155e+06 1.33e+00 2.97e+00  -6.0 4.70e+00    -  4.74e-01 6.15e-02f  1
  92  1.2246417e+06 1.24e+00 2.16e+00  -6.0 5.56e+00    -  2.49e-01 7.19e-02f  1
  93  1.2230878e+06 1.13e+00 1.41e+00  -6.0 5.88e+00    -  4.60e-01 8.81e-02f  1
  94  1.2227411e+06 1.10e+00 1.40e+00  -6.0 5.64e+00    -  5.99e-02 2.16e-02f  1
  95  1.2219168e+06 1.05e+00 1.45e+00  -6.0 5.55e+00    -  2.41e-01 5.26e-02f  1
  96  1.2214026e+06 1.01e+00 1.39e+00  -6.0 5.25e+00    -  2.04e-02 3.47e-02f  1
  97  1.2210855e+06 9.87e-01 1.37e+00  -6.0 5.25e+00    -  3.58e-02 2.22e-02f  1
  98  1.2208409e+06 9.70e-01 1.34e+00  -6.0 5.13e+00    -  7.10e-03 1.76e-02f  1
  99  1.2179770e+06 7.67e-01 8.78e-01  -6.0 4.78e+00    -  1.54e-02 2.09e-01f  1
iter    objective    inf_pr   inf_du lg(mu)  ||d||  lg(rg) alpha_du alpha_pr  ls
 100  1.2165528e+06 6.66e-01 8.21e-01  -6.0 4.70e+00    -  2.46e-01 1.32e-01f  1
 101  1.2152129e+06 5.70e-01 7.81e-01  -6.0 3.21e+00    -  3.77e-01 1.43e-01f  1
 102  1.2142226e+06 5.00e-01 7.17e-01  -6.0 1.60e+00    -  2.24e-01 1.23e-01f  1
 103  1.2137008e+06 4.63e-01 6.62e-01  -6.0 2.37e+00    -  6.84e-02 7.43e-02f  1
 104  1.2135799e+06 4.54e-01 6.75e-01  -6.0 2.28e+00    -  6.00e-02 1.86e-02f  1
 105  1.2128198e+06 4.00e-01 9.67e-01  -6.0 1.90e+00    -  7.33e-01 1.19e-01f  1
 106  1.2128195e+06 4.00e-01 8.38e-01  -6.0 1.95e+00    -  3.00e-02 5.01e-05h  1
 107  1.2094613e+06 1.57e-01 6.10e-01  -6.0 1.98e+00    -  1.00e+00 6.07e-01f  1
 108  1.2094613e+06 1.57e-01 5.81e-01  -6.0 6.18e-01    -  3.01e-02 1.94e-06h  1
 109  1.2093456e+06 1.49e-01 8.23e-01  -6.0 7.67e-01    -  6.47e-01 5.34e-02f  1
iter    objective    inf_pr   inf_du lg(mu)  ||d||  lg(rg) alpha_du alpha_pr  ls
 110  1.2092013e+06 1.38e-01 7.79e-01  -6.0 7.34e-01    -  1.09e-01 7.08e-02f  1
 111  1.2092012e+06 1.38e-01 7.51e-01  -6.0 5.91e-01    -  2.05e-03 3.77e-05h  1
 112  1.2087183e+06 1.03e-01 8.17e-01  -6.0 6.72e-01    -  9.89e-01 2.56e-01f  1
 113  1.2080201e+06 5.18e-02 4.08e-01  -6.0 5.00e-01    -  2.57e-01 4.97e-01f  1
 114  1.2075364e+06 1.63e-02 1.74e-01  -6.0 2.56e-01    -  1.00e+00 6.85e-01f  1
 115  1.2073138e+06 8.78e-06 1.81e-04  -6.0 8.35e-02    -  1.00e+00 1.00e+00f  1
 116  1.2073139e+06 1.58e-09 3.20e-08  -6.0 8.58e-03    -  1.00e+00 1.00e+00h  1
 117  1.2073138e+06 5.82e-08 7.40e-04  -7.2 3.31e-03    -  1.00e+00 9.86e-01h  1
 118  1.2073138e+06 4.81e-11 8.38e-09  -7.2 1.62e-03    -  1.00e+00 1.00e+00f  1

Number of Iterations....: 118

                                   (scaled)                 (unscaled)
Objective...............:   9.2561464105098403e+03    1.2073137850542276e+06
Dual infeasibility......:   8.3771893038154122e-09    1.0926681232074513e-06
Constraint violation....:   1.3969369064281700e-11    4.8080428527441654e-11
Variable bound violation:   1.0344416168095449e-07    1.0344416168095449e-07
Complementarity.........:   7.0631080428450114e-08    9.2126759098924708e-06
Overall NLP error.......:   7.0631080428450114e-08    9.2126759098924708e-06


Number of objective function evaluations             = 119
Number of objective gradient evaluations             = 119
Number of equality constraint evaluations            = 119
Number of inequality constraint evaluations          = 120
Number of equality constraint Jacobian evaluations   = 119
Number of inequality constraint Jacobian evaluations = 119
Number of Lagrangian Hessian evaluations             = 118
Total seconds in IPOPT                               = 25.442

EXIT: Optimal Solution Found.

