Solver command line: ['/opt/homebrew/bin/ipopt', '/var/folders/6y/bvynbx6n3zv7z3lwg6vd724r0000gn/T/tmptb9u_a77.pyomo.nl', '-AMPL', 'tol=1e-06', 'max_iter=300', 'print_level=5', 'warm_start_init_point=yes', 'warm_start_bound_push=1e-06', 'warm_start_bound_frac=1e-06', 'warm_start_mult_bound_push=1e-06', 'mu_init=1e-06', 'least_square_init_duals=no']

Ipopt 3.14.19: tol=1e-06
max_iter=300
print_level=5
warm_start_init_point=yes
warm_start_bound_push=1e-06
warm_start_bound_frac=1e-06
warm_start_mult_bound_push=1e-06
mu_init=1e-06
least_square_init_duals=no


******************************************************************************
This program contains Ipopt, a library for large-scale nonlinear optimization.
 Ipopt is released as open source code under the Eclipse Public License (EPL).
         For more information visit https://github.com/coin-or/Ipopt
******************************************************************************

This is Ipopt version 3.14.19, running with linear solver MUMPS 5.6.2.

Number of nonzeros in equality constraint Jacobian...:    86425
Number of nonzeros in inequality constraint Jacobian.:    72576
Number of nonzeros in Lagrangian Hessian.............:    48426

Total number of variables............................:    12204
                     variables with only lower bounds:        0
                variables with lower and upper bounds:    12204
                     variables with only upper bounds:        0
Total number of equality constraints.................:    11317
Total number of inequality constraints...............:    18144
        inequality constraints with only lower bounds:        0
   inequality constraints with lower and upper bounds:        0
        inequality constraints with only upper bounds:    18144

iter    objective    inf_pr   inf_du lg(mu)  ||d||  lg(rg) alpha_du alpha_pr  ls
   0  1.6241438e+06 7.71e+00 7.92e+01  -6.0 0.00e+00    -  0.00e+00 0.00e+00   0
   1  1.5397864e+06 7.71e+00 7.91e+01  -6.0 4.07e+03    -  2.33e-04 2.33e-04f  1
   2  1.5002490e+06 7.71e+00 7.91e+01  -6.0 3.61e+03    -  9.14e-04 2.05e-04f  1
   3  1.4534781e+06 7.71e+00 7.90e+01  -6.0 1.72e+03    -  1.67e-03 6.08e-04f  1
   4  1.4328883e+06 7.70e+00 7.89e+01  -6.0 6.89e+02    -  1.36e-03 7.70e-04f  1
   5  1.4133133e+06 7.69e+00 7.88e+01  -6.0 3.77e+02    -  1.79e-03 1.35e-03f  1
   6  1.4018689e+06 7.68e+00 7.86e+01  -6.0 2.03e+02    -  2.52e-03 1.46e-03f  1
   7  1.3875237e+06 7.66e+00 7.83e+01  -6.0 1.50e+02    -  4.51e-03 3.00e-03f  1
   8  1.3787479e+06 7.63e+00 7.77e+01  -6.0 1.15e+02    -  7.08e-03 3.51e-03f  1
   9  1.3767211e+06 7.62e+00 7.71e+01  -6.0 1.36e+02    -  9.07e-03 1.38e-03f  1
iter    objective    inf_pr   inf_du lg(mu)  ||d||  lg(rg) alpha_du alpha_pr  ls
  10  1.3710525e+06 7.58e+00 7.68e+01  -6.0 1.51e+02    -  2.74e-03 4.90e-03f  1
  11  1.3688243e+06 7.56e+00 7.62e+01  -6.0 2.01e+02    -  9.07e-03 2.48e-03f  1
  12  1.3629217e+06 7.50e+00 7.56e+01  -6.0 2.20e+02    -  6.96e-03 8.17e-03f  1
  13  1.3587355e+06 7.44e+00 7.41e+01  -6.0 2.69e+02    -  2.11e-02 7.49e-03f  1
  14  1.3568276e+06 7.41e+00 7.39e+01  -6.0 2.30e+02    -  3.55e-03 4.75e-03f  1
  15  1.3556267e+06 7.38e+00 7.28e+01  -6.0 2.08e+02    -  1.52e-02 3.28e-03f  1
  16  1.3519960e+06 7.30e+00 7.06e+01  -6.0 1.67e+02    -  3.08e-02 1.16e-02f  1
  17  1.3485709e+06 7.19e+00 6.90e+01  -6.0 2.61e+01    -  2.40e-02 1.43e-02f  1
  18  1.3452342e+06 7.08e+00 6.75e+01  -6.0 2.32e+01    -  2.19e-02 1.53e-02f  1
  19  1.3435683e+06 7.03e+00 6.70e+01  -6.0 1.22e+02    -  6.76e-03 7.89e-03f  1
iter    objective    inf_pr   inf_du lg(mu)  ||d||  lg(rg) alpha_du alpha_pr  ls
  20  1.3413502e+06 6.95e+00 6.60e+01  -6.0 1.46e+02    -  1.50e-02 1.07e-02f  1
  21  1.3395495e+06 6.89e+00 6.47e+01  -6.0 1.41e+02    -  1.99e-02 9.04e-03f  1
  22  1.3380034e+06 6.83e+00 6.26e+01  -6.0 8.65e+01    -  3.49e-02 8.41e-03f  1
  23  1.3354194e+06 6.73e+00 5.91e+01  -6.0 4.54e+01    -  5.79e-02 1.51e-02f  1
  24  1.3302156e+06 6.50e+00 5.77e+01  -6.0 2.21e+01    -  2.39e-02 3.32e-02f  1
  25  1.3247476e+06 6.27e+00 5.25e+01  -6.0 3.19e+01    -  9.16e-02 3.67e-02f  1
  26  1.3238373e+06 6.22e+00 5.24e+01  -6.0 2.16e+01    -  2.43e-03 6.69e-03f  1
  27  1.3215196e+06 6.12e+00 5.16e+01  -6.0 2.16e+01    -  1.55e-02 1.73e-02f  1
  28  1.3207533e+06 6.08e+00 4.94e+01  -6.0 2.59e+01    -  4.50e-02 5.75e-03f  1
  29  1.3172678e+06 5.92e+00 4.86e+01  -6.0 2.08e+01    -  1.48e-02 2.70e-02f  1
iter    objective    inf_pr   inf_du lg(mu)  ||d||  lg(rg) alpha_du alpha_pr  ls
  30  1.3145215e+06 5.79e+00 4.57e+01  -6.0 3.23e+01    -  6.13e-02 2.19e-02f  1
  31  1.3138957e+06 5.76e+00 4.36e+01  -6.0 3.60e+01    -  4.70e-02 5.15e-03f  1
  32  1.3075742e+06 5.45e+00 4.29e+01  -6.0 1.99e+01    -  1.43e-02 5.23e-02f  1
  33  1.3065279e+06 5.40e+00 4.25e+01  -6.0 1.76e+01    -  9.76e-03 9.22e-03f  1
  34  1.3061326e+06 5.39e+00 4.06e+01  -6.0 2.51e+01    -  4.66e-02 3.55e-03f  1
  35  1.3026428e+06 5.22e+00 3.98e+01  -6.0 2.02e+01    -  2.01e-02 3.15e-02f  1
  36  1.3011857e+06 5.14e+00 3.86e+01  -6.0 2.34e+01    -  2.97e-02 1.36e-02f  1
  37  1.3003785e+06 5.11e+00 3.79e+01  -6.0 2.63e+01    -  1.85e-02 7.67e-03f  1
  38  1.2991578e+06 5.04e+00 3.76e+01  -6.0 1.89e+01    -  9.02e-03 1.20e-02f  1
  39  1.2989341e+06 5.03e+00 3.71e+01  -6.0 1.60e+01    -  1.21e-02 2.21e-03f  1
iter    objective    inf_pr   inf_du lg(mu)  ||d||  lg(rg) alpha_du alpha_pr  ls
  40  1.2956746e+06 4.87e+00 3.39e+01  -6.0 2.91e+01    -  8.96e-02 3.18e-02f  1
  41  1.2952924e+06 4.85e+00 3.36e+01  -6.0 1.40e+01    -  7.73e-03 3.96e-03f  1
  42  1.2947275e+06 4.82e+00 3.27e+01  -6.0 2.09e+01    -  2.70e-02 5.86e-03f  1
  43  1.2914055e+06 4.66e+00 3.23e+01  -6.0 2.09e+01    -  1.36e-02 3.49e-02f  1
  44  1.2911571e+06 4.64e+00 3.09e+01  -6.0 1.29e+01    -  4.08e-02 2.74e-03f  1
  45  1.2884370e+06 4.50e+00 3.06e+01  -6.0 1.27e+01    -  1.07e-02 3.02e-02f  1
  46  1.2868380e+06 4.42e+00 2.91e+01  -6.0 1.55e+01    -  4.83e-02 1.83e-02f  1
  47  1.2828112e+06 4.21e+00 2.88e+01  -6.0 2.09e+01    -  8.56e-03 4.64e-02f  1
  48  1.2826130e+06 4.20e+00 2.84e+01  -6.0 1.58e+01    -  1.60e-02 2.44e-03f  1
  49  1.2811712e+06 4.13e+00 2.70e+01  -6.0 1.55e+01    -  4.85e-02 1.78e-02f  1
iter    objective    inf_pr   inf_du lg(mu)  ||d||  lg(rg) alpha_du alpha_pr  ls
  50  1.2803921e+06 4.09e+00 2.66e+01  -6.0 1.53e+01    -  1.66e-02 9.86e-03f  1
  51  1.2766866e+06 3.90e+00 2.59e+01  -6.0 1.79e+01    -  2.49e-02 4.72e-02f  1
  52  1.2764298e+06 3.88e+00 2.52e+01  -6.0 1.45e+01    -  2.57e-02 3.48e-03f  1
  53  1.2733336e+06 3.72e+00 1.58e+01  -6.0 2.22e+01    -  3.80e-01 4.17e-02f  1
  54  1.2732538e+06 3.72e+00 1.54e+01  -6.0 1.65e+01    -  2.40e-02 1.15e-03f  1
  55  1.2657304e+06 3.31e+00 1.53e+01  -6.0 1.14e+01    -  7.21e-03 1.08e-01f  1
  56  1.2656943e+06 3.31e+00 1.40e+01  -6.0 1.58e+01    -  8.55e-02 5.90e-04f  1
  57  1.2612681e+06 3.07e+00 1.39e+01  -6.0 1.33e+01    -  1.00e-02 7.23e-02f  1
  58  1.2601483e+06 3.01e+00 1.25e+01  -6.0 1.85e+01    -  1.01e-01 1.97e-02f  1
  59  1.2598010e+06 2.99e+00 1.21e+01  -6.0 1.08e+01    -  3.48e-02 6.28e-03f  1
iter    objective    inf_pr   inf_du lg(mu)  ||d||  lg(rg) alpha_du alpha_pr  ls
  60  1.2576772e+06 2.88e+00 1.16e+01  -6.0 1.19e+01    -  3.89e-02 3.87e-02f  1
  61  1.2573209e+06 2.86e+00 1.15e+01  -6.0 9.53e+00    -  3.40e-02 6.77e-03f  1
  62  1.2556044e+06 2.76e+00 1.11e+01  -6.0 9.88e+00    -  1.95e-01 3.29e-02f  1
  63  1.2524005e+06 2.59e+00 1.04e+01  -6.0 1.32e+01    -  3.25e-03 6.39e-02f  1
  64  1.2515977e+06 2.54e+00 1.02e+01  -6.0 6.12e+00    -  5.83e-02 1.71e-02f  1
  65  1.2505191e+06 2.48e+00 9.98e+00  -6.0 9.62e+00    -  2.38e-02 2.34e-02f  1
  66  1.2470973e+06 2.29e+00 8.86e+00  -6.0 1.28e+01    -  5.85e-01 7.64e-02f  1
  67  1.2460892e+06 2.24e+00 8.63e+00  -6.0 8.99e+00    -  3.39e-02 2.45e-02f  1
  68  1.2443529e+06 2.14e+00 8.25e+00  -6.0 1.07e+01    -  5.00e-02 4.35e-02f  1
  69  1.2392905e+06 1.86e+00 6.47e+00  -6.0 7.77e+00    -  5.92e-01 1.33e-01f  1
iter    objective    inf_pr   inf_du lg(mu)  ||d||  lg(rg) alpha_du alpha_pr  ls
  70  1.2366948e+06 1.71e+00 6.09e+00  -6.0 7.61e+00    -  6.78e-03 7.90e-02f  1
  71  1.2363299e+06 1.69e+00 5.90e+00  -6.0 4.81e+00    -  7.02e-02 1.21e-02f  1
  72  1.2345915e+06 1.59e+00 5.54e+00  -6.0 4.83e+00    -  6.69e-02 5.85e-02f  1
  73  1.2330275e+06 1.50e+00 5.23e+00  -6.0 6.12e+00    -  5.39e-02 5.60e-02f  1
  74  1.2327510e+06 1.48e+00 5.13e+00  -6.0 7.74e+00    -  1.37e-01 1.05e-02f  1
  75  1.2289950e+06 1.27e+00 4.45e+00  -6.0 7.51e+00    -  2.51e-02 1.44e-01f  1
  76  1.2277924e+06 1.20e+00 4.16e+00  -6.0 4.69e+00    -  7.23e-01 5.41e-02f  1
  77  1.2267613e+06 1.14e+00 3.96e+00  -6.0 6.18e+00    -  1.53e-01 4.91e-02f  1
  78  1.2231524e+06 9.36e-01 4.53e+00  -6.0 3.48e+00    -  7.32e-01 1.81e-01f  1
  79  1.2226221e+06 9.05e-01 4.70e+00  -6.0 2.98e+00    -  9.68e-01 3.27e-02f  1
iter    objective    inf_pr   inf_du lg(mu)  ||d||  lg(rg) alpha_du alpha_pr  ls
  80  1.2220336e+06 8.71e-01 4.54e+00  -6.0 5.41e+00    -  1.60e-02 3.77e-02f  1
  81  1.2220334e+06 8.71e-01 4.53e+00  -6.0 6.32e+00    -  1.05e-03 1.94e-05h  1
  82  1.2209857e+06 8.10e-01 4.23e+00  -6.0 7.58e+00    -  5.23e-02 7.00e-02f  1
  83  1.2191269e+06 7.01e-01 3.76e+00  -6.0 4.67e+00    -  2.59e-01 1.34e-01f  1
  84  1.2190235e+06 6.95e-01 3.74e+00  -6.0 3.71e+00    -  4.07e-02 8.63e-03f  1
  85  1.2179032e+06 6.30e-01 3.44e+00  -6.0 3.45e+00    -  3.72e-02 9.44e-02f  1
  86  1.2173619e+06 5.98e-01 3.21e+00  -6.0 2.75e+00    -  1.19e-01 5.04e-02f  1
  87  1.2166197e+06 5.54e-01 3.00e+00  -6.0 2.55e+00    -  4.27e-02 7.28e-02f  1
  88  1.2154271e+06 4.84e-01 2.87e+00  -6.0 2.65e+00    -  5.81e-01 1.26e-01f  1
  89  1.2141526e+06 4.09e-01 2.44e+00  -6.0 1.45e+00    -  6.37e-01 1.55e-01f  1
iter    objective    inf_pr   inf_du lg(mu)  ||d||  lg(rg) alpha_du alpha_pr  ls
  90  1.2128742e+06 3.34e-01 2.41e+00  -6.0 2.44e+00    -  9.97e-01 1.84e-01f  1
  91  1.2128742e+06 3.34e-01 2.34e+00  -6.0 1.61e+00    -  7.26e-03 2.29e-06h  1
  92  1.2127561e+06 3.27e-01 2.32e+00  -6.0 1.94e+00    -  9.13e-02 2.11e-02f  1
  93  1.2108815e+06 2.15e-01 1.25e+00  -6.0 1.96e+00    -  1.17e-03 3.42e-01f  1
  94  1.2108417e+06 2.13e-01 1.35e+00  -6.0 1.02e+00    -  1.39e-01 1.11e-02f  1
  95  1.2093828e+06 1.25e-01 7.44e-01  -6.0 1.26e+00    -  3.51e-01 4.11e-01f  1
  96  1.2093828e+06 1.25e-01 7.26e-01  -6.0 5.34e-01    -  2.14e-02 4.42e-06h  1
  97  1.2092333e+06 1.16e-01 8.91e-01  -6.0 7.22e-01    -  3.75e-01 7.20e-02f  1
  98  1.2092080e+06 1.15e-01 9.18e-01  -6.0 3.90e-01    -  3.79e-03 1.31e-02h  1
  99  1.2080105e+06 4.23e-02 5.92e-01  -6.0 6.70e-01    -  9.98e-01 6.32e-01f  1
iter    objective    inf_pr   inf_du lg(mu)  ||d||  lg(rg) alpha_du alpha_pr  ls
 100  1.2077293e+06 2.52e-02 4.22e-01  -6.0 2.48e-01    -  6.32e-01 4.03e-01f  1
 101  1.2073193e+06 3.38e-04 7.27e-03  -6.0 1.48e-01    -  1.00e+00 9.87e-01f  1
 102  1.2073139e+06 2.03e-08 4.42e-07  -6.0 1.20e-02    -  1.00e+00 1.00e+00h  1
 103  1.2073138e+06 5.80e-08 8.12e-04  -7.2 3.32e-03    -  1.00e+00 9.85e-01h  1
 104  1.2073138e+06 5.27e-11 9.66e-09  -7.2 5.95e-03    -  1.00e+00 1.00e+00f  1

Number of Iterations....: 104

                                   (scaled)                 (unscaled)
Objective...............:   9.2561464105098657e+03    1.2073137850542308e+06
Dual infeasibility......:   9.6618400737322587e-09    1.2602299264369343e-06
Constraint violation....:   1.5651159188112551e-11    5.2687187945821279e-11
Variable bound violation:   1.0344416168095449e-07    1.0344416168095449e-07
Complementarity.........:   7.1642010090908721e-08    9.3445352456329554e-06
Overall NLP error.......:   7.1642010090908721e-08    9.3445352456329554e-06


Number of objective function evaluations             = 105
Number of objective gradient evaluations             = 105
Number of equality constraint evaluations            = 105
Number of inequality constraint evaluations          = 105
Number of equality constraint Jacobian evaluations   = 105
Number of inequality constraint Jacobian evaluations = 105
Number of Lagrangian Hessian evaluations             = 104
Total seconds in IPOPT                               = 22.594

EXIT: Optimal Solution Found.

