Solver command line: ['/opt/homebrew/bin/ipopt', '/var/folders/6y/bvynbx6n3zv7z3lwg6vd724r0000gn/T/tmp7cv9w87f.pyomo.nl', '-AMPL', 'tol=1e-06', 'max_iter=300', 'print_level=5', 'warm_start_init_point=yes', 'warm_start_bound_push=1e-06', 'warm_start_bound_frac=1e-06', 'warm_start_mult_bound_push=1e-06', 'mu_init=1e-06', 'least_square_init_duals=no']

Ipopt 3.14.19: tol=1e-06
max_iter=300
print_level=5
warm_start_init_point=yes
warm_start_bound_push=1e-06
warm_start_bound_frac=1e-06
warm_start_mult_bound_push=1e-06
mu_init=1e-06
least_square_init_duals=no


******************************************************************************
This program contains Ipopt, a library for large-scale nonlinear optimization.
 Ipopt is released as open source code under the Eclipse Public License (EPL).
         For more information visit https://github.com/coin-or/Ipopt
******************************************************************************

This is Ipopt version 3.14.19, running with linear solver MUMPS 5.6.2.

Number of nonzeros in equality constraint Jacobian...:    86425
Number of nonzeros in inequality constraint Jacobian.:    72576
Number of nonzeros in Lagrangian Hessian.............:    48426

Total number of variables............................:    12204
                     variables with only lower bounds:        0
                variables with lower and upper bounds:    12204
                     variables with only upper bounds:        0
Total number of equality constraints.................:    11317
Total number of inequality constraints...............:    18144
        inequality constraints with only lower bounds:        0
   inequality constraints with lower and upper bounds:        0
        inequality constraints with only upper bounds:    18144

iter    objective    inf_pr   inf_du lg(mu)  ||d||  lg(rg) alpha_du alpha_pr  ls
   0  1.6241438e+06 7.71e+00 7.92e+01  -6.0 0.00e+00    -  0.00e+00 0.00e+00   0
   1  1.5514828e+06 7.71e+00 7.92e+01  -6.0 2.81e+07    -  3.10e-08 3.10e-08f  1
   2  1.5208725e+06 7.71e+00 7.92e+01  -6.0 2.53e+07    -  1.27e-07 2.47e-08f  1
   3  1.4634955e+06 7.71e+00 7.92e+01  -6.0 1.27e+07    -  2.44e-07 1.19e-07f  1
   4  1.4313272e+06 7.71e+00 7.92e+01  -6.0 4.12e+06    -  5.31e-07 2.83e-07f  1
   5  1.4184811e+06 7.71e+00 7.92e+01  -6.0 1.14e+06    -  1.16e-06 5.90e-07f  1
   6  1.4174583e+06 7.71e+00 7.92e+01  -6.0 3.92e+05    -  2.09e-06 2.24e-07f  1
   7  1.4129450e+06 7.71e+00 7.92e+01  -6.0 1.89e+05    -  5.61e-06 2.08e-06f  1
   8  1.4106635e+06 7.71e+00 7.92e+01  -6.0 1.18e+05    -  1.03e-05 2.71e-06f  1
   9  1.4105876e+06 7.71e+00 7.92e+01  -6.0 6.53e+04    -  7.21e-06 2.75e-07f  1
iter    objective    inf_pr   inf_du lg(mu)  ||d||  lg(rg) alpha_du alpha_pr  ls
  10  1.4079688e+06 7.71e+00 7.92e+01  -6.0 4.99e+04    -  4.72e-06 1.09e-05f  1
  11  1.4070488e+06 7.71e+00 7.92e+01  -6.0 2.77e+04    -  1.99e-05 4.80e-06f  1
  12  1.4069872e+06 7.71e+00 7.92e+01  -6.0 1.52e+04    -  2.09e-05 5.67e-07f  1
  13  1.4059511e+06 7.71e+00 7.92e+01  -6.0 1.08e+04    -  2.17e-05 1.05e-05f  1
  14  1.4051284e+06 7.71e+00 7.92e+01  -6.0 7.21e+03    -  2.56e-05 1.13e-05f  1
  15  1.4035317e+06 7.71e+00 7.92e+01  -6.0 5.04e+03    -  6.28e-06 2.43e-05f  1
  16  1.4001315e+06 7.71e+00 7.92e+01  -6.0 3.85e+03    -  1.04e-05 4.89e-05f  1
  17  1.4001296e+06 7.71e+00 7.92e+01  -6.0 6.28e+03    -  1.38e-04 3.48e-08f  1
  18  1.3973318e+06 7.71e+00 7.91e+01  -6.0 6.26e+03    -  2.27e-05 5.22e-05f  1
  19  1.3970549e+06 7.71e+00 7.91e+01  -6.0 6.19e+03    -  1.84e-04 5.27e-06f  1
iter    objective    inf_pr   inf_du lg(mu)  ||d||  lg(rg) alpha_du alpha_pr  ls
  20  1.3956408e+06 7.71e+00 7.91e+01  -6.0 2.33e+03    -  8.54e-05 3.35e-05f  1
  21  1.3955290e+06 7.71e+00 7.91e+01  -6.0 2.25e+03    -  2.15e-04 3.56e-06f  1
  22  1.3926157e+06 7.71e+00 7.91e+01  -6.0 2.08e+03    -  6.79e-05 9.39e-05f  1
  23  1.3919183e+06 7.71e+00 7.91e+01  -6.0 1.88e+03    -  1.13e-04 2.48e-05f  1
  24  1.3913240e+06 7.71e+00 7.91e+01  -6.0 1.26e+03    -  6.91e-05 2.24e-05f  1
  25  1.3911138e+06 7.71e+00 7.91e+01  -6.0 1.21e+03    -  2.29e-04 8.63e-06f  1
  26  1.3907213e+06 7.71e+00 7.91e+01  -6.0 1.19e+03    -  5.79e-05 1.69e-05f  1
  27  1.3885372e+06 7.71e+00 7.91e+01  -6.0 1.18e+03    -  2.31e-05 1.02e-04f  1
  28  1.3885324e+06 7.71e+00 7.91e+01  -6.0 1.20e+03    -  1.53e-04 2.86e-07f  1
  29  1.3872598e+06 7.71e+00 7.91e+01  -6.0 1.20e+03    -  4.45e-05 7.63e-05f  1
iter    objective    inf_pr   inf_du lg(mu)  ||d||  lg(rg) alpha_du alpha_pr  ls
  30  1.3869620e+06 7.71e+00 7.91e+01  -6.0 1.21e+03    -  8.86e-05 1.85e-05f  1
  31  1.3859319e+06 7.71e+00 7.91e+01  -6.0 1.22e+03    -  2.91e-05 6.61e-05f  1
  32  1.3854475e+06 7.71e+00 7.91e+01  -6.0 1.26e+03    -  1.94e-05 3.12e-05f  1
  33  1.3852957e+06 7.71e+00 7.91e+01  -6.0 1.25e+03    -  3.91e-05 1.01e-05f  1
  34  1.3846260e+06 7.71e+00 7.91e+01  -6.0 1.24e+03    -  2.00e-05 5.91e-05f  1
  35  1.3846192e+06 7.71e+00 7.91e+01  -6.0 1.23e+03    -  8.43e-05 8.68e-07f  1
  36  1.3844111e+06 7.71e+00 7.91e+01  -6.0 1.22e+03    -  9.50e-05 2.77e-05f  1
  37  1.3841108e+06 7.71e+00 7.91e+01  -6.0 1.22e+03    -  4.53e-05 4.16e-05f  1
  38  1.3836320e+06 7.71e+00 7.91e+01  -6.0 1.22e+03    -  9.46e-06 5.04e-05f  1
  39  1.3834602e+06 7.71e+00 7.91e+01  -6.0 1.21e+03    -  4.44e-04 1.81e-05f  1
iter    objective    inf_pr   inf_du lg(mu)  ||d||  lg(rg) alpha_du alpha_pr  ls
  40  1.3820133e+06 7.71e+00 7.90e+01  -6.0 1.09e+03    -  7.84e-05 1.54e-04f  1
  41  1.3817478e+06 7.71e+00 7.90e+01  -6.0 7.85e+02    -  5.82e-04 3.02e-05f  1
  42  1.3807536e+06 7.71e+00 7.90e+01  -6.0 7.58e+02    -  4.18e-04 1.20e-04f  1
  43  1.3798634e+06 7.70e+00 7.89e+01  -6.0 8.86e+02    -  2.46e-04 1.17e-04f  1
  44  1.3797565e+06 7.70e+00 7.89e+01  -6.0 8.81e+02    -  1.10e-03 1.43e-05f  1
  45  1.3794786e+06 7.70e+00 7.88e+01  -6.0 7.97e+02    -  2.14e-04 6.30e-05f  1
  46  1.3786996e+06 7.70e+00 7.88e+01  -6.0 8.12e+02    -  2.80e-04 1.69e-04f  1
  47  1.3785344e+06 7.70e+00 7.88e+01  -6.0 8.05e+02    -  1.89e-04 3.83e-05f  1
  48  1.3776998e+06 7.70e+00 7.88e+01  -6.0 7.98e+02    -  4.90e-04 2.02e-04f  1
  49  1.3772797e+06 7.70e+00 7.87e+01  -6.0 7.89e+02    -  6.26e-04 1.06e-04f  1
iter    objective    inf_pr   inf_du lg(mu)  ||d||  lg(rg) alpha_du alpha_pr  ls
  50  1.3763673e+06 7.70e+00 7.87e+01  -6.0 7.18e+02    -  1.18e-04 2.75e-04f  1
  51  1.3760293e+06 7.70e+00 7.87e+01  -6.0 8.03e+02    -  2.93e-04 9.58e-05f  1
  52  1.3759485e+06 7.70e+00 7.87e+01  -6.0 7.65e+02    -  2.60e-04 2.50e-05f  1
  53  1.3754290e+06 7.70e+00 7.87e+01  -6.0 7.52e+02    -  2.60e-04 1.69e-04f  1
  54  1.3749289e+06 7.69e+00 7.86e+01  -6.0 7.66e+02    -  1.13e-03 1.57e-04f  1
  55  1.3740045e+06 7.69e+00 7.86e+01  -6.0 7.70e+02    -  1.65e-04 2.93e-04f  1
  56  1.3739973e+06 7.69e+00 7.85e+01  -6.0 7.21e+02    -  3.26e-04 2.77e-06f  1
  57  1.3738413e+06 7.69e+00 7.84e+01  -6.0 6.19e+02    -  2.50e-03 6.16e-05f  1
  58  1.3728499e+06 7.69e+00 7.83e+01  -6.0 5.01e+02    -  4.69e-04 4.73e-04f  1
  59  1.3723441e+06 7.69e+00 7.81e+01  -6.0 4.52e+02    -  2.58e-03 2.65e-04f  1
iter    objective    inf_pr   inf_du lg(mu)  ||d||  lg(rg) alpha_du alpha_pr  ls
  60  1.3721593e+06 7.69e+00 7.81e+01  -6.0 2.85e+02    -  3.50e-04 1.36e-04f  1
  61  1.3717612e+06 7.68e+00 7.81e+01  -6.0 2.85e+02    -  6.46e-04 3.01e-04f  1
  62  1.3713612e+06 7.68e+00 7.80e+01  -6.0 2.85e+02    -  4.63e-04 3.12e-04f  1
  63  1.3705041e+06 7.68e+00 7.80e+01  -6.0 2.85e+02    -  4.39e-04 6.70e-04f  1
  64  1.3702529e+06 7.67e+00 7.79e+01  -6.0 2.77e+02    -  7.13e-04 1.91e-04f  1
  65  1.3699723e+06 7.67e+00 7.79e+01  -6.0 4.30e+02    -  7.99e-05 1.71e-04f  1
  66  1.3695550e+06 7.67e+00 7.79e+01  -6.0 4.26e+02    -  2.85e-04 2.62e-04f  1
  67  1.3690718e+06 7.67e+00 7.79e+01  -6.0 4.31e+02    -  5.33e-04 3.03e-04f  1
  68  1.3689882e+06 7.67e+00 7.78e+01  -6.0 4.32e+02    -  4.10e-04 5.33e-05f  1
  69  1.3687022e+06 7.67e+00 7.78e+01  -6.0 4.33e+02    -  1.84e-04 1.85e-04f  1
iter    objective    inf_pr   inf_du lg(mu)  ||d||  lg(rg) alpha_du alpha_pr  ls
  70  1.3686327e+06 7.67e+00 7.78e+01  -6.0 4.52e+02    -  8.75e-04 4.99e-05f  1
  71  1.3673594e+06 7.66e+00 7.78e+01  -6.0 4.37e+02    -  5.99e-05 8.97e-04f  1
  72  1.3672484e+06 7.66e+00 7.77e+01  -6.0 4.46e+02    -  2.05e-04 7.82e-05f  1
  73  1.3668897e+06 7.66e+00 7.77e+01  -6.0 4.58e+02    -  7.10e-04 2.52e-04f  1
  74  1.3664120e+06 7.65e+00 7.77e+01  -6.0 4.59e+02    -  2.65e-04 3.39e-04f  1
  75  1.3660229e+06 7.65e+00 7.76e+01  -6.0 4.61e+02    -  3.00e-04 2.75e-04f  1
  76  1.3656559e+06 7.65e+00 7.76e+01  -6.0 4.63e+02    -  2.76e-04 2.58e-04f  1
  77  1.3649902e+06 7.65e+00 7.73e+01  -6.0 4.63e+02    -  4.31e-03 4.71e-04f  1
  78  1.3649850e+06 7.65e+00 7.73e+01  -6.0 2.28e+02    -  6.11e-05 5.16e-06f  1
  79  1.3645328e+06 7.64e+00 7.73e+01  -6.0 2.28e+02    -  5.06e-04 4.52e-04f  1
iter    objective    inf_pr   inf_du lg(mu)  ||d||  lg(rg) alpha_du alpha_pr  ls
  80  1.3641556e+06 7.64e+00 7.72e+01  -6.0 2.28e+02    -  5.64e-04 3.91e-04f  1
  81  1.3637216e+06 7.64e+00 7.69e+01  -6.0 2.27e+02    -  4.47e-03 4.59e-04f  1
  82  1.3634100e+06 7.63e+00 7.69e+01  -6.0 2.40e+02    -  1.75e-04 3.30e-04f  1
  83  1.3632338e+06 7.63e+00 7.67e+01  -6.0 2.47e+02    -  2.15e-03 1.91e-04f  1
  84  1.3629014e+06 7.63e+00 7.67e+01  -6.0 2.60e+02    -  4.79e-04 3.84e-04f  1
  85  1.3628321e+06 7.63e+00 7.62e+01  -6.0 2.65e+02    -  7.20e-03 8.33e-05f  1
  86  1.3622856e+06 7.62e+00 7.62e+01  -6.0 2.52e+02    -  1.78e-04 6.79e-04f  1
  87  1.3618420e+06 7.62e+00 7.61e+01  -6.0 2.13e+02    -  1.71e-03 5.62e-04f  1
  88  1.3617033e+06 7.62e+00 7.60e+01  -6.0 2.13e+02    -  6.23e-04 1.86e-04f  1
  89  1.3610746e+06 7.61e+00 7.60e+01  -6.0 2.13e+02    -  7.52e-04 8.62e-04f  1
iter    objective    inf_pr   inf_du lg(mu)  ||d||  lg(rg) alpha_du alpha_pr  ls
  90  1.3608555e+06 7.61e+00 7.58e+01  -6.0 2.67e+02    -  1.58e-03 2.61e-04f  1
  91  1.3599288e+06 7.60e+00 7.58e+01  -6.0 2.67e+02    -  2.83e-04 1.12e-03f  1
  92  1.3597117e+06 7.60e+00 7.55e+01  -6.0 2.69e+02    -  4.91e-03 2.65e-04f  1
  93  1.3593002e+06 7.59e+00 7.53e+01  -6.0 2.69e+02    -  2.29e-03 5.46e-04f  1
  94  1.3581523e+06 7.58e+00 7.50e+01  -6.0 2.64e+02    -  4.06e-03 1.68e-03f  1
  95  1.3581503e+06 7.58e+00 7.50e+01  -6.0 2.20e+02    -  1.80e-05 3.42e-06f  1
  96  1.3580476e+06 7.58e+00 7.50e+01  -6.0 2.20e+02    -  1.20e-04 1.84e-04f  1
  97  1.3578994e+06 7.58e+00 7.50e+01  -6.0 2.25e+02    -  2.31e-04 2.62e-04f  1
  98  1.3572827e+06 7.57e+00 7.49e+01  -6.0 2.19e+02    -  1.00e-03 1.12e-03f  1
  99  1.3568955e+06 7.56e+00 7.47e+01  -6.0 2.34e+02    -  2.91e-03 7.09e-04f  1
iter    objective    inf_pr   inf_du lg(mu)  ||d||  lg(rg) alpha_du alpha_pr  ls
 100  1.3568508e+06 7.56e+00 7.44e+01  -6.0 2.43e+02    -  4.73e-03 8.45e-05f  1
 101  1.3565697e+06 7.56e+00 7.37e+01  -6.0 2.57e+02    -  1.02e-02 5.30e-04f  1
 102  1.3561388e+06 7.55e+00 7.36e+01  -6.0 2.49e+02    -  1.24e-03 9.01e-04f  1
 103  1.3552720e+06 7.54e+00 7.35e+01  -6.0 2.91e+02    -  1.36e-03 1.88e-03f  1
 104  1.3541757e+06 7.52e+00 7.33e+01  -6.0 3.12e+02    -  3.36e-03 2.45e-03f  1
 105  1.3531656e+06 7.50e+00 7.32e+01  -6.0 3.44e+02    -  1.53e-04 2.32e-03f  1
 106  1.3529207e+06 7.50e+00 7.20e+01  -6.0 3.89e+02    -  1.83e-02 5.54e-04f  1
 107  1.3528692e+06 7.50e+00 7.20e+01  -6.0 4.25e+02    -  8.36e-06 1.21e-04f  1
 108  1.3518769e+06 7.48e+00 7.19e+01  -6.0 4.27e+02    -  1.64e-03 2.35e-03f  1
 109  1.3515825e+06 7.48e+00 7.17e+01  -6.0 4.68e+02    -  2.68e-03 7.00e-04f  1
iter    objective    inf_pr   inf_du lg(mu)  ||d||  lg(rg) alpha_du alpha_pr  ls
 110  1.3505121e+06 7.45e+00 7.12e+01  -6.0 4.49e+02    -  6.46e-03 2.78e-03f  1
 111  1.3503631e+06 7.45e+00 7.10e+01  -6.0 4.77e+02    -  3.95e-03 4.12e-04f  1
 112  1.3500055e+06 7.44e+00 7.02e+01  -6.0 4.62e+02    -  1.17e-02 1.04e-03f  1
 113  1.3493085e+06 7.42e+00 6.99e+01  -6.0 2.60e+01    -  3.64e-03 3.17e-03f  1
 114  1.3483297e+06 7.39e+00 6.99e+01  -6.0 1.96e+02    -  1.10e-07 3.98e-03f  1
 115  1.3483185e+06 7.39e+00 6.95e+01  -6.0 2.08e+02    -  6.44e-03 4.66e-05f  1
 116  1.3479378e+06 7.38e+00 6.90e+01  -6.0 2.06e+02    -  7.19e-03 1.61e-03f  1
 117  1.3467413e+06 7.34e+00 6.77e+01  -6.0 2.14e+02    -  2.02e-02 4.97e-03f  1
 118  1.3467184e+06 7.34e+00 6.72e+01  -6.0 2.34e+02    -  7.00e-03 9.51e-05f  1
 119  1.3456713e+06 7.31e+00 6.72e+01  -6.0 2.34e+02    -  1.84e-04 4.34e-03f  1
iter    objective    inf_pr   inf_du lg(mu)  ||d||  lg(rg) alpha_du alpha_pr  ls
 120  1.3456583e+06 7.31e+00 6.60e+01  -6.0 2.38e+02    -  1.82e-02 5.44e-05f  1
 121  1.3451305e+06 7.29e+00 6.51e+01  -6.0 2.49e+01    -  1.46e-02 2.81e-03f  1
 122  1.3444211e+06 7.26e+00 6.49e+01  -6.0 4.45e+01    -  3.21e-03 3.93e-03f  1
 123  1.3442710e+06 7.25e+00 6.43e+01  -6.0 2.73e+01    -  9.71e-03 8.43e-04f  1
 124  1.3416762e+06 7.15e+00 6.30e+01  -6.0 3.06e+01    -  2.02e-02 1.46e-02f  1
 125  1.3410876e+06 7.12e+00 6.24e+01  -6.0 3.06e+01    -  1.13e-02 3.37e-03f  1
 126  1.3399270e+06 7.08e+00 6.23e+01  -6.0 7.82e+01    -  1.53e-04 6.20e-03f  1
 127  1.3398851e+06 7.08e+00 6.14e+01  -6.0 8.42e+01    -  1.55e-02 2.28e-04f  1
 128  1.3395712e+06 7.07e+00 6.14e+01  -6.0 1.83e+02    -  2.31e-04 1.60e-03f  1
 129  1.3393308e+06 7.06e+00 6.06e+01  -6.0 1.84e+02    -  1.40e-02 1.24e-03f  1
iter    objective    inf_pr   inf_du lg(mu)  ||d||  lg(rg) alpha_du alpha_pr  ls
 130  1.3377512e+06 7.00e+00 6.05e+01  -6.0 1.97e+02    -  3.56e-05 8.07e-03f  1
 131  1.3364286e+06 6.95e+00 5.98e+01  -6.0 1.98e+02    -  1.29e-02 6.80e-03f  1
 132  1.3358516e+06 6.93e+00 5.93e+01  -6.0 2.03e+02    -  8.31e-03 3.07e-03f  1
 133  1.3351767e+06 6.91e+00 5.84e+01  -6.0 2.07e+02    -  1.55e-02 3.62e-03f  1
 134  1.3351244e+06 6.90e+00 5.68e+01  -6.0 1.00e+02    -  3.02e-02 3.03e-04f  1
 135  1.3346903e+06 6.89e+00 5.65e+01  -6.0 7.26e+01    -  5.23e-03 2.66e-03f  1
 136  1.3339339e+06 6.85e+00 5.60e+01  -6.0 3.77e+01    -  8.64e-03 4.95e-03f  1
 137  1.3332609e+06 6.82e+00 5.59e+01  -6.0 3.89e+01    -  1.15e-03 4.46e-03f  1
 138  1.3326197e+06 6.79e+00 5.27e+01  -6.0 8.83e+01    -  6.22e-02 4.10e-03f  1
 139  1.3299670e+06 6.67e+00 5.22e+01  -6.0 3.07e+01    -  8.52e-03 1.82e-02f  1
iter    objective    inf_pr   inf_du lg(mu)  ||d||  lg(rg) alpha_du alpha_pr  ls
 140  1.3295778e+06 6.65e+00 5.20e+01  -6.0 2.77e+01    -  4.30e-03 2.73e-03f  1
 141  1.3288602e+06 6.62e+00 5.11e+01  -6.0 2.84e+01    -  1.68e-02 5.08e-03f  1
 142  1.3288473e+06 6.62e+00 5.09e+01  -6.0 2.84e+01    -  4.94e-03 9.23e-05f  1
 143  1.3279719e+06 6.58e+00 5.03e+01  -6.0 2.83e+01    -  1.17e-02 6.24e-03f  1
 144  1.3267250e+06 6.52e+00 4.97e+01  -6.0 3.60e+01    -  1.20e-02 8.87e-03f  1
 145  1.3259060e+06 6.48e+00 4.96e+01  -6.0 3.43e+01    -  2.08e-03 5.90e-03f  1
 146  1.3255806e+06 6.46e+00 4.90e+01  -6.0 4.12e+01    -  1.27e-02 2.34e-03f  1
 147  1.3242326e+06 6.40e+00 4.89e+01  -6.0 4.10e+01    -  2.41e-03 9.71e-03f  1
 148  1.3235746e+06 6.37e+00 4.55e+01  -6.0 4.07e+01    -  7.27e-02 4.79e-03f  1
 149  1.3222935e+06 6.31e+00 4.47e+01  -6.0 4.02e+01    -  1.92e-02 9.41e-03f  1
iter    objective    inf_pr   inf_du lg(mu)  ||d||  lg(rg) alpha_du alpha_pr  ls
 150  1.3218705e+06 6.29e+00 4.28e+01  -6.0 5.83e+01    -  4.41e-02 3.21e-03f  1
 151  1.3215429e+06 6.27e+00 4.26e+01  -6.0 5.76e+01    -  5.95e-03 2.50e-03f  1
 152  1.3205216e+06 6.22e+00 3.81e+01  -6.0 3.69e+01    -  1.12e-01 7.89e-03f  1
 153  1.3185793e+06 6.13e+00 3.81e+01  -6.0 4.11e+01    -  2.22e-04 1.55e-02f  1
 154  1.3185477e+06 6.13e+00 3.47e+01  -6.0 3.70e+01    -  9.41e-02 2.56e-04f  1
 155  1.3172462e+06 6.06e+00 3.46e+01  -6.0 2.67e+01    -  4.09e-07 1.05e-02f  1
 156  1.3147782e+06 5.94e+00 3.29e+01  -6.0 2.54e+01    -  5.27e-02 2.02e-02f  1
 157  1.3131587e+06 5.86e+00 3.25e+01  -6.0 4.03e+01    -  1.18e-02 1.37e-02f  1
 158  1.3117462e+06 5.79e+00 3.14e+01  -6.0 3.89e+01    -  3.27e-02 1.21e-02f  1
 159  1.3095770e+06 5.68e+00 3.11e+01  -6.0 2.33e+01    -  8.59e-03 1.86e-02f  1
iter    objective    inf_pr   inf_du lg(mu)  ||d||  lg(rg) alpha_du alpha_pr  ls
 160  1.3086585e+06 5.63e+00 3.05e+01  -6.0 2.27e+01    -  2.17e-02 8.02e-03f  1
 161  1.3077377e+06 5.59e+00 3.02e+01  -6.0 2.58e+01    -  9.37e-03 8.14e-03f  1
 162  1.3073901e+06 5.57e+00 2.94e+01  -6.0 2.04e+01    -  2.94e-02 3.15e-03f  1
 163  1.3062965e+06 5.52e+00 2.85e+01  -6.0 2.38e+01    -  3.14e-02 9.91e-03f  1
 164  1.3056297e+06 5.48e+00 2.85e+01  -6.0 2.55e+01    -  1.84e-04 6.16e-03f  1
 165  1.3052135e+06 5.46e+00 2.83e+01  -6.0 2.37e+01    -  7.13e-03 3.84e-03f  1
 166  1.3043240e+06 5.42e+00 2.82e+01  -6.0 2.32e+01    -  5.25e-03 8.25e-03f  1
 167  1.3043031e+06 5.41e+00 2.78e+01  -6.0 2.72e+01    -  1.19e-02 1.97e-04f  1
 168  1.3030412e+06 5.35e+00 2.75e+01  -6.0 2.80e+01    -  1.31e-02 1.19e-02f  1
 169  1.3021983e+06 5.31e+00 2.72e+01  -6.0 2.76e+01    -  1.16e-02 8.05e-03f  1
iter    objective    inf_pr   inf_du lg(mu)  ||d||  lg(rg) alpha_du alpha_pr  ls
 170  1.3020489e+06 5.30e+00 2.65e+01  -6.0 2.98e+01    -  2.28e-02 1.44e-03f  1
 171  1.3003455e+06 5.21e+00 2.65e+01  -6.0 3.23e+01    -  3.52e-07 1.63e-02f  1
 172  1.3003317e+06 5.21e+00 2.53e+01  -6.0 3.04e+01    -  4.97e-02 1.35e-04f  1
 173  1.3000699e+06 5.20e+00 2.48e+01  -6.0 3.06e+01    -  1.97e-02 2.56e-03f  1
 174  1.3000689e+06 5.20e+00 2.48e+01  -6.0 3.20e+01    -  3.67e-04 9.99e-06h  1
 175  1.2994962e+06 5.17e+00 2.49e+01  -6.0 2.33e+01    -  3.69e-04 5.69e-03f  1
 176  1.2993991e+06 5.16e+00 2.48e+01  -6.0 2.18e+01    -  1.77e-03 9.84e-04f  1
 177  1.2988062e+06 5.13e+00 2.48e+01  -6.0 2.28e+01    -  1.61e-03 6.15e-03f  1
 178  1.2964007e+06 5.00e+00 2.47e+01  -6.0 2.24e+01    -  6.27e-03 2.54e-02f  1
 179  1.2958201e+06 4.97e+00 2.46e+01  -6.0 2.35e+01    -  3.90e-03 6.31e-03f  1
iter    objective    inf_pr   inf_du lg(mu)  ||d||  lg(rg) alpha_du alpha_pr  ls
 180  1.2953018e+06 4.94e+00 2.44e+01  -6.0 1.63e+01    -  6.31e-03 5.58e-03f  1
 181  1.2922291e+06 4.78e+00 2.42e+01  -6.0 3.25e+01    -  6.87e-03 3.18e-02f  1
 182  1.2922290e+06 4.78e+00 2.40e+01  -6.0 2.19e+01    -  6.41e-03 1.52e-06h  1
 183  1.2904210e+06 4.69e+00 2.40e+01  -6.0 1.40e+01    -  2.49e-05 2.00e-02f  1
 184  1.2896094e+06 4.65e+00 2.22e+01  -6.0 2.19e+01    -  7.68e-02 9.11e-03f  1
 185  1.2894782e+06 4.64e+00 2.17e+01  -6.0 2.15e+01    -  2.32e-02 1.49e-03f  1
 186  1.2875337e+06 4.54e+00 2.15e+01  -6.0 2.21e+01    -  1.09e-02 2.21e-02f  1
 187  1.2872718e+06 4.52e+00 2.13e+01  -6.0 1.66e+01    -  1.11e-02 3.11e-03f  1
 188  1.2859811e+06 4.45e+00 2.10e+01  -6.0 1.82e+01    -  1.18e-02 1.53e-02f  1
 189  1.2838980e+06 4.34e+00 2.07e+01  -6.0 1.75e+01    -  1.60e-02 2.51e-02f  1
iter    objective    inf_pr   inf_du lg(mu)  ||d||  lg(rg) alpha_du alpha_pr  ls
 190  1.2837317e+06 4.33e+00 1.97e+01  -6.0 1.81e+01    -  4.70e-02 2.06e-03f  1
 191  1.2831566e+06 4.30e+00 1.97e+01  -6.0 2.31e+01    -  4.52e-07 7.00e-03f  1
 192  1.2831274e+06 4.30e+00 1.78e+01  -6.0 2.56e+01    -  1.03e-01 3.58e-04f  1
 193  1.2797614e+06 4.12e+00 1.76e+01  -6.0 2.10e+01    -  8.72e-03 4.12e-02f  1
 194  1.2797607e+06 4.12e+00 1.73e+01  -6.0 2.07e+01    -  1.82e-02 9.09e-06h  1
 195  1.2789848e+06 4.08e+00 1.55e+01  -6.0 2.07e+01    -  1.17e-01 1.01e-02f  1
 196  1.2771031e+06 3.98e+00 1.52e+01  -6.0 2.11e+01    -  1.03e-02 2.53e-02f  1
 197  1.2733891e+06 3.78e+00 1.50e+01  -6.0 1.99e+01    -  9.62e-03 5.03e-02f  1
 198  1.2707013e+06 3.63e+00 1.34e+01  -6.0 2.34e+01    -  2.26e-01 3.83e-02f  1
 199  1.2703780e+06 3.62e+00 1.33e+01  -6.0 2.21e+01    -  4.06e-02 4.80e-03f  1
iter    objective    inf_pr   inf_du lg(mu)  ||d||  lg(rg) alpha_du alpha_pr  ls
 200  1.2700785e+06 3.60e+00 1.32e+01  -6.0 1.90e+01    -  2.66e-02 4.57e-03f  1
 201  1.2680745e+06 3.49e+00 1.28e+01  -6.0 1.60e+01    -  2.95e-03 3.07e-02f  1
 202  1.2650867e+06 3.33e+00 1.19e+01  -6.0 2.12e+01    -  2.29e-01 4.64e-02f  1
 203  1.2650863e+06 3.33e+00 1.18e+01  -6.0 1.60e+01    -  3.15e-02 7.44e-06h  1
 204  1.2611809e+06 3.11e+00 1.12e+01  -6.0 1.60e+01    -  2.90e-03 6.50e-02f  1
 205  1.2602000e+06 3.06e+00 1.09e+01  -6.0 1.50e+01    -  5.06e-02 1.75e-02f  1
 206  1.2577917e+06 2.92e+00 1.05e+01  -6.0 1.54e+01    -  8.80e-03 4.39e-02f  1
 207  1.2564635e+06 2.85e+00 1.03e+01  -6.0 1.86e+01    -  2.63e-05 2.51e-02f  1
 208  1.2562139e+06 2.84e+00 9.99e+00  -6.0 1.87e+01    -  1.13e-01 4.84e-03f  1
 209  1.2561061e+06 2.83e+00 9.97e+00  -6.0 1.35e+01    -  5.30e-03 2.12e-03f  1
iter    objective    inf_pr   inf_du lg(mu)  ||d||  lg(rg) alpha_du alpha_pr  ls
 210  1.2561000e+06 2.83e+00 9.96e+00  -6.0 1.45e+01    -  4.05e-03 1.20e-04h  1
 211  1.2559316e+06 2.82e+00 9.93e+00  -6.0 9.87e+00    -  2.06e-04 3.31e-03f  1
 212  1.2559212e+06 2.82e+00 9.91e+00  -6.0 1.37e+01    -  1.86e-02 2.04e-04h  1
 213  1.2557499e+06 2.81e+00 9.87e+00  -6.0 9.75e+00    -  4.59e-03 3.38e-03f  1
 214  1.2547172e+06 2.75e+00 9.69e+00  -6.0 1.36e+01    -  3.45e-03 2.05e-02f  1
 215  1.2544613e+06 2.74e+00 9.58e+00  -6.0 8.81e+00    -  4.56e-02 5.19e-03f  1
 216  1.2541086e+06 2.72e+00 9.52e+00  -6.0 8.80e+00    -  5.75e-03 7.19e-03f  1
 217  1.2515148e+06 2.57e+00 9.02e+00  -6.0 1.37e+01    -  4.73e-02 5.34e-02f  1
 218  1.2489972e+06 2.43e+00 8.61e+00  -6.0 1.58e+01    -  1.71e-04 5.50e-02f  1
 219  1.2489971e+06 2.43e+00 8.60e+00  -6.0 1.05e+01    -  7.19e-03 1.42e-06h  1
iter    objective    inf_pr   inf_du lg(mu)  ||d||  lg(rg) alpha_du alpha_pr  ls
 220  1.2488478e+06 2.42e+00 8.39e+00  -6.0 9.48e+00    -  1.31e-01 3.48e-03f  1
 221  1.2453205e+06 2.22e+00 7.79e+00  -6.0 1.26e+01    -  2.62e-04 8.21e-02f  1
 222  1.2453197e+06 2.22e+00 7.77e+00  -6.0 1.09e+01    -  1.66e-02 1.86e-05h  1
 223  1.2444009e+06 2.17e+00 7.49e+00  -6.0 1.10e+01    -  1.68e-01 2.35e-02f  1
 224  1.2425443e+06 2.07e+00 7.12e+00  -6.0 6.56e+00    -  3.40e-06 4.88e-02f  1
 225  1.2417483e+06 2.02e+00 6.97e+00  -6.0 7.16e+00    -  1.43e-01 2.20e-02f  1
 226  1.2389345e+06 1.86e+00 6.41e+00  -6.0 6.99e+00    -  9.13e-02 7.96e-02f  1
 227  1.2380333e+06 1.81e+00 6.23e+00  -6.0 1.11e+01    -  5.91e-02 2.77e-02f  1
 228  1.2358446e+06 1.68e+00 5.80e+00  -6.0 9.19e+00    -  4.45e-02 6.94e-02f  1
 229  1.2346650e+06 1.61e+00 5.57e+00  -6.0 7.23e+00    -  5.06e-02 4.04e-02f  1
iter    objective    inf_pr   inf_du lg(mu)  ||d||  lg(rg) alpha_du alpha_pr  ls
 230  1.2329206e+06 1.51e+00 5.22e+00  -6.0 3.66e+00    -  7.39e-02 6.23e-02f  1
 231  1.2323039e+06 1.48e+00 5.10e+00  -6.0 4.34e+00    -  8.18e-02 2.35e-02f  1
 232  1.2321351e+06 1.47e+00 5.06e+00  -6.0 5.82e+00    -  1.16e-01 6.59e-03f  1
 233  1.2306123e+06 1.38e+00 5.93e+00  -6.0 4.74e+00    -  2.69e-01 5.99e-02f  1
 234  1.2305694e+06 1.38e+00 6.77e+00  -6.0 4.23e+00    -  6.30e-02 1.80e-03f  1
 235  1.2296536e+06 1.33e+00 8.85e+00  -6.0 7.16e+00    -  2.07e-01 3.83e-02f  1
 236  1.2265101e+06 1.14e+00 7.64e+00  -6.0 7.07e+00    -  2.60e-02 1.37e-01f  1
 237  1.2257291e+06 1.10e+00 7.33e+00  -6.0 5.89e+00    -  1.15e-01 3.96e-02f  1
 238  1.2249605e+06 1.05e+00 7.04e+00  -6.0 6.37e+00    -  2.85e-02 4.06e-02f  1
 239  1.2240663e+06 1.00e+00 6.69e+00  -6.0 3.46e+00    -  4.87e-01 4.95e-02f  1
iter    objective    inf_pr   inf_du lg(mu)  ||d||  lg(rg) alpha_du alpha_pr  ls
 240  1.2227389e+06 9.24e-01 6.17e+00  -6.0 6.03e+00    -  2.78e-02 7.76e-02f  1
 241  1.2227389e+06 9.24e-01 6.17e+00  -6.0 3.14e+00    -  2.16e-04 3.56e-07h  1
 242  1.2222788e+06 8.97e-01 5.99e+00  -6.0 5.53e+00    -  3.31e-01 2.93e-02f  1
 243  1.2218399e+06 8.71e-01 5.82e+00  -6.0 4.51e+00    -  3.47e-02 2.88e-02f  1
 244  1.2213136e+06 8.40e-01 5.61e+00  -6.0 7.87e+00    -  4.88e-03 3.56e-02f  1
 245  1.2212075e+06 8.34e-01 5.57e+00  -6.0 7.65e+00    -  1.79e-02 7.47e-03f  1
 246  1.2208358e+06 8.12e-01 5.42e+00  -6.0 7.82e+00    -  3.44e-02 2.64e-02f  1
 247  1.2179301e+06 6.40e-01 4.27e+00  -6.0 5.11e+00    -  1.51e-03 2.12e-01f  1
 248  1.2167776e+06 5.71e-01 3.82e+00  -6.0 4.63e+00    -  3.32e-01 1.07e-01f  1
 249  1.2163867e+06 5.48e-01 3.66e+00  -6.0 2.28e+00    -  2.02e-01 4.07e-02f  1
iter    objective    inf_pr   inf_du lg(mu)  ||d||  lg(rg) alpha_du alpha_pr  ls
 250  1.2159228e+06 5.20e-01 3.48e+00  -6.0 3.01e+00    -  1.92e-02 5.04e-02f  1
 251  1.2157335e+06 5.09e-01 3.40e+00  -6.0 2.90e+00    -  2.43e-01 2.16e-02f  1
 252  1.2139402e+06 4.02e-01 2.69e+00  -6.0 1.85e+00    -  2.18e-01 2.10e-01f  1
 253  1.2137897e+06 3.93e-01 2.63e+00  -6.0 2.31e+00    -  1.15e-01 2.23e-02f  1
 254  1.2135357e+06 3.78e-01 2.53e+00  -6.0 2.31e+00    -  1.00e-01 3.85e-02f  1
 255  1.2130255e+06 3.48e-01 2.32e+00  -6.0 1.73e+00    -  6.93e-01 8.06e-02f  1
 256  1.2127778e+06 3.33e-01 2.22e+00  -6.0 2.06e+00    -  6.35e-02 4.26e-02f  1
 257  1.2127778e+06 3.33e-01 2.22e+00  -6.0 1.29e+00    -  7.78e-04 1.24e-07h  2
 258  1.2094340e+06 1.31e-01 8.74e-01  -6.0 1.97e+00    -  1.00e+00 6.08e-01f  1
 259  1.2094340e+06 1.31e-01 8.74e-01  -6.0 9.96e-01    -  9.32e-03 1.58e-06h  1
iter    objective    inf_pr   inf_du lg(mu)  ||d||  lg(rg) alpha_du alpha_pr  ls
 260  1.2093213e+06 1.24e-01 8.28e-01  -6.0 7.77e-01    -  6.07e-01 5.27e-02f  1
 261  1.2091791e+06 1.15e-01 7.70e-01  -6.0 7.36e-01    -  3.10e-01 7.06e-02f  1
 262  1.2091791e+06 1.15e-01 7.70e-01  -6.0 6.95e-01    -  2.48e-04 1.17e-06h  1
 263  1.2090352e+06 1.06e-01 7.10e-01  -6.0 6.73e-01    -  9.92e-01 7.71e-02f  1
 264  1.2085437e+06 7.58e-02 5.08e-01  -6.0 6.20e-01    -  7.72e-02 2.85e-01f  1
 265  1.2073130e+06 2.86e-04 3.79e-03  -6.0 4.44e-01    -  1.00e+00 1.00e+00f  1
 266  1.2073139e+06 4.59e-10 4.60e-09  -6.0 2.05e-02    -  1.00e+00 1.00e+00h  1
 267  1.2073138e+06 5.82e-08 7.41e-04  -7.2 3.31e-03    -  1.00e+00 9.86e-01h  1
 268  1.2073138e+06 4.81e-11 8.38e-09  -7.2 1.03e-04    -  1.00e+00 1.00e+00f  1

Number of Iterations....: 268

                                   (scaled)                 (unscaled)
Objective...............:   9.2561464105099021e+03    1.2073137850542355e+06
Dual infeasibility......:   8.3755183785222094e-09    1.0924501781738690e-06
Constraint violation....:   1.3978608201514753e-11    4.8080206482836729e-11
Variable bound violation:   1.0344416168095449e-07    1.0344416168095449e-07
Complementarity.........:   6.9829837706590069e-08    9.1081668258337275e-06
Overall NLP error.......:   6.9829837706590069e-08    9.1081668258337275e-06


Number of objective function evaluations             = 270
Number of objective gradient evaluations             = 269
Number of equality constraint evaluations            = 270
Number of inequality constraint evaluations          = 270
Number of equality constraint Jacobian evaluations   = 269
Number of inequality constraint Jacobian evaluations = 269
Number of Lagrangian Hessian evaluations             = 268
Total seconds in IPOPT                               = 58.327

EXIT: Optimal Solution Found.

