Solver command line: ['/opt/homebrew/bin/ipopt', '/var/folders/6y/bvynbx6n3zv7z3lwg6vd724r0000gn/T/tmptt4okplz.pyomo.nl', '-AMPL', 'tol=1e-06', 'max_iter=300', 'print_level=5', 'warm_start_init_point=yes', 'warm_start_bound_push=1e-06', 'warm_start_bound_frac=1e-06', 'warm_start_mult_bound_push=1e-06', 'mu_init=1e-06', 'least_square_init_duals=no']

Ipopt 3.14.19: tol=1e-06
max_iter=300
print_level=5
warm_start_init_point=yes
warm_start_bound_push=1e-06
warm_start_bound_frac=1e-06
warm_start_mult_bound_push=1e-06
mu_init=1e-06
least_square_init_duals=no


******************************************************************************
This program contains Ipopt, a library for large-scale nonlinear optimization.
 Ipopt is released as open source code under the Eclipse Public License (EPL).
         For more information visit https://github.com/coin-or/Ipopt
******************************************************************************

This is Ipopt version 3.14.19, running with linear solver MUMPS 5.6.2.

Number of nonzeros in equality constraint Jacobian...:    86425
Number of nonzeros in inequality constraint Jacobian.:    72576
Number of nonzeros in Lagrangian Hessian.............:    48426

Total number of variables............................:    12204
                     variables with only lower bounds:        0
                variables with lower and upper bounds:    12204
                     variables with only upper bounds:        0
Total number of equality constraints.................:    11317
Total number of inequality constraints...............:    18144
        inequality constraints with only lower bounds:        0
   inequality constraints with lower and upper bounds:        0
        inequality constraints with only upper bounds:    18144

iter    objective    inf_pr   inf_du lg(mu)  ||d||  lg(rg) alpha_du alpha_pr  ls
   0  1.2073144e+06 3.08e+01 5.56e+01  -6.0 0.00e+00    -  0.00e+00 0.00e+00   0
   1  1.2073124e+06 3.08e+01 5.56e+01  -6.0 8.09e+02    -  1.30e-03 1.66e-04h  1
   2  1.2072989e+06 3.07e+01 5.44e+01  -6.0 7.96e+02    -  2.31e-04 1.18e-03h  1
   3r 1.2072989e+06 3.07e+01 9.99e+02   0.8 0.00e+00    -  0.00e+00 7.18e-09R  2
   4r 1.2074418e+06 3.07e+01 9.99e+02   0.8 1.22e+06    -  3.11e-06 1.76e-07f  1
   5r 1.2074282e+06 3.08e+01 9.99e+02   0.8 2.70e+04    -  1.08e-06 1.08e-05f  1
   6r 1.2074468e+06 3.13e+01 9.99e+02   0.8 5.22e+03    -  8.72e-08 1.43e-04f  1
   7r 1.2074610e+06 3.19e+01 9.99e+02   0.8 3.97e+03    -  2.39e-04 1.43e-04f  1
   8r 1.2074614e+06 3.28e+01 9.98e+02   0.8 6.45e+03    -  1.52e-03 2.64e-04f  1
   9r 1.2029736e+06 3.54e+01 9.97e+02   0.8 7.42e+03    -  3.27e-04 9.10e-04f  1
iter    objective    inf_pr   inf_du lg(mu)  ||d||  lg(rg) alpha_du alpha_pr  ls
  10  1.2029579e+06 3.54e+01 2.33e+01  -6.0 6.94e+01  -2.5 1.11e-04 6.14e-04h  1
  11  1.2028831e+06 3.50e+01 1.78e+02  -6.0 6.76e+01  -1.1 2.76e-04 9.72e-03h  1
  12  1.2028818e+06 3.50e+01 1.78e+02  -6.0 3.37e+01   0.2 4.88e-03 3.63e-04h  1
  13  1.2028807e+06 3.50e+01 1.78e+02  -6.0 3.62e+01  -0.3 1.40e-03 3.61e-04h  1
  14  1.2028804e+06 3.50e+01 1.78e+02  -6.0 3.36e+01   0.1 3.60e-03 2.18e-04h  1
  15  1.2028807e+06 3.50e+01 1.78e+02  -6.0 2.98e+01  -0.3 6.50e-04 7.11e-04h  1
  16  1.2028842e+06 3.49e+01 1.84e+02  -6.0 3.26e+01   0.1 3.19e-03 1.27e-03h  1
  17r 1.2028842e+06 3.49e+01 9.99e+02   0.6 0.00e+00   0.5 0.00e+00 5.66e-08R  2
  18r 1.2027648e+06 3.49e+01 9.99e+02   0.6 5.96e+05    -  2.73e-04 6.12e-06f  1
  19r 1.1993992e+06 3.52e+01 9.98e+02   0.6 2.14e+04    -  1.08e-03 2.18e-04f  1
iter    objective    inf_pr   inf_du lg(mu)  ||d||  lg(rg) alpha_du alpha_pr  ls
  20r 1.1979363e+06 4.15e+01 9.96e+02   0.6 1.34e+04    -  1.43e-03 2.36e-03f  1
  21r 1.1910233e+06 4.45e+01 9.93e+02   0.6 1.03e+04    -  6.93e-03 2.44e-03f  1
  22r 1.1847387e+06 4.53e+01 9.89e+02   0.6 1.21e+04    -  7.04e-04 5.23e-03f  1
  23r 1.1774864e+06 4.52e+01 9.85e+02   0.6 9.22e+03    -  1.11e-02 2.40e-03f  1
  24r 1.1719057e+06 4.30e+01 9.77e+02   0.6 4.38e+03    -  5.62e-03 8.63e-03f  1
  25r 1.1685166e+06 4.17e+01 9.70e+02   0.6 4.43e+03    -  1.72e-02 6.72e-03f  1
  26r 1.1679000e+06 2.12e+02 9.60e+02   0.6 1.93e+04    -  2.39e-02 1.30e-02f  1
  27r 1.1651521e+06 2.04e+02 9.60e+02   0.6 2.59e+03    -  1.12e-02 4.43e-03f  1
  28r 1.1610023e+06 1.61e+02 9.57e+02   0.6 2.84e+03    -  4.45e-02 1.58e-02f  1
  29r 1.1750047e+06 2.82e+01 8.83e+02   0.6 3.87e+03    -  3.65e-02 5.88e-02f  1
iter    objective    inf_pr   inf_du lg(mu)  ||d||  lg(rg) alpha_du alpha_pr  ls
  30r 1.1717987e+06 2.50e+01 8.66e+02   0.6 2.34e+03    -  2.77e-02 1.92e-02f  1
  31r 1.1786711e+06 2.19e+01 8.25e+02   0.6 2.50e+03    -  5.91e-02 4.45e-02f  1
  32r 1.1778798e+06 1.88e+01 8.08e+02   0.6 5.04e+03    -  2.14e-02 2.18e-02f  1
  33r 1.1791595e+06 1.58e+01 7.53e+02   0.6 9.61e+02    -  2.06e-01 3.28e-02f  1
  34r 1.1796825e+06 7.42e+00 7.78e+02   0.6 1.42e+03    -  2.04e-01 5.05e-02f  1
  35r 1.2018256e+06 3.48e+00 8.61e+02   0.6 2.59e+02    -  3.28e-01 9.15e-02f  1
  36r 1.2981123e+06 1.68e+00 8.14e+03   0.6 2.33e+02    -  6.34e-01 3.44e-01f  1
  37r 1.3643714e+06 1.71e+00 5.80e+03   0.6 1.73e+02    -  1.00e+00 2.94e-01f  1
  38r 1.4800330e+06 1.47e+00 3.94e+03   0.6 1.22e+02    -  1.00e+00 1.00e+00f  1
  39  1.4614445e+06 1.35e+00 2.11e+02  -6.0 3.51e+00   0.0 7.13e-02 8.17e-02f  1
iter    objective    inf_pr   inf_du lg(mu)  ||d||  lg(rg) alpha_du alpha_pr  ls
  40  1.4519042e+06 1.29e+00 2.33e+02  -6.0 4.64e+00  -0.4 1.06e-01 4.19e-02f  1
  41  1.4442451e+06 1.24e+00 3.03e+02  -6.0 3.68e+00  -0.0 2.34e-01 3.76e-02f  1
  42  1.4361789e+06 1.20e+00 3.12e+02  -6.0 1.83e+01  -0.5 6.96e-02 3.61e-02f  1
  43  1.4333908e+06 1.18e+00 3.15e+02  -6.0 3.70e+00  -0.1 2.31e-01 1.45e-02f  1
  44  1.4239996e+06 1.12e+00 4.75e+02  -6.0 2.07e+00   0.4 9.98e-02 5.48e-02f  1
  45  1.4235703e+06 1.11e+00 4.73e+02  -6.0 3.33e+00  -0.1 1.87e-01 2.34e-03f  1
  46  1.4184385e+06 1.09e+00 4.61e+02  -6.0 7.14e+00  -0.6 1.08e-01 2.50e-02f  1
  47  1.4128910e+06 1.05e+00 4.49e+02  -6.0 3.84e+00  -0.2 7.20e-03 3.07e-02f  1
  48  1.4127604e+06 1.05e+00 4.49e+02  -6.0 4.47e+01  -0.7 2.89e-02 5.88e-04f  1
  49  1.4113365e+06 1.04e+00 4.46e+02  -6.0 4.01e+00  -0.2 1.23e-02 8.04e-03f  1
iter    objective    inf_pr   inf_du lg(mu)  ||d||  lg(rg) alpha_du alpha_pr  ls
  50  1.4082780e+06 1.02e+00 4.42e+02  -6.0 2.55e+00   0.2 8.83e-02 1.91e-02f  1
  51  1.4076518e+06 1.02e+00 4.41e+02  -6.0 4.27e+00  -0.3 4.42e-02 3.58e-03f  1
  52  1.4039542e+06 9.96e-01 4.36e+02  -6.0 1.71e+00   0.1 1.11e-01 2.35e-02f  1
  53  1.3993286e+06 9.69e-01 4.24e+02  -6.0 3.58e+00  -0.3 8.23e-02 2.69e-02f  1
  54  1.3983835e+06 9.63e-01 4.22e+02  -6.0 1.73e+00   0.1 2.90e-01 6.23e-03f  1
  55  1.3956675e+06 9.48e-01 4.15e+02  -6.0 9.02e+00  -0.4 1.07e-01 1.55e-02f  1
  56  1.3898903e+06 9.11e-01 4.07e+02  -6.0 1.86e+00   0.0 1.02e-01 3.87e-02f  1
  57  1.3861898e+06 8.91e-01 3.98e+02  -6.0 2.00e+01  -0.4 2.25e-02 2.20e-02f  1
  58  1.3857254e+06 8.88e-01 3.97e+02  -6.0 1.90e+00  -0.0 2.39e-01 3.32e-03f  1
  59  1.3827971e+06 8.68e-01 3.99e+02  -6.0 1.26e+00   0.4 2.49e-01 2.31e-02f  1
iter    objective    inf_pr   inf_du lg(mu)  ||d||  lg(rg) alpha_du alpha_pr  ls
  60  1.3721973e+06 8.02e-01 3.92e+02  -6.0 2.49e+00  -0.1 1.20e-01 7.52e-02f  1
  61  1.3711128e+06 7.95e-01 3.89e+02  -6.0 1.41e+00   0.4 2.86e-01 9.19e-03f  1
  62  1.3691563e+06 7.83e-01 3.84e+02  -6.0 3.11e+00  -0.1 2.13e-01 1.47e-02f  1
  63  1.3665169e+06 7.66e-01 3.83e+02  -6.0 1.61e+00   0.3 3.47e-01 2.26e-02f  1
  64  1.3635817e+06 7.49e-01 3.75e+02  -6.0 3.80e+00  -0.2 4.38e-02 2.23e-02f  1
  65  1.3628088e+06 7.43e-01 3.73e+02  -6.0 1.80e+00   0.3 1.97e-01 6.77e-03f  1
  66  1.3612945e+06 7.35e-01 3.69e+02  -6.0 4.08e+00  -0.2 2.65e-01 1.17e-02f  1
  67  1.3547718e+06 6.92e-01 4.24e+02  -6.0 1.70e+00   0.2 2.65e-01 5.79e-02f  1
  68  1.3508128e+06 6.70e-01 4.08e+02  -6.0 3.90e+00  -0.3 1.55e-01 3.26e-02f  1
  69  1.3485735e+06 6.55e-01 4.07e+02  -6.0 1.85e+00   0.2 3.54e-01 2.15e-02f  1
iter    objective    inf_pr   inf_du lg(mu)  ||d||  lg(rg) alpha_du alpha_pr  ls
  70  1.3475425e+06 6.49e-01 4.03e+02  -6.0 4.13e+00  -0.3 2.37e-01 8.98e-03f  1
  71  1.3374596e+06 5.84e-01 4.90e+02  -6.0 1.89e+00   0.1 1.23e-01 1.00e-01f  1
  72  1.3357749e+06 5.75e-01 4.81e+02  -6.0 1.93e+00  -0.4 2.85e-01 1.66e-02f  1
  73  1.3322115e+06 5.52e-01 4.70e+02  -6.0 1.08e+00   0.1 2.87e-01 3.99e-02f  1
  74  1.3301356e+06 5.40e-01 4.58e+02  -6.0 2.08e+00  -0.4 2.05e-01 2.17e-02f  1
  75  1.3209184e+06 4.81e-01 4.30e+02  -6.0 1.04e+00   0.0 3.56e-01 1.09e-01f  1
  76  1.3162983e+06 4.54e-01 3.98e+02  -6.0 8.04e+00  -0.5 4.49e-02 5.44e-02f  1
  77  1.3115329e+06 4.24e-01 3.68e+02  -6.0 1.03e+00  -0.0 8.96e-05 6.60e-02f  1
  78  1.3111506e+06 4.22e-01 3.66e+02  -6.0 2.44e+00  -0.5 7.79e-02 4.98e-03f  1
  79  1.3062821e+06 3.92e-01 3.30e+02  -6.0 1.08e+00  -0.1 1.83e-01 7.17e-02f  1
iter    objective    inf_pr   inf_du lg(mu)  ||d||  lg(rg) alpha_du alpha_pr  ls
  80  1.3037676e+06 3.78e-01 3.19e+02  -6.0 2.59e+00  -0.6 6.90e-02 3.48e-02f  1
  81  1.2992100e+06 3.50e-01 2.83e+02  -6.0 1.12e+00  -0.1 1.80e-01 7.40e-02f  1
  82  1.2981074e+06 3.45e-01 2.79e+02  -6.0 2.83e+00  -0.6 8.90e-02 1.66e-02f  1
  83  1.2973001e+06 3.40e-01 2.74e+02  -6.0 1.22e+00  -0.2 2.50e-01 1.42e-02f  1
  84  1.2961270e+06 3.34e-01 2.70e+02  -6.0 3.27e+00  -0.7 6.97e-02 1.79e-02f  1
  85  1.2930512e+06 3.15e-01 2.49e+02  -6.0 1.26e+00  -0.2 4.84e-01 5.57e-02f  1
  86  1.2913622e+06 3.04e-01 2.43e+02  -6.0 5.87e-01   0.2 3.25e-01 3.55e-02f  1
  87  1.2865473e+06 2.75e-01 2.04e+02  -6.0 1.41e+00  -0.3 2.07e-01 9.37e-02f  1
  88  1.2850298e+06 2.68e-01 2.03e+02  -6.0 4.72e+00  -0.8 7.84e-02 2.68e-02f  1
  89  1.2831795e+06 2.57e-01 1.93e+02  -6.0 1.58e+00  -0.3 5.45e-02 4.01e-02f  1
iter    objective    inf_pr   inf_du lg(mu)  ||d||  lg(rg) alpha_du alpha_pr  ls
  90  1.2814864e+06 2.46e-01 1.85e+02  -6.0 6.29e-01   0.1 4.13e-01 4.24e-02f  1
  91  1.2782243e+06 2.28e-01 1.68e+02  -6.0 1.75e+00  -0.4 6.56e-03 7.49e-02f  1
  92  1.2767659e+06 2.21e-01 1.71e+02  -6.0 1.26e+01  -0.9 1.40e-02 2.82e-02f  1
  93  1.2764078e+06 2.19e-01 1.70e+02  -6.0 2.03e+00  -0.5 5.07e-01 8.89e-03f  1
  94  1.2749799e+06 2.10e-01 1.62e+02  -6.0 7.28e-01  -0.0 1.52e-01 4.10e-02f  1
  95  1.2718785e+06 1.94e-01 1.56e+02  -6.0 2.34e+00  -0.5 5.44e-02 7.98e-02f  1
  96  1.2700293e+06 1.82e-01 1.44e+02  -6.0 8.74e-01  -0.1 2.53e-01 5.92e-02f  1
  97  1.2698506e+06 1.81e-01 1.44e+02  -6.0 2.70e+00  -0.6 1.54e-01 5.13e-03f  1
  98  1.2680011e+06 1.70e-01 1.32e+02  -6.0 9.75e-01  -0.1 2.70e-02 6.23e-02f  1
  99  1.2676870e+06 1.68e-01 1.31e+02  -6.0 2.98e+00  -0.6 1.42e-02 9.32e-03f  1
iter    objective    inf_pr   inf_du lg(mu)  ||d||  lg(rg) alpha_du alpha_pr  ls
 100  1.2663064e+06 1.60e-01 1.24e+02  -6.0 1.06e+00  -0.2 3.01e-02 4.90e-02f  1
 101  1.2653624e+06 1.54e-01 1.24e+02  -6.0 4.44e-01   0.2 2.52e-01 3.87e-02f  1
 102  1.2636796e+06 1.44e-01 1.15e+02  -6.0 1.23e+00  -0.2 7.49e-02 6.35e-02f  1
 103  1.2630921e+06 1.40e-01 1.12e+02  -6.0 4.80e-01   0.2 1.36e-01 2.63e-02f  1
 104  1.2617737e+06 1.33e-01 1.09e+02  -6.0 1.34e+00  -0.3 7.45e-03 5.29e-02f  1
 105  1.2616202e+06 1.32e-01 1.34e+02  -6.0 5.23e-01   0.1 5.27e-01 7.33e-03f  1
 106  1.2614475e+06 1.31e-01 1.35e+02  -6.0 1.48e+00  -0.3 6.92e-02 7.16e-03f  1
 107  1.2595548e+06 1.19e-01 1.20e+02  -6.0 5.87e-01   0.1 1.77e-02 9.06e-02f  1
 108  1.2595441e+06 1.19e-01 1.22e+02  -6.0 1.62e+00  -0.4 1.47e-01 4.73e-04f  1
 109  1.2593519e+06 1.18e-01 1.24e+02  -6.0 3.54e+01  -0.9 1.49e-03 5.71e-03f  1
iter    objective    inf_pr   inf_du lg(mu)  ||d||  lg(rg) alpha_du alpha_pr  ls
 110  1.2591202e+06 1.17e-01 1.23e+02  -6.0 1.81e+00  -0.4 3.08e-05 1.01e-02f  1
 111  1.2587507e+06 1.15e-01 1.46e+02  -6.0 7.05e-01  -0.0 5.35e-01 1.91e-02f  1
 112  1.2582666e+06 1.13e-01 1.43e+02  -6.0 2.00e+00  -0.5 5.92e-03 2.13e-02f  1
 113  1.2525250e+06 7.81e-02 1.33e+02  -6.0 7.77e-01  -0.1 5.69e-01 3.06e-01f  1
 114  1.2524635e+06 7.78e-02 1.33e+02  -6.0 2.20e+00  -0.5 3.49e-01 3.55e-03f  1
 115  1.2521332e+06 7.69e-02 1.31e+02  -6.0 6.53e+00  -1.0 1.76e-01 1.27e-02f  1
 116  1.2503777e+06 6.91e-02 1.20e+02  -6.0 2.48e+00  -0.6 2.96e-01 1.01e-01f  1
 117  1.2501805e+06 6.85e-02 1.19e+02  -6.0 6.99e+00  -1.1 1.05e-01 7.82e-03f  1
 118  1.2484992e+06 6.16e-02 1.60e+02  -6.0 2.68e+00  -0.6 3.59e-01 1.02e-01f  1
 119  1.2480576e+06 6.05e-02 1.70e+02  -6.0 1.09e+01  -1.1 3.93e-02 1.73e-02f  1
iter    objective    inf_pr   inf_du lg(mu)  ||d||  lg(rg) alpha_du alpha_pr  ls
 120  1.2478406e+06 5.97e-02 1.70e+02  -6.0 2.92e+00  -0.7 5.29e-02 1.38e-02f  1
 121  1.2462947e+06 5.16e-02 1.82e+02  -6.0 1.13e+00  -0.3 4.10e-01 1.35e-01f  1
 122  1.2462280e+06 5.14e-02 1.81e+02  -6.0 3.27e+00  -0.7 3.67e-02 4.56e-03f  1
 123  1.2457571e+06 4.90e-02 1.77e+02  -6.0 1.27e+00  -0.3 9.87e-01 4.53e-02f  1
 124  1.2453487e+06 4.76e-02 1.76e+02  -6.0 3.65e+00  -0.8 9.93e-02 2.90e-02f  1
 125  1.2448036e+06 4.65e-02 1.78e+02  -6.0 1.14e+01  -1.3 3.87e-02 2.33e-02f  1
 126  1.2439141e+06 4.36e-02 1.98e+02  -6.0 4.05e+00  -0.8 2.36e-01 6.35e-02f  1
 127  1.2427710e+06 3.82e-02 1.96e+02  -6.0 1.59e+00  -0.4 1.98e-01 1.22e-01f  1
 128  1.2425892e+06 3.77e-02 1.94e+02  -6.0 4.49e+00  -0.9 6.65e-02 1.44e-02f  1
 129  1.2417555e+06 3.40e-02 1.75e+02  -6.0 1.76e+00  -0.5 6.80e-04 9.78e-02f  1
iter    objective    inf_pr   inf_du lg(mu)  ||d||  lg(rg) alpha_du alpha_pr  ls
 130  1.2417345e+06 3.40e-02 1.75e+02  -6.0 4.91e+00  -0.9 5.40e-03 1.64e-03f  1
 131  1.2410239e+06 3.11e-02 1.60e+02  -6.0 1.95e+00  -0.5 7.98e-03 8.54e-02f  1
 132  1.2408527e+06 3.07e-02 1.58e+02  -6.0 5.46e+00  -1.0 2.53e-02 1.29e-02f  1
 133  1.2407733e+06 3.04e-02 1.56e+02  -6.0 2.18e+00  -0.6 3.42e-01 9.73e-03f  1
 134  1.2403731e+06 2.95e-02 1.52e+02  -6.0 6.02e+00  -1.0 3.92e-02 2.86e-02f  1
 135  1.2402476e+06 2.90e-02 1.49e+02  -6.0 2.40e+00  -0.6 3.47e-02 1.53e-02f  1
 136  1.2400548e+06 2.86e-02 1.47e+02  -6.0 6.70e+00  -1.1 4.61e-02 1.35e-02f  1
 137  1.2395886e+06 2.71e-02 1.39e+02  -6.0 2.69e+00  -0.7 3.20e-02 5.54e-02f  1
 138  1.2390005e+06 2.42e-02 1.24e+02  -6.0 1.05e+00  -0.2 1.64e-01 1.04e-01f  1
 139  1.2384005e+06 2.25e-02 1.16e+02  -6.0 3.01e+00  -0.7 9.34e-02 7.21e-02f  1
iter    objective    inf_pr   inf_du lg(mu)  ||d||  lg(rg) alpha_du alpha_pr  ls
 140  1.2381516e+06 2.14e-02 1.10e+02  -6.0 1.17e+00  -0.3 1.51e-02 4.85e-02f  1
 141  1.2378119e+06 2.05e-02 1.05e+02  -6.0 3.34e+00  -0.8 1.09e-01 4.07e-02f  1
 142  1.2369157e+06 1.69e-02 8.65e+01  -6.0 1.30e+00  -0.3 1.29e-01 1.77e-01f  1
 143  1.2366884e+06 1.64e-02 8.41e+01  -6.0 3.71e+00  -0.8 1.39e-02 2.78e-02f  1
 144  1.2365935e+06 1.61e-02 8.24e+01  -6.0 1.45e+00  -0.4 4.93e-01 2.04e-02f  1
 145  1.2364425e+06 1.58e-02 8.09e+01  -6.0 4.13e+00  -0.9 4.45e-02 1.83e-02f  1
 146  1.2363572e+06 1.55e-02 7.94e+01  -6.0 1.62e+00  -0.5 1.97e-01 1.83e-02f  1
 147  1.2357974e+06 1.45e-02 7.43e+01  -6.0 4.61e+00  -0.9 1.02e-01 6.32e-02f  1
 148  1.2349445e+06 1.19e-02 6.06e+01  -6.0 1.81e+00  -0.5 2.43e-01 1.82e-01f  1
 149  1.2332084e+06 9.54e-03 6.90e+01  -6.0 5.15e+00  -1.0 2.20e-01 1.97e-01f  1
iter    objective    inf_pr   inf_du lg(mu)  ||d||  lg(rg) alpha_du alpha_pr  ls
 150  1.2332084e+06 9.54e-03 6.90e+01  -6.0 2.12e+00  -0.6 2.16e-01 5.11e-06h  1
 151  1.2327999e+06 9.03e-03 6.62e+01  -6.0 5.97e+00  -1.0 2.57e-01 5.40e-02f  1
 152  1.2326858e+06 8.76e-03 6.43e+01  -6.0 2.31e+00  -0.6 2.84e-01 2.91e-02f  1
 153  1.2325362e+06 8.61e-03 6.33e+01  -6.0 6.56e+00  -1.1 1.15e-02 1.80e-02f  1
 154  1.2324833e+06 8.49e-03 6.24e+01  -6.0 2.58e+00  -0.7 1.12e-02 1.31e-02f  1
 155  1.2324296e+06 8.44e-03 6.21e+01  -6.0 7.29e+00  -1.1 9.06e-02 5.95e-03f  1
 156  1.2323695e+06 8.32e-03 6.12e+01  -6.0 2.89e+00  -0.7 1.91e-02 1.43e-02f  1
 157  1.2323003e+06 8.26e-03 6.08e+01  -6.0 8.20e+00  -1.2 1.49e-01 7.86e-03f  1
 158  1.2318363e+06 7.35e-03 5.56e+01  -6.0 3.32e+00  -0.8 5.29e-02 1.09e-01f  1
 159  1.2318110e+06 8.51e-03 1.77e+03  -6.0 4.56e+02  -1.2 3.83e-04 1.78e-03f  1
iter    objective    inf_pr   inf_du lg(mu)  ||d||  lg(rg) alpha_du alpha_pr  ls
 160  1.2318078e+06 8.49e-03 1.76e+03  -6.0 4.97e-01   0.1 1.13e-03 2.12e-03h  1
 161  1.2313290e+06 7.08e-03 1.72e+03  -6.0 1.45e+00  -0.4 3.13e-01 2.05e-01f  1
 162  1.2311243e+06 5.99e-03 1.55e+03  -6.0 5.55e-01   0.0 4.09e-01 1.54e-01f  1
 163  1.2309824e+06 5.59e-03 1.44e+03  -6.0 1.61e+00  -0.4 9.05e-03 6.78e-02f  1
 164  1.2308007e+06 5.36e-03 1.38e+03  -6.0 4.56e+00  -0.9 1.43e-02 4.01e-02f  1
 165  1.2307451e+06 5.34e-03 1.38e+03  -6.0 1.24e+01  -1.4 1.46e-02 5.07e-03f  1
 166  1.2300915e+06 5.20e-03 1.34e+03  -6.0 2.96e+01  -1.9 4.04e-03 2.59e-02f  1
 167  1.2299081e+06 5.18e-03 1.34e+03  -6.0 6.76e+01  -2.3 6.38e-03 3.69e-03f  1
 168  1.2297340e+06 5.15e-03 1.33e+03  -6.0 3.25e+01  -1.9 6.74e-03 6.49e-03f  1
 169  1.2290777e+06 5.08e-03 1.31e+03  -6.0 7.28e+01  -2.4 1.28e-02 1.24e-02f  1
iter    objective    inf_pr   inf_du lg(mu)  ||d||  lg(rg) alpha_du alpha_pr  ls
 170  1.2279401e+06 4.85e-03 1.25e+03  -6.0 3.62e+01  -2.0 5.46e-02 4.64e-02f  1
 171  1.2279395e+06 4.85e-03 1.25e+03  -6.0 6.49e+01  -2.4 1.03e-02 1.50e-05f  1
 172  1.2264963e+06 4.53e-03 1.17e+03  -6.0 3.02e+01  -2.0 1.19e-01 6.57e-02f  1
 173  1.2258571e+06 4.46e-03 1.15e+03  -6.0 7.03e+01  -2.5 1.38e-02 1.50e-02f  1
 174  1.2258561e+06 4.46e-03 1.15e+03  -6.0 1.43e+02  -3.0 1.68e-02 1.42e-05f  1
 175  1.2256575e+06 4.44e-03 1.15e+03  -6.0 6.54e+01  -2.5 1.48e-04 5.17e-03f  1
 176  1.2255052e+06 4.43e-03 1.14e+03  -6.0 2.67e+02  -3.0 1.20e-02 2.13e-03f  1
 177  1.2251576e+06 4.39e-03 1.13e+03  -6.0 6.70e+01  -2.6 4.14e-03 7.91e-03f  1
 178  1.2251309e+06 4.39e-03 1.13e+03  -6.0 1.75e+02  -3.1 3.76e-02 4.91e-04f  1
 179  1.2249959e+06 4.36e-03 1.13e+03  -6.0 5.15e+01  -2.7 8.49e-07 6.51e-03f  1
iter    objective    inf_pr   inf_du lg(mu)  ||d||  lg(rg) alpha_du alpha_pr  ls
 180  1.2249836e+06 4.36e-03 1.13e+03  -6.0 2.24e+02  -3.1 1.33e-02 3.13e-04f  1
 181  1.2232868e+06 4.04e-03 1.04e+03  -6.0 5.80e+01  -2.7 1.09e-02 7.69e-02f  1
 182  1.2226959e+06 4.89e-03 1.03e+03  -6.0 2.59e+02  -3.2 1.32e-02 1.34e-02f  1
 183  1.2225695e+06 4.89e-03 1.02e+03  -6.0 5.31e+01  -2.8 2.12e-02 5.37e-03f  1
 184  1.2224973e+06 4.91e-03 1.02e+03  -6.0 3.62e+02  -3.2 4.09e-02 1.45e-03f  1
 185  1.2223640e+06 4.91e-03 1.02e+03  -6.0 5.67e+01  -2.8 5.53e-03 5.36e-03f  1
 186  1.2208539e+06 4.66e-03 9.63e+02  -6.0 8.30e+01  -3.3 1.98e-02 5.27e-02f  1
 187  1.2208088e+06 4.66e-03 9.62e+02  -6.0 1.09e+02  -3.8 3.52e-02 1.26e-03f  1
 188  1.2207740e+06 4.65e-03 9.60e+02  -6.0 7.69e+01  -3.3 2.97e-03 1.69e-03f  1
 189  1.2207558e+06 4.65e-03 9.60e+02  -6.0 1.45e+02  -3.8 8.63e-02 7.41e-04f  1
iter    objective    inf_pr   inf_du lg(mu)  ||d||  lg(rg) alpha_du alpha_pr  ls
 190  1.2206119e+06 4.61e-03 9.49e+02  -6.0 6.84e+01  -3.4 3.56e-03 1.07e-02f  1
 191  1.2205772e+06 4.60e-03 9.47e+02  -6.0 2.18e+02  -3.9 1.94e-02 2.20e-03f  1
 192  1.2204374e+06 4.58e-03 9.44e+02  -6.0 1.20e+02  -3.4 1.05e-07 3.88e-03f  1
 193  1.2204295e+06 4.58e-03 9.43e+02  -6.0 1.17e+02  -3.9 1.53e-02 1.85e-04f  1
 194  1.2200448e+06 4.51e-03 9.33e+02  -6.0 8.08e+01  -3.5 5.42e-03 1.11e-02f  1
 195  1.2197384e+06 4.47e-03 9.26e+02  -6.0 9.93e+02  -4.0 8.20e-03 7.80e-03f  1
 196  1.2197060e+06 4.46e-03 9.25e+02  -6.0 8.71e+01  -3.5 1.15e-01 9.28e-04f  1
 197  1.2190756e+06 4.36e-03 9.11e+02  -6.0 1.22e+02  -4.0 2.02e-07 1.51e-02f  1
 198  1.2190756e+06 4.36e-03 9.11e+02  -6.0 7.71e+01  -3.6 5.63e-02 3.00e-06h  1
 199  1.2184373e+06 3.82e-03 8.52e+02  -6.0 5.68e+01  -3.2 4.06e-02 6.47e-02f  1
iter    objective    inf_pr   inf_du lg(mu)  ||d||  lg(rg) alpha_du alpha_pr  ls
 200  1.2181111e+06 3.75e-03 8.31e+02  -6.0 8.48e+01  -3.6 2.04e-02 2.47e-02f  1
 201  1.2174309e+06 3.66e-03 8.12e+02  -6.0 8.74e+01  -3.2 2.02e-07 2.24e-02f  1
 202  1.2173594e+06 3.65e-03 8.11e+02  -6.0 1.31e+02  -3.7 2.72e-02 1.87e-03f  1
 203  1.2170969e+06 3.62e-03 8.03e+02  -6.0 1.07e+02  -3.3 7.58e-02 8.96e-03f  1
 204  1.2168535e+06 3.59e-03 7.97e+02  -6.0 8.66e+01  -3.7 1.64e-02 8.20e-03f  1
 205  1.2168534e+06 3.59e-03 7.97e+02  -6.0 6.88e+01  -3.3 1.13e-02 1.97e-05h  1
 206  1.2167503e+06 3.56e-03 7.91e+02  -6.0 6.86e+01  -3.8 4.24e-03 7.03e-03f  1
 207  1.2165737e+06 3.50e-03 7.70e+02  -6.0 6.79e+01  -3.4 5.21e-03 2.54e-02f  1
 208  1.2164533e+06 3.49e-03 7.55e+02  -6.0 9.18e+01  -3.8 2.32e-02 1.91e-02f  1
 209  1.2163333e+06 3.48e-03 7.38e+02  -6.0 7.55e+01  -3.4 2.58e-02 2.29e-02f  1
iter    objective    inf_pr   inf_du lg(mu)  ||d||  lg(rg) alpha_du alpha_pr  ls
 210  1.2162735e+06 3.46e-03 7.31e+02  -6.0 1.01e+02  -3.9 1.28e-02 9.09e-03f  1
 211  1.2160031e+06 3.49e-03 6.92e+02  -6.0 7.59e+01  -3.5 7.99e-03 5.12e-02f  1
 212  1.2159656e+06 3.47e-03 6.88e+02  -6.0 9.06e+01  -3.9 1.65e-02 6.36e-03f  1
 213  1.2159570e+06 3.47e-03 6.87e+02  -6.0 7.48e+01  -3.5 5.48e-02 1.71e-03h  1
 214  1.2157025e+06 3.47e-03 6.57e+02  -6.0 9.25e+01  -4.0 8.72e-03 4.19e-02f  1
 215  1.2156876e+06 3.46e-03 6.55e+02  -6.0 7.90e+01  -3.6 5.26e-02 2.88e-03h  1
 216  1.2156789e+06 3.45e-03 6.55e+02  -6.0 1.16e+04  -4.0 9.41e-04 5.49e-04f  1
 217  1.2156789e+06 3.45e-03 6.55e+02  -6.0 4.46e+02  -4.5 1.85e-04 4.73e-06h  1
 218  1.2156091e+06 3.42e-03 6.50e+02  -6.0 8.00e+01  -4.1 1.62e-02 7.33e-03f  1
 219  1.2155139e+06 3.38e-03 6.45e+02  -6.0 8.91e+01  -4.6 6.32e-03 7.84e-03f  1
iter    objective    inf_pr   inf_du lg(mu)  ||d||  lg(rg) alpha_du alpha_pr  ls
 220  1.2154581e+06 3.37e-03 6.42e+02  -6.0 9.19e+01  -4.2 6.34e-03 4.28e-03f  1
 221  1.2153275e+06 3.32e-03 6.35e+02  -6.0 1.22e+02  -4.6 4.30e-03 1.08e-02f  1
 222  1.2152756e+06 3.31e-03 6.32e+02  -6.0 8.96e+01  -4.2 3.33e-02 4.42e-03f  1
 223  1.2152382e+06 3.29e-03 6.30e+02  -6.0 8.21e+01  -3.8 1.45e-02 3.47e-03f  1
 224  1.2148542e+06 3.20e-03 6.09e+02  -6.0 1.10e+02  -4.3 1.19e-02 3.15e-02f  1
 225  1.2147572e+06 3.17e-03 6.03e+02  -6.0 9.67e+01  -3.8 8.42e-02 1.00e-02f  1
 226  1.2147365e+06 3.16e-03 6.02e+02  -6.0 1.21e+02  -4.3 1.11e-05 1.58e-03f  1
 227  1.2145743e+06 3.10e-03 5.92e+02  -6.0 9.82e+01  -3.9 1.48e-02 1.56e-02f  1
 228  1.2144790e+06 3.02e-03 5.85e+02  -6.0 1.20e+02  -4.4 2.66e-02 1.21e-02f  1
 229  1.2143026e+06 2.82e-03 5.69e+02  -6.0 1.05e+02  -3.9 1.33e-02 2.49e-02f  1
iter    objective    inf_pr   inf_du lg(mu)  ||d||  lg(rg) alpha_du alpha_pr  ls
 230  1.2140199e+06 2.59e-03 5.48e+02  -6.0 1.26e+02  -4.4 1.25e-01 3.54e-02f  1
 231  1.2139121e+06 2.53e-03 5.32e+02  -6.0 6.70e+01  -4.0 1.69e-02 2.66e-02f  1
 232  1.2135143e+06 2.45e-03 5.16e+02  -6.0 8.07e+01  -4.5 9.18e-07 2.95e-02f  1
 233  1.2134880e+06 2.45e-03 5.15e+02  -6.0 8.16e+01  -4.0 5.82e-02 1.99e-03f  1
 234  1.2132549e+06 2.41e-03 5.06e+02  -6.0 1.32e+02  -4.5 9.83e-03 1.67e-02f  1
 235  1.2128113e+06 2.37e-03 4.93e+02  -6.0 1.04e+02  -4.1 8.09e-02 2.62e-02f  1
 236  1.2128094e+06 2.37e-03 4.93e+02  -6.0 7.19e+01  -3.7 1.48e-02 1.85e-04h  1
 237  1.2123636e+06 2.55e-03 4.75e+02  -6.0 8.90e+01  -4.1 6.03e-02 3.55e-02f  1
 238  1.2123632e+06 2.55e-03 4.75e+02  -6.0 7.56e+01  -3.7 1.23e-01 3.72e-05h  1
 239  1.2122743e+06 2.54e-03 4.72e+02  -6.0 9.55e+01  -4.2 5.54e-07 6.51e-03f  1
iter    objective    inf_pr   inf_du lg(mu)  ||d||  lg(rg) alpha_du alpha_pr  ls
 240  1.2117481e+06 3.10e-03 4.00e+02  -6.0 6.93e+01  -3.8 2.75e-02 1.30e-01f  1
 241  1.2117480e+06 3.10e-03 4.00e+02  -6.0 9.08e+01  -4.2 1.78e-02 2.36e-05h  1
 242  1.2117451e+06 3.10e-03 4.00e+02  -6.0 7.32e+01  -3.8 1.68e-02 7.44e-04h  1
 243  1.2117450e+06 3.10e-03 4.00e+02  -6.0 8.57e+01  -4.3 3.97e-03 1.51e-05h  1
 244  1.2117450e+06 3.10e-03 4.00e+02  -6.0 8.58e+02  -3.9 8.30e-04 6.54e-07f  1
 245  1.2114277e+06 2.89e-03 3.71e+02  -6.0 8.65e+01  -4.3 1.27e-02 6.90e-02f  1
 246  1.2114242e+06 2.88e-03 3.70e+02  -6.0 8.04e+01  -3.9 1.62e-02 8.40e-04h  1
 247  1.2113921e+06 2.86e-03 3.68e+02  -6.0 5.34e+02  -4.4 1.68e-02 6.66e-03f  1
 248  1.2110196e+06 2.61e-03 3.34e+02  -6.0 8.26e+01  -4.0 1.53e-02 8.75e-02f  1
 249  1.2109436e+06 2.56e-03 3.26e+02  -6.0 6.65e+01  -3.5 1.25e-02 2.26e-02f  1
iter    objective    inf_pr   inf_du lg(mu)  ||d||  lg(rg) alpha_du alpha_pr  ls
 250  1.2109099e+06 2.54e-03 3.24e+02  -6.0 9.05e+01  -4.0 5.07e-02 7.58e-03h  1
 251  1.2108309e+06 2.48e-03 3.17e+02  -6.0 7.15e+01  -3.6 1.73e-02 2.21e-02f  1
 252  1.2107900e+06 2.09e-03 2.62e+02  -6.0 3.95e+00  -3.2 1.43e-02 1.58e-01h  1
 253  1.2107811e+06 2.06e-03 2.58e+02  -6.0 9.35e+00  -3.6 6.12e-02 1.56e-02h  1
 254  1.2107754e+06 2.01e-03 2.52e+02  -6.0 4.84e+00  -3.2 6.22e-02 2.16e-02h  1
 255  1.2107691e+06 1.97e-03 2.46e+02  -6.0 5.96e+00  -3.7 9.03e-03 2.30e-02h  1
 256  1.2107656e+06 1.94e-03 2.43e+02  -6.0 4.83e+00  -3.3 1.40e-02 1.35e-02h  1
 257  1.2103381e+06 2.06e-03 2.30e+02  -6.0 7.84e+01  -3.7 1.78e-03 5.27e-02f  1
 258  1.2103381e+06 2.06e-03 2.30e+02  -6.0 1.13e+01  -3.3 7.60e-04 3.05e-07h  2
 259  1.2103357e+06 2.05e-03 2.29e+02  -6.0 2.62e+01  -3.8 4.35e-02 2.44e-03h  1
iter    objective    inf_pr   inf_du lg(mu)  ||d||  lg(rg) alpha_du alpha_pr  ls
 260  1.2102298e+06 2.01e-03 2.18e+02  -6.0 3.43e+01  -3.4 3.93e-04 5.16e-02f  1
 261  1.2100241e+06 2.09e-03 2.02e+02  -6.0 5.48e+01  -3.8 3.59e-02 7.50e-02f  1
 262  1.2099707e+06 2.07e-03 1.95e+02  -6.0 2.98e+01  -3.4 2.64e-02 3.23e-02h  1
 263  1.2099134e+06 2.07e-03 1.91e+02  -6.0 4.83e+01  -3.9 1.44e-02 2.41e-02f  1
 264  1.2098637e+06 2.05e-03 1.86e+02  -6.0 4.43e+01  -3.5 7.81e-02 2.39e-02h  1
 265  1.2096756e+06 2.10e-03 1.75e+02  -6.0 3.59e+01  -3.0 1.18e-05 6.24e-02f  1
 266  1.2096720e+06 2.10e-03 1.74e+02  -6.0 5.85e+01  -3.5 6.17e-02 6.71e-04h  1
 267  1.2096248e+06 2.08e-03 1.72e+02  -6.0 3.94e+01  -3.1 6.45e-04 1.52e-02h  1
 268  1.2095803e+06 2.07e-03 1.71e+02  -6.0 9.73e+01  -3.6 9.21e-02 6.78e-03f  1
 269  1.2094267e+06 2.02e-03 1.65e+02  -6.0 5.35e+01  -3.1 1.25e-02 3.80e-02f  1
iter    objective    inf_pr   inf_du lg(mu)  ||d||  lg(rg) alpha_du alpha_pr  ls
 270  1.2094169e+06 2.02e-03 1.64e+02  -6.0 1.05e+02  -3.6 6.15e-03 1.45e-03h  1
 271  1.2092307e+06 1.99e-03 1.49e+02  -6.0 5.33e+01  -3.2 7.16e-02 9.62e-02f  1
 272  1.2092084e+06 1.98e-03 1.48e+02  -6.0 1.04e+02  -3.7 4.93e-02 6.56e-03h  1
 273  1.2090665e+06 2.50e-03 1.30e+02  -6.0 1.99e+01  -3.2 1.29e-02 1.25e-01h  1
 274  1.2090356e+06 2.41e-03 1.25e+02  -6.0 1.97e+01  -2.8 9.73e-02 3.40e-02h  1
 275  1.2088782e+06 2.28e-03 1.14e+02  -6.0 4.05e+01  -3.3 1.66e-02 8.67e-02f  1
 276  1.2088319e+06 2.17e-03 1.08e+02  -6.0 1.92e+01  -2.9 1.98e-01 5.14e-02h  1
 277  1.2086890e+06 2.05e-03 9.97e+01  -6.0 4.34e+01  -3.4 1.66e-01 7.77e-02f  1
 278  1.2085027e+06 1.66e-03 7.99e+01  -6.0 2.05e+01  -2.9 5.26e-02 1.91e-01f  1
 279  1.2083953e+06 1.57e-03 7.53e+01  -6.0 4.31e+01  -3.4 1.15e-01 5.65e-02f  1
iter    objective    inf_pr   inf_du lg(mu)  ||d||  lg(rg) alpha_du alpha_pr  ls
 280  1.2083183e+06 1.54e-03 7.43e+01  -6.0 1.42e+02    -  6.98e-03 1.43e-02f  1
 281  1.2083085e+06 1.24e-03 5.97e+01  -6.0 1.52e+00  -1.2 1.19e-01 2.82e-01h  1
 282  1.2083058e+06 1.23e-03 5.97e+01  -6.0 1.45e+02    -  6.24e-02 5.58e-04h  1
 283  1.2080558e+06 1.56e-03 5.67e+01  -6.0 1.44e+02    -  6.79e-03 5.03e-02f  1
 284  1.2080184e+06 1.54e-03 5.61e+01  -6.0 1.45e+02    -  2.46e-02 9.75e-03f  1
 285  1.2079219e+06 1.49e-03 5.47e+01  -6.0 1.45e+02    -  4.62e-02 2.51e-02f  1
 286  1.2077447e+06 1.90e-03 5.22e+01  -6.0 1.48e+02    -  5.75e-02 4.66e-02f  1
 287  1.2076953e+06 1.93e-03 5.15e+01  -6.0 1.52e+02    -  1.15e-01 1.32e-02f  1
 288  1.2075926e+06 2.14e-03 4.98e+01  -6.0 1.42e+02    -  1.39e-01 3.27e-02f  1
 289  1.2075728e+06 2.11e-03 4.85e+01  -6.0 4.26e+01    -  4.25e-02 2.60e-02h  1
iter    objective    inf_pr   inf_du lg(mu)  ||d||  lg(rg) alpha_du alpha_pr  ls
 290  1.2075519e+06 2.09e-03 4.71e+01  -6.0 4.44e+01    -  2.37e-02 2.89e-02h  1
 291  1.2074823e+06 2.24e-03 4.50e+01  -6.0 6.89e+01    -  5.34e-02 4.61e-02h  1
 292  1.2074577e+06 2.20e-03 4.32e+01  -6.0 4.47e+01    -  1.42e-01 3.95e-02h  1
 293  1.2074475e+06 2.17e-03 4.25e+01  -6.0 4.42e+01    -  6.11e-02 1.73e-02h  1
 294  1.2074363e+06 1.98e-03 3.88e+01  -6.0 1.20e+01    -  5.68e-02 8.69e-02h  1
 295  1.2074304e+06 1.89e-03 3.70e+01  -6.0 1.23e+01    -  1.19e-02 4.61e-02h  1
 296  1.2074162e+06 1.74e-03 3.83e+01  -6.0 1.58e+01    -  1.29e-02 7.94e-02h  1
 297  1.2074019e+06 1.60e-03 3.57e+01  -6.0 1.54e+01    -  1.94e-02 7.73e-02h  1
 298  1.2073920e+06 1.51e-03 3.39e+01  -6.0 1.50e+01    -  3.11e-02 5.62e-02h  1
 299  1.2073810e+06 1.40e-03 3.17e+01  -6.0 1.40e+01    -  4.00e-02 7.16e-02h  1
iter    objective    inf_pr   inf_du lg(mu)  ||d||  lg(rg) alpha_du alpha_pr  ls
 300  1.2073733e+06 1.33e-03 2.97e+01  -6.0 1.41e+01    -  2.02e-01 5.28e-02h  1

Number of Iterations....: 300

                                   (scaled)                 (unscaled)
Objective...............:   9.2566027952772947e+03    1.2073733130258692e+06
Dual infeasibility......:   2.9659271683614058e+01    3.8685697017106068e+03
Constraint violation....:   2.3683286500299504e-04    1.3304247110543788e-03
Variable bound violation:   2.7657041101747382e-08    2.7657041101747382e-08
Complementarity.........:   1.4324755330834551e-03    1.8684313980609327e-01
Overall NLP error.......:   2.9659271683614058e+01    3.8685697017106068e+03


Number of objective function evaluations             = 306
Number of objective gradient evaluations             = 276
Number of equality constraint evaluations            = 306
Number of inequality constraint evaluations          = 307
Number of equality constraint Jacobian evaluations   = 303
Number of inequality constraint Jacobian evaluations = 303
Number of Lagrangian Hessian evaluations             = 300
Total seconds in IPOPT                               = 76.463

EXIT: Maximum Number of Iterations Exceeded.

