Solver command line: ['/opt/homebrew/bin/ipopt', '/var/folders/6y/bvynbx6n3zv7z3lwg6vd724r0000gn/T/tmpgn8oqds_.pyomo.nl', '-AMPL', 'tol=1e-06', 'max_iter=300', 'print_level=5', 'warm_start_init_point=yes', 'warm_start_bound_push=1e-06', 'warm_start_bound_frac=1e-06', 'warm_start_mult_bound_push=1e-06', 'mu_init=1e-06', 'least_square_init_duals=no']

Ipopt 3.14.19: tol=1e-06
max_iter=300
print_level=5
warm_start_init_point=yes
warm_start_bound_push=1e-06
warm_start_bound_frac=1e-06
warm_start_mult_bound_push=1e-06
mu_init=1e-06
least_square_init_duals=no


******************************************************************************
This program contains Ipopt, a library for large-scale nonlinear optimization.
 Ipopt is released as open source code under the Eclipse Public License (EPL).
         For more information visit https://github.com/coin-or/Ipopt
******************************************************************************

This is Ipopt version 3.14.19, running with linear solver MUMPS 5.6.2.

Number of nonzeros in equality constraint Jacobian...:    86425
Number of nonzeros in inequality constraint Jacobian.:    72576
Number of nonzeros in Lagrangian Hessian.............:    48426

Total number of variables............................:    12204
                     variables with only lower bounds:        0
                variables with lower and upper bounds:    12204
                     variables with only upper bounds:        0
Total number of equality constraints.................:    11317
Total number of inequality constraints...............:    18144
        inequality constraints with only lower bounds:        0
   inequality constraints with lower and upper bounds:        0
        inequality constraints with only upper bounds:    18144

iter    objective    inf_pr   inf_du lg(mu)  ||d||  lg(rg) alpha_du alpha_pr  ls
   0  1.2073144e+06 3.08e+01 5.56e+01  -6.0 0.00e+00    -  0.00e+00 0.00e+00   0
   1  1.2064550e+06 2.85e+01 5.15e+01  -6.0 4.28e+00    -  1.17e-01 7.24e-02f  1
   2  1.2040575e+06 2.02e+01 3.63e+01  -6.0 3.47e+01    -  1.09e-01 2.72e-01f  1
   3  1.2034455e+06 1.28e+01 2.29e+01  -6.0 1.29e+02    -  1.00e+00 3.54e-01h  1
   4  1.2038680e+06 9.93e+00 1.78e+01  -6.0 1.51e+02    -  9.89e-02 2.22e-01h  2
   5  1.2049101e+06 5.34e+00 9.54e+00  -6.0 1.38e+02    -  4.31e-01 4.55e-01h  1
   6  1.2070123e+06 1.20e-01 7.50e-01  -6.0 9.98e+01    -  7.72e-01 1.00e+00h  1
   7  1.2073158e+06 1.44e-03 1.85e-03  -6.0 9.88e+00    -  1.00e+00 1.00e+00h  1
   8  1.2073153e+06 1.09e-03 6.81e-02  -6.0 6.69e-01    -  1.00e+00 2.43e-01h  1
   9  1.2073139e+06 4.45e-06 1.34e-04  -6.0 1.45e-01    -  1.00e+00 9.97e-01h  1
iter    objective    inf_pr   inf_du lg(mu)  ||d||  lg(rg) alpha_du alpha_pr  ls
  10  1.2073139e+06 1.42e-09 6.86e-09  -6.0 1.82e-03    -  1.00e+00 1.00e+00h  1
  11  1.2073138e+06 5.81e-08 7.55e-04  -7.2 6.40e-03    -  1.00e+00 9.86e-01h  1
  12  1.2073138e+06 4.90e-11 8.61e-09  -7.2 1.42e-04    -  1.00e+00 1.00e+00f  1

Number of Iterations....: 12

                                   (scaled)                 (unscaled)
Objective...............:   9.2561464105098912e+03    1.2073137850542341e+06
Dual infeasibility......:   8.6086880840167490e-09    1.1228633746830508e-06
Constraint violation....:   1.4246897064862374e-11    4.9015902447990811e-11
Variable bound violation:   1.0344416168095449e-07    1.0344416168095449e-07
Complementarity.........:   6.9830576609889486e-08    9.1082632037538307e-06
Overall NLP error.......:   6.9830576609889486e-08    9.1082632037538307e-06


Number of objective function evaluations             = 14
Number of objective gradient evaluations             = 13
Number of equality constraint evaluations            = 14
Number of inequality constraint evaluations          = 15
Number of equality constraint Jacobian evaluations   = 13
Number of inequality constraint Jacobian evaluations = 13
Number of Lagrangian Hessian evaluations             = 12
Total seconds in IPOPT                               = 5.316

EXIT: Optimal Solution Found.

