Solver command line: ['/opt/homebrew/bin/ipopt', '/var/folders/6y/bvynbx6n3zv7z3lwg6vd724r0000gn/T/tmpvhvfhe1j.pyomo.nl', '-AMPL', 'tol=1e-06', 'max_iter=300', 'print_level=5', 'warm_start_init_point=yes', 'warm_start_bound_push=1e-06', 'warm_start_bound_frac=1e-06', 'warm_start_mult_bound_push=1e-06', 'mu_init=1e-06', 'least_square_init_duals=no']

Ipopt 3.14.19: tol=1e-06
max_iter=300
print_level=5
warm_start_init_point=yes
warm_start_bound_push=1e-06
warm_start_bound_frac=1e-06
warm_start_mult_bound_push=1e-06
mu_init=1e-06
least_square_init_duals=no


******************************************************************************
This program contains Ipopt, a library for large-scale nonlinear optimization.
 Ipopt is released as open source code under the Eclipse Public License (EPL).
         For more information visit https://github.com/coin-or/Ipopt
******************************************************************************

This is Ipopt version 3.14.19, running with linear solver MUMPS 5.6.2.

Number of nonzeros in equality constraint Jacobian...:    86425
Number of nonzeros in inequality constraint Jacobian.:    72576
Number of nonzeros in Lagrangian Hessian.............:    48426

Total number of variables............................:    12204
                     variables with only lower bounds:        0
                variables with lower and upper bounds:    12204
                     variables with only upper bounds:        0
Total number of equality constraints.................:    11317
Total number of inequality constraints...............:    18144
        inequality constraints with only lower bounds:        0
   inequality constraints with lower and upper bounds:        0
        inequality constraints with only upper bounds:    18144

iter    objective    inf_pr   inf_du lg(mu)  ||d||  lg(rg) alpha_du alpha_pr  ls
   0  1.6241438e+06 9.51e+00 7.36e-03  -6.0 0.00e+00    -  0.00e+00 0.00e+00   0
   1  1.2073853e+06 1.63e-03 6.90e-03  -6.0 3.72e+00    -  5.78e-01 1.00e+00f  1
   2  1.2073730e+06 1.35e-03 3.14e-02  -6.0 7.10e-01    -  1.00e+00 1.72e-01f  1
   3  1.2073139e+06 5.04e-08 1.34e-07  -6.0 6.26e-01    -  1.00e+00 1.00e+00f  1
   4  1.2073138e+06 5.84e-08 7.37e-04  -7.2 3.31e-03    -  1.00e+00 9.86e-01h  1
   5  1.2073138e+06 4.81e-11 8.32e-09  -7.2 1.74e-02    -  1.00e+00 1.00e+00f  1

Number of Iterations....: 5

                                   (scaled)                 (unscaled)
Objective...............:   9.2561464105098603e+03    1.2073137850542301e+06
Dual infeasibility......:   8.3195070412709618e-09    1.0851444100297988e-06
Constraint violation....:   1.3919256372507682e-11    4.8141046704586188e-11
Variable bound violation:   1.0344416168095449e-07    1.0344416168095449e-07
Complementarity.........:   6.9829665455366064e-08    9.1081443584625345e-06
Overall NLP error.......:   6.9829665455366064e-08    9.1081443584625345e-06


Number of objective function evaluations             = 6
Number of objective gradient evaluations             = 6
Number of equality constraint evaluations            = 6
Number of inequality constraint evaluations          = 7
Number of equality constraint Jacobian evaluations   = 6
Number of inequality constraint Jacobian evaluations = 6
Number of Lagrangian Hessian evaluations             = 5
Total seconds in IPOPT                               = 3.195

EXIT: Optimal Solution Found.

