Solver command line: ['/opt/homebrew/bin/ipopt', '/var/folders/6y/bvynbx6n3zv7z3lwg6vd724r0000gn/T/tmp5pidy1zl.pyomo.nl', '-AMPL', 'tol=1e-06', 'max_iter=300', 'print_level=5']

Ipopt 3.14.19: tol=1e-06
max_iter=300
print_level=5


******************************************************************************
This program contains Ipopt, a library for large-scale nonlinear optimization.
 Ipopt is released as open source code under the Eclipse Public License (EPL).
         For more information visit https://github.com/coin-or/Ipopt
******************************************************************************

This is Ipopt version 3.14.19, running with linear solver MUMPS 5.6.2.

Number of nonzeros in equality constraint Jacobian...:    91135
Number of nonzeros in inequality constraint Jacobian.:    72000
Number of nonzeros in Lagrangian Hessian.............:    51664

Total number of variables............................:    13678
                     variables with only lower bounds:        0
                variables with lower and upper bounds:    13678
                     variables with only upper bounds:        0
Total number of equality constraints.................:    12937
Total number of inequality constraints...............:    18000
        inequality constraints with only lower bounds:        0
   inequality constraints with lower and upper bounds:        0
        inequality constraints with only upper bounds:    18000

iter    objective    inf_pr   inf_du lg(mu)  ||d||  lg(rg) alpha_du alpha_pr  ls
   0  1.8545790e+06 3.41e+05 1.00e+02  -1.0 0.00e+00    -  0.00e+00 0.00e+00   0
   1  1.7358395e+06 3.29e+05 3.53e+02  -1.0 1.22e+02    -  1.11e-03 1.78e-02f  1
   2  1.7250996e+06 3.27e+05 3.51e+02  -1.0 1.98e+02    -  7.59e-03 2.11e-03f  1
   3  1.7098937e+06 3.25e+05 3.54e+02  -1.0 1.63e+02    -  4.42e-03 3.64e-03f  1
   4  1.7093552e+06 3.25e+05 3.54e+02  -1.0 1.46e+02    -  7.92e-04 1.74e-04f  1
   5  1.6994594e+06 3.23e+05 3.47e+02  -1.0 1.39e+02    -  3.36e-05 3.02e-03f  1
   6  1.6957200e+06 3.22e+05 3.45e+02  -1.0 1.41e+02    -  5.48e-03 1.18e-03f  1
   7  1.6676736e+06 3.16e+05 2.30e+02  -1.0 1.54e+02    -  6.51e-03 9.92e-03f  1
   8  1.6599785e+06 3.13e+05 2.61e+02  -1.0 2.12e+02    -  1.77e-02 3.78e-03f  1
   9  1.6536147e+06 3.11e+05 3.27e+02  -1.0 2.43e+02    -  1.84e-02 4.16e-03f  1
iter    objective    inf_pr   inf_du lg(mu)  ||d||  lg(rg) alpha_du alpha_pr  ls
  10  1.6500407e+06 3.09e+05 4.81e+02  -1.0 2.90e+02    -  2.09e-02 3.08e-03f  1
  11  1.6451971e+06 3.05e+05 4.52e+02  -1.0 2.74e+02    -  1.31e-02 6.02e-03f  1
  12  1.6435908e+06 3.04e+05 5.86e+02  -1.0 3.02e+02    -  4.19e-03 2.27e-03f  1
  13  1.6411223e+06 3.02e+05 3.09e+02  -1.0 2.64e+02    -  1.27e-04 3.60e-03f  1
  14  1.6408730e+06 3.01e+05 9.26e+02  -1.0 2.14e+02    -  7.59e-03 4.66e-04h  1
  15  1.6400993e+06 3.00e+05 9.42e+02  -1.0 2.54e+02    -  2.24e-03 2.13e-03h  1
  16  1.6400309e+06 2.99e+05 1.99e+03  -1.0 5.67e+02    -  4.64e-03 8.91e-04h  1
  17  1.6404097e+06 2.99e+05 4.16e+03  -1.0 8.50e+02    -  6.68e-03 9.07e-04h  2
  18  1.6410151e+06 2.99e+05 5.70e+03  -1.0 1.33e+03    -  2.40e-03 2.83e-04h  3
  19  1.6440432e+06 2.99e+05 5.63e+03  -1.0 1.67e+03    -  2.28e-05 1.66e-04h  1
iter    objective    inf_pr   inf_du lg(mu)  ||d||  lg(rg) alpha_du alpha_pr  ls
  20  1.6445393e+06 2.99e+05 7.29e+03  -1.0 1.62e+03    -  1.50e-03 1.28e-04h  3
  21  1.6450566e+06 2.99e+05 1.03e+04  -1.0 1.93e+03    -  6.92e-04 9.38e-05h  5
  22  1.6454704e+06 2.99e+05 1.40e+04  -1.0 2.20e+03    -  6.52e-04 6.58e-05h  5
  23  1.6458727e+06 2.99e+05 1.94e+04  -1.0 2.41e+03    -  7.98e-04 5.83e-05h  5
  24  1.6461944e+06 2.99e+05 2.99e+04  -1.0 2.63e+03    -  1.32e-03 4.27e-05h  6
  25  1.6464183e+06 2.99e+05 3.53e+04  -1.0 2.91e+03    -  6.07e-04 2.55e-05h  6
  26  1.6466662e+06 2.99e+05 3.74e+04  -1.0 2.91e+03    -  2.46e-04 2.24e-05h  7
  27  1.6470156e+06 2.99e+05 3.88e+04  -1.0 2.87e+03    -  1.85e-04 2.67e-05h  6
  28  1.6473862e+06 2.99e+05 4.38e+04  -1.0 2.90e+03    -  5.75e-04 2.82e-05h  6
  29  1.6478984e+06 2.99e+05 4.64e+04  -1.0 3.04e+03    -  3.05e-04 4.10e-05h  6
iter    objective    inf_pr   inf_du lg(mu)  ||d||  lg(rg) alpha_du alpha_pr  ls
  30  1.6552688e+06 2.98e+05 4.24e+04  -1.0 3.02e+03    -  9.09e-05 5.09e-04w  1
  31  1.6619265e+06 2.98e+05 4.73e+04  -1.0 3.11e+03    -  1.12e-03 5.72e-04w  1
  32  1.6661409e+06 2.98e+05 4.61e+04  -1.0 2.80e+03    -  3.97e-05 2.29e-04w  1
  33  1.6483591e+06 2.99e+05 4.69e+04  -1.0 3.08e+03    -  9.09e-05 3.18e-05h  4
  34  1.6488744e+06 2.99e+05 5.26e+04  -1.0 3.06e+03    -  6.30e-04 3.72e-05h  5
  35  1.6491292e+06 2.98e+05 6.09e+04  -1.0 3.26e+03    -  8.15e-04 2.05e-05h  7
  36  1.6495952e+06 2.98e+05 6.10e+04  -1.0 3.26e+03    -  4.05e-05 2.85e-05h  5
  37  1.6500181e+06 2.98e+05 7.33e+04  -1.0 3.25e+03    -  1.24e-03 2.55e-05h  5
  38  1.6503341e+06 2.98e+05 7.67e+04  -1.0 3.63e+03    -  3.07e-04 2.29e-05h  7
  39  1.6507019e+06 2.98e+05 7.88e+04  -1.0 3.70e+03    -  1.97e-04 2.57e-05h  7
iter    objective    inf_pr   inf_du lg(mu)  ||d||  lg(rg) alpha_du alpha_pr  ls
  40  1.6511992e+06 2.98e+05 8.29e+04  -1.0 3.74e+03    -  3.72e-04 3.32e-05h  6
  41  1.6515066e+06 2.98e+05 9.70e+04  -1.0 3.82e+03    -  1.15e-03 2.08e-05h  7
  42  1.6518883e+06 2.98e+05 1.00e+05  -1.0 4.01e+03    -  2.64e-04 2.30e-05h  7
  43  1.6776130e+06 2.98e+05 8.34e+04  -1.0 4.06e+03    -  3.19e-04 1.53e-03w  1
  44  1.6860049e+06 2.98e+05 7.97e+04  -1.0 3.94e+03    -  1.09e-05 5.28e-04w  1
  45  1.6863543e+06 2.98e+05 8.67e+04  -1.0 4.55e+03    -  9.63e-04 2.39e-05w  1
  46  1.6522902e+06 2.98e+05 1.04e+05  -1.0 4.55e+03    -  3.19e-04 2.40e-05h  6
  47  1.6527635e+06 2.98e+05 1.04e+05  -1.0 4.10e+03    -  5.44e-06 2.78e-05h  7
  48  1.6532396e+06 2.98e+05 1.09e+05  -1.0 4.08e+03    -  3.81e-04 2.79e-05h  7
  49  1.6535160e+06 2.98e+05 1.09e+05  -1.0 4.15e+03    -  5.34e-05 1.58e-05h  8
iter    objective    inf_pr   inf_du lg(mu)  ||d||  lg(rg) alpha_du alpha_pr  ls
  50  1.6538015e+06 2.98e+05 1.17e+05  -1.0 4.13e+03    -  6.23e-04 1.62e-05h  8
  51  1.6542258e+06 2.98e+05 1.18e+05  -1.0 4.15e+03    -  4.34e-05 2.03e-05h  7
  52  1.6546519e+06 2.98e+05 1.20e+05  -1.0 4.14e+03    -  1.68e-04 2.02e-05h  7
  53  1.6551131e+06 2.98e+05 1.21e+05  -1.0 4.14e+03    -  9.11e-05 2.13e-05h  7
  54  1.6556007e+06 2.98e+05 1.24e+05  -1.0 4.13e+03    -  2.89e-04 2.22e-05h  7
  55  1.6560966e+06 2.98e+05 1.25e+05  -1.0 4.12e+03    -  1.06e-04 2.14e-05h  7
  56  1.6898415e+06 2.98e+05 1.10e+05  -1.0 4.11e+03    -  2.38e-04 1.45e-03w  1
  57  1.7149057e+06 2.98e+05 1.09e+05  -1.0 4.29e+03    -  1.29e-03 1.46e-03w  1
  58  1.7226161e+06 2.98e+05 1.10e+05  -1.0 5.73e+03    -  8.11e-04 5.71e-04w  1
  59  1.6566238e+06 2.98e+05 1.28e+05  -1.0 7.00e+02   0.0 2.38e-04 2.26e-05h  6
iter    objective    inf_pr   inf_du lg(mu)  ||d||  lg(rg) alpha_du alpha_pr  ls
  60  1.6571303e+06 2.98e+05 1.30e+05  -1.0 4.11e+03    -  1.69e-04 2.16e-05h  7
  61  1.6576803e+06 2.98e+05 1.32e+05  -1.0 4.11e+03    -  2.19e-04 2.35e-05h  7
  62  1.6581972e+06 2.98e+05 1.35e+05  -1.0 4.12e+03    -  2.85e-04 2.24e-05h  7
  63  1.6682432e+06 2.98e+05 1.35e+05  -1.0 4.13e+03    -  4.44e-04 4.44e-04s 13
  64  1.6744783e+06 2.98e+05 1.35e+05  -1.0 3.68e+03    -  2.80e-04 2.80e-04s 13
  65  1.6879060e+06 2.98e+05 1.35e+05  -1.0 3.53e+03    -  6.51e-04 6.51e-04s 13
  66  1.7222030e+06 2.98e+05 1.35e+05  -1.0 4.25e+03    -  1.94e-03 1.94e-03s 13
  67  1.7240914e+06 2.98e+05 1.35e+05  -1.0 5.88e+03    -  1.42e-04 1.42e-04s 13
  68r 1.7240914e+06 2.98e+05 1.00e+03   1.4 0.00e+00    -  0.00e+00 0.00e+00R  1
  69r 1.7142582e+06 2.80e+05 1.01e+03   1.4 9.52e+03    -  2.50e-04 3.21e-04f  1
iter    objective    inf_pr   inf_du lg(mu)  ||d||  lg(rg) alpha_du alpha_pr  ls
  70r 1.6727242e+06 1.98e+05 1.06e+03   1.4 7.70e+03    -  1.15e-03 1.44e-03f  1
  71r 1.6300398e+06 1.50e+05 4.75e+03   1.4 6.19e+03  -2.0 8.93e-04 1.27e-03f  1
  72r 1.5114939e+06 9.08e+04 4.73e+03   1.4 1.33e+03  -0.7 1.18e-03 3.35e-03f  1
  73r 1.4417314e+06 7.77e+04 4.53e+03   1.4 7.09e+02  -0.2 3.15e-04 2.99e-03f  1
  74r 1.3671189e+06 6.10e+04 4.49e+03   1.4 4.16e+02   0.2 4.22e-03 5.07e-03f  1
  75r 1.3354097e+06 5.63e+04 4.49e+03   1.4 5.87e+02  -0.3 5.94e-03 2.71e-03f  1
  76r 1.2630352e+06 4.69e+04 4.60e+03   1.4 1.43e+02   0.1 1.02e-02 1.15e-02f  1
  77r 1.2487805e+06 4.66e+04 5.26e+03   1.4 1.62e+01   1.5 1.07e-02 2.17e-02f  1
  78r 1.2482932e+06 4.70e+04 1.15e+04   1.4 1.44e+00   3.7 7.19e-02 1.37e-02f  1
  79r 1.2474753e+06 4.85e+04 6.55e+04   1.4 1.41e+00   4.1 7.14e-02 2.62e-02f  1
iter    objective    inf_pr   inf_du lg(mu)  ||d||  lg(rg) alpha_du alpha_pr  ls
  80r 1.2446190e+06 5.18e+04 5.47e+04   1.4 1.61e+00   3.6 8.68e-02 7.73e-02f  1
  81r 1.2341127e+06 5.98e+04 5.75e+04   1.4 2.06e+00   3.2 9.65e-02 1.95e-01f  1
  82r 1.2332664e+06 6.13e+04 2.60e+05   1.4 1.28e+00   4.5 1.28e-01 4.03e-02h  1
  83r 1.2319849e+06 6.39e+04 7.05e+05   1.4 1.30e+00   4.9 1.47e-01 7.12e-02h  1
  84r 1.2285911e+06 6.98e+04 5.21e+05   1.4 1.35e+00   4.4 1.57e-01 1.86e-01f  1
  85r 1.2283857e+06 7.02e+04 1.09e+06   1.4 1.18e+00   4.9 1.60e-01 1.55e-02h  1
  86r 1.2268167e+06 7.38e+04 2.48e+06   1.4 1.13e+00   5.3 2.65e-01 1.31e-01h  1
  87r 1.2268379e+06 7.39e+04 2.47e+06   1.4 3.07e+01   4.8 1.21e-03 1.22e-03f  1
  88r 1.2254316e+06 7.73e+04 7.90e+06   1.4 1.09e+00   5.2 2.43e-01 1.39e-01h  1
  89r 1.2250449e+06 7.83e+04 7.49e+06   1.4 9.96e-01   5.7 2.23e-01 4.77e-02h  1
iter    objective    inf_pr   inf_du lg(mu)  ||d||  lg(rg) alpha_du alpha_pr  ls
  90r 1.2238607e+06 8.11e+04 5.91e+06   1.4 1.05e+00   5.2 3.04e-01 1.43e-01h  1
  91r 1.2237729e+06 8.13e+04 5.82e+06   1.4 9.71e-01   5.6 1.20e-01 1.28e-02h  1
  92r 1.2220060e+06 8.51e+04 4.45e+06   1.4 1.03e+00   5.1 3.04e-01 2.43e-01h  1
  93  1.2117522e+06 8.44e+04 9.98e+01  -1.0 1.67e+02    -  1.15e-04 4.23e-03f  1
  94  1.1907944e+06 8.29e+04 9.92e+01  -1.0 1.78e+02    -  4.75e-03 9.45e-03f  1
  95  1.1548214e+06 7.94e+04 2.02e+02  -1.0 1.87e+02    -  1.09e-02 2.12e-02f  1
  96  1.1451981e+06 7.51e+04 5.93e+02  -1.0 1.93e+02    -  1.34e-02 2.73e-02f  1
  97  1.1553846e+06 7.01e+04 1.06e+03  -1.0 1.84e+02    -  4.43e-03 3.30e-02h  1
  98  1.1593677e+06 6.76e+04 1.11e+03  -1.0 2.78e+02    -  5.05e-03 1.80e-02h  2
  99  1.1668730e+06 6.47e+04 1.18e+03  -1.0 2.40e+02    -  1.31e-02 2.13e-02h  2
iter    objective    inf_pr   inf_du lg(mu)  ||d||  lg(rg) alpha_du alpha_pr  ls
 100  1.1796890e+06 6.09e+04 1.30e+03  -1.0 2.12e+02    -  1.64e-02 2.99e-02h  2
 101  1.1915925e+06 5.81e+04 1.34e+03  -1.0 1.68e+02    -  2.08e-02 2.29e-02h  3
 102  1.2047848e+06 5.54e+04 1.38e+03  -1.0 1.51e+02    -  2.19e-02 2.33e-02h  3
 103  1.2289771e+06 5.10e+04 1.53e+03  -1.0 1.46e+02    -  2.46e-02 4.04e-02h  2
 104  1.2647492e+06 4.54e+04 1.80e+03  -1.0 1.40e+02    -  5.93e-02 5.66e-02h  1
 105  1.3098341e+06 3.94e+04 2.13e+03  -1.0 1.43e+02    -  4.43e-02 6.88e-02h  1
 106  1.3627663e+06 3.33e+04 2.47e+03  -1.0 1.44e+02    -  1.45e-01 8.10e-02h  1
 107  1.4055190e+06 2.90e+04 2.59e+03  -1.0 1.43e+02    -  4.30e-02 6.75e-02h  3
 108  1.4489038e+06 2.51e+04 2.65e+03  -1.0 1.38e+02    -  9.48e-02 7.08e-02h  3
 109  1.5119439e+06 2.00e+04 2.79e+03  -1.0 1.34e+02    -  9.93e-02 1.09e-01h  2
iter    objective    inf_pr   inf_du lg(mu)  ||d||  lg(rg) alpha_du alpha_pr  ls
 110  1.6005788e+06 1.40e+04 2.97e+03  -1.0 1.26e+02    -  9.97e-02 1.67e-01h  1
 111  1.7207110e+06 7.74e+03 3.01e+03  -1.0 1.16e+02    -  4.79e-02 2.65e-01H  1
 112  1.8253129e+06 3.79e+03 2.43e+03  -1.0 1.00e+02    -  1.59e-01 3.12e-01h  1
 113  1.8659525e+06 2.61e+03 1.95e+03  -1.0 8.36e+01    -  1.98e-01 1.78e-01h  1
 114  1.9019038e+06 1.74e+03 1.44e+03  -1.0 7.12e+01    -  4.59e-01 1.90e-01h  1
 115  1.9425658e+06 9.48e+02 5.13e+02  -1.0 7.38e+01    -  4.20e-01 2.64e-01h  1
 116  1.9775008e+06 4.49e+02 3.94e+02  -1.0 7.74e+01    -  2.17e-01 2.97e-01h  1
 117  2.0021606e+06 1.94e+02 7.70e+02  -1.0 7.06e+01    -  4.47e-01 2.86e-01h  1
 118  2.0218560e+06 4.95e+01 8.29e+02  -1.0 7.42e+01    -  7.10e-01 2.97e-01h  1
 119  2.0380257e+06 7.06e+00 7.98e+02  -1.0 8.50e+01    -  7.21e-01 3.28e-01h  1
iter    objective    inf_pr   inf_du lg(mu)  ||d||  lg(rg) alpha_du alpha_pr  ls
 120  2.0475038e+06 5.19e+00 5.96e+02  -1.0 8.18e+01    -  9.90e-01 2.65e-01h  1
 121  2.0609650e+06 2.76e+00 3.37e+02  -1.0 8.56e+01    -  9.90e-01 4.69e-01h  1
 122  2.0724397e+06 8.20e-01 1.14e+02  -1.0 4.83e+01    -  1.00e+00 7.04e-01h  1
 123  2.0774728e+06 1.18e-02 5.41e+01  -1.0 2.07e+01    -  1.00e+00 1.00e+00h  1
 124  2.0774576e+06 5.43e-03 7.27e-01  -1.0 3.19e+00    -  1.00e+00 1.00e+00h  1
 125  2.0745222e+06 8.53e-03 1.09e+01  -1.7 1.45e+01    -  6.68e-01 6.44e-01f  1
 126  2.0726170e+06 2.34e-02 2.52e+01  -1.7 1.12e+01    -  6.38e-01 8.96e-01f  1
 127  2.0722029e+06 6.28e-03 9.75e-01  -1.7 2.55e+00    -  9.90e-01 1.00e+00h  1
 128  2.0721314e+06 1.79e-04 6.81e-03  -1.7 3.39e-01    -  1.00e+00 1.00e+00h  1
 129  2.0711203e+06 1.79e-02 5.46e+00  -3.8 7.17e+00    -  5.07e-01 5.44e-01f  1
iter    objective    inf_pr   inf_du lg(mu)  ||d||  lg(rg) alpha_du alpha_pr  ls
 130  2.0704534e+06 1.58e-02 6.03e+00  -3.8 4.74e+00    -  5.33e-01 5.28e-01f  1
 131  2.0703274e+06 1.34e-02 5.25e+00  -3.8 3.31e+00    -  1.67e-01 1.54e-01h  1
 132  2.0701321e+06 9.80e-03 9.35e+00  -3.8 3.02e+00    -  5.80e-01 2.72e-01h  1
 133  2.0699962e+06 7.34e-03 7.41e+00  -3.8 2.92e+00    -  2.82e-01 2.53e-01h  1
 134  2.0699428e+06 6.23e-03 1.63e+01  -3.8 2.24e+00    -  2.94e-01 1.51e-01h  1
 135  2.0699039e+06 5.34e-03 2.11e+01  -3.8 1.93e+00    -  3.08e-01 1.42e-01h  1
 136  2.0698515e+06 3.99e-03 1.63e+01  -3.8 2.29e+00    -  2.72e-01 2.52e-01h  1
 137  2.0698228e+06 3.10e-03 1.24e+01  -3.8 2.19e+00    -  1.97e-01 2.23e-01h  1
 138  2.0697847e+06 2.22e-03 7.94e+00  -3.8 1.96e+00    -  4.77e-01 4.05e-01h  1
 139  2.0697506e+06 1.98e-03 4.23e+00  -3.8 1.45e+00    -  9.67e-01 7.06e-01h  1
iter    objective    inf_pr   inf_du lg(mu)  ||d||  lg(rg) alpha_du alpha_pr  ls
 140  2.0697425e+06 6.62e-04 9.69e-01  -3.8 1.17e+00    -  1.00e+00 8.81e-01h  1
 141  2.0697421e+06 9.46e-06 7.11e-04  -3.8 1.85e-01    -  1.00e+00 1.00e+00h  1
 142  2.0697385e+06 3.29e-05 1.30e+01  -5.7 1.01e+00    -  8.45e-01 2.78e-01h  1
 143  2.0697334e+06 1.66e-04 6.60e+00  -5.7 1.10e+00    -  7.38e-01 5.93e-01h  1
 144  2.0697322e+06 1.19e-04 6.64e+00  -5.7 5.35e-01    -  1.00e+00 3.53e-01h  1
 145  2.0697304e+06 4.14e-05 5.31e-01  -5.7 3.52e-01    -  1.00e+00 9.21e-01h  1
 146  2.0697303e+06 5.19e-07 1.67e-05  -5.7 3.11e-02    -  1.00e+00 1.00e+00h  1
 147  2.0697303e+06 1.06e-08 1.16e-07  -5.7 6.84e-04    -  1.00e+00 1.00e+00h  1
 148  2.0697302e+06 1.96e-07 2.16e-01  -7.2 2.50e-02    -  1.00e+00 8.78e-01h  1
 149  2.0697301e+06 2.54e-08 1.94e-07  -7.2 3.15e-03    -  1.00e+00 1.00e+00f  1

Number of Iterations....: 149

                                   (scaled)                 (unscaled)
Objective...............:   1.4993743207087693e+04    2.0697301498779273e+06
Dual infeasibility......:   1.9402328582392699e-07    2.6782894631564409e-05
Constraint violation....:   2.5373503340087034e-08    2.5373503340087034e-08
Variable bound violation:   2.6858603163759653e-07    2.6858603163759653e-07
Complementarity.........:   9.6625570974578569e-08    1.3338154104221156e-05
Overall NLP error.......:   1.9402328582392699e-07    2.6782894631564409e-05


Number of objective function evaluations             = 410
Number of objective gradient evaluations             = 127
Number of equality constraint evaluations            = 410
Number of inequality constraint evaluations          = 410
Number of equality constraint Jacobian evaluations   = 151
Number of inequality constraint Jacobian evaluations = 151
Number of Lagrangian Hessian evaluations             = 149
Total seconds in IPOPT                               = 39.214

EXIT: Optimal Solution Found.

