Solver command line: ['/opt/homebrew/bin/ipopt', '/var/folders/6y/bvynbx6n3zv7z3lwg6vd724r0000gn/T/tmph_f8s_fy.pyomo.nl', '-AMPL', 'tol=1e-06', 'max_iter=300', 'print_level=5', 'warm_start_init_point=yes', 'warm_start_bound_push=1e-06', 'warm_start_bound_frac=1e-06', 'warm_start_mult_bound_push=1e-06', 'mu_init=1e-06', 'least_square_init_duals=no']

Ipopt 3.14.19: tol=1e-06
max_iter=300
print_level=5
warm_start_init_point=yes
warm_start_bound_push=1e-06
warm_start_bound_frac=1e-06
warm_start_mult_bound_push=1e-06
mu_init=1e-06
least_square_init_duals=no


******************************************************************************
This program contains Ipopt, a library for large-scale nonlinear optimization.
 Ipopt is released as open source code under the Eclipse Public License (EPL).
         For more information visit https://github.com/coin-or/Ipopt
******************************************************************************

This is Ipopt version 3.14.19, running with linear solver MUMPS 5.6.2.

Number of nonzeros in equality constraint Jacobian...:    91135
Number of nonzeros in inequality constraint Jacobian.:    72000
Number of nonzeros in Lagrangian Hessian.............:    51664

Total number of variables............................:    13678
                     variables with only lower bounds:        0
                variables with lower and upper bounds:    13678
                     variables with only upper bounds:        0
Total number of equality constraints.................:    12937
Total number of inequality constraints...............:    18000
        inequality constraints with only lower bounds:        0
   inequality constraints with lower and upper bounds:        0
        inequality constraints with only upper bounds:    18000

iter    objective    inf_pr   inf_du lg(mu)  ||d||  lg(rg) alpha_du alpha_pr  ls
   0  2.0697294e+06 3.13e+05 1.56e+02  -6.0 0.00e+00    -  0.00e+00 0.00e+00   0
   1  2.0687615e+06 3.13e+05 1.56e+02  -6.0 4.79e+06    -  2.46e-07 5.45e-08f  1
   2  2.0679012e+06 3.13e+05 1.56e+02  -6.0 4.99e+06    -  1.26e-07 1.06e-07f  1
   3  2.0661699e+06 3.13e+05 1.56e+02  -6.0 3.71e+06    -  1.00e-07 3.72e-07f  1
   4  2.0656645e+06 3.13e+05 1.56e+02  -6.0 1.29e+06    -  5.72e-07 4.36e-07f  1
   5  2.0647482e+06 3.12e+05 1.56e+02  -6.0 1.69e+06    -  9.16e-07 1.04e-06f  1
   6  2.0645913e+06 3.12e+05 1.56e+02  -6.0 1.65e+06    -  4.31e-06 3.50e-07f  1
   7  2.0642257e+06 3.12e+05 1.56e+02  -6.0 1.11e+06    -  2.95e-06 1.46e-06f  1
   8  2.0640091e+06 3.12e+05 1.56e+02  -6.0 7.89e+05    -  3.25e-06 1.72e-06f  1
   9  2.0639046e+06 3.12e+05 1.56e+02  -6.0 5.56e+05    -  6.23e-06 1.31e-06f  1
iter    objective    inf_pr   inf_du lg(mu)  ||d||  lg(rg) alpha_du alpha_pr  ls
  10  2.0636232e+06 3.12e+05 1.56e+02  -6.0 3.78e+05    -  1.09e-05 5.35e-06f  1
  11  2.0635768e+06 3.12e+05 1.56e+02  -6.0 1.77e+05    -  2.23e-07 2.14e-06f  1
  12  2.0632946e+06 3.12e+05 1.56e+02  -6.0 1.69e+05    -  1.22e-05 1.39e-05f  1
  13  2.0632718e+06 3.12e+05 1.56e+02  -6.0 7.93e+04    -  1.46e-05 4.13e-06f  1
  14  2.0631975e+06 3.12e+05 1.56e+02  -6.0 7.19e+04    -  2.51e-05 1.91e-05f  1
  15  2.0631363e+06 3.12e+05 1.56e+02  -6.0 4.80e+04    -  7.89e-05 3.49e-05f  1
  16  2.0631059e+06 3.12e+05 1.56e+02  -6.0 2.65e+04    -  1.37e-04 5.20e-05f  1
  17  2.0630656e+06 3.12e+05 1.56e+02  -6.0 1.44e+04    -  7.22e-04 1.53e-04f  1
  18  2.0629970e+06 3.12e+05 1.56e+02  -6.0 3.68e+03    -  1.57e-04 6.31e-04h  1
  19  2.0629334e+06 3.11e+05 1.56e+02  -6.0 4.59e+02    -  1.07e-03 7.09e-04h  1
iter    objective    inf_pr   inf_du lg(mu)  ||d||  lg(rg) alpha_du alpha_pr  ls
  20  2.0628112e+06 3.11e+05 1.56e+02  -6.0 7.37e+03    -  3.31e-07 2.17e-04f  1
  21  2.0626965e+06 3.11e+05 1.56e+02  -6.0 6.15e+03    -  2.55e-04 2.80e-04f  1
  22  2.0625964e+06 3.11e+05 1.56e+02  -6.0 1.56e+03    -  1.22e-03 4.64e-04f  1
  23  2.0624101e+06 3.10e+05 1.55e+02  -6.0 8.64e+02    -  1.22e-03 1.23e-03f  1
  24  2.0623397e+06 3.10e+05 1.55e+02  -6.0 4.00e+02    -  3.37e-04 7.33e-04h  1
  25  2.0622741e+06 3.09e+05 1.55e+02  -6.0 3.84e+02    -  3.00e-05 7.32e-04h  1
  26  2.0622420e+06 3.09e+05 1.55e+02  -6.0 3.54e+02    -  4.67e-04 3.71e-04h  1
  27r 2.0622420e+06 3.09e+05 9.99e+02   1.5 0.00e+00    -  0.00e+00 1.13e-09R  5
  28r 2.0622410e+06 3.09e+05 9.99e+02   1.5 2.75e+06    -  1.01e-10 1.34e-09f  1
  29r 2.0622395e+06 3.09e+05 9.99e+02   0.8 4.44e+04    -  1.09e-07 7.80e-08f  1
iter    objective    inf_pr   inf_du lg(mu)  ||d||  lg(rg) alpha_du alpha_pr  ls
  30r 2.0622347e+06 3.09e+05 9.99e+02   0.8 4.61e+04    -  1.85e-07 1.91e-07f  1
  31r 2.0622079e+06 3.09e+05 9.99e+02   0.8 4.11e+04    -  7.19e-07 7.59e-07f  1
  32r 2.0620251e+06 3.09e+05 9.99e+02   0.8 3.44e+04    -  2.25e-06 4.65e-06f  1
  33r 2.0616255e+06 3.08e+05 9.99e+02   0.8 2.66e+04    -  4.06e-06 7.49e-06f  1
  34r 2.0607532e+06 3.07e+05 9.99e+02   0.8 2.33e+04    -  8.95e-06 1.72e-05f  1
  35r 2.0590675e+06 3.05e+05 9.99e+02   0.8 2.54e+04    -  3.47e-05 3.19e-05f  1
  36r 2.0531236e+06 2.98e+05 9.99e+02   0.8 2.45e+04    -  4.08e-05 1.06e-04f  1
  37r 2.0425446e+06 2.85e+05 9.99e+02   0.8 2.70e+04    -  9.86e-05 1.89e-04f  1
  38  2.0422369e+06 2.85e+05 1.55e+02  -6.0 4.52e+05    -  5.84e-06 1.07e-05f  1
  39  2.0421625e+06 2.85e+05 1.55e+02  -6.0 2.09e+05    -  3.38e-05 8.57e-06f  1
iter    objective    inf_pr   inf_du lg(mu)  ||d||  lg(rg) alpha_du alpha_pr  ls
  40  2.0421202e+06 2.85e+05 1.55e+02  -6.0 2.89e+05    -  1.59e-05 4.00e-06f  1
  41  2.0421004e+06 2.85e+05 1.55e+02  -6.0 6.46e+04    -  1.48e-05 7.54e-06f  1
  42  2.0420608e+06 2.85e+05 1.55e+02  -6.0 5.32e+04    -  1.18e-05 2.61e-05f  1
  43  2.0420131e+06 2.85e+05 1.55e+02  -6.0 1.65e+04    -  3.45e-05 5.16e-05f  1
  44  2.0418878e+06 2.85e+05 1.55e+02  -6.0 5.08e+03    -  1.27e-05 2.83e-04f  1
  45  2.0418844e+06 2.85e+05 1.55e+02  -6.0 3.48e+03    -  1.56e-06 1.10e-05h  1
  46  2.0418104e+06 2.85e+05 1.55e+02  -6.0 3.31e+03    -  1.90e-05 2.32e-04f  1
  47  2.0418028e+06 2.85e+05 1.55e+02  -6.0 1.26e+03    -  3.22e-04 3.07e-05h  1
  48  2.0416352e+06 2.85e+05 1.55e+02  -6.0 2.17e+02  -4.0 2.38e-04 8.23e-04f  1
  49  2.0414470e+06 2.84e+05 1.54e+02  -6.0 8.32e+02    -  1.80e-03 9.96e-04f  1
iter    objective    inf_pr   inf_du lg(mu)  ||d||  lg(rg) alpha_du alpha_pr  ls
  50  2.0414242e+06 2.84e+05 1.54e+02  -6.0 1.31e+02  -3.6 1.38e-03 1.74e-04h  1
  51  2.0412810e+06 2.83e+05 1.53e+02  -6.0 2.28e+02  -4.1 3.49e-03 1.07e-03f  1
  52  2.0411496e+06 2.83e+05 1.53e+02  -6.0 3.62e+02  -3.6 1.13e-03 1.02e-03f  1
  53  2.0411135e+06 2.83e+05 1.53e+02  -6.0 1.82e+03  -4.1 1.04e-04 1.99e-04h  1
  54  2.0410936e+06 2.83e+05 1.53e+02  -6.0 6.26e+02  -3.7 1.90e-03 1.60e-04f  1
  55  2.0409589e+06 2.82e+05 1.51e+02  -6.0 3.15e+02  -3.3 5.42e-03 1.41e-03f  1
  56  2.0408427e+06 2.81e+05 1.51e+02  -6.0 6.74e+02  -3.7 2.65e-03 1.07e-03f  1
  57  2.0407863e+06 2.81e+05 1.49e+02  -6.0 2.97e+02  -3.3 7.18e-03 7.16e-04h  1
  58  2.0406439e+06 2.80e+05 1.49e+02  -6.0 6.33e+02  -3.8 3.73e-05 8.20e-04f  1
  59  2.0406012e+06 2.80e+05 1.49e+02  -6.0 3.68e+02  -3.4 2.04e-03 3.53e-04h  1
iter    objective    inf_pr   inf_du lg(mu)  ||d||  lg(rg) alpha_du alpha_pr  ls
  60  2.0405861e+06 2.80e+05 1.49e+02  -6.0 6.19e+02  -3.8 5.22e-04 1.11e-04h  1
  61  2.0405196e+06 2.80e+05 1.48e+02  -6.0 3.16e+02  -3.4 2.27e-03 6.50e-04h  1
  62  2.0404858e+06 2.80e+05 1.48e+02  -6.0 6.29e+02  -3.9 2.25e-03 2.82e-04h  1
  63  2.0404652e+06 2.79e+05 1.46e+02  -6.0 3.25e+02  -3.5 6.47e-03 2.75e-04h  1
  64  2.0401892e+06 2.78e+05 1.44e+02  -6.0 6.40e+02  -3.9 1.15e-02 3.16e-03f  1
  65  2.0400500e+06 2.76e+05 1.40e+02  -6.0 1.09e+02  -3.5 1.54e-02 2.64e-03h  1
  66  2.0400500e+06 2.76e+05 1.40e+02  -6.0 1.52e+03  -4.0 8.82e-04 1.31e-07h  1
  67  2.0400302e+06 2.76e+05 1.39e+02  -6.0 1.19e+03  -3.6 5.97e-04 2.68e-04h  1
  68  2.0400217e+06 2.76e+05 1.38e+02  -6.0 9.32e+02  -3.1 6.45e-04 1.22e-04h  1
  69  2.0400002e+06 2.76e+05 1.38e+02  -6.0 1.38e+03  -3.6 1.82e-04 3.73e-04h  1
iter    objective    inf_pr   inf_du lg(mu)  ||d||  lg(rg) alpha_du alpha_pr  ls
  70  2.0399927e+06 2.76e+05 1.38e+02  -6.0 7.74e+02  -3.2 2.68e-04 1.68e-04h  1
  71  2.0399849e+06 2.76e+05 1.38e+02  -6.0 7.71e+02  -3.7 1.31e-04 2.19e-04h  1
  72  2.0399810e+06 2.76e+05 1.38e+02  -6.0 7.42e+02  -3.2 3.99e-04 8.03e-05h  1
  73  2.0399626e+06 2.75e+05 1.38e+02  -6.0 7.15e+02  -2.8 4.37e-04 3.29e-04h  1
  74  2.0399444e+06 2.75e+05 1.37e+02  -6.0 6.73e+02  -2.4 4.40e-04 3.14e-04h  1
  75  2.0399386e+06 2.75e+05 1.36e+02  -6.0 7.47e+02  -2.9 1.26e-03 1.13e-04h  1
  76  2.0399269e+06 2.75e+05 1.36e+02  -6.0 7.15e+02  -2.4 2.09e-04 2.23e-04h  1
  77  2.0398845e+06 2.75e+05 1.35e+02  -6.0 7.65e+02  -2.9 1.47e-03 8.65e-04h  1
  78  2.0398090e+06 2.74e+05 1.36e+02  -6.0 7.60e+02  -2.5 1.19e-03 1.57e-03h  1
  79  2.0397601e+06 2.73e+05 1.36e+02  -6.0 8.26e+02  -3.0 1.71e-03 1.28e-03h  1
iter    objective    inf_pr   inf_du lg(mu)  ||d||  lg(rg) alpha_du alpha_pr  ls
  80  2.0397488e+06 2.73e+05 1.34e+02  -6.0 8.27e+02  -2.5 1.99e-03 5.19e-04h  1
  81  2.0397860e+06 2.73e+05 1.34e+02  -6.0 5.77e+02  -2.1 2.16e-04 4.92e-04h  1
  82  2.0398275e+06 2.72e+05 1.33e+02  -6.0 5.00e+02  -2.6 5.08e-03 6.80e-04h  1
  83  2.0398991e+06 2.72e+05 1.33e+02  -6.0 5.29e+02  -2.2 8.88e-04 8.86e-04h  1
  84  2.0399069e+06 2.72e+05 1.32e+02  -6.0 6.31e+02  -2.6 1.03e-03 1.40e-04h  1
  85  2.0399599e+06 2.71e+05 1.78e+02  -6.0 5.54e+02  -2.2 2.33e-03 6.96e-04h  1
  86  2.0399871e+06 2.71e+05 2.74e+02  -6.0 5.72e+02  -1.8 1.51e-03 3.26e-04h  1
  87r 2.0399871e+06 2.71e+05 9.99e+02   1.4 0.00e+00  -2.3 0.00e+00 2.17e-07R  2
  88r 2.0408464e+06 2.71e+05 9.99e+02   1.4 1.58e+07    -  4.54e-07 6.92e-08f  1
  89r 2.0407421e+06 2.71e+05 9.99e+02   0.7 1.71e+04    -  2.93e-06 8.17e-06f  1
iter    objective    inf_pr   inf_du lg(mu)  ||d||  lg(rg) alpha_du alpha_pr  ls
  90r 2.0404915e+06 2.70e+05 9.99e+02   0.7 1.84e+04    -  6.55e-05 9.82e-06f  1
  91r 2.0365701e+06 2.62e+05 9.99e+02   0.7 1.85e+04    -  8.82e-05 1.57e-04f  1
  92  2.0362394e+06 2.62e+05 4.46e+02  -6.0 1.78e+06    -  6.40e-07 2.71e-06f  1
  93  2.0362394e+06 2.62e+05 4.46e+02  -6.0 1.08e+05    -  1.71e-05 5.60e-09h  1
  94  2.0362298e+06 2.62e+05 4.46e+02  -6.0 1.34e+05    -  1.10e-05 2.63e-06f  1
  95  2.0362154e+06 2.62e+05 4.46e+02  -6.0 1.38e+05    -  9.86e-06 4.40e-06f  1
  96  2.0361651e+06 2.62e+05 4.46e+02  -6.0 1.15e+05    -  1.26e-05 2.15e-05f  1
  97  2.0361612e+06 2.62e+05 4.46e+02  -6.0 1.21e+04    -  5.07e-05 5.35e-06f  1
  98  2.0361189e+06 2.62e+05 4.46e+02  -6.0 1.58e+04    -  2.86e-05 4.25e-05f  1
  99  2.0361107e+06 2.62e+05 4.46e+02  -6.0 7.28e+03    -  1.05e-04 3.34e-05h  1
iter    objective    inf_pr   inf_du lg(mu)  ||d||  lg(rg) alpha_du alpha_pr  ls
 100  2.0360988e+06 2.62e+05 4.46e+02  -6.0 4.28e+03    -  2.61e-04 1.01e-04h  1
 101  2.0360880e+06 2.62e+05 4.46e+02  -6.0 2.61e+03    -  3.51e-04 1.38e-04h  1
 102  2.0360652e+06 2.62e+05 4.45e+02  -6.0 1.48e+03    -  4.72e-04 3.60e-04h  1
 103  2.0360402e+06 2.62e+05 4.44e+02  -6.0 9.41e+02    -  1.77e-03 4.36e-04h  1
 104  2.0359653e+06 2.61e+05 4.44e+02  -6.0 9.58e+02    -  1.35e-03 1.38e-03h  1
 105  2.0359493e+06 2.61e+05 4.40e+02  -6.0 9.44e+02  -2.7 5.09e-05 3.53e-04h  1
 106  2.0359293e+06 2.61e+05 4.38e+02  -6.0 9.44e+02  -3.2 1.34e-04 4.64e-04h  1
 107  2.0359104e+06 2.60e+05 4.38e+02  -6.0 9.73e+02  -3.7 6.55e-04 4.58e-04h  1
 108  2.0358970e+06 2.60e+05 4.39e+02  -6.0 1.02e+03  -4.2 1.42e-03 3.36e-04h  1
 109  2.0358904e+06 2.60e+05 4.39e+02  -6.0 1.01e+03  -3.7 3.20e-04 1.78e-04h  1
iter    objective    inf_pr   inf_du lg(mu)  ||d||  lg(rg) alpha_du alpha_pr  ls
 110  2.0358694e+06 2.60e+05 4.37e+02  -6.0 9.88e+02  -3.3 1.64e-04 6.39e-04h  1
 111  2.0358450e+06 2.59e+05 4.37e+02  -6.0 1.03e+03  -3.8 1.05e-03 7.62e-04h  1
 112  2.0358434e+06 2.59e+05 4.41e+02  -6.0 1.03e+03  -3.4 1.19e-03 5.68e-05h  1
 113  2.0358317e+06 2.59e+05 4.40e+02  -6.0 9.16e+02  -3.8 4.70e-04 8.89e-04h  1
 114  2.0358402e+06 2.59e+05 4.39e+02  -6.0 8.11e+02  -3.4 4.71e-04 8.07e-04h  1
 115r 2.0358402e+06 2.59e+05 9.99e+02   1.4 0.00e+00  -3.9 0.00e+00 3.93e-07R  2
 116r 2.0358396e+06 2.59e+05 9.99e+02   1.4 1.68e+06    -  1.05e-07 3.73e-08f  1
 117r 2.0357668e+06 2.58e+05 9.99e+02   0.7 2.87e+04    -  1.55e-06 4.89e-06f  1
 118r 2.0354706e+06 2.58e+05 9.99e+02   0.7 2.55e+04    -  3.99e-05 1.01e-05f  1
 119r 2.0330025e+06 2.53e+05 9.99e+02   0.7 2.55e+04    -  3.78e-05 8.53e-05f  1
iter    objective    inf_pr   inf_du lg(mu)  ||d||  lg(rg) alpha_du alpha_pr  ls
 120r 2.0293581e+06 2.45e+05 9.99e+02   0.7 2.82e+04    -  2.19e-04 1.29e-04f  1
 121  2.0293111e+06 2.45e+05 4.55e+02  -6.0 1.03e+06    -  3.49e-07 8.77e-07f  1
 122  2.0293014e+06 2.45e+05 4.55e+02  -6.0 4.70e+04    -  5.49e-06 7.37e-06f  1
 123  2.0292968e+06 2.45e+05 4.55e+02  -6.0 1.61e+04    -  2.32e-05 5.48e-06h  1
 124  2.0292881e+06 2.45e+05 4.55e+02  -6.0 1.68e+04    -  6.90e-05 2.37e-05h  1
 125  2.0292631e+06 2.45e+05 4.54e+02  -6.0 1.61e+04    -  6.67e-05 1.30e-04f  1
 126  2.0292430e+06 2.45e+05 4.55e+02  -6.0 3.87e+03    -  8.58e-05 2.25e-04h  1
 127  2.0291727e+06 2.45e+05 4.53e+02  -6.0 1.85e+03    -  1.71e-03 9.18e-04h  1
 128  2.0290940e+06 2.44e+05 4.50e+02  -6.0 1.30e+03    -  5.65e-03 1.26e-03h  1
 129  2.0290477e+06 2.44e+05 4.50e+02  -6.0 1.32e+03    -  1.59e-04 8.17e-04h  1
iter    objective    inf_pr   inf_du lg(mu)  ||d||  lg(rg) alpha_du alpha_pr  ls
 130  2.0290246e+06 2.43e+05 4.45e+02  -6.0 1.30e+03    -  8.23e-03 4.27e-04h  1
 131  2.0289716e+06 2.43e+05 4.44e+02  -6.0 1.54e+03    -  4.18e-04 9.97e-04h  1
 132  2.0289074e+06 2.42e+05 4.44e+02  -6.0 1.47e+03    -  9.35e-04 1.29e-03h  1
 133  2.0288543e+06 2.42e+05 4.43e+02  -6.0 1.52e+03    -  1.64e-03 1.19e-03h  1
 134  2.0288304e+06 2.42e+05 4.42e+02  -6.0 1.66e+03    -  2.19e-03 6.15e-04h  1
 135  2.0288287e+06 2.41e+05 4.44e+02  -6.0 1.09e+03  -3.5 5.48e-04 4.47e-05h  1
 136  2.0288286e+06 2.41e+05 4.45e+02  -6.0 1.29e+03  -3.9 2.02e-03 1.18e-06h  1
 137  2.0288212e+06 2.41e+05 4.45e+02  -6.0 1.76e+03  -4.4 2.75e-04 2.23e-04h  1
 138  2.0288196e+06 2.41e+05 4.45e+02  -6.0 1.80e+03  -4.0 4.31e-05 5.14e-05h  1
 139  2.0288105e+06 2.41e+05 4.45e+02  -6.0 2.44e+03  -4.5 4.56e-03 3.18e-04h  1
iter    objective    inf_pr   inf_du lg(mu)  ||d||  lg(rg) alpha_du alpha_pr  ls
 140  2.0287899e+06 2.41e+05 4.45e+02  -6.0 2.87e+03    -  2.71e-04 8.59e-04h  1
 141  2.0287831e+06 2.41e+05 4.45e+02  -6.0 2.96e+03    -  2.13e-04 4.16e-04h  1
 142  2.0287831e+06 2.41e+05 4.45e+02  -6.0 3.01e+03    -  1.07e-03 2.29e-06h  1
 143  2.0287822e+06 2.41e+05 4.45e+02  -6.0 2.94e+03    -  1.17e-05 6.56e-05h  1
 144  2.0287787e+06 2.40e+05 4.45e+02  -6.0 2.94e+03    -  4.73e-04 2.78e-04h  1
 145r 2.0287787e+06 2.40e+05 9.99e+02   1.3 0.00e+00    -  0.00e+00 5.66e-09R  6
 146r 2.0287824e+06 2.40e+05 9.99e+02   1.3 1.46e+06    -  8.95e-09 9.02e-08f  1
 147r 2.0287992e+06 2.40e+05 9.99e+02   1.3 3.12e+04    -  2.08e-05 7.34e-07f  1
 148r 2.0284350e+06 2.36e+05 9.99e+02   1.3 6.31e+04    -  6.09e-05 5.04e-05f  1
 149r 2.0271783e+06 2.25e+05 9.99e+02   1.3 3.22e+04    -  4.98e-05 1.56e-04f  1
iter    objective    inf_pr   inf_du lg(mu)  ||d||  lg(rg) alpha_du alpha_pr  ls
 150  2.0271769e+06 2.25e+05 4.45e+02  -6.0 6.49e+03    -  7.65e-05 8.05e-06h  1
 151  2.0271680e+06 2.25e+05 4.45e+02  -6.0 4.51e+03    -  4.73e-04 1.12e-04f  1
 152  2.0271407e+06 2.24e+05 4.45e+02  -6.0 2.49e+03    -  3.19e-04 4.59e-04h  1
 153  2.0270812e+06 2.24e+05 4.45e+02  -6.0 2.54e+03    -  2.14e-05 1.13e-03h  1
 154  2.0270590e+06 2.24e+05 4.44e+02  -6.0 2.49e+03    -  1.72e-03 6.41e-04h  1
 155  2.0270427e+06 2.23e+05 4.43e+02  -6.0 2.42e+03    -  1.30e-03 5.51e-04h  1
 156  2.0270314e+06 2.23e+05 4.43e+02  -6.0 2.10e+03    -  9.55e-04 3.74e-04h  1
 157  2.0270263e+06 2.23e+05 4.43e+02  -6.0 1.32e+03    -  2.14e-03 1.06e-04h  1
 158  2.0269451e+06 2.22e+05 4.42e+02  -6.0 2.14e+03    -  2.94e-04 1.67e-03h  1
 159  2.0269397e+06 2.22e+05 4.69e+02  -6.0 1.23e+04    -  3.64e-03 2.37e-04h  1
iter    objective    inf_pr   inf_du lg(mu)  ||d||  lg(rg) alpha_du alpha_pr  ls
 160  2.0269389e+06 2.22e+05 4.75e+02  -6.0 1.95e+04    -  3.73e-04 7.96e-05h  1
 161  2.0269383e+06 2.22e+05 4.85e+02  -6.0 1.87e+04    -  5.35e-04 6.23e-05h  1
 162  2.0269367e+06 2.22e+05 5.06e+02  -6.0 1.16e+04    -  9.72e-04 8.72e-05h  1
 163  2.0269379e+06 2.22e+05 5.04e+02  -6.0 1.21e+03    -  9.42e-05 2.13e-04h  1
 164r 2.0269379e+06 2.22e+05 9.99e+02   1.2 0.00e+00    -  0.00e+00 2.89e-07R  5
 165r 2.0274424e+06 2.22e+05 9.99e+02   1.2 7.00e+05    -  1.47e-06 1.90e-07f  1
 166r 2.0274591e+06 2.22e+05 9.99e+02   1.2 3.90e+04    -  2.21e-04 6.90e-06f  1
 167r 2.0270186e+06 1.96e+05 9.99e+02   1.2 3.70e+04    -  9.54e-05 3.58e-04f  1
 168r 2.0257290e+06 1.70e+05 9.98e+02   1.2 3.96e+04    -  5.37e-04 4.16e-04f  1
 169  2.0256457e+06 1.70e+05 5.37e+02  -6.0 5.65e+04    -  1.58e-05 3.70e-05f  1
iter    objective    inf_pr   inf_du lg(mu)  ||d||  lg(rg) alpha_du alpha_pr  ls
 170  2.0255940e+06 1.70e+05 5.37e+02  -6.0 2.03e+04    -  1.71e-05 8.21e-05f  1
 171  2.0255905e+06 1.70e+05 5.37e+02  -6.0 2.01e+04    -  2.48e-05 1.07e-05h  1
 172  2.0254891e+06 1.69e+05 5.37e+02  -6.0 2.02e+04    -  5.27e-05 3.14e-04f  1
 173  2.0254845e+06 1.69e+05 5.37e+02  -6.0 4.30e+03    -  1.41e-04 2.95e-05f  1
 174  2.0254786e+06 1.69e+05 5.37e+02  -6.0 4.00e+03    -  2.87e-04 5.33e-05h  1
 175  2.0254663e+06 1.69e+05 5.37e+02  -6.0 4.65e+03    -  1.18e-04 1.17e-04h  1
 176  2.0254635e+06 1.69e+05 5.38e+02  -6.0 2.81e+03    -  4.28e-04 3.85e-05f  1
 177  2.0254523e+06 1.69e+05 5.37e+02  -6.0 2.53e+03    -  1.03e-04 1.64e-04h  1
 178  2.0254439e+06 1.69e+05 5.46e+02  -6.0 2.00e+03    -  1.35e-03 1.37e-04h  1
 179  2.0254212e+06 1.69e+05 5.52e+02  -6.0 1.62e+03    -  1.38e-03 4.07e-04h  1
iter    objective    inf_pr   inf_du lg(mu)  ||d||  lg(rg) alpha_du alpha_pr  ls
 180  2.0253894e+06 1.69e+05 5.76e+02  -6.0 1.37e+03    -  3.65e-03 6.45e-04h  1
 181  2.0253883e+06 1.69e+05 5.91e+02  -6.0 7.60e+02    -  1.84e-03 2.26e-05h  1
 182  2.0253706e+06 1.69e+05 5.92e+02  -6.0 9.44e+02    -  6.34e-04 5.83e-04h  1
 183  2.0253626e+06 1.69e+05 6.18e+02  -6.0 8.73e+02    -  2.45e-03 2.95e-04h  1
 184  2.0253497e+06 1.68e+05 6.12e+02  -6.0 7.73e+02    -  1.52e-05 3.72e-04h  1
 185  2.0253141e+06 1.68e+05 6.57e+02  -6.0 7.69e+02    -  3.81e-03 9.56e-04h  1
 186  2.0253107e+06 1.68e+05 6.63e+02  -6.0 5.52e+02    -  4.38e-04 1.68e-04h  1
 187  2.0253044e+06 1.68e+05 7.23e+02  -6.0 5.43e+02    -  3.39e-03 5.21e-04h  1
 188  2.0253078e+06 1.68e+05 7.09e+02  -6.0 7.28e+02    -  3.78e-04 8.78e-04h  1
 189r 2.0253078e+06 1.68e+05 9.99e+02   1.0 0.00e+00    -  0.00e+00 3.18e-07R  2
iter    objective    inf_pr   inf_du lg(mu)  ||d||  lg(rg) alpha_du alpha_pr  ls
 190r 2.0253078e+06 1.68e+05 9.99e+02   1.0 6.71e+06    -  9.82e-09 1.07e-11f  1
 191r 2.0253102e+06 1.68e+05 9.99e+02   1.0 6.14e+04    -  8.35e-08 2.85e-07f  1
 192r 2.0253011e+06 1.67e+05 9.99e+02   1.0 5.67e+04    -  1.81e-04 5.05e-06f  1
 193r 2.0241223e+06 1.48e+05 9.98e+02   1.0 5.18e+04    -  5.32e-04 2.71e-04f  1
 194  2.0241125e+06 1.48e+05 7.91e+02  -6.0 2.81e+04    -  1.31e-05 5.11e-06f  1
 195r 2.0241125e+06 1.48e+05 9.99e+02   0.9 0.00e+00    -  0.00e+00 3.82e-07R  4
 196r 2.0246912e+06 1.48e+05 9.99e+02   0.9 1.79e+07    -  4.01e-07 8.65e-09f  2
 197r 2.0246840e+06 1.47e+05 9.99e+02   0.9 5.70e+04    -  7.29e-04 1.51e-06f  1
 198r 2.0221094e+06 1.24e+05 9.98e+02   0.9 4.46e+04    -  4.86e-04 3.91e-04f  1
 199  2.0220859e+06 1.24e+05 7.94e+02  -6.0 3.58e+04    -  2.08e-04 4.31e-05f  1
iter    objective    inf_pr   inf_du lg(mu)  ||d||  lg(rg) alpha_du alpha_pr  ls
 200  2.0219275e+06 1.24e+05 7.92e+02  -6.0 2.63e+03    -  5.27e-04 6.12e-04f  1
 201  2.0218685e+06 1.23e+05 7.81e+02  -6.0 2.29e+03    -  1.07e-04 8.41e-04h  1
 202  2.0218354e+06 1.23e+05 7.64e+02  -6.0 7.57e+02    -  1.62e-04 1.22e-03h  1
 203  2.0218314e+06 1.23e+05 7.74e+02  -6.0 3.52e+02    -  8.13e-04 1.91e-04h  1
 204  2.0217948e+06 1.22e+05 7.22e+02  -6.0 4.45e+02    -  5.22e-04 3.57e-03h  1
 205  2.0217888e+06 1.22e+05 7.74e+02  -6.0 3.23e+02    -  3.67e-03 9.40e-04h  1
 206  2.0218157e+06 1.21e+05 7.60e+02  -6.0 3.40e+02    -  1.46e-03 2.03e-03h  1
 207  2.0218166e+06 1.21e+05 8.31e+02  -6.0 4.08e+02    -  3.02e-03 1.11e-04h  1
 208  2.0218221e+06 1.21e+05 8.47e+02  -6.0 4.80e+02    -  1.09e-03 4.31e-04h  1
 209  2.0218233e+06 1.21e+05 8.54e+02  -6.0 7.91e+02    -  7.58e-04 4.90e-04h  1
iter    objective    inf_pr   inf_du lg(mu)  ||d||  lg(rg) alpha_du alpha_pr  ls
 210  2.0218238e+06 1.21e+05 8.59e+02  -6.0 9.06e+02    -  3.06e-04 1.18e-04h  1
 211  2.0218303e+06 1.21e+05 8.78e+02  -6.0 1.09e+03    -  9.87e-04 3.20e-04h  1
 212  2.0218367e+06 1.21e+05 8.88e+02  -6.0 1.15e+03    -  5.92e-04 2.64e-04h  1
 213  2.0218409e+06 1.21e+05 8.98e+02  -6.0 1.04e+03    -  4.92e-04 1.57e-04h  1
 214  2.0218439e+06 1.21e+05 9.03e+02  -6.0 7.36e+02    -  2.79e-04 1.08e-04h  1
 215  2.0218488e+06 1.21e+05 9.04e+02  -6.0 7.22e+02    -  1.94e-04 1.55e-04h  1
 216  2.0218678e+06 1.21e+05 8.94e+02  -6.0 7.11e+02    -  1.88e-04 5.00e-04h  1
 217  2.0218741e+06 1.21e+05 9.75e+02  -6.0 6.84e+02    -  2.66e-03 1.36e-04h  1
 218  2.0218783e+06 1.21e+05 9.92e+02  -6.0 7.42e+02    -  5.85e-04 6.45e-05h  1
 219  2.0219067e+06 1.21e+05 9.92e+02  -6.0 7.25e+02    -  4.93e-04 4.83e-04h  1
iter    objective    inf_pr   inf_du lg(mu)  ||d||  lg(rg) alpha_du alpha_pr  ls
 220  2.0219406e+06 1.21e+05 9.95e+02  -6.0 7.14e+02    -  6.65e-04 5.50e-04h  1
 221  2.0219509e+06 1.20e+05 1.03e+03  -6.0 7.93e+02    -  1.20e-03 1.63e-04h  1
 222  2.0219706e+06 1.20e+05 1.03e+03  -6.0 1.02e+03    -  3.69e-04 2.75e-04h  1
 223  2.0219821e+06 1.20e+05 1.06e+03  -6.0 1.09e+03    -  1.01e-03 1.56e-04h  1
 224  2.0220100e+06 1.20e+05 1.09e+03  -6.0 1.19e+03    -  1.32e-03 3.83e-04h  1
 225  2.0220154e+06 1.20e+05 1.14e+03  -6.0 1.24e+03    -  1.65e-03 9.42e-05h  1
 226  2.0220137e+06 1.20e+05 1.20e+03  -6.0 1.75e+03    -  2.25e-03 1.05e-04h  1
 227  2.0219057e+06 1.20e+05 1.22e+03  -6.0 6.72e+03  -4.1 7.11e-06 1.11e-04f  1
 228r 2.0219057e+06 1.20e+05 1.00e+03   0.8 0.00e+00  -4.5 0.00e+00 9.89e-08R  2
 229r 2.0240319e+06 1.20e+05 1.00e+03   0.8 2.79e+06    -  1.79e-07 4.46e-07f  1
iter    objective    inf_pr   inf_du lg(mu)  ||d||  lg(rg) alpha_du alpha_pr  ls
 230r 2.0239325e+06 1.20e+05 1.00e+03   0.8 5.64e+04    -  1.25e-06 3.50e-06f  1
 231r 2.0239140e+06 1.20e+05 1.00e+03   0.8 5.50e+04    -  7.10e-05 2.46e-06f  1
 232r 2.0230037e+06 1.12e+05 1.00e+03   0.8 5.34e+04    -  6.42e-05 1.19e-04f  1
 233r 2.0214850e+06 1.00e+05 1.01e+03   0.8 5.04e+04    -  3.52e-04 1.84e-04f  1
 234  2.0214372e+06 1.00e+05 9.99e+01  -6.0 1.39e+02    -  1.05e-03 7.36e-04h  1
 235  2.0211074e+06 9.94e+04 9.96e+01  -6.0 1.92e+02    -  2.00e-03 4.45e-03f  1
 236  2.0209435e+06 9.89e+04 9.95e+01  -6.0 2.01e+02    -  1.01e-03 2.30e-03h  1
 237  2.0206293e+06 9.83e+04 9.92e+01  -6.0 1.98e+02    -  3.19e-03 3.05e-03f  1
 238  2.0202935e+06 9.75e+04 9.82e+01  -6.0 1.96e+02    -  1.19e-02 4.24e-03f  1
 239  2.0200435e+06 9.65e+04 9.71e+01  -6.0 1.88e+02    -  1.41e-02 5.22e-03h  1
iter    objective    inf_pr   inf_du lg(mu)  ||d||  lg(rg) alpha_du alpha_pr  ls
 240  2.0199530e+06 9.60e+04 1.11e+02  -6.0 1.75e+02    -  1.31e-02 2.30e-03h  1
 241  2.0195427e+06 9.39e+04 1.55e+02  -6.0 1.65e+02    -  2.61e-03 1.08e-02f  1
 242  2.0195108e+06 9.38e+04 1.56e+02  -6.0 1.34e+02    -  8.28e-03 8.46e-04h  1
 243  2.0193518e+06 9.31e+04 1.75e+02  -6.0 1.38e+02    -  3.59e-03 3.64e-03h  1
 244  2.0192563e+06 9.27e+04 1.83e+02  -6.0 2.12e+02    -  3.61e-03 2.28e-03h  1
 245  2.0190995e+06 9.20e+04 2.11e+02  -6.0 1.79e+02    -  1.05e-02 3.90e-03h  1
 246  2.0190887e+06 9.19e+04 2.20e+02  -6.0 2.19e+02    -  1.89e-03 4.79e-04h  1
 247  2.0193011e+06 9.14e+04 2.49e+02  -6.0 1.56e+02  -0.5 1.01e-04 2.44e-03h  1
 248  2.0194666e+06 9.13e+04 2.52e+02  -6.0 1.58e+02  -0.1 1.04e-03 5.96e-04h  1
 249  2.0198347e+06 9.12e+04 2.62e+02  -6.0 8.29e+01   0.4 4.06e-05 8.60e-04h  1
In iteration 249, 1 Slack too small, adjusting variable bound
iter    objective    inf_pr   inf_du lg(mu)  ||d||  lg(rg) alpha_du alpha_pr  ls
 250  2.0202816e+06 9.10e+04 2.67e+02  -6.0 8.29e+01   0.8 6.68e-04 5.91e-04h  1
 251  2.0229030e+06 9.04e+04 5.74e+02  -6.0 8.52e+01   0.3 6.07e-04 3.29e-03h  1
 252  2.0231915e+06 9.03e+04 3.79e+02  -6.0 7.46e+01   0.7 1.30e-03 7.35e-04h  1
 253  2.0240255e+06 9.00e+04 5.81e+02  -6.0 7.69e+01   0.3 1.17e-03 1.96e-03h  1
 254  2.0245638e+06 8.98e+04 6.16e+02  -6.0 7.29e+01   0.7 8.78e-04 9.39e-04h  1
In iteration 254, 1 Slack too small, adjusting variable bound
 255  2.0252045e+06 8.97e+04 1.46e+03  -6.0 7.17e+01   1.1 1.24e-04 8.33e-04h  1
 256  2.0258673e+06 8.96e+04 2.27e+03  -6.0 7.17e+01   1.5 1.50e-04 5.10e-04h  1
 257  2.0266212e+06 8.95e+04 2.33e+03  -6.0 3.45e+02   1.1 2.10e-04 3.06e-04h  1
 258  2.0269445e+06 8.95e+04 1.74e+03  -6.0 1.33e+02   1.5 4.84e-04 2.13e-04h  3
 259r 2.0269445e+06 8.95e+04 1.00e+03   0.8 0.00e+00   1.0 0.00e+00 2.81e-07R  8
iter    objective    inf_pr   inf_du lg(mu)  ||d||  lg(rg) alpha_du alpha_pr  ls
 260r 2.0120880e+06 7.32e+04 4.80e+03   0.8 1.37e+04    -  4.45e-05 3.29e-04f  1
 261r 1.9987548e+06 6.56e+04 4.78e+03   0.8 1.39e+04    -  9.76e-05 1.91e-04f  1
 262r 1.9548283e+06 5.18e+04 4.74e+03   0.8 1.38e+04    -  1.00e-04 4.26e-04f  1
 263  1.9548142e+06 5.18e+04 2.66e+02  -6.0 7.69e+01    -  2.26e-02 8.45e-05h  1
 264  1.9547896e+06 5.16e+04 2.48e+02  -6.0 1.02e+02    -  1.83e-03 1.97e-03h  1
 265  1.9547960e+06 5.12e+04 2.05e+02  -6.0 1.09e+02    -  1.10e-03 4.28e-03h  1
 266  1.9548836e+06 5.05e+04 2.29e+02  -6.0 1.06e+02    -  8.98e-03 6.36e-03h  1
 267  1.9548917e+06 5.05e+04 1.25e+03  -6.0 1.66e+02    -  3.04e-03 2.62e-05h  1
 268  1.9549696e+06 5.05e+04 1.22e+03  -6.0 2.52e+02    -  1.45e-04 4.32e-04h  1
 269  1.9558091e+06 5.01e+04 9.52e+02  -6.0 1.63e+02    -  1.93e-03 3.25e-03h  1
iter    objective    inf_pr   inf_du lg(mu)  ||d||  lg(rg) alpha_du alpha_pr  ls
 270  1.9560315e+06 5.01e+04 2.23e+03  -6.0 1.84e+02    -  4.09e-03 4.29e-04h  1
In iteration 270, 1 Slack too small, adjusting variable bound
 271  1.9567973e+06 5.00e+04 3.05e+03  -6.0 2.30e+02    -  3.12e-03 1.14e-03h  1
 272  1.9599956e+06 4.95e+04 1.16e+03  -6.0 2.26e+02    -  9.94e-04 4.88e-03h  1
In iteration 272, 1 Slack too small, adjusting variable bound
 273  1.9608080e+06 4.94e+04 8.95e+02  -6.0 5.00e+01   0.5 2.63e-04 7.66e-04h  1
In iteration 273, 1 Slack too small, adjusting variable bound
 274  1.9610988e+06 4.94e+04 1.37e+03  -6.0 4.14e+01   1.0 6.07e-04 2.55e-04h  1
 275  1.9615674e+06 4.94e+04 1.51e+03  -6.0 4.26e+01   1.4 2.03e-06 3.71e-04h  1
 276  1.9615987e+06 4.94e+04 2.74e+03  -6.0 3.52e+01   1.8 3.24e-04 2.46e-05h  1
 277  1.9621287e+06 4.93e+04 7.73e+02  -6.0 5.13e+01   1.3 2.41e-05 3.75e-04h  1
 278r 1.9621287e+06 4.93e+04 9.99e+02   0.7 0.00e+00   1.8 0.00e+00 2.55e-07R  6
 279r 1.9516260e+06 4.34e+04 9.99e+02   0.7 1.41e+04    -  5.38e-04 2.54e-04f  1
iter    objective    inf_pr   inf_du lg(mu)  ||d||  lg(rg) alpha_du alpha_pr  ls
 280r 1.8744004e+06 2.32e+04 1.26e+03   0.7 1.31e+04    -  8.80e-05 1.32e-03f  1
 281  1.8741807e+06 2.32e+04 9.99e+01  -6.0 7.85e+01    -  8.17e-04 1.06e-03f  1
 282  1.8734237e+06 2.30e+04 9.97e+01  -6.0 7.81e+01    -  1.39e-03 3.95e-03f  1
 283  1.8727647e+06 2.28e+04 9.94e+01  -6.0 7.72e+01    -  3.08e-03 4.29e-03f  1
 284  1.8719607e+06 2.25e+04 9.91e+01  -6.0 7.66e+01    -  1.30e-03 6.56e-03f  1
 285  1.8704891e+06 2.19e+04 9.78e+01  -6.0 7.63e+01    -  1.25e-02 1.45e-02f  1
 286  1.8700837e+06 2.16e+04 9.73e+01  -6.0 7.67e+01    -  4.27e-03 5.17e-03f  1
 287  1.8698979e+06 2.16e+04 9.73e+01  -6.0 7.78e+01    -  5.79e-04 1.48e-03f  1
 288  1.8697743e+06 2.15e+04 9.67e+01  -6.0 7.77e+01    -  7.15e-03 1.07e-03f  1
 289  1.8688279e+06 2.11e+04 9.61e+01  -6.0 7.78e+01    -  5.09e-03 1.04e-02f  1
iter    objective    inf_pr   inf_du lg(mu)  ||d||  lg(rg) alpha_du alpha_pr  ls
 290  1.8675098e+06 1.98e+04 9.37e+01  -6.0 7.73e+01    -  2.30e-02 3.03e-02f  1
 291  1.8681842e+06 1.93e+04 9.28e+01  -6.0 7.65e+01    -  8.49e-03 1.26e-02h  1
 292  1.8715067e+06 1.74e+04 4.44e+03  -6.0 7.65e+01    -  2.31e-04 5.23e-02h  1
 293  1.8730533e+06 1.68e+04 4.37e+03  -6.0 7.42e+01    -  1.21e-02 1.73e-02h  1
 294  1.8768120e+06 1.55e+04 4.19e+03  -6.0 7.37e+01    -  1.09e-02 4.05e-02h  1
 295  1.8801026e+06 1.45e+04 4.06e+03  -6.0 7.28e+01    -  2.94e-04 3.18e-02h  1
 296  1.8840619e+06 1.35e+04 3.91e+03  -6.0 7.20e+01    -  2.56e-03 3.57e-02h  1
 297  1.8885092e+06 1.25e+04 3.76e+03  -6.0 7.09e+01    -  8.81e-02 3.84e-02h  1
 298  1.9057942e+06 9.33e+03 3.24e+03  -6.0 7.31e+01    -  3.15e-02 1.39e-01h  1
 299  1.9258122e+06 6.74e+03 2.74e+03  -6.0 6.79e+01    -  1.23e-02 1.53e-01h  1
iter    objective    inf_pr   inf_du lg(mu)  ||d||  lg(rg) alpha_du alpha_pr  ls
 300  1.9423994e+06 5.13e+03 2.38e+03  -6.0 6.19e+01    -  2.90e-02 1.31e-01h  1

Number of Iterations....: 300

                                   (scaled)                 (unscaled)
Objective...............:   1.4071321490955972e+04    1.9423994352984298e+06
Dual infeasibility......:   2.3834471150805580e+03    3.2901006016895594e+05
Constraint violation....:   1.9030923591111537e+00    5.1282856640689315e+03
Variable bound violation:   8.3410979456743917e-08    8.3410979456743917e-08
Complementarity.........:   7.7087284326420286e+03    1.0641097045545198e+06
Overall NLP error.......:   7.7087284326420286e+03    1.0641097045545198e+06


Number of objective function evaluations             = 348
Number of objective gradient evaluations             = 267
Number of equality constraint evaluations            = 348
Number of inequality constraint evaluations          = 349
Number of equality constraint Jacobian evaluations   = 311
Number of inequality constraint Jacobian evaluations = 311
Number of Lagrangian Hessian evaluations             = 300
Total seconds in IPOPT                               = 61.458

EXIT: Maximum Number of Iterations Exceeded.

