Solver command line: ['/opt/homebrew/bin/ipopt', '/var/folders/6y/bvynbx6n3zv7z3lwg6vd724r0000gn/T/tmp6mnoei9_.pyomo.nl', '-AMPL', 'tol=1e-06', 'max_iter=300', 'print_level=5', 'warm_start_init_point=yes', 'warm_start_bound_push=1e-06', 'warm_start_bound_frac=1e-06', 'warm_start_mult_bound_push=1e-06', 'mu_init=1e-06', 'least_square_init_duals=no']

Ipopt 3.14.19: tol=1e-06
max_iter=300
print_level=5
warm_start_init_point=yes
warm_start_bound_push=1e-06
warm_start_bound_frac=1e-06
warm_start_mult_bound_push=1e-06
mu_init=1e-06
least_square_init_duals=no


******************************************************************************
This program contains Ipopt, a library for large-scale nonlinear optimization.
 Ipopt is released as open source code under the Eclipse Public License (EPL).
         For more information visit https://github.com/coin-or/Ipopt
******************************************************************************

This is Ipopt version 3.14.19, running with linear solver MUMPS 5.6.2.

Number of nonzeros in equality constraint Jacobian...:    91135
Number of nonzeros in inequality constraint Jacobian.:    72000
Number of nonzeros in Lagrangian Hessian.............:    51664

Total number of variables............................:    13678
                     variables with only lower bounds:        0
                variables with lower and upper bounds:    13678
                     variables with only upper bounds:        0
Total number of equality constraints.................:    12937
Total number of inequality constraints...............:    18000
        inequality constraints with only lower bounds:        0
   inequality constraints with lower and upper bounds:        0
        inequality constraints with only upper bounds:    18000

iter    objective    inf_pr   inf_du lg(mu)  ||d||  lg(rg) alpha_du alpha_pr  ls
   0  1.8545790e+06 1.43e+01 1.56e+02  -6.0 0.00e+00    -  0.00e+00 0.00e+00   0
   1  1.8544355e+06 1.43e+01 1.56e+02  -6.0 4.64e+01   0.0 1.07e-05 1.14e-05f  1
   2  1.8537279e+06 1.43e+01 1.56e+02  -6.0 1.19e+02  -0.5 1.10e-05 2.39e-05f  1
   3  1.8512931e+06 1.43e+01 1.56e+02  -6.0 3.06e+02  -1.0 6.39e-06 4.08e-05f  1
   4  1.8484219e+06 1.43e+01 1.56e+02  -6.0 1.30e+02  -0.5 1.76e-05 8.92e-05f  1
   5  1.8456132e+06 1.43e+01 1.56e+02  -6.0 3.40e+02  -1.0 9.93e-06 4.45e-05f  1
   6  1.8365464e+06 1.43e+01 1.56e+02  -6.0 1.40e+02  -0.6 1.41e-05 2.62e-04f  1
   7  1.8333766e+06 1.43e+01 1.56e+02  -6.0 3.77e+02  -1.1 9.98e-05 4.95e-05f  1
   8  1.8171591e+06 1.43e+01 1.56e+02  -6.0 1.51e+02  -0.6 3.92e-04 4.60e-04f  1
   9  1.8056454e+06 1.43e+01 1.56e+02  -6.0 4.16e+02  -1.1 5.02e-04 2.29e-04f  1
iter    objective    inf_pr   inf_du lg(mu)  ||d||  lg(rg) alpha_du alpha_pr  ls
  10  1.7915971e+06 1.43e+01 1.56e+02  -6.0 1.68e+02  -0.7 1.74e-03 5.96e-04f  1
  11  1.7632030e+06 1.43e+01 1.56e+02  -6.0 4.55e+02  -1.2 1.27e-03 8.99e-04f  1
  12  1.7598461e+06 1.43e+01 1.56e+02  -6.0 2.25e+04  -1.6 1.61e-05 2.01e-05f  1
  13  1.7306558e+06 1.42e+01 1.56e+02  -6.0 6.07e+02  -1.2 4.13e-05 1.03e-03f  1
  14  1.7304338e+06 1.42e+01 1.56e+02  -6.0 2.60e+01   0.1 9.32e-04 6.86e-05f  1
  15  1.7212166e+06 1.42e+01 1.55e+02  -6.0 7.80e+01  -0.4 4.55e-03 1.37e-03f  1
  16  1.7191807e+06 1.42e+01 1.55e+02  -6.0 2.80e+02  -0.8 3.47e-03 1.76e-04f  1
  17  1.7146961e+06 1.42e+01 1.55e+02  -6.0 1.36e+03  -1.3 6.34e-04 1.61e-04f  1
  18  1.7058473e+06 1.42e+01 1.55e+02  -6.0 3.23e+02  -0.9 2.02e-03 7.90e-04f  1
  19  1.6764784e+06 1.42e+01 1.54e+02  -6.0 1.32e+03  -1.4 9.49e-04 1.09e-03f  1
iter    objective    inf_pr   inf_du lg(mu)  ||d||  lg(rg) alpha_du alpha_pr  ls
  20  1.6689831e+06 1.42e+01 1.54e+02  -6.0 2.50e+02  -0.9 3.68e-03 9.84e-04f  1
  21  1.6315944e+06 1.41e+01 1.54e+02  -6.0 5.17e+02  -1.4 3.59e-04 2.72e-03f  1
  22  1.6310028e+06 1.41e+01 1.53e+02  -6.0 1.50e+01  -0.1 9.87e-03 6.47e-04f  1
  23  1.6223262e+06 1.41e+01 1.53e+02  -6.0 3.95e+01  -0.6 4.06e-05 5.05e-03f  1
  24  1.6211320e+06 1.40e+01 1.53e+02  -6.0 1.65e+01  -0.1 2.79e-03 2.32e-03f  1
  25  1.6211926e+06 1.40e+01 1.52e+02  -6.0 9.52e+00   0.3 1.39e-02 3.08e-03h  1
  26  1.6191910e+06 1.39e+01 1.51e+02  -6.0 1.83e+01  -0.2 5.80e-03 5.72e-03f  1
  27  1.6200600e+06 1.38e+01 1.50e+02  -6.0 9.80e+00   0.2 4.19e-03 8.49e-03h  1
  28  1.6192421e+06 1.38e+01 1.49e+02  -6.0 2.01e+01  -0.2 7.02e-03 2.68e-03f  1
  29  1.6202145e+06 1.37e+01 1.49e+02  -6.0 1.01e+01   0.2 3.34e-03 6.98e-03h  1
iter    objective    inf_pr   inf_du lg(mu)  ||d||  lg(rg) alpha_du alpha_pr  ls
  30  1.6191768e+06 1.36e+01 1.48e+02  -6.0 2.21e+01  -0.3 1.02e-02 3.74e-03f  1
  31  1.6205449e+06 1.35e+01 1.46e+02  -6.0 1.04e+01   0.1 1.57e-02 9.21e-03h  1
  32  1.6183054e+06 1.34e+01 1.44e+02  -6.0 2.38e+01  -0.3 2.28e-02 8.30e-03f  1
  33  1.6189143e+06 1.33e+01 1.43e+02  -6.0 1.13e+01   0.1 3.61e-02 3.29e-03h  1
  34  1.6152146e+06 1.31e+01 1.41e+02  -6.0 2.60e+01  -0.4 1.87e-04 1.71e-02f  1
  35  1.6172140e+06 1.30e+01 1.39e+02  -6.0 1.22e+01   0.0 1.74e-03 1.08e-02h  1
  36  1.6168633e+06 1.29e+01 1.39e+02  -6.0 2.86e+01  -0.4 9.27e-03 1.37e-03f  1
  37  1.6198137e+06 1.27e+01 1.37e+02  -6.0 1.31e+01  -0.0 2.39e-02 1.77e-02h  1
  38  1.6167911e+06 1.26e+01 1.36e+02  -6.0 3.14e+01  -0.5 2.09e-03 1.01e-02f  1
  39r 1.6167911e+06 1.26e+01 9.99e+02   0.7 0.00e+00  -0.1 0.00e+00 3.68e-07R  3
iter    objective    inf_pr   inf_du lg(mu)  ||d||  lg(rg) alpha_du alpha_pr  ls
  40r 1.6168458e+06 1.26e+01 9.99e+02   0.7 5.07e+05    -  5.97e-10 1.14e-07f  1
  41r 1.6171250e+06 1.26e+01 9.99e+02   0.7 9.32e+03    -  7.32e-07 9.97e-07f  1
  42r 1.6185788e+06 1.26e+01 9.99e+02   0.7 7.26e+03    -  1.10e-06 5.37e-06f  1
  43r 1.6201820e+06 1.25e+01 9.99e+02   0.7 6.71e+03    -  6.63e-06 6.09e-06f  1
  44r 1.6289646e+06 1.24e+01 9.99e+02   0.7 6.09e+03    -  6.04e-06 3.40e-05f  1
  45r 1.6373528e+06 1.22e+01 9.99e+02   0.7 5.85e+03    -  2.16e-05 3.35e-05f  1
  46r 1.6635892e+06 1.17e+01 9.99e+02   0.7 5.25e+03    -  4.23e-05 1.09e-04f  1
  47  1.6556768e+06 1.17e+01 8.73e+01  -6.0 8.09e+03    -  1.52e-04 5.20e-05f  1
  48  1.6555403e+06 1.17e+01 8.73e+01  -6.0 4.43e+03    -  5.56e-04 1.08e-06f  1
  49  1.6496810e+06 1.17e+01 8.73e+01  -6.0 3.39e+03    -  4.41e-04 6.24e-05f  1
iter    objective    inf_pr   inf_du lg(mu)  ||d||  lg(rg) alpha_du alpha_pr  ls
  50  1.6377798e+06 1.17e+01 8.72e+01  -6.0 2.80e+03    -  3.58e-04 1.60e-04f  1
  51  1.6374523e+06 1.17e+01 8.72e+01  -6.0 2.34e+03    -  8.10e-04 5.45e-06f  1
  52  1.6280738e+06 1.17e+01 8.71e+01  -6.0 1.73e+03    -  1.18e-03 2.07e-04f  1
  53  1.6187806e+06 1.17e+01 8.70e+01  -6.0 1.22e+03    -  8.87e-04 3.06e-04f  1
  54  1.6178576e+06 1.17e+01 8.70e+01  -6.0 9.79e+02    -  1.12e-03 4.05e-05f  1
  55  1.6058490e+06 1.17e+01 8.69e+01  -6.0 9.00e+02    -  6.51e-04 6.45e-04f  1
  56  1.6048208e+06 1.17e+01 8.68e+01  -6.0 8.40e+02    -  1.46e-03 7.39e-05f  1
  57  1.6011141e+06 1.17e+01 8.67e+01  -6.0 8.02e+02    -  7.96e-04 3.32e-04f  1
  58  1.5996049e+06 1.17e+01 8.67e+01  -6.0 1.35e+03    -  2.97e-04 1.46e-04f  1
  59  1.5987358e+06 1.17e+01 8.67e+01  -6.0 7.61e+02    -  7.46e-04 9.90e-05f  1
iter    objective    inf_pr   inf_du lg(mu)  ||d||  lg(rg) alpha_du alpha_pr  ls
  60  1.5926399e+06 1.17e+01 8.66e+01  -6.0 7.32e+02    -  1.09e-03 7.63e-04f  1
  61  1.5907084e+06 1.17e+01 8.63e+01  -6.0 6.61e+02    -  4.26e-03 3.00e-04f  1
  62  1.5856076e+06 1.17e+01 8.61e+01  -6.0 5.40e+02    -  2.97e-03 1.20e-03f  1
  63  1.5844936e+06 1.17e+01 8.59e+01  -6.0 4.58e+02    -  2.50e-03 3.73e-04f  1
  64  1.5839694e+06 1.17e+01 8.58e+01  -6.0 4.04e+02    -  2.20e-03 2.10e-04f  1
  65  1.5792177e+06 1.17e+01 8.54e+01  -6.0 3.71e+02    -  6.02e-03 2.11e-03f  1
  66  1.5774067e+06 1.17e+01 8.52e+01  -6.0 2.90e+02    -  2.19e-03 1.34e-03f  1
  67  1.5764030e+06 1.16e+01 8.51e+01  -6.0 2.90e+02    -  1.22e-03 8.93e-04f  1
  68  1.5750842e+06 1.16e+01 8.50e+01  -6.0 2.91e+02    -  1.76e-03 1.24e-03f  1
  69  1.5742740e+06 1.16e+01 8.49e+01  -6.0 7.08e+02    -  3.36e-04 7.04e-04f  1
iter    objective    inf_pr   inf_du lg(mu)  ||d||  lg(rg) alpha_du alpha_pr  ls
  70  1.5740118e+06 1.16e+01 8.44e+01  -6.0 2.04e+02    -  7.59e-03 3.54e-04f  1
  71  1.5722057e+06 1.16e+01 8.38e+01  -6.0 1.72e+02    -  8.55e-03 3.56e-03f  1
  72  1.5714765e+06 1.15e+01 8.33e+01  -6.0 1.36e+02    -  7.39e-03 2.84e-03f  1
  73  1.5705564e+06 1.15e+01 8.26e+01  -6.0 1.48e+02    -  9.96e-03 7.19e-03f  1
  74  1.5705686e+06 1.15e+01 8.15e+01  -6.0 1.65e+02    -  1.73e-02 3.81e-04h  1
  75  1.5705242e+06 1.15e+01 8.15e+01  -6.0 2.44e+02    -  4.17e-05 9.42e-04f  1
  76  1.5706179e+06 1.14e+01 7.92e+01  -6.0 1.25e+02    -  3.98e-02 8.40e-04h  1
  77  1.5722336e+06 1.13e+01 7.73e+01  -6.0 1.15e+02    -  2.94e-02 8.30e-03h  1
  78  1.5752928e+06 1.12e+01 7.53e+01  -6.0 9.83e+01    -  3.17e-02 1.28e-02h  1
  79  1.5777261e+06 1.11e+01 7.50e+01  -6.0 6.22e+01    -  2.12e-03 8.96e-03h  1
iter    objective    inf_pr   inf_du lg(mu)  ||d||  lg(rg) alpha_du alpha_pr  ls
  80  1.5785173e+06 1.11e+01 7.33e+01  -6.0 5.79e+01    -  3.02e-02 2.86e-03h  1
  81  1.5848037e+06 1.08e+01 7.25e+01  -6.0 4.26e+01    -  7.77e-03 2.16e-02h  1
  82  1.5861211e+06 1.08e+01 7.08e+01  -6.0 3.55e+01    -  3.18e-02 4.43e-03h  1
  83  1.5953197e+06 1.05e+01 7.00e+01  -6.0 4.69e+01    -  2.51e-03 3.01e-02h  1
  84  1.5960658e+06 1.04e+01 6.81e+01  -6.0 4.54e+01    -  5.02e-02 2.46e-03h  1
  85  1.5979958e+06 1.04e+01 6.90e+01  -6.0 4.72e+01    -  3.24e-02 6.22e-03h  1
  86  1.6165074e+06 9.75e+00 6.47e+01  -6.0 4.68e+01    -  5.55e-02 5.93e-02h  1
  87  1.6244377e+06 1.03e+01 6.40e+01  -6.0 4.01e+01    -  4.84e-02 2.60e-02h  1
  88  1.6313062e+06 9.81e+00 6.20e+01  -6.0 6.56e+01    -  1.24e-02 2.27e-02h  1
  89  1.6360116e+06 9.88e+00 6.05e+01  -6.0 3.79e+01    -  1.43e-03 1.58e-02h  1
iter    objective    inf_pr   inf_du lg(mu)  ||d||  lg(rg) alpha_du alpha_pr  ls
  90  1.6372366e+06 9.84e+00 6.37e+01  -6.0 3.22e+01    -  1.00e-01 4.17e-03h  1
  91  1.6455574e+06 9.60e+00 6.35e+01  -6.0 4.32e+01    -  6.35e-02 2.77e-02h  1
  92  1.6608259e+06 9.17e+00 6.06e+01  -6.0 3.47e+01    -  5.95e-02 5.19e-02h  1
  93  1.6723394e+06 8.82e+00 5.82e+01  -6.0 4.28e+01    -  4.42e-02 4.09e-02h  1
  94  1.6738558e+06 8.77e+00 5.82e+01  -6.0 4.85e+01    -  1.25e-02 5.58e-03h  1
  95  1.6768977e+06 8.68e+00 5.72e+01  -6.0 5.04e+01    -  5.39e-03 1.12e-02h  1
  96  1.6787993e+06 8.62e+00 5.69e+01  -6.0 5.27e+01    -  2.93e-03 6.93e-03h  1
  97  1.6816962e+06 8.53e+00 5.64e+01  -6.0 3.69e+01    -  8.44e-03 1.05e-02h  1
  98  1.6819974e+06 8.52e+00 5.65e+01  -6.0 3.17e+01  -0.5 1.62e-04 1.09e-03h  1
  99  1.6826584e+06 8.50e+00 5.63e+01  -6.0 2.11e+01  -1.0 3.84e-03 2.38e-03h  1
iter    objective    inf_pr   inf_du lg(mu)  ||d||  lg(rg) alpha_du alpha_pr  ls
 100  1.6832951e+06 8.48e+00 5.61e+01  -6.0 1.50e+02  -1.5 7.29e-04 2.28e-03h  1
 101  1.6832987e+06 8.48e+00 5.60e+01  -6.0 3.24e+01    -  1.39e-03 1.30e-05h  1
 102  1.6851345e+06 8.42e+00 5.56e+01  -6.0 3.27e+01    -  6.58e-03 6.58e-03h  1
 103  1.6865763e+06 8.38e+00 5.49e+01  -6.0 4.02e+01    -  7.23e-03 5.15e-03h  1
 104  1.6883474e+06 8.33e+00 5.48e+01  -6.0 2.63e+01    -  4.29e-03 6.32e-03h  1
 105  1.6884242e+06 8.32e+00 5.49e+01  -6.0 5.27e+02    -  6.64e-04 2.70e-04h  1
 106  1.6898203e+06 8.28e+00 5.50e+01  -6.0 2.97e+01    -  1.83e-03 5.00e-03h  1
 107  1.6928067e+06 8.20e+00 5.21e+01  -6.0 3.09e+01    -  1.89e-02 1.07e-02h  1
 108  1.6928290e+06 8.20e+00 5.14e+01  -6.0 3.42e+01    -  3.21e-03 8.14e-05h  1
 109  1.6987437e+06 8.03e+00 5.50e+01  -6.0 3.47e+01    -  3.49e-04 2.15e-02h  1
iter    objective    inf_pr   inf_du lg(mu)  ||d||  lg(rg) alpha_du alpha_pr  ls
 110  1.7004895e+06 7.98e+00 5.65e+01  -6.0 1.31e+01  -1.1 2.23e-03 6.36e-03h  1
 111  1.7018358e+06 7.94e+00 5.74e+01  -6.0 1.21e+01  -0.6 3.50e-03 4.95e-03h  1
 112  1.7031273e+06 7.91e+00 6.15e+01  -6.0 1.14e+01  -0.2 1.29e-03 4.80e-03h  1
 113  1.7045449e+06 7.27e+00 5.94e+01  -6.0 1.17e+01  -0.7 7.55e-03 5.21e-03h  1
 114  1.7073794e+06 7.07e+00 7.09e+01  -6.0 1.10e+01  -0.3 1.35e-04 1.05e-02h  1
 115  1.7081637e+06 7.05e+00 7.14e+01  -6.0 1.14e+01  -0.8 9.91e-04 2.84e-03h  1
 116  1.7083737e+06 7.05e+00 6.84e+01  -6.0 1.06e+01  -0.3 4.42e-03 7.57e-04h  1
 117  1.7114980e+06 6.97e+00 8.22e+01  -6.0 9.88e+00   0.1 2.99e-04 1.13e-02h  1
 118  1.7118983e+06 6.96e+00 8.45e+01  -6.0 9.69e+00   0.5 3.73e-04 1.48e-03h  1
 119  1.7139109e+06 6.91e+00 8.82e+01  -6.0 9.58e+00   0.1 2.51e-03 7.28e-03h  1
iter    objective    inf_pr   inf_du lg(mu)  ||d||  lg(rg) alpha_du alpha_pr  ls
 120  1.7157386e+06 6.86e+00 9.91e+01  -6.0 8.06e+00   0.5 5.55e-05 6.72e-03h  1
 121  1.7158107e+06 6.86e+00 9.75e+01  -6.0 9.15e+00  -0.0 2.07e-03 2.61e-04h  1
 122  1.7189547e+06 6.78e+00 1.10e+02  -6.0 7.82e+00   0.4 2.89e-03 1.15e-02h  1
 123  1.7206321e+06 6.74e+00 1.05e+02  -6.0 8.64e+00  -0.1 1.20e-02 6.10e-03h  1
 124  1.7220772e+06 6.70e+00 1.10e+02  -6.0 1.76e+01   0.4 1.36e-04 5.25e-03h  1
 125  1.7242534e+06 6.65e+00 1.11e+02  -6.0 1.36e+01  -0.1 4.69e-03 7.89e-03h  1
 126  1.7270435e+06 6.58e+00 1.13e+02  -6.0 5.89e+00   0.3 7.54e-03 1.02e-02h  1
 127  1.7284957e+06 6.55e+00 1.09e+02  -6.0 5.31e+00   0.7 8.18e-03 5.40e-03h  1
 128  1.7345079e+06 6.40e+00 1.18e+02  -6.0 6.13e+00   0.3 5.32e-03 2.21e-02h  1
 129  1.7373904e+06 6.33e+00 1.30e+02  -6.0 5.16e+00   0.7 3.26e-03 1.09e-02h  1
iter    objective    inf_pr   inf_du lg(mu)  ||d||  lg(rg) alpha_du alpha_pr  ls
 130  1.7380420e+06 6.32e+00 1.30e+02  -6.0 2.02e+01   0.2 1.07e-03 2.45e-03h  1
 131  1.7392222e+06 6.29e+00 1.31e+02  -6.0 5.12e+00   0.6 2.76e-03 4.45e-03h  1
 132  1.7432110e+06 6.19e+00 1.35e+02  -6.0 6.06e+00   0.2 4.72e-03 1.51e-02h  1
 133  1.7450162e+06 6.15e+00 1.34e+02  -6.0 5.08e+00   0.6 6.29e-03 6.92e-03h  1
 134  1.7470762e+06 6.10e+00 1.32e+02  -6.0 5.98e+00   0.1 1.07e-02 7.94e-03h  1
 135  1.7511932e+06 6.01e+00 1.32e+02  -6.0 5.10e+00   0.5 1.09e-02 1.59e-02h  1
 136  1.7581987e+06 5.84e+00 1.30e+02  -6.0 5.65e+00   0.1 7.29e-03 2.75e-02h  1
 137  1.7583688e+06 5.84e+00 1.30e+02  -6.0 4.89e+00   0.5 9.84e-04 6.88e-04h  1
 138  1.7587612e+06 5.83e+00 1.30e+02  -6.0 4.59e+00   0.9 1.17e-03 1.60e-03h  1
 139  1.7589963e+06 5.82e+00 1.30e+02  -6.0 4.90e+00   0.4 6.14e-04 9.48e-04h  1
iter    objective    inf_pr   inf_du lg(mu)  ||d||  lg(rg) alpha_du alpha_pr  ls
 140  1.7590373e+06 5.82e+00 1.30e+02  -6.0 2.55e+01   0.9 4.42e-04 1.63e-04h  1
 141  1.7602512e+06 5.79e+00 1.30e+02  -6.0 1.19e+01   0.4 1.00e-06 4.80e-03h  1
 142  1.7604636e+06 5.79e+00 1.29e+02  -6.0 1.64e+01   0.8 1.22e-03 8.44e-04h  1
 143  1.7619372e+06 5.75e+00 1.29e+02  -6.0 6.66e+00   0.3 1.84e-04 5.81e-03h  1
 144  1.7623492e+06 5.75e+00 1.29e+02  -6.0 1.43e+01   0.8 1.72e-03 1.62e-03h  1
 145  1.7650376e+06 5.68e+00 1.28e+02  -6.0 5.26e+00   0.3 7.64e-04 1.05e-02h  1
 146  1.7650449e+06 5.68e+00 1.28e+02  -6.0 8.86e+00   0.7 4.19e-04 2.83e-05h  1
 147  1.7699845e+06 5.58e+00 1.27e+02  -6.0 1.55e+01   0.2 3.88e-04 1.91e-02h  1
 148  1.7700003e+06 5.58e+00 1.27e+02  -6.0 1.23e+01   0.7 6.61e-04 6.15e-05h  1
 149  1.7708894e+06 5.56e+00 1.27e+02  -6.0 1.58e+01   0.2 7.98e-04 3.47e-03h  1
iter    objective    inf_pr   inf_du lg(mu)  ||d||  lg(rg) alpha_du alpha_pr  ls
 150  1.7716818e+06 5.54e+00 1.26e+02  -6.0 4.83e+00   0.6 4.72e-04 3.11e-03h  1
 151  1.7720162e+06 5.53e+00 1.26e+02  -6.0 2.99e+01   0.1 4.00e-03 1.31e-03h  1
 152  1.7785894e+06 5.39e+00 1.24e+02  -6.0 4.88e+00   0.6 3.06e-03 2.59e-02h  1
 153  1.7793244e+06 5.37e+00 1.23e+02  -6.0 4.36e+00   1.0 8.29e-03 2.97e-03h  1
 154  1.7802936e+06 5.35e+00 1.22e+02  -6.0 4.78e+00   0.5 1.92e-02 3.92e-03h  1
 155  1.7807944e+06 5.34e+00 1.22e+02  -6.0 2.06e+01   0.9 1.16e-07 2.00e-03h  1
 156  1.7828363e+06 5.30e+00 1.21e+02  -6.0 1.81e+01   0.5 1.33e-03 8.19e-03h  1
 157  1.7828448e+06 5.30e+00 1.21e+02  -6.0 1.35e+01   0.9 4.11e-04 3.37e-05h  1
 158  1.7830815e+06 5.29e+00 1.21e+02  -6.0 2.04e+01   0.4 4.02e-04 9.39e-04h  1
 159  1.7831402e+06 5.29e+00 1.21e+02  -6.0 1.38e+01   0.8 9.38e-04 2.33e-04h  1
iter    objective    inf_pr   inf_du lg(mu)  ||d||  lg(rg) alpha_du alpha_pr  ls
 160  1.7856408e+06 5.24e+00 1.20e+02  -6.0 4.93e+00   0.4 7.62e-04 9.94e-03h  1
 161r 1.7856408e+06 5.24e+00 9.99e+02   0.3 0.00e+00   0.8 0.00e+00 1.25e-07R  2
 162r 1.7839570e+06 5.93e+00 9.99e+02   0.3 3.77e+05    -  9.56e-08 4.27e-06f  1
 163r 1.7847891e+06 5.92e+00 9.99e+02   0.3 2.43e+03    -  1.43e-05 1.37e-05f  1
 164r 1.7920103e+06 5.60e+00 9.99e+02   0.3 2.47e+03    -  2.85e-05 1.13e-04f  1
 165r 1.7958699e+06 5.49e+00 9.99e+02   0.3 2.38e+03    -  7.06e-05 6.61e-05f  1
 166  1.7958809e+06 5.49e+00 1.11e+02  -6.0 4.28e+02    -  6.27e-04 1.96e-04h  1
 167  1.7962836e+06 5.48e+00 1.11e+02  -6.0 1.36e+02    -  4.86e-03 2.11e-03h  2
 168  1.7967067e+06 5.47e+00 1.11e+02  -6.0 1.10e+02    -  8.74e-03 2.20e-03h  1
 169  1.7968625e+06 5.46e+00 1.10e+02  -6.0 6.08e+01    -  1.04e-02 7.88e-04h  1
iter    objective    inf_pr   inf_du lg(mu)  ||d||  lg(rg) alpha_du alpha_pr  ls
 170  1.7976228e+06 5.44e+00 1.10e+02  -6.0 6.67e+01    -  6.24e-03 3.80e-03h  1
 171  1.7990898e+06 5.40e+00 1.09e+02  -6.0 5.85e+01    -  1.36e-02 7.25e-03h  1
 172  1.8004136e+06 5.37e+00 1.07e+02  -6.0 6.93e+01    -  3.26e-02 6.47e-03h  1
 173  1.8005365e+06 5.36e+00 1.07e+02  -6.0 6.18e+02    -  1.10e-04 5.06e-04h  1
 174  1.8013549e+06 5.34e+00 1.06e+02  -6.0 7.94e+01    -  1.57e-04 3.94e-03h  1
 175  1.8033246e+06 5.29e+00 1.06e+02  -6.0 8.06e+01    -  4.23e-03 9.43e-03h  1
 176  1.8053310e+06 5.24e+00 1.04e+02  -6.0 7.31e+01    -  3.34e-02 9.54e-03h  1
 177  1.8058086e+06 5.23e+00 1.04e+02  -6.0 2.27e+01    -  2.46e-03 2.20e-03h  1
 178  1.8062735e+06 5.22e+00 1.03e+02  -6.0 2.43e+01    -  5.49e-03 2.11e-03h  1
 179  1.8065926e+06 5.21e+00 1.03e+02  -6.0 2.37e+01    -  3.61e-04 1.45e-03h  1
iter    objective    inf_pr   inf_du lg(mu)  ||d||  lg(rg) alpha_du alpha_pr  ls
 180  1.8078429e+06 5.18e+00 1.03e+02  -6.0 5.72e+01    -  2.16e-02 5.66e-03h  1
 181  1.8091966e+06 5.15e+00 1.02e+02  -6.0 5.23e+01    -  7.24e-03 6.26e-03h  1
 182  1.8104415e+06 5.12e+00 1.02e+02  -6.0 8.13e+01    -  1.49e-02 5.86e-03h  1
 183  1.8106018e+06 5.11e+00 1.04e+02  -6.0 7.96e+01    -  2.55e-02 7.54e-04h  1
 184  1.8135440e+06 5.05e+00 1.02e+02  -6.0 8.13e+01    -  9.84e-03 1.32e-02h  1
 185  1.8151348e+06 5.01e+00 1.02e+02  -6.0 1.60e+02    -  1.85e-02 7.28e-03h  1
 186  1.8156504e+06 5.00e+00 1.02e+02  -6.0 3.05e+02    -  1.57e-02 2.41e-03h  1
 187  1.8186308e+06 4.93e+00 1.00e+02  -6.0 4.36e+01    -  1.50e-02 1.36e-02h  1
 188  1.8186926e+06 4.93e+00 1.00e+02  -6.0 1.86e+02    -  4.23e-04 2.91e-04h  1
 189  1.8196308e+06 4.91e+00 9.98e+01  -6.0 9.05e+01    -  7.06e-04 4.43e-03h  1
iter    objective    inf_pr   inf_du lg(mu)  ||d||  lg(rg) alpha_du alpha_pr  ls
 190  1.8234745e+06 4.82e+00 9.73e+01  -6.0 7.28e+01    -  1.90e-03 1.77e-02h  1
 191  1.8251379e+06 4.78e+00 9.67e+01  -6.0 1.54e+02    -  2.46e-03 7.72e-03h  1
 192  1.8260581e+06 4.76e+00 9.64e+01  -6.0 5.81e+01    -  7.44e-03 4.23e-03h  1
 193  1.8261479e+06 4.76e+00 9.70e+01  -6.0 7.64e+00   0.3 1.98e-03 4.00e-04h  1
 194  1.8279417e+06 4.72e+00 9.49e+01  -6.0 7.60e+00  -0.2 3.87e-04 7.96e-03h  1
 195  1.8324228e+06 4.63e+00 9.26e+01  -6.0 7.94e+00  -0.6 1.51e-02 2.01e-02h  1
 196  1.8328183e+06 4.62e+00 9.30e+01  -6.0 8.09e+00  -1.1 2.39e-02 1.82e-03h  1
 197  1.8352574e+06 4.57e+00 9.19e+01  -6.0 1.82e+01  -1.6 1.78e-02 1.14e-02h  1
 198  1.8380242e+06 4.51e+00 9.23e+01  -6.0 8.73e+00  -1.2 3.30e-02 1.29e-02h  1
 199  1.8384361e+06 4.50e+00 9.36e+01  -6.0 8.35e+00  -0.8 1.92e-02 1.93e-03h  1
iter    objective    inf_pr   inf_du lg(mu)  ||d||  lg(rg) alpha_du alpha_pr  ls
 200  1.8403607e+06 4.46e+00 9.25e+01  -6.0 1.03e+01  -1.2 5.11e-03 9.10e-03h  1
 201  1.8414695e+06 4.43e+00 9.27e+01  -6.0 8.43e+00  -0.8 1.36e-02 5.24e-03h  1
 202  1.8432842e+06 4.40e+00 9.18e+01  -6.0 1.17e+01  -1.3 8.01e-03 8.70e-03h  1
 203  1.8443349e+06 4.37e+00 9.16e+01  -6.0 8.79e+00  -0.9 8.20e-03 5.04e-03h  1
 204  1.8483993e+06 4.29e+00 8.87e+01  -6.0 1.11e+01  -1.3 1.11e-03 1.96e-02h  1
 205  1.8491980e+06 4.27e+00 8.83e+01  -6.0 6.73e+00  -0.0 2.95e-03 3.84e-03h  1
 206  1.8492340e+06 4.27e+00 8.82e+01  -6.0 1.58e+01   0.4 1.09e-04 1.73e-04h  1
 207  1.8522641e+06 4.21e+00 8.53e+01  -6.0 1.71e+01  -0.1 4.45e-04 1.46e-02h  1
 208  1.8543969e+06 4.16e+00 8.31e+01  -6.0 1.37e+01   0.4 1.49e-03 1.04e-02h  1
 209  1.8570858e+06 4.11e+00 8.08e+01  -6.0 1.25e+01  -0.1 2.34e-03 1.32e-02h  1
iter    objective    inf_pr   inf_du lg(mu)  ||d||  lg(rg) alpha_du alpha_pr  ls
 210  1.8585684e+06 4.08e+00 8.06e+01  -6.0 1.10e+01   0.3 9.96e-03 7.34e-03h  1
 211  1.8594786e+06 4.06e+00 8.04e+01  -6.0 1.06e+01  -0.2 6.58e-03 4.56e-03h  1
 212  1.8604202e+06 4.04e+00 8.00e+01  -6.0 1.01e+01   0.3 4.48e-03 4.71e-03h  1
 213  1.8604409e+06 4.04e+00 8.06e+01  -6.0 8.70e+00   0.7 3.13e-03 1.05e-04h  1
 214  1.8608538e+06 4.03e+00 8.03e+01  -6.0 6.28e+00   0.2 1.08e-03 2.08e-03h  1
 215  1.8617322e+06 4.01e+00 7.93e+01  -6.0 4.91e+00   0.6 8.46e-04 4.42e-03h  1
 216  1.8625140e+06 4.00e+00 7.87e+01  -6.0 5.65e+00   0.2 1.35e-03 3.88e-03h  1
 217  1.8641521e+06 3.97e+00 7.67e+01  -6.0 4.77e+00   0.6 7.59e-04 8.12e-03h  1
 218  1.8658144e+06 3.93e+00 7.72e+01  -6.0 5.79e+00   0.1 1.86e-02 8.34e-03h  1
 219  1.8669711e+06 3.91e+00 7.62e+01  -6.0 4.79e+00   0.5 2.38e-03 5.82e-03h  1
iter    objective    inf_pr   inf_du lg(mu)  ||d||  lg(rg) alpha_du alpha_pr  ls
 220  1.8669768e+06 3.91e+00 7.62e+01  -6.0 7.06e+00   0.1 1.23e-04 2.90e-05h  1
 221  1.8688886e+06 3.87e+00 7.41e+01  -6.0 1.10e+01   0.5 1.48e-04 9.61e-03h  1
 222  1.8689805e+06 3.87e+00 7.50e+01  -6.0 9.65e+00   0.0 1.09e-02 4.70e-04h  1
 223  1.8690566e+06 3.87e+00 7.50e+01  -6.0 4.77e+00   0.4 3.44e-04 3.86e-04h  1
 224  1.8694590e+06 3.86e+00 7.48e+01  -6.0 6.45e+00  -0.0 1.92e-03 2.06e-03h  1
 225  1.8696380e+06 3.86e+00 7.48e+01  -6.0 5.05e+00   0.4 1.84e-03 9.10e-04h  1
 226  1.8706541e+06 3.84e+00 7.44e+01  -6.0 6.26e+00  -0.1 4.40e-03 5.22e-03h  1
 227  1.8714642e+06 3.82e+00 7.42e+01  -6.0 5.07e+00   0.3 4.87e-03 4.15e-03h  1
 228  1.8719034e+06 3.81e+00 7.54e+01  -6.0 6.28e+00  -0.1 2.04e-02 2.28e-03h  1
 229  1.8772370e+06 3.71e+00 7.32e+01  -6.0 5.05e+00   0.3 2.63e-02 2.75e-02h  1
iter    objective    inf_pr   inf_du lg(mu)  ||d||  lg(rg) alpha_du alpha_pr  ls
 230  1.8780247e+06 3.69e+00 9.44e+01  -6.0 4.40e+00   0.7 3.33e-02 4.14e-03h  1
 231  1.8823718e+06 3.61e+00 9.19e+01  -6.0 4.84e+00   0.2 2.28e-02 2.30e-02h  1
 232  1.8832533e+06 3.59e+00 9.09e+01  -6.0 4.32e+00   0.7 4.53e-03 4.74e-03h  1
 233  1.8856812e+06 3.54e+00 9.06e+01  -6.0 5.23e+00   0.2 1.42e-02 1.32e-02h  1
 234  1.8867284e+06 3.52e+00 7.85e+01  -6.0 4.88e+00   0.6 5.75e-04 5.74e-03h  1
 235  1.8872553e+06 3.51e+00 9.35e+01  -6.0 5.40e+00   0.1 2.31e-02 2.93e-03h  1
 236  1.8894246e+06 3.47e+00 7.58e+01  -6.0 4.80e+00   0.6 3.11e-03 1.20e-02h  1
 237  1.8935142e+06 3.39e+00 7.14e+01  -6.0 5.25e+00   0.1 1.72e-02 2.31e-02h  1
 238  1.8964921e+06 3.33e+00 7.33e+01  -6.0 4.29e+00   0.5 1.98e-02 1.69e-02h  1
 239  1.8981847e+06 3.30e+00 9.21e+01  -6.0 4.91e+00   0.0 5.82e-02 9.88e-03h  1
iter    objective    inf_pr   inf_du lg(mu)  ||d||  lg(rg) alpha_du alpha_pr  ls
 240  1.9015330e+06 3.24e+00 1.08e+02  -6.0 3.86e+00   0.5 3.62e-02 1.94e-02h  1
 241  1.9037976e+06 3.19e+00 1.20e+02  -6.0 4.71e+00  -0.0 6.48e-02 1.36e-02h  1
 242  1.9059005e+06 3.15e+00 1.25e+02  -6.0 3.78e+00   0.4 1.94e-02 1.26e-02h  1
 243  1.9072596e+06 3.13e+00 1.65e+02  -6.0 3.51e+00   0.8 2.33e-02 8.17e-03h  1
 244  1.9108052e+06 3.06e+00 1.72e+02  -6.0 3.69e+00   0.4 3.50e-02 2.16e-02h  1
 245  1.9144193e+06 2.99e+00 1.28e+02  -6.0 3.23e+00   0.8 5.46e-03 2.21e-02h  1
 246  1.9154016e+06 2.97e+00 1.51e+02  -6.0 5.91e+00   0.3 5.04e-02 6.25e-03h  1
 247  1.9211708e+06 2.87e+00 8.97e+01  -6.0 3.11e+00   0.7 8.77e-06 3.50e-02h  1
 248  1.9211724e+06 2.87e+00 8.98e+01  -6.0 3.34e+01   0.3 5.33e-05 1.03e-05h  1
 249  1.9233176e+06 2.83e+00 6.81e+01  -6.0 8.45e+00   0.7 6.66e-05 1.34e-02h  1
iter    objective    inf_pr   inf_du lg(mu)  ||d||  lg(rg) alpha_du alpha_pr  ls
 250  1.9239938e+06 2.82e+00 8.78e+01  -6.0 7.15e+00   0.2 5.55e-02 4.40e-03h  1
 251  1.9252287e+06 2.80e+00 7.80e+01  -6.0 3.52e+00   0.6 1.29e-04 7.94e-03h  1
 252  1.9252605e+06 2.80e+00 1.99e+02  -6.0 3.33e+00   1.1 2.73e-02 2.04e-04h  1
 253  1.9342414e+06 2.63e+00 1.20e+02  -6.0 3.51e+00   0.6 1.17e-02 5.82e-02h  1
 254  1.9373862e+06 2.58e+00 1.42e+02  -6.0 3.18e+00   1.0 2.68e-02 2.14e-02h  1
 255  1.9375183e+06 2.57e+00 1.74e+02  -6.0 3.34e+00   0.5 2.85e-02 9.31e-04h  1
 256  1.9378916e+06 2.57e+00 2.42e+02  -6.0 3.20e+00   1.0 1.76e-02 2.60e-03h  1
 257  1.9452262e+06 2.43e+00 1.84e+02  -6.0 3.53e+00   0.5 9.60e-03 5.21e-02h  1
 258  1.9464391e+06 2.41e+00 4.15e+02  -6.0 3.20e+00   0.9 6.46e-02 8.97e-03h  1
 259  1.9558631e+06 2.24e+00 4.23e+02  -6.0 3.39e+00   0.4 1.49e-01 7.16e-02h  1
iter    objective    inf_pr   inf_du lg(mu)  ||d||  lg(rg) alpha_du alpha_pr  ls
 260  1.9559450e+06 2.24e+00 5.30e+02  -6.0 3.01e+00   0.8 3.56e-02 6.60e-04h  1
 261  1.9565902e+06 2.23e+00 5.34e+02  -6.0 3.21e+00   0.4 1.01e-01 5.31e-03h  1
 262  1.9568178e+06 2.22e+00 6.67e+02  -6.0 3.02e+00   0.8 6.10e-02 1.85e-03h  1
 263  1.9611873e+06 2.14e+00 6.60e+02  -6.0 3.23e+00   0.3 8.27e-04 3.63e-02h  1
 264  1.9636823e+06 2.10e+00 6.99e+02  -6.0 2.93e+00   0.7 6.34e-02 2.11e-02h  1
 265  1.9643699e+06 2.08e+00 7.38e+02  -6.0 2.91e+00   1.2 1.32e-02 5.91e-03h  1
 266  1.9708233e+06 1.97e+00 6.71e+02  -6.0 2.99e+00   0.7 2.33e-02 5.63e-02h  1
 267  1.9747760e+06 1.90e+00 6.49e+02  -6.0 2.75e+00   1.1 3.65e-02 3.61e-02h  1
 268  1.9760745e+06 1.87e+00 6.68e+02  -6.0 2.76e+00   0.6 2.17e-01 1.25e-02h  1
 269  1.9771684e+06 1.85e+00 7.66e+02  -6.0 2.64e+00   1.1 4.04e-02 1.05e-02h  1
iter    objective    inf_pr   inf_du lg(mu)  ||d||  lg(rg) alpha_du alpha_pr  ls
 270  1.9774423e+06 1.85e+00 7.51e+02  -6.0 2.75e+00   0.6 4.20e-02 2.67e-03h  1
 271  1.9799337e+06 1.80e+00 7.89e+02  -6.0 2.64e+00   1.0 4.46e-02 2.38e-02h  1
 272  1.9801540e+06 1.80e+00 7.72e+02  -6.0 2.76e+00   0.5 2.66e-02 2.21e-03h  1
 273  1.9830942e+06 1.75e+00 6.93e+02  -6.0 2.59e+00   1.0 4.42e-06 2.89e-02h  1
 274  1.9832136e+06 1.75e+00 5.63e+02  -6.0 2.74e+00   0.5 1.80e-01 1.25e-03h  1
 275  1.9834501e+06 1.74e+00 5.58e+02  -6.0 2.56e+00   0.9 3.45e-05 2.42e-03h  1
 276  1.9834513e+06 1.74e+00 4.79e+02  -6.0 2.79e+00   0.4 1.86e-01 1.28e-05h  1
 277  1.9884405e+06 1.65e+00 3.86e+02  -6.0 2.57e+00   0.9 3.47e-03 5.13e-02h  1
 278r 1.9884405e+06 1.65e+00 1.00e+03  -0.3 0.00e+00   0.4 0.00e+00 3.44e-07R  4
 279r 1.9890689e+06 1.65e+00 1.00e+03  -0.3 4.46e+05    -  1.87e-05 5.06e-07f  1
iter    objective    inf_pr   inf_du lg(mu)  ||d||  lg(rg) alpha_du alpha_pr  ls
 280r 2.0048898e+06 1.37e+00 1.01e+03  -0.3 2.77e+03    -  1.39e-03 3.29e-04f  1
 281  2.0050422e+06 1.37e+00 9.62e+01  -6.0 5.34e+00    -  5.36e-02 2.52e-03h  1
 282  2.0073801e+06 1.32e+00 9.48e+01  -6.0 5.44e+00    -  4.33e-03 3.73e-02h  1
 283  2.0109205e+06 1.24e+00 9.05e+01  -6.0 5.27e+00    -  4.02e-02 5.79e-02h  1
 284  2.0132181e+06 1.19e+00 8.79e+01  -6.0 5.04e+00    -  2.41e-02 3.94e-02h  1
 285  2.0133188e+06 1.19e+00 8.78e+01  -6.0 4.92e+00    -  1.78e-04 1.76e-03h  1
 286  2.0181331e+06 1.09e+00 8.46e+01  -6.0 4.89e+00    -  1.70e-02 8.53e-02h  1
 287  2.0257957e+06 9.30e-01 8.11e+01  -6.0 4.40e+00    -  1.05e-03 1.47e-01h  1
 288  2.0264493e+06 9.16e-01 7.86e+01  -6.0 3.70e+00    -  3.64e-02 1.47e-02h  1
 289  2.0307653e+06 8.21e-01 7.55e+01  -6.0 3.86e+00    -  1.82e-02 1.04e-01h  1
iter    objective    inf_pr   inf_du lg(mu)  ||d||  lg(rg) alpha_du alpha_pr  ls
 290  2.0316894e+06 8.01e-01 7.32e+01  -6.0 3.44e+00    -  3.22e-02 2.48e-02h  1
 291  2.0391539e+06 6.35e-01 9.76e+01  -6.0 3.42e+00    -  2.55e-02 2.07e-01h  1
 292  2.0420320e+06 5.76e-01 9.78e+01  -6.0 2.47e+00    -  4.34e-02 9.29e-02h  1
 293  2.0489192e+06 4.35e-01 1.06e+02  -6.0 2.25e+00    -  5.21e-02 2.45e-01h  1
 294  2.0547741e+06 3.17e-01 1.10e+02  -6.0 1.64e+00    -  7.60e-03 2.70e-01h  1
 295  2.0592933e+06 2.26e-01 9.89e+01  -6.0 1.27e+00    -  8.79e-02 2.87e-01h  1
 296  2.0630555e+06 1.49e-01 8.87e+01  -6.0 1.08e+00    -  2.21e-02 3.34e-01h  1
 297  2.0658374e+06 9.16e-02 6.45e+01  -6.0 9.06e-01    -  2.12e-01 3.80e-01h  1
 298  2.0662071e+06 8.42e-02 6.17e+01  -6.0 6.88e-01    -  1.15e-02 8.03e-02h  1
 299  2.0666413e+06 7.55e-02 5.65e+01  -6.0 6.51e-01    -  7.06e-02 1.03e-01h  1
iter    objective    inf_pr   inf_du lg(mu)  ||d||  lg(rg) alpha_du alpha_pr  ls
 300  2.0671419e+06 6.54e-02 5.04e+01  -6.0 6.19e-01    -  8.12e-02 1.33e-01h  1

Number of Iterations....: 300

                                   (scaled)                 (unscaled)
Objective...............:   1.4974993281722136e+04    2.0671419178866851e+06
Dual infeasibility......:   5.0441008088152472e+01    6.9628560252342431e+03
Constraint violation....:   1.8551997879090277e-02    6.5433429991252012e-02
Variable bound violation:   1.6880356668025343e-07    1.6880356668025343e-07
Complementarity.........:   4.1265210352684635e+03    5.6962326770831330e+05
Overall NLP error.......:   4.1265210352684635e+03    5.6962326770831330e+05


Number of objective function evaluations             = 312
Number of objective gradient evaluations             = 291
Number of equality constraint evaluations            = 312
Number of inequality constraint evaluations          = 313
Number of equality constraint Jacobian evaluations   = 304
Number of inequality constraint Jacobian evaluations = 304
Number of Lagrangian Hessian evaluations             = 300
Total seconds in IPOPT                               = 71.245

EXIT: Maximum Number of Iterations Exceeded.

