Solver command line: ['/opt/homebrew/bin/ipopt', '/var/folders/6y/bvynbx6n3zv7z3lwg6vd724r0000gn/T/tmp4is30bli.pyomo.nl', '-AMPL', 'tol=1e-06', 'max_iter=300', 'print_level=5']

Ipopt 3.14.19: tol=1e-06
max_iter=300
print_level=5


******************************************************************************
This program contains Ipopt, a library for large-scale nonlinear optimization.
 Ipopt is released as open source code under the Eclipse Public License (EPL).
         For more information visit https://github.com/coin-or/Ipopt
******************************************************************************

This is Ipopt version 3.14.19, running with linear solver MUMPS 5.6.2.

Number of nonzeros in equality constraint Jacobian...:    91135
Number of nonzeros in inequality constraint Jacobian.:    72000
Number of nonzeros in Lagrangian Hessian.............:    51664

Total number of variables............................:    13678
                     variables with only lower bounds:        0
                variables with lower and upper bounds:    13678
                     variables with only upper bounds:        0
Total number of equality constraints.................:    12937
Total number of inequality constraints...............:    18000
        inequality constraints with only lower bounds:        0
   inequality constraints with lower and upper bounds:        0
        inequality constraints with only upper bounds:    18000

iter    objective    inf_pr   inf_du lg(mu)  ||d||  lg(rg) alpha_du alpha_pr  ls
   0  1.8545790e+06 3.13e+05 1.00e+02  -1.0 0.00e+00    -  0.00e+00 0.00e+00   0
   1  1.8299954e+06 3.10e+05 9.98e+01  -1.0 1.20e+02    -  1.12e-03 3.60e-03f  1
   2  1.7916362e+06 3.07e+05 9.94e+01  -1.0 1.18e+02    -  3.80e-03 5.76e-03f  1
   3  1.7874286e+06 3.06e+05 9.92e+01  -1.0 1.04e+02    -  2.17e-03 7.06e-04f  1
   4  1.7728630e+06 3.05e+05 9.90e+01  -1.0 1.68e+02    -  2.21e-03 2.52e-03f  1
   5  1.7664778e+06 3.04e+05 9.88e+01  -1.0 1.75e+02    -  2.57e-03 1.19e-03f  1
   6  1.7662956e+06 3.04e+05 1.65e+02  -1.0 9.54e+01    -  3.68e-04 3.85e-05f  1
   7  1.7598026e+06 3.03e+05 5.90e+02  -1.0 1.14e+02    -  1.26e-04 1.40e-03f  1
   8  1.7295455e+06 3.00e+05 1.28e+03  -1.0 2.15e+02    -  4.25e-04 6.28e-03f  1
   9  1.7290034e+06 2.99e+05 3.57e+02  -1.0 2.96e+02    -  1.05e-02 1.30e-04f  1
iter    objective    inf_pr   inf_du lg(mu)  ||d||  lg(rg) alpha_du alpha_pr  ls
  10  1.7110285e+06 2.96e+05 3.60e+02  -1.0 3.21e+02    -  4.98e-03 5.01e-03f  1
  11  1.7107867e+06 2.96e+05 3.01e+02  -1.0 4.30e+02    -  3.42e-04 8.52e-05f  1
  12  1.7020913e+06 2.94e+05 8.40e+02  -1.0 4.54e+02    -  3.20e-04 3.01e-03f  1
  13  1.7006868e+06 2.94e+05 8.98e+02  -1.0 3.60e+02    -  5.71e-04 6.87e-04f  1
  14  1.6977262e+06 2.93e+05 9.08e+02  -1.0 4.23e+02    -  3.76e-03 1.51e-03f  1
  15  1.6933551e+06 2.92e+05 5.32e+03  -1.0 5.37e+02    -  1.07e-02 2.97e-03f  1
  16  1.6934211e+06 2.92e+05 9.13e+03  -1.0 7.48e+02    -  4.28e-03 3.49e-04h  3
  17  1.6937820e+06 2.92e+05 1.15e+04  -1.0 7.64e+02    -  2.39e-03 2.72e-04h  5
  18  1.6942847e+06 2.92e+05 1.54e+04  -1.0 7.76e+02    -  3.45e-03 3.25e-04h  5
  19  1.6949565e+06 2.91e+05 1.76e+04  -1.0 7.86e+02    -  1.93e-03 3.30e-04h  5
iter    objective    inf_pr   inf_du lg(mu)  ||d||  lg(rg) alpha_du alpha_pr  ls
  20  1.6956000e+06 2.91e+05 2.70e+04  -1.0 7.98e+02    -  6.38e-03 3.15e-04h  5
  21  1.6960211e+06 2.91e+05 3.20e+04  -1.0 9.12e+02    -  2.68e-03 1.66e-04h  6
  22  1.6965844e+06 2.91e+05 3.61e+04  -1.0 9.91e+02    -  2.05e-03 1.77e-04h  6
  23  1.6972346e+06 2.91e+05 3.93e+04  -1.0 1.06e+03    -  1.50e-03 1.83e-04h  6
  24  1.6977624e+06 2.91e+05 4.24e+04  -1.0 1.13e+03    -  1.32e-03 1.33e-04h  6
  25  1.6983267e+06 2.91e+05 5.16e+04  -1.0 1.19e+03    -  3.54e-03 1.41e-04h  6
  26  1.7175665e+06 2.89e+05 4.44e+04  -1.0 1.29e+03    -  2.38e-03 4.59e-03w  1
  27  1.7320765e+06 2.87e+05 4.95e+04  -1.0 2.40e+03    -  4.39e-03 3.17e-03w  1
  28  1.7416090e+06 2.87e+05 4.78e+04  -1.0 3.47e+03    -  8.14e-04 1.06e-03w  1
  29  1.6989279e+06 2.91e+05 5.85e+04  -1.0 4.09e+03    -  2.38e-03 1.43e-04h  5
iter    objective    inf_pr   inf_du lg(mu)  ||d||  lg(rg) alpha_du alpha_pr  ls
  30  1.6993272e+06 2.91e+05 6.50e+04  -1.0 1.38e+03    -  1.96e-03 9.31e-05h  7
  31  1.6998303e+06 2.91e+05 8.17e+04  -1.0 1.45e+03    -  4.59e-03 1.11e-04h  7
  32  1.7006355e+06 2.91e+05 8.51e+04  -1.0 1.56e+03    -  9.27e-04 1.28e-04h  6
  33  1.7014431e+06 2.91e+05 9.21e+04  -1.0 1.62e+03    -  1.65e-03 1.23e-04h  6
  34  1.7019739e+06 2.91e+05 9.90e+04  -1.0 1.70e+03    -  1.51e-03 7.84e-05h  7
  35  1.7027771e+06 2.91e+05 1.09e+05  -1.0 1.76e+03    -  2.06e-03 1.11e-04h  6
  36  1.7033486e+06 2.90e+05 1.21e+05  -1.0 1.84e+03    -  2.22e-03 7.62e-05h  7
  37  1.7037478e+06 2.90e+05 1.36e+05  -1.0 1.92e+03    -  2.44e-03 4.90e-05h  8
  38  1.7044654e+06 2.90e+05 1.50e+05  -1.0 1.99e+03    -  2.32e-03 7.58e-05h  7
  39  1.7797883e+06 2.87e+05 1.18e+05  -1.0 2.07e+03    -  2.12e-03 6.41e-03w  1
iter    objective    inf_pr   inf_du lg(mu)  ||d||  lg(rg) alpha_du alpha_pr  ls
  40  1.8046612e+06 2.87e+05 1.48e+05  -1.0 4.39e+03    -  4.75e-03 1.93e-03w  1
  41  1.8261138e+06 2.86e+05 1.54e+05  -1.0 5.81e+03    -  1.97e-03 1.45e-03w  1
  42  1.7050539e+06 2.90e+05 1.65e+05  -1.0 5.65e+03    -  2.12e-03 5.01e-05h  7
  43  1.7057679e+06 2.90e+05 1.77e+05  -1.0 2.13e+03    -  1.62e-03 4.54e-05h  8
  44  1.7065479e+06 2.90e+05 1.88e+05  -1.0 2.57e+03    -  1.37e-03 4.27e-05h  8
  45  1.7073588e+06 2.90e+05 2.06e+05  -1.0 2.53e+03    -  2.18e-03 4.56e-05h  8
  46  1.7077924e+06 2.90e+05 2.40e+05  -1.0 2.48e+03    -  3.75e-03 2.52e-05h  9
  47  1.7084101e+06 2.90e+05 2.71e+05  -1.0 2.39e+03    -  3.01e-03 3.63e-05h  8
  48  1.7087700e+06 2.90e+05 3.00e+05  -1.0 2.46e+03    -  2.42e-03 2.07e-05h  9
  49  1.7094316e+06 2.90e+05 3.06e+05  -1.0 2.51e+03    -  5.66e-04 3.37e-05h  7
iter    objective    inf_pr   inf_du lg(mu)  ||d||  lg(rg) alpha_du alpha_pr  ls
  50  1.7098168e+06 2.90e+05 3.14e+05  -1.0 2.53e+03    -  6.18e-04 1.93e-05h  8
  51  1.7102480e+06 2.90e+05 3.46e+05  -1.0 2.55e+03    -  2.37e-03 2.13e-05h  8
  52  1.8116727e+06 2.88e+05 3.00e+05  -1.0 2.58e+03    -  1.50e-03 4.51e-03w  1
  53  1.8462124e+06 2.88e+05 3.18e+05  -1.0 4.97e+03    -  3.07e-03 1.92e-03w  1
  54  1.8519936e+06 2.88e+05 3.49e+05  -1.0 4.26e+03    -  1.87e-03 5.73e-04w  1
  55  1.7106442e+06 2.90e+05 3.67e+05  -1.0 4.32e+03    -  1.50e-03 1.76e-05h  8
  56  1.7111196e+06 2.90e+05 4.37e+05  -1.0 2.60e+03    -  4.58e-03 2.12e-05h  9
  57  1.7225615e+06 2.90e+05 4.37e+05  -1.0 2.62e+03    -  5.08e-04 5.08e-04s 14
  58  1.7771051e+06 2.89e+05 4.36e+05  -1.0 2.93e+03    -  2.39e-03 2.39e-03s 14
  59  1.8234206e+06 2.88e+05 4.35e+05  -1.0 4.23e+03    -  2.39e-03 2.39e-03s 14
iter    objective    inf_pr   inf_du lg(mu)  ||d||  lg(rg) alpha_du alpha_pr  ls
  60  1.8355175e+06 2.88e+05 4.34e+05  -1.0 4.32e+03    -  9.39e-04 9.39e-04s 14
  61  1.8491136e+06 2.87e+05 4.34e+05  -1.0 4.14e+03    -  1.23e-03 1.23e-03s 14
  62  1.8696882e+06 2.87e+05 4.33e+05  -1.0 4.35e+03    -  1.97e-03 1.97e-03s 14
  63  1.8832660e+06 2.86e+05 4.32e+05  -1.0 4.72e+03    -  1.34e-03 1.34e-03s 14
  64  1.8931874e+06 2.86e+05 4.32e+05  -1.0 4.98e+03    -  9.70e-04 9.70e-04s 14
  65r 1.8931874e+06 2.86e+05 1.00e+03   1.5 0.00e+00    -  0.00e+00 0.00e+00R  1
  66r 1.8837193e+06 2.51e+05 1.42e+03   1.5 1.30e+04    -  4.74e-04 6.78e-04f  1
  67r 1.8636868e+06 1.65e+05 1.22e+03   1.5 1.03e+04    -  1.44e-03 1.62e-03f  1
  68r 1.8442613e+06 1.04e+05 1.65e+03   1.5 6.82e+03    -  1.15e-03 1.97e-03f  1
  69r 1.8242056e+06 7.14e+04 1.48e+03   1.5 2.74e+03    -  3.86e-03 2.28e-03f  1
iter    objective    inf_pr   inf_du lg(mu)  ||d||  lg(rg) alpha_du alpha_pr  ls
  70r 1.7686979e+06 1.57e+04 1.55e+03   1.5 3.20e+03    -  3.95e-03 8.91e-03f  1
  71r 1.7478987e+06 2.39e+03 1.54e+03   1.5 2.95e+03    -  1.07e-02 1.20e-02f  1
  72r 1.7487153e+06 1.31e+03 1.57e+03   1.5 1.65e+03    -  7.52e-04 8.74e-03f  1
  73r 1.7490403e+06 1.02e+03 1.58e+03   1.5 1.81e+03    -  2.01e-03 4.42e-03f  1
  74r 1.7528221e+06 2.99e+02 1.48e+03   1.5 1.03e+03    -  3.86e-02 2.13e-02f  1
  75r 1.7670932e+06 2.40e+01 3.79e+03   1.5 2.80e+02    -  1.29e-01 7.54e-02f  1
  76r 1.7419718e+06 1.64e+01 6.19e+03   1.5 4.13e+01    -  3.03e-01 1.79e-01f  1
  77r 1.6843676e+06 1.40e+01 1.36e+04   1.5 4.83e+01    -  6.25e-01 5.32e-01f  1
  78  1.5925457e+06 1.37e+01 9.73e+01  -1.0 1.65e+02    -  2.96e-02 2.27e-02f  1
  79  1.5221035e+06 1.33e+01 9.21e+01  -1.0 1.83e+02    -  6.20e-02 2.98e-02f  1
iter    objective    inf_pr   inf_du lg(mu)  ||d||  lg(rg) alpha_du alpha_pr  ls
  80  1.5116800e+06 1.27e+01 8.23e+01  -1.0 1.21e+02    -  1.28e-01 4.83e-02f  1
  81  1.5444263e+06 1.05e+01 1.70e+02  -1.0 1.20e+02    -  1.78e-01 1.68e-01h  1
  82  1.6391612e+06 7.94e+00 2.17e+02  -1.0 1.08e+02    -  3.26e-01 2.43e-01h  1
  83  1.7420726e+06 5.74e+00 2.45e+02  -1.0 1.00e+02    -  2.12e-01 2.80e-01h  1
  84  1.7872514e+06 4.88e+00 2.18e+02  -1.0 8.67e+01    -  3.03e-01 1.51e-01h  1
  85  1.8718847e+06 3.31e+00 1.61e+02  -1.0 8.60e+01    -  1.90e-01 3.32e-01h  1
  86  1.9151196e+06 2.50e+00 1.15e+02  -1.0 6.48e+01    -  7.46e-01 2.47e-01h  1
  87  1.9451423e+06 1.92e+00 8.97e+01  -1.0 8.37e+01    -  5.21e-01 2.32e-01h  1
  88  1.9642987e+06 1.59e+00 7.10e+01  -1.0 9.94e+01    -  5.78e-01 1.73e-01h  1
  89  2.0043482e+06 9.59e-01 4.21e+01  -1.0 1.10e+02    -  4.77e-01 4.00e-01h  1
iter    objective    inf_pr   inf_du lg(mu)  ||d||  lg(rg) alpha_du alpha_pr  ls
  90  2.0249582e+06 6.65e-01 4.37e+01  -1.0 8.76e+01    -  7.49e-01 3.07e-01h  1
  91  2.0421569e+06 4.40e-01 4.97e+01  -1.0 4.22e+01    -  7.75e-01 3.40e-01h  1
  92  2.0622799e+06 1.87e-01 2.78e+01  -1.0 3.15e+01    -  9.90e-01 5.77e-01h  1
  93  2.0774006e+06 4.39e-02 1.41e+01  -1.0 2.87e+01    -  9.93e-01 1.00e+00h  1
  94  2.0774516e+06 2.73e-02 3.15e-01  -1.0 8.61e+00    -  1.00e+00 1.00e+00h  1
  95  2.0774549e+06 9.89e-05 5.83e-03  -1.0 1.77e+00    -  1.00e+00 1.00e+00h  1
  96  2.0744964e+06 8.67e-03 1.11e+01  -2.5 9.65e+00    -  5.54e-01 5.35e-01f  1
  97  2.0723955e+06 2.64e-02 2.85e+01  -2.5 1.13e+01    -  1.05e-01 6.41e-01f  1
  98  2.0713512e+06 2.85e-02 1.77e+01  -2.5 5.78e+00    -  6.14e-01 7.32e-01f  1
  99  2.0706073e+06 2.69e-02 1.27e+01  -2.5 5.45e+00    -  6.09e-01 8.54e-01f  1
iter    objective    inf_pr   inf_du lg(mu)  ||d||  lg(rg) alpha_du alpha_pr  ls
 100  2.0703984e+06 1.49e-02 3.43e+00  -2.5 1.45e+00    -  6.66e-01 4.51e-01h  1
 101  2.0702796e+06 1.02e-02 1.05e+01  -2.5 1.13e+00    -  1.00e+00 3.20e-01h  1
 102  2.0700612e+06 4.20e-03 1.53e+00  -2.5 8.55e-01    -  7.72e-01 8.54e-01h  1
 103  2.0700652e+06 2.84e-04 1.09e-02  -2.5 2.42e-01    -  1.00e+00 1.00e+00h  1
 104  2.0699715e+06 4.30e-04 2.13e+00  -3.8 1.52e+00    -  3.82e-01 2.41e-01f  1
 105  2.0698818e+06 1.55e-03 4.97e+00  -3.8 1.50e+00    -  5.32e-01 3.30e-01f  1
 106  2.0698505e+06 1.37e-03 4.21e+00  -3.8 1.74e+00    -  2.18e-01 2.00e-01h  1
 107  2.0698020e+06 1.60e-03 3.28e+00  -3.8 1.56e+00    -  4.62e-01 4.02e-01h  1
 108  2.0697583e+06 2.00e-03 5.13e+00  -3.8 1.09e+00    -  8.62e-01 6.63e-01h  1
 109  2.0697450e+06 8.97e-04 9.56e+00  -3.8 6.92e-01    -  1.00e+00 7.65e-01h  1
iter    objective    inf_pr   inf_du lg(mu)  ||d||  lg(rg) alpha_du alpha_pr  ls
 110  2.0697420e+06 6.04e-05 5.32e-03  -3.8 2.29e-01    -  1.00e+00 1.00e+00h  1
 111  2.0697421e+06 9.28e-07 7.17e-06  -3.8 1.60e-02    -  1.00e+00 1.00e+00h  1
 112  2.0697381e+06 3.45e-05 1.21e+01  -5.7 3.85e-01    -  8.45e-01 3.17e-01f  1
 113  2.0697330e+06 1.67e-04 5.93e+00  -5.7 2.94e-01    -  7.50e-01 6.13e-01h  1
 114  2.0697321e+06 1.22e-04 6.40e+00  -5.7 1.37e-01    -  1.00e+00 3.19e-01h  1
 115  2.0697305e+06 4.36e-05 9.42e-01  -5.7 9.47e-02    -  1.00e+00 8.55e-01h  1
 116  2.0697303e+06 2.86e-06 3.61e-01  -5.7 1.46e-02    -  1.00e+00 9.49e-01h  1
 117  2.0697303e+06 1.43e-06 2.75e-01  -5.7 7.46e-04    -  1.00e+00 5.00e-01f  2
 118  2.0697303e+06 6.77e-09 5.18e-08  -5.7 3.73e-04    -  1.00e+00 1.00e+00h  1
 119  2.0697302e+06 1.93e-07 2.27e-01  -7.2 6.90e-03    -  1.00e+00 8.72e-01h  1
iter    objective    inf_pr   inf_du lg(mu)  ||d||  lg(rg) alpha_du alpha_pr  ls
 120  2.0697301e+06 2.56e-08 2.13e-07  -7.2 9.14e-04    -  1.00e+00 1.00e+00f  1

Number of Iterations....: 120

                                   (scaled)                 (unscaled)
Objective...............:   1.4993743207084104e+04    2.0697301498774318e+06
Dual infeasibility......:   2.1335021141819929e-07    2.9450775497231340e-05
Constraint violation....:   2.5647397906836122e-08    2.5647397906836122e-08
Variable bound violation:   2.6858602808488286e-07    2.6858602808488286e-07
Complementarity.........:   9.6400120822285267e-08    1.3307033057858601e-05
Overall NLP error.......:   2.1335021141819929e-07    2.9450775497231340e-05


Number of objective function evaluations             = 353
Number of objective gradient evaluations             = 110
Number of equality constraint evaluations            = 353
Number of inequality constraint evaluations          = 353
Number of equality constraint Jacobian evaluations   = 122
Number of inequality constraint Jacobian evaluations = 122
Number of Lagrangian Hessian evaluations             = 120
Total seconds in IPOPT                               = 32.292

EXIT: Optimal Solution Found.

