Solver command line: ['/opt/homebrew/bin/ipopt', '/var/folders/6y/bvynbx6n3zv7z3lwg6vd724r0000gn/T/tmpw9wwktcr.pyomo.nl', '-AMPL', 'tol=1e-06', 'max_iter=300', 'print_level=5']

Ipopt 3.14.19: tol=1e-06
max_iter=300
print_level=5


******************************************************************************
This program contains Ipopt, a library for large-scale nonlinear optimization.
 Ipopt is released as open source code under the Eclipse Public License (EPL).
         For more information visit https://github.com/coin-or/Ipopt
******************************************************************************

This is Ipopt version 3.14.19, running with linear solver MUMPS 5.6.2.

Number of nonzeros in equality constraint Jacobian...:    91135
Number of nonzeros in inequality constraint Jacobian.:    72000
Number of nonzeros in Lagrangian Hessian.............:    51664

Total number of variables............................:    13678
                     variables with only lower bounds:        0
                variables with lower and upper bounds:    13678
                     variables with only upper bounds:        0
Total number of equality constraints.................:    12937
Total number of inequality constraints...............:    18000
        inequality constraints with only lower bounds:        0
   inequality constraints with lower and upper bounds:        0
        inequality constraints with only upper bounds:    18000

iter    objective    inf_pr   inf_du lg(mu)  ||d||  lg(rg) alpha_du alpha_pr  ls
   0  2.0621214e+06 3.41e+05 1.00e+02  -1.0 0.00e+00    -  0.00e+00 0.00e+00   0
   1  2.0603770e+06 3.37e+05 9.98e+01  -1.0 7.30e+01    -  1.16e-03 5.75e-03f  1
   2  2.0597514e+06 3.35e+05 9.95e+01  -1.0 7.83e+01    -  2.80e-03 2.95e-03f  1
   3  2.0563330e+06 3.24e+05 3.06e+02  -1.0 6.27e+01    -  7.38e-03 1.62e-02f  1
   4  2.0562999e+06 3.24e+05 3.13e+02  -1.0 7.50e+01    -  3.89e-03 1.94e-04h  1
   5  2.0566798e+06 3.24e+05 3.36e+02  -1.0 8.10e+02    -  4.65e-05 3.51e-04h  1
   6  2.0565283e+06 3.23e+05 3.59e+02  -1.0 1.08e+02    -  3.85e-03 8.16e-04f  1
   7  2.0542161e+06 3.15e+05 1.36e+02  -1.0 1.18e+02    -  1.82e-03 1.23e-02f  1
   8  2.0532800e+06 3.12e+05 1.39e+02  -1.0 1.84e+02    -  1.44e-02 5.25e-03f  1
   9  2.0529999e+06 3.11e+05 2.01e+02  -1.0 2.29e+02    -  1.31e-02 1.47e-03h  1
iter    objective    inf_pr   inf_du lg(mu)  ||d||  lg(rg) alpha_du alpha_pr  ls
  10  2.0523017e+06 3.09e+05 2.40e+02  -1.0 2.76e+02    -  1.18e-02 3.78e-03f  1
  11  2.0514527e+06 3.06e+05 1.86e+02  -1.0 3.40e+02    -  5.74e-03 4.76e-03h  1
  12  2.0520579e+06 3.04e+05 1.26e+02  -1.0 3.06e+02    -  2.74e-04 3.84e-03h  1
  13  2.0522464e+06 3.03e+05 2.80e+02  -1.0 3.68e+02    -  3.06e-03 7.05e-04h  1
  14  2.0525725e+06 3.02e+05 1.19e+02  -1.0 3.47e+02    -  5.69e-05 2.03e-03h  1
  15  2.0526174e+06 3.02e+05 4.69e+02  -1.0 3.03e+02    -  6.24e-03 6.20e-04h  1
  16  2.0527565e+06 3.00e+05 3.88e+02  -1.0 1.91e+02    -  1.40e-03 2.33e-03h  1
  17  2.0528323e+06 3.00e+05 1.30e+03  -1.0 5.21e+02    -  5.67e-03 3.52e-04h  1
  18  2.0532906e+06 2.98e+05 5.99e+02  -1.0 8.00e+02    -  4.55e-04 3.37e-03h  1
  19  2.0532942e+06 2.98e+05 3.23e+03  -1.0 4.49e+02    -  2.59e-03 5.29e-05h  1
iter    objective    inf_pr   inf_du lg(mu)  ||d||  lg(rg) alpha_du alpha_pr  ls
  20  2.0533785e+06 2.97e+05 1.25e+03  -1.0 5.33e+02    -  1.30e-04 6.34e-04h  1
  21  2.0533855e+06 2.97e+05 3.47e+03  -1.0 5.44e+02    -  4.80e-04 1.38e-04h  1
  22  2.0533498e+06 2.97e+05 4.03e+03  -1.0 1.40e+03    -  6.77e-05 3.70e-05h  1
  23  2.0533853e+06 2.97e+05 5.69e+03  -1.0 1.29e+03   0.0 1.02e-04 5.91e-05h  1
  24r 2.0533853e+06 2.97e+05 1.00e+03   1.4 0.00e+00    -  0.00e+00 2.60e-07R  5
  25r 2.0507041e+06 2.88e+05 1.02e+03   1.4 1.25e+04    -  4.10e-04 1.67e-04f  1
  26r 2.0251184e+06 2.24e+05 2.83e+03   1.4 1.15e+04    -  2.73e-04 1.19e-03f  1
  27  2.0250751e+06 2.23e+05 1.00e+02  -1.0 1.40e+02    -  1.60e-04 9.33e-05h  1
  28  2.0249596e+06 2.23e+05 9.99e+01  -1.0 1.84e+02    -  8.66e-04 2.51e-04f  1
  29  2.0246078e+06 2.23e+05 9.99e+01  -1.0 1.84e+02    -  4.78e-04 7.86e-04f  1
iter    objective    inf_pr   inf_du lg(mu)  ||d||  lg(rg) alpha_du alpha_pr  ls
  30  2.0243093e+06 2.23e+05 9.98e+01  -1.0 1.90e+02    -  1.18e-03 6.53e-04f  1
  31  2.0239089e+06 2.22e+05 9.97e+01  -1.0 1.95e+02    -  1.80e-04 8.38e-04f  1
  32  2.0234902e+06 2.22e+05 1.32e+02  -1.0 2.00e+02    -  3.82e-03 1.12e-03f  1
  33  2.0232381e+06 2.22e+05 2.38e+02  -1.0 1.97e+02    -  2.21e-03 7.18e-04f  1
  34  2.0232094e+06 2.22e+05 7.67e+02  -1.0 4.11e+02    -  2.36e-03 1.09e-04h  1
  35  2.0227117e+06 2.21e+05 4.85e+02  -1.0 5.60e+02    -  9.90e-04 2.07e-03f  1
  36  2.0226701e+06 2.21e+05 1.06e+03  -1.0 4.90e+02    -  1.75e-03 1.38e-04h  1
  37  2.0222872e+06 2.20e+05 7.78e+02  -1.0 5.58e+02    -  1.29e-03 2.04e-03h  1
  38  2.0224010e+06 2.19e+05 7.61e+02  -1.0 7.17e+02    -  1.32e-03 1.35e-03h  1
  39  2.0224645e+06 2.19e+05 1.14e+03  -1.0 1.16e+03    -  7.42e-04 1.25e-04h  1
iter    objective    inf_pr   inf_du lg(mu)  ||d||  lg(rg) alpha_du alpha_pr  ls
  40  2.0229095e+06 2.19e+05 1.28e+03  -1.0 1.21e+03    -  8.35e-04 6.21e-04h  1
  41  2.0233766e+06 2.19e+05 1.58e+03  -1.0 1.35e+03    -  7.66e-04 3.46e-04h  1
  42  2.0243422e+06 2.19e+05 1.57e+03  -1.0 1.44e+03    -  4.53e-04 4.70e-04h  1
  43  2.0250235e+06 2.19e+05 2.19e+03  -1.0 1.21e+03    -  1.02e-03 2.80e-04h  1
  44  2.0276003e+06 2.19e+05 1.91e+03  -1.0 1.17e+03    -  2.17e-04 5.62e-04h  3
  45  2.0303857e+06 2.18e+05 1.87e+03  -1.0 1.31e+03    -  4.89e-04 5.38e-04h  3
  46  2.0331462e+06 2.18e+05 2.21e+03  -1.0 1.43e+03    -  8.81e-04 4.89e-04h  3
  47  2.0361959e+06 2.18e+05 2.35e+03  -1.0 1.54e+03    -  6.35e-04 4.91e-04h  3
  48  2.0395427e+06 2.18e+05 2.37e+03  -1.0 1.64e+03    -  5.20e-04 4.95e-04h  3
  49  2.0429779e+06 2.18e+05 2.79e+03  -1.0 1.72e+03    -  8.72e-04 5.10e-04h  3
iter    objective    inf_pr   inf_du lg(mu)  ||d||  lg(rg) alpha_du alpha_pr  ls
  50  2.0451375e+06 2.18e+05 2.61e+03  -1.0 2.00e+03    -  1.45e-04 2.92e-04h  4
  51  2.0473496e+06 2.18e+05 3.34e+03  -1.0 2.10e+03    -  9.00e-04 2.95e-04h  4
  52  2.0504257e+06 2.17e+05 3.54e+03  -1.0 2.43e+03    -  5.28e-04 3.69e-04h  4
  53  2.0534527e+06 2.17e+05 4.16e+03  -1.0 2.76e+03    -  8.36e-04 3.55e-04h  4
  54  2.0774633e+06 2.17e+05 1.47e+03  -1.0 2.89e+03    -  6.94e-04 2.67e-03w  1
  55  2.0805828e+06 2.16e+05 1.52e+03  -1.0 3.28e+03    -  4.61e-04 4.19e-04w  1
  56  2.0900735e+06 2.16e+05 2.42e+03  -1.0 3.53e+03    -  1.78e-03 1.23e-03w  1
  57  2.0538279e+06 2.17e+05 5.04e+03  -1.0 3.90e+03    -  6.94e-04 4.18e-05h  6
  58  2.0540044e+06 2.17e+05 5.26e+03  -1.0 2.69e+03    -  1.85e-04 2.07e-05h  8
  59  2.0659884e+06 2.17e+05 5.24e+03  -1.0 2.56e+03    -  1.44e-03 1.44e-03s 14
iter    objective    inf_pr   inf_du lg(mu)  ||d||  lg(rg) alpha_du alpha_pr  ls
  60  2.0779675e+06 2.16e+05 5.23e+03  -1.0 3.31e+03    -  1.42e-03 1.42e-03s 14
  61  2.0804454e+06 2.16e+05 5.23e+03  -1.0 3.73e+03    -  2.47e-04 2.47e-04s 14
  62  2.0826241e+06 2.16e+05 5.23e+03  -1.0 3.68e+03    -  1.97e-04 1.97e-04s 14
  63  2.0904598e+06 2.16e+05 5.22e+03  -1.0 3.74e+03    -  6.90e-04 6.90e-04s 14
  64  2.0916372e+06 2.16e+05 5.22e+03  -1.0 3.94e+03    -  1.00e-04 1.00e-04s 14
  65  2.0968341e+06 2.16e+05 5.22e+03  -1.0 4.07e+03    -  4.70e-04 4.70e-04s 14
  66  2.1007252e+06 2.16e+05 5.22e+03  -1.0 4.13e+03    -  3.53e-04 3.53e-04s 14
  67  2.1031151e+06 2.16e+05 5.22e+03  -1.0 3.64e+03    -  2.00e-04 2.00e-04s 14
  68  2.1057054e+06 2.16e+05 5.21e+03  -1.0 5.54e+03    -  1.86e-04 1.86e-04s 14
  69  2.1089322e+06 2.16e+05 5.21e+03  -1.0 8.79e+03    -  1.89e-04 1.89e-04s 14
iter    objective    inf_pr   inf_du lg(mu)  ||d||  lg(rg) alpha_du alpha_pr  ls
  70r 2.1089322e+06 2.16e+05 9.99e+02   1.3 0.00e+00    -  0.00e+00 0.00e+00R  1
  71r 2.0900321e+06 1.69e+05 1.23e+03   1.3 1.83e+04    -  3.65e-04 8.95e-04f  1
  72r 2.0618766e+06 1.38e+05 1.98e+03   1.3 1.03e+04    -  7.98e-04 8.98e-04f  1
  73r 1.9567974e+06 9.00e+04 4.20e+03   1.3 8.09e+03    -  4.14e-04 1.93e-03f  1
  74  1.9562357e+06 8.99e+04 1.00e+02  -1.0 1.72e+02    -  2.46e-04 3.76e-04f  1
  75  1.9555139e+06 8.98e+04 9.99e+01  -1.0 1.70e+02    -  2.03e-04 4.97e-04f  1
  76  1.9546242e+06 8.97e+04 9.99e+01  -1.0 1.70e+02    -  8.31e-04 6.06e-04f  1
  77  1.9528661e+06 8.95e+04 9.97e+01  -1.0 1.70e+02    -  2.26e-03 1.20e-03f  1
  78  1.9353728e+06 8.72e+04 1.97e+02  -1.0 1.69e+02    -  4.43e-03 1.23e-02f  1
  79  1.9294416e+06 8.63e+04 1.97e+02  -1.0 1.61e+02    -  5.06e-03 5.12e-03f  1
iter    objective    inf_pr   inf_du lg(mu)  ||d||  lg(rg) alpha_du alpha_pr  ls
  80  1.9237281e+06 8.54e+04 3.58e+02  -1.0 1.59e+02    -  1.72e-02 5.32e-03f  1
  81  1.9139939e+06 8.36e+04 3.82e+02  -1.0 1.57e+02    -  1.86e-03 1.05e-02f  1
  82  1.8947201e+06 7.92e+04 3.12e+02  -1.0 1.54e+02    -  3.06e-03 2.55e-02f  1
  83  1.8835051e+06 7.40e+04 3.02e+02  -1.0 1.47e+02    -  2.19e-02 3.28e-02f  1
  84  1.8817001e+06 6.95e+04 4.00e+02  -1.0 1.40e+02    -  5.46e-02 3.08e-02f  1
  85  1.8818349e+06 6.54e+04 4.77e+02  -1.0 1.36e+02    -  3.56e-02 2.98e-02h  1
  86  1.8826827e+06 6.51e+04 4.78e+02  -1.0 7.40e+01  -0.5 5.72e-04 2.13e-03h  1
  87  1.8856849e+06 6.43e+04 8.92e+02  -1.0 6.72e+01  -0.1 1.51e-03 6.14e-03h  1
  88  1.8865166e+06 6.20e+04 8.82e+02  -1.0 1.32e+02    -  4.44e-02 1.89e-02h  1
  89  1.8896534e+06 5.62e+04 6.30e+02  -1.0 1.31e+02    -  2.40e-02 4.83e-02h  1
iter    objective    inf_pr   inf_du lg(mu)  ||d||  lg(rg) alpha_du alpha_pr  ls
  90  1.8906331e+06 5.50e+04 8.46e+02  -1.0 1.26e+02    -  3.54e-02 1.01e-02h  1
  91  1.8938670e+06 5.16e+04 7.04e+02  -1.0 1.25e+02    -  2.91e-02 3.17e-02h  1
  92  1.9009750e+06 4.51e+04 1.09e+03  -1.0 1.23e+02    -  5.56e-03 6.59e-02h  1
  93  1.9061588e+06 4.13e+04 1.22e+03  -1.0 1.17e+02    -  2.24e-02 4.34e-02h  1
  94  1.9065614e+06 4.13e+04 1.22e+03  -1.0 4.58e+01  -0.5 7.25e-03 8.43e-04h  1
  95  1.9080581e+06 4.03e+04 1.21e+03  -1.0 1.18e+02    -  1.74e-02 1.13e-02h  1
  96  1.9095310e+06 3.95e+04 1.53e+03  -1.0 1.26e+02    -  4.70e-02 1.10e-02h  1
  97  1.9143322e+06 3.86e+04 1.22e+03  -1.0 5.21e+01  -1.0 1.48e-03 1.12e-02h  1
  98  1.9159150e+06 3.78e+04 1.21e+03  -1.0 1.29e+02    -  8.43e-03 1.10e-02h  1
  99  1.9191596e+06 3.62e+04 1.23e+03  -1.0 1.32e+02    -  2.62e-02 2.17e-02h  1
iter    objective    inf_pr   inf_du lg(mu)  ||d||  lg(rg) alpha_du alpha_pr  ls
 100  1.9208973e+06 3.54e+04 3.16e+03  -1.0 1.36e+02    -  3.69e-02 1.13e-02h  1
 101  1.9217445e+06 3.50e+04 3.00e+03  -1.0 1.40e+02    -  3.58e-03 4.93e-03h  1
 102  1.9229942e+06 3.46e+04 1.13e+04  -1.0 1.60e+02    -  5.01e-02 6.32e-03h  1
 103  1.9280094e+06 3.40e+04 1.03e+04  -1.0 3.19e+01   0.3 7.93e-03 8.94e-03h  1
 104  1.9285541e+06 3.39e+04 1.10e+04  -1.0 5.88e+01  -0.2 1.38e-03 1.01e-03h  1
 105  1.9324962e+06 3.35e+04 5.17e+03  -1.0 4.26e+01   0.3 4.14e-03 6.17e-03h  1
 106  1.9334882e+06 3.34e+04 1.30e+04  -1.0 4.21e+01   0.7 2.47e-03 1.41e-03h  1
 107  1.9360409e+06 3.32e+04 1.51e+03  -1.0 7.40e+01   0.2 3.99e-04 2.99e-03h  1
 108  1.9388257e+06 3.30e+04 1.21e+04  -1.0 6.44e+01   0.6 1.73e-03 3.05e-03h  1
 109  1.9400769e+06 3.29e+04 1.47e+04  -1.0 9.32e+01   0.2 5.67e-04 1.32e-03h  1
iter    objective    inf_pr   inf_du lg(mu)  ||d||  lg(rg) alpha_du alpha_pr  ls
 110  1.9407026e+06 3.29e+04 3.25e+04  -1.0 6.62e+01   0.6 6.34e-03 7.14e-04h  1
 111  1.9449948e+06 3.26e+04 2.57e+04  -1.0 9.26e+01   0.1 2.54e-03 4.64e-03h  1
 112  1.9482631e+06 3.24e+04 9.13e+03  -1.0 7.40e+01   0.5 1.34e-03 3.28e-03h  1
 113  1.9503822e+06 3.22e+04 4.54e+03  -1.0 1.15e+02   0.1 5.76e-04 1.88e-03h  1
 114  1.9509339e+06 3.22e+04 2.46e+04  -1.0 7.34e+01   0.5 1.90e-03 4.69e-04h  1
 115  1.9524291e+06 3.21e+04 2.85e+04  -1.0 1.04e+02   0.0 1.68e-03 1.44e-03h  1
 116  1.9531646e+06 3.21e+04 9.77e+04  -1.0 7.09e+01   0.4 2.78e-03 6.76e-04h  1
 117  1.9554409e+06 3.20e+04 9.04e+04  -1.0 2.52e+02  -0.0 1.63e-05 1.08e-03h  1
 118  1.9555884e+06 3.20e+04 1.30e+05  -1.0 8.17e+01   0.4 1.19e-03 1.22e-04h  1
 119  1.9573512e+06 3.19e+04 4.51e+04  -1.0 7.39e+01   0.8 7.31e-05 1.37e-03h  1
iter    objective    inf_pr   inf_du lg(mu)  ||d||  lg(rg) alpha_du alpha_pr  ls
 120  1.9574637e+06 3.19e+04 3.18e+05  -1.0 6.87e+01   2.1 8.34e-04 7.49e-05h  1
 121  1.9579694e+06 3.19e+04 3.26e+05  -1.0 1.74e+02   1.7 4.04e-04 2.36e-04h  1
 122  1.9581372e+06 3.19e+04 3.04e+05  -1.0 2.23e+03   1.2 2.36e-05 1.43e-05f  1
 123  1.9612374e+06 3.18e+04 2.76e+05  -1.0 1.21e+02   1.6 3.71e-04 1.44e-03h  1
 124  1.9620084e+06 3.18e+04 3.03e+05  -1.0 1.14e+02   1.1 3.33e-06 4.23e-04h  1
 125  1.9643886e+06 3.17e+04 3.13e+05  -1.0 9.99e+01   1.6 9.17e-04 1.61e-03h  1
 126  1.9659019e+06 3.16e+04 2.61e+05  -1.0 6.16e+01   2.0 1.05e-05 1.01e-03h  1
 127  1.9666650e+06 3.16e+04 3.26e+05  -1.0 2.84e+02   1.5 6.72e-05 7.40e-04h  1
 128  1.9667125e+06 3.16e+04 5.40e+05  -1.0 4.74e+01   1.9 3.10e-03 3.26e-05h  1
 129  1.9694810e+06 3.15e+04 4.36e+05  -1.0 8.97e+01   1.5 3.09e-04 1.56e-03h  1
iter    objective    inf_pr   inf_du lg(mu)  ||d||  lg(rg) alpha_du alpha_pr  ls
 130  1.9702123e+06 3.15e+04 6.32e+05  -1.0 8.36e+01   1.9 1.38e-03 3.83e-04h  1
 131  1.9725079e+06 3.14e+04 7.31e+05  -1.0 9.19e+01   1.4 2.52e-03 1.07e-03h  1
 132r 1.9725079e+06 3.14e+04 1.00e+03   0.6 0.00e+00   0.9 0.00e+00 3.09e-07R  6
 133r 1.9039519e+06 2.32e+04 1.21e+03   0.6 1.86e+04    -  1.74e-04 9.91e-04f  1
 134  1.9039377e+06 2.32e+04 1.09e+03  -1.0 1.61e+02    -  2.17e-02 3.70e-05f  1
 135  1.9027692e+06 2.30e+04 2.70e+02  -1.0 1.74e+02    -  1.68e-03 4.61e-03f  1
 136  1.8968905e+06 2.22e+04 1.37e+03  -1.0 1.92e+02    -  1.15e-02 1.76e-02f  1
 137  1.8965742e+06 2.13e+04 1.07e+03  -1.0 2.09e+02    -  3.06e-02 2.09e-02f  1
 138  1.9055377e+06 1.90e+04 4.06e+03  -1.0 2.01e+02    -  1.84e-02 5.75e-02h  1
 139  1.9057601e+06 1.89e+04 1.32e+03  -1.0 1.40e+02    -  3.68e-02 1.23e-03h  1
iter    objective    inf_pr   inf_du lg(mu)  ||d||  lg(rg) alpha_du alpha_pr  ls
 140  1.9202190e+06 1.62e+04 7.37e+03  -1.0 1.50e+02    -  2.55e-03 7.87e-02h  1
 141  1.9204962e+06 1.61e+04 2.28e+03  -1.0 9.63e+01    -  7.08e-02 1.71e-03h  1
 142  1.9238715e+06 1.54e+04 3.24e+03  -1.0 1.34e+02    -  2.61e-02 2.13e-02h  1
 143  1.9275743e+06 1.47e+04 1.02e+04  -1.0 1.68e+02    -  5.40e-02 2.50e-02h  1
 144  1.9514596e+06 1.04e+04 6.81e+03  -1.0 9.03e+01    -  5.02e-02 1.64e-01h  1
 145  1.9514157e+06 1.04e+04 6.79e+03  -1.0 5.35e+02    -  2.68e-02 3.00e-03h  1
 146  1.9515747e+06 1.03e+04 8.19e+03  -1.0 6.73e+02    -  2.63e-03 1.37e-03h  1
 147  1.9522425e+06 1.02e+04 6.84e+03  -1.0 7.86e+02    -  3.65e-03 6.62e-03h  1
 148  1.9527029e+06 1.02e+04 1.20e+04  -1.0 6.06e+01   0.5 2.28e-03 1.16e-03h  1
 149  1.9526747e+06 1.02e+04 1.18e+04  -1.0 3.28e+02    -  3.25e-04 1.57e-03h  1
iter    objective    inf_pr   inf_du lg(mu)  ||d||  lg(rg) alpha_du alpha_pr  ls
 150  1.9527389e+06 1.02e+04 2.46e+04  -1.0 5.44e+01  -0.0 1.97e-03 1.71e-04h  1
 151  1.9527496e+06 1.01e+04 2.46e+04  -1.0 2.22e+02    -  2.68e-04 3.58e-04h  1
 152  1.9528598e+06 9.79e+03 2.29e+04  -1.0 5.30e+02    -  2.81e-03 1.84e-02f  1
 153  1.9531577e+06 9.77e+03 2.35e+04  -1.0 6.03e+01  -0.5 3.70e-03 9.12e-04h  1
 154  1.9524521e+06 9.66e+03 2.50e+04  -1.0 4.78e+02    -  2.52e-03 6.08e-03f  1
 155  1.9524861e+06 9.66e+03 2.87e+04  -1.0 4.49e+01  -0.1 8.82e-03 9.62e-05h  1
 156  1.9515797e+06 9.61e+03 2.98e+04  -1.0 8.76e+02    -  1.26e-03 2.43e-03f  1
 157  1.9508851e+06 9.60e+03 3.10e+04  -1.0 1.75e+03    -  2.53e-04 7.81e-04f  1
 158r 1.9508851e+06 9.60e+03 9.99e+02   0.7 0.00e+00  -0.5 0.00e+00 2.86e-07R  5
 159r 1.9384845e+06 8.10e+03 1.00e+03   0.7 5.19e+03    -  6.84e-04 6.17e-04f  1
iter    objective    inf_pr   inf_du lg(mu)  ||d||  lg(rg) alpha_du alpha_pr  ls
 160  1.9384925e+06 8.10e+03 1.75e+04  -1.0 7.66e+01    -  3.94e-01 6.03e-05h  1
 161  1.9390674e+06 7.89e+03 2.48e+04  -1.0 2.07e+02    -  2.45e-03 1.30e-02f  1
 162  1.9413665e+06 7.42e+03 2.70e+04  -1.0 7.24e+01    -  6.31e-04 3.13e-02h  1
 163  1.9416213e+06 7.38e+03 2.57e+04  -1.0 1.36e+02    -  5.00e-03 2.87e-03h  1
 164  1.9433512e+06 7.13e+03 2.98e+04  -1.0 1.11e+02    -  6.16e-03 1.72e-02h  1
 165  1.9490251e+06 6.47e+03 3.82e+04  -1.0 1.85e+02    -  1.52e-02 4.93e-02h  1
 166  1.9528064e+06 6.08e+03 4.05e+04  -1.0 6.80e+01    -  1.34e-02 3.16e-02h  1
 167  1.9574855e+06 5.64e+03 4.00e+04  -1.0 6.58e+01    -  2.43e-02 3.79e-02h  1
 168  1.9919318e+06 3.01e+03 3.39e+04  -1.0 6.35e+01    -  2.85e-02 2.82e-01h  1
 169  2.0156728e+06 1.77e+03 2.76e+04  -1.0 5.02e+01    -  6.27e-02 2.41e-01h  1
iter    objective    inf_pr   inf_du lg(mu)  ||d||  lg(rg) alpha_du alpha_pr  ls
 170  2.0342986e+06 1.01e+03 2.13e+04  -1.0 4.54e+01    -  1.21e-01 2.49e-01h  1
 171  2.0410470e+06 7.68e+02 1.87e+04  -1.0 4.18e+01    -  3.78e-01 1.28e-01h  1
 172  2.0532267e+06 3.46e+02 1.33e+04  -1.0 4.82e+01    -  3.06e-01 3.08e-01h  1
 173  2.0586354e+06 1.55e+02 9.99e+03  -1.0 5.01e+01    -  2.37e-01 2.63e-01h  1
 174  2.0634894e+06 2.34e+01 6.93e+03  -1.0 4.92e+01    -  4.11e-01 3.18e-01h  1
 175  2.0657398e+06 6.94e+00 5.22e+03  -1.0 4.61e+01    -  4.62e-01 2.51e-01h  1
 176  2.0675332e+06 5.25e+00 3.97e+03  -1.0 4.91e+01    -  4.18e-01 2.43e-01h  1
 177  2.0702320e+06 3.36e+00 2.56e+03  -1.0 6.11e+01    -  6.86e-01 3.62e-01h  1
 178  2.0711883e+06 2.67e+00 2.04e+03  -1.0 5.83e+01    -  5.04e-01 2.04e-01h  1
 179  2.0734662e+06 1.50e+00 1.16e+03  -1.0 5.24e+01    -  9.90e-01 4.37e-01h  1
iter    objective    inf_pr   inf_du lg(mu)  ||d||  lg(rg) alpha_du alpha_pr  ls
 180  2.0754915e+06 6.89e-01 5.35e+02  -1.0 4.55e+01    -  9.90e-01 5.43e-01h  1
 181  2.0773733e+06 2.55e-02 7.59e+01  -1.0 1.36e+01    -  1.00e+00 9.61e-01h  1
 182  2.0774634e+06 3.76e-03 2.41e+00  -1.0 5.20e+00    -  1.00e+00 1.00e+00h  1
 183  2.0774557e+06 2.40e-04 8.74e-02  -1.0 1.70e+00    -  1.00e+00 1.00e+00h  1
 184  2.0744974e+06 8.67e-03 1.11e+01  -2.5 1.74e+01    -  5.54e-01 5.35e-01f  1
 185  2.0723957e+06 2.64e-02 8.54e+01  -2.5 1.62e+01    -  1.05e-01 6.41e-01f  1
 186  2.0713512e+06 2.85e-02 4.03e+01  -2.5 6.80e+00    -  6.14e-01 7.32e-01f  1
 187  2.0706073e+06 2.69e-02 1.98e+01  -2.5 4.06e+00    -  6.09e-01 8.54e-01h  1
 188  2.0703984e+06 1.49e-02 6.09e+00  -2.5 1.70e+00    -  6.66e-01 4.51e-01h  1
 189  2.0702796e+06 1.02e-02 1.05e+01  -2.5 1.74e+00    -  1.00e+00 3.20e-01h  1
iter    objective    inf_pr   inf_du lg(mu)  ||d||  lg(rg) alpha_du alpha_pr  ls
 190  2.0700612e+06 4.20e-03 1.53e+00  -2.5 1.31e+00    -  7.72e-01 8.54e-01h  1
 191  2.0700652e+06 2.84e-04 1.09e-02  -2.5 2.59e-01    -  1.00e+00 1.00e+00h  1
 192  2.0699715e+06 4.30e-04 2.13e+00  -3.8 2.08e+00    -  3.82e-01 2.41e-01f  1
 193  2.0698818e+06 1.55e-03 4.97e+00  -3.8 1.77e+00    -  5.32e-01 3.30e-01f  1
 194  2.0698505e+06 1.37e-03 4.21e+00  -3.8 2.46e+00    -  2.18e-01 2.00e-01h  1
 195  2.0698020e+06 1.60e-03 3.28e+00  -3.8 2.21e+00    -  4.62e-01 4.02e-01h  1
 196  2.0697583e+06 2.00e-03 5.13e+00  -3.8 1.55e+00    -  8.62e-01 6.63e-01h  1
 197  2.0697450e+06 8.97e-04 9.56e+00  -3.8 1.16e+00    -  1.00e+00 7.65e-01h  1
 198  2.0697420e+06 6.04e-05 5.32e-03  -3.8 3.91e-01    -  1.00e+00 1.00e+00h  1
 199  2.0697421e+06 9.28e-07 7.17e-06  -3.8 2.27e-02    -  1.00e+00 1.00e+00h  1
iter    objective    inf_pr   inf_du lg(mu)  ||d||  lg(rg) alpha_du alpha_pr  ls
 200  2.0697381e+06 3.45e-05 1.21e+01  -5.7 1.01e+00    -  8.45e-01 3.17e-01f  1
 201  2.0697330e+06 1.67e-04 5.93e+00  -5.7 1.06e+00    -  7.50e-01 6.13e-01h  1
 202  2.0697321e+06 1.22e-04 6.40e+00  -5.7 4.96e-01    -  1.00e+00 3.19e-01h  1
 203  2.0697305e+06 4.36e-05 9.42e-01  -5.7 3.42e-01    -  1.00e+00 8.55e-01h  1
 204  2.0697303e+06 2.86e-06 3.61e-01  -5.7 5.28e-02    -  1.00e+00 9.49e-01h  1
 205  2.0697303e+06 1.43e-06 2.75e-01  -5.7 2.70e-03    -  1.00e+00 5.00e-01f  2
 206  2.0697303e+06 6.77e-09 5.18e-08  -5.7 1.35e-03    -  1.00e+00 1.00e+00h  1
 207  2.0697302e+06 1.93e-07 2.27e-01  -7.2 2.50e-02    -  1.00e+00 8.72e-01h  1
 208  2.0697301e+06 2.56e-08 2.13e-07  -7.2 3.31e-03    -  1.00e+00 1.00e+00f  1

Number of Iterations....: 208

                                   (scaled)                 (unscaled)
Objective...............:   1.4993743207084211e+04    2.0697301498774467e+06
Dual infeasibility......:   2.1334637254376128e-07    2.9450245580581693e-05
Constraint violation....:   2.5647404214290681e-08    2.5647404214290681e-08
Variable bound violation:   2.6858602808488286e-07    2.6858602808488286e-07
Complementarity.........:   9.6400125391854931e-08    1.3307033688640121e-05
Overall NLP error.......:   2.1334637254376128e-07    2.9450245580581693e-05


Number of objective function evaluations             = 289
Number of objective gradient evaluations             = 205
Number of equality constraint evaluations            = 289
Number of inequality constraint evaluations          = 289
Number of equality constraint Jacobian evaluations   = 212
Number of inequality constraint Jacobian evaluations = 212
Number of Lagrangian Hessian evaluations             = 208
Total seconds in IPOPT                               = 44.235

EXIT: Optimal Solution Found.

