Solver command line: ['/opt/homebrew/bin/ipopt', '/var/folders/6y/bvynbx6n3zv7z3lwg6vd724r0000gn/T/tmpyddhmq3v.pyomo.nl', '-AMPL', 'tol=1e-06', 'max_iter=300', 'print_level=5', 'warm_start_init_point=yes', 'warm_start_bound_push=1e-06', 'warm_start_bound_frac=1e-06', 'warm_start_mult_bound_push=1e-06', 'mu_init=1e-06', 'least_square_init_duals=no']

Ipopt 3.14.19: tol=1e-06
max_iter=300
print_level=5
warm_start_init_point=yes
warm_start_bound_push=1e-06
warm_start_bound_frac=1e-06
warm_start_mult_bound_push=1e-06
mu_init=1e-06
least_square_init_duals=no


******************************************************************************
This program contains Ipopt, a library for large-scale nonlinear optimization.
 Ipopt is released as open source code under the Eclipse Public License (EPL).
         For more information visit https://github.com/coin-or/Ipopt
******************************************************************************

This is Ipopt version 3.14.19, running with linear solver MUMPS 5.6.2.

Number of nonzeros in equality constraint Jacobian...:    91135
Number of nonzeros in inequality constraint Jacobian.:    72000
Number of nonzeros in Lagrangian Hessian.............:    51664

Total number of variables............................:    13678
                     variables with only lower bounds:        0
                variables with lower and upper bounds:    13678
                     variables with only upper bounds:        0
Total number of equality constraints.................:    12937
Total number of inequality constraints...............:    18000
        inequality constraints with only lower bounds:        0
   inequality constraints with lower and upper bounds:        0
        inequality constraints with only upper bounds:    18000

iter    objective    inf_pr   inf_du lg(mu)  ||d||  lg(rg) alpha_du alpha_pr  ls
   0  2.0697294e+06 2.58e+05 7.42e+03  -6.0 0.00e+00    -  0.00e+00 0.00e+00   0
   1  2.0693704e+06 2.55e+05 7.37e+03  -6.0 7.87e+01    -  1.90e-03 6.84e-03h  1
   2  2.0691372e+06 2.52e+05 7.34e+03  -6.0 7.63e+01    -  1.10e-02 4.38e-03h  1
   3  2.0690020e+06 2.51e+05 7.32e+03  -6.0 7.43e+01    -  2.96e-03 2.57e-03h  1
   4  2.0689985e+06 2.51e+05 7.32e+03  -6.0 7.28e+01    -  5.90e-04 6.66e-05h  1
   5  2.0687978e+06 2.49e+05 7.29e+03  -6.0 7.45e+01    -  1.12e-04 3.71e-03h  1
   6  2.0687909e+06 2.49e+05 7.29e+03  -6.0 7.23e+01    -  3.43e-03 1.27e-04h  1
   7  2.0685472e+06 2.47e+05 7.26e+03  -6.0 7.24e+01    -  4.80e-04 4.50e-03h  1
   8  2.0684065e+06 2.46e+05 7.24e+03  -6.0 7.06e+01    -  4.49e-04 2.39e-03h  1
   9  2.0683766e+06 2.46e+05 7.24e+03  -6.0 6.74e+01    -  2.50e-03 5.10e-04h  1
iter    objective    inf_pr   inf_du lg(mu)  ||d||  lg(rg) alpha_du alpha_pr  ls
  10  2.0679918e+06 2.42e+05 7.19e+03  -6.0 6.66e+01    -  1.41e-03 6.59e-03f  1
  11  2.0676066e+06 2.39e+05 7.14e+03  -6.0 4.91e+01    -  3.01e-03 6.82e-03f  1
  12  2.0672355e+06 2.36e+05 7.10e+03  -6.0 6.72e+01    -  2.16e-02 5.85e-03f  1
  13  2.0671374e+06 2.36e+05 7.09e+03  -6.0 5.96e+01    -  1.28e-04 1.47e-03h  1
  14r 2.0671374e+06 2.36e+05 9.99e+02   1.1 0.00e+00    -  0.00e+00 2.76e-09R  6
  15r 2.0671137e+06 2.35e+05 9.99e+02   1.1 4.34e+07    -  9.90e-07 9.97e-08f  1
  16r 2.0669962e+06 2.34e+05 9.99e+02   1.1 1.16e+04    -  3.07e-04 5.87e-06f  1
  17r 2.0656466e+06 2.29e+05 9.99e+02   1.1 1.42e+04    -  1.07e-04 3.96e-05f  1
  18r 2.0646634e+06 1.51e+05 9.98e+02   1.1 7.88e+03    -  1.80e-04 6.27e-04f  1
  19r 2.0645784e+06 1.31e+05 9.98e+02   1.1 9.16e+03    -  1.11e-03 2.23e-04f  1
iter    objective    inf_pr   inf_du lg(mu)  ||d||  lg(rg) alpha_du alpha_pr  ls
  20r 2.0653252e+06 5.69e+04 9.88e+02   1.1 5.44e+03    -  1.93e-02 1.54e-03f  1
  21r 2.0510799e+06 2.30e+04 9.77e+02   1.1 6.53e+02    -  2.72e-02 8.68e-03f  1
  22r 2.0274400e+06 1.10e+03 9.38e+02   1.1 1.19e+02    -  4.23e-02 4.00e-02f  1
  23r 1.9869111e+06 1.72e+02 1.56e+03   1.1 1.24e+02    -  4.82e-02 6.57e-02f  1
  24r 1.9413604e+06 3.33e+01 2.41e+03   1.1 3.48e+01    -  1.35e-01 9.00e-02f  1
  25r 1.8680772e+06 7.96e+00 3.20e+03   1.1 5.10e+01    -  1.59e-01 1.42e-01f  1
  26r 1.7585267e+06 1.03e+01 6.92e+03   1.1 2.76e+01    -  3.07e-01 4.42e-01f  1
  27  1.7574969e+06 1.03e+01 1.44e+02  -6.0 1.71e+06    -  4.16e-06 3.25e-06f  1
  28  1.7572738e+06 1.03e+01 1.44e+02  -6.0 4.36e+05    -  4.29e-06 1.31e-06f  1
  29  1.7570926e+06 1.03e+01 1.44e+02  -6.0 1.68e+05    -  1.96e-05 3.87e-06f  1
iter    objective    inf_pr   inf_du lg(mu)  ||d||  lg(rg) alpha_du alpha_pr  ls
  30  1.7569079e+06 1.03e+01 1.44e+02  -6.0 1.09e+05    -  9.86e-10 2.10e-05f  1
  31  1.7568699e+06 1.03e+01 1.44e+02  -6.0 1.46e+04    -  1.67e-04 2.24e-05f  1
  32  1.7568496e+06 1.03e+01 1.44e+02  -6.0 4.41e+03    -  4.89e-04 1.22e-04f  1
  33  1.7568692e+06 1.03e+01 1.44e+02  -6.0 1.57e+03    -  5.88e-04 1.68e-04h  3
  34  1.7569541e+06 1.02e+01 1.44e+02  -6.0 6.44e+02    -  5.03e-04 5.55e-04h  2
  35  1.7571941e+06 1.02e+01 1.44e+02  -6.0 5.76e+02    -  2.51e-03 1.34e-03h  1
  36  1.7572031e+06 1.02e+01 1.44e+02  -6.0 4.24e+02    -  5.40e-03 4.50e-05h  1
  37  1.7577393e+06 1.02e+01 1.44e+02  -6.0 5.68e+02    -  5.17e-03 2.61e-03h  1
  38  1.7591910e+06 1.01e+01 1.43e+02  -6.0 6.29e+01    -  4.07e-03 6.59e-03h  1
  39  1.7627467e+06 9.98e+00 1.40e+02  -6.0 5.31e+01    -  8.13e-03 1.57e-02h  1
iter    objective    inf_pr   inf_du lg(mu)  ||d||  lg(rg) alpha_du alpha_pr  ls
  40  1.7698314e+06 9.68e+00 1.36e+02  -6.0 4.27e+01    -  2.17e-02 3.05e-02h  1
  41  1.7821519e+06 9.17e+00 1.30e+02  -6.0 3.35e+01    -  1.36e-02 5.22e-02h  1
  42  1.8075985e+06 8.19e+00 1.17e+02  -6.0 2.52e+01    -  2.71e-02 1.08e-01h  1
  43  1.8123899e+06 8.02e+00 1.14e+02  -6.0 1.35e+01    -  1.63e-03 2.14e-02h  1
  44  1.8378495e+06 7.10e+00 1.01e+02  -6.0 1.24e+01    -  1.76e-02 1.15e-01h  1
  45  1.8453057e+06 6.84e+00 9.77e+01  -6.0 1.00e+01    -  5.97e-02 3.65e-02h  1
  46  1.8651400e+06 6.17e+00 9.36e+01  -6.0 9.52e+00    -  1.43e-02 9.94e-02h  1
  47  1.9476624e+06 3.46e+00 1.97e+02  -6.0 8.35e+00    -  2.91e-02 4.49e-01h  1
  48  1.9555872e+06 3.21e+00 1.83e+02  -6.0 4.12e+00    -  1.63e-02 7.01e-02h  1
  49  1.9630445e+06 2.99e+00 1.71e+02  -6.0 3.95e+00    -  2.15e-02 7.03e-02h  1
iter    objective    inf_pr   inf_du lg(mu)  ||d||  lg(rg) alpha_du alpha_pr  ls
  50  1.9821437e+06 2.42e+00 1.42e+02  -6.0 3.64e+00    -  2.37e-02 1.92e-01h  1
  51  2.0102055e+06 1.59e+00 1.01e+02  -6.0 4.44e+00    -  4.01e-02 3.42e-01h  1
  52  2.0173122e+06 1.39e+00 8.84e+01  -6.0 2.71e+00    -  8.71e-03 1.26e-01h  1
  53  2.0400178e+06 7.58e-01 5.20e+01  -6.0 2.41e+00    -  4.78e-02 4.58e-01h  1
  54  2.0451923e+06 6.20e-01 4.27e+01  -6.0 7.11e+00    -  1.66e-01 1.82e-01h  1
  55  2.0502673e+06 4.87e-01 3.37e+01  -6.0 2.15e+00    -  6.74e-02 2.14e-01h  1
  56  2.0630443e+06 1.58e-01 1.19e+01  -6.0 1.72e+00    -  2.38e-01 6.78e-01h  1
  57  2.0658893e+06 8.93e-02 6.76e+00  -6.0 9.65e-01    -  5.51e-01 4.34e-01h  1
  58  2.0691389e+06 1.32e-02 1.25e+00  -6.0 6.01e-01    -  5.37e-01 8.53e-01h  1
  59  2.0697077e+06 4.69e-04 3.82e-02  -6.0 1.28e-01    -  9.97e-01 9.65e-01h  1
iter    objective    inf_pr   inf_du lg(mu)  ||d||  lg(rg) alpha_du alpha_pr  ls
  60  2.0697302e+06 7.89e-06 1.37e-04  -6.0 3.92e-02    -  1.00e+00 1.00e+00h  1
  61  2.0697302e+06 5.07e-07 8.94e-06  -6.0 4.79e-03    -  1.00e+00 1.00e+00h  1
  62  2.0697302e+06 8.22e-08 3.12e-02  -7.2 2.10e-03    -  1.00e+00 9.69e-01h  1
  63  2.0697301e+06 3.30e-09 2.35e-08  -7.2 6.93e-05    -  1.00e+00 1.00e+00f  1

Number of Iterations....: 63

                                   (scaled)                 (unscaled)
Objective...............:   1.4993743207152671e+04    2.0697301498868968e+06
Dual infeasibility......:   2.3481484210473320e-08    3.2413744295237267e-06
Constraint violation....:   3.2966317869975725e-09    3.2966317869975725e-09
Variable bound violation:   2.6858604940116493e-07    2.6858604940116493e-07
Complementarity.........:   7.0918351351782580e-08    9.7895400731576625e-06
Overall NLP error.......:   7.0918351351782580e-08    9.7895400731576625e-06


Number of objective function evaluations             = 75
Number of objective gradient evaluations             = 53
Number of equality constraint evaluations            = 75
Number of inequality constraint evaluations          = 76
Number of equality constraint Jacobian evaluations   = 65
Number of inequality constraint Jacobian evaluations = 65
Number of Lagrangian Hessian evaluations             = 63
Total seconds in IPOPT                               = 13.877

EXIT: Optimal Solution Found.

