Solver command line: ['/opt/homebrew/bin/ipopt', '/var/folders/6y/bvynbx6n3zv7z3lwg6vd724r0000gn/T/tmpcd80maxt.pyomo.nl', '-AMPL', 'tol=1e-06', 'max_iter=300', 'print_level=5', 'warm_start_init_point=yes', 'warm_start_bound_push=1e-06', 'warm_start_bound_frac=1e-06', 'warm_start_mult_bound_push=1e-06', 'mu_init=1e-06', 'least_square_init_duals=no']

Ipopt 3.14.19: tol=1e-06
max_iter=300
print_level=5
warm_start_init_point=yes
warm_start_bound_push=1e-06
warm_start_bound_frac=1e-06
warm_start_mult_bound_push=1e-06
mu_init=1e-06
least_square_init_duals=no


******************************************************************************
This program contains Ipopt, a library for large-scale nonlinear optimization.
 Ipopt is released as open source code under the Eclipse Public License (EPL).
         For more information visit https://github.com/coin-or/Ipopt
******************************************************************************

This is Ipopt version 3.14.19, running with linear solver MUMPS 5.6.2.

Number of nonzeros in equality constraint Jacobian...:    91135
Number of nonzeros in inequality constraint Jacobian.:    72000
Number of nonzeros in Lagrangian Hessian.............:    51664

Total number of variables............................:    13678
                     variables with only lower bounds:        0
                variables with lower and upper bounds:    13678
                     variables with only upper bounds:        0
Total number of equality constraints.................:    12937
Total number of inequality constraints...............:    18000
        inequality constraints with only lower bounds:        0
   inequality constraints with lower and upper bounds:        0
        inequality constraints with only upper bounds:    18000

iter    objective    inf_pr   inf_du lg(mu)  ||d||  lg(rg) alpha_du alpha_pr  ls
   0  2.0697294e+06 3.41e+05 9.01e+03  -6.0 0.00e+00    -  0.00e+00 0.00e+00   0
   1  2.0697291e+06 3.41e+05 9.01e+03  -6.0 2.14e+01   2.0 6.07e-06 5.38e-06h  1
   2  2.0697269e+06 3.41e+05 9.01e+03  -6.0 2.14e+01   1.5 2.69e-05 3.41e-05h  1
   3  2.0697163e+06 3.41e+05 9.00e+03  -6.0 2.14e+01   1.0 2.31e-05 1.70e-04h  1
   4  2.0696799e+06 3.40e+05 9.00e+03  -6.0 2.14e+01   0.6 1.73e-04 5.93e-04h  1
   5  2.0696543e+06 3.40e+05 9.00e+03  -6.0 2.14e+01   1.0 1.31e-04 4.11e-04h  1
   6  2.0696298e+06 3.40e+05 8.99e+03  -6.0 2.14e+01   0.5 5.68e-05 4.02e-04h  1
   7  2.0695784e+06 3.39e+05 8.98e+03  -6.0 2.14e+01   0.9 7.91e-05 8.17e-04h  1
   8  2.0694442e+06 3.38e+05 8.96e+03  -6.0 2.13e+01   0.5 4.16e-04 2.22e-03h  1
   9  2.0693808e+06 3.37e+05 8.96e+03  -6.0 2.12e+01   0.9 2.52e-04 1.03e-03f  1
iter    objective    inf_pr   inf_du lg(mu)  ||d||  lg(rg) alpha_du alpha_pr  ls
  10  2.0690842e+06 3.34e+05 8.91e+03  -6.0 2.12e+01   0.4 5.01e-04 5.02e-03f  1
  11r 2.0690842e+06 3.34e+05 9.99e+02   1.5 0.00e+00   0.8 0.00e+00 3.63e-09R  3
  12r 2.0690835e+06 3.34e+05 9.99e+02   1.5 2.07e+07    -  1.67e-06 2.94e-09f  1
  13r 2.0591975e+06 3.32e+05 9.99e+02   0.8 1.21e+05    -  9.44e-06 1.98e-05f  1
  14r 2.0576500e+06 3.30e+05 9.99e+02   0.8 1.75e+04    -  3.22e-05 2.19e-05f  1
  15r 2.0501616e+06 3.21e+05 9.99e+02   0.8 1.86e+04    -  5.48e-05 1.08e-04f  1
  16  2.0478792e+06 3.21e+05 3.37e+01  -6.0 1.21e+07    -  3.89e-08 1.26e-07f  1
  17  2.0478330e+06 3.20e+05 4.43e+01  -6.0 2.93e+01   0.4 2.16e-07 9.84e-04h  1
  18  2.0477962e+06 3.20e+05 5.05e+01  -6.0 2.97e+01  -0.1 1.67e-03 6.28e-04h  1
  19r 2.0477962e+06 3.20e+05 9.99e+02   1.4 0.00e+00  -0.6 0.00e+00 3.72e-10R  2
iter    objective    inf_pr   inf_du lg(mu)  ||d||  lg(rg) alpha_du alpha_pr  ls
  20r 2.0477861e+06 3.23e+05 9.99e+02   1.4 5.80e+08    -  5.90e-09 3.89e-09f  1
  21r 2.0476761e+06 3.22e+05 9.99e+02   0.7 2.94e+04    -  4.82e-05 2.81e-06f  1
  22r 2.0465442e+06 3.17e+05 9.99e+02   0.7 2.97e+04    -  6.24e-05 2.11e-05f  1
  23r 2.0246953e+06 2.85e+05 9.99e+02   0.7 3.23e+04    -  2.41e-04 4.11e-04f  1
  24  2.0234152e+06 2.85e+05 2.16e+02  -6.0 1.16e+07    -  4.87e-08 3.01e-07f  1
  25  2.0232428e+06 2.84e+05 2.58e+02  -6.0 7.67e+01  -1.1 5.13e-03 1.97e-03h  1
  26  2.0230703e+06 2.84e+05 2.65e+02  -6.0 1.13e+02  -1.5 2.17e-03 8.61e-04f  1
  27  2.0225052e+06 2.83e+05 2.66e+02  -6.0 1.25e+02  -2.0 1.56e-03 1.24e-03f  1
  28  2.0224300e+06 2.83e+05 2.65e+02  -6.0 2.07e+02  -2.5 1.03e-03 8.43e-05f  1
  29  2.0223837e+06 2.83e+05 2.67e+02  -6.0 1.12e+02  -2.1 4.00e-03 1.11e-04f  1
iter    objective    inf_pr   inf_du lg(mu)  ||d||  lg(rg) alpha_du alpha_pr  ls
  30  2.0222242e+06 2.83e+05 2.66e+02  -6.0 2.25e+02  -2.5 9.22e-04 2.02e-04f  1
  31  2.0218049e+06 2.82e+05 2.67e+02  -6.0 1.13e+02  -2.1 4.89e-03 1.11e-03f  1
  32  2.0210383e+06 2.81e+05 2.67e+02  -6.0 2.42e+02  -2.6 1.48e-03 9.88e-04f  1
  33  2.0207933e+06 2.81e+05 2.67e+02  -6.0 1.12e+02  -2.2 1.28e-03 6.69e-04f  1
  34  2.0206475e+06 2.81e+05 2.64e+02  -6.0 2.57e+02  -2.7 3.09e-03 2.18e-04f  1
  35  2.0203480e+06 2.80e+05 2.64e+02  -6.0 1.13e+02  -2.2 2.37e-03 8.63e-04f  1
  36  2.0201086e+06 2.80e+05 2.65e+02  -6.0 1.02e+02  -1.8 1.49e-03 1.36e-03f  1
  37  2.0199860e+06 2.79e+05 2.62e+02  -6.0 1.14e+02  -2.3 5.60e-03 3.62e-04f  1
  38  2.0196780e+06 2.78e+05 2.63e+02  -6.0 9.61e+01  -1.9 2.42e-06 1.66e-03f  1
  39  2.0196238e+06 2.78e+05 2.56e+02  -6.0 1.26e+02  -2.3 8.41e-03 1.53e-04h  1
iter    objective    inf_pr   inf_du lg(mu)  ||d||  lg(rg) alpha_du alpha_pr  ls
  40  2.0194245e+06 2.78e+05 2.56e+02  -6.0 8.92e+01  -1.9 8.33e-06 1.05e-03f  1
  41  2.0194028e+06 2.78e+05 2.52e+02  -6.0 1.26e+02  -2.4 3.76e-03 6.29e-05h  1
  42  2.0190943e+06 2.77e+05 2.54e+02  -6.0 8.49e+01  -2.0 3.46e-05 1.63e-03f  1
  43  2.0190751e+06 2.77e+05 2.43e+02  -6.0 1.21e+02  -2.4 9.54e-03 6.09e-05h  1
  44  2.0184282e+06 2.75e+05 2.54e+02  -6.0 8.59e+01  -2.0 1.45e-04 3.55e-03f  1
  45  2.0184282e+06 2.75e+05 2.52e+02  -6.0 2.21e+02  -2.5 8.27e-04 1.10e-07h  1
  46  2.0182858e+06 2.74e+05 2.53e+02  -6.0 1.75e+02  -2.1 6.08e-06 7.15e-04f  1
  47  2.0180761e+06 2.74e+05 2.53e+02  -6.0 2.70e+02  -2.5 7.91e-04 6.73e-04f  1
  48  2.0180567e+06 2.74e+05 2.52e+02  -6.0 2.43e+02  -2.1 4.18e-04 1.08e-04h  1
  49  2.0180389e+06 2.74e+05 2.51e+02  -6.0 6.63e+02  -2.6 6.01e-04 5.36e-05h  1
iter    objective    inf_pr   inf_du lg(mu)  ||d||  lg(rg) alpha_du alpha_pr  ls
  50  2.0179606e+06 2.74e+05 2.52e+02  -6.0 2.75e+02  -2.2 1.59e-04 4.89e-04h  1
  51  2.0179600e+06 2.74e+05 2.52e+02  -6.0 2.73e+02  -1.7 1.92e-04 5.30e-06h  1
  52  2.0179375e+06 2.74e+05 2.44e+02  -6.0 3.00e+02  -2.2 4.61e-03 1.42e-04f  1
  53  2.0178482e+06 2.73e+05 2.45e+02  -6.0 2.34e+02  -1.8 2.35e-04 1.01e-03h  1
  54  2.0178090e+06 2.73e+05 2.42e+02  -6.0 2.75e+02  -2.3 2.04e-03 2.76e-04h  1
  55  2.0178090e+06 2.73e+05 2.42e+02  -6.0 3.01e+02  -1.8 2.50e-04 2.70e-07h  1
  56  2.0177415e+06 2.73e+05 2.42e+02  -6.0 3.11e+02  -2.3 2.54e-07 4.67e-04f  1
  57  2.0177382e+06 2.73e+05 2.41e+02  -6.0 2.54e+02  -1.9 1.25e-03 1.10e-04h  1
  58  2.0176502e+06 2.72e+05 2.39e+02  -6.0 3.54e+02  -2.4 1.45e-03 5.76e-04h  1
  59  2.0176502e+06 2.72e+05 2.38e+02  -6.0 3.36e+02  -1.9 8.00e-04 3.26e-07h  1
iter    objective    inf_pr   inf_du lg(mu)  ||d||  lg(rg) alpha_du alpha_pr  ls
  60  2.0176469e+06 2.72e+05 2.38e+02  -6.0 3.22e+02  -2.4 4.16e-05 1.82e-05h  1
  61  2.0176093e+06 2.72e+05 2.36e+02  -6.0 3.51e+02  -2.0 9.46e-04 2.61e-04h  1
  62  2.0175836e+06 2.72e+05 2.35e+02  -6.0 4.29e+02  -2.5 9.02e-04 1.20e-04h  1
  63  2.0175638e+06 2.72e+05 2.36e+02  -6.0 3.91e+02  -2.0 1.37e-03 1.40e-04h  1
  64  2.0174345e+06 2.72e+05 2.67e+02  -6.0 5.04e+02  -2.5 1.96e-03 5.93e-04f  1
  65  2.0174020e+06 2.71e+05 3.67e+02  -6.0 4.65e+02  -2.1 2.63e-03 2.59e-04h  1
  66  2.0173377e+06 2.71e+05 4.64e+02  -6.0 6.22e+02  -2.6 3.90e-03 2.88e-04h  1
  67  2.0172630e+06 2.71e+05 4.83e+02  -6.0 5.87e+02  -2.1 9.20e-04 5.00e-04h  1
  68  2.0172027e+06 2.71e+05 5.38e+02  -6.0 7.30e+02  -2.6 2.06e-03 2.71e-04h  1
  69  2.0171189e+06 2.71e+05 6.17e+02  -6.0 6.51e+02  -2.2 2.11e-03 5.79e-04h  1
iter    objective    inf_pr   inf_du lg(mu)  ||d||  lg(rg) alpha_du alpha_pr  ls
  70  2.0171162e+06 2.70e+05 8.77e+02  -6.0 5.28e+02  -1.8 2.14e-03 4.68e-05h  1
  71  2.0170734e+06 2.70e+05 8.69e+02  -6.0 5.28e+02  -2.2 2.57e-04 3.90e-04h  1
  72  2.0170714e+06 2.70e+05 1.36e+03  -6.0 7.34e+02  -1.8 3.03e-03 2.56e-05h  1
  73  2.0168955e+06 2.70e+05 1.29e+03  -6.0 7.66e+02  -2.3 5.77e-04 1.34e-03h  1
  74r 2.0168955e+06 2.70e+05 1.00e+03   1.3 0.00e+00  -1.9 0.00e+00 1.27e-09R  2
  75r 2.0168953e+06 2.70e+05 1.00e+03   1.3 1.63e+08    -  5.26e-11 1.29e-09f  1
  76r 2.0149991e+06 2.68e+05 1.00e+03   1.3 1.66e+05    -  1.31e-05 2.60e-05f  1
  77r 2.0136097e+06 2.67e+05 1.00e+03   1.3 1.18e+05    -  9.28e-06 2.22e-05f  1
  78r 2.0104813e+06 2.64e+05 1.00e+03   1.3 1.02e+05    -  5.12e-05 5.05e-05f  1
  79r 1.9933962e+06 2.45e+05 1.00e+03   1.3 6.69e+04    -  1.65e-04 2.81e-04f  1
iter    objective    inf_pr   inf_du lg(mu)  ||d||  lg(rg) alpha_du alpha_pr  ls
  80  1.9933953e+06 2.45e+05 9.98e+01  -6.0 2.97e+02    -  2.78e-03 3.13e-05h  1
  81  1.9933895e+06 2.45e+05 1.80e+02  -6.0 2.94e+02    -  2.65e-03 9.32e-04h  1
  82  1.9933921e+06 2.45e+05 2.15e+02  -6.0 2.73e+02    -  7.55e-04 3.97e-04h  1
  83  1.9935247e+06 2.44e+05 1.33e+02  -6.0 2.85e+02    -  1.20e-04 1.17e-03h  1
  84  1.9938222e+06 2.44e+05 2.08e+02  -6.0 2.77e+02    -  2.22e-03 1.48e-03h  1
  85  1.9939938e+06 2.43e+05 9.92e+01  -6.0 4.24e+02    -  2.52e-04 9.34e-04h  1
  86  1.9939958e+06 2.43e+05 9.92e+01  -6.0 5.88e+02    -  3.20e-09 7.33e-05h  1
  87r 1.9939958e+06 2.43e+05 9.99e+02   1.2 0.00e+00    -  0.00e+00 2.12e-09R  2
  88r 1.9939958e+06 2.43e+05 9.99e+02   1.2 1.63e+06    -  1.65e-06 8.92e-10f  1
  89r 1.9942546e+06 2.35e+05 9.99e+02   1.2 1.41e+04    -  3.27e-05 1.00e-04f  1
iter    objective    inf_pr   inf_du lg(mu)  ||d||  lg(rg) alpha_du alpha_pr  ls
  90r 1.9945912e+06 2.24e+05 9.98e+02   1.2 1.37e+04    -  6.05e-04 1.46e-04f  1
  91  1.9945861e+06 2.24e+05 9.93e+02  -6.0 2.79e+02    -  4.67e-03 8.89e-05h  1
  92  1.9945707e+06 2.24e+05 9.19e+02  -6.0 3.38e+02    -  1.13e-05 3.33e-04h  1
  93r 1.9945707e+06 2.24e+05 9.99e+02   1.1 0.00e+00    -  0.00e+00 1.39e-08R  5
  94r 1.9945707e+06 2.24e+05 9.99e+02   1.1 1.51e+08    -  1.79e-08 9.40e-12f  1
  95r 1.9945355e+06 2.15e+05 1.02e+03   1.1 1.42e+04    -  8.75e-04 1.00e-04f  1
  96r 1.9879520e+06 1.63e+05 2.05e+03   1.1 1.29e+04    -  8.18e-05 8.69e-04f  1
  97  1.9879177e+06 1.63e+05 1.00e+02  -6.0 2.03e+02    -  1.82e-04 7.57e-05h  1
  98  1.9875448e+06 1.63e+05 9.99e+01  -6.0 1.90e+02    -  8.77e-04 7.96e-04f  1
  99  1.9874209e+06 1.63e+05 9.98e+01  -6.0 1.75e+02    -  1.05e-03 2.77e-04f  1
iter    objective    inf_pr   inf_du lg(mu)  ||d||  lg(rg) alpha_du alpha_pr  ls
 100  1.9864853e+06 1.62e+05 9.97e+01  -6.0 1.70e+02    -  2.39e-04 2.18e-03f  1
 101  1.9852316e+06 1.61e+05 9.95e+01  -6.0 1.64e+02    -  1.66e-03 3.07e-03f  1
 102  1.9840003e+06 1.60e+05 9.91e+01  -6.0 1.45e+02    -  4.35e-03 3.22e-03f  1
 103  1.9832185e+06 1.59e+05 9.88e+01  -6.0 1.40e+02    -  2.92e-03 2.53e-03f  1
 104  1.9803528e+06 1.56e+05 9.82e+01  -6.0 1.38e+02    -  4.49e-03 1.12e-02f  1
 105  1.9802994e+06 1.56e+05 9.81e+01  -6.0 1.32e+02    -  1.05e-03 3.46e-04h  1
 106  1.9783299e+06 1.52e+05 9.77e+01  -6.0 1.32e+02    -  1.35e-03 1.30e-02f  1
 107  1.9783070e+06 1.52e+05 2.65e+02  -6.0 1.25e+02    -  2.38e-02 1.78e-04h  1
 108  1.9778259e+06 1.50e+05 3.12e+02  -6.0 1.25e+02    -  7.41e-03 4.33e-03f  1
 109  1.9773040e+06 1.49e+05 5.87e+02  -6.0 1.24e+02    -  1.92e-02 5.02e-03f  1
iter    objective    inf_pr   inf_du lg(mu)  ||d||  lg(rg) alpha_du alpha_pr  ls
 110  1.9770455e+06 1.48e+05 5.78e+02  -6.0 1.30e+02    -  2.15e-03 2.43e-03f  1
 111  1.9766252e+06 1.47e+05 6.85e+02  -6.0 1.63e+02    -  5.99e-03 3.80e-03f  1
 112  1.9765714e+06 1.47e+05 9.98e+02  -6.0 2.31e+02    -  2.72e-03 4.47e-04h  1
 113  1.9769672e+06 1.46e+05 7.94e+02  -6.0 5.49e+02    -  6.93e-05 1.70e-03h  1
 114  1.9767804e+06 1.46e+05 1.14e+03  -6.0 2.37e+02    -  3.58e-03 1.70e-03h  1
 115  1.9767937e+06 1.46e+05 1.28e+03  -6.0 3.94e+02    -  8.10e-04 1.75e-04h  1
 116r 1.9767937e+06 1.46e+05 9.99e+02   0.9 0.00e+00    -  0.00e+00 1.02e-09R  2
 117r 1.9756843e+06 1.41e+05 9.99e+02   0.9 4.82e+07    -  1.10e-08 5.62e-08f  1
 118r 1.9714282e+06 1.24e+05 3.26e+03   0.9 1.33e+04    -  5.26e-05 2.59e-04f  1
 119r 1.9678746e+06 1.14e+05 3.50e+03   0.9 1.35e+04    -  2.71e-04 1.77e-04f  1
iter    objective    inf_pr   inf_du lg(mu)  ||d||  lg(rg) alpha_du alpha_pr  ls
 120r 1.9570749e+06 9.58e+04 3.50e+03   0.9 1.37e+04    -  3.63e-04 3.64e-04f  1
 121r 1.8472531e+06 4.26e+04 3.72e+03   0.9 1.41e+04    -  2.15e-04 1.59e-03f  1
 122r 1.7646658e+06 2.64e+04 3.78e+03   0.9 1.57e+04    -  4.06e-04 9.83e-04f  1
 123r 1.6134085e+06 1.08e+04 4.92e+03   0.9 1.44e+04    -  4.05e-04 1.78e-03f  1
 124r 1.5422557e+06 4.99e+03 5.16e+03   0.9 1.18e+04    -  5.59e-04 1.62e-03f  1
 125r 1.5101748e+06 2.48e+03 5.18e+03   0.9 9.13e+03    -  7.53e-04 1.67e-03f  1
 126r 1.5024447e+06 1.86e+03 5.18e+03   0.9 6.67e+03    -  4.84e-03 1.91e-03f  1
 127r 1.4728125e+06 1.03e+03 5.16e+03   0.9 2.95e+03    -  2.51e-03 5.25e-03f  1
 128r 1.4658547e+06 6.06e+02 5.13e+03   0.9 1.32e+03    -  2.56e-03 5.64e-03f  1
 129r 1.4674420e+06 2.25e+02 5.06e+03   0.9 7.37e+02    -  2.91e-03 1.09e-02f  1
iter    objective    inf_pr   inf_du lg(mu)  ||d||  lg(rg) alpha_du alpha_pr  ls
 130r 1.4697717e+06 1.56e+02 5.04e+03   0.9 8.71e+02  -2.0 8.55e-03 5.59e-03f  1
 131r 1.4884113e+06 4.35e+01 4.98e+03   0.9 4.32e+02    -  2.43e-03 2.11e-02f  1
 132r 1.4974292e+06 3.34e+01 4.95e+03   0.9 3.53e+02    -  2.47e-02 8.06e-03f  1
 133r 1.5319551e+06 1.82e+01 4.82e+03   0.9 4.87e+01  -0.7 3.36e-02 3.05e-02f  1
 134r 1.6029597e+06 1.61e+01 4.69e+03   0.9 1.75e+02    -  1.44e-01 6.06e-02f  1
 135r 1.6639063e+06 1.33e+01 4.29e+03   0.9 1.03e+02    -  1.91e-01 1.08e-01f  1
 136r 1.7272890e+06 1.10e+01 4.14e+03   0.9 8.67e+01    -  6.12e-01 2.55e-01f  1
 137r 1.7500168e+06 1.16e+01 3.47e+03   0.9 5.52e+01    -  6.43e-01 2.01e-01f  1
 138r 1.8216521e+06 1.54e+01 2.94e+03   0.9 3.22e+01    -  1.00e+00 9.00e-01f  1
 139  1.7562433e+06 1.45e+01 1.29e+03  -6.0 1.36e+02    -  4.81e-02 5.43e-02f  1
iter    objective    inf_pr   inf_du lg(mu)  ||d||  lg(rg) alpha_du alpha_pr  ls
 140  1.7497881e+06 1.43e+01 1.32e+03  -6.0 1.22e+02    -  5.07e-02 1.36e-02f  1
 141  1.7299688e+06 1.32e+01 2.29e+03  -6.0 1.23e+02    -  1.88e-01 7.93e-02f  1
 142  1.7306575e+06 1.31e+01 2.28e+03  -6.0 1.22e+02    -  1.97e-05 5.45e-03h  1
 143  1.7306946e+06 1.31e+01 2.28e+03  -6.0 1.22e+02    -  3.21e-01 2.54e-04h  1
 144  1.7308126e+06 1.31e+01 2.28e+03  -6.0 2.21e+02  -1.4 1.47e-02 2.51e-04h  1
 145  1.7442234e+06 1.22e+01 2.30e+03  -6.0 1.40e+02    -  2.33e-01 6.80e-02h  3
 146  1.7545758e+06 1.16e+01 2.25e+03  -6.0 1.37e+02    -  2.51e-01 4.95e-02h  4
 147  1.7687256e+06 1.08e+01 2.16e+03  -6.0 1.61e+02    -  1.71e-01 7.01e-02h  2
 148  1.7749985e+06 1.04e+01 2.10e+03  -6.0 1.58e+02    -  1.29e-01 3.22e-02h  1
 149  1.7869995e+06 9.79e+00 1.99e+03  -6.0 1.26e+02    -  9.17e-02 6.28e-02h  3
iter    objective    inf_pr   inf_du lg(mu)  ||d||  lg(rg) alpha_du alpha_pr  ls
 150  1.8047774e+06 8.86e+00 1.82e+03  -6.0 1.15e+02    -  2.01e-01 9.47e-02h  1
 151  1.8186993e+06 8.17e+00 1.67e+03  -6.0 1.01e+02    -  2.73e-01 7.79e-02h  2
 152  1.8413848e+06 7.56e+00 1.75e+03  -6.0 3.54e+01  -1.9 1.14e-01 7.41e-02h  1
 153  1.8755089e+06 6.44e+00 1.67e+03  -6.0 4.49e+01  -2.4 1.08e-01 1.48e-01h  1
 154  1.8837610e+06 6.09e+00 1.57e+03  -6.0 6.28e+01  -2.9 2.69e-05 5.48e-02h  1
 155  1.8958539e+06 5.47e+00 1.34e+03  -6.0 7.10e+01  -3.4 6.48e-02 1.02e-01h  1
 156  1.9033310e+06 5.15e+00 1.25e+03  -6.0 5.41e+01  -2.9 2.55e-01 5.86e-02h  1
 157  1.9421110e+06 3.81e+00 8.83e+02  -6.0 3.93e+01  -2.5 2.03e-05 2.60e-01h  1
 158  1.9458616e+06 3.64e+00 8.40e+02  -6.0 4.88e+01  -3.0 3.76e-01 4.36e-02h  1
 159  1.9663474e+06 2.94e+00 7.62e+02  -6.0 3.67e+01  -2.6 3.50e-05 1.91e-01h  1
iter    objective    inf_pr   inf_du lg(mu)  ||d||  lg(rg) alpha_du alpha_pr  ls
 160  1.9779529e+06 2.61e+00 7.16e+02  -6.0 2.10e+01  -2.1 2.61e-01 1.11e-01h  1
 161  1.9856098e+06 2.35e+00 6.42e+02  -6.0 3.64e+01  -2.6 1.47e-01 1.02e-01h  1
 162  1.9899025e+06 2.23e+00 6.15e+02  -6.0 2.12e+01  -2.2 5.58e-02 5.09e-02h  1
 163  1.9949878e+06 2.05e+00 5.57e+02  -6.0 3.83e+01  -2.7 5.68e-02 7.94e-02h  1
 164  1.9976556e+06 1.97e+00 5.38e+02  -6.0 2.07e+01  -2.2 2.79e-01 3.63e-02h  1
 165  1.9985327e+06 1.95e+00 5.33e+02  -6.0 1.16e+01  -1.8 2.24e-01 1.05e-02h  1
 166  2.0065007e+06 1.73e+00 4.87e+02  -6.0 2.44e+01  -2.3 2.32e-01 1.13e-01h  1
 167  2.0077135e+06 1.71e+00 4.80e+02  -6.0 8.71e+00  -0.9 3.12e-02 1.42e-02h  1
 168  2.0080957e+06 1.70e+00 4.78e+02  -6.0 9.45e+00  -1.4 8.24e-02 4.90e-03h  1
 169  2.0081855e+06 1.70e+00 4.77e+02  -6.0 1.41e+02  -1.9 1.14e-02 1.30e-03h  4
iter    objective    inf_pr   inf_du lg(mu)  ||d||  lg(rg) alpha_du alpha_pr  ls
 170  2.0088197e+06 1.68e+00 4.73e+02  -6.0 9.12e+00  -1.5 4.74e-02 8.21e-03h  1
 171  2.0157118e+06 1.55e+00 4.42e+02  -6.0 7.92e+00  -1.1 1.40e-02 8.25e-02h  1
 172  2.0170201e+06 1.52e+00 4.34e+02  -6.0 8.50e+00  -1.5 9.40e-02 1.86e-02h  1
 173  2.0214846e+06 1.40e+00 4.06e+02  -6.0 1.58e+01  -2.0 2.00e-01 7.53e-02h  1
 174  2.0258022e+06 1.26e+00 3.44e+02  -6.0 3.61e+01  -2.5 8.40e-04 1.05e-01h  1
 175  2.0263175e+06 1.22e+00 3.32e+02  -6.0 6.76e+01  -3.0 8.28e-02 2.59e-02h  1
 176  2.0298623e+06 1.10e+00 2.84e+02  -6.0 3.63e+01  -2.5 5.33e-02 9.94e-02h  1
 177  2.0297840e+06 1.10e+00 2.82e+02  -6.0 3.98e+02    -  5.33e-03 3.23e-03f  1
 178  2.0344574e+06 9.75e-01 2.52e+02  -6.0 1.76e+01  -2.1 7.24e-06 1.12e-01h  1
 179  2.0346381e+06 9.69e-01 2.50e+02  -6.0 3.72e+01  -2.6 9.28e-02 6.40e-03h  1
iter    objective    inf_pr   inf_du lg(mu)  ||d||  lg(rg) alpha_du alpha_pr  ls
 180  2.0348201e+06 9.60e-01 2.47e+02  -6.0 7.18e+01  -3.1 9.07e-02 9.61e-03h  1
 181  2.0376212e+06 8.70e-01 2.09e+02  -6.0 3.97e+01  -2.6 1.01e-03 9.32e-02h  1
 182  2.0376208e+06 8.70e-01 2.09e+02  -6.0 2.68e+02    -  1.93e-02 7.10e-05h  1
 183  2.0380184e+06 8.53e-01 2.02e+02  -6.0 6.94e+01  -3.1 2.63e-02 1.94e-02h  1
 184  2.0380177e+06 8.53e-01 2.02e+02  -6.0 8.24e+02    -  2.39e-04 3.94e-04h  4
 185  2.0381290e+06 8.46e-01 1.99e+02  -6.0 1.24e+02  -3.6 8.25e-02 8.42e-03h  2
 186  2.0410186e+06 7.31e-01 1.23e+02  -6.0 7.57e+01  -3.2 6.90e-02 1.36e-01h  1
 187  2.0411807e+06 7.17e-01 1.21e+02  -6.0 2.16e+02    -  8.72e-02 1.80e-02h  1
 188  2.0415071e+06 6.98e-01 1.18e+02  -6.0 2.04e+02    -  2.00e-01 2.66e-02h  2
 189  2.0424373e+06 6.60e-01 1.11e+02  -6.0 1.71e+02    -  1.00e-03 5.52e-02h  2
iter    objective    inf_pr   inf_du lg(mu)  ||d||  lg(rg) alpha_du alpha_pr  ls
 190  2.0436099e+06 6.15e-01 1.03e+02  -6.0 1.50e+02    -  5.92e-02 6.83e-02h  1
 191  2.0447464e+06 5.79e-01 9.70e+01  -6.0 1.65e+02    -  4.07e-02 5.83e-02h  1
 192  2.0459698e+06 5.42e-01 9.97e+01  -6.0 1.88e+02    -  3.30e-02 6.40e-02h  1
 193  2.0470046e+06 5.09e-01 1.18e+02  -6.0 1.96e+02    -  1.15e-01 6.04e-02h  1
 194  2.0486416e+06 4.60e-01 1.63e+02  -6.0 1.91e+02    -  6.05e-02 9.69e-02H  1
 195  2.0493015e+06 4.42e-01 1.62e+02  -6.0 1.22e+02    -  2.12e-01 3.86e-02h  1
 196  2.0505446e+06 4.13e-01 1.51e+02  -6.0 1.19e+02    -  3.22e-01 6.61e-02h  1
 197  2.0513112e+06 3.95e-01 1.45e+02  -6.0 1.28e+02    -  6.61e-02 4.26e-02h  1
 198  2.0525692e+06 3.66e-01 1.34e+02  -6.0 1.30e+02    -  1.20e-01 7.28e-02h  1
 199  2.0547886e+06 3.18e-01 1.17e+02  -6.0 1.16e+02    -  7.24e-02 1.33e-01h  1
iter    objective    inf_pr   inf_du lg(mu)  ||d||  lg(rg) alpha_du alpha_pr  ls
 200  2.0557069e+06 2.98e-01 1.15e+02  -6.0 1.29e+02    -  1.93e-01 6.39e-02h  1
 201  2.0573979e+06 2.60e-01 1.19e+02  -6.0 1.25e+02    -  9.54e-02 1.25e-01h  1
 202  2.0594487e+06 2.15e-01 1.26e+02  -6.0 1.21e+02    -  3.49e-02 1.73e-01h  1
 203  2.0598582e+06 2.06e-01 1.22e+02  -6.0 9.84e+01    -  1.42e-01 4.19e-02h  1
 204  2.0604497e+06 1.93e-01 1.15e+02  -6.0 5.63e+01    -  6.82e-02 6.20e-02h  1
 205  2.0606615e+06 1.89e-01 1.13e+02  -6.0 3.86e+01    -  1.15e-01 2.30e-02h  1
 206  2.0621396e+06 1.58e-01 9.40e+01  -6.0 3.85e+01    -  5.76e-02 1.65e-01h  1
 207  2.0624246e+06 1.52e-01 9.04e+01  -6.0 3.54e+01    -  1.93e-01 3.80e-02h  1
 208  2.0643942e+06 1.11e-01 7.41e+01  -6.0 2.64e+01    -  4.29e-01 2.71e-01h  1
 209  2.0650044e+06 9.80e-02 6.79e+01  -6.0 2.22e+01    -  5.26e-01 1.15e-01h  1
iter    objective    inf_pr   inf_du lg(mu)  ||d||  lg(rg) alpha_du alpha_pr  ls
 210  2.0660113e+06 7.72e-02 5.58e+01  -6.0 3.90e+00  -2.7 1.83e-01 2.13e-01h  1
 211  2.0665085e+06 6.69e-02 4.84e+01  -6.0 6.27e+00  -3.2 1.39e-01 1.34e-01h  1
 212  2.0672012e+06 5.26e-02 3.79e+01  -6.0 3.90e+00  -2.8 1.36e-01 2.14e-01h  1
 213  2.0680560e+06 3.49e-02 2.52e+01  -6.0 5.54e+00  -3.3 5.69e-02 3.38e-01h  1
 214  2.0681463e+06 3.30e-02 2.39e+01  -6.0 1.53e+01    -  1.99e-01 5.45e-02h  1
 215  2.0682516e+06 3.08e-02 2.23e+01  -6.0 6.15e+00  -3.7 3.47e-01 6.67e-02h  1
 216  2.0686768e+06 2.19e-02 1.58e+01  -6.0 4.03e+00  -3.3 3.10e-01 2.88e-01h  1
 217  2.0688750e+06 1.78e-02 1.28e+01  -6.0 5.45e+00  -3.8 4.99e-01 1.89e-01h  1
 218  2.0691649e+06 1.18e-02 8.37e+00  -6.0 3.10e+00  -3.4 3.15e-01 3.39e-01h  1
 219  2.0694576e+06 5.67e-03 8.36e+00  -6.0 4.04e+00  -3.8 7.89e-01 5.19e-01h  1
iter    objective    inf_pr   inf_du lg(mu)  ||d||  lg(rg) alpha_du alpha_pr  ls
 220  2.0694603e+06 5.61e-03 9.50e+00  -6.0 3.15e+01    -  3.33e-01 1.04e-02h  4
 221  2.0694648e+06 5.52e-03 1.28e+01  -6.0 2.82e+01    -  7.78e-01 1.75e-02h  4
 222  2.0694685e+06 5.44e-03 1.39e+01  -6.0 2.34e+01    -  6.04e-01 1.45e-02h  5
 223  2.0694720e+06 5.36e-03 1.48e+01  -6.0 2.03e+01    -  1.00e+00 1.40e-02h  5
 224  2.0694794e+06 5.20e-03 1.44e+01  -6.0 1.78e+01    -  6.55e-01 2.94e-02h  4
 225  2.0694879e+06 5.02e-03 1.40e+01  -6.0 1.35e+01    -  1.00e+00 3.50e-02h  4
 226  2.0695032e+06 4.70e-03 1.35e+01  -6.0 1.14e+01    -  2.46e-01 6.46e-02h  4
 227  2.0695196e+06 4.35e-03 1.43e+01  -6.0 1.09e+01    -  1.00e+00 7.34e-02h  4
 228  2.0697068e+06 5.17e-03 9.22e+00  -6.0 1.03e+01    -  3.92e-01 8.90e-01H  1
 229  2.0697207e+06 3.99e-03 3.79e+00  -6.0 3.49e+00    -  4.28e-01 6.00e-01H  1
iter    objective    inf_pr   inf_du lg(mu)  ||d||  lg(rg) alpha_du alpha_pr  ls
 230  2.0697302e+06 1.72e-03 1.33e-01  -6.0 1.36e+00    -  1.00e+00 1.00e+00h  1
 231  2.0697302e+06 5.27e-04 4.09e-05  -6.0 1.13e+00    -  1.00e+00 1.00e+00h  1
 232  2.0697302e+06 2.50e-05 1.19e-06  -6.0 2.90e-01    -  1.00e+00 1.00e+00h  1
 233  2.0697302e+06 1.49e-08 9.85e-10  -6.0 8.09e-03    -  1.00e+00 1.00e+00h  1
 234  2.0697302e+06 8.20e-08 3.20e-02  -7.2 1.32e-02    -  1.00e+00 9.68e-01h  1
 235  2.0697301e+06 3.32e-09 2.36e-08  -7.2 4.50e-04    -  1.00e+00 1.00e+00f  1

Number of Iterations....: 235

                                   (scaled)                 (unscaled)
Objective...............:   1.4993743207152615e+04    2.0697301498868889e+06
Dual infeasibility......:   2.3630884835330642e-08    3.2619976303753749e-06
Constraint violation....:   3.3171789481922787e-09    3.3171789481922787e-09
Variable bound violation:   2.6858604940116493e-07    2.6858604940116493e-07
Complementarity.........:   7.0931387971005896e-08    9.7913396427171982e-06
Overall NLP error.......:   7.0931387971005896e-08    9.7913396427171982e-06


Number of objective function evaluations             = 330
Number of objective gradient evaluations             = 201
Number of equality constraint evaluations            = 330
Number of inequality constraint evaluations          = 331
Number of equality constraint Jacobian evaluations   = 242
Number of inequality constraint Jacobian evaluations = 242
Number of Lagrangian Hessian evaluations             = 235
Total seconds in IPOPT                               = 55.821

EXIT: Optimal Solution Found.

