Solver command line: ['/opt/homebrew/bin/ipopt', '/var/folders/6y/bvynbx6n3zv7z3lwg6vd724r0000gn/T/tmpm0uw3lw7.pyomo.nl', '-AMPL', 'tol=1e-06', 'max_iter=300', 'print_level=5', 'warm_start_init_point=yes', 'warm_start_bound_push=1e-06', 'warm_start_bound_frac=1e-06', 'warm_start_mult_bound_push=1e-06', 'mu_init=1e-06', 'least_square_init_duals=no']

Ipopt 3.14.19: tol=1e-06
max_iter=300
print_level=5
warm_start_init_point=yes
warm_start_bound_push=1e-06
warm_start_bound_frac=1e-06
warm_start_mult_bound_push=1e-06
mu_init=1e-06
least_square_init_duals=no


******************************************************************************
This program contains Ipopt, a library for large-scale nonlinear optimization.
 Ipopt is released as open source code under the Eclipse Public License (EPL).
         For more information visit https://github.com/coin-or/Ipopt
******************************************************************************

This is Ipopt version 3.14.19, running with linear solver MUMPS 5.6.2.

Number of nonzeros in equality constraint Jacobian...:    91135
Number of nonzeros in inequality constraint Jacobian.:    72000
Number of nonzeros in Lagrangian Hessian.............:    51664

Total number of variables............................:    13678
                     variables with only lower bounds:        0
                variables with lower and upper bounds:    13678
                     variables with only upper bounds:        0
Total number of equality constraints.................:    12937
Total number of inequality constraints...............:    18000
        inequality constraints with only lower bounds:        0
   inequality constraints with lower and upper bounds:        0
        inequality constraints with only upper bounds:    18000

iter    objective    inf_pr   inf_du lg(mu)  ||d||  lg(rg) alpha_du alpha_pr  ls
   0  1.8545790e+06 2.58e+05 7.42e+03  -6.0 0.00e+00    -  0.00e+00 0.00e+00   0
   1  1.8557930e+06 2.55e+05 7.37e+03  -6.0 7.84e+01    -  1.89e-03 7.03e-03h  1
   2  1.8565716e+06 2.52e+05 7.33e+03  -6.0 7.59e+01    -  1.12e-02 4.56e-03h  1
   3  1.8569211e+06 2.51e+05 7.32e+03  -6.0 7.40e+01    -  3.50e-03 2.05e-03h  1
   4  1.8575856e+06 2.49e+05 7.29e+03  -6.0 7.27e+01    -  3.53e-03 3.90e-03h  1
   5  1.8582348e+06 2.47e+05 7.26e+03  -6.0 7.06e+01    -  3.62e-04 3.81e-03h  1
   6  1.8583665e+06 2.47e+05 7.26e+03  -6.0 6.77e+01    -  3.71e-03 7.71e-04h  1
   7  1.8587840e+06 2.46e+05 7.24e+03  -6.0 6.73e+01    -  5.83e-04 2.44e-03h  1
   8  1.8588944e+06 2.45e+05 7.23e+03  -6.0 6.69e+01    -  5.13e-04 6.74e-04h  1
   9  1.8589968e+06 2.45e+05 7.23e+03  -6.0 6.70e+01    -  1.48e-03 6.35e-04h  1
iter    objective    inf_pr   inf_du lg(mu)  ||d||  lg(rg) alpha_du alpha_pr  ls
  10  1.8600660e+06 2.42e+05 7.18e+03  -6.0 6.60e+01    -  1.40e-03 6.63e-03h  1
  11  1.8610221e+06 2.39e+05 7.14e+03  -6.0 4.80e+01    -  7.99e-03 5.94e-03h  1
  12  1.8621670e+06 2.35e+05 7.09e+03  -6.0 6.42e+01    -  7.87e-03 7.53e-03h  1
  13r 1.8621670e+06 2.35e+05 9.99e+02   1.1 0.00e+00    -  0.00e+00 1.45e-08R  2
  14r 1.8621334e+06 2.35e+05 9.99e+02   1.1 6.66e+07    -  5.64e-07 6.51e-08f  1
  15r 1.8622427e+06 2.34e+05 9.99e+02   1.1 1.13e+04    -  1.69e-04 5.43e-06f  1
  16r 1.8622419e+06 2.26e+05 9.99e+02   1.1 1.23e+04    -  1.23e-04 5.64e-05f  1
  17r 1.8728590e+06 1.62e+05 9.98e+02   1.1 8.36e+03    -  3.37e-04 4.71e-04f  1
  18  1.8728582e+06 1.62e+05 1.44e+02  -6.0 1.26e+06    -  2.13e-06 1.71e-09f  1
  19  1.8712131e+06 1.62e+05 1.44e+02  -6.0 1.16e+06    -  1.95e-07 3.14e-06f  1
iter    objective    inf_pr   inf_du lg(mu)  ||d||  lg(rg) alpha_du alpha_pr  ls
  20  1.8708508e+06 1.62e+05 1.44e+02  -6.0 4.06e+05    -  5.33e-06 3.69e-06f  1
  21  1.8705430e+06 1.62e+05 1.44e+02  -6.0 3.58e+05    -  4.38e-06 8.09e-06f  1
  22  1.8704849e+06 1.62e+05 1.44e+02  -6.0 1.78e+05    -  1.79e-05 6.43e-06f  1
  23  1.8704232e+06 1.62e+05 1.44e+02  -6.0 1.10e+05    -  5.71e-05 1.58e-05f  1
  24  1.8703376e+06 1.62e+05 1.44e+02  -6.0 4.32e+04    -  1.37e-04 6.04e-05f  1
  25  1.8703167e+06 1.62e+05 1.44e+02  -6.0 4.96e+03    -  1.74e-04 3.49e-05f  1
  26  1.8702988e+06 1.62e+05 1.44e+02  -6.0 2.75e+03    -  1.51e-04 3.58e-05f  1
  27  1.8702896e+06 1.62e+05 1.44e+02  -6.0 2.08e+03    -  1.89e-04 2.24e-05h  1
  28  1.8702310e+06 1.62e+05 1.44e+02  -6.0 2.12e+03    -  3.36e-04 1.69e-04f  1
  29  1.8701819e+06 1.61e+05 1.44e+02  -6.0 1.80e+03    -  7.07e-04 3.23e-04h  1
iter    objective    inf_pr   inf_du lg(mu)  ||d||  lg(rg) alpha_du alpha_pr  ls
  30  1.8701690e+06 1.61e+05 1.44e+02  -6.0 1.07e+03    -  1.91e-03 2.77e-04h  1
  31  1.8701571e+06 1.61e+05 1.44e+02  -6.0 9.25e+02    -  2.35e-03 7.71e-04h  1
  32  1.8701956e+06 1.61e+05 1.45e+02  -6.0 3.67e+02    -  6.71e-03 1.57e-03h  1
  33  1.8702053e+06 1.60e+05 1.45e+02  -6.0 2.02e+02    -  2.00e-03 3.18e-04h  1
  34  1.8701482e+06 1.60e+05 1.45e+02  -6.0 1.54e+02  -2.0 1.86e-04 6.05e-04h  1
  35  1.8701491e+06 1.60e+05 1.45e+02  -6.0 6.61e+01  -2.5 6.65e-03 1.09e-05h  1
  36  1.8701781e+06 1.60e+05 1.45e+02  -6.0 6.79e+01  -3.0 2.46e-03 3.76e-04h  1
  37  1.8702121e+06 1.60e+05 1.45e+02  -6.0 1.37e+02  -3.4 1.70e-03 4.47e-04h  1
  38  1.8702288e+06 1.60e+05 1.45e+02  -6.0 1.87e+02  -3.9 3.17e-03 2.08e-04h  1
  39  1.8703220e+06 1.60e+05 1.45e+02  -6.0 2.40e+02  -3.5 3.21e-04 1.07e-03h  1
iter    objective    inf_pr   inf_du lg(mu)  ||d||  lg(rg) alpha_du alpha_pr  ls
  40  1.8703655e+06 1.59e+05 1.45e+02  -6.0 2.87e+02  -4.0 2.15e-03 4.50e-04h  1
  41  1.8704604e+06 1.59e+05 1.45e+02  -6.0 2.48e+02  -3.5 6.94e-04 9.09e-04h  1
  42  1.8706145e+06 1.59e+05 1.45e+02  -6.0 1.88e+02  -3.1 3.02e-03 1.35e-03h  1
  43  1.8706305e+06 1.59e+05 1.45e+02  -6.0 2.05e+02  -3.6 1.93e-03 1.29e-04h  1
  44  1.8707616e+06 1.58e+05 1.45e+02  -6.0 1.65e+02  -3.2 1.83e-03 1.04e-03h  1
  45  1.8709098e+06 1.58e+05 1.45e+02  -6.0 1.77e+02  -3.6 3.37e-03 1.13e-03h  1
  46  1.8711437e+06 1.57e+05 1.45e+02  -6.0 1.08e+02  -3.2 3.14e-03 1.75e-03h  1
  47  1.8712673e+06 1.57e+05 1.45e+02  -6.0 3.07e+02  -3.7 9.28e-04 1.07e-03h  1
  48  1.8713324e+06 1.57e+05 1.45e+02  -6.0 3.63e+02  -3.3 5.28e-04 6.35e-04h  1
  49  1.8713398e+06 1.57e+05 1.45e+02  -6.0 3.46e+02  -3.7 2.13e-03 7.21e-05h  1
iter    objective    inf_pr   inf_du lg(mu)  ||d||  lg(rg) alpha_du alpha_pr  ls
  50  1.8713895e+06 1.57e+05 1.45e+02  -6.0 2.77e+02  -3.3 1.64e-04 4.29e-04h  1
  51  1.8714664e+06 1.56e+05 1.45e+02  -6.0 3.34e+02  -3.8 1.28e-04 6.60e-04h  1
  52  1.8714910e+06 1.56e+05 1.45e+02  -6.0 2.65e+02  -3.4 2.48e-03 1.90e-04h  1
  53  1.8715397e+06 1.56e+05 1.44e+02  -6.0 2.49e+02  -2.9 3.24e-03 3.56e-04h  1
  54r 1.8715397e+06 1.56e+05 9.99e+02   1.0 0.00e+00  -3.4 0.00e+00 2.55e-07R  6
  55r 1.8713909e+06 1.55e+05 9.99e+02   1.0 1.35e+05    -  8.62e-08 6.48e-06f  1
  56r 1.8718916e+06 1.53e+05 9.99e+02   1.0 2.94e+04    -  2.50e-05 1.76e-05f  1
  57r 1.8735524e+06 1.45e+05 9.99e+02   1.0 3.05e+04    -  2.42e-05 6.56e-05f  1
  58r 1.8768472e+06 1.30e+05 9.99e+02   1.0 2.92e+04    -  7.87e-05 1.31e-04f  1
  59  1.8768303e+06 1.30e+05 1.48e+02  -6.0 2.19e+05    -  5.82e-06 3.23e-06f  1
iter    objective    inf_pr   inf_du lg(mu)  ||d||  lg(rg) alpha_du alpha_pr  ls
  60  1.8767940e+06 1.30e+05 1.48e+02  -6.0 8.30e+04    -  4.48e-07 2.39e-05f  1
  61  1.8767513e+06 1.30e+05 1.48e+02  -6.0 3.81e+04    -  2.51e-10 1.89e-05f  1
  62  1.8766692e+06 1.30e+05 1.48e+02  -6.0 2.01e+04    -  3.07e-04 1.22e-04f  1
  63  1.8766722e+06 1.30e+05 1.48e+02  -6.0 6.50e+03    -  6.74e-07 6.05e-05h  4
  64  1.8765699e+06 1.30e+05 1.48e+02  -6.0 6.74e+03    -  3.28e-04 4.42e-04f  1
  65  1.8765992e+06 1.29e+05 1.48e+02  -6.0 1.23e+03    -  8.64e-09 3.42e-04h  1
  66  1.8766401e+06 1.29e+05 1.48e+02  -6.0 9.44e+02    -  6.46e-04 3.28e-04h  2
  67  1.8766666e+06 1.29e+05 1.48e+02  -6.0 5.32e+02    -  2.40e-03 1.80e-04h  2
  68  1.8766688e+06 1.29e+05 1.48e+02  -6.0 5.60e+02    -  5.99e-04 1.50e-05h  5
  69  1.8766594e+06 1.29e+05 1.48e+02  -6.0 1.76e+05    -  5.57e-07 2.70e-06f  3
iter    objective    inf_pr   inf_du lg(mu)  ||d||  lg(rg) alpha_du alpha_pr  ls
  70  1.8766559e+06 1.29e+05 1.48e+02  -6.0 2.29e+05    -  3.73e-05 1.34e-06f  4
  71  1.8766345e+06 1.29e+05 1.48e+02  -6.0 8.52e+04    -  2.78e-05 2.97e-05f  1
  72  1.8766876e+06 1.29e+05 1.48e+02  -6.0 5.77e+02    -  2.01e-03 3.60e-04h  1
  73  1.8768288e+06 1.29e+05 1.48e+02  -6.0 6.22e+02    -  6.37e-04 1.17e-03h  2
  74  1.8767973e+06 1.29e+05 1.48e+02  -6.0 1.99e+03    -  1.53e-03 3.55e-04h  2
  75  1.8768070e+06 1.29e+05 1.48e+02  -6.0 1.70e+03    -  2.50e-03 2.76e-04h  2
  76  1.8768268e+06 1.29e+05 1.48e+02  -6.0 2.05e+03    -  1.30e-03 2.28e-04h  2
  77  1.8768939e+06 1.29e+05 1.48e+02  -6.0 2.03e+03    -  2.84e-03 5.90e-04h  1
  78  1.8769752e+06 1.28e+05 1.48e+02  -6.0 8.30e+02    -  9.15e-04 4.59e-04h  1
  79  1.8770471e+06 1.28e+05 1.48e+02  -6.0 7.03e+02    -  1.71e-03 6.18e-04h  1
iter    objective    inf_pr   inf_du lg(mu)  ||d||  lg(rg) alpha_du alpha_pr  ls
  80  1.8771047e+06 1.28e+05 1.47e+02  -6.0 7.50e+02    -  1.48e-03 4.15e-04h  1
  81  1.8772617e+06 1.28e+05 1.47e+02  -6.0 6.32e+02    -  4.22e-04 1.02e-03h  1
  82  1.8773379e+06 1.28e+05 1.47e+02  -6.0 5.35e+02    -  1.66e-03 4.68e-04h  1
  83  1.8777142e+06 1.27e+05 1.47e+02  -6.0 4.62e+02    -  1.01e-03 2.09e-03h  1
  84  1.8777583e+06 1.27e+05 1.47e+02  -6.0 1.63e+03    -  4.35e-05 1.74e-04h  1
  85r 1.8777583e+06 1.27e+05 9.99e+02   0.9 0.00e+00    -  0.00e+00 9.74e-08R  2
  86r 1.8780860e+06 1.27e+05 9.99e+02   0.9 3.32e+05    -  6.41e-07 8.11e-07f  1
  87r 1.8782478e+06 1.26e+05 9.99e+02   0.9 3.00e+04    -  1.03e-06 5.52e-06f  1
  88r 1.8806791e+06 1.17e+05 9.99e+02   0.9 2.98e+04    -  3.77e-05 9.08e-05f  1
  89r 1.8829567e+06 1.08e+05 9.99e+02   0.9 2.18e+04    -  3.05e-04 8.63e-05f  1
iter    objective    inf_pr   inf_du lg(mu)  ||d||  lg(rg) alpha_du alpha_pr  ls
  90r 1.8829567e+06 1.08e+05 9.99e+02   0.9 0.00e+00    -  0.00e+00 3.52e-07R  8
  91r 1.8829974e+06 1.08e+05 9.99e+02   0.9 1.72e+04    -  4.23e-04 1.45e-06f  1
  92r 1.8960117e+06 7.19e+04 9.95e+02   0.9 9.45e+03    -  6.39e-03 4.98e-04f  1
  93  1.8959632e+06 7.19e+04 1.48e+02  -6.0 1.63e+05    -  4.69e-07 3.29e-05f  1
  94  1.8959608e+06 7.19e+04 1.48e+02  -6.0 9.02e+04    -  9.32e-07 9.21e-07f  1
  95  1.8957211e+06 7.19e+04 1.48e+02  -6.0 8.78e+04    -  3.71e-06 9.59e-05f  1
  96  1.8953772e+06 7.19e+04 1.48e+02  -6.0 5.03e+04    -  3.11e-06 3.10e-04f  1
  97  1.8952139e+06 7.18e+04 1.48e+02  -6.0 1.16e+04    -  6.67e-05 4.17e-04f  1
  98  1.8954020e+06 7.15e+04 1.48e+02  -6.0 7.55e+02    -  1.31e-03 1.82e-03h  1
  99  1.8954343e+06 7.15e+04 1.48e+02  -6.0 6.10e+02    -  1.38e-03 2.98e-04h  1
iter    objective    inf_pr   inf_du lg(mu)  ||d||  lg(rg) alpha_du alpha_pr  ls
 100  1.8955294e+06 7.14e+04 1.48e+02  -6.0 5.06e+02    -  2.33e-03 8.80e-04h  1
 101  1.8956794e+06 7.11e+04 1.47e+02  -6.0 3.03e+02    -  6.23e-04 1.59e-03h  1
 102  1.8958343e+06 7.08e+04 1.47e+02  -6.0 3.61e+02    -  2.51e-03 2.23e-03h  1
 103  1.8958866e+06 7.04e+04 1.46e+02  -6.0 4.08e+02    -  1.84e-03 2.92e-03h  2
 104  1.8960698e+06 6.97e+04 1.45e+02  -6.0 2.92e+02    -  2.24e-03 4.52e-03h  1
 105  1.8961273e+06 6.96e+04 1.47e+02  -6.0 1.19e+02    -  1.10e-02 8.87e-04h  1
 106  1.8961871e+06 6.93e+04 1.46e+02  -6.0 2.78e+02    -  1.21e-03 2.33e-03h  1
 107  1.8962066e+06 6.90e+04 1.46e+02  -6.0 6.16e+02    -  1.64e-03 1.98e-03h  1
 108  1.8962933e+06 6.86e+04 1.45e+02  -6.0 4.51e+02    -  8.68e-04 2.65e-03h  1
 109  1.8963641e+06 6.84e+04 1.45e+02  -6.0 2.49e+02    -  3.87e-03 1.37e-03h  1
iter    objective    inf_pr   inf_du lg(mu)  ||d||  lg(rg) alpha_du alpha_pr  ls
 110  1.8964832e+06 6.81e+04 1.45e+02  -6.0 2.17e+02    -  2.11e-03 2.06e-03h  1
 111  1.8965004e+06 6.81e+04 1.46e+02  -6.0 1.73e+02    -  6.08e-03 2.62e-04h  1
 112  1.8968221e+06 6.75e+04 1.45e+02  -6.0 3.20e+02    -  1.02e-03 4.28e-03h  1
 113  1.8969288e+06 6.73e+04 1.45e+02  -6.0 1.70e+02    -  4.78e-03 1.33e-03h  1
 114  1.8975723e+06 6.62e+04 1.44e+02  -6.0 1.14e+02    -  6.03e-03 8.03e-03h  1
 115  1.8977549e+06 6.59e+04 1.45e+02  -6.0 7.60e+01    -  1.68e-02 2.12e-03h  1
 116  1.8977733e+06 6.59e+04 1.45e+02  -6.0 2.44e+02    -  2.78e-03 2.09e-04h  1
 117  1.8981337e+06 6.54e+04 1.44e+02  -6.0 1.26e+02    -  3.68e-03 4.10e-03h  1
 118  1.8982855e+06 6.52e+04 1.47e+02  -6.0 1.00e+02    -  2.63e-02 1.68e-03h  1
 119  1.8995385e+06 6.35e+04 1.44e+02  -6.0 6.04e+01    -  2.20e-03 1.30e-02h  1
iter    objective    inf_pr   inf_du lg(mu)  ||d||  lg(rg) alpha_du alpha_pr  ls
 120  1.8997181e+06 6.32e+04 1.43e+02  -6.0 3.28e+02    -  1.87e-04 1.83e-03h  1
 121  1.8997420e+06 6.32e+04 1.43e+02  -6.0 9.39e+01    -  1.36e-03 2.22e-04h  1
 122  1.8998675e+06 6.31e+04 1.43e+02  -6.0 4.44e+02    -  2.72e-03 1.16e-03h  1
 123  1.8998737e+06 6.30e+04 1.43e+02  -6.0 4.16e+02    -  1.46e-03 5.67e-05h  1
 124  1.9015488e+06 6.11e+04 1.41e+02  -6.0 7.46e+01    -  4.39e-04 1.55e-02h  1
 125  1.9018216e+06 6.08e+04 1.40e+02  -6.0 1.41e+02    -  3.34e-05 2.45e-03h  1
 126  1.9018247e+06 6.08e+04 1.40e+02  -6.0 9.17e+02    -  5.24e-03 2.73e-05h  1
 127  1.9019285e+06 6.07e+04 1.40e+02  -6.0 3.00e+01    -  2.60e-04 9.21e-04h  1
 128  1.9034355e+06 5.91e+04 1.38e+02  -6.0 3.41e+01    -  8.08e-04 1.36e-02h  1
 129  1.9049980e+06 5.74e+04 1.36e+02  -6.0 3.16e+01    -  1.28e-03 1.39e-02h  1
iter    objective    inf_pr   inf_du lg(mu)  ||d||  lg(rg) alpha_du alpha_pr  ls
 130r 1.9049980e+06 5.74e+04 9.99e+02   1.0 0.00e+00    -  0.00e+00 2.54e-08R  2
 131r 1.9050615e+06 5.58e+04 9.99e+02   1.0 1.12e+07    -  1.34e-08 8.99e-08f  1
 132r 1.9051253e+06 5.66e+04 9.99e+02   1.0 5.82e+04    -  1.31e-07 4.52e-06f  1
 133r 1.9053497e+06 5.62e+04 9.99e+02   1.0 1.14e+04    -  1.39e-04 1.57e-05f  1
 134r 1.9087384e+06 5.06e+04 9.99e+02   1.0 9.05e+03    -  1.68e-04 2.28e-04f  1
 135  1.9087365e+06 5.06e+04 1.58e+02  -6.0 1.44e+04    -  2.99e-05 5.78e-05h  1
 136r 1.9087365e+06 5.06e+04 9.99e+02   0.9 0.00e+00    -  0.00e+00 3.33e-07R 10
 137r 1.9087269e+06 5.06e+04 9.99e+02   0.9 6.87e+06    -  1.35e-06 1.92e-07f  1
 138r 1.9088728e+06 5.03e+04 9.98e+02   0.9 1.26e+04    -  1.43e-03 8.36e-06f  1
 139r 1.9271940e+06 2.91e+04 9.96e+02   0.9 3.04e+03    -  1.83e-03 1.24e-03f  1
iter    objective    inf_pr   inf_du lg(mu)  ||d||  lg(rg) alpha_du alpha_pr  ls
 140  1.9271712e+06 2.91e+04 1.58e+02  -6.0 1.32e+05    -  4.12e-08 4.17e-05f  1
 141  1.9270502e+06 2.91e+04 1.58e+02  -6.0 2.99e+04    -  9.17e-08 2.13e-04f  1
 142  1.9270335e+06 2.91e+04 1.58e+02  -6.0 2.91e+04    -  1.05e-06 3.63e-05f  1
 143  1.9268353e+06 2.90e+04 1.58e+02  -6.0 1.81e+04    -  3.28e-04 5.87e-04f  1
 144  1.9268324e+06 2.90e+04 1.58e+02  -6.0 3.03e+03    -  4.34e-07 4.20e-04h  1
 145  1.9268796e+06 2.89e+04 1.58e+02  -6.0 1.41e+03    -  1.89e-04 9.39e-04h  3
 146  1.9271157e+06 2.88e+04 1.57e+02  -6.0 1.10e+03    -  1.50e-03 2.90e-03h  2
 147  1.9276336e+06 2.85e+04 1.57e+02  -6.0 2.18e+02    -  7.10e-03 5.54e-03h  1
 148  1.9284590e+06 2.80e+04 1.56e+02  -6.0 1.04e+02    -  1.58e-02 8.34e-03h  1
 149  1.9303033e+06 2.70e+04 1.52e+02  -6.0 4.50e+01    -  5.39e-03 1.81e-02h  1
iter    objective    inf_pr   inf_du lg(mu)  ||d||  lg(rg) alpha_du alpha_pr  ls
 150  1.9340402e+06 2.51e+04 1.47e+02  -6.0 4.73e+01    -  3.99e-02 3.56e-02h  1
 151  1.9387409e+06 2.29e+04 1.42e+02  -6.0 2.24e+01    -  8.98e-02 4.48e-02h  1
 152  1.9422737e+06 2.13e+04 1.37e+02  -6.0 3.21e+01    -  4.82e-02 3.39e-02h  1
 153  1.9450922e+06 2.02e+04 1.34e+02  -6.0 1.76e+01    -  3.88e-02 2.74e-02h  1
 154  1.9451100e+06 2.02e+04 1.35e+02  -6.0 1.63e+01    -  5.95e-02 1.74e-04h  1
 155  1.9537559e+06 1.69e+04 1.23e+02  -6.0 1.63e+01    -  3.22e-02 8.46e-02h  1
 156  1.9576424e+06 1.55e+04 1.18e+02  -6.0 1.26e+01    -  9.31e-02 3.97e-02h  1
 157  1.9825879e+06 8.46e+03 1.93e+02  -6.0 1.14e+01    -  8.15e-02 2.60e-01h  1
 158  1.9839074e+06 8.18e+03 1.90e+02  -6.0 8.67e+00    -  3.94e-02 1.67e-02h  1
 159  1.9842711e+06 8.10e+03 1.89e+02  -6.0 8.56e+00    -  2.38e-02 4.64e-03h  1
iter    objective    inf_pr   inf_du lg(mu)  ||d||  lg(rg) alpha_du alpha_pr  ls
 160  1.9862164e+06 7.70e+03 1.85e+02  -6.0 8.52e+00    -  7.42e-03 2.49e-02h  1
 161  1.9893953e+06 7.07e+03 1.80e+02  -6.0 8.37e+00    -  2.24e-02 4.16e-02h  1
 162  1.9912683e+06 6.71e+03 1.76e+02  -6.0 8.13e+00    -  5.84e-02 2.54e-02h  1
 163  1.9960400e+06 5.85e+03 1.69e+02  -6.0 7.95e+00    -  3.16e-02 6.60e-02h  1
 164  2.0003056e+06 5.14e+03 1.61e+02  -6.0 1.49e+01    -  2.86e-03 6.24e-02h  1
 165  2.0078538e+06 4.01e+03 1.53e+02  -6.0 7.21e+00    -  2.40e-02 1.17e-01h  1
 166  2.0094741e+06 3.78e+03 1.49e+02  -6.0 6.55e+00    -  7.18e-03 2.78e-02h  1
 167  2.0106878e+06 3.62e+03 1.46e+02  -6.0 6.40e+00    -  1.28e-02 2.14e-02h  1
 168  2.0121880e+06 3.43e+03 1.43e+02  -6.0 6.27e+00    -  1.88e-02 2.69e-02h  1
 169  2.0139944e+06 3.20e+03 1.38e+02  -6.0 6.13e+00    -  4.02e-02 3.32e-02h  1
iter    objective    inf_pr   inf_du lg(mu)  ||d||  lg(rg) alpha_du alpha_pr  ls
 170  2.0175247e+06 2.79e+03 1.32e+02  -6.0 5.98e+00    -  1.20e-01 6.67e-02h  1
 171  2.0256694e+06 1.94e+03 1.21e+02  -6.0 6.33e+00    -  6.99e-02 1.64e-01h  1
 172  2.0346747e+06 1.19e+03 1.08e+02  -6.0 4.87e+00    -  7.69e-02 2.12e-01h  1
 173  2.0379079e+06 9.74e+02 9.98e+01  -6.0 3.99e+00    -  1.23e-03 9.43e-02h  1
 174  2.0407133e+06 8.02e+02 1.14e+02  -6.0 3.61e+00    -  5.17e-03 8.96e-02h  1
 175  2.0423006e+06 7.12e+02 9.55e+01  -6.0 3.71e+00    -  8.82e-02 5.53e-02h  1
 176  2.0484579e+06 4.15e+02 9.37e+01  -6.0 3.15e+00    -  1.63e-01 2.26e-01h  1
 177  2.0513020e+06 3.01e+02 7.76e+01  -6.0 2.39e+00    -  2.64e-02 1.38e-01h  1
 178  2.0524106e+06 2.61e+02 7.63e+01  -6.0 1.98e+00    -  2.00e-01 6.17e-02h  1
 179  2.0561262e+06 1.47e+02 5.81e+01  -6.0 1.57e+00    -  1.47e-01 2.20e-01h  1
iter    objective    inf_pr   inf_du lg(mu)  ||d||  lg(rg) alpha_du alpha_pr  ls
 180  2.0583955e+06 9.22e+01 4.78e+01  -6.0 1.99e+00    -  1.37e-01 1.70e-01h  1
 181  2.0621143e+06 2.45e+01 3.21e+01  -6.0 1.61e+00  -3.9 3.66e-01 3.33e-01h  1
 182  2.0640240e+06 5.33e+00 2.52e+01  -6.0 1.03e+00    -  7.18e-02 2.54e-01h  1
 183  2.0651565e+06 4.26e+00 1.85e+01  -6.0 8.32e-01    -  4.62e-01 2.00e-01h  1
 184  2.0670460e+06 2.48e+00 2.13e+01  -6.0 7.24e-01    -  3.75e-02 4.16e-01h  1
 185  2.0671789e+06 2.36e+00 1.38e+01  -6.0 4.56e-01    -  3.97e-01 4.98e-02h  1
 186  2.0674494e+06 2.11e+00 1.33e+01  -6.0 3.52e-01    -  5.38e-02 1.07e-01h  1
 187  2.0676253e+06 1.95e+00 1.13e+01  -6.0 3.35e-01    -  7.88e-01 7.75e-02h  1
 188  2.0693209e+06 3.73e-01 6.40e+00  -6.0 3.74e-01    -  2.98e-01 8.09e-01h  1
 189  2.0697061e+06 2.20e-02 1.08e+01  -6.0 1.56e-01    -  2.39e-01 9.41e-01h  1
iter    objective    inf_pr   inf_du lg(mu)  ||d||  lg(rg) alpha_du alpha_pr  ls
 190  2.0697237e+06 5.99e-03 2.55e-01  -6.0 1.72e-02    -  1.00e+00 7.28e-01h  1
 191  2.0697302e+06 8.09e-06 5.07e-05  -6.0 1.05e-02    -  1.00e+00 1.00e+00h  1
 192  2.0697302e+06 7.08e-09 5.79e-08  -6.0 1.56e-04    -  1.00e+00 1.00e+00h  1
 193  2.0697302e+06 8.18e-08 3.29e-02  -7.2 2.10e-03    -  1.00e+00 9.67e-01h  1
 194  2.0697301e+06 3.35e-09 2.38e-08  -7.2 7.38e-05    -  1.00e+00 1.00e+00f  1

Number of Iterations....: 194

                                   (scaled)                 (unscaled)
Objective...............:   1.4993743207152720e+04    2.0697301498869036e+06
Dual infeasibility......:   2.3837839438527092e-08    3.2905655587422707e-06
Constraint violation....:   3.3468053883822790e-09    3.3468053883822790e-09
Variable bound violation:   2.6858604584845125e-07    2.6858604584845125e-07
Complementarity.........:   7.0953223142562569e-08    9.7943537608246261e-06
Overall NLP error.......:   7.0953223142562569e-08    9.7943537608246261e-06


Number of objective function evaluations             = 258
Number of objective gradient evaluations             = 180
Number of equality constraint evaluations            = 258
Number of inequality constraint evaluations          = 259
Number of equality constraint Jacobian evaluations   = 201
Number of inequality constraint Jacobian evaluations = 201
Number of Lagrangian Hessian evaluations             = 194
Total seconds in IPOPT                               = 41.182

EXIT: Optimal Solution Found.

