Solver command line: ['/opt/homebrew/bin/ipopt', '/var/folders/6y/bvynbx6n3zv7z3lwg6vd724r0000gn/T/tmpviekn4pk.pyomo.nl', '-AMPL', 'tol=1e-06', 'max_iter=300', 'print_level=5', 'warm_start_init_point=yes', 'warm_start_bound_push=1e-06', 'warm_start_bound_frac=1e-06', 'warm_start_mult_bound_push=1e-06', 'mu_init=1e-06', 'least_square_init_duals=no']

Ipopt 3.14.19: tol=1e-06
max_iter=300
print_level=5
warm_start_init_point=yes
warm_start_bound_push=1e-06
warm_start_bound_frac=1e-06
warm_start_mult_bound_push=1e-06
mu_init=1e-06
least_square_init_duals=no


******************************************************************************
This program contains Ipopt, a library for large-scale nonlinear optimization.
 Ipopt is released as open source code under the Eclipse Public License (EPL).
         For more information visit https://github.com/coin-or/Ipopt
******************************************************************************

This is Ipopt version 3.14.19, running with linear solver MUMPS 5.6.2.

Number of nonzeros in equality constraint Jacobian...:    91135
Number of nonzeros in inequality constraint Jacobian.:    72000
Number of nonzeros in Lagrangian Hessian.............:    51664

Total number of variables............................:    13678
                     variables with only lower bounds:        0
                variables with lower and upper bounds:    13678
                     variables with only upper bounds:        0
Total number of equality constraints.................:    12937
Total number of inequality constraints...............:    18000
        inequality constraints with only lower bounds:        0
   inequality constraints with lower and upper bounds:        0
        inequality constraints with only upper bounds:    18000

iter    objective    inf_pr   inf_du lg(mu)  ||d||  lg(rg) alpha_du alpha_pr  ls
   0  2.0697294e+06 3.41e+05 9.01e+03  -6.0 0.00e+00    -  0.00e+00 0.00e+00   0
   1  2.0692593e+06 3.36e+05 8.94e+03  -6.0 2.04e+01   0.0 5.14e-04 7.26e-03f  1
   2  2.0691826e+06 3.35e+05 8.93e+03  -6.0 1.94e+01  -0.5 5.34e-03 1.08e-03h  1
   3  2.0690041e+06 3.33e+05 8.91e+03  -6.0 1.98e+01  -0.1 9.89e-03 2.84e-03h  1
   4  2.0689808e+06 3.33e+05 8.90e+03  -6.0 1.94e+01  -0.5 1.19e-02 3.14e-04h  1
   5  2.0688907e+06 3.32e+05 8.89e+03  -6.0 1.96e+01  -0.1 3.88e-03 1.45e-03h  1
   6  2.0681873e+06 3.26e+05 8.81e+03  -6.0 1.94e+01  -0.6 5.80e-03 9.10e-03f  1
   7  2.0681872e+06 3.26e+05 8.81e+03  -6.0 1.90e+01  -0.2 2.84e-02 6.88e-07h  1
   8  2.0675608e+06 3.21e+05 8.74e+03  -6.0 1.91e+01  -0.6 3.34e-03 7.67e-03f  1
   9  2.0673555e+06 3.19e+05 8.71e+03  -6.0 1.87e+01  -0.2 9.34e-03 3.48e-03h  1
iter    objective    inf_pr   inf_du lg(mu)  ||d||  lg(rg) alpha_du alpha_pr  ls
  10  2.0664228e+06 3.11e+05 8.61e+03  -6.0 1.93e+01  -0.7 4.08e-03 1.19e-02f  1
  11  2.0664200e+06 3.11e+05 8.61e+03  -6.0 1.91e+01  -0.3 3.18e-03 5.17e-05h  1
  12  2.0661952e+06 3.09e+05 8.58e+03  -6.0 3.00e+01  -0.7 4.99e-06 3.00e-03h  1
  13  2.0661939e+06 3.09e+05 8.58e+03  -6.0 2.03e+01  -0.3 7.01e-03 2.27e-05h  1
  14  2.0661820e+06 3.09e+05 8.58e+03  -6.0 3.34e+01  -0.8 4.13e-03 1.81e-04h  1
  15  2.0660842e+06 3.08e+05 8.56e+03  -6.0 2.04e+01  -0.4 3.36e-04 2.03e-03h  1
  16  2.0658108e+06 3.06e+05 8.53e+03  -6.0 3.90e+01  -0.8 1.89e-03 3.95e-03h  1
  17r 2.0658108e+06 3.06e+05 9.99e+02   1.5 0.00e+00  -0.4 0.00e+00 4.27e-09R  4
  18r 2.0656570e+06 3.06e+05 9.99e+02   1.5 6.97e+06    -  8.86e-08 2.76e-07f  1
  19r 2.0643216e+06 3.05e+05 9.99e+02   0.8 1.37e+05    -  1.20e-04 1.63e-05f  1
iter    objective    inf_pr   inf_du lg(mu)  ||d||  lg(rg) alpha_du alpha_pr  ls
  20r 2.0491032e+06 2.99e+05 9.99e+02   0.8 3.97e+04    -  3.64e-05 1.51e-04f  1
  21  2.0479757e+06 2.99e+05 1.16e+02  -6.0 1.06e+07    -  1.47e-07 5.14e-08f  1
  22  2.0452758e+06 2.99e+05 1.16e+02  -6.0 8.83e+06    -  2.25e-07 3.53e-07f  1
  23  2.0450299e+06 2.98e+05 1.17e+02  -6.0 4.71e+01  -0.9 7.36e-07 2.31e-03f  1
  24  2.0447398e+06 2.97e+05 1.16e+02  -6.0 6.92e+01  -1.4 3.11e-03 1.17e-03f  1
  25  2.0446628e+06 2.97e+05 1.15e+02  -6.0 1.81e+02  -1.8 2.10e-03 1.47e-04f  1
  26  2.0446539e+06 2.97e+05 1.15e+02  -6.0 7.11e+01  -1.4 1.13e-03 3.58e-05h  1
  27  2.0445233e+06 2.97e+05 1.14e+02  -6.0 1.94e+02  -1.9 3.06e-03 2.29e-04f  1
  28  2.0443652e+06 2.96e+05 1.13e+02  -6.0 8.01e+01  -1.5 1.94e-03 5.95e-04f  1
  29  2.0442617e+06 2.96e+05 1.12e+02  -6.0 1.83e+02  -1.9 3.85e-03 2.23e-04f  1
iter    objective    inf_pr   inf_du lg(mu)  ||d||  lg(rg) alpha_du alpha_pr  ls
  30  2.0442597e+06 2.96e+05 1.12e+02  -6.0 2.19e+02  -1.5 2.18e-03 6.92e-06h  1
  31  2.0436218e+06 2.96e+05 1.12e+02  -6.0 3.94e+02  -2.0 2.09e-03 1.25e-03f  1
  32  2.0434664e+06 2.95e+05 1.16e+02  -6.0 2.91e+02  -1.6 3.77e-03 6.02e-04f  1
  33  2.0433374e+06 2.95e+05 1.80e+02  -6.0 4.94e+02  -2.0 3.94e-03 2.78e-04f  1
  34  2.0432305e+06 2.95e+05 1.91e+02  -6.0 3.72e+02  -1.6 7.62e-04 4.16e-04f  1
  35  2.0431115e+06 2.95e+05 2.72e+02  -6.0 4.38e+02  -2.1 4.18e-03 2.54e-04f  1
  36  2.0428425e+06 2.94e+05 2.70e+02  -6.0 8.57e+02  -2.6 2.49e-04 3.45e-04f  1
  37  2.0425824e+06 2.94e+05 4.21e+02  -6.0 3.58e+02  -2.1 6.95e-03 5.11e-04f  1
  38  2.0425323e+06 2.94e+05 4.26e+02  -6.0 6.06e+02  -2.6 3.13e-04 6.25e-05f  1
  39  2.0423393e+06 2.94e+05 4.26e+02  -6.0 2.59e+02  -2.2 4.17e-04 3.75e-04f  1
iter    objective    inf_pr   inf_du lg(mu)  ||d||  lg(rg) alpha_du alpha_pr  ls
  40  2.0422242e+06 2.94e+05 4.28e+02  -6.0 5.84e+02  -2.7 2.43e-04 1.44e-04f  1
  41  2.0421260e+06 2.94e+05 4.43e+02  -6.0 2.75e+02  -2.2 7.98e-04 1.92e-04f  1
  42  2.0418785e+06 2.93e+05 4.55e+02  -6.0 3.91e+02  -2.7 1.01e-03 3.55e-04f  1
  43  2.0418724e+06 2.93e+05 5.12e+02  -6.0 2.90e+02  -2.3 1.89e-03 1.40e-05h  1
  44  2.0417369e+06 2.93e+05 5.26e+02  -6.0 6.22e+02  -2.8 5.68e-04 2.13e-04f  1
  45  2.0415010e+06 2.93e+05 6.60e+02  -6.0 4.74e+02  -2.4 2.71e-03 4.93e-04f  1
  46  2.0409683e+06 2.92e+05 6.66e+02  -6.0 8.30e+02  -2.8 1.03e-03 8.83e-04f  1
  47  2.0408633e+06 2.92e+05 6.98e+02  -6.0 6.37e+02  -2.4 5.99e-04 2.46e-04f  1
  48  2.0405606e+06 2.92e+05 9.18e+02  -6.0 9.79e+02  -2.9 3.62e-03 5.00e-04f  1
  49  2.0404222e+06 2.92e+05 8.93e+02  -6.0 7.54e+02  -2.5 5.30e-05 2.75e-04f  1
iter    objective    inf_pr   inf_du lg(mu)  ||d||  lg(rg) alpha_du alpha_pr  ls
  50r 2.0404222e+06 2.92e+05 1.00e+03   1.4 0.00e+00  -2.0 0.00e+00 3.21e-07R  3
  51r 2.0395087e+06 2.92e+05 1.04e+04   1.4 5.35e+04    -  4.59e-09 1.89e-05f  1
  52r 2.0381226e+06 2.91e+05 1.04e+04   1.4 2.49e+04    -  1.72e-05 2.31e-05f  1
  53r 2.0323976e+06 2.86e+05 1.04e+04   1.4 2.24e+04    -  7.27e-05 9.55e-05f  1
  54r 2.0031240e+06 2.55e+05 1.04e+04   1.4 2.64e+04    -  9.47e-05 5.00e-04f  1
  55r 1.9991507e+06 2.49e+05 1.04e+04   1.4 6.52e+04    -  2.99e-04 7.38e-05f  1
  56r 1.9717552e+06 2.30e+05 1.04e+04   1.4 5.68e+04    -  1.08e-03 3.27e-04f  1
  57  1.9717525e+06 2.29e+05 9.98e+01  -6.0 1.37e+02    -  2.43e-03 7.31e-05h  1
  58  1.9717291e+06 2.29e+05 9.96e+01  -6.0 1.67e+02    -  2.36e-03 1.01e-03h  1
  59  1.9717129e+06 2.29e+05 1.35e+02  -6.0 1.82e+02    -  2.65e-03 6.60e-04h  1
iter    objective    inf_pr   inf_du lg(mu)  ||d||  lg(rg) alpha_du alpha_pr  ls
  60  1.9716294e+06 2.27e+05 9.92e+01  -6.0 1.91e+02    -  1.02e-03 4.58e-03h  1
  61  1.9716845e+06 2.25e+05 1.19e+02  -6.0 1.36e+02    -  8.09e-03 3.69e-03h  1
  62  1.9716654e+06 2.25e+05 8.05e+02  -6.0 5.75e+02    -  6.04e-03 2.88e-04h  1
  63r 1.9716654e+06 2.25e+05 9.99e+02   1.3 0.00e+00    -  0.00e+00 9.90e-09R  3
  64r 1.9714547e+06 2.25e+05 9.99e+02   1.3 7.93e+05    -  3.18e-06 1.51e-07f  1
  65r 1.9721474e+06 2.20e+05 1.01e+03   1.3 2.17e+04    -  9.89e-04 1.00e-04f  1
  66r 1.9314735e+06 1.63e+05 3.18e+03   1.3 1.01e+04    -  1.64e-04 1.54e-03f  1
  67  1.9314659e+06 1.63e+05 3.32e+02  -6.0 2.72e+02    -  1.72e-04 2.37e-05h  1
  68  1.9313302e+06 1.62e+05 4.90e+02  -6.0 2.74e+02    -  2.25e-03 4.56e-04f  1
  69  1.9309592e+06 1.62e+05 5.91e+02  -6.0 2.68e+02    -  2.38e-03 1.33e-03f  1
iter    objective    inf_pr   inf_du lg(mu)  ||d||  lg(rg) alpha_du alpha_pr  ls
  70  1.9304752e+06 1.61e+05 5.75e+02  -6.0 1.51e+02    -  1.64e-04 1.43e-03f  1
  71r 1.9304752e+06 1.61e+05 9.99e+02   0.9 0.00e+00    -  0.00e+00 4.42e-10R  2
  72r 1.9304750e+06 1.61e+05 9.99e+02   0.9 2.74e+06    -  6.72e-08 3.65e-10f  1
  73r 1.9285590e+06 1.55e+05 9.99e+02   0.9 1.54e+04    -  1.09e-03 1.00e-04f  1
  74r 1.7734183e+06 7.08e+04 6.12e+03   0.9 1.20e+04    -  1.55e-04 2.02e-03f  1
  75r 1.7406988e+06 6.29e+04 6.14e+03   0.9 2.55e+04    -  4.03e-04 2.76e-04f  1
  76r 1.5255080e+06 2.16e+04 6.58e+03   0.9 1.55e+04    -  2.78e-04 1.99e-03f  1
  77r 1.5124010e+06 9.11e+03 6.58e+03   0.9 1.63e+04    -  5.39e-04 5.78e-04f  1
  78r 1.4800910e+06 3.37e+03 6.61e+03   0.9 1.23e+04    -  8.59e-04 2.04e-03f  1
  79r 1.4699588e+06 2.00e+03 6.61e+03   0.9 9.00e+03    -  3.16e-03 3.14e-03f  1
iter    objective    inf_pr   inf_du lg(mu)  ||d||  lg(rg) alpha_du alpha_pr  ls
  80r 1.4715597e+06 1.06e+03 6.57e+03   0.9 4.35e+03    -  2.08e-03 5.01e-03f  1
  81r 1.4465973e+06 5.00e+02 6.52e+03   0.9 2.07e+03    -  2.21e-03 6.88e-03f  1
  82r 1.4528061e+06 2.48e+02 6.46e+03   0.9 1.16e+03    -  6.83e-03 7.67e-03f  1
  83r 1.4471285e+06 2.46e+02 6.47e+03   0.9 8.38e+04    -  2.10e-04 2.42e-04f  1
  84r 1.4687642e+06 1.04e+02 6.43e+03   0.9 4.03e+02    -  1.06e-02 1.19e-02f  1
  85r 1.5026635e+06 4.50e+01 6.43e+03   0.9 2.70e+02    -  2.58e-02 1.92e-02f  1
  86r 1.5508633e+06 2.11e+01 6.43e+03   0.9 3.00e+02    -  1.29e-02 2.79e-02f  1
  87r 1.5987484e+06 1.76e+01 6.10e+03   0.9 1.36e+01   0.0 1.24e-01 5.65e-02f  1
  88r 1.6288225e+06 1.69e+01 5.31e+03   0.9 1.74e+01  -0.5 2.39e-01 1.70e-01f  1
  89r 1.6327759e+06 1.61e+01 4.77e+03   0.9 2.66e+01  -1.0 1.94e-01 1.14e-01f  1
iter    objective    inf_pr   inf_du lg(mu)  ||d||  lg(rg) alpha_du alpha_pr  ls
  90r 1.6437824e+06 1.40e+01 6.38e+03   0.9 3.78e+01  -1.4 3.74e-01 1.95e-01f  1
  91r 1.6536572e+06 1.24e+01 5.54e+03   0.9 6.19e+01  -1.9 5.13e-01 1.32e-01f  1
  92r 1.7297750e+06 1.14e+01 1.59e+04   0.9 3.94e+01    -  9.51e-01 6.01e-01f  1
  93r 1.7627701e+06 1.14e+01 1.30e+04   0.9 5.02e+01    -  1.00e+00 2.76e-01f  1
  94r 1.8292474e+06 1.49e+01 7.05e+03   0.9 3.24e+01    -  1.00e+00 1.00e+00f  1
  95r 1.8329575e+06 1.95e+01 1.03e+02   0.9 3.20e+01    -  9.96e-01 1.00e+00f  1
  96  1.8247896e+06 1.95e+01 7.63e+02  -6.0 1.83e+02    -  4.23e-03 3.76e-03f  1
  97  1.8247885e+06 1.95e+01 7.61e+02  -6.0 1.82e+02    -  2.69e-03 5.19e-07f  1
  98  1.8149792e+06 1.94e+01 7.26e+02  -6.0 1.82e+02    -  4.17e-02 4.85e-03f  1
  99  1.6958963e+06 1.79e+01 4.05e+03  -6.0 1.81e+02    -  5.99e-02 7.73e-02f  1
iter    objective    inf_pr   inf_du lg(mu)  ||d||  lg(rg) alpha_du alpha_pr  ls
 100  1.6952757e+06 1.74e+01 4.08e+03  -6.0 1.15e+02    -  8.53e-02 2.63e-02f  1
 101  1.6981902e+06 1.71e+01 4.03e+03  -6.0 1.17e+02    -  2.88e-01 1.93e-02h  4
 102  1.7001051e+06 1.70e+01 4.01e+03  -6.0 6.87e+01  -2.5 4.31e-02 5.80e-03h  4
 103  1.7043643e+06 1.69e+01 4.03e+03  -6.0 4.09e+01  -0.3 3.30e-02 6.65e-03h  3
 104  1.7135975e+06 1.66e+01 4.09e+03  -6.0 5.35e+01  -0.8 1.52e-02 1.49e-02h  1
 105  1.7181904e+06 1.63e+01 4.00e+03  -6.0 1.39e+02    -  7.22e-02 2.06e-02h  4
 106  1.7211679e+06 1.61e+01 3.95e+03  -6.0 1.39e+02    -  1.58e-07 1.33e-02h  1
 107  1.7242415e+06 1.58e+01 3.90e+03  -6.0 1.37e+02    -  8.28e-02 1.33e-02h  4
 108  1.7292342e+06 1.55e+01 3.81e+03  -6.0 1.38e+02    -  1.20e-01 2.15e-02h  3
 109  1.7338891e+06 1.52e+01 3.74e+03  -6.0 1.38e+02    -  6.51e-02 2.00e-02h  4
iter    objective    inf_pr   inf_du lg(mu)  ||d||  lg(rg) alpha_du alpha_pr  ls
 110  1.7382535e+06 1.49e+01 3.66e+03  -6.0 1.38e+02    -  2.10e-02 1.94e-02h  1
 111  1.7414298e+06 1.47e+01 3.61e+03  -6.0 1.35e+02    -  2.71e-01 1.37e-02h  5
 112  1.7462094e+06 1.44e+01 3.53e+03  -6.0 1.40e+02    -  1.69e-01 2.17e-02h  5
 113  1.7486932e+06 1.42e+01 3.48e+03  -6.0 1.64e+02    -  2.11e-01 1.18e-02h  5
 114  1.7520789e+06 1.40e+01 3.42e+03  -6.0 1.87e+02    -  4.54e-02 1.70e-02h  2
 115  1.7557212e+06 1.37e+01 3.35e+03  -6.0 1.83e+02    -  1.03e-01 1.85e-02h  1
 116  1.7584851e+06 1.35e+01 3.30e+03  -6.0 1.77e+02    -  6.39e-02 1.41e-02h  4
 117  1.7615645e+06 1.33e+01 3.24e+03  -6.0 1.65e+02    -  1.81e-01 1.58e-02h  3
 118  1.7640560e+06 1.31e+01 3.19e+03  -6.0 1.40e+02    -  3.03e-01 1.30e-02h  5
 119  1.7666336e+06 1.29e+01 3.15e+03  -6.0 1.17e+02    -  1.55e-01 1.38e-02h  5
iter    objective    inf_pr   inf_du lg(mu)  ||d||  lg(rg) alpha_du alpha_pr  ls
 120  1.7691033e+06 1.28e+01 3.10e+03  -6.0 1.11e+02    -  3.08e-02 1.33e-02h  5
 121  1.7712703e+06 1.26e+01 3.06e+03  -6.0 1.09e+02    -  6.49e-02 1.18e-02h  5
 122  1.7732569e+06 1.25e+01 3.02e+03  -6.0 1.06e+02    -  4.06e-02 1.08e-02h  5
 123  1.7752480e+06 1.24e+01 2.99e+03  -6.0 1.04e+02    -  1.29e-01 1.09e-02h  5
 124  1.7775964e+06 1.22e+01 2.95e+03  -6.0 1.08e+02    -  7.80e-02 1.28e-02h  5
 125  1.7803093e+06 1.20e+01 2.90e+03  -6.0 1.10e+02    -  1.18e-01 1.48e-02h  5
 126  1.7837791e+06 1.19e+01 2.88e+03  -6.0 4.46e+01  -1.2 2.35e-02 8.00e-03h  1
 127r 1.7837791e+06 1.19e+01 9.99e+02   0.3 0.00e+00  -1.7 0.00e+00 1.00e-07R  2
 128r 1.7824352e+06 1.21e+01 9.99e+02   0.3 4.59e+06    -  4.82e-06 1.93e-07f  1
 129r 1.7838722e+06 1.19e+01 9.86e+02   0.3 6.32e+03    -  1.31e-02 1.05e-04f  1
iter    objective    inf_pr   inf_du lg(mu)  ||d||  lg(rg) alpha_du alpha_pr  ls
 130r 1.7888692e+06 1.19e+01 9.61e+02   0.3 4.31e+02    -  1.87e-01 9.92e-03f  1
 131  1.7888679e+06 1.19e+01 4.41e+01  -6.0 6.12e+02    -  1.36e-04 9.39e-06h  1
 132  1.7889153e+06 1.19e+01 4.40e+01  -6.0 2.01e+02    -  1.52e-04 7.10e-04h  4
 133  1.7889272e+06 1.19e+01 4.40e+01  -6.0 1.97e+02    -  8.01e-04 1.75e-04h  1
 134  1.7890189e+06 1.19e+01 4.40e+01  -6.0 1.97e+02    -  1.98e-04 1.34e-03h  3
 135  1.7890922e+06 1.19e+01 4.26e+01  -6.0 1.96e+02    -  8.66e-02 1.04e-03h  3
 136  1.7892206e+06 1.19e+01 4.26e+01  -6.0 1.98e+02    -  2.80e-03 1.59e-03h  2
 137  1.7893626e+06 1.18e+01 4.24e+01  -6.0 2.01e+02    -  6.48e-03 1.70e-03h  1
 138  1.7896888e+06 1.18e+01 4.20e+01  -6.0 3.58e+02    -  2.08e-02 3.09e-03h  5
 139  1.7902689e+06 1.17e+01 4.13e+01  -6.0 3.63e+02    -  4.56e-02 5.36e-03h  3
iter    objective    inf_pr   inf_du lg(mu)  ||d||  lg(rg) alpha_du alpha_pr  ls
 140  1.7907505e+06 1.17e+01 4.09e+01  -6.0 3.75e+02    -  2.08e-02 4.25e-03h  5
 141  1.7913175e+06 1.16e+01 3.97e+01  -6.0 3.84e+02    -  7.82e-02 4.86e-03h  5
 142  1.7918091e+06 1.16e+01 3.91e+01  -6.0 4.16e+02    -  4.01e-02 3.93e-03h  6
 143  1.7924383e+06 1.15e+01 3.71e+01  -6.0 4.22e+02    -  1.67e-01 4.86e-03h  6
 144  1.7934575e+06 1.14e+01 3.64e+01  -6.0 4.29e+02    -  5.11e-02 7.13e-03h  4
 145  1.7946585e+06 1.14e+01 3.55e+01  -6.0 3.98e+02    -  7.86e-02 8.08e-03h  4
 146  1.7955137e+06 1.13e+01 3.52e+01  -6.0 3.51e+02    -  1.25e-01 5.48e-03h  5
 147  1.7971910e+06 1.12e+01 3.70e+01  -6.0 2.90e+02    -  7.72e-02 1.01e-02h  1
 148  1.7988766e+06 1.11e+01 4.39e+01  -6.0 2.45e+02    -  2.17e-01 9.84e-03h  4
 149  1.8001279e+06 1.10e+01 4.39e+01  -6.0 1.67e+02    -  1.60e-02 6.97e-03h  3
iter    objective    inf_pr   inf_du lg(mu)  ||d||  lg(rg) alpha_du alpha_pr  ls
 150  1.8021754e+06 1.09e+01 5.08e+01  -6.0 1.60e+02    -  2.12e-01 1.13e-02h  2
 151  1.8040080e+06 1.08e+01 5.71e+01  -6.0 1.37e+02    -  1.96e-01 9.56e-03h  4
 152  1.8068900e+06 1.06e+01 6.18e+01  -6.0 1.25e+02    -  1.74e-01 1.46e-02h  5
 153  1.8094409e+06 1.05e+01 6.38e+01  -6.0 1.19e+02    -  9.63e-02 1.27e-02h  5
 154  1.8120972e+06 1.03e+01 7.00e+01  -6.0 1.16e+02    -  2.36e-01 1.31e-02h  4
 155  1.8152561e+06 1.02e+01 7.16e+01  -6.0 1.12e+02    -  1.08e-01 1.54e-02h  4
 156  1.8185272e+06 1.00e+01 7.77e+01  -6.0 1.12e+02    -  2.68e-01 1.59e-02h  4
 157  1.8217095e+06 9.86e+00 8.28e+01  -6.0 1.14e+02    -  2.63e-01 1.53e-02h  4
 158  1.8466584e+06 8.68e+00 7.81e+01  -6.0 1.15e+02    -  3.43e-01 1.19e-01w  1
 159  1.8855445e+06 6.92e+00 6.06e+01  -6.0 1.12e+02    -  1.27e-01 2.01e-01w  1
iter    objective    inf_pr   inf_du lg(mu)  ||d||  lg(rg) alpha_du alpha_pr  ls
 160  1.8958985e+06 6.47e+00 6.32e+01  -6.0 9.59e+01    -  2.85e-01 6.46e-02w  1
 161  1.8248281e+06 9.71e+00 8.91e+01  -6.0 9.03e+01    -  3.43e-01 1.49e-02h  3
 162  1.8289742e+06 9.52e+00 9.23e+01  -6.0 1.17e+02    -  2.71e-01 1.96e-02h  4
 163  1.8342866e+06 9.28e+00 9.35e+01  -6.0 1.17e+02    -  2.19e-01 2.52e-02h  4
 164  1.8383164e+06 9.10e+00 9.75e+01  -6.0 1.16e+02    -  3.54e-01 1.94e-02h  4
 165  1.8431122e+06 8.89e+00 9.66e+01  -6.0 1.15e+02    -  1.13e-01 2.32e-02h  3
 166  1.8465133e+06 8.74e+00 9.88e+01  -6.0 1.12e+02    -  2.60e-01 1.67e-02h  3
 167  1.8512760e+06 8.53e+00 9.87e+01  -6.0 1.06e+02    -  1.75e-01 2.35e-02h  2
 168  1.8566614e+06 8.30e+00 1.01e+02  -6.0 9.94e+01    -  3.85e-01 2.70e-02h  1
 169  1.8612221e+06 8.11e+00 1.01e+02  -6.0 1.90e+02    -  1.96e-01 2.30e-02h  4
iter    objective    inf_pr   inf_du lg(mu)  ||d||  lg(rg) alpha_du alpha_pr  ls
 170  1.8656570e+06 7.93e+00 1.01e+02  -6.0 2.18e+02    -  2.52e-01 2.27e-02h  4
 171  1.8694850e+06 7.77e+00 1.01e+02  -6.0 2.36e+02    -  3.26e-01 1.99e-02h  4
 172  1.8727096e+06 7.66e+00 1.00e+02  -6.0 3.87e+01  -2.2 3.95e-02 1.41e-02h  2
 173  1.8761858e+06 7.52e+00 1.01e+02  -6.0 2.47e+02    -  3.10e-01 1.88e-02h  3
 174  1.8796844e+06 7.37e+00 1.02e+02  -6.0 2.69e+02    -  4.62e-01 1.91e-02h  3
 175  1.8864087e+06 7.12e+00 9.83e+01  -6.0 3.44e+01  -2.7 3.82e-02 3.38e-02h  1
 176  1.8958753e+06 6.75e+00 9.32e+01  -6.0 4.74e+01  -3.1 1.97e-01 5.22e-02h  1
 177  1.8975500e+06 6.68e+00 9.24e+01  -6.0 5.68e+01  -3.6 5.27e-02 1.00e-02h  1
 178  1.9027599e+06 6.48e+00 8.97e+01  -6.0 4.73e+01  -3.2 9.78e-02 3.05e-02h  1
 179  1.9094131e+06 6.23e+00 8.63e+01  -6.0 3.33e+01  -2.8 2.16e-02 3.82e-02h  1
iter    objective    inf_pr   inf_du lg(mu)  ||d||  lg(rg) alpha_du alpha_pr  ls
 180  1.9101755e+06 6.20e+00 8.69e+01  -6.0 4.79e+01  -3.2 3.28e-01 4.85e-03h  1
 181  1.9135640e+06 6.07e+00 8.56e+01  -6.0 3.63e+01  -2.8 1.78e-01 2.08e-02h  1
 182  1.9195447e+06 5.86e+00 8.33e+01  -6.0 2.91e+01  -2.4 1.18e-01 3.53e-02h  1
 183  1.9272497e+06 5.56e+00 7.95e+01  -6.0 4.16e+01  -2.9 1.23e-01 5.17e-02h  1
 184  1.9350752e+06 5.27e+00 7.59e+01  -6.0 2.65e+01  -2.4 9.96e-02 5.13e-02h  1
 185  1.9361087e+06 5.23e+00 7.60e+01  -6.0 4.32e+01  -2.9 1.79e-01 7.84e-03h  1
 186  1.9371814e+06 5.19e+00 7.55e+01  -6.0 2.65e+01  -2.5 1.27e-02 7.57e-03h  1
 187  1.9420798e+06 4.99e+00 7.32e+01  -6.0 4.52e+01  -3.0 3.70e-01 3.79e-02h  1
 188  1.9472099e+06 4.80e+00 7.04e+01  -6.0 2.82e+01  -2.5 2.77e-02 3.81e-02h  1
 189  1.9502307e+06 4.70e+00 6.93e+01  -6.0 2.17e+01  -2.1 1.05e-01 2.14e-02h  1
iter    objective    inf_pr   inf_du lg(mu)  ||d||  lg(rg) alpha_du alpha_pr  ls
 190  1.9531760e+06 4.59e+00 6.83e+01  -6.0 3.12e+01  -2.6 2.59e-01 2.40e-02h  1
 191  1.9613273e+06 4.31e+00 6.41e+01  -6.0 2.02e+01  -2.2 5.36e-02 6.11e-02h  1
 192  1.9638048e+06 4.21e+00 6.27e+01  -6.0 3.37e+01  -2.6 5.31e-02 2.26e-02h  1
 193  1.9650083e+06 4.17e+00 6.16e+01  -6.0 1.97e+01  -2.2 1.64e-01 1.00e-02h  1
 194  1.9711606e+06 3.92e+00 6.40e+01  -6.0 3.70e+01  -2.7 1.23e-01 5.96e-02h  1
 195  1.9864060e+06 3.37e+00 1.17e+02  -6.0 2.03e+01  -2.3 2.26e-01 1.40e-01h  1
 196  1.9958344e+06 2.97e+00 1.08e+02  -6.0 3.92e+01  -2.7 7.46e-03 1.19e-01h  3
 197  1.9962299e+06 2.96e+00 1.08e+02  -6.0 2.02e+01  -2.3 2.79e-01 5.02e-03h  1
 198  2.0026957e+06 2.67e+00 9.59e+01  -6.0 4.08e+01  -2.8 9.41e-02 9.60e-02h  3
 199  2.0095750e+06 2.41e+00 9.85e+01  -6.0 2.15e+01  -2.4 2.59e-01 9.90e-02h  1
iter    objective    inf_pr   inf_du lg(mu)  ||d||  lg(rg) alpha_du alpha_pr  ls
 200  2.0162142e+06 2.11e+00 7.42e+01  -6.0 3.98e+01  -2.8 1.14e-03 1.23e-01h  2
 201  2.0181049e+06 2.02e+00 7.03e+01  -6.0 6.06e+01  -3.3 1.99e-01 4.51e-02h  2
 202  2.0211545e+06 1.88e+00 6.53e+01  -6.0 3.32e+01  -2.9 1.03e-02 6.51e-02h  1
 203  2.0239704e+06 1.75e+00 6.02e+01  -6.0 6.19e+01  -3.4 6.42e-02 7.01e-02h  1
 204  2.0262132e+06 1.66e+00 5.67e+01  -6.0 2.93e+01  -2.9 8.85e-02 5.41e-02h  1
 205  2.0280154e+06 1.58e+00 5.34e+01  -6.0 6.40e+01  -3.4 1.29e-01 4.85e-02h  1
 206  2.0310850e+06 1.45e+00 4.92e+01  -6.0 3.06e+01  -3.0 5.01e-03 7.99e-02h  1
 207  2.0316959e+06 1.42e+00 4.81e+01  -6.0 6.62e+01  -3.5 3.37e-02 1.81e-02h  1
 208  2.0341237e+06 1.33e+00 4.48e+01  -6.0 3.14e+01  -3.1 4.39e-02 6.95e-02h  1
 209  2.0354235e+06 1.27e+00 4.20e+01  -6.0 6.94e+01  -3.5 3.07e-01 4.15e-02h  1
iter    objective    inf_pr   inf_du lg(mu)  ||d||  lg(rg) alpha_du alpha_pr  ls
 210  2.0399013e+06 1.10e+00 3.56e+01  -6.0 3.31e+01  -3.1 2.00e-01 1.38e-01h  1
 211  2.0436690e+06 9.48e-01 3.31e+01  -6.0 6.09e+01  -3.6 3.13e-02 1.34e-01h  2
 212  2.0450100e+06 8.97e-01 3.23e+01  -6.0 2.99e+01  -3.2 2.32e-01 5.37e-02h  1
 213  2.0471445e+06 8.16e-01 3.24e+01  -6.0 6.12e+01  -3.6 2.10e-02 9.10e-02h  2
 214  2.0505006e+06 6.91e-01 3.37e+01  -6.0 3.22e+01  -3.2 1.07e-02 1.53e-01h  1
 215  2.0512924e+06 6.61e-01 3.28e+01  -6.0 6.47e+01  -3.7 2.68e-01 4.31e-02h  1
 216  2.0515909e+06 6.50e-01 3.23e+01  -6.0 9.83e+01  -4.2 4.34e-02 1.69e-02h  1
 217  2.0523678e+06 6.21e-01 3.14e+01  -6.0 5.73e+01  -3.7 3.16e-01 4.34e-02h  1
 218  2.0532564e+06 5.89e-01 3.05e+01  -6.0 9.39e+01  -4.2 1.15e-01 5.23e-02h  1
 219  2.0598132e+06 3.52e-01 5.46e+01  -6.0 6.08e+01  -3.8 1.88e-03 4.02e-01H  1
iter    objective    inf_pr   inf_du lg(mu)  ||d||  lg(rg) alpha_du alpha_pr  ls
 220  2.0598750e+06 3.49e-01 5.43e+01  -6.0 1.75e+02    -  2.16e-01 6.75e-03h  1
 221  2.0600199e+06 3.44e-01 5.34e+01  -6.0 1.76e+02    -  3.49e-02 1.59e-02h  1
 222  2.0602293e+06 3.36e-01 5.28e+01  -6.0 1.77e+02    -  1.71e-01 2.33e-02h  1
 223  2.0603899e+06 3.29e-01 5.24e+01  -6.0 2.16e+02    -  5.94e-02 1.92e-02h  3
 224  2.0606515e+06 3.19e-01 5.24e+01  -6.0 2.13e+02    -  2.22e-02 3.17e-02h  2
 225  2.0609511e+06 3.07e-01 5.26e+01  -6.0 2.18e+02    -  2.53e-01 3.75e-02H  1
 226  2.0609631e+06 3.07e-01 5.25e+01  -6.0 3.70e+01    -  2.24e-01 1.39e-03h  1
 227  2.0630509e+06 2.33e-01 4.38e+01  -6.0 2.97e+01    -  1.96e-01 2.40e-01h  1
 228  2.0632263e+06 2.27e-01 4.28e+01  -6.0 2.79e+01    -  4.11e-01 2.64e-02h  1
 229  2.0639890e+06 2.00e-01 4.04e+01  -6.0 2.77e+01    -  1.01e-01 1.18e-01h  1
iter    objective    inf_pr   inf_du lg(mu)  ||d||  lg(rg) alpha_du alpha_pr  ls
 230  2.0655295e+06 1.46e-01 4.11e+01  -6.0 2.67e+01    -  3.45e-01 2.70e-01h  1
 231  2.0669826e+06 9.53e-02 3.93e+01  -6.0 2.44e+01    -  4.48e-01 3.47e-01h  1
 232  2.0672730e+06 8.52e-02 3.57e+01  -6.0 2.04e+01    -  5.69e-01 1.06e-01h  1
 233  2.0682097e+06 5.26e-02 2.84e+01  -6.0 1.84e+01    -  6.53e-01 3.83e-01h  1
 234  2.0684222e+06 4.52e-02 2.48e+01  -6.0 1.44e+01    -  1.00e+00 1.40e-01h  1
 235  2.0686633e+06 3.69e-02 2.12e+01  -6.0 1.31e+01    -  1.00e+00 1.85e-01h  1
 236  2.0692800e+06 1.55e-02 1.25e+01  -6.0 1.13e+01    -  9.34e-01 5.79e-01h  1
 237  2.0695041e+06 7.77e-03 6.84e+00  -6.0 5.92e+00    -  5.73e-01 4.99e-01h  1
 238  2.0695985e+06 4.52e-03 1.31e+01  -6.0 3.18e+00    -  1.00e+00 4.18e-01h  1
 239  2.0696104e+06 4.11e-03 2.14e+01  -6.0 1.92e+00    -  1.00e+00 9.07e-02h  1
iter    objective    inf_pr   inf_du lg(mu)  ||d||  lg(rg) alpha_du alpha_pr  ls
 240  2.0697142e+06 1.29e-03 3.24e+00  -6.0 1.75e+00    -  1.00e+00 8.67e-01h  1
 241  2.0697302e+06 3.96e-04 3.22e-02  -6.0 7.59e-01    -  1.00e+00 1.00e+00h  1
 242  2.0697302e+06 1.25e-06 2.70e-08  -6.0 7.27e-02    -  1.00e+00 1.00e+00h  1
 243  2.0697302e+06 7.67e-12 3.57e-10  -6.0 1.02e-04    -  1.00e+00 1.00e+00h  1
 244  2.0697302e+06 8.20e-08 3.20e-02  -7.2 1.32e-02    -  1.00e+00 9.68e-01f  1
 245  2.0697301e+06 3.32e-09 2.36e-08  -7.2 4.50e-04    -  1.00e+00 1.00e+00f  1

Number of Iterations....: 245

                                   (scaled)                 (unscaled)
Objective...............:   1.4993743207152464e+04    2.0697301498868682e+06
Dual infeasibility......:   2.3630889787374619e-08    3.2619983139534901e-06
Constraint violation....:   3.3171790453367933e-09    3.3171790453367933e-09
Variable bound violation:   2.6858604940116493e-07    2.6858604940116493e-07
Complementarity.........:   7.0931387976824536e-08    9.7913396435204023e-06
Overall NLP error.......:   7.0931387976824536e-08    9.7913396435204023e-06


Number of objective function evaluations             = 559
Number of objective gradient evaluations             = 212
Number of equality constraint evaluations            = 559
Number of inequality constraint evaluations          = 560
Number of equality constraint Jacobian evaluations   = 251
Number of inequality constraint Jacobian evaluations = 251
Number of Lagrangian Hessian evaluations             = 245
Total seconds in IPOPT                               = 60.609

EXIT: Optimal Solution Found.

