Solver command line: ['/opt/homebrew/bin/ipopt', '/var/folders/6y/bvynbx6n3zv7z3lwg6vd724r0000gn/T/tmpj393c5k1.pyomo.nl', '-AMPL', 'tol=1e-06', 'max_iter=300', 'print_level=5']

Ipopt 3.14.19: tol=1e-06
max_iter=300
print_level=5


******************************************************************************
This program contains Ipopt, a library for large-scale nonlinear optimization.
 Ipopt is released as open source code under the Eclipse Public License (EPL).
         For more information visit https://github.com/coin-or/Ipopt
******************************************************************************

This is Ipopt version 3.14.19, running with linear solver MUMPS 5.6.2.

Number of nonzeros in equality constraint Jacobian...:    91135
Number of nonzeros in inequality constraint Jacobian.:    72000
Number of nonzeros in Lagrangian Hessian.............:    51664

Total number of variables............................:    13678
                     variables with only lower bounds:        0
                variables with lower and upper bounds:    13678
                     variables with only upper bounds:        0
Total number of equality constraints.................:    12937
Total number of inequality constraints...............:    18000
        inequality constraints with only lower bounds:        0
   inequality constraints with lower and upper bounds:        0
        inequality constraints with only upper bounds:    18000

iter    objective    inf_pr   inf_du lg(mu)  ||d||  lg(rg) alpha_du alpha_pr  ls
   0  1.8545790e+06 3.13e+05 1.00e+02  -1.0 0.00e+00    -  0.00e+00 0.00e+00   0
   1  1.8304660e+06 3.10e+05 9.98e+01  -1.0 1.20e+02    -  1.12e-03 3.53e-03f  1
   2  1.7982934e+06 3.07e+05 9.94e+01  -1.0 1.19e+02    -  3.75e-03 4.83e-03f  1
   3  1.7865480e+06 3.06e+05 9.91e+01  -1.0 1.06e+02    -  3.43e-03 1.94e-03f  1
   4  1.7797442e+06 3.06e+05 9.89e+01  -1.0 1.70e+02    -  1.80e-03 1.20e-03f  1
   5  1.7755272e+06 3.05e+05 9.89e+01  -1.0 1.86e+02    -  8.03e-04 7.72e-04f  1
   6  1.7687847e+06 3.04e+05 9.87e+01  -1.0 1.92e+02    -  1.76e-03 1.27e-03f  1
   7  1.7686464e+06 3.04e+05 1.72e+02  -1.0 1.47e+02    -  2.84e-04 2.99e-05f  1
   8  1.7647389e+06 3.04e+05 6.48e+02  -1.0 1.93e+02    -  9.41e-05 8.93e-04f  1
   9  1.7489746e+06 3.02e+05 1.32e+03  -1.0 2.29e+02    -  2.27e-04 3.27e-03f  1
iter    objective    inf_pr   inf_du lg(mu)  ||d||  lg(rg) alpha_du alpha_pr  ls
  10  1.7287783e+06 2.99e+05 1.52e+03  -1.0 2.49e+02    -  2.19e-03 4.37e-03f  1
  11  1.7226030e+06 2.98e+05 1.42e+03  -1.0 3.57e+02    -  2.73e-03 1.53e-03f  1
  12  1.7224777e+06 2.98e+05 1.22e+03  -1.0 3.51e+02    -  7.19e-04 3.77e-05f  1
  13  1.7109104e+06 2.96e+05 1.65e+03  -1.0 4.14e+02    -  6.09e-05 3.19e-03f  1
  14  1.7107829e+06 2.96e+05 1.61e+03  -1.0 4.80e+02    -  3.40e-04 3.81e-05f  1
  15  1.7038489e+06 2.95e+05 6.53e+02  -1.0 4.92e+02    -  8.92e-03 2.06e-03f  1
  16  1.6911738e+06 2.92e+05 1.08e+03  -1.0 5.28e+02    -  2.48e-03 4.61e-03f  1
  17  1.6896406e+06 2.92e+05 5.94e+02  -1.0 5.42e+02    -  1.86e-03 9.29e-04f  1
  18  1.6869606e+06 2.91e+05 1.93e+03  -1.0 6.13e+02    -  4.38e-03 2.00e-03f  1
  19  1.6861566e+06 2.90e+05 2.22e+03  -1.0 7.90e+02    -  1.73e-03 1.28e-03f  1
iter    objective    inf_pr   inf_du lg(mu)  ||d||  lg(rg) alpha_du alpha_pr  ls
  20  1.6860083e+06 2.90e+05 2.60e+03  -1.0 8.68e+02    -  1.32e-03 8.04e-04f  2
  21  1.6860636e+06 2.90e+05 5.26e+03  -1.0 9.05e+02    -  3.42e-03 3.07e-04h  3
  22  1.6863371e+06 2.89e+05 7.22e+03  -1.0 9.36e+02    -  2.08e-03 3.42e-04h  4
  23  1.6867423e+06 2.89e+05 1.12e+04  -1.0 9.56e+02    -  3.61e-03 3.58e-04h  4
  24  1.6873830e+06 2.89e+05 1.43e+04  -1.0 9.75e+02    -  2.48e-03 3.75e-04h  4
  25  1.6877646e+06 2.89e+05 1.79e+04  -1.0 1.03e+03    -  2.39e-03 2.03e-04h  5
  26  1.6882605e+06 2.89e+05 2.08e+04  -1.0 1.13e+03    -  1.84e-03 2.42e-04h  5
  27  1.6889066e+06 2.89e+05 2.70e+04  -1.0 1.22e+03    -  3.35e-03 2.75e-04h  5
  28  1.6893455e+06 2.89e+05 3.08e+04  -1.0 1.36e+03    -  1.80e-03 1.33e-04h  6
  29  1.6901442e+06 2.89e+05 3.37e+04  -1.0 1.43e+03    -  1.37e-03 2.09e-04h  5
iter    objective    inf_pr   inf_du lg(mu)  ||d||  lg(rg) alpha_du alpha_pr  ls
  30  1.7060570e+06 2.86e+05 3.06e+04  -1.0 1.51e+03    -  3.06e-03 4.17e-03w  1
  31  1.7107613e+06 2.86e+05 3.34e+04  -1.0 2.39e+03    -  2.03e-03 1.27e-03w  1
  32  1.7132009e+06 2.86e+05 3.33e+04  -1.0 2.73e+03    -  5.19e-04 5.39e-04w  1
  33  1.6906415e+06 2.88e+05 4.15e+04  -1.0 2.95e+03    -  3.06e-03 1.30e-04h  5
  34  1.6912025e+06 2.88e+05 4.52e+04  -1.0 1.61e+03    -  1.39e-03 1.44e-04h  6
  35  1.6918094e+06 2.88e+05 5.59e+04  -1.0 1.68e+03    -  3.50e-03 1.54e-04h  6
  36  1.6925637e+06 2.88e+05 5.99e+04  -1.0 1.80e+03    -  1.28e-03 1.62e-04h  6
  37  1.6932133e+06 2.88e+05 7.26e+04  -1.0 1.87e+03    -  3.44e-03 1.28e-04h  6
  38  1.6939933e+06 2.88e+05 7.47e+04  -1.0 2.00e+03    -  6.10e-04 1.40e-04h  6
  39  1.6944101e+06 2.88e+05 8.64e+04  -1.0 2.05e+03    -  2.70e-03 7.50e-05h  7
iter    objective    inf_pr   inf_du lg(mu)  ||d||  lg(rg) alpha_du alpha_pr  ls
  40  1.6948575e+06 2.88e+05 8.92e+04  -1.0 2.14e+03    -  6.46e-04 7.59e-05h  7
  41  1.6953094e+06 2.88e+05 1.01e+05  -1.0 2.18e+03    -  2.47e-03 7.51e-05h  7
  42  1.6958294e+06 2.88e+05 1.03e+05  -1.0 2.26e+03    -  3.27e-04 7.61e-05h  7
  43  1.7295874e+06 2.86e+05 8.14e+04  -1.0 2.28e+03    -  1.17e-03 4.83e-03w  1
  44  1.7315557e+06 2.85e+05 1.13e+05  -1.0 3.55e+03    -  4.16e-03 2.37e-04w  1
  45  1.7708041e+06 2.84e+05 9.80e+04  -1.0 3.89e+03    -  2.17e-03 3.65e-03w  1
  46  1.6963568e+06 2.88e+05 1.09e+05  -1.0 5.28e+03    -  1.17e-03 7.55e-05h  6
  47  1.6968123e+06 2.88e+05 1.12e+05  -1.0 2.33e+03    -  4.95e-04 6.03e-05h  7
  48  1.6973148e+06 2.88e+05 1.24e+05  -1.0 2.36e+03    -  2.18e-03 6.52e-05h  7
  49  1.6979794e+06 2.88e+05 1.28e+05  -1.0 2.42e+03    -  6.21e-04 7.69e-05h  7
iter    objective    inf_pr   inf_du lg(mu)  ||d||  lg(rg) alpha_du alpha_pr  ls
  50  1.6986712e+06 2.88e+05 1.43e+05  -1.0 2.46e+03    -  2.25e-03 7.68e-05h  7
  51  1.6995341e+06 2.88e+05 1.48e+05  -1.0 2.52e+03    -  8.66e-04 7.93e-05h  7
  52  1.7000078e+06 2.88e+05 1.61e+05  -1.0 2.56e+03    -  1.72e-03 4.01e-05h  8
  53  1.7006060e+06 2.88e+05 1.72e+05  -1.0 2.60e+03    -  1.34e-03 4.19e-05h  8
  54  1.7013032e+06 2.88e+05 1.84e+05  -1.0 2.78e+03    -  1.50e-03 4.35e-05h  8
  55  1.7020583e+06 2.88e+05 2.00e+05  -1.0 2.93e+03    -  1.89e-03 4.54e-05h  8
  56  1.8028055e+06 2.85e+05 1.65e+05  -1.0 2.90e+03    -  2.64e-03 6.15e-03w  1
  57  1.8271121e+06 2.84e+05 1.55e+05  -1.0 4.55e+03    -  1.52e-03 2.10e-03w  1
  58  1.8438192e+06 2.83e+05 2.16e+05  -1.0 5.46e+03    -  4.32e-03 1.36e-03w  1
  59  1.7028454e+06 2.88e+05 2.25e+05  -1.0 7.57e+03    -  2.64e-03 4.81e-05h  7
iter    objective    inf_pr   inf_du lg(mu)  ||d||  lg(rg) alpha_du alpha_pr  ls
  60  1.7035866e+06 2.88e+05 2.41e+05  -1.0 2.85e+03    -  1.54e-03 4.52e-05h  8
  61  1.7042189e+06 2.88e+05 2.52e+05  -1.0 2.81e+03    -  1.10e-03 3.79e-05h  8
  62  1.7050808e+06 2.88e+05 2.61e+05  -1.0 2.81e+03    -  7.93e-04 5.01e-05h  7
  63  1.7055400e+06 2.88e+05 3.09e+05  -1.0 2.84e+03    -  3.95e-03 2.67e-05h  8
  64  1.7059936e+06 2.88e+05 3.37e+05  -1.0 2.89e+03    -  2.03e-03 2.38e-05h  9
  65  1.7064466e+06 2.88e+05 3.64e+05  -1.0 2.92e+03    -  1.80e-03 2.24e-05h  9
  66  1.7068342e+06 2.88e+05 4.11e+05  -1.0 2.94e+03    -  2.89e-03 1.90e-05h  9
  67  1.7075319e+06 2.88e+05 4.25e+05  -1.0 2.98e+03    -  7.96e-04 3.37e-05h  8
  68  1.7080145e+06 2.88e+05 5.16e+05  -1.0 3.00e+03    -  4.83e-03 2.32e-05h  8
  69  1.7771620e+06 2.86e+05 4.58e+05  -1.0 3.05e+03    -  7.23e-04 3.19e-03w  1
iter    objective    inf_pr   inf_du lg(mu)  ||d||  lg(rg) alpha_du alpha_pr  ls
  70  1.8227594e+06 2.85e+05 4.81e+05  -1.0 4.58e+03    -  3.26e-03 2.40e-03w  1
  71  1.8303613e+06 2.85e+05 5.16e+05  -1.0 6.75e+03    -  1.63e-03 4.52e-04w  1
  72  1.7085547e+06 2.87e+05 5.32e+05  -1.0 7.50e+03    -  7.23e-04 2.50e-05h  7
  73  1.7091361e+06 2.87e+05 5.59e+05  -1.0 3.07e+03    -  1.18e-03 2.69e-05h  8
  74  1.7094722e+06 2.87e+05 5.81e+05  -1.0 3.09e+03    -  8.83e-04 1.55e-05h  9
  75  1.7098240e+06 2.87e+05 6.35e+05  -1.0 3.11e+03    -  2.12e-03 1.64e-05h  9
  76  1.7102167e+06 2.87e+05 6.99e+05  -1.0 3.15e+03    -  2.27e-03 1.89e-05h  9
  77  1.7106537e+06 2.87e+05 7.58e+05  -1.0 3.19e+03    -  1.92e-03 2.14e-05h  9
  78  1.7277399e+06 2.87e+05 7.57e+05  -1.0 3.22e+03    -  8.36e-04 8.36e-04s 14
  79  1.8017372e+06 2.86e+05 7.55e+05  -1.0 3.75e+03    -  3.60e-03 3.60e-03s 14
iter    objective    inf_pr   inf_du lg(mu)  ||d||  lg(rg) alpha_du alpha_pr  ls
  80  1.8129887e+06 2.85e+05 7.54e+05  -1.0 6.94e+03    -  5.88e-04 5.88e-04s 14
  81  1.8190870e+06 2.85e+05 7.54e+05  -1.0 6.90e+03    -  3.54e-04 3.54e-04s 14
  82  1.8229262e+06 2.85e+05 7.54e+05  -1.0 6.58e+03    -  2.58e-04 2.58e-04s 14
  83  1.8293731e+06 2.85e+05 7.53e+05  -1.0 6.79e+03    -  4.86e-04 4.86e-04s 14
  84  1.8323571e+06 2.85e+05 7.53e+05  -1.0 4.91e+03    -  2.28e-04 2.28e-04s 14
  85  1.8377271e+06 2.85e+05 7.53e+05  -1.0 4.84e+03    -  4.06e-04 4.06e-04s 14
  86  1.8480022e+06 2.85e+05 7.52e+05  -1.0 4.91e+03    -  7.76e-04 7.76e-04s 14
  87  1.8608318e+06 2.84e+05 7.51e+05  -1.0 5.08e+03    -  9.69e-04 9.69e-04s 14
  88r 1.8608318e+06 2.84e+05 1.00e+03   1.5 0.00e+00    -  0.00e+00 0.00e+00R  1
  89r 1.8527909e+06 2.46e+05 1.86e+03   1.5 1.27e+04    -  2.21e-04 7.45e-04f  1
iter    objective    inf_pr   inf_du lg(mu)  ||d||  lg(rg) alpha_du alpha_pr  ls
  90r 1.8392540e+06 1.61e+05 1.74e+03   1.5 1.19e+04    -  8.46e-04 1.37e-03f  1
  91r 1.8249848e+06 1.07e+05 1.76e+03   1.5 7.00e+03    -  1.30e-03 1.77e-03f  1
  92r 1.8027724e+06 6.01e+04 1.72e+03   1.5 2.92e+03    -  4.37e-03 3.24e-03f  1
  93r 1.7631460e+06 1.22e+04 1.80e+03   1.5 2.79e+03    -  3.98e-03 9.22e-03f  1
  94r 1.7519657e+06 2.31e+03 1.82e+03   1.5 2.53e+03    -  7.55e-03 1.10e-02f  1
  95r 1.7524243e+06 1.91e+03 1.83e+03   1.5 1.70e+03    -  8.11e-04 2.67e-03f  1
  96r 1.7539829e+06 9.88e+02 1.83e+03   1.5 1.65e+03    -  4.92e-03 8.58e-03f  1
  97r 1.7543266e+06 8.30e+02 1.82e+03   1.5 1.54e+03    -  6.00e-03 3.65e-03f  1
  98r 1.7609749e+06 2.31e+02 1.60e+03   1.5 8.78e+02    -  7.29e-02 2.71e-02f  1
  99r 1.7787336e+06 1.77e+01 7.61e+03   1.5 1.95e+02    -  2.08e-01 1.20e-01f  1
iter    objective    inf_pr   inf_du lg(mu)  ||d||  lg(rg) alpha_du alpha_pr  ls
 100r 1.7417791e+06 1.35e+01 5.20e+03   1.5 4.50e+01    -  4.29e-01 2.35e-01f  1
 101r 1.6335253e+06 1.64e+01 2.24e+04   1.5 4.13e+01    -  6.49e-01 8.76e-01f  1
 102  1.5328521e+06 1.60e+01 9.72e+01  -1.0 1.65e+02    -  2.93e-02 2.49e-02f  1
 103  1.4725551e+06 1.56e+01 9.04e+01  -1.0 1.26e+02    -  8.79e-02 2.81e-02f  1
 104  1.4702608e+06 1.43e+01 1.02e+02  -1.0 1.17e+02    -  1.53e-01 8.33e-02h  1
 105  1.5022312e+06 1.28e+01 1.40e+02  -1.0 1.15e+02    -  1.87e-01 1.04e-01h  2
 106  1.6045157e+06 9.51e+00 2.42e+02  -1.0 1.12e+02    -  3.50e-01 2.56e-01H  1
 107  1.7221523e+06 6.70e+00 2.81e+02  -1.0 1.00e+02    -  2.38e-01 2.96e-01h  1
 108  1.7657531e+06 5.76e+00 2.50e+02  -1.0 8.57e+01    -  1.82e-01 1.40e-01h  1
 109  1.8590209e+06 3.79e+00 1.89e+02  -1.0 8.18e+01    -  2.16e-01 3.42e-01h  1
iter    objective    inf_pr   inf_du lg(mu)  ||d||  lg(rg) alpha_du alpha_pr  ls
 110  1.9028122e+06 2.89e+00 1.40e+02  -1.0 6.04e+01    -  6.25e-01 2.35e-01h  1
 111  1.9330180e+06 2.28e+00 1.00e+02  -1.0 7.35e+01    -  6.67e-01 2.13e-01h  1
 112  1.9565125e+06 1.83e+00 7.79e+01  -1.0 9.82e+01    -  3.04e-01 1.94e-01h  1
 113  1.9705659e+06 1.59e+00 6.74e+01  -1.0 9.93e+01    -  6.88e-01 1.33e-01h  1
 114  2.0163475e+06 8.43e-01 4.97e+01  -1.0 1.08e+02    -  9.49e-01 4.69e-01h  1
 115  2.0313627e+06 6.27e-01 7.55e+01  -1.0 3.72e+01    -  9.90e-01 2.56e-01h  1
 116  2.0600423e+06 2.32e-01 3.22e+01  -1.0 2.64e+01    -  9.93e-01 6.29e-01h  1
 117  2.0774008e+06 4.59e-02 1.48e+01  -1.0 3.01e+01    -  1.00e+00 1.00e+00h  1
 118  2.0774505e+06 2.94e-02 3.45e-01  -1.0 8.79e+00    -  1.00e+00 1.00e+00h  1
 119  2.0774549e+06 1.14e-04 6.78e-03  -1.0 1.91e+00    -  1.00e+00 1.00e+00h  1
iter    objective    inf_pr   inf_du lg(mu)  ||d||  lg(rg) alpha_du alpha_pr  ls
 120  2.0744964e+06 8.67e-03 1.11e+01  -2.5 9.65e+00    -  5.54e-01 5.35e-01f  1
 121  2.0723955e+06 2.64e-02 2.85e+01  -2.5 1.13e+01    -  1.05e-01 6.41e-01f  1
 122  2.0713512e+06 2.85e-02 1.77e+01  -2.5 5.77e+00    -  6.14e-01 7.32e-01f  1
 123  2.0706073e+06 2.69e-02 1.27e+01  -2.5 5.45e+00    -  6.09e-01 8.54e-01f  1
 124  2.0703984e+06 1.49e-02 3.43e+00  -2.5 1.45e+00    -  6.66e-01 4.51e-01h  1
 125  2.0702796e+06 1.02e-02 1.05e+01  -2.5 1.13e+00    -  1.00e+00 3.20e-01h  1
 126  2.0700612e+06 4.20e-03 1.53e+00  -2.5 8.55e-01    -  7.72e-01 8.54e-01h  1
 127  2.0700652e+06 2.84e-04 1.09e-02  -2.5 2.42e-01    -  1.00e+00 1.00e+00h  1
 128  2.0699715e+06 4.30e-04 2.13e+00  -3.8 1.52e+00    -  3.82e-01 2.41e-01f  1
 129  2.0698818e+06 1.55e-03 4.97e+00  -3.8 1.50e+00    -  5.32e-01 3.30e-01f  1
iter    objective    inf_pr   inf_du lg(mu)  ||d||  lg(rg) alpha_du alpha_pr  ls
 130  2.0698505e+06 1.37e-03 4.21e+00  -3.8 1.74e+00    -  2.18e-01 2.00e-01h  1
 131  2.0698020e+06 1.60e-03 3.28e+00  -3.8 1.56e+00    -  4.62e-01 4.02e-01h  1
 132  2.0697583e+06 2.00e-03 5.13e+00  -3.8 1.09e+00    -  8.62e-01 6.63e-01h  1
 133  2.0697450e+06 8.97e-04 9.56e+00  -3.8 6.92e-01    -  1.00e+00 7.65e-01h  1
 134  2.0697420e+06 6.04e-05 5.32e-03  -3.8 2.29e-01    -  1.00e+00 1.00e+00h  1
 135  2.0697421e+06 9.28e-07 7.17e-06  -3.8 1.60e-02    -  1.00e+00 1.00e+00h  1
 136  2.0697381e+06 3.45e-05 1.21e+01  -5.7 3.85e-01    -  8.45e-01 3.17e-01f  1
 137  2.0697330e+06 1.67e-04 5.93e+00  -5.7 2.94e-01    -  7.50e-01 6.13e-01h  1
 138  2.0697321e+06 1.22e-04 6.40e+00  -5.7 1.37e-01    -  1.00e+00 3.19e-01h  1
 139  2.0697305e+06 4.36e-05 9.42e-01  -5.7 9.47e-02    -  1.00e+00 8.55e-01h  1
iter    objective    inf_pr   inf_du lg(mu)  ||d||  lg(rg) alpha_du alpha_pr  ls
 140  2.0697303e+06 2.86e-06 3.61e-01  -5.7 1.46e-02    -  1.00e+00 9.49e-01h  1
 141  2.0697303e+06 1.43e-06 2.75e-01  -5.7 7.46e-04    -  1.00e+00 5.00e-01f  2
 142  2.0697303e+06 6.77e-09 5.18e-08  -5.7 3.73e-04    -  1.00e+00 1.00e+00h  1
 143  2.0697302e+06 1.93e-07 2.27e-01  -7.2 6.90e-03    -  1.00e+00 8.72e-01h  1
 144  2.0697301e+06 2.56e-08 2.13e-07  -7.2 9.14e-04    -  1.00e+00 1.00e+00f  1

Number of Iterations....: 144

                                   (scaled)                 (unscaled)
Objective...............:   1.4993743207084024e+04    2.0697301498774209e+06
Dual infeasibility......:   2.1334929021597689e-07    2.9450648334855174e-05
Constraint violation....:   2.5647397663974836e-08    2.5647397663974836e-08
Variable bound violation:   2.6858602808488286e-07    2.6858602808488286e-07
Complementarity.........:   9.6400120853882428e-08    1.3307033062220260e-05
Overall NLP error.......:   2.1334929021597689e-07    2.9450648334855174e-05


Number of objective function evaluations             = 476
Number of objective gradient evaluations             = 133
Number of equality constraint evaluations            = 476
Number of inequality constraint evaluations          = 476
Number of equality constraint Jacobian evaluations   = 146
Number of inequality constraint Jacobian evaluations = 146
Number of Lagrangian Hessian evaluations             = 144
Total seconds in IPOPT                               = 39.672

EXIT: Optimal Solution Found.

