Solver command line: ['/opt/homebrew/bin/ipopt', '/var/folders/6y/bvynbx6n3zv7z3lwg6vd724r0000gn/T/tmp_n3tjkvk.pyomo.nl', '-AMPL', 'tol=1e-06', 'max_iter=300', 'print_level=5', 'warm_start_init_point=yes', 'warm_start_bound_push=1e-06', 'warm_start_bound_frac=1e-06', 'warm_start_mult_bound_push=1e-06', 'mu_init=1e-06', 'least_square_init_duals=no']

Ipopt 3.14.19: tol=1e-06
max_iter=300
print_level=5
warm_start_init_point=yes
warm_start_bound_push=1e-06
warm_start_bound_frac=1e-06
warm_start_mult_bound_push=1e-06
mu_init=1e-06
least_square_init_duals=no


******************************************************************************
This program contains Ipopt, a library for large-scale nonlinear optimization.
 Ipopt is released as open source code under the Eclipse Public License (EPL).
         For more information visit https://github.com/coin-or/Ipopt
******************************************************************************

This is Ipopt version 3.14.19, running with linear solver MUMPS 5.6.2.

Number of nonzeros in equality constraint Jacobian...:    91135
Number of nonzeros in inequality constraint Jacobian.:    72000
Number of nonzeros in Lagrangian Hessian.............:    51664

Total number of variables............................:    13678
                     variables with only lower bounds:        0
                variables with lower and upper bounds:    13678
                     variables with only upper bounds:        0
Total number of equality constraints.................:    12937
Total number of inequality constraints...............:    18000
        inequality constraints with only lower bounds:        0
   inequality constraints with lower and upper bounds:        0
        inequality constraints with only upper bounds:    18000

iter    objective    inf_pr   inf_du lg(mu)  ||d||  lg(rg) alpha_du alpha_pr  ls
   0  2.0697294e+06 3.51e-04 1.32e-03  -6.0 0.00e+00    -  0.00e+00 0.00e+00   0
   1  2.0697302e+06 6.86e-07 3.49e-06  -6.0 5.34e-02    -  1.00e+00 1.00e+00h  1
   2  2.0697302e+06 4.36e-09 3.13e-08  -6.0 6.08e-05    -  1.00e+00 1.00e+00h  1
   3  2.0697302e+06 8.21e-08 3.20e-02  -7.2 2.10e-03    -  1.00e+00 9.68e-01h  1
   4  2.0697301e+06 3.39e-09 2.41e-08  -7.2 7.10e-05    -  1.00e+00 1.00e+00f  1

Number of Iterations....: 4

                                   (scaled)                 (unscaled)
Objective...............:   1.4993743207152789e+04    2.0697301498869131e+06
Dual infeasibility......:   2.4132211622741341e-08    3.3312005740642379e-06
Constraint violation....:   3.3873013491336756e-09    3.3873013491336756e-09
Variable bound violation:   2.6858604940116493e-07    2.6858604940116493e-07
Complementarity.........:   7.1042665160124960e-08    9.8067003001682702e-06
Overall NLP error.......:   7.1042665160124960e-08    9.8067003001682702e-06


Number of objective function evaluations             = 5
Number of objective gradient evaluations             = 5
Number of equality constraint evaluations            = 5
Number of inequality constraint evaluations          = 6
Number of equality constraint Jacobian evaluations   = 5
Number of inequality constraint Jacobian evaluations = 5
Number of Lagrangian Hessian evaluations             = 4
Total seconds in IPOPT                               = 1.631

EXIT: Optimal Solution Found.

