Solver command line: ['/opt/homebrew/bin/ipopt', '/var/folders/6y/bvynbx6n3zv7z3lwg6vd724r0000gn/T/tmpujw9ekdf.pyomo.nl', '-AMPL', 'tol=1e-06', 'max_iter=300', 'print_level=5', 'warm_start_init_point=yes', 'warm_start_bound_push=1e-06', 'warm_start_bound_frac=1e-06', 'warm_start_mult_bound_push=1e-06', 'mu_init=1e-06', 'least_square_init_duals=no']

Ipopt 3.14.19: tol=1e-06
max_iter=300
print_level=5
warm_start_init_point=yes
warm_start_bound_push=1e-06
warm_start_bound_frac=1e-06
warm_start_mult_bound_push=1e-06
mu_init=1e-06
least_square_init_duals=no


******************************************************************************
This program contains Ipopt, a library for large-scale nonlinear optimization.
 Ipopt is released as open source code under the Eclipse Public License (EPL).
         For more information visit https://github.com/coin-or/Ipopt
******************************************************************************

This is Ipopt version 3.14.19, running with linear solver MUMPS 5.6.2.

Number of nonzeros in equality constraint Jacobian...:    91135
Number of nonzeros in inequality constraint Jacobian.:    72000
Number of nonzeros in Lagrangian Hessian.............:    51664

Total number of variables............................:    13678
                     variables with only lower bounds:        0
                variables with lower and upper bounds:    13678
                     variables with only upper bounds:        0
Total number of equality constraints.................:    12937
Total number of inequality constraints...............:    18000
        inequality constraints with only lower bounds:        0
   inequality constraints with lower and upper bounds:        0
        inequality constraints with only upper bounds:    18000

iter    objective    inf_pr   inf_du lg(mu)  ||d||  lg(rg) alpha_du alpha_pr  ls
   0  1.8545790e+06 2.58e+05 1.00e+02  -6.0 0.00e+00    -  0.00e+00 0.00e+00   0
   1  1.6923378e+06 2.58e+05 1.00e+02  -6.0 1.09e+08    -  2.90e-08 2.90e-08f  1
   2  1.6260480e+06 2.58e+05 1.00e+02  -6.0 4.37e+07    -  3.08e-08 2.77e-08f  1
   3  1.6038065e+06 2.58e+05 1.00e+02  -6.0 2.54e+07    -  1.23e-08 2.50e-08f  1
   4  1.5876887e+06 2.58e+05 1.00e+02  -6.0 2.16e+07    -  1.49e-07 2.23e-08f  1
   5  1.5360621e+06 2.58e+05 1.00e+02  -6.0 1.76e+07    -  4.31e-08 1.19e-07f  1
   6  1.5276732e+06 2.58e+05 1.00e+02  -6.0 1.49e+07    -  6.02e-08 3.23e-08f  1
   7  1.5176263e+06 2.58e+05 1.00e+02  -6.0 1.31e+07    -  1.14e-07 4.76e-08f  1
   8  1.4887388e+06 2.58e+05 1.00e+02  -6.0 1.05e+07    -  2.03e-07 1.84e-07f  1
   9  1.4591665e+06 2.58e+05 1.00e+02  -6.0 7.11e+06    -  5.21e-07 3.57e-07f  1
iter    objective    inf_pr   inf_du lg(mu)  ||d||  lg(rg) alpha_du alpha_pr  ls
  10  1.4496782e+06 2.58e+05 1.00e+02  -6.0 5.20e+06    -  5.54e-07 3.22e-07f  1
  11  1.4420111e+06 2.58e+05 1.00e+02  -6.0 4.28e+06    -  4.75e-07 4.69e-07f  1
  12  1.4378691e+06 2.58e+05 1.00e+02  -6.0 3.35e+06    -  8.24e-07 4.16e-07f  1
  13  1.4349877e+06 2.58e+05 1.00e+02  -6.0 2.38e+06    -  5.02e-07 4.64e-07f  1
  14  1.4314044e+06 2.58e+05 1.00e+02  -6.0 1.77e+06    -  1.86e-06 7.76e-07f  1
  15  1.4278685e+06 2.58e+05 1.00e+02  -6.0 7.51e+05    -  2.29e-06 1.41e-06f  1
  16  1.4255763e+06 2.58e+05 1.00e+02  -6.0 3.54e+05    -  5.54e-07 1.79e-06f  1
  17  1.4252783e+06 2.58e+05 1.00e+02  -6.0 2.74e+05    -  8.99e-06 3.41e-07f  1
  18  1.4232651e+06 2.58e+05 1.00e+02  -6.0 1.99e+05    -  4.96e-06 4.68e-06f  1
  19  1.4227146e+06 2.58e+05 1.00e+02  -6.0 1.20e+05    -  2.09e-05 2.38e-06f  1
iter    objective    inf_pr   inf_du lg(mu)  ||d||  lg(rg) alpha_du alpha_pr  ls
  20  1.4223746e+06 2.58e+05 1.00e+02  -6.0 6.49e+04    -  1.20e-05 3.15e-06f  1
  21  1.4206089e+06 2.58e+05 1.00e+02  -6.0 4.14e+04    -  1.43e-05 2.28e-05f  1
  22  1.4201873e+06 2.58e+05 1.00e+02  -6.0 2.33e+04    -  4.10e-05 1.29e-05f  1
  23  1.4195613e+06 2.58e+05 1.00e+02  -6.0 1.42e+04    -  5.99e-05 3.74e-05f  1
  24  1.4192625e+06 2.58e+05 1.00e+02  -6.0 7.46e+03    -  1.38e-04 4.27e-05f  1
  25  1.4190023e+06 2.58e+05 1.00e+02  -6.0 4.39e+03    -  1.71e-04 9.13e-05f  1
  26  1.4187816e+06 2.58e+05 9.99e+01  -6.0 2.54e+03    -  1.54e-04 1.78e-04f  1
  27  1.4186804e+06 2.58e+05 9.99e+01  -6.0 1.55e+03    -  7.22e-05 1.84e-04f  1
  28  1.4186297e+06 2.58e+05 9.99e+01  -6.0 7.55e+02    -  5.72e-04 1.54e-04f  1
  29  1.4185972e+06 2.58e+05 9.99e+01  -6.0 5.21e+02    -  1.85e-04 2.85e-04h  1
iter    objective    inf_pr   inf_du lg(mu)  ||d||  lg(rg) alpha_du alpha_pr  ls
  30  1.4185712e+06 2.57e+05 9.98e+01  -6.0 8.78e+02    -  6.05e-04 4.47e-04h  1
  31  1.4185715e+06 2.57e+05 9.98e+01  -6.0 1.20e+03    -  3.48e-04 1.02e-04h  1
  32  1.4185723e+06 2.57e+05 9.97e+01  -6.0 1.18e+03    -  3.87e-04 5.56e-05h  1
  33  1.4185790e+06 2.57e+05 9.97e+01  -6.0 1.24e+03    -  8.51e-05 2.79e-04h  1
  34  1.4185822e+06 2.57e+05 9.97e+01  -6.0 1.40e+03    -  3.03e-05 6.91e-05h  1
  35  1.4186108e+06 2.57e+05 9.97e+01  -6.0 4.55e+02    -  3.50e-04 6.24e-04h  1
  36  1.4186207e+06 2.57e+05 9.97e+01  -6.0 3.51e+02    -  1.92e-04 1.70e-04h  1
  37  1.4186344e+06 2.57e+05 9.96e+01  -6.0 3.75e+02    -  2.46e-04 2.15e-04h  1
  38  1.4186677e+06 2.56e+05 9.96e+01  -6.0 3.37e+02    -  3.21e-04 4.87e-04h  1
  39  1.4186827e+06 2.56e+05 9.96e+01  -6.0 3.25e+02    -  1.23e-04 1.93e-04h  1
iter    objective    inf_pr   inf_du lg(mu)  ||d||  lg(rg) alpha_du alpha_pr  ls
  40  1.4187402e+06 2.56e+05 9.96e+01  -6.0 3.24e+02    -  1.71e-05 7.14e-04h  1
  41  1.4187705e+06 2.56e+05 9.96e+01  -6.0 4.99e+02    -  5.70e-05 3.70e-04h  1
  42r 1.4187705e+06 2.56e+05 9.99e+02   1.1 0.00e+00    -  0.00e+00 7.20e-08R  2
  43r 1.4187717e+06 2.56e+05 9.99e+02   1.1 8.49e+05    -  2.44e-09 1.82e-08f  1
  44r 1.4187758e+06 2.56e+05 9.99e+02   1.1 7.88e+04    -  2.07e-08 4.57e-08f  1
  45r 1.4188129e+06 2.55e+05 9.99e+02   1.1 1.05e+05    -  6.32e-08 3.93e-07f  1
  46r 1.4188271e+06 2.55e+05 9.99e+02   1.1 8.89e+04    -  7.83e-07 1.20e-07f  1
  47r 1.4193230e+06 2.54e+05 9.99e+02   1.1 5.19e+04    -  1.86e-06 4.26e-06f  1
  48r 1.4198066e+06 2.53e+05 9.99e+02   1.1 2.84e+04    -  6.41e-06 4.19e-06f  1
  49r 1.4224950e+06 2.48e+05 9.99e+02   1.1 2.18e+04    -  1.60e-05 2.36e-05f  1
iter    objective    inf_pr   inf_du lg(mu)  ||d||  lg(rg) alpha_du alpha_pr  ls
  50r 1.4284039e+06 2.38e+05 9.99e+02   1.1 1.11e+04    -  6.01e-05 5.48e-05f  1
  51r 1.4458384e+06 2.11e+05 9.99e+02   1.1 3.32e+04    -  3.89e-05 1.75e-04f  1
  52  1.4454388e+06 2.11e+05 9.97e+01  -6.0 8.45e+05    -  1.05e-06 4.46e-06f  1
  53  1.4454386e+06 2.11e+05 9.97e+01  -6.0 7.67e+03  -4.0 4.50e-06 9.29e-09h  1
  54  1.4453981e+06 2.11e+05 9.97e+01  -6.0 2.27e+04  -4.5 2.04e-05 1.40e-06f  1
  55  1.4453047e+06 2.11e+05 9.97e+01  -6.0 6.50e+04    -  5.74e-06 4.04e-06f  1
  56  1.4452781e+06 2.11e+05 9.97e+01  -6.0 2.57e+04    -  3.62e-05 2.28e-06f  1
  57  1.4448712e+06 2.11e+05 9.97e+01  -6.0 2.08e+04    -  1.53e-05 3.88e-05f  1
  58  1.4446598e+06 2.11e+05 9.97e+01  -6.0 5.26e+03    -  9.19e-05 2.31e-05f  1
  59  1.4434527e+06 2.11e+05 9.97e+01  -6.0 3.03e+03    -  1.58e-04 1.44e-04f  1
iter    objective    inf_pr   inf_du lg(mu)  ||d||  lg(rg) alpha_du alpha_pr  ls
  60  1.4428353e+06 2.11e+05 9.97e+01  -6.0 2.47e+03    -  3.44e-04 8.42e-05f  1
  61  1.4417414e+06 2.11e+05 9.97e+01  -6.0 5.00e+03    -  1.82e-05 1.57e-04f  1
  62  1.4412267e+06 2.11e+05 9.97e+01  -6.0 1.01e+04  -4.1 6.15e-06 5.11e-05f  1
  63  1.4411738e+06 2.11e+05 9.97e+01  -6.0 3.82e+03  -3.6 9.60e-05 6.14e-06f  1
  64  1.4409737e+06 2.11e+05 9.97e+01  -6.0 6.80e+04  -4.1 1.96e-06 3.32e-06f  1
  65  1.4395811e+06 2.10e+05 9.97e+01  -6.0 3.26e+03  -3.7 2.41e-07 1.54e-04f  1
  66  1.4388954e+06 2.10e+05 9.96e+01  -6.0 6.29e+03  -4.2 1.91e-04 6.33e-05f  1
  67  1.4385146e+06 2.10e+05 9.96e+01  -6.0 1.07e+04  -4.6 1.25e-04 2.94e-05f  1
  68  1.4381956e+06 2.10e+05 9.96e+01  -6.0 4.83e+03  -4.2 3.62e-04 3.84e-05f  1
  69  1.4369234e+06 2.10e+05 9.96e+01  -6.0 1.21e+03  -4.7 4.82e-04 2.82e-04f  1
iter    objective    inf_pr   inf_du lg(mu)  ||d||  lg(rg) alpha_du alpha_pr  ls
  70  1.4368380e+06 2.10e+05 9.95e+01  -6.0 8.77e+02  -4.3 3.34e-04 2.20e-05f  1
  71  1.4359966e+06 2.10e+05 9.95e+01  -6.0 1.00e+03  -4.7 1.95e-04 2.27e-04f  1
  72  1.4354294e+06 2.10e+05 9.95e+01  -6.0 5.66e+02  -4.3 7.55e-04 1.67e-04f  1
  73  1.4346066e+06 2.10e+05 9.94e+01  -6.0 5.22e+02  -3.9 9.75e-04 2.86e-04f  1
  74  1.4329863e+06 2.10e+05 9.93e+01  -6.0 6.61e+02  -4.4 1.17e-03 6.73e-04f  1
  75  1.4328962e+06 2.10e+05 9.92e+01  -6.0 5.99e+02  -4.8 1.42e-03 4.73e-05f  1
  76  1.4320016e+06 2.09e+05 9.91e+01  -6.0 8.31e+02  -4.4 5.34e-04 5.55e-04f  1
  77  1.4307528e+06 2.09e+05 9.90e+01  -6.0 4.08e+02  -4.0 9.00e-04 8.75e-04f  1
  78  1.4296984e+06 2.09e+05 9.89e+01  -6.0 2.30e+02  -3.6 1.67e-03 8.91e-04f  1
  79  1.4286510e+06 2.08e+05 9.87e+01  -6.0 1.24e+02  -3.1 1.60e-03 1.13e-03f  1
iter    objective    inf_pr   inf_du lg(mu)  ||d||  lg(rg) alpha_du alpha_pr  ls
  80  1.4280215e+06 2.08e+05 9.87e+01  -6.0 1.07e+02  -2.7 5.98e-04 8.81e-04f  1
  81  1.4275711e+06 2.08e+05 9.86e+01  -6.0 2.00e+02  -3.2 8.80e-05 6.85e-04f  1
  82  1.4274988e+06 2.07e+05 9.86e+01  -6.0 1.06e+02  -2.8 7.17e-04 1.21e-04f  1
  83  1.4273796e+06 2.07e+05 9.85e+01  -6.0 4.21e+02  -3.2 1.31e-03 2.04e-04f  1
  84  1.4267860e+06 2.07e+05 9.82e+01  -6.0 1.05e+02  -2.8 2.91e-03 1.18e-03f  1
  85  1.4266034e+06 2.07e+05 9.80e+01  -6.0 4.85e+02  -3.3 2.65e-03 4.57e-04f  1
  86  1.4264711e+06 2.07e+05 9.78e+01  -6.0 2.11e+02  -3.8 3.15e-03 4.03e-04f  1
  87  1.4263247e+06 2.06e+05 9.75e+01  -6.0 1.80e+02  -3.3 3.62e-03 5.83e-04f  1
  88  1.4263208e+06 2.06e+05 9.74e+01  -6.0 1.00e+02  -2.9 1.17e-03 3.71e-05h  1
  89  1.4262466e+06 2.06e+05 9.73e+01  -6.0 1.66e+02  -3.4 6.24e-04 7.06e-04h  1
iter    objective    inf_pr   inf_du lg(mu)  ||d||  lg(rg) alpha_du alpha_pr  ls
  90  1.4262457e+06 2.06e+05 9.73e+01  -6.0 9.25e+01  -3.0 3.54e-04 5.61e-05h  1
  91  1.4262355e+06 2.06e+05 9.72e+01  -6.0 1.48e+02  -3.4 1.43e-03 5.59e-04h  1
  92  1.4262359e+06 2.06e+05 9.71e+01  -6.0 1.54e+02  -3.0 5.74e-04 5.01e-04h  1
  93  1.4262417e+06 2.05e+05 9.70e+01  -6.0 1.68e+02  -3.5 1.94e-03 1.21e-03h  1
  94  1.4262869e+06 2.05e+05 9.66e+01  -6.0 1.61e+02  -3.1 4.08e-03 1.14e-03h  1
  95r 1.4262869e+06 2.05e+05 9.99e+02   1.0 0.00e+00  -3.5 0.00e+00 3.42e-07R  3
  96r 1.4263243e+06 2.05e+05 9.99e+02   1.0 1.18e+04    -  2.88e-05 3.92e-07f  1
  97r 1.4303388e+06 1.97e+05 9.99e+02   1.0 8.85e+03    -  1.40e-05 4.64e-05f  1
  98r 1.4357090e+06 1.87e+05 9.99e+02   1.0 1.43e+04    -  8.68e-05 6.25e-05f  1
  99r 1.4570261e+06 1.53e+05 9.99e+02   1.0 9.46e+03    -  2.68e-04 2.54e-04f  1
iter    objective    inf_pr   inf_du lg(mu)  ||d||  lg(rg) alpha_du alpha_pr  ls
 100  1.4570012e+06 1.53e+05 9.70e+01  -6.0 1.32e+05    -  2.71e-06 7.82e-06f  1
 101  1.4569799e+06 1.53e+05 9.70e+01  -6.0 2.05e+04    -  4.23e-06 1.74e-05f  1
 102  1.4569687e+06 1.53e+05 9.70e+01  -6.0 7.47e+03    -  9.61e-05 2.34e-05f  1
 103  1.4569398e+06 1.53e+05 9.69e+01  -6.0 6.95e+03    -  2.80e-04 9.17e-05f  1
 104  1.4568330e+06 1.52e+05 9.69e+01  -6.0 1.85e+03    -  9.44e-05 5.50e-04f  1
 105  1.4567528e+06 1.52e+05 9.69e+01  -6.0 8.21e+02    -  3.82e-05 5.46e-04h  1
 106  1.4566404e+06 1.52e+05 9.68e+01  -6.0 4.26e+02    -  1.85e-03 8.93e-04f  1
 107  1.4566353e+06 1.52e+05 9.65e+01  -6.0 3.10e+02    -  3.16e-03 5.79e-05h  1
 108  1.4565657e+06 1.52e+05 9.63e+01  -6.0 2.52e+02    -  2.16e-03 1.21e-03h  1
 109  1.4565409e+06 1.51e+05 9.62e+01  -6.0 2.15e+02    -  1.90e-03 1.02e-03h  1
iter    objective    inf_pr   inf_du lg(mu)  ||d||  lg(rg) alpha_du alpha_pr  ls
 110  1.4565382e+06 1.51e+05 9.61e+01  -6.0 5.41e+02    -  5.48e-04 9.21e-04h  1
 111  1.4565442e+06 1.51e+05 9.60e+01  -6.0 4.91e+02    -  1.12e-03 4.15e-04h  1
 112  1.4565648e+06 1.51e+05 9.59e+01  -6.0 5.06e+02    -  1.33e-03 7.74e-04h  1
 113  1.4565768e+06 1.51e+05 9.58e+01  -6.0 9.11e+02    -  1.26e-03 2.71e-04h  1
 114  1.4565930e+06 1.50e+05 9.58e+01  -6.0 9.32e+02    -  4.59e-04 3.02e-04h  1
 115  1.4566251e+06 1.50e+05 9.57e+01  -6.0 8.93e+02    -  1.17e-03 5.37e-04h  1
 116  1.4567039e+06 1.50e+05 9.55e+01  -6.0 8.64e+02    -  1.52e-03 1.09e-03h  1
 117  1.4567144e+06 1.50e+05 9.53e+01  -6.0 7.91e+02    -  3.10e-03 1.13e-04h  1
 118  1.4567274e+06 1.50e+05 9.53e+01  -6.0 8.99e+02    -  6.90e-04 1.21e-04h  1
 119r 1.4567274e+06 1.50e+05 9.99e+02   0.9 0.00e+00    -  0.00e+00 2.95e-08R  2
iter    objective    inf_pr   inf_du lg(mu)  ||d||  lg(rg) alpha_du alpha_pr  ls
 120r 1.4569356e+06 1.50e+05 9.99e+02   0.9 1.64e+05    -  2.23e-06 1.69e-06f  1
 121r 1.4573797e+06 1.49e+05 9.99e+02   0.9 1.67e+04    -  5.14e-04 4.67e-06f  1
 122r 1.5075741e+06 9.00e+04 9.98e+02   0.9 1.58e+04    -  6.29e-04 6.40e-04f  1
 123r 1.5185047e+06 8.01e+04 9.98e+02   0.9 5.97e+03    -  5.22e-04 2.01e-04f  1
 124r 1.5414074e+06 6.16e+04 9.97e+02   0.9 2.85e+03    -  7.07e-04 5.04e-04f  1
 125  1.5413873e+06 6.16e+04 9.55e+01  -6.0 5.88e+04    -  3.36e-08 6.81e-06f  1
 126  1.5413697e+06 6.16e+04 9.55e+01  -6.0 3.84e+04    -  2.79e-05 1.99e-05f  1
 127  1.5413419e+06 6.16e+04 9.55e+01  -6.0 1.31e+04    -  3.16e-05 6.08e-05f  1
 128  1.5413338e+06 6.15e+04 9.54e+01  -6.0 8.21e+03    -  4.90e-04 3.10e-05h  1
 129  1.5412883e+06 6.15e+04 9.54e+01  -6.0 3.66e+03    -  3.11e-04 2.03e-04f  1
iter    objective    inf_pr   inf_du lg(mu)  ||d||  lg(rg) alpha_du alpha_pr  ls
 130  1.5412446e+06 6.15e+04 9.54e+01  -6.0 3.95e+02    -  4.89e-04 2.29e-04h  1
 131  1.5412191e+06 6.15e+04 9.53e+01  -6.0 6.22e+02    -  4.90e-04 1.44e-04h  1
 132  1.5410134e+06 6.13e+04 9.52e+01  -6.0 1.09e+03    -  1.02e-03 1.25e-03f  1
 133  1.5409437e+06 6.13e+04 9.47e+01  -6.0 2.25e+02    -  7.00e-03 5.29e-04h  1
 134  1.5409012e+06 6.12e+04 9.45e+01  -6.0 1.26e+03    -  3.04e-03 3.91e-04h  1
 135  1.5407299e+06 6.10e+04 9.40e+01  -6.0 9.26e+02    -  5.72e-03 2.05e-03h  1
 136  1.5405976e+06 6.05e+04 9.35e+01  -6.0 1.78e+02    -  6.88e-03 3.40e-03h  1
 137  1.5405967e+06 6.05e+04 9.34e+01  -6.0 1.70e+03    -  1.69e-04 3.98e-05h  1
 138  1.5405866e+06 6.05e+04 9.32e+01  -6.0 9.30e+01    -  3.73e-03 4.54e-04h  1
 139  1.5405616e+06 6.04e+04 9.30e+01  -6.0 2.65e+02    -  2.11e-03 7.46e-04h  1
iter    objective    inf_pr   inf_du lg(mu)  ||d||  lg(rg) alpha_du alpha_pr  ls
 140  1.5405254e+06 6.01e+04 9.28e+01  -6.0 2.32e+02    -  1.65e-03 2.41e-03h  1
 141r 1.5405254e+06 6.01e+04 9.99e+02   0.9 0.00e+00    -  0.00e+00 1.64e-09R  2
 142r 1.5414687e+06 6.01e+04 9.99e+02   0.9 1.04e+07    -  2.69e-08 4.86e-07f  1
 143r 1.5417154e+06 5.99e+04 9.99e+02   0.9 1.42e+04    -  3.12e-05 4.48e-06f  1
 144r 1.5466042e+06 5.65e+04 9.99e+02   0.9 1.28e+04    -  1.30e-05 9.49e-05f  1
 145r 1.5532793e+06 5.19e+04 9.99e+02   0.9 8.42e+03    -  3.49e-04 1.37e-04f  1
 146  1.5532769e+06 5.19e+04 9.31e+01  -6.0 3.60e+04    -  6.09e-05 3.73e-06h  1
 147  1.5532409e+06 5.19e+04 9.31e+01  -6.0 8.73e+03    -  2.28e-06 1.85e-04f  1
 148  1.5532025e+06 5.19e+04 9.31e+01  -6.0 5.82e+03    -  6.30e-05 1.85e-04h  1
 149  1.5531914e+06 5.19e+04 9.30e+01  -6.0 1.26e+03    -  7.26e-04 1.18e-04f  1
iter    objective    inf_pr   inf_du lg(mu)  ||d||  lg(rg) alpha_du alpha_pr  ls
 150  1.5530780e+06 5.17e+04 9.29e+01  -6.0 9.58e+02    -  9.74e-04 1.33e-03h  1
 151  1.5529976e+06 5.16e+04 9.27e+01  -6.0 2.53e+02    -  2.93e-03 1.31e-03h  1
 152  1.5527885e+06 5.11e+04 9.21e+01  -6.0 9.55e+01    -  6.55e-03 4.82e-03h  1
 153  1.5527881e+06 5.03e+04 9.14e+01  -6.0 8.34e+01    -  7.27e-03 8.24e-03h  1
 154  1.5528725e+06 5.01e+04 9.06e+01  -6.0 8.14e+01    -  1.18e-02 1.80e-03h  1
 155  1.5529235e+06 5.00e+04 8.90e+01  -6.0 8.09e+01    -  2.38e-02 7.55e-04h  1
 156  1.5534705e+06 4.94e+04 8.87e+01  -6.0 5.28e+02    -  1.12e-03 6.19e-03h  1
 157  1.5536603e+06 4.92e+04 8.79e+01  -6.0 7.93e+01    -  1.30e-02 1.78e-03h  1
 158  1.5540763e+06 4.89e+04 8.54e+01  -6.0 7.89e+01    -  3.67e-02 3.48e-03h  1
 159  1.5549191e+06 4.83e+04 8.45e+01  -6.0 7.81e+01    -  1.26e-02 5.82e-03h  1
iter    objective    inf_pr   inf_du lg(mu)  ||d||  lg(rg) alpha_du alpha_pr  ls
 160  1.5562855e+06 4.75e+04 8.40e+01  -6.0 7.68e+01    -  4.11e-03 8.63e-03h  1
 161  1.5563143e+06 4.74e+04 8.36e+01  -6.0 7.50e+01    -  7.45e-03 1.68e-04h  1
 162  1.5581320e+06 4.65e+04 8.31e+01  -6.0 7.49e+01    -  3.44e-03 1.02e-02h  1
 163  1.5587063e+06 4.62e+04 8.25e+01  -6.0 7.26e+01    -  9.75e-03 3.01e-03h  1
 164  1.5594049e+06 4.59e+04 8.14e+01  -6.0 7.12e+01    -  1.60e-02 3.53e-03h  1
 165  1.5596337e+06 4.58e+04 8.10e+01  -6.0 7.17e+01  -4.0 7.13e-03 1.06e-03h  1
 166  1.5605971e+06 4.55e+04 8.09e+01  -6.0 3.63e+01    -  1.73e-06 3.21e-03h  1
 167  1.5625923e+06 4.49e+04 8.05e+01  -6.0 3.63e+01    -  3.73e-03 6.59e-03h  1
 168  1.5626333e+06 4.49e+04 8.01e+01  -6.0 4.09e+01    -  6.98e-03 1.35e-04h  1
 169  1.5633820e+06 4.46e+04 7.90e+01  -6.0 4.07e+01    -  1.74e-02 2.45e-03h  1
iter    objective    inf_pr   inf_du lg(mu)  ||d||  lg(rg) alpha_du alpha_pr  ls
 170  1.5652259e+06 4.41e+04 7.81e+01  -6.0 4.28e+01    -  1.42e-02 5.97e-03h  1
 171  1.5672096e+06 4.35e+04 7.79e+01  -6.0 5.59e+01    -  5.02e-04 6.37e-03h  1
 172r 1.5672096e+06 4.35e+04 9.99e+02   0.7 0.00e+00    -  0.00e+00 3.39e-07R  4
 173r 1.5676096e+06 4.35e+04 9.99e+02   0.7 2.89e+06    -  5.36e-08 5.35e-07f  1
 174r 1.5680997e+06 4.32e+04 9.99e+02   0.7 2.19e+04    -  1.40e-04 1.12e-05f  1
 175r 1.5698785e+06 4.20e+04 9.99e+02   0.7 1.27e+04    -  5.56e-06 3.93e-05f  1
 176r 1.5753171e+06 3.84e+04 9.99e+02   0.7 1.12e+04    -  2.88e-04 1.30e-04f  1
 177r 1.5753171e+06 3.84e+04 9.99e+02   0.7 0.00e+00    -  0.00e+00 2.67e-07R  8
 178r 1.5708475e+06 3.75e+04 9.99e+02   0.7 8.36e+04    -  1.07e-05 2.84e-05f  1
 179r 1.5718516e+06 3.65e+04 9.99e+02   0.7 1.41e+03   0.0 3.60e-04 5.67e-05f  1
iter    objective    inf_pr   inf_du lg(mu)  ||d||  lg(rg) alpha_du alpha_pr  ls
 180r 1.5753877e+06 3.38e+04 9.99e+02   0.7 1.71e+03  -0.5 9.83e-04 1.27e-04f  1
 181r 1.5823353e+06 2.91e+04 9.98e+02   0.7 2.10e+03  -1.0 5.21e-04 2.71e-04f  1
 182  1.5823352e+06 2.91e+04 7.99e+01  -6.0 1.48e+04    -  2.11e-05 4.95e-07h  1
 183  1.5823099e+06 2.91e+04 7.99e+01  -6.0 1.99e+04    -  2.64e-05 5.20e-05f  1
 184  1.5822635e+06 2.91e+04 7.99e+01  -6.0 1.11e+04    -  1.10e-04 5.71e-05f  1
 185  1.5823006e+06 2.91e+04 7.99e+01  -6.0 1.46e+03    -  1.73e-04 1.31e-04h  2
 186  1.5823201e+06 2.91e+04 7.98e+01  -6.0 7.89e+02    -  9.27e-04 6.69e-05h  3
 187  1.5823282e+06 2.91e+04 7.97e+01  -6.0 7.37e+02    -  1.51e-03 2.76e-05h  6
 188  1.5823322e+06 2.91e+04 7.96e+01  -6.0 6.93e+02    -  2.21e-03 1.33e-05h  7
 189  1.5825824e+06 2.90e+04 7.95e+01  -6.0 6.32e+02    -  9.17e-04 8.41e-04h  1
iter    objective    inf_pr   inf_du lg(mu)  ||d||  lg(rg) alpha_du alpha_pr  ls
 190  1.5828524e+06 2.90e+04 7.93e+01  -6.0 6.49e+02    -  3.21e-03 8.87e-04h  1
 191  1.5828662e+06 2.90e+04 7.89e+01  -6.0 3.15e+02    -  8.26e-03 4.43e-05h  1
 192  1.5829738e+06 2.90e+04 7.83e+01  -6.0 6.97e+02    -  1.10e-02 3.40e-04h  1
 193  1.5830484e+06 2.90e+04 7.79e+01  -6.0 8.90e+02    -  7.25e-03 2.31e-04h  1
 194  1.5843640e+06 2.87e+04 7.74e+01  -6.0 1.54e+02    -  7.41e-03 4.00e-03h  1
 195  1.5848229e+06 2.86e+04 7.72e+01  -6.0 6.48e+01    -  1.43e-03 1.39e-03h  1
 196  1.5856558e+06 2.85e+04 7.70e+01  -6.0 7.45e+01    -  3.65e-03 2.52e-03h  1
 197  1.5867063e+06 2.83e+04 7.67e+01  -6.0 9.36e+01    -  4.89e-03 3.17e-03h  1
 198  1.5876971e+06 2.81e+04 7.61e+01  -6.0 1.22e+02    -  8.80e-03 2.98e-03h  1
 199  1.5882210e+06 2.81e+04 7.86e+01  -6.0 7.05e+01    -  2.05e-02 1.56e-03h  1
iter    objective    inf_pr   inf_du lg(mu)  ||d||  lg(rg) alpha_du alpha_pr  ls
 200  1.5902946e+06 2.77e+04 8.03e+01  -6.0 7.31e+01    -  1.53e-02 6.10e-03h  1
 201  1.5915531e+06 2.75e+04 8.34e+01  -6.0 6.86e+01    -  1.85e-02 3.67e-03h  1
 202  1.5976875e+06 2.65e+04 8.23e+01  -6.0 6.31e+01  -4.5 1.70e-02 1.78e-02h  1
 203  1.5988608e+06 2.64e+04 8.28e+01  -6.0 2.64e+02  -4.1 6.98e-03 3.41e-03h  1
 204  1.5994239e+06 2.63e+04 8.27e+01  -6.0 4.63e+02  -4.5 2.09e-03 1.65e-03h  1
 205  1.6002825e+06 2.61e+04 8.27e+01  -6.0 3.69e+02  -4.1 3.61e-03 2.50e-03h  1
 206  1.6011509e+06 2.60e+04 8.58e+01  -6.0 2.40e+02  -3.7 1.90e-02 2.52e-03h  1
 207  1.6013478e+06 2.60e+04 8.75e+01  -6.0 3.21e+02  -4.2 9.66e-03 5.74e-04h  1
 208  1.6029337e+06 2.57e+04 9.27e+01  -6.0 5.85e+01  -3.7 3.03e-02 4.52e-03h  1
 209  1.6057883e+06 2.53e+04 9.68e+01  -6.0 7.49e+01  -4.2 3.12e-02 8.13e-03h  1
iter    objective    inf_pr   inf_du lg(mu)  ||d||  lg(rg) alpha_du alpha_pr  ls
 210  1.6060678e+06 2.53e+04 9.86e+01  -6.0 7.24e+01  -3.8 1.00e-02 7.91e-04h  1
 211  1.6062348e+06 2.53e+04 1.02e+02  -6.0 5.90e+01  -3.4 1.93e-02 4.74e-04h  1
 212  1.6068570e+06 2.52e+04 1.07e+02  -6.0 9.46e+01  -3.8 3.00e-02 1.76e-03h  1
 213  1.6092840e+06 2.48e+04 1.06e+02  -6.0 1.05e+02  -3.4 4.27e-03 6.83e-03h  1
 214  1.6116664e+06 2.45e+04 1.09e+02  -6.0 1.30e+02  -3.9 2.91e-02 6.74e-03h  1
 215  1.6159213e+06 2.39e+04 1.09e+02  -6.0 1.34e+02  -4.4 1.80e-02 1.20e-02h  1
 216  1.6172282e+06 2.37e+04 1.38e+02  -6.0 1.14e+02  -3.9 4.13e-02 3.69e-03h  1
 217  1.6182977e+06 2.36e+04 1.35e+02  -6.0 6.66e+01  -4.4 6.96e-04 3.02e-03h  1
 218  1.6189325e+06 2.35e+04 1.38e+02  -6.0 8.36e+01  -4.0 5.27e-03 1.80e-03h  1
 219  1.6211693e+06 2.32e+04 1.34e+02  -6.0 8.27e+01  -4.5 1.92e-03 6.35e-03h  1
iter    objective    inf_pr   inf_du lg(mu)  ||d||  lg(rg) alpha_du alpha_pr  ls
 220  1.6214383e+06 2.32e+04 1.44e+02  -6.0 7.38e+01  -4.1 1.48e-02 7.67e-04h  1
 221  1.6292880e+06 2.21e+04 1.32e+02  -6.0 4.87e+01  -4.5 8.01e-03 2.23e-02h  1
 222  1.6318754e+06 2.18e+04 1.40e+02  -6.0 4.87e+01  -5.0 2.00e-02 7.48e-03h  1
 223  1.6320511e+06 2.18e+04 1.48e+02  -6.0 4.85e+01  -4.6 1.09e-02 5.10e-04h  1
 224  1.6337726e+06 2.16e+04 1.59e+02  -6.0 4.94e+01  -5.1 2.29e-02 5.00e-03h  1
 225  1.6409598e+06 2.07e+04 1.50e+02  -6.0 5.18e+01  -4.6 9.30e-03 2.09e-02h  1
 226  1.6410746e+06 2.07e+04 1.60e+02  -6.0 5.94e+01  -5.1 1.69e-02 3.39e-04h  1
 227  1.6412644e+06 2.06e+04 1.60e+02  -6.0 6.01e+01  -4.7 1.13e-03 5.60e-04h  1
 228  1.6444489e+06 2.03e+04 1.54e+02  -6.0 6.33e+01  -5.2 1.04e-03 9.30e-03h  1
 229  1.6450816e+06 2.02e+04 1.60e+02  -6.0 6.55e+01  -4.7 1.13e-02 1.86e-03h  1
iter    objective    inf_pr   inf_du lg(mu)  ||d||  lg(rg) alpha_du alpha_pr  ls
 230  1.6497381e+06 1.96e+04 1.62e+02  -6.0 6.64e+01  -5.2 2.08e-02 1.37e-02h  1
 231  1.6497435e+06 1.96e+04 1.80e+02  -6.0 1.89e+01  -0.3 7.15e-03 1.62e-05h  1
 232  1.6503865e+06 1.95e+04 1.86e+02  -6.0 1.89e+01   0.2 3.75e-03 1.90e-03h  1
 233  1.6516300e+06 1.94e+04 1.81e+02  -6.0 1.88e+01  -0.3 1.84e-03 3.68e-03h  1
 234  1.6517104e+06 1.94e+04 1.98e+02  -6.0 1.86e+01   0.1 5.26e-03 2.37e-04h  1
 235  1.6550240e+06 1.90e+04 1.76e+02  -6.0 2.58e+01  -0.4 1.32e-03 9.81e-03h  1
 236r 1.6550240e+06 1.90e+04 9.99e+02   0.5 0.00e+00   0.1 0.00e+00 2.72e-07R  5
 237r 1.6518221e+06 1.87e+04 9.99e+02   0.5 6.26e+04    -  2.11e-05 1.91e-05f  1
 238r 1.6527676e+06 1.81e+04 9.99e+02   0.5 7.48e+03    -  3.18e-04 3.97e-05f  1
 239r 1.6558365e+06 1.61e+04 9.98e+02   0.5 5.53e+03    -  2.90e-04 1.49e-04f  1
iter    objective    inf_pr   inf_du lg(mu)  ||d||  lg(rg) alpha_du alpha_pr  ls
 240r 1.6558365e+06 1.61e+04 9.99e+02   0.4 0.00e+00    -  0.00e+00 4.97e-07R  9
 241r 1.6547934e+06 1.56e+04 9.99e+02   0.4 3.27e+04    -  3.77e-05 3.85e-05f  1
 242r 1.6557280e+06 1.51e+04 9.99e+02   0.4 5.47e+03    -  5.29e-04 3.53e-05f  1
 243r 1.6586179e+06 1.36e+04 9.98e+02   0.4 3.30e+03    -  2.35e-04 1.39e-04f  1
 244r 1.6651348e+06 1.03e+04 9.98e+02   0.4 3.01e+03    -  2.91e-04 3.84e-04f  1
 245  1.6651122e+06 1.03e+04 3.27e+02  -6.0 1.86e+04    -  3.90e-05 7.56e-05f  1
 246  1.6651154e+06 1.03e+04 3.27e+02  -6.0 1.18e+04    -  2.35e-05 2.13e-05h  3
 247r 1.6651154e+06 1.03e+04 9.99e+02   0.3 0.00e+00    -  0.00e+00 3.56e-07R  9
 248r 1.6646689e+06 1.02e+04 9.99e+02   0.3 1.98e+05    -  1.25e-04 1.41e-05f  1
 249r 1.6653203e+06 9.78e+03 9.98e+02   0.3 2.67e+04    -  1.25e-03 5.11e-05f  1
iter    objective    inf_pr   inf_du lg(mu)  ||d||  lg(rg) alpha_du alpha_pr  ls
 250r 1.6668510e+06 8.57e+03 9.98e+02   0.3 1.87e+03    -  2.86e-04 2.42e-04f  1
 251  1.6668356e+06 8.57e+03 3.27e+02  -6.0 3.64e+04    -  5.30e-05 2.75e-05f  1
 252r 1.6668356e+06 8.57e+03 9.99e+02   0.2 0.00e+00    -  0.00e+00 4.88e-07R  8
 253r 1.6675406e+06 8.56e+03 9.99e+02   0.2 1.16e+06    -  6.74e-06 1.08e-06f  1
 254r 1.6680376e+06 8.25e+03 9.99e+02   0.2 3.70e+03    -  1.53e-03 4.03e-05f  1
 255r 1.6695601e+06 7.35e+03 9.98e+02   0.2 1.63e+03    -  6.01e-04 2.12e-04f  1
 256r 1.6695601e+06 7.35e+03 9.99e+02   0.2 0.00e+00    -  0.00e+00 9.75e-11R 20
 257r 1.6692848e+06 7.35e+03 1.00e+03   0.2 1.52e+08    -  4.20e-08 8.99e-10f  8
 258r 1.6693985e+06 7.27e+03 1.00e+03   0.2 3.22e+03    -  1.74e-03 1.28e-05f  1
 259r 1.6722285e+06 5.33e+03 9.99e+02   0.2 1.84e+03    -  9.59e-04 5.61e-04f  1
iter    objective    inf_pr   inf_du lg(mu)  ||d||  lg(rg) alpha_du alpha_pr  ls
 260  1.6721809e+06 5.33e+03 1.33e+02  -6.0 1.87e+04    -  7.01e-05 8.81e-05f  1
 261  1.6721726e+06 5.33e+03 1.33e+02  -6.0 1.70e+04    -  1.71e-06 3.47e-05h  1
 262  1.6721778e+06 5.33e+03 1.33e+02  -6.0 7.88e+03    -  9.28e-06 2.81e-05h  4
 263r 1.6721778e+06 5.33e+03 9.99e+02   0.1 0.00e+00    -  0.00e+00 3.25e-07R  9
 264r 1.6721447e+06 5.26e+03 1.00e+03   0.1 7.38e+03    -  3.02e-04 1.27e-05f  1
 265r 1.6729051e+06 4.92e+03 1.00e+03   0.1 2.53e+03    -  2.58e-04 8.22e-05f  1
 266r 1.6744253e+06 3.98e+03 9.99e+02   0.1 2.50e+03    -  3.47e-04 2.78e-04f  1
 267r 1.6764621e+06 2.89e+03 9.99e+02   0.1 2.40e+03    -  2.11e-04 4.65e-04f  1
 268  1.6763780e+06 2.89e+03 1.33e+02  -6.0 1.95e+05    -  4.31e-07 1.02e-05f  1
 269  1.6763769e+06 2.89e+03 1.33e+02  -6.0 7.94e+03    -  5.21e-05 1.96e-05h  1
iter    objective    inf_pr   inf_du lg(mu)  ||d||  lg(rg) alpha_du alpha_pr  ls
 270r 1.6763769e+06 2.89e+03 9.99e+02   0.1 0.00e+00    -  0.00e+00 4.47e-07R  8
 271r 1.6749967e+06 2.87e+03 1.00e+03   0.1 2.20e+05    -  1.81e-05 6.34e-06f  1
 272r 1.6757915e+06 2.70e+03 1.00e+03   0.1 4.52e+03    -  1.13e-03 8.24e-05f  1
 273r 1.6772987e+06 2.16e+03 9.99e+02   0.1 2.22e+03    -  3.46e-04 3.98e-04f  1
 274r 1.6799156e+06 1.54e+03 9.98e+02   0.1 1.80e+03    -  4.17e-04 6.80e-04f  1
 275r 1.6803705e+06 1.50e+03 9.98e+02   0.1 1.59e+04  -2.0 1.38e-05 9.20e-05f  1
 276  1.6802898e+06 1.50e+03 1.33e+02  -6.0 2.42e+04    -  2.63e-06 6.28e-05f  1
 277  1.6802796e+06 1.50e+03 1.33e+02  -6.0 1.86e+04    -  3.20e-05 6.68e-05h  1
 278  1.6802850e+06 1.50e+03 1.33e+02  -6.0 3.58e+03    -  2.48e-04 2.93e-05h  1
 279  1.6802885e+06 1.50e+03 1.33e+02  -6.0 3.73e+03    -  1.23e-04 1.84e-05h  5
iter    objective    inf_pr   inf_du lg(mu)  ||d||  lg(rg) alpha_du alpha_pr  ls
 280  1.6803537e+06 1.50e+03 1.33e+02  -6.0 3.51e+03    -  3.22e-04 3.22e-04s 11
 281  1.6804057e+06 1.50e+03 1.33e+02  -6.0 8.18e+02    -  2.05e-04 2.05e-04s 11
 282  1.6805379e+06 1.50e+03 1.33e+02  -6.0 5.76e+02    -  5.06e-04 5.06e-04s 11
 283  1.6806511e+06 1.49e+03 1.33e+02  -6.0 3.05e+02    -  4.16e-04 4.16e-04s 11
 284  1.6806881e+06 1.49e+03 1.34e+02  -6.0 2.70e+02    -  4.84e-03 0.00e+00S 11
 285  1.6809519e+06 1.49e+03 1.34e+02  -6.0 2.72e+02    -  2.37e-03 9.36e-04h  1
 286  1.6810696e+06 1.49e+03 1.35e+02  -6.0 3.87e+02    -  2.19e-03 4.09e-04h  1
 287  1.6814596e+06 1.49e+03 1.36e+02  -6.0 3.35e+02    -  4.63e-03 1.35e-03h  1
 288  1.6829438e+06 1.47e+03 1.34e+02  -6.0 7.33e+02    -  1.56e-03 5.07e-03h  1
 289  1.6831293e+06 1.47e+03 1.34e+02  -6.0 5.98e+02    -  2.09e-03 6.17e-04h  1
iter    objective    inf_pr   inf_du lg(mu)  ||d||  lg(rg) alpha_du alpha_pr  ls
 290  1.6833144e+06 1.47e+03 1.36e+02  -6.0 5.66e+02    -  7.55e-03 6.14e-04h  1
 291  1.6840557e+06 1.46e+03 1.35e+02  -6.0 4.85e+02    -  2.71e-03 2.46e-03h  1
 292  1.6859172e+06 1.44e+03 1.32e+02  -6.0 2.06e+02    -  4.21e-05 6.14e-03h  1
 293  1.6876094e+06 1.42e+03 1.33e+02  -6.0 1.94e+02    -  9.89e-03 5.56e-03h  1
 294  1.6883737e+06 1.42e+03 1.34e+02  -6.0 1.49e+02    -  1.06e-02 2.50e-03h  1
 295  1.6886392e+06 1.41e+03 1.35e+02  -6.0 8.10e+02    -  2.72e-03 8.78e-04h  1
 296  1.6895060e+06 1.41e+03 1.35e+02  -6.0 2.07e+02    -  4.88e-03 2.86e-03h  1
 297  1.6902699e+06 1.40e+03 1.34e+02  -6.0 2.09e+02    -  3.60e-04 2.52e-03h  1
 298  1.6906302e+06 1.39e+03 1.34e+02  -6.0 1.54e+01  -0.4 4.04e-05 1.13e-03h  1
 299  1.6906523e+06 1.39e+03 1.34e+02  -6.0 1.70e+01  -0.9 1.63e-03 7.05e-05h  1
iter    objective    inf_pr   inf_du lg(mu)  ||d||  lg(rg) alpha_du alpha_pr  ls
 300  1.6909098e+06 1.39e+03 1.34e+02  -6.0 2.31e+01  -1.4 2.82e-04 8.28e-04h  1

Number of Iterations....: 300

                                   (scaled)                 (unscaled)
Objective...............:   1.2249455211571896e+04    1.6909097628792927e+06
Dual infeasibility......:   1.3359997362713730e+02    1.8442085449900875e+04
Constraint violation....:   9.6146892340469248e-01    1.3920022408663306e+03
Variable bound violation:   1.8877040375286924e-07    1.8877040375286924e-07
Complementarity.........:   4.1044721114191471e+00    5.6657964332226140e+02
Overall NLP error.......:   1.3359997362713730e+02    1.8442085449900875e+04


Number of objective function evaluations             = 442
Number of objective gradient evaluations             = 259
Number of equality constraint evaluations            = 442
Number of inequality constraint evaluations          = 442
Number of equality constraint Jacobian evaluations   = 314
Number of inequality constraint Jacobian evaluations = 314
Number of Lagrangian Hessian evaluations             = 300
Total seconds in IPOPT                               = 63.504

EXIT: Maximum Number of Iterations Exceeded.

