Solver command line: ['/opt/homebrew/bin/ipopt', '/var/folders/6y/bvynbx6n3zv7z3lwg6vd724r0000gn/T/tmppafneu92.pyomo.nl', '-AMPL', 'tol=1e-06', 'max_iter=300', 'print_level=5', 'warm_start_init_point=yes', 'warm_start_bound_push=1e-06', 'warm_start_bound_frac=1e-06', 'warm_start_mult_bound_push=1e-06', 'mu_init=1e-06', 'least_square_init_duals=no']

Ipopt 3.14.19: tol=1e-06
max_iter=300
print_level=5
warm_start_init_point=yes
warm_start_bound_push=1e-06
warm_start_bound_frac=1e-06
warm_start_mult_bound_push=1e-06
mu_init=1e-06
least_square_init_duals=no


******************************************************************************
This program contains Ipopt, a library for large-scale nonlinear optimization.
 Ipopt is released as open source code under the Eclipse Public License (EPL).
         For more information visit https://github.com/coin-or/Ipopt
******************************************************************************

This is Ipopt version 3.14.19, running with linear solver MUMPS 5.6.2.

Number of nonzeros in equality constraint Jacobian...:    91135
Number of nonzeros in inequality constraint Jacobian.:    72000
Number of nonzeros in Lagrangian Hessian.............:    51664

Total number of variables............................:    13678
                     variables with only lower bounds:        0
                variables with lower and upper bounds:    13678
                     variables with only upper bounds:        0
Total number of equality constraints.................:    12937
Total number of inequality constraints...............:    18000
        inequality constraints with only lower bounds:        0
   inequality constraints with lower and upper bounds:        0
        inequality constraints with only upper bounds:    18000

iter    objective    inf_pr   inf_du lg(mu)  ||d||  lg(rg) alpha_du alpha_pr  ls
   0  1.8545790e+06 1.43e+01 7.14e+01  -6.0 0.00e+00    -  0.00e+00 0.00e+00   0
   1  1.8541294e+06 1.43e+01 7.14e+01  -6.0 5.07e+01   0.0 3.56e-05 3.33e-05f  1
   2  1.8411529e+06 1.43e+01 7.14e+01  -6.0 1.52e+02  -0.5 2.51e-04 3.66e-04f  1
   3  1.8382333e+06 1.43e+01 7.14e+01  -6.0 4.55e+02  -1.0 2.94e-04 3.31e-05f  1
   4  1.8373338e+06 1.43e+01 7.14e+01  -6.0 1.71e+02  -0.5 1.64e-04 2.35e-05f  1
   5  1.8357593e+06 1.43e+01 7.14e+01  -6.0 5.12e+02  -1.0 2.01e-04 1.65e-05f  1
   6  1.8317696e+06 1.43e+01 7.14e+01  -6.0 1.92e+02  -0.6 8.38e-05 9.57e-05f  1
   7  1.8311292e+06 1.43e+01 7.14e+01  -6.0 5.75e+02  -1.1 4.96e-05 6.38e-06f  1
   8  1.8282889e+06 1.43e+01 7.14e+01  -6.0 2.16e+02  -0.6 6.58e-05 6.49e-05f  1
   9  1.8268129e+06 1.43e+01 7.14e+01  -6.0 6.44e+02  -1.1 2.63e-04 1.38e-05f  1
iter    objective    inf_pr   inf_du lg(mu)  ||d||  lg(rg) alpha_du alpha_pr  ls
  10  1.8220371e+06 1.43e+01 7.13e+01  -6.0 2.38e+02  -0.7 2.62e-05 1.01e-04f  1
  11  1.8215935e+06 1.43e+01 7.13e+01  -6.0 5.81e+02  -1.2 1.64e-04 4.22e-06f  1
  12  1.8191821e+06 1.43e+01 7.13e+01  -6.0 2.21e+02  -0.7 2.53e-04 5.38e-05f  1
  13  1.8156239e+06 1.43e+01 7.13e+01  -6.0 6.20e+02  -1.2 6.70e-05 3.76e-05f  1
  14  1.8143428e+06 1.43e+01 7.13e+01  -6.0 2.14e+02  -0.8 2.56e-05 2.93e-05f  1
  15  1.8132337e+06 1.43e+01 7.13e+01  -6.0 6.05e+02  -1.3 2.22e-04 1.21e-05f  1
  16  1.8100174e+06 1.43e+01 7.13e+01  -6.0 2.39e+02  -0.8 5.08e-05 7.71e-05f  1
  17  1.8072353e+06 1.43e+01 7.13e+01  -6.0 6.51e+02  -1.3 4.38e-05 3.25e-05f  1
  18  1.8060269e+06 1.43e+01 7.13e+01  -6.0 2.67e+02  -0.9 2.97e-05 2.97e-05f  1
  19  1.8056678e+06 1.43e+01 7.13e+01  -6.0 9.11e+02  -1.4 1.98e-05 4.30e-06f  1
iter    objective    inf_pr   inf_du lg(mu)  ||d||  lg(rg) alpha_du alpha_pr  ls
  20  1.8043572e+06 1.43e+01 7.13e+01  -6.0 2.98e+02  -0.9 9.43e-07 3.08e-05f  1
  21  1.8028102e+06 1.43e+01 7.13e+01  -6.0 1.16e+02  -0.5 2.65e-04 7.45e-05f  1
  22  1.8015790e+06 1.43e+01 7.13e+01  -6.0 3.32e+02  -1.0 7.34e-05 2.81e-05f  1
  23  1.8006818e+06 1.43e+01 7.13e+01  -6.0 1.30e+02  -0.6 2.42e-04 4.29e-05f  1
  24  1.7987072e+06 1.43e+01 7.12e+01  -6.0 3.70e+02  -1.0 2.08e-04 4.57e-05f  1
  25  1.7968087e+06 1.43e+01 7.12e+01  -6.0 1.46e+02  -0.6 8.63e-05 9.09e-05f  1
  26  1.7961455e+06 1.43e+01 7.12e+01  -6.0 4.11e+02  -1.1 4.98e-04 1.59e-05f  1
  27  1.7930831e+06 1.43e+01 7.12e+01  -6.0 1.63e+02  -0.7 2.27e-04 1.48e-04f  1
  28  1.7896967e+06 1.43e+01 7.12e+01  -6.0 4.56e+02  -1.1 1.68e-04 8.35e-05f  1
  29  1.7872496e+06 1.43e+01 7.10e+01  -6.0 1.82e+02  -0.7 2.01e-03 1.19e-04f  1
iter    objective    inf_pr   inf_du lg(mu)  ||d||  lg(rg) alpha_du alpha_pr  ls
  30  1.7841736e+06 1.43e+01 7.10e+01  -6.0 5.05e+02  -1.2 9.05e-05 7.65e-05f  1
  31  1.7810842e+06 1.43e+01 7.10e+01  -6.0 2.04e+02  -0.8 2.02e-04 1.52e-04f  1
  32  1.7786436e+06 1.43e+01 7.10e+01  -6.0 5.57e+02  -1.2 1.96e-04 6.08e-05f  1
  33  1.7754372e+06 1.43e+01 7.10e+01  -6.0 2.27e+02  -0.8 4.69e-04 1.55e-04f  1
  34  1.7726434e+06 1.43e+01 7.09e+01  -6.0 6.13e+02  -1.3 4.78e-04 6.71e-05f  1
  35  1.7699196e+06 1.43e+01 7.08e+01  -6.0 2.53e+02  -0.9 1.30e-03 1.32e-04f  1
  36  1.7636682e+06 1.43e+01 7.08e+01  -6.0 7.22e+02  -1.3 4.71e-05 1.50e-04f  1
  37  1.7623997e+06 1.43e+01 7.08e+01  -6.0 2.80e+02  -0.9 3.11e-04 6.09e-05f  1
  38  1.7608688e+06 1.43e+01 7.08e+01  -6.0 1.08e+03  -1.4 3.51e-05 3.45e-05f  1
  39  1.7581967e+06 1.43e+01 7.08e+01  -6.0 3.12e+02  -1.0 9.46e-06 1.24e-04f  1
iter    objective    inf_pr   inf_du lg(mu)  ||d||  lg(rg) alpha_du alpha_pr  ls
  40  1.7580356e+06 1.43e+01 7.08e+01  -6.0 1.63e+03  -1.4 4.92e-04 3.21e-06f  1
  41  1.7538768e+06 1.43e+01 7.08e+01  -6.0 3.46e+02  -1.0 1.43e-05 1.86e-04f  1
  42  1.7538393e+06 1.43e+01 7.08e+01  -6.0 3.23e+03  -1.5 3.05e-04 5.90e-07f  1
  43  1.7498900e+06 1.43e+01 7.08e+01  -6.0 3.84e+02  -1.1 1.39e-05 1.66e-04f  1
  44  1.7498802e+06 1.43e+01 7.08e+01  -6.0 1.48e+04  -1.6 2.97e-05 6.56e-08f  1
  45  1.7455433e+06 1.43e+01 7.08e+01  -6.0 4.74e+02  -1.1 5.39e-06 1.68e-04f  1
  46  1.7438109e+06 1.43e+01 7.06e+01  -6.0 1.70e+02  -0.7 2.69e-03 1.37e-04f  1
  47  1.7386009e+06 1.42e+01 7.06e+01  -6.0 6.24e+02  -1.2 3.12e-04 1.88e-04f  1
  48  1.7370806e+06 1.42e+01 7.02e+01  -6.0 1.90e+02  -0.8 4.81e-03 1.15e-04f  1
  49  1.7293365e+06 1.42e+01 7.02e+01  -6.0 8.62e+02  -1.2 6.40e-04 2.64e-04f  1
iter    objective    inf_pr   inf_du lg(mu)  ||d||  lg(rg) alpha_du alpha_pr  ls
  50  1.7269220e+06 1.42e+01 6.99e+01  -6.0 2.35e+02  -0.8 3.46e-03 1.89e-04f  1
  51  1.7179235e+06 1.42e+01 6.99e+01  -6.0 1.30e+03  -1.3 1.02e-03 2.77e-04f  1
  52  1.7122074e+06 1.42e+01 6.98e+01  -6.0 3.08e+02  -0.9 6.44e-04 4.33e-04f  1
  53  1.7014187e+06 1.42e+01 6.98e+01  -6.0 2.05e+03  -1.3 2.94e-04 2.77e-04f  1
  54  1.7009372e+06 1.42e+01 6.97e+01  -6.0 3.82e+02  -0.9 1.50e-03 3.51e-05f  1
  55  1.6974067e+06 1.42e+01 6.97e+01  -6.0 3.02e+03  -1.4 1.62e-04 7.67e-05f  1
  56  1.6936163e+06 1.42e+01 6.97e+01  -6.0 4.43e+02  -1.0 9.09e-05 2.79e-04f  1
  57  1.6841667e+06 1.42e+01 6.97e+01  -6.0 4.73e+03  -1.4 9.10e-05 1.57e-04f  1
  58  1.6825688e+06 1.42e+01 6.96e+01  -6.0 4.45e+02  -1.0 7.91e-04 1.17e-04f  1
  59  1.6818499e+06 1.42e+01 6.96e+01  -6.0 8.72e+03  -1.5 2.90e-05 7.53e-06f  1
iter    objective    inf_pr   inf_du lg(mu)  ||d||  lg(rg) alpha_du alpha_pr  ls
  60  1.6815783e+06 1.42e+01 6.95e+01  -6.0 3.51e+02  -1.1 1.48e-03 2.63e-05f  1
  61  1.6815530e+06 1.42e+01 6.95e+01  -6.0 8.65e+02  -1.5 5.02e-04 1.16e-06f  1
  62  1.6760568e+06 1.42e+01 6.95e+01  -6.0 3.89e+02  -1.1 7.53e-05 5.03e-04f  1
  63  1.6706144e+06 1.42e+01 6.92e+01  -6.0 9.28e+02  -1.6 3.59e-03 2.37e-04f  1
  64  1.6628207e+06 1.42e+01 6.92e+01  -6.0 4.22e+02  -1.2 3.60e-04 7.03e-04f  1
  65  1.6556116e+06 1.42e+01 6.91e+01  -6.0 9.76e+02  -1.6 9.37e-04 3.03e-04f  1
  66  1.6507856e+06 1.42e+01 6.91e+01  -6.0 4.53e+02  -1.2 5.08e-04 4.20e-04f  1
  67  1.6484711e+06 1.42e+01 6.89e+01  -6.0 1.03e+03  -1.7 2.75e-03 9.35e-05f  1
  68  1.6446704e+06 1.42e+01 6.89e+01  -6.0 4.91e+02  -1.3 2.41e-04 3.21e-04f  1
  69  1.6368361e+06 1.42e+01 6.87e+01  -6.0 1.08e+03  -1.7 2.39e-03 3.03e-04f  1
iter    objective    inf_pr   inf_du lg(mu)  ||d||  lg(rg) alpha_du alpha_pr  ls
  70  1.6359131e+06 1.42e+01 6.86e+01  -6.0 4.78e+02  -1.3 7.71e-04 7.73e-05f  1
  71  1.6291080e+06 1.42e+01 6.86e+01  -6.0 2.07e+03  -1.8 9.09e-04 2.91e-04f  1
  72  1.6266386e+06 1.42e+01 6.85e+01  -6.0 2.41e+02  -1.4 1.37e-03 3.17e-04f  1
  73  1.6237147e+06 1.42e+01 6.84e+01  -6.0 9.18e+01  -0.9 1.23e-03 8.26e-04f  1
  74  1.6209601e+06 1.41e+01 6.84e+01  -6.0 2.63e+02  -1.4 4.54e-04 3.45e-04f  1
  75  1.6203914e+06 1.41e+01 6.84e+01  -6.0 1.00e+02  -1.0 5.77e-05 1.56e-04f  1
  76  1.6163891e+06 1.41e+01 6.84e+01  -6.0 2.88e+02  -1.5 1.43e-04 4.64e-04f  1
  77  1.6158726e+06 1.41e+01 6.83e+01  -6.0 1.09e+02  -1.0 1.87e-04 1.33e-04f  1
  78  1.6135433e+06 1.41e+01 6.82e+01  -6.0 3.24e+02  -1.5 1.41e-03 2.48e-04f  1
  79  1.6112418e+06 1.41e+01 6.82e+01  -6.0 1.22e+02  -1.1 3.59e-04 5.66e-04f  1
iter    objective    inf_pr   inf_du lg(mu)  ||d||  lg(rg) alpha_du alpha_pr  ls
  80  1.6080836e+06 1.41e+01 6.82e+01  -6.0 5.59e+02  -1.6 1.64e-04 3.09e-04f  1
  81  1.6066243e+06 1.41e+01 6.81e+01  -6.0 1.37e+02  -1.1 1.69e-03 3.33e-04f  1
  82  1.6044857e+06 1.41e+01 6.80e+01  -6.0 1.11e+03  -1.6 6.19e-04 1.78e-04f  1
  83  1.6027447e+06 1.41e+01 6.79e+01  -6.0 1.54e+02  -1.2 2.21e-03 3.72e-04f  1
  84  1.5980951e+06 1.41e+01 6.78e+01  -6.0 2.47e+03  -1.7 1.94e-03 3.04e-04f  1
  85  1.5951218e+06 1.41e+01 6.77e+01  -6.0 1.66e+02  -1.2 6.89e-04 6.02e-04f  1
  86  1.5948532e+06 1.41e+01 6.76e+01  -6.0 6.27e+01  -0.8 2.13e-03 1.35e-04f  1
  87  1.5905325e+06 1.41e+01 6.74e+01  -6.0 1.86e+02  -1.3 2.34e-03 8.19e-04f  1
  88  1.5889039e+06 1.41e+01 6.73e+01  -6.0 6.64e+01  -0.9 9.74e-04 8.08e-04f  1
  89  1.5848233e+06 1.41e+01 6.78e+01  -6.0 1.78e+03  -1.3 1.24e-03 4.61e-04f  1
iter    objective    inf_pr   inf_du lg(mu)  ||d||  lg(rg) alpha_du alpha_pr  ls
  90  1.5848185e+06 1.41e+01 6.83e+01  -6.0 7.25e+01  -0.9 6.79e-04 2.36e-06f  1
  91  1.5820422e+06 1.41e+01 6.97e+01  -6.0 2.54e+02  -1.4 2.74e-03 5.12e-04f  1
  92  1.5812957e+06 1.41e+01 7.04e+01  -6.0 8.02e+01  -1.0 1.51e-03 3.78e-04f  1
  93  1.5758896e+06 1.40e+01 7.02e+01  -6.0 2.88e+02  -1.4 6.80e-04 9.87e-04f  1
  94  1.5746908e+06 1.40e+01 7.01e+01  -6.0 8.92e+01  -1.0 1.56e-04 5.83e-04f  1
  95  1.5726924e+06 1.40e+01 7.01e+01  -6.0 6.82e+02  -1.5 4.48e-04 3.02e-04f  1
  96  1.5722403e+06 1.40e+01 7.01e+01  -6.0 1.03e+02  -1.1 1.48e-03 2.12e-04f  1
  97  1.5692484e+06 1.40e+01 7.01e+01  -6.0 7.28e+03  -1.6 9.86e-05 1.76e-04f  1
  98  1.5686901e+06 1.40e+01 7.00e+01  -6.0 1.10e+02  -1.1 2.25e-07 2.52e-04f  1
  99  1.5625302e+06 1.40e+01 7.00e+01  -6.0 5.77e+02  -1.6 5.39e-04 8.47e-04f  1
iter    objective    inf_pr   inf_du lg(mu)  ||d||  lg(rg) alpha_du alpha_pr  ls
 100  1.5625235e+06 1.40e+01 7.00e+01  -6.0 1.24e+02  -1.2 4.77e-04 2.79e-06f  1
 101  1.5621276e+06 1.40e+01 7.00e+01  -6.0 5.21e+01  -0.8 6.61e-05 4.92e-04f  1
 102  1.5616987e+06 1.40e+01 6.99e+01  -6.0 1.53e+02  -1.2 8.27e-04 1.66e-04f  1
 103  1.5611880e+06 1.40e+01 6.99e+01  -6.0 5.76e+01  -0.8 1.29e-03 6.06e-04f  1
 104  1.5596576e+06 1.40e+01 6.99e+01  -6.0 1.98e+02  -1.3 5.05e-04 5.36e-04f  1
 105  1.5590976e+06 1.40e+01 6.98e+01  -6.0 6.33e+01  -0.9 3.84e-03 5.92e-04f  1
 106  1.5568556e+06 1.40e+01 6.98e+01  -6.0 2.71e+02  -1.3 1.52e-03 7.01e-04f  1
 107  1.5567697e+06 1.40e+01 6.98e+01  -6.0 7.03e+01  -0.9 8.44e-03 8.21e-05f  1
 108  1.5532051e+06 1.39e+01 6.97e+01  -6.0 3.62e+02  -1.4 2.03e-03 1.00e-03f  1
 109  1.5514351e+06 1.39e+01 6.96e+01  -6.0 7.82e+01  -1.0 2.44e-03 1.59e-03f  1
iter    objective    inf_pr   inf_du lg(mu)  ||d||  lg(rg) alpha_du alpha_pr  ls
 110  1.5491231e+06 1.39e+01 6.95e+01  -6.0 2.77e+02  -1.4 3.57e-03 6.60e-04f  1
 111  1.5481793e+06 1.39e+01 6.95e+01  -6.0 8.69e+01  -1.0 8.81e-03 8.30e-04f  1
 112  1.5458794e+06 1.39e+01 6.94e+01  -6.0 2.04e+03  -1.5 2.15e-08 6.16e-04f  1
 113  1.5443857e+06 1.39e+01 6.94e+01  -6.0 9.72e+01  -1.1 5.91e-03 1.18e-03f  1
 114  1.5428991e+06 1.39e+01 6.93e+01  -6.0 4.78e+02  -1.5 1.63e-03 3.64e-04f  1
 115  1.5418122e+06 1.39e+01 6.93e+01  -6.0 1.08e+02  -1.1 4.35e-04 8.02e-04f  1
 116  1.5398771e+06 1.39e+01 6.92e+01  -6.0 2.64e+02  -1.6 2.56e-03 4.59e-04f  1
 117  1.5382420e+06 1.38e+01 6.92e+01  -6.0 1.19e+02  -1.2 2.29e-03 1.09e-03f  1
 118  1.5373791e+06 1.38e+01 6.92e+01  -6.0 3.37e+02  -1.6 2.14e-04 2.07e-04f  1
 119  1.5364935e+06 1.38e+01 6.91e+01  -6.0 1.33e+02  -1.2 3.81e-04 5.99e-04f  1
iter    objective    inf_pr   inf_du lg(mu)  ||d||  lg(rg) alpha_du alpha_pr  ls
 120  1.5362871e+06 1.38e+01 6.91e+01  -6.0 4.65e+02  -1.7 5.93e-04 4.33e-05f  1
 121  1.5336030e+06 1.38e+01 6.90e+01  -6.0 1.46e+02  -1.3 1.09e-02 1.65e-03f  1
 122  1.5330929e+06 1.38e+01 6.90e+01  -6.0 7.70e+02  -1.7 5.46e-04 1.05e-04f  1
 123  1.5325418e+06 1.38e+01 6.90e+01  -6.0 1.56e+02  -1.3 3.18e-04 3.38e-04f  1
 124  1.5321722e+06 1.38e+01 6.90e+01  -6.0 2.30e+03  -1.8 1.72e-04 5.51e-05f  1
 125  1.5300790e+06 1.38e+01 6.89e+01  -6.0 1.68e+02  -1.4 7.25e-04 1.17e-03f  1
 126  1.5295808e+06 1.38e+01 6.88e+01  -6.0 7.15e+01  -0.9 7.32e-03 9.55e-04f  1
 127  1.5278301e+06 1.38e+01 6.87e+01  -6.0 1.40e+02  -1.4 1.81e-03 1.11e-03f  1
 128  1.5268575e+06 1.37e+01 6.86e+01  -6.0 3.61e+01  -1.0 5.45e-04 2.70e-03f  1
 129  1.5263291e+06 1.37e+01 6.85e+01  -6.0 2.19e+02  -1.5 1.90e-03 3.57e-04f  1
iter    objective    inf_pr   inf_du lg(mu)  ||d||  lg(rg) alpha_du alpha_pr  ls
 130  1.5259307e+06 1.37e+01 6.84e+01  -6.0 4.23e+01  -1.0 3.05e-04 1.19e-03f  1
 131  1.5245335e+06 1.37e+01 6.84e+01  -6.0 3.57e+02  -1.5 9.86e-04 9.03e-04f  1
 132  1.5242965e+06 1.37e+01 6.83e+01  -6.0 5.71e+01  -1.1 2.45e-03 6.32e-04f  1
 133  1.5238762e+06 1.37e+01 6.83e+01  -6.0 2.07e+03  -1.6 1.89e-03 1.27e-04f  1
 134  1.5238564e+06 1.37e+01 6.83e+01  -6.0 4.29e+01  -1.1 4.91e-04 5.42e-05f  1
 135  1.5232627e+06 1.37e+01 6.83e+01  -6.0 1.37e+02  -1.6 5.74e-04 4.19e-04f  1
 136  1.5228782e+06 1.37e+01 6.82e+01  -6.0 4.58e+01  -1.2 1.57e-03 8.96e-04f  1
 137  1.5215866e+06 1.36e+01 6.82e+01  -6.0 2.20e+02  -1.7 1.77e-03 7.99e-04f  1
 138  1.5209085e+06 1.36e+01 6.81e+01  -6.0 5.13e+01  -1.2 1.22e-03 1.42e-03f  1
 139  1.5209665e+06 1.36e+01 6.80e+01  -6.0 2.49e+01  -0.8 1.64e-02 1.25e-03h  1
iter    objective    inf_pr   inf_du lg(mu)  ||d||  lg(rg) alpha_du alpha_pr  ls
 140  1.5200617e+06 1.36e+01 6.79e+01  -6.0 5.81e+01  -1.3 3.43e-03 1.67e-03f  1
 141  1.5176126e+06 1.36e+01 6.78e+01  -6.0 2.14e+02  -1.8 8.07e-04 1.43e-03f  1
 142  1.5171701e+06 1.36e+01 6.77e+01  -6.0 7.54e+01  -1.3 5.65e-03 7.80e-04f  1
 143  1.5165334e+06 1.36e+01 6.77e+01  -6.0 4.65e+02  -1.8 1.07e-03 3.29e-04f  1
 144  1.5151422e+06 1.35e+01 6.76e+01  -6.0 9.08e+01  -1.4 5.20e-03 2.13e-03f  1
 145  1.5151230e+06 1.35e+01 6.75e+01  -6.0 3.37e+01  -1.0 1.90e-02 8.07e-04h  1
 146  1.5134437e+06 1.35e+01 6.73e+01  -6.0 1.09e+02  -1.5 5.28e-03 2.48e-03f  1
 147  1.5133175e+06 1.34e+01 6.72e+01  -6.0 3.85e+01  -1.0 8.33e-03 2.43e-03f  1
 148  1.5124991e+06 1.34e+01 6.71e+01  -6.0 1.34e+02  -1.5 2.91e-03 1.12e-03f  1
 149  1.5123483e+06 1.34e+01 6.69e+01  -6.0 4.28e+01  -1.1 1.24e-02 2.39e-03f  1
iter    objective    inf_pr   inf_du lg(mu)  ||d||  lg(rg) alpha_du alpha_pr  ls
 150  1.5115270e+06 1.34e+01 6.69e+01  -6.0 1.46e+02  -1.6 5.73e-03 1.34e-03f  1
 151  1.5115096e+06 1.34e+01 6.68e+01  -6.0 4.34e+01  -1.1 9.81e-03 7.88e-04h  1
 152  1.5112600e+06 1.34e+01 6.68e+01  -6.0 1.77e+02  -1.6 3.17e-08 3.77e-04f  1
 153  1.5111021e+06 1.33e+01 6.66e+01  -6.0 5.20e+01  -1.2 3.07e-03 2.75e-03f  1
 154  1.5095356e+06 1.33e+01 6.65e+01  -6.0 2.16e+02  -1.7 2.25e-03 2.14e-03f  1
 155  1.5094447e+06 1.33e+01 6.64e+01  -6.0 5.42e+01  -1.2 1.07e-03 1.30e-03f  1
 156  1.5093927e+06 1.33e+01 6.64e+01  -6.0 2.17e+02  -1.7 6.28e-03 7.26e-05f  1
 157  1.5092002e+06 1.32e+01 6.62e+01  -6.0 5.84e+01  -1.3 4.06e-04 2.84e-03f  1
 158  1.5096743e+06 1.32e+01 6.60e+01  -6.0 2.07e+01  -0.9 2.11e-02 2.08e-03h  1
 159  1.5095821e+06 1.32e+01 6.59e+01  -6.0 6.02e+01  -1.3 2.28e-03 1.89e-03f  1
iter    objective    inf_pr   inf_du lg(mu)  ||d||  lg(rg) alpha_du alpha_pr  ls
 160  1.5106556e+06 1.31e+01 6.56e+01  -6.0 2.35e+01  -0.9 1.31e-02 4.60e-03h  1
 161  1.5106015e+06 1.31e+01 6.55e+01  -6.0 5.83e+01  -1.4 9.31e-04 1.03e-03f  1
 162  1.5106859e+06 1.31e+01 6.55e+01  -6.0 2.07e+01  -1.0 3.59e-03 3.76e-04h  1
 163  1.5105606e+06 1.31e+01 6.54e+01  -6.0 4.72e+01  -1.4 2.03e-03 1.96e-03f  1
 164  1.5107463e+06 1.31e+01 6.53e+01  -6.0 2.02e+01  -1.0 3.90e-03 8.21e-04h  1
 165  1.5107318e+06 1.31e+01 6.53e+01  -6.0 7.55e+01  -1.5 1.26e-03 5.46e-04h  1
 166  1.5112979e+06 1.30e+01 6.51e+01  -6.0 2.11e+01  -1.1 1.03e-03 2.39e-03h  1
 167  1.5112939e+06 1.30e+01 6.51e+01  -6.0 6.57e+01  -1.5 1.53e-03 7.54e-04h  1
 168  1.5115187e+06 1.30e+01 6.50e+01  -6.0 2.35e+01  -1.1 5.55e-04 9.56e-04h  1
 169  1.5115316e+06 1.30e+01 6.49e+01  -6.0 7.34e+01  -1.6 8.74e-04 1.47e-03h  1
iter    objective    inf_pr   inf_du lg(mu)  ||d||  lg(rg) alpha_du alpha_pr  ls
 170  1.5117361e+06 1.30e+01 6.49e+01  -6.0 2.25e+01  -1.2 2.22e-03 8.41e-04h  1
 171  1.5117187e+06 1.30e+01 6.48e+01  -6.0 8.62e+01  -1.6 2.14e-03 5.42e-04h  1
 172  1.5120060e+06 1.30e+01 6.48e+01  -6.0 2.50e+01  -1.2 1.18e-03 1.29e-03h  1
 173  1.5119491e+06 1.30e+01 6.47e+01  -6.0 1.10e+02  -1.7 9.42e-03 8.94e-04f  1
 174  1.5124688e+06 1.29e+01 6.45e+01  -6.0 2.82e+01  -1.3 1.88e-03 2.48e-03h  1
 175  1.5122740e+06 1.29e+01 6.44e+01  -6.0 1.89e+02  -1.7 2.56e-03 2.22e-03f  1
 176  1.5127878e+06 1.29e+01 6.42e+01  -6.0 3.33e+01  -1.3 3.49e-03 2.45e-03h  1
 177  1.5126326e+06 1.28e+01 6.42e+01  -6.0 7.02e+02  -1.8 5.93e-03 9.14e-04f  1
 178  1.5131803e+06 1.28e+01 6.40e+01  -6.0 3.02e+01  -1.4 1.32e-02 2.61e-03h  1
 179  1.5131494e+06 1.28e+01 6.40e+01  -6.0 8.18e+01  -1.8 7.01e-04 8.12e-04f  1
iter    objective    inf_pr   inf_du lg(mu)  ||d||  lg(rg) alpha_du alpha_pr  ls
 180  1.5134101e+06 1.28e+01 6.39e+01  -6.0 3.42e+01  -1.4 2.94e-03 1.28e-03h  1
 181  1.5133253e+06 1.28e+01 6.38e+01  -6.0 3.54e+02  -1.9 1.53e-03 1.57e-03f  1
 182  1.5135736e+06 1.28e+01 6.37e+01  -6.0 3.79e+01  -1.5 6.74e-03 1.22e-03h  1
 183  1.5145747e+06 1.27e+01 6.35e+01  -6.0 1.97e+01  -1.0 1.50e-02 3.01e-03h  1
 184  1.5151786e+06 1.27e+01 6.33e+01  -6.0 4.30e+01  -1.5 5.46e-03 3.13e-03h  1
 185  1.5158752e+06 1.26e+01 6.32e+01  -6.0 2.05e+01  -1.1 2.52e-02 2.12e-03h  1
 186  1.5161153e+06 1.26e+01 6.31e+01  -6.0 4.05e+01  -1.6 1.13e-02 1.19e-03h  1
 187  1.5178725e+06 1.26e+01 6.28e+01  -6.0 1.88e+01  -1.1 3.35e-02 5.21e-03h  1
 188  1.5187457e+06 1.25e+01 6.25e+01  -6.0 4.46e+01  -1.6 1.28e-03 4.03e-03h  1
 189  1.5190884e+06 1.25e+01 6.25e+01  -6.0 2.02e+01  -1.2 1.76e-02 1.02e-03h  1
iter    objective    inf_pr   inf_du lg(mu)  ||d||  lg(rg) alpha_du alpha_pr  ls
 190  1.5199801e+06 1.24e+01 6.22e+01  -6.0 4.89e+01  -1.7 1.57e-03 4.14e-03h  1
 191  1.5220832e+06 1.24e+01 6.18e+01  -6.0 2.17e+01  -1.2 3.02e-02 6.32e-03h  1
 192  1.5221648e+06 1.24e+01 6.18e+01  -6.0 5.03e+01  -1.7 2.44e-03 3.83e-04h  1
 193  1.5247917e+06 1.23e+01 6.13e+01  -6.0 2.34e+01  -1.3 1.17e-03 7.94e-03h  1
 194  1.5262871e+06 1.22e+01 6.11e+01  -6.0 1.33e+01  -0.9 5.19e-02 3.90e-03h  1
 195  1.5276012e+06 1.22e+01 6.08e+01  -6.0 2.52e+01  -1.3 7.94e-03 4.07e-03h  1
 196  1.5284588e+06 1.21e+01 6.07e+01  -6.0 1.41e+01  -0.9 2.94e-02 2.26e-03h  1
 197  1.5303081e+06 1.21e+01 6.03e+01  -6.0 2.70e+01  -1.4 2.08e-02 5.66e-03h  1
 198  1.5360049e+06 1.19e+01 5.94e+01  -6.0 1.50e+01  -1.0 1.62e-02 1.51e-02h  1
 199  1.5367887e+06 1.19e+01 5.93e+01  -6.0 2.89e+01  -1.5 3.02e-02 2.44e-03h  1
iter    objective    inf_pr   inf_du lg(mu)  ||d||  lg(rg) alpha_du alpha_pr  ls
 200  1.5401511e+06 1.18e+01 5.87e+01  -6.0 1.59e+01  -1.0 4.89e-03 8.97e-03h  1
 201  1.5415092e+06 1.17e+01 5.85e+01  -6.0 3.10e+01  -1.5 1.62e-02 4.31e-03h  1
 202  1.5424190e+06 1.17e+01 5.83e+01  -6.0 1.69e+01  -1.1 4.10e-02 2.47e-03h  1
 203  1.5440752e+06 1.16e+01 5.80e+01  -6.0 3.34e+01  -1.6 5.44e-02 5.27e-03h  1
 204  1.5503653e+06 1.14e+01 5.70e+01  -6.0 1.80e+01  -1.1 3.37e-02 1.72e-02h  1
 205  1.5512373e+06 1.14e+01 5.69e+01  -6.0 3.56e+01  -1.6 3.34e-02 2.81e-03h  1
 206  1.5546067e+06 1.13e+01 5.63e+01  -6.0 1.91e+01  -1.2 2.30e-03 9.35e-03h  1
 207  1.5553463e+06 1.13e+01 5.62e+01  -6.0 3.81e+01  -1.7 1.06e-03 2.40e-03h  1
 208  1.5583927e+06 1.12e+01 5.57e+01  -6.0 2.05e+01  -1.2 4.59e-03 8.62e-03h  1
 209  1.5601214e+06 1.11e+01 5.54e+01  -6.0 4.07e+01  -1.7 6.74e-03 5.67e-03h  1
iter    objective    inf_pr   inf_du lg(mu)  ||d||  lg(rg) alpha_du alpha_pr  ls
 210  1.5637341e+06 1.10e+01 5.48e+01  -6.0 2.18e+01  -1.3 1.72e-02 1.03e-02h  1
 211  1.5697723e+06 1.08e+01 5.39e+01  -6.0 1.23e+01  -0.9 3.89e-03 1.64e-02h  1
 212  1.5719146e+06 1.07e+01 5.36e+01  -6.0 2.33e+01  -1.3 6.14e-03 6.32e-03h  1
 213  1.5744465e+06 1.07e+01 5.32e+01  -6.0 1.30e+01  -0.9 9.70e-03 7.05e-03h  1
 214  1.5782364e+06 1.05e+01 5.26e+01  -6.0 2.40e+01  -1.4 1.60e-02 1.11e-02h  1
 215  1.5827866e+06 1.04e+01 5.20e+01  -6.0 1.32e+01  -1.0 3.04e-03 1.27e-02h  1
 216  1.5837815e+06 1.04e+01 5.18e+01  -6.0 2.56e+01  -1.4 2.05e-02 3.00e-03h  1
 217  1.5841748e+06 1.04e+01 5.18e+01  -6.0 1.40e+01  -1.0 2.54e-03 1.12e-03h  1
 218  1.5865298e+06 1.03e+01 5.14e+01  -6.0 2.75e+01  -1.5 2.70e-02 7.22e-03h  1
 219  1.5943726e+06 1.01e+01 5.02e+01  -6.0 1.49e+01  -1.1 3.93e-03 2.27e-02h  1
iter    objective    inf_pr   inf_du lg(mu)  ||d||  lg(rg) alpha_du alpha_pr  ls
 220  1.5950731e+06 1.00e+01 5.01e+01  -6.0 1.01e+02  -1.5 2.08e-03 2.32e-03h  1
 221  1.5975059e+06 9.95e+00 4.97e+01  -6.0 1.59e+01  -1.1 4.08e-04 7.24e-03h  1
 222  1.5976227e+06 9.95e+00 4.97e+01  -6.0 3.16e+01  -1.6 5.63e-03 3.76e-04h  1
 223  1.6048158e+06 9.74e+00 4.86e+01  -6.0 1.70e+01  -1.2 3.01e-02 2.17e-02h  1
 224  1.6048722e+06 9.73e+00 4.86e+01  -6.0 9.91e+00  -0.7 4.14e-02 1.68e-04h  1
 225  1.6075859e+06 9.65e+00 4.82e+01  -6.0 1.87e+01  -1.2 5.00e-03 8.39e-03h  1
 226  1.6116542e+06 9.53e+00 4.76e+01  -6.0 9.79e+00  -0.8 6.98e-03 1.23e-02h  1
 227  1.6165756e+06 9.39e+00 4.69e+01  -6.0 8.92e+00  -0.4 1.90e-03 1.48e-02h  1
 228  1.6166466e+06 9.39e+00 4.69e+01  -6.0 1.13e+01  -0.8 2.43e-02 2.21e-04h  1
 229  1.6270826e+06 9.09e+00 4.76e+01  -6.0 8.86e+00  -0.4 5.13e-05 3.20e-02h  1
iter    objective    inf_pr   inf_du lg(mu)  ||d||  lg(rg) alpha_du alpha_pr  ls
 230  1.6271510e+06 9.09e+00 4.54e+01  -6.0 1.17e+01  -0.9 2.65e-02 2.20e-04h  1
 231  1.6318652e+06 8.95e+00 4.71e+01  -6.0 8.67e+00  -0.5 5.66e-05 1.49e-02h  1
 232  1.6318942e+06 8.95e+00 4.47e+01  -6.0 1.24e+01  -0.9 2.43e-02 9.47e-05h  1
 233  1.6335503e+06 8.90e+00 4.45e+01  -6.0 8.64e+00  -0.5 1.38e-04 5.32e-03h  1
 234  1.6335538e+06 8.90e+00 4.45e+01  -6.0 1.44e+01  -1.0 3.66e-03 1.16e-05h  1
 235  1.6338015e+06 8.90e+00 4.44e+01  -6.0 1.28e+01  -0.6 4.88e-05 7.93e-04h  1
 236  1.6339661e+06 8.89e+00 4.44e+01  -6.0 1.39e+01  -1.0 2.52e-04 5.38e-04h  1
 237  1.6346652e+06 8.87e+00 4.43e+01  -6.0 1.26e+01  -0.6 6.08e-04 2.24e-03h  1
 238  1.6355830e+06 8.84e+00 4.42e+01  -6.0 1.32e+01  -1.1 1.07e-02 3.03e-03h  1
 239  1.6365679e+06 8.82e+00 4.40e+01  -6.0 1.18e+01  -0.7 1.25e-03 3.20e-03h  1
iter    objective    inf_pr   inf_du lg(mu)  ||d||  lg(rg) alpha_du alpha_pr  ls
 240r 1.6365679e+06 8.82e+00 9.99e+02   0.5 0.00e+00  -1.1 0.00e+00 3.90e-07R  3
 241r 1.6365546e+06 8.73e+00 9.99e+02   0.5 3.64e+07    -  4.79e-09 3.04e-08f  1
 242r 1.6420598e+06 8.61e+00 9.99e+02   0.5 4.10e+03    -  2.80e-05 3.51e-05f  1
 243r 1.6516758e+06 8.40e+00 9.99e+02   0.5 3.10e+03    -  4.84e-05 6.13e-05f  1
 244r 1.6581954e+06 8.25e+00 9.99e+02   0.5 2.80e+03    -  1.32e-04 4.46e-05f  1
 245  1.6581709e+06 8.25e+00 1.37e+02  -6.0 1.09e+06    -  1.75e-06 6.46e-08f  1
 246  1.6582821e+06 8.25e+00 1.37e+02  -6.0 5.43e+01  -1.6 1.14e-03 4.66e-04h  1
 247  1.6584573e+06 8.23e+00 1.37e+02  -6.0 1.20e+02  -2.1 1.60e-03 1.41e-03h  1
 248  1.6584453e+06 8.23e+00 1.37e+02  -6.0 3.26e+02  -2.6 1.35e-03 8.14e-05f  1
 249  1.6582460e+06 8.23e+00 1.37e+02  -6.0 7.61e+02  -3.1 6.02e-04 3.11e-04f  1
iter    objective    inf_pr   inf_du lg(mu)  ||d||  lg(rg) alpha_du alpha_pr  ls
 250  1.6582139e+06 8.23e+00 1.37e+02  -6.0 5.22e+03  -3.5 7.41e-05 2.11e-05f  1
 251  1.6576151e+06 8.23e+00 1.37e+02  -6.0 3.94e+03  -4.0 1.51e-04 2.29e-04f  1
 252  1.6574575e+06 8.23e+00 1.37e+02  -6.0 1.63e+03  -3.6 1.15e-03 1.56e-04f  1
 253  1.6572723e+06 8.23e+00 1.37e+02  -6.0 2.96e+03  -4.1 4.20e-04 1.24e-04f  1
 254  1.6570270e+06 8.23e+00 1.37e+02  -6.0 1.09e+03  -3.6 1.84e-03 4.56e-04f  1
 255  1.6569404e+06 8.22e+00 1.37e+02  -6.0 1.36e+04  -4.1 2.83e-04 6.47e-05f  1
 256  1.6568918e+06 8.22e+00 1.37e+02  -6.0 9.48e+02  -3.7 3.80e-04 1.73e-04f  1
 257  1.6568007e+06 8.22e+00 1.37e+02  -6.0 9.72e+02  -3.7 2.12e-04 3.55e-04f  1
 258  1.6568046e+06 8.22e+00 1.37e+02  -6.0 4.41e+02  -3.3 8.50e-05 1.77e-04h  2
 259  1.6567840e+06 8.22e+00 1.36e+02  -6.0 8.91e+02  -3.8 4.15e-05 1.09e-04f  1
iter    objective    inf_pr   inf_du lg(mu)  ||d||  lg(rg) alpha_du alpha_pr  ls
 260  1.6568082e+06 8.22e+00 1.36e+02  -6.0 4.28e+02  -3.4 1.52e-03 3.24e-04h  2
 261  1.6567832e+06 8.21e+00 1.36e+02  -6.0 1.64e+03  -3.8 1.16e-04 2.75e-04f  1
 262r 1.6567832e+06 8.21e+00 9.99e+02   0.5 0.00e+00  -3.4 0.00e+00 4.13e-07R  8
 263r 1.6567255e+06 8.21e+00 9.99e+02   0.5 1.21e+07    -  1.10e-10 8.83e-09f  1
 264r 1.6615829e+06 8.10e+00 9.99e+02   0.5 5.53e+03    -  7.18e-08 3.23e-05f  1
 265r 1.6684740e+06 7.94e+00 9.99e+02   0.5 3.05e+03    -  1.34e-04 4.59e-05f  1
 266r 1.6726629e+06 7.83e+00 9.99e+02   0.5 2.35e+03    -  1.56e-04 3.18e-05f  1
 267r 1.6795144e+06 7.65e+00 9.99e+02   0.5 2.02e+03    -  1.20e-04 5.98e-05f  1
 268r 1.6860826e+06 7.46e+00 9.99e+02   0.5 1.87e+03    -  1.82e-04 6.80e-05f  1
 269r 1.6929659e+06 7.23e+00 9.99e+02   0.5 1.64e+03    -  1.81e-04 9.09e-05f  1
iter    objective    inf_pr   inf_du lg(mu)  ||d||  lg(rg) alpha_du alpha_pr  ls
 270r 1.6987206e+06 6.99e+00 9.99e+02   0.5 1.40e+03    -  1.10e-04 9.95e-05f  1
 271r 1.7084105e+06 6.57e+00 9.98e+02   0.5 1.28e+03    -  2.34e-04 1.89e-04f  1
 272r 1.7125266e+06 6.38e+00 9.98e+02   0.5 9.33e+02    -  1.26e-04 1.02e-04f  1
 273r 1.7168003e+06 6.16e+00 9.98e+02   0.5 8.96e+02    -  1.85e-04 1.20e-04f  1
 274r 1.7204797e+06 5.96e+00 9.98e+02   0.5 8.52e+02    -  1.38e-04 1.24e-04f  1
 275r 1.7245453e+06 5.72e+00 9.98e+02   0.5 9.79e+02    -  1.08e-04 1.57e-04f  1
 276r 1.7271651e+06 5.67e+00 9.98e+02   0.5 1.10e+03    -  1.85e-04 1.14e-04f  1
 277r 1.7305567e+06 5.65e+00 9.98e+02   0.5 1.21e+03    -  3.30e-04 1.66e-04f  1
 278r 1.7393953e+06 5.59e+00 9.97e+02   0.5 8.84e+02    -  8.80e-05 4.99e-04f  1
 279r 1.7409180e+06 5.58e+00 9.97e+02   0.5 1.05e+03    -  2.40e-04 1.01e-04f  1
iter    objective    inf_pr   inf_du lg(mu)  ||d||  lg(rg) alpha_du alpha_pr  ls
 280r 1.7445285e+06 5.55e+00 9.97e+02   0.5 1.10e+03    -  5.11e-04 2.60e-04f  1
 281r 1.7533858e+06 5.45e+00 9.96e+02   0.5 7.30e+02    -  2.01e-04 7.24e-04f  1
 282r 1.7608152e+06 5.33e+00 9.95e+02   0.5 6.66e+02    -  3.67e-04 6.99e-04f  1
 283r 1.7677530e+06 5.22e+00 9.95e+02   0.5 1.10e+03    -  3.93e-04 6.89e-04f  1
 284r 1.7831027e+06 5.01e+00 9.95e+02   0.5 8.95e+02    -  3.47e-04 1.64e-03f  1
 285  1.7830984e+06 5.01e+00 1.37e+02  -6.0 1.70e+03  -3.9 7.49e-05 2.47e-06f  1
 286  1.7829480e+06 5.01e+00 1.37e+02  -6.0 2.66e+05    -  3.51e-06 5.37e-06f  1
 287  1.7828477e+06 5.01e+00 1.37e+02  -6.0 6.53e+04    -  1.63e-05 9.07e-06f  1
 288  1.7828286e+06 5.01e+00 1.37e+02  -6.0 1.27e+03  -3.9 3.99e-04 1.84e-05f  1
 289  1.7827403e+06 5.01e+00 1.37e+02  -6.0 2.22e+03  -4.4 3.29e-04 1.02e-04f  1
iter    objective    inf_pr   inf_du lg(mu)  ||d||  lg(rg) alpha_du alpha_pr  ls
 290  1.7826949e+06 5.01e+00 1.37e+02  -6.0 2.80e+04    -  2.66e-05 3.24e-05f  1
 291  1.7826778e+06 5.00e+00 1.37e+02  -6.0 1.70e+03  -4.9 6.53e-04 4.99e-05f  1
 292  1.7826397e+06 5.00e+00 1.37e+02  -6.0 1.51e+04    -  5.73e-05 9.56e-05f  1
 293  1.7826193e+06 5.00e+00 1.37e+02  -6.0 6.33e+03    -  5.71e-04 1.08e-04f  1
 294  1.7826134e+06 5.00e+00 1.36e+02  -6.0 2.86e+03    -  7.56e-04 7.61e-05h  1
 295  1.7826048e+06 5.00e+00 1.36e+02  -6.0 1.30e+03    -  8.22e-04 2.83e-04h  1
 296  1.7826056e+06 5.00e+00 1.36e+02  -6.0 6.68e+02    -  1.37e-04 5.32e-05h  3
 297  1.7826067e+06 5.00e+00 1.36e+02  -6.0 6.59e+02    -  3.69e-04 4.82e-05h  3
 298  1.7826089e+06 5.00e+00 1.36e+02  -6.0 6.63e+02    -  6.20e-04 6.85e-05h  3
 299  1.7826106e+06 5.00e+00 1.36e+02  -6.0 6.61e+02    -  1.54e-03 3.91e-05h  4
iter    objective    inf_pr   inf_du lg(mu)  ||d||  lg(rg) alpha_du alpha_pr  ls
 300  1.7826132e+06 5.00e+00 1.36e+02  -6.0 6.59e+02    -  1.32e-03 4.09e-05h  2

Number of Iterations....: 300

                                   (scaled)                 (unscaled)
Objective...............:   1.2913782415688065e+04    1.7826132170970079e+06
Dual infeasibility......:   1.3613322880335019e+02    1.8791774953257423e+04
Constraint violation....:   2.3825885043142048e+00    5.0009206640152799e+00
Variable bound violation:   7.8950209925210402e-08    7.8950209925210402e-08
Complementarity.........:   3.6074970809153353e+00    4.9797741436825271e+02
Overall NLP error.......:   1.3613322880335019e+02    1.8791774953257423e+04


Number of objective function evaluations             = 330
Number of objective gradient evaluations             = 277
Number of equality constraint evaluations            = 330
Number of inequality constraint evaluations          = 331
Number of equality constraint Jacobian evaluations   = 303
Number of inequality constraint Jacobian evaluations = 303
Number of Lagrangian Hessian evaluations             = 300
Total seconds in IPOPT                               = 77.054

EXIT: Maximum Number of Iterations Exceeded.

