Solver command line: ['/opt/homebrew/bin/ipopt', '/var/folders/6y/bvynbx6n3zv7z3lwg6vd724r0000gn/T/tmp12jm1uoj.pyomo.nl', '-AMPL', 'tol=1e-06', 'max_iter=300', 'print_level=5', 'warm_start_init_point=yes', 'warm_start_bound_push=1e-06', 'warm_start_bound_frac=1e-06', 'warm_start_mult_bound_push=1e-06', 'mu_init=1e-06', 'least_square_init_duals=no']

Ipopt 3.14.19: tol=1e-06
max_iter=300
print_level=5
warm_start_init_point=yes
warm_start_bound_push=1e-06
warm_start_bound_frac=1e-06
warm_start_mult_bound_push=1e-06
mu_init=1e-06
least_square_init_duals=no


******************************************************************************
This program contains Ipopt, a library for large-scale nonlinear optimization.
 Ipopt is released as open source code under the Eclipse Public License (EPL).
         For more information visit https://github.com/coin-or/Ipopt
******************************************************************************

This is Ipopt version 3.14.19, running with linear solver MUMPS 5.6.2.

Number of nonzeros in equality constraint Jacobian...:    91135
Number of nonzeros in inequality constraint Jacobian.:    72000
Number of nonzeros in Lagrangian Hessian.............:    51664

Total number of variables............................:    13678
                     variables with only lower bounds:        0
                variables with lower and upper bounds:    13678
                     variables with only upper bounds:        0
Total number of equality constraints.................:    12937
Total number of inequality constraints...............:    18000
        inequality constraints with only lower bounds:        0
   inequality constraints with lower and upper bounds:        0
        inequality constraints with only upper bounds:    18000

iter    objective    inf_pr   inf_du lg(mu)  ||d||  lg(rg) alpha_du alpha_pr  ls
   0  1.8545790e+06 3.13e+05 9.32e+03  -6.0 0.00e+00    -  0.00e+00 0.00e+00   0
   1  1.8542848e+06 3.13e+05 9.32e+03  -6.0 5.43e+01   0.0 1.35e-05 1.31e-05f  1
   2  1.8453870e+06 3.13e+05 9.32e+03  -6.0 1.59e+02  -0.5 2.65e-04 1.68e-04f  1
   3  1.8451661e+06 3.13e+05 9.32e+03  -6.0 6.12e+01  -0.1 2.28e-04 9.05e-06f  1
   4  1.8438270e+06 3.13e+05 9.32e+03  -6.0 1.79e+02  -0.5 6.23e-05 2.32e-05f  1
   5  1.8398712e+06 3.12e+05 9.32e+03  -6.0 6.86e+01  -0.1 4.30e-05 1.48e-04f  1
   6  1.8380371e+06 3.12e+05 9.32e+03  -6.0 2.01e+02  -0.6 7.62e-05 2.92e-05f  1
   7  1.8378916e+06 3.12e+05 9.32e+03  -6.0 7.69e+01  -0.2 9.49e-04 4.96e-06f  1
   8  1.8362960e+06 3.12e+05 9.32e+03  -6.0 2.25e+02  -0.6 1.26e-04 2.34e-05f  1
   9  1.8355419e+06 3.12e+05 9.32e+03  -6.0 8.63e+01  -0.2 3.09e-04 2.36e-05f  1
iter    objective    inf_pr   inf_du lg(mu)  ||d||  lg(rg) alpha_du alpha_pr  ls
  10  1.8317656e+06 3.12e+05 9.32e+03  -6.0 2.52e+02  -0.7 1.44e-04 5.08e-05f  1
  11  1.8302901e+06 3.12e+05 9.32e+03  -6.0 9.67e+01  -0.3 1.70e-04 4.27e-05f  1
  12  1.8256266e+06 3.12e+05 9.32e+03  -6.0 2.83e+02  -0.7 5.44e-06 5.83e-05f  1
  13  1.8226135e+06 3.12e+05 9.32e+03  -6.0 1.08e+02  -0.3 9.31e-05 8.00e-05f  1
  14  1.8219203e+06 3.12e+05 9.32e+03  -6.0 5.56e+02  -0.8 6.01e-05 7.98e-06f  1
  15  1.8201060e+06 3.12e+05 9.32e+03  -6.0 1.21e+02  -0.4 9.57e-05 4.43e-05f  1
  16  1.8191021e+06 3.12e+05 9.32e+03  -6.0 4.65e+02  -0.8 1.00e-04 1.10e-05f  1
  17  1.8162948e+06 3.12e+05 9.32e+03  -6.0 1.36e+02  -0.4 6.18e-04 6.48e-05f  1
  18  1.8133889e+06 3.12e+05 9.31e+03  -6.0 4.57e+03  -0.9 5.99e-05 2.83e-05f  1
  19  1.8109213e+06 3.12e+05 9.31e+03  -6.0 1.53e+02  -0.5 6.79e-05 5.30e-05f  1
iter    objective    inf_pr   inf_du lg(mu)  ||d||  lg(rg) alpha_du alpha_pr  ls
  20  1.8085774e+06 3.12e+05 9.31e+03  -6.0 4.36e+02  -0.9 1.48e-04 2.28e-05f  1
  21  1.8061444e+06 3.12e+05 9.31e+03  -6.0 1.70e+02  -0.5 2.57e-04 5.04e-05f  1
  22  1.8048913e+06 3.12e+05 9.31e+03  -6.0 4.70e+02  -1.0 2.02e-04 1.27e-05f  1
  23  1.7999781e+06 3.12e+05 9.31e+03  -6.0 1.90e+02  -0.6 4.78e-04 1.04e-04f  1
  24  1.7996843e+06 3.12e+05 9.31e+03  -6.0 5.17e+02  -1.0 2.25e-04 3.34e-06f  1
  25  1.7926997e+06 3.12e+05 9.31e+03  -6.0 2.12e+02  -0.6 5.34e-04 1.54e-04f  1
  26  1.7922590e+06 3.12e+05 9.31e+03  -6.0 9.80e+02  -1.1 2.55e-04 5.29e-06f  1
  27  1.7838955e+06 3.12e+05 9.31e+03  -6.0 2.36e+02  -0.7 5.59e-04 1.92e-04f  1
  28  1.7823913e+06 3.12e+05 9.31e+03  -6.0 6.61e+03  -1.1 8.58e-05 1.87e-05f  1
  29  1.7779938e+06 3.12e+05 9.31e+03  -6.0 2.60e+02  -0.7 1.28e-03 1.09e-04f  1
iter    objective    inf_pr   inf_du lg(mu)  ||d||  lg(rg) alpha_du alpha_pr  ls
  30  1.7712483e+06 3.12e+05 9.31e+03  -6.0 6.66e+02  -1.2 3.67e-04 1.02e-04f  1
  31  1.7672390e+06 3.12e+05 9.31e+03  -6.0 2.85e+02  -0.8 4.41e-04 1.15e-04f  1
  32  1.7607483e+06 3.12e+05 9.30e+03  -6.0 7.14e+02  -1.2 4.27e-04 1.07e-04f  1
  33  1.7581252e+06 3.12e+05 9.30e+03  -6.0 3.09e+02  -0.8 2.27e-03 8.18e-05f  1
  34  1.7484005e+06 3.11e+05 9.30e+03  -6.0 7.61e+02  -1.3 4.08e-04 1.83e-04f  1
  35  1.7438379e+06 3.11e+05 9.30e+03  -6.0 3.30e+02  -0.9 4.34e-04 1.62e-04f  1
  36  1.7361198e+06 3.11e+05 9.30e+03  -6.0 7.79e+02  -1.3 3.49e-04 1.62e-04f  1
  37  1.7313456e+06 3.11e+05 9.30e+03  -6.0 3.44e+02  -0.9 5.16e-04 1.81e-04f  1
  38  1.7252044e+06 3.11e+05 9.30e+03  -6.0 7.84e+02  -1.4 6.34e-05 1.35e-04f  1
  39  1.7242471e+06 3.11e+05 9.30e+03  -6.0 3.57e+02  -1.0 2.80e-03 3.79e-05f  1
iter    objective    inf_pr   inf_du lg(mu)  ||d||  lg(rg) alpha_du alpha_pr  ls
  40  1.7158724e+06 3.11e+05 9.29e+03  -6.0 8.11e+02  -1.4 2.10e-04 1.85e-04f  1
  41  1.7127660e+06 3.11e+05 9.29e+03  -6.0 3.69e+02  -1.0 6.94e-04 1.24e-04f  1
  42  1.7077004e+06 3.11e+05 9.29e+03  -6.0 8.04e+02  -1.5 1.43e-03 1.17e-04f  1
  43  1.6997277e+06 3.11e+05 9.29e+03  -6.0 3.83e+02  -1.1 8.36e-05 3.52e-04f  1
  44  1.6984318e+06 3.10e+05 9.29e+03  -6.0 1.55e+02  -0.6 4.63e-04 1.09e-04f  1
  45  1.6931721e+06 3.10e+05 9.29e+03  -6.0 3.87e+02  -1.1 4.04e-05 2.45e-04f  1
  46  1.6922625e+06 3.10e+05 9.28e+03  -6.0 1.63e+02  -0.7 2.33e-03 8.26e-05f  1
  47  1.6920593e+06 3.10e+05 9.28e+03  -6.0 3.99e+02  -1.2 3.18e-04 9.66e-06f  1
  48  1.6887587e+06 3.10e+05 9.28e+03  -6.0 1.79e+02  -0.8 5.50e-05 2.92e-04f  1
  49  1.6886208e+06 3.10e+05 9.28e+03  -6.0 4.16e+02  -1.2 1.41e-03 6.42e-06f  1
iter    objective    inf_pr   inf_du lg(mu)  ||d||  lg(rg) alpha_du alpha_pr  ls
  50  1.6803342e+06 3.10e+05 9.28e+03  -6.0 1.92e+02  -0.8 2.85e-04 7.23e-04f  1
  51  1.6756789e+06 3.09e+05 9.27e+03  -6.0 4.08e+02  -1.3 7.88e-04 2.31e-04f  1
  52  1.6747523e+06 3.09e+05 9.27e+03  -6.0 1.87e+02  -0.9 2.87e-04 8.52e-05f  1
  53  1.6718121e+06 3.09e+05 9.27e+03  -6.0 4.17e+02  -1.3 1.54e-03 1.45e-04f  1
  54  1.6672209e+06 3.09e+05 9.27e+03  -6.0 1.99e+02  -0.9 1.36e-04 4.21e-04f  1
  55  1.6638015e+06 3.09e+05 9.27e+03  -6.0 4.12e+02  -1.4 1.81e-03 1.72e-04f  1
  56  1.6600873e+06 3.09e+05 9.26e+03  -6.0 2.02e+02  -1.0 1.04e-04 3.50e-04f  1
  57  1.6594495e+06 3.09e+05 9.26e+03  -6.0 8.39e+01  -0.5 5.59e-04 1.23e-04f  1
  58  1.6535576e+06 3.08e+05 9.26e+03  -6.0 2.11e+02  -1.0 5.68e-05 5.66e-04f  1
  59  1.6532041e+06 3.08e+05 9.26e+03  -6.0 8.72e+01  -0.6 9.23e-04 7.12e-05f  1
iter    objective    inf_pr   inf_du lg(mu)  ||d||  lg(rg) alpha_du alpha_pr  ls
  60  1.6501022e+06 3.08e+05 9.25e+03  -6.0 2.15e+02  -1.1 1.42e-03 3.04e-04f  1
  61  1.6473073e+06 3.08e+05 9.25e+03  -6.0 9.33e+01  -0.6 2.50e-03 5.63e-04f  1
  62  1.6435534e+06 3.08e+05 9.24e+03  -6.0 2.16e+02  -1.1 9.71e-04 3.70e-04f  1
  63  1.6417299e+06 3.07e+05 9.24e+03  -6.0 9.63e+01  -0.7 4.66e-03 3.67e-04f  1
  64  1.6360862e+06 3.07e+05 9.24e+03  -6.0 2.20e+02  -1.2 1.56e-03 5.63e-04f  1
  65  1.6331835e+06 3.07e+05 9.23e+03  -6.0 9.83e+01  -0.7 5.68e-04 6.03e-04f  1
  66  1.6323872e+06 3.07e+05 9.23e+03  -6.0 2.15e+02  -1.2 1.05e-02 8.17e-05f  1
  67  1.6254723e+06 3.06e+05 9.22e+03  -6.0 1.04e+02  -0.8 1.49e-03 1.47e-03f  1
  68  1.6245559e+06 3.06e+05 9.21e+03  -6.0 2.07e+02  -1.3 4.31e-03 9.77e-05f  1
  69  1.6204191e+06 3.05e+05 9.21e+03  -6.0 1.06e+02  -0.8 1.26e-04 9.05e-04f  1
iter    objective    inf_pr   inf_du lg(mu)  ||d||  lg(rg) alpha_du alpha_pr  ls
  70  1.6197297e+06 3.05e+05 9.21e+03  -6.0 2.18e+02  -1.3 7.22e-04 7.34e-05f  1
  71  1.6149439e+06 3.04e+05 9.20e+03  -6.0 1.24e+02  -0.9 1.20e-03 1.02e-03f  1
  72  1.6131260e+06 3.04e+05 9.19e+03  -6.0 2.40e+02  -1.4 6.96e-04 1.91e-04f  1
  73  1.6116984e+06 3.04e+05 9.19e+03  -6.0 1.27e+02  -0.9 9.28e-04 3.05e-04f  1
  74  1.6105991e+06 3.04e+05 9.19e+03  -6.0 1.05e+02  -0.5 2.97e-04 5.84e-04f  1
  75  1.6104534e+06 3.04e+05 9.19e+03  -6.0 1.13e+02  -1.0 1.29e-03 3.07e-05f  1
In iteration 75, 1 Slack too small, adjusting variable bound
  76  1.6102654e+06 3.04e+05 9.18e+03  -6.0 1.97e+02  -0.6 7.15e-05 1.08e-04f  1
  77  1.6096443e+06 3.04e+05 9.18e+03  -6.0 2.69e+02  -1.0 2.42e-04 1.24e-04f  1
  78  1.6095628e+06 3.04e+05 9.18e+03  -6.0 1.97e+02  -0.6 3.13e-05 4.17e-05f  1
  79  1.6068776e+06 3.03e+05 9.18e+03  -6.0 2.70e+02  -1.1 5.69e-05 4.93e-04f  1
iter    objective    inf_pr   inf_du lg(mu)  ||d||  lg(rg) alpha_du alpha_pr  ls
  80  1.6067636e+06 3.03e+05 9.18e+03  -6.0 1.50e+02  -0.7 1.60e-04 5.17e-05f  1
  81  1.6055710e+06 3.03e+05 9.18e+03  -6.0 1.54e+02  -1.1 1.44e-04 2.04e-04f  1
  82  1.6052348e+06 3.03e+05 9.18e+03  -6.0 1.27e+02  -0.7 3.92e-04 1.36e-04f  1
  83  1.6012998e+06 3.03e+05 9.17e+03  -6.0 1.70e+02  -1.2 4.90e-04 6.31e-04f  1
  84  1.5996314e+06 3.02e+05 9.16e+03  -6.0 1.27e+02  -0.8 3.25e-03 6.34e-04f  1
  85  1.5983093e+06 3.02e+05 9.16e+03  -6.0 1.88e+02  -1.2 1.67e-03 2.10e-04f  1
  86  1.5963726e+06 3.02e+05 9.16e+03  -6.0 1.22e+02  -0.8 1.14e-04 7.01e-04f  1
  87  1.5959819e+06 3.02e+05 9.15e+03  -6.0 2.11e+02  -1.3 8.12e-04 6.01e-05f  1
  88  1.5937278e+06 3.01e+05 9.15e+03  -6.0 1.27e+02  -0.9 1.33e-03 7.60e-04f  1
  89  1.5929206e+06 3.01e+05 9.15e+03  -6.0 2.38e+02  -1.3 4.30e-04 1.19e-04f  1
iter    objective    inf_pr   inf_du lg(mu)  ||d||  lg(rg) alpha_du alpha_pr  ls
  90  1.5902781e+06 3.01e+05 9.14e+03  -6.0 1.35e+02  -0.9 1.02e-04 8.34e-04f  1
  91  1.5902770e+06 3.01e+05 9.14e+03  -6.0 2.68e+02  -1.4 1.40e-03 1.52e-07f  1
  92  1.5887969e+06 3.00e+05 9.14e+03  -6.0 1.65e+02  -1.0 1.60e-03 4.34e-04f  1
  93  1.5887491e+06 3.00e+05 9.13e+03  -6.0 1.46e+02  -0.5 3.22e-04 4.04e-05f  1
  94  1.5878539e+06 3.00e+05 9.13e+03  -6.0 1.46e+02  -1.0 2.03e-07 2.49e-04f  1
  95  1.5878394e+06 3.00e+05 9.13e+03  -6.0 1.47e+02  -0.6 5.25e-04 1.11e-05f  1
  96  1.5873026e+06 3.00e+05 9.13e+03  -6.0 1.45e+02  -1.1 4.47e-04 1.37e-04f  1
  97  1.5869910e+06 3.00e+05 9.13e+03  -6.0 1.53e+02  -0.6 2.62e-04 2.13e-04f  1
  98  1.5854291e+06 3.00e+05 9.13e+03  -6.0 1.65e+02  -1.1 8.13e-04 3.72e-04f  1
  99  1.5854265e+06 3.00e+05 9.13e+03  -6.0 1.82e+02  -0.7 2.10e-04 1.63e-06f  1
iter    objective    inf_pr   inf_du lg(mu)  ||d||  lg(rg) alpha_du alpha_pr  ls
 100  1.5805277e+06 2.99e+05 9.12e+03  -6.0 1.93e+02  -1.2 1.38e-03 1.11e-03f  1
 101  1.5788197e+06 2.99e+05 9.11e+03  -6.0 1.99e+02  -0.8 4.28e-04 1.06e-03f  1
 102  1.5782000e+06 2.99e+05 9.10e+03  -6.0 4.73e+02  -1.2 2.58e-03 1.52e-04f  1
 103  1.5767236e+06 2.98e+05 9.10e+03  -6.0 2.12e+02  -0.8 8.24e-07 9.85e-04f  1
 104  1.5767235e+06 2.98e+05 9.10e+03  -6.0 2.13e+02  -0.4 6.31e-04 8.06e-07h  1
 105  1.5762616e+06 2.98e+05 9.09e+03  -6.0 2.23e+02  -0.9 2.63e-04 2.83e-04f  1
 106  1.5762416e+06 2.98e+05 9.09e+03  -6.0 2.16e+02  -0.4 2.47e-04 7.63e-05h  1
 107  1.5762342e+06 2.98e+05 9.09e+03  -6.0 2.84e+02  -0.9 3.95e-03 4.37e-06f  1
 108  1.5761620e+06 2.98e+05 9.09e+03  -6.0 2.67e+02  -0.5 2.51e-05 5.37e-04f  1
 109  1.5755896e+06 2.97e+05 9.08e+03  -6.0 6.32e+02  -1.0 6.71e-04 4.43e-04f  1
iter    objective    inf_pr   inf_du lg(mu)  ||d||  lg(rg) alpha_du alpha_pr  ls
 110r 1.5755896e+06 2.97e+05 1.00e+03   1.5 0.00e+00  -0.5 0.00e+00 2.90e-10R  5
 111r 1.5767173e+06 2.97e+05 1.01e+03   1.5 1.12e+07    -  1.94e-07 2.85e-08f  1
 112r 1.5762184e+06 2.97e+05 1.01e+03   0.8 1.37e+04    -  4.87e-06 5.17e-06f  1
 113r 1.5754938e+06 2.97e+05 1.01e+03   0.8 1.47e+04    -  6.33e-06 7.04e-06f  1
 114r 1.5724696e+06 2.95e+05 1.01e+03   0.8 1.47e+04    -  2.08e-05 2.91e-05f  1
 115r 1.5658783e+06 2.93e+05 1.00e+03   0.8 1.49e+04    -  4.62e-05 6.30e-05f  1
 116r 1.5490605e+06 2.85e+05 1.00e+03   0.8 1.54e+04    -  7.06e-05 1.63e-04f  1
 117  1.5490387e+06 2.85e+05 9.99e+01  -6.0 2.13e+02    -  1.60e-03 1.72e-05f  1
 118  1.5479635e+06 2.84e+05 9.98e+01  -6.0 2.50e+02    -  6.76e-04 8.75e-04f  1
 119  1.5463139e+06 2.83e+05 9.97e+01  -6.0 2.42e+02    -  1.07e-03 1.40e-03f  1
iter    objective    inf_pr   inf_du lg(mu)  ||d||  lg(rg) alpha_du alpha_pr  ls
 120  1.5443703e+06 2.82e+05 9.96e+01  -6.0 2.61e+02    -  6.65e-04 1.77e-03f  1
In iteration 120, 1 Slack too small, adjusting variable bound
 121  1.5443692e+06 2.82e+05 1.20e+02  -6.0 4.04e+02    -  2.72e-05 2.14e-06h  1
 122  1.5419005e+06 2.81e+05 3.09e+02  -6.0 2.90e+02    -  1.16e-09 2.57e-03f  1
In iteration 122, 1 Slack too small, adjusting variable bound
 123  1.5411658e+06 2.81e+05 9.92e+01  -6.0 3.63e+02    -  3.42e-03 1.05e-03f  1
 124  1.5397624e+06 2.79e+05 4.75e+02  -6.0 3.56e+02    -  1.64e-04 2.98e-03f  1
 125  1.5397286e+06 2.79e+05 2.91e+02  -6.0 4.58e+02    -  4.68e-04 6.75e-05f  1
 126  1.5394207e+06 2.79e+05 5.18e+02  -6.0 5.34e+02    -  1.92e-06 5.02e-04f  1
 127  1.5389484e+06 2.78e+05 1.35e+04  -6.0 5.55e+02    -  8.21e-06 7.82e-04f  1
 128  1.5389010e+06 2.78e+05 1.34e+04  -6.0 6.07e+02    -  1.46e-03 7.79e-05f  1
 129  1.5387750e+06 2.78e+05 1.34e+04  -6.0 5.92e+02    -  3.90e-04 2.39e-04f  1
iter    objective    inf_pr   inf_du lg(mu)  ||d||  lg(rg) alpha_du alpha_pr  ls
 130r 1.5387750e+06 2.78e+05 9.99e+02   1.4 0.00e+00    -  0.00e+00 2.49e-10R  3
 131r 1.5388936e+06 2.78e+05 1.00e+03   1.4 8.58e+06    -  2.91e-09 3.68e-08f  1
 132r 1.5373838e+06 2.74e+05 1.01e+03   1.4 1.12e+04    -  4.55e-06 5.63e-05f  1
 133r 1.5361559e+06 2.70e+05 1.01e+03   1.4 1.12e+04    -  5.69e-05 4.68e-05f  1
 134r 1.5310478e+06 2.57e+05 1.02e+03   1.4 1.08e+04    -  1.51e-04 1.97e-04f  1
 135  1.5310220e+06 2.57e+05 8.16e+02  -6.0 1.70e+02    -  1.72e-02 2.10e-05f  1
 136  1.5302954e+06 2.56e+05 1.39e+03  -6.0 5.14e+02    -  2.95e-03 1.01e-03f  1
 137  1.5285150e+06 2.55e+05 1.04e+03  -6.0 5.49e+02    -  1.84e-03 2.92e-03f  1
 138  1.5281935e+06 2.55e+05 1.15e+03  -6.0 6.31e+02    -  1.08e-03 7.61e-04f  1
 139  1.5280527e+06 2.54e+05 1.78e+03  -6.0 6.81e+02    -  1.91e-03 3.77e-04f  1
iter    objective    inf_pr   inf_du lg(mu)  ||d||  lg(rg) alpha_du alpha_pr  ls
 140  1.5269665e+06 2.52e+05 6.89e+02  -6.0 6.98e+02    -  1.96e-03 4.52e-03f  1
 141  1.5270321e+06 2.52e+05 1.48e+03  -6.0 8.31e+02    -  1.66e-03 2.29e-04h  1
 142  1.5272292e+06 2.52e+05 1.71e+03  -6.0 8.67e+02    -  7.60e-04 4.70e-04h  1
 143  1.5275922e+06 2.52e+05 1.61e+03  -6.0 8.79e+02    -  4.74e-04 5.88e-04h  1
 144  1.5280032e+06 2.51e+05 1.67e+03  -6.0 8.64e+02    -  5.61e-04 4.91e-04h  3
 145  1.5285282e+06 2.51e+05 2.29e+03  -6.0 8.68e+02    -  1.11e-03 4.33e-04h  3
 146  1.5296266e+06 2.51e+05 2.37e+03  -6.0 8.49e+02    -  5.41e-04 4.46e-04h  3
 147  1.5307724e+06 2.51e+05 2.70e+03  -6.0 8.50e+02    -  7.56e-04 4.21e-04h  3
 148  1.5319558e+06 2.51e+05 3.53e+03  -6.0 8.56e+02    -  1.22e-03 4.30e-04h  3
 149  1.5332791e+06 2.50e+05 4.13e+03  -6.0 8.63e+02    -  1.03e-03 4.98e-04h  3
iter    objective    inf_pr   inf_du lg(mu)  ||d||  lg(rg) alpha_du alpha_pr  ls
 150  1.5349024e+06 2.50e+05 4.12e+03  -6.0 8.97e+02    -  5.57e-04 5.62e-04h  3
 151  1.5367562e+06 2.50e+05 4.30e+03  -6.0 9.49e+02    -  7.12e-04 5.75e-04h  3
 152  1.5378244e+06 2.50e+05 5.02e+03  -6.0 1.01e+03    -  8.02e-04 3.02e-04h  4
 153  1.5389831e+06 2.49e+05 5.36e+03  -6.0 1.06e+03    -  5.19e-04 2.95e-04h  4
 154  1.5483232e+06 2.49e+05 2.66e+03  -6.0 1.10e+03    -  4.85e-04 2.16e-03w  1
 155  1.5486883e+06 2.48e+05 7.69e+03  -6.0 1.48e+03    -  2.11e-03 9.01e-05w  1
 156  1.5516114e+06 2.48e+05 1.03e+04  -6.0 1.64e+03    -  1.67e-03 7.55e-04w  1
 157  1.5413181e+06 2.49e+05 5.26e+03  -6.0 2.05e+03    -  4.85e-04 5.41e-04h  2
 158  1.5430270e+06 2.49e+05 8.65e+03  -6.0 1.18e+03    -  2.36e-03 4.25e-04h  3
 159  1.5444238e+06 2.49e+05 1.18e+04  -6.0 1.34e+03    -  1.85e-03 3.81e-04h  3
iter    objective    inf_pr   inf_du lg(mu)  ||d||  lg(rg) alpha_du alpha_pr  ls
 160  1.5451681e+06 2.49e+05 1.43e+04  -6.0 1.51e+03    -  1.16e-03 1.92e-04h  4
 161  1.5462706e+06 2.49e+05 1.40e+04  -6.0 1.63e+03    -  1.29e-04 2.30e-04h  4
 162  1.5474719e+06 2.49e+05 1.42e+04  -6.0 1.68e+03    -  2.89e-04 2.17e-04h  4
 163  1.5486610e+06 2.49e+05 1.43e+04  -6.0 1.74e+03    -  2.47e-04 2.04e-04h  4
 164  1.5499461e+06 2.48e+05 1.46e+04  -6.0 1.80e+03    -  2.90e-04 1.95e-04h  4
 165  1.5512719e+06 2.48e+05 1.47e+04  -6.0 1.87e+03    -  1.99e-04 1.88e-04h  4
 166  1.5524977e+06 2.48e+05 1.65e+04  -6.0 1.92e+03    -  7.24e-04 1.78e-04h  4
 167  1.5622464e+06 2.48e+05 1.22e+04  -6.0 2.04e+03    -  3.62e-04 1.52e-03w  1
 168  1.5680144e+06 2.47e+05 9.94e+03  -6.0 2.62e+03    -  2.45e-04 6.95e-04w  1
 169  1.5713705e+06 2.47e+05 1.42e+04  -6.0 3.09e+03    -  1.10e-03 3.82e-04w  1
iter    objective    inf_pr   inf_du lg(mu)  ||d||  lg(rg) alpha_du alpha_pr  ls
 170  1.5537163e+06 2.48e+05 1.72e+04  -6.0 3.44e+03    -  3.62e-04 1.89e-04h  3
 171  1.5550389e+06 2.48e+05 1.74e+04  -6.0 2.13e+03    -  2.65e-04 1.94e-04h  4
 172  1.5561476e+06 2.48e+05 1.73e+04  -6.0 2.20e+03    -  9.17e-05 1.20e-04h  4
 173  1.5574788e+06 2.48e+05 2.09e+04  -6.0 2.25e+03    -  1.01e-03 1.63e-04h  4
 174  1.5581490e+06 2.48e+05 2.46e+04  -6.0 2.43e+03    -  8.94e-04 9.45e-05h  5
 175  1.5588847e+06 2.48e+05 2.88e+04  -6.0 2.58e+03    -  9.07e-04 1.04e-04h  5
 176  1.5597927e+06 2.48e+05 2.91e+04  -6.0 2.72e+03    -  1.70e-04 1.24e-04h  5
 177  1.5607389e+06 2.48e+05 3.01e+04  -6.0 2.78e+03    -  3.00e-04 1.27e-04h  5
 178  1.5612427e+06 2.48e+05 3.60e+04  -6.0 2.87e+03    -  1.05e-03 6.69e-05h  6
 179  1.5618904e+06 2.48e+05 3.59e+04  -6.0 2.98e+03    -  6.04e-05 7.38e-05h  6
iter    objective    inf_pr   inf_du lg(mu)  ||d||  lg(rg) alpha_du alpha_pr  ls
 180  1.5828656e+06 2.47e+05 2.81e+04  -6.0 3.02e+03    -  1.22e-03 2.39e-03w  1
 181  1.5900508e+06 2.47e+05 2.37e+04  -6.0 4.27e+03    -  2.55e-04 7.63e-04w  1
 182  1.5927453e+06 2.47e+05 6.04e+04  -6.0 5.66e+02   0.8 7.52e-04 3.73e-04w  1
 183  1.5625459e+06 2.48e+05 4.34e+04  -6.0 5.78e+02   1.2 1.22e-03 7.48e-05h  5
 184  1.5634458e+06 2.48e+05 4.52e+04  -6.0 3.19e+03    -  3.59e-04 1.02e-04h  6
 185  1.5643627e+06 2.48e+05 4.53e+04  -6.0 3.27e+03    -  1.11e-04 9.42e-05h  6
 186  1.5649957e+06 2.48e+05 5.85e+04  -6.0 4.49e+02   0.7 3.01e-04 8.26e-05h  1
 187  1.5660003e+06 2.48e+05 5.78e+04  -6.0 3.27e+03    -  7.40e-10 8.66e-05h  5
 188  1.5660777e+06 2.48e+05 1.40e+05  -6.0 4.23e+02   1.2 7.25e-04 1.16e-05h  1
 189  1.5670247e+06 2.48e+05 1.39e+05  -6.0 3.46e+03    -  7.72e-10 8.39e-05h  5
iter    objective    inf_pr   inf_du lg(mu)  ||d||  lg(rg) alpha_du alpha_pr  ls
 190r 1.5670247e+06 2.48e+05 1.00e+03   1.4 0.00e+00   0.7 0.00e+00 4.89e-07R  5
 191r 1.5687321e+06 2.46e+05 1.08e+03   1.4 1.08e+04    -  3.16e-04 2.93e-05f  1
 192r 1.5370460e+06 1.89e+05 1.83e+03   1.4 9.19e+03    -  5.81e-04 9.71e-04f  1
 193r 1.5009441e+06 1.37e+05 2.39e+03   1.4 6.84e+03    -  2.13e-03 1.28e-03f  1
 194  1.5005067e+06 1.37e+05 9.98e+01  -6.0 2.02e+02    -  2.61e-03 2.56e-04f  1
In iteration 194, 1 Slack too small, adjusting variable bound
 195  1.5003807e+06 1.37e+05 9.98e+01  -6.0 4.03e+02    -  1.96e-04 9.54e-05f  1
 196  1.4994185e+06 1.36e+05 9.98e+01  -6.0 5.14e+02    -  3.68e-05 6.22e-04f  1
 197  1.4981945e+06 1.36e+05 1.22e+02  -6.0 5.17e+02    -  3.93e-03 8.03e-04f  1
 198  1.4979674e+06 1.36e+05 1.38e+02  -6.0 5.17e+02    -  5.53e-04 1.66e-04f  1
In iteration 198, 1 Slack too small, adjusting variable bound
 199  1.4970290e+06 1.36e+05 1.22e+02  -6.0 5.31e+02    -  3.24e-04 6.92e-04f  1
iter    objective    inf_pr   inf_du lg(mu)  ||d||  lg(rg) alpha_du alpha_pr  ls
 200  1.4925948e+06 1.35e+05 2.85e+02  -6.0 5.27e+02    -  1.04e-03 3.31e-03f  1
 201  1.4912918e+06 1.35e+05 1.26e+02  -6.0 4.92e+02    -  2.05e-03 1.05e-03f  1
 202  1.4911239e+06 1.35e+05 1.15e+02  -6.0 5.33e+02    -  9.91e-04 1.26e-04f  1
 203  1.4874148e+06 1.34e+05 6.34e+02  -6.0 5.37e+02    -  1.28e-04 2.82e-03f  1
In iteration 203, 1 Slack too small, adjusting variable bound
 204  1.4859870e+06 1.34e+05 8.47e+02  -6.0 4.80e+02    -  5.34e-04 1.09e-03f  1
 205  1.4826023e+06 1.33e+05 1.71e+03  -6.0 5.05e+02    -  1.35e-09 2.68e-03f  1
 206  1.4825674e+06 1.33e+05 1.53e+03  -6.0 5.85e+02    -  6.05e-04 2.79e-05f  1
 207  1.4792816e+06 1.32e+05 1.52e+03  -6.0 5.87e+02    -  2.68e-03 2.64e-03f  1
 208  1.4792813e+06 1.32e+05 9.18e+02  -6.0 2.97e+02    -  7.76e-04 2.33e-06h  1
 209  1.4792278e+06 1.32e+05 1.01e+03  -6.0 4.80e+02    -  1.72e-09 5.05e-04f  1
iter    objective    inf_pr   inf_du lg(mu)  ||d||  lg(rg) alpha_du alpha_pr  ls
 210  1.4790074e+06 1.32e+05 1.17e+03  -6.0 1.22e+03    -  1.99e-04 3.43e-04f  1
 211  1.4786253e+06 1.32e+05 1.50e+03  -6.0 1.25e+03    -  3.92e-04 7.22e-04f  1
 212  1.4790114e+06 1.32e+05 7.00e+02  -6.0 4.39e+02   0.2 4.86e-04 1.18e-04h  1
 213  1.4790882e+06 1.31e+05 8.59e+02  -6.0 1.12e+03    -  1.28e-03 5.98e-04h  2
 214  1.4789739e+06 1.31e+05 2.72e+03  -6.0 1.31e+03    -  2.25e-03 4.03e-04f  2
 215  1.4788232e+06 1.31e+05 2.13e+03  -6.0 1.82e+03    -  1.64e-08 5.02e-04f  1
In iteration 215, 1 Slack too small, adjusting variable bound
 216  1.4788324e+06 1.31e+05 2.13e+03  -6.0 1.87e+03    -  1.58e-05 1.51e-05h  1
 217  1.4788528e+06 1.31e+05 1.91e+03  -6.0 1.70e+03    -  2.16e-09 1.46e-04h  1
In iteration 217, 1 Slack too small, adjusting variable bound
 218  1.4788646e+06 1.31e+05 1.91e+03  -6.0 1.64e+03    -  1.45e-05 1.30e-05h  1
 219  1.4789995e+06 1.31e+05 1.37e+03  -6.0 1.47e+03    -  1.54e-09 3.05e-04h  1
iter    objective    inf_pr   inf_du lg(mu)  ||d||  lg(rg) alpha_du alpha_pr  ls
 220  1.4790882e+06 1.31e+05 4.70e+03  -6.0 7.65e+02    -  1.01e-03 3.43e-05h  1
 221  1.4794679e+06 1.31e+05 5.54e+03  -6.0 8.77e+02    -  3.37e-04 1.27e-04h  3
 222  1.4800313e+06 1.31e+05 7.88e+03  -6.0 9.38e+02    -  7.13e-04 1.81e-04h  2
 223  1.4806092e+06 1.31e+05 1.13e+04  -6.0 1.06e+03    -  8.37e-04 1.68e-04h  1
 224r 1.4806092e+06 1.31e+05 9.99e+02   0.9 0.00e+00    -  0.00e+00 9.99e-11R  2
 225r 1.4806003e+06 1.31e+05 1.17e+03   0.9 1.58e+07    -  1.08e-07 7.01e-09f  1
 226r 1.4692195e+06 1.19e+05 1.25e+03   0.9 9.70e+03    -  2.26e-03 1.81e-04f  1
 227  1.4692162e+06 1.19e+05 1.00e+02  -6.0 1.74e+02    -  5.14e-05 3.33e-06h  1
 228  1.4691980e+06 1.19e+05 1.00e+02  -6.0 1.94e+02    -  1.46e-06 2.66e-05f  1
 229  1.4691739e+06 1.19e+05 1.19e+03  -6.0 1.96e+02    -  2.07e-03 3.58e-05f  1
iter    objective    inf_pr   inf_du lg(mu)  ||d||  lg(rg) alpha_du alpha_pr  ls
 230  1.4684198e+06 1.19e+05 5.44e+02  -6.0 1.87e+02    -  5.29e-05 1.20e-03f  1
 231  1.4665184e+06 1.19e+05 5.63e+02  -6.0 2.32e+02    -  1.63e-03 1.92e-03f  1
 232  1.4631732e+06 1.18e+05 7.01e+02  -6.0 2.62e+02    -  1.08e-03 3.45e-03f  1
 233  1.4601252e+06 1.17e+05 8.20e+02  -6.0 2.73e+02    -  4.66e-03 3.71e-03f  1
 234  1.4588686e+06 1.17e+05 8.04e+02  -6.0 2.81e+02    -  2.54e-06 1.81e-03f  1
 235  1.4588424e+06 1.17e+05 8.43e+02  -6.0 2.82e+02    -  5.93e-03 6.96e-05f  1
 236  1.4586076e+06 1.17e+05 1.07e+03  -6.0 3.28e+02    -  1.45e-03 4.23e-04f  1
 237  1.4585449e+06 1.17e+05 1.08e+03  -6.0 3.34e+02    -  1.92e-04 1.42e-04f  1
In iteration 237, 1 Slack too small, adjusting variable bound
 238  1.4581167e+06 1.16e+05 9.53e+02  -6.0 3.27e+02    -  4.09e-06 1.16e-03f  1
 239  1.4581142e+06 1.16e+05 1.35e+03  -6.0 3.24e+02    -  1.72e-03 1.02e-05h  1
iter    objective    inf_pr   inf_du lg(mu)  ||d||  lg(rg) alpha_du alpha_pr  ls
 240  1.4582132e+06 1.16e+05 1.03e+03  -6.0 3.16e+02    -  1.38e-04 8.49e-04h  1
 241  1.4583040e+06 1.16e+05 1.45e+03  -6.0 3.42e+02    -  9.33e-04 2.32e-04h  1
 242  1.4589117e+06 1.16e+05 2.89e+03  -6.0 4.60e+02    -  2.28e-03 7.49e-04h  1
 243  1.4593703e+06 1.16e+05 6.10e+03  -6.0 9.83e+02    -  1.56e-03 1.60e-04h  1
 244  1.4596999e+06 1.16e+05 6.88e+03  -6.0 1.36e+03    -  3.39e-04 6.57e-05h  1
In iteration 244, 1 Slack too small, adjusting variable bound
 245  1.4608266e+06 1.16e+05 3.87e+03  -6.0 3.64e+02   0.6 4.34e-05 3.42e-04h  1
In iteration 245, 1 Slack too small, adjusting variable bound
 246  1.4613385e+06 1.16e+05 1.63e+03  -6.0 3.76e+02   1.1 8.73e-09 1.43e-04h  1
In iteration 246, 1 Slack too small, adjusting variable bound
 247  1.4615907e+06 1.16e+05 8.98e+03  -6.0 3.29e+02   1.5 3.11e-04 8.11e-05h  1
 248  1.4620713e+06 1.16e+05 1.19e+04  -6.0 2.62e+02   1.9 1.64e-04 1.37e-04h  1
 249  1.4624165e+06 1.16e+05 1.35e+04  -6.0 1.92e+03   1.4 8.44e-05 3.24e-05h  1
iter    objective    inf_pr   inf_du lg(mu)  ||d||  lg(rg) alpha_du alpha_pr  ls
 250  1.4639280e+06 1.16e+05 1.54e+04  -6.0 5.72e+02   1.9 2.35e-04 2.17e-04h  1
 251  1.4649961e+06 1.16e+05 1.47e+04  -6.0 1.17e+03   1.4 7.73e-05 1.30e-04h  1
 252  1.4650962e+06 1.16e+05 2.11e+04  -6.0 2.89e+02   1.8 6.98e-05 1.83e-05h  1
 253  1.4662194e+06 1.16e+05 2.23e+04  -6.0 4.22e+02   1.3 1.40e-04 1.22e-04h  1
 254r 1.4662194e+06 1.16e+05 1.00e+03   0.8 0.00e+00   1.8 0.00e+00 9.15e-11R  2
 255r 1.4662289e+06 1.16e+05 1.01e+03   0.8 1.21e+07    -  1.40e-07 1.98e-08f  1
 256r 1.4476686e+06 1.00e+05 9.13e+03   0.8 1.13e+04    -  3.14e-05 2.87e-04f  1
 257  1.4476637e+06 1.00e+05 1.00e+02  -6.0 1.64e+02    -  6.60e-06 1.11e-05h  1
 258  1.4476528e+06 1.00e+05 1.00e+02  -6.0 1.93e+02    -  4.19e-05 1.66e-05f  1
 259  1.4476218e+06 1.00e+05 1.00e+02  -6.0 2.32e+02    -  1.87e-05 4.59e-05f  1
iter    objective    inf_pr   inf_du lg(mu)  ||d||  lg(rg) alpha_du alpha_pr  ls
 260  1.4475563e+06 1.00e+05 1.00e+02  -6.0 2.37e+02    -  7.27e-05 9.43e-05f  1
 261  1.4473685e+06 1.00e+05 1.00e+02  -6.0 2.38e+02    -  1.08e-04 2.64e-04f  1
 262  1.4470890e+06 9.99e+04 9.99e+01  -6.0 2.38e+02    -  2.47e-04 3.92e-04f  1
 263  1.4466721e+06 9.98e+04 9.99e+01  -6.0 2.39e+02    -  2.07e-04 5.90e-04f  1
 264  1.4454391e+06 9.95e+04 1.83e+02  -6.0 2.39e+02    -  4.42e-04 1.77e-03f  1
 265  1.4439244e+06 9.90e+04 3.73e+02  -6.0 2.38e+02    -  2.43e-04 2.31e-03f  1
 266  1.4412918e+06 9.82e+04 7.47e+02  -6.0 2.38e+02    -  5.58e-04 4.34e-03f  1
 267  1.4392035e+06 9.74e+04 9.38e+02  -6.0 2.35e+02    -  2.52e-03 4.07e-03f  1
 268  1.4391306e+06 9.74e+04 1.85e+03  -6.0 2.31e+02    -  1.18e-02 2.10e-04f  1
 269  1.4390920e+06 9.73e+04 1.55e+03  -6.0 2.17e+02    -  2.73e-06 5.00e-04h  1
iter    objective    inf_pr   inf_du lg(mu)  ||d||  lg(rg) alpha_du alpha_pr  ls
 270r 1.4390920e+06 9.73e+04 9.99e+02   0.7 0.00e+00    -  0.00e+00 4.17e-10R  2
 271r 1.4400055e+06 9.77e+04 1.02e+03   0.7 7.82e+06    -  2.01e-10 4.59e-08f  1
 272r 1.4284334e+06 8.90e+04 9.98e+02   0.7 1.37e+04    -  2.52e-03 1.74e-04f  1
 273r 1.2968700e+06 2.32e+04 1.34e+03   0.7 1.21e+04    -  2.83e-04 3.55e-03f  1
 274r 1.2845701e+06 1.39e+04 1.33e+03   0.7 9.53e+03    -  1.07e-03 2.14e-03f  1
 275r 1.2888044e+06 4.93e+03 1.53e+03   0.7 5.44e+03    -  1.44e-03 3.38e-03f  1
 276r 1.3155982e+06 1.62e+02 1.51e+03   0.7 2.24e+03    -  4.20e-03 4.67e-03f  1
 277r 1.3699745e+06 1.57e+01 1.51e+03   0.7 6.64e+02    -  1.42e-02 7.88e-03f  1
 278r 1.4911327e+06 1.44e+01 1.48e+03   0.7 3.64e+02    -  1.68e-02 1.90e-02f  1
 279r 1.6583942e+06 1.29e+01 1.42e+03   0.7 2.56e+02    -  4.23e-02 3.62e-02f  1
iter    objective    inf_pr   inf_du lg(mu)  ||d||  lg(rg) alpha_du alpha_pr  ls
 280r 1.7351477e+06 1.14e+01 1.35e+03   0.7 1.49e+02    -  8.01e-02 4.98e-02f  1
 281r 1.7797970e+06 9.54e+00 1.22e+03   0.7 1.11e+02    -  2.02e-01 8.87e-02f  1
 282r 1.8220057e+06 1.38e+01 1.85e+03   0.7 1.01e+02    -  6.00e-01 2.45e-01f  1
 283r 1.8495570e+06 1.57e+01 1.19e+03   0.7 3.60e+01    -  1.44e-01 3.30e-01f  1
 284r 1.8962669e+06 1.87e+01 1.47e+03   0.7 2.48e+01    -  1.00e+00 8.00e-01f  1
 285  1.7921459e+06 1.82e+01 9.74e+01  -6.0 1.49e+02    -  2.50e-02 2.74e-02f  1
 286  1.7346411e+06 1.77e+01 9.33e+01  -6.0 1.82e+02    -  4.97e-02 2.67e-02f  1
 287  1.7150548e+06 1.69e+01 8.37e+01  -6.0 1.65e+02    -  1.25e-01 4.67e-02f  1
 288  1.7227033e+06 1.58e+01 7.49e+01  -6.0 9.37e+01    -  1.24e-01 6.18e-02h  2
 289  1.7270085e+06 1.57e+01 1.51e+02  -6.0 2.08e+01   1.3 2.62e-03 7.42e-03h  1
iter    objective    inf_pr   inf_du lg(mu)  ||d||  lg(rg) alpha_du alpha_pr  ls
 290  1.7303857e+06 1.56e+01 1.72e+02  -6.0 2.10e+01   0.8 2.82e-07 5.03e-03h  1
 291  1.7397047e+06 1.54e+01 2.27e+02  -6.0 2.24e+01   0.3 4.34e-02 1.46e-02h  1
 292  1.7595120e+06 1.49e+01 2.86e+02  -6.0 2.37e+01  -0.1 2.46e-02 3.20e-02h  1
 293  1.7632514e+06 1.48e+01 2.91e+02  -6.0 2.43e+01   0.3 3.18e-02 5.76e-03h  1
 294  1.7693935e+06 1.47e+01 2.92e+02  -6.0 2.42e+01  -0.2 2.51e-02 1.02e-02h  1
 295  1.7757143e+06 1.45e+01 3.05e+02  -6.0 2.53e+01   0.2 3.84e-03 9.82e-03h  1
 296  1.7811377e+06 1.44e+01 3.05e+02  -6.0 2.61e+01  -0.2 9.43e-03 9.18e-03h  1
 297  1.7872113e+06 1.43e+01 3.12e+02  -6.0 2.50e+01   0.2 3.39e-03 9.08e-03h  1
 298  1.7909811e+06 1.42e+01 3.11e+02  -6.0 2.51e+01  -0.3 6.06e-02 6.47e-03h  1
 299  1.7954645e+06 1.41e+01 3.14e+02  -6.0 2.72e+01   0.1 1.28e-02 7.08e-03h  1
iter    objective    inf_pr   inf_du lg(mu)  ||d||  lg(rg) alpha_du alpha_pr  ls
 300  1.7966065e+06 1.40e+01 3.14e+02  -6.0 2.70e+01  -0.3 1.72e-02 2.09e-03h  1

Number of Iterations....: 300

                                   (scaled)                 (unscaled)
Objective...............:   1.3015153803077974e+04    1.7966064817486706e+06
Dual infeasibility......:   3.1361916114705974e+02    4.3291860107264896e+04
Constraint violation....:   4.2730275558007298e-02    1.4043008650019029e+01
Variable bound violation:   9.0598829376176138e-09    9.0598829376176138e-09
Complementarity.........:   5.5889370871816691e+03    7.7149457846141490e+05
Overall NLP error.......:   5.5889370871816691e+03    7.7149457846141490e+05


Number of objective function evaluations             = 474
Number of objective gradient evaluations             = 276
Number of equality constraint evaluations            = 474
Number of inequality constraint evaluations          = 475
Number of equality constraint Jacobian evaluations   = 307
Number of inequality constraint Jacobian evaluations = 307
Number of Lagrangian Hessian evaluations             = 300
Total seconds in IPOPT                               = 71.656

EXIT: Maximum Number of Iterations Exceeded.

