Solver command line: ['/opt/homebrew/bin/ipopt', '/var/folders/6y/bvynbx6n3zv7z3lwg6vd724r0000gn/T/tmpk7i10anr.pyomo.nl', '-AMPL', 'tol=1e-06', 'max_iter=300', 'print_level=5', 'warm_start_init_point=yes', 'warm_start_bound_push=1e-06', 'warm_start_bound_frac=1e-06', 'warm_start_mult_bound_push=1e-06', 'mu_init=1e-06', 'least_square_init_duals=no']

Ipopt 3.14.19: tol=1e-06
max_iter=300
print_level=5
warm_start_init_point=yes
warm_start_bound_push=1e-06
warm_start_bound_frac=1e-06
warm_start_mult_bound_push=1e-06
mu_init=1e-06
least_square_init_duals=no


******************************************************************************
This program contains Ipopt, a library for large-scale nonlinear optimization.
 Ipopt is released as open source code under the Eclipse Public License (EPL).
         For more information visit https://github.com/coin-or/Ipopt
******************************************************************************

This is Ipopt version 3.14.19, running with linear solver MUMPS 5.6.2.

Number of nonzeros in equality constraint Jacobian...:    91135
Number of nonzeros in inequality constraint Jacobian.:    72000
Number of nonzeros in Lagrangian Hessian.............:    51664

Total number of variables............................:    13678
                     variables with only lower bounds:        0
                variables with lower and upper bounds:    13678
                     variables with only upper bounds:        0
Total number of equality constraints.................:    12937
Total number of inequality constraints...............:    18000
        inequality constraints with only lower bounds:        0
   inequality constraints with lower and upper bounds:        0
        inequality constraints with only upper bounds:    18000

iter    objective    inf_pr   inf_du lg(mu)  ||d||  lg(rg) alpha_du alpha_pr  ls
   0  2.0697294e+06 2.58e+05 7.42e+03  -6.0 0.00e+00    -  0.00e+00 0.00e+00   0
   1  2.0697295e+06 2.58e+05 7.42e+03  -6.0 1.39e+01   0.0 2.19e-04 7.90e-05h  1
   2  2.0697296e+06 2.58e+05 7.42e+03  -6.0 1.38e+01  -0.5 1.53e-04 2.37e-04h  1
   3  2.0697319e+06 2.58e+05 7.41e+03  -6.0 1.38e+01  -0.1 8.86e-05 5.07e-04h  1
   4  2.0697304e+06 2.57e+05 7.41e+03  -6.0 1.38e+01  -0.5 7.10e-05 6.10e-04h  1
   5  2.0697328e+06 2.57e+05 7.40e+03  -6.0 1.38e+01  -0.1 8.67e-05 6.08e-04h  1
   6  2.0697238e+06 2.57e+05 7.40e+03  -6.0 1.86e+02  -0.6 3.02e-05 1.61e-04h  1
   7  2.0697259e+06 2.57e+05 7.40e+03  -6.0 1.38e+01  -0.2 1.79e-04 8.22e-04h  1
   8  2.0697284e+06 2.56e+05 7.39e+03  -6.0 1.38e+01   0.3 2.20e-04 4.04e-04h  1
   9  2.0697287e+06 2.56e+05 7.39e+03  -6.0 1.38e+01  -0.2 3.11e-04 9.71e-05h  1
iter    objective    inf_pr   inf_du lg(mu)  ||d||  lg(rg) alpha_du alpha_pr  ls
  10  2.0697330e+06 2.56e+05 7.39e+03  -6.0 1.37e+01   0.2 5.25e-05 6.19e-04h  1
  11  2.0697335e+06 2.56e+05 7.39e+03  -6.0 1.37e+01  -0.3 2.71e-04 2.62e-04h  1
  12  2.0697382e+06 2.56e+05 7.38e+03  -6.0 1.37e+01   0.2 7.34e-07 6.94e-04h  1
  13  2.0697385e+06 2.55e+05 7.38e+03  -6.0 1.37e+01  -0.3 5.02e-04 4.45e-04h  1
  14  2.0697486e+06 2.55e+05 7.37e+03  -6.0 1.37e+01   0.1 1.23e-06 1.24e-03h  1
  15  2.0697487e+06 2.54e+05 7.36e+03  -6.0 1.37e+01  -0.4 6.30e-04 8.44e-04h  1
  16r 2.0697487e+06 2.54e+05 9.99e+02   1.1 0.00e+00   0.1 0.00e+00 5.49e-10R 15
  17r 2.0696184e+06 2.54e+05 9.99e+02   1.1 1.60e+08    -  4.69e-09 2.29e-10f  1
  18r 2.0698435e+06 2.54e+05 9.99e+02   1.1 2.87e+05    -  1.95e-05 5.33e-07f  1
  19r 2.0652376e+06 2.54e+05 9.99e+02   1.1 6.48e+05    -  5.52e-06 2.14e-06f  1
iter    objective    inf_pr   inf_du lg(mu)  ||d||  lg(rg) alpha_du alpha_pr  ls
  20r 2.0665623e+06 2.45e+05 9.99e+02   1.1 1.15e+04    -  3.55e-05 4.59e-05f  1
  21r 2.0681769e+06 2.28e+05 9.99e+02   1.1 1.07e+04    -  2.74e-04 1.02e-04f  1
  22  2.0677417e+06 2.28e+05 9.98e+01  -6.0 2.36e+03    -  1.86e-05 3.88e-05f  1
  23  2.0674278e+06 2.28e+05 9.98e+01  -6.0 2.23e+03    -  1.44e-04 3.00e-05f  1
  24  2.0673002e+06 2.28e+05 9.98e+01  -6.0 1.43e+03    -  2.97e-04 1.66e-05f  1
  25  2.0669266e+06 2.28e+05 9.97e+01  -6.0 1.17e+03    -  6.61e-04 5.48e-05f  1
  26  2.0658939e+06 2.28e+05 9.97e+01  -6.0 8.76e+02    -  4.52e-04 1.79e-04f  1
  27  2.0651834e+06 2.28e+05 9.96e+01  -6.0 1.19e+03    -  7.44e-04 1.37e-04f  1
  28  2.0650580e+06 2.28e+05 9.96e+01  -6.0 9.82e+02    -  7.03e-04 2.76e-05f  1
  29  2.0629250e+06 2.28e+05 9.95e+01  -6.0 1.05e+03    -  5.99e-04 5.16e-04f  1
iter    objective    inf_pr   inf_du lg(mu)  ||d||  lg(rg) alpha_du alpha_pr  ls
  30  2.0612256e+06 2.27e+05 9.92e+01  -6.0 1.14e+03    -  3.89e-03 4.75e-04f  1
  31  2.0593528e+06 2.27e+05 9.88e+01  -6.0 4.63e+02    -  4.93e-03 7.91e-04f  1
  32  2.0582938e+06 2.27e+05 9.82e+01  -6.0 3.59e+02    -  8.18e-03 6.27e-04f  1
  33  2.0547475e+06 2.25e+05 9.71e+01  -6.0 3.02e+02    -  1.49e-02 3.03e-03f  1
  34  2.0505335e+06 2.22e+05 9.59e+01  -6.0 2.30e+02    -  1.53e-02 6.67e-03f  1
  35  2.0500670e+06 2.22e+05 9.31e+01  -6.0 1.71e+02    -  3.94e-02 1.32e-03f  1
  36  2.0461124e+06 2.14e+05 9.00e+01  -6.0 1.21e+02    -  4.00e-02 1.79e-02f  1
  37  2.0450216e+06 2.10e+05 8.82e+01  -6.0 7.52e+01    -  2.55e-02 9.21e-03f  1
  38  2.0447662e+06 2.09e+05 8.72e+01  -6.0 6.81e+01    -  1.40e-02 2.61e-03f  1
  39  2.0445686e+06 2.08e+05 8.59e+01  -6.0 7.85e+01    -  2.08e-02 2.35e-03h  1
iter    objective    inf_pr   inf_du lg(mu)  ||d||  lg(rg) alpha_du alpha_pr  ls
  40  2.0444847e+06 2.07e+05 8.54e+01  -6.0 1.25e+02    -  7.62e-03 1.33e-03h  1
  41  2.0444127e+06 2.07e+05 8.52e+01  -6.0 3.63e+02    -  2.53e-03 1.59e-03h  1
  42  2.0444014e+06 2.07e+05 9.46e+01  -6.0 3.48e+02    -  5.51e-03 2.84e-04h  1
  43  2.0443484e+06 2.05e+05 9.30e+01  -6.0 4.20e+02    -  2.86e-03 2.78e-03h  1
  44  2.0444891e+06 2.04e+05 8.75e+01  -6.0 3.19e+02    -  1.71e-03 3.17e-03h  1
  45  2.0445806e+06 2.04e+05 8.84e+01  -6.0 2.66e+02    -  1.61e-03 1.17e-03h  1
  46  2.0446212e+06 2.04e+05 9.13e+01  -6.0 2.53e+02    -  1.38e-03 4.07e-04h  1
  47  2.0446557e+06 2.03e+05 1.15e+02  -6.0 2.34e+02    -  6.36e-03 3.05e-04h  1
  48  2.0448125e+06 2.03e+05 1.07e+02  -6.0 3.57e+02    -  1.73e-04 9.91e-04h  1
  49r 2.0448125e+06 2.03e+05 9.99e+02   1.1 0.00e+00    -  0.00e+00 3.03e-07R  5
iter    objective    inf_pr   inf_du lg(mu)  ||d||  lg(rg) alpha_du alpha_pr  ls
  50r 2.0448107e+06 2.03e+05 9.99e+02   1.1 9.31e+03    -  1.38e-04 1.08e-07f  1
  51r 2.0433306e+06 1.79e+05 9.99e+02   1.1 8.34e+03    -  1.25e-04 1.70e-04f  1
  52r 2.0433306e+06 1.79e+05 9.99e+02   1.0 0.00e+00    -  0.00e+00 4.10e-07R  5
  53r 2.0433302e+06 1.79e+05 9.99e+02   1.0 2.02e+04    -  2.98e-05 4.66e-08f  1
  54r 2.0424478e+06 1.64e+05 9.99e+02   1.0 7.99e+03    -  4.08e-04 1.06e-04f  1
  55r 2.0401765e+06 1.19e+05 9.98e+02   1.0 7.14e+03    -  4.04e-04 4.26e-04f  1
  56  2.0401765e+06 1.19e+05 1.58e+02  -6.0 9.73e+01    -  2.75e-05 1.06e-06h  1
  57  2.0401757e+06 1.19e+05 1.71e+02  -6.0 8.91e+01    -  8.97e-03 6.56e-05f  1
  58  2.0401768e+06 1.19e+05 1.75e+02  -6.0 2.01e+02    -  1.72e-03 2.33e-04h  1
  59  2.0402027e+06 1.19e+05 1.96e+02  -6.0 1.93e+02    -  5.95e-03 1.13e-03h  1
iter    objective    inf_pr   inf_du lg(mu)  ||d||  lg(rg) alpha_du alpha_pr  ls
  60  2.0402634e+06 1.19e+05 2.09e+02  -6.0 2.15e+02    -  4.21e-03 1.75e-03h  1
  61  2.0403295e+06 1.18e+05 2.06e+02  -6.0 1.43e+02    -  5.58e-04 1.51e-03h  1
  62  2.0403315e+06 1.18e+05 2.79e+02  -6.0 3.61e+02    -  4.96e-03 6.12e-05h  1
  63  2.0403583e+06 1.18e+05 3.07e+02  -6.0 3.10e+02    -  1.76e-03 6.01e-04h  1
  64  2.0404417e+06 1.18e+05 2.93e+02  -6.0 2.37e+02    -  7.60e-04 1.14e-03h  1
  65  2.0406362e+06 1.17e+05 2.99e+02  -6.0 1.22e+02    -  4.78e-04 1.65e-03h  1
  66r 2.0406362e+06 1.17e+05 9.99e+02   0.9 0.00e+00    -  0.00e+00 3.26e-07R  4
  67r 2.0406351e+06 1.17e+05 9.99e+02   0.9 1.36e+04    -  9.09e-05 1.13e-06f  1
  68r 2.0402741e+06 1.07e+05 9.99e+02   0.9 1.33e+04    -  3.41e-06 1.12e-04f  1
  69r 2.0398714e+06 9.54e+04 9.98e+02   0.9 1.44e+04    -  8.81e-04 1.29e-04f  1
iter    objective    inf_pr   inf_du lg(mu)  ||d||  lg(rg) alpha_du alpha_pr  ls
  70  2.0398836e+06 9.54e+04 4.01e+02  -6.0 7.89e+01    -  5.26e-03 1.44e-04h  1
  71  2.0398908e+06 9.53e+04 4.17e+02  -6.0 3.20e+02    -  5.52e-04 2.99e-04h  1
  72  2.0399190e+06 9.51e+04 4.10e+02  -6.0 3.73e+02    -  7.91e-04 8.65e-04h  1
  73  2.0399648e+06 9.50e+04 4.09e+02  -6.0 4.84e+02    -  7.11e-04 7.19e-04h  1
  74  2.0400235e+06 9.49e+04 3.69e+02  -6.0 2.65e+02    -  3.18e-04 7.21e-04h  1
  75  2.0400336e+06 9.48e+04 3.68e+02  -6.0 9.14e+01    -  5.20e-04 4.54e-04h  1
  76  2.0400236e+06 9.46e+04 3.77e+02  -6.0 1.75e+02    -  3.30e-03 7.00e-04h  1
  77  2.0400096e+06 9.43e+04 3.79e+02  -6.0 1.74e+02    -  1.99e-03 1.59e-03h  1
  78r 2.0400096e+06 9.43e+04 9.99e+02   0.8 0.00e+00    -  0.00e+00 2.09e-08R  5
  79r 2.0399564e+06 9.43e+04 9.99e+02   0.8 4.10e+06    -  6.09e-09 2.90e-07f  1
iter    objective    inf_pr   inf_du lg(mu)  ||d||  lg(rg) alpha_du alpha_pr  ls
  80r 2.0399372e+06 9.41e+04 9.99e+02   0.8 4.35e+04    -  5.60e-04 3.16e-06f  1
  81r 2.0393874e+06 6.94e+04 9.98e+02   0.8 1.22e+04    -  3.42e-04 3.95e-04f  1
  82  2.0393551e+06 6.92e+04 6.41e+02  -6.0 8.40e+01    -  9.32e-07 1.55e-03h  1
  83  2.0393403e+06 6.91e+04 6.47e+02  -6.0 6.60e+01    -  3.20e-03 5.44e-04h  1
  84  2.0392568e+06 6.87e+04 6.39e+02  -6.0 1.17e+02    -  2.98e-04 2.92e-03h  1
  85  2.0392447e+06 6.87e+04 6.51e+02  -6.0 9.61e+01    -  7.20e-03 4.54e-04h  1
  86  2.0391882e+06 6.84e+04 6.53e+02  -6.0 7.23e+01    -  6.54e-03 1.83e-03h  1
  87  2.0390845e+06 6.80e+04 6.49e+02  -6.0 9.14e+01    -  1.06e-02 3.12e-03h  1
  88  2.0390533e+06 6.79e+04 6.41e+02  -6.0 1.33e+02    -  1.01e-02 8.26e-04h  1
  89  2.0389759e+06 6.75e+04 6.38e+02  -6.0 2.78e+02    -  4.30e-03 2.36e-03h  1
iter    objective    inf_pr   inf_du lg(mu)  ||d||  lg(rg) alpha_du alpha_pr  ls
  90  2.0389462e+06 6.74e+04 6.38e+02  -6.0 3.37e+02    -  4.67e-04 7.55e-04h  1
  91  2.0386786e+06 6.70e+04 6.38e+02  -6.0 4.23e+01    -  1.42e-06 3.40e-03f  1
  92  2.0369825e+06 6.39e+04 6.40e+02  -6.0 9.64e+01    -  1.94e-03 2.24e-02f  1
  93  2.0365756e+06 6.29e+04 6.22e+02  -6.0 3.29e+01    -  2.51e-02 7.54e-03f  1
  94  2.0355798e+06 6.04e+04 6.24e+02  -6.0 3.19e+01    -  1.24e-07 1.98e-02f  1
  95  2.0354647e+06 6.00e+04 5.94e+02  -6.0 2.97e+01    -  4.23e-02 2.72e-03h  1
  96  2.0351467e+06 5.95e+04 5.94e+02  -6.0 2.94e+01    -  4.02e-04 4.88e-03f  1
  97  2.0351308e+06 5.94e+04 5.66e+02  -6.0 2.88e+01    -  4.25e-02 4.31e-04h  1
  98  2.0340147e+06 5.58e+04 5.56e+02  -6.0 3.68e+01    -  1.95e-02 3.05e-02f  1
  99  2.0332469e+06 5.26e+04 5.44e+02  -6.0 3.59e+01    -  2.35e-02 2.81e-02f  1
iter    objective    inf_pr   inf_du lg(mu)  ||d||  lg(rg) alpha_du alpha_pr  ls
 100  2.0329231e+06 5.25e+04 5.44e+02  -6.0 1.59e+02    -  2.58e-06 1.58e-03f  1
 101r 2.0329231e+06 5.25e+04 9.99e+02   0.7 0.00e+00    -  0.00e+00 6.14e-09R  6
 102r 2.0327072e+06 5.25e+04 9.99e+02   0.7 2.41e+06    -  8.04e-07 4.98e-08f  1
 103r 2.0326347e+06 5.13e+04 9.99e+02   0.7 9.49e+03    -  1.17e-04 2.43e-05f  1
 104r 2.0324316e+06 4.55e+04 9.99e+02   0.7 8.90e+03    -  2.75e-05 1.34e-04f  1
 105r 2.0321986e+06 3.91e+04 9.98e+02   0.7 8.42e+03    -  9.70e-04 1.72e-04f  1
 106  2.0319784e+06 3.91e+04 5.47e+02  -6.0 5.14e+02    -  1.14e-06 1.77e-04f  1
 107  2.0319779e+06 3.91e+04 5.45e+02  -6.0 4.44e+01    -  3.18e-03 2.76e-05h  1
 108  2.0317882e+06 3.83e+04 5.46e+02  -6.0 4.43e+01    -  2.45e-04 1.11e-02f  1
 109  2.0317726e+06 3.81e+04 5.36e+02  -6.0 5.63e+01    -  1.58e-02 1.46e-03h  1
iter    objective    inf_pr   inf_du lg(mu)  ||d||  lg(rg) alpha_du alpha_pr  ls
 110  2.0313604e+06 3.56e+04 5.14e+02  -6.0 3.83e+01    -  3.98e-02 3.30e-02h  1
 111  2.0313319e+06 3.53e+04 4.93e+02  -6.0 3.70e+01    -  3.62e-02 4.43e-03h  1
 112  2.0312145e+06 3.41e+04 4.81e+02  -6.0 3.85e+01    -  2.41e-02 1.80e-02h  1
 113  2.0310556e+06 3.24e+04 4.69e+02  -6.0 5.72e+01    -  2.50e-02 2.52e-02h  1
 114  2.0310284e+06 3.11e+04 4.45e+02  -6.0 2.26e+01    -  4.75e-02 1.97e-02h  1
 115  2.0311079e+06 2.68e+04 4.15e+02  -6.0 1.89e+01    -  6.84e-02 7.14e-02h  1
 116  2.0314123e+06 2.49e+04 4.02e+02  -6.0 1.51e+01    -  3.22e-02 3.57e-02h  1
 117  2.0314655e+06 2.45e+04 4.00e+02  -6.0 1.95e+01    -  3.81e-03 6.78e-03h  1
 118  2.0314709e+06 2.45e+04 4.03e+02  -6.0 1.84e+01    -  9.86e-03 5.89e-04h  1
 119  2.0315438e+06 2.41e+04 4.05e+02  -6.0 1.75e+01    -  3.59e-02 8.05e-03h  1
iter    objective    inf_pr   inf_du lg(mu)  ||d||  lg(rg) alpha_du alpha_pr  ls
 120  2.0317325e+06 2.35e+04 3.91e+02  -6.0 1.29e+01  -0.4 5.64e-03 1.26e-02h  1
 121  2.0317826e+06 2.34e+04 3.85e+02  -6.0 1.24e+01  -0.9 1.87e-02 3.20e-03h  1
 122  2.0317837e+06 2.33e+04 4.51e+02  -6.0 1.97e+01  -1.4 1.21e-02 7.94e-05h  1
 123  2.0318101e+06 2.33e+04 4.88e+02  -6.0 2.48e+01  -1.8 1.13e-02 2.01e-03h  1
 124  2.0320470e+06 2.25e+04 4.43e+02  -6.0 2.30e+01  -2.3 2.10e-08 1.66e-02h  1
 125  2.0321534e+06 2.22e+04 4.47e+02  -6.0 2.02e+01  -2.8 1.13e-02 6.73e-03h  1
 126  2.0322253e+06 2.20e+04 4.46e+02  -6.0 2.43e+01  -3.3 3.58e-08 3.49e-03h  1
 127  2.0326606e+06 2.12e+04 4.53e+02  -6.0 1.43e+01  -2.8 2.50e-03 1.90e-02h  1
 128r 2.0326606e+06 2.12e+04 9.99e+02   0.5 0.00e+00  -2.4 0.00e+00 5.30e-08R  2
 129r 2.0328760e+06 2.12e+04 9.99e+02   0.5 8.71e+05    -  7.62e-07 1.38e-07f  1
iter    objective    inf_pr   inf_du lg(mu)  ||d||  lg(rg) alpha_du alpha_pr  ls
 130r 2.0328002e+06 2.05e+04 9.98e+02   0.5 4.27e+03    -  1.06e-03 3.51e-05f  1
 131r 2.0324727e+06 1.01e+04 9.97e+02   0.5 1.63e+03    -  1.22e-03 9.73e-04f  1
 132  2.0325175e+06 9.95e+03 5.23e+02  -6.0 8.08e+01    -  4.09e-03 7.63e-03h  1
 133  2.0325301e+06 9.93e+03 5.20e+02  -6.0 5.87e+01    -  3.24e-02 1.02e-03h  1
 134  2.0326883e+06 9.68e+03 5.12e+02  -6.0 5.66e+01    -  2.78e-02 1.28e-02h  1
 135  2.0328698e+06 9.45e+03 5.07e+02  -6.0 3.53e+01    -  1.21e-03 1.19e-02h  1
 136  2.0332711e+06 9.01e+03 4.96e+02  -6.0 2.24e+01    -  1.23e-02 2.30e-02h  1
 137  2.0333285e+06 8.96e+03 4.93e+02  -6.0 1.82e+01    -  3.04e-02 2.92e-03h  1
 138  2.0335358e+06 8.78e+03 4.87e+02  -6.0 1.96e+01    -  2.16e-02 1.03e-02h  1
 139  2.0338978e+06 8.48e+03 4.78e+02  -6.0 1.88e+01    -  1.50e-02 1.72e-02h  1
iter    objective    inf_pr   inf_du lg(mu)  ||d||  lg(rg) alpha_du alpha_pr  ls
 140  2.0341756e+06 8.26e+03 4.63e+02  -6.0 1.50e+01    -  1.10e-01 1.26e-02h  1
 141  2.0345027e+06 8.02e+03 4.54e+02  -6.0 1.77e+01    -  3.76e-02 1.46e-02h  1
 142  2.0352533e+06 7.49e+03 4.37e+02  -6.0 1.93e+01    -  5.21e-02 3.34e-02h  1
 143  2.0365670e+06 6.64e+03 4.12e+02  -6.0 1.84e+01    -  5.49e-02 5.80e-02h  1
 144  2.0366073e+06 6.62e+03 4.07e+02  -6.0 1.26e+01    -  8.06e-02 1.77e-03h  1
 145  2.0376280e+06 6.04e+03 3.86e+02  -6.0 1.26e+01    -  9.36e-02 4.45e-02h  1
 146  2.0391855e+06 5.23e+03 3.59e+02  -6.0 9.85e+00    -  8.85e-02 6.84e-02h  1
 147  2.0400777e+06 4.82e+03 3.46e+02  -6.0 7.38e+00    -  9.05e-02 4.03e-02h  1
 148  2.0405299e+06 4.62e+03 3.42e+02  -6.0 8.54e+00    -  5.37e-02 2.09e-02h  1
 149  2.0411911e+06 4.33e+03 4.10e+02  -6.0 9.02e+00    -  1.13e-01 3.10e-02h  1
iter    objective    inf_pr   inf_du lg(mu)  ||d||  lg(rg) alpha_du alpha_pr  ls
 150  2.0413296e+06 4.27e+03 5.36e+02  -6.0 9.82e+00    -  1.35e-01 6.65e-03h  1
 151  2.0415022e+06 4.20e+03 6.18e+02  -6.0 1.09e+01    -  1.05e-01 8.30e-03h  1
 152  2.0416703e+06 4.14e+03 6.11e+02  -6.0 1.91e+01    -  8.47e-03 8.06e-03h  1
 153  2.0418471e+06 4.06e+03 5.84e+02  -6.0 1.92e+01    -  1.31e-02 8.46e-03h  1
 154  2.0424687e+06 3.82e+03 5.34e+02  -6.0 1.83e+01    -  3.63e-02 2.97e-02h  1
 155  2.0434077e+06 3.48e+03 5.47e+02  -6.0 1.73e+01    -  1.88e-03 4.60e-02h  1
 156  2.0436115e+06 3.41e+03 5.27e+02  -6.0 1.55e+01    -  2.22e-02 1.02e-02h  1
 157  2.0438632e+06 3.32e+03 5.28e+02  -6.0 1.00e+01    -  8.33e-04 1.27e-02h  1
 158  2.0443661e+06 3.15e+03 5.18e+02  -6.0 9.74e+00    -  1.99e-02 2.57e-02h  1
 159  2.0449616e+06 2.96e+03 5.32e+02  -6.0 1.07e+01    -  1.28e-03 3.06e-02h  1
iter    objective    inf_pr   inf_du lg(mu)  ||d||  lg(rg) alpha_du alpha_pr  ls
 160  2.0452996e+06 2.85e+03 4.83e+02  -6.0 8.68e+00    -  6.16e-02 1.77e-02h  1
 161  2.0457171e+06 2.73e+03 4.74e+02  -6.0 8.61e+00    -  2.04e-02 2.20e-02h  1
 162  2.0460619e+06 2.63e+03 4.75e+02  -6.0 8.24e+00    -  6.43e-03 1.84e-02h  1
 163  2.0463673e+06 2.54e+03 4.72e+02  -6.0 8.91e+00    -  1.06e-02 1.65e-02h  1
 164  2.0465761e+06 2.48e+03 4.67e+02  -6.0 1.04e+01    -  1.05e-02 1.14e-02h  1
 165  2.0471754e+06 2.32e+03 4.80e+02  -6.0 1.04e+01    -  9.11e-04 3.28e-02h  1
 166  2.0476003e+06 2.21e+03 4.85e+02  -6.0 1.16e+01    -  6.69e-03 2.36e-02h  1
 167  2.0478581e+06 2.14e+03 4.89e+02  -6.0 9.88e+00    -  2.00e-03 1.46e-02h  1
 168  2.0481091e+06 2.08e+03 4.82e+02  -6.0 9.79e+00    -  1.51e-02 1.43e-02h  1
 169  2.0482056e+06 2.06e+03 4.68e+02  -6.0 9.64e+00    -  1.70e-02 5.54e-03h  1
iter    objective    inf_pr   inf_du lg(mu)  ||d||  lg(rg) alpha_du alpha_pr  ls
 170  2.0484512e+06 2.00e+03 4.70e+02  -6.0 8.93e+00    -  4.95e-03 1.41e-02h  1
 171  2.0485292e+06 1.98e+03 4.66e+02  -6.0 5.68e+00    -  6.66e-03 4.53e-03h  1
 172  2.0486461e+06 1.95e+03 4.63e+02  -6.0 1.09e+01    -  6.19e-03 6.78e-03h  1
 173  2.0487801e+06 1.92e+03 4.66e+02  -6.0 1.12e+01    -  1.92e-03 7.79e-03h  1
 174  2.0489130e+06 1.89e+03 4.61e+02  -6.0 1.05e+01    -  9.48e-03 7.74e-03h  1
 175  2.0490606e+06 1.86e+03 4.56e+02  -6.0 1.04e+01    -  8.96e-03 8.62e-03h  1
 176  2.0494581e+06 1.77e+03 4.72e+02  -6.0 9.67e+00    -  1.19e-03 2.32e-02h  1
 177  2.0495996e+06 1.74e+03 4.57e+02  -6.0 1.17e+01    -  1.75e-02 8.32e-03h  1
 178  2.0496927e+06 1.72e+03 4.28e+02  -6.0 1.01e+01    -  2.68e-02 5.49e-03h  1
 179  2.0497041e+06 1.72e+03 3.84e+02  -6.0 1.05e+01    -  3.68e-02 6.69e-04h  1
iter    objective    inf_pr   inf_du lg(mu)  ||d||  lg(rg) alpha_du alpha_pr  ls
 180  2.0499360e+06 1.67e+03 3.90e+02  -6.0 1.04e+01    -  4.25e-03 1.37e-02h  1
 181  2.0502032e+06 1.62e+03 3.84e+02  -6.0 1.05e+01    -  1.52e-02 1.58e-02h  1
 182  2.0503899e+06 1.58e+03 3.74e+02  -6.0 1.06e+01    -  1.57e-02 1.11e-02h  1
 183  2.0504274e+06 1.58e+03 3.67e+02  -6.0 1.06e+01    -  8.51e-03 2.26e-03h  1
 184  2.0507293e+06 1.52e+03 3.70e+02  -6.0 6.81e+00    -  8.50e-03 1.81e-02h  1
 185r 2.0507293e+06 1.52e+03 9.99e+02  -0.2 0.00e+00    -  0.00e+00 2.09e-07R  2
 186r 2.0509291e+06 1.21e+03 9.99e+02  -0.2 1.15e+03    -  1.40e-06 1.94e-04f  1
 187  2.0509402e+06 1.21e+03 4.26e+02  -6.0 2.43e+02    -  1.34e-02 7.91e-04h  1
 188  2.0510893e+06 1.18e+03 4.22e+02  -6.0 5.88e+01    -  7.65e-03 1.02e-02h  1
 189  2.0511097e+06 1.18e+03 4.18e+02  -6.0 1.36e+01    -  3.92e-02 1.29e-03h  1
iter    objective    inf_pr   inf_du lg(mu)  ||d||  lg(rg) alpha_du alpha_pr  ls
 190  2.0512951e+06 1.15e+03 4.10e+02  -6.0 3.07e+01    -  1.25e-03 1.38e-02h  1
 191  2.0515150e+06 1.11e+03 4.05e+02  -6.0 1.10e+01    -  2.07e-02 1.44e-02h  1
 192  2.0515749e+06 1.10e+03 4.03e+02  -6.0 9.16e+00    -  2.24e-02 3.85e-03h  1
 193  2.0516978e+06 1.09e+03 3.96e+02  -6.0 8.41e+00    -  7.00e-02 7.90e-03h  1
 194  2.0520659e+06 1.03e+03 3.85e+02  -6.0 7.20e+00    -  3.16e-02 2.38e-02h  1
 195  2.0527433e+06 9.43e+02 3.76e+02  -6.0 7.62e+00    -  1.03e-02 4.39e-02h  1
 196  2.0529319e+06 9.19e+02 3.73e+02  -6.0 6.97e+00    -  7.28e-03 1.24e-02h  1
 197  2.0533099e+06 8.72e+02 3.73e+02  -6.0 7.16e+00    -  2.42e-03 2.49e-02h  1
 198  2.0535801e+06 8.40e+02 3.73e+02  -6.0 9.14e+00    -  6.20e-03 1.80e-02h  1
 199  2.0536557e+06 8.31e+02 3.68e+02  -6.0 9.10e+00    -  9.76e-03 5.09e-03h  1
iter    objective    inf_pr   inf_du lg(mu)  ||d||  lg(rg) alpha_du alpha_pr  ls
 200  2.0536867e+06 8.27e+02 3.55e+02  -6.0 9.06e+00    -  2.06e-02 2.10e-03h  1
 201  2.0540875e+06 7.81e+02 3.52e+02  -6.0 1.01e+01    -  1.84e-02 2.71e-02h  1
 202  2.0541211e+06 7.78e+02 3.13e+02  -6.0 1.22e+01    -  4.30e-02 2.29e-03h  1
 203  2.0543746e+06 7.50e+02 2.87e+02  -6.0 1.41e+01    -  3.68e-02 1.73e-02h  1
 204  2.0544249e+06 7.45e+02 2.58e+02  -6.0 1.51e+01    -  2.82e-02 3.46e-03h  1
 205  2.0552994e+06 6.54e+02 2.80e+02  -6.0 1.56e+01    -  2.57e-02 6.01e-02h  1
 206  2.0559125e+06 5.96e+02 2.79e+02  -6.0 1.85e+01    -  3.47e-02 4.30e-02h  1
 207  2.0561953e+06 5.71e+02 2.18e+02  -6.0 1.89e+01    -  5.76e-02 2.04e-02h  1
 208  2.0588920e+06 3.37e+02 2.07e+02  -6.0 9.95e+00    -  2.83e-03 2.18e-01h  1
 209  2.0592757e+06 3.10e+02 2.09e+02  -6.0 1.01e+01    -  1.15e-01 3.82e-02h  1
iter    objective    inf_pr   inf_du lg(mu)  ||d||  lg(rg) alpha_du alpha_pr  ls
 210  2.0594970e+06 2.94e+02 2.05e+02  -6.0 8.38e+00    -  2.30e-02 2.27e-02h  1
 211  2.0599864e+06 2.62e+02 1.92e+02  -6.0 7.54e+00    -  2.59e-02 5.13e-02h  1
 212  2.0608618e+06 2.08e+02 1.65e+02  -6.0 5.90e+00    -  7.67e-03 9.59e-02h  1
 213  2.0612312e+06 1.88e+02 1.59e+02  -6.0 1.49e+00  -2.0 5.74e-02 4.38e-02h  1
 214  2.0614900e+06 1.74e+02 3.53e+02  -6.0 2.14e+00  -2.5 2.18e-03 3.20e-02h  1
 215  2.0630002e+06 1.03e+02 2.88e+02  -6.0 2.73e+00  -2.9 4.97e-02 1.93e-01h  1
 216  2.0635322e+06 8.22e+01 2.64e+02  -6.0 1.56e+00  -2.5 8.69e-02 8.21e-02h  1
 217  2.0639679e+06 6.64e+01 2.45e+02  -6.0 1.75e+00  -3.0 7.28e-02 7.29e-02h  1
 218  2.0641540e+06 6.01e+01 2.35e+02  -6.0 2.00e+00  -3.5 1.03e-01 3.34e-02h  1
 219  2.0643030e+06 5.52e+01 2.29e+02  -6.0 2.57e+00  -3.1 6.53e-03 2.76e-02h  1
iter    objective    inf_pr   inf_du lg(mu)  ||d||  lg(rg) alpha_du alpha_pr  ls
 220  2.0657537e+06 1.48e+01 1.71e+02  -6.0 1.80e+00  -3.5 3.82e-02 2.76e-01h  1
 221  2.0659743e+06 9.87e+00 1.62e+02  -6.0 1.87e+00    -  3.41e-02 5.69e-02h  1
 222  2.0661414e+06 6.34e+00 1.55e+02  -6.0 1.83e+00    -  3.38e-02 4.57e-02h  1
 223  2.0662151e+06 5.82e+00 1.51e+02  -6.0 1.80e+00    -  3.85e-02 2.11e-02h  1
 224  2.0669836e+06 4.51e+00 1.19e+02  -6.0 1.79e+00    -  1.55e-01 2.25e-01h  1
 225  2.0671968e+06 4.15e+00 1.08e+02  -6.0 1.60e+00    -  1.34e-01 7.96e-02h  1
 226  2.0673961e+06 3.82e+00 9.69e+01  -6.0 1.52e+00    -  2.64e-01 8.07e-02h  1
 227  2.0675106e+06 3.63e+00 9.18e+01  -6.0 1.65e+00    -  7.07e-02 5.02e-02h  1
 228  2.0679152e+06 2.95e+00 7.47e+01  -6.0 1.40e+00    -  1.82e-01 1.86e-01h  1
 229  2.0681276e+06 2.60e+00 6.50e+01  -6.0 1.21e+00    -  3.43e-01 1.19e-01h  1
iter    objective    inf_pr   inf_du lg(mu)  ||d||  lg(rg) alpha_du alpha_pr  ls
 230  2.0681508e+06 2.56e+00 6.40e+01  -6.0 1.10e+00    -  3.03e-02 1.47e-02h  1
 231  2.0687301e+06 1.61e+00 4.02e+01  -6.0 1.09e+00    -  5.88e-01 3.73e-01h  1
 232  2.0687844e+06 1.52e+00 3.80e+01  -6.0 7.18e-01    -  8.50e-02 5.49e-02h  1
 233  2.0691864e+06 8.67e-01 2.17e+01  -6.0 3.99e-01    -  1.76e-01 4.29e-01h  1
 234r 2.0691864e+06 8.67e-01 9.99e+02  -1.3 0.00e+00    -  0.00e+00 3.05e-07R  3
 235r 2.0691742e+06 8.51e-01 1.16e+03  -1.3 8.21e+01    -  1.70e-05 1.83e-04f  1
 236  2.0691740e+06 8.50e-01 1.52e+02  -6.0 1.53e+02    -  7.88e-06 3.03e-04h  1
 237  2.0691740e+06 8.50e-01 1.52e+02  -6.0 1.44e+02    -  1.58e-03 6.07e-05h  6
 238  2.0691741e+06 8.50e-01 1.52e+02  -6.0 2.91e+01    -  3.09e-04 3.75e-04h  6
 239  2.0691784e+06 8.41e-01 1.51e+02  -6.0 2.40e+01    -  1.57e-02 1.03e-02h  2
iter    objective    inf_pr   inf_du lg(mu)  ||d||  lg(rg) alpha_du alpha_pr  ls
 240  2.0691876e+06 8.25e-01 1.48e+02  -6.0 1.11e+01    -  1.15e-02 1.87e-02h  2
 241  2.0692860e+06 6.73e-01 1.21e+02  -6.0 1.83e+00    -  1.63e-01 1.85e-01h  1
 242  2.0693299e+06 6.02e-01 1.08e+02  -6.0 1.19e+00    -  6.76e-02 1.06e-01h  1
 243  2.0694769e+06 3.78e-01 6.76e+01  -6.0 4.02e-01    -  3.87e-01 3.73e-01h  1
 244  2.0695014e+06 3.41e-01 6.10e+01  -6.0 1.46e-01    -  1.04e-01 9.75e-02h  1
 245  2.0695434e+06 2.78e-01 7.30e+03  -6.0 1.24e-01    -  2.66e-03 1.84e-01h  1
 246  2.0696384e+06 1.37e-01 3.58e+03  -6.0 9.89e-02    -  5.46e-01 5.09e-01h  1
 247  2.0696687e+06 9.14e-02 2.40e+03  -6.0 4.59e-02    -  3.56e-01 3.30e-01h  1
 248  2.0697298e+06 5.79e-04 1.53e+01  -6.0 3.18e-02    -  4.61e-01 9.94e-01h  1
 249  2.0697301e+06 1.18e-04 3.13e+00  -6.0 1.33e-02    -  1.00e+00 7.97e-01h  1
iter    objective    inf_pr   inf_du lg(mu)  ||d||  lg(rg) alpha_du alpha_pr  ls
 250  2.0697301e+06 1.10e-04 2.94e+00  -6.0 6.64e-02    -  1.00e+00 6.25e-02h  5
 251  2.0697302e+06 2.91e-07 9.36e-06  -6.0 6.14e-02    -  1.00e+00 1.00e+00h  1
 252  2.0697302e+06 8.20e-08 3.20e-02  -7.2 2.10e-03    -  1.00e+00 9.68e-01h  1
 253  2.0697301e+06 3.32e-09 2.36e-08  -7.2 7.21e-05    -  1.00e+00 1.00e+00f  1

Number of Iterations....: 253

                                   (scaled)                 (unscaled)
Objective...............:   1.4993743207152564e+04    2.0697301498868819e+06
Dual infeasibility......:   2.3629982454131839e-08    3.2618730660455703e-06
Constraint violation....:   3.3169888988271445e-09    3.3169888988271445e-09
Variable bound violation:   2.6858604940116493e-07    2.6858604940116493e-07
Complementarity.........:   7.0931178262747674e-08    9.7913106946754247e-06
Overall NLP error.......:   7.0931178262747674e-08    9.7913106946754247e-06


Number of objective function evaluations             = 321
Number of objective gradient evaluations             = 238
Number of equality constraint evaluations            = 321
Number of inequality constraint evaluations          = 322
Number of equality constraint Jacobian evaluations   = 263
Number of inequality constraint Jacobian evaluations = 263
Number of Lagrangian Hessian evaluations             = 253
Total seconds in IPOPT                               = 56.657

EXIT: Optimal Solution Found.

