Solver command line: ['/opt/homebrew/bin/ipopt', '/var/folders/6y/bvynbx6n3zv7z3lwg6vd724r0000gn/T/tmpsd2gu5tt.pyomo.nl', '-AMPL', 'tol=1e-06', 'max_iter=300', 'print_level=5', 'warm_start_init_point=yes', 'warm_start_bound_push=1e-06', 'warm_start_bound_frac=1e-06', 'warm_start_mult_bound_push=1e-06', 'mu_init=1e-06', 'least_square_init_duals=no']

Ipopt 3.14.19: tol=1e-06
max_iter=300
print_level=5
warm_start_init_point=yes
warm_start_bound_push=1e-06
warm_start_bound_frac=1e-06
warm_start_mult_bound_push=1e-06
mu_init=1e-06
least_square_init_duals=no


******************************************************************************
This program contains Ipopt, a library for large-scale nonlinear optimization.
 Ipopt is released as open source code under the Eclipse Public License (EPL).
         For more information visit https://github.com/coin-or/Ipopt
******************************************************************************

This is Ipopt version 3.14.19, running with linear solver MUMPS 5.6.2.

Number of nonzeros in equality constraint Jacobian...:    91135
Number of nonzeros in inequality constraint Jacobian.:    72000
Number of nonzeros in Lagrangian Hessian.............:    51664

Total number of variables............................:    13678
                     variables with only lower bounds:        0
                variables with lower and upper bounds:    13678
                     variables with only upper bounds:        0
Total number of equality constraints.................:    12937
Total number of inequality constraints...............:    18000
        inequality constraints with only lower bounds:        0
   inequality constraints with lower and upper bounds:        0
        inequality constraints with only upper bounds:    18000

iter    objective    inf_pr   inf_du lg(mu)  ||d||  lg(rg) alpha_du alpha_pr  ls
   0  2.0697294e+06 2.58e+05 7.42e+03  -6.0 0.00e+00    -  0.00e+00 0.00e+00   0
   1  2.0697299e+06 2.58e+05 7.42e+03  -6.0 1.38e+01   0.0 4.30e-04 2.31e-04h  1
   2  2.0697297e+06 2.58e+05 7.42e+03  -6.0 1.38e+01  -0.5 9.75e-04 2.12e-04h  1
   3  2.0697301e+06 2.58e+05 7.42e+03  -6.0 1.39e+01  -0.1 5.21e-04 6.61e-05h  1
   4  2.0697299e+06 2.58e+05 7.42e+03  -6.0 1.39e+01  -0.5 1.45e-03 6.40e-05h  1
   5  2.0697315e+06 2.58e+05 7.41e+03  -6.0 1.39e+01  -0.1 3.62e-04 3.21e-04h  1
   6  2.0697318e+06 2.58e+05 7.41e+03  -6.0 1.39e+01   0.3 4.60e-04 3.49e-05h  1
   7  2.0697329e+06 2.58e+05 7.41e+03  -6.0 1.39e+01  -0.2 7.23e-04 2.47e-04h  1
   8  2.0697331e+06 2.58e+05 7.41e+03  -6.0 1.39e+01   0.3 8.40e-04 2.86e-05h  1
   9  2.0697345e+06 2.57e+05 7.41e+03  -6.0 1.39e+01  -0.2 2.17e-03 3.71e-04h  1
iter    objective    inf_pr   inf_du lg(mu)  ||d||  lg(rg) alpha_du alpha_pr  ls
  10  2.0697357e+06 2.57e+05 7.41e+03  -6.0 1.38e+01   0.2 9.69e-04 1.72e-04h  1
  11  2.0697403e+06 2.56e+05 7.39e+03  -6.0 1.39e+01  -0.3 5.83e-03 1.58e-03h  1
  12  2.0697424e+06 2.56e+05 7.39e+03  -6.0 1.38e+01   0.2 1.31e-03 4.57e-04h  1
  13  2.0697497e+06 2.55e+05 7.37e+03  -6.0 1.38e+01  -0.3 6.92e-03 2.70e-03h  1
  14  2.0697522e+06 2.55e+05 7.37e+03  -6.0 1.37e+01   0.1 1.01e-03 4.86e-04h  1
  15  2.0697553e+06 2.54e+05 7.36e+03  -6.0 1.37e+01  -0.4 5.97e-03 9.86e-04h  1
  16  2.0697585e+06 2.54e+05 7.35e+03  -6.0 1.37e+01   0.1 1.11e-03 1.13e-03h  1
  17  2.0697584e+06 2.53e+05 7.34e+03  -6.0 1.37e+01  -0.4 1.56e-03 1.65e-03h  1
  18  2.0697601e+06 2.52e+05 7.34e+03  -6.0 1.36e+01   0.0 3.30e-03 4.89e-04h  1
  19  2.0697574e+06 2.52e+05 7.33e+03  -6.0 1.36e+01  -0.5 5.58e-03 1.41e-03h  1
iter    objective    inf_pr   inf_du lg(mu)  ||d||  lg(rg) alpha_du alpha_pr  ls
  20  2.0697710e+06 2.50e+05 7.29e+03  -6.0 1.36e+01  -0.0 4.13e-03 4.41e-03h  1
  21  2.0697709e+06 2.50e+05 7.29e+03  -6.0 1.35e+01  -0.5 2.78e-03 4.56e-05h  1
  22  2.0697756e+06 2.49e+05 7.28e+03  -6.0 1.34e+01  -0.1 4.08e-02 1.34e-03h  1
  23  2.0697362e+06 2.47e+05 7.26e+03  -6.0 2.79e+01  -0.6 1.99e-03 3.27e-03h  1
  24  2.0697583e+06 2.45e+05 7.22e+03  -6.0 1.33e+01  -0.1 5.48e-03 5.32e-03h  1
  25  2.0697485e+06 2.41e+05 7.17e+03  -6.0 1.61e+01  -0.6 5.67e-03 6.67e-03h  1
  26  2.0697521e+06 2.41e+05 7.17e+03  -6.0 1.30e+01  -0.2 8.79e-03 1.04e-03h  1
  27  2.0697320e+06 2.39e+05 7.14e+03  -6.0 2.32e+01  -0.7 6.38e-04 4.22e-03h  1
  28  2.0697331e+06 2.39e+05 7.13e+03  -6.0 1.39e+01  -0.2 3.49e-03 4.53e-04h  1
  29  2.0697264e+06 2.38e+05 7.13e+03  -6.0 2.83e+01  -0.7 3.24e-03 7.92e-04h  1
iter    objective    inf_pr   inf_du lg(mu)  ||d||  lg(rg) alpha_du alpha_pr  ls
  30  2.0697332e+06 2.37e+05 7.10e+03  -6.0 1.48e+01  -0.3 2.05e-03 3.46e-03h  1
  31  2.0697137e+06 2.36e+05 7.09e+03  -6.0 3.59e+01  -0.8 2.53e-02 1.51e-03h  1
  32  2.0697132e+06 2.36e+05 7.09e+03  -6.0 1.71e+01  -0.3 9.32e-03 6.37e-04h  1
  33  2.0696509e+06 2.34e+05 7.06e+03  -6.0 4.10e+01  -0.8 2.99e-03 3.58e-03h  1
  34  2.0696492e+06 2.33e+05 7.05e+03  -6.0 1.88e+01  -0.4 7.50e-03 2.00e-03h  1
  35  2.0696490e+06 2.33e+05 7.05e+03  -6.0 5.12e+01  -0.9 1.62e-02 6.20e-06h  1
  36  2.0696310e+06 2.32e+05 7.03e+03  -6.0 4.94e+01  -0.4 1.28e-03 1.80e-03h  1
  37  2.0696298e+06 2.32e+05 7.03e+03  -6.0 5.15e+01  -0.9 1.08e-03 1.72e-05h  1
  38  2.0695779e+06 2.32e+05 7.03e+03  -6.0 4.94e+01  -0.5 2.08e-05 1.10e-03h  1
  39  2.0695679e+06 2.32e+05 7.03e+03  -6.0 5.09e+01  -1.0 1.79e-03 2.33e-04h  1
iter    objective    inf_pr   inf_du lg(mu)  ||d||  lg(rg) alpha_du alpha_pr  ls
  40  2.0695419e+06 2.31e+05 7.02e+03  -6.0 4.86e+01  -0.5 1.01e-06 9.20e-04h  1
  41  2.0695385e+06 2.31e+05 7.02e+03  -6.0 5.06e+01  -1.0 9.23e-03 7.44e-05h  1
  42  2.0695072e+06 2.31e+05 7.01e+03  -6.0 4.83e+01  -0.6 1.30e-05 1.04e-03h  1
  43  2.0695069e+06 2.31e+05 7.01e+03  -6.0 5.15e+01  -1.1 9.88e-04 6.46e-06h  1
  44  2.0694490e+06 2.30e+05 7.00e+03  -6.0 4.82e+01  -0.6 1.69e-05 1.26e-03f  1
  45  2.0694486e+06 2.30e+05 7.00e+03  -6.0 5.08e+01  -1.1 8.61e-03 6.51e-06h  1
  46  2.0693730e+06 2.29e+05 6.99e+03  -6.0 4.76e+01  -0.7 1.89e-04 1.65e-03h  1
  47  2.0693729e+06 2.29e+05 6.99e+03  -6.0 5.08e+01  -1.2 6.72e-04 1.09e-06h  1
  48  2.0692258e+06 2.28e+05 6.97e+03  -6.0 4.82e+01  -0.8 1.75e-04 2.89e-03f  1
  49  2.0692257e+06 2.28e+05 6.97e+03  -6.0 1.07e+02  -1.2 3.52e-03 1.21e-06h  1
iter    objective    inf_pr   inf_du lg(mu)  ||d||  lg(rg) alpha_du alpha_pr  ls
  50  2.0692040e+06 2.28e+05 6.97e+03  -6.0 5.70e+01  -0.8 2.41e-03 4.57e-04h  1
  51  2.0692036e+06 2.28e+05 6.97e+03  -6.0 5.34e+01  -0.4 1.56e-04 1.06e-05h  1
  52  2.0692040e+06 2.28e+05 6.97e+03  -6.0 5.64e+01  -0.9 4.07e-03 5.36e-05h  1
  53  2.0691462e+06 2.27e+05 6.95e+03  -6.0 5.69e+01  -0.4 3.89e-03 1.75e-03h  1
  54  2.0690682e+06 2.26e+05 6.94e+03  -6.0 5.77e+01  -0.9 9.54e-03 1.78e-03h  1
  55  2.0690677e+06 2.26e+05 6.94e+03  -6.0 9.11e+01  -0.5 2.27e-04 6.72e-06h  1
  56  2.0690517e+06 2.26e+05 6.94e+03  -6.0 6.17e+01  -1.0 1.16e-07 3.45e-04h  1
  57  2.0690516e+06 2.26e+05 6.94e+03  -6.0 9.67e+01  -0.5 2.31e-03 2.36e-06h  1
  58  2.0690390e+06 2.26e+05 6.94e+03  -6.0 1.30e+02  -1.0 3.80e-04 2.98e-04h  1
  59  2.0690377e+06 2.26e+05 6.94e+03  -6.0 1.44e+02  -0.6 1.34e-03 1.90e-05h  1
iter    objective    inf_pr   inf_du lg(mu)  ||d||  lg(rg) alpha_du alpha_pr  ls
  60  2.0689963e+06 2.26e+05 6.93e+03  -6.0 1.78e+02  -1.1 2.05e-03 5.22e-04h  1
  61  2.0689958e+06 2.26e+05 6.93e+03  -6.0 4.13e+02  -0.6 3.34e-04 6.80e-06h  1
  62  2.0689869e+06 2.25e+05 6.93e+03  -6.0 4.32e+02  -1.1 4.44e-04 1.11e-04h  1
  63  2.0689680e+06 2.25e+05 6.93e+03  -6.0 4.13e+02  -0.7 6.75e-05 1.83e-04h  1
  64  2.0689315e+06 2.25e+05 6.93e+03  -6.0 4.29e+02  -1.2 4.22e-04 2.78e-04h  1
  65  2.0689217e+06 2.25e+05 6.93e+03  -6.0 4.31e+02  -0.7 2.95e-04 7.59e-05h  1
  66  2.0689136e+06 2.25e+05 6.93e+03  -6.0 4.62e+02  -1.2 1.37e-03 7.22e-05h  1
  67  2.0688860e+06 2.25e+05 6.93e+03  -6.0 4.85e+02  -0.8 1.50e-03 3.19e-04h  1
  68  2.0688850e+06 2.25e+05 6.93e+03  -6.0 5.84e+02  -0.4 2.35e-04 6.92e-06h  1
  69  2.0688495e+06 2.25e+05 6.92e+03  -6.0 5.91e+02  -0.8 2.50e-03 2.39e-04h  1
iter    objective    inf_pr   inf_du lg(mu)  ||d||  lg(rg) alpha_du alpha_pr  ls
  70  2.0688445e+06 2.25e+05 6.92e+03  -6.0 5.88e+02  -0.4 1.95e-04 3.85e-05h  1
  71  2.0687916e+06 2.25e+05 6.92e+03  -6.0 5.95e+02  -0.9 1.51e-03 3.72e-04f  1
  72  2.0687737e+06 2.25e+05 6.92e+03  -6.0 6.00e+02  -0.5 5.71e-07 1.56e-04h  1
  73  2.0687538e+06 2.25e+05 6.92e+03  -6.0 6.08e+02  -0.9 8.70e-05 1.63e-04h  1
  74  2.0687515e+06 2.25e+05 6.92e+03  -6.0 6.08e+02  -0.5 3.61e-04 3.26e-05h  1
  75  2.0687235e+06 2.24e+05 6.92e+03  -6.0 6.11e+02  -1.0 9.76e-04 2.40e-04h  1
  76r 2.0687235e+06 2.24e+05 1.00e+03   1.1 0.00e+00  -0.6 0.00e+00 2.62e-07R  2
  77r 2.0684494e+06 2.24e+05 1.00e+03   1.1 3.36e+04    -  3.72e-07 5.42e-06f  1
  78r 2.0682405e+06 2.22e+05 1.00e+03   1.1 2.84e+04    -  6.54e-06 6.57e-06f  1
  79r 2.0668550e+06 2.13e+05 1.00e+03   1.1 1.70e+04    -  1.13e-05 5.86e-05f  1
iter    objective    inf_pr   inf_du lg(mu)  ||d||  lg(rg) alpha_du alpha_pr  ls
  80r 2.0665330e+06 2.09e+05 1.00e+03   1.1 9.26e+03    -  4.57e-05 2.63e-05f  1
  81r 2.0655040e+06 1.93e+05 1.00e+03   1.1 8.75e+03    -  5.76e-05 1.09e-04f  1
  82  2.0655036e+06 1.93e+05 1.00e+02  -6.0 1.11e+02    -  3.43e-05 7.13e-06h  1
  83  2.0655006e+06 1.93e+05 1.00e+02  -6.0 1.18e+02    -  1.88e-06 2.76e-05h  1
  84  2.0654981e+06 1.93e+05 1.00e+02  -6.0 1.44e+02    -  7.45e-05 2.28e-05h  1
  85  2.0654873e+06 1.93e+05 1.00e+02  -6.0 1.56e+02    -  8.59e-05 8.60e-05h  1
  86  2.0654512e+06 1.92e+05 1.00e+02  -6.0 1.58e+02    -  8.41e-05 2.84e-04h  1
  87  2.0654155e+06 1.92e+05 9.99e+01  -6.0 1.62e+02    -  1.98e-04 2.77e-04h  1
  88  2.0653392e+06 1.92e+05 2.05e+02  -6.0 1.65e+02    -  1.89e-03 5.60e-04f  1
  89  2.0653455e+06 1.91e+05 2.30e+02  -6.0 1.61e+02    -  5.60e-06 2.26e-03h  1
iter    objective    inf_pr   inf_du lg(mu)  ||d||  lg(rg) alpha_du alpha_pr  ls
  90  2.0653378e+06 1.91e+05 1.05e+02  -6.0 1.89e+02    -  7.91e-04 1.02e-04h  1
  91  2.0651504e+06 1.90e+05 5.80e+02  -6.0 1.97e+02    -  3.22e-05 2.20e-03f  1
  92  2.0651485e+06 1.90e+05 3.18e+02  -6.0 2.78e+02    -  6.46e-04 3.91e-05h  1
  93  2.0652074e+06 1.90e+05 5.88e+02  -6.0 2.71e+02    -  3.89e-06 5.80e-04h  1
  94  2.0652164e+06 1.90e+05 1.93e+02  -6.0 3.49e+02    -  9.04e-04 2.80e-04h  1
  95  2.0652072e+06 1.90e+05 3.56e+02  -6.0 6.45e+02    -  6.54e-05 2.94e-04h  1
  96  2.0653414e+06 1.90e+05 3.71e+02  -6.0 4.80e+02    -  2.31e-06 4.59e-05h  1
  97  2.0674603e+06 1.90e+05 5.14e+02  -6.0 4.63e+02    -  2.89e-04 6.94e-04h  1
  98  2.0677037e+06 1.90e+05 3.22e+02  -6.0 1.16e+03    -  2.76e-04 2.71e-05h  1
  99  2.0746118e+06 1.89e+05 4.17e+02  -6.0 1.18e+03    -  6.59e-04 7.53e-04h  1
iter    objective    inf_pr   inf_du lg(mu)  ||d||  lg(rg) alpha_du alpha_pr  ls
 100  2.0813171e+06 1.89e+05 1.05e+03  -6.0 1.25e+03    -  2.65e-05 6.82e-04h  2
 101  2.0887638e+06 1.89e+05 1.36e+03  -6.0 1.27e+03    -  4.81e-04 7.44e-04h  1
 102  2.0974458e+06 1.89e+05 2.34e+03  -6.0 1.25e+03    -  9.62e-06 8.28e-04h  2
In iteration 102, 1 Slack too small, adjusting variable bound
 103  2.0987638e+06 1.88e+05 2.18e+03  -6.0 1.22e+03    -  2.51e-04 1.26e-04h  1
 104  2.1063286e+06 1.88e+05 2.99e+03  -6.0 1.19e+03    -  6.37e-05 7.10e-04h  1
 105  2.1066695e+06 1.88e+05 2.80e+03  -6.0 1.18e+03    -  1.65e-04 3.26e-05h  1
In iteration 105, 1 Slack too small, adjusting variable bound
 106  2.1182610e+06 1.88e+05 4.40e+03  -6.0 1.19e+03    -  5.09e-06 1.11e-03h  1
 107  2.1257390e+06 1.87e+05 4.34e+03  -6.0 1.33e+03    -  7.75e-04 7.46e-04h  2
 108  2.1350431e+06 1.87e+05 7.05e+03  -6.0 1.15e+03    -  2.55e-06 9.27e-04h  1
 109  2.1352624e+06 1.87e+05 3.10e+03  -6.0 2.73e+03    -  5.73e-04 2.94e-05h  1
iter    objective    inf_pr   inf_du lg(mu)  ||d||  lg(rg) alpha_du alpha_pr  ls
 110  2.1395855e+06 1.87e+05 3.72e+03  -6.0 2.81e+03    -  2.47e-08 1.74e-04h  1
In iteration 110, 1 Slack too small, adjusting variable bound
 111  2.1399108e+06 1.87e+05 1.06e+03  -6.0 3.05e+03    -  9.67e-04 1.35e-05h  1
 112  2.1473994e+06 1.87e+05 1.64e+03  -6.0 3.12e+03    -  5.51e-06 3.20e-04h  3
 113  2.1529650e+06 1.87e+05 1.13e+03  -6.0 3.51e+03    -  3.91e-04 2.55e-04h  3
 114  2.1577232e+06 1.87e+05 1.17e+03  -6.0 3.73e+03    -  2.25e-04 2.31e-04h  3
 115  2.1619716e+06 1.87e+05 1.95e+03  -6.0 3.89e+03    -  7.88e-05 2.15e-04h  3
 116  2.1701092e+06 1.86e+05 5.11e+03  -6.0 3.99e+03    -  1.08e-06 3.97e-04h  2
 117  2.1750230e+06 1.86e+05 4.60e+03  -6.0 4.20e+03    -  2.99e-04 2.49e-04h  2
 118  2.1802553e+06 1.86e+05 6.33e+03  -6.0 4.17e+03    -  1.28e-04 2.69e-04h  1
 119  2.1822811e+06 1.86e+05 7.64e+03  -6.0 4.30e+03    -  1.41e-05 1.06e-04h  1
iter    objective    inf_pr   inf_du lg(mu)  ||d||  lg(rg) alpha_du alpha_pr  ls
 120  2.1851419e+06 1.86e+05 6.89e+03  -6.0 4.32e+03    -  2.00e-04 1.51e-04h  3
 121  2.1895385e+06 1.86e+05 1.06e+04  -6.0 4.25e+03    -  1.99e-06 2.20e-04h  2
 122  2.1942556e+06 1.86e+05 1.39e+04  -6.0 4.33e+03    -  5.29e-05 2.26e-04h  1
 123  2.1949585e+06 1.86e+05 1.41e+04  -6.0 4.67e+03    -  2.04e-05 2.97e-05h  1
 124  2.1982782e+06 1.86e+05 1.59e+04  -6.0 4.67e+03    -  6.24e-05 1.39e-04h  1
 125  2.1996326e+06 1.86e+05 1.68e+04  -6.0 4.74e+03    -  2.05e-05 5.46e-05h  1
 126  2.2021080e+06 1.86e+05 1.80e+04  -6.0 4.75e+03    -  5.89e-05 1.03e-04h  1
 127  2.2030028e+06 1.86e+05 1.69e+04  -6.0 5.26e+03    -  7.88e-05 3.88e-05h  1
 128  2.2038254e+06 1.86e+05 1.69e+04  -6.0 5.40e+03    -  3.74e-05 3.53e-05h  4
 129  2.2052117e+06 1.86e+05 1.76e+04  -6.0 5.38e+03    -  3.16e-05 5.85e-05h  3
iter    objective    inf_pr   inf_du lg(mu)  ||d||  lg(rg) alpha_du alpha_pr  ls
 130  2.2061911e+06 1.86e+05 1.78e+04  -6.0 5.50e+03    -  3.31e-05 4.11e-05h  3
 131  2.2075900e+06 1.86e+05 1.82e+04  -6.0 5.49e+03    -  4.46e-05 5.83e-05h  2
 132  2.2088924e+06 1.86e+05 1.92e+04  -6.0 5.49e+03    -  2.38e-05 5.45e-05h  1
 133  2.2101714e+06 1.86e+05 1.93e+04  -6.0 5.50e+03    -  5.07e-05 5.28e-05h  3
In iteration 133, 1 Slack too small, adjusting variable bound
 134  2.2113937e+06 1.86e+05 1.90e+04  -6.0 5.56e+03    -  5.87e-05 5.07e-05h  1
 135  2.2125835e+06 1.86e+05 1.96e+04  -6.0 5.50e+03    -  3.15e-05 4.93e-05h  2
 136  2.2134752e+06 1.86e+05 1.74e+04  -6.0 5.55e+03    -  9.91e-05 3.72e-05h  2
 137  2.2148393e+06 1.86e+05 1.92e+04  -6.0 5.59e+03    -  7.31e-06 5.66e-05h  2
 138  2.2161025e+06 1.86e+05 1.96e+04  -6.0 5.56e+03    -  4.42e-05 5.28e-05h  2
 139  2.2169294e+06 1.86e+05 2.02e+04  -6.0 5.52e+03    -  1.63e-05 3.37e-05h  3
iter    objective    inf_pr   inf_du lg(mu)  ||d||  lg(rg) alpha_du alpha_pr  ls
 140  2.2177852e+06 1.86e+05 2.02e+04  -6.0 5.49e+03    -  3.49e-05 3.51e-05h  3
 141  2.2184469e+06 1.86e+05 1.85e+04  -6.0 5.48e+03    -  7.09e-05 2.72e-05h  3
 142  2.2196182e+06 1.86e+05 2.02e+04  -6.0 5.34e+03    -  1.56e-06 4.41e-05h  2
 143  2.2203126e+06 1.86e+05 1.92e+04  -6.0 5.28e+03    -  5.17e-05 2.64e-05h  2
 144  2.2210578e+06 1.86e+05 2.01e+04  -6.0 5.05e+03    -  2.89e-06 2.49e-05h  2
 145  2.2224059e+06 1.86e+05 2.14e+04  -6.0 4.90e+03    -  1.20e-05 4.25e-05w  1
 146  2.2286139e+06 1.85e+05 2.70e+04  -6.0 4.86e+03    -  5.72e-05 1.90e-04w  1
 147  2.2290752e+06 1.85e+05 2.46e+04  -6.0 5.61e+03    -  6.17e-05 1.33e-05w  1
 148  2.2217318e+06 1.86e+05 2.05e+04  -6.0 5.72e+03    -  1.20e-05 2.12e-05h  1
 149  2.2225112e+06 1.86e+05 2.00e+04  -6.0 4.86e+03    -  3.51e-05 2.38e-05h  2
iter    objective    inf_pr   inf_du lg(mu)  ||d||  lg(rg) alpha_du alpha_pr  ls
 150  2.2231518e+06 1.86e+05 1.82e+04  -6.0 4.96e+03    -  6.20e-05 1.95e-05h  3
 151  2.2243033e+06 1.86e+05 1.82e+04  -6.0 5.15e+03    -  3.46e-05 3.49e-05h  3
 152  2.2249826e+06 1.86e+05 1.90e+04  -6.0 5.15e+03    -  1.22e-06 1.88e-05h  4
 153  2.2261952e+06 1.86e+05 1.48e+04  -6.0 5.19e+03    -  1.23e-04 3.36e-05h  3
 154  2.2273229e+06 1.86e+05 1.59e+04  -6.0 5.60e+03    -  8.52e-06 3.11e-05h  3
 155  2.2282709e+06 1.86e+05 1.25e+04  -6.0 5.66e+03    -  9.36e-05 2.59e-05h  3
 156  2.2293834e+06 1.85e+05 1.40e+04  -6.0 5.94e+03    -  8.93e-07 2.95e-05h  3
 157  2.2305383e+06 1.85e+05 1.48e+04  -6.0 5.58e+03    -  1.31e-05 2.68e-05h  3
 158  2.2316911e+06 1.85e+05 1.47e+04  -6.0 5.52e+03    -  2.84e-05 2.63e-05h  3
 159  2.2369845e+06 1.85e+05 2.03e+04  -6.0 5.19e+03    -  1.32e-05 1.19e-04w  1
In iteration 159, 1 Slack too small, adjusting variable bound
iter    objective    inf_pr   inf_du lg(mu)  ||d||  lg(rg) alpha_du alpha_pr  ls
 160  2.2425906e+06 1.85e+05 2.16e+04  -6.0 5.20e+03    -  8.41e-05 1.08e-04w  1
 161  2.2571632e+06 1.85e+05 3.23e+04  -6.0 5.79e+03    -  1.72e-05 2.28e-04w  1
 162r 2.2316911e+06 1.85e+05 1.00e+03   1.0 0.00e+00    -  0.00e+00 4.64e-07R  8
 163r 2.2328563e+06 1.65e+05 1.02e+03   1.0 5.13e+03    -  3.77e-04 2.51e-04f  1
 164r 2.2342864e+06 1.28e+05 1.03e+03   1.0 4.31e+03    -  8.98e-05 4.98e-04f  1
 165  2.2342758e+06 1.28e+05 1.00e+02  -6.0 4.85e+01    -  3.90e-05 1.75e-05h  1
 166  2.2342611e+06 1.28e+05 1.00e+02  -6.0 7.45e+01    -  4.48e-05 2.33e-05f  1
 167  2.2342331e+06 1.28e+05 1.00e+02  -6.0 1.42e+02    -  1.45e-04 4.14e-05f  1
 168  2.2341262e+06 1.28e+05 1.00e+02  -6.0 1.77e+02    -  4.22e-05 1.58e-04f  1
 169  2.2339984e+06 1.28e+05 1.00e+02  -6.0 1.92e+02    -  3.11e-05 1.93e-04f  1
iter    objective    inf_pr   inf_du lg(mu)  ||d||  lg(rg) alpha_du alpha_pr  ls
 170  2.2338062e+06 1.28e+05 9.99e+01  -6.0 1.98e+02    -  4.06e-04 2.95e-04f  1
 171  2.2333177e+06 1.28e+05 1.14e+02  -6.0 2.02e+02    -  2.87e-04 7.68e-04f  1
 172  2.2328088e+06 1.28e+05 2.25e+02  -6.0 2.03e+02    -  2.91e-04 8.00e-04f  1
 173  2.2318960e+06 1.27e+05 5.22e+02  -6.0 2.02e+02    -  1.88e-04 1.49e-03f  1
 174  2.2312818e+06 1.27e+05 3.38e+02  -6.0 2.00e+02    -  1.85e-03 1.10e-03f  1
 175  2.2312633e+06 1.27e+05 2.00e+02  -6.0 2.85e+02    -  4.80e-04 5.85e-05h  1
 176  2.2316378e+06 1.27e+05 1.50e+02  -6.0 3.11e+03  -0.1 1.23e-05 3.56e-05h  3
 177  2.2321044e+06 1.27e+05 1.29e+02  -6.0 1.97e+03  -0.6 6.86e-05 8.17e-05h  2
 178  2.2320671e+06 1.27e+05 1.44e+02  -6.0 2.02e+02    -  2.64e-03 7.16e-04f  1
 179  2.2318038e+06 1.27e+05 3.52e+02  -6.0 3.08e+02    -  1.06e-03 4.94e-04f  1
iter    objective    inf_pr   inf_du lg(mu)  ||d||  lg(rg) alpha_du alpha_pr  ls
 180  2.2314110e+06 1.26e+05 7.89e+02  -6.0 3.03e+02    -  1.89e-03 7.76e-04f  1
 181  2.2313042e+06 1.26e+05 1.25e+03  -6.0 3.44e+02    -  1.19e-03 2.52e-04f  1
 182  2.2309547e+06 1.26e+05 1.10e+03  -6.0 2.95e+02    -  6.46e-04 9.18e-04f  1
 183  2.2309346e+06 1.26e+05 1.30e+03  -6.0 3.68e+02    -  3.08e-04 6.76e-05h  1
 184  2.2306218e+06 1.26e+05 5.94e+02  -6.0 3.73e+02    -  4.74e-04 1.31e-03f  1
 185  2.2307039e+06 1.26e+05 4.87e+02  -6.0 4.59e+02    -  5.24e-04 6.36e-04h  1
 186  2.2310125e+06 1.25e+05 3.92e+02  -6.0 9.20e+02    -  4.65e-04 5.63e-04h  1
 187  2.2317594e+06 1.25e+05 3.67e+02  -6.0 8.90e+02    -  8.92e-04 1.11e-03h  1
 188  2.2318179e+06 1.25e+05 7.55e+02  -6.0 9.80e+02    -  5.17e-04 6.47e-05h  1
 189  2.2323170e+06 1.25e+05 5.61e+02  -6.0 8.91e+02    -  3.19e-04 4.57e-04h  1
iter    objective    inf_pr   inf_du lg(mu)  ||d||  lg(rg) alpha_du alpha_pr  ls
 190  2.2324689e+06 1.25e+05 1.45e+03  -6.0 9.80e+02    -  6.48e-04 1.04e-04h  1
 191  2.2326054e+06 1.25e+05 1.73e+03  -6.0 9.99e+02    -  2.52e-04 8.88e-05h  1
In iteration 191, 1 Slack too small, adjusting variable bound
 192  2.2328017e+06 1.25e+05 1.78e+03  -6.0 1.58e+03    -  1.35e-04 1.06e-04h  1
 193  2.2336477e+06 1.25e+05 1.20e+03  -6.0 1.47e+03    -  2.55e-05 3.42e-04h  1
 194r 2.2336477e+06 1.25e+05 9.99e+02   0.9 0.00e+00    -  0.00e+00 3.09e-07R  5
 195r 2.2339799e+06 1.10e+05 1.04e+03   0.9 3.64e+03    -  2.11e-05 2.13e-04f  1
 196r 2.2339812e+06 1.00e+05 1.03e+03   0.9 3.52e+03    -  2.47e-04 1.43e-04f  1
 197  2.2339789e+06 1.00e+05 1.00e+02  -6.0 1.37e+02    -  2.56e-05 5.55e-06h  1
 198  2.2339318e+06 1.00e+05 1.00e+02  -6.0 1.39e+02    -  5.21e-07 4.44e-05f  1
 199  2.2338615e+06 1.00e+05 1.00e+02  -6.0 1.39e+02    -  3.99e-05 6.64e-05f  1
iter    objective    inf_pr   inf_du lg(mu)  ||d||  lg(rg) alpha_du alpha_pr  ls
 200  2.2337465e+06 1.00e+05 1.00e+02  -6.0 1.57e+02    -  2.04e-05 1.33e-04f  1
 201  2.2334593e+06 9.99e+04 9.99e+01  -6.0 1.42e+02    -  6.96e-04 3.32e-04f  1
 202  2.2327061e+06 9.97e+04 9.99e+01  -6.0 1.15e+02    -  3.80e-05 8.84e-04f  1
 203  2.2316306e+06 9.94e+04 9.98e+01  -6.0 8.80e+01    -  7.89e-04 1.31e-03f  1
 204  2.2299892e+06 9.90e+04 9.97e+01  -6.0 6.43e+01    -  4.95e-06 2.04e-03f  1
 205  2.2252787e+06 9.78e+04 9.95e+01  -6.0 4.36e+01    -  1.38e-03 6.02e-03f  1
 206  2.2240015e+06 9.74e+04 9.94e+01  -6.0 4.43e+01    -  1.14e-04 1.68e-03f  1
 207  2.2191118e+06 9.61e+04 9.92e+01  -6.0 4.47e+01    -  4.17e-04 6.47e-03f  1
 208  2.2171045e+06 9.56e+04 9.86e+01  -6.0 4.64e+01    -  6.55e-03 2.69e-03f  1
 209  2.2117657e+06 9.43e+04 9.82e+01  -6.0 5.77e+01    -  2.90e-03 6.77e-03f  1
iter    objective    inf_pr   inf_du lg(mu)  ||d||  lg(rg) alpha_du alpha_pr  ls
 210  2.1921422e+06 8.98e+04 9.73e+01  -6.0 6.99e+01    -  2.72e-03 2.31e-02f  1
 211  2.1787879e+06 8.73e+04 9.64e+01  -6.0 8.68e+01    -  8.05e-03 1.39e-02f  1
 212  2.1762354e+06 8.69e+04 9.59e+01  -6.0 8.89e+01    -  6.54e-03 2.37e-03f  1
 213  2.1740828e+06 8.66e+04 9.37e+01  -6.0 9.64e+01    -  3.32e-02 1.90e-03f  1
 214  2.1717413e+06 8.63e+04 1.13e+02  -6.0 1.32e+02    -  2.82e-03 1.76e-03f  1
 215  2.1717380e+06 8.63e+04 1.85e+02  -6.0 1.45e+02    -  5.24e-04 2.43e-06h  1
 216  2.1706048e+06 8.61e+04 9.34e+01  -6.0 1.46e+02    -  2.10e-08 8.33e-04f  1
 217  2.1705169e+06 8.61e+04 3.91e+02  -6.0 1.51e+02    -  2.13e-03 6.36e-05f  1
 218  2.1651740e+06 8.54e+04 1.91e+02  -6.0 1.48e+02    -  6.58e-04 3.86e-03f  1
 219  2.1630734e+06 8.52e+04 1.23e+03  -6.0 1.54e+02    -  1.42e-02 1.47e-03f  1
iter    objective    inf_pr   inf_du lg(mu)  ||d||  lg(rg) alpha_du alpha_pr  ls
 220  2.1629288e+06 8.52e+04 1.97e+03  -6.0 3.27e+02    -  2.03e-03 1.09e-04f  1
 221  2.1612403e+06 8.50e+04 1.75e+03  -6.0 3.01e+02    -  7.31e-04 1.30e-03f  1
 222  2.1612402e+06 8.50e+04 1.76e+03  -6.0 2.24e+02    -  1.25e-06 3.37e-08h  1
 223  2.1587556e+06 8.46e+04 1.23e+03  -6.0 2.24e+02    -  3.77e-04 1.91e-03f  1
 224  2.1587508e+06 8.46e+04 1.71e+03  -6.0 3.12e+02    -  6.66e-04 3.89e-06f  1
 225  2.1584291e+06 8.46e+04 2.04e+03  -6.0 3.22e+02    -  6.91e-04 2.68e-04f  1
 226  2.1580583e+06 8.45e+04 1.95e+03  -6.0 8.33e+02    -  2.38e-04 3.55e-04f  1
In iteration 226, 1 Slack too small, adjusting variable bound
 227  2.1580364e+06 8.45e+04 4.59e+03  -6.0 1.13e+03    -  2.53e-03 2.37e-05f  1
 228  2.1562211e+06 8.42e+04 2.06e+03  -6.0 1.11e+03    -  4.49e-09 2.15e-03f  1
 229  2.1554655e+06 8.40e+04 2.00e+03  -6.0 1.34e+03    -  8.06e-04 8.69e-04f  1
iter    objective    inf_pr   inf_du lg(mu)  ||d||  lg(rg) alpha_du alpha_pr  ls
 230  2.1529793e+06 8.35e+04 2.47e+03  -6.0 1.24e+03    -  7.38e-04 2.91e-03f  1
 231  2.1529626e+06 8.35e+04 2.08e+03  -6.0 1.35e+03    -  1.52e-03 2.61e-05f  1
 232r 2.1529626e+06 8.35e+04 1.00e+03   0.8 0.00e+00    -  0.00e+00 2.46e-10R  2
 233r 2.1532315e+06 8.36e+04 1.02e+03   0.8 4.62e+06    -  1.09e-06 5.22e-07f  1
 234r 2.1533024e+06 7.86e+04 1.02e+03   0.8 3.19e+03    -  6.28e-05 8.62e-05f  1
 235r 2.1536261e+06 6.23e+04 1.06e+03   0.8 3.02e+03    -  9.24e-05 3.10e-04f  1
 236  2.1536091e+06 6.23e+04 1.86e+03  -6.0 6.87e+01    -  3.13e-02 1.68e-05f  1
 237  2.1531562e+06 6.23e+04 6.21e+03  -6.0 7.49e+02    -  3.39e-03 6.36e-04f  1
 238  2.1520657e+06 6.20e+04 3.28e+03  -6.0 9.38e+02    -  7.38e-04 2.20e-03f  1
 239  2.1520603e+06 6.20e+04 5.99e+03  -6.0 9.22e+02    -  1.13e-03 6.87e-05h  1
iter    objective    inf_pr   inf_du lg(mu)  ||d||  lg(rg) alpha_du alpha_pr  ls
 240  2.1545393e+06 6.15e+04 1.71e+03  -6.0 7.21e+02    -  3.37e-04 3.71e-03h  1
 241  2.1550821e+06 6.14e+04 2.72e+03  -6.0 6.84e+02    -  5.84e-04 1.20e-03h  1
 242  2.1558390e+06 6.13e+04 2.56e+03  -6.0 6.01e+02    -  8.84e-04 7.86e-04h  1
 243r 2.1558390e+06 6.13e+04 9.99e+02   0.7 0.00e+00    -  0.00e+00 3.88e-07R  2
 244r 2.1558172e+06 6.09e+04 1.01e+03   0.7 6.37e+05    -  1.95e-06 8.74e-06f  1
 245r 2.1559484e+06 5.53e+04 1.01e+03   0.7 2.73e+03    -  2.27e-04 1.17e-04f  1
 246r 2.1567492e+06 2.65e+04 1.26e+03   0.7 2.43e+03    -  1.67e-04 8.33e-04f  1
 247  2.1563555e+06 2.65e+04 9.99e+01  -6.0 6.99e+01    -  1.23e-03 3.52e-04f  1
 248  2.1561182e+06 2.65e+04 9.98e+01  -6.0 6.89e+01    -  1.89e-03 2.17e-04f  1
 249  2.1560350e+06 2.65e+04 1.59e+03  -6.0 6.61e+01    -  8.56e-03 8.10e-05f  1
iter    objective    inf_pr   inf_du lg(mu)  ||d||  lg(rg) alpha_du alpha_pr  ls
 250  2.1558383e+06 2.64e+04 4.82e+03  -6.0 6.54e+01    -  8.56e-03 2.14e-04f  1
 251  2.1522486e+06 2.62e+04 3.47e+03  -6.0 7.44e+01    -  1.00e-03 4.17e-03f  1
 252  2.1511546e+06 2.62e+04 2.84e+03  -6.0 7.32e+01    -  1.02e-04 1.32e-03f  1
 253  2.1446558e+06 2.57e+04 4.77e+03  -6.0 7.52e+01    -  1.11e-02 7.85e-03f  1
 254  2.1322209e+06 2.48e+04 2.80e+03  -6.0 7.61e+01    -  9.92e-03 1.75e-02f  1
 255  2.1255691e+06 2.42e+04 1.24e+04  -6.0 5.70e+01    -  3.51e-02 1.31e-02f  1
 256  2.1140750e+06 2.23e+04 1.29e+04  -6.0 3.63e+01    -  2.47e-02 4.05e-02f  1
 257  2.1098093e+06 2.14e+04 1.24e+04  -6.0 3.64e+01    -  1.88e-02 1.96e-02f  1
 258  2.1090265e+06 2.13e+04 1.24e+04  -6.0 3.88e+01    -  2.66e-03 3.07e-03f  1
 259  2.1023518e+06 2.03e+04 1.50e+04  -6.0 3.82e+01    -  1.01e-03 2.37e-02f  1
iter    objective    inf_pr   inf_du lg(mu)  ||d||  lg(rg) alpha_du alpha_pr  ls
 260  2.1023459e+06 2.03e+04 1.43e+04  -6.0 4.60e+01    -  1.99e-03 1.89e-05h  1
 261  2.1014734e+06 2.02e+04 1.52e+04  -6.0 4.50e+01    -  1.43e-07 2.86e-03f  1
 262  2.0978147e+06 1.97e+04 1.86e+04  -6.0 4.46e+01    -  1.05e-03 1.22e-02f  1
 263  2.0964687e+06 1.95e+04 1.54e+04  -6.0 5.90e+01    -  1.13e-02 4.95e-03f  1
 264  2.0940538e+06 1.93e+04 1.55e+04  -6.0 4.03e+01    -  7.36e-04 5.23e-03f  1
 265  2.0933575e+06 1.92e+04 6.10e+03  -6.0 7.59e+01    -  2.12e-02 3.00e-03f  1
In iteration 265, 1 Slack too small, adjusting variable bound
 266  2.0933163e+06 1.92e+04 6.10e+03  -6.0 8.76e+01    -  7.74e-06 1.92e-04f  1
 267  2.0928828e+06 1.91e+04 6.06e+03  -6.0 8.78e+01    -  5.27e-03 2.02e-03f  1
 268  2.0928828e+06 1.91e+04 6.06e+03  -6.0 1.10e+02    -  1.84e-08 1.71e-07h  1
 269  2.0925827e+06 1.90e+04 6.04e+03  -6.0 1.08e+02    -  2.11e-03 1.48e-03f  1
In iteration 269, 1 Slack too small, adjusting variable bound
iter    objective    inf_pr   inf_du lg(mu)  ||d||  lg(rg) alpha_du alpha_pr  ls
 270  2.0925827e+06 1.90e+04 6.04e+03  -6.0 7.41e+01    -  2.99e-04 1.37e-08h  1
 271  2.0920877e+06 1.89e+04 5.99e+03  -6.0 1.05e+02    -  2.10e-08 2.56e-03f  1
 272  2.0864469e+06 1.78e+04 1.18e+04  -6.0 1.09e+02    -  3.41e-03 2.90e-02f  1
 273  2.0852023e+06 1.76e+04 1.15e+04  -6.0 1.22e+02    -  6.51e-03 6.51e-03f  1
 274  2.0820056e+06 1.70e+04 1.84e+04  -6.0 1.52e+02    -  1.90e-08 1.83e-02f  1
 275  2.0805972e+06 1.67e+04 1.93e+04  -6.0 1.79e+02    -  5.50e-03 8.47e-03f  1
 276  2.0765734e+06 1.57e+04 2.54e+04  -6.0 1.49e+02    -  1.54e-07 2.85e-02f  1
 277  2.0744453e+06 1.53e+04 2.59e+04  -6.0 1.80e+02    -  9.92e-03 1.45e-02f  1
 278  2.0742388e+06 1.52e+04 2.62e+04  -6.0 1.44e+02    -  2.32e-05 1.68e-03f  1
 279  2.0710044e+06 1.44e+04 2.92e+04  -6.0 1.44e+02    -  4.00e-03 2.61e-02f  1
iter    objective    inf_pr   inf_du lg(mu)  ||d||  lg(rg) alpha_du alpha_pr  ls
 280  2.0706278e+06 1.44e+04 2.90e+04  -6.0 1.08e+02    -  3.92e-03 3.33e-03f  1
 281  2.0688367e+06 1.38e+04 3.12e+04  -6.0 1.09e+02    -  1.20e-05 1.96e-02f  1
 282  2.0688311e+06 1.38e+04 3.09e+04  -6.0 2.96e+01    -  3.90e-03 1.16e-04h  1
 283  2.0665139e+06 1.25e+04 3.10e+04  -6.0 1.31e+01    -  3.31e-06 4.71e-02f  1
 284  2.0662100e+06 1.23e+04 3.10e+04  -6.0 1.16e+01    -  1.45e-03 7.49e-03f  1
 285  2.0652356e+06 1.15e+04 3.02e+04  -6.0 9.48e+00    -  7.41e-04 3.45e-02f  1
 286  2.0639686e+06 1.03e+04 2.93e+04  -6.0 8.31e+00    -  8.79e-03 5.24e-02f  1
 287  2.0637902e+06 1.01e+04 2.90e+04  -6.0 6.69e+00    -  2.68e-02 9.93e-03h  1
 288  2.0615117e+06 7.39e+03 2.92e+04  -6.0 6.21e+00    -  1.06e-02 1.45e-01f  1
 289  2.0611012e+06 5.85e+03 2.77e+04  -6.0 6.31e+00    -  1.86e-02 1.10e-01h  1
iter    objective    inf_pr   inf_du lg(mu)  ||d||  lg(rg) alpha_du alpha_pr  ls
 290  2.0612687e+06 4.05e+03 2.63e+04  -6.0 6.85e+00    -  1.24e-01 1.68e-01h  1
 291  2.0619300e+06 2.98e+03 2.41e+04  -6.0 6.46e+00    -  5.06e-03 1.42e-01h  1
 292  2.0624198e+06 2.44e+03 2.24e+04  -6.0 4.46e+00    -  6.94e-02 9.42e-02h  1
 293  2.0624282e+06 2.43e+03 2.23e+04  -6.0 3.92e+00    -  3.67e-03 1.50e-03h  1
 294  2.0627304e+06 2.17e+03 2.13e+04  -6.0 3.90e+00    -  6.76e-04 5.43e-02h  1
 295  2.0627713e+06 2.14e+03 2.11e+04  -6.0 3.25e+00    -  2.97e-02 7.13e-03h  1
 296  2.0629722e+06 1.99e+03 2.04e+04  -6.0 3.28e+00    -  7.38e-03 3.50e-02h  1
 297  2.0639708e+06 1.35e+03 1.81e+04  -6.0 3.78e+00    -  6.48e-02 1.75e-01h  1
 298  2.0642846e+06 1.20e+03 1.71e+04  -6.0 4.16e+00    -  8.09e-02 5.61e-02h  1
 299  2.0647041e+06 1.00e+03 1.59e+04  -6.0 4.12e+00    -  4.07e-02 8.41e-02h  1
iter    objective    inf_pr   inf_du lg(mu)  ||d||  lg(rg) alpha_du alpha_pr  ls
 300  2.0649148e+06 9.07e+02 1.52e+04  -6.0 3.87e+00    -  6.53e-02 4.61e-02h  1

Number of Iterations....: 300

                                   (scaled)                 (unscaled)
Objective...............:   1.4958859620951460e+04    2.0649148339848355e+06
Dual infeasibility......:   1.5184507510147676e+04    2.0960631758681985e+06
Constraint violation....:   5.6925371375330702e-01    9.0714475716904929e+02
Variable bound violation:   4.9980739547095254e-08    4.9980739547095254e-08
Complementarity.........:   4.5548081655193500e+03    6.2874384714213514e+05
Overall NLP error.......:   1.5184507510147676e+04    2.0960631758681985e+06


Number of objective function evaluations             = 416
Number of objective gradient evaluations             = 291
Number of equality constraint evaluations            = 417
Number of inequality constraint evaluations          = 418
Number of equality constraint Jacobian evaluations   = 306
Number of inequality constraint Jacobian evaluations = 306
Number of Lagrangian Hessian evaluations             = 300
Total seconds in IPOPT                               = 70.769

EXIT: Maximum Number of Iterations Exceeded.

