Solver command line: ['/opt/homebrew/bin/ipopt', '/var/folders/6y/bvynbx6n3zv7z3lwg6vd724r0000gn/T/tmpi73233js.pyomo.nl', '-AMPL', 'tol=1e-06', 'max_iter=300', 'print_level=5']

Ipopt 3.14.19: tol=1e-06
max_iter=300
print_level=5


******************************************************************************
This program contains Ipopt, a library for large-scale nonlinear optimization.
 Ipopt is released as open source code under the Eclipse Public License (EPL).
         For more information visit https://github.com/coin-or/Ipopt
******************************************************************************

This is Ipopt version 3.14.19, running with linear solver MUMPS 5.6.2.

Number of nonzeros in equality constraint Jacobian...:     2831
Number of nonzeros in inequality constraint Jacobian.:     1960
Number of nonzeros in Lagrangian Hessian.............:     1611

Total number of variables............................:      470
                     variables with only lower bounds:        0
                variables with lower and upper bounds:      470
                     variables with only upper bounds:        0
Total number of equality constraints.................:      401
Total number of inequality constraints...............:      490
        inequality constraints with only lower bounds:        0
   inequality constraints with lower and upper bounds:        0
        inequality constraints with only upper bounds:      490

iter    objective    inf_pr   inf_du lg(mu)  ||d||  lg(rg) alpha_du alpha_pr  ls
   0  2.7666541e+04 3.72e+00 4.60e+01  -1.0 0.00e+00    -  0.00e+00 0.00e+00   0
   1  2.7679053e+04 3.58e+00 4.45e+01  -1.0 9.08e-01    -  6.07e-01 3.65e-02f  1
   2  2.7690199e+04 1.69e-02 1.60e+03  -1.0 9.40e-01    -  1.00e+00 1.00e+00H  1
   3  2.7635338e+04 8.18e-03 7.84e+02  -1.0 1.35e+00    -  1.00e+00 5.18e-01f  1
   4  2.7640416e+04 2.37e-03 1.98e+01  -1.0 3.12e-01    -  1.00e+00 1.00e+00f  1
   5  2.7640940e+04 3.20e-04 1.56e-01  -1.0 7.54e-02    -  1.00e+00 1.00e+00h  1
   6  2.7573913e+04 2.21e-04 1.24e+00  -2.5 3.91e-01    -  9.32e-01 1.00e+00f  1
   7  2.7567956e+04 4.84e-03 1.91e-02  -2.5 8.56e-02    -  1.00e+00 1.00e+00f  1
   8  2.7564174e+04 6.62e-03 9.48e-03  -2.5 7.24e-02    -  1.00e+00 1.00e+00h  1
   9  2.7564551e+04 2.55e-05 6.34e-05  -2.5 1.10e-02    -  1.00e+00 1.00e+00h  1
iter    objective    inf_pr   inf_du lg(mu)  ||d||  lg(rg) alpha_du alpha_pr  ls
  10  2.7558775e+04 6.47e-03 6.79e-02  -3.8 7.80e-02    -  8.63e-01 1.00e+00f  1
  11  2.7557880e+04 4.68e-03 1.05e-01  -3.8 7.95e-02    -  1.00e+00 3.39e-01h  1
  12  2.7557754e+04 5.41e-04 4.26e-01  -3.8 1.03e-01    -  1.00e+00 8.88e-01h  1
  13  2.7557736e+04 9.84e-06 2.13e-04  -3.8 2.54e-02    -  1.00e+00 1.00e+00h  1
  14  2.7557602e+04 1.37e-05 1.54e-01  -5.7 3.45e-02    -  9.15e-01 7.81e-01h  1
  15  2.7557572e+04 3.77e-06 1.10e-02  -5.7 9.23e-03    -  1.00e+00 9.64e-01h  1
  16  2.7557572e+04 1.94e-06 8.81e-03  -5.7 1.36e-03    -  1.00e+00 5.00e-01h  2
  17  2.7557572e+04 6.42e-07 2.58e-06  -5.7 1.07e-03    -  1.00e+00 1.00e+00h  1
  18  2.7557571e+04 2.07e-07 1.74e-04  -7.0 6.18e-04    -  9.89e-01 1.00e+00h  1
  19  2.7557571e+04 5.19e-08 2.16e-07  -7.0 3.05e-04    -  1.00e+00 1.00e+00h  1

Number of Iterations....: 19

                                   (scaled)                 (unscaled)
Objective...............:   1.1875560458468374e+03    2.7557570559568700e+04
Dual infeasibility......:   2.1626544748449233e-07    5.0185002632029407e-06
Constraint violation....:   5.1896278801220885e-08    5.1896278801220885e-08
Variable bound violation:   1.1736141392049149e-08    1.1736141392049149e-08
Complementarity.........:   2.0828381692154822e-07    4.8332842911332644e-06
Overall NLP error.......:   2.1626544748449233e-07    5.0185002632029407e-06


Number of objective function evaluations             = 22
Number of objective gradient evaluations             = 20
Number of equality constraint evaluations            = 22
Number of inequality constraint evaluations          = 22
Number of equality constraint Jacobian evaluations   = 20
Number of inequality constraint Jacobian evaluations = 20
Number of Lagrangian Hessian evaluations             = 19
Total seconds in IPOPT                               = 0.082

EXIT: Optimal Solution Found.

