Solver command line: ['/opt/homebrew/bin/ipopt', '/var/folders/6y/bvynbx6n3zv7z3lwg6vd724r0000gn/T/tmpyc0sqfzb.pyomo.nl', '-AMPL', 'tol=1e-06', 'max_iter=300', 'print_level=5', 'warm_start_init_point=yes', 'warm_start_bound_push=1e-06', 'warm_start_bound_frac=1e-06', 'warm_start_mult_bound_push=1e-06', 'mu_init=1e-06', 'least_square_init_duals=no']

Ipopt 3.14.19: tol=1e-06
max_iter=300
print_level=5
warm_start_init_point=yes
warm_start_bound_push=1e-06
warm_start_bound_frac=1e-06
warm_start_mult_bound_push=1e-06
mu_init=1e-06
least_square_init_duals=no


******************************************************************************
This program contains Ipopt, a library for large-scale nonlinear optimization.
 Ipopt is released as open source code under the Eclipse Public License (EPL).
         For more information visit https://github.com/coin-or/Ipopt
******************************************************************************

This is Ipopt version 3.14.19, running with linear solver MUMPS 5.6.2.

Number of nonzeros in equality constraint Jacobian...:     2831
Number of nonzeros in inequality constraint Jacobian.:     1960
Number of nonzeros in Lagrangian Hessian.............:     1611

Total number of variables............................:      470
                     variables with only lower bounds:        0
                variables with lower and upper bounds:      470
                     variables with only upper bounds:        0
Total number of equality constraints.................:      401
Total number of inequality constraints...............:      490
        inequality constraints with only lower bounds:        0
   inequality constraints with lower and upper bounds:        0
        inequality constraints with only upper bounds:      490

iter    objective    inf_pr   inf_du lg(mu)  ||d||  lg(rg) alpha_du alpha_pr  ls
   0  4.0417248e+04 3.71e+00 7.05e+01  -6.0 0.00e+00    -  0.00e+00 0.00e+00   0
   1  4.0106870e+04 3.71e+00 7.05e+01  -6.0 2.08e+02    -  1.08e-03 1.02e-03f  1
   2  4.0106748e+04 3.71e+00 7.04e+01  -6.0 1.94e+02    -  3.08e-03 4.37e-07f  1
   3  3.9930716e+04 3.71e+00 7.04e+01  -6.0 1.85e+02    -  8.75e-03 6.66e-04f  1
   4  3.9895128e+04 3.71e+00 7.04e+01  -6.0 1.72e+02    -  5.28e-03 1.47e-04f  1
   5  3.9869260e+04 3.71e+00 7.01e+01  -6.0 1.56e+02    -  1.58e-02 1.23e-04f  1
   6  3.9413146e+04 3.70e+00 6.86e+01  -6.0 1.54e+02    -  3.81e-02 2.22e-03f  1
   7  3.9342289e+04 3.70e+00 6.82e+01  -6.0 2.11e+02    -  1.16e-02 3.56e-04f  1
   8  3.9061573e+04 3.69e+00 6.60e+01  -6.0 2.20e+02    -  6.05e-02 1.46e-03f  1
   9  3.8562660e+04 3.68e+00 6.49e+01  -6.0 2.68e+02    -  3.04e-02 2.74e-03f  1
iter    objective    inf_pr   inf_du lg(mu)  ||d||  lg(rg) alpha_du alpha_pr  ls
  10  3.7711427e+04 3.66e+00 6.22e+01  -6.0 3.56e+02    -  7.93e-02 4.91e-03f  1
  11  3.7690085e+04 3.65e+00 6.14e+01  -6.0 1.57e+01    -  7.32e-02 1.66e-03f  1
  12  3.5214723e+04 2.95e+00 5.05e+01  -6.0 1.57e+01    -  8.72e-02 1.93e-01f  1
  13  3.3145022e+04 2.35e+00 4.02e+01  -6.0 1.71e+01    -  2.08e-01 2.04e-01f  1
  14  3.1514963e+04 1.87e+00 2.94e+01  -6.0 1.66e+01    -  6.12e-01 2.04e-01f  1
  15  3.0748813e+04 1.64e+00 2.55e+01  -6.0 1.52e+01    -  4.50e-01 1.21e-01f  1
  16  3.0508075e+04 1.57e+00 2.44e+01  -6.0 1.41e+01    -  1.00e+00 4.35e-02f  1
  17  3.0433336e+04 1.55e+00 2.40e+01  -6.0 1.37e+01    -  5.93e-02 1.41e-02f  1
  18  3.0420223e+04 1.55e+00 2.30e+01  -6.0 1.36e+01    -  3.39e-01 2.55e-03f  1
  19  2.9545759e+04 1.28e+00 1.88e+01  -6.0 1.36e+01    -  3.42e-01 1.71e-01f  1
iter    objective    inf_pr   inf_du lg(mu)  ||d||  lg(rg) alpha_du alpha_pr  ls
  20  2.9455938e+04 1.26e+00 1.82e+01  -6.0 1.20e+01    -  5.63e-01 2.12e-02f  1
  21  2.9435410e+04 1.25e+00 1.79e+01  -6.0 1.18e+01    -  8.27e-02 4.97e-03f  1
  22  2.9267422e+04 1.20e+00 1.70e+01  -6.0 1.17e+01    -  1.49e-01 4.09e-02f  1
  23  2.9173139e+04 1.17e+00 1.65e+01  -6.0 1.14e+01    -  3.20e-02 2.41e-02f  1
  24  2.9057406e+04 1.13e+00 1.59e+01  -6.0 1.12e+01    -  2.33e-01 3.03e-02f  1
  25  2.8820552e+04 1.06e+00 1.49e+01  -6.0 1.09e+01    -  9.88e-02 6.42e-02f  1
  26  2.8806968e+04 1.06e+00 1.48e+01  -6.0 1.04e+01    -  2.01e-01 3.96e-03f  1
  27  2.8806963e+04 1.06e+00 3.65e+01  -6.0 1.08e+01    -  1.51e-02 1.62e-06h  1
  28  2.8797292e+04 1.05e+00 5.53e+00  -6.0 4.62e+00    -  1.07e-08 6.77e-03f  1
  29  2.8262123e+04 5.99e-01 3.73e+00  -6.0 6.49e+00    -  9.56e-02 4.28e-01f  1
iter    objective    inf_pr   inf_du lg(mu)  ||d||  lg(rg) alpha_du alpha_pr  ls
  30  2.8112366e+04 4.72e-01 2.46e+00  -6.0 3.18e+00    -  4.64e-01 2.11e-01f  1
  31  2.8094792e+04 4.57e-01 2.45e+00  -6.0 2.40e+00    -  3.79e-01 3.15e-02f  1
  32  2.7864210e+04 2.62e-01 1.47e+00  -6.0 2.31e+00    -  1.00e+00 4.28e-01f  1
  33  2.7633083e+04 6.45e-02 3.63e-01  -6.0 1.23e+00    -  7.87e-01 7.52e-01f  1
  34  2.7557526e+04 1.19e-04 5.99e-03  -6.0 3.36e-01    -  1.00e+00 1.00e+00f  1
  35  2.7557572e+04 8.63e-06 1.89e-04  -6.0 3.05e-02    -  1.00e+00 1.00e+00h  1
  36  2.7557572e+04 1.63e-06 3.41e-05  -6.0 1.15e-02    -  1.00e+00 1.00e+00h  1
  37  2.7557572e+04 1.30e-07 2.74e-06  -6.0 3.26e-03    -  1.00e+00 1.00e+00h  1
  38  2.7557571e+04 7.90e-08 2.98e-07  -7.0 5.15e-04    -  1.00e+00 1.00e+00h  1

Number of Iterations....: 38

                                   (scaled)                 (unscaled)
Objective...............:   1.1868829498780017e+03    2.7557570558765390e+04
Dual infeasibility......:   2.9770875239258337e-07    6.9123328049020535e-06
Constraint violation....:   7.8977548490649641e-08    7.8977548490649641e-08
Variable bound violation:   1.1735196592255193e-08    1.1735196592255193e-08
Complementarity.........:   2.9529940315910234e-07    6.8563914742854276e-06
Overall NLP error.......:   2.9770875239258337e-07    6.9123328049020535e-06


Number of objective function evaluations             = 39
Number of objective gradient evaluations             = 39
Number of equality constraint evaluations            = 39
Number of inequality constraint evaluations          = 40
Number of equality constraint Jacobian evaluations   = 39
Number of inequality constraint Jacobian evaluations = 39
Number of Lagrangian Hessian evaluations             = 38
Total seconds in IPOPT                               = 0.140

EXIT: Optimal Solution Found.

