Solver command line: ['/opt/homebrew/bin/ipopt', '/var/folders/6y/bvynbx6n3zv7z3lwg6vd724r0000gn/T/tmpmx_1rahy.pyomo.nl', '-AMPL', 'tol=1e-06', 'max_iter=300', 'print_level=5']

Ipopt 3.14.19: tol=1e-06
max_iter=300
print_level=5


******************************************************************************
This program contains Ipopt, a library for large-scale nonlinear optimization.
 Ipopt is released as open source code under the Eclipse Public License (EPL).
         For more information visit https://github.com/coin-or/Ipopt
******************************************************************************

This is Ipopt version 3.14.19, running with linear solver MUMPS 5.6.2.

Number of nonzeros in equality constraint Jacobian...:     2831
Number of nonzeros in inequality constraint Jacobian.:     1960
Number of nonzeros in Lagrangian Hessian.............:     1611

Total number of variables............................:      470
                     variables with only lower bounds:        0
                variables with lower and upper bounds:      470
                     variables with only upper bounds:        0
Total number of equality constraints.................:      401
Total number of inequality constraints...............:      490
        inequality constraints with only lower bounds:        0
   inequality constraints with lower and upper bounds:        0
        inequality constraints with only upper bounds:      490

iter    objective    inf_pr   inf_du lg(mu)  ||d||  lg(rg) alpha_du alpha_pr  ls
   0  2.7744469e+04 1.28e+00 1.00e+02  -1.0 0.00e+00    -  0.00e+00 0.00e+00   0
   1  2.7695674e+04 1.25e+00 6.12e+01  -1.0 1.73e+00    -  5.60e-01 2.29e-02f  1
   2  2.7646171e+04 2.55e-01 5.40e+01  -1.0 3.94e-01    -  7.69e-02 8.21e-01f  1
   3  2.7640947e+04 7.12e-03 1.10e+00  -1.0 4.70e-01    -  9.76e-01 1.00e+00f  1
   4  2.7640618e+04 2.16e-03 2.55e-01  -1.0 2.77e-01    -  1.00e+00 1.00e+00h  1
   5  2.7585730e+04 1.50e-04 7.73e-02  -1.7 4.32e-02    -  1.00e+00 1.00e+00f  1
   6  2.7569884e+04 1.35e-03 5.84e-02  -2.5 7.02e-02    -  1.00e+00 1.00e+00f  1
   7  2.7563590e+04 1.45e-02 2.56e-02  -2.5 1.18e-01    -  1.00e+00 1.00e+00h  1
   8  2.7558670e+04 4.81e-03 6.25e-02  -3.8 6.25e-02    -  8.74e-01 1.00e+00h  1
   9  2.7557916e+04 3.65e-03 1.34e-01  -3.8 7.35e-02    -  1.00e+00 3.00e-01h  1
iter    objective    inf_pr   inf_du lg(mu)  ||d||  lg(rg) alpha_du alpha_pr  ls
  10  2.7557749e+04 3.46e-04 3.47e-01  -3.8 9.89e-02    -  1.00e+00 9.08e-01h  1
  11  2.7557736e+04 7.94e-06 1.61e-04  -3.8 1.19e-02    -  1.00e+00 1.00e+00h  1
  12  2.7557602e+04 1.35e-05 1.54e-01  -5.7 3.20e-02    -  9.15e-01 7.82e-01h  1
  13  2.7557572e+04 3.71e-06 1.04e-02  -5.7 7.57e-03    -  9.99e-01 9.66e-01h  1
  14  2.7557572e+04 1.02e-06 4.02e-06  -5.7 1.35e-03    -  1.00e+00 1.00e+00h  1
  15  2.7557571e+04 3.68e-07 4.65e-04  -7.0 8.21e-04    -  9.70e-01 1.00e+00h  1
  16  2.7557571e+04 9.28e-08 3.87e-07  -7.0 4.08e-04    -  1.00e+00 1.00e+00h  1

Number of Iterations....: 16

                                   (scaled)                 (unscaled)
Objective...............:   1.1875560458320206e+03    2.7557570559224871e+04
Dual infeasibility......:   3.8679879016592984e-07    8.9757742294616492e-06
Constraint violation....:   9.2812856397790633e-08    9.2812856397790633e-08
Variable bound violation:   1.1736141392049149e-08    1.1736141392049149e-08
Complementarity.........:   3.0927991898209213e-07    7.1769271183567637e-06
Overall NLP error.......:   3.8679879016592984e-07    8.9757742294616492e-06


Number of objective function evaluations             = 17
Number of objective gradient evaluations             = 17
Number of equality constraint evaluations            = 17
Number of inequality constraint evaluations          = 17
Number of equality constraint Jacobian evaluations   = 17
Number of inequality constraint Jacobian evaluations = 17
Number of Lagrangian Hessian evaluations             = 16
Total seconds in IPOPT                               = 0.060

EXIT: Optimal Solution Found.

