Solver command line: ['/opt/homebrew/bin/ipopt', '/var/folders/6y/bvynbx6n3zv7z3lwg6vd724r0000gn/T/tmpv0n35b0r.pyomo.nl', '-AMPL', 'tol=1e-06', 'max_iter=300', 'print_level=5', 'warm_start_init_point=yes', 'warm_start_bound_push=1e-06', 'warm_start_bound_frac=1e-06', 'warm_start_mult_bound_push=1e-06', 'mu_init=1e-06', 'least_square_init_duals=no']

Ipopt 3.14.19: tol=1e-06
max_iter=300
print_level=5
warm_start_init_point=yes
warm_start_bound_push=1e-06
warm_start_bound_frac=1e-06
warm_start_mult_bound_push=1e-06
mu_init=1e-06
least_square_init_duals=no


******************************************************************************
This program contains Ipopt, a library for large-scale nonlinear optimization.
 Ipopt is released as open source code under the Eclipse Public License (EPL).
         For more information visit https://github.com/coin-or/Ipopt
******************************************************************************

This is Ipopt version 3.14.19, running with linear solver MUMPS 5.6.2.

Number of nonzeros in equality constraint Jacobian...:     2831
Number of nonzeros in inequality constraint Jacobian.:     1960
Number of nonzeros in Lagrangian Hessian.............:     1611

Total number of variables............................:      470
                     variables with only lower bounds:        0
                variables with lower and upper bounds:      470
                     variables with only upper bounds:        0
Total number of equality constraints.................:      401
Total number of inequality constraints...............:      490
        inequality constraints with only lower bounds:        0
   inequality constraints with lower and upper bounds:        0
        inequality constraints with only upper bounds:      490

iter    objective    inf_pr   inf_du lg(mu)  ||d||  lg(rg) alpha_du alpha_pr  ls
   0  2.7557589e+04 8.98e-01 7.05e+01  -6.0 0.00e+00    -  0.00e+00 0.00e+00   0
   1  2.7557578e+04 8.97e-01 4.25e+01  -6.0 7.69e-01    -  3.97e-01 7.81e-04h  1
   2  2.7556227e+04 4.41e-01 2.70e+01  -6.0 8.67e-01    -  3.65e-01 5.08e-01h  1
   3  2.7555802e+04 2.46e-01 9.57e+00  -6.0 5.88e-01    -  6.45e-01 4.46e-01h  1
   4  2.7555154e+04 1.27e-01 2.25e+00  -6.0 4.11e-01    -  7.65e-01 4.90e-01h  1
   5  2.7557259e+04 7.12e-03 1.53e+00  -6.0 2.98e-01    -  6.55e-01 9.40e-01h  1
   6  2.7557467e+04 2.30e-03 7.16e-01  -6.0 5.83e-02    -  5.48e-01 6.74e-01h  1
   7  2.7557571e+04 1.48e-05 5.05e-02  -6.0 3.48e-02    -  9.39e-01 1.00e+00h  1
   8  2.7557572e+04 3.52e-06 6.99e-05  -6.0 1.52e-02    -  1.00e+00 1.00e+00h  1
   9  2.7557572e+04 4.97e-07 1.03e-05  -6.0 5.61e-03    -  1.00e+00 1.00e+00h  1
iter    objective    inf_pr   inf_du lg(mu)  ||d||  lg(rg) alpha_du alpha_pr  ls
  10  2.7557572e+04 1.53e-08 3.21e-07  -6.0 9.81e-04    -  1.00e+00 1.00e+00h  1
  11  2.7557571e+04 8.01e-08 3.00e-07  -7.0 3.84e-04    -  1.00e+00 1.00e+00h  1

Number of Iterations....: 11

                                   (scaled)                 (unscaled)
Objective...............:   1.1875560458061618e+03    2.7557570558624811e+04
Dual infeasibility......:   2.9962444765962174e-07    6.9528692027868680e-06
Constraint violation....:   8.0072442860262827e-08    8.0072442860262827e-08
Variable bound violation:   1.1736136951157050e-08    1.1736136951157050e-08
Complementarity.........:   2.9553944583014550e-07    6.8580755915333594e-06
Overall NLP error.......:   2.9962444765962174e-07    6.9528692027868680e-06


Number of objective function evaluations             = 12
Number of objective gradient evaluations             = 12
Number of equality constraint evaluations            = 12
Number of inequality constraint evaluations          = 13
Number of equality constraint Jacobian evaluations   = 12
Number of inequality constraint Jacobian evaluations = 12
Number of Lagrangian Hessian evaluations             = 11
Total seconds in IPOPT                               = 0.043

EXIT: Optimal Solution Found.

