Solver command line: ['/opt/homebrew/bin/ipopt', '/var/folders/6y/bvynbx6n3zv7z3lwg6vd724r0000gn/T/tmpnj28fwvt.pyomo.nl', '-AMPL', 'tol=1e-06', 'max_iter=300', 'print_level=5', 'warm_start_init_point=yes', 'warm_start_bound_push=1e-06', 'warm_start_bound_frac=1e-06', 'warm_start_mult_bound_push=1e-06', 'mu_init=1e-06', 'least_square_init_duals=no']

Ipopt 3.14.19: tol=1e-06
max_iter=300
print_level=5
warm_start_init_point=yes
warm_start_bound_push=1e-06
warm_start_bound_frac=1e-06
warm_start_mult_bound_push=1e-06
mu_init=1e-06
least_square_init_duals=no


******************************************************************************
This program contains Ipopt, a library for large-scale nonlinear optimization.
 Ipopt is released as open source code under the Eclipse Public License (EPL).
         For more information visit https://github.com/coin-or/Ipopt
******************************************************************************

This is Ipopt version 3.14.19, running with linear solver MUMPS 5.6.2.

Number of nonzeros in equality constraint Jacobian...:     2831
Number of nonzeros in inequality constraint Jacobian.:     1960
Number of nonzeros in Lagrangian Hessian.............:     1611

Total number of variables............................:      470
                     variables with only lower bounds:        0
                variables with lower and upper bounds:      470
                     variables with only upper bounds:        0
Total number of equality constraints.................:      401
Total number of inequality constraints...............:      490
        inequality constraints with only lower bounds:        0
   inequality constraints with lower and upper bounds:        0
        inequality constraints with only upper bounds:      490

iter    objective    inf_pr   inf_du lg(mu)  ||d||  lg(rg) alpha_du alpha_pr  ls
   0  4.0417248e+04 1.78e+00 7.05e+01  -6.0 0.00e+00    -  0.00e+00 0.00e+00   0
   1  4.0076306e+04 1.78e+00 7.05e+01  -6.0 2.55e+02    -  9.93e-04 9.40e-04f  1
   2  4.0076234e+04 1.78e+00 7.04e+01  -6.0 2.56e+02    -  2.54e-03 2.01e-07f  1
   3  4.0065002e+04 1.78e+00 7.04e+01  -6.0 2.55e+02    -  5.97e-03 3.14e-05f  1
   4  3.9930843e+04 1.78e+00 7.04e+01  -6.0 2.42e+02    -  3.64e-03 3.99e-04f  1
   5  3.9887101e+04 1.78e+00 7.03e+01  -6.0 2.26e+02    -  1.06e-02 1.43e-04f  1
   6  3.9769125e+04 1.78e+00 6.96e+01  -6.0 2.02e+02    -  3.30e-02 4.45e-04f  1
   7  3.9411483e+04 1.78e+00 6.89e+01  -6.0 2.01e+02    -  1.63e-02 1.38e-03f  1
   8  3.9125967e+04 1.77e+00 6.76e+01  -6.0 2.01e+02    -  3.06e-02 1.15e-03f  1
   9  3.8798777e+04 1.77e+00 6.66e+01  -6.0 1.59e+02    -  2.70e-02 1.68e-03f  1
iter    objective    inf_pr   inf_du lg(mu)  ||d||  lg(rg) alpha_du alpha_pr  ls
  10  3.8266378e+04 1.77e+00 6.47e+01  -6.0 1.54e+02    -  5.39e-02 3.06e-03f  1
  11  3.7772500e+04 1.76e+00 6.12e+01  -6.0 1.22e+02    -  1.22e-01 3.78e-03f  1
  12  3.7355430e+04 1.70e+00 5.59e+01  -6.0 2.80e+00    -  4.17e-01 3.25e-02f  1
  13  3.4673362e+04 1.33e+00 4.35e+01  -6.0 2.64e+00    -  2.70e-01 2.17e-01f  1
  14  3.1903210e+04 9.46e-01 3.05e+01  -6.0 1.82e+00    -  4.43e-01 2.91e-01f  1
  15  3.0897751e+04 8.04e-01 2.59e+01  -6.0 1.23e+00    -  3.40e-01 1.51e-01f  1
  16  3.0630474e+04 7.66e-01 2.47e+01  -6.0 1.04e+00    -  7.92e-02 4.73e-02f  1
  17  3.0630134e+04 7.66e-01 2.32e+01  -6.0 9.62e-01    -  8.05e-01 6.40e-05f  1
  18  2.9850591e+04 6.53e-01 1.97e+01  -6.0 1.01e+00    -  4.93e-01 1.47e-01f  1
  19  2.9701416e+04 6.31e-01 1.91e+01  -6.0 9.85e-01    -  2.31e-01 3.31e-02f  1
iter    objective    inf_pr   inf_du lg(mu)  ||d||  lg(rg) alpha_du alpha_pr  ls
  20  2.9666426e+04 6.26e-01 1.88e+01  -6.0 2.41e+00    -  4.30e-02 8.04e-03f  1
  21  2.9400095e+04 5.88e-01 1.76e+01  -6.0 3.14e+00    -  8.09e-02 6.18e-02f  1
  22  2.9291020e+04 5.72e-01 1.70e+01  -6.0 3.01e+00    -  5.32e-02 2.71e-02f  1
  23  2.9260177e+04 5.67e-01 1.66e+01  -6.0 2.51e+00    -  5.79e-02 7.90e-03f  1
  24  2.8889532e+04 5.13e-01 1.52e+01  -6.0 2.50e+00    -  5.46e-02 9.59e-02f  1
  25  2.8834081e+04 5.04e-01 1.47e+01  -6.0 2.36e+00    -  4.74e-01 1.60e-02f  1
  26  2.8811297e+04 5.01e-01 1.45e+01  -6.0 2.34e+00    -  7.58e-01 6.67e-03f  1
  27  2.8811259e+04 5.01e-01 3.68e+01  -6.0 2.00e+00    -  1.50e-02 1.11e-05h  1
  28  2.8791661e+04 4.95e-01 1.74e+01  -6.0 2.23e+00    -  1.17e-08 1.23e-02f  1
  29  2.8187089e+04 2.53e-01 8.15e+00  -6.0 2.27e+00    -  6.33e-01 4.86e-01f  1
iter    objective    inf_pr   inf_du lg(mu)  ||d||  lg(rg) alpha_du alpha_pr  ls
  30  2.8171720e+04 2.47e-01 6.94e+00  -6.0 9.42e-01    -  5.02e-01 2.43e-02f  1
  31  2.7842061e+04 1.15e-01 2.83e+00  -6.0 9.19e-01    -  9.06e-01 5.34e-01f  1
  32  2.7618597e+04 2.45e-02 5.90e-01  -6.0 4.25e-01    -  1.00e+00 7.84e-01f  1
  33  2.7561883e+04 1.75e-03 4.22e-02  -6.0 9.10e-02    -  8.65e-01 9.29e-01f  1
  34  2.7557572e+04 1.19e-05 3.09e-04  -6.0 2.80e-02    -  1.00e+00 1.00e+00h  1
  35  2.7557572e+04 1.62e-06 3.42e-05  -6.0 1.01e-02    -  1.00e+00 1.00e+00h  1
  36  2.7557572e+04 1.30e-07 2.74e-06  -6.0 2.86e-03    -  1.00e+00 1.00e+00h  1
  37  2.7557571e+04 7.90e-08 2.98e-07  -7.0 4.57e-04    -  1.00e+00 1.00e+00h  1

Number of Iterations....: 37

                                   (scaled)                 (unscaled)
Objective...............:   1.1868829498780128e+03    2.7557570558765648e+04
Dual infeasibility......:   2.9770697723128312e-07    6.9122915884259138e-06
Constraint violation....:   7.8976353219337159e-08    7.8976353219337159e-08
Variable bound violation:   1.1735196592255193e-08    1.1735196592255193e-08
Complementarity.........:   2.9529936029469881e-07    6.8563904790408465e-06
Overall NLP error.......:   2.9770697723128312e-07    6.9122915884259138e-06


Number of objective function evaluations             = 38
Number of objective gradient evaluations             = 38
Number of equality constraint evaluations            = 38
Number of inequality constraint evaluations          = 38
Number of equality constraint Jacobian evaluations   = 38
Number of inequality constraint Jacobian evaluations = 38
Number of Lagrangian Hessian evaluations             = 37
Total seconds in IPOPT                               = 0.138

EXIT: Optimal Solution Found.

