Solver command line: ['/opt/homebrew/bin/ipopt', '/var/folders/6y/bvynbx6n3zv7z3lwg6vd724r0000gn/T/tmp6wbzlha6.pyomo.nl', '-AMPL', 'tol=1e-06', 'max_iter=300', 'print_level=5', 'warm_start_init_point=yes', 'warm_start_bound_push=1e-06', 'warm_start_bound_frac=1e-06', 'warm_start_mult_bound_push=1e-06', 'mu_init=1e-06', 'least_square_init_duals=no']

Ipopt 3.14.19: tol=1e-06
max_iter=300
print_level=5
warm_start_init_point=yes
warm_start_bound_push=1e-06
warm_start_bound_frac=1e-06
warm_start_mult_bound_push=1e-06
mu_init=1e-06
least_square_init_duals=no


******************************************************************************
This program contains Ipopt, a library for large-scale nonlinear optimization.
 Ipopt is released as open source code under the Eclipse Public License (EPL).
         For more information visit https://github.com/coin-or/Ipopt
******************************************************************************

This is Ipopt version 3.14.19, running with linear solver MUMPS 5.6.2.

Number of nonzeros in equality constraint Jacobian...:     2831
Number of nonzeros in inequality constraint Jacobian.:     1960
Number of nonzeros in Lagrangian Hessian.............:     1611

Total number of variables............................:      470
                     variables with only lower bounds:        0
                variables with lower and upper bounds:      470
                     variables with only upper bounds:        0
Total number of equality constraints.................:      401
Total number of inequality constraints...............:      490
        inequality constraints with only lower bounds:        0
   inequality constraints with lower and upper bounds:        0
        inequality constraints with only upper bounds:      490

iter    objective    inf_pr   inf_du lg(mu)  ||d||  lg(rg) alpha_du alpha_pr  ls
   0  4.0417248e+04 3.71e+00 7.05e+01  -6.0 0.00e+00    -  0.00e+00 0.00e+00   0
   1  4.0362543e+04 3.71e+00 7.04e+01  -6.0 1.47e+02    -  2.61e-03 2.58e-04f  1
   2  3.9836135e+04 3.70e+00 7.02e+01  -6.0 1.46e+02    -  3.06e-03 2.50e-03f  1
   3  3.9290366e+04 3.69e+00 6.96e+01  -6.0 1.25e+02    -  1.20e-02 3.16e-03f  1
   4  3.8119425e+04 3.66e+00 6.85e+01  -6.0 1.67e+02    -  2.65e-02 8.31e-03f  1
   5  3.7558475e+04 3.62e+00 6.52e+01  -6.0 1.19e+02    -  1.25e-01 1.07e-02f  1
   6  3.6254524e+04 3.24e+00 5.71e+01  -6.0 1.61e+01    -  2.08e-01 1.03e-01f  1
   7  3.1881453e+04 1.98e+00 3.57e+01  -6.0 1.69e+01    -  3.06e-01 3.90e-01f  1
   8  3.0362202e+04 1.53e+00 2.66e+01  -6.0 1.66e+01    -  3.66e-01 2.27e-01f  1
   9  2.9973524e+04 1.41e+00 2.13e+01  -6.0 1.44e+01    -  6.03e-01 7.68e-02f  1
iter    objective    inf_pr   inf_du lg(mu)  ||d||  lg(rg) alpha_du alpha_pr  ls
  10  2.9365818e+04 1.23e+00 1.80e+01  -6.0 1.36e+01    -  2.50e-01 1.31e-01f  1
  11  2.9280302e+04 1.20e+00 1.63e+01  -6.0 1.23e+01    -  2.90e-01 2.13e-02f  1
  12  2.9048585e+04 1.13e+00 5.14e+00  -6.0 1.21e+01    -  6.92e-01 5.87e-02f  1
  13  2.8823541e+04 1.06e+00 2.23e+01  -6.0 1.15e+01    -  1.94e-01 6.06e-02f  1
  14  2.8777144e+04 1.03e+00 2.81e+01  -6.0 3.06e+00    -  2.09e-08 2.72e-02f  1
  15  2.7757204e+04 1.68e-01 6.23e+00  -6.0 5.73e+00    -  2.70e-01 8.29e-01f  1
  16  2.7601568e+04 3.84e-02 4.48e+00  -6.0 8.71e-01    -  1.94e-02 7.75e-01f  1
  17  2.7558246e+04 6.26e-04 3.61e+00  -6.0 2.77e-01    -  2.05e-01 9.84e-01f  1
  18  2.7557574e+04 1.63e-05 8.75e-02  -6.0 1.38e-02    -  9.74e-01 1.00e+00h  1
  19  2.7557572e+04 2.10e-07 2.77e-06  -6.0 2.93e-03    -  1.00e+00 1.00e+00h  1
iter    objective    inf_pr   inf_du lg(mu)  ||d||  lg(rg) alpha_du alpha_pr  ls
  20  2.7557571e+04 8.58e-08 3.26e-07  -7.0 5.80e-04    -  1.00e+00 1.00e+00h  1

Number of Iterations....: 20

                                   (scaled)                 (unscaled)
Objective...............:   1.1868829498824982e+03    2.7557570558869793e+04
Dual infeasibility......:   3.2636350116471658e-07    7.5776513699829025e-06
Constraint violation....:   8.5836001826287978e-08    8.5836001826287978e-08
Variable bound violation:   1.1735196148165983e-08    1.1735196148165983e-08
Complementarity.........:   3.1331964186343216e-07    7.2747933054275881e-06
Overall NLP error.......:   3.2636350116471658e-07    7.5776513699829025e-06


Number of objective function evaluations             = 21
Number of objective gradient evaluations             = 21
Number of equality constraint evaluations            = 21
Number of inequality constraint evaluations          = 22
Number of equality constraint Jacobian evaluations   = 21
Number of inequality constraint Jacobian evaluations = 21
Number of Lagrangian Hessian evaluations             = 20
Total seconds in IPOPT                               = 0.076

EXIT: Optimal Solution Found.

