Solver command line: ['/opt/homebrew/bin/ipopt', '/var/folders/6y/bvynbx6n3zv7z3lwg6vd724r0000gn/T/tmpshj0iiob.pyomo.nl', '-AMPL', 'tol=1e-06', 'max_iter=300', 'print_level=5', 'warm_start_init_point=yes', 'warm_start_bound_push=1e-06', 'warm_start_bound_frac=1e-06', 'warm_start_mult_bound_push=1e-06', 'mu_init=1e-06', 'least_square_init_duals=no']

Ipopt 3.14.19: tol=1e-06
max_iter=300
print_level=5
warm_start_init_point=yes
warm_start_bound_push=1e-06
warm_start_bound_frac=1e-06
warm_start_mult_bound_push=1e-06
mu_init=1e-06
least_square_init_duals=no


******************************************************************************
This program contains Ipopt, a library for large-scale nonlinear optimization.
 Ipopt is released as open source code under the Eclipse Public License (EPL).
         For more information visit https://github.com/coin-or/Ipopt
******************************************************************************

This is Ipopt version 3.14.19, running with linear solver MUMPS 5.6.2.

Number of nonzeros in equality constraint Jacobian...:     2831
Number of nonzeros in inequality constraint Jacobian.:     1960
Number of nonzeros in Lagrangian Hessian.............:     1611

Total number of variables............................:      470
                     variables with only lower bounds:        0
                variables with lower and upper bounds:      470
                     variables with only upper bounds:        0
Total number of equality constraints.................:      401
Total number of inequality constraints...............:      490
        inequality constraints with only lower bounds:        0
   inequality constraints with lower and upper bounds:        0
        inequality constraints with only upper bounds:      490

iter    objective    inf_pr   inf_du lg(mu)  ||d||  lg(rg) alpha_du alpha_pr  ls
   0  4.0417248e+04 3.71e+00 7.05e+01  -6.0 0.00e+00    -  0.00e+00 0.00e+00   0
   1  4.0107716e+04 3.71e+00 7.05e+01  -6.0 2.07e+02    -  1.08e-03 1.02e-03f  1
   2  4.0107558e+04 3.71e+00 7.04e+01  -6.0 1.93e+02    -  3.09e-03 5.66e-07f  1
   3  3.9932174e+04 3.71e+00 7.04e+01  -6.0 1.83e+02    -  7.19e-03 6.68e-04f  1
   4  3.9897030e+04 3.71e+00 7.04e+01  -6.0 1.71e+02    -  5.87e-03 1.46e-04f  1
   5  3.9872557e+04 3.71e+00 7.03e+01  -6.0 1.55e+02    -  8.12e-04 1.17e-04f  1
   6  3.9812378e+04 3.70e+00 6.97e+01  -6.0 1.53e+02    -  1.60e-02 2.94e-04f  1
   7  3.9415668e+04 3.70e+00 6.96e+01  -6.0 1.53e+02    -  5.23e-04 1.94e-03f  1
   8  3.9362198e+04 3.70e+00 6.78e+01  -6.0 2.14e+02    -  4.84e-02 2.68e-04f  1
   9  3.9089318e+04 3.69e+00 6.77e+01  -6.0 2.17e+02    -  1.88e-03 1.42e-03f  1
iter    objective    inf_pr   inf_du lg(mu)  ||d||  lg(rg) alpha_du alpha_pr  ls
  10  3.9062022e+04 3.69e+00 6.74e+01  -6.0 2.73e+02    -  1.04e-02 1.45e-04f  1
  11  3.8604478e+04 3.68e+00 6.71e+01  -6.0 2.69e+02    -  4.03e-03 2.51e-03f  1
  12  3.7713790e+04 3.66e+00 6.43e+01  -6.0 3.54e+02    -  7.79e-02 5.05e-03f  1
  13  3.7710538e+04 3.66e+00 5.75e+01  -6.0 6.01e+01    -  5.08e-01 1.22e-04f  1
  14  3.6089720e+04 3.20e+00 5.04e+01  -6.0 1.57e+01    -  8.06e-02 1.26e-01f  1
  15  3.2306192e+04 2.10e+00 3.43e+01  -6.0 1.61e+01    -  9.38e-02 3.42e-01f  1
  16  3.0476117e+04 1.56e+00 2.59e+01  -6.0 1.67e+01    -  1.29e-01 2.57e-01f  1
  17  3.0413294e+04 1.54e+00 2.40e+01  -6.0 1.44e+01    -  6.27e-01 1.19e-02f  1
  18  3.0411938e+04 1.54e+00 2.36e+01  -6.0 1.42e+01    -  1.25e-01 2.65e-04f  1
  19  2.9647344e+04 1.31e+00 2.04e+01  -6.0 1.42e+01    -  1.44e-02 1.49e-01f  1
iter    objective    inf_pr   inf_du lg(mu)  ||d||  lg(rg) alpha_du alpha_pr  ls
  20  2.9500988e+04 1.27e+00 1.85e+01  -6.0 1.27e+01    -  7.47e-01 3.38e-02f  1
  21  2.9419512e+04 1.24e+00 1.81e+01  -6.0 1.24e+01    -  3.95e-01 1.95e-02f  1
  22  2.9389780e+04 1.23e+00 1.79e+01  -6.0 1.22e+01    -  1.07e-02 7.26e-03f  1
  23  2.9287141e+04 1.20e+00 1.71e+01  -6.0 1.21e+01    -  3.23e-01 2.53e-02f  1
  24  2.9143007e+04 1.16e+00 1.65e+01  -6.0 1.19e+01    -  3.03e-02 3.65e-02f  1
  25  2.9120365e+04 1.15e+00 1.62e+01  -6.0 1.16e+01    -  1.38e-01 5.98e-03f  1
  26  2.9058518e+04 1.13e+00 1.59e+01  -6.0 1.15e+01    -  3.27e-02 1.65e-02f  1
  27  2.8804739e+04 1.06e+00 1.48e+01  -6.0 1.14e+01    -  7.79e-01 6.87e-02f  1
  28  2.8804739e+04 1.06e+00 3.66e+01  -6.0 8.73e+00    -  1.48e-02 4.51e-08h  2
  29  2.8791496e+04 1.04e+00 1.48e+01  -6.0 1.03e+01    -  1.03e-08 1.02e-02f  1
iter    objective    inf_pr   inf_du lg(mu)  ||d||  lg(rg) alpha_du alpha_pr  ls
  30  2.7964028e+04 3.46e-01 3.02e+00  -6.0 6.06e+00    -  1.00e+00 6.65e-01f  1
  31  2.7556378e+04 3.21e-03 2.44e-01  -6.0 1.59e+00    -  6.80e-01 1.00e+00f  1
  32  2.7557542e+04 3.77e-04 6.59e-03  -6.0 2.35e-01    -  1.00e+00 1.00e+00h  1
  33  2.7557573e+04 3.15e-05 6.69e-04  -6.0 6.72e-02    -  1.00e+00 1.00e+00h  1
  34  2.7557572e+04 7.13e-06 1.50e-04  -6.0 2.41e-02    -  1.00e+00 1.00e+00h  1
  35  2.7557572e+04 1.20e-06 2.52e-05  -6.0 9.90e-03    -  1.00e+00 1.00e+00h  1
  36  2.7557572e+04 7.78e-08 1.63e-06  -6.0 2.52e-03    -  1.00e+00 1.00e+00h  1
  37  2.7557571e+04 7.95e-08 2.98e-07  -7.0 3.91e-04    -  1.00e+00 1.00e+00h  1

Number of Iterations....: 37

                                   (scaled)                 (unscaled)
Objective...............:   1.1868829498751006e+03    2.7557570558698029e+04
Dual infeasibility......:   2.9841258801583560e-07    6.9286747700903979e-06
Constraint violation....:   7.9453596130325821e-08    7.9453596130325821e-08
Variable bound violation:   1.1735197258389007e-08    1.1735197258389007e-08
Complementarity.........:   2.9531604119150220e-07    6.8567777834424220e-06
Overall NLP error.......:   2.9841258801583560e-07    6.9286747700903979e-06


Number of objective function evaluations             = 39
Number of objective gradient evaluations             = 38
Number of equality constraint evaluations            = 39
Number of inequality constraint evaluations          = 40
Number of equality constraint Jacobian evaluations   = 38
Number of inequality constraint Jacobian evaluations = 38
Number of Lagrangian Hessian evaluations             = 37
Total seconds in IPOPT                               = 0.143

EXIT: Optimal Solution Found.

