Solver command line: ['/opt/homebrew/bin/ipopt', '/var/folders/6y/bvynbx6n3zv7z3lwg6vd724r0000gn/T/tmp2ot8xue7.pyomo.nl', '-AMPL', 'tol=1e-06', 'max_iter=300', 'print_level=5']

Ipopt 3.14.19: tol=1e-06
max_iter=300
print_level=5


******************************************************************************
This program contains Ipopt, a library for large-scale nonlinear optimization.
 Ipopt is released as open source code under the Eclipse Public License (EPL).
         For more information visit https://github.com/coin-or/Ipopt
******************************************************************************

This is Ipopt version 3.14.19, running with linear solver MUMPS 5.6.2.

Number of nonzeros in equality constraint Jacobian...:     2831
Number of nonzeros in inequality constraint Jacobian.:     1960
Number of nonzeros in Lagrangian Hessian.............:     1611

Total number of variables............................:      470
                     variables with only lower bounds:        0
                variables with lower and upper bounds:      470
                     variables with only upper bounds:        0
Total number of equality constraints.................:      401
Total number of inequality constraints...............:      490
        inequality constraints with only lower bounds:        0
   inequality constraints with lower and upper bounds:        0
        inequality constraints with only upper bounds:      490

iter    objective    inf_pr   inf_du lg(mu)  ||d||  lg(rg) alpha_du alpha_pr  ls
   0  2.7744469e+04 1.81e-01 1.00e+02  -1.0 0.00e+00    -  0.00e+00 0.00e+00   0
   1  2.7695478e+04 1.77e-01 7.83e+01  -1.0 1.74e+00    -  3.07e-01 2.30e-02f  1
   2  2.7645870e+04 4.00e-02 5.13e+01  -1.0 1.56e-01    -  7.36e-02 8.15e-01f  1
   3  2.7643883e+04 1.79e-02 1.84e+01  -1.0 7.78e-02    -  9.96e-01 5.58e-01f  1
   4  2.7640789e+04 1.08e-03 1.29e-01  -1.0 2.14e-01    -  1.00e+00 1.00e+00f  1
   5  2.7573920e+04 2.17e-04 1.36e+00  -2.5 5.22e-02    -  9.25e-01 1.00e+00f  1
   6  2.7568187e+04 3.84e-03 1.74e-02  -2.5 9.39e-02    -  1.00e+00 1.00e+00f  1
   7  2.7560071e+04 1.61e-02 1.18e-01  -3.8 1.22e-01    -  7.62e-01 1.00e+00h  1
   8  2.7557778e+04 9.40e-03 2.52e-02  -3.8 1.02e-01    -  9.90e-01 5.92e-01h  1
   9  2.7557813e+04 1.54e-03 6.41e-01  -3.8 1.01e-01    -  1.00e+00 8.40e-01h  1
iter    objective    inf_pr   inf_du lg(mu)  ||d||  lg(rg) alpha_du alpha_pr  ls
  10  2.7557738e+04 1.83e-05 4.85e-04  -3.8 1.98e-02    -  1.00e+00 1.00e+00h  1
  11  2.7557602e+04 1.52e-05 1.56e-01  -5.7 3.20e-02    -  9.18e-01 7.80e-01h  1
  12  2.7557572e+04 3.73e-06 1.02e-02  -5.7 7.70e-03    -  1.00e+00 9.67e-01h  1
  13  2.7557572e+04 1.01e-06 4.00e-06  -5.7 1.35e-03    -  1.00e+00 1.00e+00h  1
  14  2.7557571e+04 3.67e-07 4.54e-04  -7.0 8.20e-04    -  9.71e-01 1.00e+00h  1
  15  2.7557571e+04 9.25e-08 3.86e-07  -7.0 4.07e-04    -  1.00e+00 1.00e+00h  1

Number of Iterations....: 15

                                   (scaled)                 (unscaled)
Objective...............:   1.1875560458322423e+03    2.7557570559230015e+04
Dual infeasibility......:   3.8568175487553312e-07    8.9498531127781122e-06
Constraint violation....:   9.2544675971140133e-08    9.2544675971140133e-08
Variable bound violation:   1.1736141392049149e-08    1.1736141392049149e-08
Complementarity.........:   3.0831116809604140e-07    7.1544469827957079e-06
Overall NLP error.......:   3.8568175487553312e-07    8.9498531127781122e-06


Number of objective function evaluations             = 16
Number of objective gradient evaluations             = 16
Number of equality constraint evaluations            = 16
Number of inequality constraint evaluations          = 16
Number of equality constraint Jacobian evaluations   = 16
Number of inequality constraint Jacobian evaluations = 16
Number of Lagrangian Hessian evaluations             = 15
Total seconds in IPOPT                               = 0.060

EXIT: Optimal Solution Found.

