Solver command line: ['/opt/homebrew/bin/ipopt', '/var/folders/6y/bvynbx6n3zv7z3lwg6vd724r0000gn/T/tmpdg5r21tn.pyomo.nl', '-AMPL', 'tol=1e-06', 'max_iter=300', 'print_level=5']

Ipopt 3.14.19: tol=1e-06
max_iter=300
print_level=5


******************************************************************************
This program contains Ipopt, a library for large-scale nonlinear optimization.
 Ipopt is released as open source code under the Eclipse Public License (EPL).
         For more information visit https://github.com/coin-or/Ipopt
******************************************************************************

This is Ipopt version 3.14.19, running with linear solver MUMPS 5.6.2.

Number of nonzeros in equality constraint Jacobian...:     2831
Number of nonzeros in inequality constraint Jacobian.:     1960
Number of nonzeros in Lagrangian Hessian.............:     1611

Total number of variables............................:      470
                     variables with only lower bounds:        0
                variables with lower and upper bounds:      470
                     variables with only upper bounds:        0
Total number of equality constraints.................:      401
Total number of inequality constraints...............:      490
        inequality constraints with only lower bounds:        0
   inequality constraints with lower and upper bounds:        0
        inequality constraints with only upper bounds:      490

iter    objective    inf_pr   inf_du lg(mu)  ||d||  lg(rg) alpha_du alpha_pr  ls
   0  2.7744469e+04 3.85e+00 1.00e+02  -1.0 0.00e+00    -  0.00e+00 0.00e+00   0
   1  2.7690845e+04 3.76e+00 7.72e+01  -1.0 1.70e+00    -  3.20e-01 2.24e-02f  1
   2  2.7572240e+04 8.05e-01 5.95e+01  -1.0 8.03e-01    -  7.17e-02 8.77e-01f  1
   3  2.7615378e+04 3.19e-01 3.42e+01  -1.0 1.25e+01    -  6.57e-01 6.17e-01h  1
   4  2.7639499e+04 4.22e-03 1.08e+01  -1.0 5.46e+00    -  1.00e+00 1.00e+00h  1
   5  2.7640959e+04 1.06e-04 3.50e-01  -1.0 1.67e-01    -  1.00e+00 1.00e+00h  1
   6  2.7585759e+04 1.48e-04 8.93e-02  -1.7 3.12e-01    -  1.00e+00 1.00e+00f  1
   7  2.7569881e+04 1.38e-03 5.79e-02  -2.5 6.52e-02    -  9.85e-01 1.00e+00f  1
   8  2.7563963e+04 1.28e-02 2.31e-02  -2.5 1.07e-01    -  1.00e+00 1.00e+00h  1
   9  2.7564549e+04 2.29e-05 9.65e-05  -2.5 1.86e-02    -  1.00e+00 1.00e+00h  1
iter    objective    inf_pr   inf_du lg(mu)  ||d||  lg(rg) alpha_du alpha_pr  ls
  10  2.7558775e+04 6.47e-03 6.79e-02  -3.8 7.82e-02    -  8.63e-01 1.00e+00f  1
  11  2.7557880e+04 4.68e-03 1.05e-01  -3.8 7.96e-02    -  1.00e+00 3.39e-01h  1
  12  2.7557754e+04 5.41e-04 4.26e-01  -3.8 1.03e-01    -  1.00e+00 8.88e-01h  1
  13  2.7557736e+04 9.85e-06 2.13e-04  -3.8 2.48e-02    -  1.00e+00 1.00e+00h  1
  14  2.7557602e+04 1.37e-05 1.54e-01  -5.7 3.36e-02    -  9.15e-01 7.81e-01h  1
  15  2.7557572e+04 3.77e-06 1.10e-02  -5.7 9.00e-03    -  1.00e+00 9.65e-01h  1
  16  2.7557572e+04 1.94e-06 8.79e-03  -5.7 1.35e-03    -  1.00e+00 5.00e-01h  2
  17  2.7557572e+04 6.42e-07 2.58e-06  -5.7 1.07e-03    -  1.00e+00 1.00e+00h  1
  18  2.7557571e+04 2.07e-07 1.74e-04  -7.0 6.18e-04    -  9.89e-01 1.00e+00h  1
  19  2.7557571e+04 5.19e-08 2.16e-07  -7.0 3.05e-04    -  1.00e+00 1.00e+00h  1

Number of Iterations....: 19

                                   (scaled)                 (unscaled)
Objective...............:   1.1875560458468406e+03    2.7557570559568772e+04
Dual infeasibility......:   2.1624788838148946e-07    5.0180927993012101e-06
Constraint violation....:   5.1892065416371536e-08    5.1892065416371536e-08
Variable bound violation:   1.1736141392049149e-08    1.1736141392049149e-08
Complementarity.........:   2.0827412429827654e-07    4.8330593710963107e-06
Overall NLP error.......:   2.1624788838148946e-07    5.0180927993012101e-06


Number of objective function evaluations             = 21
Number of objective gradient evaluations             = 20
Number of equality constraint evaluations            = 21
Number of inequality constraint evaluations          = 21
Number of equality constraint Jacobian evaluations   = 20
Number of inequality constraint Jacobian evaluations = 20
Number of Lagrangian Hessian evaluations             = 19
Total seconds in IPOPT                               = 0.073

EXIT: Optimal Solution Found.

