Solver command line: ['/opt/homebrew/bin/ipopt', '/var/folders/6y/bvynbx6n3zv7z3lwg6vd724r0000gn/T/tmp3fjo72sm.pyomo.nl', '-AMPL', 'tol=1e-06', 'max_iter=300', 'print_level=5', 'warm_start_init_point=yes', 'warm_start_bound_push=1e-06', 'warm_start_bound_frac=1e-06', 'warm_start_mult_bound_push=1e-06', 'mu_init=1e-06', 'least_square_init_duals=no']

Ipopt 3.14.19: tol=1e-06
max_iter=300
print_level=5
warm_start_init_point=yes
warm_start_bound_push=1e-06
warm_start_bound_frac=1e-06
warm_start_mult_bound_push=1e-06
mu_init=1e-06
least_square_init_duals=no


******************************************************************************
This program contains Ipopt, a library for large-scale nonlinear optimization.
 Ipopt is released as open source code under the Eclipse Public License (EPL).
         For more information visit https://github.com/coin-or/Ipopt
******************************************************************************

This is Ipopt version 3.14.19, running with linear solver MUMPS 5.6.2.

Number of nonzeros in equality constraint Jacobian...:     2831
Number of nonzeros in inequality constraint Jacobian.:     1960
Number of nonzeros in Lagrangian Hessian.............:     1611

Total number of variables............................:      470
                     variables with only lower bounds:        0
                variables with lower and upper bounds:      470
                     variables with only upper bounds:        0
Total number of equality constraints.................:      401
Total number of inequality constraints...............:      490
        inequality constraints with only lower bounds:        0
   inequality constraints with lower and upper bounds:        0
        inequality constraints with only upper bounds:      490

iter    objective    inf_pr   inf_du lg(mu)  ||d||  lg(rg) alpha_du alpha_pr  ls
   0  4.0417248e+04 3.70e+00 7.05e+01  -6.0 0.00e+00    -  0.00e+00 0.00e+00   0
   1  4.0374397e+04 3.70e+00 7.05e+01  -6.0 1.72e+04  -2.0 5.37e-06 1.84e-06f  1
   2  4.0240075e+04 3.70e+00 7.05e+01  -6.0 3.46e+02  -1.6 9.14e-04 2.74e-04f  1
   3  3.9998678e+04 3.68e+00 7.05e+01  -6.0 7.64e+03  -2.1 2.41e-05 2.34e-05f  1
   4  3.9996129e+04 3.68e+00 7.05e+01  -6.0 3.17e+02  -1.6 2.93e-03 5.69e-06f  1
   5  3.9976910e+04 3.68e+00 7.05e+01  -6.0 8.91e+02  -2.1 5.62e-04 1.58e-05f  1
   6  3.9909621e+04 3.68e+00 7.05e+01  -6.0 8.53e+03    -  6.81e-05 5.92e-06f  1
   7  3.9869600e+04 3.68e+00 7.04e+01  -6.0 2.23e+02    -  6.26e-03 1.30e-04f  1
   8  3.9733218e+04 3.67e+00 7.03e+01  -6.0 1.62e+02    -  6.85e-03 6.18e-04f  1
   9  3.9668587e+04 3.67e+00 6.99e+01  -6.0 1.67e+02    -  1.03e-02 3.13e-04f  1
iter    objective    inf_pr   inf_du lg(mu)  ||d||  lg(rg) alpha_du alpha_pr  ls
  10  3.9246252e+04 3.66e+00 6.95e+01  -6.0 1.81e+02    -  1.01e-02 2.07e-03f  1
  11  3.9099814e+04 3.66e+00 6.90e+01  -6.0 2.80e+02    -  1.28e-02 7.25e-04f  1
  12  3.9044332e+04 3.66e+00 6.86e+01  -6.0 3.07e+02    -  1.25e-02 2.82e-04f  1
  13  3.8739182e+04 3.66e+00 6.81e+01  -6.0 3.10e+02    -  1.32e-02 1.60e-03f  1
  14  3.8411328e+04 3.65e+00 6.75e+01  -6.0 3.54e+02    -  1.38e-02 1.84e-03f  1
  15  3.7830725e+04 3.64e+00 6.67e+01  -6.0 4.08e+02    -  2.05e-02 3.38e-03f  1
  16  3.7735539e+04 3.63e+00 6.66e+01  -6.0 2.90e+02    -  1.22e-03 9.72e-04f  1
  17  3.7717283e+04 3.63e+00 6.55e+01  -6.0 1.55e+01    -  7.75e-02 1.42e-03f  1
  18  3.4628354e+04 2.75e+00 5.24e+01  -6.0 1.55e+01    -  2.93e-02 2.41e-01f  1
  19  3.3114069e+04 2.32e+00 4.22e+01  -6.0 1.75e+01    -  3.13e-01 1.58e-01f  1
iter    objective    inf_pr   inf_du lg(mu)  ||d||  lg(rg) alpha_du alpha_pr  ls
  20  3.0440558e+04 1.55e+00 2.89e+01  -6.0 1.70e+01    -  2.37e-01 3.36e-01f  1
  21  3.0414916e+04 1.54e+00 2.75e+01  -6.0 1.43e+01    -  1.89e-01 4.91e-03f  1
  22  3.0392279e+04 1.53e+00 2.52e+01  -6.0 1.43e+01    -  4.32e-01 4.35e-03f  1
  23  3.0359684e+04 1.52e+00 2.50e+01  -6.0 1.43e+01    -  7.95e-03 6.39e-03f  1
  24  2.9611704e+04 1.30e+00 2.13e+01  -6.0 1.42e+01    -  1.57e-01 1.48e-01f  1
  25  2.9484546e+04 1.26e+00 2.04e+01  -6.0 1.28e+01    -  1.07e-01 2.96e-02f  1
  26  2.9411061e+04 1.24e+00 1.94e+01  -6.0 1.22e+01    -  2.18e-01 1.76e-02f  1
  27  2.9401834e+04 1.23e+00 1.89e+01  -6.0 1.23e+01    -  1.27e-01 2.26e-03f  1
  28  2.9242216e+04 1.19e+00 1.83e+01  -6.0 1.21e+01    -  1.71e-02 3.92e-02f  1
  29  2.9193718e+04 1.17e+00 1.73e+01  -6.0 1.17e+01    -  1.63e-01 1.24e-02f  1
iter    objective    inf_pr   inf_du lg(mu)  ||d||  lg(rg) alpha_du alpha_pr  ls
  30  2.9167167e+04 1.16e+00 1.68e+01  -6.0 1.16e+01    -  6.37e-02 6.90e-03f  1
  31  2.9052222e+04 1.13e+00 1.59e+01  -6.0 1.16e+01    -  9.14e-02 3.02e-02f  1
  32  2.8806178e+04 1.05e+00 1.48e+01  -6.0 1.13e+01    -  9.53e-02 6.68e-02f  1
  33  2.8804193e+04 1.05e+00 1.47e+01  -6.0 1.07e+01    -  2.25e-01 5.81e-04f  1
  34  2.8804192e+04 1.05e+00 3.52e+01  -6.0 1.37e+01    -  8.67e-04 4.21e-07h  1
  35  2.8791299e+04 1.04e+00 1.55e+01  -6.0 6.55e+00    -  1.00e-08 1.01e-02f  1
  36  2.8209306e+04 5.52e-01 7.43e+00  -6.0 6.46e+00    -  6.25e-01 4.67e-01f  1
  37  2.7561769e+04 8.07e-03 1.36e+00  -6.0 2.91e+00    -  4.84e-01 9.89e-01f  1
  38  2.7557564e+04 3.74e-05 1.44e-03  -6.0 2.33e-01    -  1.00e+00 1.00e+00h  1
  39  2.7557572e+04 3.41e-09 8.91e-08  -6.0 2.90e-03    -  1.00e+00 1.00e+00h  1
iter    objective    inf_pr   inf_du lg(mu)  ||d||  lg(rg) alpha_du alpha_pr  ls
  40  2.7557571e+04 8.01e-08 2.99e-07  -7.0 3.84e-04    -  1.00e+00 1.00e+00h  1

Number of Iterations....: 40

                                   (scaled)                 (unscaled)
Objective...............:   1.1868829498744010e+03    2.7557570558681786e+04
Dual infeasibility......:   2.9942387284926640e-07    6.9521552263183210e-06
Constraint violation....:   8.0136673010107462e-08    8.0136673010107462e-08
Variable bound violation:   1.1735197924522822e-08    1.1735197924522822e-08
Complementarity.........:   2.9534113085297019e-07    6.8573603262418373e-06
Overall NLP error.......:   2.9942387284926640e-07    6.9521552263183210e-06


Number of objective function evaluations             = 41
Number of objective gradient evaluations             = 41
Number of equality constraint evaluations            = 41
Number of inequality constraint evaluations          = 41
Number of equality constraint Jacobian evaluations   = 41
Number of inequality constraint Jacobian evaluations = 41
Number of Lagrangian Hessian evaluations             = 40
Total seconds in IPOPT                               = 0.155

EXIT: Optimal Solution Found.

