Solver command line: ['/opt/homebrew/bin/ipopt', '/var/folders/6y/bvynbx6n3zv7z3lwg6vd724r0000gn/T/tmp4sk3x72x.pyomo.nl', '-AMPL', 'tol=1e-06', 'max_iter=300', 'print_level=5', 'warm_start_init_point=yes', 'warm_start_bound_push=1e-06', 'warm_start_bound_frac=1e-06', 'warm_start_mult_bound_push=1e-06', 'mu_init=1e-06', 'least_square_init_duals=no']

Ipopt 3.14.19: tol=1e-06
max_iter=300
print_level=5
warm_start_init_point=yes
warm_start_bound_push=1e-06
warm_start_bound_frac=1e-06
warm_start_mult_bound_push=1e-06
mu_init=1e-06
least_square_init_duals=no


******************************************************************************
This program contains Ipopt, a library for large-scale nonlinear optimization.
 Ipopt is released as open source code under the Eclipse Public License (EPL).
         For more information visit https://github.com/coin-or/Ipopt
******************************************************************************

This is Ipopt version 3.14.19, running with linear solver MUMPS 5.6.2.

Number of nonzeros in equality constraint Jacobian...:     2831
Number of nonzeros in inequality constraint Jacobian.:     1960
Number of nonzeros in Lagrangian Hessian.............:     1611

Total number of variables............................:      470
                     variables with only lower bounds:        0
                variables with lower and upper bounds:      470
                     variables with only upper bounds:        0
Total number of equality constraints.................:      401
Total number of inequality constraints...............:      490
        inequality constraints with only lower bounds:        0
   inequality constraints with lower and upper bounds:        0
        inequality constraints with only upper bounds:      490

iter    objective    inf_pr   inf_du lg(mu)  ||d||  lg(rg) alpha_du alpha_pr  ls
   0  2.7557589e+04 3.83e+00 7.05e+01  -6.0 0.00e+00    -  0.00e+00 0.00e+00   0
   1  2.7557517e+04 3.83e+00 4.91e+01  -6.0 1.16e+00    -  3.05e-01 7.80e-04h  1
   2  2.7529298e+04 2.33e+00 3.53e+01  -6.0 1.24e+00    -  2.80e-01 3.63e-01h  1
   3  2.7530174e+04 1.16e+00 1.18e+01  -6.0 9.04e+00    -  6.65e-01 4.78e-01h  1
   4  2.7540731e+04 5.34e-01 3.44e+00  -6.0 8.98e+00    -  7.09e-01 5.24e-01h  1
   5  2.7555923e+04 2.37e-03 2.20e+00  -6.0 5.51e+00    -  5.71e-01 1.00e+00h  1
   6  2.7556921e+04 9.36e-04 9.70e-01  -6.0 3.97e-01    -  5.56e-01 6.06e-01h  1
   7  2.7557571e+04 1.74e-05 1.13e-01  -6.0 1.76e-01    -  8.85e-01 1.00e+00h  1
   8  2.7557572e+04 4.81e-06 9.34e-05  -6.0 2.08e-02    -  1.00e+00 1.00e+00h  1
   9  2.7557572e+04 9.18e-07 1.89e-05  -6.0 8.88e-03    -  1.00e+00 1.00e+00h  1
iter    objective    inf_pr   inf_du lg(mu)  ||d||  lg(rg) alpha_du alpha_pr  ls
  10  2.7557572e+04 4.67e-08 9.79e-07  -6.0 2.01e-03    -  1.00e+00 1.00e+00h  1
  11  2.7557571e+04 7.99e-08 3.00e-07  -7.0 3.84e-04    -  1.00e+00 1.00e+00h  1

Number of Iterations....: 11

                                   (scaled)                 (unscaled)
Objective...............:   1.1875560458062066e+03    2.7557570558625852e+04
Dual infeasibility......:   2.9976034304306433e-07    6.9560226932103607e-06
Constraint violation....:   7.9924941625078572e-08    7.9924941625078572e-08
Variable bound violation:   1.1736136507067840e-08    1.1736136507067840e-08
Complementarity.........:   2.9586965334657102e-07    6.8657381494101177e-06
Overall NLP error.......:   2.9976034304306433e-07    6.9560226932103607e-06


Number of objective function evaluations             = 12
Number of objective gradient evaluations             = 12
Number of equality constraint evaluations            = 12
Number of inequality constraint evaluations          = 13
Number of equality constraint Jacobian evaluations   = 12
Number of inequality constraint Jacobian evaluations = 12
Number of Lagrangian Hessian evaluations             = 11
Total seconds in IPOPT                               = 0.046

EXIT: Optimal Solution Found.

