Solver command line: ['/opt/homebrew/bin/ipopt', '/var/folders/6y/bvynbx6n3zv7z3lwg6vd724r0000gn/T/tmp14o8u02d.pyomo.nl', '-AMPL', 'tol=1e-06', 'max_iter=300', 'print_level=5', 'warm_start_init_point=yes', 'warm_start_bound_push=1e-06', 'warm_start_bound_frac=1e-06', 'warm_start_mult_bound_push=1e-06', 'mu_init=1e-06', 'least_square_init_duals=no']

Ipopt 3.14.19: tol=1e-06
max_iter=300
print_level=5
warm_start_init_point=yes
warm_start_bound_push=1e-06
warm_start_bound_frac=1e-06
warm_start_mult_bound_push=1e-06
mu_init=1e-06
least_square_init_duals=no


******************************************************************************
This program contains Ipopt, a library for large-scale nonlinear optimization.
 Ipopt is released as open source code under the Eclipse Public License (EPL).
         For more information visit https://github.com/coin-or/Ipopt
******************************************************************************

This is Ipopt version 3.14.19, running with linear solver MUMPS 5.6.2.

Number of nonzeros in equality constraint Jacobian...:     2831
Number of nonzeros in inequality constraint Jacobian.:     1960
Number of nonzeros in Lagrangian Hessian.............:     1611

Total number of variables............................:      470
                     variables with only lower bounds:        0
                variables with lower and upper bounds:      470
                     variables with only upper bounds:        0
Total number of equality constraints.................:      401
Total number of inequality constraints...............:      490
        inequality constraints with only lower bounds:        0
   inequality constraints with lower and upper bounds:        0
        inequality constraints with only upper bounds:      490

iter    objective    inf_pr   inf_du lg(mu)  ||d||  lg(rg) alpha_du alpha_pr  ls
   0  2.7557589e+04 3.85e+00 3.01e+01  -6.0 0.00e+00    -  0.00e+00 0.00e+00   0
   1  2.7556651e+04 3.85e+00 3.01e+01  -6.0 2.48e+03    -  4.89e-05 7.76e-05f  1
   2  2.7556197e+04 3.85e+00 3.01e+01  -6.0 6.92e+02    -  2.09e-05 2.46e-04h  1
   3  2.7555925e+04 3.84e+00 3.01e+01  -6.0 2.06e+02    -  4.53e-05 7.21e-04h  1
   4  2.7555425e+04 3.83e+00 3.00e+01  -6.0 5.54e+01    -  9.99e-05 2.73e-03h  1
   5  2.7554448e+04 3.81e+00 2.98e+01  -6.0 2.25e+01    -  2.52e-05 6.76e-03f  1
   6  2.7552103e+04 3.70e+00 2.90e+01  -6.0 5.92e+00    -  6.13e-03 2.82e-02f  1
   7  2.7548139e+04 3.50e+00 2.75e+01  -6.0 2.82e+00    -  8.52e-05 5.43e-02h  1
   8  2.7528084e+04 2.14e+00 1.72e+01  -6.0 2.26e+00    -  2.06e-03 3.87e-01h  1
   9  2.7528381e+04 1.97e+00 1.57e+01  -6.0 8.75e+00    -  5.43e-01 7.86e-02h  1
iter    objective    inf_pr   inf_du lg(mu)  ||d||  lg(rg) alpha_du alpha_pr  ls
  10  2.7531369e+04 1.31e+00 1.04e+01  -6.0 8.77e+00    -  1.69e-01 3.38e-01h  1
  11  2.7537300e+04 8.66e-01 6.94e+00  -6.0 8.07e+00    -  9.37e-01 3.37e-01h  1
  12  2.7546610e+04 3.77e-01 3.06e+00  -6.0 6.37e+00    -  1.00e+00 5.64e-01h  1
  13  2.7556861e+04 9.33e-04 1.54e-01  -6.0 3.44e+00    -  1.00e+00 1.00e+00h  1
  14  2.7557571e+04 4.35e-07 2.68e-05  -6.0 1.59e-01    -  1.00e+00 1.00e+00h  1
  15  2.7557572e+04 1.52e-11 8.11e-11  -6.0 7.63e-06    -  1.00e+00 1.00e+00h  1
  16  2.7557571e+04 8.01e-08 2.99e-07  -7.0 3.84e-04    -  1.00e+00 1.00e+00f  1

Number of Iterations....: 16

                                   (scaled)                 (unscaled)
Objective...............:   1.1875560458064090e+03    2.7557570558630548e+04
Dual infeasibility......:   2.9949795574539508e-07    6.9499339224995023e-06
Constraint violation....:   8.0129858999813952e-08    8.0129858999813952e-08
Variable bound violation:   1.1736137173201655e-08    1.1736137173201655e-08
Complementarity.........:   2.9534118083376062e-07    6.8534747967780491e-06
Overall NLP error.......:   2.9949795574539508e-07    6.9499339224995023e-06


Number of objective function evaluations             = 17
Number of objective gradient evaluations             = 17
Number of equality constraint evaluations            = 17
Number of inequality constraint evaluations          = 18
Number of equality constraint Jacobian evaluations   = 17
Number of inequality constraint Jacobian evaluations = 17
Number of Lagrangian Hessian evaluations             = 16
Total seconds in IPOPT                               = 0.064

EXIT: Optimal Solution Found.

