Solver command line: ['/opt/homebrew/bin/ipopt', '/var/folders/6y/bvynbx6n3zv7z3lwg6vd724r0000gn/T/tmp5jgxn0m7.pyomo.nl', '-AMPL', 'tol=1e-06', 'max_iter=300', 'print_level=5']

Ipopt 3.14.19: tol=1e-06
max_iter=300
print_level=5


******************************************************************************
This program contains Ipopt, a library for large-scale nonlinear optimization.
 Ipopt is released as open source code under the Eclipse Public License (EPL).
         For more information visit https://github.com/coin-or/Ipopt
******************************************************************************

This is Ipopt version 3.14.19, running with linear solver MUMPS 5.6.2.

Number of nonzeros in equality constraint Jacobian...:     7543
Number of nonzeros in inequality constraint Jacobian.:     5824
Number of nonzeros in Lagrangian Hessian.............:     4160

Total number of variables............................:     1342
                     variables with only lower bounds:        0
                variables with lower and upper bounds:     1342
                     variables with only upper bounds:        0
Total number of equality constraints.................:     1001
Total number of inequality constraints...............:     1456
        inequality constraints with only lower bounds:        0
   inequality constraints with lower and upper bounds:        0
        inequality constraints with only upper bounds:     1456

iter    objective    inf_pr   inf_du lg(mu)  ||d||  lg(rg) alpha_du alpha_pr  ls
   0  4.3932822e+05 2.47e+01 6.48e+01  -1.0 0.00e+00    -  0.00e+00 0.00e+00   0
   1  4.3912314e+05 2.43e+01 6.22e+01  -1.0 7.49e+00    -  7.19e-02 1.84e-02f  1
   2  4.3967875e+05 2.20e+01 2.86e+02  -1.0 7.24e+00    -  8.30e-02 9.27e-02h  1
   3  4.4203735e+05 1.79e+01 1.06e+03  -1.0 1.39e+01    -  3.02e-02 1.83e-01H  1
   4  4.4564193e+05 1.24e+01 2.16e+03  -1.0 2.93e+01    -  4.09e-01 3.01e-01H  1
   5  4.4786465e+05 8.60e+00 2.18e+03  -1.0 3.89e+01    -  4.97e-01 3.01e-01h  1
   6  4.4890344e+05 6.79e+00 1.89e+03  -1.0 3.71e+01    -  7.56e-01 2.08e-01h  1
   7  4.4983160e+05 5.55e+00 1.62e+03  -1.0 3.25e+01    -  9.90e-01 1.82e-01h  1
   8  4.5168268e+05 3.63e+00 1.25e+03  -1.0 2.82e+01    -  9.90e-01 3.43e-01h  1
   9  4.5528551e+05 8.57e-01 6.77e+02  -1.0 2.02e+01    -  1.00e+00 7.54e-01h  1
iter    objective    inf_pr   inf_du lg(mu)  ||d||  lg(rg) alpha_du alpha_pr  ls
  10  4.5551982e+05 7.47e-01 5.91e+02  -1.0 5.99e+00    -  2.31e-01 1.28e-01h  1
  11  4.5729158e+05 2.66e-03 2.61e+01  -1.0 5.30e+00    -  9.36e-01 1.00e+00h  1
  12  4.5734624e+05 1.12e-03 7.49e-01  -1.0 7.97e-01    -  1.00e+00 1.00e+00h  1
  13  4.5586626e+05 8.09e-03 3.77e+01  -1.7 1.22e+00    -  9.36e-01 1.00e+00f  1
  14  4.5563028e+05 6.01e-03 3.68e+00  -1.7 4.08e-01    -  1.00e+00 4.32e-01f  1
  15  4.5542460e+05 4.01e-03 1.44e+00  -1.7 5.09e-01    -  1.00e+00 9.52e-01h  1
  16  4.5542808e+05 3.53e-04 2.21e-02  -1.7 1.78e-01    -  1.00e+00 1.00e+00h  1
  17  4.5520868e+05 1.27e-03 4.99e+01  -2.5 1.18e+00    -  8.42e-01 4.51e-01f  1
  18  4.5515062e+05 9.93e-04 6.30e+01  -2.5 9.42e-01    -  9.11e-01 2.37e-01f  1
  19  4.5506665e+05 7.66e-04 3.49e+01  -2.5 6.02e-01    -  1.00e+00 5.30e-01f  1
iter    objective    inf_pr   inf_du lg(mu)  ||d||  lg(rg) alpha_du alpha_pr  ls
  20  4.5500013e+05 3.73e-04 5.38e-02  -2.5 3.32e-01    -  1.00e+00 1.00e+00h  1
  21  4.5500248e+05 6.50e-06 1.39e-04  -2.5 2.66e-02    -  1.00e+00 1.00e+00h  1
  22  4.5497422e+05 1.00e-04 1.25e+01  -3.8 2.89e-01    -  8.88e-01 5.10e-01f  1
  23  4.5495891e+05 1.73e-04 6.02e+00  -3.8 2.35e-01    -  7.33e-01 5.91e-01h  1
  24  4.5494981e+05 1.23e-04 8.38e-01  -3.8 1.23e-01    -  1.00e+00 8.94e-01h  1
  25  4.5494899e+05 7.18e-06 3.58e-04  -3.8 3.82e-02    -  1.00e+00 1.00e+00h  1
  26  4.5494646e+05 2.20e-05 3.42e-02  -5.7 6.38e-02    -  8.46e-01 8.62e-01h  1
  27  4.5494606e+05 5.25e-06 2.97e-03  -5.7 3.50e-02    -  9.13e-01 9.00e-01h  1
  28  4.5494602e+05 1.35e-06 2.20e-05  -5.7 1.47e-02    -  1.00e+00 1.00e+00h  1
  29  4.5494602e+05 1.90e-07 2.42e-06  -5.7 2.59e-03    -  1.00e+00 1.00e+00h  1
iter    objective    inf_pr   inf_du lg(mu)  ||d||  lg(rg) alpha_du alpha_pr  ls
  30  4.5494598e+05 1.89e-07 2.37e-06  -7.0 2.90e-03    -  1.00e+00 1.00e+00h  1
  31  4.5494598e+05 3.86e-08 2.46e-07  -7.0 1.08e-03    -  1.00e+00 1.00e+00h  1

Number of Iterations....: 31

                                   (scaled)                 (unscaled)
Objective...............:   5.2627739147000184e+03    4.5494598012943618e+05
Dual infeasibility......:   2.4624873700839107e-07    2.1287228908123069e-05
Constraint violation....:   3.8565254545375183e-08    3.8565254545375183e-08
Variable bound violation:   1.1412289602219516e-07    1.1412289602219516e-07
Complementarity.........:   2.0602442152960961e-07    1.7809996002598761e-05
Overall NLP error.......:   2.4624873700839107e-07    2.1287228908123069e-05


Number of objective function evaluations             = 34
Number of objective gradient evaluations             = 32
Number of equality constraint evaluations            = 34
Number of inequality constraint evaluations          = 34
Number of equality constraint Jacobian evaluations   = 32
Number of inequality constraint Jacobian evaluations = 32
Number of Lagrangian Hessian evaluations             = 31
Total seconds in IPOPT                               = 0.433

EXIT: Optimal Solution Found.

