Solver command line: ['/opt/homebrew/bin/ipopt', '/var/folders/6y/bvynbx6n3zv7z3lwg6vd724r0000gn/T/tmpq3lpbr6y.pyomo.nl', '-AMPL', 'tol=1e-06', 'max_iter=300', 'print_level=5']

Ipopt 3.14.19: tol=1e-06
max_iter=300
print_level=5


******************************************************************************
This program contains Ipopt, a library for large-scale nonlinear optimization.
 Ipopt is released as open source code under the Eclipse Public License (EPL).
         For more information visit https://github.com/coin-or/Ipopt
******************************************************************************

This is Ipopt version 3.14.19, running with linear solver MUMPS 5.6.2.

Number of nonzeros in equality constraint Jacobian...:     7543
Number of nonzeros in inequality constraint Jacobian.:     5824
Number of nonzeros in Lagrangian Hessian.............:     4160

Total number of variables............................:     1342
                     variables with only lower bounds:        0
                variables with lower and upper bounds:     1342
                     variables with only upper bounds:        0
Total number of equality constraints.................:     1001
Total number of inequality constraints...............:     1456
        inequality constraints with only lower bounds:        0
   inequality constraints with lower and upper bounds:        0
        inequality constraints with only upper bounds:     1456

iter    objective    inf_pr   inf_du lg(mu)  ||d||  lg(rg) alpha_du alpha_pr  ls
   0  4.3932822e+05 2.45e+01 1.25e+01  -1.0 0.00e+00    -  0.00e+00 0.00e+00   0
   1  4.3953625e+05 2.40e+01 1.55e+02  -1.0 7.45e+00   2.0 1.00e-02 2.18e-02f  1
   2  4.3980425e+05 2.34e+01 2.83e+02  -1.0 7.12e+00   1.5 4.65e-02 2.43e-02h  1
   3  4.3994704e+05 2.31e+01 2.80e+02  -1.0 6.80e+00   1.9 5.10e-02 1.16e-02h  1
   4  4.4051735e+05 2.22e+01 3.15e+02  -1.0 6.69e+00   1.5 1.21e-01 3.95e-02h  1
   5  4.4119906e+05 2.14e+01 4.98e+02  -1.0 6.23e+00   1.9 9.77e-02 3.88e-02h  1
   6  4.4276376e+05 1.94e+01 6.80e+02  -1.0 5.81e+00   1.4 6.27e-02 9.01e-02h  1
   7  4.4296268e+05 1.92e+01 6.86e+02  -1.0 4.87e+00   1.8 8.14e-02 1.15e-02h  1
   8  4.4500063e+05 1.69e+01 9.36e+02  -1.0 4.78e+00   1.4 3.65e-01 1.24e-01h  1
   9  4.4660809e+05 1.52e+01 1.42e+03  -1.0 3.72e+00   1.8 2.56e-01 9.99e-02h  1
iter    objective    inf_pr   inf_du lg(mu)  ||d||  lg(rg) alpha_du alpha_pr  ls
  10  4.4744293e+05 1.42e+01 1.31e+03  -1.0 3.50e+00   1.3 2.85e-01 6.47e-02h  1
  11  4.4869064e+05 1.29e+01 1.37e+03  -1.0 3.23e+00   1.7 1.36e-01 9.25e-02h  1
  12  4.4943962e+05 1.21e+01 1.51e+03  -1.0 2.80e+00   2.2 4.61e-01 5.90e-02h  1
  13  4.5153004e+05 9.90e+00 1.27e+03  -1.0 2.55e+00   1.7 2.42e-01 1.84e-01h  1
  14  4.5228896e+05 9.13e+00 1.31e+03  -1.0 1.90e+00   2.1 8.44e-01 7.76e-02h  1
  15  4.5524278e+05 5.89e+00 7.45e+02  -1.0 1.69e+00   1.6 4.05e-01 3.54e-01h  1
  16  4.5578186e+05 5.35e+00 7.23e+02  -1.0 9.15e-01   2.1 2.25e-01 9.29e-02h  1
  17  4.5698022e+05 3.92e+00 1.14e+03  -1.0 8.02e-01   1.6 4.37e-01 2.67e-01h  1
  18  4.5855585e+05 2.28e+00 1.45e+03  -1.0 5.73e-01   2.0 6.34e-01 4.19e-01h  1
  19  4.5923009e+05 1.25e+00 1.24e+03  -1.0 3.90e-01   1.5 3.07e-01 4.52e-01h  1
iter    objective    inf_pr   inf_du lg(mu)  ||d||  lg(rg) alpha_du alpha_pr  ls
  20  4.5924342e+05 1.02e+00 8.29e+02  -1.0 4.76e+00   1.1 4.92e-03 1.79e-01f  1
  21  4.6021304e+05 8.49e-03 5.41e+02  -1.0 2.99e-01   1.5 4.88e-01 1.00e+00h  1
  22  4.5960500e+05 5.75e-03 3.63e+02  -1.0 4.00e-01   1.0 6.26e-01 3.27e-01f  1
  23  4.5932976e+05 5.04e-03 3.17e+02  -1.0 8.38e-01   0.5 4.06e-01 1.28e-01f  1
  24  4.5897813e+05 4.03e-03 1.33e+02  -1.0 2.43e-01   1.0 2.65e-01 5.75e-01f  1
  25  4.5810788e+05 1.97e-02 6.11e+01  -1.0 3.58e-01   0.5 6.23e-01 1.00e+00f  1
  26  4.5791432e+05 8.24e-04 5.02e+00  -1.0 1.24e-01   0.9 9.94e-01 1.00e+00f  1
  27  4.5761090e+05 2.11e-03 6.64e+00  -1.0 1.89e-01   0.4 1.00e+00 1.00e+00f  1
  28  4.5743550e+05 1.56e-03 5.32e+00  -1.0 2.69e-01  -0.0 1.00e+00 1.00e+00f  1
  29  4.5737830e+05 4.44e-02 5.45e+00  -1.0 4.40e+00    -  2.64e-01 3.42e-01f  1
iter    objective    inf_pr   inf_du lg(mu)  ||d||  lg(rg) alpha_du alpha_pr  ls
  30  4.5734477e+05 1.34e-02 1.01e+01  -1.0 9.92e-01    -  6.07e-01 1.00e+00f  1
  31  4.5734532e+05 1.63e-02 3.36e-01  -1.0 7.76e-01    -  1.00e+00 1.00e+00h  1
  32  4.5586723e+05 8.05e-03 5.57e+01  -1.7 3.74e-01    -  9.03e-01 1.00e+00f  1
  33  4.5563102e+05 5.87e-03 3.61e+00  -1.7 2.78e-01    -  1.00e+00 4.47e-01f  1
  34  4.5542539e+05 4.10e-03 1.60e+00  -1.7 4.19e-01    -  1.00e+00 9.47e-01h  1
  35  4.5542819e+05 3.64e-04 2.27e-02  -1.7 1.15e-01    -  1.00e+00 1.00e+00h  1
  36  4.5520883e+05 1.27e-03 5.00e+01  -2.5 4.88e-01    -  8.42e-01 4.50e-01f  1
  37  4.5515069e+05 9.93e-04 6.30e+01  -2.5 5.46e-01    -  9.10e-01 2.37e-01f  1
  38  4.5506669e+05 7.65e-04 3.49e+01  -2.5 4.32e-01    -  1.00e+00 5.30e-01f  1
  39  4.5500013e+05 3.73e-04 5.40e-02  -2.5 1.87e-01    -  1.00e+00 1.00e+00h  1
iter    objective    inf_pr   inf_du lg(mu)  ||d||  lg(rg) alpha_du alpha_pr  ls
  40  4.5500248e+05 6.51e-06 1.40e-04  -2.5 2.67e-02    -  1.00e+00 1.00e+00h  1
  41  4.5497422e+05 1.00e-04 1.25e+01  -3.8 1.87e-01    -  8.88e-01 5.10e-01f  1
  42  4.5495891e+05 1.73e-04 6.02e+00  -3.8 1.86e-01    -  7.33e-01 5.91e-01h  1
  43  4.5494981e+05 1.23e-04 8.38e-01  -3.8 1.23e-01    -  1.00e+00 8.94e-01h  1
  44  4.5494899e+05 7.18e-06 3.58e-04  -3.8 3.82e-02    -  1.00e+00 1.00e+00h  1
  45  4.5494646e+05 2.20e-05 3.42e-02  -5.7 6.38e-02    -  8.46e-01 8.62e-01h  1
  46  4.5494606e+05 5.25e-06 2.97e-03  -5.7 3.50e-02    -  9.13e-01 9.00e-01h  1
  47  4.5494602e+05 1.35e-06 2.20e-05  -5.7 1.47e-02    -  1.00e+00 1.00e+00h  1
  48  4.5494602e+05 1.90e-07 2.42e-06  -5.7 2.59e-03    -  1.00e+00 1.00e+00h  1
  49  4.5494598e+05 1.89e-07 2.37e-06  -7.0 2.90e-03    -  1.00e+00 1.00e+00h  1
iter    objective    inf_pr   inf_du lg(mu)  ||d||  lg(rg) alpha_du alpha_pr  ls
  50  4.5494598e+05 3.86e-08 2.46e-07  -7.0 1.08e-03    -  1.00e+00 1.00e+00h  1

Number of Iterations....: 50

                                   (scaled)                 (unscaled)
Objective...............:   5.2627739147000029e+03    4.5494598012943484e+05
Dual infeasibility......:   2.4624114797522942e-07    2.1286572866236049e-05
Constraint violation....:   3.8565251769817621e-08    3.8565251769817621e-08
Variable bound violation:   1.1412289602219516e-07    1.1412289602219516e-07
Complementarity.........:   2.0602440648306314e-07    1.7809994701884356e-05
Overall NLP error.......:   2.4624114797522942e-07    2.1286572866236049e-05


Number of objective function evaluations             = 51
Number of objective gradient evaluations             = 51
Number of equality constraint evaluations            = 51
Number of inequality constraint evaluations          = 51
Number of equality constraint Jacobian evaluations   = 51
Number of inequality constraint Jacobian evaluations = 51
Number of Lagrangian Hessian evaluations             = 50
Total seconds in IPOPT                               = 0.750

EXIT: Optimal Solution Found.

