Solver command line: ['/opt/homebrew/bin/ipopt', '/var/folders/6y/bvynbx6n3zv7z3lwg6vd724r0000gn/T/tmpsob7eqdb.pyomo.nl', '-AMPL', 'tol=1e-06', 'max_iter=300', 'print_level=5']

Ipopt 3.14.19: tol=1e-06
max_iter=300
print_level=5


******************************************************************************
This program contains Ipopt, a library for large-scale nonlinear optimization.
 Ipopt is released as open source code under the Eclipse Public License (EPL).
         For more information visit https://github.com/coin-or/Ipopt
******************************************************************************

This is Ipopt version 3.14.19, running with linear solver MUMPS 5.6.2.

Number of nonzeros in equality constraint Jacobian...:     7543
Number of nonzeros in inequality constraint Jacobian.:     5824
Number of nonzeros in Lagrangian Hessian.............:     4160

Total number of variables............................:     1342
                     variables with only lower bounds:        0
                variables with lower and upper bounds:     1342
                     variables with only upper bounds:        0
Total number of equality constraints.................:     1001
Total number of inequality constraints...............:     1456
        inequality constraints with only lower bounds:        0
   inequality constraints with lower and upper bounds:        0
        inequality constraints with only upper bounds:     1456

iter    objective    inf_pr   inf_du lg(mu)  ||d||  lg(rg) alpha_du alpha_pr  ls
   0  4.5353520e+05 1.16e+01 6.45e+01  -1.0 0.00e+00    -  0.00e+00 0.00e+00   0
   1  4.5273418e+05 1.12e+01 5.94e+01  -1.0 2.19e+00    -  1.20e-01 3.07e-02f  1
   2  4.5174903e+05 9.45e+00 2.67e+02  -1.0 4.22e+00    -  1.14e-01 1.61e-01f  1
   3  4.5140740e+05 6.54e+00 8.45e+02  -1.0 2.46e+01    -  4.97e-01 3.17e-01f  1
   4  4.5274516e+05 2.97e+00 1.31e+03  -1.0 4.34e+01    -  5.04e-01 5.44e-01H  1
   5  4.5324332e+05 2.22e+00 1.02e+03  -1.0 3.51e+01    -  7.36e-01 2.51e-01h  1
   6  4.5391231e+05 1.68e+00 7.91e+02  -1.0 2.85e+01    -  3.33e-01 2.43e-01h  1
   7  4.5577880e+05 4.33e-01 3.18e+02  -1.0 2.29e+01    -  6.78e-01 7.47e-01h  1
   8  4.5590381e+05 3.89e-01 2.86e+02  -1.0 7.71e+00    -  2.23e-01 1.02e-01h  1
   9  4.5726078e+05 5.32e-03 1.49e+01  -1.0 6.95e+00    -  9.90e-01 1.00e+00h  1
iter    objective    inf_pr   inf_du lg(mu)  ||d||  lg(rg) alpha_du alpha_pr  ls
  10  4.5734602e+05 4.67e-04 4.09e+00  -1.0 9.15e-01    -  9.91e-01 1.00e+00h  1
  11  4.5735157e+05 1.12e-05 6.09e-03  -1.0 8.15e-02    -  1.00e+00 1.00e+00h  1
  12  4.5584142e+05 8.38e-03 5.87e+01  -2.5 1.37e+00    -  7.54e-01 8.38e-01f  1
  13  4.5557127e+05 7.50e-03 3.92e+01  -2.5 6.76e-01    -  7.67e-01 2.59e-01f  1
  14  4.5529635e+05 6.45e-03 4.10e+01  -2.5 1.19e+00    -  6.89e-01 3.69e-01f  1
  15  4.5513868e+05 5.34e-03 3.71e+01  -2.5 6.58e-01    -  8.05e-01 3.94e-01f  1
  16  4.5509755e+05 4.10e-03 3.76e+01  -2.5 3.34e-01    -  9.24e-01 2.35e-01h  1
  17  4.5503974e+05 2.03e-03 1.85e+01  -2.5 2.54e-01    -  1.00e+00 5.48e-01h  1
  18  4.5500059e+05 2.82e-04 2.42e-02  -2.5 1.46e-01    -  1.00e+00 1.00e+00h  1
  19  4.5497511e+05 2.30e-04 1.37e+01  -3.8 2.18e-01    -  8.87e-01 4.75e-01h  1
iter    objective    inf_pr   inf_du lg(mu)  ||d||  lg(rg) alpha_du alpha_pr  ls
  20  4.5494947e+05 3.68e-04 1.66e+00  -3.8 1.63e-01    -  7.15e-01 9.57e-01h  1
  21  4.5494902e+05 2.64e-05 5.98e-04  -3.8 4.54e-02    -  1.00e+00 1.00e+00h  1
  22  4.5494630e+05 3.12e-05 2.29e-01  -5.7 3.97e-02    -  8.12e-01 9.18e-01h  1
  23  4.5494605e+05 6.10e-06 5.93e-02  -5.7 1.33e-02    -  8.19e-01 9.02e-01h  1
  24  4.5494602e+05 1.52e-06 2.68e-05  -5.7 7.39e-03    -  1.00e+00 1.00e+00h  1
  25  4.5494602e+05 3.22e-07 3.92e-06  -5.7 3.38e-03    -  1.00e+00 1.00e+00h  1
  26  4.5494598e+05 2.12e-07 2.73e-06  -7.0 2.57e-03    -  1.00e+00 1.00e+00h  1
  27  4.5494598e+05 4.41e-08 3.06e-07  -7.0 1.16e-03    -  1.00e+00 1.00e+00h  1

Number of Iterations....: 27

                                   (scaled)                 (unscaled)
Objective...............:   5.2627739147022212e+03    4.5494598012962658e+05
Dual infeasibility......:   3.0633718123290613e-07    2.6481637141358603e-05
Constraint violation....:   4.4097633988826601e-08    4.4097633988826601e-08
Variable bound violation:   1.1412289602219516e-07    1.1412289602219516e-07
Complementarity.........:   2.2256694843404163e-07    1.9240031994707948e-05
Overall NLP error.......:   3.0633718123290613e-07    2.6481637141358603e-05


Number of objective function evaluations             = 29
Number of objective gradient evaluations             = 28
Number of equality constraint evaluations            = 29
Number of inequality constraint evaluations          = 29
Number of equality constraint Jacobian evaluations   = 28
Number of inequality constraint Jacobian evaluations = 28
Number of Lagrangian Hessian evaluations             = 27
Total seconds in IPOPT                               = 0.475

EXIT: Optimal Solution Found.

