Solver command line: ['/opt/homebrew/bin/ipopt', '/var/folders/6y/bvynbx6n3zv7z3lwg6vd724r0000gn/T/tmp0h378sji.pyomo.nl', '-AMPL', 'tol=1e-06', 'max_iter=300', 'print_level=5']

Ipopt 3.14.19: tol=1e-06
max_iter=300
print_level=5


******************************************************************************
This program contains Ipopt, a library for large-scale nonlinear optimization.
 Ipopt is released as open source code under the Eclipse Public License (EPL).
         For more information visit https://github.com/coin-or/Ipopt
******************************************************************************

This is Ipopt version 3.14.19, running with linear solver MUMPS 5.6.2.

Number of nonzeros in equality constraint Jacobian...:     7543
Number of nonzeros in inequality constraint Jacobian.:     5824
Number of nonzeros in Lagrangian Hessian.............:     4160

Total number of variables............................:     1342
                     variables with only lower bounds:        0
                variables with lower and upper bounds:     1342
                     variables with only upper bounds:        0
Total number of equality constraints.................:     1001
Total number of inequality constraints...............:     1456
        inequality constraints with only lower bounds:        0
   inequality constraints with lower and upper bounds:        0
        inequality constraints with only upper bounds:     1456

iter    objective    inf_pr   inf_du lg(mu)  ||d||  lg(rg) alpha_du alpha_pr  ls
   0  5.0530727e+05 8.06e+00 7.10e+01  -1.0 0.00e+00    -  0.00e+00 0.00e+00   0
   1  4.9477795e+05 7.59e+00 6.68e+01  -1.0 5.51e+00    -  9.12e-02 5.88e-02f  1
   2  4.7905424e+05 6.89e+00 1.21e+02  -1.0 1.37e+01    -  2.04e-01 9.50e-02f  1
   3  4.5520628e+05 5.67e+00 3.92e+02  -1.0 3.38e+01    -  4.05e-01 1.83e-01f  1
   4  4.4133181e+05 4.63e+00 5.46e+02  -1.0 5.36e+01    -  4.79e-01 1.87e-01f  1
   5  4.3545512e+05 3.75e+00 5.88e+02  -1.0 5.00e+01    -  5.28e-01 1.91e-01f  1
   6  4.3532605e+05 3.07e+00 5.41e+02  -1.0 4.13e+01    -  7.63e-01 1.83e-01h  1
   7  4.3654706e+05 2.54e+00 4.86e+02  -1.0 3.56e+01    -  1.20e-01 1.71e-01h  1
   8  4.4009870e+05 1.52e+00 4.35e+02  -1.0 3.13e+01    -  6.59e-01 4.02e-01h  1
   9  4.4158451e+05 1.28e+00 3.73e+02  -1.0 2.15e+01    -  4.76e-01 1.60e-01h  1
iter    objective    inf_pr   inf_du lg(mu)  ||d||  lg(rg) alpha_du alpha_pr  ls
  10  4.4164430e+05 1.27e+00 3.71e+02  -1.0 2.33e+02    -  8.39e-03 5.95e-03h  3
  11  4.4178409e+05 1.26e+00 3.66e+02  -1.0 1.03e+02  -4.0 3.44e-02 1.35e-02h  2
  12  4.4521975e+05 8.55e-01 2.64e+02  -1.0 1.83e+01    -  5.35e-01 3.20e-01h  1
  13  4.4734703e+05 6.77e-01 2.12e+02  -1.0 1.32e+01    -  6.20e-01 2.09e-01h  1
  14  4.5053298e+05 4.55e-01 1.48e+02  -1.0 1.06e+01    -  3.97e-01 3.29e-01h  1
  15  4.5784993e+05 1.02e-02 1.61e+02  -1.0 7.43e+00    -  1.65e-01 1.00e+00h  1
  16  4.5796275e+05 1.85e-03 4.12e+01  -1.0 8.70e-01    -  9.90e-01 1.00e+00h  1
  17  4.5797514e+05 3.44e-05 8.18e-01  -1.0 9.53e-02    -  1.00e+00 1.00e+00h  1
  18  4.5632032e+05 5.68e-03 4.37e+01  -1.7 1.37e+00    -  8.78e-01 9.53e-01f  1
  19  4.5573980e+05 7.57e-03 4.22e+00  -1.7 4.14e-01    -  1.00e+00 8.13e-01f  1
iter    objective    inf_pr   inf_du lg(mu)  ||d||  lg(rg) alpha_du alpha_pr  ls
  20  4.5564213e+05 3.15e-03 7.97e-02  -1.7 3.75e-01    -  1.00e+00 1.00e+00h  1
  21  4.5540047e+05 2.26e-03 6.60e+01  -2.5 5.02e-01    -  8.87e-01 3.51e-01f  1
  22  4.5520417e+05 2.31e-03 5.25e+01  -2.5 4.89e-01    -  1.00e+00 4.25e-01f  1
  23  4.5514483e+05 1.67e-03 4.25e+01  -2.5 2.76e-01    -  1.00e+00 2.89e-01h  1
  24  4.5505496e+05 7.56e-04 1.27e+01  -2.5 2.38e-01    -  1.00e+00 7.09e-01h  1
  25  4.5502331e+05 9.25e-05 9.50e-03  -2.5 8.94e-02    -  1.00e+00 1.00e+00h  1
  26  4.5497773e+05 2.19e-04 8.79e+00  -3.8 2.19e-01    -  8.79e-01 5.98e-01f  1
  27  4.5496485e+05 2.01e-04 6.50e+00  -3.8 1.70e-01    -  6.98e-01 4.55e-01h  1
  28  4.5494988e+05 2.06e-04 1.56e-01  -3.8 1.24e-01    -  1.00e+00 9.82e-01h  1
  29  4.5495008e+05 5.64e-06 4.43e-04  -3.8 2.39e-02    -  1.00e+00 1.00e+00h  1
iter    objective    inf_pr   inf_du lg(mu)  ||d||  lg(rg) alpha_du alpha_pr  ls
  30  4.5494658e+05 3.23e-05 5.18e-02  -5.7 4.42e-02    -  8.50e-01 8.74e-01h  1
  31  4.5494609e+05 8.28e-06 3.63e-02  -5.7 1.51e-02    -  8.17e-01 9.05e-01h  1
  32  4.5494603e+05 1.60e-06 2.32e-05  -5.7 7.58e-03    -  1.00e+00 1.00e+00h  1
  33  4.5494603e+05 3.15e-07 2.82e-06  -5.7 3.34e-03    -  1.00e+00 1.00e+00h  1
  34  4.5494598e+05 2.64e-07 2.62e-06  -7.1 2.94e-03    -  1.00e+00 1.00e+00h  1
  35  4.5494598e+05 5.53e-08 3.31e-07  -7.1 1.30e-03    -  1.00e+00 1.00e+00h  1

Number of Iterations....: 35

                                   (scaled)                 (unscaled)
Objective...............:   3.8677644462430430e+03    4.5494598042120301e+05
Dual infeasibility......:   3.3108782480808889e-07    3.8944221437567452e-05
Constraint violation....:   5.5310481639203601e-08    5.5310481639203601e-08
Variable bound violation:   1.1375540864833056e-07    1.1375540864833056e-07
Complementarity.........:   1.9869367632134260e-07    2.3371353305993481e-05
Overall NLP error.......:   3.3108782480808889e-07    3.8944221437567452e-05


Number of objective function evaluations             = 41
Number of objective gradient evaluations             = 36
Number of equality constraint evaluations            = 41
Number of inequality constraint evaluations          = 41
Number of equality constraint Jacobian evaluations   = 36
Number of inequality constraint Jacobian evaluations = 36
Number of Lagrangian Hessian evaluations             = 35
Total seconds in IPOPT                               = 0.482

EXIT: Optimal Solution Found.

