Solver command line: ['/opt/homebrew/bin/ipopt', '/var/folders/6y/bvynbx6n3zv7z3lwg6vd724r0000gn/T/tmp3hk4xerd.pyomo.nl', '-AMPL', 'tol=1e-06', 'max_iter=300', 'print_level=5', 'warm_start_init_point=yes', 'warm_start_bound_push=1e-06', 'warm_start_bound_frac=1e-06', 'warm_start_mult_bound_push=1e-06', 'mu_init=1e-06', 'least_square_init_duals=no']

Ipopt 3.14.19: tol=1e-06
max_iter=300
print_level=5
warm_start_init_point=yes
warm_start_bound_push=1e-06
warm_start_bound_frac=1e-06
warm_start_mult_bound_push=1e-06
mu_init=1e-06
least_square_init_duals=no


******************************************************************************
This program contains Ipopt, a library for large-scale nonlinear optimization.
 Ipopt is released as open source code under the Eclipse Public License (EPL).
         For more information visit https://github.com/coin-or/Ipopt
******************************************************************************

This is Ipopt version 3.14.19, running with linear solver MUMPS 5.6.2.

Number of nonzeros in equality constraint Jacobian...:     7543
Number of nonzeros in inequality constraint Jacobian.:     5824
Number of nonzeros in Lagrangian Hessian.............:     4160

Total number of variables............................:     1342
                     variables with only lower bounds:        0
                variables with lower and upper bounds:     1342
                     variables with only upper bounds:        0
Total number of equality constraints.................:     1001
Total number of inequality constraints...............:     1456
        inequality constraints with only lower bounds:        0
   inequality constraints with lower and upper bounds:        0
        inequality constraints with only upper bounds:     1456

iter    objective    inf_pr   inf_du lg(mu)  ||d||  lg(rg) alpha_du alpha_pr  ls
   0  5.0530727e+05 8.07e+00 2.88e+03  -6.0 0.00e+00    -  0.00e+00 0.00e+00   0
   1  5.0521138e+05 8.07e+00 2.88e+03  -6.0 1.15e+05    -  1.86e-06 1.86e-06f  1
   2  5.0518546e+05 8.07e+00 2.88e+03  -6.0 5.88e+04    -  8.03e-06 1.88e-06f  1
   3  5.0516173e+05 8.07e+00 2.88e+03  -6.0 9.94e+03    -  2.25e-05 8.73e-06f  1
   4  5.0512607e+05 8.07e+00 2.88e+03  -6.0 4.98e+03    -  7.10e-05 2.39e-05f  1
   5  5.0509758e+05 8.07e+00 2.88e+03  -6.0 5.41e+02    -  1.12e-03 2.15e-05f  1
   6  5.0499837e+05 8.07e+00 2.88e+03  -6.0 7.79e+01    -  1.02e-03 8.15e-05f  1
   7  5.0472021e+05 8.07e+00 2.88e+03  -6.0 7.79e+01    -  5.38e-04 2.35e-04f  1
   8  5.0471460e+05 8.07e+00 2.88e+03  -6.0 7.79e+01    -  1.28e-03 4.85e-06f  1
   9  5.0412200e+05 8.06e+00 2.88e+03  -6.0 7.78e+01    -  2.03e-04 5.33e-04f  1
iter    objective    inf_pr   inf_du lg(mu)  ||d||  lg(rg) alpha_du alpha_pr  ls
  10  5.0411534e+05 8.06e+00 2.88e+03  -6.0 7.77e+01    -  9.76e-05 6.13e-06f  1
  11  5.0349633e+05 8.06e+00 2.88e+03  -6.0 7.76e+01    -  3.38e-05 5.66e-04f  1
  12  5.0347439e+05 8.06e+00 2.88e+03  -6.0 7.75e+01    -  5.69e-04 2.01e-05f  1
  13  5.0318710e+05 8.05e+00 2.87e+03  -6.0 7.70e+01    -  6.79e-04 2.70e-04f  1
  14  5.0298196e+05 8.05e+00 2.87e+03  -6.0 5.83e+01    -  5.42e-03 2.15e-04f  1
  15  5.0224038e+05 8.05e+00 2.87e+03  -6.0 5.82e+01    -  6.51e-04 7.87e-04f  1
  16  5.0061406e+05 8.03e+00 2.87e+03  -6.0 5.73e+01    -  3.59e-03 1.73e-03f  1
  17  5.0044656e+05 8.03e+00 2.87e+03  -6.0 5.72e+01    -  5.03e-03 1.79e-04f  1
  18  5.0009874e+05 8.03e+00 2.86e+03  -6.0 5.72e+01    -  7.11e-04 3.72e-04f  1
  19  4.9946683e+05 8.02e+00 2.86e+03  -6.0 5.72e+01    -  1.70e-02 7.12e-04f  1
iter    objective    inf_pr   inf_du lg(mu)  ||d||  lg(rg) alpha_du alpha_pr  ls
  20  4.9805489e+05 8.01e+00 2.86e+03  -6.0 5.71e+01    -  1.31e-03 1.60e-03f  1
  21  4.9719443e+05 8.00e+00 2.86e+03  -6.0 5.70e+01    -  6.47e-03 9.81e-04f  1
  22  4.9703358e+05 8.00e+00 2.85e+03  -6.0 5.69e+01    -  7.25e-03 1.87e-04f  1
  23  4.9652103e+05 7.99e+00 2.85e+03  -6.0 5.68e+01    -  4.13e-03 6.37e-04f  1
  24  4.9519916e+05 7.98e+00 2.85e+03  -6.0 5.64e+01    -  2.14e-02 1.67e-03f  1
  25  4.9424495e+05 7.97e+00 2.84e+03  -6.0 5.52e+01    -  5.48e-03 1.30e-03f  1
  26  4.9352694e+05 7.96e+00 2.84e+03  -6.0 5.24e+01    -  4.25e-03 1.06e-03f  1
  27  4.9204557e+05 7.94e+00 2.84e+03  -6.0 4.24e+01    -  1.40e-03 2.25e-03f  1
  28  4.9181967e+05 7.94e+00 2.83e+03  -6.0 3.94e+01    -  2.04e-03 3.59e-04f  1
  29  4.9162172e+05 7.94e+00 2.83e+03  -6.0 3.96e+01    -  1.11e-03 3.29e-04f  1
iter    objective    inf_pr   inf_du lg(mu)  ||d||  lg(rg) alpha_du alpha_pr  ls
  30  4.9041568e+05 7.92e+00 2.83e+03  -6.0 3.98e+01    -  5.01e-03 2.12e-03f  1
  31  4.9008730e+05 7.92e+00 2.83e+03  -6.0 4.09e+01    -  3.19e-03 5.74e-04f  1
  32  4.8878432e+05 7.90e+00 2.82e+03  -6.0 3.92e+01    -  1.62e-04 2.32e-03f  1
  33  4.8837910e+05 7.89e+00 2.82e+03  -6.0 4.07e+01    -  4.53e-04 7.14e-04f  1
  34  4.8827476e+05 7.89e+00 2.82e+03  -6.0 4.07e+01    -  5.77e-03 1.85e-04f  1
  35  4.8816861e+05 7.89e+00 2.82e+03  -6.0 3.97e+01    -  2.12e-02 1.91e-04f  1
  36  4.8563676e+05 7.85e+00 2.80e+03  -6.0 4.00e+01    -  6.51e-03 4.61e-03f  1
  37  4.8436948e+05 7.84e+00 2.80e+03  -6.0 4.82e+01    -  1.24e-02 2.35e-03f  1
  38  4.8306438e+05 7.82e+00 2.79e+03  -6.0 5.27e+01    -  2.03e-02 2.45e-03f  1
  39  4.8268709e+05 7.81e+00 2.79e+03  -6.0 5.79e+01    -  2.99e-04 7.22e-04f  1
iter    objective    inf_pr   inf_du lg(mu)  ||d||  lg(rg) alpha_du alpha_pr  ls
  40  4.8096453e+05 7.79e+00 2.78e+03  -6.0 5.89e+01    -  9.01e-04 3.32e-03f  1
  41  4.8059183e+05 7.78e+00 2.78e+03  -6.0 6.64e+01    -  9.11e-03 7.27e-04f  1
  42  4.8046663e+05 7.78e+00 2.78e+03  -6.0 6.59e+01    -  8.39e-03 2.49e-04f  1
  43  4.7867456e+05 7.75e+00 2.77e+03  -6.0 6.60e+01    -  3.77e-02 3.59e-03f  1
  44  4.7692694e+05 7.72e+00 2.76e+03  -6.0 7.21e+01    -  1.33e-02 3.55e-03f  1
  45  4.7654095e+05 7.72e+00 2.75e+03  -6.0 8.16e+01    -  5.38e-03 7.96e-04f  1
  46  4.7390530e+05 7.67e+00 2.74e+03  -6.0 8.29e+01    -  1.28e-02 5.50e-03f  1
  47  4.7375065e+05 7.67e+00 2.74e+03  -6.0 9.30e+01    -  5.64e-03 3.26e-04f  1
  48  4.7236583e+05 7.65e+00 2.73e+03  -6.0 9.37e+01    -  6.07e-04 2.92e-03f  1
  49  4.7174681e+05 7.64e+00 2.73e+03  -6.0 1.20e+02    -  1.45e-02 1.34e-03f  1
iter    objective    inf_pr   inf_du lg(mu)  ||d||  lg(rg) alpha_du alpha_pr  ls
  50  4.7044811e+05 7.62e+00 2.72e+03  -6.0 1.21e+02    -  4.43e-03 2.85e-03f  1
  51  4.6718028e+05 7.56e+00 2.70e+03  -6.0 1.28e+02    -  5.08e-02 7.22e-03f  1
  52  4.6251193e+05 7.48e+00 2.67e+03  -6.0 1.52e+02    -  2.11e-02 1.06e-02f  1
  53  4.6226691e+05 7.48e+00 2.67e+03  -6.0 1.77e+02    -  2.43e-02 5.69e-04f  1
  54  4.5850237e+05 7.41e+00 2.65e+03  -6.0 1.79e+02    -  1.53e-02 8.79e-03f  1
  55  4.5737625e+05 7.39e+00 2.64e+03  -6.0 2.00e+02    -  1.29e-02 2.67e-03f  1
  56  4.5715679e+05 7.39e+00 2.64e+03  -6.0 2.02e+02    -  3.30e-03 5.26e-04f  1
  57  4.5614246e+05 7.37e+00 2.63e+03  -6.0 1.98e+02    -  2.07e-03 2.46e-03f  1
  58  4.5552012e+05 7.36e+00 2.63e+03  -6.0 1.74e+02    -  3.46e-02 1.55e-03f  1
  59  4.5334763e+05 7.31e+00 2.61e+03  -6.0 9.59e+01    -  3.33e-02 6.22e-03f  1
iter    objective    inf_pr   inf_du lg(mu)  ||d||  lg(rg) alpha_du alpha_pr  ls
  60  4.5245307e+05 7.29e+00 2.60e+03  -6.0 3.93e+01    -  4.27e-02 3.57e-03f  1
  61  4.4714388e+05 7.12e+00 2.54e+03  -6.0 3.43e+01    -  7.82e-03 2.31e-02f  1
  62  4.4391785e+05 7.01e+00 2.50e+03  -6.0 3.51e+01    -  9.38e-03 1.47e-02f  1
  63  4.3877596e+05 6.84e+00 2.44e+03  -6.0 3.54e+01    -  1.86e-02 2.45e-02f  1
  64  4.3642220e+05 6.76e+00 2.41e+03  -6.0 3.59e+01    -  3.08e-02 1.20e-02f  1
  65  4.3536441e+05 6.72e+00 2.40e+03  -6.0 3.61e+01    -  2.79e-02 5.63e-03f  1
  66  4.3508530e+05 6.71e+00 2.40e+03  -6.0 3.62e+01    -  9.62e-07 1.48e-03f  1
  67  4.3507933e+05 6.71e+00 2.40e+03  -6.0 3.63e+01    -  2.96e-02 3.22e-05f  1
  68  4.3507771e+05 6.71e+00 2.40e+03  -6.0 3.62e+01    -  1.50e-03 8.79e-06h  1
  69  4.3433661e+05 6.69e+00 2.39e+03  -6.0 3.63e+01    -  1.56e-03 4.02e-03f  1
iter    objective    inf_pr   inf_du lg(mu)  ||d||  lg(rg) alpha_du alpha_pr  ls
  70  4.3432619e+05 6.68e+00 2.39e+03  -6.0 3.62e+01    -  3.64e-02 5.75e-05f  1
  71  4.3429162e+05 6.68e+00 2.39e+03  -6.0 3.62e+01    -  1.59e-03 1.91e-04f  1
  72  4.3429149e+05 6.68e+00 2.39e+03  -6.0 1.82e+02    -  8.32e-04 7.19e-07h  1
  73  4.3381630e+05 6.67e+00 2.38e+03  -6.0 3.62e+01    -  1.34e-03 2.64e-03f  1
  74  4.3351293e+05 6.65e+00 2.38e+03  -6.0 3.62e+01    -  1.92e-03 1.74e-03f  1
  75  4.3351130e+05 6.65e+00 2.38e+03  -6.0 4.18e+01    -  4.91e-03 9.37e-06h  1
  76  4.3336649e+05 6.65e+00 2.37e+03  -6.0 3.62e+01    -  1.72e-03 8.36e-04f  1
  77  4.3336634e+05 6.65e+00 2.37e+03  -6.0 6.98e+02    -  2.13e-04 8.43e-07h  1
  78  4.3277405e+05 6.63e+00 2.37e+03  -6.0 3.61e+01    -  4.31e-04 3.44e-03f  1
  79  4.3277361e+05 6.63e+00 2.37e+03  -6.0 2.05e+03    -  9.48e-05 2.65e-06h  1
iter    objective    inf_pr   inf_du lg(mu)  ||d||  lg(rg) alpha_du alpha_pr  ls
  80  4.3211212e+05 6.60e+00 2.36e+03  -6.0 3.61e+01    -  9.75e-03 3.93e-03f  1
  81  4.3071369e+05 6.54e+00 2.33e+03  -6.0 3.62e+01    -  3.39e-03 9.70e-03f  1
  82  4.3019454e+05 6.51e+00 2.33e+03  -6.0 3.65e+01    -  8.79e-02 3.53e-03f  1
  83  4.2964797e+05 6.49e+00 2.32e+03  -6.0 3.63e+01    -  4.30e-03 3.90e-03f  1
  84  4.2871972e+05 6.44e+00 2.30e+03  -6.0 3.64e+01    -  4.52e-03 6.88e-03f  1
  85  4.2827798e+05 6.42e+00 2.29e+03  -6.0 3.65e+01    -  2.56e-02 3.32e-03f  1
  86  4.2672449e+05 6.34e+00 2.27e+03  -6.0 3.66e+01    -  2.57e-02 1.21e-02f  1
  87  4.2530872e+05 6.27e+00 2.24e+03  -6.0 3.66e+01    -  4.01e-02 1.16e-02f  1
  88  4.2413277e+05 6.20e+00 2.22e+03  -6.0 3.68e+01    -  4.47e-03 1.04e-02f  1
  89  4.2392770e+05 6.19e+00 2.21e+03  -6.0 3.69e+01    -  7.51e-03 1.87e-03f  1
iter    objective    inf_pr   inf_du lg(mu)  ||d||  lg(rg) alpha_du alpha_pr  ls
  90  4.2392331e+05 6.19e+00 2.21e+03  -6.0 3.68e+01    -  1.55e-03 4.21e-05h  1
  91  4.2320722e+05 6.15e+00 2.20e+03  -6.0 3.68e+01    -  1.46e-04 6.99e-03f  1
  92  4.2300490e+05 6.14e+00 2.19e+03  -6.0 3.69e+01    -  9.72e-04 1.99e-03f  1
  93  4.2238468e+05 6.10e+00 2.18e+03  -6.0 3.69e+01    -  8.82e-03 6.16e-03f  1
  94  4.2116291e+05 6.02e+00 2.15e+03  -6.0 3.70e+01    -  2.15e-02 1.26e-02f  1
  95  4.2100057e+05 6.01e+00 2.15e+03  -6.0 3.72e+01    -  8.93e-03 1.72e-03f  1
  96  4.2092183e+05 6.01e+00 2.15e+03  -6.0 3.72e+01    -  2.28e-02 8.39e-04f  1
  97  4.2023904e+05 5.96e+00 2.13e+03  -6.0 3.91e+01    -  2.44e-03 7.18e-03f  1
  98  4.2016811e+05 5.96e+00 2.13e+03  -6.0 3.79e+01    -  3.05e-03 7.81e-04f  1
  99  4.1916219e+05 5.89e+00 2.10e+03  -6.0 3.80e+01    -  5.56e-03 1.12e-02f  1
iter    objective    inf_pr   inf_du lg(mu)  ||d||  lg(rg) alpha_du alpha_pr  ls
 100  4.1908523e+05 5.89e+00 2.10e+03  -6.0 3.82e+01    -  1.52e-02 9.05e-04f  1
 101  4.1878481e+05 5.86e+00 2.09e+03  -6.0 3.74e+01    -  2.18e-03 5.33e-03f  1
 102  4.1878117e+05 5.86e+00 2.09e+03  -6.0 3.75e+01    -  2.29e-02 6.48e-05h  1
 103  4.1848687e+05 5.82e+00 2.08e+03  -6.0 3.75e+01    -  9.88e-04 5.36e-03f  1
 104  4.1840354e+05 5.82e+00 2.08e+03  -6.0 3.75e+01    -  9.76e-02 1.52e-03f  1
 105  4.1810679e+05 5.78e+00 2.07e+03  -6.0 3.74e+01    -  1.86e-03 5.58e-03f  1
 106  4.1791665e+05 5.76e+00 2.06e+03  -6.0 3.75e+01    -  6.69e-03 3.65e-03f  1
 107  4.1708592e+05 5.67e+00 2.02e+03  -6.0 3.75e+01    -  1.78e-02 1.67e-02f  1
 108  4.1704071e+05 5.66e+00 2.02e+03  -6.0 3.76e+01    -  1.58e-02 9.72e-04f  1
 109  4.1702073e+05 5.66e+00 2.02e+03  -6.0 3.76e+01    -  4.26e-03 4.39e-04f  1
iter    objective    inf_pr   inf_du lg(mu)  ||d||  lg(rg) alpha_du alpha_pr  ls
 110  4.1690624e+05 5.64e+00 2.02e+03  -6.0 3.76e+01    -  1.31e-03 2.54e-03f  1
 111  4.1684980e+05 5.64e+00 2.01e+03  -6.0 3.76e+01    -  2.08e-04 1.25e-03f  1
 112  4.1680121e+05 5.63e+00 2.01e+03  -6.0 3.76e+01    -  1.09e-03 1.08e-03f  1
 113  4.1672788e+05 5.62e+00 2.01e+03  -6.0 3.77e+01    -  3.90e-02 1.64e-03f  1
 114  4.1660211e+05 5.60e+00 2.00e+03  -6.0 3.76e+01    -  1.75e-02 2.86e-03f  1
 115  4.1603810e+05 5.53e+00 1.98e+03  -6.0 3.76e+01    -  4.89e-03 1.31e-02f  1
 116  4.1580738e+05 5.50e+00 1.96e+03  -6.0 3.76e+01    -  1.76e-02 5.60e-03f  1
 117  4.1550957e+05 5.46e+00 1.95e+03  -6.0 3.75e+01    -  1.02e-02 7.69e-03f  1
 118  4.1537645e+05 5.44e+00 1.94e+03  -6.0 3.75e+01    -  1.88e-01 3.73e-03f  1
 119  4.1484647e+05 5.35e+00 1.91e+03  -6.0 3.75e+01    -  2.19e-02 1.59e-02f  1
iter    objective    inf_pr   inf_du lg(mu)  ||d||  lg(rg) alpha_du alpha_pr  ls
 120  4.1427421e+05 5.25e+00 1.88e+03  -6.0 3.75e+01    -  1.70e-02 1.85e-02f  1
 121  4.1421813e+05 5.24e+00 1.87e+03  -6.0 3.76e+01    -  2.60e-02 1.88e-03f  1
 122  4.1404130e+05 5.21e+00 1.86e+03  -6.0 3.76e+01    -  6.84e-03 6.20e-03f  1
 123  4.1386849e+05 5.18e+00 1.85e+03  -6.0 3.76e+01    -  1.31e-02 6.58e-03f  1
 124  4.1377690e+05 5.15e+00 1.84e+03  -6.0 3.76e+01    -  6.09e-03 3.91e-03f  1
 125  4.1359790e+05 5.11e+00 1.83e+03  -6.0 3.76e+01    -  1.47e-02 7.89e-03f  1
 126  4.1349776e+05 5.09e+00 1.82e+03  -6.0 3.77e+01    -  1.59e-02 4.89e-03f  1
 127  4.1342717e+05 5.04e+00 1.80e+03  -6.0 3.77e+01    -  1.01e-02 9.12e-03h  1
 128  4.1342082e+05 5.04e+00 1.80e+03  -6.0 3.77e+01    -  1.52e-02 9.01e-04h  1
 129  4.1327556e+05 4.92e+00 1.76e+03  -6.0 3.77e+01    -  4.51e-03 2.27e-02f  1
iter    objective    inf_pr   inf_du lg(mu)  ||d||  lg(rg) alpha_du alpha_pr  ls
 130  4.1327407e+05 4.92e+00 1.76e+03  -6.0 3.76e+01    -  7.50e-05 2.75e-04h  1
 131  4.1327381e+05 4.92e+00 1.76e+03  -6.0 3.75e+01    -  2.70e-02 4.59e-05h  1
 132  4.1324357e+05 4.89e+00 1.75e+03  -6.0 3.76e+01    -  2.78e-04 5.80e-03h  1
 133  4.1324008e+05 4.89e+00 1.75e+03  -6.0 3.76e+01    -  5.92e-03 7.73e-04h  1
 134  4.1318783e+05 4.83e+00 1.72e+03  -6.0 3.76e+01    -  8.81e-03 1.31e-02h  1
 135  4.1317981e+05 4.82e+00 1.72e+03  -6.0 3.74e+01    -  9.65e-03 2.01e-03h  1
 136  4.1317728e+05 4.81e+00 1.72e+03  -6.0 3.73e+01    -  3.43e-04 6.85e-04h  1
 137  4.1316992e+05 4.80e+00 1.72e+03  -6.0 3.73e+01    -  4.16e-04 2.13e-03h  1
 138  4.1316834e+05 4.80e+00 1.72e+03  -6.0 3.73e+01    -  2.20e-04 4.74e-04h  1
 139  4.1316473e+05 4.80e+00 1.71e+03  -6.0 3.73e+01    -  5.96e-04 1.10e-03h  1
iter    objective    inf_pr   inf_du lg(mu)  ||d||  lg(rg) alpha_du alpha_pr  ls
 140  4.1316445e+05 4.79e+00 1.71e+03  -6.0 3.72e+01    -  7.50e-04 1.00e-04h  1
 141  4.1316045e+05 4.79e+00 1.71e+03  -6.0 3.72e+01    -  6.59e-04 1.44e-03h  1
 142  4.1315185e+05 4.77e+00 1.71e+03  -6.0 3.72e+01    -  5.38e-03 3.43e-03h  1
 143  4.1315819e+05 4.76e+00 1.70e+03  -6.0 3.72e+01    -  6.60e-03 1.72e-03h  1
 144  4.1316016e+05 4.76e+00 1.70e+03  -6.0 3.74e+01    -  2.66e-02 4.86e-04h  1
 145  4.1319257e+05 4.72e+00 1.69e+03  -6.0 3.74e+01    -  2.08e-02 7.62e-03h  1
 146  4.1324388e+05 4.67e+00 1.67e+03  -6.0 3.73e+01    -  6.35e-03 1.10e-02h  1
 147  4.1335307e+05 4.58e+00 1.64e+03  -6.0 3.72e+01    -  1.42e-02 1.96e-02h  1
 148  4.1345940e+05 4.50e+00 1.61e+03  -6.0 3.71e+01    -  1.21e-02 1.69e-02h  1
 149  4.1348455e+05 4.49e+00 1.60e+03  -6.0 3.69e+01    -  9.45e-03 3.76e-03h  1
iter    objective    inf_pr   inf_du lg(mu)  ||d||  lg(rg) alpha_du alpha_pr  ls
 150  4.1389451e+05 4.28e+00 1.53e+03  -6.0 3.69e+01    -  4.36e-02 4.50e-02h  1
 151  4.1389905e+05 4.28e+00 1.53e+03  -6.0 3.64e+01    -  1.61e-02 4.66e-04h  1
 152  4.1396057e+05 4.26e+00 1.52e+03  -6.0 3.64e+01    -  3.98e-02 6.08e-03h  1
 153  4.1421425e+05 4.15e+00 1.49e+03  -6.0 3.63e+01    -  6.56e-02 2.42e-02h  1
 154  4.1430037e+05 4.12e+00 1.48e+03  -6.0 3.59e+01    -  4.05e-02 7.56e-03h  1
 155  4.1446106e+05 4.07e+00 1.46e+03  -6.0 3.58e+01    -  9.73e-02 1.33e-02h  1
 156  4.1449844e+05 4.06e+00 1.45e+03  -6.0 3.56e+01    -  2.65e-02 3.06e-03h  1
 157  4.1473766e+05 3.98e+00 1.42e+03  -6.0 3.56e+01    -  3.55e-02 1.91e-02h  1
 158  4.1479809e+05 3.96e+00 1.42e+03  -6.0 3.53e+01    -  4.86e-02 4.37e-03h  1
 159  4.1492178e+05 3.93e+00 1.41e+03  -6.0 3.52e+01    -  1.24e-02 8.79e-03h  1
iter    objective    inf_pr   inf_du lg(mu)  ||d||  lg(rg) alpha_du alpha_pr  ls
 160  4.1513829e+05 3.87e+00 1.38e+03  -6.0 3.51e+01    -  2.69e-02 1.52e-02h  1
 161  4.1523626e+05 3.84e+00 1.37e+03  -6.0 3.49e+01    -  4.13e-02 6.81e-03h  1
 162  4.1531255e+05 3.82e+00 1.37e+03  -6.0 3.48e+01    -  1.38e-02 5.27e-03h  1
 163  4.1535281e+05 3.81e+00 1.36e+03  -6.0 3.47e+01    -  7.16e-02 2.76e-03h  1
 164  4.1564854e+05 3.73e+00 1.34e+03  -6.0 3.46e+01    -  1.72e-02 1.98e-02h  1
 165  4.1583736e+05 3.69e+00 1.32e+03  -6.0 3.43e+01    -  6.49e-02 1.25e-02h  1
 166  4.1653463e+05 3.52e+00 1.26e+03  -6.0 3.41e+01    -  7.38e-02 4.41e-02h  1
 167  4.1753096e+05 3.31e+00 1.19e+03  -6.0 3.51e+01    -  1.39e-01 6.10e-02h  1
 168  4.1774698e+05 3.26e+00 1.17e+03  -6.0 3.86e+01    -  2.51e-01 1.33e-02h  1
 169  4.1775150e+05 3.26e+00 1.17e+03  -6.0 3.20e+01    -  5.80e-02 2.61e-04h  1
iter    objective    inf_pr   inf_du lg(mu)  ||d||  lg(rg) alpha_du alpha_pr  ls
 170  4.1794987e+05 3.23e+00 1.16e+03  -6.0 3.20e+01    -  5.44e-03 1.10e-02h  1
 171  4.1796164e+05 3.23e+00 1.16e+03  -6.0 3.18e+01    -  5.11e-02 6.59e-04h  1
 172  4.1851362e+05 3.13e+00 1.12e+03  -6.0 3.17e+01    -  1.23e-03 3.05e-02h  1
 173  4.1851751e+05 3.13e+00 1.12e+03  -6.0 5.62e+01    -  8.38e-03 2.11e-04h  1
 174  4.1909806e+05 3.03e+00 1.09e+03  -6.0 3.12e+01    -  1.21e-02 3.12e-02h  1
 175  4.1929113e+05 3.00e+00 1.08e+03  -6.0 3.06e+01    -  3.97e-02 1.05e-02h  1
 176  4.1977420e+05 2.92e+00 1.05e+03  -6.0 3.04e+01    -  1.39e-02 2.62e-02h  1
 177  4.2005874e+05 2.87e+00 1.03e+03  -6.0 2.99e+01    -  2.87e-02 1.55e-02h  1
 178  4.2087649e+05 2.75e+00 9.90e+02  -6.0 2.96e+01    -  2.50e-02 4.44e-02h  1
 179  4.2104919e+05 2.72e+00 9.81e+02  -6.0 2.87e+01    -  6.37e-02 9.59e-03h  1
iter    objective    inf_pr   inf_du lg(mu)  ||d||  lg(rg) alpha_du alpha_pr  ls
 180  4.2131676e+05 2.68e+00 9.68e+02  -6.0 2.85e+01    -  3.49e-02 1.34e-02h  1
 181  4.2132082e+05 2.68e+00 9.68e+02  -6.0 2.82e+01    -  1.28e-01 2.05e-04h  1
 182  4.2184502e+05 2.61e+00 9.43e+02  -6.0 2.82e+01    -  1.71e-01 2.58e-02h  1
 183  4.2370670e+05 2.38e+00 8.63e+02  -6.0 2.77e+01    -  1.64e-01 8.98e-02h  1
 184  4.2543052e+05 2.17e+00 7.93e+02  -6.0 2.60e+01    -  7.69e-02 8.57e-02h  1
 185  4.2566476e+05 2.15e+00 7.83e+02  -6.0 2.43e+01    -  1.42e-03 1.20e-02h  1
 186  4.2570130e+05 2.15e+00 7.82e+02  -6.0 2.41e+01    -  1.34e-01 1.69e-03h  1
 187  4.2682608e+05 2.03e+00 7.42e+02  -6.0 2.40e+01    -  1.82e-02 5.20e-02h  1
 188  4.2804124e+05 1.92e+00 7.00e+02  -6.0 2.31e+01    -  3.89e-01 5.77e-02h  1
 189  4.2839302e+05 1.88e+00 6.87e+02  -6.0 2.20e+01    -  1.24e-01 1.80e-02h  1
iter    objective    inf_pr   inf_du lg(mu)  ||d||  lg(rg) alpha_du alpha_pr  ls
 190  4.2952111e+05 1.77e+00 6.48e+02  -6.0 2.17e+01    -  4.97e-01 5.76e-02h  1
 191  4.3067861e+05 1.67e+00 6.08e+02  -6.0 2.07e+01    -  6.46e-02 5.96e-02h  1
 192  4.3164179e+05 1.58e+00 5.77e+02  -6.0 1.97e+01    -  4.02e-01 5.10e-02h  1
 193  4.3285031e+05 1.48e+00 5.38e+02  -6.0 1.89e+01    -  1.64e-01 6.54e-02h  1
 194  4.3632544e+05 1.20e+00 4.21e+02  -6.0 1.78e+01    -  2.41e-01 1.90e-01h  1
 195  4.3788314e+05 1.08e+00 3.78e+02  -6.0 1.49e+01    -  3.25e-01 9.75e-02h  1
 196  4.3788334e+05 1.08e+00 3.78e+02  -6.0 1.37e+01    -  5.15e-03 1.30e-05h  1
 197  4.4416339e+05 6.51e-01 1.97e+02  -6.0 1.37e+01    -  6.00e-02 3.97e-01h  1
 198  4.4485882e+05 6.07e-01 1.84e+02  -6.0 8.76e+00    -  1.22e-01 6.78e-02h  1
 199  4.4719748e+05 4.60e-01 1.38e+02  -6.0 8.19e+00    -  9.17e-02 2.41e-01h  1
iter    objective    inf_pr   inf_du lg(mu)  ||d||  lg(rg) alpha_du alpha_pr  ls
 200  4.4823028e+05 3.97e-01 1.19e+02  -6.0 6.33e+00    -  1.53e-02 1.37e-01h  1
 201  4.5111491e+05 2.23e-01 6.57e+01  -6.0 5.48e+00    -  2.65e-01 4.38e-01h  1
 202  4.5302892e+05 1.11e-01 3.23e+01  -6.0 3.17e+00    -  1.39e-03 5.05e-01h  1
 203  4.5350025e+05 8.31e-02 2.43e+01  -6.0 1.59e+00    -  3.88e-01 2.48e-01h  1
 204  4.5475339e+05 1.10e-02 3.19e+00  -6.0 1.20e+00    -  3.02e-01 8.68e-01h  1
 205  4.5485090e+05 5.38e-03 1.56e+00  -6.0 4.52e-01    -  8.53e-01 5.11e-01h  1
 206  4.5494599e+05 8.41e-06 1.92e-01  -6.0 1.64e-01    -  5.75e-01 1.00e+00h  1
 207  4.5494601e+05 9.60e-08 1.43e-06  -6.0 2.14e-02    -  1.00e+00 1.00e+00h  1
 208  4.5494601e+05 4.91e-12 2.48e-11  -6.0 1.31e-05    -  1.00e+00 1.00e+00h  1
 209  4.5494598e+05 9.96e-08 8.51e-07  -7.1 1.63e-03    -  1.00e+00 1.00e+00f  1

Number of Iterations....: 209

                                   (scaled)                 (unscaled)
Objective...............:   3.8677644463012725e+03    4.5494598042805231e+05
Dual infeasibility......:   8.5139728774539494e-07    1.0014564722976465e-04
Constraint violation....:   9.9627501748411618e-08    9.9627501748411618e-08
Variable bound violation:   1.1375540864833056e-07    1.1375540864833056e-07
Complementarity.........:   2.8965485827561345e-07    3.4070666741343469e-05
Overall NLP error.......:   8.5139728774539494e-07    1.0014564722976465e-04


Number of objective function evaluations             = 210
Number of objective gradient evaluations             = 210
Number of equality constraint evaluations            = 210
Number of inequality constraint evaluations          = 211
Number of equality constraint Jacobian evaluations   = 210
Number of inequality constraint Jacobian evaluations = 210
Number of Lagrangian Hessian evaluations             = 209
Total seconds in IPOPT                               = 2.611

EXIT: Optimal Solution Found.

