Solver command line: ['/opt/homebrew/bin/ipopt', '/var/folders/6y/bvynbx6n3zv7z3lwg6vd724r0000gn/T/tmpt3cyavb8.pyomo.nl', '-AMPL', 'tol=1e-06', 'max_iter=300', 'print_level=5']

Ipopt 3.14.19: tol=1e-06
max_iter=300
print_level=5


******************************************************************************
This program contains Ipopt, a library for large-scale nonlinear optimization.
 Ipopt is released as open source code under the Eclipse Public License (EPL).
         For more information visit https://github.com/coin-or/Ipopt
******************************************************************************

This is Ipopt version 3.14.19, running with linear solver MUMPS 5.6.2.

Number of nonzeros in equality constraint Jacobian...:     7543
Number of nonzeros in inequality constraint Jacobian.:     5824
Number of nonzeros in Lagrangian Hessian.............:     4160

Total number of variables............................:     1342
                     variables with only lower bounds:        0
                variables with lower and upper bounds:     1342
                     variables with only upper bounds:        0
Total number of equality constraints.................:     1001
Total number of inequality constraints...............:     1456
        inequality constraints with only lower bounds:        0
   inequality constraints with lower and upper bounds:        0
        inequality constraints with only upper bounds:     1456

iter    objective    inf_pr   inf_du lg(mu)  ||d||  lg(rg) alpha_du alpha_pr  ls
   0  5.0530727e+05 2.47e+01 1.41e+01  -1.0 0.00e+00    -  0.00e+00 0.00e+00   0
   1  5.0384553e+05 2.41e+01 1.76e+02  -1.0 7.45e+00   2.0 3.54e-02 2.44e-02f  1
   2  5.0312540e+05 2.38e+01 2.78e+02  -1.0 7.09e+00   2.4 8.20e-02 1.21e-02f  1
   3  5.0141556e+05 2.31e+01 4.51e+02  -1.0 6.94e+00   1.9 1.55e-01 2.89e-02f  1
   4  4.9538020e+05 2.08e+01 9.40e+02  -1.0 6.62e+00   1.5 1.31e-01 1.02e-01f  1
   5  4.9308263e+05 1.98e+01 1.16e+03  -1.0 5.43e+00   1.9 2.12e-01 4.76e-02f  1
   6  4.8734196e+05 1.75e+01 1.27e+03  -1.0 4.96e+00   1.4 1.09e-01 1.15e-01f  1
   7  4.8484070e+05 1.63e+01 1.49e+03  -1.0 3.94e+00   1.8 4.94e-01 6.81e-02f  1
   8  4.8365976e+05 1.57e+01 1.72e+03  -1.0 3.45e+00   2.3 3.42e-01 3.94e-02f  1
   9  4.7895753e+05 1.28e+01 2.41e+03  -1.0 3.20e+00   1.8 4.20e-01 1.80e-01f  1
iter    objective    inf_pr   inf_du lg(mu)  ||d||  lg(rg) alpha_du alpha_pr  ls
  10  4.7698404e+05 1.13e+01 3.06e+03  -1.0 2.16e+00   2.2 7.82e-01 1.18e-01f  1
  11  4.7527208e+05 9.95e+00 2.47e+03  -1.0 1.70e+00   1.7 1.72e-01 1.21e-01f  1
  12  4.7471812e+05 9.36e+00 2.36e+03  -1.0 1.37e+00   2.2 3.12e-01 6.00e-02f  1
  13  4.7333375e+05 7.96e+00 1.57e+03  -1.0 2.08e+00   1.7 2.35e-01 1.50e-01f  1
  14  4.7304902e+05 7.54e+00 1.48e+03  -1.0 1.67e+00   2.1 1.48e-01 5.28e-02h  1
  15  4.7200273e+05 6.14e+00 5.44e+02  -1.0 1.88e+00   1.6 3.25e-01 1.86e-01f  1
  16  4.7174633e+05 5.42e+00 4.35e+02  -1.0 1.46e+00   2.1 1.67e-01 1.17e-01h  1
  17  4.7144144e+05 4.72e+00 3.43e+02  -1.0 1.29e+00   1.6 1.98e-02 1.28e-01f  1
  18  4.7142029e+05 4.40e+00 3.24e+02  -1.0 1.09e+00   2.0 2.98e-01 6.88e-02h  1
  19  4.7108326e+05 3.23e+00 7.95e+02  -1.0 1.01e+00   1.5 2.97e-01 2.66e-01h  1
iter    objective    inf_pr   inf_du lg(mu)  ||d||  lg(rg) alpha_du alpha_pr  ls
  20  4.7116170e+05 2.90e+00 7.69e+02  -1.0 7.06e-01   2.0 4.38e-01 1.00e-01h  1
  21  4.7107516e+05 2.33e+00 7.78e+02  -1.0 7.05e-01   1.5 7.84e-02 1.98e-01f  1
  22  4.7123618e+05 2.01e+00 7.21e+02  -1.0 1.01e+00   1.9 4.54e-01 1.36e-01h  1
  23  4.7094855e+05 1.25e+00 7.36e+02  -1.0 6.04e-01   1.4 6.66e-01 3.75e-01f  1
  24  4.7103306e+05 1.01e+00 6.29e+02  -1.0 3.05e-01   1.9 9.91e-01 1.96e-01h  1
  25  4.7033649e+05 4.02e-01 4.45e+02  -1.0 4.43e-01   1.4 8.37e-01 5.97e-01f  1
  26  4.6801257e+05 2.49e-01 3.33e+02  -1.0 7.01e-01   0.9 5.80e-01 3.81e-01f  1
  27  4.6740304e+05 1.82e-01 2.48e+02  -1.0 3.61e-01   1.3 9.82e-01 2.67e-01f  1
  28  4.6649602e+05 1.45e-01 1.97e+02  -1.0 6.02e-01   0.9 4.33e-01 2.03e-01f  1
  29  4.6423106e+05 1.07e-01 1.58e+02  -1.0 2.10e+00   0.4 3.37e-01 2.53e-01f  1
iter    objective    inf_pr   inf_du lg(mu)  ||d||  lg(rg) alpha_du alpha_pr  ls
  30  4.6336696e+05 7.92e-02 1.15e+02  -1.0 7.45e-01   0.8 1.00e+00 2.59e-01f  1
  31  4.6230739e+05 6.06e-02 8.58e+01  -1.0 8.20e-01   0.3 7.60e-01 2.33e-01f  1
  32  4.6122786e+05 1.06e-02 9.85e+01  -1.0 2.80e-01   0.8 1.00e+00 8.15e-01f  1
  33  4.6086166e+05 8.64e-04 7.28e+00  -1.0 8.34e-02   1.2 1.00e+00 1.00e+00f  1
  34  4.6007617e+05 1.30e-03 8.02e+00  -1.0 2.15e-01   0.7 1.00e+00 9.68e-01f  1
  35  4.5934441e+05 1.48e-03 4.15e+00  -1.0 5.98e-01   0.2 1.00e+00 6.16e-01f  1
  36  4.5870505e+05 7.97e-03 8.26e+00  -1.0 1.16e+00  -0.2 1.00e+00 4.10e-01f  1
  37  4.5843009e+05 1.12e-03 1.02e+01  -1.0 1.42e+00  -0.7 1.00e+00 2.49e-01f  1
  38  4.5796971e+05 5.22e-02 4.42e+01  -1.0 2.27e+00  -1.2 1.66e-01 1.00e+00f  1
  39  4.5797499e+05 7.97e-02 1.82e+01  -1.0 2.04e+00  -0.8 2.64e-01 6.84e-01h  1
iter    objective    inf_pr   inf_du lg(mu)  ||d||  lg(rg) alpha_du alpha_pr  ls
  40  4.5795844e+05 1.29e-01 1.31e+01  -1.0 6.11e+00    -  7.24e-01 3.87e-01f  1
  41  4.5797410e+05 8.73e-02 5.42e+00  -1.0 2.36e+00    -  1.00e+00 9.34e-01h  1
  42  4.5798096e+05 1.04e-03 5.23e-02  -1.0 1.65e+00    -  1.00e+00 1.00e+00h  1
  43  4.5632058e+05 5.78e-03 4.51e+01  -1.7 6.88e-01    -  8.76e-01 9.54e-01f  1
  44  4.5573971e+05 7.61e-03 4.14e+00  -1.7 4.25e-01    -  1.00e+00 8.15e-01f  1
  45  4.5564201e+05 3.12e-03 7.94e-02  -1.7 3.05e-01    -  1.00e+00 1.00e+00h  1
  46  4.5540052e+05 2.24e-03 6.60e+01  -2.5 4.18e-01    -  8.87e-01 3.51e-01f  1
  47  4.5520418e+05 2.31e-03 5.25e+01  -2.5 4.89e-01    -  1.00e+00 4.26e-01f  1
  48  4.5514484e+05 1.66e-03 4.25e+01  -2.5 3.50e-01    -  1.00e+00 2.89e-01h  1
  49  4.5505498e+05 7.54e-04 1.28e+01  -2.5 2.24e-01    -  1.00e+00 7.09e-01h  1
iter    objective    inf_pr   inf_du lg(mu)  ||d||  lg(rg) alpha_du alpha_pr  ls
  50  4.5502331e+05 9.26e-05 9.52e-03  -2.5 1.07e-01    -  1.00e+00 1.00e+00h  1
  51  4.5497773e+05 2.19e-04 8.79e+00  -3.8 2.19e-01    -  8.79e-01 5.98e-01f  1
  52  4.5496485e+05 2.01e-04 6.50e+00  -3.8 1.47e-01    -  6.98e-01 4.55e-01h  1
  53  4.5494988e+05 2.06e-04 1.56e-01  -3.8 1.02e-01    -  1.00e+00 9.82e-01f  1
  54  4.5495008e+05 5.64e-06 4.43e-04  -3.8 2.56e-02    -  1.00e+00 1.00e+00h  1
  55  4.5494658e+05 3.23e-05 5.18e-02  -5.7 5.09e-02    -  8.50e-01 8.74e-01h  1
  56  4.5494609e+05 8.28e-06 3.63e-02  -5.7 2.85e-02    -  8.17e-01 9.05e-01h  1
  57  4.5494603e+05 1.60e-06 2.32e-05  -5.7 1.22e-02    -  1.00e+00 1.00e+00h  1
  58  4.5494603e+05 3.15e-07 2.82e-06  -5.7 3.34e-03    -  1.00e+00 1.00e+00h  1
  59  4.5494598e+05 2.64e-07 2.62e-06  -7.1 2.94e-03    -  1.00e+00 1.00e+00h  1
iter    objective    inf_pr   inf_du lg(mu)  ||d||  lg(rg) alpha_du alpha_pr  ls
  60  4.5494598e+05 5.53e-08 3.31e-07  -7.1 1.30e-03    -  1.00e+00 1.00e+00h  1

Number of Iterations....: 60

                                   (scaled)                 (unscaled)
Objective...............:   3.8677644462430376e+03    4.5494598042120237e+05
Dual infeasibility......:   3.3108515449931770e-07    3.8943907342368838e-05
Constraint violation....:   5.5310522717455513e-08    5.5310522717455513e-08
Variable bound violation:   1.1375540864833056e-07    1.1375540864833056e-07
Complementarity.........:   1.9869376174475822e-07    2.3371363353926883e-05
Overall NLP error.......:   3.3108515449931770e-07    3.8943907342368838e-05


Number of objective function evaluations             = 61
Number of objective gradient evaluations             = 61
Number of equality constraint evaluations            = 61
Number of inequality constraint evaluations          = 61
Number of equality constraint Jacobian evaluations   = 61
Number of inequality constraint Jacobian evaluations = 61
Number of Lagrangian Hessian evaluations             = 60
Total seconds in IPOPT                               = 0.911

EXIT: Optimal Solution Found.

