Solver command line: ['/opt/homebrew/bin/ipopt', '/var/folders/6y/bvynbx6n3zv7z3lwg6vd724r0000gn/T/tmpaixzawgq.pyomo.nl', '-AMPL', 'tol=1e-06', 'max_iter=300', 'print_level=5', 'warm_start_init_point=yes', 'warm_start_bound_push=1e-06', 'warm_start_bound_frac=1e-06', 'warm_start_mult_bound_push=1e-06', 'mu_init=1e-06', 'least_square_init_duals=no']

Ipopt 3.14.19: tol=1e-06
max_iter=300
print_level=5
warm_start_init_point=yes
warm_start_bound_push=1e-06
warm_start_bound_frac=1e-06
warm_start_mult_bound_push=1e-06
mu_init=1e-06
least_square_init_duals=no


******************************************************************************
This program contains Ipopt, a library for large-scale nonlinear optimization.
 Ipopt is released as open source code under the Eclipse Public License (EPL).
         For more information visit https://github.com/coin-or/Ipopt
******************************************************************************

This is Ipopt version 3.14.19, running with linear solver MUMPS 5.6.2.

Number of nonzeros in equality constraint Jacobian...:     7543
Number of nonzeros in inequality constraint Jacobian.:     5824
Number of nonzeros in Lagrangian Hessian.............:     4160

Total number of variables............................:     1342
                     variables with only lower bounds:        0
                variables with lower and upper bounds:     1342
                     variables with only upper bounds:        0
Total number of equality constraints.................:     1001
Total number of inequality constraints...............:     1456
        inequality constraints with only lower bounds:        0
   inequality constraints with lower and upper bounds:        0
        inequality constraints with only upper bounds:     1456

iter    objective    inf_pr   inf_du lg(mu)  ||d||  lg(rg) alpha_du alpha_pr  ls
   0  4.5494584e+05 2.47e+01 6.59e+02  -6.0 0.00e+00    -  0.00e+00 0.00e+00   0
   1  4.5488015e+05 2.45e+01 6.54e+02  -6.0 7.45e+00    -  4.63e-03 7.17e-03h  1
   2  4.5469980e+05 2.40e+01 6.41e+02  -6.0 7.34e+00    -  4.64e-02 1.99e-02f  1
   3  4.5469153e+05 2.40e+01 6.40e+02  -6.0 7.05e+00    -  4.27e-02 9.40e-04h  1
   4  4.5457040e+05 2.37e+01 6.31e+02  -6.0 7.04e+00    -  5.70e-03 1.38e-02f  1
   5  4.5454656e+05 2.36e+01 6.30e+02  -6.0 6.84e+00    -  2.50e-01 2.78e-03h  1
   6  4.5447053e+05 2.34e+01 6.24e+02  -6.0 6.80e+00    -  4.05e-02 8.90e-03h  1
   7  4.5415286e+05 2.25e+01 6.00e+02  -6.0 6.68e+00    -  1.50e-01 3.78e-02f  1
   8  4.5397034e+05 2.20e+01 5.86e+02  -6.0 6.18e+00    -  1.17e-01 2.30e-02f  1
   9  4.5360821e+05 2.09e+01 5.57e+02  -6.0 5.90e+00    -  4.36e-01 4.71e-02f  1
iter    objective    inf_pr   inf_du lg(mu)  ||d||  lg(rg) alpha_du alpha_pr  ls
  10  4.5359020e+05 2.09e+01 5.56e+02  -6.0 5.42e+00    -  4.37e-01 2.52e-03h  1
  11  4.5333291e+05 2.01e+01 5.35e+02  -6.0 5.39e+00    -  2.04e-01 3.65e-02f  1
  12  4.5327268e+05 1.99e+01 5.30e+02  -6.0 5.07e+00    -  1.07e-01 9.43e-03h  1
  13  4.5324989e+05 1.97e+01 5.26e+02  -6.0 5.13e+00    -  1.36e-01 7.67e-03h  1
  14  4.5321164e+05 1.88e+01 5.00e+02  -6.0 5.05e+00    -  2.47e-01 4.84e-02h  1
  15  4.5321462e+05 1.81e+01 4.82e+02  -6.0 4.63e+00    -  1.75e-01 3.70e-02h  1
  16  4.5322866e+05 1.75e+01 4.65e+02  -6.0 4.34e+00    -  5.78e-02 3.47e-02h  1
  17  4.5326204e+05 1.62e+01 4.33e+02  -6.0 4.06e+00    -  4.00e-02 6.96e-02h  1
  18  4.5328963e+05 1.55e+01 4.13e+02  -6.0 3.54e+00    -  1.73e-01 4.61e-02h  1
  19  4.5332282e+05 1.47e+01 3.93e+02  -6.0 3.24e+00    -  1.81e-01 4.86e-02h  1
iter    objective    inf_pr   inf_du lg(mu)  ||d||  lg(rg) alpha_du alpha_pr  ls
  20  4.5340863e+05 1.31e+01 3.49e+02  -6.0 2.95e+00    -  2.63e-01 1.10e-01h  1
  21  4.5351403e+05 1.15e+01 3.06e+02  -6.0 2.35e+00    -  2.37e-01 1.23e-01h  1
  22  4.5364852e+05 9.76e+00 2.60e+02  -6.0 1.81e+00    -  1.39e-01 1.50e-01h  1
  23  4.5367530e+05 9.47e+00 2.52e+02  -6.0 1.49e+00    -  8.35e-02 2.97e-02h  1
  24  4.5370613e+05 9.15e+00 2.43e+02  -6.0 1.46e+00    -  3.77e-01 3.44e-02h  1
  25  4.5385138e+05 7.66e+00 2.04e+02  -6.0 1.43e+00    -  1.56e-01 1.63e-01h  1
  26  4.5388043e+05 7.40e+00 1.94e+02  -6.0 1.28e+00    -  2.29e-01 3.40e-02h  1
  27  4.5389148e+05 7.30e+00 1.87e+02  -6.0 1.25e+00    -  4.29e-01 1.31e-02h  1
  28  4.5395800e+05 6.72e+00 1.70e+02  -6.0 1.24e+00    -  4.90e-01 7.93e-02h  1
  29  4.5407292e+05 5.77e+00 1.45e+02  -6.0 1.16e+00    -  3.05e-01 1.42e-01h  1
iter    objective    inf_pr   inf_du lg(mu)  ||d||  lg(rg) alpha_du alpha_pr  ls
  30  4.5413018e+05 5.32e+00 1.34e+02  -6.0 1.04e+00    -  1.47e-01 7.73e-02h  1
  31  4.5416264e+05 5.08e+00 1.27e+02  -6.0 9.67e-01    -  4.78e-01 4.60e-02h  1
  32  4.5431081e+05 3.98e+00 9.96e+01  -6.0 9.30e-01    -  7.62e-02 2.16e-01h  1
  33  4.5460775e+05 1.92e+00 4.79e+01  -6.0 7.59e-01    -  4.37e-01 5.17e-01h  1
  34  4.5461203e+05 1.89e+00 4.68e+01  -6.0 4.05e-01    -  9.25e-01 1.32e-02h  1
  35  4.5478831e+05 8.52e-01 2.09e+01  -6.0 4.00e-01    -  1.22e-01 5.50e-01h  1
  36  4.5491873e+05 1.35e-01 3.25e+00  -6.0 1.89e-01    -  1.00e+00 8.42e-01h  1
  37  4.5494593e+05 2.33e-05 1.94e-03  -6.0 3.20e-02    -  1.00e+00 1.00e+00h  1
  38  4.5494600e+05 3.11e-07 1.25e-05  -6.0 3.62e-03    -  1.00e+00 1.00e+00h  1
  39  4.5494600e+05 4.74e-08 1.90e-06  -6.0 1.41e-03    -  1.00e+00 1.00e+00h  1
iter    objective    inf_pr   inf_du lg(mu)  ||d||  lg(rg) alpha_du alpha_pr  ls
  40  4.5494598e+05 7.04e-08 1.17e-06  -7.0 1.38e-03    -  1.00e+00 1.00e+00h  1
  41  4.5494598e+05 1.15e-08 7.74e-08  -7.0 5.91e-04    -  1.00e+00 1.00e+00h  1

Number of Iterations....: 41

                                   (scaled)                 (unscaled)
Objective...............:   5.2627739147112134e+03    4.5494598013040394e+05
Dual infeasibility......:   7.7426563442086187e-08    6.6932200326568118e-06
Constraint violation....:   1.1453473114375612e-08    1.1453473114375612e-08
Variable bound violation:   1.1412289602219516e-07    1.1412289602219516e-07
Complementarity.........:   1.2512728622678755e-07    1.0816758765634185e-05
Overall NLP error.......:   1.2512728622678755e-07    1.0816758765634185e-05


Number of objective function evaluations             = 42
Number of objective gradient evaluations             = 42
Number of equality constraint evaluations            = 42
Number of inequality constraint evaluations          = 43
Number of equality constraint Jacobian evaluations   = 42
Number of inequality constraint Jacobian evaluations = 42
Number of Lagrangian Hessian evaluations             = 41
Total seconds in IPOPT                               = 0.554

EXIT: Optimal Solution Found.

