Solver command line: ['/opt/homebrew/bin/ipopt', '/var/folders/6y/bvynbx6n3zv7z3lwg6vd724r0000gn/T/tmp28r8p87k.pyomo.nl', '-AMPL', 'tol=1e-06', 'max_iter=300', 'print_level=5', 'warm_start_init_point=yes', 'warm_start_bound_push=1e-06', 'warm_start_bound_frac=1e-06', 'warm_start_mult_bound_push=1e-06', 'mu_init=1e-06', 'least_square_init_duals=no']

Ipopt 3.14.19: tol=1e-06
max_iter=300
print_level=5
warm_start_init_point=yes
warm_start_bound_push=1e-06
warm_start_bound_frac=1e-06
warm_start_mult_bound_push=1e-06
mu_init=1e-06
least_square_init_duals=no


******************************************************************************
This program contains Ipopt, a library for large-scale nonlinear optimization.
 Ipopt is released as open source code under the Eclipse Public License (EPL).
         For more information visit https://github.com/coin-or/Ipopt
******************************************************************************

This is Ipopt version 3.14.19, running with linear solver MUMPS 5.6.2.

Number of nonzeros in equality constraint Jacobian...:     7543
Number of nonzeros in inequality constraint Jacobian.:     5824
Number of nonzeros in Lagrangian Hessian.............:     4160

Total number of variables............................:     1342
                     variables with only lower bounds:        0
                variables with lower and upper bounds:     1342
                     variables with only upper bounds:        0
Total number of equality constraints.................:     1001
Total number of inequality constraints...............:     1456
        inequality constraints with only lower bounds:        0
   inequality constraints with lower and upper bounds:        0
        inequality constraints with only upper bounds:     1456

iter    objective    inf_pr   inf_du lg(mu)  ||d||  lg(rg) alpha_du alpha_pr  ls
   0  4.5494584e+05 2.53e-04 6.39e+01  -6.0 0.00e+00    -  0.00e+00 0.00e+00   0
   1  4.5494571e+05 2.53e-04 2.45e+01  -6.0 7.17e-02    -  6.34e-01 2.02e-04h  1
   2  4.5494566e+05 3.19e-04 1.99e-02  -6.0 1.42e-02    -  9.99e-01 6.37e-01h  1
   3  4.5494600e+05 2.92e-06 5.33e-06  -6.0 5.05e-03    -  1.00e+00 1.00e+00h  1
   4  4.5494598e+05 7.12e-08 8.95e-07  -7.0 1.41e-03    -  1.00e+00 1.00e+00h  1

Number of Iterations....: 4

                                   (scaled)                 (unscaled)
Objective...............:   5.2627739147478669e+03    4.5494598013357248e+05
Dual infeasibility......:   8.9532470539643839e-07    7.7397277981662867e-05
Constraint violation....:   7.1193625272858441e-08    7.1193625272858441e-08
Variable bound violation:   1.1412289602219516e-07    1.1412289602219516e-07
Complementarity.........:   3.3202260535897220e-07    2.8702040419833744e-05
Overall NLP error.......:   8.9532470539643839e-07    7.7397277981662867e-05


Number of objective function evaluations             = 5
Number of objective gradient evaluations             = 5
Number of equality constraint evaluations            = 5
Number of inequality constraint evaluations          = 6
Number of equality constraint Jacobian evaluations   = 5
Number of inequality constraint Jacobian evaluations = 5
Number of Lagrangian Hessian evaluations             = 4
Total seconds in IPOPT                               = 0.076

EXIT: Optimal Solution Found.

