Solver command line: ['/opt/homebrew/bin/ipopt', '/var/folders/6y/bvynbx6n3zv7z3lwg6vd724r0000gn/T/tmp7849074o.pyomo.nl', '-AMPL', 'tol=1e-06', 'max_iter=300', 'print_level=5', 'warm_start_init_point=yes', 'warm_start_bound_push=1e-06', 'warm_start_bound_frac=1e-06', 'warm_start_mult_bound_push=1e-06', 'mu_init=1e-06', 'least_square_init_duals=no']

Ipopt 3.14.19: tol=1e-06
max_iter=300
print_level=5
warm_start_init_point=yes
warm_start_bound_push=1e-06
warm_start_bound_frac=1e-06
warm_start_mult_bound_push=1e-06
mu_init=1e-06
least_square_init_duals=no


******************************************************************************
This program contains Ipopt, a library for large-scale nonlinear optimization.
 Ipopt is released as open source code under the Eclipse Public License (EPL).
         For more information visit https://github.com/coin-or/Ipopt
******************************************************************************

This is Ipopt version 3.14.19, running with linear solver MUMPS 5.6.2.

Number of nonzeros in equality constraint Jacobian...:     7543
Number of nonzeros in inequality constraint Jacobian.:     5824
Number of nonzeros in Lagrangian Hessian.............:     4160

Total number of variables............................:     1342
                     variables with only lower bounds:        0
                variables with lower and upper bounds:     1342
                     variables with only upper bounds:        0
Total number of equality constraints.................:     1001
Total number of inequality constraints...............:     1456
        inequality constraints with only lower bounds:        0
   inequality constraints with lower and upper bounds:        0
        inequality constraints with only upper bounds:     1456

iter    objective    inf_pr   inf_du lg(mu)  ||d||  lg(rg) alpha_du alpha_pr  ls
   0  5.0530727e+05 2.47e+01 1.00e+02  -6.0 0.00e+00    -  0.00e+00 0.00e+00   0
   1  5.0092446e+05 2.47e+01 1.00e+02  -6.0 5.69e+06    -  2.09e-07 2.09e-07f  1
   2  4.9841422e+05 2.47e+01 1.00e+02  -6.0 2.72e+06    -  8.19e-07 1.99e-07f  1
   3  4.9689068e+05 2.47e+01 1.00e+02  -6.0 6.68e+05    -  2.44e-06 6.26e-07f  1
   4  4.9642215e+05 2.47e+01 1.00e+02  -6.0 1.26e+05    -  6.00e-06 1.81e-06f  1
   5  4.9609824e+05 2.47e+01 1.00e+02  -6.0 7.12e+04    -  6.76e-06 3.70e-06f  1
   6  4.9574276e+05 2.47e+01 1.00e+02  -6.0 3.51e+04    -  1.22e-05 9.63e-06f  1
   7  4.9563872e+05 2.47e+01 1.00e+02  -6.0 2.70e+04    -  2.66e-05 9.59e-06f  1
   8  4.9561142e+05 2.47e+01 1.00e+02  -6.0 2.20e+04    -  7.15e-06 6.85e-06f  1
   9  4.9559971e+05 2.47e+01 1.00e+02  -6.0 1.83e+04    -  1.86e-05 4.47e-06f  1
iter    objective    inf_pr   inf_du lg(mu)  ||d||  lg(rg) alpha_du alpha_pr  ls
  10  4.9556621e+05 2.47e+01 1.00e+02  -6.0 1.66e+04    -  4.57e-05 1.65e-05f  1
  11  4.9553744e+05 2.47e+01 1.00e+02  -6.0 1.20e+04    -  3.29e-05 2.15e-05f  1
  12  4.9548473e+05 2.47e+01 1.00e+02  -6.0 8.27e+03    -  1.12e-04 4.88e-05f  1
  13  4.9541180e+05 2.47e+01 1.00e+02  -6.0 2.98e+03    -  1.27e-04 8.49e-05f  1
  14  4.9530153e+05 2.46e+01 1.00e+02  -6.0 1.34e+03    -  3.71e-04 1.41e-04f  1
  15  4.9485327e+05 2.46e+01 9.99e+01  -6.0 6.07e+02    -  3.31e-03 5.99e-04f  1
  16  4.9423522e+05 2.46e+01 9.98e+01  -6.0 1.09e+02    -  1.56e-03 8.49e-04f  1
  17  4.9421410e+05 2.46e+01 9.98e+01  -6.0 1.12e+02    -  6.71e-04 2.92e-05f  1
  18  4.9415765e+05 2.46e+01 9.98e+01  -6.0 1.59e+02    -  5.13e-03 7.81e-05f  1
  19  4.9328455e+05 2.46e+01 9.97e+01  -6.0 1.56e+02    -  1.01e-04 1.21e-03f  1
iter    objective    inf_pr   inf_du lg(mu)  ||d||  lg(rg) alpha_du alpha_pr  ls
  20  4.9316290e+05 2.46e+01 9.97e+01  -6.0 2.00e+02    -  5.68e-03 1.71e-04f  1
  21  4.9203478e+05 2.45e+01 9.95e+01  -6.0 2.01e+02    -  8.80e-04 1.59e-03f  1
  22  4.9203469e+05 2.45e+01 9.95e+01  -6.0 8.57e+01    -  5.05e-05 1.60e-07h  1
  23  4.9102640e+05 2.45e+01 9.94e+01  -6.0 2.06e+02    -  1.14e-02 1.44e-03f  1
  24  4.9102621e+05 2.45e+01 9.94e+01  -6.0 8.19e+01    -  3.29e-02 3.45e-07h  1
  25  4.7326208e+05 2.37e+01 9.61e+01  -6.0 7.82e+01    -  6.25e-02 3.30e-02f  1
  26  4.7208207e+05 2.36e+01 9.59e+01  -6.0 9.24e+01    -  3.62e-02 2.34e-03f  1
  27  4.7030502e+05 2.35e+01 9.55e+01  -6.0 9.34e+01    -  1.37e-02 3.54e-03f  1
  28  4.7026480e+05 2.35e+01 9.55e+01  -6.0 1.31e+02    -  1.53e-02 9.05e-05f  1
  29  4.6140714e+05 2.31e+01 9.36e+01  -6.0 1.31e+02    -  4.14e-02 2.02e-02f  1
iter    objective    inf_pr   inf_du lg(mu)  ||d||  lg(rg) alpha_du alpha_pr  ls
  30  4.5963052e+05 2.30e+01 9.32e+01  -6.0 1.45e+02    -  2.72e-02 4.22e-03f  1
  31  4.5959426e+05 2.30e+01 9.32e+01  -6.0 9.64e+01    -  1.45e-04 9.97e-05f  1
  32  4.5847492e+05 2.29e+01 9.29e+01  -6.0 1.47e+02    -  4.78e-03 2.69e-03f  1
  33  4.5792157e+05 2.29e+01 9.28e+01  -6.0 1.47e+02    -  2.62e-03 1.34e-03f  1
  34  4.5677146e+05 2.28e+01 9.26e+01  -6.0 1.47e+02    -  7.81e-03 2.81e-03f  1
  35  4.5670785e+05 2.28e+01 9.25e+01  -6.0 1.08e+02    -  1.06e-02 1.73e-04f  1
  36  4.5630014e+05 2.28e+01 9.24e+01  -6.0 4.79e+01    -  3.40e-02 1.33e-03f  1
  37  4.4596275e+05 2.18e+01 8.86e+01  -6.0 5.11e+01    -  2.30e-02 4.09e-02f  1
  38  4.4596208e+05 2.18e+01 8.86e+01  -6.0 3.00e+01    -  3.66e-02 2.98e-06h  1
  39  4.4384147e+05 2.16e+01 8.78e+01  -6.0 2.99e+01    -  4.34e-02 9.45e-03f  1
iter    objective    inf_pr   inf_du lg(mu)  ||d||  lg(rg) alpha_du alpha_pr  ls
  40  4.4213357e+05 2.15e+01 8.71e+01  -6.0 4.02e+01    -  2.42e-02 7.95e-03f  1
  41  4.3997872e+05 2.12e+01 8.62e+01  -6.0 1.73e+01    -  1.40e-02 1.05e-02f  1
  42  4.3735624e+05 2.09e+01 8.50e+01  -6.0 1.82e+01    -  6.28e-03 1.35e-02f  1
  43  4.3616230e+05 2.08e+01 8.45e+01  -6.0 1.85e+01    -  1.97e-02 6.34e-03f  1
  44  4.3599491e+05 2.08e+01 8.44e+01  -6.0 1.86e+01    -  3.57e-03 9.00e-04f  1
  45  4.3599490e+05 2.08e+01 8.44e+01  -6.0 1.86e+01    -  3.94e-06 7.51e-08h  1
  46  4.3488303e+05 2.07e+01 8.39e+01  -6.0 1.86e+01    -  2.55e-02 6.01e-03f  1
  47  4.3367664e+05 2.05e+01 8.33e+01  -6.0 1.75e+01    -  6.03e-03 6.81e-03f  1
  48  4.3266038e+05 2.04e+01 8.28e+01  -6.0 1.84e+01    -  1.97e-02 5.99e-03f  1
  49  4.3244880e+05 2.04e+01 8.27e+01  -6.0 1.87e+01    -  4.92e-02 1.26e-03f  1
iter    objective    inf_pr   inf_du lg(mu)  ||d||  lg(rg) alpha_du alpha_pr  ls
  50  4.3171018e+05 2.03e+01 8.23e+01  -6.0 1.66e+01    -  7.48e-08 4.45e-03f  1
  51  4.3142447e+05 2.02e+01 8.22e+01  -6.0 3.22e+01    -  1.73e-02 1.70e-03f  1
  52  4.3094361e+05 2.02e+01 8.19e+01  -6.0 2.14e+01    -  1.08e-02 3.41e-03f  1
  53  4.3029183e+05 2.01e+01 8.15e+01  -6.0 2.09e+01    -  1.24e-02 4.88e-03f  1
  54  4.2962173e+05 2.00e+01 8.11e+01  -6.0 2.31e+01    -  5.17e-02 5.12e-03f  1
  55  4.2793001e+05 1.97e+01 8.00e+01  -6.0 1.65e+01    -  7.63e-07 1.32e-02f  1
  56  4.2746441e+05 1.96e+01 7.97e+01  -6.0 2.66e+01    -  1.04e-02 3.84e-03f  1
  57  4.2662934e+05 1.95e+01 7.92e+01  -6.0 2.73e+01    -  1.57e-04 6.98e-03f  1
  58  4.2650228e+05 1.95e+01 7.91e+01  -6.0 2.51e+01    -  3.06e-02 1.09e-03f  1
  59  4.2592255e+05 1.94e+01 7.87e+01  -6.0 2.99e+01    -  1.86e-06 5.03e-03f  1
iter    objective    inf_pr   inf_du lg(mu)  ||d||  lg(rg) alpha_du alpha_pr  ls
  60  4.2539997e+05 1.93e+01 7.83e+01  -6.0 2.43e+01    -  2.89e-03 4.74e-03f  1
  61  4.2510519e+05 1.92e+01 7.81e+01  -6.0 2.62e+01    -  1.50e-02 2.75e-03f  1
  62  4.2419201e+05 1.91e+01 7.74e+01  -6.0 1.83e+01    -  1.51e-02 8.46e-03f  1
  63  4.2342304e+05 1.89e+01 7.69e+01  -6.0 2.46e+01    -  2.51e-03 7.43e-03f  1
  64  4.2341936e+05 1.89e+01 7.69e+01  -6.0 2.05e+01    -  4.15e-03 3.58e-05h  1
  65  4.2195216e+05 1.87e+01 7.58e+01  -6.0 3.75e+01    -  2.11e-02 1.39e-02f  1
  66  4.2135496e+05 1.86e+01 7.53e+01  -6.0 3.57e+01    -  1.45e-02 6.08e-03f  1
  67  4.2058562e+05 1.84e+01 7.47e+01  -6.0 4.36e+01    -  7.98e-03 7.99e-03f  1
  68  4.1984941e+05 1.83e+01 7.41e+01  -6.0 4.25e+01    -  1.29e-02 7.81e-03f  1
  69  4.1953272e+05 1.82e+01 7.39e+01  -6.0 4.14e+01    -  3.72e-02 3.42e-03f  1
iter    objective    inf_pr   inf_du lg(mu)  ||d||  lg(rg) alpha_du alpha_pr  ls
  70  4.1946229e+05 1.82e+01 7.38e+01  -6.0 4.04e+01    -  2.53e-02 7.73e-04f  1
  71  4.1936693e+05 1.82e+01 7.38e+01  -6.0 3.56e+01    -  1.22e-02 1.12e-03f  1
  72  4.1911139e+05 1.81e+01 7.35e+01  -6.0 2.07e+01    -  1.91e-03 3.34e-03f  1
  73  4.1893919e+05 1.81e+01 7.33e+01  -6.0 1.63e+01    -  2.54e-03 2.81e-03f  1
  74  4.1879187e+05 1.80e+01 7.31e+01  -6.0 1.29e+01    -  2.56e-03 2.70e-03f  1
  75  4.1855410e+05 1.79e+01 7.28e+01  -6.0 1.23e+01    -  1.82e-02 4.45e-03f  1
  76  4.1799131e+05 1.77e+01 7.20e+01  -6.0 1.12e+01    -  9.91e-03 1.11e-02f  1
  77  4.1786795e+05 1.77e+01 7.18e+01  -6.0 1.49e+01    -  1.80e-04 2.50e-03f  1
  78  4.1786624e+05 1.77e+01 7.18e+01  -6.0 1.32e+01    -  1.22e-04 3.41e-05h  1
  79  4.1786128e+05 1.77e+01 7.18e+01  -6.0 1.44e+01    -  8.92e-05 9.97e-05h  1
iter    objective    inf_pr   inf_du lg(mu)  ||d||  lg(rg) alpha_du alpha_pr  ls
  80  4.1784191e+05 1.77e+01 7.18e+01  -6.0 1.44e+01    -  8.73e-05 3.89e-04f  1
  81  4.1782301e+05 1.77e+01 7.17e+01  -6.0 1.42e+01    -  1.87e-04 3.81e-04f  1
  82  4.1779191e+05 1.77e+01 7.17e+01  -6.0 1.35e+01    -  1.50e-02 6.28e-04f  1
  83  4.1769855e+05 1.76e+01 7.15e+01  -6.0 1.13e+01    -  1.39e-02 1.93e-03f  1
  84  4.1765300e+05 1.76e+01 7.15e+01  -6.0 1.30e+01    -  3.66e-03 9.32e-04f  1
  85  4.1734308e+05 1.75e+01 7.10e+01  -6.0 1.12e+01    -  2.34e-04 6.49e-03f  1
  86  4.1730344e+05 1.75e+01 7.10e+01  -6.0 1.30e+01    -  3.45e-04 8.36e-04f  1
  87  4.1723851e+05 1.75e+01 7.09e+01  -6.0 1.30e+01    -  6.20e-04 1.38e-03f  1
  88  4.1722874e+05 1.74e+01 7.08e+01  -6.0 1.23e+01    -  1.79e-03 2.09e-04h  1
  89  4.1716357e+05 1.74e+01 7.07e+01  -6.0 1.95e+01    -  6.84e-03 1.40e-03f  1
iter    objective    inf_pr   inf_du lg(mu)  ||d||  lg(rg) alpha_du alpha_pr  ls
  90  4.1712408e+05 1.74e+01 7.07e+01  -6.0 1.52e+01    -  2.01e-03 8.36e-04f  1
  91  4.1690894e+05 1.73e+01 7.04e+01  -6.0 1.84e+01    -  4.73e-04 4.68e-03f  1
  92  4.1684088e+05 1.73e+01 7.02e+01  -6.0 1.80e+01    -  1.54e-03 1.50e-03f  1
  93  4.1668596e+05 1.72e+01 7.00e+01  -6.0 1.47e+01    -  2.14e-03 3.65e-03f  1
  94  4.1651796e+05 1.72e+01 6.97e+01  -6.0 1.37e+01    -  9.42e-03 4.25e-03f  1
  95  4.1615736e+05 1.70e+01 6.90e+01  -6.0 1.30e+01    -  1.00e-02 9.32e-03f  1
  96  4.1607921e+05 1.70e+01 6.89e+01  -6.0 1.31e+01    -  9.75e-03 2.07e-03f  1
  97  4.1601453e+05 1.69e+01 6.88e+01  -6.0 1.34e+01    -  4.81e-03 1.73e-03f  1
  98  4.1591076e+05 1.69e+01 6.86e+01  -6.0 1.44e+01    -  1.84e-03 2.82e-03f  1
  99  4.1569824e+05 1.68e+01 6.82e+01  -6.0 1.57e+01    -  9.04e-03 5.91e-03f  1
iter    objective    inf_pr   inf_du lg(mu)  ||d||  lg(rg) alpha_du alpha_pr  ls
 100  4.1562505e+05 1.68e+01 6.80e+01  -6.0 1.62e+01    -  1.88e-02 2.12e-03f  1
 101  4.1514968e+05 1.65e+01 6.71e+01  -6.0 1.59e+01    -  3.03e-04 1.41e-02f  1
 102  4.1512507e+05 1.65e+01 6.70e+01  -6.0 1.62e+01    -  1.17e-03 7.58e-04h  1
 103  4.1510943e+05 1.65e+01 6.70e+01  -6.0 1.60e+01    -  2.57e-03 4.85e-04h  1
 104  4.1508616e+05 1.65e+01 6.69e+01  -6.0 1.59e+01    -  1.70e-02 7.24e-04f  1
 105  4.1486035e+05 1.64e+01 6.65e+01  -6.0 1.52e+01    -  5.26e-04 7.23e-03f  1
 106  4.1477757e+05 1.63e+01 6.63e+01  -6.0 1.52e+01    -  1.71e-02 2.76e-03f  1
 107  4.1456766e+05 1.62e+01 6.58e+01  -6.0 1.52e+01    -  8.50e-03 7.11e-03f  1
 108  4.1429912e+05 1.61e+01 6.52e+01  -6.0 1.53e+01    -  5.23e-03 9.61e-03f  1
 109  4.1412138e+05 1.59e+01 6.48e+01  -6.0 1.58e+01    -  5.73e-03 6.47e-03f  1
iter    objective    inf_pr   inf_du lg(mu)  ||d||  lg(rg) alpha_du alpha_pr  ls
 110  4.1406292e+05 1.59e+01 6.46e+01  -6.0 1.73e+01    -  6.18e-04 2.20e-03f  1
 111  4.1403894e+05 1.59e+01 6.46e+01  -6.0 1.63e+01    -  2.44e-03 9.21e-04h  1
 112  4.1392748e+05 1.58e+01 6.43e+01  -6.0 1.57e+01    -  1.76e-03 4.32e-03f  1
 113  4.1374778e+05 1.57e+01 6.38e+01  -6.0 1.57e+01    -  2.88e-02 7.13e-03f  1
 114  4.1373664e+05 1.57e+01 6.38e+01  -6.0 1.55e+01    -  1.21e-02 4.76e-04h  1
 115  4.1363472e+05 1.56e+01 6.35e+01  -6.0 1.53e+01    -  2.62e-02 4.57e-03f  1
 116  4.1361934e+05 1.56e+01 6.34e+01  -6.0 1.17e+01    -  2.75e-02 1.16e-03h  1
 117  4.1348079e+05 1.53e+01 6.20e+01  -6.0 1.16e+01    -  2.30e-02 2.21e-02h  1
 118  4.1343593e+05 1.51e+01 6.15e+01  -6.0 1.15e+01    -  2.12e-03 8.81e-03h  1
 119  4.1334982e+05 1.48e+01 6.02e+01  -6.0 1.15e+01    -  1.74e-02 2.04e-02h  1
iter    objective    inf_pr   inf_du lg(mu)  ||d||  lg(rg) alpha_du alpha_pr  ls
 120  4.1334194e+05 1.48e+01 6.01e+01  -6.0 1.14e+01    -  7.11e-02 2.73e-03h  1
 121  4.1333325e+05 1.47e+01 5.98e+01  -6.0 1.13e+01    -  3.26e-02 3.53e-03h  1
 122  4.1340581e+05 1.45e+01 5.89e+01  -6.0 1.13e+01    -  4.69e-03 1.59e-02h  1
 123  4.1340862e+05 1.45e+01 5.89e+01  -6.0 1.13e+01    -  1.58e-02 5.67e-04h  1
 124  4.1347936e+05 1.43e+01 5.81e+01  -6.0 1.13e+01    -  1.35e-02 1.34e-02h  1
 125  4.1350000e+05 1.43e+01 5.79e+01  -6.0 1.12e+01    -  2.00e-02 3.60e-03h  1
 126  4.1367324e+05 1.39e+01 5.66e+01  -6.0 1.12e+01    -  2.93e-02 2.16e-02h  1
 127  4.1368435e+05 1.39e+01 5.65e+01  -6.0 1.11e+01    -  2.20e-02 1.33e-03h  1
 128  4.1369703e+05 1.39e+01 5.65e+01  -6.0 1.15e+01    -  3.16e-02 1.49e-03h  1
 129  4.1384374e+05 1.37e+01 5.55e+01  -6.0 1.11e+01    -  5.93e-03 1.68e-02h  1
iter    objective    inf_pr   inf_du lg(mu)  ||d||  lg(rg) alpha_du alpha_pr  ls
 130  4.1388118e+05 1.36e+01 5.53e+01  -6.0 1.10e+01    -  1.71e-02 4.13e-03h  1
 131  4.1391654e+05 1.36e+01 5.51e+01  -6.0 1.10e+01    -  3.04e-03 3.85e-03h  1
 132  4.1401335e+05 1.34e+01 5.45e+01  -6.0 1.12e+01    -  2.07e-03 1.01e-02h  1
 133  4.1403400e+05 1.34e+01 5.44e+01  -6.0 1.12e+01    -  1.48e-02 2.12e-03h  1
 134  4.1409781e+05 1.33e+01 5.40e+01  -6.0 1.11e+01    -  2.25e-02 6.46e-03h  1
 135  4.1410638e+05 1.33e+01 5.40e+01  -6.0 1.09e+01    -  9.48e-03 8.53e-04h  1
 136  4.1414848e+05 1.32e+01 5.38e+01  -6.0 1.05e+01    -  2.68e-03 4.12e-03h  1
 137  4.1421771e+05 1.32e+01 5.34e+01  -6.0 1.05e+01    -  9.87e-04 6.67e-03h  1
 138  4.1427478e+05 1.31e+01 5.31e+01  -6.0 1.10e+01    -  5.31e-02 5.50e-03h  1
 139  4.1443165e+05 1.29e+01 5.23e+01  -6.0 1.10e+01    -  5.11e-03 1.47e-02h  1
iter    objective    inf_pr   inf_du lg(mu)  ||d||  lg(rg) alpha_du alpha_pr  ls
 140  4.1448322e+05 1.28e+01 5.21e+01  -6.0 1.09e+01    -  1.32e-02 4.57e-03h  1
 141  4.1454221e+05 1.28e+01 5.18e+01  -6.0 1.08e+01    -  2.18e-02 5.09e-03h  1
 142  4.1461372e+05 1.27e+01 5.16e+01  -6.0 1.06e+01    -  5.42e-03 5.49e-03h  1
 143  4.1480442e+05 1.25e+01 5.08e+01  -6.0 1.13e+01    -  2.29e-02 1.43e-02h  1
 144  4.1488699e+05 1.24e+01 5.05e+01  -6.0 1.05e+01    -  1.14e-02 6.13e-03h  1
 145  4.1530854e+05 1.21e+01 4.90e+01  -6.0 1.04e+01    -  8.80e-02 3.03e-02h  1
 146  4.1531649e+05 1.21e+01 4.89e+01  -6.0 1.10e+01    -  4.22e-02 5.41e-04h  1
 147  4.1568639e+05 1.18e+01 4.77e+01  -6.0 1.10e+01    -  9.76e-04 2.46e-02h  1
 148  4.1574802e+05 1.17e+01 4.75e+01  -6.0 1.12e+01    -  1.32e-02 4.08e-03h  1
 149  4.1575667e+05 1.17e+01 4.75e+01  -6.0 1.32e+01    -  2.24e-02 5.69e-04h  1
iter    objective    inf_pr   inf_du lg(mu)  ||d||  lg(rg) alpha_du alpha_pr  ls
 150  4.1605119e+05 1.15e+01 4.66e+01  -6.0 1.34e+01    -  3.26e-03 1.91e-02h  1
 151  4.1605884e+05 1.15e+01 4.66e+01  -6.0 1.40e+01    -  2.23e-02 4.95e-04h  1
 152  4.1608289e+05 1.15e+01 4.65e+01  -6.0 2.54e+01    -  3.24e-03 1.56e-03h  1
 153  4.1647476e+05 1.12e+01 4.54e+01  -6.0 2.25e+01    -  1.82e-03 2.50e-02h  1
 154  4.1660290e+05 1.11e+01 4.50e+01  -6.0 1.94e+01    -  1.20e-02 8.08e-03h  1
 155  4.1682025e+05 1.09e+01 4.44e+01  -6.0 1.73e+01    -  2.47e-02 1.36e-02h  1
 156  4.1726914e+05 1.06e+01 4.31e+01  -6.0 1.54e+01    -  3.88e-03 2.77e-02h  1
 157  4.1786408e+05 1.02e+01 4.16e+01  -6.0 9.80e+00    -  2.54e-02 3.63e-02h  1
 158  4.1799743e+05 1.02e+01 4.12e+01  -6.0 8.72e+00    -  3.70e-02 8.11e-03h  1
 159  4.1861905e+05 9.78e+00 3.97e+01  -6.0 9.22e+00    -  1.10e-01 3.72e-02h  1
iter    objective    inf_pr   inf_du lg(mu)  ||d||  lg(rg) alpha_du alpha_pr  ls
 160  4.1872998e+05 9.71e+00 3.94e+01  -6.0 9.00e+00    -  5.08e-02 6.70e-03h  1
 161  4.1909092e+05 9.50e+00 3.86e+01  -6.0 1.01e+01    -  9.39e-02 2.16e-02h  1
 162  4.1933684e+05 9.36e+00 3.80e+01  -6.0 8.92e+00    -  3.63e-02 1.44e-02h  1
 163  4.1977839e+05 9.13e+00 3.71e+01  -6.0 1.45e+01    -  2.57e-02 2.53e-02h  1
 164  4.1977931e+05 9.13e+00 3.71e+01  -6.0 8.68e+00    -  3.23e-02 5.02e-05h  1
 165  4.1990110e+05 9.07e+00 3.68e+01  -6.0 1.34e+01    -  1.88e-02 6.31e-03h  1
 166  4.2014972e+05 8.95e+00 3.64e+01  -6.0 1.40e+01    -  1.18e-03 1.29e-02h  1
 167  4.2056054e+05 8.77e+00 3.56e+01  -6.0 1.59e+01    -  2.06e-02 2.05e-02h  1
 168  4.2093902e+05 8.60e+00 3.49e+01  -6.0 1.62e+01    -  1.25e-02 1.90e-02h  1
 169  4.2169753e+05 8.30e+00 3.37e+01  -6.0 1.52e+01    -  2.73e-02 3.49e-02h  1
iter    objective    inf_pr   inf_du lg(mu)  ||d||  lg(rg) alpha_du alpha_pr  ls
 170  4.2171475e+05 8.30e+00 3.37e+01  -6.0 1.51e+01    -  2.45e-02 8.09e-04h  1
 171  4.2172305e+05 8.29e+00 3.37e+01  -6.0 7.80e+00    -  3.90e-02 3.82e-04h  1
 172  4.2343706e+05 7.65e+00 3.11e+01  -6.0 7.84e+00    -  2.69e-02 7.74e-02h  1
 173  4.2343750e+05 7.65e+00 3.11e+01  -6.0 9.15e+00    -  1.77e-01 2.05e-05h  1
 174  4.2444849e+05 7.30e+00 2.96e+01  -6.0 9.16e+00    -  4.40e-02 4.64e-02h  1
 175  4.2465949e+05 7.22e+00 2.93e+01  -6.0 9.09e+00    -  2.25e-02 1.00e-02h  1
 176  4.2511629e+05 7.07e+00 2.87e+01  -6.0 8.89e+00    -  7.07e-02 2.16e-02h  1
 177  4.2581267e+05 6.84e+00 2.78e+01  -6.0 1.04e+01    -  2.12e-02 3.24e-02h  1
 178  4.2607127e+05 6.75e+00 2.74e+01  -6.0 1.02e+01    -  5.64e-02 1.23e-02h  1
 179  4.2625251e+05 6.69e+00 2.72e+01  -6.0 6.08e+00    -  2.25e-06 8.79e-03h  1
iter    objective    inf_pr   inf_du lg(mu)  ||d||  lg(rg) alpha_du alpha_pr  ls
 180  4.2738668e+05 6.36e+00 2.28e+01  -6.0 5.31e+00    -  2.21e-01 4.98e-02h  1
 181  4.2754010e+05 6.32e+00 2.25e+01  -6.0 5.82e+00    -  1.96e-02 7.00e-03h  1
 182  4.2798858e+05 6.19e+00 2.14e+01  -6.0 5.99e+00    -  6.68e-02 2.05e-02h  1
 183  4.2826313e+05 6.11e+00 2.07e+01  -6.0 7.03e+00    -  4.88e-02 1.28e-02h  1
 184  4.2862654e+05 6.00e+00 2.00e+01  -6.0 1.08e+01    -  6.28e-02 1.72e-02h  1
 185  4.2913424e+05 5.86e+00 1.89e+01  -6.0 1.03e+01    -  1.13e-01 2.42e-02h  1
 186  4.3083899e+05 5.39e+00 1.76e+01  -6.0 5.01e+00    -  1.32e-02 7.98e-02h  1
 187  4.3110582e+05 5.32e+00 1.69e+01  -6.0 4.89e+00    -  1.49e-01 1.34e-02h  1
 188  4.3285052e+05 4.85e+00 1.49e+01  -6.0 4.88e+00    -  2.62e-01 8.76e-02h  1
 189  4.3285083e+05 4.85e+00 1.49e+01  -6.0 5.78e+00    -  9.74e-02 1.65e-05h  1
iter    objective    inf_pr   inf_du lg(mu)  ||d||  lg(rg) alpha_du alpha_pr  ls
 190  4.3777971e+05 3.64e+00 1.12e+01  -6.0 5.41e+00    -  4.38e-01 2.50e-01h  1
 191r 4.3777971e+05 3.64e+00 9.99e+02  -0.2 0.00e+00    -  0.00e+00 2.82e-07R  4
 192r 4.3849536e+05 3.64e+00 9.99e+02  -0.2 3.38e+05    -  5.88e-10 1.49e-06f  1
 193r 4.3788808e+05 3.16e+00 9.99e+02  -0.2 1.39e+03    -  8.64e-05 2.15e-04f  1
 194  4.3788187e+05 3.16e+00 4.04e+01  -6.0 2.04e+03    -  1.55e-04 1.60e-04f  1
 195  4.3788289e+05 3.16e+00 4.04e+01  -6.0 7.77e+02    -  1.65e-04 1.65e-04s 13
 196  4.3788555e+05 3.16e+00 4.04e+01  -6.0 1.08e+02    -  2.88e-04 2.88e-04s 13
 197  4.3788944e+05 3.16e+00 4.04e+01  -6.0 2.12e+02    -  3.89e-04 3.89e-04s 13
 198  4.3792381e+05 3.15e+00 4.02e+01  -6.0 1.31e+02    -  3.30e-03 3.30e-03s 13
 199  4.3793382e+05 3.15e+00 4.02e+01  -6.0 5.51e+01    -  8.29e-04 8.29e-04s 13
iter    objective    inf_pr   inf_du lg(mu)  ||d||  lg(rg) alpha_du alpha_pr  ls
 200  4.3799304e+05 3.13e+00 4.00e+01  -6.0 5.13e+01    -  4.56e-03 4.56e-03s 13
 201  4.3809929e+05 3.11e+00 3.97e+01  -6.0 3.04e+01    -  7.63e-03 7.63e-03s 13
 202  4.3831679e+05 3.06e+00 3.97e+01  -6.0 8.43e+00    -  1.50e-02 0.00e+00S 13
 203  4.3878471e+05 2.97e+00 3.84e+01  -6.0 4.82e+00    -  3.11e-02 3.19e-02h  1
 204  4.3938062e+05 2.84e+00 3.68e+01  -6.0 4.67e+00    -  1.34e-03 4.17e-02h  1
 205  4.4005894e+05 2.71e+00 3.51e+01  -6.0 4.30e+00    -  1.44e-01 4.60e-02h  1
 206  4.4312558e+05 2.12e+00 2.75e+01  -6.0 2.95e+00    -  5.97e-02 2.17e-01h  1
 207  4.4430731e+05 1.90e+00 2.46e+01  -6.0 1.96e+00    -  7.78e-02 1.04e-01h  1
 208  4.4800761e+05 1.22e+00 1.58e+01  -6.0 1.73e+00    -  1.10e-01 3.58e-01h  1
 209  4.4879609e+05 1.08e+00 1.40e+01  -6.0 1.16e+00    -  1.18e-01 1.16e-01h  1
iter    objective    inf_pr   inf_du lg(mu)  ||d||  lg(rg) alpha_du alpha_pr  ls
 210  4.4957141e+05 9.39e-01 1.26e+01  -6.0 9.80e-01    -  4.65e-01 1.29e-01h  1
 211  4.5067055e+05 7.44e-01 9.72e+00  -6.0 7.15e-01    -  1.17e-01 2.07e-01h  1
 212  4.5126268e+05 6.40e-01 8.73e+00  -6.0 5.69e-01    -  2.74e-01 1.40e-01h  1
 213  4.5366373e+05 2.21e-01 2.90e+00  -6.0 4.95e-01    -  5.67e-01 6.55e-01h  1
 214  4.5494537e+05 1.36e-04 3.78e-01  -6.0 1.62e-01    -  6.64e-01 1.00e+00h  1
 215  4.5494601e+05 1.32e-06 1.11e-05  -6.0 6.22e-03    -  1.00e+00 1.00e+00h  1
 216  4.5494601e+05 4.84e-08 1.53e-07  -6.0 1.20e-03    -  1.00e+00 1.00e+00h  1
 217  4.5494598e+05 1.12e-07 8.86e-07  -7.1 1.72e-03    -  1.00e+00 1.00e+00h  1

Number of Iterations....: 217

                                   (scaled)                 (unscaled)
Objective...............:   3.8677644463010424e+03    4.5494598042802524e+05
Dual infeasibility......:   8.8647859928398800e-07    1.0427208819953202e-04
Constraint violation....:   1.1179956910245537e-07    1.1179956910245537e-07
Variable bound violation:   1.1375540864833056e-07    1.1375540864833056e-07
Complementarity.........:   3.1599371865830337e-07    3.7168776470238543e-05
Overall NLP error.......:   8.8647859928398800e-07    1.0427208819953202e-04


Number of objective function evaluations             = 235
Number of objective gradient evaluations             = 217
Number of equality constraint evaluations            = 235
Number of inequality constraint evaluations          = 236
Number of equality constraint Jacobian evaluations   = 219
Number of inequality constraint Jacobian evaluations = 219
Number of Lagrangian Hessian evaluations             = 217
Total seconds in IPOPT                               = 2.730

EXIT: Optimal Solution Found.

