Solver command line: ['/opt/homebrew/bin/ipopt', '/var/folders/6y/bvynbx6n3zv7z3lwg6vd724r0000gn/T/tmpf_vrq7ss.pyomo.nl', '-AMPL', 'tol=1e-06', 'max_iter=300', 'print_level=5', 'warm_start_init_point=yes', 'warm_start_bound_push=1e-06', 'warm_start_bound_frac=1e-06', 'warm_start_mult_bound_push=1e-06', 'mu_init=1e-06', 'least_square_init_duals=no']

Ipopt 3.14.19: tol=1e-06
max_iter=300
print_level=5
warm_start_init_point=yes
warm_start_bound_push=1e-06
warm_start_bound_frac=1e-06
warm_start_mult_bound_push=1e-06
mu_init=1e-06
least_square_init_duals=no


******************************************************************************
This program contains Ipopt, a library for large-scale nonlinear optimization.
 Ipopt is released as open source code under the Eclipse Public License (EPL).
         For more information visit https://github.com/coin-or/Ipopt
******************************************************************************

This is Ipopt version 3.14.19, running with linear solver MUMPS 5.6.2.

Number of nonzeros in equality constraint Jacobian...:     7543
Number of nonzeros in inequality constraint Jacobian.:     5824
Number of nonzeros in Lagrangian Hessian.............:     4160

Total number of variables............................:     1342
                     variables with only lower bounds:        0
                variables with lower and upper bounds:     1342
                     variables with only upper bounds:        0
Total number of equality constraints.................:     1001
Total number of inequality constraints...............:     1456
        inequality constraints with only lower bounds:        0
   inequality constraints with lower and upper bounds:        0
        inequality constraints with only upper bounds:     1456

iter    objective    inf_pr   inf_du lg(mu)  ||d||  lg(rg) alpha_du alpha_pr  ls
   0  5.0530727e+05 8.07e+00 2.88e+03  -6.0 0.00e+00    -  0.00e+00 0.00e+00   0
   1  5.0524181e+05 8.07e+00 2.88e+03  -6.0 5.36e+01    -  3.03e-04 6.70e-05f  1
   2  5.0479189e+05 8.06e+00 2.88e+03  -6.0 5.36e+01    -  6.25e-04 4.61e-04f  1
   3  5.0312573e+05 8.05e+00 2.87e+03  -6.0 5.35e+01    -  5.20e-04 1.72e-03f  1
   4  5.0161314e+05 8.04e+00 2.87e+03  -6.0 5.34e+01    -  1.83e-03 1.64e-03f  1
   5  4.9969959e+05 8.02e+00 2.86e+03  -6.0 5.30e+01    -  9.28e-05 2.22e-03f  1
   6  4.9768899e+05 8.00e+00 2.85e+03  -6.0 5.25e+01    -  4.64e-04 2.43e-03f  1
   7  4.9634412e+05 7.99e+00 2.85e+03  -6.0 5.16e+01    -  1.15e-03 1.71e-03f  1
   8  4.9445500e+05 7.97e+00 2.84e+03  -6.0 5.03e+01    -  2.54e-03 2.52e-03f  1
   9  4.9266080e+05 7.95e+00 2.84e+03  -6.0 4.70e+01    -  8.78e-03 2.63e-03f  1
iter    objective    inf_pr   inf_du lg(mu)  ||d||  lg(rg) alpha_du alpha_pr  ls
  10  4.8854639e+05 7.89e+00 2.82e+03  -6.0 4.06e+01    -  1.12e-02 6.78e-03f  1
  11  4.8773171e+05 7.88e+00 2.81e+03  -6.0 4.04e+01    -  9.58e-03 1.51e-03f  1
  12  4.7940328e+05 7.76e+00 2.77e+03  -6.0 4.33e+01    -  1.52e-02 1.58e-02f  1
  13  4.7858019e+05 7.74e+00 2.76e+03  -6.0 7.37e+01    -  1.54e-03 1.68e-03f  1
  14  4.7429419e+05 7.67e+00 2.74e+03  -6.0 7.75e+01    -  3.27e-03 8.83e-03f  1
  15  4.7285864e+05 7.65e+00 2.73e+03  -6.0 9.74e+01    -  9.81e-03 3.06e-03f  1
  16  4.6664241e+05 7.55e+00 2.69e+03  -6.0 1.07e+02    -  3.37e-02 1.36e-02f  1
  17  4.5995147e+05 7.43e+00 2.65e+03  -6.0 1.41e+02    -  7.66e-02 1.57e-02f  1
  18  4.5673979e+05 7.36e+00 2.63e+03  -6.0 1.24e+02    -  1.51e-02 8.80e-03f  1
  19  4.5370978e+05 7.29e+00 2.60e+03  -6.0 8.53e+01    -  2.24e-02 9.54e-03f  1
iter    objective    inf_pr   inf_du lg(mu)  ||d||  lg(rg) alpha_du alpha_pr  ls
  20  4.4652865e+05 7.09e+00 2.53e+03  -6.0 5.18e+01    -  1.08e-02 2.73e-02f  1
  21  4.4419167e+05 7.02e+00 2.50e+03  -6.0 3.75e+01    -  1.68e-02 1.07e-02f  1
  22  4.4136824e+05 6.92e+00 2.47e+03  -6.0 3.66e+01    -  3.41e-02 1.34e-02f  1
  23  4.3917646e+05 6.85e+00 2.45e+03  -6.0 3.63e+01    -  4.24e-03 1.07e-02f  1
  24  4.3895244e+05 6.84e+00 2.44e+03  -6.0 3.64e+01    -  2.60e-02 1.14e-03f  1
  25  4.3318792e+05 6.63e+00 2.37e+03  -6.0 3.63e+01    -  1.91e-02 3.05e-02f  1
  26  4.3153432e+05 6.57e+00 2.34e+03  -6.0 3.67e+01    -  6.83e-03 1.01e-02f  1
  27  4.3058165e+05 6.52e+00 2.33e+03  -6.0 3.69e+01    -  1.72e-02 6.48e-03f  1
  28  4.2897064e+05 6.45e+00 2.30e+03  -6.0 3.69e+01    -  3.67e-02 1.16e-02f  1
  29  4.2541978e+05 6.27e+00 2.24e+03  -6.0 3.70e+01    -  4.97e-02 2.79e-02f  1
iter    objective    inf_pr   inf_du lg(mu)  ||d||  lg(rg) alpha_du alpha_pr  ls
  30  4.2442735e+05 6.21e+00 2.22e+03  -6.0 3.72e+01    -  3.96e-02 9.13e-03f  1
  31  4.2079666e+05 5.98e+00 2.14e+03  -6.0 3.73e+01    -  2.02e-03 3.64e-02f  1
  32  4.2026997e+05 5.95e+00 2.13e+03  -6.0 3.78e+01    -  2.14e-02 6.02e-03f  1
  33  4.1958288e+05 5.90e+00 2.11e+03  -6.0 3.78e+01    -  7.60e-03 8.72e-03f  1
  34  4.1883515e+05 5.83e+00 2.08e+03  -6.0 3.79e+01    -  3.89e-02 1.05e-02f  1
  35  4.1874944e+05 5.83e+00 2.08e+03  -6.0 3.79e+01    -  1.55e-02 1.58e-03f  1
  36  4.1712334e+05 5.64e+00 2.02e+03  -6.0 3.79e+01    -  8.65e-03 3.18e-02f  1
  37  4.1577421e+05 5.46e+00 1.95e+03  -6.0 3.81e+01    -  2.01e-02 3.15e-02f  1
  38  4.1571182e+05 5.45e+00 1.95e+03  -6.0 3.83e+01    -  8.86e-03 1.74e-03f  1
  39  4.1564834e+05 5.44e+00 1.95e+03  -6.0 3.83e+01    -  3.23e-05 1.80e-03f  1
iter    objective    inf_pr   inf_du lg(mu)  ||d||  lg(rg) alpha_du alpha_pr  ls
  40  4.1554933e+05 5.43e+00 1.94e+03  -6.0 3.83e+01    -  1.88e-04 2.83e-03f  1
  41  4.1552077e+05 5.42e+00 1.94e+03  -6.0 3.83e+01    -  6.05e-03 8.33e-04h  1
  42  4.1535146e+05 5.40e+00 1.93e+03  -6.0 3.83e+01    -  1.17e-02 5.10e-03f  1
  43  4.1480630e+05 5.30e+00 1.90e+03  -6.0 3.83e+01    -  1.08e-02 1.75e-02f  1
  44  4.1421576e+05 5.19e+00 1.86e+03  -6.0 3.83e+01    -  2.32e-02 2.11e-02f  1
  45  4.1375383e+05 5.08e+00 1.82e+03  -6.0 3.83e+01    -  4.03e-02 2.07e-02f  1
  46  4.1361263e+05 5.03e+00 1.80e+03  -6.0 3.82e+01    -  2.85e-02 1.09e-02f  1
  47  4.1350883e+05 4.95e+00 1.77e+03  -6.0 3.82e+01    -  3.36e-03 1.47e-02h  1
  48  4.1348645e+05 4.93e+00 1.76e+03  -6.0 3.83e+01    -  3.67e-02 4.35e-03h  1
  49  4.1333319e+05 4.71e+00 1.69e+03  -6.0 3.83e+01    -  9.12e-04 4.57e-02h  1
iter    objective    inf_pr   inf_du lg(mu)  ||d||  lg(rg) alpha_du alpha_pr  ls
  50  4.1336245e+05 4.67e+00 1.67e+03  -6.0 3.79e+01    -  2.97e-02 7.07e-03h  1
  51  4.1339510e+05 4.64e+00 1.66e+03  -6.0 3.78e+01    -  1.22e-02 5.95e-03h  1
  52  4.1353068e+05 4.53e+00 1.62e+03  -6.0 3.78e+01    -  5.42e-03 2.42e-02h  1
  53  4.1354407e+05 4.52e+00 1.62e+03  -6.0 3.75e+01    -  3.00e-02 2.06e-03h  1
  54  4.1356557e+05 4.51e+00 1.62e+03  -6.0 3.75e+01    -  2.03e-05 3.03e-03h  1
  55  4.1359037e+05 4.49e+00 1.61e+03  -6.0 3.74e+01    -  3.96e-04 3.42e-03h  1
  56  4.1359762e+05 4.49e+00 1.61e+03  -6.0 3.74e+01    -  1.86e-02 9.32e-04h  1
  57  4.1405666e+05 4.25e+00 1.53e+03  -6.0 3.74e+01    -  1.47e-03 5.23e-02h  1
  58  4.1416031e+05 4.21e+00 1.51e+03  -6.0 3.67e+01    -  3.41e-04 1.00e-02h  1
  59  4.1418987e+05 4.20e+00 1.51e+03  -6.0 3.66e+01    -  6.41e-03 2.77e-03h  1
iter    objective    inf_pr   inf_du lg(mu)  ||d||  lg(rg) alpha_du alpha_pr  ls
  60  4.1422496e+05 4.19e+00 1.50e+03  -6.0 3.66e+01    -  1.09e-01 3.16e-03h  1
  61  4.1491213e+05 3.95e+00 1.42e+03  -6.0 3.66e+01    -  8.74e-02 5.62e-02h  1
  62  4.1511119e+05 3.89e+00 1.40e+03  -6.0 3.57e+01    -  4.29e-02 1.45e-02h  1
  63  4.1565190e+05 3.75e+00 1.35e+03  -6.0 3.55e+01    -  3.08e-02 3.72e-02h  1
  64  4.1645739e+05 3.56e+00 1.28e+03  -6.0 3.48e+01    -  3.19e-02 5.19e-02h  1
  65  4.1664953e+05 3.51e+00 1.26e+03  -6.0 3.41e+01    -  1.33e-01 1.22e-02h  1
  66  4.1757906e+05 3.31e+00 1.19e+03  -6.0 3.51e+01    -  1.54e-01 5.66e-02h  1
  67  4.1799996e+05 3.23e+00 1.16e+03  -6.0 3.54e+01    -  1.02e-01 2.49e-02h  1
  68  4.1863672e+05 3.12e+00 1.12e+03  -6.0 3.21e+01    -  3.21e-02 3.42e-02h  1
  69  4.1987525e+05 2.92e+00 1.05e+03  -6.0 3.15e+01    -  4.22e-02 6.51e-02h  1
iter    objective    inf_pr   inf_du lg(mu)  ||d||  lg(rg) alpha_du alpha_pr  ls
  70  4.2110868e+05 2.73e+00 9.88e+02  -6.0 3.02e+01    -  8.41e-02 6.43e-02h  1
  71  4.2128621e+05 2.70e+00 9.79e+02  -6.0 2.89e+01    -  2.43e-01 9.18e-03h  1
  72  4.2156581e+05 2.67e+00 9.66e+02  -6.0 2.87e+01    -  4.27e-02 1.37e-02h  1
  73  4.2279802e+05 2.51e+00 9.10e+02  -6.0 2.84e+01    -  2.70e-01 5.88e-02h  1
  74  4.2362604e+05 2.41e+00 8.76e+02  -6.0 2.72e+01    -  6.06e-05 3.86e-02h  1
  75  4.2517323e+05 2.24e+00 8.13e+02  -6.0 2.65e+01    -  1.17e-01 7.31e-02h  1
  76  4.2527521e+05 2.23e+00 8.09e+02  -6.0 2.50e+01    -  1.66e-01 4.89e-03h  1
  77  4.2694058e+05 2.05e+00 7.46e+02  -6.0 2.50e+01    -  2.37e-01 7.88e-02h  1
  78  4.2814781e+05 1.93e+00 7.03e+02  -6.0 2.34e+01    -  3.07e-01 5.83e-02h  1
  79  4.3215340e+05 1.55e+00 5.57e+02  -6.0 2.24e+01    -  3.61e-01 1.95e-01h  1
iter    objective    inf_pr   inf_du lg(mu)  ||d||  lg(rg) alpha_du alpha_pr  ls
  80  4.3267357e+05 1.51e+00 5.41e+02  -6.0 1.88e+01    -  2.83e-01 2.90e-02h  1
  81  4.3428047e+05 1.38e+00 4.90e+02  -6.0 1.83e+01    -  2.56e-01 8.85e-02h  1
  82  4.3775295e+05 1.10e+00 3.79e+02  -6.0 1.69e+01    -  1.91e-01 1.99e-01h  1
  83  4.3777624e+05 1.10e+00 3.79e+02  -6.0 1.41e+01    -  1.24e-01 1.54e-03h  1
  84  4.4103501e+05 8.70e-01 2.89e+02  -6.0 1.41e+01    -  5.61e-02 2.09e-01h  1
  85  4.4563230e+05 5.64e-01 1.75e+02  -6.0 1.14e+01    -  1.34e-01 3.51e-01h  1
  86  4.4833653e+05 3.94e-01 1.19e+02  -6.0 7.71e+00    -  1.01e-01 3.02e-01h  1
  87  4.5094470e+05 2.35e-01 6.95e+01  -6.0 5.49e+00    -  2.73e-01 4.05e-01h  1
  88  4.5212140e+05 1.64e-01 4.85e+01  -6.0 3.34e+00    -  4.76e-01 2.99e-01h  1
  89  4.5447606e+05 2.67e-02 7.29e+00  -6.0 2.36e+00    -  2.32e-01 8.38e-01h  1
iter    objective    inf_pr   inf_du lg(mu)  ||d||  lg(rg) alpha_du alpha_pr  ls
  90  4.5490962e+05 2.03e-03 1.04e+00  -6.0 4.06e-01    -  6.85e-01 9.24e-01h  1
  91  4.5494601e+05 3.29e-07 1.62e-02  -6.0 3.16e-02    -  9.85e-01 1.00e+00h  1
  92  4.5494601e+05 3.19e-08 7.08e-09  -6.0 9.77e-04    -  1.00e+00 1.00e+00h  1
  93  4.5494598e+05 1.07e-07 8.51e-07  -7.1 1.68e-03    -  1.00e+00 1.00e+00h  1

Number of Iterations....: 93

                                   (scaled)                 (unscaled)
Objective...............:   3.8677644462993358e+03    4.5494598042782448e+05
Dual infeasibility......:   8.5110289730242297e-07    1.0011101953964391e-04
Constraint violation....:   1.0718604559478706e-07    1.0718604559478706e-07
Variable bound violation:   1.1375541042468740e-07    1.1375541042468740e-07
Complementarity.........:   3.0597752134977601e-07    3.5990620776438093e-05
Overall NLP error.......:   8.5110289730242297e-07    1.0011101953964391e-04


Number of objective function evaluations             = 94
Number of objective gradient evaluations             = 94
Number of equality constraint evaluations            = 94
Number of inequality constraint evaluations          = 95
Number of equality constraint Jacobian evaluations   = 94
Number of inequality constraint Jacobian evaluations = 94
Number of Lagrangian Hessian evaluations             = 93
Total seconds in IPOPT                               = 1.190

EXIT: Optimal Solution Found.

