Solver command line: ['/opt/homebrew/bin/ipopt', '/var/folders/6y/bvynbx6n3zv7z3lwg6vd724r0000gn/T/tmp7qok66yn.pyomo.nl', '-AMPL', 'tol=1e-06', 'max_iter=300', 'print_level=5', 'warm_start_init_point=yes', 'warm_start_bound_push=1e-06', 'warm_start_bound_frac=1e-06', 'warm_start_mult_bound_push=1e-06', 'mu_init=1e-06', 'least_square_init_duals=no']

Ipopt 3.14.19: tol=1e-06
max_iter=300
print_level=5
warm_start_init_point=yes
warm_start_bound_push=1e-06
warm_start_bound_frac=1e-06
warm_start_mult_bound_push=1e-06
mu_init=1e-06
least_square_init_duals=no


******************************************************************************
This program contains Ipopt, a library for large-scale nonlinear optimization.
 Ipopt is released as open source code under the Eclipse Public License (EPL).
         For more information visit https://github.com/coin-or/Ipopt
******************************************************************************

This is Ipopt version 3.14.19, running with linear solver MUMPS 5.6.2.

Number of nonzeros in equality constraint Jacobian...:     7543
Number of nonzeros in inequality constraint Jacobian.:     5824
Number of nonzeros in Lagrangian Hessian.............:     4160

Total number of variables............................:     1342
                     variables with only lower bounds:        0
                variables with lower and upper bounds:     1342
                     variables with only upper bounds:        0
Total number of equality constraints.................:     1001
Total number of inequality constraints...............:     1456
        inequality constraints with only lower bounds:        0
   inequality constraints with lower and upper bounds:        0
        inequality constraints with only upper bounds:     1456

iter    objective    inf_pr   inf_du lg(mu)  ||d||  lg(rg) alpha_du alpha_pr  ls
   0  4.5494584e+05 2.47e+01 6.59e+02  -6.0 0.00e+00    -  0.00e+00 0.00e+00   0
   1  4.5494373e+05 2.47e+01 6.59e+02  -6.0 7.45e+00    -  5.08e-03 2.46e-04h  1
   2  4.5490000e+05 2.46e+01 6.55e+02  -6.0 7.44e+00    -  3.06e-02 5.46e-03h  1
   3  4.5450047e+05 2.33e+01 6.21e+02  -6.0 7.36e+00    -  1.18e-02 5.03e-02f  1
   4  4.5399427e+05 2.16e+01 5.76e+02  -6.0 6.63e+00    -  7.07e-03 6.96e-02f  1
   5  4.5361276e+05 2.03e+01 5.40e+02  -6.0 5.75e+00    -  1.90e-03 5.98e-02f  1
   6  4.5338726e+05 1.95e+01 5.17e+02  -6.0 5.18e+00    -  9.75e-03 4.07e-02f  1
   7  4.5328546e+05 1.90e+01 5.06e+02  -6.0 4.83e+00    -  2.98e-02 2.14e-02h  1
   8  4.5328461e+05 1.90e+01 5.06e+02  -6.0 4.70e+00    -  1.13e-01 1.00e-03h  1
   9  4.5327132e+05 1.86e+01 4.95e+02  -6.0 4.71e+00    -  5.56e-03 2.02e-02h  1
iter    objective    inf_pr   inf_du lg(mu)  ||d||  lg(rg) alpha_du alpha_pr  ls
  10  4.5324601e+05 1.76e+01 4.68e+02  -6.0 4.55e+00    -  1.08e-02 5.56e-02h  1
  11  4.5324766e+05 1.73e+01 4.61e+02  -6.0 4.11e+00    -  3.52e-02 1.37e-02h  1
  12  4.5324789e+05 1.73e+01 4.61e+02  -6.0 4.02e+00    -  1.04e-01 6.82e-04h  1
  13  4.5325122e+05 1.72e+01 4.58e+02  -6.0 4.02e+00    -  1.90e-01 7.39e-03h  1
  14  4.5326832e+05 1.66e+01 4.42e+02  -6.0 3.96e+00    -  8.91e-02 3.34e-02h  1
  15  4.5328610e+05 1.61e+01 4.29e+02  -6.0 3.72e+00    -  1.24e-01 3.11e-02h  1
  16  4.5335920e+05 1.42e+01 3.78e+02  -6.0 3.50e+00    -  2.26e-01 1.17e-01h  1
  17  4.5341308e+05 1.33e+01 3.54e+02  -6.0 2.75e+00    -  8.86e-03 6.42e-02h  1
  18  4.5353543e+05 1.14e+01 3.02e+02  -6.0 2.42e+00    -  2.62e-01 1.47e-01h  1
  19  4.5354925e+05 1.12e+01 2.97e+02  -6.0 1.77e+00    -  6.06e-02 1.54e-02h  1
iter    objective    inf_pr   inf_du lg(mu)  ||d||  lg(rg) alpha_du alpha_pr  ls
  20  4.5360164e+05 1.05e+01 2.80e+02  -6.0 1.71e+00    -  1.62e-01 5.85e-02h  1
  21  4.5373881e+05 8.91e+00 2.37e+02  -6.0 1.57e+00    -  1.99e-01 1.53e-01h  1
  22  4.5379122e+05 8.38e+00 2.23e+02  -6.0 1.44e+00    -  2.10e-01 5.93e-02h  1
  23  4.5397840e+05 6.57e+00 1.74e+02  -6.0 1.38e+00    -  5.06e-01 2.16e-01h  1
  24  4.5404407e+05 6.03e+00 1.56e+02  -6.0 1.18e+00    -  3.70e-01 8.24e-02h  1
  25  4.5413308e+05 5.32e+00 1.37e+02  -6.0 1.10e+00    -  2.18e-01 1.17e-01h  1
  26  4.5435302e+05 3.66e+00 9.42e+01  -6.0 9.98e-01    -  2.37e-01 3.13e-01h  1
  27  4.5474246e+05 1.02e+00 2.76e+01  -6.0 7.29e-01    -  3.59e-01 7.20e-01h  1
  28  4.5483032e+05 5.72e-01 1.58e+01  -6.0 2.43e-01    -  3.12e-01 4.42e-01h  1
  29  4.5491953e+05 1.25e-01 4.32e+00  -6.0 1.38e-01    -  3.42e-01 7.81e-01h  1
iter    objective    inf_pr   inf_du lg(mu)  ||d||  lg(rg) alpha_du alpha_pr  ls
  30  4.5494581e+05 4.72e-04 1.20e-02  -6.0 3.11e-02    -  9.98e-01 9.96e-01h  1
  31  4.5494600e+05 1.02e-07 3.70e-06  -6.0 1.92e-03    -  1.00e+00 1.00e+00h  1
  32  4.5494598e+05 9.49e-08 1.25e-06  -7.0 1.61e-03    -  1.00e+00 1.00e+00h  1
  33  4.5494598e+05 1.70e-08 2.71e-07  -7.0 7.17e-04    -  1.00e+00 1.00e+00h  1

Number of Iterations....: 33

                                   (scaled)                 (unscaled)
Objective...............:   5.2627739146775730e+03    4.5494598012749589e+05
Dual infeasibility......:   2.7122586815399257e-07    2.3446403061152378e-05
Constraint violation....:   1.6985569228911146e-08    1.6985569228911146e-08
Variable bound violation:   1.1412289602219516e-07    1.1412289602219516e-07
Complementarity.........:   2.1238750718167652e-07    1.8360059578490020e-05
Overall NLP error.......:   2.7122586815399257e-07    2.3446403061152378e-05


Number of objective function evaluations             = 34
Number of objective gradient evaluations             = 34
Number of equality constraint evaluations            = 34
Number of inequality constraint evaluations          = 35
Number of equality constraint Jacobian evaluations   = 34
Number of inequality constraint Jacobian evaluations = 34
Number of Lagrangian Hessian evaluations             = 33
Total seconds in IPOPT                               = 0.525

EXIT: Optimal Solution Found.

