Solver command line: ['/opt/homebrew/bin/ipopt', '/var/folders/6y/bvynbx6n3zv7z3lwg6vd724r0000gn/T/tmpfyxh2ncb.pyomo.nl', '-AMPL', 'tol=1e-06', 'max_iter=300', 'print_level=5', 'warm_start_init_point=yes', 'warm_start_bound_push=1e-06', 'warm_start_bound_frac=1e-06', 'warm_start_mult_bound_push=1e-06', 'mu_init=1e-06', 'least_square_init_duals=no']

Ipopt 3.14.19: tol=1e-06
max_iter=300
print_level=5
warm_start_init_point=yes
warm_start_bound_push=1e-06
warm_start_bound_frac=1e-06
warm_start_mult_bound_push=1e-06
mu_init=1e-06
least_square_init_duals=no


******************************************************************************
This program contains Ipopt, a library for large-scale nonlinear optimization.
 Ipopt is released as open source code under the Eclipse Public License (EPL).
         For more information visit https://github.com/coin-or/Ipopt
******************************************************************************

This is Ipopt version 3.14.19, running with linear solver MUMPS 5.6.2.

Number of nonzeros in equality constraint Jacobian...:     7543
Number of nonzeros in inequality constraint Jacobian.:     5824
Number of nonzeros in Lagrangian Hessian.............:     4160

Total number of variables............................:     1342
                     variables with only lower bounds:        0
                variables with lower and upper bounds:     1342
                     variables with only upper bounds:        0
Total number of equality constraints.................:     1001
Total number of inequality constraints...............:     1456
        inequality constraints with only lower bounds:        0
   inequality constraints with lower and upper bounds:        0
        inequality constraints with only upper bounds:     1456

iter    objective    inf_pr   inf_du lg(mu)  ||d||  lg(rg) alpha_du alpha_pr  ls
   0  4.5494584e+05 2.47e+01 6.59e+02  -6.0 0.00e+00    -  0.00e+00 0.00e+00   0
   1  4.5491603e+05 2.46e+01 6.57e+02  -6.0 7.67e+00    -  4.63e-03 3.30e-03h  1
   2  4.5485071e+05 2.44e+01 6.52e+02  -6.0 7.62e+00    -  1.93e-03 7.28e-03h  1
   3  4.5480178e+05 2.43e+01 6.48e+02  -6.0 7.49e+00    -  6.91e-02 5.52e-03h  1
   4  4.5476874e+05 2.42e+01 6.46e+02  -6.0 7.40e+00    -  7.97e-03 3.76e-03h  1
   5  4.5465640e+05 2.39e+01 6.38e+02  -6.0 9.08e+00    -  1.75e-02 1.29e-02f  1
   6  4.5450264e+05 2.35e+01 6.26e+02  -6.0 6.97e+00    -  2.36e-02 1.80e-02f  1
   7  4.5440433e+05 2.32e+01 6.18e+02  -6.0 6.99e+00    -  7.40e-03 1.18e-02f  1
   8  4.5416164e+05 2.25e+01 6.00e+02  -6.0 6.89e+00    -  4.76e-02 2.96e-02f  1
   9  4.5405191e+05 2.22e+01 5.91e+02  -6.0 6.32e+00    -  3.25e-02 1.40e-02f  1
iter    objective    inf_pr   inf_du lg(mu)  ||d||  lg(rg) alpha_du alpha_pr  ls
  10  4.5377631e+05 2.14e+01 5.69e+02  -6.0 6.18e+00    -  2.72e-02 3.60e-02f  1
  11  4.5371265e+05 2.12e+01 5.64e+02  -6.0 5.66e+00    -  9.23e-02 8.75e-03h  1
  12  4.5368418e+05 2.11e+01 5.62e+02  -6.0 5.53e+00    -  8.91e-02 3.95e-03h  1
  13  4.5357635e+05 2.08e+01 5.53e+02  -6.0 5.49e+00    -  5.74e-02 1.52e-02f  1
  14  4.5351086e+05 2.06e+01 5.48e+02  -6.0 5.35e+00    -  4.77e-01 9.41e-03h  1
  15  4.5338230e+05 2.02e+01 5.38e+02  -6.0 5.27e+00    -  1.82e-02 1.88e-02f  1
  16  4.5330852e+05 1.99e+01 5.32e+02  -6.0 5.11e+00    -  1.99e-01 1.13e-02h  1
  17  4.5328922e+05 1.99e+01 5.30e+02  -6.0 5.03e+00    -  9.20e-02 3.32e-03h  1
  18  4.5328033e+05 1.98e+01 5.27e+02  -6.0 5.11e+00    -  1.34e-01 5.59e-03h  1
  19  4.5323927e+05 1.86e+01 4.96e+02  -6.0 5.05e+00    -  1.41e-01 5.77e-02h  1
iter    objective    inf_pr   inf_du lg(mu)  ||d||  lg(rg) alpha_du alpha_pr  ls
  20  4.5324065e+05 1.83e+01 4.89e+02  -6.0 4.56e+00    -  2.42e-01 1.49e-02h  1
  21  4.5327659e+05 1.66e+01 4.42e+02  -6.0 4.45e+00    -  5.24e-02 9.67e-02h  1
  22  4.5328871e+05 1.62e+01 4.32e+02  -6.0 3.67e+00    -  9.74e-02 2.11e-02h  1
  23  4.5330042e+05 1.59e+01 4.24e+02  -6.0 3.52e+00    -  3.16e-01 1.92e-02h  1
  24  4.5335912e+05 1.45e+01 3.86e+02  -6.0 3.40e+00    -  1.78e-02 8.95e-02h  1
  25  4.5342826e+05 1.32e+01 3.52e+02  -6.0 2.84e+00    -  4.83e-02 8.88e-02h  1
  26  4.5348221e+05 1.23e+01 3.29e+02  -6.0 2.37e+00    -  1.32e-01 6.45e-02h  1
  27  4.5354108e+05 1.15e+01 3.06e+02  -6.0 2.08e+00    -  1.13e-01 6.83e-02h  1
  28  4.5357944e+05 1.10e+01 2.93e+02  -6.0 1.81e+00    -  5.90e-02 4.34e-02h  1
  29  4.5370323e+05 9.46e+00 2.52e+02  -6.0 1.66e+00    -  9.94e-03 1.40e-01h  1
iter    objective    inf_pr   inf_du lg(mu)  ||d||  lg(rg) alpha_du alpha_pr  ls
  30  4.5381565e+05 8.28e+00 2.21e+02  -6.0 1.46e+00    -  5.88e-02 1.25e-01h  1
  31  4.5390884e+05 7.36e+00 1.96e+02  -6.0 1.33e+00    -  1.77e-01 1.10e-01h  1
  32  4.5397882e+05 6.72e+00 1.79e+02  -6.0 1.23e+00    -  1.22e-01 8.65e-02h  1
  33  4.5400804e+05 6.47e+00 1.72e+02  -6.0 1.16e+00    -  1.76e-02 3.74e-02h  1
  34  4.5409033e+05 5.78e+00 1.55e+02  -6.0 1.13e+00    -  1.76e-02 1.07e-01h  1
  35  4.5410622e+05 5.65e+00 1.50e+02  -6.0 1.04e+00    -  1.05e-01 2.20e-02h  1
  36  4.5417774e+05 5.09e+00 1.36e+02  -6.0 1.02e+00    -  4.85e-02 1.00e-01h  1
  37  4.5429733e+05 4.17e+00 1.12e+02  -6.0 9.43e-01    -  1.46e-01 1.80e-01h  1
  38  4.5440242e+05 3.42e+00 9.09e+01  -6.0 8.01e-01    -  2.51e-01 1.82e-01h  1
  39  4.5456075e+05 2.33e+00 6.12e+01  -6.0 6.75e-01    -  4.01e-01 3.19e-01h  1
iter    objective    inf_pr   inf_du lg(mu)  ||d||  lg(rg) alpha_du alpha_pr  ls
  40  4.5477324e+05 9.67e-01 2.70e+01  -6.0 4.64e-01    -  1.10e-01 5.84e-01h  1
  41  4.5490752e+05 1.97e-01 6.90e+00  -6.0 2.12e-01    -  3.78e-01 7.96e-01h  1
  42  4.5492781e+05 9.26e-02 4.29e+00  -6.0 4.57e-02    -  3.98e-02 5.30e-01h  1
  43  4.5494280e+05 1.60e-02 7.62e-01  -6.0 6.72e-02    -  8.16e-01 8.27e-01h  1
  44  4.5494599e+05 1.66e-05 3.68e-04  -6.0 1.24e-02    -  1.00e+00 9.99e-01h  1
  45  4.5494600e+05 4.35e-07 1.65e-06  -6.0 3.92e-03    -  1.00e+00 1.00e+00h  1
  46  4.5494600e+05 3.54e-08 1.34e-07  -6.0 1.12e-03    -  1.00e+00 1.00e+00h  1
  47  4.5494598e+05 7.06e-08 7.67e-07  -7.0 1.38e-03    -  1.00e+00 1.00e+00h  1

Number of Iterations....: 47

                                   (scaled)                 (unscaled)
Objective...............:   5.2627739147388838e+03    4.5494598013279593e+05
Dual infeasibility......:   7.6681951330202650e-07    6.6288512620146065e-05
Constraint violation....:   7.0597570067665316e-08    7.0597570067665316e-08
Variable bound violation:   1.1412289602219516e-07    1.1412289602219516e-07
Complementarity.........:   2.9654223906453295e-07    2.5634903149488900e-05
Overall NLP error.......:   7.6681951330202650e-07    6.6288512620146065e-05


Number of objective function evaluations             = 48
Number of objective gradient evaluations             = 48
Number of equality constraint evaluations            = 48
Number of inequality constraint evaluations          = 49
Number of equality constraint Jacobian evaluations   = 48
Number of inequality constraint Jacobian evaluations = 48
Number of Lagrangian Hessian evaluations             = 47
Total seconds in IPOPT                               = 0.631

EXIT: Optimal Solution Found.

