Solver command line: ['/opt/homebrew/bin/ipopt', '/var/folders/6y/bvynbx6n3zv7z3lwg6vd724r0000gn/T/tmpj81dg8zv.pyomo.nl', '-AMPL', 'tol=1e-06', 'max_iter=300', 'print_level=5', 'warm_start_init_point=yes', 'warm_start_bound_push=1e-06', 'warm_start_bound_frac=1e-06', 'warm_start_mult_bound_push=1e-06', 'mu_init=1e-06', 'least_square_init_duals=no']

Ipopt 3.14.19: tol=1e-06
max_iter=300
print_level=5
warm_start_init_point=yes
warm_start_bound_push=1e-06
warm_start_bound_frac=1e-06
warm_start_mult_bound_push=1e-06
mu_init=1e-06
least_square_init_duals=no


******************************************************************************
This program contains Ipopt, a library for large-scale nonlinear optimization.
 Ipopt is released as open source code under the Eclipse Public License (EPL).
         For more information visit https://github.com/coin-or/Ipopt
******************************************************************************

This is Ipopt version 3.14.19, running with linear solver MUMPS 5.6.2.

Number of nonzeros in equality constraint Jacobian...:     7543
Number of nonzeros in inequality constraint Jacobian.:     5824
Number of nonzeros in Lagrangian Hessian.............:     4160

Total number of variables............................:     1342
                     variables with only lower bounds:        0
                variables with lower and upper bounds:     1342
                     variables with only upper bounds:        0
Total number of equality constraints.................:     1001
Total number of inequality constraints...............:     1456
        inequality constraints with only lower bounds:        0
   inequality constraints with lower and upper bounds:        0
        inequality constraints with only upper bounds:     1456

iter    objective    inf_pr   inf_du lg(mu)  ||d||  lg(rg) alpha_du alpha_pr  ls
   0  5.0530727e+05 8.07e+00 2.88e+03  -6.0 0.00e+00    -  0.00e+00 0.00e+00   0
   1  5.0523876e+05 8.07e+00 2.88e+03  -6.0 5.35e+01    -  3.44e-04 7.01e-05f  1
   2  5.0469895e+05 8.06e+00 2.88e+03  -6.0 5.35e+01    -  1.46e-03 5.52e-04f  1
   3  5.0275003e+05 8.05e+00 2.87e+03  -6.0 5.35e+01    -  4.45e-04 2.02e-03f  1
   4  5.0099318e+05 8.03e+00 2.87e+03  -6.0 5.33e+01    -  1.09e-03 1.94e-03f  1
   5  4.9929853e+05 8.02e+00 2.86e+03  -6.0 5.28e+01    -  1.92e-04 2.00e-03f  1
   6  4.9748461e+05 8.00e+00 2.85e+03  -6.0 5.23e+01    -  1.24e-03 2.21e-03f  1
   7  4.9563547e+05 7.98e+00 2.85e+03  -6.0 5.12e+01    -  2.50e-03 2.38e-03f  1
   8  4.9354914e+05 7.96e+00 2.84e+03  -6.0 4.88e+01    -  2.47e-03 2.90e-03f  1
   9  4.9148323e+05 7.93e+00 2.83e+03  -6.0 4.47e+01    -  1.01e-02 3.16e-03f  1
iter    objective    inf_pr   inf_du lg(mu)  ||d||  lg(rg) alpha_du alpha_pr  ls
  10  4.9006169e+05 7.91e+00 2.82e+03  -6.0 3.86e+01    -  1.20e-02 2.45e-03f  1
  11  4.8531082e+05 7.84e+00 2.80e+03  -6.0 3.70e+01    -  1.46e-02 8.66e-03f  1
  12  4.7954128e+05 7.76e+00 2.77e+03  -6.0 5.24e+01    -  3.11e-02 1.11e-02f  1
  13  4.7182380e+05 7.63e+00 2.72e+03  -6.0 7.51e+01    -  2.04e-02 1.60e-02f  1
  14  4.6501021e+05 7.52e+00 2.68e+03  -6.0 1.14e+02    -  6.07e-02 1.52e-02f  1
  15  4.6094735e+05 7.44e+00 2.66e+03  -6.0 1.40e+02    -  9.26e-02 9.93e-03f  1
  16  4.5567585e+05 7.33e+00 2.61e+03  -6.0 9.69e+01    -  4.33e-02 1.56e-02f  1
  17  4.4669914e+05 7.08e+00 2.53e+03  -6.0 5.73e+01    -  2.72e-02 3.32e-02f  1
  18  4.4324075e+05 6.97e+00 2.49e+03  -6.0 4.12e+01    -  3.01e-02 1.55e-02f  1
  19  4.3913063e+05 6.84e+00 2.44e+03  -6.0 3.89e+01    -  2.79e-02 1.97e-02f  1
iter    objective    inf_pr   inf_du lg(mu)  ||d||  lg(rg) alpha_du alpha_pr  ls
  20  4.3715770e+05 6.77e+00 2.42e+03  -6.0 3.80e+01    -  9.68e-02 1.01e-02f  1
  21  4.3111794e+05 6.54e+00 2.34e+03  -6.0 3.71e+01    -  3.97e-03 3.39e-02f  1
  22  4.2943479e+05 6.46e+00 2.31e+03  -6.0 3.76e+01    -  1.17e-01 1.19e-02f  1
  23  4.2769201e+05 6.37e+00 2.28e+03  -6.0 3.73e+01    -  6.74e-02 1.39e-02f  1
  24  4.2436715e+05 6.18e+00 2.21e+03  -6.0 3.73e+01    -  2.20e-02 3.01e-02f  1
  25  4.2140672e+05 5.99e+00 2.14e+03  -6.0 3.77e+01    -  3.25e-03 3.04e-02f  1
  26  4.2128697e+05 5.98e+00 2.14e+03  -6.0 3.80e+01    -  9.76e-03 1.39e-03f  1
  27  4.2058153e+05 5.93e+00 2.12e+03  -6.0 3.81e+01    -  1.66e-02 8.35e-03f  1
  28  4.1907347e+05 5.81e+00 2.08e+03  -6.0 3.81e+01    -  6.23e-03 2.00e-02f  1
  29  4.1896398e+05 5.80e+00 2.07e+03  -6.0 3.82e+01    -  1.68e-02 1.85e-03f  1
iter    objective    inf_pr   inf_du lg(mu)  ||d||  lg(rg) alpha_du alpha_pr  ls
  30  4.1783364e+05 5.68e+00 2.03e+03  -6.0 3.82e+01    -  2.53e-02 2.09e-02f  1
  31  4.1666771e+05 5.53e+00 1.98e+03  -6.0 3.83e+01    -  1.78e-02 2.58e-02f  1
  32  4.1659495e+05 5.52e+00 1.98e+03  -6.0 3.84e+01    -  1.36e-02 1.81e-03f  1
  33  4.1645566e+05 5.51e+00 1.97e+03  -6.0 3.84e+01    -  5.57e-04 3.54e-03f  1
  34  4.1641841e+05 5.50e+00 1.97e+03  -6.0 3.84e+01    -  2.88e-03 9.68e-04f  1
  35  4.1635835e+05 5.49e+00 1.96e+03  -6.0 3.84e+01    -  1.07e-02 1.59e-03f  1
  36  4.1560984e+05 5.38e+00 1.92e+03  -6.0 3.84e+01    -  1.83e-02 2.07e-02f  1
  37  4.1481552e+05 5.24e+00 1.87e+03  -6.0 3.84e+01    -  2.37e-02 2.55e-02f  1
  38  4.1435189e+05 5.14e+00 1.84e+03  -6.0 3.84e+01    -  1.68e-02 1.85e-02f  1
  39  4.1407353e+05 5.07e+00 1.81e+03  -6.0 3.83e+01    -  7.54e-02 1.39e-02f  1
iter    objective    inf_pr   inf_du lg(mu)  ||d||  lg(rg) alpha_du alpha_pr  ls
  40  4.1381627e+05 4.95e+00 1.77e+03  -6.0 3.82e+01    -  9.34e-03 2.36e-02f  1
  41  4.1378277e+05 4.93e+00 1.76e+03  -6.0 3.82e+01    -  5.16e-02 4.82e-03h  1
  42  4.1366494e+05 4.78e+00 1.71e+03  -6.0 3.82e+01    -  2.81e-03 2.91e-02h  1
  43  4.1365148e+05 4.70e+00 1.68e+03  -6.0 3.81e+01    -  3.37e-02 1.76e-02h  1
  44  4.1366986e+05 4.67e+00 1.67e+03  -6.0 3.79e+01    -  3.54e-02 6.70e-03h  1
  45  4.1367513e+05 4.66e+00 1.67e+03  -6.0 3.78e+01    -  4.61e-03 1.45e-03h  1
  46  4.1377011e+05 4.56e+00 1.63e+03  -6.0 3.78e+01    -  1.38e-02 2.16e-02h  1
  47  4.1378214e+05 4.55e+00 1.63e+03  -6.0 3.75e+01    -  5.08e-05 2.15e-03h  1
  48  4.1379733e+05 4.54e+00 1.63e+03  -6.0 3.75e+01    -  1.12e-04 2.65e-03h  1
  49  4.1380204e+05 4.54e+00 1.62e+03  -6.0 3.75e+01    -  2.74e-02 7.82e-04h  1
iter    objective    inf_pr   inf_du lg(mu)  ||d||  lg(rg) alpha_du alpha_pr  ls
  50  4.1381993e+05 4.52e+00 1.62e+03  -6.0 3.74e+01    -  3.04e-05 2.78e-03h  1
  51  4.1385896e+05 4.50e+00 1.61e+03  -6.0 3.74e+01    -  2.50e-04 5.89e-03h  1
  52  4.1387901e+05 4.48e+00 1.61e+03  -6.0 3.73e+01    -  2.55e-03 2.91e-03h  1
  53  4.1388552e+05 4.48e+00 1.60e+03  -6.0 3.74e+01    -  2.46e-02 8.86e-04h  1
  54  4.1444170e+05 4.19e+00 1.50e+03  -6.0 3.74e+01    -  1.47e-02 6.44e-02h  1
  55  4.1466009e+05 4.11e+00 1.47e+03  -6.0 3.66e+01    -  1.09e-01 2.01e-02h  1
  56  4.1500607e+05 3.99e+00 1.43e+03  -6.0 3.63e+01    -  1.26e-01 2.87e-02h  1
  57  4.1525362e+05 3.91e+00 1.41e+03  -6.0 3.59e+01    -  3.54e-02 1.87e-02h  1
  58  4.1583003e+05 3.75e+00 1.35e+03  -6.0 3.56e+01    -  1.48e-02 4.09e-02h  1
  59  4.1591038e+05 3.73e+00 1.34e+03  -6.0 3.49e+01    -  1.38e-01 5.51e-03h  1
iter    objective    inf_pr   inf_du lg(mu)  ||d||  lg(rg) alpha_du alpha_pr  ls
  60  4.1702044e+05 3.47e+00 1.25e+03  -6.0 3.48e+01    -  1.80e-02 7.13e-02h  1
  61  4.1760459e+05 3.34e+00 1.20e+03  -6.0 3.48e+01    -  1.37e-01 3.66e-02h  1
  62  4.1820252e+05 3.22e+00 1.16e+03  -6.0 3.72e+01    -  1.72e-01 3.63e-02h  1
  63  4.1839384e+05 3.19e+00 1.15e+03  -6.0 3.21e+01    -  2.02e-02 1.02e-02h  1
  64  4.1994049e+05 2.93e+00 1.06e+03  -6.0 3.19e+01    -  5.84e-02 8.20e-02h  1
  65  4.2164721e+05 2.66e+00 9.69e+02  -6.0 3.03e+01    -  1.09e-01 8.93e-02h  1
  66  4.2168503e+05 2.66e+00 9.68e+02  -6.0 2.85e+01    -  3.77e-01 1.94e-03h  1
  67  4.2230203e+05 2.58e+00 9.39e+02  -6.0 2.85e+01    -  2.41e-01 2.96e-02h  1
  68  4.2404630e+05 2.37e+00 8.64e+02  -6.0 2.79e+01    -  1.30e-03 8.23e-02h  1
  69  4.2486289e+05 2.28e+00 8.31e+02  -6.0 2.62e+01    -  2.95e-01 3.90e-02h  1
iter    objective    inf_pr   inf_du lg(mu)  ||d||  lg(rg) alpha_du alpha_pr  ls
  70  4.2641662e+05 2.11e+00 7.73e+02  -6.0 2.54e+01    -  5.00e-02 7.22e-02h  1
  71  4.2733164e+05 2.02e+00 7.38e+02  -6.0 2.41e+01    -  4.71e-01 4.51e-02h  1
  72  4.2853341e+05 1.90e+00 6.94e+02  -6.0 2.32e+01    -  3.27e-01 5.89e-02h  1
  73  4.3167094e+05 1.60e+00 5.80e+02  -6.0 2.21e+01    -  4.65e-01 1.56e-01h  1
  74  4.3287595e+05 1.50e+00 5.40e+02  -6.0 1.93e+01    -  2.50e-01 6.58e-02h  1
  75  4.3465796e+05 1.35e+00 4.83e+02  -6.0 1.82e+01    -  4.23e-01 9.87e-02h  1
  76  4.3792019e+05 1.09e+00 3.81e+02  -6.0 1.67e+01    -  2.23e-01 1.89e-01h  1
  77  4.3794579e+05 1.09e+00 3.80e+02  -6.0 1.40e+01    -  8.66e-02 1.68e-03h  1
  78  4.4144595e+05 8.46e-01 2.83e+02  -6.0 1.40e+01    -  1.24e-02 2.25e-01h  1
  79  4.4355599e+05 7.04e-01 2.33e+02  -6.0 1.12e+01    -  1.06e-01 1.67e-01h  1
iter    objective    inf_pr   inf_du lg(mu)  ||d||  lg(rg) alpha_du alpha_pr  ls
  80  4.4637060e+05 5.21e-01 1.69e+02  -6.0 9.45e+00    -  1.11e-01 2.60e-01h  1
  81  4.4908120e+05 3.50e-01 1.11e+02  -6.0 7.15e+00    -  3.27e-01 3.28e-01h  1
  82  4.5082052e+05 2.44e-01 7.67e+01  -6.0 4.90e+00    -  4.11e-01 3.03e-01h  1
  83  4.5253561e+05 1.41e-01 4.38e+01  -6.0 3.46e+00    -  3.45e-01 4.21e-01h  1
  84  4.5387927e+05 6.20e-02 1.89e+01  -6.0 2.03e+00    -  6.22e-01 5.61e-01h  1
  85  4.5491528e+05 1.70e-03 3.76e-01  -6.0 9.03e-01    -  6.86e-01 9.73e-01h  1
  86  4.5494601e+05 2.05e-07 5.81e-05  -6.0 2.73e-02    -  1.00e+00 1.00e+00h  1
  87  4.5494601e+05 1.83e-08 1.69e-07  -6.0 7.31e-04    -  1.00e+00 1.00e+00h  1
  88  4.5494598e+05 9.96e-08 8.53e-07  -7.1 1.63e-03    -  1.00e+00 1.00e+00h  1

Number of Iterations....: 88

                                   (scaled)                 (unscaled)
Objective...............:   3.8677644462990224e+03    4.5494598042778764e+05
Dual infeasibility......:   8.5254405724800864e-07    1.0028053604808204e-04
Constraint violation....:   9.9621743854250155e-08    9.9621743854250155e-08
Variable bound violation:   1.1375540864833056e-07    1.1375540864833056e-07
Complementarity.........:   2.8965436750752686e-07    3.4070609014723496e-05
Overall NLP error.......:   8.5254405724800864e-07    1.0028053604808204e-04


Number of objective function evaluations             = 89
Number of objective gradient evaluations             = 89
Number of equality constraint evaluations            = 89
Number of inequality constraint evaluations          = 90
Number of equality constraint Jacobian evaluations   = 89
Number of inequality constraint Jacobian evaluations = 89
Number of Lagrangian Hessian evaluations             = 88
Total seconds in IPOPT                               = 1.176

EXIT: Optimal Solution Found.

