Solver command line: ['/opt/homebrew/bin/ipopt', '/var/folders/6y/bvynbx6n3zv7z3lwg6vd724r0000gn/T/tmpaugtt2nu.pyomo.nl', '-AMPL', 'tol=1e-06', 'max_iter=300', 'print_level=5', 'warm_start_init_point=yes', 'warm_start_bound_push=1e-06', 'warm_start_bound_frac=1e-06', 'warm_start_mult_bound_push=1e-06', 'mu_init=1e-06', 'least_square_init_duals=no']

Ipopt 3.14.19: tol=1e-06
max_iter=300
print_level=5
warm_start_init_point=yes
warm_start_bound_push=1e-06
warm_start_bound_frac=1e-06
warm_start_mult_bound_push=1e-06
mu_init=1e-06
least_square_init_duals=no


******************************************************************************
This program contains Ipopt, a library for large-scale nonlinear optimization.
 Ipopt is released as open source code under the Eclipse Public License (EPL).
         For more information visit https://github.com/coin-or/Ipopt
******************************************************************************

This is Ipopt version 3.14.19, running with linear solver MUMPS 5.6.2.

Number of nonzeros in equality constraint Jacobian...:     7543
Number of nonzeros in inequality constraint Jacobian.:     5824
Number of nonzeros in Lagrangian Hessian.............:     4160

Total number of variables............................:     1342
                     variables with only lower bounds:        0
                variables with lower and upper bounds:     1342
                     variables with only upper bounds:        0
Total number of equality constraints.................:     1001
Total number of inequality constraints...............:     1456
        inequality constraints with only lower bounds:        0
   inequality constraints with lower and upper bounds:        0
        inequality constraints with only upper bounds:     1456

iter    objective    inf_pr   inf_du lg(mu)  ||d||  lg(rg) alpha_du alpha_pr  ls
   0  4.5494584e+05 2.47e+01 5.82e+01  -6.0 0.00e+00    -  0.00e+00 0.00e+00   0
   1  4.5485982e+05 2.47e+01 5.82e+01  -6.0 3.62e+03    -  3.45e-04 3.60e-04f  1
   2  4.5479763e+05 2.47e+01 5.82e+01  -6.0 4.16e+03    -  1.82e-04 2.74e-04f  1
   3  4.5478145e+05 2.47e+01 5.82e+01  -6.0 7.92e+03    -  3.13e-05 1.07e-04f  1
   4  4.5477860e+05 2.47e+01 5.82e+01  -6.0 7.09e+03    -  5.10e-05 3.18e-05h  1
   5  4.5477275e+05 2.47e+01 5.82e+01  -6.0 2.41e+03    -  2.84e-04 1.09e-04h  1
   6  4.5476090e+05 2.47e+01 5.82e+01  -6.0 1.19e+03    -  2.67e-04 3.57e-04h  1
   7  4.5474710e+05 2.47e+01 5.81e+01  -6.0 4.73e+02    -  1.21e-03 6.39e-04h  1
   8  4.5468311e+05 2.46e+01 5.76e+01  -6.0 2.00e+01    -  3.20e-02 3.09e-03f  1
   9  4.5448440e+05 2.43e+01 5.71e+01  -6.0 9.08e+00    -  8.06e-03 9.72e-03f  1
iter    objective    inf_pr   inf_du lg(mu)  ||d||  lg(rg) alpha_du alpha_pr  ls
  10  4.5334125e+05 2.29e+01 5.44e+01  -6.0 7.65e+00    -  2.63e-04 5.81e-02f  1
  11  4.5303572e+05 2.25e+01 5.27e+01  -6.0 9.61e+00    -  8.38e-02 1.85e-02f  1
  12  4.5285003e+05 2.22e+01 5.15e+01  -6.0 1.22e+01    -  7.38e-02 1.22e-02f  1
  13  4.5231086e+05 2.11e+01 4.91e+01  -6.0 1.35e+01    -  2.50e-02 5.07e-02f  1
  14  4.5223064e+05 2.09e+01 4.85e+01  -6.0 2.14e+01    -  4.02e-02 8.95e-03h  1
  15  4.5214242e+05 2.07e+01 4.80e+01  -6.0 2.02e+01    -  1.71e-02 1.02e-02h  1
  16  4.5210588e+05 2.06e+01 4.77e+01  -6.0 2.12e+01    -  2.12e-02 4.37e-03h  1
  17  4.5199690e+05 2.03e+01 4.64e+01  -6.0 2.15e+01    -  1.85e-01 1.32e-02h  1
  18  4.5100651e+05 1.77e+01 4.05e+01  -6.0 2.07e+01    -  1.55e-01 1.27e-01f  1
  19  4.5089252e+05 1.73e+01 3.94e+01  -6.0 2.91e+01    -  6.33e-02 2.61e-02h  1
iter    objective    inf_pr   inf_du lg(mu)  ||d||  lg(rg) alpha_du alpha_pr  ls
  20  4.5068711e+05 1.63e+01 3.73e+01  -6.0 3.02e+01    -  7.55e-03 5.34e-02h  1
  21  4.5066921e+05 1.62e+01 3.70e+01  -6.0 3.21e+01    -  1.18e-01 6.19e-03h  1
  22  4.5056877e+05 1.56e+01 3.57e+01  -6.0 3.22e+01    -  1.32e-02 3.60e-02h  1
  23  4.5042812e+05 1.47e+01 3.35e+01  -6.0 3.32e+01    -  2.18e-01 6.31e-02h  1
  24  4.5038872e+05 1.42e+01 3.26e+01  -6.0 3.45e+01    -  1.97e-01 2.91e-02h  1
  25  4.5029886e+05 1.30e+01 2.98e+01  -6.0 3.49e+01    -  2.35e-01 8.89e-02h  1
  26  4.5029748e+05 1.27e+01 2.93e+01  -6.0 3.57e+01    -  6.28e-02 1.94e-02h  1
  27  4.5030290e+05 1.19e+01 2.75e+01  -6.0 3.57e+01    -  8.01e-02 6.02e-02h  1
  28  4.5031119e+05 1.18e+01 2.72e+01  -6.0 3.57e+01    -  1.24e-01 1.50e-02h  1
  29  4.5035132e+05 1.10e+01 2.56e+01  -6.0 3.57e+01    -  1.20e-01 6.18e-02h  1
iter    objective    inf_pr   inf_du lg(mu)  ||d||  lg(rg) alpha_du alpha_pr  ls
  30  4.5040257e+05 1.05e+01 2.47e+01  -6.0 3.54e+01    -  3.47e-01 5.01e-02h  1
  31  4.5040265e+05 1.05e+01 2.47e+01  -6.0 3.49e+01    -  2.36e-02 6.47e-05h  1
  32  4.5040862e+05 1.04e+01 2.46e+01  -6.0 3.49e+01    -  1.96e-02 4.70e-03h  1
  33  4.5050567e+05 9.64e+00 2.27e+01  -6.0 3.49e+01    -  3.03e-02 7.52e-02h  1
  34  4.5089825e+05 7.25e+00 1.69e+01  -6.0 3.41e+01    -  7.42e-02 2.47e-01h  1
  35  4.5102543e+05 6.83e+00 1.59e+01  -6.0 3.02e+01    -  1.52e-02 5.72e-02h  1
  36  4.5107409e+05 6.68e+00 1.55e+01  -6.0 2.91e+01    -  2.19e-02 2.17e-02h  1
  37  4.5186175e+05 4.33e+00 9.94e+00  -6.0 2.87e+01    -  4.01e-02 3.49e-01h  1
  38  4.5199134e+05 4.07e+00 9.34e+00  -6.0 2.16e+01    -  8.60e-02 6.06e-02h  1
  39  4.5221416e+05 3.63e+00 8.34e+00  -6.0 2.06e+01    -  1.07e-01 1.08e-01h  1
iter    objective    inf_pr   inf_du lg(mu)  ||d||  lg(rg) alpha_du alpha_pr  ls
  40  4.5255067e+05 3.00e+00 6.89e+00  -6.0 1.88e+01    -  2.37e-02 1.74e-01h  1
  41  4.5272787e+05 2.69e+00 6.18e+00  -6.0 1.61e+01    -  3.25e-02 1.03e-01h  1
  42  4.5283224e+05 2.51e+00 5.77e+00  -6.0 1.46e+01    -  1.17e-01 6.59e-02h  1
  43  4.5299557e+05 2.24e+00 5.14e+00  -6.0 1.38e+01    -  8.98e-02 1.08e-01h  1
  44  4.5353632e+05 1.36e+00 1.03e+01  -6.0 1.24e+01    -  4.26e-02 3.92e-01h  1
  45  4.5360971e+05 1.25e+00 9.55e+00  -6.0 7.96e+00    -  7.55e-02 7.96e-02h  1
  46  4.5368012e+05 1.15e+00 7.01e+00  -6.0 7.35e+00    -  1.59e-01 8.22e-02h  1
  47  4.5371753e+05 1.09e+00 8.88e+00  -6.0 6.26e+00    -  1.01e-02 4.71e-02h  1
  48  4.5372115e+05 1.09e+00 8.92e+00  -6.0 5.72e+00    -  2.41e-02 4.52e-03h  1
  49  4.5372649e+05 1.08e+00 9.21e+00  -6.0 6.35e+00    -  2.78e-02 6.49e-03h  1
iter    objective    inf_pr   inf_du lg(mu)  ||d||  lg(rg) alpha_du alpha_pr  ls
  50  4.5372755e+05 1.08e+00 9.22e+00  -6.0 8.23e+00    -  7.37e-03 1.25e-03h  1
  51  4.5373068e+05 1.08e+00 1.18e+01  -6.0 1.73e+01    -  2.73e-02 3.52e-03h  1
  52  4.5374021e+05 1.07e+00 1.38e+01  -6.0 1.46e+01    -  4.37e-03 1.04e-02h  1
  53  4.5374039e+05 1.07e+00 1.38e+01  -6.0 2.82e+01    -  5.24e-03 1.80e-04h  1
  54  4.5394264e+05 8.79e-01 1.24e+01  -6.0 6.07e+00    -  4.18e-02 1.75e-01h  1
  55  4.5424826e+05 6.02e-01 1.08e+01  -6.0 5.04e+00    -  1.76e-01 3.15e-01h  1
  56  4.5484279e+05 8.02e-02 7.19e+00  -6.0 3.50e+00    -  4.38e-01 8.66e-01h  1
  57  4.5494582e+05 1.47e-05 1.53e+00  -6.0 5.09e-01    -  8.00e-01 1.00e+00h  1
  58  4.5494600e+05 5.65e-06 2.13e-05  -6.0 1.41e-02    -  1.00e+00 1.00e+00h  1
  59  4.5494600e+05 6.80e-07 2.57e-06  -6.0 4.90e-03    -  1.00e+00 1.00e+00h  1
iter    objective    inf_pr   inf_du lg(mu)  ||d||  lg(rg) alpha_du alpha_pr  ls
  60  4.5494600e+05 7.25e-08 2.74e-07  -6.0 1.60e-03    -  1.00e+00 1.00e+00h  1
  61  4.5494598e+05 7.06e-08 7.52e-07  -7.0 1.52e-03    -  1.00e+00 1.00e+00h  1

Number of Iterations....: 61

                                   (scaled)                 (unscaled)
Objective...............:   5.2627739147308657e+03    4.5494598013210279e+05
Dual infeasibility......:   7.5217626595308227e-07    6.5022661830159594e-05
Constraint violation....:   7.0615386704719896e-08    7.0615386704719896e-08
Variable bound violation:   1.1412289602219516e-07    1.1412289602219516e-07
Complementarity.........:   2.9654555167252007e-07    2.5635189511341394e-05
Overall NLP error.......:   7.5217626595308227e-07    6.5022661830159594e-05


Number of objective function evaluations             = 62
Number of objective gradient evaluations             = 62
Number of equality constraint evaluations            = 62
Number of inequality constraint evaluations          = 63
Number of equality constraint Jacobian evaluations   = 62
Number of inequality constraint Jacobian evaluations = 62
Number of Lagrangian Hessian evaluations             = 61
Total seconds in IPOPT                               = 0.785

EXIT: Optimal Solution Found.

