Solver command line: ['/opt/homebrew/bin/ipopt', '/var/folders/6y/bvynbx6n3zv7z3lwg6vd724r0000gn/T/tmph59eklwh.pyomo.nl', '-AMPL', 'tol=1e-06', 'max_iter=300', 'print_level=5', 'warm_start_init_point=yes', 'warm_start_bound_push=1e-06', 'warm_start_bound_frac=1e-06', 'warm_start_mult_bound_push=1e-06', 'mu_init=1e-06', 'least_square_init_duals=no']

Ipopt 3.14.19: tol=1e-06
max_iter=300
print_level=5
warm_start_init_point=yes
warm_start_bound_push=1e-06
warm_start_bound_frac=1e-06
warm_start_mult_bound_push=1e-06
mu_init=1e-06
least_square_init_duals=no


******************************************************************************
This program contains Ipopt, a library for large-scale nonlinear optimization.
 Ipopt is released as open source code under the Eclipse Public License (EPL).
         For more information visit https://github.com/coin-or/Ipopt
******************************************************************************

This is Ipopt version 3.14.19, running with linear solver MUMPS 5.6.2.

Number of nonzeros in equality constraint Jacobian...:     7543
Number of nonzeros in inequality constraint Jacobian.:     5824
Number of nonzeros in Lagrangian Hessian.............:     4160

Total number of variables............................:     1342
                     variables with only lower bounds:        0
                variables with lower and upper bounds:     1342
                     variables with only upper bounds:        0
Total number of equality constraints.................:     1001
Total number of inequality constraints...............:     1456
        inequality constraints with only lower bounds:        0
   inequality constraints with lower and upper bounds:        0
        inequality constraints with only upper bounds:     1456

iter    objective    inf_pr   inf_du lg(mu)  ||d||  lg(rg) alpha_du alpha_pr  ls
   0  4.5494584e+05 2.47e+01 3.26e+03  -6.0 0.00e+00    -  0.00e+00 0.00e+00   0
   1  4.5493853e+05 2.47e+01 3.26e+03  -6.0 7.45e+00   0.0 1.71e-04 3.04e-04h  1
   2  4.5489469e+05 2.47e+01 3.25e+03  -6.0 1.87e+01  -0.5 1.64e-03 8.05e-04f  1
   3  4.5489081e+05 2.47e+01 3.25e+03  -6.0 7.43e+00  -0.1 2.31e-03 1.59e-04h  1
   4  4.5488332e+05 2.47e+01 3.25e+03  -6.0 2.03e+01  -0.5 1.49e-04 1.30e-04h  1
   5  4.5482107e+05 2.46e+01 3.24e+03  -6.0 7.54e+00  -0.1 1.75e-04 2.51e-03f  1
   6  4.5481142e+05 2.46e+01 3.24e+03  -6.0 2.57e+01  -0.6 1.53e-05 1.71e-04h  1
   7  4.5481042e+05 2.46e+01 3.24e+03  -6.0 7.96e+00  -0.2 2.18e-03 3.92e-05h  1
   8  4.5460582e+05 2.45e+01 3.23e+03  -6.0 3.76e+01  -0.6 1.03e-04 2.92e-03f  1
   9  4.5458516e+05 2.45e+01 3.23e+03  -6.0 2.36e+02  -1.1 4.65e-04 6.27e-05f  1
iter    objective    inf_pr   inf_du lg(mu)  ||d||  lg(rg) alpha_du alpha_pr  ls
  10  4.5446834e+05 2.45e+01 3.22e+03  -6.0 2.56e+01  -0.7 3.13e-03 2.46e-03f  1
  11  4.5445122e+05 2.45e+01 3.22e+03  -6.0 1.06e+02  -1.2 3.79e-07 1.06e-04f  1
  12  4.5442412e+05 2.45e+01 3.22e+03  -6.0 1.94e+01  -0.7 1.87e-04 6.06e-04f  1
  13  4.5441300e+05 2.45e+01 3.22e+03  -6.0 1.00e+02  -1.2 8.15e-04 7.48e-05f  1
  14  4.5441045e+05 2.45e+01 3.22e+03  -6.0 2.08e+01  -0.8 6.51e-04 5.62e-05h  1
  15  4.5439808e+05 2.45e+01 3.21e+03  -6.0 1.15e+02  -1.3 8.66e-04 7.78e-05f  1
  16  4.5438096e+05 2.45e+01 3.21e+03  -6.0 2.37e+01  -0.8 3.38e-03 3.60e-04h  1
  17  4.5436370e+05 2.44e+01 3.21e+03  -6.0 1.21e+02  -1.3 7.65e-04 1.21e-04f  1
  18  4.5435058e+05 2.44e+01 3.21e+03  -6.0 9.68e+02  -1.8 4.75e-05 1.84e-05f  1
  19  4.5430687e+05 2.44e+01 3.21e+03  -6.0 1.28e+02  -1.4 4.20e-03 3.88e-04f  1
iter    objective    inf_pr   inf_du lg(mu)  ||d||  lg(rg) alpha_du alpha_pr  ls
  20  4.5427748e+05 2.44e+01 3.21e+03  -6.0 5.07e+02  -1.8 2.05e-04 8.19e-05f  1
  21  4.5425811e+05 2.44e+01 3.21e+03  -6.0 1.59e+03  -2.3 9.76e-05 1.88e-05f  1
  22  4.5421249e+05 2.44e+01 3.21e+03  -6.0 4.88e+03  -2.8 7.70e-09 1.50e-05f  1
  23  4.5421244e+05 2.44e+01 3.21e+03  -6.0 5.88e+01  -2.4 1.88e-03 3.34e-06h  1
  24  4.5418146e+05 2.44e+01 3.20e+03  -6.0 7.12e+01  -2.8 3.82e-03 1.90e-03f  1
  25  4.5418144e+05 2.44e+01 3.20e+03  -6.0 8.89e+00  -2.4 1.36e-01 1.12e-06h  1
  26  4.5410431e+05 2.43e+01 3.19e+03  -6.0 8.11e+00  -2.0 2.90e-02 5.37e-03h  1
  27  4.5401552e+05 2.41e+01 3.17e+03  -6.0 9.86e+00  -2.5 5.78e-02 6.23e-03h  1
  28  4.5377957e+05 2.37e+01 3.11e+03  -6.0 8.08e+00  -2.0 9.04e-02 1.70e-02f  1
  29  4.5359592e+05 2.34e+01 3.07e+03  -6.0 8.46e+00  -2.5 5.48e-02 1.40e-02f  1
iter    objective    inf_pr   inf_du lg(mu)  ||d||  lg(rg) alpha_du alpha_pr  ls
  30  4.5349286e+05 2.32e+01 3.04e+03  -6.0 9.45e+00  -2.1 1.56e-01 8.25e-03h  1
  31  4.5321183e+05 2.26e+01 2.98e+03  -6.0 1.05e+01  -2.6 8.76e-02 2.30e-02f  1
  32  4.5315961e+05 2.25e+01 2.96e+03  -6.0 1.18e+01  -2.1 2.56e-01 5.02e-03h  1
  33  4.5253632e+05 2.12e+01 2.80e+03  -6.0 1.33e+01  -2.6 7.67e-02 5.62e-02f  1
  34  4.5246396e+05 2.11e+01 2.78e+03  -6.0 1.71e+01  -2.2 1.35e-02 7.94e-03h  1
  35  4.5231523e+05 2.07e+01 2.73e+03  -6.0 1.77e+01  -2.7 2.82e-02 1.67e-02h  1
  36  4.5214050e+05 2.03e+01 2.68e+03  -6.0 1.92e+01  -2.2 3.51e-02 2.08e-02f  1
  37  4.5212414e+05 2.03e+01 2.67e+03  -6.0 2.08e+01  -2.7 6.28e-02 2.09e-03h  1
  38  4.5164340e+05 1.90e+01 2.51e+03  -6.0 2.10e+01  -2.3 5.30e-02 6.18e-02f  1
  39  4.5090318e+05 1.67e+01 2.24e+03  -6.0 2.53e+01  -2.8 7.45e-02 1.20e-01f  1
iter    objective    inf_pr   inf_du lg(mu)  ||d||  lg(rg) alpha_du alpha_pr  ls
  40  4.5088922e+05 1.66e+01 2.23e+03  -6.0 3.14e+01  -2.4 3.25e-02 4.08e-03h  1
  41  4.5069568e+05 1.57e+01 2.10e+03  -6.0 3.15e+01  -2.8 7.01e-03 5.75e-02h  1
  42  4.5067742e+05 1.56e+01 2.09e+03  -6.0 3.32e+01  -3.3 5.27e-02 7.54e-03h  1
  43  4.5058245e+05 1.49e+01 2.00e+03  -6.0 3.34e+01  -2.9 1.11e-02 4.12e-02h  1
  44  4.5043402e+05 1.36e+01 1.84e+03  -6.0 3.42e+01  -3.4 2.14e-03 8.59e-02h  1
  45  4.5039015e+05 1.27e+01 1.72e+03  -6.0 3.54e+01    -  9.79e-02 6.49e-02h  1
  46  4.5038975e+05 1.26e+01 1.71e+03  -6.0 3.57e+01    -  2.16e-01 7.93e-03h  1
  47  4.5039050e+05 1.20e+01 1.63e+03  -6.0 3.57e+01    -  2.71e-01 5.05e-02h  1
  48  4.5039706e+05 1.18e+01 1.60e+03  -6.0 3.57e+01    -  2.65e-02 1.67e-02h  1
  49  4.5051762e+05 9.08e+00 1.27e+03  -6.0 3.56e+01    -  6.66e-02 2.28e-01h  1
iter    objective    inf_pr   inf_du lg(mu)  ||d||  lg(rg) alpha_du alpha_pr  ls
  50  4.5060519e+05 8.65e+00 1.21e+03  -6.0 3.38e+01    -  1.62e-01 4.80e-02h  1
  51  4.5090211e+05 7.31e+00 1.03e+03  -6.0 3.30e+01    -  6.56e-02 1.54e-01h  1
  52  4.5106652e+05 6.76e+00 9.50e+02  -6.0 3.04e+01    -  3.69e-01 7.52e-02h  1
  53  4.5140825e+05 5.72e+00 8.08e+02  -6.0 2.90e+01    -  2.74e-02 1.54e-01h  1
  54  4.5188762e+05 4.48e+00 6.37e+02  -6.0 2.60e+01    -  8.25e-02 2.15e-01h  1
  55  4.5195692e+05 4.33e+00 6.16e+02  -6.0 2.18e+01    -  1.87e-02 3.33e-02h  1
  56  4.5199371e+05 4.26e+00 6.05e+02  -6.0 2.13e+01    -  3.94e-02 1.80e-02h  1
  57  4.5207784e+05 4.08e+00 5.80e+02  -6.0 2.10e+01    -  7.05e-03 4.15e-02h  1
  58  4.5212687e+05 3.98e+00 5.66e+02  -6.0 2.03e+01    -  3.63e-02 2.47e-02h  1
  59  4.5241158e+05 3.40e+00 4.83e+02  -6.0 1.98e+01    -  5.57e-02 1.46e-01h  1
iter    objective    inf_pr   inf_du lg(mu)  ||d||  lg(rg) alpha_du alpha_pr  ls
  60  4.5254414e+05 3.15e+00 4.47e+02  -6.0 1.74e+01    -  8.27e-02 7.42e-02h  1
  61  4.5366349e+05 1.07e+00 1.33e+02  -6.0 1.63e+01    -  1.00e-01 6.58e-01h  1
  62  4.5366893e+05 1.06e+00 1.33e+02  -6.0 3.08e+01    -  5.14e-03 5.30e-03h  1
  63  4.5368097e+05 1.05e+00 1.33e+02  -6.0 3.55e+01    -  5.19e-03 1.06e-02h  1
  64  4.5403378e+05 7.46e-01 9.43e+01  -6.0 6.33e+00    -  3.96e-03 2.90e-01h  1
  65  4.5447821e+05 3.74e-01 4.70e+01  -6.0 4.55e+00    -  1.77e-01 4.99e-01h  1
  66  4.5480045e+05 1.14e-01 1.42e+01  -6.0 2.32e+00    -  5.44e-01 6.96e-01h  1
  67  4.5492731e+05 1.40e-02 5.28e+00  -6.0 7.35e-01    -  1.90e-01 8.76e-01h  1
  68  4.5494597e+05 1.13e-04 3.47e+00  -6.0 2.21e-01    -  3.71e-01 1.00e+00h  1
  69  4.5494597e+05 1.70e-04 1.91e+00  -6.0 1.01e-01    -  4.63e-01 1.00e+00h  1
iter    objective    inf_pr   inf_du lg(mu)  ||d||  lg(rg) alpha_du alpha_pr  ls
  70  4.5494600e+05 7.24e-06 3.63e-01  -6.0 1.73e-02    -  8.07e-01 1.00e+00h  1
  71  4.5494600e+05 7.50e-07 2.83e-06  -6.0 5.12e-03    -  1.00e+00 1.00e+00h  1
  72  4.5494600e+05 3.83e-08 1.44e-07  -6.0 1.17e-03    -  1.00e+00 1.00e+00h  1
  73  4.5494598e+05 7.06e-08 7.52e-07  -7.0 1.52e-03    -  1.00e+00 1.00e+00h  1

Number of Iterations....: 73

                                   (scaled)                 (unscaled)
Objective...............:   5.2627739147363036e+03    4.5494598013257288e+05
Dual infeasibility......:   7.5209789885278405e-07    6.5015887304437431e-05
Constraint violation....:   7.0605982227522901e-08    7.0605982227522901e-08
Variable bound violation:   1.1412289602219516e-07    1.1412289602219516e-07
Complementarity.........:   2.9654435739164242e-07    2.5635086270485291e-05
Overall NLP error.......:   7.5209789885278405e-07    6.5015887304437431e-05


Number of objective function evaluations             = 74
Number of objective gradient evaluations             = 74
Number of equality constraint evaluations            = 74
Number of inequality constraint evaluations          = 75
Number of equality constraint Jacobian evaluations   = 74
Number of inequality constraint Jacobian evaluations = 74
Number of Lagrangian Hessian evaluations             = 73
Total seconds in IPOPT                               = 1.082

EXIT: Optimal Solution Found.

