Solver command line: ['/opt/homebrew/bin/ipopt', '/var/folders/6y/bvynbx6n3zv7z3lwg6vd724r0000gn/T/tmp7y4b7kf4.pyomo.nl', '-AMPL', 'tol=1e-06', 'max_iter=300', 'print_level=5', 'warm_start_init_point=yes', 'warm_start_bound_push=1e-06', 'warm_start_bound_frac=1e-06', 'warm_start_mult_bound_push=1e-06', 'mu_init=1e-06', 'least_square_init_duals=no']

Ipopt 3.14.19: tol=1e-06
max_iter=300
print_level=5
warm_start_init_point=yes
warm_start_bound_push=1e-06
warm_start_bound_frac=1e-06
warm_start_mult_bound_push=1e-06
mu_init=1e-06
least_square_init_duals=no


******************************************************************************
This program contains Ipopt, a library for large-scale nonlinear optimization.
 Ipopt is released as open source code under the Eclipse Public License (EPL).
         For more information visit https://github.com/coin-or/Ipopt
******************************************************************************

This is Ipopt version 3.14.19, running with linear solver MUMPS 5.6.2.

Number of nonzeros in equality constraint Jacobian...:     7543
Number of nonzeros in inequality constraint Jacobian.:     5824
Number of nonzeros in Lagrangian Hessian.............:     4160

Total number of variables............................:     1342
                     variables with only lower bounds:        0
                variables with lower and upper bounds:     1342
                     variables with only upper bounds:        0
Total number of equality constraints.................:     1001
Total number of inequality constraints...............:     1456
        inequality constraints with only lower bounds:        0
   inequality constraints with lower and upper bounds:        0
        inequality constraints with only upper bounds:     1456

iter    objective    inf_pr   inf_du lg(mu)  ||d||  lg(rg) alpha_du alpha_pr  ls
   0  5.0530727e+05 2.47e+01 4.84e+02  -6.0 0.00e+00    -  0.00e+00 0.00e+00   0
   1  5.0521154e+05 2.47e+01 4.84e+02  -6.0 1.15e+05    -  1.86e-06 1.86e-06f  1
   2  5.0518578e+05 2.47e+01 4.84e+02  -6.0 5.88e+04    -  8.03e-06 1.88e-06f  1
   3  5.0516282e+05 2.47e+01 4.84e+02  -6.0 9.94e+03    -  2.25e-05 8.73e-06f  1
   4  5.0512927e+05 2.47e+01 4.84e+02  -6.0 4.98e+03    -  7.69e-05 2.39e-05f  1
   5  5.0509558e+05 2.47e+01 4.84e+02  -6.0 5.12e+02    -  1.18e-03 2.72e-05f  1
   6  5.0498972e+05 2.47e+01 4.84e+02  -6.0 7.67e+01    -  7.83e-04 9.30e-05f  1
   7  5.0470007e+05 2.47e+01 4.84e+02  -6.0 7.72e+01    -  5.11e-04 2.62e-04f  1
   8  5.0469720e+05 2.47e+01 4.84e+02  -6.0 7.78e+01    -  8.52e-04 2.66e-06f  1
   9  5.0425078e+05 2.47e+01 4.84e+02  -6.0 7.80e+01    -  1.27e-04 4.27e-04f  1
iter    objective    inf_pr   inf_du lg(mu)  ||d||  lg(rg) alpha_du alpha_pr  ls
  10  5.0415560e+05 2.47e+01 4.84e+02  -6.0 7.91e+01    -  1.67e-04 9.05e-05f  1
  11  5.0414648e+05 2.47e+01 4.84e+02  -6.0 7.93e+01    -  1.14e-04 8.91e-06f  1
  12  5.0324218e+05 2.46e+01 4.83e+02  -6.0 7.93e+01    -  1.79e-05 8.84e-04f  1
  13  5.0308356e+05 2.46e+01 4.83e+02  -6.0 8.18e+01    -  9.87e-04 1.59e-04f  1
  14  5.0306895e+05 2.46e+01 4.83e+02  -6.0 8.24e+01    -  5.47e-04 1.48e-05f  1
  15  5.0294924e+05 2.46e+01 4.83e+02  -6.0 8.25e+01    -  2.44e-03 1.22e-04f  1
  16  5.0226981e+05 2.46e+01 4.83e+02  -6.0 8.28e+01    -  5.74e-04 7.57e-04f  1
  17  5.0114758e+05 2.46e+01 4.82e+02  -6.0 8.50e+01    -  7.95e-03 1.26e-03f  1
  18  4.9997191e+05 2.46e+01 4.82e+02  -6.0 8.86e+01    -  2.94e-03 1.32e-03f  1
  19  4.9985416e+05 2.46e+01 4.82e+02  -6.0 9.13e+01    -  1.85e-02 1.32e-04f  1
iter    objective    inf_pr   inf_du lg(mu)  ||d||  lg(rg) alpha_du alpha_pr  ls
  20  4.9855976e+05 2.45e+01 4.81e+02  -6.0 9.09e+01    -  8.02e-03 1.54e-03f  1
  21  4.9687265e+05 2.45e+01 4.80e+02  -6.0 9.39e+01    -  2.60e-02 2.01e-03f  1
  22  4.9589578e+05 2.44e+01 4.79e+02  -6.0 6.80e+01    -  1.56e-02 1.23e-03f  1
  23  4.9514338e+05 2.44e+01 4.79e+02  -6.0 6.71e+01    -  1.93e-02 9.89e-04f  1
  24  4.9426188e+05 2.44e+01 4.78e+02  -6.0 6.87e+01    -  7.87e-03 1.19e-03f  1
  25  4.9349811e+05 2.44e+01 4.78e+02  -6.0 7.20e+01    -  7.52e-03 1.09e-03f  1
  26  4.9304713e+05 2.43e+01 4.77e+02  -6.0 7.46e+01    -  5.86e-03 6.93e-04f  1
  27  4.9113546e+05 2.43e+01 4.76e+02  -6.0 7.54e+01    -  7.25e-04 2.94e-03f  1
  28  4.9085597e+05 2.43e+01 4.76e+02  -6.0 7.73e+01    -  1.22e-02 4.85e-04f  1
  29  4.8689287e+05 2.41e+01 4.72e+02  -6.0 7.58e+01    -  8.03e-03 7.15e-03f  1
iter    objective    inf_pr   inf_du lg(mu)  ||d||  lg(rg) alpha_du alpha_pr  ls
  30  4.8581079e+05 2.40e+01 4.71e+02  -6.0 7.37e+01    -  3.74e-02 1.99e-03f  1
  31  4.8360558e+05 2.39e+01 4.69e+02  -6.0 7.00e+01    -  2.29e-02 4.14e-03f  1
  32  4.8125902e+05 2.38e+01 4.67e+02  -6.0 7.22e+01    -  1.08e-02 4.47e-03f  1
  33  4.8117389e+05 2.38e+01 4.67e+02  -6.0 7.40e+01    -  1.62e-02 1.64e-04f  1
  34  4.8015256e+05 2.38e+01 4.66e+02  -6.0 7.39e+01    -  7.74e-02 2.00e-03f  1
  35  4.7739554e+05 2.36e+01 4.64e+02  -6.0 7.39e+01    -  9.04e-03 5.58e-03f  1
  36  4.7423535e+05 2.35e+01 4.61e+02  -6.0 7.27e+01    -  3.05e-04 6.54e-03f  1
  37  4.7401187e+05 2.35e+01 4.60e+02  -6.0 7.79e+01    -  5.05e-02 4.67e-04f  1
  38  4.7097315e+05 2.33e+01 4.58e+02  -6.0 7.82e+01    -  2.44e-03 6.42e-03f  1
  39  4.7049504e+05 2.33e+01 4.57e+02  -6.0 8.02e+01    -  4.56e-02 1.03e-03f  1
iter    objective    inf_pr   inf_du lg(mu)  ||d||  lg(rg) alpha_du alpha_pr  ls
  40  4.6806796e+05 2.32e+01 4.55e+02  -6.0 8.05e+01    -  1.20e-02 5.24e-03f  1
  41  4.6509735e+05 2.30e+01 4.52e+02  -6.0 8.57e+01    -  2.89e-02 6.58e-03f  1
  42  4.6329917e+05 2.29e+01 4.50e+02  -6.0 8.83e+01    -  1.73e-02 4.03e-03f  1
  43  4.5907022e+05 2.27e+01 4.45e+02  -6.0 9.06e+01    -  1.59e-02 9.67e-03f  1
  44  4.5875730e+05 2.27e+01 4.45e+02  -6.0 8.51e+01    -  5.03e-02 7.45e-04f  1
  45  4.5693229e+05 2.26e+01 4.43e+02  -6.0 7.29e+01    -  3.16e-03 4.58e-03f  1
  46  4.5542635e+05 2.25e+01 4.41e+02  -6.0 6.81e+01    -  1.34e-02 3.95e-03f  1
  47  4.5366194e+05 2.24e+01 4.39e+02  -6.0 5.85e+01    -  2.21e-02 5.70e-03f  1
  48  4.5190719e+05 2.22e+01 4.36e+02  -6.0 2.28e+01    -  2.35e-02 7.17e-03f  1
  49  4.4676514e+05 2.17e+01 4.26e+02  -6.0 2.42e+01    -  2.22e-02 2.26e-02f  1
iter    objective    inf_pr   inf_du lg(mu)  ||d||  lg(rg) alpha_du alpha_pr  ls
  50  4.4495416e+05 2.15e+01 4.22e+02  -6.0 2.22e+01    -  2.08e-02 8.32e-03f  1
  51  4.3822801e+05 2.08e+01 4.09e+02  -6.0 2.37e+01    -  1.50e-02 3.19e-02f  1
  52  4.3690482e+05 2.07e+01 4.06e+02  -6.0 2.07e+01    -  3.61e-02 6.63e-03f  1
  53  4.3624066e+05 2.06e+01 4.05e+02  -6.0 2.01e+01    -  1.83e-02 3.37e-03f  1
  54  4.3616912e+05 2.06e+01 4.05e+02  -6.0 2.05e+01    -  1.92e-02 3.74e-04f  1
  55  4.3464037e+05 2.04e+01 4.01e+02  -6.0 2.07e+01    -  1.08e-02 8.17e-03f  1
  56  4.3330031e+05 2.03e+01 3.98e+02  -6.0 1.70e+01    -  1.45e-02 7.42e-03f  1
  57  4.3262583e+05 2.02e+01 3.97e+02  -6.0 1.68e+01    -  2.00e-02 3.79e-03f  1
  58  4.3119658e+05 2.00e+01 3.93e+02  -6.0 1.58e+01    -  2.93e-02 9.46e-03f  1
  59  4.3098443e+05 2.00e+01 3.92e+02  -6.0 1.60e+01    -  1.61e-02 1.45e-03f  1
iter    objective    inf_pr   inf_du lg(mu)  ||d||  lg(rg) alpha_du alpha_pr  ls
  60  4.3080407e+05 2.00e+01 3.92e+02  -6.0 1.62e+01    -  2.07e-02 1.26e-03f  1
  61  4.2996133e+05 1.98e+01 3.90e+02  -6.0 1.61e+01    -  4.41e-02 6.14e-03f  1
  62  4.2925591e+05 1.97e+01 3.87e+02  -6.0 1.24e+01    -  3.84e-02 5.35e-03f  1
  63  4.2642319e+05 1.93e+01 3.79e+02  -6.0 2.59e+01    -  4.44e-04 2.15e-02f  1
  64  4.2605599e+05 1.93e+01 3.78e+02  -6.0 2.51e+01    -  2.91e-02 2.98e-03f  1
  65  4.2544738e+05 1.92e+01 3.76e+02  -6.0 2.51e+01    -  1.42e-02 5.00e-03f  1
  66  4.2517227e+05 1.91e+01 3.75e+02  -6.0 2.60e+01    -  8.49e-03 2.36e-03f  1
  67  4.2420233e+05 1.89e+01 3.72e+02  -6.0 2.62e+01    -  4.86e-03 8.54e-03f  1
  68  4.2368479e+05 1.89e+01 3.70e+02  -6.0 2.60e+01    -  1.50e-02 4.78e-03f  1
  69  4.2222546e+05 1.86e+01 3.65e+02  -6.0 2.61e+01    -  6.77e-03 1.38e-02f  1
iter    objective    inf_pr   inf_du lg(mu)  ||d||  lg(rg) alpha_du alpha_pr  ls
  70  4.2221286e+05 1.86e+01 3.65e+02  -6.0 2.51e+01    -  8.67e-02 1.23e-04f  1
  71  4.2133138e+05 1.84e+01 3.62e+02  -6.0 2.60e+01    -  1.14e-02 8.71e-03f  1
  72  4.2132759e+05 1.84e+01 3.62e+02  -6.0 1.02e+01    -  1.63e-02 4.15e-05h  1
  73  4.2075056e+05 1.83e+01 3.60e+02  -6.0 1.06e+01    -  1.86e-03 6.55e-03f  1
  74  4.2070803e+05 1.83e+01 3.59e+02  -6.0 1.07e+01    -  1.85e-02 4.92e-04f  1
  75  4.1948331e+05 1.80e+01 3.54e+02  -6.0 1.07e+01    -  2.27e-03 1.44e-02f  1
  76  4.1947110e+05 1.80e+01 3.54e+02  -6.0 1.00e+01    -  4.67e-03 2.23e-04h  1
  77  4.1884806e+05 1.78e+01 3.50e+02  -6.0 8.84e+00    -  1.43e-02 1.14e-02f  1
  78  4.1871972e+05 1.78e+01 3.49e+02  -6.0 8.50e+00    -  1.39e-02 2.43e-03f  1
  79  4.1857229e+05 1.77e+01 3.48e+02  -6.0 8.44e+00    -  6.20e-03 2.84e-03f  1
iter    objective    inf_pr   inf_du lg(mu)  ||d||  lg(rg) alpha_du alpha_pr  ls
  80  4.1816065e+05 1.76e+01 3.45e+02  -6.0 8.42e+00    -  2.41e-02 8.14e-03f  1
  81  4.1695639e+05 1.72e+01 3.37e+02  -6.0 8.34e+00    -  4.34e-03 2.47e-02f  1
  82  4.1673480e+05 1.71e+01 3.35e+02  -6.0 8.10e+00    -  2.00e-02 5.16e-03f  1
  83  4.1657780e+05 1.70e+01 3.34e+02  -6.0 8.16e+00    -  6.52e-03 3.82e-03f  1
  84  4.1638579e+05 1.69e+01 3.32e+02  -6.0 8.20e+00    -  4.31e-03 4.78e-03f  1
  85  4.1617709e+05 1.68e+01 3.30e+02  -6.0 8.23e+00    -  2.96e-02 5.44e-03f  1
  86  4.1612556e+05 1.68e+01 3.30e+02  -6.0 8.22e+00    -  9.94e-03 1.45e-03f  1
  87  4.1526750e+05 1.64e+01 3.22e+02  -6.0 8.24e+00    -  9.42e-03 2.54e-02f  1
  88  4.1501503e+05 1.62e+01 3.19e+02  -6.0 8.30e+00    -  9.81e-03 8.16e-03f  1
  89  4.1500012e+05 1.62e+01 3.19e+02  -6.0 9.84e+00    -  7.17e-03 5.39e-04h  1
iter    objective    inf_pr   inf_du lg(mu)  ||d||  lg(rg) alpha_du alpha_pr  ls
  90  4.1497216e+05 1.62e+01 3.19e+02  -6.0 8.19e+00    -  5.57e-03 1.07e-03h  1
  91  4.1494141e+05 1.62e+01 3.18e+02  -6.0 8.49e+00    -  1.73e-03 1.19e-03h  1
  92  4.1491212e+05 1.62e+01 3.18e+02  -6.0 8.88e+00    -  1.42e-02 1.14e-03h  1
  93  4.1464493e+05 1.60e+01 3.14e+02  -6.0 8.92e+00    -  2.92e-03 1.06e-02f  1
  94  4.1460455e+05 1.60e+01 3.14e+02  -6.0 8.98e+00    -  3.72e-02 1.66e-03f  1
  95  4.1442427e+05 1.59e+01 3.11e+02  -6.0 9.36e+00    -  1.39e-02 7.83e-03f  1
  96  4.1441403e+05 1.58e+01 3.11e+02  -6.0 7.38e+00    -  4.41e-02 4.65e-04h  1
  97  4.1401764e+05 1.56e+01 3.06e+02  -6.0 7.37e+00    -  6.51e-06 1.85e-02f  1
  98  4.1401586e+05 1.56e+01 3.05e+02  -6.0 7.22e+00    -  1.62e-03 2.01e-04h  1
  99  4.1398708e+05 1.55e+01 3.04e+02  -6.0 7.21e+00    -  1.52e-03 3.29e-03f  1
iter    objective    inf_pr   inf_du lg(mu)  ||d||  lg(rg) alpha_du alpha_pr  ls
 100  4.1398498e+05 1.55e+01 3.04e+02  -6.0 7.19e+00    -  1.41e-02 2.53e-04h  1
 101  4.1392115e+05 1.54e+01 3.02e+02  -6.0 7.18e+00    -  2.79e-02 8.17e-03h  1
 102  4.1390831e+05 1.53e+01 3.01e+02  -6.0 7.10e+00    -  1.87e-02 2.16e-03h  1
 103  4.1388357e+05 1.53e+01 3.00e+02  -6.0 7.08e+00    -  5.15e-02 4.55e-03h  1
 104  4.1386947e+05 1.52e+01 2.99e+02  -6.0 1.03e+01    -  2.52e-02 3.97e-03h  1
 105  4.1383742e+05 1.50e+01 2.95e+02  -6.0 1.02e+01    -  1.36e-02 1.19e-02h  1
 106  4.1381675e+05 1.48e+01 2.91e+02  -6.0 1.02e+01    -  6.17e-03 1.27e-02h  1
 107  4.1380139e+05 1.46e+01 2.88e+02  -6.0 1.02e+01    -  5.69e-03 1.28e-02h  1
 108  4.1398742e+05 1.42e+01 2.78e+02  -6.0 1.07e+01    -  2.00e-02 3.37e-02h  1
 109  4.1401600e+05 1.41e+01 2.77e+02  -6.0 1.06e+01    -  2.88e-02 4.77e-03h  1
iter    objective    inf_pr   inf_du lg(mu)  ||d||  lg(rg) alpha_du alpha_pr  ls
 110  4.1410688e+05 1.39e+01 2.73e+02  -6.0 1.05e+01    -  6.32e-02 1.43e-02h  1
 111  4.1422615e+05 1.37e+01 2.69e+02  -6.0 1.05e+01    -  7.27e-02 1.38e-02h  1
 112  4.1431303e+05 1.36e+01 2.66e+02  -6.0 1.04e+01    -  2.21e-02 9.50e-03h  1
 113  4.1431512e+05 1.36e+01 2.66e+02  -6.0 9.91e+00    -  2.24e-02 2.15e-04h  1
 114  4.1448219e+05 1.33e+01 2.62e+02  -6.0 9.83e+00    -  1.06e-02 1.65e-02h  1
 115  4.1453361e+05 1.33e+01 2.61e+02  -6.0 9.79e+00    -  5.03e-03 4.89e-03h  1
 116  4.1453752e+05 1.33e+01 2.61e+02  -6.0 9.85e+00    -  9.91e-03 3.55e-04h  1
 117  4.1471742e+05 1.30e+01 2.56e+02  -6.0 9.76e+00    -  1.52e-02 1.67e-02h  1
 118  4.1483403e+05 1.29e+01 2.54e+02  -6.0 9.72e+00    -  1.68e-02 1.03e-02h  1
 119  4.1500386e+05 1.27e+01 2.50e+02  -6.0 9.77e+00    -  3.53e-02 1.40e-02h  1
iter    objective    inf_pr   inf_du lg(mu)  ||d||  lg(rg) alpha_du alpha_pr  ls
 120  4.1528028e+05 1.24e+01 2.45e+02  -6.0 9.72e+00    -  2.15e-02 2.22e-02h  1
 121  4.1529721e+05 1.24e+01 2.44e+02  -6.0 1.11e+01    -  5.33e-02 1.45e-03h  1
 122  4.1537092e+05 1.24e+01 2.43e+02  -6.0 9.62e+00    -  1.25e-02 5.65e-03h  1
 123  4.1539814e+05 1.23e+01 2.42e+02  -6.0 1.05e+01    -  4.52e-02 2.13e-03h  1
 124  4.1562462e+05 1.21e+01 2.39e+02  -6.0 9.36e+00    -  1.21e-03 1.56e-02h  1
 125  4.1566632e+05 1.21e+01 2.38e+02  -6.0 1.02e+01    -  4.06e-03 2.94e-03h  1
 126  4.1570577e+05 1.21e+01 2.37e+02  -6.0 1.06e+01    -  4.63e-04 2.85e-03h  1
 127  4.1573027e+05 1.20e+01 2.37e+02  -6.0 1.06e+01    -  1.49e-03 1.77e-03h  1
 128  4.1573254e+05 1.20e+01 2.37e+02  -6.0 1.01e+01    -  1.52e-03 1.59e-04h  1
 129  4.1582483e+05 1.20e+01 2.35e+02  -6.0 1.01e+01    -  2.74e-02 6.45e-03h  1
iter    objective    inf_pr   inf_du lg(mu)  ||d||  lg(rg) alpha_du alpha_pr  ls
 130  4.1583473e+05 1.20e+01 2.35e+02  -6.0 9.56e+00    -  2.79e-02 6.76e-04h  1
 131  4.1596028e+05 1.19e+01 2.33e+02  -6.0 9.15e+00    -  3.55e-02 8.38e-03h  1
 132  4.1610454e+05 1.17e+01 2.31e+02  -6.0 9.19e+00    -  1.26e-01 9.45e-03h  1
 133  4.1647144e+05 1.15e+01 2.26e+02  -6.0 8.94e+00    -  3.47e-02 2.36e-02h  1
 134  4.1655817e+05 1.14e+01 2.24e+02  -6.0 8.45e+00    -  3.65e-02 5.57e-03h  1
 135  4.1694624e+05 1.11e+01 2.19e+02  -6.0 8.43e+00    -  1.32e-01 2.45e-02h  1
 136  4.1697233e+05 1.11e+01 2.18e+02  -6.0 1.16e+01    -  5.82e-02 1.64e-03h  1
 137  4.1723260e+05 1.09e+01 2.15e+02  -6.0 1.26e+01    -  2.99e-02 1.61e-02h  1
 138  4.1743841e+05 1.08e+01 2.12e+02  -6.0 1.19e+01    -  2.13e-01 1.26e-02h  1
 139  4.1804420e+05 1.04e+01 2.05e+02  -6.0 1.14e+01    -  9.32e-02 3.60e-02h  1
iter    objective    inf_pr   inf_du lg(mu)  ||d||  lg(rg) alpha_du alpha_pr  ls
 140  4.1882841e+05 9.92e+00 1.95e+02  -6.0 1.18e+01    -  4.75e-02 4.61e-02h  1
 141  4.1908838e+05 9.77e+00 1.92e+02  -6.0 1.17e+01    -  2.20e-01 1.55e-02h  1
 142  4.1931538e+05 9.64e+00 1.90e+02  -6.0 1.15e+01    -  7.62e-02 1.34e-02h  1
 143  4.1971662e+05 9.41e+00 1.85e+02  -6.0 1.26e+01    -  1.43e-01 2.36e-02h  1
 144  4.1973989e+05 9.40e+00 1.85e+02  -6.0 1.14e+01    -  7.48e-02 1.24e-03h  1
 145  4.2014957e+05 9.20e+00 1.81e+02  -6.0 1.19e+01    -  1.30e-01 2.13e-02h  1
 146  4.2083922e+05 8.87e+00 1.75e+02  -6.0 1.28e+01    -  9.73e-02 3.51e-02h  1
 147  4.2186044e+05 8.41e+00 1.66e+02  -6.0 1.33e+01    -  2.38e-01 5.19e-02h  1
 148  4.2223649e+05 8.26e+00 1.63e+02  -6.0 1.29e+01    -  2.61e-01 1.79e-02h  1
 149  4.2226354e+05 8.25e+00 1.63e+02  -6.0 7.42e+00    -  1.48e-01 1.27e-03h  1
iter    objective    inf_pr   inf_du lg(mu)  ||d||  lg(rg) alpha_du alpha_pr  ls
 150  4.2362293e+05 7.75e+00 1.53e+02  -6.0 4.84e+00    -  4.86e-04 6.15e-02h  1
 151  4.2485364e+05 7.31e+00 1.44e+02  -6.0 5.37e+00    -  1.24e-01 5.67e-02h  1
 152  4.2581442e+05 6.97e+00 1.37e+02  -6.0 8.15e+00    -  1.21e-01 4.66e-02h  1
 153  4.2667158e+05 6.68e+00 1.31e+02  -6.0 9.44e+00    -  6.41e-02 4.15e-02h  1
 154  4.2741512e+05 6.45e+00 1.27e+02  -6.0 8.41e+00    -  5.16e-02 3.39e-02h  1
 155  4.2826923e+05 6.20e+00 1.21e+02  -6.0 9.93e+00    -  6.47e-02 3.90e-02h  1
 156  4.2862744e+05 6.09e+00 1.18e+02  -6.0 9.87e+00    -  1.36e-01 1.69e-02h  1
 157  4.3071807e+05 5.51e+00 1.05e+02  -6.0 5.45e+00    -  7.39e-02 9.65e-02h  1
 158  4.3218709e+05 5.10e+00 9.63e+01  -6.0 4.80e+00    -  1.69e-01 7.32e-02h  1
 159  4.3255604e+05 5.00e+00 9.21e+01  -6.0 4.59e+00    -  3.63e-01 1.95e-02h  1
iter    objective    inf_pr   inf_du lg(mu)  ||d||  lg(rg) alpha_du alpha_pr  ls
 160  4.3396348e+05 4.64e+00 8.51e+01  -6.0 5.42e+00    -  1.04e-02 7.24e-02h  1
 161  4.3415385e+05 4.59e+00 8.24e+01  -6.0 5.30e+00    -  4.18e-01 1.04e-02h  1
 162  4.3721939e+05 3.83e+00 6.66e+01  -6.0 4.98e+00    -  7.82e-02 1.65e-01h  1
 163  4.3771811e+05 3.71e+00 6.42e+01  -6.0 4.46e+00    -  2.23e-01 3.14e-02h  1
 164  4.4122395e+05 2.91e+00 4.75e+01  -6.0 4.10e+00    -  1.69e-02 2.16e-01h  1
 165  4.4147455e+05 2.86e+00 4.65e+01  -6.0 2.34e+00    -  8.14e-02 1.92e-02h  1
 166  4.4616599e+05 1.83e+00 2.73e+01  -6.0 2.32e+00    -  2.56e-02 3.60e-01h  1
 167  4.4765229e+05 1.51e+00 2.25e+01  -6.0 1.31e+00    -  2.90e-01 1.74e-01h  1
 168  4.4922894e+05 1.18e+00 1.73e+01  -6.0 1.18e+00    -  1.99e-01 2.21e-01h  1
 169  4.5031405e+05 9.49e-01 1.39e+01  -6.0 8.27e-01    -  2.23e-01 1.92e-01h  1
iter    objective    inf_pr   inf_du lg(mu)  ||d||  lg(rg) alpha_du alpha_pr  ls
 170  4.5108299e+05 7.90e-01 1.15e+01  -6.0 6.82e-01    -  3.88e-01 1.68e-01h  1
 171  4.5298258e+05 3.99e-01 5.61e+00  -6.0 5.80e-01    -  6.96e-01 4.95e-01h  1
 172  4.5460588e+05 6.85e-02 8.51e-01  -6.0 2.75e-01    -  8.49e-01 8.28e-01h  1
 173  4.5494546e+05 9.76e-05 3.40e-03  -6.0 4.64e-02    -  1.00e+00 9.99e-01h  1
 174  4.5494601e+05 3.26e-10 2.06e-08  -6.0 2.63e-04    -  1.00e+00 1.00e+00h  1
 175  4.5494598e+05 9.97e-08 8.52e-07  -7.1 1.63e-03    -  1.00e+00 1.00e+00h  1

Number of Iterations....: 175

                                   (scaled)                 (unscaled)
Objective...............:   3.8677644463013480e+03    4.5494598042806116e+05
Dual infeasibility......:   8.5223984970549723e-07    1.0024475362115224e-04
Constraint violation....:   9.9709653034185664e-08    9.9709653034185664e-08
Variable bound violation:   1.1375540864833056e-07    1.1375540864833056e-07
Complementarity.........:   2.8983338849455226e-07    3.4091666366997717e-05
Overall NLP error.......:   8.5223984970549723e-07    1.0024475362115224e-04


Number of objective function evaluations             = 176
Number of objective gradient evaluations             = 176
Number of equality constraint evaluations            = 176
Number of inequality constraint evaluations          = 177
Number of equality constraint Jacobian evaluations   = 176
Number of inequality constraint Jacobian evaluations = 176
Number of Lagrangian Hessian evaluations             = 175
Total seconds in IPOPT                               = 4.026

EXIT: Optimal Solution Found.

