Solver command line: ['/opt/homebrew/bin/ipopt', '/var/folders/6y/bvynbx6n3zv7z3lwg6vd724r0000gn/T/tmp9wvweaoa.pyomo.nl', '-AMPL', 'tol=1e-06', 'max_iter=300', 'print_level=5', 'warm_start_init_point=yes', 'warm_start_bound_push=1e-06', 'warm_start_bound_frac=1e-06', 'warm_start_mult_bound_push=1e-06', 'mu_init=1e-06', 'least_square_init_duals=no']

Ipopt 3.14.19: tol=1e-06
max_iter=300
print_level=5
warm_start_init_point=yes
warm_start_bound_push=1e-06
warm_start_bound_frac=1e-06
warm_start_mult_bound_push=1e-06
mu_init=1e-06
least_square_init_duals=no


******************************************************************************
This program contains Ipopt, a library for large-scale nonlinear optimization.
 Ipopt is released as open source code under the Eclipse Public License (EPL).
         For more information visit https://github.com/coin-or/Ipopt
******************************************************************************

This is Ipopt version 3.14.19, running with linear solver MUMPS 5.6.2.

Number of nonzeros in equality constraint Jacobian...:     7543
Number of nonzeros in inequality constraint Jacobian.:     5824
Number of nonzeros in Lagrangian Hessian.............:     4160

Total number of variables............................:     1342
                     variables with only lower bounds:        0
                variables with lower and upper bounds:     1342
                     variables with only upper bounds:        0
Total number of equality constraints.................:     1001
Total number of inequality constraints...............:     1456
        inequality constraints with only lower bounds:        0
   inequality constraints with lower and upper bounds:        0
        inequality constraints with only upper bounds:     1456

iter    objective    inf_pr   inf_du lg(mu)  ||d||  lg(rg) alpha_du alpha_pr  ls
   0  5.0530727e+05 8.07e+00 2.88e+03  -6.0 0.00e+00    -  0.00e+00 0.00e+00   0
   1  5.0407015e+05 7.96e+00 2.84e+03  -6.0 3.51e+00    -  9.39e-03 1.29e-02f  1
   2  5.0362966e+05 7.93e+00 2.83e+03  -6.0 3.46e+00    -  2.79e-02 4.68e-03f  1
   3  5.0220649e+05 7.81e+00 2.79e+03  -6.0 3.45e+00    -  8.80e-03 1.53e-02f  1
   4  4.9846671e+05 7.48e+00 2.67e+03  -6.0 3.39e+00    -  2.29e-02 4.17e-02f  1
   5  4.9832807e+05 7.47e+00 2.67e+03  -6.0 9.23e+00    -  4.36e-01 1.65e-03f  1
   6  4.9425656e+05 7.10e+00 2.54e+03  -6.0 9.46e+00    -  7.72e-02 4.91e-02f  1
   7  4.9364673e+05 7.05e+00 2.52e+03  -6.0 1.54e+01    -  8.93e-02 7.94e-03f  1
   8  4.8868207e+05 6.57e+00 2.36e+03  -6.0 1.63e+01    -  6.44e-01 6.70e-02f  1
   9  4.7402043e+05 5.01e+00 1.91e+03  -6.0 2.29e+01    -  4.75e-01 2.38e-01f  1
iter    objective    inf_pr   inf_du lg(mu)  ||d||  lg(rg) alpha_du alpha_pr  ls
  10  4.6660180e+05 4.03e+00 1.58e+03  -6.0 3.90e+01    -  7.95e-01 1.95e-01f  1
  11  4.5903922e+05 2.76e+00 1.14e+03  -6.0 4.19e+01    -  2.07e-01 3.16e-01f  1
  12  4.5903915e+05 2.76e+00 1.14e+03  -6.0 3.91e+01    -  2.59e-02 5.84e-06h  1
  13  4.5729371e+05 2.32e+00 9.60e+02  -6.0 3.91e+01    -  2.28e-01 1.60e-01f  1
  14  4.5551914e+05 1.72e+00 7.17e+02  -6.0 3.55e+01    -  3.50e-01 2.57e-01f  1
  15  4.5520223e+05 1.57e+00 6.52e+02  -6.0 2.92e+01    -  2.58e-01 9.07e-02h  1
  16  4.5399836e+05 6.72e-01 2.71e+02  -6.0 2.71e+01    -  5.30e-02 5.70e-01f  1
  17  4.5400812e+05 6.26e-01 2.52e+02  -6.0 1.40e+01    -  7.45e-02 6.86e-02h  1
  18  4.5407526e+05 4.94e-01 1.94e+02  -6.0 1.31e+01    -  1.32e-01 2.11e-01h  1
  19  4.5444969e+05 1.82e-01 7.25e+01  -6.0 1.06e+01    -  8.26e-02 6.30e-01h  1
iter    objective    inf_pr   inf_du lg(mu)  ||d||  lg(rg) alpha_du alpha_pr  ls
  20  4.5474314e+05 5.60e-02 2.26e+01  -6.0 4.16e+00    -  3.56e-01 6.93e-01h  1
  21  4.5489740e+05 1.11e-02 5.18e+00  -6.0 1.30e+00    -  6.82e-01 8.02e-01h  1
  22  4.5494472e+05 2.44e-04 2.49e+00  -6.0 2.58e-01    -  5.74e-01 9.78e-01h  1
  23  4.5494603e+05 1.82e-05 8.77e-03  -6.0 2.31e-02    -  9.96e-01 9.98e-01h  1
  24  4.5494601e+05 1.51e-06 1.39e-05  -6.0 6.64e-03    -  1.00e+00 1.00e+00h  1
  25  4.5494601e+05 1.68e-07 1.54e-06  -6.0 2.22e-03    -  1.00e+00 1.00e+00h  1
  26  4.5494598e+05 9.96e-08 8.58e-07  -7.1 1.63e-03    -  1.00e+00 1.00e+00h  1

Number of Iterations....: 26

                                   (scaled)                 (unscaled)
Objective...............:   3.8677644462744984e+03    4.5494598042490298e+05
Dual infeasibility......:   8.5806437699463165e-07    1.0092986392579327e-04
Constraint violation....:   9.9578311374415307e-08    9.9578311374415307e-08
Variable bound violation:   1.1375540864833056e-07    1.1375540864833056e-07
Complementarity.........:   2.8964769143514178e-07    3.4069823741385679e-05
Overall NLP error.......:   8.5806437699463165e-07    1.0092986392579327e-04


Number of objective function evaluations             = 27
Number of objective gradient evaluations             = 27
Number of equality constraint evaluations            = 27
Number of inequality constraint evaluations          = 28
Number of equality constraint Jacobian evaluations   = 27
Number of inequality constraint Jacobian evaluations = 27
Number of Lagrangian Hessian evaluations             = 26
Total seconds in IPOPT                               = 0.387

EXIT: Optimal Solution Found.

