Solver command line: ['/opt/homebrew/bin/ipopt', '/var/folders/6y/bvynbx6n3zv7z3lwg6vd724r0000gn/T/tmp_dfuj1nh.pyomo.nl', '-AMPL', 'tol=1e-06', 'max_iter=300', 'print_level=5', 'warm_start_init_point=yes', 'warm_start_bound_push=1e-06', 'warm_start_bound_frac=1e-06', 'warm_start_mult_bound_push=1e-06', 'mu_init=1e-06', 'least_square_init_duals=no']

Ipopt 3.14.19: tol=1e-06
max_iter=300
print_level=5
warm_start_init_point=yes
warm_start_bound_push=1e-06
warm_start_bound_frac=1e-06
warm_start_mult_bound_push=1e-06
mu_init=1e-06
least_square_init_duals=no


******************************************************************************
This program contains Ipopt, a library for large-scale nonlinear optimization.
 Ipopt is released as open source code under the Eclipse Public License (EPL).
         For more information visit https://github.com/coin-or/Ipopt
******************************************************************************

This is Ipopt version 3.14.19, running with linear solver MUMPS 5.6.2.

Number of nonzeros in equality constraint Jacobian...:     7543
Number of nonzeros in inequality constraint Jacobian.:     5824
Number of nonzeros in Lagrangian Hessian.............:     4160

Total number of variables............................:     1342
                     variables with only lower bounds:        0
                variables with lower and upper bounds:     1342
                     variables with only upper bounds:        0
Total number of equality constraints.................:     1001
Total number of inequality constraints...............:     1456
        inequality constraints with only lower bounds:        0
   inequality constraints with lower and upper bounds:        0
        inequality constraints with only upper bounds:     1456

iter    objective    inf_pr   inf_du lg(mu)  ||d||  lg(rg) alpha_du alpha_pr  ls
   0  5.0530727e+05 2.47e+01 4.74e+02  -6.0 0.00e+00    -  0.00e+00 0.00e+00   0
   1  4.6225313e+05 6.46e+00 1.06e+02  -6.0 7.45e+00    -  5.44e-03 6.87e-01f  1
   2  4.5525945e+05 4.45e-01 4.23e+00  -6.0 3.08e+00    -  9.80e-01 9.05e-01f  1
   3  4.5494790e+05 7.23e-03 5.68e-02  -6.0 5.06e-01    -  9.70e-01 9.84e-01h  1
   4  4.5494601e+05 1.27e-04 2.68e-03  -6.0 8.21e-02    -  8.71e-01 1.00e+00h  1
   5  4.5494599e+05 1.06e-04 4.84e-04  -6.0 6.51e-02    -  1.00e+00 1.00e+00h  1
   6  4.5494601e+05 5.76e-06 2.68e-05  -6.0 1.51e-02    -  1.00e+00 1.00e+00h  1
   7  4.5494601e+05 1.51e-08 7.05e-08  -6.0 7.70e-04    -  1.00e+00 1.00e+00h  1
   8  4.5494598e+05 9.96e-08 8.51e-07  -7.1 1.63e-03    -  1.00e+00 1.00e+00h  1

Number of Iterations....: 8

                                   (scaled)                 (unscaled)
Objective...............:   3.8677644463012803e+03    4.5494598042805318e+05
Dual infeasibility......:   8.5145687698045766e-07    1.0015265641642660e-04
Constraint violation....:   9.9627226857190720e-08    9.9627226857190720e-08
Variable bound violation:   1.1375540864833056e-07    1.1375540864833056e-07
Complementarity.........:   2.8965430118344482e-07    3.4070601213350138e-05
Overall NLP error.......:   8.5145687698045766e-07    1.0015265641642660e-04


Number of objective function evaluations             = 9
Number of objective gradient evaluations             = 9
Number of equality constraint evaluations            = 9
Number of inequality constraint evaluations          = 9
Number of equality constraint Jacobian evaluations   = 9
Number of inequality constraint Jacobian evaluations = 9
Number of Lagrangian Hessian evaluations             = 8
Total seconds in IPOPT                               = 0.143

EXIT: Optimal Solution Found.

