Solver command line: ['/opt/homebrew/bin/ipopt', '/var/folders/6y/bvynbx6n3zv7z3lwg6vd724r0000gn/T/tmp8bzboizk.pyomo.nl', '-AMPL', 'tol=1e-06', 'max_iter=300', 'print_level=5', 'warm_start_init_point=yes', 'warm_start_bound_push=1e-06', 'warm_start_bound_frac=1e-06', 'warm_start_mult_bound_push=1e-06', 'mu_init=1e-06', 'least_square_init_duals=no']

Ipopt 3.14.19: tol=1e-06
max_iter=300
print_level=5
warm_start_init_point=yes
warm_start_bound_push=1e-06
warm_start_bound_frac=1e-06
warm_start_mult_bound_push=1e-06
mu_init=1e-06
least_square_init_duals=no


******************************************************************************
This program contains Ipopt, a library for large-scale nonlinear optimization.
 Ipopt is released as open source code under the Eclipse Public License (EPL).
         For more information visit https://github.com/coin-or/Ipopt
******************************************************************************

This is Ipopt version 3.14.19, running with linear solver MUMPS 5.6.2.

Number of nonzeros in equality constraint Jacobian...:     7543
Number of nonzeros in inequality constraint Jacobian.:     5824
Number of nonzeros in Lagrangian Hessian.............:     4160

Total number of variables............................:     1342
                     variables with only lower bounds:        0
                variables with lower and upper bounds:     1342
                     variables with only upper bounds:        0
Total number of equality constraints.................:     1001
Total number of inequality constraints...............:     1456
        inequality constraints with only lower bounds:        0
   inequality constraints with lower and upper bounds:        0
        inequality constraints with only upper bounds:     1456

iter    objective    inf_pr   inf_du lg(mu)  ||d||  lg(rg) alpha_du alpha_pr  ls
   0  4.5494584e+05 2.47e+01 5.82e+01  -6.0 0.00e+00    -  0.00e+00 0.00e+00   0
   1  4.5481010e+05 2.47e+01 5.82e+01  -6.0 3.28e+03    -  5.64e-04 5.64e-04f  1
   2  4.5470420e+05 2.47e+01 5.82e+01  -6.0 2.98e+03    -  2.26e-04 4.47e-04f  1
   3  4.5468101e+05 2.47e+01 5.82e+01  -6.0 3.48e+03    -  4.72e-05 1.35e-04f  1
   4  4.5467574e+05 2.47e+01 5.82e+01  -6.0 1.01e+04    -  3.29e-05 5.22e-05h  1
   5  4.5467044e+05 2.47e+01 5.82e+01  -6.0 1.98e+03    -  2.91e-04 1.00e-04h  1
   6  4.5466089e+05 2.47e+01 5.81e+01  -6.0 7.87e+02    -  1.63e-03 3.27e-04h  1
   7  4.5463263e+05 2.46e+01 5.80e+01  -6.0 6.91e+01    -  1.03e-02 1.35e-03h  1
   8  4.5440055e+05 2.43e+01 5.69e+01  -6.0 1.04e+01    -  4.99e-02 1.14e-02f  1
   9  4.5340089e+05 2.31e+01 5.45e+01  -6.0 7.67e+00    -  1.60e-03 5.10e-02f  1
iter    objective    inf_pr   inf_du lg(mu)  ||d||  lg(rg) alpha_du alpha_pr  ls
  10  4.5299319e+05 2.25e+01 5.30e+01  -6.0 8.39e+00    -  4.09e-02 2.43e-02f  1
  11  4.5275375e+05 2.22e+01 5.20e+01  -6.0 1.18e+01    -  3.47e-02 1.58e-02f  1
  12  4.5251894e+05 2.17e+01 5.09e+01  -6.0 1.37e+01    -  1.56e-02 2.25e-02f  1
  13  4.5236314e+05 2.13e+01 5.01e+01  -6.0 1.64e+01    -  4.38e-03 1.59e-02f  1
  14  4.5230670e+05 2.12e+01 4.97e+01  -6.0 1.79e+01    -  2.81e-02 6.13e-03h  1
  15  4.5222178e+05 2.10e+01 4.92e+01  -6.0 1.86e+01    -  7.79e-03 9.42e-03h  1
  16  4.5194906e+05 2.04e+01 4.78e+01  -6.0 1.84e+01    -  1.44e-03 3.13e-02f  1
  17  4.5187940e+05 2.02e+01 4.74e+01  -6.0 2.02e+01    -  1.91e-02 8.98e-03h  1
  18  4.5184197e+05 2.01e+01 4.70e+01  -6.0 2.10e+01    -  3.47e-02 4.99e-03h  1
  19  4.5158945e+05 1.94e+01 4.54e+01  -6.0 2.16e+01    -  2.18e-02 3.43e-02f  1
iter    objective    inf_pr   inf_du lg(mu)  ||d||  lg(rg) alpha_du alpha_pr  ls
  20  4.5147873e+05 1.90e+01 4.46e+01  -6.0 2.39e+01    -  2.14e-02 1.72e-02h  1
  21  4.5141030e+05 1.88e+01 4.38e+01  -6.0 2.49e+01    -  1.09e-01 1.14e-02h  1
  22  4.5128298e+05 1.84e+01 4.28e+01  -6.0 2.56e+01    -  3.16e-02 2.22e-02h  1
  23  4.5113684e+05 1.79e+01 4.15e+01  -6.0 2.68e+01    -  8.72e-02 2.79e-02h  1
  24  4.5091307e+05 1.70e+01 3.94e+01  -6.0 2.81e+01    -  9.01e-02 4.83e-02h  1
  25  4.5072808e+05 1.62e+01 3.75e+01  -6.0 3.02e+01    -  4.11e-02 5.05e-02h  1
  26  4.5064113e+05 1.57e+01 3.63e+01  -6.0 3.19e+01    -  6.11e-02 3.13e-02h  1
  27  4.5060798e+05 1.54e+01 3.57e+01  -6.0 3.27e+01    -  1.29e-01 1.44e-02h  1
  28  4.5049884e+05 1.46e+01 3.38e+01  -6.0 3.30e+01    -  2.00e-01 5.22e-02h  1
  29  4.5034656e+05 1.30e+01 3.01e+01  -6.0 3.40e+01    -  1.28e-01 1.10e-01h  1
iter    objective    inf_pr   inf_du lg(mu)  ||d||  lg(rg) alpha_du alpha_pr  ls
  30  4.5034614e+05 1.30e+01 3.01e+01  -6.0 3.53e+01    -  1.90e-01 2.81e-03h  1
  31  4.5033678e+05 1.20e+01 2.79e+01  -6.0 3.53e+01    -  1.32e-01 7.64e-02h  1
  32  4.5034081e+05 1.19e+01 2.77e+01  -6.0 3.54e+01    -  3.56e-02 8.08e-03h  1
  33  4.5036574e+05 1.13e+01 2.64e+01  -6.0 3.54e+01    -  3.38e-02 4.52e-02h  1
  34  4.5041965e+05 1.06e+01 2.47e+01  -6.0 3.52e+01    -  2.61e-02 6.44e-02h  1
  35  4.5044285e+05 1.04e+01 2.43e+01  -6.0 3.47e+01    -  1.40e-01 1.96e-02h  1
  36  4.5045138e+05 1.03e+01 2.42e+01  -6.0 3.46e+01    -  3.14e-02 6.72e-03h  1
  37  4.5050248e+05 9.93e+00 2.33e+01  -6.0 3.45e+01    -  8.23e-02 3.94e-02h  1
  38  4.5054937e+05 9.61e+00 2.26e+01  -6.0 3.41e+01    -  1.00e-01 3.23e-02h  1
  39  4.5057449e+05 9.45e+00 2.22e+01  -6.0 3.37e+01    -  5.86e-03 1.60e-02h  1
iter    objective    inf_pr   inf_du lg(mu)  ||d||  lg(rg) alpha_du alpha_pr  ls
  40  4.5067535e+05 8.86e+00 2.11e+01  -6.0 3.35e+01    -  2.96e-01 6.25e-02h  1
  41  4.5090072e+05 7.74e+00 1.84e+01  -6.0 3.26e+01    -  6.49e-02 1.26e-01h  1
  42  4.5104086e+05 7.21e+00 1.72e+01  -6.0 3.06e+01    -  1.52e-01 6.89e-02h  1
  43  4.5108226e+05 7.06e+00 1.69e+01  -6.0 2.94e+01    -  1.76e-02 1.97e-02h  1
  44  4.5109399e+05 7.02e+00 1.68e+01  -6.0 2.90e+01    -  3.23e-02 5.56e-03h  1
  45  4.5114689e+05 6.85e+00 1.64e+01  -6.0 2.89e+01    -  1.97e-02 2.50e-02h  1
  46  4.5124894e+05 6.52e+00 2.00e+01  -6.0 2.85e+01    -  3.34e-01 4.81e-02h  1
  47  4.5169492e+05 5.15e+00 1.43e+01  -6.0 2.77e+01    -  8.83e-02 2.09e-01h  1
  48  4.5197463e+05 4.47e+00 1.31e+01  -6.0 2.37e+01    -  1.72e-01 1.33e-01h  1
  49  4.5223691e+05 3.88e+00 1.19e+01  -6.0 2.13e+01    -  1.64e-01 1.31e-01h  1
iter    objective    inf_pr   inf_du lg(mu)  ||d||  lg(rg) alpha_du alpha_pr  ls
  50  4.5255447e+05 3.22e+00 1.03e+01  -6.0 1.91e+01    -  1.93e-01 1.70e-01h  1
  51  4.5260184e+05 3.13e+00 1.28e+01  -6.0 1.64e+01    -  2.35e-01 2.83e-02h  1
  52  4.5278732e+05 2.77e+00 2.08e+01  -6.0 1.60e+01    -  1.00e+00 1.13e-01h  1
  53  4.5334838e+05 1.74e+00 1.32e+01  -6.0 1.44e+01    -  3.88e-01 3.70e-01h  1
  54  4.5370954e+05 1.16e+00 1.03e+01  -6.0 9.61e+00    -  1.00e+00 3.35e-01h  1
  55r 4.5370954e+05 1.16e+00 9.99e+02  -0.3 0.00e+00    -  0.00e+00 3.04e-07R  4
  56r 4.5400837e+05 1.16e+00 9.99e+02  -0.3 7.40e+04    -  1.77e-05 9.41e-06f  1
  57r 4.5302502e+05 1.12e+00 9.98e+02  -0.3 2.11e+03    -  1.20e-03 1.55e-04f  1
  58  4.5302387e+05 1.12e+00 7.64e+01  -6.0 9.86e+02    -  9.38e-04 5.56e-04h  1
  59  4.5301826e+05 1.11e+00 7.63e+01  -6.0 1.20e+03    -  4.15e-04 1.15e-03h  1
iter    objective    inf_pr   inf_du lg(mu)  ||d||  lg(rg) alpha_du alpha_pr  ls
  60  4.5301850e+05 1.11e+00 7.63e+01  -6.0 1.41e+02    -  4.19e-04 3.06e-04h  6
  61  4.5301939e+05 1.11e+00 7.63e+01  -6.0 1.17e+02    -  8.27e-05 8.65e-04h  4
  62  4.5302193e+05 1.11e+00 7.61e+01  -6.0 5.63e+01    -  1.61e-04 1.90e-03h  4
  63  4.5302361e+05 1.11e+00 7.60e+01  -6.0 1.47e+01    -  1.02e-03 1.27e-03h  5
  64  4.5302379e+05 1.11e+00 7.60e+01  -6.0 9.24e+00    -  3.29e-03 1.30e-04h  9
  65  4.5302384e+05 1.11e+00 7.57e+01  -6.0 9.00e+00    -  6.13e-02 3.37e-05h 11
  66  4.5302387e+05 1.11e+00 7.57e+01  -6.0 8.72e+00    -  3.02e-03 1.77e-05h 12
  67  4.5307341e+05 1.07e+00 7.29e+01  -6.0 8.88e+00    -  5.55e-02 3.53e-02h  1
  68  4.5320933e+05 9.66e-01 6.61e+01  -6.0 9.52e+00    -  2.13e-04 9.77e-02h  1
  69  4.5333987e+05 8.63e-01 5.94e+01  -6.0 5.63e+00    -  2.93e-03 1.06e-01h  1
iter    objective    inf_pr   inf_du lg(mu)  ||d||  lg(rg) alpha_du alpha_pr  ls
  70  4.5336895e+05 8.41e-01 5.66e+01  -6.0 5.11e+00    -  6.79e-01 2.54e-02h  1
  71  4.5344988e+05 7.80e-01 5.35e+01  -6.0 6.71e+00    -  3.87e-03 7.25e-02h  1
  72  4.5345245e+05 7.78e-01 5.26e+01  -6.0 4.50e+00    -  8.37e-02 2.44e-03h  1
  73  4.5345567e+05 7.76e-01 5.16e+01  -6.0 4.54e+00    -  2.99e-02 2.91e-03h  1
  74  4.5345794e+05 7.74e-01 5.10e+01  -6.0 7.09e+00    -  1.26e-02 2.02e-03h  1
  75  4.5346550e+05 7.69e-01 4.94e+01  -6.0 1.22e+01    -  2.06e-02 6.46e-03h  1
  76  4.5346682e+05 7.69e-01 4.52e+01  -6.0 1.26e+01    -  4.49e-02 1.09e-03h  1
  77  4.5347586e+05 7.63e-01 4.60e+01  -6.0 2.71e+01    -  1.69e-03 6.91e-03h  2
  78  4.5348071e+05 7.61e-01 4.49e+01  -6.0 3.02e+01    -  8.93e-03 3.47e-03h  1
  79  4.5475929e+05 8.62e-02 3.89e+01  -6.0 4.32e+00    -  8.36e-01 8.85e-01h  1
iter    objective    inf_pr   inf_du lg(mu)  ||d||  lg(rg) alpha_du alpha_pr  ls
  80  4.5489682e+05 2.22e-02 8.18e+00  -6.0 5.56e-01    -  5.86e-01 7.43e-01h  1
  81  4.5494595e+05 3.94e-05 1.67e-01  -6.0 1.44e-01    -  9.70e-01 1.00e+00h  1
  82  4.5494600e+05 1.53e-08 1.20e-06  -6.0 1.30e-03    -  1.00e+00 1.00e+00h  1
  83  4.5494598e+05 7.06e-08 7.52e-07  -7.0 1.52e-03    -  1.00e+00 1.00e+00h  1

Number of Iterations....: 83

                                   (scaled)                 (unscaled)
Objective...............:   5.2627739147313705e+03    4.5494598013214645e+05
Dual infeasibility......:   7.5219294368755242e-07    6.5024103554310749e-05
Constraint violation....:   7.0621122560954319e-08    7.0621122560954319e-08
Variable bound violation:   1.1412289602219516e-07    1.1412289602219516e-07
Complementarity.........:   3.3691952805795888e-07    2.9125360010038023e-05
Overall NLP error.......:   7.5219294368755242e-07    6.5024103554310749e-05


Number of objective function evaluations             = 137
Number of objective gradient evaluations             = 83
Number of equality constraint evaluations            = 137
Number of inequality constraint evaluations          = 138
Number of equality constraint Jacobian evaluations   = 85
Number of inequality constraint Jacobian evaluations = 85
Number of Lagrangian Hessian evaluations             = 83
Total seconds in IPOPT                               = 1.104

EXIT: Optimal Solution Found.

