Solver command line: ['/opt/homebrew/bin/ipopt', '/var/folders/6y/bvynbx6n3zv7z3lwg6vd724r0000gn/T/tmpamfnlbk_.pyomo.nl', '-AMPL', 'tol=1e-06', 'max_iter=300', 'print_level=5']

Ipopt 3.14.19: tol=1e-06
max_iter=300
print_level=5


******************************************************************************
This program contains Ipopt, a library for large-scale nonlinear optimization.
 Ipopt is released as open source code under the Eclipse Public License (EPL).
         For more information visit https://github.com/coin-or/Ipopt
******************************************************************************

This is Ipopt version 3.14.19, running with linear solver MUMPS 5.6.2.

Number of nonzeros in equality constraint Jacobian...:     1978
Number of nonzeros in inequality constraint Jacobian.:     1488
Number of nonzeros in Lagrangian Hessian.............:     1070

Total number of variables............................:      309
                     variables with only lower bounds:        0
                variables with lower and upper bounds:      309
                     variables with only upper bounds:        0
Total number of equality constraints.................:      237
Total number of inequality constraints...............:      372
        inequality constraints with only lower bounds:        0
   inequality constraints with lower and upper bounds:        0
        inequality constraints with only upper bounds:      372

iter    objective    inf_pr   inf_du lg(mu)  ||d||  lg(rg) alpha_du alpha_pr  ls
   0  8.5645492e+04 5.91e+00 6.56e+01  -1.0 0.00e+00    -  0.00e+00 0.00e+00   0
   1  8.1811058e+04 5.47e+00 6.09e+01  -1.0 5.76e+00    -  6.92e-02 7.31e-02f  1
   2  8.1945812e+04 5.18e+00 4.61e+01  -1.0 4.68e+00    -  2.59e-01 5.40e-02h  1
   3  8.3280816e+04 3.89e+00 9.83e+01  -1.0 4.85e+00    -  4.42e-01 2.44e-01h  1
   4  8.6022816e+04 2.78e+00 1.44e+02  -1.0 6.87e+00    -  7.59e-01 2.79e-01h  1
   5  9.1565376e+04 1.34e+00 2.19e+02  -1.0 1.03e+01    -  7.87e-01 5.01e-01h  1
   6  9.4467323e+04 4.70e-01 1.69e+02  -1.0 1.57e+01    -  8.13e-01 6.39e-01h  1
   7  9.5064833e+04 3.56e-01 1.29e+02  -1.0 1.31e+01    -  9.95e-01 2.42e-01h  1
   8  9.5723217e+04 2.56e-01 9.38e+01  -1.0 5.07e+00    -  8.42e-01 2.80e-01h  1
   9  9.7596197e+04 1.51e-02 4.60e+01  -1.0 2.91e+00    -  1.00e+00 1.00e+00h  1
iter    objective    inf_pr   inf_du lg(mu)  ||d||  lg(rg) alpha_du alpha_pr  ls
  10  9.7674473e+04 7.93e-05 8.33e-01  -1.0 6.43e+00    -  1.00e+00 1.00e+00H  1
  11  9.7445416e+04 3.21e-03 1.38e+00  -1.7 3.36e+00    -  9.72e-01 8.39e-01f  1
  12  9.7336084e+04 2.22e-03 6.39e-02  -1.7 2.34e+00    -  1.00e+00 1.00e+00h  1
  13  9.7271537e+04 1.42e-03 1.00e+00  -2.5 8.12e-01    -  9.15e-01 7.20e-01h  1
  14  9.7229546e+04 1.55e-03 2.95e-01  -2.5 1.68e+00    -  1.00e+00 1.00e+00h  1
  15  9.7232804e+04 1.99e-05 2.39e-04  -2.5 8.32e-02    -  1.00e+00 1.00e+00h  1
  16  9.7219328e+04 1.03e-04 2.02e-01  -3.8 6.23e-01    -  8.62e-01 7.04e-01f  1
  17  9.7214347e+04 6.91e-05 1.58e-01  -3.8 1.71e-01    -  8.65e-01 1.00e+00h  1
  18  9.7214570e+04 4.65e-06 6.00e-05  -3.8 1.93e-02    -  1.00e+00 1.00e+00h  1
  19  9.7213706e+04 6.33e-06 3.55e-03  -5.7 2.93e-02    -  9.21e-01 9.07e-01h  1
iter    objective    inf_pr   inf_du lg(mu)  ||d||  lg(rg) alpha_du alpha_pr  ls
  20  9.7213619e+04 8.69e-07 3.44e-05  -5.7 7.30e-03    -  1.00e+00 1.00e+00h  1
  21  9.7213619e+04 1.61e-07 5.14e-06  -5.7 3.19e-03    -  1.00e+00 1.00e+00h  1
  22  9.7213607e+04 6.54e-08 2.38e-06  -7.1 2.01e-03    -  1.00e+00 1.00e+00h  1
  23  9.7213607e+04 1.37e-08 4.41e-07  -7.1 9.34e-04    -  1.00e+00 1.00e+00h  1

Number of Iterations....: 23

                                   (scaled)                 (unscaled)
Objective...............:   7.8032097425293023e+02    9.7213607394433784e+04
Dual infeasibility......:   4.4111254479724401e-07    5.4954490730860721e-05
Constraint violation....:   1.0785457081580417e-08    1.3726534880964536e-08
Variable bound violation:   5.7842865608392913e-08    5.7842865608392913e-08
Complementarity.........:   3.0480181716220766e-07    3.7972687092109874e-05
Overall NLP error.......:   4.4111254479724401e-07    5.4954490730860721e-05


Number of objective function evaluations             = 25
Number of objective gradient evaluations             = 24
Number of equality constraint evaluations            = 25
Number of inequality constraint evaluations          = 25
Number of equality constraint Jacobian evaluations   = 24
Number of inequality constraint Jacobian evaluations = 24
Number of Lagrangian Hessian evaluations             = 23
Total seconds in IPOPT                               = 0.062

EXIT: Optimal Solution Found.

