Solver command line: ['/opt/homebrew/bin/ipopt', '/var/folders/6y/bvynbx6n3zv7z3lwg6vd724r0000gn/T/tmp71m44ofe.pyomo.nl', '-AMPL', 'tol=1e-06', 'max_iter=300', 'print_level=5']

Ipopt 3.14.19: tol=1e-06
max_iter=300
print_level=5


******************************************************************************
This program contains Ipopt, a library for large-scale nonlinear optimization.
 Ipopt is released as open source code under the Eclipse Public License (EPL).
         For more information visit https://github.com/coin-or/Ipopt
******************************************************************************

This is Ipopt version 3.14.19, running with linear solver MUMPS 5.6.2.

Number of nonzeros in equality constraint Jacobian...:     1978
Number of nonzeros in inequality constraint Jacobian.:     1488
Number of nonzeros in Lagrangian Hessian.............:     1070

Total number of variables............................:      309
                     variables with only lower bounds:        0
                variables with lower and upper bounds:      309
                     variables with only upper bounds:        0
Total number of equality constraints.................:      237
Total number of inequality constraints...............:      372
        inequality constraints with only lower bounds:        0
   inequality constraints with lower and upper bounds:        0
        inequality constraints with only upper bounds:      372

iter    objective    inf_pr   inf_du lg(mu)  ||d||  lg(rg) alpha_du alpha_pr  ls
   0  9.2613490e+04 4.16e+00 1.15e+01  -1.0 0.00e+00    -  0.00e+00 0.00e+00   0
   1  9.2862424e+04 4.00e+00 2.27e+01  -1.0 1.74e+00   2.0 3.97e-02 3.80e-02h  1
   2  9.3516765e+04 3.52e+00 5.44e+01  -1.0 2.59e+00   1.5 4.42e-01 1.20e-01h  1
   3  9.4107338e+04 2.86e+00 4.42e+01  -1.0 3.03e+00   1.0 3.86e-01 1.87e-01h  1
   4  9.4324623e+04 2.70e+00 1.46e+02  -1.0 2.36e+00   1.5 5.85e-01 5.42e-02h  1
   5  9.5029733e+04 2.09e+00 1.10e+02  -1.0 2.43e+00   1.0 3.25e-01 2.28e-01h  1
   6  9.5952130e+04 1.46e+00 1.27e+02  -1.0 1.80e+00   1.4 7.73e-01 2.99e-01h  1
   7  9.5990392e+04 1.41e+00 5.84e+01  -1.0 1.36e+00   0.9 4.05e-01 3.58e-02h  1
   8  9.6744474e+04 8.54e-01 5.98e+01  -1.0 1.38e+00   0.5 5.73e-01 3.95e-01h  1
   9  9.7290757e+04 5.11e-01 4.44e+01  -1.0 8.02e-01   0.9 6.65e-01 4.02e-01h  1
iter    objective    inf_pr   inf_du lg(mu)  ||d||  lg(rg) alpha_du alpha_pr  ls
  10  9.8073470e+04 3.50e-03 1.16e+02  -1.0 5.37e-01   0.4 4.95e-01 1.00e+00h  1
  11  9.7939610e+04 2.10e-03 6.35e+01  -1.0 5.45e-01  -0.1 6.01e-01 4.73e-01f  1
  12  9.7978497e+04 2.04e-03 3.46e+00  -1.0 1.54e-01   0.4 1.00e+00 1.00e+00f  1
  13  9.7724548e+04 1.26e-02 4.86e+00  -1.0 1.38e+00    -  3.52e-01 6.56e-01f  1
  14  9.7530938e+04 2.53e-02 3.82e+00  -1.0 1.99e+00    -  4.22e-01 1.00e+00f  1
  15  9.7665776e+04 5.41e-04 4.24e-01  -1.0 4.61e-01    -  1.00e+00 1.00e+00h  1
  16  9.7482310e+04 3.73e-03 1.59e+00  -1.7 1.68e+00    -  9.98e-01 6.89e-01f  1
  17  9.7331163e+04 3.15e-03 1.46e-01  -1.7 7.80e-01    -  1.00e+00 1.00e+00f  1
  18  9.7252949e+04 1.55e-03 2.41e-01  -2.5 3.66e-01    -  9.19e-01 9.23e-01h  1
  19  9.7231348e+04 1.33e-03 8.75e-02  -2.5 3.58e-01    -  1.00e+00 1.00e+00f  1
iter    objective    inf_pr   inf_du lg(mu)  ||d||  lg(rg) alpha_du alpha_pr  ls
  20  9.7232785e+04 1.23e-05 2.12e-04  -2.5 2.50e-02    -  1.00e+00 1.00e+00h  1
  21  9.7219283e+04 1.02e-04 1.97e-01  -3.8 1.70e-01    -  8.61e-01 7.07e-01f  1
  22  9.7214350e+04 6.89e-05 1.56e-01  -3.8 4.79e-02    -  8.66e-01 1.00e+00h  1
  23  9.7214570e+04 4.68e-06 6.07e-05  -3.8 1.39e-02    -  1.00e+00 1.00e+00h  1
  24  9.7213706e+04 6.34e-06 3.47e-03  -5.7 1.33e-02    -  9.21e-01 9.07e-01h  1
  25  9.7213619e+04 8.67e-07 3.43e-05  -5.7 7.29e-03    -  1.00e+00 1.00e+00h  1
  26  9.7213619e+04 1.60e-07 5.13e-06  -5.7 3.19e-03    -  1.00e+00 1.00e+00h  1
  27  9.7213607e+04 6.53e-08 2.38e-06  -7.1 2.01e-03    -  1.00e+00 1.00e+00h  1
  28  9.7213607e+04 1.37e-08 4.41e-07  -7.1 9.33e-04    -  1.00e+00 1.00e+00h  1

Number of Iterations....: 28

                                   (scaled)                 (unscaled)
Objective...............:   7.8032097425287714e+02    9.7213607394427163e+04
Dual infeasibility......:   4.4069277620905527e-07    5.4902195303626099e-05
Constraint violation....:   1.0767468760997349e-08    1.3713493257627718e-08
Variable bound violation:   5.7842865608392913e-08    5.7842865608392913e-08
Complementarity.........:   3.0458104744571475e-07    3.7945183255545352e-05
Overall NLP error.......:   4.4069277620905527e-07    5.4902195303626099e-05


Number of objective function evaluations             = 29
Number of objective gradient evaluations             = 29
Number of equality constraint evaluations            = 29
Number of inequality constraint evaluations          = 29
Number of equality constraint Jacobian evaluations   = 29
Number of inequality constraint Jacobian evaluations = 29
Number of Lagrangian Hessian evaluations             = 28
Total seconds in IPOPT                               = 0.080

EXIT: Optimal Solution Found.

