Solver command line: ['/opt/homebrew/bin/ipopt', '/var/folders/6y/bvynbx6n3zv7z3lwg6vd724r0000gn/T/tmpnt7m5s0p.pyomo.nl', '-AMPL', 'tol=1e-06', 'max_iter=300', 'print_level=5', 'warm_start_init_point=yes', 'warm_start_bound_push=1e-06', 'warm_start_bound_frac=1e-06', 'warm_start_mult_bound_push=1e-06', 'mu_init=1e-06', 'least_square_init_duals=no']

Ipopt 3.14.19: tol=1e-06
max_iter=300
print_level=5
warm_start_init_point=yes
warm_start_bound_push=1e-06
warm_start_bound_frac=1e-06
warm_start_mult_bound_push=1e-06
mu_init=1e-06
least_square_init_duals=no


******************************************************************************
This program contains Ipopt, a library for large-scale nonlinear optimization.
 Ipopt is released as open source code under the Eclipse Public License (EPL).
         For more information visit https://github.com/coin-or/Ipopt
******************************************************************************

This is Ipopt version 3.14.19, running with linear solver MUMPS 5.6.2.

Number of nonzeros in equality constraint Jacobian...:     1978
Number of nonzeros in inequality constraint Jacobian.:     1488
Number of nonzeros in Lagrangian Hessian.............:     1070

Total number of variables............................:      309
                     variables with only lower bounds:        0
                variables with lower and upper bounds:      309
                     variables with only upper bounds:        0
Total number of equality constraints.................:      237
Total number of inequality constraints...............:      372
        inequality constraints with only lower bounds:        0
   inequality constraints with lower and upper bounds:        0
        inequality constraints with only upper bounds:      372

iter    objective    inf_pr   inf_du lg(mu)  ||d||  lg(rg) alpha_du alpha_pr  ls
   0  9.7213567e+04 8.32e+00 1.26e+02  -6.0 0.00e+00    -  0.00e+00 0.00e+00   0
   1  9.7213090e+04 8.32e+00 1.26e+02  -6.0 2.80e+00   0.0 2.18e-03 1.03e-04h  1
   2  9.7201231e+04 8.31e+00 1.26e+02  -6.0 8.31e+00  -0.5 3.44e-05 1.41e-03h  1
   3  9.7187665e+04 8.28e+00 1.26e+02  -6.0 3.56e+00  -0.1 8.96e-04 2.76e-03h  1
   4  9.7167464e+04 8.28e+00 1.25e+02  -6.0 2.14e+02  -0.5 2.51e-05 2.45e-04f  1
   5  9.7149779e+04 8.25e+00 1.25e+02  -6.0 3.80e+00  -0.1 1.22e-03 3.68e-03f  1
   6  9.7145429e+04 8.24e+00 1.25e+02  -6.0 2.18e+00   0.3 5.89e-04 1.13e-03h  1
   7  9.7095221e+04 8.16e+00 1.24e+02  -6.0 4.28e+00  -0.2 9.61e-05 1.01e-02h  1
   8  9.7060922e+04 8.13e+00 1.23e+02  -6.0 3.19e+01  -0.6 4.53e-04 2.88e-03h  1
   9  9.7049756e+04 8.11e+00 1.23e+02  -6.0 2.93e+01    -  1.00e-03 1.76e-03f  1
iter    objective    inf_pr   inf_du lg(mu)  ||d||  lg(rg) alpha_du alpha_pr  ls
  10  9.7045751e+04 8.11e+00 1.23e+02  -6.0 4.35e+00    -  1.18e-02 8.26e-04h  1
  11  9.7035858e+04 8.09e+00 1.22e+02  -6.0 4.48e+00    -  4.58e-03 2.03e-03h  1
  12  9.7022328e+04 8.06e+00 1.22e+02  -6.0 4.03e+00    -  4.73e-03 3.35e-03h  1
  13  9.7002141e+04 8.02e+00 1.21e+02  -6.0 4.10e+00    -  8.21e-03 5.05e-03h  1
  14  9.6985062e+04 7.99e+00 1.21e+02  -6.0 4.21e+00    -  7.43e-03 4.32e-03h  1
  15  9.6945495e+04 7.88e+00 1.19e+02  -6.0 4.41e+00    -  9.85e-04 1.30e-02h  1
  16  9.6942300e+04 7.87e+00 1.19e+02  -6.0 4.85e+00    -  5.01e-02 1.07e-03h  1
  17  9.6894906e+04 7.75e+00 1.17e+02  -6.0 4.62e+00    -  8.47e-03 1.62e-02h  1
  18  9.6862079e+04 7.66e+00 1.16e+02  -6.0 5.07e+00    -  2.71e-02 1.16e-02h  1
  19  9.6857898e+04 7.65e+00 1.16e+02  -6.0 5.13e+00    -  2.34e-02 1.49e-03h  1
iter    objective    inf_pr   inf_du lg(mu)  ||d||  lg(rg) alpha_du alpha_pr  ls
  20  9.6848879e+04 7.62e+00 1.15e+02  -6.0 4.90e+00    -  4.44e-03 3.21e-03h  1
  21  9.6770679e+04 7.41e+00 1.12e+02  -6.0 4.95e+00    -  4.22e-02 2.80e-02h  1
  22  9.6760713e+04 7.38e+00 1.12e+02  -6.0 6.11e+00    -  1.63e-02 3.78e-03h  1
  23  9.6649056e+04 7.06e+00 1.07e+02  -6.0 6.24e+00    -  1.61e-02 4.27e-02h  1
  24  9.6625235e+04 6.99e+00 1.06e+02  -6.0 7.61e+00    -  4.42e-02 1.03e-02h  1
  25  9.6479900e+04 6.54e+00 9.93e+01  -6.0 7.91e+00    -  9.13e-02 6.44e-02h  1
  26  9.6357670e+04 6.11e+00 9.29e+01  -6.0 9.57e+00    -  4.53e-02 6.61e-02h  1
  27  9.6340442e+04 6.04e+00 9.18e+01  -6.0 1.09e+01    -  1.58e-01 1.17e-02h  1
  28  9.6325388e+04 5.97e+00 9.08e+01  -6.0 1.10e+01    -  1.34e-02 1.06e-02h  1
  29  9.6231483e+04 5.57e+00 8.48e+01  -6.0 1.12e+01    -  2.32e-01 6.84e-02h  1
iter    objective    inf_pr   inf_du lg(mu)  ||d||  lg(rg) alpha_du alpha_pr  ls
  30  9.6168344e+04 5.23e+00 7.98e+01  -6.0 1.20e+01    -  9.07e-02 5.94e-02h  1
  31  9.6086679e+04 4.72e+00 7.22e+01  -6.0 1.26e+01    -  3.61e-01 9.90e-02h  1
  32  9.6050894e+04 4.37e+00 6.70e+01  -6.0 1.31e+01    -  3.17e-01 7.36e-02h  1
  33  9.5955666e+04 2.90e+00 4.63e+01  -6.0 1.32e+01    -  3.14e-01 3.37e-01h  1
  34  9.6218046e+04 1.14e+00 1.98e+01  -6.0 1.25e+01    -  4.07e-01 6.11e-01h  1
  35  9.6278993e+04 1.04e+00 1.81e+01  -6.0 7.34e+00    -  6.31e-02 8.46e-02h  1
  36  9.6393286e+04 8.72e-01 1.51e+01  -6.0 6.79e+00    -  5.03e-01 1.62e-01h  1
  37  9.6557858e+04 6.59e-01 1.13e+01  -6.0 5.82e+00    -  1.41e-02 2.44e-01h  1
  38  9.6691470e+04 5.02e-01 8.58e+00  -6.0 4.52e+00    -  2.32e-01 2.39e-01h  1
  39  9.6794750e+04 3.91e-01 6.68e+00  -6.0 3.51e+00    -  1.43e-01 2.22e-01h  1
iter    objective    inf_pr   inf_du lg(mu)  ||d||  lg(rg) alpha_du alpha_pr  ls
  40  9.7058142e+04 1.23e-01 2.76e+00  -6.0 2.77e+00    -  2.11e-01 6.91e-01h  1
  41  9.7074856e+04 1.10e-01 1.92e+00  -6.0 1.43e+00    -  1.77e-01 1.10e-01h  1
  42  9.7147549e+04 5.07e-02 8.97e-01  -6.0 1.08e+00    -  7.42e-01 5.37e-01h  1
  43  9.7209673e+04 2.49e-03 1.12e-01  -6.0 5.37e-01    -  9.86e-01 9.50e-01h  1
  44  9.7213612e+04 3.95e-07 4.28e-05  -6.0 3.03e-02    -  1.00e+00 1.00e+00h  1
  45  9.7213613e+04 7.77e-14 1.16e-11  -6.0 8.84e-06    -  1.00e+00 1.00e+00h  1
  46  9.7213607e+04 1.20e-08 4.47e-07  -7.1 8.59e-04    -  1.00e+00 1.00e+00f  1

Number of Iterations....: 46

                                   (scaled)                 (unscaled)
Objective...............:   7.8032097424421283e+02    9.7213607393347760e+04
Dual infeasibility......:   4.4738905881472548e-07    5.5736428663626489e-05
Constraint violation....:   9.4116942684691046e-09    1.1978161768011475e-08
Variable bound violation:   5.7842911793670737e-08    5.7842911793670737e-08
Complementarity.........:   2.6850720216525785e-07    3.3451047191012012e-05
Overall NLP error.......:   4.4738905881472548e-07    5.5736428663626489e-05


Number of objective function evaluations             = 47
Number of objective gradient evaluations             = 47
Number of equality constraint evaluations            = 47
Number of inequality constraint evaluations          = 48
Number of equality constraint Jacobian evaluations   = 47
Number of inequality constraint Jacobian evaluations = 47
Number of Lagrangian Hessian evaluations             = 46
Total seconds in IPOPT                               = 0.118

EXIT: Optimal Solution Found.

