Solver command line: ['/opt/homebrew/bin/ipopt', '/var/folders/6y/bvynbx6n3zv7z3lwg6vd724r0000gn/T/tmpxsuuh215.pyomo.nl', '-AMPL', 'tol=1e-06', 'max_iter=300', 'print_level=5', 'warm_start_init_point=yes', 'warm_start_bound_push=1e-06', 'warm_start_bound_frac=1e-06', 'warm_start_mult_bound_push=1e-06', 'mu_init=1e-06', 'least_square_init_duals=no']

Ipopt 3.14.19: tol=1e-06
max_iter=300
print_level=5
warm_start_init_point=yes
warm_start_bound_push=1e-06
warm_start_bound_frac=1e-06
warm_start_mult_bound_push=1e-06
mu_init=1e-06
least_square_init_duals=no


******************************************************************************
This program contains Ipopt, a library for large-scale nonlinear optimization.
 Ipopt is released as open source code under the Eclipse Public License (EPL).
         For more information visit https://github.com/coin-or/Ipopt
******************************************************************************

This is Ipopt version 3.14.19, running with linear solver MUMPS 5.6.2.

Number of nonzeros in equality constraint Jacobian...:     1978
Number of nonzeros in inequality constraint Jacobian.:     1488
Number of nonzeros in Lagrangian Hessian.............:     1070

Total number of variables............................:      309
                     variables with only lower bounds:        0
                variables with lower and upper bounds:      309
                     variables with only upper bounds:        0
Total number of equality constraints.................:      237
Total number of inequality constraints...............:      372
        inequality constraints with only lower bounds:        0
   inequality constraints with lower and upper bounds:        0
        inequality constraints with only upper bounds:      372

iter    objective    inf_pr   inf_du lg(mu)  ||d||  lg(rg) alpha_du alpha_pr  ls
   0  8.5645492e+04 5.70e+00 1.34e+02  -6.0 0.00e+00    -  0.00e+00 0.00e+00   0
   1  8.5579356e+04 5.70e+00 1.34e+02  -6.0 2.20e+02    -  4.24e-05 3.33e-05f  1
   2  8.5359938e+04 5.70e+00 1.34e+02  -6.0 2.20e+02    -  3.49e-04 1.10e-04f  1
   3  8.3603020e+04 5.69e+00 1.34e+02  -6.0 2.20e+02    -  9.48e-05 8.86e-04f  1
   4  8.1475392e+04 5.69e+00 1.34e+02  -6.0 2.16e+02    -  4.55e-04 1.09e-03f  1
   5  8.0130267e+04 5.68e+00 1.34e+02  -6.0 2.11e+02    -  3.06e-04 7.79e-04f  1
   6  8.0029764e+04 5.68e+00 1.34e+02  -6.0 2.31e+02    -  3.87e-04 2.42e-04f  1
   7  7.7704895e+04 5.65e+00 1.33e+02  -6.0 2.28e+02    -  3.29e-04 5.69e-03f  1
   8  7.7470123e+04 5.64e+00 1.33e+02  -6.0 9.43e+01    -  5.85e-03 1.05e-03f  1
   9  7.6687396e+04 5.61e+00 1.32e+02  -6.0 6.60e+01    -  7.13e-03 5.17e-03f  1
iter    objective    inf_pr   inf_du lg(mu)  ||d||  lg(rg) alpha_du alpha_pr  ls
  10  7.5556891e+04 5.55e+00 1.31e+02  -6.0 6.49e+01    -  2.77e-02 1.11e-02f  1
  11  7.5363174e+04 5.53e+00 1.30e+02  -6.0 3.14e+01    -  1.42e-02 4.85e-03f  1
  12  7.5272381e+04 5.51e+00 1.30e+02  -6.0 3.00e+01    -  6.66e-02 2.49e-03f  1
  13  7.4331490e+04 5.36e+00 1.26e+02  -6.0 2.92e+01    -  2.38e-02 2.67e-02f  1
  14  7.4207854e+04 5.34e+00 1.26e+02  -6.0 2.50e+01    -  1.29e-01 4.36e-03f  1
  15  7.3357923e+04 5.14e+00 1.21e+02  -6.0 2.27e+01    -  8.71e-03 3.70e-02f  1
  16  7.3065430e+04 5.04e+00 1.19e+02  -6.0 1.87e+01    -  3.15e-02 2.02e-02f  1
  17  7.3016139e+04 4.89e+00 1.15e+02  -6.0 1.26e+01    -  8.46e-02 2.86e-02h  1
  18  7.3723865e+04 4.69e+00 1.11e+02  -6.0 9.60e+00    -  7.53e-02 4.22e-02h  1
  19  7.4765459e+04 4.43e+00 1.05e+02  -6.0 1.28e+01    -  2.55e-02 5.49e-02h  1
iter    objective    inf_pr   inf_du lg(mu)  ||d||  lg(rg) alpha_du alpha_pr  ls
  20  7.5325173e+04 4.30e+00 1.01e+02  -6.0 1.60e+01    -  4.09e-02 2.97e-02h  1
  21  7.6358489e+04 4.06e+00 9.59e+01  -6.0 1.75e+01    -  4.35e-02 5.54e-02h  1
  22  7.7578370e+04 3.78e+00 8.95e+01  -6.0 1.97e+01    -  7.83e-02 6.78e-02h  1
  23  7.8232965e+04 3.64e+00 8.61e+01  -6.0 2.21e+01    -  7.97e-02 3.81e-02h  1
  24  7.9382276e+04 3.39e+00 8.03e+01  -6.0 2.38e+01    -  6.46e-02 6.83e-02h  1
  25  7.9687583e+04 3.33e+00 7.88e+01  -6.0 2.64e+01    -  1.14e-01 1.90e-02h  1
  26  8.0312848e+04 3.19e+00 7.57e+01  -6.0 2.67e+01    -  9.81e-05 3.97e-02h  1
  27  8.0720501e+04 3.11e+00 7.37e+01  -6.0 2.73e+01    -  5.62e-02 2.68e-02h  1
  28  8.2973832e+04 2.64e+00 6.29e+01  -6.0 2.75e+01    -  2.69e-02 1.51e-01h  1
  29  8.3406286e+04 2.55e+00 6.08e+01  -6.0 2.49e+01    -  2.28e-01 3.34e-02h  1
iter    objective    inf_pr   inf_du lg(mu)  ||d||  lg(rg) alpha_du alpha_pr  ls
  30  8.4170833e+04 2.39e+00 5.72e+01  -6.0 1.10e+01    -  5.15e-02 6.08e-02h  1
  31  8.9076635e+04 1.40e+00 3.55e+01  -6.0 1.08e+01    -  4.39e-01 4.12e-01h  1
  32  9.0213946e+04 1.19e+00 3.02e+01  -6.0 9.50e+00    -  6.39e-02 1.50e-01h  1
  33  9.4744262e+04 3.68e-01 9.23e+00  -6.0 8.64e+00    -  4.43e-01 6.93e-01h  1
  34  9.4815197e+04 3.56e-01 8.94e+00  -6.0 4.73e+00    -  3.57e-01 3.12e-02h  1
  35  9.5026442e+04 3.24e-01 8.11e+00  -6.0 6.01e+00    -  1.05e-01 9.34e-02h  1
  36  9.5511266e+04 2.50e-01 6.28e+00  -6.0 2.06e+00    -  1.86e-02 2.27e-01h  1
  37  9.5572568e+04 2.41e-01 6.05e+00  -6.0 1.73e+00    -  2.54e-01 3.69e-02h  1
  38  9.6027617e+04 1.73e-01 4.36e+00  -6.0 1.86e+00    -  4.07e-02 2.84e-01h  1
  39  9.6619376e+04 8.54e-02 2.19e+00  -6.0 1.40e+00    -  4.94e-01 5.08e-01h  1
iter    objective    inf_pr   inf_du lg(mu)  ||d||  lg(rg) alpha_du alpha_pr  ls
  40  9.6849716e+04 5.19e-02 1.68e+00  -6.0 7.47e-01    -  2.53e-01 3.91e-01h  1
  41  9.7038829e+04 2.48e-02 6.57e-01  -6.0 4.10e-01    -  9.60e-01 5.23e-01h  1
  42  9.7211787e+04 1.72e-04 1.64e-02  -6.0 2.24e-01    -  1.00e+00 9.92e-01h  1
  43  9.7213613e+04 1.13e-08 1.23e-06  -6.0 3.98e-03    -  1.00e+00 1.00e+00h  1
  44  9.7213607e+04 1.20e-08 4.47e-07  -7.1 8.59e-04    -  1.00e+00 1.00e+00h  1

Number of Iterations....: 44

                                   (scaled)                 (unscaled)
Objective...............:   7.8032097424421329e+02    9.7213607393347818e+04
Dual infeasibility......:   4.4737914603115271e-07    5.5735193713545395e-05
Constraint violation....:   8.9240021911755662e-09    1.1978149833113959e-08
Variable bound violation:   5.7842911793670737e-08    5.7842911793670737e-08
Complementarity.........:   2.6850806273535258e-07    3.3451154402180340e-05
Overall NLP error.......:   4.4737914603115271e-07    5.5735193713545395e-05


Number of objective function evaluations             = 45
Number of objective gradient evaluations             = 45
Number of equality constraint evaluations            = 45
Number of inequality constraint evaluations          = 46
Number of equality constraint Jacobian evaluations   = 45
Number of inequality constraint Jacobian evaluations = 45
Number of Lagrangian Hessian evaluations             = 44
Total seconds in IPOPT                               = 0.114

EXIT: Optimal Solution Found.

