Solver command line: ['/opt/homebrew/bin/ipopt', '/var/folders/6y/bvynbx6n3zv7z3lwg6vd724r0000gn/T/tmp2nwqm0dx.pyomo.nl', '-AMPL', 'tol=1e-06', 'max_iter=300', 'print_level=5', 'warm_start_init_point=yes', 'warm_start_bound_push=1e-06', 'warm_start_bound_frac=1e-06', 'warm_start_mult_bound_push=1e-06', 'mu_init=1e-06', 'least_square_init_duals=no']

Ipopt 3.14.19: tol=1e-06
max_iter=300
print_level=5
warm_start_init_point=yes
warm_start_bound_push=1e-06
warm_start_bound_frac=1e-06
warm_start_mult_bound_push=1e-06
mu_init=1e-06
least_square_init_duals=no


******************************************************************************
This program contains Ipopt, a library for large-scale nonlinear optimization.
 Ipopt is released as open source code under the Eclipse Public License (EPL).
         For more information visit https://github.com/coin-or/Ipopt
******************************************************************************

This is Ipopt version 3.14.19, running with linear solver MUMPS 5.6.2.

Number of nonzeros in equality constraint Jacobian...:     1978
Number of nonzeros in inequality constraint Jacobian.:     1488
Number of nonzeros in Lagrangian Hessian.............:     1070

Total number of variables............................:      309
                     variables with only lower bounds:        0
                variables with lower and upper bounds:      309
                     variables with only upper bounds:        0
Total number of equality constraints.................:      237
Total number of inequality constraints...............:      372
        inequality constraints with only lower bounds:        0
   inequality constraints with lower and upper bounds:        0
        inequality constraints with only upper bounds:      372

iter    objective    inf_pr   inf_du lg(mu)  ||d||  lg(rg) alpha_du alpha_pr  ls
   0  9.7213567e+04 4.34e+00 3.56e-01  -6.0 0.00e+00    -  0.00e+00 0.00e+00   0
   1  9.7194772e+04 3.61e+00 5.86e-01  -6.0 4.37e+00    -  2.48e-01 1.67e-01h  1
   2  9.7188901e+04 3.33e+00 4.10e+00  -6.0 3.68e+00    -  7.59e-01 7.80e-02h  1
   3  9.7186411e+04 3.03e+00 3.69e+00  -6.0 3.59e+00    -  5.42e-01 8.95e-02h  1
   4  9.7186378e+04 2.97e+00 3.54e+00  -6.0 3.06e+00    -  6.37e-02 2.09e-02h  1
   5  9.7186428e+04 2.92e+00 1.86e+00  -6.0 2.99e+00    -  1.00e+00 1.48e-02h  1
   6  9.7186816e+04 2.73e+00 1.74e+00  -6.0 2.95e+00    -  1.03e-01 6.55e-02h  1
   7  9.7187511e+04 2.61e+00 1.61e+00  -6.0 2.75e+00    -  1.00e+00 4.48e-02h  1
   8  9.7190230e+04 2.19e+00 1.35e+00  -6.0 2.63e+00    -  2.27e-01 1.61e-01h  1
   9  9.7194456e+04 1.61e+00 1.00e+00  -6.0 2.21e+00    -  1.00e+00 2.64e-01h  1
iter    objective    inf_pr   inf_du lg(mu)  ||d||  lg(rg) alpha_du alpha_pr  ls
  10  9.7195559e+04 1.48e+00 9.20e-01  -6.0 1.62e+00    -  7.36e-01 8.22e-02h  1
  11  9.7195975e+04 1.43e+00 8.90e-01  -6.0 1.46e+00    -  1.00e+00 3.17e-02h  1
  12  9.7198128e+04 1.20e+00 7.43e-01  -6.0 1.41e+00    -  1.00e+00 1.65e-01h  1
  13  9.7200103e+04 9.96e-01 6.19e-01  -6.0 1.18e+00    -  1.00e+00 1.68e-01h  1
  14  9.7202958e+04 7.30e-01 4.66e-01  -6.0 9.81e-01    -  1.00e+00 2.67e-01h  1
  15  9.7203397e+04 6.94e-01 9.26e-01  -6.0 7.19e-01    -  1.00e+00 5.00e-02h  1
  16  9.7205820e+04 4.97e-01 6.74e-01  -6.0 6.83e-01    -  1.00e+00 2.84e-01h  1
  17  9.7208342e+04 3.10e-01 4.18e-01  -6.0 4.89e-01    -  1.00e+00 3.76e-01h  1
  18  9.7210197e+04 1.85e-01 2.45e-01  -6.0 3.05e-01    -  1.00e+00 4.04e-01h  1
  19  9.7211867e+04 8.02e-02 4.65e-01  -6.0 2.01e-01    -  6.95e-01 5.66e-01h  1
iter    objective    inf_pr   inf_du lg(mu)  ||d||  lg(rg) alpha_du alpha_pr  ls
  20  9.7213116e+04 1.99e-02 3.76e-01  -6.0 8.28e-02    -  1.00e+00 7.51e-01h  1
  21  9.7213608e+04 2.35e-06 9.65e-05  -6.0 2.14e-02    -  1.00e+00 1.00e+00h  1
  22  9.7213613e+04 1.12e-11 3.88e-10  -6.0 3.64e-05    -  1.00e+00 1.00e+00h  1
  23  9.7213607e+04 1.20e-08 4.47e-07  -7.1 8.59e-04    -  1.00e+00 1.00e+00h  1

Number of Iterations....: 23

                                   (scaled)                 (unscaled)
Objective...............:   7.8032097424422477e+02    9.7213607393349244e+04
Dual infeasibility......:   4.4748581048850628e-07    5.5748482138465717e-05
Constraint violation....:   8.9200107722457131e-09    1.1980919062404283e-08
Variable bound violation:   5.7842911793670737e-08    5.7842911793670737e-08
Complementarity.........:   2.6855320701966969e-07    3.3456778547726226e-05
Overall NLP error.......:   4.4748581048850628e-07    5.5748482138465717e-05


Number of objective function evaluations             = 24
Number of objective gradient evaluations             = 24
Number of equality constraint evaluations            = 24
Number of inequality constraint evaluations          = 25
Number of equality constraint Jacobian evaluations   = 24
Number of inequality constraint Jacobian evaluations = 24
Number of Lagrangian Hessian evaluations             = 23
Total seconds in IPOPT                               = 0.057

EXIT: Optimal Solution Found.

