Solver command line: ['/opt/homebrew/bin/ipopt', '/var/folders/6y/bvynbx6n3zv7z3lwg6vd724r0000gn/T/tmprpg87dry.pyomo.nl', '-AMPL', 'tol=1e-06', 'max_iter=300', 'print_level=5', 'warm_start_init_point=yes', 'warm_start_bound_push=1e-06', 'warm_start_bound_frac=1e-06', 'warm_start_mult_bound_push=1e-06', 'mu_init=1e-06', 'least_square_init_duals=no']

Ipopt 3.14.19: tol=1e-06
max_iter=300
print_level=5
warm_start_init_point=yes
warm_start_bound_push=1e-06
warm_start_bound_frac=1e-06
warm_start_mult_bound_push=1e-06
mu_init=1e-06
least_square_init_duals=no


******************************************************************************
This program contains Ipopt, a library for large-scale nonlinear optimization.
 Ipopt is released as open source code under the Eclipse Public License (EPL).
         For more information visit https://github.com/coin-or/Ipopt
******************************************************************************

This is Ipopt version 3.14.19, running with linear solver MUMPS 5.6.2.

Number of nonzeros in equality constraint Jacobian...:     1978
Number of nonzeros in inequality constraint Jacobian.:     1488
Number of nonzeros in Lagrangian Hessian.............:     1070

Total number of variables............................:      309
                     variables with only lower bounds:        0
                variables with lower and upper bounds:      309
                     variables with only upper bounds:        0
Total number of equality constraints.................:      237
Total number of inequality constraints...............:      372
        inequality constraints with only lower bounds:        0
   inequality constraints with lower and upper bounds:        0
        inequality constraints with only upper bounds:      372

iter    objective    inf_pr   inf_du lg(mu)  ||d||  lg(rg) alpha_du alpha_pr  ls
   0  8.5645492e+04 4.07e+00 2.61e+01  -6.0 0.00e+00    -  0.00e+00 0.00e+00   0
   1  9.6571961e+04 1.56e-01 5.99e-01  -6.0 3.95e+00    -  4.67e-01 9.70e-01h  1
   2  9.7199332e+04 6.26e-03 7.36e-02  -6.0 8.68e-01    -  1.00e+00 9.79e-01h  1
   3  9.7213612e+04 3.02e-06 2.89e-04  -6.0 1.96e-02    -  1.00e+00 1.00e+00h  1
   4  9.7213613e+04 3.03e-08 9.72e-07  -6.0 1.39e-03    -  1.00e+00 1.00e+00h  1
   5  9.7213607e+04 1.95e-08 7.08e-07  -7.1 1.10e-03    -  1.00e+00 1.00e+00h  1

Number of Iterations....: 5

                                   (scaled)                 (unscaled)
Objective...............:   7.8032097427427846e+02    9.7213607397093379e+04
Dual infeasibility......:   7.0808911240074097e-07    8.8214849074256101e-05
Constraint violation....:   1.5338819318688518e-08    1.9534778711305378e-08
Variable bound violation:   5.7842910905492317e-08    5.7842910905492317e-08
Complementarity.........:   3.9439440798002937e-07    4.9134272179006141e-05
Overall NLP error.......:   7.0808911240074097e-07    8.8214849074256101e-05


Number of objective function evaluations             = 6
Number of objective gradient evaluations             = 6
Number of equality constraint evaluations            = 6
Number of inequality constraint evaluations          = 7
Number of equality constraint Jacobian evaluations   = 6
Number of inequality constraint Jacobian evaluations = 6
Number of Lagrangian Hessian evaluations             = 5
Total seconds in IPOPT                               = 0.015

EXIT: Optimal Solution Found.

