Solver command line: ['/opt/homebrew/bin/ipopt', '/var/folders/6y/bvynbx6n3zv7z3lwg6vd724r0000gn/T/tmpk54q_43k.pyomo.nl', '-AMPL', 'tol=1e-06', 'max_iter=300', 'print_level=5', 'warm_start_init_point=yes', 'warm_start_bound_push=1e-06', 'warm_start_bound_frac=1e-06', 'warm_start_mult_bound_push=1e-06', 'mu_init=1e-06', 'least_square_init_duals=no']

Ipopt 3.14.19: tol=1e-06
max_iter=300
print_level=5
warm_start_init_point=yes
warm_start_bound_push=1e-06
warm_start_bound_frac=1e-06
warm_start_mult_bound_push=1e-06
mu_init=1e-06
least_square_init_duals=no


******************************************************************************
This program contains Ipopt, a library for large-scale nonlinear optimization.
 Ipopt is released as open source code under the Eclipse Public License (EPL).
         For more information visit https://github.com/coin-or/Ipopt
******************************************************************************

This is Ipopt version 3.14.19, running with linear solver MUMPS 5.6.2.

Number of nonzeros in equality constraint Jacobian...:     1978
Number of nonzeros in inequality constraint Jacobian.:     1488
Number of nonzeros in Lagrangian Hessian.............:     1070

Total number of variables............................:      309
                     variables with only lower bounds:        0
                variables with lower and upper bounds:      309
                     variables with only upper bounds:        0
Total number of equality constraints.................:      237
Total number of inequality constraints...............:      372
        inequality constraints with only lower bounds:        0
   inequality constraints with lower and upper bounds:        0
        inequality constraints with only upper bounds:      372

iter    objective    inf_pr   inf_du lg(mu)  ||d||  lg(rg) alpha_du alpha_pr  ls
   0  8.5645492e+04 3.92e+00 1.00e+02  -6.0 0.00e+00    -  0.00e+00 0.00e+00   0
   1  8.0775648e+04 3.92e+00 1.00e+02  -6.0 1.48e+07    -  3.98e-08 3.98e-08f  1
   2  8.0254425e+04 3.92e+00 1.00e+02  -6.0 6.70e+06    -  5.65e-08 2.69e-08f  1
   3  7.6500951e+04 3.92e+00 1.00e+02  -6.0 5.81e+06    -  2.30e-07 2.11e-07f  1
   4  7.5183392e+04 3.92e+00 1.00e+02  -6.0 4.23e+06    -  7.72e-07 2.77e-07f  1
   5  7.4105118e+04 3.92e+00 1.00e+02  -6.0 2.13e+06    -  9.97e-07 6.26e-07f  1
   6  7.3830914e+04 3.92e+00 1.00e+02  -6.0 9.38e+05    -  4.64e-06 5.29e-07f  1
   7  7.3289656e+04 3.92e+00 1.00e+02  -6.0 4.47e+05    -  7.96e-07 3.47e-06f  1
   8  7.3068638e+04 3.92e+00 1.00e+02  -6.0 2.18e+05    -  1.45e-05 4.07e-06f  1
   9  7.2816466e+04 3.92e+00 1.00e+02  -6.0 8.48e+04    -  2.94e-05 1.74e-05f  1
iter    objective    inf_pr   inf_du lg(mu)  ||d||  lg(rg) alpha_du alpha_pr  ls
  10  7.2779643e+04 3.92e+00 1.00e+02  -6.0 1.90e+04    -  1.92e-05 2.71e-05f  1
  11  7.2755092e+04 3.92e+00 1.00e+02  -6.0 9.64e+03    -  2.70e-04 5.55e-05f  1
  12  7.2750267e+04 3.92e+00 9.99e+01  -6.0 1.88e+03    -  2.43e-04 2.39e-04h  1
  13  7.2754570e+04 3.92e+00 9.99e+01  -6.0 1.44e+02    -  6.60e-04 2.27e-04h  1
  14  7.2754840e+04 3.92e+00 9.98e+01  -6.0 4.91e+02    -  6.46e-04 3.71e-05h  5
  15  7.2755042e+04 3.92e+00 9.98e+01  -6.0 4.18e+02    -  4.88e-05 2.01e-05h  7
  16  7.2769161e+04 3.92e+00 9.97e+01  -6.0 4.04e+02    -  1.31e-03 1.31e-03s 13
  17r 7.2769161e+04 3.92e+00 9.99e+02   0.6 0.00e+00    -  0.00e+00 0.00e+00R  1
  18r 7.2769233e+04 3.92e+00 9.99e+02   0.6 8.79e+05    -  1.38e-08 1.70e-09f  1
  19r 7.2592744e+04 3.73e+00 9.99e+02   0.6 2.39e+04    -  6.03e-07 2.15e-05f  1
iter    objective    inf_pr   inf_du lg(mu)  ||d||  lg(rg) alpha_du alpha_pr  ls
  20r 7.5930917e+04 3.11e+00 9.99e+02   0.6 3.66e+03    -  3.65e-05 2.75e-04f  1
  21  7.5902769e+04 3.11e+00 9.98e+01  -6.0 3.57e+04    -  7.41e-06 8.31e-06f  1
  22  7.5800665e+04 3.11e+00 9.98e+01  -6.0 9.65e+03    -  3.62e-07 4.60e-05f  1
  23  7.5736573e+04 3.11e+00 9.98e+01  -6.0 6.89e+03    -  3.68e-07 5.63e-05f  1
  24  7.5721354e+04 3.11e+00 9.98e+01  -6.0 3.81e+03    -  1.36e-05 2.54e-05f  3
  25  7.5704537e+04 3.11e+00 9.98e+01  -6.0 2.41e+03    -  4.05e-05 4.71e-05f  3
  26  7.5690756e+04 3.11e+00 9.98e+01  -6.0 1.20e+03    -  5.46e-04 7.09e-05f  3
  27  7.5683423e+04 3.11e+00 9.97e+01  -6.0 8.33e+02    -  1.22e-03 6.46e-05f  4
  28  7.5679718e+04 3.11e+00 9.96e+01  -6.0 1.26e+03    -  9.12e-04 4.77e-05f  4
  29  7.5656561e+04 3.11e+00 9.95e+01  -6.0 1.25e+03    -  1.33e-03 3.84e-04f  1
iter    objective    inf_pr   inf_du lg(mu)  ||d||  lg(rg) alpha_du alpha_pr  ls
  30  7.5616452e+04 3.11e+00 9.91e+01  -6.0 3.20e+02    -  4.54e-03 1.47e-03f  1
  31  7.5595511e+04 3.08e+00 9.89e+01  -6.0 1.06e+02    -  3.44e-04 8.40e-03h  1
  32  7.5608835e+04 3.08e+00 9.88e+01  -6.0 3.15e+01    -  1.01e-03 9.43e-04h  4
  33  7.5612887e+04 3.08e+00 9.59e+01  -6.0 2.65e+01    -  3.78e-02 2.68e-04h  6
  34  7.5615886e+04 3.07e+00 9.57e+01  -6.0 2.72e+01    -  2.43e-03 1.62e-04h  8
  35  7.5616270e+04 3.07e+00 9.30e+01  -6.0 2.65e+01    -  3.70e-02 2.06e-05h 11
  36  7.5667859e+04 3.07e+00 9.27e+01  -6.0 2.64e+01    -  2.70e-03 2.70e-03s 17
  37  7.6249243e+04 2.97e+00 9.00e+01  -6.0 1.65e+01    -  2.99e-02 2.99e-02s 17
  38r 7.6249243e+04 2.97e+00 9.99e+02   0.5 0.00e+00    -  0.00e+00 0.00e+00R  1
  39r 7.6251207e+04 2.96e+00 9.99e+02   0.5 1.29e+06    -  7.81e-08 8.77e-08f  1
iter    objective    inf_pr   inf_du lg(mu)  ||d||  lg(rg) alpha_du alpha_pr  ls
  40r 7.6887482e+04 2.78e+00 9.99e+02   0.5 4.81e+03    -  1.52e-04 7.40e-05f  1
  41r 8.1582084e+04 1.32e+00 9.99e+02   0.5 4.83e+03    -  8.76e-05 6.84e-04f  1
  42  8.1579519e+04 1.32e+00 9.09e+01  -6.0 6.49e+04    -  2.03e-05 1.11e-07f  1
  43  8.1571438e+04 1.32e+00 9.09e+01  -6.0 1.59e+04    -  1.90e-05 1.66e-05f  1
  44  8.1552072e+04 1.32e+00 9.09e+01  -6.0 7.04e+03    -  1.14e-06 5.85e-05f  1
  45  8.1492813e+04 1.32e+00 9.09e+01  -6.0 2.68e+03    -  1.62e-06 1.23e-04f  1
  46  8.1403958e+04 1.32e+00 9.09e+01  -6.0 3.02e+03    -  1.49e-04 2.64e-04f  1
  47  8.1399210e+04 1.32e+00 9.09e+01  -6.0 2.32e+02    -  2.38e-06 3.91e-04h  1
  48  8.1391324e+04 1.32e+00 9.08e+01  -6.0 3.34e+02    -  6.62e-04 5.98e-04f  3
  49  8.1398990e+04 1.32e+00 9.06e+01  -6.0 7.19e+01    -  2.80e-03 6.30e-04h  2
iter    objective    inf_pr   inf_du lg(mu)  ||d||  lg(rg) alpha_du alpha_pr  ls
  50  8.1402272e+04 1.32e+00 8.74e+01  -6.0 3.09e+01    -  4.69e-02 2.41e-04h  6
  51  8.1575825e+04 1.31e+00 8.62e+01  -6.0 2.21e+01    -  1.48e-02 1.24e-02h  2
  52  8.1823075e+04 1.28e+00 8.46e+01  -6.0 1.41e+01    -  1.92e-02 1.82e-02h  1
  53  8.3229211e+04 1.16e+00 7.74e+01  -6.0 3.98e+00    -  7.94e-02 9.93e-02h  1
  54  8.4267411e+04 1.06e+00 7.16e+01  -6.0 4.36e+00    -  7.30e-02 7.98e-02h  1
  55  8.4389799e+04 1.05e+00 6.14e+01  -6.0 3.72e+00    -  1.88e-01 1.01e-02h  1
  56  8.7484244e+04 7.77e-01 5.65e+01  -6.0 9.35e+00    -  3.49e-03 2.61e-01h  1
  57  8.9916560e+04 5.67e-01 4.14e+01  -6.0 2.58e+00    -  2.66e-01 2.71e-01h  1
  58  9.1622041e+04 4.21e-01 2.88e+01  -6.0 1.95e+00    -  3.22e-01 2.57e-01h  1
  59r 9.1622041e+04 4.21e-01 9.99e+02  -0.3 0.00e+00    -  0.00e+00 3.06e-07R  4
iter    objective    inf_pr   inf_du lg(mu)  ||d||  lg(rg) alpha_du alpha_pr  ls
  60r 9.1616017e+04 4.25e-01 1.00e+03  -0.3 6.96e+04    -  8.49e-06 1.09e-07f  6
  61r 9.2735619e+04 4.00e-01 9.99e+02  -0.3 1.23e+03    -  2.60e-03 3.83e-04f  1
  62  9.2735571e+04 4.00e-01 4.47e+01  -6.0 3.69e+03    -  3.41e-06 6.18e-07h  1
  63  9.2733485e+04 3.98e-01 4.47e+01  -6.0 4.86e+03    -  1.74e-04 7.51e-05f  1
  64  9.2731343e+04 3.98e-01 4.47e+01  -6.0 6.93e+02    -  1.72e-05 2.26e-04h  1
  65  9.2711017e+04 3.97e-01 4.47e+01  -6.0 1.17e+03    -  1.02e-03 3.27e-04f  1
  66  9.2718463e+04 3.96e-01 4.44e+01  -6.0 3.37e+01    -  1.16e-02 2.10e-03h  2
  67  9.2726807e+04 3.95e-01 4.42e+01  -6.0 1.34e+01    -  5.38e-03 2.33e-03h  4
  68  9.2732522e+04 3.95e-01 4.28e+01  -6.0 4.09e+00    -  6.71e-02 1.45e-03h  5
  69  9.2733213e+04 3.94e-01 4.17e+01  -6.0 7.59e+00    -  5.54e-02 1.78e-04h 10
iter    objective    inf_pr   inf_du lg(mu)  ||d||  lg(rg) alpha_du alpha_pr  ls
  70  9.2733425e+04 3.94e-01 4.16e+01  -6.0 7.54e+00    -  1.92e-03 5.45e-05h 12
  71  9.2733478e+04 3.94e-01 4.10e+01  -6.0 7.64e+00    -  3.59e-02 1.38e-05h 14
  72  9.3144805e+04 3.56e-01 3.85e+01  -6.0 8.19e+00    -  1.85e-03 1.04e-01H  1
  73  9.3174057e+04 3.53e-01 3.84e+01  -6.0 4.70e+00    -  1.90e-06 8.50e-03h  1
  74  9.3196443e+04 3.50e-01 3.77e+01  -6.0 1.45e+01    -  3.14e-02 8.19e-03h  1
  75  9.3283361e+04 3.40e-01 3.68e+01  -6.0 1.29e+01    -  1.19e-02 2.98e-02h  1
  76  9.3506856e+04 3.17e-01 3.41e+01  -6.0 1.26e+01    -  8.60e-02 6.75e-02h  1
  77  9.3651776e+04 3.04e-01 3.09e+01  -6.0 1.27e+01    -  1.92e-01 4.08e-02h  1
  78  9.3811669e+04 2.90e-01 2.82e+01  -6.0 1.45e+01    -  1.84e-01 4.57e-02h  1
  79  9.4150053e+04 2.62e-01 2.60e+01  -6.0 1.21e+01    -  1.55e-03 9.91e-02h  1
iter    objective    inf_pr   inf_du lg(mu)  ||d||  lg(rg) alpha_du alpha_pr  ls
  80  9.4166712e+04 2.60e-01 2.58e+01  -6.0 1.32e+00   0.0 4.80e-03 5.40e-03h  1
  81  9.4182170e+04 2.59e-01 2.57e+01  -6.0 1.72e+00  -0.5 1.94e-02 5.29e-03h  1
  82  9.4300444e+04 2.49e-01 2.47e+01  -6.0 1.38e+00  -0.1 2.66e-02 3.97e-02h  1
  83  9.4545984e+04 2.27e-01 2.28e+01  -6.0 1.56e+00  -0.5 3.16e-02 8.72e-02h  1
  84  9.4903343e+04 1.97e-01 1.98e+01  -6.0 1.16e+00  -0.1 1.45e-02 1.35e-01h  1
  85  9.6107185e+04 9.54e-02 1.16e+01  -6.0 7.60e-01  -0.6 2.62e-01 5.15e-01h  1
  86  9.6175264e+04 8.75e-02 1.03e+01  -6.0 4.02e+00    -  1.32e-01 8.27e-02h  1
  87  9.6532493e+04 5.70e-02 5.44e+00  -6.0 1.13e+00    -  5.46e-01 3.49e-01h  1
  88  9.6686404e+04 4.40e-02 4.76e+00  -6.0 4.49e-01    -  3.10e-01 2.27e-01h  1
  89  9.7048017e+04 1.37e-02 1.40e+00  -6.0 3.70e-01    -  6.16e-01 6.89e-01h  1
iter    objective    inf_pr   inf_du lg(mu)  ||d||  lg(rg) alpha_du alpha_pr  ls
  90  9.7205703e+04 6.39e-04 1.05e-01  -6.0 1.01e-01    -  1.00e+00 9.53e-01h  1
  91  9.7213613e+04 5.40e-08 1.81e-04  -6.0 4.79e-03    -  1.00e+00 1.00e+00h  1
  92  9.7213613e+04 2.13e-10 6.64e-09  -6.0 1.16e-04    -  1.00e+00 1.00e+00h  1
  93  9.7213607e+04 1.20e-08 4.49e-07  -7.1 8.61e-04    -  1.00e+00 1.00e+00h  1

Number of Iterations....: 93

                                   (scaled)                 (unscaled)
Objective...............:   7.8032097424443748e+02    9.7213607393375743e+04
Dual infeasibility......:   4.4920412831265724e-07    5.5962552860447524e-05
Constraint violation....:   8.9567632959723180e-09    1.2030283241815098e-08
Variable bound violation:   5.7842911793670737e-08    5.7842911793670737e-08
Complementarity.........:   2.6937339018698040e-07    3.3558958249476275e-05
Overall NLP error.......:   4.4920412831265724e-07    5.5962552860447524e-05


Number of objective function evaluations             = 248
Number of objective gradient evaluations             = 89
Number of equality constraint evaluations            = 248
Number of inequality constraint evaluations          = 249
Number of equality constraint Jacobian evaluations   = 97
Number of inequality constraint Jacobian evaluations = 97
Number of Lagrangian Hessian evaluations             = 93
Total seconds in IPOPT                               = 0.280

EXIT: Optimal Solution Found.

