Solver command line: ['/opt/homebrew/bin/ipopt', '/var/folders/6y/bvynbx6n3zv7z3lwg6vd724r0000gn/T/tmpfybd8fzh.pyomo.nl', '-AMPL', 'tol=1e-06', 'max_iter=300', 'print_level=5', 'warm_start_init_point=yes', 'warm_start_bound_push=1e-06', 'warm_start_bound_frac=1e-06', 'warm_start_mult_bound_push=1e-06', 'mu_init=1e-06', 'least_square_init_duals=no']

Ipopt 3.14.19: tol=1e-06
max_iter=300
print_level=5
warm_start_init_point=yes
warm_start_bound_push=1e-06
warm_start_bound_frac=1e-06
warm_start_mult_bound_push=1e-06
mu_init=1e-06
least_square_init_duals=no


******************************************************************************
This program contains Ipopt, a library for large-scale nonlinear optimization.
 Ipopt is released as open source code under the Eclipse Public License (EPL).
         For more information visit https://github.com/coin-or/Ipopt
******************************************************************************

This is Ipopt version 3.14.19, running with linear solver MUMPS 5.6.2.

Number of nonzeros in equality constraint Jacobian...:     1978
Number of nonzeros in inequality constraint Jacobian.:     1488
Number of nonzeros in Lagrangian Hessian.............:     1070

Total number of variables............................:      309
                     variables with only lower bounds:        0
                variables with lower and upper bounds:      309
                     variables with only upper bounds:        0
Total number of equality constraints.................:      237
Total number of inequality constraints...............:      372
        inequality constraints with only lower bounds:        0
   inequality constraints with lower and upper bounds:        0
        inequality constraints with only upper bounds:      372

iter    objective    inf_pr   inf_du lg(mu)  ||d||  lg(rg) alpha_du alpha_pr  ls
   0  9.7213567e+04 8.11e+00 1.34e+02  -6.0 0.00e+00    -  0.00e+00 0.00e+00   0
   1  9.6779623e+04 7.22e+00 1.20e+02  -6.0 1.26e+01    -  1.95e-01 1.06e-01f  1
   2  9.6665051e+04 6.93e+00 1.15e+02  -6.0 6.17e+00    -  5.00e-01 4.09e-02h  1
   3  9.6620994e+04 6.80e+00 1.13e+02  -6.0 7.52e+00    -  5.90e-01 1.88e-02h  1
   4  9.6539826e+04 6.55e+00 1.09e+02  -6.0 8.03e+00    -  9.42e-01 3.63e-02h  1
   5  9.6483099e+04 6.37e+00 1.06e+02  -6.0 8.78e+00    -  5.48e-01 2.75e-02h  1
   6  9.6359657e+04 5.96e+00 9.94e+01  -6.0 9.38e+00    -  8.07e-01 6.43e-02h  1
   7  9.6181569e+04 5.29e+00 8.89e+01  -6.0 1.06e+01    -  7.35e-01 1.12e-01h  1
   8  9.6087932e+04 4.84e+00 8.16e+01  -6.0 1.23e+01    -  8.37e-01 8.52e-02h  1
   9  9.6014449e+04 4.39e+00 7.43e+01  -6.0 1.30e+01    -  5.97e-02 9.24e-02h  1
iter    objective    inf_pr   inf_du lg(mu)  ||d||  lg(rg) alpha_du alpha_pr  ls
  10  9.6000670e+04 4.28e+00 7.24e+01  -6.0 1.32e+01    -  7.89e-01 2.57e-02h  1
  11  9.5959534e+04 3.52e+00 6.04e+01  -6.0 1.34e+01    -  2.53e-02 1.78e-01h  1
  12  9.5963528e+04 3.38e+00 5.81e+01  -6.0 1.34e+01    -  2.33e-01 3.92e-02h  1
  13  9.5975435e+04 3.05e+00 5.25e+01  -6.0 1.29e+01    -  6.85e-02 9.82e-02h  1
  14  9.6013094e+04 2.76e+00 4.78e+01  -6.0 1.24e+01    -  1.49e-01 9.27e-02h  1
  15  9.6055291e+04 2.51e+00 4.34e+01  -6.0 1.19e+01    -  2.53e-01 9.40e-02h  1
  16  9.6102843e+04 2.26e+00 3.92e+01  -6.0 1.13e+01    -  1.22e-01 9.92e-02h  1
  17  9.6168586e+04 1.96e+00 3.41e+01  -6.0 1.06e+01    -  2.27e-01 1.33e-01h  1
  18  9.6207883e+04 1.80e+00 3.15e+01  -6.0 9.66e+00    -  1.72e-01 7.88e-02h  1
  19  9.6282135e+04 1.53e+00 2.68e+01  -6.0 9.12e+00    -  3.39e-01 1.51e-01h  1
iter    objective    inf_pr   inf_du lg(mu)  ||d||  lg(rg) alpha_du alpha_pr  ls
  20  9.6360877e+04 1.27e+00 2.24e+01  -6.0 8.08e+00    -  1.35e-01 1.67e-01h  1
  21  9.6441113e+04 1.08e+00 1.90e+01  -6.0 7.00e+00    -  5.12e-01 1.54e-01h  1
  22  9.6561889e+04 8.02e-01 1.41e+01  -6.0 6.10e+00    -  1.55e-01 2.56e-01h  1
  23  9.6564942e+04 7.97e-01 1.40e+01  -6.0 6.13e+00    -  2.08e-01 6.87e-03h  1
  24  9.6624974e+04 6.90e-01 1.23e+01  -6.0 6.17e+00    -  3.55e-02 1.35e-01h  1
  25  9.6665205e+04 6.36e-01 1.13e+01  -6.0 4.17e+00    -  2.24e-01 7.82e-02h  1
  26  9.6771269e+04 4.96e-01 8.85e+00  -6.0 3.87e+00    -  6.90e-02 2.21e-01h  1
  27  9.6781322e+04 4.83e-01 8.63e+00  -6.0 3.09e+00    -  2.96e-02 2.52e-02h  1
  28  9.6810352e+04 4.47e-01 7.99e+00  -6.0 3.01e+00    -  2.32e-01 7.44e-02h  1
  29  9.6939851e+04 2.90e-01 5.22e+00  -6.0 2.80e+00    -  1.06e-01 3.52e-01h  1
iter    objective    inf_pr   inf_du lg(mu)  ||d||  lg(rg) alpha_du alpha_pr  ls
  30  9.7000015e+04 2.22e-01 4.01e+00  -6.0 1.87e+00    -  4.77e-01 2.33e-01h  1
  31  9.7074105e+04 1.42e-01 2.57e+00  -6.0 1.45e+00    -  7.12e-01 3.62e-01h  1
  32  9.7196749e+04 1.35e-02 3.19e-01  -6.0 9.35e-01    -  1.00e+00 9.03e-01h  1
  33  9.7213575e+04 9.26e-06 7.54e-04  -6.0 9.89e-02    -  1.00e+00 1.00e+00h  1
  34  9.7213613e+04 4.61e-09 1.42e-07  -6.0 5.40e-04    -  1.00e+00 1.00e+00h  1
  35  9.7213607e+04 1.31e-08 4.87e-07  -7.1 9.00e-04    -  1.00e+00 1.00e+00h  1

Number of Iterations....: 35

                                   (scaled)                 (unscaled)
Objective...............:   7.8032097424902929e+02    9.7213607393947794e+04
Dual infeasibility......:   4.8695009565119435e-07    6.0665004506175390e-05
Constraint violation....:   9.7719848991431003e-09    1.3116345870534118e-08
Variable bound violation:   5.7842911793670737e-08    5.7842911793670737e-08
Complementarity.........:   2.8743368229678477e-07    3.5808937686812562e-05
Overall NLP error.......:   4.8695009565119435e-07    6.0665004506175390e-05


Number of objective function evaluations             = 36
Number of objective gradient evaluations             = 36
Number of equality constraint evaluations            = 36
Number of inequality constraint evaluations          = 37
Number of equality constraint Jacobian evaluations   = 36
Number of inequality constraint Jacobian evaluations = 36
Number of Lagrangian Hessian evaluations             = 35
Total seconds in IPOPT                               = 0.089

EXIT: Optimal Solution Found.

