Solver command line: ['/opt/homebrew/bin/ipopt', '/var/folders/6y/bvynbx6n3zv7z3lwg6vd724r0000gn/T/tmpkc6qehq7.pyomo.nl', '-AMPL', 'tol=1e-06', 'max_iter=300', 'print_level=5', 'warm_start_init_point=yes', 'warm_start_bound_push=1e-06', 'warm_start_bound_frac=1e-06', 'warm_start_mult_bound_push=1e-06', 'mu_init=1e-06', 'least_square_init_duals=no']

Ipopt 3.14.19: tol=1e-06
max_iter=300
print_level=5
warm_start_init_point=yes
warm_start_bound_push=1e-06
warm_start_bound_frac=1e-06
warm_start_mult_bound_push=1e-06
mu_init=1e-06
least_square_init_duals=no


******************************************************************************
This program contains Ipopt, a library for large-scale nonlinear optimization.
 Ipopt is released as open source code under the Eclipse Public License (EPL).
         For more information visit https://github.com/coin-or/Ipopt
******************************************************************************

This is Ipopt version 3.14.19, running with linear solver MUMPS 5.6.2.

Number of nonzeros in equality constraint Jacobian...:     1978
Number of nonzeros in inequality constraint Jacobian.:     1488
Number of nonzeros in Lagrangian Hessian.............:     1070

Total number of variables............................:      309
                     variables with only lower bounds:        0
                variables with lower and upper bounds:      309
                     variables with only upper bounds:        0
Total number of equality constraints.................:      237
Total number of inequality constraints...............:      372
        inequality constraints with only lower bounds:        0
   inequality constraints with lower and upper bounds:        0
        inequality constraints with only upper bounds:      372

iter    objective    inf_pr   inf_du lg(mu)  ||d||  lg(rg) alpha_du alpha_pr  ls
   0  9.7213567e+04 4.34e+00 7.42e+01  -6.0 0.00e+00    -  0.00e+00 0.00e+00   0
   1  9.7213549e+04 4.34e+00 5.54e+01  -6.0 4.35e+00    -  2.53e-01 1.10e-04h  1
   2  9.7193656e+04 3.22e+00 4.10e+01  -6.0 4.35e+00    -  2.60e-01 2.58e-01h  1
   3  9.7190146e+04 2.68e+00 2.04e+01  -6.0 3.23e+00    -  5.03e-01 1.67e-01h  1
   4  9.7191999e+04 2.23e+00 1.05e+01  -6.0 2.69e+00    -  4.84e-01 1.69e-01h  1
   5  9.7199373e+04 1.10e+00 4.79e+00  -6.0 2.23e+00    -  5.46e-01 5.06e-01h  1
   6  9.7203616e+04 6.82e-01 7.89e-01  -6.0 1.09e+00    -  8.38e-01 3.81e-01h  1
   7  9.7207471e+04 3.70e-01 3.15e-01  -6.0 6.74e-01    -  8.07e-01 4.58e-01h  1
   8  9.7210078e+04 1.91e-01 1.48e-01  -6.0 3.66e-01    -  9.96e-01 4.84e-01h  1
   9  9.7211187e+04 1.23e-01 1.03e+00  -6.0 1.89e-01    -  1.00e+00 3.56e-01h  1
iter    objective    inf_pr   inf_du lg(mu)  ||d||  lg(rg) alpha_du alpha_pr  ls
  10  9.7213403e+04 8.85e-05 3.76e-03  -6.0 1.33e-01    -  1.00e+00 1.00e+00h  1
  11  9.7213613e+04 3.01e-08 9.93e-07  -6.0 1.42e-03    -  1.00e+00 1.00e+00h  1
  12  9.7213607e+04 1.94e-08 7.04e-07  -7.1 1.10e-03    -  1.00e+00 1.00e+00h  1

Number of Iterations....: 12

                                   (scaled)                 (unscaled)
Objective...............:   7.8032097427375061e+02    9.7213607397027619e+04
Dual infeasibility......:   7.0370227271911691e-07    8.7668329725702120e-05
Constraint violation....:   1.4444682122558308e-08    1.9401385470407817e-08
Variable bound violation:   5.7842910905492317e-08    5.7842910905492317e-08
Complementarity.........:   3.9214829911513062e-07    4.8854448423702789e-05
Overall NLP error.......:   7.0370227271911691e-07    8.7668329725702120e-05


Number of objective function evaluations             = 13
Number of objective gradient evaluations             = 13
Number of equality constraint evaluations            = 13
Number of inequality constraint evaluations          = 14
Number of equality constraint Jacobian evaluations   = 13
Number of inequality constraint Jacobian evaluations = 13
Number of Lagrangian Hessian evaluations             = 12
Total seconds in IPOPT                               = 0.033

EXIT: Optimal Solution Found.

