Solver command line: ['/opt/homebrew/bin/ipopt', '/var/folders/6y/bvynbx6n3zv7z3lwg6vd724r0000gn/T/tmpiuquv4e1.pyomo.nl', '-AMPL', 'tol=1e-06', 'max_iter=300', 'print_level=5', 'warm_start_init_point=yes', 'warm_start_bound_push=1e-06', 'warm_start_bound_frac=1e-06', 'warm_start_mult_bound_push=1e-06', 'mu_init=1e-06', 'least_square_init_duals=no']

Ipopt 3.14.19: tol=1e-06
max_iter=300
print_level=5
warm_start_init_point=yes
warm_start_bound_push=1e-06
warm_start_bound_frac=1e-06
warm_start_mult_bound_push=1e-06
mu_init=1e-06
least_square_init_duals=no


******************************************************************************
This program contains Ipopt, a library for large-scale nonlinear optimization.
 Ipopt is released as open source code under the Eclipse Public License (EPL).
         For more information visit https://github.com/coin-or/Ipopt
******************************************************************************

This is Ipopt version 3.14.19, running with linear solver MUMPS 5.6.2.

Number of nonzeros in equality constraint Jacobian...:     1978
Number of nonzeros in inequality constraint Jacobian.:     1488
Number of nonzeros in Lagrangian Hessian.............:     1070

Total number of variables............................:      309
                     variables with only lower bounds:        0
                variables with lower and upper bounds:      309
                     variables with only upper bounds:        0
Total number of equality constraints.................:      237
Total number of inequality constraints...............:      372
        inequality constraints with only lower bounds:        0
   inequality constraints with lower and upper bounds:        0
        inequality constraints with only upper bounds:      372

iter    objective    inf_pr   inf_du lg(mu)  ||d||  lg(rg) alpha_du alpha_pr  ls
   0  8.5645492e+04 5.70e+00 1.34e+02  -6.0 0.00e+00    -  0.00e+00 0.00e+00   0
   1  8.6017191e+04 5.41e+00 1.28e+02  -6.0 6.30e+00    -  5.55e-02 5.01e-02h  1
   2  8.6427316e+04 5.10e+00 1.20e+02  -6.0 9.39e+00    -  2.19e-02 5.61e-02h  1
   3  8.6958516e+04 4.72e+00 1.12e+02  -6.0 5.66e+00    -  8.57e-02 7.34e-02h  1
   4  8.7307934e+04 4.49e+00 1.06e+02  -6.0 7.85e+00    -  3.66e-01 4.88e-02h  1
   5  8.8880278e+04 3.50e+00 8.47e+01  -6.0 9.09e+00    -  1.00e-01 2.20e-01h  1
   6  9.0290728e+04 2.72e+00 6.65e+01  -6.0 1.29e+01    -  3.49e-03 2.22e-01h  1
   7  9.1195273e+04 2.28e+00 5.58e+01  -6.0 1.37e+01    -  1.00e+00 1.61e-01h  1
   8  9.2139680e+04 1.87e+00 4.57e+01  -6.0 1.32e+01    -  1.00e+00 1.83e-01h  1
   9  9.2757686e+04 1.61e+00 3.94e+01  -6.0 1.23e+01    -  1.53e-01 1.37e-01h  1
iter    objective    inf_pr   inf_du lg(mu)  ||d||  lg(rg) alpha_du alpha_pr  ls
  10  9.5976368e+04 3.19e-01 7.00e+00  -6.0 1.13e+01    -  1.64e-01 8.02e-01h  1
  11  9.6255186e+04 2.44e-01 5.36e+00  -6.0 4.28e+00    -  2.04e-01 2.35e-01h  1
  12  9.6976532e+04 5.72e-02 4.33e+00  -6.0 3.27e+00    -  1.49e-01 7.83e-01h  1
  13  9.7003290e+04 5.07e-02 2.92e+00  -6.0 7.44e-01    -  1.62e-01 1.14e-01h  1
  14  9.7106204e+04 2.56e-02 8.20e-01  -6.0 6.47e-01    -  8.01e-01 4.94e-01h  1
  15  9.7182005e+04 7.37e-03 9.48e-01  -6.0 3.25e-01    -  1.00e+00 7.10e-01h  1
  16  9.7213502e+04 3.32e-05 2.35e-03  -6.0 1.06e-01    -  1.00e+00 9.99e-01h  1
  17  9.7213613e+04 3.34e-10 3.98e-08  -6.0 6.87e-04    -  1.00e+00 1.00e+00h  1
  18  9.7213607e+04 1.20e-08 4.47e-07  -7.1 8.59e-04    -  1.00e+00 1.00e+00h  1

Number of Iterations....: 18

                                   (scaled)                 (unscaled)
Objective...............:   7.8032097424421306e+02    9.7213607393347789e+04
Dual infeasibility......:   4.4738516438729662e-07    5.5735943489766512e-05
Constraint violation....:   8.9240457815673048e-09    1.1978208341867358e-08
Variable bound violation:   5.7842911793670737e-08    5.7842911793670737e-08
Complementarity.........:   2.6850717311625302e-07    3.3451043572041559e-05
Overall NLP error.......:   4.4738516438729662e-07    5.5735943489766512e-05


Number of objective function evaluations             = 19
Number of objective gradient evaluations             = 19
Number of equality constraint evaluations            = 19
Number of inequality constraint evaluations          = 20
Number of equality constraint Jacobian evaluations   = 19
Number of inequality constraint Jacobian evaluations = 19
Number of Lagrangian Hessian evaluations             = 18
Total seconds in IPOPT                               = 0.050

EXIT: Optimal Solution Found.

