Solver command line: ['/opt/homebrew/bin/ipopt', '/var/folders/6y/bvynbx6n3zv7z3lwg6vd724r0000gn/T/tmpl0s1e3yb.pyomo.nl', '-AMPL', 'tol=1e-06', 'max_iter=300', 'print_level=5']

Ipopt 3.14.19: tol=1e-06
max_iter=300
print_level=5


******************************************************************************
This program contains Ipopt, a library for large-scale nonlinear optimization.
 Ipopt is released as open source code under the Eclipse Public License (EPL).
         For more information visit https://github.com/coin-or/Ipopt
******************************************************************************

This is Ipopt version 3.14.19, running with linear solver MUMPS 5.6.2.

Number of nonzeros in equality constraint Jacobian...:     1978
Number of nonzeros in inequality constraint Jacobian.:     1488
Number of nonzeros in Lagrangian Hessian.............:     1070

Total number of variables............................:      309
                     variables with only lower bounds:        0
                variables with lower and upper bounds:      309
                     variables with only upper bounds:        0
Total number of equality constraints.................:      237
Total number of inequality constraints...............:      372
        inequality constraints with only lower bounds:        0
   inequality constraints with lower and upper bounds:        0
        inequality constraints with only upper bounds:      372

iter    objective    inf_pr   inf_du lg(mu)  ||d||  lg(rg) alpha_du alpha_pr  ls
   0  9.6807747e+04 8.11e+00 6.57e+01  -1.0 0.00e+00    -  0.00e+00 0.00e+00   0
   1  9.6648223e+04 7.88e+00 6.06e+01  -1.0 6.58e+00    -  9.93e-02 2.90e-02f  1
   2  9.6361839e+04 6.11e+00 5.35e+01  -1.0 5.36e+00    -  7.62e-02 2.23e-01f  1
   3  9.6642772e+04 4.50e+00 6.65e+01  -1.0 5.03e+00    -  6.62e-01 2.62e-01h  1
   4  9.6954379e+04 1.90e+00 1.48e+02  -1.0 8.15e+00    -  9.29e-01 5.72e-01h  1
   5  9.6615196e+04 1.36e+00 1.20e+02  -1.0 1.74e+01    -  7.61e-01 2.84e-01h  1
   6  9.6903584e+04 6.54e-01 6.72e+01  -1.0 1.60e+01    -  1.00e+00 5.22e-01h  1
   7  9.7091040e+04 4.46e-01 4.70e+01  -1.0 5.03e+00    -  1.00e+00 3.18e-01h  1
   8  9.7600753e+04 2.51e-02 4.00e+00  -1.0 4.32e+00    -  1.00e+00 1.00e+00h  1
   9  9.7669732e+04 3.66e-04 1.72e-02  -1.0 3.79e-01    -  1.00e+00 1.00e+00h  1
iter    objective    inf_pr   inf_du lg(mu)  ||d||  lg(rg) alpha_du alpha_pr  ls
  10  9.7482103e+04 3.76e-03 1.40e+00  -2.5 2.07e+00    -  8.00e-01 5.74e-01f  1
  11  9.7308915e+04 5.62e-03 4.19e-01  -2.5 1.31e+00    -  7.62e-01 7.59e-01f  1
  12  9.7248266e+04 2.23e-03 1.47e+00  -2.5 6.02e-01    -  1.00e+00 7.57e-01h  1
  13  9.7231040e+04 7.03e-04 1.10e-01  -2.5 2.90e-01    -  1.00e+00 1.00e+00h  1
  14  9.7232806e+04 7.57e-06 9.11e-05  -2.5 5.34e-02    -  1.00e+00 1.00e+00h  1
  15  9.7219146e+04 1.03e-04 1.86e-01  -3.8 1.70e-01    -  8.59e-01 7.15e-01f  1
  16  9.7214360e+04 6.76e-05 1.47e-01  -3.8 5.04e-02    -  8.71e-01 1.00e+00h  1
  17  9.7214570e+04 4.67e-06 6.09e-05  -3.8 1.38e-02    -  1.00e+00 1.00e+00h  1
  18  9.7213706e+04 6.33e-06 3.50e-03  -5.7 1.32e-02    -  9.21e-01 9.08e-01h  1
  19  9.7213619e+04 8.64e-07 3.42e-05  -5.7 7.28e-03    -  1.00e+00 1.00e+00h  1
iter    objective    inf_pr   inf_du lg(mu)  ||d||  lg(rg) alpha_du alpha_pr  ls
  20  9.7213619e+04 1.60e-07 5.11e-06  -5.7 3.18e-03    -  1.00e+00 1.00e+00h  1
  21  9.7213607e+04 6.51e-08 2.37e-06  -7.1 2.01e-03    -  1.00e+00 1.00e+00h  1
  22  9.7213607e+04 1.37e-08 4.39e-07  -7.1 9.32e-04    -  1.00e+00 1.00e+00h  1

Number of Iterations....: 22

                                   (scaled)                 (unscaled)
Objective...............:   7.8032097425270149e+02    9.7213607394405291e+04
Dual infeasibility......:   4.3934134583633378e-07    5.4733831994155353e-05
Constraint violation....:   1.0185524215994394e-08    1.3671414750282551e-08
Variable bound violation:   5.7842865608392913e-08    5.7842865608392913e-08
Complementarity.........:   3.0387080116640002e-07    3.7856699663243139e-05
Overall NLP error.......:   4.3934134583633378e-07    5.4733831994155353e-05


Number of objective function evaluations             = 23
Number of objective gradient evaluations             = 23
Number of equality constraint evaluations            = 23
Number of inequality constraint evaluations          = 23
Number of equality constraint Jacobian evaluations   = 23
Number of inequality constraint Jacobian evaluations = 23
Number of Lagrangian Hessian evaluations             = 22
Total seconds in IPOPT                               = 0.073

EXIT: Optimal Solution Found.

