Solver command line: ['/opt/homebrew/bin/ipopt', '/var/folders/6y/bvynbx6n3zv7z3lwg6vd724r0000gn/T/tmpwfs2dbn6.pyomo.nl', '-AMPL', 'tol=1e-06', 'max_iter=300', 'print_level=5', 'warm_start_init_point=yes', 'warm_start_bound_push=1e-06', 'warm_start_bound_frac=1e-06', 'warm_start_mult_bound_push=1e-06', 'mu_init=1e-06', 'least_square_init_duals=no']

Ipopt 3.14.19: tol=1e-06
max_iter=300
print_level=5
warm_start_init_point=yes
warm_start_bound_push=1e-06
warm_start_bound_frac=1e-06
warm_start_mult_bound_push=1e-06
mu_init=1e-06
least_square_init_duals=no


******************************************************************************
This program contains Ipopt, a library for large-scale nonlinear optimization.
 Ipopt is released as open source code under the Eclipse Public License (EPL).
         For more information visit https://github.com/coin-or/Ipopt
******************************************************************************

This is Ipopt version 3.14.19, running with linear solver MUMPS 5.6.2.

Number of nonzeros in equality constraint Jacobian...:     1978
Number of nonzeros in inequality constraint Jacobian.:     1488
Number of nonzeros in Lagrangian Hessian.............:     1070

Total number of variables............................:      309
                     variables with only lower bounds:        0
                variables with lower and upper bounds:      309
                     variables with only upper bounds:        0
Total number of equality constraints.................:      237
Total number of inequality constraints...............:      372
        inequality constraints with only lower bounds:        0
   inequality constraints with lower and upper bounds:        0
        inequality constraints with only upper bounds:      372

iter    objective    inf_pr   inf_du lg(mu)  ||d||  lg(rg) alpha_du alpha_pr  ls
   0  9.7213567e+04 2.97e-05 2.71e+01  -6.0 0.00e+00    -  0.00e+00 0.00e+00   0
   1  9.7194669e+04 1.00e-02 2.71e+01  -6.0 3.35e+05    -  6.79e-06 3.60e-07f  1
   2  9.7192405e+04 2.29e-02 2.71e+01  -6.0 1.62e+04    -  1.50e-04 7.83e-06f  1
   3  9.7186048e+04 2.34e-02 2.71e+01  -6.0 8.25e+03    -  2.91e-04 1.43e-04f  1
   4  9.7022096e+04 3.36e-02 2.71e+01  -6.0 4.59e+03    -  1.30e-08 4.02e-04f  1
   5  9.6735061e+04 7.30e-02 2.70e+01  -6.0 2.42e+03    -  2.57e-06 1.03e-03f  1
   6  9.6713138e+04 7.32e-02 2.70e+01  -6.0 6.46e+02    -  5.14e-05 3.20e-04f  1
   7  9.6592088e+04 8.78e-02 2.69e+01  -6.0 4.42e+02    -  7.89e-04 3.37e-03f  1
   8  9.6586483e+04 8.78e-02 2.69e+01  -6.0 1.38e+02    -  1.96e-06 8.26e-04h  1
   9  9.6532537e+04 9.62e-02 2.65e+01  -6.0 8.17e+01    -  4.08e-03 1.37e-02f  1
iter    objective    inf_pr   inf_du lg(mu)  ||d||  lg(rg) alpha_du alpha_pr  ls
  10  9.6527582e+04 9.60e-02 2.64e+01  -6.0 3.01e+01    -  1.12e-04 3.64e-03h  1
  11  9.6495148e+04 1.10e-01 2.52e+01  -6.0 1.84e+01    -  9.98e-04 4.73e-02h  1
  12  9.6491759e+04 1.10e-01 2.50e+01  -6.0 4.07e+01    -  9.29e-04 7.58e-03f  1
  13  9.6495472e+04 1.07e-01 2.43e+01  -6.0 9.50e+00    -  6.16e-03 2.69e-02h  1
  14  9.6509835e+04 1.05e-01 2.38e+01  -6.0 2.50e+00    -  2.44e-02 2.32e-02h  1
  15  9.6604325e+04 9.02e-02 2.01e+01  -6.0 2.39e+00    -  5.10e-01 1.51e-01h  1
  16  9.7008978e+04 2.96e-02 6.65e+00  -6.0 1.41e+00    -  2.22e-02 6.72e-01h  1
  17  9.7132767e+04 1.12e-02 2.54e+00  -6.0 3.31e-01    -  9.42e-01 6.23e-01h  1
  18  9.7142349e+04 9.89e-03 2.26e+00  -6.0 1.48e-01    -  9.32e-01 1.19e-01h  1
  19  9.7213541e+04 1.32e-05 1.88e-02  -6.0 1.30e-01    -  6.39e-01 1.00e+00h  1
iter    objective    inf_pr   inf_du lg(mu)  ||d||  lg(rg) alpha_du alpha_pr  ls
  20  9.7213593e+04 3.74e-06 5.10e-03  -6.0 2.00e-03    -  1.00e+00 7.37e-01h  1
  21  9.7213613e+04 4.41e-09 2.80e-07  -6.0 5.61e-04    -  1.00e+00 1.00e+00h  1
  22  9.7213607e+04 1.20e-08 4.47e-07  -7.1 8.59e-04    -  1.00e+00 1.00e+00h  1

Number of Iterations....: 22

                                   (scaled)                 (unscaled)
Objective...............:   7.8032097424430617e+02    9.7213607393359387e+04
Dual infeasibility......:   4.4740078434758127e-07    5.5737889448848394e-05
Constraint violation....:   8.9179820322416772e-09    1.1978194158768218e-08
Variable bound violation:   5.7842910905492317e-08    5.7842910905492317e-08
Complementarity.........:   2.6850715120112644e-07    3.3451040841820813e-05
Overall NLP error.......:   4.4740078434758127e-07    5.5737889448848394e-05


Number of objective function evaluations             = 23
Number of objective gradient evaluations             = 23
Number of equality constraint evaluations            = 23
Number of inequality constraint evaluations          = 24
Number of equality constraint Jacobian evaluations   = 23
Number of inequality constraint Jacobian evaluations = 23
Number of Lagrangian Hessian evaluations             = 22
Total seconds in IPOPT                               = 0.065

EXIT: Optimal Solution Found.

