Solver command line: ['/opt/homebrew/bin/ipopt', '/var/folders/6y/bvynbx6n3zv7z3lwg6vd724r0000gn/T/tmp7v370f2l.pyomo.nl', '-AMPL', 'tol=1e-06', 'max_iter=300', 'print_level=5', 'warm_start_init_point=yes', 'warm_start_bound_push=1e-06', 'warm_start_bound_frac=1e-06', 'warm_start_mult_bound_push=1e-06', 'mu_init=1e-06', 'least_square_init_duals=no']

Ipopt 3.14.19: tol=1e-06
max_iter=300
print_level=5
warm_start_init_point=yes
warm_start_bound_push=1e-06
warm_start_bound_frac=1e-06
warm_start_mult_bound_push=1e-06
mu_init=1e-06
least_square_init_duals=no


******************************************************************************
This program contains Ipopt, a library for large-scale nonlinear optimization.
 Ipopt is released as open source code under the Eclipse Public License (EPL).
         For more information visit https://github.com/coin-or/Ipopt
******************************************************************************

This is Ipopt version 3.14.19, running with linear solver MUMPS 5.6.2.

Number of nonzeros in equality constraint Jacobian...:     1978
Number of nonzeros in inequality constraint Jacobian.:     1488
Number of nonzeros in Lagrangian Hessian.............:     1070

Total number of variables............................:      309
                     variables with only lower bounds:        0
                variables with lower and upper bounds:      309
                     variables with only upper bounds:        0
Total number of equality constraints.................:      237
Total number of inequality constraints...............:      372
        inequality constraints with only lower bounds:        0
   inequality constraints with lower and upper bounds:        0
        inequality constraints with only upper bounds:      372

iter    objective    inf_pr   inf_du lg(mu)  ||d||  lg(rg) alpha_du alpha_pr  ls
   0  8.5645492e+04 5.91e+00 1.26e+02  -6.0 0.00e+00    -  0.00e+00 0.00e+00   0
   1  8.4956969e+04 5.90e+00 1.26e+02  -6.0 4.38e+01   0.0 7.47e-04 1.52e-03f  1
   2  8.4110988e+04 5.87e+00 1.25e+02  -6.0 1.89e+01   0.4 1.69e-03 4.71e-03f  1
   3  8.1589325e+04 5.84e+00 1.25e+02  -6.0 4.52e+01  -0.1 3.13e-04 5.33e-03f  1
   4  8.1317393e+04 5.83e+00 1.24e+02  -6.0 1.61e+01   0.4 8.87e-04 1.78e-03f  1
   5  8.1308765e+04 5.83e+00 1.24e+02  -6.0 1.26e+01  -0.1 2.44e-04 3.51e-04h  1
   6  8.1455649e+04 5.63e+00 1.20e+02  -6.0 4.87e+00   0.3 6.43e-04 3.35e-02h  1
   7  8.1426322e+04 5.62e+00 1.20e+02  -6.0 1.25e+01  -0.2 3.30e-03 1.08e-03f  1
   8  8.1294245e+04 5.62e+00 1.20e+02  -6.0 1.27e+02  -0.6 5.91e-05 6.33e-04f  1
   9  8.0901698e+04 5.54e+00 1.18e+02  -6.0 1.22e+01  -0.2 5.35e-03 1.33e-02f  1
iter    objective    inf_pr   inf_du lg(mu)  ||d||  lg(rg) alpha_du alpha_pr  ls
  10  8.0821346e+04 5.54e+00 1.18e+02  -6.0 2.37e+01  -0.7 9.55e-03 9.56e-04f  1
  11  8.0528675e+04 5.48e+00 1.17e+02  -6.0 1.13e+01  -0.3 1.82e-02 9.98e-03f  1
  12  7.9758667e+04 5.43e+00 1.16e+02  -6.0 2.36e+01  -0.7 9.15e-03 8.94e-03f  1
  13  7.9182335e+04 5.43e+00 1.16e+02  -6.0 1.48e+04  -1.2 4.57e-10 5.71e-05f  1
  14  7.8904637e+04 5.41e+00 1.15e+02  -6.0 2.17e+01  -0.8 3.17e-02 3.95e-03f  1
  15  7.8422694e+04 5.38e+00 1.14e+02  -6.0 3.16e+01  -1.3 4.92e-02 5.26e-03f  1
  16  7.7462183e+04 5.26e+00 1.12e+02  -6.0 1.72e+01  -0.8 4.44e-02 2.27e-02f  1
  17  7.6624382e+04 5.14e+00 1.09e+02  -6.0 2.08e+01  -1.3 2.56e-02 2.36e-02f  1
  18  7.6202719e+04 4.95e+00 1.05e+02  -6.0 1.52e+01  -0.9 4.57e-02 3.65e-02f  1
  19  7.6168662e+04 4.94e+00 1.05e+02  -6.0 3.28e+02    -  3.89e-04 1.12e-03f  1
iter    objective    inf_pr   inf_du lg(mu)  ||d||  lg(rg) alpha_du alpha_pr  ls
  20  7.5908254e+04 4.85e+00 1.03e+02  -6.0 1.68e+01  -1.4 1.44e-01 1.94e-02f  1
  21  7.5877551e+04 4.83e+00 1.03e+02  -6.0 4.82e+01    -  1.83e-02 3.51e-03h  1
  22  7.5850683e+04 4.80e+00 1.02e+02  -6.0 7.06e+01    -  1.37e-03 5.15e-03h  1
  23  7.5849117e+04 4.80e+00 1.02e+02  -6.0 1.59e+01    -  9.50e-02 5.64e-04h  1
  24  7.6069013e+04 4.63e+00 9.86e+01  -6.0 1.24e+01    -  1.83e-01 3.59e-02h  1
  25  7.6560609e+04 4.48e+00 9.54e+01  -6.0 1.10e+01    -  1.97e-01 3.32e-02h  1
  26  7.8198013e+04 4.01e+00 8.61e+01  -6.0 1.26e+01    -  2.01e-01 1.04e-01h  1
  27  7.8685890e+04 3.88e+00 8.33e+01  -6.0 1.71e+01    -  2.99e-01 3.35e-02h  1
  28  7.9458247e+04 3.67e+00 7.90e+01  -6.0 1.70e+01    -  1.85e-01 5.32e-02h  1
  29  8.0825008e+04 3.32e+00 7.18e+01  -6.0 1.68e+01    -  2.91e-01 9.61e-02h  1
iter    objective    inf_pr   inf_du lg(mu)  ||d||  lg(rg) alpha_du alpha_pr  ls
  30  8.2323703e+04 2.96e+00 6.44e+01  -6.0 1.49e+01    -  2.99e-01 1.08e-01h  1
  31  8.3415193e+04 2.71e+00 5.92e+01  -6.0 1.64e+01    -  1.80e-01 8.36e-02h  1
  32  8.5787310e+04 2.19e+00 4.86e+01  -6.0 1.72e+01    -  3.46e-01 1.93e-01h  1
  33  9.0386012e+04 1.22e+00 2.96e+01  -6.0 1.88e+01    -  4.60e-01 4.45e-01h  1
  34  9.0463548e+04 1.20e+00 2.93e+01  -6.0 1.60e+01    -  1.99e-01 1.25e-02h  1
  35  9.4084142e+04 5.13e-01 1.37e+01  -6.0 7.95e+00    -  5.47e-01 5.77e-01h  1
  36  9.4723905e+04 3.98e-01 1.05e+01  -6.0 8.26e+00    -  7.49e-01 2.23e-01h  1
  37  9.4912557e+04 3.66e-01 9.65e+00  -6.0 4.63e+00    -  9.85e-02 8.22e-02h  1
  38  9.5093780e+04 3.35e-01 8.83e+00  -6.0 4.79e+00    -  1.10e-02 8.46e-02h  1
  39  9.5173111e+04 3.22e-01 8.49e+00  -6.0 2.08e+00    -  1.20e-01 3.84e-02h  1
iter    objective    inf_pr   inf_du lg(mu)  ||d||  lg(rg) alpha_du alpha_pr  ls
  40  9.5185560e+04 3.20e-01 8.44e+00  -6.0 3.62e+00    -  5.09e-02 6.29e-03h  1
  41  9.5413861e+04 2.83e-01 7.47e+00  -6.0 1.96e+00    -  1.44e-02 1.15e-01h  1
  42  9.5445824e+04 2.78e-01 7.33e+00  -6.0 2.58e+00    -  1.83e-01 1.82e-02h  1
  43  9.5820407e+04 2.18e-01 5.77e+00  -6.0 3.34e+00    -  1.07e-01 2.17e-01h  1
  44  9.6667284e+04 8.39e-02 2.32e+00  -6.0 2.33e+00    -  3.13e-01 6.20e-01h  1
  45  9.6766034e+04 6.87e-02 1.90e+00  -6.0 1.33e+00    -  3.25e-01 1.82e-01h  1
  46  9.7069101e+04 2.19e-02 1.22e+00  -6.0 9.40e-01    -  9.81e-01 6.81e-01h  1
  47  9.7212669e+04 8.68e-05 8.18e-03  -6.0 3.23e-01    -  1.00e+00 9.95e-01h  1
  48  9.7213613e+04 3.21e-09 2.76e-07  -6.0 2.54e-03    -  1.00e+00 1.00e+00h  1
  49  9.7213607e+04 1.20e-08 4.47e-07  -7.1 8.59e-04    -  1.00e+00 1.00e+00h  1

Number of Iterations....: 49

                                   (scaled)                 (unscaled)
Objective...............:   7.8032097424422238e+02    9.7213607393348939e+04
Dual infeasibility......:   4.4745837031399249e-07    5.5745063598608356e-05
Constraint violation....:   9.4132456453546837e-09    1.1980136188638468e-08
Variable bound violation:   5.7842911793670737e-08    5.7842911793670737e-08
Complementarity.........:   2.6854007618958758e-07    3.3455142688377983e-05
Overall NLP error.......:   4.4745837031399249e-07    5.5745063598608356e-05


Number of objective function evaluations             = 50
Number of objective gradient evaluations             = 50
Number of equality constraint evaluations            = 50
Number of inequality constraint evaluations          = 51
Number of equality constraint Jacobian evaluations   = 50
Number of inequality constraint Jacobian evaluations = 50
Number of Lagrangian Hessian evaluations             = 49
Total seconds in IPOPT                               = 0.132

EXIT: Optimal Solution Found.

