Solver command line: ['/opt/homebrew/bin/ipopt', '/var/folders/6y/bvynbx6n3zv7z3lwg6vd724r0000gn/T/tmpz8ciiu_q.pyomo.nl', '-AMPL', 'tol=1e-06', 'max_iter=300', 'print_level=5']

Ipopt 3.14.19: tol=1e-06
max_iter=300
print_level=5


******************************************************************************
This program contains Ipopt, a library for large-scale nonlinear optimization.
 Ipopt is released as open source code under the Eclipse Public License (EPL).
         For more information visit https://github.com/coin-or/Ipopt
******************************************************************************

This is Ipopt version 3.14.19, running with linear solver MUMPS 5.6.2.

Number of nonzeros in equality constraint Jacobian...:     1978
Number of nonzeros in inequality constraint Jacobian.:     1488
Number of nonzeros in Lagrangian Hessian.............:     1070

Total number of variables............................:      309
                     variables with only lower bounds:        0
                variables with lower and upper bounds:      309
                     variables with only upper bounds:        0
Total number of equality constraints.................:      237
Total number of inequality constraints...............:      372
        inequality constraints with only lower bounds:        0
   inequality constraints with lower and upper bounds:        0
        inequality constraints with only upper bounds:      372

iter    objective    inf_pr   inf_du lg(mu)  ||d||  lg(rg) alpha_du alpha_pr  ls
   0  9.6807747e+04 2.74e+00 1.17e+01  -1.0 0.00e+00    -  0.00e+00 0.00e+00   0
   1  9.7108525e+04 2.57e+00 1.23e+01  -1.0 6.59e-01   2.0 2.22e-02 6.17e-02h  1
   2  9.7688960e+04 2.22e+00 3.99e+01  -1.0 7.03e-01   1.5 2.14e-01 1.35e-01h  1
   3  9.7822267e+04 1.75e+00 5.51e+01  -1.0 1.11e+00   1.0 2.82e-01 2.06e-01h  1
   4  9.7095772e+04 1.55e+00 4.68e+01  -1.0 1.81e+00   0.6 2.75e-01 1.17e-01f  1
   5  9.7454200e+04 1.03e+00 6.24e+01  -1.0 9.05e-01   1.0 9.77e-01 3.34e-01h  1
   6  9.7541189e+04 5.56e-01 3.22e+01  -1.0 1.15e+00   0.5 8.60e-01 4.59e-01h  1
   7  9.7598851e+04 3.35e-01 4.25e+01  -1.0 1.18e+00   0.0 3.33e-01 3.98e-01f  1
   8  9.7585377e+04 2.66e-01 4.80e+01  -1.0 1.36e+00  -0.4 2.60e-01 2.04e-01f  1
   9  9.7648378e+04 1.23e-01 2.17e+01  -1.0 3.61e-01  -0.0 1.00e+00 5.36e-01h  1
iter    objective    inf_pr   inf_du lg(mu)  ||d||  lg(rg) alpha_du alpha_pr  ls
  10  9.7578068e+04 9.70e-02 1.61e+01  -1.0 2.73e+00    -  6.43e-01 2.14e-01f  1
  11  9.7617583e+04 3.00e-02 5.64e+00  -1.0 6.64e-01    -  1.00e+00 6.92e-01f  1
  12  9.7682773e+04 1.72e-02 5.39e+00  -1.0 8.90e-01    -  1.00e+00 1.00e+00f  1
  13  9.7665512e+04 6.21e-03 8.52e-02  -1.0 5.66e-01    -  1.00e+00 1.00e+00h  1
  14  9.7481459e+04 3.91e-03 1.37e+00  -2.5 1.69e+00    -  7.90e-01 5.69e-01f  1
  15  9.7307403e+04 6.11e-03 4.55e-01  -2.5 1.06e+00    -  7.67e-01 7.72e-01f  1
  16  9.7248068e+04 2.33e-03 1.46e+00  -2.5 4.15e-01    -  9.98e-01 7.57e-01h  1
  17  9.7231036e+04 7.21e-04 1.07e-01  -2.5 2.92e-01    -  1.00e+00 1.00e+00h  1
  18  9.7232806e+04 7.92e-06 9.21e-05  -2.5 1.97e-02    -  1.00e+00 1.00e+00h  1
  19  9.7219148e+04 1.03e-04 1.86e-01  -3.8 1.70e-01    -  8.59e-01 7.14e-01f  1
iter    objective    inf_pr   inf_du lg(mu)  ||d||  lg(rg) alpha_du alpha_pr  ls
  20  9.7214360e+04 6.77e-05 1.47e-01  -3.8 4.68e-02    -  8.71e-01 1.00e+00h  1
  21  9.7214570e+04 4.67e-06 6.09e-05  -3.8 1.36e-02    -  1.00e+00 1.00e+00h  1
  22  9.7213706e+04 6.33e-06 3.50e-03  -5.7 1.32e-02    -  9.21e-01 9.08e-01h  1
  23  9.7213619e+04 8.64e-07 3.42e-05  -5.7 7.28e-03    -  1.00e+00 1.00e+00h  1
  24  9.7213619e+04 1.60e-07 5.11e-06  -5.7 3.18e-03    -  1.00e+00 1.00e+00h  1
  25  9.7213607e+04 6.51e-08 2.37e-06  -7.1 2.01e-03    -  1.00e+00 1.00e+00h  1
  26  9.7213607e+04 1.37e-08 4.39e-07  -7.1 9.32e-04    -  1.00e+00 1.00e+00h  1

Number of Iterations....: 26

                                   (scaled)                 (unscaled)
Objective...............:   7.8032097425270342e+02    9.7213607394405524e+04
Dual infeasibility......:   4.3935452512062223e-07    5.4735473890004403e-05
Constraint violation....:   1.0735179367492603e-08    1.3671805437764917e-08
Variable bound violation:   5.7842865608392913e-08    5.7842865608392913e-08
Complementarity.........:   3.0387764109658125e-07    3.7857551792442766e-05
Overall NLP error.......:   4.3935452512062223e-07    5.4735473890004403e-05


Number of objective function evaluations             = 27
Number of objective gradient evaluations             = 27
Number of equality constraint evaluations            = 27
Number of inequality constraint evaluations          = 27
Number of equality constraint Jacobian evaluations   = 27
Number of inequality constraint Jacobian evaluations = 27
Number of Lagrangian Hessian evaluations             = 26
Total seconds in IPOPT                               = 0.076

EXIT: Optimal Solution Found.

