Solver command line: ['/opt/homebrew/bin/ipopt', '/var/folders/6y/bvynbx6n3zv7z3lwg6vd724r0000gn/T/tmp8ncup0dn.pyomo.nl', '-AMPL', 'tol=1e-06', 'max_iter=300', 'print_level=5', 'warm_start_init_point=yes', 'warm_start_bound_push=1e-06', 'warm_start_bound_frac=1e-06', 'warm_start_mult_bound_push=1e-06', 'mu_init=1e-06', 'least_square_init_duals=no']

Ipopt 3.14.19: tol=1e-06
max_iter=300
print_level=5
warm_start_init_point=yes
warm_start_bound_push=1e-06
warm_start_bound_frac=1e-06
warm_start_mult_bound_push=1e-06
mu_init=1e-06
least_square_init_duals=no


******************************************************************************
This program contains Ipopt, a library for large-scale nonlinear optimization.
 Ipopt is released as open source code under the Eclipse Public License (EPL).
         For more information visit https://github.com/coin-or/Ipopt
******************************************************************************

This is Ipopt version 3.14.19, running with linear solver MUMPS 5.6.2.

Number of nonzeros in equality constraint Jacobian...:     1978
Number of nonzeros in inequality constraint Jacobian.:     1488
Number of nonzeros in Lagrangian Hessian.............:     1070

Total number of variables............................:      309
                     variables with only lower bounds:        0
                variables with lower and upper bounds:      309
                     variables with only upper bounds:        0
Total number of equality constraints.................:      237
Total number of inequality constraints...............:      372
        inequality constraints with only lower bounds:        0
   inequality constraints with lower and upper bounds:        0
        inequality constraints with only upper bounds:      372

iter    objective    inf_pr   inf_du lg(mu)  ||d||  lg(rg) alpha_du alpha_pr  ls
   0  9.7213567e+04 4.16e+00 7.42e+01  -6.0 0.00e+00    -  0.00e+00 0.00e+00   0
   1  9.7213301e+04 4.16e+00 6.45e+01  -6.0 4.31e+00    -  1.28e-01 1.07e-04h  1
   2  9.6896697e+04 3.62e+00 5.61e+01  -6.0 4.31e+00    -  1.31e-01 1.31e-01f  1
   3  9.6862681e+04 3.52e+00 3.83e+01  -6.0 5.66e+00    -  3.11e-01 2.70e-02h  1
   4  9.6843614e+04 3.32e+00 2.98e+01  -6.0 5.54e+00    -  2.28e-01 5.64e-02h  1
   5  9.6846563e+04 3.14e+00 2.64e+01  -6.0 3.49e+00    -  1.61e-01 5.38e-02h  1
   6  9.6862185e+04 2.70e+00 2.15e+01  -6.0 3.30e+00    -  2.41e-01 1.40e-01h  1
   7  9.6893762e+04 2.19e+00 1.69e+01  -6.0 2.84e+00    -  2.66e-01 1.88e-01h  1
   8  9.6930723e+04 1.78e+00 1.40e+01  -6.0 2.31e+00    -  1.33e-01 1.86e-01h  1
   9  9.7005515e+04 1.12e+00 9.13e+00  -6.0 1.87e+00    -  2.80e-01 3.74e-01h  1
iter    objective    inf_pr   inf_du lg(mu)  ||d||  lg(rg) alpha_du alpha_pr  ls
  10  9.7027864e+04 9.72e-01 7.09e+00  -6.0 1.16e+00    -  4.51e-01 1.30e-01h  1
  11  9.7094587e+04 5.63e-01 3.80e+00  -6.0 1.00e+00    -  6.30e-01 4.21e-01h  1
  12  9.7133259e+04 3.63e-01 2.20e+00  -6.0 5.78e-01    -  8.34e-01 3.56e-01h  1
  13  9.7156848e+04 2.50e-01 1.48e+00  -6.0 3.72e-01    -  8.81e-01 3.11e-01h  1
  14  9.7189974e+04 9.77e-02 5.88e-01  -6.0 2.56e-01    -  1.00e+00 6.09e-01h  1
  15  9.7210854e+04 9.82e-03 1.29e-01  -6.0 1.28e-01    -  1.00e+00 8.99e-01h  1
  16  9.7213609e+04 1.08e-06 3.88e-05  -6.0 1.40e-02    -  1.00e+00 1.00e+00h  1
  17  9.7213613e+04 9.07e-11 2.88e-09  -6.0 7.58e-05    -  1.00e+00 1.00e+00h  1
  18  9.7213607e+04 1.20e-08 4.48e-07  -7.1 8.60e-04    -  1.00e+00 1.00e+00h  1

Number of Iterations....: 18

                                   (scaled)                 (unscaled)
Objective...............:   7.8032097424430935e+02    9.7213607393359780e+04
Dual infeasibility......:   4.4817127706741207e-07    5.5833878636935526e-05
Constraint violation....:   9.4229624893316356e-09    1.2000629462383117e-08
Variable bound violation:   5.7842911793670737e-08    5.7842911793670737e-08
Complementarity.........:   2.6888044621813384e-07    3.3497546518872998e-05
Overall NLP error.......:   4.4817127706741207e-07    5.5833878636935526e-05


Number of objective function evaluations             = 19
Number of objective gradient evaluations             = 19
Number of equality constraint evaluations            = 19
Number of inequality constraint evaluations          = 20
Number of equality constraint Jacobian evaluations   = 19
Number of inequality constraint Jacobian evaluations = 19
Number of Lagrangian Hessian evaluations             = 18
Total seconds in IPOPT                               = 0.048

EXIT: Optimal Solution Found.

