Solver command line: ['/opt/homebrew/bin/ipopt', '/var/folders/6y/bvynbx6n3zv7z3lwg6vd724r0000gn/T/tmpifg72yza.pyomo.nl', '-AMPL', 'tol=1e-06', 'max_iter=300', 'print_level=5', 'warm_start_init_point=yes', 'warm_start_bound_push=1e-06', 'warm_start_bound_frac=1e-06', 'warm_start_mult_bound_push=1e-06', 'mu_init=1e-06', 'least_square_init_duals=no']

Ipopt 3.14.19: tol=1e-06
max_iter=300
print_level=5
warm_start_init_point=yes
warm_start_bound_push=1e-06
warm_start_bound_frac=1e-06
warm_start_mult_bound_push=1e-06
mu_init=1e-06
least_square_init_duals=no


******************************************************************************
This program contains Ipopt, a library for large-scale nonlinear optimization.
 Ipopt is released as open source code under the Eclipse Public License (EPL).
         For more information visit https://github.com/coin-or/Ipopt
******************************************************************************

This is Ipopt version 3.14.19, running with linear solver MUMPS 5.6.2.

Number of nonzeros in equality constraint Jacobian...:     1978
Number of nonzeros in inequality constraint Jacobian.:     1488
Number of nonzeros in Lagrangian Hessian.............:     1070

Total number of variables............................:      309
                     variables with only lower bounds:        0
                variables with lower and upper bounds:      309
                     variables with only upper bounds:        0
Total number of equality constraints.................:      237
Total number of inequality constraints...............:      372
        inequality constraints with only lower bounds:        0
   inequality constraints with lower and upper bounds:        0
        inequality constraints with only upper bounds:      372

iter    objective    inf_pr   inf_du lg(mu)  ||d||  lg(rg) alpha_du alpha_pr  ls
   0  9.7213567e+04 4.34e+00 2.71e+01  -6.0 0.00e+00    -  0.00e+00 0.00e+00   0
   1  9.7194047e+04 4.34e+00 2.71e+01  -6.0 3.18e+05    -  6.26e-06 2.93e-07f  1
   2  9.7172134e+04 4.34e+00 2.71e+01  -6.0 4.44e+04    -  1.01e-05 6.42e-06f  1
   3  9.7157522e+04 4.34e+00 2.71e+01  -6.0 3.05e+04    -  4.16e-05 1.63e-05f  1
   4  9.7153321e+04 4.34e+00 2.71e+01  -6.0 8.52e+03    -  1.99e-04 3.01e-05f  1
   5  9.7151166e+04 4.34e+00 2.71e+01  -6.0 7.26e+02    -  5.48e-04 2.33e-04h  1
   6  9.7150312e+04 4.33e+00 2.70e+01  -6.0 4.27e+02    -  1.20e-03 6.81e-04h  1
   7  9.7149338e+04 4.32e+00 2.70e+01  -6.0 1.59e+02    -  5.39e-03 2.14e-03f  1
   8  9.7147412e+04 4.27e+00 2.67e+01  -6.0 6.16e+01    -  1.88e-02 1.16e-02h  1
   9  9.7131986e+04 4.04e+00 2.52e+01  -6.0 3.27e+01    -  4.02e-02 5.41e-02h  1
iter    objective    inf_pr   inf_du lg(mu)  ||d||  lg(rg) alpha_du alpha_pr  ls
  10  9.7106274e+04 3.80e+00 2.37e+01  -6.0 2.34e+01    -  2.34e-02 6.05e-02h  1
  11  9.7119868e+04 3.20e+00 1.99e+01  -6.0 3.84e+00    -  6.50e-01 1.56e-01h  1
  12  9.7125700e+04 2.97e+00 1.84e+01  -6.0 7.17e+00    -  2.56e-02 7.33e-02h  1
  13  9.7131302e+04 2.73e+00 1.70e+01  -6.0 3.18e+00    -  1.23e-01 7.90e-02h  1
  14  9.7141426e+04 2.34e+00 1.45e+01  -6.0 2.73e+00    -  8.47e-02 1.43e-01h  1
  15  9.7144361e+04 2.23e+00 1.39e+01  -6.0 2.31e+00    -  1.00e+00 4.60e-02h  1
  16  9.7155824e+04 1.82e+00 1.13e+01  -6.0 2.20e+00    -  3.36e-01 1.86e-01h  1
  17  9.7161066e+04 1.63e+00 1.02e+01  -6.0 1.79e+00    -  1.00e+00 1.01e-01h  1
  18  9.7164799e+04 1.51e+00 9.41e+00  -6.0 1.61e+00    -  7.85e-01 7.89e-02h  1
  19  9.7170865e+04 1.30e+00 8.12e+00  -6.0 1.48e+00    -  1.00e+00 1.38e-01h  1
iter    objective    inf_pr   inf_du lg(mu)  ||d||  lg(rg) alpha_du alpha_pr  ls
  20  9.7173481e+04 1.21e+00 7.58e+00  -6.0 1.28e+00    -  1.00e+00 6.76e-02h  1
  21  9.7184147e+04 8.56e-01 5.37e+00  -6.0 1.19e+00    -  1.00e+00 2.93e-01h  1
  22  9.7187004e+04 7.66e-01 4.81e+00  -6.0 8.43e-01    -  1.00e+00 1.06e-01h  1
  23  9.7194102e+04 5.44e-01 3.44e+00  -6.0 7.54e-01    -  8.99e-01 2.90e-01h  1
  24  9.7200585e+04 3.50e-01 2.23e+00  -6.0 5.36e-01    -  1.00e+00 3.56e-01h  1
  25  9.7205862e+04 1.99e-01 1.27e+00  -6.0 3.45e-01    -  1.00e+00 4.31e-01h  1
  26  9.7210181e+04 7.97e-02 5.07e-01  -6.0 2.24e-01    -  6.36e-01 6.00e-01h  1
  27  9.7212484e+04 2.49e-02 4.28e-01  -6.0 8.20e-02    -  1.00e+00 6.88e-01h  1
  28  9.7213605e+04 3.44e-06 7.72e-04  -6.0 2.72e-02    -  1.00e+00 1.00e+00h  1
  29  9.7213613e+04 9.24e-11 3.12e-09  -6.0 7.66e-05    -  1.00e+00 1.00e+00h  1
iter    objective    inf_pr   inf_du lg(mu)  ||d||  lg(rg) alpha_du alpha_pr  ls
  30  9.7213607e+04 1.20e-08 4.48e-07  -7.1 8.60e-04    -  1.00e+00 1.00e+00h  1

Number of Iterations....: 30

                                   (scaled)                 (unscaled)
Objective...............:   7.8032097424431970e+02    9.7213607393361075e+04
Dual infeasibility......:   4.4825482770701432e-07    5.5844287506290377e-05
Constraint violation....:   8.9364469655932123e-09    1.2002995347648593e-08
Variable bound violation:   5.7842911793670737e-08    5.7842911793670737e-08
Complementarity.........:   2.6892030287148434e-07    3.3502511923083214e-05
Overall NLP error.......:   4.4825482770701432e-07    5.5844287506290377e-05


Number of objective function evaluations             = 31
Number of objective gradient evaluations             = 31
Number of equality constraint evaluations            = 31
Number of inequality constraint evaluations          = 32
Number of equality constraint Jacobian evaluations   = 31
Number of inequality constraint Jacobian evaluations = 31
Number of Lagrangian Hessian evaluations             = 30
Total seconds in IPOPT                               = 0.086

EXIT: Optimal Solution Found.

