Solver command line: ['/opt/homebrew/bin/ipopt', '/var/folders/6y/bvynbx6n3zv7z3lwg6vd724r0000gn/T/tmpututyute.pyomo.nl', '-AMPL', 'tol=1e-06', 'max_iter=300', 'print_level=5', 'warm_start_init_point=yes', 'warm_start_bound_push=1e-06', 'warm_start_bound_frac=1e-06', 'warm_start_mult_bound_push=1e-06', 'mu_init=1e-06', 'least_square_init_duals=no']

Ipopt 3.14.19: tol=1e-06
max_iter=300
print_level=5
warm_start_init_point=yes
warm_start_bound_push=1e-06
warm_start_bound_frac=1e-06
warm_start_mult_bound_push=1e-06
mu_init=1e-06
least_square_init_duals=no


******************************************************************************
This program contains Ipopt, a library for large-scale nonlinear optimization.
 Ipopt is released as open source code under the Eclipse Public License (EPL).
         For more information visit https://github.com/coin-or/Ipopt
******************************************************************************

This is Ipopt version 3.14.19, running with linear solver MUMPS 5.6.2.

Number of nonzeros in equality constraint Jacobian...:     1978
Number of nonzeros in inequality constraint Jacobian.:     1488
Number of nonzeros in Lagrangian Hessian.............:     1070

Total number of variables............................:      309
                     variables with only lower bounds:        0
                variables with lower and upper bounds:      309
                     variables with only upper bounds:        0
Total number of equality constraints.................:      237
Total number of inequality constraints...............:      372
        inequality constraints with only lower bounds:        0
   inequality constraints with lower and upper bounds:        0
        inequality constraints with only upper bounds:      372

iter    objective    inf_pr   inf_du lg(mu)  ||d||  lg(rg) alpha_du alpha_pr  ls
   0  8.5645492e+04 5.91e+00 2.71e+01  -6.0 0.00e+00    -  0.00e+00 0.00e+00   0
   1  8.4984809e+04 5.91e+00 2.71e+01  -6.0 1.49e+06    -  8.92e-07 8.92e-07f  1
   2  8.4975646e+04 5.91e+00 2.71e+01  -6.0 1.48e+05    -  1.26e-05 8.91e-07f  1
   3  8.4866061e+04 5.88e+00 2.71e+01  -6.0 8.07e+04    -  3.37e-05 3.64e-05f  1
   4  8.2617087e+04 5.91e+00 2.71e+01  -6.0 7.59e+04    -  9.34e-07 6.73e-05f  1
   5  8.1600579e+04 5.92e+00 2.71e+01  -6.0 2.30e+04    -  2.66e-05 1.57e-04f  1
   6  8.1549439e+04 5.92e+00 2.71e+01  -6.0 3.46e+03    -  2.50e-05 9.41e-05f  1
   7  8.1380788e+04 5.89e+00 2.70e+01  -6.0 1.66e+03    -  4.48e-04 1.01e-03f  1
   8  8.1296605e+04 5.88e+00 2.70e+01  -6.0 9.53e+02    -  1.06e-03 5.91e-04f  1
   9  8.1258344e+04 5.87e+00 2.69e+01  -6.0 3.18e+02    -  9.14e-03 1.36e-03f  1
iter    objective    inf_pr   inf_du lg(mu)  ||d||  lg(rg) alpha_du alpha_pr  ls
  10  8.1287451e+04 5.81e+00 2.67e+01  -6.0 7.32e+01    -  2.76e-03 9.87e-03h  1
  11  8.1442506e+04 5.57e+00 2.58e+01  -6.0 2.95e+01    -  1.29e-04 4.21e-02h  1
  12  8.1841359e+04 5.14e+00 2.31e+01  -6.0 3.27e+01    -  2.15e-01 7.44e-02h  1
  13  8.2157466e+04 4.99e+00 2.25e+01  -6.0 3.13e+01    -  3.23e-03 2.89e-02h  1
  14  8.2655080e+04 4.77e+00 2.14e+01  -6.0 3.11e+01    -  8.57e-02 4.47e-02h  1
  15  8.2796572e+04 4.71e+00 2.09e+01  -6.0 2.85e+01    -  8.79e-02 1.24e-02h  1
  16  8.4482581e+04 4.00e+00 1.71e+01  -6.0 2.67e+01    -  4.08e-01 1.46e-01h  1
  17  8.9652899e+04 1.99e+00 9.58e+00  -6.0 1.76e+01    -  1.11e-01 4.67e-01h  1
  18  9.1226509e+04 1.55e+00 7.43e+00  -6.0 1.44e+01    -  2.18e-01 2.25e-01h  1
  19  9.3655080e+04 8.33e-01 3.76e+00  -6.0 1.49e+01    -  2.91e-01 4.65e-01h  1
iter    objective    inf_pr   inf_du lg(mu)  ||d||  lg(rg) alpha_du alpha_pr  ls
  20r 9.3655080e+04 8.33e-01 9.99e+02   0.4 0.00e+00    -  0.00e+00 3.65e-07R  4
  21r 9.3617512e+04 8.33e-01 9.99e+02   0.4 3.98e+05    -  1.25e-07 2.31e-07f  3
  22r 9.3279469e+04 7.49e-01 9.97e+02   0.4 2.52e+03    -  1.76e-03 3.04e-04f  1
  23  9.3278859e+04 7.49e-01 2.41e+01  -6.0 2.59e+03    -  1.05e-04 1.12e-05h  1
  24  9.3273411e+04 7.49e-01 2.41e+01  -6.0 1.29e+03    -  1.92e-04 2.59e-04h  1
  25  9.3267367e+04 7.49e-01 2.41e+01  -6.0 7.53e+02    -  6.87e-06 1.55e-04h  1
  26  9.3239351e+04 7.48e-01 2.41e+01  -6.0 6.36e+02    -  1.28e-05 8.95e-04f  1
  27  9.3239440e+04 7.48e-01 2.41e+01  -6.0 6.29e+01    -  9.97e-06 8.74e-05h  1
  28  9.3237575e+04 7.48e-01 2.41e+01  -6.0 1.86e+02    -  1.25e-07 2.37e-04f  1
  29  9.3224955e+04 7.47e-01 2.40e+01  -6.0 2.09e+02    -  7.16e-04 1.36e-03f  1
iter    objective    inf_pr   inf_du lg(mu)  ||d||  lg(rg) alpha_du alpha_pr  ls
  30  9.3227168e+04 7.46e-01 2.40e+01  -6.0 1.13e+02    -  1.45e-03 7.07e-04h  1
  31  9.3271736e+04 7.36e-01 2.37e+01  -6.0 2.11e+01    -  1.29e-02 1.34e-02h  2
  32  9.3337558e+04 7.21e-01 2.32e+01  -6.0 1.18e+01    -  2.85e-02 2.12e-02h  1
  33  9.3844135e+04 6.16e-01 1.99e+01  -6.0 8.74e+00    -  2.39e-01 1.45e-01h  1
  34  9.3973032e+04 5.89e-01 1.98e+01  -6.0 7.98e+00    -  6.32e-01 4.38e-02h  1
  35  9.4317326e+04 5.21e-01 1.75e+01  -6.0 8.65e+00    -  2.34e-02 1.16e-01h  1
  36  9.4347650e+04 5.15e-01 1.72e+01  -6.0 7.33e+00    -  5.13e-06 1.16e-02h  1
  37  9.4658993e+04 4.53e-01 1.52e+01  -6.0 7.25e+00    -  1.28e-01 1.21e-01h  1
  38  9.4747422e+04 4.38e-01 1.46e+01  -6.0 5.39e+00    -  3.99e-03 3.46e-02h  1
  39  9.6415042e+04 1.28e-01 4.32e+00  -6.0 5.21e+00    -  7.41e-01 7.06e-01h  1
iter    objective    inf_pr   inf_du lg(mu)  ||d||  lg(rg) alpha_du alpha_pr  ls
  40  9.6669167e+04 8.67e-02 3.26e+00  -6.0 2.42e+00    -  6.96e-01 3.24e-01h  1
  41  9.7104327e+04 1.65e-02 7.02e-01  -6.0 1.68e+00    -  1.00e+00 8.08e-01h  1
  42  9.7204531e+04 1.31e-03 8.23e-02  -6.0 3.34e-01    -  1.00e+00 9.19e-01h  1
  43  9.7213610e+04 8.23e-07 1.34e-04  -6.0 2.53e-02    -  1.00e+00 1.00e+00h  1
  44  9.7213613e+04 1.14e-11 3.78e-10  -6.0 6.53e-05    -  1.00e+00 1.00e+00h  1
  45  9.7213607e+04 1.20e-08 4.47e-07  -7.1 8.59e-04    -  1.00e+00 1.00e+00h  1

Number of Iterations....: 45

                                   (scaled)                 (unscaled)
Objective...............:   7.8032097424421329e+02    9.7213607393347818e+04
Dual infeasibility......:   4.4738940714787877e-07    5.5736472059515517e-05
Constraint violation....:   9.4116829498033999e-09    1.1978147362867732e-08
Variable bound violation:   5.7842911793670737e-08    5.7842911793670737e-08
Complementarity.........:   2.6850745617134661e-07    3.3451078835487816e-05
Overall NLP error.......:   4.4738940714787877e-07    5.5736472059515517e-05


Number of objective function evaluations             = 54
Number of objective gradient evaluations             = 45
Number of equality constraint evaluations            = 54
Number of inequality constraint evaluations          = 54
Number of equality constraint Jacobian evaluations   = 47
Number of inequality constraint Jacobian evaluations = 47
Number of Lagrangian Hessian evaluations             = 45
Total seconds in IPOPT                               = 0.124

EXIT: Optimal Solution Found.

