Solver command line: ['/opt/homebrew/bin/ipopt', '/var/folders/6y/bvynbx6n3zv7z3lwg6vd724r0000gn/T/tmpk8lf8d6q.pyomo.nl', '-AMPL', 'tol=1e-06', 'max_iter=300', 'print_level=5']

Ipopt 3.14.19: tol=1e-06
max_iter=300
print_level=5


******************************************************************************
This program contains Ipopt, a library for large-scale nonlinear optimization.
 Ipopt is released as open source code under the Eclipse Public License (EPL).
         For more information visit https://github.com/coin-or/Ipopt
******************************************************************************

This is Ipopt version 3.14.19, running with linear solver MUMPS 5.6.2.

Number of nonzeros in equality constraint Jacobian...:     1978
Number of nonzeros in inequality constraint Jacobian.:     1488
Number of nonzeros in Lagrangian Hessian.............:     1070

Total number of variables............................:      309
                     variables with only lower bounds:        0
                variables with lower and upper bounds:      309
                     variables with only upper bounds:        0
Total number of equality constraints.................:      237
Total number of inequality constraints...............:      372
        inequality constraints with only lower bounds:        0
   inequality constraints with lower and upper bounds:        0
        inequality constraints with only upper bounds:      372

iter    objective    inf_pr   inf_du lg(mu)  ||d||  lg(rg) alpha_du alpha_pr  ls
   0  8.5645492e+04 5.70e+00 6.57e+01  -1.0 0.00e+00    -  0.00e+00 0.00e+00   0
   1  8.1783587e+04 5.29e+00 6.10e+01  -1.0 6.10e+00    -  6.90e-02 7.29e-02f  1
   2  8.1946281e+04 4.98e+00 4.67e+01  -1.0 4.51e+00    -  2.61e-01 5.87e-02h  1
   3  8.3766821e+04 3.61e+00 4.26e+01  -1.0 4.62e+00    -  4.32e-01 2.72e-01h  1
   4  8.6746972e+04 2.51e+00 6.23e+01  -1.0 6.71e+00    -  7.66e-01 3.02e-01h  1
   5  9.1369053e+04 1.29e+00 1.08e+02  -1.0 1.01e+01    -  9.93e-01 4.82e-01h  1
   6  9.3156042e+04 7.49e-01 9.44e+01  -1.0 1.78e+01    -  7.59e-01 4.22e-01h  1
   7  9.4799105e+04 4.29e-01 5.72e+01  -1.0 1.63e+01    -  1.00e+00 4.29e-01h  1
   8  9.5538161e+04 3.09e-01 4.18e+01  -1.0 4.57e+00    -  9.66e-01 2.79e-01h  1
   9  9.7589775e+04 2.65e-02 3.88e+00  -1.0 2.90e+00    -  1.00e+00 1.00e+00h  1
iter    objective    inf_pr   inf_du lg(mu)  ||d||  lg(rg) alpha_du alpha_pr  ls
  10  9.7671873e+04 4.77e-04 4.53e-02  -1.0 2.42e-01    -  1.00e+00 1.00e+00h  1
  11  9.7475721e+04 4.24e-03 1.26e+00  -2.5 2.08e+00    -  7.99e-01 5.97e-01f  1
  12  9.7308140e+04 5.54e-03 4.27e-01  -2.5 1.29e+00    -  7.64e-01 7.55e-01f  1
  13  9.7248023e+04 2.19e-03 1.46e+00  -2.5 5.94e-01    -  1.00e+00 7.57e-01h  1
  14  9.7231055e+04 7.00e-04 1.05e-01  -2.5 2.90e-01    -  1.00e+00 1.00e+00h  1
  15  9.7232806e+04 7.47e-06 8.98e-05  -2.5 5.33e-02    -  1.00e+00 1.00e+00h  1
  16  9.7219146e+04 1.03e-04 1.86e-01  -3.8 1.70e-01    -  8.60e-01 7.15e-01f  1
  17  9.7214360e+04 6.76e-05 1.47e-01  -3.8 5.04e-02    -  8.71e-01 1.00e+00h  1
  18  9.7214570e+04 4.67e-06 6.09e-05  -3.8 1.37e-02    -  1.00e+00 1.00e+00h  1
  19  9.7213706e+04 6.33e-06 3.50e-03  -5.7 1.32e-02    -  9.21e-01 9.08e-01h  1
iter    objective    inf_pr   inf_du lg(mu)  ||d||  lg(rg) alpha_du alpha_pr  ls
  20  9.7213619e+04 8.64e-07 3.42e-05  -5.7 7.28e-03    -  1.00e+00 1.00e+00h  1
  21  9.7213619e+04 1.60e-07 5.11e-06  -5.7 3.18e-03    -  1.00e+00 1.00e+00h  1
  22  9.7213607e+04 6.51e-08 2.37e-06  -7.1 2.01e-03    -  1.00e+00 1.00e+00h  1
  23  9.7213607e+04 1.37e-08 4.39e-07  -7.1 9.32e-04    -  1.00e+00 1.00e+00h  1

Number of Iterations....: 23

                                   (scaled)                 (unscaled)
Objective...............:   7.8032097425270285e+02    9.7213607394405451e+04
Dual infeasibility......:   4.3934173467884117e-07    5.4733880436763073e-05
Constraint violation....:   1.0185543736549327e-08    1.3671440951545931e-08
Variable bound violation:   5.7842865608392913e-08    5.7842865608392913e-08
Complementarity.........:   3.0387116026975072e-07    3.7856744400900206e-05
Overall NLP error.......:   4.3934173467884117e-07    5.4733880436763073e-05


Number of objective function evaluations             = 24
Number of objective gradient evaluations             = 24
Number of equality constraint evaluations            = 24
Number of inequality constraint evaluations          = 24
Number of equality constraint Jacobian evaluations   = 24
Number of inequality constraint Jacobian evaluations = 24
Number of Lagrangian Hessian evaluations             = 23
Total seconds in IPOPT                               = 0.235

EXIT: Optimal Solution Found.

