Solver command line: ['/opt/homebrew/bin/ipopt', '/var/folders/6y/bvynbx6n3zv7z3lwg6vd724r0000gn/T/tmpt4rbouta.pyomo.nl', '-AMPL', 'tol=1e-06', 'max_iter=300', 'print_level=5', 'warm_start_init_point=yes', 'warm_start_bound_push=1e-06', 'warm_start_bound_frac=1e-06', 'warm_start_mult_bound_push=1e-06', 'mu_init=1e-06', 'least_square_init_duals=no']

Ipopt 3.14.19: tol=1e-06
max_iter=300
print_level=5
warm_start_init_point=yes
warm_start_bound_push=1e-06
warm_start_bound_frac=1e-06
warm_start_mult_bound_push=1e-06
mu_init=1e-06
least_square_init_duals=no


******************************************************************************
This program contains Ipopt, a library for large-scale nonlinear optimization.
 Ipopt is released as open source code under the Eclipse Public License (EPL).
         For more information visit https://github.com/coin-or/Ipopt
******************************************************************************

This is Ipopt version 3.14.19, running with linear solver MUMPS 5.6.2.

Number of nonzeros in equality constraint Jacobian...:     1978
Number of nonzeros in inequality constraint Jacobian.:     1488
Number of nonzeros in Lagrangian Hessian.............:     1070

Total number of variables............................:      309
                     variables with only lower bounds:        0
                variables with lower and upper bounds:      309
                     variables with only upper bounds:        0
Total number of equality constraints.................:      237
Total number of inequality constraints...............:      372
        inequality constraints with only lower bounds:        0
   inequality constraints with lower and upper bounds:        0
        inequality constraints with only upper bounds:      372

iter    objective    inf_pr   inf_du lg(mu)  ||d||  lg(rg) alpha_du alpha_pr  ls
   0  8.5645492e+04 5.70e+00 1.34e+02  -6.0 0.00e+00    -  0.00e+00 0.00e+00   0
   1  7.9764972e+04 5.69e+00 1.34e+02  -6.0 4.33e+02    -  2.43e-03 2.42e-03f  1
   2  7.9764951e+04 5.69e+00 1.34e+02  -6.0 4.36e+02    -  7.70e-03 2.81e-08h  1
   3  7.9173745e+04 5.68e+00 1.34e+02  -6.0 4.14e+02    -  8.69e-03 9.50e-04f  1
   4  7.9123594e+04 5.68e+00 1.34e+02  -6.0 3.61e+02    -  1.44e-02 1.12e-04f  1
   5  7.7861124e+04 5.66e+00 1.33e+02  -6.0 3.59e+02    -  1.58e-02 2.83e-03f  1
   6  7.7841524e+04 5.66e+00 1.33e+02  -6.0 9.47e+01    -  2.68e-06 1.05e-04f  1
   7  7.7146757e+04 5.64e+00 1.33e+02  -6.0 9.47e+01    -  4.90e-03 3.71e-03f  1
   8  7.7139097e+04 5.64e+00 1.33e+02  -6.0 7.70e+01    -  4.42e-03 6.43e-05f  1
   9  7.5860878e+04 5.58e+00 1.31e+02  -6.0 7.68e+01    -  1.10e-03 1.08e-02f  1
iter    objective    inf_pr   inf_du lg(mu)  ||d||  lg(rg) alpha_du alpha_pr  ls
  10  7.5583392e+04 5.57e+00 1.31e+02  -6.0 7.54e+01    -  4.82e-02 2.44e-03f  1
  11  7.5581572e+04 5.57e+00 1.31e+02  -6.0 3.22e+01    -  5.65e-03 4.63e-05h  1
  12  7.5277025e+04 5.52e+00 1.30e+02  -6.0 3.22e+01    -  3.13e-02 7.75e-03f  1
  13  7.4324461e+04 5.39e+00 1.27e+02  -6.0 3.20e+01    -  1.62e-02 2.46e-02f  1
  14  7.4260207e+04 5.38e+00 1.27e+02  -6.0 3.32e+01    -  1.59e-01 1.97e-03f  1
  15  7.3745584e+04 5.29e+00 1.25e+02  -6.0 2.67e+01    -  1.80e-02 1.61e-02f  1
  16  7.3088672e+04 5.18e+00 1.22e+02  -6.0 2.63e+01    -  1.02e-01 2.13e-02f  1
  17  7.2366558e+04 5.04e+00 1.19e+02  -6.0 2.93e+01    -  5.11e-02 2.56e-02f  1
  18  7.2276162e+04 5.03e+00 1.18e+02  -6.0 2.50e+01    -  2.19e-01 3.58e-03f  1
  19  7.2258750e+04 5.02e+00 1.18e+02  -6.0 2.14e+01    -  2.77e-01 1.54e-03h  1
iter    objective    inf_pr   inf_du lg(mu)  ||d||  lg(rg) alpha_du alpha_pr  ls
  20  7.2533339e+04 4.93e+00 1.16e+02  -6.0 2.06e+01    -  7.28e-02 1.84e-02h  1
  21  7.3021151e+04 4.81e+00 1.13e+02  -6.0 8.95e+00    -  3.97e-01 2.40e-02h  1
  22  7.3254633e+04 4.75e+00 1.12e+02  -6.0 1.02e+01    -  6.74e-01 1.11e-02h  1
  23  7.4817179e+04 4.39e+00 1.04e+02  -6.0 1.24e+01    -  5.38e-01 7.57e-02h  1
  24  7.6696936e+04 3.97e+00 9.39e+01  -6.0 1.64e+01    -  6.06e-01 9.67e-02h  1
  25  7.7386592e+04 3.81e+00 9.03e+01  -6.0 2.03e+01    -  1.31e-01 3.85e-02h  1
  26  7.8176362e+04 3.64e+00 8.62e+01  -6.0 2.14e+01    -  5.06e-01 4.54e-02h  1
  27  7.8509997e+04 3.57e+00 8.45e+01  -6.0 2.27e+01    -  1.98e-01 1.99e-02h  1
  28  8.0416322e+04 3.16e+00 7.53e+01  -6.0 2.52e+01    -  1.00e+00 1.14e-01h  1
  29  8.3429943e+04 2.53e+00 6.12e+01  -6.0 2.72e+01    -  3.27e-01 1.99e-01h  1
iter    objective    inf_pr   inf_du lg(mu)  ||d||  lg(rg) alpha_du alpha_pr  ls
  30  8.3433005e+04 2.53e+00 6.12e+01  -6.0 1.07e+01    -  8.15e-01 2.45e-04h  1
  31  8.5005962e+04 2.21e+00 5.39e+01  -6.0 1.07e+01    -  6.06e-01 1.26e-01h  1
  32  8.6436897e+04 1.93e+00 4.73e+01  -6.0 1.06e+01    -  1.40e-01 1.28e-01h  1
  33  8.7912051e+04 1.64e+00 4.06e+01  -6.0 1.02e+01    -  7.10e-02 1.48e-01h  1
  34  8.8075870e+04 1.61e+00 3.98e+01  -6.0 8.91e+00    -  2.83e-01 1.90e-02h  1
  35  8.9688500e+04 1.31e+00 3.26e+01  -6.0 9.13e+00    -  3.33e-02 1.90e-01h  1
  36  9.0423942e+04 1.17e+00 2.93e+01  -6.0 8.07e+00    -  1.25e-01 1.05e-01h  1
  37  9.0990969e+04 1.06e+00 2.67e+01  -6.0 7.65e+00    -  4.08e-01 8.98e-02h  1
  38  9.1286331e+04 1.01e+00 2.53e+01  -6.0 7.25e+00    -  1.44e-01 5.10e-02h  1
  39  9.2565535e+04 7.75e-01 1.97e+01  -6.0 7.02e+00    -  8.31e-02 2.32e-01h  1
iter    objective    inf_pr   inf_du lg(mu)  ||d||  lg(rg) alpha_du alpha_pr  ls
  40  9.4033342e+04 5.11e-01 1.33e+01  -6.0 5.93e+00    -  4.93e-01 3.41e-01h  1
  41  9.4550615e+04 4.20e-01 1.09e+01  -6.0 4.10e+00    -  2.35e-01 1.79e-01h  1
  42  9.4632314e+04 4.06e-01 1.06e+01  -6.0 5.32e+00    -  4.01e-01 3.34e-02h  1
  43  9.4846856e+04 3.69e-01 9.67e+00  -6.0 5.02e+00    -  3.47e-02 9.02e-02h  1
  44  9.5057816e+04 3.35e-01 8.79e+00  -6.0 2.27e+00    -  2.28e-01 9.14e-02h  1
  45  9.5198018e+04 3.13e-01 8.21e+00  -6.0 3.51e+00    -  8.39e-02 6.72e-02h  1
  46  9.5829323e+04 2.13e-01 5.68e+00  -6.0 1.81e+00    -  1.11e-01 3.22e-01h  1
  47  9.6068467e+04 1.75e-01 4.69e+00  -6.0 1.38e+00    -  2.93e-01 1.76e-01h  1
  48  9.6368826e+04 1.29e-01 3.46e+00  -6.0 1.23e+00    -  5.04e-01 2.66e-01h  1
  49  9.6602934e+04 9.27e-02 2.50e+00  -6.0 9.14e-01    -  4.39e-01 2.80e-01h  1
iter    objective    inf_pr   inf_du lg(mu)  ||d||  lg(rg) alpha_du alpha_pr  ls
  50  9.6949097e+04 3.97e-02 1.78e+00  -6.0 6.54e-01    -  1.00e+00 5.71e-01h  1
  51  9.7212801e+04 1.50e-04 2.93e-02  -6.0 3.01e-01    -  1.00e+00 1.00e+00h  1
  52  9.7213613e+04 4.46e-08 5.26e-06  -6.0 3.87e-03    -  1.00e+00 1.00e+00h  1
  53  9.7213607e+04 1.40e-08 5.17e-07  -7.1 9.29e-04    -  1.00e+00 1.00e+00h  1

Number of Iterations....: 53

                                   (scaled)                 (unscaled)
Objective...............:   7.8032097425256450e+02    9.7213607394388222e+04
Dual infeasibility......:   5.1652490794160575e-07    6.4349480876321269e-05
Constraint violation....:   1.0407974835455581e-08    1.3969996798257611e-08
Variable bound violation:   5.7842911793670737e-08    5.7842911793670737e-08
Complementarity.........:   3.0163452446481985e-07    3.7578100814223518e-05
Overall NLP error.......:   5.1652490794160575e-07    6.4349480876321269e-05


Number of objective function evaluations             = 54
Number of objective gradient evaluations             = 54
Number of equality constraint evaluations            = 54
Number of inequality constraint evaluations          = 55
Number of equality constraint Jacobian evaluations   = 54
Number of inequality constraint Jacobian evaluations = 54
Number of Lagrangian Hessian evaluations             = 53
Total seconds in IPOPT                               = 0.140

EXIT: Optimal Solution Found.

