Solver command line: ['/opt/homebrew/bin/ipopt', '/var/folders/6y/bvynbx6n3zv7z3lwg6vd724r0000gn/T/tmpjzvbf3te.pyomo.nl', '-AMPL', 'tol=1e-06', 'max_iter=300', 'print_level=5', 'warm_start_init_point=yes', 'warm_start_bound_push=1e-06', 'warm_start_bound_frac=1e-06', 'warm_start_mult_bound_push=1e-06', 'mu_init=1e-06', 'least_square_init_duals=no']

Ipopt 3.14.19: tol=1e-06
max_iter=300
print_level=5
warm_start_init_point=yes
warm_start_bound_push=1e-06
warm_start_bound_frac=1e-06
warm_start_mult_bound_push=1e-06
mu_init=1e-06
least_square_init_duals=no


******************************************************************************
This program contains Ipopt, a library for large-scale nonlinear optimization.
 Ipopt is released as open source code under the Eclipse Public License (EPL).
         For more information visit https://github.com/coin-or/Ipopt
******************************************************************************

This is Ipopt version 3.14.19, running with linear solver MUMPS 5.6.2.

Number of nonzeros in equality constraint Jacobian...:     1978
Number of nonzeros in inequality constraint Jacobian.:     1488
Number of nonzeros in Lagrangian Hessian.............:     1070

Total number of variables............................:      309
                     variables with only lower bounds:        0
                variables with lower and upper bounds:      309
                     variables with only upper bounds:        0
Total number of equality constraints.................:      237
Total number of inequality constraints...............:      372
        inequality constraints with only lower bounds:        0
   inequality constraints with lower and upper bounds:        0
        inequality constraints with only upper bounds:      372

iter    objective    inf_pr   inf_du lg(mu)  ||d||  lg(rg) alpha_du alpha_pr  ls
   0  8.5645492e+04 4.07e+00 7.42e+01  -6.0 0.00e+00    -  0.00e+00 0.00e+00   0
   1  8.0234691e+04 4.05e+00 7.41e+01  -6.0 1.04e+03    -  5.91e-04 1.81e-03f  1
   2  8.0234676e+04 4.05e+00 7.35e+01  -6.0 9.77e+02    -  7.10e-03 1.80e-08h  1
   3  7.8534079e+04 4.04e+00 7.33e+01  -6.0 9.35e+02    -  3.04e-03 2.83e-03f  1
   4  7.8533020e+04 4.04e+00 7.29e+01  -6.0 3.71e+02    -  4.60e-03 2.24e-06f  1
   5  7.7800173e+04 4.03e+00 7.21e+01  -6.0 3.90e+02    -  1.05e-02 1.50e-03f  1
   6  7.7794292e+04 4.03e+00 7.10e+01  -6.0 8.79e+01    -  1.40e-02 3.19e-05f  1
   7  7.7013925e+04 4.02e+00 7.00e+01  -6.0 8.78e+01    -  1.21e-02 4.24e-03f  1
   8  7.7003144e+04 4.02e+00 6.97e+01  -6.0 7.31e+01    -  4.09e-03 8.92e-05f  1
   9  7.6586103e+04 4.01e+00 6.93e+01  -6.0 7.34e+01    -  5.53e-03 3.45e-03f  1
iter    objective    inf_pr   inf_du lg(mu)  ||d||  lg(rg) alpha_du alpha_pr  ls
  10  7.6457541e+04 4.00e+00 6.88e+01  -6.0 7.42e+01    -  6.74e-03 1.07e-03f  1
  11  7.6241088e+04 4.00e+00 6.87e+01  -6.0 7.47e+01    -  1.53e-03 1.82e-03f  1
  12  7.5917832e+04 3.99e+00 6.46e+01  -6.0 7.54e+01    -  5.50e-02 2.77e-03f  1
  13  7.5526794e+04 3.97e+00 6.42e+01  -6.0 7.83e+01    -  5.22e-03 3.54e-03f  1
  14  7.5522216e+04 3.97e+00 6.38e+01  -6.0 3.07e+01    -  5.72e-03 1.25e-04h  1
  15  7.5345861e+04 3.95e+00 6.35e+01  -6.0 3.06e+01    -  5.34e-03 4.82e-03f  1
  16  7.5245906e+04 3.94e+00 6.31e+01  -6.0 3.50e+01    -  6.63e-03 4.07e-03f  1
  17  7.5180602e+04 3.88e+00 6.28e+01  -6.0 3.97e+01    -  4.39e-03 1.42e-02h  1
  18  7.5162114e+04 3.86e+00 6.20e+01  -6.0 4.32e+01    -  1.18e-02 4.54e-03h  1
  19  7.5151144e+04 3.85e+00 6.12e+01  -6.0 4.45e+01    -  1.29e-02 2.70e-03h  1
iter    objective    inf_pr   inf_du lg(mu)  ||d||  lg(rg) alpha_du alpha_pr  ls
  20  7.5065445e+04 3.81e+00 6.09e+01  -6.0 5.00e+01    -  5.03e-03 1.06e-02f  1
  21  7.5002418e+04 3.78e+00 6.02e+01  -6.0 5.08e+01    -  1.07e-02 8.24e-03f  1
  22  7.4936489e+04 3.75e+00 5.75e+01  -6.0 5.37e+01    -  4.33e-02 8.80e-03f  1
  23  7.4874730e+04 3.71e+00 5.49e+01  -6.0 5.60e+01    -  4.28e-02 1.02e-02h  1
  24  7.4868120e+04 3.70e+00 5.07e+01  -6.0 5.90e+01    -  7.14e-02 1.15e-03h  1
  25  7.4839789e+04 3.63e+00 4.83e+01  -6.0 5.19e+01    -  4.56e-02 2.13e-02h  1
  26  7.4837982e+04 3.61e+00 4.50e+01  -6.0 5.15e+01    -  6.19e-02 4.33e-03h  1
  27  7.4843357e+04 3.60e+00 4.47e+01  -6.0 5.02e+01    -  8.14e-03 3.60e-03h  1
  28  7.4861208e+04 3.58e+00 4.40e+01  -6.0 4.94e+01    -  1.44e-02 5.37e-03h  1
  29  7.4916739e+04 3.56e+00 4.31e+01  -6.0 3.54e+01    -  1.99e-02 5.95e-03h  1
iter    objective    inf_pr   inf_du lg(mu)  ||d||  lg(rg) alpha_du alpha_pr  ls
  30  7.4971794e+04 3.54e+00 4.29e+01  -6.0 2.44e+01    -  4.72e-03 4.31e-03h  1
  31  7.5441209e+04 3.46e+00 3.89e+01  -6.0 7.06e+00    -  8.69e-02 2.31e-02h  1
  32  7.6046770e+04 3.35e+00 3.81e+01  -6.0 6.83e+00    -  2.16e-02 3.03e-02h  1
  33  7.6289108e+04 3.31e+00 3.42e+01  -6.0 7.83e+00    -  9.56e-02 1.25e-02h  1
  34  7.7690123e+04 3.07e+00 3.32e+01  -6.0 9.66e+00    -  3.23e-02 7.28e-02h  1
  35  7.8311355e+04 2.96e+00 3.03e+01  -6.0 7.96e+00    -  8.47e-02 3.47e-02h  1
  36  7.8488794e+04 2.93e+00 2.72e+01  -6.0 7.56e+00    -  9.38e-02 1.02e-02h  1
  37  7.8883381e+04 2.86e+00 1.97e+01  -6.0 7.88e+00    -  2.51e-01 2.29e-02h  1
  38  7.9232546e+04 2.80e+00 1.84e+01  -6.0 5.72e+00    -  6.26e-02 2.06e-02h  1
  39  7.9293976e+04 2.79e+00 1.67e+01  -6.0 8.11e+00    -  1.36e-01 3.72e-03h  1
iter    objective    inf_pr   inf_du lg(mu)  ||d||  lg(rg) alpha_du alpha_pr  ls
  40  7.9309174e+04 2.79e+00 1.66e+01  -6.0 5.55e+00    -  6.61e-02 9.13e-04h  1
  41  8.0568974e+04 2.58e+00 1.52e+01  -6.0 7.27e+00    -  5.42e-03 7.59e-02h  1
  42  8.0911139e+04 2.52e+00 1.47e+01  -6.0 7.03e+00    -  1.14e-01 2.22e-02h  1
  43  8.2262233e+04 2.29e+00 1.30e+01  -6.0 6.37e+00    -  1.09e-02 8.95e-02h  1
  44  8.2478153e+04 2.26e+00 1.28e+01  -6.0 6.11e+00    -  2.60e-02 1.57e-02h  1
  45  8.2712903e+04 2.22e+00 1.26e+01  -6.0 8.38e+00    -  1.31e-01 1.73e-02h  1
  46  8.3455226e+04 2.10e+00 1.18e+01  -6.0 6.53e+00    -  2.93e-02 5.56e-02h  1
  47  8.3831957e+04 2.03e+00 1.15e+01  -6.0 6.25e+00    -  1.09e-01 2.98e-02h  1
  48  8.4347651e+04 1.95e+00 1.11e+01  -6.0 5.92e+00    -  2.06e-01 4.21e-02h  1
  49  8.4837850e+04 1.87e+00 1.08e+01  -6.0 5.67e+00    -  3.57e-01 4.15e-02h  1
iter    objective    inf_pr   inf_du lg(mu)  ||d||  lg(rg) alpha_du alpha_pr  ls
  50  8.6210878e+04 1.64e+00 9.28e+00  -6.0 5.46e+00    -  1.20e-01 1.21e-01h  1
  51  8.7192885e+04 1.48e+00 7.26e+00  -6.0 5.05e+00    -  3.20e-02 9.80e-02h  1
  52  8.7543973e+04 1.42e+00 8.17e+00  -6.0 3.07e+00    -  1.70e-01 3.82e-02h  1
  53  8.8805189e+04 1.22e+00 5.83e+00  -6.0 2.84e+00    -  4.17e-02 1.42e-01h  1
  54  8.8894436e+04 1.21e+00 6.82e+00  -6.0 2.40e+00    -  1.33e-01 1.17e-02h  1
  55  9.0796922e+04 9.04e-01 6.99e+00  -6.0 2.37e+00    -  4.66e-01 2.52e-01h  1
  56  9.1028473e+04 8.67e-01 9.74e+00  -6.0 2.29e+00    -  3.43e-01 4.05e-02h  1
  57  9.1332135e+04 8.20e-01 1.05e+01  -6.0 2.80e+00    -  2.27e-01 5.52e-02h  1
  58  9.1626034e+04 7.73e-01 1.01e+01  -6.0 3.01e+00    -  9.09e-02 5.64e-02h  1
  59  9.2131050e+04 6.94e-01 8.96e+00  -6.0 2.16e+00    -  1.28e-01 1.02e-01h  1
iter    objective    inf_pr   inf_du lg(mu)  ||d||  lg(rg) alpha_du alpha_pr  ls
  60  9.2416478e+04 6.50e-01 8.63e+00  -6.0 2.59e+00    -  1.62e-01 6.38e-02h  1
  61  9.2581546e+04 6.25e-01 8.55e+00  -6.0 7.98e+00    -  3.57e-02 3.85e-02h  1
  62  9.2607035e+04 6.21e-01 5.09e+00  -6.0 1.08e+01    -  4.52e-02 5.98e-03h  1
  63  9.2870850e+04 5.82e-01 4.76e+00  -6.0 1.00e+01    -  5.99e-02 6.23e-02h  1
  64  9.3600788e+04 4.82e-01 2.80e+00  -6.0 5.40e+00    -  1.72e-01 1.73e-01h  1
  65  9.4116117e+04 4.13e-01 3.96e+00  -6.0 3.03e+00    -  5.43e-02 1.43e-01h  1
  66  9.4689182e+04 3.37e-01 4.47e+00  -6.0 2.14e+00    -  4.16e-02 1.83e-01h  1
  67  9.5042708e+04 2.91e-01 4.45e+00  -6.0 1.38e+00    -  5.72e-02 1.37e-01h  1
  68  9.5459807e+04 2.34e-01 2.62e+00  -6.0 7.93e-01    -  2.39e-01 1.96e-01h  1
  69  9.6464067e+04 9.93e-02 2.54e+00  -6.0 6.63e-01    -  2.56e-01 5.77e-01h  1
iter    objective    inf_pr   inf_du lg(mu)  ||d||  lg(rg) alpha_du alpha_pr  ls
  70  9.7140492e+04 9.53e-03 1.12e+00  -6.0 2.77e-01    -  8.81e-01 9.05e-01h  1
  71  9.7213626e+04 1.31e-05 1.16e-02  -6.0 2.93e-02    -  1.00e+00 1.00e+00h  1
  72  9.7213613e+04 5.20e-08 1.15e-06  -6.0 3.88e-04    -  1.00e+00 1.00e+00h  1
  73  9.7213607e+04 1.20e-08 4.48e-07  -7.1 8.59e-04    -  1.00e+00 1.00e+00h  1

Number of Iterations....: 73

                                   (scaled)                 (unscaled)
Objective...............:   7.8032097424550739e+02    9.7213607393509039e+04
Dual infeasibility......:   4.4759068405846162e-07    5.5761547451833015e-05
Constraint violation....:   9.4068053894355324e-09    1.1980052561089138e-08
Variable bound violation:   5.7842909129135478e-08    5.7842909129135478e-08
Complementarity.........:   2.6853873742629460e-07    3.3454975903153118e-05
Overall NLP error.......:   4.4759068405846162e-07    5.5761547451833015e-05


Number of objective function evaluations             = 74
Number of objective gradient evaluations             = 74
Number of equality constraint evaluations            = 74
Number of inequality constraint evaluations          = 75
Number of equality constraint Jacobian evaluations   = 74
Number of inequality constraint Jacobian evaluations = 74
Number of Lagrangian Hessian evaluations             = 73
Total seconds in IPOPT                               = 0.177

EXIT: Optimal Solution Found.

