Solver command line: ['/opt/homebrew/bin/ipopt', '/var/folders/6y/bvynbx6n3zv7z3lwg6vd724r0000gn/T/tmpze6dbvbz.pyomo.nl', '-AMPL', 'tol=1e-06', 'max_iter=300', 'print_level=5', 'warm_start_init_point=yes', 'warm_start_bound_push=1e-06', 'warm_start_bound_frac=1e-06', 'warm_start_mult_bound_push=1e-06', 'mu_init=1e-06', 'least_square_init_duals=no']

Ipopt 3.14.19: tol=1e-06
max_iter=300
print_level=5
warm_start_init_point=yes
warm_start_bound_push=1e-06
warm_start_bound_frac=1e-06
warm_start_mult_bound_push=1e-06
mu_init=1e-06
least_square_init_duals=no


******************************************************************************
This program contains Ipopt, a library for large-scale nonlinear optimization.
 Ipopt is released as open source code under the Eclipse Public License (EPL).
         For more information visit https://github.com/coin-or/Ipopt
******************************************************************************

This is Ipopt version 3.14.19, running with linear solver MUMPS 5.6.2.

Number of nonzeros in equality constraint Jacobian...:    65471
Number of nonzeros in inequality constraint Jacobian.:    55904
Number of nonzeros in Lagrangian Hessian.............:    36439

Total number of variables............................:     8718
                     variables with only lower bounds:        0
                variables with lower and upper bounds:     8718
                     variables with only upper bounds:        0
Total number of equality constraints.................:     8041
Total number of inequality constraints...............:    13976
        inequality constraints with only lower bounds:        0
   inequality constraints with lower and upper bounds:        0
        inequality constraints with only upper bounds:    13976

iter    objective    inf_pr   inf_du lg(mu)  ||d||  lg(rg) alpha_du alpha_pr  ls
   0  6.8987483e+05 2.07e+01 3.60e+02  -6.0 0.00e+00    -  0.00e+00 0.00e+00   0
   1  6.7444698e+05 2.07e+01 3.60e+02  -6.0 1.19e+03    -  3.66e-04 3.66e-04f  1
   2  6.6486729e+05 2.07e+01 3.60e+02  -6.0 6.63e+02    -  1.69e-03 3.63e-04f  1
   3  6.4945843e+05 2.07e+01 3.59e+02  -6.0 2.07e+02    -  3.84e-03 1.36e-03f  1
   4  6.3255148e+05 2.06e+01 3.58e+02  -6.0 5.60e+02    -  2.94e-03 2.10e-03f  1
   5  6.2959679e+05 2.06e+01 3.58e+02  -6.0 4.58e+02    -  5.41e-03 7.15e-04f  1
   6  6.2518256e+05 2.06e+01 3.57e+02  -6.0 1.02e+02    -  1.65e-02 2.55e-03f  1
   7  6.1912337e+05 2.04e+01 3.54e+02  -6.0 4.75e+01    -  1.36e-02 9.68e-03f  1
   8  6.1745354e+05 2.03e+01 3.52e+02  -6.0 5.53e+01    -  1.13e-02 4.06e-03f  1
   9  6.1621830e+05 2.02e+01 3.50e+02  -6.0 6.55e+01    -  2.26e-02 5.53e-03f  1
iter    objective    inf_pr   inf_du lg(mu)  ||d||  lg(rg) alpha_du alpha_pr  ls
  10  6.1568960e+05 1.99e+01 3.46e+02  -6.0 7.83e+01    -  1.24e-02 1.32e-02f  1
  11  6.1574466e+05 1.98e+01 3.44e+02  -6.0 1.09e+02    -  3.72e-02 5.75e-03h  1
  12  6.1619964e+05 1.95e+01 3.39e+02  -6.0 1.22e+02    -  5.68e-03 1.33e-02h  1
  13  6.1638225e+05 1.94e+01 3.38e+02  -6.0 1.51e+02    -  1.64e-02 4.17e-03h  1
  14  6.1698792e+05 1.92e+01 3.33e+02  -6.0 1.60e+02    -  8.29e-03 1.29e-02h  1
  15  6.1761418e+05 1.90e+01 3.29e+02  -6.0 1.81e+02    -  3.87e-02 1.12e-02h  1
  16  6.1796977e+05 1.89e+01 3.28e+02  -6.0 1.98e+02    -  2.37e-02 5.37e-03h  1
  17  6.1935642e+05 1.85e+01 3.21e+02  -6.0 2.03e+02    -  1.71e-02 1.92e-02h  1
  18  6.2033193e+05 1.83e+01 3.17e+02  -6.0 2.19e+02    -  3.66e-02 1.25e-02h  1
  19  6.2174606e+05 1.80e+01 3.12e+02  -6.0 1.97e+02    -  3.97e-02 1.50e-02h  1
iter    objective    inf_pr   inf_du lg(mu)  ||d||  lg(rg) alpha_du alpha_pr  ls
  20  6.2419426e+05 1.76e+01 3.05e+02  -6.0 1.54e+02    -  7.11e-02 2.17e-02h  1
  21  6.2835544e+05 1.70e+01 2.94e+02  -6.0 1.11e+02    -  8.76e-02 3.35e-02h  1
  22  6.3004346e+05 1.68e+01 2.88e+02  -6.0 1.00e+02    -  1.12e-01 1.31e-02h  1
  23  6.3634795e+05 1.60e+01 2.70e+02  -6.0 9.83e+01    -  1.33e-01 4.74e-02h  1
  24  6.4353856e+05 1.51e+01 2.58e+02  -6.0 1.00e+02    -  4.26e-02 5.50e-02h  1
  25  6.4534568e+05 1.49e+01 2.32e+02  -6.0 1.23e+02    -  5.13e-02 1.41e-02h  1
  26  6.5243777e+05 1.41e+01 1.94e+02  -6.0 1.26e+02    -  1.02e-01 5.53e-02h  1
  27  6.5546502e+05 1.37e+01 1.69e+02  -6.0 1.44e+02    -  7.14e-02 2.42e-02h  1
  28  6.6388363e+05 1.28e+01 1.39e+02  -6.0 1.58e+02    -  1.19e-01 6.74e-02h  1
  29  6.7323800e+05 1.18e+01 1.07e+02  -6.0 1.73e+02    -  1.85e-01 7.83e-02h  1
iter    objective    inf_pr   inf_du lg(mu)  ||d||  lg(rg) alpha_du alpha_pr  ls
  30  6.7918681e+05 1.12e+01 1.02e+02  -6.0 1.60e+02    -  3.04e-01 5.33e-02h  1
  31  6.8324353e+05 1.08e+01 9.78e+01  -6.0 9.00e+01    -  1.39e-01 3.73e-02h  1
  32  6.8856094e+05 1.02e+01 9.30e+01  -6.0 8.78e+01    -  1.10e-06 4.98e-02h  1
  33  6.9182566e+05 9.91e+00 9.00e+01  -6.0 8.30e+01    -  9.16e-02 3.22e-02h  1
  34  6.9296174e+05 9.79e+00 8.90e+01  -6.0 8.15e+01    -  1.54e-03 1.14e-02h  1
  35  6.9649234e+05 9.44e+00 8.58e+01  -6.0 7.56e+01    -  4.46e-02 3.58e-02h  1
  36  6.9744439e+05 9.35e+00 8.50e+01  -6.0 7.94e+01    -  6.90e-02 9.96e-03h  1
  37  7.0021136e+05 9.08e+00 8.25e+01  -6.0 7.57e+01    -  1.71e-02 2.93e-02h  1
  38  7.0297237e+05 8.81e+00 8.01e+01  -6.0 7.73e+01    -  1.33e-01 2.97e-02h  1
  39  7.0585705e+05 8.53e+00 7.75e+01  -6.0 7.81e+01    -  3.92e-02 3.19e-02h  1
iter    objective    inf_pr   inf_du lg(mu)  ||d||  lg(rg) alpha_du alpha_pr  ls
  40  7.0597003e+05 8.52e+00 7.74e+01  -6.0 7.25e+01    -  1.80e-02 1.28e-03h  1
  41  7.1115069e+05 8.01e+00 7.29e+01  -6.0 7.19e+01    -  6.78e-02 5.91e-02h  1
  42  7.1122170e+05 8.01e+00 7.29e+01  -6.0 8.88e+01    -  5.70e-02 8.58e-04h  1
  43  7.1515837e+05 7.62e+00 6.94e+01  -6.0 1.19e+02    -  9.56e-03 4.80e-02h  1
  44  7.1663634e+05 7.48e+00 6.81e+01  -6.0 8.30e+01    -  2.36e-02 1.82e-02h  1
  45r 7.1663634e+05 7.48e+00 9.99e+02   0.4 0.00e+00    -  0.00e+00 2.98e-07R  5
  46r 7.1561464e+05 7.50e+00 9.99e+02   0.4 4.83e+05    -  5.81e-05 8.91e-07f  1
  47r 7.1535918e+05 7.22e+00 9.99e+02   0.4 1.26e+04    -  3.15e-04 2.54e-04f  1
  48r 7.1453266e+05 6.49e+00 9.98e+02   0.4 1.10e+04    -  3.79e-04 6.22e-04f  1
  49  7.1455459e+05 6.49e+00 2.88e+02  -6.0 6.42e+02    -  9.03e-04 3.13e-04h  1
iter    objective    inf_pr   inf_du lg(mu)  ||d||  lg(rg) alpha_du alpha_pr  ls
  50  7.1656547e+05 6.32e+00 2.83e+02  -6.0 1.73e+02    -  1.43e-02 2.53e-02h  1
  51  7.1659988e+05 6.32e+00 2.74e+02  -6.0 7.22e+01  -4.5 4.22e-02 4.35e-04h  1
  52  7.1673595e+05 6.31e+00 2.73e+02  -6.0 9.49e+01    -  4.00e-03 1.76e-03h  1
  53  7.1785179e+05 6.22e+00 2.72e+02  -6.0 8.86e+01    -  5.64e-06 1.39e-02h  1
  54r 7.1785179e+05 6.22e+00 9.99e+02   0.3 0.00e+00    -  0.00e+00 1.52e-08R  2
  55r 7.1682864e+05 6.24e+00 9.99e+02   0.3 2.73e+06    -  1.10e-05 1.57e-07f  1
  56r 7.1773351e+05 6.05e+00 9.99e+02   0.3 1.10e+04    -  9.65e-04 1.09e-04f  1
  57r 7.1618382e+05 7.47e+00 9.98e+02   0.3 1.23e+04    -  7.72e-04 1.46e-03f  1
  58r 7.1618382e+05 7.47e+00 9.99e+02   0.2 0.00e+00  -3.1 0.00e+00 4.47e-07R  4
  59r 7.1516399e+05 7.48e+00 9.99e+02   0.2 1.06e+05    -  1.30e-04 4.05e-06f  1
iter    objective    inf_pr   inf_du lg(mu)  ||d||  lg(rg) alpha_du alpha_pr  ls
  60r 7.1607739e+05 7.71e+00 9.98e+02   0.2 1.36e+04    -  1.13e-03 1.34e-04f  1
  61r 7.1607739e+05 7.71e+00 9.99e+02   0.2 0.00e+00  -1.8 0.00e+00 2.37e-07R  2
  62r 7.1505845e+05 7.72e+00 9.99e+02   0.2 2.13e+05    -  1.45e-04 2.02e-06f  1
  63r 7.1597058e+05 8.06e+00 9.98e+02   0.2 1.87e+04    -  1.29e-03 1.57e-04f  1
  64  7.1613457e+05 8.05e+00 9.17e+01  -6.0 2.74e+01  -1.4 3.73e-03 2.16e-03h  1
  65  7.1655415e+05 8.00e+00 9.07e+01  -6.0 4.80e+01  -2.3 1.33e-02 5.73e-03h  1
  66  7.1686716e+05 7.97e+00 9.02e+01  -6.0 3.71e+01  -1.9 6.32e-03 3.99e-03h  1
  67  7.1919511e+05 7.72e+00 8.87e+01  -6.0 6.62e+01  -2.9 1.08e-02 3.06e-02h  1
  68  7.1976997e+05 7.66e+00 8.49e+01  -6.0 8.18e+01  -3.4 5.77e-02 7.73e-03h  1
  69  7.2022298e+05 7.62e+00 8.24e+01  -6.0 8.58e+01  -3.4 3.82e-02 6.02e-03h  1
iter    objective    inf_pr   inf_du lg(mu)  ||d||  lg(rg) alpha_du alpha_pr  ls
  70  7.2217002e+05 7.42e+00 8.12e+01  -6.0 8.25e+01  -3.0 1.10e-02 2.55e-02h  1
  71  7.2233286e+05 7.41e+00 8.00e+01  -6.0 9.49e+01  -3.5 2.09e-02 2.20e-03h  1
  72  7.2313155e+05 7.33e+00 7.36e+01  -6.0 9.19e+01  -3.0 1.14e-01 1.07e-02h  1
  73  7.2313438e+05 7.33e+00 7.32e+01  -6.0 7.81e+01  -3.5 1.07e-02 3.96e-05h  1
  74  7.2504274e+05 7.13e+00 7.20e+01  -6.0 7.70e+01  -3.1 4.08e-03 2.62e-02h  1
  75  7.2722733e+05 6.93e+00 7.12e+01  -6.0 7.67e+01  -3.6 1.58e-03 2.85e-02h  1
  76r 7.2722733e+05 6.93e+00 9.99e+02   0.1 0.00e+00  -3.6 0.00e+00 4.75e-07R  5
  77r 7.2546801e+05 6.74e+00 9.99e+02   0.1 1.62e+06    -  7.86e-06 1.35e-06f  1
  78r 7.2718900e+05 7.03e+00 9.98e+02   0.1 2.89e+04    -  6.41e-04 1.03e-04f  1
  79r 7.2693583e+05 7.93e+00 9.98e+02   0.1 1.05e+04    -  3.71e-04 7.97e-04f  1
iter    objective    inf_pr   inf_du lg(mu)  ||d||  lg(rg) alpha_du alpha_pr  ls
  80  7.2693620e+05 7.93e+00 7.55e+01  -6.0 1.03e+03    -  2.16e-05 1.22e-05h  1
  81  7.2695216e+05 7.92e+00 7.54e+01  -6.0 4.01e+01  -1.9 1.93e-03 2.07e-04h  1
  82  7.2699582e+05 7.92e+00 7.53e+01  -6.0 4.22e+01  -1.4 2.71e-03 5.84e-04h  1
  83  7.2712260e+05 7.90e+00 7.51e+01  -6.0 2.42e+02    -  3.48e-03 1.84e-03h  3
  84  7.2712234e+05 7.90e+00 7.51e+01  -6.0 3.70e+03    -  2.17e-04 3.32e-05h  1
  85  7.2745147e+05 7.87e+00 7.39e+01  -6.0 1.73e+02    -  2.33e-02 4.66e-03h  2
  86  7.2789207e+05 7.82e+00 7.34e+01  -6.0 7.44e+01  -2.4 5.63e-03 6.02e-03h  1
  87  7.2868522e+05 7.74e+00 7.26e+01  -6.0 9.69e+01    -  1.21e-02 1.08e-02h  1
  88r 7.2868522e+05 7.74e+00 9.99e+02  -0.0 0.00e+00    -  0.00e+00 4.50e-07R  2
  89r 7.2799560e+05 7.64e+00 9.99e+02  -0.0 1.01e+06    -  2.49e-05 1.00e-06f  1
iter    objective    inf_pr   inf_du lg(mu)  ||d||  lg(rg) alpha_du alpha_pr  ls
  90r 7.2865875e+05 7.81e+00 9.97e+02  -0.0 1.49e+04    -  2.23e-03 1.02e-04f  1
  91r 7.2800628e+05 8.68e+00 9.95e+02  -0.0 7.00e+03    -  1.83e-03 3.26e-03f  1
  92r 7.2756578e+05 7.03e+00 9.94e+02  -0.0 3.40e+03    -  8.60e-04 5.32e-03f  1
  93r 7.2725023e+05 4.09e+00 9.79e+02  -0.0 4.72e+03    -  1.52e-02 7.01e-03f  1
  94r 7.2794622e+05 1.46e+00 9.54e+02  -0.0 3.67e+03    -  2.64e-02 1.43e-02f  1
  95r 7.3457709e+05 1.10e+00 9.45e+02  -0.0 3.98e+02    -  1.94e-02 3.11e-02f  1
  96r 7.4401386e+05 1.14e+00 8.41e+02  -0.0 5.02e+02    -  1.01e-01 2.81e-02f  1
  97r 7.4658751e+05 1.13e+00 7.19e+02  -0.0 5.58e+01    -  1.46e-01 7.97e-02f  1
  98r 7.4694690e+05 3.00e+00 4.95e+02  -0.0 7.02e+01    -  6.92e-01 1.02e-01f  1
  99r 7.6562126e+05 2.72e+00 4.33e+02  -0.0 5.05e+01    -  4.80e-01 5.79e-02f  1
iter    objective    inf_pr   inf_du lg(mu)  ||d||  lg(rg) alpha_du alpha_pr  ls
 100r 8.1552377e+05 2.74e+00 2.98e+02  -0.0 4.03e+01    -  4.07e-01 5.58e-01f  1
 101r 8.4372205e+05 2.26e+00 2.52e+02  -0.0 3.43e+01    -  1.00e+00 4.72e-01f  1
 102r 8.3544641e+05 1.77e+00 1.57e+02  -0.0 5.13e+00    -  1.00e+00 1.00e+00f  1
 103  8.3541395e+05 1.77e+00 7.33e+01  -6.0 1.17e+05    -  2.72e-06 4.59e-06f  1
 104  8.3413596e+05 1.76e+00 7.30e+01  -6.0 1.41e+01  -1.2 1.40e-06 6.72e-03f  1
 105  8.3358719e+05 1.75e+00 7.25e+01  -6.0 1.88e+01  -1.6 1.22e-02 2.61e-03f  1
 106  8.3085993e+05 1.72e+00 7.17e+01  -6.0 1.38e+01  -1.2 4.18e-03 1.50e-02f  1
 107  8.2957604e+05 1.71e+00 6.97e+01  -6.0 1.86e+01  -1.7 4.73e-02 6.60e-03f  1
 108  8.2717621e+05 1.69e+00 6.79e+01  -6.0 1.17e+01  -1.3 4.00e-02 1.54e-02f  1
 109  8.2420503e+05 1.64e+00 6.56e+01  -6.0 7.82e+00  -0.8 5.70e-02 2.54e-02f  1
iter    objective    inf_pr   inf_du lg(mu)  ||d||  lg(rg) alpha_du alpha_pr  ls
 110  8.2240950e+05 1.62e+00 6.41e+01  -6.0 1.35e+01  -1.3 3.33e-02 1.55e-02f  1
 111  8.2159792e+05 1.60e+00 6.18e+01  -6.0 8.09e+00  -0.9 1.37e-01 9.71e-03f  1
 112  8.2068169e+05 1.58e+00 6.04e+01  -6.0 1.63e+01  -1.4 4.63e-02 1.15e-02f  1
 113  8.2030915e+05 1.57e+00 5.90e+01  -6.0 9.68e+00  -0.9 1.63e-01 6.98e-03f  1
 114  8.1883777e+05 1.53e+00 5.72e+01  -6.0 2.09e+01  -1.4 6.10e-02 2.62e-02f  1
 115  8.1883592e+05 1.53e+00 6.73e+01  -6.0 1.18e+01  -1.0 1.60e-01 6.80e-05f  1
 116  8.1723369e+05 1.46e+00 1.24e+02  -6.0 2.84e+01  -1.5 8.41e-02 4.45e-02f  1
 117  8.1719776e+05 1.45e+00 1.24e+02  -6.0 1.46e+01  -1.0 9.77e-02 5.33e-03f  1
 118  8.1747749e+05 1.43e+00 1.24e+02  -6.0 7.96e+00  -0.6 3.10e-02 1.51e-02h  1
 119  8.1747835e+05 1.43e+00 1.24e+02  -6.0 1.43e+01  -1.1 4.67e-02 4.94e-04h  1
iter    objective    inf_pr   inf_du lg(mu)  ||d||  lg(rg) alpha_du alpha_pr  ls
 120  8.1775261e+05 1.41e+00 1.29e+02  -6.0 9.09e+00  -0.7 1.39e-01 1.73e-02h  1
 121  8.1776878e+05 1.40e+00 1.29e+02  -6.0 2.30e+01  -1.1 6.07e-02 4.54e-03h  2
 122  8.1829135e+05 1.37e+00 1.43e+02  -6.0 1.16e+01  -0.7 8.18e-02 1.99e-02h  1
 123  8.1934402e+05 1.34e+00 1.55e+02  -6.0 5.80e+00  -0.3 1.91e-01 2.38e-02h  1
 124  8.1934533e+05 1.34e+00 1.55e+02  -6.0 1.47e+01  -0.8 1.42e-01 3.21e-05h  1
 125  8.2136421e+05 1.30e+00 1.97e+02  -6.0 7.30e+00  -0.3 1.51e-01 3.24e-02h  1
 126  8.2242377e+05 1.27e+00 2.10e+02  -6.0 1.70e+01  -0.8 1.14e-01 2.05e-02h  2
 127  8.2416277e+05 1.24e+00 2.22e+02  -6.0 8.13e+00  -0.4 8.07e-02 2.43e-02h  1
 128  8.2621734e+05 1.21e+00 2.24e+02  -6.0 5.60e+00   0.0 2.52e-01 2.61e-02h  1
 129  8.2740600e+05 1.19e+00 2.24e+02  -6.0 8.68e+00  -0.4 1.09e-01 1.49e-02h  1
iter    objective    inf_pr   inf_du lg(mu)  ||d||  lg(rg) alpha_du alpha_pr  ls
 130  8.2942110e+05 1.16e+00 2.23e+02  -6.0 5.79e+00  -0.0 2.21e-01 2.31e-02h  1
 131  8.3019167e+05 1.15e+00 2.22e+02  -6.0 9.02e+00  -0.5 1.76e-01 9.59e-03h  1
 132  8.3358767e+05 1.11e+00 3.57e+02  -6.0 5.82e+00  -0.1 2.70e-01 3.82e-02h  1
 133  8.3434288e+05 1.09e+00 3.55e+02  -6.0 9.71e+00  -0.5 9.94e-02 9.98e-03h  3
 134  8.3792366e+05 1.05e+00 4.95e+02  -6.0 5.92e+00  -0.1 2.71e-01 4.17e-02h  1
 135  8.3799167e+05 1.05e+00 4.95e+02  -6.0 4.76e+00   0.3 9.17e-02 8.00e-04h  1
 136  8.4048652e+05 1.02e+00 5.35e+02  -6.0 6.10e+00  -0.2 2.52e-01 2.99e-02h  1
 137  8.4058045e+05 1.02e+00 5.35e+02  -6.0 4.79e+00   0.3 1.05e-01 1.12e-03h  1
 138  8.4350194e+05 9.79e-01 5.81e+02  -6.0 6.27e+00  -0.2 2.02e-01 3.63e-02h  2
 139  8.4831564e+05 9.23e-01 1.10e+03  -6.0 4.81e+00   0.2 1.98e-01 5.78e-02h  1
iter    objective    inf_pr   inf_du lg(mu)  ||d||  lg(rg) alpha_du alpha_pr  ls
 140  8.4889622e+05 9.15e-01 1.09e+03  -6.0 6.19e+00  -0.3 2.00e-01 7.97e-03h  1
 141  8.5315064e+05 8.66e-01 1.34e+03  -6.0 4.70e+00   0.2 2.52e-01 5.36e-02h  1
 142  8.5910751e+05 7.97e-01 2.94e+03  -6.0 3.88e+00   0.6 2.61e-01 7.99e-02h  1
 143  8.5913111e+05 7.97e-01 2.94e+03  -6.0 4.77e+00   0.1 3.37e-01 3.33e-04h  1
 144  8.5975557e+05 7.90e-01 2.91e+03  -6.0 4.22e+00   0.5 3.15e-01 8.64e-03h  1
 145  8.6141504e+05 7.71e-01 2.85e+03  -6.0 5.00e+00   0.1 2.98e-01 2.44e-02h  1
 146  8.6490027e+05 7.31e-01 2.70e+03  -6.0 4.41e+00   0.5 3.00e-01 5.17e-02h  2
 147  8.6777213e+05 6.98e-01 2.59e+03  -6.0 5.29e+00   0.0 3.53e-01 4.46e-02h  1
 148  8.6813236e+05 6.94e-01 2.58e+03  -6.0 4.45e+00   0.4 4.08e-01 5.68e-03h  1
 149  8.7084549e+05 6.64e-01 2.48e+03  -6.0 5.42e+00  -0.0 4.36e-01 4.41e-02h  1
iter    objective    inf_pr   inf_du lg(mu)  ||d||  lg(rg) alpha_du alpha_pr  ls
 150  8.7195469e+05 6.52e-01 2.44e+03  -6.0 4.39e+00   0.4 6.49e-01 1.79e-02h  1
 151  8.7202351e+05 6.51e-01 2.43e+03  -6.0 1.05e+01  -0.1 1.05e-01 1.38e-03h  1
 152  8.7462124e+05 6.18e-01 2.30e+03  -6.0 8.54e+00   0.3 3.14e-01 5.09e-02h  1
 153  8.7601959e+05 6.00e-01 2.24e+03  -6.0 1.11e+01  -0.2 6.79e-02 2.89e-02h  1
 154  8.7954869e+05 5.57e-01 2.07e+03  -6.0 9.37e+00   0.3 3.59e-01 7.09e-02h  1
 155  8.7955394e+05 5.57e-01 2.07e+03  -6.0 1.07e+01  -0.2 1.08e-01 1.31e-04h  1
 156  8.8099754e+05 5.39e-01 2.01e+03  -6.0 9.48e+00   0.2 5.08e-02 3.33e-02h  1
 157  8.8226103e+05 5.21e-01 1.95e+03  -6.0 1.04e+01  -0.3 2.17e-01 3.36e-02h  1
 158  8.8314325e+05 5.09e-01 1.91e+03  -6.0 9.19e+00   0.2 1.37e-01 2.28e-02h  2
 159  8.8374169e+05 5.00e-01 1.88e+03  -6.0 9.94e+00  -0.3 1.47e-01 1.80e-02h  1
iter    objective    inf_pr   inf_du lg(mu)  ||d||  lg(rg) alpha_du alpha_pr  ls
 160  8.8388402e+05 4.98e-01 1.87e+03  -6.0 8.87e+00   0.1 1.22e-01 3.74e-03h  1
 161  8.8453396e+05 4.88e-01 1.84e+03  -6.0 1.06e+01  -0.4 1.01e-01 2.00e-02h  1
 162  8.8598120e+05 4.69e-01 1.77e+03  -6.0 8.86e+00   0.1 1.03e-01 3.84e-02h  2
 163  8.8707025e+05 4.51e-01 1.72e+03  -6.0 1.13e+01  -0.4 1.45e-01 3.91e-02h  1
 164  8.8838303e+05 4.33e-01 1.66e+03  -6.0 7.97e+00   0.0 1.02e-01 3.85e-02h  1
 165  8.8940329e+05 4.14e-01 1.61e+03  -6.0 1.26e+01  -0.5 5.66e-02 4.51e-02h  2
 166  8.9003113e+05 4.05e-01 1.58e+03  -6.0 8.01e+00  -0.0 2.14e-01 2.13e-02h  1
 167  8.9067630e+05 3.92e-01 1.55e+03  -6.0 1.46e+01  -0.5 2.23e-05 3.30e-02h  1
 168  8.9076499e+05 3.90e-01 1.54e+03  -6.0 9.11e+00  -0.1 1.71e-01 3.22e-03h  1
 169  8.9235804e+05 3.54e-01 1.55e+03  -6.0 1.55e+01  -0.6 9.16e-05 9.24e-02h  1
iter    objective    inf_pr   inf_du lg(mu)  ||d||  lg(rg) alpha_du alpha_pr  ls
 170  8.9240534e+05 3.53e-01 1.54e+03  -6.0 9.57e+00  -0.1 3.74e-01 1.96e-03h  1
 171  8.9241673e+05 3.53e-01 1.54e+03  -6.0 4.90e+01  -0.6 1.80e-04 8.16e-04h  6
 172r 8.9241673e+05 3.53e-01 9.99e+02  -0.4 0.00e+00  -0.2 0.00e+00 3.31e-07R  5
 173r 8.9114956e+05 3.53e-01 9.99e+02  -0.4 4.67e+06    -  6.46e-06 1.22e-06f  1
 174r 8.9238757e+05 3.53e-01 9.98e+02  -0.4 5.65e+04    -  1.01e-03 1.02e-04f  1
 175r 8.9212345e+05 3.53e-01 9.95e+02  -0.4 5.92e+02    -  3.35e-03 2.02e-03f  1
 176r 8.9236366e+05 3.50e-01 9.75e+02  -0.4 2.99e+02    -  1.95e-02 6.12e-03f  1
 177r 8.9262211e+05 3.49e-01 9.42e+02  -0.4 3.85e+02    -  3.43e-02 4.03e-03f  1
 178r 8.9300785e+05 3.47e-01 9.16e+02  -0.4 1.43e+02    -  2.78e-02 1.11e-02f  1
 179r 8.9439373e+05 3.32e-01 8.99e+02  -0.4 5.14e+01    -  1.83e-02 6.04e-02f  1
iter    objective    inf_pr   inf_du lg(mu)  ||d||  lg(rg) alpha_du alpha_pr  ls
 180r 8.9609746e+05 2.97e-01 8.25e+02  -0.4 3.07e+01    -  8.26e-02 1.15e-01f  1
 181r 8.9815058e+05 1.95e-01 5.37e+02  -0.4 4.97e+01    -  3.49e-01 3.58e-01h  1
 182r 9.0510941e+05 1.56e-01 4.21e+02  -0.4 2.05e+01    -  2.16e-01 6.84e-01f  1
 183r 8.9616121e+05 1.86e-01 1.08e+02  -0.4 1.93e+01    -  7.42e-01 1.00e+00f  1
 184r 9.0862725e+05 2.19e-01 3.03e+01  -0.4 1.49e+01    -  7.20e-01 8.51e-01f  1
 185r 9.0780387e+05 2.85e-01 4.21e+01  -0.4 4.77e+00    -  1.00e+00 6.36e-01f  1
 186  9.0757012e+05 2.81e-01 4.75e+02  -6.0 9.70e+00  -0.7 1.91e-06 1.37e-02f  1
 187  9.0674501e+05 2.80e-01 4.73e+02  -6.0 7.34e+01  -1.6 3.89e-03 3.15e-03f  1
 188  9.0674481e+05 2.80e-01 4.73e+02  -6.0 2.85e+01  -1.2 1.29e-03 2.96e-06f  1
 189  9.0601188e+05 2.79e-01 4.70e+02  -6.0 8.61e+01  -1.7 9.51e-03 3.43e-03f  2
iter    objective    inf_pr   inf_du lg(mu)  ||d||  lg(rg) alpha_du alpha_pr  ls
 190  9.0542178e+05 2.77e-01 4.64e+02  -6.0 3.24e+01  -1.2 1.76e-02 7.86e-03f  1
 191  9.0474469e+05 2.76e-01 4.60e+02  -6.0 9.85e+01  -1.7 1.34e-02 3.00e-03f  2
 192  9.0406773e+05 2.75e-01 4.49e+02  -6.0 1.11e+02  -1.8 3.95e-02 2.69e-03f  1
 193  9.0361098e+05 2.75e-01 4.48e+02  -6.0 3.13e+02  -2.2 4.77e-03 6.46e-04f  3
 194  9.0351994e+05 2.75e-01 4.42e+02  -6.0 3.51e+02  -2.3 1.93e-02 1.15e-04f  5
 195  9.0346527e+05 2.75e-01 4.42e+02  -6.0 5.15e+03  -2.8 2.80e-04 1.01e-05f  4
 196  9.0341687e+05 2.75e-01 4.35e+02  -6.0 3.93e+02  -2.3 2.37e-02 5.45e-05f  6
 197  9.0340832e+05 2.75e-01 4.35e+02  -6.0 2.29e+04  -2.8 6.65e-05 4.32e-07f  6
 198  9.0067763e+05 2.74e-01 4.31e+02  -6.0 4.42e+02  -2.4 1.12e-02 2.77e-03f  1
 199  9.0047593e+05 2.74e-01 4.31e+02  -6.0 8.68e+03  -2.9 1.99e-04 2.32e-05f  1
iter    objective    inf_pr   inf_du lg(mu)  ||d||  lg(rg) alpha_du alpha_pr  ls
 200  8.9905113e+05 2.74e-01 4.27e+02  -6.0 4.82e+02  -2.5 1.13e-02 1.45e-03f  1
 201  8.9898519e+05 2.74e-01 4.27e+02  -6.0 9.65e+01  -2.0 6.63e-06 3.58e-04f  1
 202  8.9631016e+05 2.68e-01 4.11e+02  -6.0 7.00e+01  -1.6 5.21e-02 2.20e-02f  1
 203  8.9367119e+05 2.65e-01 4.08e+02  -6.0 1.97e+02  -2.1 4.90e-03 8.90e-03f  1
 204  8.9248491e+05 2.65e-01 3.97e+02  -6.0 5.01e+02  -2.6 3.24e-02 1.67e-03f  1
 205  8.8937755e+05 2.62e-01 3.87e+02  -6.0 1.75e+02  -2.1 3.09e-02 1.08e-02f  1
 206  8.8937749e+05 2.62e-01 3.73e+02  -6.0 1.56e+02  -2.6 3.91e-02 3.61e-07h  1
 207  8.8313820e+05 2.57e-01 3.70e+02  -6.0 1.43e+02  -2.2 3.09e-03 1.97e-02f  1
 208  8.8294165e+05 2.57e-01 3.65e+02  -6.0 3.29e+02  -2.7 1.49e-02 2.95e-04f  1
 209  8.8203648e+05 2.56e-01 3.40e+02  -6.0 1.31e+02  -2.2 7.94e-02 3.32e-03f  1
iter    objective    inf_pr   inf_du lg(mu)  ||d||  lg(rg) alpha_du alpha_pr  ls
 210  8.8140856e+05 2.56e-01 3.38e+02  -6.0 3.54e+02  -2.7 7.03e-03 1.03e-03f  1
 211  8.8140657e+05 2.56e-01 3.30e+02  -6.0 6.87e+01  -2.3 2.75e-02 2.13e-05f  1
 212  8.8107582e+05 2.56e-01 3.29e+02  -6.0 3.28e+02  -2.8 1.51e-03 6.11e-04f  1
 213  8.7933861e+05 2.54e-01 3.13e+02  -6.0 1.45e+02  -2.3 5.95e-02 6.82e-03f  1
 214  8.7766337e+05 2.53e-01 3.12e+02  -6.0 4.71e+02  -2.8 4.31e-03 3.60e-03f  1
 215  8.7632379e+05 2.52e-01 3.01e+02  -6.0 1.54e+02  -2.4 4.53e-02 5.49e-03f  1
 216  8.7341964e+05 2.44e-01 2.81e+02  -6.0 6.45e+01  -2.0 7.94e-02 2.85e-02f  1
 217  8.7313542e+05 2.42e-01 2.48e+02  -6.0 2.63e+01  -1.5 1.80e-01 8.55e-03f  1
 218  8.7264851e+05 2.41e-01 2.43e+02  -6.0 7.25e+01  -2.0 2.75e-02 5.02e-03f  1
 219  8.7100746e+05 2.31e-01 2.33e+02  -6.0 2.79e+01  -1.6 4.10e-02 4.24e-02f  1
iter    objective    inf_pr   inf_du lg(mu)  ||d||  lg(rg) alpha_du alpha_pr  ls
 220  8.7100673e+05 2.31e-01 2.31e+02  -6.0 7.82e+01  -2.1 1.02e-02 5.80e-06f  1
 221  8.6803045e+05 2.28e-01 2.29e+02  -6.0 2.35e+02  -2.5 8.99e-03 1.23e-02f  1
 222  8.6801454e+05 2.28e-01 2.18e+02  -6.0 9.42e+01  -2.1 7.14e-02 1.29e-04f  1
 223  8.6739638e+05 2.28e-01 2.17e+02  -6.0 2.35e+02  -2.6 6.07e-03 2.11e-03f  1
 224  8.6739146e+05 2.28e-01 2.20e+02  -6.0 1.15e+02  -2.2 7.93e-02 4.06e-05f  1
 225  8.6709033e+05 2.27e-01 2.24e+02  -6.0 3.27e+02  -2.6 2.28e-02 1.33e-03f  1
 226  8.6645317e+05 2.25e-01 2.25e+02  -6.0 1.03e+02  -2.2 3.68e-02 8.29e-03f  1
 227  8.6576834e+05 2.24e-01 2.25e+02  -6.0 2.91e+02  -2.7 1.76e-02 4.03e-03f  1
 228  8.6492336e+05 2.22e-01 2.25e+02  -6.0 1.15e+02  -2.3 3.50e-02 1.05e-02f  1
 229  8.6385235e+05 2.21e-01 2.23e+02  -6.0 2.59e+02  -2.7 4.27e-08 6.24e-03f  1
iter    objective    inf_pr   inf_du lg(mu)  ||d||  lg(rg) alpha_du alpha_pr  ls
 230  8.6382581e+05 2.21e-01 2.28e+02  -6.0 1.02e+02  -2.3 6.82e-02 2.94e-04f  1
 231  8.6347676e+05 2.20e-01 2.27e+02  -6.0 3.01e+02  -2.8 2.74e-03 1.65e-03f  1
 232  8.6322848e+05 2.20e-01 2.31e+02  -6.0 1.08e+02  -2.4 6.12e-02 2.57e-03f  1
 233  8.6319953e+05 2.20e-01 2.31e+02  -6.0 2.05e+02  -2.8 1.17e-02 3.51e-04f  1
 234  8.6267302e+05 2.18e-01 2.30e+02  -6.0 1.15e+02  -2.4 1.33e-02 7.12e-03f  1
 235  8.6175654e+05 2.17e-01 2.29e+02  -6.0 3.36e+02  -2.9 4.55e-03 3.91e-03f  1
 236  8.6175409e+05 2.17e-01 2.29e+02  -6.0 1.64e+02  -2.5 1.13e-03 2.37e-05f  1
 237  8.5954200e+05 2.15e-01 2.28e+02  -6.0 3.51e+02  -2.9 2.92e-02 8.81e-03f  1
 238  8.5895783e+05 2.14e-01 2.28e+02  -6.0 1.62e+02  -2.5 2.29e-02 4.67e-03f  1
 239  8.5859150e+05 2.14e-01 2.29e+02  -6.0 4.17e+02  -3.0 1.40e-02 1.33e-03f  1
iter    objective    inf_pr   inf_du lg(mu)  ||d||  lg(rg) alpha_du alpha_pr  ls
 240  8.5839224e+05 2.14e-01 2.31e+02  -6.0 1.69e+02  -2.6 7.97e-02 1.55e-03f  1
 241  8.5819419e+05 2.13e-01 2.31e+02  -6.0 3.88e+02  -3.0 1.49e-03 8.11e-04f  1
 242  8.5640686e+05 2.10e-01 2.30e+02  -6.0 2.33e+02  -2.6 2.67e-02 1.39e-02f  1
 243  8.5640447e+05 2.10e-01 2.32e+02  -6.0 4.33e+02  -3.1 1.21e-02 1.11e-05f  1
 244  8.5546105e+05 2.09e-01 2.31e+02  -6.0 2.62e+02  -2.7 1.77e-02 6.89e-03f  1
 245  8.5545706e+05 2.09e-01 2.38e+02  -6.0 4.00e+02  -3.2 3.60e-02 1.99e-05f  1
 246  8.5449612e+05 2.08e-01 2.37e+02  -6.0 3.08e+02  -2.7 9.87e-03 6.36e-03f  1
 247  8.5309281e+05 2.04e-01 2.33e+02  -6.0 1.25e+02  -2.3 2.79e-02 1.93e-02f  1
 248  8.5309100e+05 2.04e-01 2.37e+02  -6.0 2.66e+02  -2.8 2.74e-02 1.35e-05f  1
 249  8.5229477e+05 2.02e-01 2.35e+02  -6.0 1.43e+02  -2.3 1.93e-02 1.02e-02f  1
iter    objective    inf_pr   inf_du lg(mu)  ||d||  lg(rg) alpha_du alpha_pr  ls
 250  8.5042426e+05 1.99e-01 2.32e+02  -6.0 3.05e+02  -2.8 1.58e-02 1.26e-02f  1
 251  8.5042087e+05 1.99e-01 2.38e+02  -6.0 1.35e+02  -2.4 6.42e-02 4.48e-05f  1
 252  8.4944390e+05 1.98e-01 2.39e+02  -6.0 3.36e+02  -2.9 2.31e-02 6.19e-03f  1
 253  8.4875109e+05 1.96e-01 2.38e+02  -6.0 1.63e+02  -2.5 4.09e-02 8.72e-03f  1
 254  8.4787170e+05 1.95e-01 2.38e+02  -6.0 3.84e+02  -2.9 1.13e-02 5.12e-03f  1
 255  8.4732220e+05 1.94e-01 2.39e+02  -6.0 1.53e+02  -2.5 5.06e-02 7.00e-03f  1
 256  8.4662566e+05 1.93e-01 2.38e+02  -6.0 4.52e+02  -3.0 8.38e-03 3.57e-03f  1
 257  8.4518741e+05 1.90e-01 2.36e+02  -6.0 1.62e+02  -2.6 4.31e-02 1.71e-02f  1
 258  8.4518730e+05 1.90e-01 2.36e+02  -6.0 1.89e+02  -3.0 2.81e-03 3.07e-06h  1
 259  8.4484095e+05 1.87e-01 2.32e+02  -6.0 1.19e+02  -2.6 3.95e-02 1.39e-02f  1
iter    objective    inf_pr   inf_du lg(mu)  ||d||  lg(rg) alpha_du alpha_pr  ls
 260  8.4474294e+05 1.86e-01 2.31e+02  -6.0 1.63e+02  -3.1 1.39e-02 3.14e-03f  1
 261  8.4452230e+05 1.84e-01 2.24e+02  -6.0 6.84e+01  -2.7 6.47e-02 1.57e-02f  1
 262  8.4415076e+05 1.79e-01 2.17e+02  -6.0 8.04e+01  -3.1 5.60e-02 2.31e-02f  1
 263  8.4341985e+05 1.73e-01 2.09e+02  -6.0 7.53e+01  -2.7 4.08e-02 3.42e-02f  1
 264  8.4311193e+05 1.73e-01 2.09e+02  -6.0 3.97e+02  -3.2 5.13e-03 2.04e-03f  1
 265  8.4227853e+05 1.71e-01 2.10e+02  -6.0 1.81e+02  -2.8 2.67e-02 1.02e-02f  1
 266  8.4227843e+05 1.71e-01 2.15e+02  -6.0 7.63e+01  -3.2 3.27e-02 1.81e-06h  1
 267  8.4152376e+05 1.70e-01 2.13e+02  -6.0 1.23e+02  -2.8 2.53e-05 7.85e-03f  1
 268  8.4152375e+05 1.70e-01 2.48e+02  -6.0 5.35e+01  -2.4 3.16e-01 1.11e-07h  1
 269  8.3851562e+05 1.58e-01 2.24e+02  -6.0 4.84e+01  -2.9 8.69e-03 6.99e-02f  1
iter    objective    inf_pr   inf_du lg(mu)  ||d||  lg(rg) alpha_du alpha_pr  ls
 270  8.3851559e+05 1.58e-01 2.34e+02  -6.0 3.53e+01  -2.4 1.15e-01 8.18e-07h  1
 271  8.3552229e+05 1.42e-01 2.17e+02  -6.0 3.65e+01  -2.9 1.51e-01 9.80e-02f  1
 272  8.3552209e+05 1.42e-01 2.15e+02  -6.0 1.72e+01  -2.5 1.05e-01 1.95e-05h  1
 273  8.3372543e+05 1.32e-01 1.95e+02  -6.0 2.68e+01  -3.0 1.63e-02 6.97e-02f  1
 274  8.3253068e+05 1.24e-01 1.91e+02  -6.0 2.15e+01  -2.5 2.79e-01 5.90e-02f  1
 275  8.3061635e+05 1.10e-01 1.72e+02  -6.0 1.94e+01  -3.0 2.05e-01 1.13e-01f  1
 276  8.3051561e+05 1.09e-01 1.71e+02  -6.0 2.83e+01  -2.6 4.85e-02 8.20e-03f  1
 277  8.2967567e+05 1.00e-01 1.56e+02  -6.0 1.76e+01  -2.2 1.26e-01 8.08e-02f  1
 278  8.2962610e+05 9.98e-02 1.55e+02  -6.0 1.95e+01  -2.6 7.24e-02 5.07e-03f  1
 279  8.2885184e+05 9.08e-02 1.41e+02  -6.0 9.28e+00  -2.2 1.11e-01 9.04e-02f  1
iter    objective    inf_pr   inf_du lg(mu)  ||d||  lg(rg) alpha_du alpha_pr  ls
 280  8.2806891e+05 8.22e-02 1.27e+02  -6.0 1.97e+01  -2.7 1.05e-01 9.49e-02f  1
 281  8.2579412e+05 5.38e-02 8.69e+01  -6.0 9.29e+00  -2.3 2.76e-01 3.45e-01f  1
 282  8.2522151e+05 4.51e-02 7.25e+01  -6.0 3.76e+00  -1.8 5.60e-01 1.61e-01f  1
 283  8.2356886e+05 2.09e-02 9.59e+01  -6.0 8.55e+00  -2.3 2.17e-01 5.37e-01f  1
 284  8.2316514e+05 1.39e-02 7.24e+01  -6.0 3.30e+00  -1.9 8.19e-01 3.34e-01f  1
 285  8.2312059e+05 1.36e-02 7.08e+01  -6.0 8.09e+01    -  9.67e-02 2.32e-02f  1
 286  8.2304599e+05 1.30e-02 6.78e+01  -6.0 5.88e+01    -  1.36e-01 4.75e-02f  1
 287  8.2298989e+05 1.24e-02 6.52e+01  -6.0 4.41e+01    -  1.28e-01 4.30e-02f  1
 288  8.2294854e+05 1.23e-02 6.45e+01  -6.0 3.97e+02    -  9.82e-08 1.01e-02f  1
 289  8.2289487e+05 1.14e-02 9.86e+02  -6.0 6.03e+00    -  2.27e-03 6.88e-02h  1
iter    objective    inf_pr   inf_du lg(mu)  ||d||  lg(rg) alpha_du alpha_pr  ls
 290  8.2285473e+05 1.14e-02 9.75e+02  -6.0 1.00e+03    -  3.40e-03 5.02e-03f  1
 291  8.2281244e+05 1.08e-02 9.37e+02  -6.0 1.36e+01    -  1.96e-01 5.38e-02h  1
 292  8.2271610e+05 9.03e-03 7.74e+02  -6.0 4.79e+00    -  1.82e-02 1.60e-01h  1
 293  8.2268025e+05 8.81e-03 7.56e+02  -6.0 1.71e+02    -  3.02e-04 2.44e-02h  1
 294  8.2267928e+05 8.80e-03 7.55e+02  -6.0 6.08e+01    -  5.09e-02 1.24e-03h  1
 295  8.2264888e+05 8.45e-03 7.25e+02  -6.0 5.74e+01    -  3.59e-02 4.01e-02h  1
 296  8.2264811e+05 8.43e-03 7.24e+02  -6.0 1.74e+01    -  2.43e-01 1.52e-03h  1
 297  8.2257136e+05 1.23e-02 6.15e+02  -6.0 1.74e+01    -  3.73e-01 1.53e-01h  1
 298  8.2256618e+05 1.21e-02 6.05e+02  -6.0 2.57e+00    -  8.21e-01 1.54e-02h  1
 299  8.2255273e+05 1.16e-02 5.81e+02  -6.0 2.25e+00    -  9.02e-01 4.06e-02h  1
iter    objective    inf_pr   inf_du lg(mu)  ||d||  lg(rg) alpha_du alpha_pr  ls
 300  8.2228301e+05 5.11e-03 8.54e+01  -6.0 2.30e+00    -  9.97e-01 8.51e-01h  1

Number of Iterations....: 300

                                   (scaled)                 (unscaled)
Objective...............:   9.2766584930286917e+03    8.2228300882206322e+05
Dual infeasibility......:   8.5449378474534470e+01    7.5742329079827350e+03
Constraint violation....:   1.7762552555344909e-03    5.1060197536523244e-03
Variable bound violation:   1.1214666528758244e-07    1.1214666528758244e-07
Complementarity.........:   9.1876338802223984e-02    8.1439186714291338e+00
Overall NLP error.......:   8.5449378474534470e+01    7.5742329079827350e+03


Number of objective function evaluations             = 384
Number of objective gradient evaluations             = 268
Number of equality constraint evaluations            = 384
Number of inequality constraint evaluations          = 384
Number of equality constraint Jacobian evaluations   = 308
Number of inequality constraint Jacobian evaluations = 308
Number of Lagrangian Hessian evaluations             = 300
Total seconds in IPOPT                               = 69.392

EXIT: Maximum Number of Iterations Exceeded.

