Solver command line: ['/opt/homebrew/bin/ipopt', '/var/folders/6y/bvynbx6n3zv7z3lwg6vd724r0000gn/T/tmpxqz9klxt.pyomo.nl', '-AMPL', 'tol=1e-06', 'max_iter=300', 'print_level=5']

Ipopt 3.14.19: tol=1e-06
max_iter=300
print_level=5


******************************************************************************
This program contains Ipopt, a library for large-scale nonlinear optimization.
 Ipopt is released as open source code under the Eclipse Public License (EPL).
         For more information visit https://github.com/coin-or/Ipopt
******************************************************************************

This is Ipopt version 3.14.19, running with linear solver MUMPS 5.6.2.

Number of nonzeros in equality constraint Jacobian...:    65471
Number of nonzeros in inequality constraint Jacobian.:    55904
Number of nonzeros in Lagrangian Hessian.............:    36439

Total number of variables............................:     8718
                     variables with only lower bounds:        0
                variables with lower and upper bounds:     8718
                     variables with only upper bounds:        0
Total number of equality constraints.................:     8041
Total number of inequality constraints...............:    13976
        inequality constraints with only lower bounds:        0
   inequality constraints with lower and upper bounds:        0
        inequality constraints with only upper bounds:    13976

iter    objective    inf_pr   inf_du lg(mu)  ||d||  lg(rg) alpha_du alpha_pr  ls
   0  6.8987483e+05 8.38e+00 1.00e+02  -1.0 0.00e+00    -  0.00e+00 0.00e+00   0
   1  6.4163421e+05 8.12e+00 9.69e+01  -1.0 2.82e+01    -  3.06e-02 3.14e-02f  1
   2  6.3281525e+05 7.89e+00 8.91e+01  -1.0 1.42e+01    -  1.00e-01 2.78e-02f  1
   3  6.3947619e+05 7.23e+00 6.88e+01  -1.0 1.05e+01    -  2.78e-01 8.46e-02h  1
   4  6.5465250e+05 6.33e+00 4.70e+01  -1.0 6.30e+00    -  4.09e-01 1.25e-01h  2
   5  6.6760799e+05 5.69e+00 3.08e+01  -1.0 5.95e+00    -  5.35e-01 1.01e-01h  3
   6  7.1561595e+05 3.54e+00 3.16e+01  -1.0 1.24e+01    -  4.84e-01 3.81e-01H  1
   7  7.2547413e+05 3.13e+00 2.73e+01  -1.0 3.08e+00    -  1.95e-01 1.16e-01h  1
   8  7.3090729e+05 2.92e+00 2.47e+01  -1.0 4.81e+00    -  1.32e-01 6.78e-02h  1
   9  7.3642743e+05 2.71e+00 1.91e+01  -1.0 5.25e+00    -  1.08e-01 7.19e-02h  1
iter    objective    inf_pr   inf_du lg(mu)  ||d||  lg(rg) alpha_du alpha_pr  ls
  10  7.4252637e+05 2.48e+00 1.77e+01  -1.0 4.37e+00    -  1.99e-01 8.42e-02h  1
  11  7.5294914e+05 2.11e+00 1.53e+01  -1.0 4.41e+00    -  1.50e-01 1.50e-01h  1
  12  7.5978843e+05 1.87e+00 1.37e+01  -1.0 3.91e+00    -  1.62e-01 1.13e-01h  1
  13  7.6892055e+05 1.56e+00 1.62e+01  -1.0 5.05e+00    -  2.21e-01 1.67e-01h  1
  14  7.7347981e+05 1.40e+00 1.47e+01  -1.0 3.14e+00    -  2.06e-01 9.97e-02h  1
  15  7.8053941e+05 1.17e+00 1.25e+01  -1.0 2.33e+00    -  2.06e-01 1.68e-01h  1
  16  7.8471278e+05 1.03e+00 1.10e+01  -1.0 2.62e+00    -  1.45e-01 1.18e-01h  1
  17  7.8890708e+05 8.94e-01 9.73e+00  -1.0 2.16e+00    -  1.48e-01 1.31e-01h  1
  18  7.9153379e+05 8.10e-01 8.83e+00  -1.0 2.31e+00    -  1.22e-01 9.46e-02h  1
  19  7.9353516e+05 7.46e-01 8.16e+00  -1.0 2.86e+00    -  8.10e-02 7.82e-02h  1
iter    objective    inf_pr   inf_du lg(mu)  ||d||  lg(rg) alpha_du alpha_pr  ls
  20  7.9459068e+05 7.11e-01 7.94e+00  -1.0 2.25e+00    -  3.29e-01 4.76e-02h  1
  21  7.9923342e+05 5.73e-01 6.27e+00  -1.0 1.43e+00    -  4.54e-02 1.94e-01h  1
  22  8.0318458e+05 4.53e-01 4.94e+00  -1.0 2.00e+00    -  1.12e-01 2.08e-01h  1
  23  8.0495732e+05 4.03e-01 4.40e+00  -1.0 1.47e+00    -  9.10e-02 1.10e-01h  1
  24  8.0702047e+05 3.57e-01 3.90e+00  -1.0 3.71e+00    -  9.66e-02 1.14e-01h  1
  25  8.0785879e+05 3.38e-01 4.52e+00  -1.0 3.12e+00    -  3.02e-01 5.29e-02h  1
  26  8.0895254e+05 3.14e-01 5.17e+00  -1.0 2.60e+00    -  1.82e-01 7.17e-02h  1
  27  8.0987192e+05 2.94e-01 1.54e+01  -1.0 3.60e+00    -  1.00e+00 6.43e-02h  1
  28  8.1077458e+05 2.66e-01 2.48e+01  -1.0 1.19e+00    -  2.61e-01 9.45e-02h  1
  29  8.2231275e+05 8.07e-02 1.65e+01  -1.0 1.30e+00    -  7.06e-03 6.87e-01h  1
iter    objective    inf_pr   inf_du lg(mu)  ||d||  lg(rg) alpha_du alpha_pr  ls
  30  8.2982043e+05 5.54e-03 1.02e+01  -1.0 1.29e+00    -  1.91e-01 1.00e+00h  1
  31  8.2977496e+05 2.79e-03 1.13e+00  -1.0 8.75e-01    -  1.00e+00 6.08e-01f  1
  32  8.2981324e+05 8.27e-06 4.88e-03  -1.0 6.56e-02    -  1.00e+00 1.00e+00h  1
  33  8.2654958e+05 6.58e-03 1.05e+01  -2.5 6.51e-01    -  8.44e-01 8.37e-01f  1
  34  8.2370419e+05 3.97e-02 5.99e+00  -2.5 9.43e-01    -  8.16e-01 7.06e-01f  1
  35  8.2338130e+05 3.45e-02 1.39e+01  -2.5 1.39e+00    -  1.00e+00 1.40e-01f  1
  36  8.2321734e+05 3.00e-02 9.68e+01  -2.5 1.35e+00    -  4.19e-01 1.43e-01f  1
  37  8.2256797e+05 2.10e-02 6.21e+01  -2.5 1.22e+00    -  1.76e-01 6.58e-01f  1
  38  8.2249211e+05 1.28e-02 5.58e+01  -2.5 7.31e-01    -  2.82e-01 4.06e-01h  1
  39  8.2244875e+05 6.73e-03 1.05e+01  -2.5 4.86e-01    -  7.52e-01 4.79e-01h  1
iter    objective    inf_pr   inf_du lg(mu)  ||d||  lg(rg) alpha_du alpha_pr  ls
  40  8.2240767e+05 2.18e-03 2.87e-02  -2.5 2.80e-01    -  1.00e+00 1.00e+00h  1
  41  8.2241599e+05 1.14e-04 5.38e-03  -2.5 1.08e-01    -  1.00e+00 1.00e+00h  1
  42  8.2235060e+05 2.95e-04 4.43e+01  -3.8 9.97e-01    -  7.74e-01 2.66e-01f  1
  43  8.2232051e+05 3.43e-04 5.31e+01  -3.8 2.13e+00    -  9.28e-01 2.00e-01f  1
  44  8.2229567e+05 3.90e-04 3.59e+01  -3.8 2.74e+00    -  7.52e-01 2.71e-01f  1
  45  8.2227726e+05 2.16e-04 3.61e+01  -3.8 1.94e+00    -  9.78e-01 3.89e-01h  1
  46  8.2225699e+05 1.89e-04 7.50e+00  -3.8 1.12e+00    -  1.00e+00 7.94e-01h  1
  47  8.2225285e+05 7.67e-06 6.95e-03  -3.8 1.74e-01    -  1.00e+00 1.00e+00h  1
  48  8.2225289e+05 6.38e-08 1.51e-06  -3.8 5.23e-03    -  1.00e+00 1.00e+00h  1
  49  8.2224866e+05 3.58e-05 4.13e-01  -5.7 8.93e-01    -  7.23e-01 7.66e-01f  1
iter    objective    inf_pr   inf_du lg(mu)  ||d||  lg(rg) alpha_du alpha_pr  ls
  50  8.2224749e+05 2.96e-05 7.00e-01  -5.7 5.89e-01    -  6.77e-01 9.02e-01h  1
  51  8.2224741e+05 1.24e-05 6.14e-02  -5.7 4.51e-01    -  9.02e-01 5.81e-01h  1
  52  8.2224735e+05 6.68e-06 5.66e-04  -5.7 2.67e-01    -  1.00e+00 1.00e+00f  1
  53  8.2224735e+05 2.34e-09 5.63e-09  -5.7 4.29e-02    -  1.00e+00 1.00e+00h  1
  54  8.2224729e+05 3.26e-07 2.17e-03  -7.0 6.31e-02    -  9.97e-01 9.79e-01f  1
  55  8.2224729e+05 1.62e-09 2.57e-07  -7.0 5.27e-03    -  1.00e+00 1.00e+00f  1

Number of Iterations....: 55

                                   (scaled)                 (unscaled)
Objective...............:   9.2762554996702347e+03    8.2224728749076952e+05
Dual infeasibility......:   2.5663754559289208e-07    2.2748352041353954e-05
Constraint violation....:   7.2617938432069659e-12    1.6190059293208492e-09
Variable bound violation:   1.2866364684782639e-07    1.2866364684782639e-07
Complementarity.........:   9.1285250396853921e-08    8.0915245951771306e-06
Overall NLP error.......:   2.5663754559289208e-07    2.2748352041353954e-05


Number of objective function evaluations             = 64
Number of objective gradient evaluations             = 56
Number of equality constraint evaluations            = 64
Number of inequality constraint evaluations          = 64
Number of equality constraint Jacobian evaluations   = 56
Number of inequality constraint Jacobian evaluations = 56
Number of Lagrangian Hessian evaluations             = 55
Total seconds in IPOPT                               = 11.892

EXIT: Optimal Solution Found.

