Solver command line: ['/opt/homebrew/bin/ipopt', '/var/folders/6y/bvynbx6n3zv7z3lwg6vd724r0000gn/T/tmpnr700thy.pyomo.nl', '-AMPL', 'tol=1e-06', 'max_iter=300', 'print_level=5', 'warm_start_init_point=yes', 'warm_start_bound_push=1e-06', 'warm_start_bound_frac=1e-06', 'warm_start_mult_bound_push=1e-06', 'mu_init=1e-06', 'least_square_init_duals=no']

Ipopt 3.14.19: tol=1e-06
max_iter=300
print_level=5
warm_start_init_point=yes
warm_start_bound_push=1e-06
warm_start_bound_frac=1e-06
warm_start_mult_bound_push=1e-06
mu_init=1e-06
least_square_init_duals=no


******************************************************************************
This program contains Ipopt, a library for large-scale nonlinear optimization.
 Ipopt is released as open source code under the Eclipse Public License (EPL).
         For more information visit https://github.com/coin-or/Ipopt
******************************************************************************

This is Ipopt version 3.14.19, running with linear solver MUMPS 5.6.2.

Number of nonzeros in equality constraint Jacobian...:    65471
Number of nonzeros in inequality constraint Jacobian.:    55904
Number of nonzeros in Lagrangian Hessian.............:    36439

Total number of variables............................:     8718
                     variables with only lower bounds:        0
                variables with lower and upper bounds:     8718
                     variables with only upper bounds:        0
Total number of equality constraints.................:     8041
Total number of inequality constraints...............:    13976
        inequality constraints with only lower bounds:        0
   inequality constraints with lower and upper bounds:        0
        inequality constraints with only upper bounds:    13976

iter    objective    inf_pr   inf_du lg(mu)  ||d||  lg(rg) alpha_du alpha_pr  ls
   0  8.2224698e+05 4.99e+00 3.99e+02  -6.0 0.00e+00    -  0.00e+00 0.00e+00   0
   1  8.2218358e+05 4.99e+00 3.99e+02  -6.0 2.97e+03    -  1.12e-04 1.12e-04f  1
   2  8.2217211e+05 4.99e+00 3.99e+02  -6.0 6.25e+03    -  1.01e-04 2.64e-05f  1
   3  8.2216606e+05 4.99e+00 3.99e+02  -6.0 5.23e+03    -  1.75e-04 3.95e-05f  1
   4  8.2216596e+05 4.99e+00 3.99e+02  -6.0 6.98e+00  -2.2 2.06e-02 1.89e-04h  1
   5  8.2216597e+05 4.95e+00 3.93e+02  -6.0 2.35e+00  -1.8 8.34e-01 7.24e-03h  1
   6  8.2216520e+05 4.94e+00 3.93e+02  -6.0 1.29e+03    -  3.08e-03 2.29e-03h  1
   7  8.2216495e+05 4.92e+00 3.91e+02  -6.0 5.41e+02    -  5.37e-03 3.19e-03h  1
   8  8.2216507e+05 4.89e+00 3.89e+02  -6.0 2.14e+02    -  2.06e-02 5.93e-03h  1
   9  8.2216603e+05 4.78e+00 3.80e+02  -6.0 5.16e+01    -  8.14e-02 2.27e-02h  1
iter    objective    inf_pr   inf_du lg(mu)  ||d||  lg(rg) alpha_du alpha_pr  ls
  10  8.2216976e+05 4.40e+00 3.50e+02  -6.0 5.84e+00    -  3.23e-01 7.98e-02h  1
  11  8.2217738e+05 3.66e+00 2.91e+02  -6.0 4.87e+00    -  2.86e-01 1.69e-01h  1
  12  8.2218033e+05 3.39e+00 2.70e+02  -6.0 4.04e+00    -  4.23e-01 7.22e-02h  1
  13  8.2218481e+05 3.01e+00 2.39e+02  -6.0 3.75e+00    -  6.91e-01 1.15e-01h  1
  14  8.2218627e+05 2.89e+00 2.29e+02  -6.0 3.31e+00    -  7.17e-01 4.00e-02h  1
  15  8.2219656e+05 2.06e+00 1.64e+02  -6.0 3.06e+00    -  3.06e-03 2.87e-01h  1
  16  8.2219972e+05 1.83e+00 1.46e+02  -6.0 2.33e+00    -  9.62e-01 1.09e-01h  1
  17  8.2220104e+05 1.74e+00 1.39e+02  -6.0 2.46e+00    -  2.26e-02 4.88e-02h  1
  18  8.2220115e+05 1.74e+00 1.38e+02  -6.0 2.07e+00    -  1.11e-01 4.39e-03h  1
  19  8.2220453e+05 1.51e+00 1.21e+02  -6.0 2.14e+00    -  5.83e-01 1.29e-01h  1
iter    objective    inf_pr   inf_du lg(mu)  ||d||  lg(rg) alpha_du alpha_pr  ls
  20  8.2220799e+05 1.30e+00 1.04e+02  -6.0 1.93e+00    -  1.73e-01 1.38e-01h  1
  21  8.2221150e+05 1.11e+00 8.91e+01  -6.0 1.67e+00    -  4.03e-01 1.48e-01h  1
  22  8.2221322e+05 1.02e+00 8.29e+01  -6.0 1.40e+00    -  1.00e+00 7.75e-02h  1
  23  8.2221659e+05 8.60e-01 7.00e+01  -6.0 1.32e+00    -  5.97e-01 1.60e-01h  1
  24  8.2222172e+05 6.30e-01 5.16e+01  -6.0 1.10e+00    -  1.00e+00 2.67e-01h  1
  25  8.2222183e+05 6.26e-01 5.15e+01  -6.0 3.28e-01    -  2.06e-01 7.30e-03h  1
  26  8.2222437e+05 5.24e-01 4.34e+01  -6.0 3.38e-01    -  3.85e-01 1.62e-01h  1
  27  8.2222845e+05 3.82e-01 3.19e+01  -6.0 2.78e-01    -  5.51e-01 2.72e-01h  1
  28  8.2223311e+05 2.49e-01 3.25e+01  -6.0 3.98e-01    -  4.98e-02 3.48e-01h  1
  29  8.2223422e+05 2.24e-01 1.85e+01  -6.0 1.30e-01    -  1.00e+00 1.01e-01h  1
iter    objective    inf_pr   inf_du lg(mu)  ||d||  lg(rg) alpha_du alpha_pr  ls
  30  8.2224546e+05 1.42e-03 1.86e+01  -6.0 2.15e-01    -  3.85e-01 1.00e+00h  1
  31  8.2224732e+05 1.63e-08 8.75e-07  -6.0 8.13e-03    -  1.00e+00 1.00e+00h  1
  32  8.2224729e+05 1.00e-07 4.70e-05  -7.0 3.43e-02    -  1.00e+00 1.00e+00h  1
  33  8.2224729e+05 5.69e-11 1.07e-09  -7.0 9.24e-04    -  1.00e+00 1.00e+00h  1

Number of Iterations....: 33

                                   (scaled)                 (unscaled)
Objective...............:   9.2762554996728486e+03    8.2224728749100131e+05
Dual infeasibility......:   1.0716719167067414e-09    9.4992998696885559e-08
Constraint violation....:   2.5520065215405883e-13    5.6896598543687566e-11
Variable bound violation:   1.2866364684782639e-07    1.2866364684782639e-07
Complementarity.........:   9.0933517913241854e-08    8.0603470278297570e-06
Overall NLP error.......:   9.0933517913241854e-08    8.0603470278297570e-06


Number of objective function evaluations             = 34
Number of objective gradient evaluations             = 34
Number of equality constraint evaluations            = 34
Number of inequality constraint evaluations          = 35
Number of equality constraint Jacobian evaluations   = 34
Number of inequality constraint Jacobian evaluations = 34
Number of Lagrangian Hessian evaluations             = 33
Total seconds in IPOPT                               = 5.793

EXIT: Optimal Solution Found.

