Solver command line: ['/opt/homebrew/bin/ipopt', '/var/folders/6y/bvynbx6n3zv7z3lwg6vd724r0000gn/T/tmp8rmy3lsb.pyomo.nl', '-AMPL', 'tol=1e-06', 'max_iter=300', 'print_level=5', 'warm_start_init_point=yes', 'warm_start_bound_push=1e-06', 'warm_start_bound_frac=1e-06', 'warm_start_mult_bound_push=1e-06', 'mu_init=1e-06', 'least_square_init_duals=no']

Ipopt 3.14.19: tol=1e-06
max_iter=300
print_level=5
warm_start_init_point=yes
warm_start_bound_push=1e-06
warm_start_bound_frac=1e-06
warm_start_mult_bound_push=1e-06
mu_init=1e-06
least_square_init_duals=no


******************************************************************************
This program contains Ipopt, a library for large-scale nonlinear optimization.
 Ipopt is released as open source code under the Eclipse Public License (EPL).
         For more information visit https://github.com/coin-or/Ipopt
******************************************************************************

This is Ipopt version 3.14.19, running with linear solver MUMPS 5.6.2.

Number of nonzeros in equality constraint Jacobian...:    65471
Number of nonzeros in inequality constraint Jacobian.:    55904
Number of nonzeros in Lagrangian Hessian.............:    36439

Total number of variables............................:     8718
                     variables with only lower bounds:        0
                variables with lower and upper bounds:     8718
                     variables with only upper bounds:        0
Total number of equality constraints.................:     8041
Total number of inequality constraints...............:    13976
        inequality constraints with only lower bounds:        0
   inequality constraints with lower and upper bounds:        0
        inequality constraints with only upper bounds:    13976

iter    objective    inf_pr   inf_du lg(mu)  ||d||  lg(rg) alpha_du alpha_pr  ls
   0  6.8987483e+05 1.02e+01 3.60e+02  -6.0 0.00e+00    -  0.00e+00 0.00e+00   0
   1  6.7459182e+05 1.02e+01 3.60e+02  -6.0 1.19e+03    -  3.64e-04 3.65e-04f  1
   2  6.6510635e+05 1.02e+01 3.60e+02  -6.0 6.63e+02    -  1.66e-03 3.61e-04f  1
   3  6.4910326e+05 1.02e+01 3.60e+02  -6.0 2.14e+02    -  3.83e-03 1.43e-03f  1
   4  6.3144433e+05 1.02e+01 3.59e+02  -6.0 2.46e+02    -  3.06e-03 2.27e-03f  1
   5  6.2901182e+05 1.02e+01 3.59e+02  -6.0 1.57e+02    -  5.39e-03 6.63e-04f  1
   6  6.2462763e+05 1.01e+01 3.58e+02  -6.0 1.18e+02    -  1.89e-02 2.59e-03f  1
   7  6.1930229e+05 1.01e+01 3.54e+02  -6.0 4.64e+01    -  1.30e-02 9.14e-03f  1
   8  6.1759025e+05 1.00e+01 3.53e+02  -6.0 3.99e+01    -  8.42e-03 4.49e-03f  1
   9  6.1638749e+05 9.96e+00 3.51e+02  -6.0 2.83e+01    -  2.32e-02 5.31e-03f  1
iter    objective    inf_pr   inf_du lg(mu)  ||d||  lg(rg) alpha_du alpha_pr  ls
  10  6.1613278e+05 9.85e+00 3.47e+02  -6.0 2.81e+01    -  3.38e-02 1.09e-02f  1
  11  6.1666385e+05 9.69e+00 3.41e+02  -6.0 2.80e+01    -  2.64e-02 1.64e-02h  1
  12  6.1730917e+05 9.57e+00 3.37e+02  -6.0 2.89e+01    -  2.70e-02 1.23e-02h  1
  13  6.1809312e+05 9.44e+00 3.33e+02  -6.0 2.91e+01    -  8.34e-03 1.27e-02h  1
  14  6.1844681e+05 9.39e+00 3.31e+02  -6.0 2.93e+01    -  2.05e-02 5.54e-03h  1
  15  6.1930953e+05 9.28e+00 3.27e+02  -6.0 2.88e+01    -  2.60e-02 1.21e-02h  1
  16  6.2018461e+05 9.18e+00 3.23e+02  -6.0 2.80e+01    -  1.85e-02 1.08e-02h  1
  17  6.2233923e+05 8.93e+00 3.15e+02  -6.0 2.70e+01    -  2.63e-02 2.66e-02h  1
  18  6.2265329e+05 8.90e+00 3.14e+02  -6.0 2.00e+01    -  4.29e-02 3.20e-03h  1
  19  6.2431041e+05 8.77e+00 3.09e+02  -6.0 1.27e+01    -  1.04e-02 1.47e-02h  1
iter    objective    inf_pr   inf_du lg(mu)  ||d||  lg(rg) alpha_du alpha_pr  ls
  20  6.2631326e+05 8.63e+00 3.04e+02  -6.0 1.25e+01    -  9.33e-02 1.65e-02h  1
  21  6.3308258e+05 8.19e+00 2.89e+02  -6.0 1.49e+01    -  3.11e-02 4.98e-02h  1
  22  6.3631743e+05 8.00e+00 2.82e+02  -6.0 1.91e+01    -  4.49e-02 2.42e-02h  1
  23  6.3965452e+05 7.79e+00 2.75e+02  -6.0 2.09e+01    -  1.30e-01 2.53e-02h  1
  24  6.4291336e+05 7.60e+00 2.68e+02  -6.0 1.93e+01    -  4.90e-02 2.46e-02h  1
  25  6.4709052e+05 7.36e+00 2.59e+02  -6.0 1.39e+01    -  7.98e-02 3.13e-02h  1
  26  6.5705159e+05 6.79e+00 2.39e+02  -6.0 1.09e+01    -  1.05e-01 7.64e-02h  1
  27  6.6247022e+05 6.50e+00 2.29e+02  -6.0 7.69e+00    -  2.40e-02 4.36e-02h  1
  28  6.6307737e+05 6.46e+00 2.28e+02  -6.0 1.07e+01    -  2.28e-01 5.03e-03h  1
  29  6.6791318e+05 6.21e+00 2.18e+02  -6.0 1.12e+01    -  5.42e-02 3.96e-02h  1
iter    objective    inf_pr   inf_du lg(mu)  ||d||  lg(rg) alpha_du alpha_pr  ls
  30  6.8027933e+05 5.55e+00 1.95e+02  -6.0 9.94e+00    -  1.59e-01 1.04e-01h  1
  31  6.8189113e+05 5.47e+00 1.92e+02  -6.0 5.34e+00    -  4.24e-02 1.49e-02h  1
  32  6.8752236e+05 5.18e+00 1.82e+02  -6.0 6.79e+00    -  8.51e-02 5.23e-02h  1
  33  6.9349686e+05 4.89e+00 1.71e+02  -6.0 8.13e+00    -  5.91e-02 5.74e-02h  1
  34  6.9557253e+05 4.78e+00 1.50e+02  -6.0 1.02e+01    -  1.14e-01 2.10e-02h  1
  35  7.0074247e+05 4.53e+00 1.50e+02  -6.0 1.00e+01    -  1.25e-06 5.28e-02h  1
  36r 7.0074247e+05 4.53e+00 9.99e+02   0.2 0.00e+00    -  0.00e+00 3.79e-07R  3
  37r 7.0018497e+05 4.53e+00 9.99e+02   0.2 9.16e+05    -  6.96e-06 5.78e-07f  1
  38r 7.0112573e+05 4.22e+00 9.99e+02   0.2 5.17e+03    -  4.78e-04 1.03e-04f  1
  39r 7.0402792e+05 1.81e+00 9.98e+02   0.2 1.19e+03    -  8.48e-04 1.05e-03f  1
iter    objective    inf_pr   inf_du lg(mu)  ||d||  lg(rg) alpha_du alpha_pr  ls
  40  7.0403219e+05 1.81e+00 5.26e+01  -6.0 4.47e+00   0.0 9.48e-03 4.74e-05h  1
  41  7.0428720e+05 1.81e+00 5.14e+01  -6.0 4.72e+00  -0.5 4.47e-02 2.83e-03h  1
  42  7.0679535e+05 1.76e+00 5.06e+01  -6.0 9.50e+00  -1.0 2.63e-03 2.76e-02h  1
  43  7.0715903e+05 1.75e+00 4.98e+01  -6.0 4.03e+01    -  2.79e-02 4.26e-03h  1
  44  7.0842694e+05 1.72e+00 4.89e+01  -6.0 1.29e+01  -1.4 2.10e-02 1.44e-02h  1
  45  7.0969557e+05 1.70e+00 4.80e+01  -6.0 3.65e+01    -  2.04e-02 1.51e-02h  1
  46  7.1146979e+05 1.66e+00 4.64e+01  -6.0 2.74e+01    -  4.52e-02 2.10e-02h  1
  47  7.1266122e+05 1.64e+00 4.33e+01  -6.0 3.47e+01    -  1.24e-01 1.41e-02h  1
  48  7.1478863e+05 1.60e+00 4.21e+01  -6.0 3.31e+01  -1.9 3.14e-02 2.55e-02h  1
  49  7.1617944e+05 1.57e+00 4.17e+01  -6.0 8.97e+01    -  4.81e-04 1.71e-02h  1
iter    objective    inf_pr   inf_du lg(mu)  ||d||  lg(rg) alpha_du alpha_pr  ls
  50r 7.1617944e+05 1.57e+00 9.99e+02  -0.2 0.00e+00    -  0.00e+00 3.86e-07R  2
  51r 7.1512926e+05 1.66e+00 9.99e+02  -0.2 2.98e+05    -  6.49e-06 1.78e-06f  1
  52r 7.1638264e+05 1.54e+00 9.97e+02  -0.2 5.22e+03    -  2.21e-03 1.02e-04f  1
  53  7.1638411e+05 1.54e+00 4.54e+01  -6.0 1.99e+01    -  3.45e-03 1.85e-05h  1
  54  7.1639903e+05 1.54e+00 4.52e+01  -6.0 1.55e+01  -1.1 9.52e-03 1.86e-04h  1
  55  7.1784649e+05 1.51e+00 4.48e+01  -6.0 3.59e+01    -  1.96e-05 1.84e-02h  1
  56  7.1785861e+05 1.51e+00 4.33e+01  -6.0 3.57e+01    -  7.84e-02 1.55e-04h  1
  57  7.1795155e+05 1.51e+00 4.31e+01  -6.0 1.53e+01    -  1.68e-02 1.19e-03h  1
  58  7.1897028e+05 1.49e+00 4.28e+01  -6.0 3.32e+01    -  1.24e-04 1.29e-02h  1
  59r 7.1897028e+05 1.49e+00 9.99e+02  -0.3 0.00e+00    -  0.00e+00 8.46e-08R  2
iter    objective    inf_pr   inf_du lg(mu)  ||d||  lg(rg) alpha_du alpha_pr  ls
  60r 7.1806737e+05 1.57e+00 9.99e+02  -0.3 2.30e+05    -  2.99e-05 1.87e-06f  1
  61r 7.1924059e+05 1.35e+00 9.97e+02  -0.3 4.11e+03    -  2.21e-03 1.05e-04f  1
  62r 7.1924059e+05 1.35e+00 9.99e+02  -0.3 0.00e+00    -  0.00e+00 4.11e-07R  4
  63r 7.1783986e+05 1.44e+00 9.98e+02  -0.3 8.59e+03    -  6.34e-04 8.85e-05f  1
  64r 7.2056146e+05 1.27e+00 9.98e+02  -0.3 1.19e+03    -  9.51e-04 6.41e-04f  1
  65  7.2062559e+05 1.27e+00 4.41e+01  -6.0 3.48e+01    -  1.38e-01 8.37e-04h  1
  66  7.2098498e+05 1.26e+00 4.58e+01  -6.0 6.94e+00  -1.2 1.94e-02 4.64e-03h  1
  67  7.2353450e+05 1.22e+00 4.25e+01  -6.0 2.11e+01  -1.6 4.15e-03 3.28e-02h  1
  68  7.2357437e+05 1.22e+00 4.32e+01  -6.0 2.61e+01  -2.1 1.24e-02 5.34e-04h  1
  69  7.2462434e+05 1.20e+00 4.88e+01  -6.0 2.97e+01  -2.2 1.35e-01 1.41e-02h  1
iter    objective    inf_pr   inf_du lg(mu)  ||d||  lg(rg) alpha_du alpha_pr  ls
  70  7.2609221e+05 1.18e+00 5.39e+01  -6.0 3.15e+01  -2.6 1.64e-01 1.99e-02h  1
  71r 7.2609221e+05 1.18e+00 9.99e+02  -0.6 0.00e+00    -  0.00e+00 3.40e-07R  5
  72r 7.2528265e+05 1.20e+00 9.98e+02  -0.6 2.06e+03    -  1.61e-03 3.68e-04f  1
  73  7.2549342e+05 1.19e+00 6.13e+01  -6.0 2.28e+01    -  4.05e-08 2.88e-03h  1
  74  7.2703212e+05 1.17e+00 6.43e+01  -6.0 3.27e+01    -  1.91e-01 2.12e-02h  1
  75r 7.2703212e+05 1.17e+00 9.99e+02  -0.8 0.00e+00    -  0.00e+00 1.76e-08R  2
  76r 7.2550802e+05 1.32e+00 1.00e+03  -0.8 3.59e+05    -  1.59e-05 2.12e-06f  1
  77r 7.2739516e+05 1.10e+00 1.00e+03  -0.8 5.66e+03    -  1.18e-03 1.16e-04f  1
  78r 7.2739516e+05 1.10e+00 9.99e+02  -0.8 0.00e+00    -  0.00e+00 4.83e-07R  4
  79r 7.2739083e+05 1.10e+00 1.00e+03  -0.8 1.63e+06    -  3.79e-06 1.05e-09f  2
iter    objective    inf_pr   inf_du lg(mu)  ||d||  lg(rg) alpha_du alpha_pr  ls
  80r 7.2752348e+05 1.42e+00 1.00e+03  -0.8 1.83e+03    -  1.34e-03 2.13e-04f  1
  81  7.2752758e+05 1.42e+00 8.22e+01  -6.0 7.83e+00  -0.5 2.02e-02 5.89e-05h  1
  82  7.2833138e+05 1.40e+00 8.18e+01  -6.0 1.35e+01  -1.0 4.04e-04 1.12e-02h  1
  83  7.2837353e+05 1.40e+00 8.03e+01  -6.0 2.27e+01  -1.5 2.95e-02 5.89e-04h  1
  84  7.2931746e+05 1.38e+00 7.93e+01  -6.0 1.85e+01  -1.9 1.25e-02 1.31e-02h  1
  85  7.3112186e+05 1.35e+00 7.85e+01  -6.0 2.40e+01  -2.0 2.66e-03 2.49e-02h  1
  86  7.3176854e+05 1.34e+00 7.31e+01  -6.0 2.67e+01  -2.0 1.01e-01 9.26e-03h  1
  87  7.3215806e+05 1.33e+00 7.23e+01  -6.0 2.09e+01  -2.1 1.43e-02 5.54e-03h  1
  88  7.3305402e+05 1.31e+00 7.18e+01  -6.0 1.89e+01  -0.8 1.94e-03 1.27e-02h  1
  89r 7.3305402e+05 1.31e+00 9.99e+02  -0.9 0.00e+00  -1.2 0.00e+00 1.74e-07R  2
iter    objective    inf_pr   inf_du lg(mu)  ||d||  lg(rg) alpha_du alpha_pr  ls
  90r 7.3239701e+05 1.39e+00 9.99e+02  -0.9 2.09e+04    -  9.98e-05 1.32e-05f  1
  91r 7.3316030e+05 1.38e+00 9.97e+02  -0.9 2.70e+03    -  2.09e-03 1.02e-04f  1
  92r 7.3424781e+05 3.62e+00 9.96e+02  -0.9 4.03e+02    -  9.40e-04 3.20e-03f  1
  93r 7.3482576e+05 6.01e+00 9.91e+02  -0.9 3.12e+02    -  4.49e-03 3.77e-03f  1
  94r 7.3612647e+05 6.81e+00 9.85e+02  -0.9 2.18e+02    -  6.53e-03 7.32e-03f  1
  95r 7.3693341e+05 1.26e+01 9.83e+02  -0.9 2.41e+02    -  2.65e-03 1.23e-02f  1
  96r 7.3847263e+05 1.79e+01 9.80e+02  -0.9 2.12e+02    -  3.54e-03 1.51e-02f  1
  97r 7.3993316e+05 1.63e+01 9.75e+02  -0.9 2.18e+02    -  4.43e-03 4.49e-03f  1
  98r 7.4114893e+05 1.70e+01 9.50e+02  -0.9 5.72e+01    -  2.58e-02 8.17e-03f  1
  99r 7.4330016e+05 1.72e+01 9.22e+02  -0.9 2.60e+01    -  4.16e-02 1.46e-02f  1
iter    objective    inf_pr   inf_du lg(mu)  ||d||  lg(rg) alpha_du alpha_pr  ls
 100r 7.4701054e+05 1.71e+01 8.99e+02  -0.9 1.89e+01    -  3.84e-02 2.51e-02f  1
 101r 7.5011631e+05 1.69e+01 8.81e+02  -0.9 9.01e+01    -  6.67e-02 6.38e-03f  1
 102r 7.5365905e+05 1.67e+01 8.53e+02  -0.9 1.92e+01    -  3.90e-02 2.44e-02f  1
 103r 7.5705540e+05 1.62e+01 7.84e+02  -0.9 7.12e+00    -  8.98e-02 5.49e-02f  1
 104r 7.6500693e+05 1.40e+01 7.31e+02  -0.9 2.00e+01    -  5.09e-02 7.86e-02f  1
 105r 7.6926639e+05 1.29e+01 6.47e+02  -0.9 7.23e+00    -  1.28e-01 1.05e-01f  1
 106r 7.7438062e+05 1.14e+01 5.82e+02  -0.9 9.20e+00    -  1.52e-01 1.00e-01f  1
 107r 7.8023097e+05 9.81e+00 5.29e+02  -0.9 8.29e+00    -  1.65e-01 9.00e-02f  1
 108r 7.8327857e+05 9.00e+00 4.98e+02  -0.9 6.79e+00    -  8.28e-02 5.76e-02f  1
 109r 7.8737277e+05 7.89e+00 4.46e+02  -0.9 5.08e+00    -  2.35e-01 1.03e-01f  1
iter    objective    inf_pr   inf_du lg(mu)  ||d||  lg(rg) alpha_du alpha_pr  ls
 110r 7.9099200e+05 6.85e+00 3.85e+02  -0.9 4.21e+00    -  2.18e-01 1.36e-01f  1
 111r 7.9584877e+05 5.71e+00 3.29e+02  -0.9 3.08e+00    -  1.16e-01 1.46e-01f  1
 112r 8.1759311e+05 2.92e+00 2.75e+02  -0.9 1.26e+01    -  1.20e-01 1.66e-01f  1
 113r 8.4001482e+05 5.56e-01 2.39e+02  -0.9 9.95e+00    -  6.73e-02 1.47e-01f  1
 114r 8.4607568e+05 4.04e-01 1.71e+02  -0.9 7.36e+00    -  1.95e-01 3.86e-02f  1
 115r 8.6580446e+05 5.85e-02 1.10e+02  -0.9 3.33e+00    -  3.01e-01 1.80e-01f  1
 116r 9.0261320e+05 2.88e-02 7.07e+01  -0.9 2.40e+00    -  3.92e-01 4.72e-01f  1
 117r 9.1644040e+05 2.85e-02 3.62e+01  -0.9 1.88e+00    -  4.12e-01 3.17e-01f  1
 118r 9.2564306e+05 3.10e-02 1.20e+01  -0.9 1.73e+00    -  1.00e+00 4.25e-01f  1
 119r 9.2697796e+05 4.09e-02 2.38e-01  -0.9 2.28e-01    -  1.00e+00 1.00e+00f  1
iter    objective    inf_pr   inf_du lg(mu)  ||d||  lg(rg) alpha_du alpha_pr  ls
 120  9.2696668e+05 4.09e-02 7.42e+01  -6.0 5.81e+03    -  1.03e-05 1.29e-05f  1
 121  9.2143718e+05 4.01e-02 7.28e+01  -6.0 6.06e+00  -0.4 2.16e-02 1.92e-02f  1
 122  9.1502094e+05 3.91e-02 7.00e+01  -6.0 5.25e+00  -0.4 5.83e-02 2.40e-02f  1
 123  9.1456265e+05 3.90e-02 6.88e+01  -6.0 1.64e+01  -0.9 3.26e-02 1.75e-03f  1
 124  9.1297823e+05 3.87e-02 6.51e+01  -6.0 5.09e+00  -0.5 1.21e-01 7.13e-03f  1
 125  9.1021136e+05 3.80e-02 6.18e+01  -6.0 3.09e+00  -0.1 2.40e-01 1.71e-02f  1
 126  9.0977271e+05 3.79e-02 6.03e+01  -6.0 5.62e+00  -0.5 1.11e-01 2.63e-03f  1
 127  9.0709312e+05 3.71e-02 5.91e+01  -6.0 3.00e+00  -0.1 1.94e-01 2.09e-02f  1
 128  9.0584977e+05 3.66e-02 6.18e+01  -6.0 1.87e+00   0.3 3.47e-01 1.38e-02f  1
 129  9.0399787e+05 3.59e-02 6.06e+01  -6.0 3.29e+00  -0.2 1.43e-01 1.59e-02f  1
iter    objective    inf_pr   inf_du lg(mu)  ||d||  lg(rg) alpha_du alpha_pr  ls
 130  8.9979349e+05 3.40e-02 5.90e+01  -6.0 1.91e+00   0.3 2.17e-01 5.08e-02f  1
 131  8.9888552e+05 3.37e-02 5.85e+01  -6.0 2.09e+01  -0.2 1.06e-02 7.30e-03f  1
 132  8.9838616e+05 3.35e-02 5.92e+01  -6.0 2.02e+00   0.2 2.53e-01 6.11e-03f  1
 133  8.9690316e+05 3.31e-02 5.80e+01  -6.0 9.50e+00  -0.3 4.14e-02 1.23e-02f  1
 134  8.9508616e+05 3.23e-02 5.72e+01  -6.0 2.19e+00   0.2 2.12e-01 2.23e-02f  1
 135  8.9351518e+05 3.18e-02 5.51e+01  -6.0 5.64e+00  -0.3 1.02e-01 1.39e-02f  1
 136  8.9215423e+05 3.12e-02 5.45e+01  -6.0 2.14e+00   0.1 2.66e-01 1.75e-02f  1
 137  8.9004384e+05 3.05e-02 5.24e+01  -6.0 3.95e+00  -0.4 1.00e-01 1.97e-02f  1
 138  8.8816654e+05 2.97e-02 5.13e+01  -6.0 2.27e+00   0.1 2.66e-01 2.47e-02f  1
 139  8.8789648e+05 2.96e-02 4.99e+01  -6.0 3.95e+00  -0.4 1.07e-01 2.68e-03f  1
iter    objective    inf_pr   inf_du lg(mu)  ||d||  lg(rg) alpha_du alpha_pr  ls
 140  8.8658149e+05 2.90e-02 4.91e+01  -6.0 2.37e+00  -0.0 1.52e-01 1.77e-02f  1
 141  8.8450129e+05 2.83e-02 5.01e+01  -6.0 4.02e+00  -0.5 1.21e-01 2.13e-02f  1
 142  8.8333802e+05 2.78e-02 5.35e+01  -6.0 2.42e+00  -0.1 2.06e-01 1.61e-02f  1
 143  8.8222695e+05 2.75e-02 5.99e+01  -6.0 4.02e+00  -0.5 9.11e-02 1.21e-02f  1
 144  8.8163486e+05 2.72e-02 6.64e+01  -6.0 2.47e+00  -0.1 2.28e-01 8.39e-03f  1
 145  8.7844532e+05 2.60e-02 6.90e+01  -6.0 4.11e+00  -0.6 8.42e-02 3.61e-02f  1
 146  8.7698613e+05 2.54e-02 7.75e+01  -6.0 2.52e+00  -0.2 2.43e-01 2.15e-02f  1
 147  8.7564720e+05 2.49e-02 8.89e+01  -6.0 3.98e+00  -0.6 1.31e-01 1.63e-02f  1
 148  8.7496845e+05 2.46e-02 9.55e+01  -6.0 2.52e+00  -0.2 1.56e-01 1.04e-02f  1
 149  8.7317194e+05 2.40e-02 1.04e+02  -6.0 3.89e+00  -0.7 1.22e-01 2.30e-02f  1
iter    objective    inf_pr   inf_du lg(mu)  ||d||  lg(rg) alpha_du alpha_pr  ls
 150  8.7173998e+05 2.34e-02 1.13e+02  -6.0 2.50e+00  -0.3 2.49e-01 2.28e-02f  1
 151  8.7058838e+05 2.31e-02 1.19e+02  -6.0 4.48e+00  -0.7 1.01e-01 1.58e-02f  1
 152  8.6918315e+05 2.25e-02 1.25e+02  -6.0 2.48e+00  -0.3 2.02e-01 2.33e-02f  1
 153  8.6817693e+05 2.22e-02 1.30e+02  -6.0 3.43e+00  -0.8 1.12e-01 1.48e-02f  1
 154  8.6401773e+05 2.03e-02 1.39e+02  -6.0 2.37e+00  -0.4 4.05e-01 7.28e-02f  1
 155  8.6356684e+05 2.02e-02 1.42e+02  -6.0 4.73e+00  -0.8 8.89e-02 7.50e-03f  1
 156  8.6229881e+05 1.97e-02 1.51e+02  -6.0 2.94e+00  -0.4 3.12e-01 2.44e-02f  1
 157  8.6123098e+05 1.93e-02 1.55e+02  -6.0 5.43e+00  -0.9 1.85e-01 1.92e-02f  1
 158  8.5813509e+05 1.80e-02 1.46e+02  -6.0 2.68e+00  -0.5 9.66e-02 6.46e-02f  1
 159  8.5749584e+05 1.77e-02 1.49e+02  -6.0 6.52e+00  -0.9 1.49e-01 1.28e-02f  1
iter    objective    inf_pr   inf_du lg(mu)  ||d||  lg(rg) alpha_du alpha_pr  ls
 160  8.5586541e+05 1.71e-02 1.44e+02  -6.0 3.61e+00  -0.5 4.03e-02 3.69e-02f  1
 161  8.5533476e+05 1.68e-02 1.43e+02  -6.0 3.41e+00  -1.0 6.59e-02 1.19e-02f  1
 162  8.5314637e+05 1.59e-02 1.44e+02  -6.0 3.80e+00  -0.6 2.70e-01 5.18e-02f  1
 163  8.5184738e+05 1.55e-02 1.41e+02  -6.0 7.10e+00  -1.0 7.07e-02 2.99e-02f  1
 164  8.5184712e+05 1.55e-02 1.44e+02  -6.0 1.41e+00  -0.6 1.10e-01 7.18e-06f  1
 165  8.5034836e+05 5.12e-02 1.40e+02  -6.0 2.21e+01  -1.1 1.81e-02 3.87e-02f  1
 166  8.4637842e+05 4.60e-02 1.40e+02  -6.0 1.48e+00  -0.7 6.69e-01 1.14e-01f  1
 167  8.4229818e+05 3.92e-02 1.25e+02  -6.0 9.20e-01  -0.2 4.22e-01 1.51e-01f  1
 168  8.3988837e+05 3.54e-02 1.12e+02  -6.0 1.33e+00  -0.7 7.95e-02 9.89e-02f  1
 169  8.3831068e+05 3.39e-02 1.09e+02  -6.0 5.53e+00  -1.2 2.86e-01 6.88e-02f  1
iter    objective    inf_pr   inf_du lg(mu)  ||d||  lg(rg) alpha_du alpha_pr  ls
 170  8.3487969e+05 2.86e-02 9.00e+01  -6.0 1.53e+00  -0.8 1.49e-01 1.70e-01f  1
 171  8.3358303e+05 2.63e-02 9.38e+01  -6.0 1.23e+00  -0.3 6.22e-01 7.97e-02f  1
 172  8.3201998e+05 2.37e-02 8.41e+01  -6.0 1.63e+00  -0.8 9.95e-02 1.02e-01f  1
 173  8.3084476e+05 2.16e-02 8.51e+01  -6.0 1.24e+00  -0.4 6.14e-01 8.88e-02f  1
 174  8.3003511e+05 2.01e-02 7.79e+01  -6.0 2.16e+00  -0.9 1.76e-02 6.69e-02f  1
 175  8.2982020e+05 1.97e-02 7.82e+01  -6.0 1.23e+00  -0.4 9.35e-02 1.95e-02f  1
 176  8.2924728e+05 1.88e-02 7.42e+01  -6.0 2.78e+00  -0.9 1.11e-02 4.93e-02f  1
 177  8.2899297e+05 1.83e-02 8.12e+01  -6.0 1.53e+00  -0.5 6.57e-01 2.43e-02f  1
 178  8.2696679e+05 2.66e-02 6.11e+01  -6.0 3.92e+00  -1.0 3.42e-02 2.08e-01f  1
 179  8.2696677e+05 2.66e-02 8.01e+01  -6.0 5.99e-01  -0.5 3.28e-01 2.96e-06h  1
iter    objective    inf_pr   inf_du lg(mu)  ||d||  lg(rg) alpha_du alpha_pr  ls
 180  8.2613763e+05 2.33e-02 7.79e+01  -6.0 1.45e+00  -1.0 2.72e-01 1.36e-01f  1
 181  8.2557704e+05 2.04e-02 7.31e+01  -6.0 4.76e-01  -0.6 5.02e-01 1.24e-01f  1
 182  8.2510609e+05 1.78e-02 6.17e+01  -6.0 6.77e-01  -1.1 7.41e-02 1.33e-01f  1
 183  8.2483737e+05 1.63e-02 6.57e+01  -6.0 2.26e+00  -1.6 3.69e-01 9.15e-02f  1
 184  8.2446201e+05 1.40e-02 5.48e+01  -6.0 7.94e+00  -2.0 1.21e-01 1.49e-01f  1
 185  8.2431707e+05 1.30e-02 6.45e+01  -6.0 7.27e+00  -2.5 4.96e-01 7.13e-02f  1
 186  8.2429116e+05 1.29e-02 6.32e+01  -6.0 1.58e+00  -3.0 2.55e-01 1.37e-02f  1
 187  8.2414840e+05 1.20e-02 5.71e+01  -6.0 2.68e+00  -3.5 1.92e-01 6.77e-02f  1
 188  8.2393409e+05 1.07e-02 4.35e+01  -6.0 2.17e+00  -3.9 6.34e-01 1.09e-01f  1
 189  8.2392375e+05 1.06e-02 4.28e+01  -6.0 6.87e+00  -4.4 3.50e-01 5.92e-03f  1
iter    objective    inf_pr   inf_du lg(mu)  ||d||  lg(rg) alpha_du alpha_pr  ls
 190  8.2373977e+05 9.52e-03 3.90e+01  -6.0 2.74e+01  -4.9 2.15e-01 1.06e-01f  1
 191  8.2372357e+05 9.42e-03 3.92e+01  -6.0 1.04e+02  -5.4 1.57e-01 1.04e-02f  1
 192  8.2356932e+05 8.48e-03 3.57e+01  -6.0 2.52e+01    -  1.71e-01 1.01e-01f  1
 193  8.2353466e+05 8.27e-03 4.03e+01  -6.0 4.44e+00    -  9.21e-01 2.52e-02f  1
 194  8.2340445e+05 7.47e-03 3.67e+01  -6.0 8.34e-01    -  1.00e+00 9.71e-02f  1
 195  8.2295827e+05 4.77e-03 2.22e+01  -6.0 7.56e-01    -  1.00e+00 3.70e-01f  1
 196  8.2260783e+05 2.28e-03 1.04e+01  -6.0 3.03e-01    -  3.32e-01 5.31e-01f  1
 197  8.2238399e+05 8.47e-04 6.77e+00  -6.0 2.57e-01    -  1.00e+00 6.33e-01f  1
 198  8.2227017e+05 1.43e-04 3.30e+00  -6.0 1.34e-01    -  1.00e+00 8.35e-01f  1
 199  8.2224733e+05 9.55e-07 3.36e-03  -6.0 2.55e-02    -  1.00e+00 1.00e+00h  1
iter    objective    inf_pr   inf_du lg(mu)  ||d||  lg(rg) alpha_du alpha_pr  ls
 200  8.2224732e+05 1.23e-11 1.30e-09  -6.0 6.00e-05    -  1.00e+00 1.00e+00h  1
 201  8.2224729e+05 1.00e-07 4.70e-05  -7.0 3.43e-02    -  1.00e+00 1.00e+00f  1
 202  8.2224729e+05 5.04e-11 9.76e-10  -7.0 9.24e-04    -  1.00e+00 1.00e+00h  1

Number of Iterations....: 202

                                   (scaled)                 (unscaled)
Objective...............:   9.2762554996728395e+03    8.2224728749100049e+05
Dual infeasibility......:   9.7645784462874353e-10    8.6553223347891833e-08
Constraint violation....:   2.4335947635807434e-13    5.0420292940778204e-11
Variable bound violation:   1.2866364684782639e-07    1.2866364684782639e-07
Complementarity.........:   9.0933516787067465e-08    8.0603469280056587e-06
Overall NLP error.......:   9.0933516787067465e-08    8.0603469280056587e-06


Number of objective function evaluations             = 229
Number of objective gradient evaluations             = 167
Number of equality constraint evaluations            = 229
Number of inequality constraint evaluations          = 229
Number of equality constraint Jacobian evaluations   = 211
Number of inequality constraint Jacobian evaluations = 211
Number of Lagrangian Hessian evaluations             = 202
Total seconds in IPOPT                               = 44.316

EXIT: Optimal Solution Found.

