Solver command line: ['/opt/homebrew/bin/ipopt', '/var/folders/6y/bvynbx6n3zv7z3lwg6vd724r0000gn/T/tmpq_7pw55a.pyomo.nl', '-AMPL', 'tol=1e-06', 'max_iter=300', 'print_level=5']

Ipopt 3.14.19: tol=1e-06
max_iter=300
print_level=5


******************************************************************************
This program contains Ipopt, a library for large-scale nonlinear optimization.
 Ipopt is released as open source code under the Eclipse Public License (EPL).
         For more information visit https://github.com/coin-or/Ipopt
******************************************************************************

This is Ipopt version 3.14.19, running with linear solver MUMPS 5.6.2.

Number of nonzeros in equality constraint Jacobian...:    65471
Number of nonzeros in inequality constraint Jacobian.:    55904
Number of nonzeros in Lagrangian Hessian.............:    36439

Total number of variables............................:     8718
                     variables with only lower bounds:        0
                variables with lower and upper bounds:     8718
                     variables with only upper bounds:        0
Total number of equality constraints.................:     8041
Total number of inequality constraints...............:    13976
        inequality constraints with only lower bounds:        0
   inequality constraints with lower and upper bounds:        0
        inequality constraints with only upper bounds:    13976

iter    objective    inf_pr   inf_du lg(mu)  ||d||  lg(rg) alpha_du alpha_pr  ls
   0  8.1921077e+05 4.99e+00 1.00e+02  -1.0 0.00e+00    -  0.00e+00 0.00e+00   0
   1  8.1742109e+05 4.87e+00 9.74e+01  -1.0 9.01e+00    -  2.87e-02 2.35e-02f  1
   2  8.1381147e+05 4.66e+00 9.44e+01  -1.0 1.40e+01    -  4.54e-03 4.43e-02f  1
   3  8.1358027e+05 4.38e+00 7.35e+01  -1.0 1.84e+00    -  6.93e-01 5.95e-02f  1
   4  8.1878083e+05 2.67e+00 3.78e+01  -1.0 1.77e+00    -  1.63e-01 3.95e-01f  1
   5  8.2200813e+05 1.90e+00 2.46e+01  -1.0 1.43e+00    -  9.49e-01 2.92e-01f  1
   6  8.2972203e+05 5.00e-02 2.20e+01  -1.0 1.48e+00    -  3.48e-01 1.00e+00h  1
   7  8.2980058e+05 5.99e-04 2.86e-02  -1.0 1.91e-01    -  1.00e+00 1.00e+00h  1
   8  8.2655189e+05 6.58e-03 1.04e+01  -2.5 6.52e-01    -  8.42e-01 8.35e-01f  1
   9  8.2370498e+05 3.96e-02 5.93e+00  -2.5 9.39e-01    -  8.15e-01 7.11e-01f  1
iter    objective    inf_pr   inf_du lg(mu)  ||d||  lg(rg) alpha_du alpha_pr  ls
  10  8.2338042e+05 3.44e-02 1.39e+01  -2.5 1.39e+00    -  1.00e+00 1.41e-01f  1
  11  8.2322200e+05 3.00e-02 9.82e+01  -2.5 1.35e+00    -  4.19e-01 1.38e-01f  1
  12  8.2256652e+05 2.14e-02 6.21e+01  -2.5 1.23e+00    -  1.77e-01 6.60e-01f  1
  13  8.2249130e+05 1.31e-02 5.58e+01  -2.5 7.31e-01    -  2.81e-01 4.05e-01h  1
  14  8.2244841e+05 6.88e-03 1.04e+01  -2.5 4.89e-01    -  7.49e-01 4.78e-01h  1
  15  8.2240766e+05 2.19e-03 2.86e-02  -2.5 2.80e-01    -  1.00e+00 1.00e+00h  1
  16  8.2241602e+05 1.16e-04 5.46e-03  -2.5 1.09e-01    -  1.00e+00 1.00e+00h  1
  17  8.2235036e+05 2.98e-04 4.43e+01  -3.8 9.97e-01    -  7.74e-01 2.67e-01f  1
  18  8.2232050e+05 3.44e-04 5.31e+01  -3.8 2.13e+00    -  9.29e-01 1.99e-01f  1
  19  8.2229565e+05 3.90e-04 3.58e+01  -3.8 2.74e+00    -  7.53e-01 2.71e-01f  1
iter    objective    inf_pr   inf_du lg(mu)  ||d||  lg(rg) alpha_du alpha_pr  ls
  20  8.2227723e+05 2.16e-04 3.61e+01  -3.8 1.94e+00    -  9.79e-01 3.90e-01h  1
  21  8.2225696e+05 1.89e-04 7.47e+00  -3.8 1.12e+00    -  1.00e+00 7.94e-01h  1
  22  8.2225285e+05 7.60e-06 6.89e-03  -3.8 1.73e-01    -  1.00e+00 1.00e+00h  1
  23  8.2225289e+05 6.33e-08 1.49e-06  -3.8 5.21e-03    -  1.00e+00 1.00e+00h  1
  24  8.2224866e+05 3.58e-05 4.13e-01  -5.7 8.93e-01    -  7.23e-01 7.66e-01f  1
  25  8.2224749e+05 2.96e-05 7.00e-01  -5.7 5.89e-01    -  6.77e-01 9.02e-01h  1
  26  8.2224741e+05 1.24e-05 6.14e-02  -5.7 4.51e-01    -  9.02e-01 5.81e-01h  1
  27  8.2224735e+05 6.68e-06 5.66e-04  -5.7 2.67e-01    -  1.00e+00 1.00e+00f  1
  28  8.2224735e+05 2.34e-09 5.62e-09  -5.7 4.29e-02    -  1.00e+00 1.00e+00h  1
  29  8.2224729e+05 3.26e-07 2.17e-03  -7.0 6.31e-02    -  9.97e-01 9.79e-01f  1
iter    objective    inf_pr   inf_du lg(mu)  ||d||  lg(rg) alpha_du alpha_pr  ls
  30  8.2224729e+05 1.62e-09 2.57e-07  -7.0 5.27e-03    -  1.00e+00 1.00e+00f  1

Number of Iterations....: 30

                                   (scaled)                 (unscaled)
Objective...............:   9.2762554996702202e+03    8.2224728749076824e+05
Dual infeasibility......:   2.5664552877788858e-07    2.2749059670872042e-05
Constraint violation....:   7.2571028762729590e-12    1.6179600853538645e-09
Variable bound violation:   1.2866364684782639e-07    1.2866364684782639e-07
Complementarity.........:   9.1285250621513238e-08    8.0915246150909328e-06
Overall NLP error.......:   2.5664552877788858e-07    2.2749059670872042e-05


Number of objective function evaluations             = 31
Number of objective gradient evaluations             = 31
Number of equality constraint evaluations            = 31
Number of inequality constraint evaluations          = 31
Number of equality constraint Jacobian evaluations   = 31
Number of inequality constraint Jacobian evaluations = 31
Number of Lagrangian Hessian evaluations             = 30
Total seconds in IPOPT                               = 6.744

EXIT: Optimal Solution Found.

