Solver command line: ['/opt/homebrew/bin/ipopt', '/var/folders/6y/bvynbx6n3zv7z3lwg6vd724r0000gn/T/tmp_iep8ttt.pyomo.nl', '-AMPL', 'tol=1e-06', 'max_iter=300', 'print_level=5', 'warm_start_init_point=yes', 'warm_start_bound_push=1e-06', 'warm_start_bound_frac=1e-06', 'warm_start_mult_bound_push=1e-06', 'mu_init=1e-06', 'least_square_init_duals=no']

Ipopt 3.14.19: tol=1e-06
max_iter=300
print_level=5
warm_start_init_point=yes
warm_start_bound_push=1e-06
warm_start_bound_frac=1e-06
warm_start_mult_bound_push=1e-06
mu_init=1e-06
least_square_init_duals=no


******************************************************************************
This program contains Ipopt, a library for large-scale nonlinear optimization.
 Ipopt is released as open source code under the Eclipse Public License (EPL).
         For more information visit https://github.com/coin-or/Ipopt
******************************************************************************

This is Ipopt version 3.14.19, running with linear solver MUMPS 5.6.2.

Number of nonzeros in equality constraint Jacobian...:    65471
Number of nonzeros in inequality constraint Jacobian.:    55904
Number of nonzeros in Lagrangian Hessian.............:    36439

Total number of variables............................:     8718
                     variables with only lower bounds:        0
                variables with lower and upper bounds:     8718
                     variables with only upper bounds:        0
Total number of equality constraints.................:     8041
Total number of inequality constraints...............:    13976
        inequality constraints with only lower bounds:        0
   inequality constraints with lower and upper bounds:        0
        inequality constraints with only upper bounds:    13976

iter    objective    inf_pr   inf_du lg(mu)  ||d||  lg(rg) alpha_du alpha_pr  ls
   0  8.2224698e+05 2.91e+01 3.60e+02  -6.0 0.00e+00    -  0.00e+00 0.00e+00   0
   1  8.2223662e+05 2.91e+01 3.60e+02  -6.0 2.35e+01    -  1.19e-03 1.61e-04h  1
   2  8.2216751e+05 2.91e+01 3.60e+02  -6.0 2.34e+01    -  8.80e-04 1.19e-03f  1
   3  8.2195323e+05 2.90e+01 3.58e+02  -6.0 2.37e+01    -  1.43e-03 3.72e-03f  1
   4  8.2150425e+05 2.87e+01 3.55e+02  -6.0 2.32e+01    -  2.33e-04 7.99e-03f  1
   5  8.2086136e+05 2.84e+01 3.51e+02  -6.0 2.20e+01    -  1.54e-03 1.21e-02f  1
   6  8.2048362e+05 2.82e+01 3.48e+02  -6.0 2.02e+01    -  2.67e-03 7.65e-03f  1
   7  8.2005562e+05 2.79e+01 3.45e+02  -6.0 2.01e+01    -  8.94e-04 8.99e-03f  1
   8  8.1883432e+05 2.71e+01 3.35e+02  -6.0 2.43e+01    -  7.78e-03 2.70e-02f  1
   9  8.1789494e+05 2.65e+01 3.27e+02  -6.0 3.40e+01    -  1.14e-03 2.40e-02f  1
iter    objective    inf_pr   inf_du lg(mu)  ||d||  lg(rg) alpha_du alpha_pr  ls
  10  8.1789431e+05 2.64e+01 3.12e+02  -6.0 3.88e+01    -  1.53e-02 1.80e-05h  1
  11  8.1740996e+05 2.61e+01 3.16e+02  -6.0 3.88e+01    -  4.72e-03 1.38e-02f  1
  12  8.1534488e+05 2.45e+01 3.18e+02  -6.0 4.43e+01    -  3.90e-02 6.10e-02f  1
  13  8.1534157e+05 2.45e+01 2.70e+02  -6.0 5.76e+01    -  7.22e-02 1.22e-04h  1
  14  8.1294153e+05 2.24e+01 2.23e+02  -6.0 5.77e+01    -  1.25e-01 8.83e-02f  1
  15  8.1251290e+05 2.19e+01 1.39e+02  -6.0 7.53e+01    -  2.28e-01 2.23e-02f  1
  16  8.1227455e+05 2.16e+01 1.37e+02  -6.0 7.85e+01    -  2.88e-01 1.36e-02f  1
  17  8.1212347e+05 2.14e+01 1.41e+02  -6.0 8.07e+01    -  5.61e-02 9.19e-03h  1
  18  8.1201356e+05 2.11e+01 1.36e+02  -6.0 8.26e+01    -  2.17e-08 1.15e-02h  1
  19  8.1199025e+05 2.11e+01 1.36e+02  -6.0 8.28e+01    -  2.51e-03 2.54e-03h  1
iter    objective    inf_pr   inf_du lg(mu)  ||d||  lg(rg) alpha_du alpha_pr  ls
  20  8.1194022e+05 2.09e+01 1.69e+02  -6.0 8.14e+01    -  2.90e-01 5.60e-03h  1
  21  8.1091118e+05 1.85e+01 1.40e+02  -6.0 8.23e+01    -  6.62e-03 1.18e-01f  1
  22  8.1090604e+05 1.85e+01 1.41e+02  -6.0 9.47e+01    -  3.57e-02 1.17e-03h  1
  23  8.1011086e+05 1.51e+01 1.07e+02  -6.0 9.49e+01    -  2.30e-02 1.82e-01h  1
  24  8.1015797e+05 1.24e+01 1.02e+02  -6.0 1.01e+02    -  1.12e-01 1.80e-01h  1
  25  8.1049436e+05 1.09e+01 9.18e+01  -6.0 9.80e+01    -  1.10e-01 1.22e-01h  1
  26  8.1065327e+05 1.04e+01 6.84e+01  -6.0 9.33e+01    -  3.61e-01 4.36e-02h  1
  27  8.1088278e+05 9.79e+00 6.43e+01  -6.0 9.08e+01    -  1.58e-01 6.00e-02h  1
  28  8.1122995e+05 8.96e+00 5.88e+01  -6.0 8.82e+01    -  1.76e-02 8.47e-02h  1
  29  8.1141252e+05 8.58e+00 5.63e+01  -6.0 8.61e+01    -  2.41e-01 4.27e-02h  1
iter    objective    inf_pr   inf_du lg(mu)  ||d||  lg(rg) alpha_du alpha_pr  ls
  30  8.1163370e+05 8.14e+00 5.34e+01  -6.0 8.39e+01    -  4.33e-02 5.09e-02h  1
  31  8.1182904e+05 7.78e+00 5.11e+01  -6.0 8.12e+01    -  2.54e-01 4.45e-02h  1
  32  8.1211081e+05 7.28e+00 5.28e+01  -6.0 7.86e+01    -  1.83e-01 6.39e-02h  1
  33r 8.1211081e+05 7.28e+00 9.99e+02   0.6 0.00e+00    -  0.00e+00 2.62e-07R  3
  34r 8.1121875e+05 7.23e+00 9.99e+02   0.6 4.48e+04    -  1.35e-05 5.67e-06f  1
  35r 8.1209220e+05 7.22e+00 9.99e+02   0.6 1.04e+04    -  4.44e-05 1.00e-04f  1
  36  8.1209263e+05 7.22e+00 2.86e+02  -6.0 2.59e+02    -  3.70e-04 4.49e-04h  1
  37  8.1209719e+05 7.21e+00 2.86e+02  -6.0 5.99e+01  -1.6 1.45e-03 1.05e-03h  1
  38  8.1210141e+05 7.19e+00 2.85e+02  -6.0 8.85e+01    -  2.20e-03 2.61e-03h  1
  39  8.1210321e+05 7.19e+00 2.95e+02  -6.0 5.97e+01  -2.1 1.23e-02 4.10e-04h  1
iter    objective    inf_pr   inf_du lg(mu)  ||d||  lg(rg) alpha_du alpha_pr  ls
  40  8.1210745e+05 7.16e+00 2.92e+02  -6.0 1.08e+02    -  2.28e-03 3.74e-03h  1
  41  8.1211429e+05 7.12e+00 2.88e+02  -6.0 1.06e+02    -  4.92e-03 6.24e-03h  1
  42  8.1211748e+05 7.11e+00 3.27e+02  -6.0 1.15e+02    -  3.51e-03 1.25e-03h  1
  43  8.1375006e+05 5.48e+00 2.62e+02  -6.0 7.19e+01    -  2.86e-05 2.29e-01h  1
  44  8.1383824e+05 5.41e+00 2.55e+02  -6.0 6.35e+01    -  2.82e-02 1.32e-02h  1
  45  8.1449577e+05 4.87e+00 2.28e+02  -6.0 5.89e+01    -  3.11e-01 9.91e-02h  1
  46  8.1577936e+05 3.87e+00 1.82e+02  -6.0 5.41e+01    -  3.95e-01 2.04e-01h  1
  47  8.1618411e+05 3.59e+00 1.68e+02  -6.0 4.50e+01    -  4.97e-02 7.32e-02h  1
  48  8.1682180e+05 3.15e+00 2.93e+02  -6.0 4.29e+01    -  2.79e-03 1.22e-01h  1
  49  8.1684030e+05 3.14e+00 2.73e+02  -6.0 3.79e+01    -  1.39e-02 3.84e-03h  1
iter    objective    inf_pr   inf_du lg(mu)  ||d||  lg(rg) alpha_du alpha_pr  ls
  50  8.1732239e+05 2.82e+00 2.54e+02  -6.0 3.73e+01    -  5.86e-02 1.01e-01h  1
  51  8.1794430e+05 2.42e+00 2.20e+02  -6.0 3.40e+01    -  8.24e-02 1.41e-01h  1
  52  8.1858453e+05 2.03e+00 1.81e+02  -6.0 2.96e+01    -  2.39e-01 1.64e-01h  1
  53  8.1872333e+05 1.94e+00 1.70e+02  -6.0 2.51e+01    -  2.79e-01 4.12e-02h  1
  54r 8.1872333e+05 1.94e+00 9.99e+02   0.2 0.00e+00    -  0.00e+00 2.88e-08R  2
  55r 8.1478676e+05 1.92e+00 9.99e+02   0.2 5.56e+04    -  1.12e-04 3.61e-05f  1
  56r 8.1474052e+05 1.87e+00 9.99e+02   0.2 4.98e+03    -  9.88e-05 1.39e-04f  1
  57  8.1473771e+05 1.87e+00 3.77e+02  -6.0 2.53e+02  -1.6 3.83e-04 2.10e-04f  1
  58  8.1474618e+05 1.87e+00 3.76e+02  -6.0 2.09e+01  -2.6 4.62e-03 1.86e-03h  1
  59  8.1477928e+05 1.86e+00 3.74e+02  -6.0 2.60e+01  -3.1 5.95e-05 4.99e-03h  1
iter    objective    inf_pr   inf_du lg(mu)  ||d||  lg(rg) alpha_du alpha_pr  ls
  60  8.1491533e+05 1.81e+00 3.65e+02  -6.0 3.82e+01    -  2.94e-03 2.32e-02h  1
  61  8.1520886e+05 1.73e+00 3.49e+02  -6.0 1.92e+01    -  1.72e-05 4.59e-02h  1
  62  8.1696971e+05 1.28e+00 2.58e+02  -6.0 2.21e+01    -  3.64e-05 2.61e-01h  1
  63  8.1872594e+05 8.37e-01 1.67e+02  -6.0 1.61e+01    -  1.18e-01 3.45e-01h  1
  64r 8.1872594e+05 8.37e-01 9.99e+02  -0.2 0.00e+00    -  0.00e+00 2.57e-07R  2
  65r 8.1421784e+05 8.08e-01 9.99e+02  -0.2 3.86e+06    -  2.13e-06 5.38e-07f  1
  66r 8.1418285e+05 7.80e-01 9.98e+02  -0.2 2.85e+03    -  7.72e-04 1.50e-04f  1
  67  8.1420686e+05 7.76e-01 3.60e+02  -6.0 2.10e+01  -2.6 1.07e-03 4.66e-03h  1
  68  8.1424667e+05 7.71e-01 3.58e+02  -6.0 2.77e+01    -  2.71e-03 6.40e-03h  1
  69  8.1526335e+05 6.64e-01 3.04e+02  -6.0 2.59e+01    -  4.87e-04 1.39e-01h  1
iter    objective    inf_pr   inf_du lg(mu)  ||d||  lg(rg) alpha_du alpha_pr  ls
  70  8.1649002e+05 5.42e-01 2.45e+02  -6.0 8.87e+00    -  4.29e-02 1.83e-01h  1
  71  8.1662905e+05 5.29e-01 2.38e+02  -6.0 7.03e+00    -  1.27e-03 2.45e-02h  1
  72  8.1820240e+05 3.79e-01 1.63e+02  -6.0 6.89e+00    -  2.98e-02 2.84e-01h  1
  73  8.1872141e+05 3.29e-01 1.61e+02  -6.0 4.92e+00    -  7.75e-01 1.30e-01h  1
  74  8.1873085e+05 3.29e-01 1.59e+02  -6.0 4.28e+00    -  1.09e-03 2.71e-03h  1
  75  8.1951574e+05 2.55e-01 1.31e+02  -6.0 4.27e+00    -  9.88e-01 2.24e-01h  1
  76  8.2096831e+05 1.19e-01 6.06e+01  -6.0 3.34e+00    -  2.26e-01 5.33e-01h  1
  77  8.2218456e+05 5.66e-03 2.98e+00  -6.0 1.57e+00    -  1.00e+00 9.52e-01h  1
  78  8.2224732e+05 2.33e-07 7.05e-04  -6.0 7.86e-02    -  1.00e+00 1.00e+00h  1
  79  8.2224732e+05 1.40e-11 9.83e-10  -6.0 2.64e-05    -  1.00e+00 1.00e+00h  1
iter    objective    inf_pr   inf_du lg(mu)  ||d||  lg(rg) alpha_du alpha_pr  ls
  80  8.2224729e+05 1.00e-07 4.69e-05  -7.0 3.43e-02    -  1.00e+00 1.00e+00f  1
  81  8.2224729e+05 5.46e-11 9.05e-10  -7.0 1.64e-03    -  1.00e+00 1.00e+00h  1

Number of Iterations....: 81

                                   (scaled)                 (unscaled)
Objective...............:   9.2762554996728504e+03    8.2224728749100142e+05
Dual infeasibility......:   9.0474552554464469e-10    8.0196643384277304e-08
Constraint violation....:   2.6337430581863741e-13    5.4567669827143561e-11
Variable bound violation:   1.2866364684782639e-07    1.2866364684782639e-07
Complementarity.........:   9.0933516597036166e-08    8.0603469111612854e-06
Overall NLP error.......:   9.0933516597036166e-08    8.0603469111612854e-06


Number of objective function evaluations             = 89
Number of objective gradient evaluations             = 79
Number of equality constraint evaluations            = 89
Number of inequality constraint evaluations          = 90
Number of equality constraint Jacobian evaluations   = 85
Number of inequality constraint Jacobian evaluations = 85
Number of Lagrangian Hessian evaluations             = 81
Total seconds in IPOPT                               = 15.701

EXIT: Optimal Solution Found.

