Solver command line: ['/opt/homebrew/bin/ipopt', '/var/folders/6y/bvynbx6n3zv7z3lwg6vd724r0000gn/T/tmp6x9jwmz5.pyomo.nl', '-AMPL', 'tol=1e-06', 'max_iter=300', 'print_level=5', 'warm_start_init_point=yes', 'warm_start_bound_push=1e-06', 'warm_start_bound_frac=1e-06', 'warm_start_mult_bound_push=1e-06', 'mu_init=1e-06', 'least_square_init_duals=no']

Ipopt 3.14.19: tol=1e-06
max_iter=300
print_level=5
warm_start_init_point=yes
warm_start_bound_push=1e-06
warm_start_bound_frac=1e-06
warm_start_mult_bound_push=1e-06
mu_init=1e-06
least_square_init_duals=no


******************************************************************************
This program contains Ipopt, a library for large-scale nonlinear optimization.
 Ipopt is released as open source code under the Eclipse Public License (EPL).
         For more information visit https://github.com/coin-or/Ipopt
******************************************************************************

This is Ipopt version 3.14.19, running with linear solver MUMPS 5.6.2.

Number of nonzeros in equality constraint Jacobian...:    65471
Number of nonzeros in inequality constraint Jacobian.:    55904
Number of nonzeros in Lagrangian Hessian.............:    36439

Total number of variables............................:     8718
                     variables with only lower bounds:        0
                variables with lower and upper bounds:     8718
                     variables with only upper bounds:        0
Total number of equality constraints.................:     8041
Total number of inequality constraints...............:    13976
        inequality constraints with only lower bounds:        0
   inequality constraints with lower and upper bounds:        0
        inequality constraints with only upper bounds:    13976

iter    objective    inf_pr   inf_du lg(mu)  ||d||  lg(rg) alpha_du alpha_pr  ls
   0  6.8987483e+05 2.05e+01 3.99e+02  -6.0 0.00e+00    -  0.00e+00 0.00e+00   0
   1  6.8597637e+05 2.05e+01 3.99e+02  -6.0 6.99e+03  -2.0 5.52e-06 5.51e-06f  1
   2  6.8425462e+05 2.05e+01 3.99e+02  -6.0 6.16e+04  -3.0 1.75e-06 2.93e-07f  1
   3  6.8357803e+05 2.05e+01 3.99e+02  -6.0 8.50e+03  -2.1 2.11e-05 8.32e-07f  1
   4  6.7666178e+05 2.05e+01 3.99e+02  -6.0 9.43e+03  -2.2 2.21e-05 7.77e-06f  1
   5  6.7137238e+05 2.05e+01 3.99e+02  -6.0 3.33e+03  -1.7 9.43e-05 1.75e-05f  1
   6  6.6760959e+05 2.05e+01 3.99e+02  -6.0 9.90e+03  -2.2 5.40e-05 4.96e-06f  1
   7  6.5768986e+05 2.05e+01 3.99e+02  -6.0 8.10e+04  -3.2 9.69e-06 2.37e-06f  1
   8  6.5071230e+05 2.05e+01 3.99e+02  -6.0 1.17e+04  -2.3 9.12e-05 9.06e-06f  1
   9  6.4837479e+05 2.05e+01 3.99e+02  -6.0 3.66e+03  -1.9 3.02e-04 9.20e-06f  1
iter    objective    inf_pr   inf_du lg(mu)  ||d||  lg(rg) alpha_du alpha_pr  ls
  10  6.3756306e+05 2.05e+01 3.99e+02  -6.0 2.57e+04  -2.8 4.70e-05 1.05e-05f  1
  11  6.3052815e+05 2.05e+01 3.99e+02  -6.0 4.15e+04  -3.8 8.78e-06 4.82e-06f  1
  12  6.2643193e+05 2.05e+01 3.99e+02  -6.0 7.81e+03  -2.5 2.37e-04 1.60e-05f  1
  13  6.2292651e+05 2.05e+01 3.99e+02  -6.0 1.17e+04  -2.9 3.66e-05 1.37e-05f  1
  14  6.2123679e+05 2.05e+01 3.99e+02  -6.0 2.87e+03  -2.5 1.99e-04 2.21e-05f  1
  15  6.1938146e+05 2.05e+01 3.99e+02  -6.0 1.34e+04  -3.5 1.71e-05 1.63e-05f  1
  16  6.1886262e+05 2.05e+01 3.99e+02  -6.0 4.94e+03  -3.0 9.50e-05 1.11e-05f  1
  17  6.1815754e+05 2.05e+01 3.99e+02  -6.0 5.16e+03  -3.1 7.11e-05 1.95e-05f  1
  18  6.1782511e+05 2.05e+01 3.99e+02  -6.0 1.86e+03  -2.7 7.54e-05 1.98e-05f  1
  19  6.1708709e+05 2.05e+01 3.99e+02  -6.0 3.50e+03  -3.1 8.66e-05 2.87e-05f  1
iter    objective    inf_pr   inf_du lg(mu)  ||d||  lg(rg) alpha_du alpha_pr  ls
  20  6.1692458e+05 2.05e+01 3.99e+02  -6.0 1.25e+03  -2.7 2.82e-04 1.45e-05f  1
  21  6.1622137e+05 2.05e+01 3.99e+02  -6.0 2.88e+03  -3.2 1.28e-04 4.26e-05f  1
  22  6.1546519e+05 2.05e+01 3.99e+02  -6.0 1.06e+03  -2.8 2.90e-04 1.01e-04f  1
  23  6.1541197e+05 2.05e+01 3.99e+02  -6.0 9.07e+03  -3.2 1.13e-05 3.46e-06f  1
  24  6.1533090e+05 2.05e+01 3.98e+02  -6.0 9.79e+02  -2.8 4.86e-04 1.29e-05f  1
  25  6.1515899e+05 2.05e+01 3.98e+02  -6.0 1.67e+04  -3.3 6.42e-06 9.87e-06f  1
  26  6.1499490e+05 2.05e+01 3.98e+02  -6.0 9.94e+02  -2.9 4.64e-04 2.72e-05f  1
  27  6.1482529e+05 2.05e+01 3.98e+02  -6.0 5.35e+03  -3.3 6.13e-05 1.36e-05f  1
  28  6.1463830e+05 2.05e+01 3.98e+02  -6.0 1.33e+03  -2.9 5.26e-04 3.40e-05f  1
  29  6.1406691e+05 2.05e+01 3.98e+02  -6.0 2.66e+03  -3.4 1.41e-04 6.71e-05f  1
iter    objective    inf_pr   inf_du lg(mu)  ||d||  lg(rg) alpha_du alpha_pr  ls
  30  6.1400747e+05 2.05e+01 3.98e+02  -6.0 5.96e+03  -3.9 9.86e-05 5.59e-06f  1
  31  6.1358747e+05 2.05e+01 3.98e+02  -6.0 2.66e+03  -3.4 1.15e-04 7.03e-05f  1
  32  6.1350168e+05 2.05e+01 3.98e+02  -6.0 1.09e+03  -3.0 4.87e-04 2.76e-05f  1
  33  6.1327540e+05 2.05e+01 3.98e+02  -6.0 1.13e+03  -3.1 2.89e-04 8.09e-05f  1
  34  6.1316559e+05 2.05e+01 3.98e+02  -6.0 2.32e+03  -3.6 2.53e-04 2.91e-05f  1
  35  6.1262370e+05 2.05e+01 3.98e+02  -6.0 1.23e+03  -3.1 2.94e-04 2.49e-04f  1
  36  6.1233403e+05 2.05e+01 3.98e+02  -6.0 2.03e+03  -3.6 9.09e-05 1.35e-04f  1
  37  6.1220183e+05 2.05e+01 3.97e+02  -6.0 8.07e+02  -3.2 4.76e-04 9.26e-05f  1
  38  6.1172795e+05 2.05e+01 3.97e+02  -6.0 8.53e+02  -3.2 2.20e-04 3.60e-04f  1
  39  6.1154514e+05 2.05e+01 3.97e+02  -6.0 3.67e+02  -2.8 1.97e-03 2.26e-04f  1
iter    objective    inf_pr   inf_du lg(mu)  ||d||  lg(rg) alpha_du alpha_pr  ls
  40  6.1098407e+05 2.05e+01 3.96e+02  -6.0 7.48e+02  -3.3 4.40e-04 6.73e-04f  1
  41  6.1065261e+05 2.05e+01 3.96e+02  -6.0 3.25e+02  -2.9 1.58e-03 5.86e-04f  1
  42  6.1007323e+05 2.05e+01 3.95e+02  -6.0 6.26e+02  -3.3 1.68e-03 8.66e-04f  1
  43  6.0985212e+05 2.05e+01 3.94e+02  -6.0 2.91e+02  -2.9 4.01e-03 4.91e-04f  1
  44  6.0968879e+05 2.04e+01 3.93e+02  -6.0 5.91e+02  -3.4 2.94e-03 3.11e-04f  1
  45  6.0906956e+05 2.04e+01 3.92e+02  -6.0 3.16e+02  -3.0 9.87e-04 1.61e-03f  1
  46  6.0856585e+05 2.04e+01 3.89e+02  -6.0 4.97e+02  -3.4 9.80e-03 1.30e-03f  1
  47  6.0854554e+05 2.04e+01 3.87e+02  -6.0 5.85e+02    -  5.72e-03 5.44e-05f  1
  48  6.0752223e+05 2.03e+01 3.86e+02  -6.0 1.62e+02    -  1.32e-03 3.90e-03f  1
  49  6.0709907e+05 2.03e+01 3.85e+02  -6.0 1.17e+02    -  2.67e-03 1.60e-03f  1
iter    objective    inf_pr   inf_du lg(mu)  ||d||  lg(rg) alpha_du alpha_pr  ls
  50  6.0651422e+05 2.02e+01 3.82e+02  -6.0 3.55e+02    -  8.20e-03 2.16e-03f  1
  51  6.0580121e+05 2.02e+01 3.79e+02  -6.0 8.89e+01    -  1.02e-02 3.02e-03f  1
  52  6.0558096e+05 2.02e+01 3.76e+02  -6.0 8.44e+01    -  9.06e-03 9.63e-04f  1
  53  6.0558259e+05 2.02e+01 3.63e+02  -6.0 7.25e+01    -  3.74e-02 2.56e-05h  1
  54  6.0634391e+05 1.99e+01 3.59e+02  -6.0 5.66e+01    -  1.01e-02 1.11e-02h  1
  55  6.0686003e+05 1.98e+01 3.46e+02  -6.0 4.00e+01    -  4.05e-02 7.15e-03h  1
  56  6.0751232e+05 1.96e+01 3.39e+02  -6.0 3.70e+01    -  2.34e-02 8.73e-03h  1
  57  6.0812906e+05 1.95e+01 3.37e+02  -6.0 5.16e+01    -  3.55e-03 8.14e-03h  1
  58  6.0814056e+05 1.95e+01 3.34e+02  -6.0 4.68e+01    -  1.31e-02 1.50e-04h  1
  59  6.0819022e+05 1.94e+01 3.33e+02  -6.0 4.62e+01    -  1.73e-03 6.25e-04h  1
iter    objective    inf_pr   inf_du lg(mu)  ||d||  lg(rg) alpha_du alpha_pr  ls
  60  6.0911179e+05 1.92e+01 3.25e+02  -6.0 4.60e+01    -  2.70e-02 1.15e-02h  1
  61  6.0966589e+05 1.91e+01 3.20e+02  -6.0 4.16e+01    -  1.63e-02 6.76e-03h  1
  62  6.1077335e+05 1.89e+01 3.01e+02  -6.0 3.63e+01    -  6.67e-02 1.18e-02h  1
  63  6.1340950e+05 1.83e+01 2.93e+02  -6.0 3.68e+01    -  2.71e-02 2.79e-02h  1
  64  6.1381489e+05 1.83e+01 2.81e+02  -6.0 4.48e+01    -  4.87e-02 4.29e-03h  1
  65  6.1404109e+05 1.82e+01 2.79e+02  -6.0 4.68e+01    -  4.65e-03 2.47e-03h  1
  66  6.1407525e+05 1.82e+01 2.75e+02  -6.0 2.73e+01    -  1.73e-02 2.34e-04h  1
  67  6.1429674e+05 1.82e+01 2.71e+02  -6.0 3.30e+01    -  2.00e-02 1.52e-03h  1
  68  6.1511597e+05 1.81e+01 2.67e+02  -6.0 3.34e+01    -  1.66e-02 5.76e-03h  1
  69  6.1768857e+05 1.77e+01 2.61e+02  -6.0 3.40e+01    -  2.12e-02 1.81e-02h  1
iter    objective    inf_pr   inf_du lg(mu)  ||d||  lg(rg) alpha_du alpha_pr  ls
  70  6.1924822e+05 1.75e+01 2.55e+02  -6.0 3.57e+01    -  2.57e-02 1.11e-02h  1
  71  6.2097232e+05 1.73e+01 2.46e+02  -6.0 3.52e+01    -  4.05e-02 1.21e-02h  1
  72  6.2185056e+05 1.72e+01 2.41e+02  -6.0 8.81e+01    -  2.55e-02 6.15e-03h  1
  73  6.2467533e+05 1.69e+01 2.27e+02  -6.0 6.29e+01    -  6.54e-02 1.95e-02h  1
  74  6.2819694e+05 1.65e+01 2.22e+02  -6.0 5.61e+01    -  2.04e-02 2.47e-02h  1
  75  6.3221694e+05 1.60e+01 2.01e+02  -6.0 5.15e+01    -  1.14e-01 2.78e-02h  1
  76  6.3221898e+05 1.60e+01 2.01e+02  -6.0 7.09e+01    -  1.38e-03 1.47e-05h  1
  77  6.3233892e+05 1.60e+01 1.97e+02  -6.0 3.79e+01    -  2.44e-02 8.35e-04h  1
  78  6.3543498e+05 1.57e+01 1.95e+02  -6.0 7.49e+01    -  4.60e-03 2.21e-02h  1
  79  6.3595074e+05 1.56e+01 1.90e+02  -6.0 4.01e+01    -  3.17e-02 3.60e-03h  1
iter    objective    inf_pr   inf_du lg(mu)  ||d||  lg(rg) alpha_du alpha_pr  ls
  80  6.4094509e+05 1.51e+01 1.87e+02  -6.0 3.84e+01    -  1.05e-02 3.46e-02h  1
  81  6.4247674e+05 1.49e+01 1.84e+02  -6.0 3.37e+01    -  2.28e-02 1.10e-02h  1
  82  6.4624095e+05 1.45e+01 1.76e+02  -6.0 3.98e+01    -  4.84e-02 2.72e-02h  1
  83  6.5241119e+05 1.38e+01 1.64e+02  -6.0 4.11e+01    -  7.12e-02 4.54e-02h  1
  84  6.5425958e+05 1.36e+01 1.63e+02  -6.0 5.25e+01    -  9.26e-03 1.41e-02h  1
  85  6.5464871e+05 1.36e+01 1.59e+02  -6.0 5.72e+01    -  2.87e-02 3.01e-03h  1
  86  6.5485346e+05 1.36e+01 1.58e+02  -6.0 6.12e+01    -  1.29e-02 1.58e-03h  1
  87  6.5529194e+05 1.35e+01 1.51e+02  -6.0 6.48e+01    -  5.59e-02 3.38e-03h  1
  88  6.5551066e+05 1.35e+01 1.49e+02  -6.0 7.03e+01    -  1.91e-02 1.68e-03h  1
  89  6.5554222e+05 1.35e+01 1.49e+02  -6.0 2.27e+01    -  4.05e-03 2.43e-04h  1
iter    objective    inf_pr   inf_du lg(mu)  ||d||  lg(rg) alpha_du alpha_pr  ls
  90  6.5883070e+05 1.32e+01 1.45e+02  -6.0 4.87e+01    -  2.32e-02 2.51e-02h  1
  91  6.6737192e+05 1.23e+01 1.40e+02  -6.0 3.24e+01    -  1.79e-02 6.66e-02h  1
  92  6.6787580e+05 1.22e+01 1.28e+02  -6.0 3.11e+01    -  1.31e-01 4.18e-03h  1
  93  6.6835265e+05 1.22e+01 1.28e+02  -6.0 3.39e+01    -  5.67e-03 3.96e-03h  1
  94  6.7001142e+05 1.20e+01 1.19e+02  -6.0 3.18e+01    -  9.45e-02 1.38e-02h  1
  95  6.7248551e+05 1.18e+01 1.17e+02  -6.0 3.22e+01    -  2.26e-02 2.09e-02h  1
  96  6.8201319e+05 1.08e+01 1.06e+02  -6.0 4.53e+01    -  1.00e-01 8.15e-02H  1
  97  6.8432547e+05 1.06e+01 1.05e+02  -6.0 3.98e+01    -  1.34e-04 2.13e-02h  1
  98  6.8763264e+05 1.03e+01 9.92e+01  -6.0 4.17e+01    -  8.24e-02 3.09e-02h  1
  99  6.8966905e+05 1.01e+01 9.71e+01  -6.0 4.44e+01    -  2.29e-02 1.95e-02h  1
iter    objective    inf_pr   inf_du lg(mu)  ||d||  lg(rg) alpha_du alpha_pr  ls
 100  6.9346721e+05 9.68e+00 9.50e+01  -6.0 5.25e+01    -  1.40e-03 3.70e-02h  1
 101  6.9379541e+05 9.65e+00 8.90e+01  -6.0 3.56e+01    -  1.36e-01 3.31e-03h  1
 102  6.9492949e+05 9.54e+00 8.83e+01  -6.0 3.75e+01    -  3.59e-03 1.15e-02h  1
 103  6.9642937e+05 9.39e+00 8.71e+01  -6.0 3.58e+01    -  1.04e-02 1.53e-02h  1
 104  6.9667937e+05 9.37e+00 7.86e+01  -6.0 3.09e+01    -  2.15e-01 2.59e-03h  1
 105  7.0233241e+05 8.82e+00 7.58e+01  -6.0 4.33e+01    -  2.70e-03 5.87e-02h  1
 106r 7.0233241e+05 8.82e+00 9.99e+02   0.4 0.00e+00    -  0.00e+00 3.59e-07R  3
 107r 6.9939390e+05 8.82e+00 9.99e+02   0.4 3.36e+06    -  1.45e-05 1.25e-06f  1
 108r 7.0258367e+05 8.85e+00 9.99e+02   0.4 3.00e+04    -  3.30e-05 4.44e-05f  1
 109r 7.0030113e+05 8.56e+00 9.99e+02   0.4 1.16e+04    -  2.47e-05 1.01e-04f  1
iter    objective    inf_pr   inf_du lg(mu)  ||d||  lg(rg) alpha_du alpha_pr  ls
 110r 6.9938178e+05 7.80e+00 9.99e+02   0.4 4.21e+03    -  3.13e-05 4.11e-04f  1
 111  6.9937560e+05 7.80e+00 1.16e+02  -6.0 2.34e+04    -  1.39e-05 1.04e-05F  1
 112  6.9937706e+05 7.80e+00 1.16e+02  -6.0 7.78e+01  -3.0 2.63e-04 1.65e-05h  1
 113  6.9940998e+05 7.80e+00 1.16e+02  -6.0 4.29e+01  -2.6 2.22e-03 3.61e-04h  1
 114  6.9942178e+05 7.80e+00 1.16e+02  -6.0 3.47e+02    -  2.33e-04 1.47e-04h  4
 115  6.9945564e+05 7.80e+00 1.15e+02  -6.0 2.54e+02    -  1.87e-03 3.87e-04h  3
 116  6.9961744e+05 7.78e+00 1.15e+02  -6.0 1.27e+02    -  8.23e-03 1.75e-03h  2
 117  7.0097947e+05 7.67e+00 1.12e+02  -6.0 6.67e+01    -  3.69e-02 1.46e-02h  1
 118  7.0331961e+05 7.48e+00 1.08e+02  -6.0 6.07e+01    -  4.37e-02 2.53e-02h  1
 119  7.0377612e+05 7.44e+00 1.06e+02  -6.0 1.19e+02    -  4.80e-02 5.06e-03h  1
iter    objective    inf_pr   inf_du lg(mu)  ||d||  lg(rg) alpha_du alpha_pr  ls
 120  7.0422807e+05 7.40e+00 1.06e+02  -6.0 3.91e+01    -  3.30e-03 5.06e-03h  1
 121  7.0672167e+05 7.20e+00 1.03e+02  -6.0 6.30e+01    -  6.21e-03 2.77e-02h  1
 122r 7.0672167e+05 7.20e+00 9.99e+02   0.3 0.00e+00    -  0.00e+00 8.89e-08R  2
 123r 7.0452629e+05 7.09e+00 9.99e+02   0.3 1.97e+06    -  4.32e-06 7.72e-07f  1
 124r 7.0652446e+05 7.01e+00 9.99e+02   0.3 1.57e+04    -  1.84e-04 1.02e-04f  1
 125r 7.0609584e+05 6.85e+00 9.99e+02   0.3 3.74e+03    -  1.02e-04 2.50e-04f  1
 126r 7.0438544e+05 8.22e+00 9.98e+02   0.3 3.78e+03    -  4.59e-04 1.10e-03f  1
 127  7.0439377e+05 8.22e+00 1.09e+02  -6.0 3.62e+01  -2.2 5.89e-05 9.51e-05h  1
 128  7.0451004e+05 8.21e+00 1.09e+02  -6.0 5.18e+01  -2.6 1.92e-03 1.34e-03h  1
 129  7.0454418e+05 8.21e+00 1.08e+02  -6.0 3.12e+01  -2.2 3.15e-03 3.88e-04h  1
iter    objective    inf_pr   inf_du lg(mu)  ||d||  lg(rg) alpha_du alpha_pr  ls
 130  7.0456982e+05 8.21e+00 1.08e+02  -6.0 2.72e+02    -  1.81e-03 3.10e-04h  5
 131  7.0463237e+05 8.20e+00 1.08e+02  -6.0 1.99e+02    -  1.01e-03 7.40e-04h  4
 132  7.0481909e+05 8.18e+00 1.08e+02  -6.0 1.03e+02    -  3.38e-03 2.16e-03h  3
 133  7.0513701e+05 8.15e+00 1.06e+02  -6.0 6.29e+01    -  2.01e-02 3.59e-03h  1
 134  7.0577201e+05 8.09e+00 1.06e+02  -6.0 3.31e+01    -  5.20e-03 7.26e-03h  1
 135  7.0676311e+05 8.00e+00 9.54e+01  -6.0 3.72e+01    -  1.38e-01 1.13e-02h  1
 136r 7.0676311e+05 8.00e+00 9.99e+02   0.2 0.00e+00    -  0.00e+00 4.39e-07R  3
 137r 7.0533271e+05 7.99e+00 9.99e+02   0.2 6.08e+04    -  2.28e-04 8.71e-06f  1
 138r 7.0634024e+05 8.29e+00 9.98e+02   0.2 5.62e+03    -  5.53e-04 2.34e-04f  1
 139  7.0634275e+05 8.29e+00 9.61e+01  -6.0 3.00e+01  -1.8 5.57e-03 2.88e-05h  1
iter    objective    inf_pr   inf_du lg(mu)  ||d||  lg(rg) alpha_du alpha_pr  ls
 140  7.0643699e+05 8.28e+00 9.47e+01  -6.0 3.85e+01  -2.3 2.56e-02 1.07e-03h  1
 141  7.0644787e+05 8.28e+00 9.47e+01  -6.0 5.13e+02    -  2.67e-04 1.31e-04h  1
 142  7.0671450e+05 8.25e+00 9.45e+01  -6.0 6.80e+01    -  6.81e-04 3.04e-03h  1
 143  7.0671540e+05 8.25e+00 9.45e+01  -6.0 2.87e+01  -3.2 5.75e-04 1.02e-05h  1
 144  7.0852971e+05 8.08e+00 8.92e+01  -6.0 3.63e+01  -3.7 7.42e-02 2.06e-02h  1
 145r 7.0852971e+05 8.08e+00 9.99e+02   0.1 0.00e+00    -  0.00e+00 3.89e-07R  3
 146r 7.0700927e+05 8.09e+00 9.99e+02   0.1 2.25e+05    -  8.32e-05 3.38e-06f  1
 147r 7.0845135e+05 8.39e+00 9.99e+02   0.1 6.56e+03    -  6.16e-04 1.76e-04f  1
 148r 7.0845135e+05 8.39e+00 9.99e+02   0.1 0.00e+00    -  0.00e+00 4.64e-07R  7
 149r 7.0585420e+05 8.87e+00 9.98e+02   0.1 5.75e+03    -  9.56e-04 2.67e-04f  1
iter    objective    inf_pr   inf_du lg(mu)  ||d||  lg(rg) alpha_du alpha_pr  ls
 150  7.0720363e+05 8.73e+00 8.96e+01  -6.0 3.02e+01  -1.9 7.16e-06 1.53e-02h  1
 151  7.0917430e+05 8.54e+00 8.72e+01  -6.0 3.37e+01  -2.4 3.01e-02 2.24e-02h  1
 152  7.1050292e+05 8.40e+00 8.31e+01  -6.0 4.33e+01  -2.9 7.34e-02 1.55e-02h  1
 153r 7.1050292e+05 8.40e+00 9.99e+02  -0.1 0.00e+00  -2.5 0.00e+00 3.00e-07R  4
 154r 7.0871943e+05 8.21e+00 9.99e+02  -0.1 1.10e+05    -  6.20e-04 7.72e-06f  1
 155r 7.1118940e+05 8.65e+00 9.98e+02  -0.1 4.22e+03    -  8.07e-04 6.44e-04f  1
 156  7.1118574e+05 8.64e+00 5.45e+01  -6.0 1.42e+04    -  1.90e-04 5.99e-05h  1
 157r 7.1118574e+05 8.64e+00 9.99e+02  -0.1 0.00e+00    -  0.00e+00 2.87e-07R  9
 158r 7.1120517e+05 9.01e+00 9.99e+02  -0.1 3.81e+05    -  8.09e-06 5.20e-06f  1
 159r 7.1123101e+05 9.45e+00 9.98e+02  -0.1 3.91e+03    -  8.36e-04 3.88e-04f  1
iter    objective    inf_pr   inf_du lg(mu)  ||d||  lg(rg) alpha_du alpha_pr  ls
 160r 7.1193334e+05 9.96e+00 9.97e+02  -0.1 2.33e+03    -  8.31e-04 1.44e-03f  1
 161r 7.1079780e+05 9.24e+00 9.91e+02  -0.1 1.72e+03    -  6.35e-03 2.69e-03f  1
 162r 7.1251625e+05 5.82e+00 9.87e+02  -0.1 1.20e+03    -  3.73e-03 5.89e-03f  1
 163r 7.1459049e+05 2.27e+00 9.83e+02  -0.1 9.69e+02    -  4.50e-03 8.04e-03f  1
 164r 7.1600597e+05 1.60e+00 9.69e+02  -0.1 5.85e+02    -  1.46e-02 4.21e-03f  1
 165r 7.1990762e+05 1.50e+00 9.44e+02  -0.1 2.79e+02    -  2.55e-02 1.14e-02f  1
 166r 7.2329938e+05 2.00e+00 9.18e+02  -0.1 1.00e+02    -  2.72e-02 2.51e-02f  1
 167r 7.2677103e+05 6.93e+00 8.27e+02  -0.1 2.19e+02    -  9.91e-02 8.04e-02f  1
 168r 7.2896636e+05 5.27e+00 7.32e+02  -0.1 3.43e+02    -  1.80e-01 5.04e-02f  1
 169r 7.3684292e+05 3.87e+00 4.66e+02  -0.1 5.54e+01    -  5.00e-01 1.10e-01f  1
iter    objective    inf_pr   inf_du lg(mu)  ||d||  lg(rg) alpha_du alpha_pr  ls
 170r 7.3775541e+05 3.50e+00 2.42e+02  -0.1 1.43e+01    -  6.46e-01 1.50e-01f  1
 171r 7.7152495e+05 2.05e+00 7.10e+02  -0.1 1.39e+01    -  3.86e-01 5.19e-01f  1
 172r 8.1908058e+05 1.69e+00 4.15e+02  -0.1 1.07e+01    -  8.51e-01 5.74e-01f  1
 173r 8.3732957e+05 1.73e+00 5.12e+01  -0.1 3.91e+00    -  1.00e+00 9.41e-01f  1
 174  8.3712473e+05 1.73e+00 5.45e+01  -6.0 1.01e+02  -3.0 9.24e-07 1.32e-03f  1
 175  8.3680212e+05 1.73e+00 5.44e+01  -6.0 1.37e+02  -3.5 7.29e-05 2.26e-03f  1
 176  8.3680047e+05 1.73e+00 5.44e+01  -6.0 6.50e+03    -  1.09e-03 8.13e-06f  1
 177  8.3660338e+05 1.72e+00 5.44e+01  -6.0 4.72e+03    -  5.07e-05 1.10e-03f  1
 178  8.3657059e+05 1.72e+00 5.44e+01  -6.0 1.23e+04    -  1.46e-04 1.29e-04f  1
 179  8.3612877e+05 1.72e+00 5.43e+01  -6.0 8.77e+03    -  1.69e-04 2.00e-03f  1
iter    objective    inf_pr   inf_du lg(mu)  ||d||  lg(rg) alpha_du alpha_pr  ls
 180  8.3608849e+05 1.72e+00 5.29e+01  -6.0 6.94e+01    -  4.78e-02 3.12e-04f  1
 181  8.3384257e+05 1.69e+00 5.22e+01  -6.0 6.09e+01    -  9.02e-03 1.86e-02f  1
 182  8.3201315e+05 1.66e+00 5.18e+01  -6.0 4.63e+01    -  8.64e-04 1.60e-02f  1
 183  8.3097684e+05 1.64e+00 5.10e+01  -6.0 2.83e+01    -  5.41e-02 9.53e-03f  1
 184  8.2910445e+05 1.61e+00 5.04e+01  -6.0 2.42e+01    -  2.55e-02 1.87e-02f  1
 185  8.2907590e+05 1.61e+00 5.24e+01  -6.0 2.56e+01    -  3.95e-02 3.04e-04f  1
 186  8.2749010e+05 1.58e+00 6.49e+01  -6.0 3.53e+01    -  2.78e-01 1.76e-02f  1
 187  8.2165010e+05 1.44e+00 6.13e+01  -6.0 2.89e+01    -  1.47e-01 8.92e-02f  1
 188  8.2118223e+05 1.43e+00 6.56e+01  -6.0 2.30e+01    -  1.41e-01 9.66e-03f  1
 189  8.2097308e+05 1.42e+00 6.57e+01  -6.0 2.36e+01    -  2.15e-02 4.88e-03f  1
iter    objective    inf_pr   inf_du lg(mu)  ||d||  lg(rg) alpha_du alpha_pr  ls
 190  8.2057166e+05 1.41e+00 6.56e+01  -6.0 2.29e+01    -  2.85e-02 9.60e-03f  1
 191  8.2003081e+05 1.39e+00 6.54e+01  -6.0 2.18e+01    -  3.65e-02 1.34e-02f  1
 192  8.1966307e+05 1.37e+00 6.65e+01  -6.0 3.61e+01    -  6.01e-02 9.57e-03f  1
 193  8.1830068e+05 1.32e+00 7.27e+01  -6.0 3.79e+01    -  2.75e-01 3.77e-02f  1
 194  8.1811548e+05 1.31e+00 7.22e+01  -6.0 3.88e+01    -  9.07e-03 6.81e-03f  1
 195  8.1708606e+05 1.26e+00 6.95e+01  -6.0 3.99e+01    -  4.35e-02 3.90e-02f  1
 196  8.1626020e+05 1.22e+00 7.22e+01  -6.0 3.99e+01    -  1.96e-01 3.48e-02f  1
 197  8.1616587e+05 1.21e+00 7.19e+01  -6.0 4.02e+01    -  7.47e-03 4.84e-03f  1
 198  8.1575514e+05 1.19e+00 7.11e+01  -6.0 4.11e+01    -  5.40e-02 2.16e-02f  1
 199  8.1508283e+05 1.14e+00 6.89e+01  -6.0 3.88e+01    -  5.78e-02 3.80e-02f  1
iter    objective    inf_pr   inf_du lg(mu)  ||d||  lg(rg) alpha_du alpha_pr  ls
 200  8.1487864e+05 1.13e+00 6.92e+01  -6.0 3.62e+01    -  6.56e-02 1.27e-02f  1
 201  8.1487538e+05 1.13e+00 6.98e+01  -6.0 3.85e+01    -  2.79e-02 2.12e-04h  1
 202  8.1484815e+05 1.12e+00 7.36e+01  -6.0 3.71e+01    -  1.83e-01 1.79e-03h  1
 203  8.1478588e+05 1.12e+00 7.34e+01  -6.0 4.21e+01    -  1.65e-02 4.48e-03f  1
 204  8.1426650e+05 1.08e+00 7.09e+01  -6.0 4.08e+01    -  5.16e-02 3.88e-02f  1
 205  8.1391990e+05 1.04e+00 7.01e+01  -6.0 4.03e+01    -  8.31e-02 2.89e-02f  1
 206  8.1390127e+05 1.04e+00 7.04e+01  -6.0 3.56e+01    -  2.47e-02 1.69e-03h  1
 207  8.1376437e+05 1.03e+00 7.09e+01  -6.0 4.09e+01    -  7.84e-02 1.32e-02f  1
 208  8.1373293e+05 1.03e+00 7.08e+01  -6.0 4.08e+01    -  1.94e-02 3.20e-03h  1
 209  8.1371656e+05 1.02e+00 7.59e+01  -6.0 4.00e+01    -  4.30e-01 1.70e-03h  1
iter    objective    inf_pr   inf_du lg(mu)  ||d||  lg(rg) alpha_du alpha_pr  ls
 210  8.1304247e+05 9.30e-01 6.89e+01  -6.0 4.32e+01    -  8.84e-02 9.10e-02f  1
 211  8.1290370e+05 9.08e-01 6.84e+01  -6.0 4.18e+01    -  7.73e-02 2.38e-02f  1
 212  8.1284390e+05 8.98e-01 6.81e+01  -6.0 6.43e+01    -  3.66e-02 1.08e-02h  1
 213  8.1281079e+05 8.92e-01 6.81e+01  -6.0 6.28e+01    -  3.14e-02 6.22e-03h  1
 214  8.1275287e+05 8.82e-01 6.78e+01  -6.0 5.11e+01    -  3.41e-02 1.14e-02h  1
 215  8.1266231e+05 8.65e-01 6.75e+01  -6.0 4.57e+01    -  6.85e-02 1.93e-02h  1
 216  8.1263509e+05 8.60e-01 6.75e+01  -6.0 7.36e+01    -  2.64e-02 5.85e-03h  1
 217  8.1237927e+05 8.06e-01 6.40e+01  -6.0 4.78e+01    -  1.05e-01 6.24e-02f  1
 218  8.1236559e+05 8.03e-01 6.41e+01  -6.0 6.57e+01    -  1.83e-02 3.76e-03h  1
 219  8.1233840e+05 7.97e-01 6.39e+01  -6.0 4.59e+01    -  3.45e-02 8.18e-03h  1
iter    objective    inf_pr   inf_du lg(mu)  ||d||  lg(rg) alpha_du alpha_pr  ls
 220  8.1226082e+05 7.76e-01 6.45e+01  -6.0 5.04e+01    -  1.61e-01 2.56e-02h  1
 221  8.1222061e+05 7.65e-01 6.37e+01  -6.0 5.36e+01    -  2.55e-02 1.46e-02h  1
 222  8.1218618e+05 7.54e-01 6.34e+01  -6.0 4.96e+01    -  7.02e-02 1.36e-02h  1
 223  8.1207859e+05 7.19e-01 6.07e+01  -6.0 5.66e+01    -  7.65e-02 4.68e-02h  1
 224  8.1193585e+05 6.66e-01 5.73e+01  -6.0 5.94e+01    -  1.70e-01 7.32e-02h  1
 225  8.1192360e+05 6.61e-01 5.94e+01  -6.0 5.27e+01    -  3.40e-01 7.86e-03h  1
 226  8.1186405e+05 6.32e-01 5.69e+01  -6.0 5.78e+01    -  6.45e-02 4.42e-02h  1
 227  8.1185587e+05 6.27e-01 6.47e+01  -6.0 5.17e+01    -  6.18e-01 6.74e-03h  1
 228  8.1175274e+05 5.60e-01 5.78e+01  -6.0 3.85e+01    -  1.02e-01 1.06e-01h  1
 229  8.1174764e+05 5.56e-01 5.76e+01  -6.0 4.88e+01    -  4.95e-02 8.14e-03h  1
iter    objective    inf_pr   inf_du lg(mu)  ||d||  lg(rg) alpha_du alpha_pr  ls
 230  8.1174492e+05 5.53e-01 5.77e+01  -6.0 3.48e+01    -  4.31e-02 5.06e-03h  1
 231  8.1174194e+05 5.49e-01 5.87e+01  -6.0 3.36e+01    -  5.20e-01 6.60e-03h  1
 232  8.1173699e+05 5.38e-01 5.77e+01  -6.0 3.24e+01    -  5.92e-02 2.04e-02h  1
 233  8.1173191e+05 5.30e-01 5.75e+01  -6.0 3.52e+01    -  6.99e-02 1.56e-02h  1
 234  8.1173027e+05 5.18e-01 5.71e+01  -6.0 3.19e+01    -  1.94e-01 2.27e-02h  1
 235  8.1172605e+05 4.85e-01 5.33e+01  -6.0 3.46e+01    -  4.12e-02 6.41e-02h  1
 236  8.1172695e+05 4.77e-01 5.27e+01  -6.0 3.53e+01    -  4.23e-02 1.54e-02h  1
 237  8.1172621e+05 4.73e-01 5.34e+01  -6.0 3.40e+01    -  1.03e-01 9.24e-03h  1
 238  8.1173309e+05 4.62e-01 5.22e+01  -6.0 3.43e+01    -  3.14e-02 2.35e-02h  1
 239  8.1173865e+05 4.50e-01 5.08e+01  -6.0 3.15e+01    -  2.94e-02 2.60e-02h  1
iter    objective    inf_pr   inf_du lg(mu)  ||d||  lg(rg) alpha_du alpha_pr  ls
 240  8.1173987e+05 4.45e-01 5.09e+01  -6.0 3.30e+01    -  5.15e-02 1.01e-02h  1
 241  8.1175294e+05 4.31e-01 5.50e+01  -6.0 3.62e+01    -  8.42e-01 3.19e-02h  1
 242  8.1176895e+05 3.94e-01 5.07e+01  -6.0 3.34e+01    -  1.15e-01 8.49e-02h  1
 243  8.1178859e+05 3.84e-01 4.93e+01  -6.0 2.83e+01    -  4.83e-02 2.68e-02h  1
 244  8.1180132e+05 3.75e-01 4.89e+01  -6.0 3.08e+01    -  1.00e-01 2.19e-02h  1
 245  8.1183409e+05 3.60e-01 4.71e+01  -6.0 3.20e+01    -  6.55e-02 3.92e-02h  1
 246  8.1188408e+05 3.37e-01 4.38e+01  -6.0 2.85e+01    -  4.07e-02 6.56e-02h  1
 247  8.1189281e+05 3.34e-01 4.92e+01  -6.0 3.58e+01    -  8.65e-01 8.58e-03h  1
 248  8.1191549e+05 3.27e-01 4.85e+01  -6.0 2.04e+01    -  5.88e-02 2.00e-02h  1
 249  8.1197903e+05 3.09e-01 4.51e+01  -6.0 2.02e+01    -  4.09e-01 5.48e-02h  1
iter    objective    inf_pr   inf_du lg(mu)  ||d||  lg(rg) alpha_du alpha_pr  ls
 250  8.1202765e+05 2.96e-01 4.34e+01  -6.0 3.29e+01    -  9.30e-02 4.22e-02h  1
 251r 8.1202765e+05 2.96e-01 9.99e+02   0.6 0.00e+00    -  0.00e+00 2.62e-07R  5
 252r 8.1124688e+05 2.93e-01 9.99e+02   0.6 1.44e+06    -  6.40e-06 8.24e-07f  1
 253r 8.1120224e+05 2.94e-01 9.99e+02   0.6 4.45e+03    -  4.39e-04 1.20e-04f  1
 254  8.1120011e+05 2.94e-01 1.77e+02  -6.0 1.76e+03    -  1.81e-04 7.18e-04h  1
 255  8.1114700e+05 2.93e-01 1.76e+02  -6.0 2.26e+03    -  3.71e-04 1.33e-03f  1
 256  8.1111658e+05 4.52e-01 1.75e+02  -6.0 3.69e+02    -  2.49e-03 6.32e-03h  1
 257  8.1111376e+05 4.52e-01 1.75e+02  -6.0 7.06e+02    -  4.68e-04 3.08e-04h  1
 258  8.1106167e+05 5.62e-01 1.72e+02  -6.0 1.98e+02    -  7.19e-04 2.07e-02f  1
 259  8.1107424e+05 5.57e-01 1.70e+02  -6.0 5.65e+01    -  5.91e-06 1.32e-02h  2
iter    objective    inf_pr   inf_du lg(mu)  ||d||  lg(rg) alpha_du alpha_pr  ls
 260  8.1109376e+05 5.50e-01 1.68e+02  -6.0 4.75e+01    -  7.02e-03 1.30e-02h  1
 261  8.1109716e+05 5.49e-01 1.68e+02  -6.0 2.77e+01    -  2.46e-02 1.92e-03h  1
 262  8.1110843e+05 5.46e-01 1.67e+02  -6.0 3.67e+01    -  3.65e-02 5.75e-03h  4
 263  8.1111498e+05 5.44e-01 1.65e+02  -6.0 4.07e+01    -  2.13e-01 3.09e-03h  5
 264  8.1111653e+05 5.43e-01 1.64e+02  -6.0 4.01e+01    -  4.81e-02 7.27e-04h  7
 265  8.1111658e+05 5.43e-01 1.64e+02  -6.0 4.00e+01    -  4.73e-02 2.24e-05h 12
 266  8.1121464e+05 5.19e-01 1.57e+02  -6.0 4.00e+01    -  4.58e-02 4.58e-02s 18
 267  8.1121486e+05 5.19e-01 1.57e+02  -6.0 2.84e+01    -  1.03e-04 1.03e-04s 18
 268  8.1126818e+05 5.06e-01 1.53e+02  -6.0 2.85e+01    -  2.52e-02 2.52e-02s 18
 269  8.1132695e+05 4.92e-01 1.49e+02  -6.0 3.39e+01    -  2.69e-02 2.69e-02s 18
iter    objective    inf_pr   inf_du lg(mu)  ||d||  lg(rg) alpha_du alpha_pr  ls
 270  8.1137736e+05 4.80e-01 1.45e+02  -6.0 2.65e+01    -  2.40e-02 2.40e-02s 18
 271  8.1143334e+05 4.68e-01 1.41e+02  -6.0 3.17e+01    -  2.60e-02 2.60e-02s 18
 272r 8.1143334e+05 4.68e-01 9.99e+02   1.0 0.00e+00    -  0.00e+00 0.00e+00R  1
 273r 8.1063205e+05 4.68e-01 9.99e+02   1.0 3.65e+06    -  3.76e-06 3.43e-07f  1
 274r 8.1098249e+05 4.68e-01 9.99e+02   1.0 1.02e+04    -  2.27e-04 7.65e-05f  1
 275r 8.1070637e+05 4.66e-01 9.98e+02   1.0 7.90e+03    -  3.33e-04 3.27e-04f  1
 276  8.1069095e+05 4.67e-01 1.76e+02  -6.0 5.47e+03    -  2.02e-04 2.57e-04f  1
 277  8.1057265e+05 4.68e-01 1.76e+02  -6.0 4.58e+03    -  2.32e-04 7.34e-04f  1
 278  8.1043757e+05 4.69e-01 1.75e+02  -6.0 1.97e+03    -  3.18e-07 2.33e-03f  1
 279  8.1036280e+05 4.69e-01 1.75e+02  -6.0 1.38e+03    -  1.22e-04 9.95e-04f  1
iter    objective    inf_pr   inf_du lg(mu)  ||d||  lg(rg) alpha_du alpha_pr  ls
 280  8.1031420e+05 4.68e-01 1.75e+02  -6.0 5.57e+02    -  1.24e-04 1.39e-03f  1
 281  8.1031326e+05 4.68e-01 1.75e+02  -6.0 7.47e+02    -  4.94e-04 4.35e-04f  1
 282  8.1030152e+05 4.68e-01 1.75e+02  -6.0 4.04e+02    -  1.43e-03 1.17e-03f  1
 283  8.1029865e+05 4.60e-01 1.71e+02  -6.0 1.45e+02    -  5.81e-03 2.16e-02h  1
 284  8.1030049e+05 4.59e-01 1.71e+02  -6.0 5.44e+01    -  6.03e-04 1.62e-03h  5
 285  8.1030118e+05 4.57e-01 1.70e+02  -6.0 6.91e+01    -  1.42e-02 3.25e-03h  4
 286  8.1030144e+05 4.57e-01 1.70e+02  -6.0 4.59e+01    -  1.04e-02 1.62e-04h  8
 287  8.1030150e+05 4.57e-01 1.70e+02  -6.0 5.12e+01    -  3.47e-02 4.09e-05h 10
 288  8.1030151e+05 4.57e-01 1.69e+02  -6.0 5.11e+01    -  6.72e-03 1.02e-05h 12
 289  8.1032923e+05 4.48e-01 1.66e+02  -6.0 5.10e+01    -  1.93e-02 2.09e-02h  1
iter    objective    inf_pr   inf_du lg(mu)  ||d||  lg(rg) alpha_du alpha_pr  ls
 290  8.1038018e+05 4.40e-01 1.63e+02  -6.0 2.90e+01    -  4.08e-02 1.87e-02h  1
 291  8.1060799e+05 4.08e-01 1.52e+02  -6.0 3.24e+01    -  2.67e-02 7.19e-02h  1
 292r 8.1060799e+05 4.08e-01 9.99e+02   0.9 0.00e+00    -  0.00e+00 3.23e-07R  3
 293r 8.0938316e+05 4.08e-01 9.99e+02   0.9 6.22e+06    -  1.84e-06 3.07e-07f  1
 294r 8.1026018e+05 4.08e-01 9.98e+02   0.9 2.01e+04    -  7.58e-04 7.84e-05f  1
 295r 8.0943153e+05 4.00e-01 9.97e+02   0.9 4.07e+03    -  9.60e-04 1.08e-03f  1
 296  8.0942948e+05 4.00e-01 1.75e+02  -6.0 4.70e+03    -  4.08e-05 1.09e-05f  1
 297  8.0944118e+05 3.99e-01 1.74e+02  -6.0 2.04e+01  -2.2 1.35e-04 4.18e-03h  1
 298  8.0944148e+05 3.99e-01 1.74e+02  -6.0 5.10e+01    -  3.33e-04 1.48e-04h  1
 299  8.0944759e+05 3.98e-01 1.74e+02  -6.0 5.14e+01    -  1.07e-03 3.61e-03h  1
iter    objective    inf_pr   inf_du lg(mu)  ||d||  lg(rg) alpha_du alpha_pr  ls
 300  8.0945369e+05 3.97e-01 1.73e+02  -6.0 4.46e+01    -  2.08e-02 1.79e-03h  1

Number of Iterations....: 300

                                   (scaled)                 (unscaled)
Objective...............:   9.1319233862840374e+03    8.0945368896021706e+05
Dual infeasibility......:   1.7281099680756702e+02    1.5317966757022741e+04
Constraint violation....:   1.6298995002138755e-01    3.9684444557633497e-01
Variable bound violation:   9.9841592771099386e-09    9.9841592771099386e-09
Complementarity.........:   8.6545318225632215e+00    7.6713770075200387e+02
Overall NLP error.......:   1.7281099680756702e+02    1.5317966757022741e+04


Number of objective function evaluations             = 445
Number of objective gradient evaluations             = 272
Number of equality constraint evaluations            = 445
Number of inequality constraint evaluations          = 446
Number of equality constraint Jacobian evaluations   = 311
Number of inequality constraint Jacobian evaluations = 311
Number of Lagrangian Hessian evaluations             = 300
Total seconds in IPOPT                               = 55.646

EXIT: Maximum Number of Iterations Exceeded.

