Solver command line: ['/opt/homebrew/bin/ipopt', '/var/folders/6y/bvynbx6n3zv7z3lwg6vd724r0000gn/T/tmp9ckar43j.pyomo.nl', '-AMPL', 'tol=1e-06', 'max_iter=300', 'print_level=5', 'warm_start_init_point=yes', 'warm_start_bound_push=1e-06', 'warm_start_bound_frac=1e-06', 'warm_start_mult_bound_push=1e-06', 'mu_init=1e-06', 'least_square_init_duals=no']

Ipopt 3.14.19: tol=1e-06
max_iter=300
print_level=5
warm_start_init_point=yes
warm_start_bound_push=1e-06
warm_start_bound_frac=1e-06
warm_start_mult_bound_push=1e-06
mu_init=1e-06
least_square_init_duals=no


******************************************************************************
This program contains Ipopt, a library for large-scale nonlinear optimization.
 Ipopt is released as open source code under the Eclipse Public License (EPL).
         For more information visit https://github.com/coin-or/Ipopt
******************************************************************************

This is Ipopt version 3.14.19, running with linear solver MUMPS 5.6.2.

Number of nonzeros in equality constraint Jacobian...:    65471
Number of nonzeros in inequality constraint Jacobian.:    55904
Number of nonzeros in Lagrangian Hessian.............:    36439

Total number of variables............................:     8718
                     variables with only lower bounds:        0
                variables with lower and upper bounds:     8718
                     variables with only upper bounds:        0
Total number of equality constraints.................:     8041
Total number of inequality constraints...............:    13976
        inequality constraints with only lower bounds:        0
   inequality constraints with lower and upper bounds:        0
        inequality constraints with only upper bounds:    13976

iter    objective    inf_pr   inf_du lg(mu)  ||d||  lg(rg) alpha_du alpha_pr  ls
   0  6.8987483e+05 2.05e+01 2.10e+02  -6.0 0.00e+00    -  0.00e+00 0.00e+00   0
   1  6.9669727e+05 1.92e+01 1.96e+02  -6.0 2.22e+01    -  3.58e-02 6.77e-02h  2
   2  7.0571640e+05 1.74e+01 1.78e+02  -6.0 1.48e+01    -  2.09e-01 9.19e-02h  2
   3  7.1308137e+05 1.61e+01 1.64e+02  -6.0 3.06e+01    -  1.23e-01 7.72e-02H  1
   4  7.2201575e+05 1.45e+01 1.48e+02  -6.0 3.96e+01    -  1.08e-01 9.99e-02h  3
   5  7.3428661e+05 1.24e+01 1.26e+02  -6.0 4.85e+01    -  8.65e-01 1.46e-01h  3
   6  7.5144846e+05 9.67e+00 1.17e+02  -6.0 5.65e+01    -  1.00e+00 2.16e-01H  1
   7  7.7800030e+05 5.57e+00 1.24e+02  -6.0 5.73e+01    -  1.53e-03 4.24e-01H  1
   8  7.9436173e+05 3.34e+00 3.57e+01  -6.0 4.64e+01    -  1.00e+00 3.99e-01h  1
   9  8.0659714e+05 1.79e+00 3.08e+01  -6.0 3.26e+01    -  1.00e+00 4.62e-01h  1
iter    objective    inf_pr   inf_du lg(mu)  ||d||  lg(rg) alpha_du alpha_pr  ls
  10  8.1465018e+05 7.97e-01 1.19e+01  -6.0 1.95e+01    -  3.04e-01 5.53e-01h  1
  11  8.1790837e+05 4.46e-01 1.17e+01  -6.0 8.96e+00    -  1.00e+00 4.40e-01h  1
  12  8.2210138e+05 1.11e-02 1.68e+00  -6.0 5.02e+00    -  5.90e-01 9.73e-01h  1
  13  8.2222657e+05 1.56e-03 1.60e-01  -6.0 1.60e-01    -  1.00e+00 8.59e-01h  1
  14  8.2224732e+05 3.09e-08 1.13e-06  -6.0 2.21e-02    -  1.00e+00 1.00e+00h  1
  15  8.2224729e+05 1.01e-07 4.70e-05  -7.0 3.44e-02    -  1.00e+00 1.00e+00h  1
  16  8.2224729e+05 5.37e-11 8.56e-10  -7.0 9.23e-04    -  1.00e+00 1.00e+00h  1

Number of Iterations....: 16

                                   (scaled)                 (unscaled)
Objective...............:   9.2762554996729268e+03    8.2224728749100817e+05
Dual infeasibility......:   8.5584841743751077e-10    7.5862403721660954e-08
Constraint violation....:   2.4087966456425127e-13    5.3704360403195033e-11
Variable bound violation:   1.2866364684782639e-07    1.2866364684782639e-07
Complementarity.........:   9.0933515525632913e-08    8.0603468161921004e-06
Overall NLP error.......:   9.0933515525632913e-08    8.0603468161921004e-06


Number of objective function evaluations             = 34
Number of objective gradient evaluations             = 17
Number of equality constraint evaluations            = 34
Number of inequality constraint evaluations          = 35
Number of equality constraint Jacobian evaluations   = 17
Number of inequality constraint Jacobian evaluations = 17
Number of Lagrangian Hessian evaluations             = 16
Total seconds in IPOPT                               = 5.887

EXIT: Optimal Solution Found.

