Solver command line: ['/opt/homebrew/bin/ipopt', '/var/folders/6y/bvynbx6n3zv7z3lwg6vd724r0000gn/T/tmpdg9u662y.pyomo.nl', '-AMPL', 'tol=1e-06', 'max_iter=300', 'print_level=5', 'warm_start_init_point=yes', 'warm_start_bound_push=1e-06', 'warm_start_bound_frac=1e-06', 'warm_start_mult_bound_push=1e-06', 'mu_init=1e-06', 'least_square_init_duals=no']

Ipopt 3.14.19: tol=1e-06
max_iter=300
print_level=5
warm_start_init_point=yes
warm_start_bound_push=1e-06
warm_start_bound_frac=1e-06
warm_start_mult_bound_push=1e-06
mu_init=1e-06
least_square_init_duals=no


******************************************************************************
This program contains Ipopt, a library for large-scale nonlinear optimization.
 Ipopt is released as open source code under the Eclipse Public License (EPL).
         For more information visit https://github.com/coin-or/Ipopt
******************************************************************************

This is Ipopt version 3.14.19, running with linear solver MUMPS 5.6.2.

Number of nonzeros in equality constraint Jacobian...:    65471
Number of nonzeros in inequality constraint Jacobian.:    55904
Number of nonzeros in Lagrangian Hessian.............:    36439

Total number of variables............................:     8718
                     variables with only lower bounds:        0
                variables with lower and upper bounds:     8718
                     variables with only upper bounds:        0
Total number of equality constraints.................:     8041
Total number of inequality constraints...............:    13976
        inequality constraints with only lower bounds:        0
   inequality constraints with lower and upper bounds:        0
        inequality constraints with only upper bounds:    13976

iter    objective    inf_pr   inf_du lg(mu)  ||d||  lg(rg) alpha_du alpha_pr  ls
   0  6.8987483e+05 8.38e+00 3.99e+02  -6.0 0.00e+00    -  0.00e+00 0.00e+00   0
   1  6.8921769e+05 8.38e+00 3.99e+02  -6.0 1.19e+03    -  8.43e-06 1.52e-05f  1
   2  6.8777457e+05 8.38e+00 3.99e+02  -6.0 1.19e+03    -  2.39e-05 3.34e-05f  1
   3  6.8412896e+05 8.38e+00 3.99e+02  -6.0 1.18e+03    -  2.90e-05 8.50e-05f  1
   4  6.8002646e+05 8.38e+00 3.99e+02  -6.0 1.08e+03    -  9.98e-05 9.99e-05f  1
   5  6.6871716e+05 8.38e+00 3.99e+02  -6.0 9.12e+02    -  9.08e-05 3.16e-04f  1
   6  6.6689191e+05 8.38e+00 3.99e+02  -6.0 4.60e+02    -  1.45e-04 8.82e-05f  1
   7  6.6332916e+05 8.38e+00 3.99e+02  -6.0 3.13e+02    -  3.51e-04 2.05e-04f  1
   8  6.5318135e+05 8.37e+00 3.98e+02  -6.0 2.47e+02    -  1.74e-04 7.37e-04f  1
   9  6.5231820e+05 8.37e+00 3.98e+02  -6.0 2.08e+02    -  2.48e-03 7.98e-05f  1
iter    objective    inf_pr   inf_du lg(mu)  ||d||  lg(rg) alpha_du alpha_pr  ls
  10  6.3921220e+05 8.36e+00 3.98e+02  -6.0 2.25e+02    -  1.52e-04 1.44e-03f  1
  11  6.3728006e+05 8.35e+00 3.96e+02  -6.0 2.54e+02    -  4.24e-03 2.53e-04f  1
  12  6.2809385e+05 8.34e+00 3.96e+02  -6.0 1.91e+02    -  1.42e-04 1.97e-03f  1
  13  6.2458363e+05 8.33e+00 3.95e+02  -6.0 1.55e+02    -  1.15e-04 1.46e-03f  1
  14  6.2335868e+05 8.32e+00 3.95e+02  -6.0 5.33e+01    -  9.23e-04 9.37e-04f  1
  15  6.2321369e+05 8.32e+00 3.95e+02  -6.0 4.98e+01    -  1.15e-03 1.58e-04f  1
  16  6.2082319e+05 8.29e+00 3.94e+02  -6.0 4.96e+01    -  2.80e-04 2.88e-03f  1
  17  6.2045595e+05 8.29e+00 3.94e+02  -6.0 4.89e+01    -  9.10e-03 5.49e-04f  1
  18  6.1703372e+05 8.23e+00 3.91e+02  -6.0 4.71e+01    -  4.04e-03 6.50e-03f  1
  19  6.1511578e+05 8.19e+00 3.90e+02  -6.0 4.20e+01    -  2.98e-03 5.01e-03f  1
iter    objective    inf_pr   inf_du lg(mu)  ||d||  lg(rg) alpha_du alpha_pr  ls
  20  6.1486303e+05 8.18e+00 3.89e+02  -6.0 2.28e+01    -  6.97e-03 1.59e-03f  1
  21  6.1452073e+05 8.12e+00 3.86e+02  -6.0 2.26e+01    -  3.62e-03 7.33e-03f  1
  22  6.1454820e+05 8.07e+00 3.83e+02  -6.0 2.23e+01    -  2.31e-02 5.62e-03h  1
  23  6.1497025e+05 7.97e+00 3.78e+02  -6.0 2.25e+01    -  4.97e-03 1.30e-02H  1
  24  6.1544300e+05 7.89e+00 3.74e+02  -6.0 2.28e+01    -  1.63e-02 9.43e-03h  1
  25  6.1605865e+05 7.82e+00 3.71e+02  -6.0 2.29e+01    -  6.39e-03 9.54e-03h  1
  26  6.1687456e+05 7.73e+00 3.67e+02  -6.0 2.28e+01    -  6.84e-03 1.15e-02h  1
  27  6.1767987e+05 7.65e+00 3.62e+02  -6.0 2.29e+01    -  2.46e-02 1.06e-02h  1
  28  6.1893129e+05 7.53e+00 3.54e+02  -6.0 2.28e+01    -  3.41e-02 1.51e-02h  1
  29  6.1941875e+05 7.49e+00 3.52e+02  -6.0 2.20e+01    -  7.45e-03 5.44e-03h  1
iter    objective    inf_pr   inf_du lg(mu)  ||d||  lg(rg) alpha_du alpha_pr  ls
  30  6.1987871e+05 7.45e+00 3.45e+02  -6.0 2.15e+01    -  4.40e-02 5.17e-03h  1
  31  6.2040850e+05 7.41e+00 3.43e+02  -6.0 1.84e+01    -  9.59e-03 5.42e-03h  1
  32  6.2195765e+05 7.30e+00 3.31e+02  -6.0 1.66e+01    -  6.96e-02 1.51e-02h  1
  33  6.2667370e+05 7.02e+00 3.20e+02  -6.0 1.38e+01    -  2.11e-02 3.76e-02h  1
  34  6.3168606e+05 6.77e+00 3.08e+02  -6.0 1.80e+01    -  1.94e-02 3.63e-02h  1
  35  6.3235663e+05 6.74e+00 3.06e+02  -6.0 2.17e+01    -  4.98e-02 4.88e-03h  1
  36  6.3783560e+05 6.47e+00 2.94e+02  -6.0 2.16e+01    -  1.75e-02 3.93e-02h  1
  37  6.4105743e+05 6.32e+00 2.87e+02  -6.0 2.24e+01    -  4.63e-02 2.36e-02h  1
  38  6.4471845e+05 6.15e+00 2.79e+02  -6.0 1.63e+01    -  4.51e-02 2.67e-02h  1
  39  6.4824535e+05 5.99e+00 2.72e+02  -6.0 1.21e+01    -  2.75e-02 2.62e-02h  1
iter    objective    inf_pr   inf_du lg(mu)  ||d||  lg(rg) alpha_du alpha_pr  ls
  40  6.5376881e+05 5.74e+00 2.61e+02  -6.0 1.18e+01    -  3.05e-02 4.17e-02h  1
  41  6.5730575e+05 5.58e+00 2.52e+02  -6.0 1.04e+01    -  5.86e-02 2.75e-02h  1
  42  6.6072917e+05 5.43e+00 2.46e+02  -6.0 8.41e+00    -  1.06e-02 2.69e-02h  1
  43  6.6354554e+05 5.31e+00 2.41e+02  -6.0 8.59e+00    -  1.05e-02 2.25e-02h  1
  44  6.6736098e+05 5.15e+00 2.34e+02  -6.0 9.51e+00    -  2.32e-02 3.08e-02h  1
  45  6.7104729e+05 4.99e+00 2.22e+02  -6.0 1.00e+01    -  1.12e-01 3.04e-02h  1
  46  6.8189092e+05 4.53e+00 1.98e+02  -6.0 9.92e+00    -  1.57e-01 9.17e-02h  1
  47  6.8431387e+05 4.43e+00 1.92e+02  -6.0 5.87e+00    -  5.22e-02 2.22e-02h  1
  48  6.8592095e+05 4.37e+00 1.83e+02  -6.0 7.63e+00    -  1.23e-01 1.49e-02h  1
  49  6.8781754e+05 4.29e+00 1.79e+02  -6.0 8.36e+00    -  4.92e-02 1.77e-02h  1
iter    objective    inf_pr   inf_du lg(mu)  ||d||  lg(rg) alpha_du alpha_pr  ls
  50  6.9172101e+05 4.13e+00 1.73e+02  -6.0 1.03e+01    -  2.00e-02 3.69e-02h  1
  51  6.9330536e+05 4.07e+00 1.68e+02  -6.0 1.12e+01    -  5.95e-02 1.55e-02h  1
  52  6.9524640e+05 3.99e+00 1.66e+02  -6.0 9.98e+00    -  3.35e-06 1.92e-02h  1
  53  6.9566065e+05 3.97e+00 1.61e+02  -6.0 1.03e+01    -  1.15e-01 4.18e-03h  1
  54  6.9874368e+05 3.85e+00 1.56e+02  -6.0 9.50e+00    -  2.91e-02 3.11e-02h  1
  55  7.0269844e+05 3.69e+00 1.50e+02  -6.0 1.23e+01    -  2.16e-02 4.09e-02h  1
  56  7.0297849e+05 3.68e+00 1.49e+02  -6.0 1.02e+01    -  1.33e-02 3.01e-03h  1
  57  7.0548495e+05 3.58e+00 1.46e+02  -6.0 1.16e+01    -  2.06e-02 2.70e-02h  1
  58  7.0775544e+05 3.49e+00 1.41e+02  -6.0 1.33e+01    -  4.01e-02 2.51e-02h  1
  59  7.1009179e+05 3.40e+00 1.38e+02  -6.0 1.32e+01    -  2.24e-02 2.64e-02h  1
iter    objective    inf_pr   inf_du lg(mu)  ||d||  lg(rg) alpha_du alpha_pr  ls
  60  7.1112466e+05 3.36e+00 1.35e+02  -6.0 1.84e+01    -  3.22e-02 1.20e-02h  1
  61  7.1373088e+05 3.26e+00 1.32e+02  -6.0 1.67e+01    -  5.95e-03 3.05e-02h  1
  62  7.1423894e+05 3.24e+00 1.31e+02  -6.0 1.38e+01    -  2.32e-02 6.16e-03h  1
  63  7.1433843e+05 3.23e+00 1.30e+02  -6.0 1.46e+01    -  3.65e-02 1.21e-03h  1
  64  7.1564736e+05 3.18e+00 1.28e+02  -6.0 2.61e+01    -  2.80e-02 1.59e-02h  1
  65  7.1569673e+05 3.18e+00 1.27e+02  -6.0 1.53e+01    -  1.27e-02 6.09e-04h  1
  66  7.1782641e+05 3.10e+00 1.25e+02  -6.0 1.17e+01    -  6.97e-03 2.59e-02h  1
  67  7.1849755e+05 3.07e+00 1.24e+02  -6.0 1.19e+01    -  7.68e-03 8.28e-03h  1
  68  7.2020533e+05 3.00e+00 1.22e+02  -6.0 2.47e+01    -  7.67e-07 2.15e-02h  1
  69r 7.2020533e+05 3.00e+00 9.99e+02  -0.0 0.00e+00    -  0.00e+00 7.64e-08R  2
iter    objective    inf_pr   inf_du lg(mu)  ||d||  lg(rg) alpha_du alpha_pr  ls
  70r 7.1902134e+05 3.03e+00 9.99e+02  -0.0 4.65e+05    -  1.21e-05 1.14e-06f  1
  71r 7.2085940e+05 2.96e+00 9.99e+02  -0.0 5.14e+03    -  2.48e-04 1.03e-04f  1
  72r 7.2164688e+05 2.98e+00 9.99e+02  -0.0 9.18e+02    -  2.01e-05 2.79e-04f  1
  73r 7.2212195e+05 3.08e+00 9.99e+02  -0.0 5.72e+02    -  1.97e-04 2.06e-04f  1
  74r 7.2401415e+05 3.44e+00 9.98e+02  -0.0 7.20e+02    -  1.33e-04 9.06e-04f  1
  75r 7.2473611e+05 3.47e+00 9.98e+02  -0.0 4.92e+02    -  3.96e-04 4.21e-04f  1
  76r 7.2516358e+05 3.42e+00 9.97e+02  -0.0 3.99e+02    -  1.92e-04 7.32e-04f  1
  77r 7.2565910e+05 3.29e+00 9.97e+02  -0.0 3.54e+02    -  5.87e-04 7.01e-04f  1
  78r 7.2709933e+05 3.58e+00 9.96e+02  -0.0 2.85e+02    -  5.65e-04 2.57e-03f  1
  79r 7.2784121e+05 4.39e+00 9.95e+02  -0.0 2.34e+02    -  7.73e-04 2.13e-03f  1
iter    objective    inf_pr   inf_du lg(mu)  ||d||  lg(rg) alpha_du alpha_pr  ls
  80r 7.2855257e+05 5.30e+00 9.93e+02  -0.0 1.08e+02    -  1.53e-03 3.78e-03f  1
  81r 7.2864192e+05 5.82e+00 9.86e+02  -0.0 6.40e+01    -  7.47e-03 4.39e-03f  1
  82r 7.2790638e+05 6.61e+00 9.04e+02  -0.0 4.26e+01    -  8.69e-02 1.52e-02f  1
  83r 7.2756018e+05 8.94e+00 8.13e+02  -0.0 1.50e+01    -  1.02e-01 7.88e-02f  1
  84r 7.2596894e+05 7.88e+00 5.62e+02  -0.0 1.64e+01    -  3.95e-01 1.13e-01f  1
  85r 7.3032639e+05 4.73e+00 4.03e+02  -0.0 8.18e+00    -  5.33e-01 1.94e-01f  1
  86r 7.3363578e+05 2.91e+00 2.67e+02  -0.0 4.04e+00    -  6.59e-01 2.21e-01f  1
  87r 7.5695465e+05 2.49e+00 1.89e+02  -0.0 1.71e+01    -  6.90e-01 1.25e-01f  1
  88r 8.2295231e+05 1.51e+00 1.45e+02  -0.0 8.11e+00    -  7.54e-01 2.34e-01f  1
  89r 8.3188946e+05 1.49e+00 9.52e+01  -0.0 1.98e+00    -  1.00e+00 5.53e-01f  1
iter    objective    inf_pr   inf_du lg(mu)  ||d||  lg(rg) alpha_du alpha_pr  ls
  90r 8.2665573e+05 1.49e+00 2.73e+01  -0.0 4.07e-01    -  1.00e+00 1.00e+00f  1
  91  8.2632115e+05 1.49e+00 8.57e+01  -6.0 1.84e+02    -  2.32e-03 8.88e-04f  1
  92  8.2632094e+05 1.49e+00 8.57e+01  -6.0 3.58e+01  -0.7 1.41e-02 8.26e-07f  1
  93  8.2432833e+05 1.48e+00 8.52e+01  -6.0 4.52e+01  -1.1 1.17e-02 6.50e-03f  1
  94  8.2105041e+05 1.47e+00 8.43e+01  -6.0 4.76e+01  -1.6 3.73e-02 1.03e-02f  1
  95  8.1948324e+05 1.45e+00 8.36e+01  -6.0 2.14e+01  -0.3 1.54e-01 9.57e-03f  1
  96  8.1503547e+05 1.42e+00 8.18e+01  -6.0 3.01e+01  -0.8 7.39e-02 2.22e-02f  1
  97  8.1503237e+05 1.42e+00 8.09e+01  -6.0 1.75e+00  -0.3 2.23e-01 7.74e-05f  1
  98  8.1184830e+05 1.24e+00 6.90e+01  -6.0 1.39e+00   0.1 1.78e-01 1.27e-01f  1
  99  8.1171776e+05 1.23e+00 7.05e+01  -6.0 2.59e+00  -0.4 1.80e-01 5.70e-03f  1
iter    objective    inf_pr   inf_du lg(mu)  ||d||  lg(rg) alpha_du alpha_pr  ls
 100  8.1142325e+05 1.21e+00 6.27e+01  -6.0 1.59e+00   0.0 3.35e-01 2.04e-02f  1
 101  8.1076482e+05 1.16e+00 6.33e+01  -6.0 2.97e+00  -0.4 1.60e-01 4.16e-02f  1
 102  8.1066902e+05 1.14e+00 6.16e+01  -6.0 1.97e+00  -0.0 2.49e-01 1.12e-02f  1
 103  8.1055701e+05 1.13e+00 6.70e+01  -6.0 3.78e+00  -0.5 1.40e-01 9.89e-03f  1
 104  8.1030676e+05 1.08e+00 6.57e+01  -6.0 2.18e+00  -0.1 2.28e-01 4.32e-02f  1
 105  8.1011239e+05 1.06e+00 7.26e+01  -6.0 2.94e+00  -0.6 1.64e-01 2.38e-02f  1
 106  8.1006418e+05 1.04e+00 7.54e+01  -6.0 1.90e+00  -0.1 1.96e-01 1.46e-02f  1
 107  8.0983147e+05 1.00e+00 7.35e+01  -6.0 3.20e+00  -0.6 5.31e-02 3.81e-02f  1
 108  8.0981248e+05 9.94e-01 7.81e+01  -6.0 1.95e+00  -0.2 1.69e-01 7.95e-03f  1
 109  8.0979366e+05 9.90e-01 8.40e+01  -6.0 4.24e+00  -0.7 8.36e-02 3.72e-03f  1
iter    objective    inf_pr   inf_du lg(mu)  ||d||  lg(rg) alpha_du alpha_pr  ls
 110  8.0972775e+05 9.53e-01 8.48e+01  -6.0 2.14e+00  -0.2 1.42e-01 3.78e-02f  1
 111  8.0976723e+05 9.40e-01 8.22e+01  -6.0 1.58e+00   0.2 2.21e-01 1.31e-02h  1
 112  8.0968083e+05 8.94e-01 8.36e+01  -6.0 2.80e+00  -0.3 1.48e-01 4.87e-02f  1
 113  8.0973921e+05 8.78e-01 8.41e+01  -6.0 2.23e+00   0.1 2.44e-01 1.78e-02h  1
 114  8.0970920e+05 8.64e-01 8.59e+01  -6.0 3.08e+00  -0.3 6.41e-02 1.66e-02f  1
 115  8.0982188e+05 8.30e-01 8.75e+01  -6.0 1.55e+00   0.1 2.21e-01 3.85e-02h  1
 116  8.0978633e+05 8.19e-01 9.18e+01  -6.0 2.88e+00  -0.4 8.62e-02 1.43e-02f  1
 117  8.0980569e+05 8.13e-01 9.79e+01  -6.0 1.59e+00   0.0 1.85e-01 7.14e-03h  1
 118  8.0968943e+05 7.77e-01 9.98e+01  -6.0 3.42e+00  -0.4 1.25e-01 4.40e-02f  1
 119  8.0971756e+05 7.69e-01 1.04e+02  -6.0 1.71e+00  -0.0 1.30e-01 1.06e-02h  1
iter    objective    inf_pr   inf_du lg(mu)  ||d||  lg(rg) alpha_du alpha_pr  ls
 120  8.0969683e+05 7.61e-01 1.09e+02  -6.0 3.36e+00  -0.5 8.48e-02 9.59e-03f  1
 121  8.0986050e+05 7.14e-01 1.07e+02  -6.0 1.62e+00  -0.1 1.70e-01 6.17e-02H  1
 122  8.0982005e+05 6.98e-01 1.10e+02  -6.0 3.26e+00  -0.5 9.15e-02 2.29e-02f  1
 123  8.0993688e+05 6.62e-01 1.14e+02  -6.0 1.93e+00  -0.1 2.33e-01 5.07e-02h  1
 124  8.0992384e+05 6.56e-01 1.19e+02  -6.0 2.84e+00  -0.6 1.24e-01 9.86e-03f  1
 125  8.0999579e+05 6.34e-01 1.20e+02  -6.0 1.74e+00  -0.2 1.41e-01 3.30e-02h  3
 126  8.0995637e+05 6.11e-01 1.20e+02  -6.0 2.62e+00  -0.6 1.27e-01 3.70e-02f  2
 127  8.1009267e+05 5.69e-01 1.17e+02  -6.0 1.75e+00  -0.2 2.05e-01 6.86e-02H  1
 128  8.1008947e+05 5.65e-01 1.25e+02  -6.0 2.65e+00  -0.7 2.75e-01 5.63e-03h  1
 129  8.1013088e+05 5.54e-01 1.26e+02  -6.0 1.69e+00  -0.3 1.52e-01 2.03e-02h  1
iter    objective    inf_pr   inf_du lg(mu)  ||d||  lg(rg) alpha_du alpha_pr  ls
 130  8.1013169e+05 5.49e-01 1.32e+02  -6.0 2.60e+00  -0.7 4.67e-01 9.32e-03h  1
 131  8.1021770e+05 5.28e-01 1.29e+02  -6.0 1.62e+00  -0.3 2.16e-01 3.83e-02h  1
 132  8.1022945e+05 5.20e-01 1.27e+02  -6.0 3.62e+00  -0.8 5.76e-01 1.52e-02h  1
 133  8.1031875e+05 4.99e-01 1.23e+02  -6.0 2.18e+00  -0.4 1.71e-01 3.93e-02h  1
 134  8.1035263e+05 4.87e-01 1.20e+02  -6.0 2.74e+00  -0.8 7.58e-02 2.38e-02h  3
 135  8.1056311e+05 4.41e-01 1.09e+02  -6.0 2.10e+00  -0.4 1.38e-01 9.49e-02H  1
 136  8.1059453e+05 4.29e-01 1.06e+02  -6.0 2.96e+00  -0.9 1.93e-01 2.57e-02h  1
 137  8.1064277e+05 4.18e-01 1.06e+02  -6.0 3.26e+00  -0.5 1.63e-01 2.64e-02h  1
 138  8.1069352e+05 4.01e-01 1.01e+02  -6.0 3.37e+00  -0.9 4.22e-02 4.19e-02h  2
 139  8.1076952e+05 3.84e-01 1.02e+02  -6.0 3.44e+00  -0.5 3.52e-01 4.09e-02h  1
iter    objective    inf_pr   inf_du lg(mu)  ||d||  lg(rg) alpha_du alpha_pr  ls
 140  8.1082039e+05 3.71e-01 9.74e+01  -6.0 4.47e+00  -1.0 8.72e-02 3.30e-02h  2
 141  8.1091732e+05 3.53e-01 9.31e+01  -6.0 2.96e+00  -0.6 1.24e-01 4.98e-02h  1
 142  8.1098049e+05 3.39e-01 8.44e+01  -6.0 4.22e+00  -1.0 3.35e-01 4.03e-02h  1
 143  8.1109983e+05 3.18e-01 8.05e+01  -6.0 3.18e+00  -0.6 4.51e-01 6.17e-02h  1
 144  8.1117813e+05 3.03e-01 7.42e+01  -6.0 3.57e+00  -1.1 1.82e-01 4.53e-02h  2
 145  8.1128698e+05 2.86e-01 6.96e+01  -6.0 2.85e+00  -0.7 3.85e-01 5.68e-02h  1
 146  8.1137246e+05 2.72e-01 6.31e+01  -6.0 3.08e+00  -1.1 2.00e-01 4.96e-02h  1
 147  8.1146751e+05 2.60e-01 6.08e+01  -6.0 4.19e+00  -0.7 7.48e-02 4.23e-02h  1
 148r 8.1146751e+05 2.60e-01 9.99e+02  -1.4 0.00e+00  -1.2 0.00e+00 3.13e-07R  5
 149r 8.1019793e+05 2.88e-01 9.97e+02  -1.4 1.62e+03    -  1.96e-03 2.66e-04f  1
iter    objective    inf_pr   inf_du lg(mu)  ||d||  lg(rg) alpha_du alpha_pr  ls
 150  8.1028881e+05 2.81e-01 2.47e+02  -6.0 5.57e+00  -0.8 2.18e-02 2.59e-02h  1
 151  8.1033464e+05 2.76e-01 2.44e+02  -6.0 4.45e+00  -1.3 8.87e-03 1.61e-02h  3
 152  8.1035470e+05 2.74e-01 2.40e+02  -6.0 4.83e+00  -1.7 4.27e-02 7.85e-03h  3
 153  8.1036065e+05 2.74e-01 2.37e+02  -6.0 7.99e+00  -2.2 4.76e-02 2.64e-03h  4
 154  8.1036235e+05 2.73e-01 2.33e+02  -6.0 1.97e+01  -2.7 5.62e-02 9.57e-04h  6
 155  8.1036262e+05 2.73e-01 2.32e+02  -6.0 9.29e+01  -3.2 2.08e-02 2.65e-04h  8
 156  8.1036447e+05 2.73e-01 2.25e+02  -6.0 2.21e+01  -2.7 1.26e-01 9.99e-04h  6
 157  8.1037379e+05 2.72e-01 2.14e+02  -6.0 8.86e+00  -2.3 1.88e-01 3.80e-03h  4
 158  8.1037747e+05 2.71e-01 2.10e+02  -6.0 2.43e+01  -2.8 8.83e-02 1.73e-03h  5
 159  8.1038080e+05 2.71e-01 2.08e+02  -6.0 2.74e+01  -2.8 4.45e-02 1.65e-03h  5
iter    objective    inf_pr   inf_du lg(mu)  ||d||  lg(rg) alpha_du alpha_pr  ls
 160  8.1038078e+05 2.71e-01 2.07e+02  -6.0 3.81e+02  -3.3 3.99e-03 9.12e-05h  9
 161  8.1032657e+05 2.71e-01 2.08e+02  -6.0 3.29e+04  -3.4 1.65e-04 2.69e-04w  1
 162  8.1033383e+05 2.70e-01 2.07e+02  -6.0 3.22e+01  -3.8 1.55e-06 3.18e-03w  1
 163  8.1039249e+05 2.64e-01 1.99e+02  -6.0 3.77e+01  -2.5 1.13e-01 2.21e-02w  1
 164  8.1038067e+05 2.71e-01 2.07e+02  -6.0 7.37e+01  -3.0 1.65e-04 5.25e-07f  9
 165  8.1038820e+05 2.70e-01 1.92e+02  -6.0 1.38e+01  -2.6 3.67e-01 3.03e-03h  4
 166  8.1038972e+05 2.70e-01 1.91e+02  -6.0 5.34e+01  -3.0 4.08e-02 7.96e-04h  6
 167  8.1039352e+05 2.69e-01 1.89e+02  -6.0 1.59e+01  -2.6 1.62e-01 1.81e-03h  5
 168  8.1039402e+05 2.69e-01 1.89e+02  -6.0 7.66e+01  -3.1 2.76e-02 5.54e-04h  8
 169  8.1039589e+05 2.69e-01 1.90e+02  -6.0 1.96e+01  -2.7 8.35e-02 1.33e-03h  7
iter    objective    inf_pr   inf_du lg(mu)  ||d||  lg(rg) alpha_du alpha_pr  ls
 170  8.1039808e+05 2.69e-01 1.99e+02  -6.0 2.25e+01  -2.7 3.64e-01 1.69e-03h  7
 171  8.1039868e+05 2.68e-01 1.99e+02  -6.0 1.44e+02  -3.2 1.18e-02 2.32e-04h  9
 172  8.1040570e+05 2.68e-01 1.99e+02  -6.0 2.30e+01  -2.8 3.18e-02 1.90e-03h  7
 173  8.1040596e+05 2.68e-01 1.98e+02  -6.0 2.22e+02  -3.2 9.97e-03 7.65e-05h 10
 174  8.1098526e+05 2.34e-01 1.74e+02  -6.0 2.31e+01  -2.8 9.52e-02 1.24e-01w  1
 175  8.1098527e+05 2.34e-01 1.80e+02  -6.0 4.15e+01  -3.3 1.23e-01 3.87e-06w  1
 176  8.1234613e+05 1.53e-01 1.08e+02  -6.0 1.06e+01  -2.9 7.62e-02 3.47e-01w  1
 177  8.1041501e+05 2.67e-01 1.97e+02  -6.0 1.33e+02    -  9.52e-02 1.94e-03h  6
 178  8.1043363e+05 2.66e-01 1.96e+02  -6.0 8.80e+00  -2.4 3.37e-02 3.76e-03h  6
 179  8.1044235e+05 2.66e-01 1.95e+02  -6.0 2.95e+01  -2.9 1.14e-01 1.85e-03h  7
iter    objective    inf_pr   inf_du lg(mu)  ||d||  lg(rg) alpha_du alpha_pr  ls
 180  8.1047827e+05 2.64e-01 1.93e+02  -6.0 8.96e+00  -2.5 3.26e-02 7.17e-03h  5
 181  8.1048650e+05 2.64e-01 1.89e+02  -6.0 3.49e+01  -3.0 4.00e-01 1.71e-03h  7
 182  8.1051574e+05 2.62e-01 1.88e+02  -6.0 8.56e+00  -2.5 3.69e-02 5.72e-03h  5
 183  8.1052351e+05 2.62e-01 1.87e+02  -6.0 4.16e+01  -3.0 5.85e-02 1.58e-03h  7
 184  8.1055513e+05 2.60e-01 1.86e+02  -6.0 8.76e+00  -2.6 1.25e-01 6.17e-03h  5
 185  8.1056237e+05 2.60e-01 1.85e+02  -6.0 4.82e+01  -3.1 5.99e-02 1.47e-03h  7
 186  8.1062123e+05 2.57e-01 1.83e+02  -6.0 9.78e+00  -2.6 2.19e-01 1.14e-02h  4
 187  8.1102810e+05 2.36e-01 1.67e+02  -6.0 1.13e+01  -2.7 5.89e-01 8.22e-02w  1
 188  8.1109335e+05 2.31e-01 1.65e+02  -6.0 4.10e+01    -  5.17e-02 1.87e-02w  1
 189  8.1137714e+05 2.14e-01 1.54e+02  -6.0 5.63e+00    -  1.08e-01 7.55e-02w  1
iter    objective    inf_pr   inf_du lg(mu)  ||d||  lg(rg) alpha_du alpha_pr  ls
 190  8.1067209e+05 2.54e-01 1.81e+02  -6.0 2.50e+00    -  5.89e-01 1.03e-02h  3
 191  8.1068360e+05 2.53e-01 1.80e+02  -6.0 4.96e+01  -3.2 7.89e-02 2.32e-03h  6
 192  8.1069026e+05 2.53e-01 1.79e+02  -6.0 8.50e+02  -3.7 3.00e-03 3.00e-03s 15
 193  8.1105635e+05 2.34e-01 1.66e+02  -6.0 2.82e+01  -3.2 7.22e-02 7.22e-02s 15
 194  8.1112366e+05 2.30e-01 1.63e+02  -6.0 3.10e+01    -  1.91e-02 1.91e-02s 15
 195  8.1133858e+05 2.16e-01 1.54e+02  -6.0 9.11e+00    -  5.86e-02 5.86e-02s 15
 196  8.1193533e+05 1.83e-01 1.30e+02  -6.0 3.24e+00    -  1.53e-01 1.53e-01s 15
 197  8.1276926e+05 1.47e-01 1.05e+02  -6.0 2.95e+00    -  1.95e-01 1.95e-01s 15
 198  8.1321495e+05 1.33e-01 9.42e+01  -6.0 2.33e+00    -  1.00e-01 1.00e-01s 15
 199  8.1372743e+05 1.17e-01 8.32e+01  -6.0 2.89e+00    -  1.16e-01 1.16e-01s 15
iter    objective    inf_pr   inf_du lg(mu)  ||d||  lg(rg) alpha_du alpha_pr  ls
 200r 8.1372743e+05 1.17e-01 9.99e+02  -0.2 0.00e+00    -  0.00e+00 0.00e+00R  1
 201r 8.1234611e+05 1.22e-01 9.99e+02  -0.2 1.51e+05    -  1.91e-05 4.29e-06f  1
 202r 8.1371904e+05 1.17e-01 9.97e+02  -0.2 4.78e+03    -  1.80e-03 1.02e-04f  1
 203r 8.1363381e+05 1.17e-01 9.96e+02  -0.2 2.25e+02    -  1.03e-03 2.82e-03f  1
 204r 8.1354929e+05 1.19e-01 9.92e+02  -0.2 2.13e+02    -  3.93e-03 4.44e-03f  1
 205r 8.1346208e+05 1.22e-01 9.87e+02  -0.2 1.35e+02    -  5.50e-03 6.20e-03f  1
 206r 8.1309465e+05 1.39e-01 9.77e+02  -0.2 4.92e+01    -  9.62e-03 2.04e-02f  1
 207r 8.1242039e+05 1.66e-01 9.11e+02  -0.2 2.99e+01    -  6.77e-02 4.07e-02f  1
 208r 8.0976570e+05 2.21e-01 6.64e+02  -0.2 7.64e+00    -  8.97e-01 1.60e-01f  1
 209r 8.2386073e+05 1.52e-01 4.63e+02  -0.2 1.30e+02    -  1.16e-01 1.67e-02f  1
iter    objective    inf_pr   inf_du lg(mu)  ||d||  lg(rg) alpha_du alpha_pr  ls
 210r 7.9710203e+05 6.53e-01 3.08e+02  -0.2 7.65e+00    -  2.85e-01 4.93e-01f  1
 211r 8.4160642e+05 7.15e-01 2.92e+02  -0.2 2.46e+00    -  7.03e-01 4.48e-01f  1
 212r 8.5977905e+05 8.65e-01 1.90e+02  -0.2 1.47e+00    -  1.00e+00 6.42e-01f  1
 213r 8.5140590e+05 1.12e+00 5.30e+01  -0.2 8.88e-01    -  1.00e+00 1.00e+00f  1
 214  8.5025509e+05 1.10e+00 2.27e+02  -6.0 2.09e+01  -1.0 1.06e-02 1.03e-02f  1
 215  8.4965603e+05 1.10e+00 2.25e+02  -6.0 2.76e+01  -1.5 1.63e-02 4.47e-03f  1
 216  8.4609442e+05 1.02e+00 2.12e+02  -6.0 7.88e+00  -0.1 1.76e-04 7.06e-02f  2
 217  8.4433183e+05 9.48e-01 1.77e+02  -6.0 3.84e+00   0.3 2.75e-01 7.14e-02f  1
 218  8.4376289e+05 9.38e-01 1.74e+02  -6.0 8.23e+00  -0.2 8.38e-02 1.06e-02f  3
 219  8.4274838e+05 9.02e-01 1.65e+02  -6.0 3.56e+00   0.2 7.47e-02 3.85e-02f  2
iter    objective    inf_pr   inf_du lg(mu)  ||d||  lg(rg) alpha_du alpha_pr  ls
 220  8.4202507e+05 8.03e-01 1.02e+02  -6.0 1.36e+00   0.7 4.92e-01 1.09e-01f  1
 221  8.4089259e+05 7.75e-01 9.67e+01  -6.0 3.24e+00   0.2 1.86e-01 3.50e-02f  2
 222  8.4039934e+05 7.35e-01 5.85e+01  -6.0 9.83e-01   0.6 6.02e-01 5.15e-02f  2
 223  8.3955297e+05 7.19e-01 5.87e+01  -6.0 2.85e+00   0.1 2.87e-01 2.21e-02f  1
 224  8.3911929e+05 6.89e-01 5.21e+01  -6.0 1.03e+00   0.6 4.71e-01 4.10e-02f  1
 225  8.3783878e+05 6.65e-01 5.36e+01  -6.0 2.11e+00   0.1 5.03e-01 3.54e-02f  2
 226  8.3700996e+05 6.16e-01 4.43e+01  -6.0 1.10e+00   0.5 7.12e-01 7.29e-02f  2
 227  8.3615606e+05 6.01e-01 4.28e+01  -6.0 2.18e+00   0.0 1.28e-01 2.39e-02f  2
 228  8.3542879e+05 5.71e-01 4.21e+01  -6.0 1.20e+00   0.5 7.02e-01 5.06e-02f  1
 229  8.3557213e+05 5.16e-01 4.68e+01  -6.0 7.07e-01   0.9 9.97e-01 9.58e-02h  3
iter    objective    inf_pr   inf_du lg(mu)  ||d||  lg(rg) alpha_du alpha_pr  ls
 230  8.3401233e+05 4.87e-01 4.24e+01  -6.0 1.70e+00   0.4 8.58e-01 5.62e-02f  3
 231  8.3354696e+05 3.40e-01 3.25e+01  -6.0 7.33e-01   0.8 8.29e-01 3.00e-01F  1
 232  8.3174494e+05 3.19e-01 2.85e+01  -6.0 1.85e+00   0.3 7.65e-01 6.02e-02f  2
 233  8.3133266e+05 3.16e-01 2.77e+01  -6.0 5.76e+00  -0.1 8.77e-02 8.14e-03f  4
 234  8.3126172e+05 3.15e-01 2.74e+01  -6.0 1.65e+00   0.3 3.31e-01 2.94e-03f  1
 235  8.2945713e+05 2.26e-01 2.08e+01  -6.0 7.44e-01   0.7 7.82e-01 2.79e-01F  1
 236  8.2718378e+05 2.04e-01 1.91e+01  -6.0 1.60e+00   0.2 2.68e-02 9.51e-02f  1
 237  8.2646731e+05 1.88e-01 1.79e+01  -6.0 7.78e-01   0.7 5.06e-01 7.78e-02f  1
 238  8.2487138e+05 1.72e-01 1.64e+01  -6.0 1.25e+00   0.2 6.96e-02 8.42e-02f  1
 239  8.2415332e+05 1.57e-01 1.50e+01  -6.0 6.82e-01   0.6 6.76e-04 8.99e-02f  1
iter    objective    inf_pr   inf_du lg(mu)  ||d||  lg(rg) alpha_du alpha_pr  ls
 240  8.2412189e+05 1.56e-01 1.50e+01  -6.0 1.05e+00   0.1 6.01e-02 2.05e-03f  1
 241  8.2082565e+05 8.92e-02 4.03e+01  -6.0 6.67e-01   0.6 6.05e-04 4.23e-01F  1
 242  8.2074558e+05 8.82e-02 1.49e+01  -6.0 2.34e+00   0.1 5.97e-02 1.08e-02f  1
 243  8.2073578e+05 8.79e-02 1.62e+01  -6.0 9.77e-01   0.5 9.61e-05 2.94e-03f  1
 244  8.2013641e+05 7.54e-02 1.07e+02  -6.0 6.93e-01   0.0 3.84e-01 1.42e-01f  1
 245  8.1997766e+05 6.60e-02 5.29e+01  -6.0 1.72e+00  -0.4 3.33e-03 1.24e-01f  2
 246  8.1999983e+05 5.24e-02 1.52e+01  -6.0 6.36e-01  -0.0 2.06e-02 2.04e-01h  1
 247  8.1998911e+05 4.63e-02 1.49e+01  -6.0 1.40e+00  -0.5 1.11e-01 1.16e-01h  1
 248  8.1998384e+05 4.60e-02 8.82e+00  -6.0 1.15e+01  -1.0 1.04e-01 7.15e-03h  1
 249  8.2011737e+05 4.11e-02 2.80e+01  -6.0 1.12e+00  -0.5 2.54e-01 1.07e-01h  1
iter    objective    inf_pr   inf_du lg(mu)  ||d||  lg(rg) alpha_du alpha_pr  ls
 250  8.2016441e+05 3.95e-02 5.37e+01  -6.0 2.15e+00  -1.0 2.11e-01 3.77e-02h  1
 251  8.2020395e+05 3.85e-02 9.70e+01  -6.0 9.06e-01  -0.6 4.50e-01 2.50e-02h  1
 252  8.2030050e+05 3.60e-02 1.00e+02  -6.0 2.93e+00  -1.1 1.95e-01 6.49e-02h  2
 253  8.2046967e+05 3.24e-02 9.07e+01  -6.0 9.06e-01  -0.6 1.23e-01 1.02e-01h  1
 254  8.2055484e+05 3.04e-02 1.02e+02  -6.0 1.51e+00  -1.1 9.99e-01 6.03e-02h  2
 255  8.2088930e+05 2.39e-02 7.97e+01  -6.0 7.57e-01  -0.7 2.59e-01 2.15e-01h  1
 256  8.2093619e+05 2.29e-02 6.21e+01  -6.0 9.48e-01  -1.2 1.00e+00 4.04e-02h  1
 257  8.2115639e+05 1.87e-02 4.67e+01  -6.0 5.59e-01  -0.7 6.17e-01 1.84e-01h  1
 258  8.2117896e+05 1.82e-02 4.36e+01  -6.0 7.18e-01  -1.2 1.14e-01 2.37e-02h  1
 259  8.2119431e+05 1.80e-02 6.07e+01  -6.0 2.96e+00  -1.7 1.00e+00 1.62e-02h  1
iter    objective    inf_pr   inf_du lg(mu)  ||d||  lg(rg) alpha_du alpha_pr  ls
 260  8.2145395e+05 1.33e-02 3.70e+01  -6.0 5.17e-01  -1.3 3.13e-02 2.61e-01h  1
 261  8.2167558e+05 9.30e-03 4.31e+01  -6.0 5.87e-01  -1.7 9.20e-01 2.97e-01h  1
 262  8.2173939e+05 8.20e-03 4.55e+01  -6.0 6.29e-01  -2.2 6.86e-01 1.18e-01h  1
 263  8.2174021e+05 8.19e-03 4.52e+01  -6.0 3.77e+02    -  1.73e-02 1.76e-03h  3
 264  8.2174233e+05 8.15e-03 4.49e+01  -6.0 2.21e+02    -  4.33e-02 4.50e-03h  2
 265  8.2175555e+05 7.93e-03 4.43e+01  -6.0 3.60e+01    -  1.34e-01 2.76e-02h  1
 266  8.2179245e+05 7.30e-03 4.14e+01  -6.0 2.20e+01    -  1.98e-01 7.87e-02h  1
 267  8.2180509e+05 7.09e-03 3.55e+01  -6.0 1.37e+01    -  8.02e-01 2.89e-02h  1
 268  8.2194310e+05 4.77e-03 2.13e+01  -6.0 1.36e+00    -  1.00e+00 3.23e-01h  1
 269  8.2198988e+05 4.01e-03 1.77e+01  -6.0 4.77e-01    -  1.00e+00 1.58e-01h  1
iter    objective    inf_pr   inf_du lg(mu)  ||d||  lg(rg) alpha_du alpha_pr  ls
 270  8.2199290e+05 3.96e-03 1.62e+01  -6.0 3.87e-01    -  1.00e+00 1.20e-02h  1
 271  8.2209358e+05 2.34e-03 9.03e+00  -6.0 3.85e-01    -  1.00e+00 4.03e-01h  1
 272  8.2223738e+05 7.01e-04 5.78e-01  -6.0 2.62e-01    -  1.00e+00 9.46e-01h  1
 273  8.2224730e+05 1.76e-05 4.83e-03  -6.0 3.63e-02    -  1.00e+00 1.00e+00h  1
 274  8.2224732e+05 5.18e-10 6.41e-09  -6.0 1.69e-04    -  1.00e+00 1.00e+00h  1
 275  8.2224729e+05 1.00e-07 4.70e-05  -7.0 3.43e-02    -  1.00e+00 1.00e+00f  1
 276  8.2224729e+05 5.24e-11 1.05e-09  -7.0 9.24e-04    -  1.00e+00 1.00e+00h  1

Number of Iterations....: 276

                                   (scaled)                 (unscaled)
Objective...............:   9.2762554996728395e+03    8.2224728749100049e+05
Dual infeasibility......:   1.0492187750929253e-09    9.3002752224236901e-08
Constraint violation....:   2.3515755429289126e-13    5.2428020258510337e-11
Variable bound violation:   1.2866364684782639e-07    1.2866364684782639e-07
Complementarity.........:   9.0933516792399114e-08    8.0603469284782574e-06
Overall NLP error.......:   9.0933516792399114e-08    8.0603469284782574e-06


Number of objective function evaluations             = 589
Number of objective gradient evaluations             = 245
Number of equality constraint evaluations            = 589
Number of inequality constraint evaluations          = 590
Number of equality constraint Jacobian evaluations   = 280
Number of inequality constraint Jacobian evaluations = 280
Number of Lagrangian Hessian evaluations             = 276
Total seconds in IPOPT                               = 67.091

EXIT: Optimal Solution Found.

