Solver command line: ['/opt/homebrew/bin/ipopt', '/var/folders/6y/bvynbx6n3zv7z3lwg6vd724r0000gn/T/tmpiw4dfsur.pyomo.nl', '-AMPL', 'tol=1e-06', 'max_iter=300', 'print_level=5', 'warm_start_init_point=yes', 'warm_start_bound_push=1e-06', 'warm_start_bound_frac=1e-06', 'warm_start_mult_bound_push=1e-06', 'mu_init=1e-06', 'least_square_init_duals=no']

Ipopt 3.14.19: tol=1e-06
max_iter=300
print_level=5
warm_start_init_point=yes
warm_start_bound_push=1e-06
warm_start_bound_frac=1e-06
warm_start_mult_bound_push=1e-06
mu_init=1e-06
least_square_init_duals=no


******************************************************************************
This program contains Ipopt, a library for large-scale nonlinear optimization.
 Ipopt is released as open source code under the Eclipse Public License (EPL).
         For more information visit https://github.com/coin-or/Ipopt
******************************************************************************

This is Ipopt version 3.14.19, running with linear solver MUMPS 5.6.2.

Number of nonzeros in equality constraint Jacobian...:    65471
Number of nonzeros in inequality constraint Jacobian.:    55904
Number of nonzeros in Lagrangian Hessian.............:    36439

Total number of variables............................:     8718
                     variables with only lower bounds:        0
                variables with lower and upper bounds:     8718
                     variables with only upper bounds:        0
Total number of equality constraints.................:     8041
Total number of inequality constraints...............:    13976
        inequality constraints with only lower bounds:        0
   inequality constraints with lower and upper bounds:        0
        inequality constraints with only upper bounds:    13976

iter    objective    inf_pr   inf_du lg(mu)  ||d||  lg(rg) alpha_du alpha_pr  ls
   0  8.2224698e+05 2.89e+01 2.10e+02  -6.0 0.00e+00    -  0.00e+00 0.00e+00   0
   1  8.1872319e+05 2.64e+01 1.92e+02  -6.0 2.20e+01    -  3.22e-02 8.83e-02f  1
   2  8.1872319e+05 2.64e+01 1.92e+02  -6.0 2.01e+01    -  5.56e-02 1.21e-07h  1
   3  8.1212031e+05 2.03e+01 1.48e+02  -6.0 1.98e+01    -  4.45e-07 2.31e-01f  1
   4  8.1212030e+05 2.03e+01 1.48e+02  -6.0 5.35e+01    -  2.23e-01 7.71e-07h  1
   5  8.1212028e+05 2.03e+01 1.48e+02  -6.0 5.02e+01    -  1.54e-02 7.38e-04h  1
   6  8.1207437e+05 2.01e+01 1.47e+02  -6.0 5.26e+01    -  4.13e-07 9.20e-03h  1
   7  8.1124295e+05 1.66e+01 1.24e+02  -6.0 5.34e+01    -  1.54e-02 1.74e-01f  1
   8  8.1118974e+05 1.50e+01 1.12e+02  -6.0 6.09e+01    -  6.05e-01 1.01e-01h  1
   9  8.1160957e+05 8.72e+00 6.88e+01  -6.0 6.17e+01    -  1.00e+00 4.16e-01h  1
iter    objective    inf_pr   inf_du lg(mu)  ||d||  lg(rg) alpha_du alpha_pr  ls
  10  8.1200638e+05 7.97e+00 6.28e+01  -6.0 5.56e+01    -  6.33e-02 8.52e-02h  1
  11  8.1212041e+05 7.78e+00 6.13e+01  -6.0 5.26e+01    -  1.45e-02 2.42e-02h  1
  12r 8.1212041e+05 7.78e+00 9.99e+02   0.9 0.00e+00    -  0.00e+00 1.69e-08R  2
  13r 8.0985632e+05 7.76e+00 9.99e+02   0.9 3.69e+05    -  1.64e-05 1.72e-06f  1
  14r 8.0991173e+05 7.76e+00 9.99e+02   0.9 6.30e+04    -  8.33e-07 2.80e-06f  1
  15r 8.0989494e+05 7.67e+00 9.99e+02   0.9 9.48e+03    -  1.11e-04 1.20e-04f  1
  16  8.0988235e+05 7.66e+00 3.78e+02  -6.0 5.07e+02    -  1.45e-03 1.54e-03h  1
  17  8.0988334e+05 7.66e+00 3.78e+02  -6.0 3.29e+01  -0.7 6.23e-06 1.62e-04h  1
  18  8.0994984e+05 7.58e+00 3.74e+02  -6.0 3.28e+01  -1.1 1.21e-02 1.11e-02h  1
  19  8.1001126e+05 7.50e+00 3.70e+02  -6.0 3.36e+01  -1.6 7.00e-05 9.91e-03h  1
iter    objective    inf_pr   inf_du lg(mu)  ||d||  lg(rg) alpha_du alpha_pr  ls
  20  8.1006789e+05 7.43e+00 3.66e+02  -6.0 4.41e+01  -2.1 4.26e-03 9.79e-03h  1
  21  8.1017074e+05 7.27e+00 3.61e+02  -6.0 6.40e+01    -  9.97e-04 2.06e-02h  1
  22  8.1033609e+05 7.06e+00 3.53e+02  -6.0 5.49e+01    -  6.09e-04 2.93e-02h  1
  23  8.1069832e+05 6.63e+00 3.35e+02  -6.0 5.01e+01    -  2.52e-02 6.14e-02h  1
  24  8.1128492e+05 5.98e+00 2.92e+02  -6.0 4.66e+01    -  2.25e-01 9.71e-02h  1
  25  8.1211287e+05 5.17e+00 2.42e+02  -6.0 4.28e+01    -  3.42e-01 1.37e-01h  1
  26r 8.1211287e+05 5.17e+00 9.99e+02   0.7 0.00e+00    -  0.00e+00 7.55e-08R  2
  27r 8.0984907e+05 5.14e+00 9.99e+02   0.7 1.23e+06    -  1.50e-05 5.74e-07f  1
  28r 8.1210773e+05 5.09e+00 9.99e+02   0.7 6.50e+03    -  8.94e-05 1.04e-04f  1
  29  8.1209418e+05 5.10e+00 3.43e+02  -6.0 7.14e+03    -  4.99e-06 3.65e-04h  1
iter    objective    inf_pr   inf_du lg(mu)  ||d||  lg(rg) alpha_du alpha_pr  ls
  30  8.1209556e+05 5.10e+00 3.43e+02  -6.0 2.47e+01  -1.3 1.07e-06 2.94e-04h  1
  31  8.1204135e+05 5.11e+00 3.43e+02  -6.0 1.03e+04    -  4.24e-05 2.71e-04f  1
  32  8.1198533e+05 5.11e+00 3.42e+02  -6.0 1.40e+03    -  6.49e-04 2.29e-03f  1
  33  8.1198569e+05 5.10e+00 3.45e+02  -6.0 2.75e+01  -0.9 5.10e-03 5.82e-05h  1
  34  8.1199933e+05 5.09e+00 3.50e+02  -6.0 2.76e+01  -0.4 6.37e-03 2.18e-03h  1
  35  8.1204639e+05 5.05e+00 3.47e+02  -6.0 2.64e+01  -1.4 7.56e-03 8.24e-03h  1
  36  8.1207246e+05 5.03e+00 3.45e+02  -6.0 2.54e+01  -1.9 1.46e-02 4.36e-03h  2
  37  8.1208937e+05 5.01e+00 3.43e+02  -6.0 2.53e+01  -1.9 1.11e-02 3.01e-03h  2
  38  8.1209407e+05 5.01e+00 3.42e+02  -6.0 2.53e+01  -2.0 1.69e-02 8.41e-04h  3
  39  8.1210820e+05 5.00e+00 3.41e+02  -6.0 2.57e+01  -1.6 2.26e-03 2.26e-03s 14
iter    objective    inf_pr   inf_du lg(mu)  ||d||  lg(rg) alpha_du alpha_pr  ls
  40r 8.1210820e+05 5.00e+00 9.99e+02   0.7 0.00e+00  -2.0 0.00e+00 0.00e+00R  1
  41r 8.1121664e+05 4.96e+00 9.99e+02   0.7 4.41e+04    -  1.14e-05 5.68e-06f  1
  42r 8.1184914e+05 4.94e+00 9.99e+02   0.7 8.55e+03    -  1.44e-04 7.16e-05f  1
  43r 8.1175075e+05 4.24e+00 9.99e+02   0.7 6.15e+03    -  3.92e-05 1.16e-03f  1
  44  8.1182288e+05 4.18e+00 3.39e+02  -6.0 2.19e+01  -0.7 5.53e-04 1.52e-02h  1
  45  8.1185978e+05 4.15e+00 3.36e+02  -6.0 2.27e+01  -1.2 5.61e-04 6.32e-03h  1
  46  8.1193055e+05 4.10e+00 3.32e+02  -6.0 2.25e+01  -1.7 1.23e-02 1.28e-02h  1
  47  8.1193640e+05 4.09e+00 3.31e+02  -6.0 2.12e+02  -2.1 2.75e-03 1.20e-03h  2
  48  8.1196408e+05 4.07e+00 3.28e+02  -6.0 3.13e+01  -2.2 2.06e-02 5.32e-03h  1
  49  8.1203905e+05 4.01e+00 3.13e+02  -6.0 3.24e+01  -2.2 1.10e-01 1.43e-02h  1
iter    objective    inf_pr   inf_du lg(mu)  ||d||  lg(rg) alpha_du alpha_pr  ls
  50r 8.1203905e+05 4.01e+00 9.99e+02   0.1 0.00e+00  -2.3 0.00e+00 1.26e-07R  2
  51r 8.1114787e+05 3.96e+00 9.98e+02   0.1 7.04e+04    -  1.08e-03 3.78e-06f  1
  52r 8.1201939e+05 3.36e+00 9.97e+02   0.1 5.17e+03    -  4.22e-04 1.15e-03f  1
  53  8.1202596e+05 3.35e+00 3.70e+02  -6.0 2.04e+01  -0.1 1.30e-02 1.28e-03h  1
  54  8.1202615e+05 3.35e+00 4.15e+02  -6.0 2.12e+01  -0.5 1.98e-02 5.31e-05h  1
  55  8.1203105e+05 3.35e+00 4.27e+02  -6.0 2.23e+01  -1.0 1.07e-02 1.53e-03h  1
  56  8.1224616e+05 3.27e+00 4.17e+02  -6.0 2.03e+01  -1.1 6.37e-04 2.40e-02h  1
  57  8.1224917e+05 3.27e+00 4.10e+02  -6.0 2.62e+01  -1.1 1.09e-01 3.19e-04h  1
  58  8.1229135e+05 3.25e+00 4.08e+02  -6.0 3.60e+01  -2.1 5.40e-03 5.87e-03h  1
  59  8.1247190e+05 3.16e+00 3.98e+02  -6.0 4.63e+01    -  3.23e-03 2.86e-02h  1
iter    objective    inf_pr   inf_du lg(mu)  ||d||  lg(rg) alpha_du alpha_pr  ls
  60  8.1272601e+05 3.05e+00 3.87e+02  -6.0 4.06e+01    -  2.64e-03 3.44e-02h  1
  61  8.1389317e+05 2.63e+00 3.43e+02  -6.0 3.67e+01    -  1.80e-02 1.38e-01h  1
  62  8.1393120e+05 2.62e+00 3.41e+02  -6.0 3.17e+01    -  5.40e-03 5.41e-03h  1
  63  8.1406540e+05 2.57e+00 3.30e+02  -6.0 3.15e+01    -  9.42e-02 1.75e-02h  1
  64  8.1426051e+05 2.50e+00 3.21e+02  -6.0 3.09e+01    -  2.91e-02 2.57e-02h  1
  65  8.1522696e+05 2.17e+00 2.85e+02  -6.0 3.23e+01    -  2.65e-02 1.34e-01h  1
  66  8.1548374e+05 2.08e+00 2.76e+02  -6.0 2.89e+01    -  1.09e-03 3.98e-02h  1
  67  8.1636957e+05 1.79e+00 2.39e+02  -6.0 2.79e+01    -  8.51e-02 1.42e-01h  1
  68  8.1704104e+05 1.57e+00 2.05e+02  -6.0 2.36e+01    -  2.58e-01 1.21e-01h  1
  69  8.1873951e+05 1.03e+00 1.36e+02  -6.0 2.20e+01    -  2.89e-01 3.45e-01h  1
iter    objective    inf_pr   inf_du lg(mu)  ||d||  lg(rg) alpha_du alpha_pr  ls
  70r 8.1873951e+05 1.03e+00 9.99e+02  -0.3 0.00e+00    -  0.00e+00 3.85e-07R  2
  71r 8.1214158e+05 1.01e+00 9.99e+02  -0.3 1.41e+05    -  3.94e-05 8.35e-06f  1
  72r 8.1872926e+05 9.99e-01 9.98e+02  -0.3 1.13e+04    -  8.98e-04 1.02e-04f  1
  73r 8.1873909e+05 9.94e-01 9.97e+02  -0.3 1.48e+03    -  1.28e-03 1.28e-03f  1
  74  8.1871971e+05 9.94e-01 3.94e+02  -6.0 1.22e+04    -  1.05e-06 1.17e-04f  1
  75  8.1869157e+05 9.94e-01 3.94e+02  -6.0 4.88e+03    -  1.95e-06 3.96e-04f  1
  76  8.1859615e+05 9.93e-01 3.94e+02  -6.0 3.06e+03    -  1.58e-05 5.32e-04f  2
  77  8.1862813e+05 9.86e-01 3.90e+02  -6.0 4.88e+00  -0.4 2.95e-04 7.46e-03h  1
  78  8.1865060e+05 9.74e-01 3.85e+02  -6.0 6.87e+00  -0.9 2.43e-04 1.17e-02h  1
  79  8.1860475e+05 9.74e-01 3.85e+02  -6.0 2.48e+03    -  8.68e-09 2.14e-05f  1
iter    objective    inf_pr   inf_du lg(mu)  ||d||  lg(rg) alpha_du alpha_pr  ls
  80  8.1865194e+05 9.73e-01 3.84e+02  -6.0 5.29e+01    -  1.02e-02 9.15e-04h  1
  81  8.1862767e+05 9.64e-01 3.81e+02  -6.0 2.56e+01    -  1.47e-02 9.15e-03f  1
  82  8.1873500e+05 9.24e-01 3.65e+02  -6.0 1.87e+01    -  3.11e-02 4.16e-02h  1
  83  8.1873911e+05 9.23e-01 3.66e+02  -6.0 1.64e+01    -  8.15e-03 1.25e-03h  6
  84  8.1873943e+05 9.23e-01 3.66e+02  -6.0 1.53e+01    -  1.23e-02 9.27e-05h 11
  85  8.1873952e+05 9.23e-01 3.65e+02  -6.0 1.55e+01    -  2.98e-02 2.58e-05h 13
  86  8.1875444e+05 9.19e-01 3.63e+02  -6.0 1.54e+01    -  4.39e-03 4.39e-03s 20
  87  8.1921257e+05 7.94e-01 3.59e+02  -6.0 1.53e+01    -  2.35e-01 0.00e+00S 20
  88  8.1975411e+05 6.49e-01 2.94e+02  -6.0 1.26e+01    -  1.62e-01 1.83e-01h  1
  89  8.2121569e+05 2.61e-01 1.19e+02  -6.0 1.07e+01    -  9.25e-03 5.97e-01h  1
iter    objective    inf_pr   inf_du lg(mu)  ||d||  lg(rg) alpha_du alpha_pr  ls
  90  8.2131968e+05 2.35e-01 1.11e+02  -6.0 4.48e+00    -  5.16e-01 1.02e-01h  1
  91  8.2208525e+05 3.96e-02 1.97e+01  -6.0 4.04e+00    -  9.92e-01 8.30e-01h  1
  92  8.2217743e+05 1.71e-02 8.03e+00  -6.0 7.40e-01    -  2.24e-01 5.69e-01h  1
  93  8.2219983e+05 1.16e-02 6.21e+00  -6.0 3.20e-01    -  1.00e+00 3.20e-01h  1
  94  8.2224687e+05 1.07e-04 5.74e-02  -6.0 2.18e-01    -  1.00e+00 9.91e-01h  1
  95  8.2224732e+05 3.63e-07 1.05e-05  -6.0 9.14e-02    -  1.00e+00 1.00e+00h  1
  96  8.2224732e+05 2.18e-09 5.70e-08  -6.0 1.86e-02    -  1.00e+00 1.00e+00h  1
  97  8.2224729e+05 1.00e-07 4.70e-05  -7.0 3.43e-02    -  1.00e+00 1.00e+00h  1
  98  8.2224729e+05 5.59e-11 8.00e-10  -7.0 1.11e-03    -  1.00e+00 1.00e+00h  1

Number of Iterations....: 98

                                   (scaled)                 (unscaled)
Objective...............:   9.2762554996728722e+03    8.2224728749100340e+05
Dual infeasibility......:   8.0030318305226991e-10    7.0938874145753211e-08
Constraint violation....:   2.5083664508111602e-13    5.5924279096508656e-11
Variable bound violation:   1.2866364684782639e-07    1.2866364684782639e-07
Complementarity.........:   9.0933518758463633e-08    8.0603471027502159e-06
Overall NLP error.......:   9.0933518758463633e-08    8.0603471027502159e-06


Number of objective function evaluations             = 175
Number of objective gradient evaluations             = 91
Number of equality constraint evaluations            = 175
Number of inequality constraint evaluations          = 176
Number of equality constraint Jacobian evaluations   = 104
Number of inequality constraint Jacobian evaluations = 104
Number of Lagrangian Hessian evaluations             = 98
Total seconds in IPOPT                               = 24.100

EXIT: Optimal Solution Found.

